ERC report (2026-09-23T17:16:25, Encoding UTF8)
Report includes: Errors, Warnings

***** Sheet /

***** Sheet /AMT102_input/
[missing_power_pin]: Symbol U3 has input power pins in units [ C ] that are not placed
    ; error
    @(137.16 mm, 102.87 mm): Symbol U3 [74LVC2G17]
[missing_unit]: Symbol U3 has unplaced units [ C ]
    ; warning
    @(137.16 mm, 102.87 mm): Symbol U3 [74LVC2G17]

***** Sheet /AMT102_input1/
[missing_power_pin]: Symbol U7 has input power pins in units [ C ] that are not placed
    ; error
    @(137.16 mm, 102.87 mm): Symbol U7 [74LVC2G17]
[missing_unit]: Symbol U7 has unplaced units [ C ]
    ; warning
    @(137.16 mm, 102.87 mm): Symbol U7 [74LVC2G17]

***** Sheet /AMT102_input2/
[missing_power_pin]: Symbol U9 has input power pins in units [ C ] that are not placed
    ; error
    @(137.16 mm, 102.87 mm): Symbol U9 [74LVC2G17]
[missing_unit]: Symbol U9 has unplaced units [ C ]
    ; warning
    @(137.16 mm, 102.87 mm): Symbol U9 [74LVC2G17]

***** Sheet /CAN_interface/

 ** ERC messages: 6  Errors 3  Warnings 3

 ** Ignored checks:
    - Global label only appears once in the schematic
    - Four connection points are joined together
    - SPICE model issue
    - Assigned footprint doesn't match footprint filters
