2026-07-07T15:15:41.188+00:00 BENCH log opened: firmware/logs/accel-step-a1000.log
2026-07-07T15:15:41.189+00:00 BENCH run: steer=315.352deg (315352mdeg) wheel=500.0rpm (500000milli-rpm) rate=50.0Hz duration=6.0s
2026-07-07T15:15:41.189+00:00 CAN id=121 dlc=2 data=0101
2026-07-07T15:15:41.189+00:00 BENCH enable sent
2026-07-07T15:15:41.189+00:00 CAN id=101 dlc=8 data=d8cf040020a10700
2026-07-07T15:15:41.205+00:00 VCP IT_CTRL enable=0
2026-07-07T15:15:41.206+00:00 VCP UNIT_CTRL enable=0
2026-07-07T15:15:41.206+00:00 VCP SET_CONFIG idx=10 val=1000000
2026-07-07T15:15:41.206+00:00 VCP UNIT_CTRL enable=1
2026-07-07T15:15:41.206+00:00 VCP SET_TARGET_RX steer=315352 wheel=500000
2026-07-07T15:15:41.206+00:00 VCP START_CAN: angle=358945 target=315352 wheelTarget=500000
2026-07-07T15:15:41.209+00:00 CAN id=101 dlc=8 data=d8cf040020a10700
2026-07-07T15:15:41.229+00:00 CAN id=101 dlc=8 data=d8cf040020a10700
2026-07-07T15:15:41.250+00:00 CAN id=101 dlc=8 data=d8cf040020a10700
2026-07-07T15:15:41.269+00:00 CAN id=101 dlc=8 data=d8cf040020a10700
2026-07-07T15:15:41.289+00:00 CAN id=101 dlc=8 data=d8cf040020a10700
2026-07-07T15:15:41.305+00:00 VCP run=1 step=0 angle=358945 target=315352 err=-43593 steer=-250 m1=115/344 i1=-88 t1=29 m2=0/-3094 i2=-111 t2=28 steerMode=-1375/605 iSteer=-99310 driveMode=1719/605 iDrive=11246 scale=0 wheel=5000
2026-07-07T15:15:41.309+00:00 CAN id=101 dlc=8 data=d8cf040020a10700
2026-07-07T15:15:41.329+00:00 CAN id=101 dlc=8 data=d8cf040020a10700
2026-07-07T15:15:41.350+00:00 CAN id=101 dlc=8 data=d8cf040020a10700
2026-07-07T15:15:41.370+00:00 CAN id=101 dlc=8 data=d8cf040020a10700
2026-07-07T15:15:41.390+00:00 CAN id=101 dlc=8 data=d8cf040020a10700
2026-07-07T15:15:41.409+00:00 VCP run=1 step=0 angle=358945 target=315352 err=-43593 steer=-4650 m1=0/6394 i1=-797 t1=29 m2=-316/-57544 i2=-1413 t2=28 steerMode=-25575/-4185 iSteer=-1105134 driveMode=31969/4071 iDrive=307678 scale=0 wheel=93000
2026-07-07T15:15:41.409+00:00 CAN id=101 dlc=8 data=d8cf040020a10700
2026-07-07T15:15:41.429+00:00 CAN id=101 dlc=8 data=d8cf040020a10700
2026-07-07T15:15:41.449+00:00 CAN id=101 dlc=8 data=d8cf040020a10700
2026-07-07T15:15:41.470+00:00 CAN id=101 dlc=8 data=d8cf040020a10700
2026-07-07T15:15:41.490+00:00 CAN id=101 dlc=8 data=d8cf040020a10700
2026-07-07T15:15:41.509+00:00 CAN id=101 dlc=8 data=d8cf040020a10700
2026-07-07T15:15:41.513+00:00 VCP run=1 step=0 angle=349189 target=315352 err=-33837 steer=-5000 m1=23/36094 i1=606 t1=29 m2=-1233/-91094 i2=-550 t2=28 steerMode=-27500/-29278 iSteer=28385 driveMode=63594/30609 iDrive=577951 scale=0 wheel=185000
2026-07-07T15:15:41.529+00:00 CAN id=101 dlc=8 data=d8cf040020a10700
2026-07-07T15:15:41.549+00:00 CAN id=101 dlc=8 data=d8cf040020a10700
2026-07-07T15:15:41.569+00:00 CAN id=101 dlc=8 data=d8cf040020a10700
2026-07-07T15:15:41.589+00:00 CAN id=101 dlc=8 data=d8cf040020a10700
2026-07-07T15:15:41.609+00:00 CAN id=101 dlc=8 data=d8cf040020a10700
2026-07-07T15:15:41.629+00:00 CAN id=101 dlc=8 data=d8cf040020a10700
2026-07-07T15:15:41.649+00:00 CAN id=101 dlc=8 data=d8cf040020a10700
2026-07-07T15:15:41.669+00:00 CAN id=101 dlc=8 data=d8cf040020a10700
2026-07-07T15:15:41.689+00:00 CAN id=101 dlc=8 data=d8cf040020a10700
2026-07-07T15:15:41.693+00:00 VCP run=1 step=0 angle=334951 target=315352 err=-19599 steer=-5000 m1=546/67719 i1=799 t1=29 m2=-1553/-122719 i2=-759 t2=28 steerMode=-27500/-28866 iSteer=19869 driveMode=95219/49745 iDrive=779268 scale=0 wheel=277000
2026-07-07T15:15:41.693+00:00 VCP run=1 step=0 angle=323262 target=315352 err=-7910 steer=-4150 m1=1243/104019 i1=982 t1=29 m2=-2281/-149669 i2=-661 t2=28 steerMode=-22825/-27003 iSteer=160463 driveMode=126844/85213 iDrive=821187 scale=0 wheel=369000
2026-07-07T15:15:41.709+00:00 CAN id=101 dlc=8 data=d8cf040020a10700
2026-07-07T15:15:41.729+00:00 CAN id=101 dlc=8 data=d8cf040020a10700
2026-07-07T15:15:41.750+00:00 CAN id=101 dlc=8 data=d8cf040020a10700
2026-07-07T15:15:41.769+00:00 CAN id=101 dlc=8 data=d8cf040020a10700
2026-07-07T15:15:41.789+00:00 CAN id=101 dlc=8 data=d8cf040020a10700
2026-07-07T15:15:41.798+00:00 VCP SET_TARGET_RX steer=315352 wheel=500000
2026-07-07T15:15:41.798+00:00 VCP run=1 step=0 angle=315703 target=315352 err=-351 steer=0 m1=2435/158469 i1=1156 t1=29 m2=-2455/-158469 i2=-526 t2=28 steerMode=0/-6752 iSteer=314984 driveMode=158469/121989 iDrive=840607 scale=0 wheel=461000
2026-07-07T15:15:41.809+00:00 CAN id=101 dlc=8 data=d8cf040020a10700
2026-07-07T15:15:41.829+00:00 CAN id=101 dlc=8 data=d8cf040020a10700
2026-07-07T15:15:41.850+00:00 CAN id=101 dlc=8 data=d8cf040020a10700
2026-07-07T15:15:41.870+00:00 CAN id=101 dlc=8 data=d8cf040020a10700
2026-07-07T15:15:41.889+00:00 CAN id=101 dlc=8 data=d8cf040020a10700
2026-07-07T15:15:41.901+00:00 VCP run=1 step=0 angle=316406 target=315352 err=-1054 steer=-527 m1=3051/168976 i1=573 t1=29 m2=-3204/-174774 i2=-756 t2=28 steerMode=-2899/-1669 iSteer=-91459 driveMode=171875/158200 iDrive=664894 scale=0 wheel=500000
2026-07-07T15:15:41.909+00:00 CAN id=101 dlc=8 data=d8cf040020a10700
2026-07-07T15:15:41.929+00:00 CAN id=101 dlc=8 data=d8cf040020a10700
2026-07-07T15:15:41.949+00:00 CAN id=101 dlc=8 data=d8cf040020a10700
2026-07-07T15:15:41.970+00:00 CAN id=101 dlc=8 data=d8cf040020a10700
2026-07-07T15:15:41.990+00:00 CAN id=101 dlc=8 data=d8cf040020a10700
2026-07-07T15:15:42.005+00:00 VCP run=1 step=0 angle=315439 target=315352 err=-87 steer=0 m1=3542/171875 i1=392 t1=29 m2=-3474/-171875 i2=-472 t2=28 steerMode=0/306 iSteer=-39999 driveMode=171875/181504 iDrive=432335 scale=0 wheel=500000
2026-07-07T15:15:42.009+00:00 CAN id=101 dlc=8 data=d8cf040020a10700
2026-07-07T15:15:42.029+00:00 CAN id=101 dlc=8 data=d8cf040020a10700
2026-07-07T15:15:42.049+00:00 CAN id=101 dlc=8 data=d8cf040020a10700
2026-07-07T15:15:42.070+00:00 CAN id=101 dlc=8 data=d8cf040020a10700
2026-07-07T15:15:42.090+00:00 CAN id=101 dlc=8 data=d8cf040020a10700
2026-07-07T15:15:42.109+00:00 VCP run=1 step=0 angle=315879 target=315352 err=-527 steer=-113 m1=3712/171251 i1=243 t1=29 m2=-3769/-172499 i2=-291 t2=28 steerMode=-624/-666 iSteer=-24243 driveMode=171875/194847 iDrive=267135 scale=0 wheel=500000
2026-07-07T15:15:42.109+00:00 CAN id=101 dlc=8 data=d8cf040020a10700
2026-07-07T15:15:42.129+00:00 CAN id=101 dlc=8 data=d8cf040020a10700
2026-07-07T15:15:42.150+00:00 CAN id=101 dlc=8 data=d8cf040020a10700
2026-07-07T15:15:42.170+00:00 CAN id=101 dlc=8 data=d8cf040020a10700
2026-07-07T15:15:42.189+00:00 CAN id=101 dlc=8 data=d8cf040020a10700
2026-07-07T15:15:42.209+00:00 CAN id=101 dlc=8 data=d8cf040020a10700
2026-07-07T15:15:42.210+00:00 VCP run=1 step=0 angle=315264 target=315352 err=88 steer=0 m1=3779/171875 i1=114 t1=29 m2=-3753/-171875 i2=-254 t2=28 steerMode=0/890 iSteer=-69951 driveMode=171875/198446 iDrive=183667 scale=0 wheel=500000
2026-07-07T15:15:42.210+00:00 VCP SET_TARGET_RX steer=315352 wheel=500000
2026-07-07T15:15:42.229+00:00 CAN id=101 dlc=8 data=d8cf040020a10700
2026-07-07T15:15:42.249+00:00 CAN id=101 dlc=8 data=d8cf040020a10700
2026-07-07T15:15:42.269+00:00 CAN id=101 dlc=8 data=d8cf040020a10700
2026-07-07T15:15:42.290+00:00 CAN id=101 dlc=8 data=d8cf040020a10700
2026-07-07T15:15:42.309+00:00 CAN id=101 dlc=8 data=d8cf040020a10700
2026-07-07T15:15:42.329+00:00 CAN id=101 dlc=8 data=d8cf040020a10700
2026-07-07T15:15:42.349+00:00 CAN id=101 dlc=8 data=d8cf040020a10700
2026-07-07T15:15:42.369+00:00 CAN id=101 dlc=8 data=d8cf040020a10700
2026-07-07T15:15:42.390+00:00 CAN id=101 dlc=8 data=d8cf040020a10700
2026-07-07T15:15:42.396+00:00 VCP run=1 step=0 angle=315703 target=315352 err=-351 steer=0 m1=3712/171875 i1=123 t1=29 m2=-3721/-171875 i2=-185 t2=28 steerMode=0/99 iSteer=-31368 driveMode=171875/196580 iDrive=153980 scale=0 wheel=500000
2026-07-07T15:15:42.396+00:00 VCP run=1 step=0 angle=315703 target=315352 err=-351 steer=0 m1=3697/171875 i1=104 t1=29 m2=-3700/-171875 i2=-146 t2=28 steerMode=0/-118 iSteer=-20666 driveMode=171875/195035 iDrive=124963 scale=0 wheel=500000
2026-07-07T15:15:42.409+00:00 CAN id=101 dlc=8 data=d8cf040020a10700
2026-07-07T15:15:42.429+00:00 CAN id=101 dlc=8 data=d8cf040020a10700
2026-07-07T15:15:42.449+00:00 CAN id=101 dlc=8 data=d8cf040020a10700
2026-07-07T15:15:42.469+00:00 CAN id=101 dlc=8 data=d8cf040020a10700
2026-07-07T15:15:42.489+00:00 CAN id=101 dlc=8 data=d8cf040020a10700
2026-07-07T15:15:42.501+00:00 VCP run=1 step=0 angle=315352 target=315352 err=0 steer=0 m1=3634/171875 i1=76 t1=29 m2=-3625/-171875 i2=-170 t2=28 steerMode=0/399 iSteer=-47303 driveMode=171875/191246 iDrive=123138 scale=0 wheel=500000
2026-07-07T15:15:42.509+00:00 CAN id=101 dlc=8 data=d8cf040020a10700
2026-07-07T15:15:42.529+00:00 CAN id=101 dlc=8 data=d8cf040020a10700
2026-07-07T15:15:42.549+00:00 CAN id=101 dlc=8 data=d8cf040020a10700
2026-07-07T15:15:42.569+00:00 CAN id=101 dlc=8 data=d8cf040020a10700
2026-07-07T15:15:42.589+00:00 CAN id=101 dlc=8 data=d8cf040020a10700
2026-07-07T15:15:42.606+00:00 VCP run=1 step=0 angle=315352 target=315352 err=0 steer=0 m1=3542/171875 i1=103 t1=29 m2=-3537/-171875 i2=-166 t2=28 steerMode=0/94 iSteer=-31659 driveMode=171875/186914 iDrive=134292 scale=0 wheel=500000
2026-07-07T15:15:42.609+00:00 CAN id=101 dlc=8 data=d8cf040020a10700
2026-07-07T15:15:42.629+00:00 CAN id=101 dlc=8 data=d8cf040020a10700
2026-07-07T15:15:42.649+00:00 CAN id=101 dlc=8 data=d8cf040020a10700
2026-07-07T15:15:42.669+00:00 CAN id=101 dlc=8 data=d8cf040020a10700
2026-07-07T15:15:42.689+00:00 CAN id=101 dlc=8 data=d8cf040020a10700
2026-07-07T15:15:42.706+00:00 VCP run=1 step=0 angle=315527 target=315352 err=-175 steer=0 m1=3488/171875 i1=120 t1=29 m2=-3489/-171875 i2=-167 t2=28 steerMode=0/-89 iSteer=-23398 driveMode=171875/183579 iDrive=143614 scale=0 wheel=500000
2026-07-07T15:15:42.706+00:00 VCP SET_TARGET_RX steer=315352 wheel=500000
2026-07-07T15:15:42.709+00:00 CAN id=101 dlc=8 data=d8cf040020a10700
2026-07-07T15:15:42.729+00:00 CAN id=101 dlc=8 data=d8cf040020a10700
2026-07-07T15:15:42.750+00:00 CAN id=101 dlc=8 data=d8cf040020a10700
2026-07-07T15:15:42.770+00:00 CAN id=101 dlc=8 data=d8cf040020a10700
2026-07-07T15:15:42.789+00:00 CAN id=101 dlc=8 data=d8cf040020a10700
2026-07-07T15:15:42.809+00:00 CAN id=101 dlc=8 data=d8cf040020a10700
2026-07-07T15:15:42.811+00:00 VCP run=1 step=0 angle=315088 target=315352 err=264 steer=0 m1=3440/171875 i1=98 t1=29 m2=-3449/-171875 i2=-184 t2=28 steerMode=0/320 iSteer=-43146 driveMode=171875/181755 iDrive=141345 scale=0 wheel=500000
2026-07-07T15:15:42.829+00:00 CAN id=101 dlc=8 data=d8cf040020a10700
2026-07-07T15:15:42.850+00:00 CAN id=101 dlc=8 data=d8cf040020a10700
2026-07-07T15:15:42.870+00:00 CAN id=101 dlc=8 data=d8cf040020a10700
2026-07-07T15:15:42.890+00:00 CAN id=101 dlc=8 data=d8cf040020a10700
2026-07-07T15:15:42.909+00:00 CAN id=101 dlc=8 data=d8cf040020a10700
2026-07-07T15:15:42.929+00:00 CAN id=101 dlc=8 data=d8cf040020a10700
2026-07-07T15:15:42.949+00:00 CAN id=101 dlc=8 data=d8cf040020a10700
2026-07-07T15:15:42.969+00:00 CAN id=101 dlc=8 data=d8cf040020a10700
2026-07-07T15:15:42.989+00:00 CAN id=101 dlc=8 data=d8cf040020a10700
2026-07-07T15:15:42.997+00:00 VCP run=1 step=0 angle=315527 target=315352 err=-175 steer=0 m1=3371/171875 i1=147 t1=29 m2=-3384/-171875 i2=-174 t2=28 steerMode=0/-292 iSteer=-13627 driveMode=171875/178341 iDrive=160797 scale=0 wheel=500000
2026-07-07T15:15:42.997+00:00 VCP run=1 step=0 angle=315615 target=315352 err=-263 steer=0 m1=3358/171875 i1=155 t1=29 m2=-3351/-171875 i2=-181 t2=28 steerMode=0/-309 iSteer=-13174 driveMode=171875/176701 iDrive=167759 scale=0 wheel=500000
2026-07-07T15:15:43.009+00:00 CAN id=101 dlc=8 data=d8cf040020a10700
2026-07-07T15:15:43.029+00:00 CAN id=101 dlc=8 data=d8cf040020a10700
2026-07-07T15:15:43.049+00:00 CAN id=101 dlc=8 data=d8cf040020a10700
2026-07-07T15:15:43.070+00:00 CAN id=101 dlc=8 data=d8cf040020a10700
2026-07-07T15:15:43.089+00:00 CAN id=101 dlc=8 data=d8cf040020a10700
2026-07-07T15:15:43.101+00:00 VCP run=1 step=0 angle=315527 target=315352 err=-175 steer=0 m1=3344/171875 i1=133 t1=29 m2=-3353/-171875 i2=-193 t2=28 steerMode=0/36 iSteer=-29854 driveMode=171875/176257 iDrive=163292 scale=0 wheel=500000
2026-07-07T15:15:43.109+00:00 CAN id=101 dlc=8 data=d8cf040020a10700
2026-07-07T15:15:43.129+00:00 CAN id=101 dlc=8 data=d8cf040020a10700
2026-07-07T15:15:43.149+00:00 CAN id=101 dlc=8 data=d8cf040020a10700
2026-07-07T15:15:43.169+00:00 CAN id=101 dlc=8 data=d8cf040020a10700
2026-07-07T15:15:43.190+00:00 CAN id=101 dlc=8 data=d8cf040020a10700
2026-07-07T15:15:43.202+00:00 VCP run=1 step=0 angle=315615 target=315352 err=-263 steer=0 m1=3302/171875 i1=151 t1=29 m2=-3319/-171875 i2=-217 t2=28 steerMode=0/56 iSteer=-32764 driveMode=171875/173667 iDrive=183741 scale=0 wheel=500000
2026-07-07T15:15:43.202+00:00 VCP SET_TARGET_RX steer=315352 wheel=500000
2026-07-07T15:15:43.209+00:00 CAN id=101 dlc=8 data=d8cf040020a10700
2026-07-07T15:15:43.229+00:00 CAN id=101 dlc=8 data=d8cf040020a10700
2026-07-07T15:15:43.249+00:00 CAN id=101 dlc=8 data=d8cf040020a10700
2026-07-07T15:15:43.269+00:00 CAN id=101 dlc=8 data=d8cf040020a10700
2026-07-07T15:15:43.290+00:00 CAN id=101 dlc=8 data=d8cf040020a10700
2026-07-07T15:15:43.307+00:00 VCP run=1 step=0 angle=315439 target=315352 err=-87 steer=0 m1=3274/171875 i1=137 t1=29 m2=-3263/-171875 i2=-259 t2=28 steerMode=0/626 iSteer=-61010 driveMode=171875/172084 iDrive=197913 scale=0 wheel=500000
2026-07-07T15:15:43.309+00:00 CAN id=101 dlc=8 data=d8cf040020a10700
2026-07-07T15:15:43.329+00:00 CAN id=101 dlc=8 data=d8cf040020a10700
2026-07-07T15:15:43.350+00:00 CAN id=101 dlc=8 data=d8cf040020a10700
2026-07-07T15:15:43.369+00:00 CAN id=101 dlc=8 data=d8cf040020a10700
2026-07-07T15:15:43.389+00:00 CAN id=101 dlc=8 data=d8cf040020a10700
2026-07-07T15:15:43.409+00:00 CAN id=101 dlc=8 data=d8cf040020a10700
2026-07-07T15:15:43.429+00:00 CAN id=101 dlc=8 data=d8cf040020a10700
2026-07-07T15:15:43.449+00:00 CAN id=101 dlc=8 data=d8cf040020a10700
2026-07-07T15:15:43.469+00:00 CAN id=101 dlc=8 data=d8cf040020a10700
2026-07-07T15:15:43.489+00:00 CAN id=101 dlc=8 data=d8cf040020a10700
2026-07-07T15:15:43.493+00:00 VCP run=1 step=0 angle=315615 target=315352 err=-263 steer=0 m1=3308/171875 i1=177 t1=29 m2=-3298/-171875 i2=-196 t2=28 steerMode=0/-401 iSteer=-9898 driveMode=171875/173219 iDrive=186559 scale=0 wheel=500000
2026-07-07T15:15:43.493+00:00 VCP run=1 step=0 angle=315264 target=315352 err=88 steer=0 m1=3306/171875 i1=129 t1=29 m2=-3296/-171875 i2=-242 t2=28 steerMode=0/519 iSteer=-56323 driveMode=171875/173348 iDrive=185269 scale=0 wheel=500000
2026-07-07T15:15:43.509+00:00 CAN id=101 dlc=8 data=d8cf040020a10700
2026-07-07T15:15:43.529+00:00 CAN id=101 dlc=8 data=d8cf040020a10700
2026-07-07T15:15:43.549+00:00 CAN id=101 dlc=8 data=d8cf040020a10700
2026-07-07T15:15:43.569+00:00 CAN id=101 dlc=8 data=d8cf040020a10700
2026-07-07T15:15:43.589+00:00 CAN id=101 dlc=8 data=d8cf040020a10700
2026-07-07T15:15:43.597+00:00 VCP run=1 step=0 angle=315615 target=315352 err=-263 steer=0 m1=3260/171875 i1=177 t1=29 m2=-3255/-171875 i2=-219 t2=28 steerMode=0/-203 iSteer=-20751 driveMode=171875/172059 iDrive=198156 scale=0 wheel=500000
2026-07-07T15:15:43.609+00:00 CAN id=101 dlc=8 data=d8cf040020a10700
2026-07-07T15:15:43.629+00:00 CAN id=101 dlc=8 data=d8cf040020a10700
2026-07-07T15:15:43.649+00:00 CAN id=101 dlc=8 data=d8cf040020a10700
2026-07-07T15:15:43.669+00:00 CAN id=101 dlc=8 data=d8cf040020a10700
2026-07-07T15:15:43.689+00:00 CAN id=101 dlc=8 data=d8cf040020a10700
2026-07-07T15:15:43.698+00:00 VCP run=1 step=0 angle=315791 target=315352 err=-439 steer=-213 m1=3235/170701 i1=140 t1=29 m2=-3317/-173049 i2=-261 t2=28 steerMode=-1174/-613 iSteer=-60416 driveMode=171875/171873 iDrive=200750 scale=0 wheel=500000
2026-07-07T15:15:43.698+00:00 VCP SET_TARGET_RX steer=315352 wheel=500000
2026-07-07T15:15:43.709+00:00 CAN id=101 dlc=8 data=d8cf040020a10700
2026-07-07T15:15:43.730+00:00 CAN id=101 dlc=8 data=d8cf040020a10700
2026-07-07T15:15:43.750+00:00 CAN id=101 dlc=8 data=d8cf040020a10700
2026-07-07T15:15:43.769+00:00 CAN id=101 dlc=8 data=d8cf040020a10700
2026-07-07T15:15:43.790+00:00 CAN id=101 dlc=8 data=d8cf040020a10700
2026-07-07T15:15:43.802+00:00 VCP run=1 step=0 angle=315352 target=315352 err=0 steer=0 m1=3293/171875 i1=143 t1=29 m2=-3265/-171875 i2=-233 t2=28 steerMode=0/304 iSteer=-45354 driveMode=171875/173068 iDrive=188072 scale=0 wheel=500000
2026-07-07T15:15:43.809+00:00 CAN id=101 dlc=8 data=d8cf040020a10700
2026-07-07T15:15:43.829+00:00 CAN id=101 dlc=8 data=d8cf040020a10700
2026-07-07T15:15:43.850+00:00 CAN id=101 dlc=8 data=d8cf040020a10700
2026-07-07T15:15:43.870+00:00 CAN id=101 dlc=8 data=d8cf040020a10700
2026-07-07T15:15:43.889+00:00 CAN id=101 dlc=8 data=d8cf040020a10700
2026-07-07T15:15:43.906+00:00 VCP run=1 step=0 angle=315352 target=315352 err=0 steer=0 m1=3268/171875 i1=172 t1=29 m2=-3278/-171875 i2=-224 t2=28 steerMode=0/-123 iSteer=-25956 driveMode=171875/172057 iDrive=198176 scale=0 wheel=500000
2026-07-07T15:15:43.909+00:00 CAN id=101 dlc=8 data=d8cf040020a10700
2026-07-07T15:15:43.929+00:00 CAN id=101 dlc=8 data=d8cf040020a10700
2026-07-07T15:15:43.950+00:00 CAN id=101 dlc=8 data=d8cf040020a10700
2026-07-07T15:15:43.969+00:00 CAN id=101 dlc=8 data=d8cf040020a10700
2026-07-07T15:15:43.989+00:00 CAN id=101 dlc=8 data=d8cf040020a10700
2026-07-07T15:15:44.009+00:00 CAN id=101 dlc=8 data=d8cf040020a10700
2026-07-07T15:15:44.029+00:00 CAN id=101 dlc=8 data=d8cf040020a10700
2026-07-07T15:15:44.049+00:00 CAN id=101 dlc=8 data=d8cf040020a10700
2026-07-07T15:15:44.069+00:00 CAN id=101 dlc=8 data=d8cf040020a10700
2026-07-07T15:15:44.089+00:00 CAN id=101 dlc=8 data=d8cf040020a10700
2026-07-07T15:15:44.093+00:00 VCP run=1 step=0 angle=315352 target=315352 err=0 steer=0 m1=3277/171875 i1=141 t1=29 m2=-3232/-171875 i2=-264 t2=28 steerMode=0/599 iSteer=-61487 driveMode=171875/171638 iDrive=202414 scale=0 wheel=500000
2026-07-07T15:15:44.093+00:00 VCP run=1 step=0 angle=315264 target=315352 err=88 steer=0 m1=3283/171875 i1=174 t1=29 m2=-3309/-171875 i2=-204 t2=28 steerMode=0/-327 iSteer=-15080 driveMode=171875/172980 iDrive=188952 scale=0 wheel=500000
2026-07-07T15:15:44.109+00:00 CAN id=101 dlc=8 data=d8cf040020a10700
2026-07-07T15:15:44.129+00:00 CAN id=101 dlc=8 data=d8cf040020a10700
2026-07-07T15:15:44.149+00:00 CAN id=101 dlc=8 data=d8cf040020a10700
2026-07-07T15:15:44.169+00:00 CAN id=101 dlc=8 data=d8cf040020a10700
2026-07-07T15:15:44.189+00:00 CAN id=101 dlc=8 data=d8cf040020a10700
2026-07-07T15:15:44.195+00:00 VCP run=1 step=0 angle=315176 target=315352 err=176 steer=0 m1=3293/171875 i1=137 t1=29 m2=-3290/-171875 i2=-231 t2=28 steerMode=0/302 iSteer=-46800 driveMode=171875/173485 iDrive=183903 scale=0 wheel=500000
2026-07-07T15:15:44.195+00:00 VCP SET_TARGET_RX steer=315352 wheel=500000
2026-07-07T15:15:44.209+00:00 CAN id=101 dlc=8 data=d8cf040020a10700
2026-07-07T15:15:44.229+00:00 CAN id=101 dlc=8 data=d8cf040020a10700
2026-07-07T15:15:44.249+00:00 CAN id=101 dlc=8 data=d8cf040020a10700
2026-07-07T15:15:44.270+00:00 CAN id=101 dlc=8 data=d8cf040020a10700
2026-07-07T15:15:44.290+00:00 CAN id=101 dlc=8 data=d8cf040020a10700
2026-07-07T15:15:44.298+00:00 VCP run=1 step=0 angle=315264 target=315352 err=88 steer=0 m1=3262/171875 i1=167 t1=29 m2=-3244/-171875 i2=-230 t2=28 steerMode=0/-20 iSteer=-31127 driveMode=171875/172032 iDrive=198427 scale=0 wheel=500000
2026-07-07T15:15:44.309+00:00 CAN id=101 dlc=8 data=d8cf040020a10700
2026-07-07T15:15:44.330+00:00 CAN id=101 dlc=8 data=d8cf040020a10700
2026-07-07T15:15:44.349+00:00 CAN id=101 dlc=8 data=d8cf040020a10700
2026-07-07T15:15:44.369+00:00 CAN id=101 dlc=8 data=d8cf040020a10700
2026-07-07T15:15:44.389+00:00 CAN id=101 dlc=8 data=d8cf040020a10700
2026-07-07T15:15:44.403+00:00 VCP run=1 step=0 angle=315527 target=315352 err=-175 steer=0 m1=3254/171875 i1=188 t1=29 m2=-3307/-171875 i2=-207 t2=28 steerMode=0/-472 iSteer=-9260 driveMode=171875/172171 iDrive=197471 scale=0 wheel=500000
2026-07-07T15:15:44.409+00:00 CAN id=101 dlc=8 data=d8cf040020a10700
2026-07-07T15:15:44.430+00:00 CAN id=101 dlc=8 data=d8cf040020a10700
2026-07-07T15:15:44.449+00:00 CAN id=101 dlc=8 data=d8cf040020a10700
2026-07-07T15:15:44.469+00:00 CAN id=101 dlc=8 data=d8cf040020a10700
2026-07-07T15:15:44.490+00:00 CAN id=101 dlc=8 data=d8cf040020a10700
2026-07-07T15:15:44.507+00:00 VCP run=1 step=0 angle=315176 target=315352 err=176 steer=0 m1=3291/171875 i1=126 t1=29 m2=-3261/-171875 i2=-247 t2=28 steerMode=0/556 iSteer=-60164 driveMode=171875/173229 iDrive=186456 scale=0 wheel=500000
2026-07-07T15:15:44.509+00:00 CAN id=101 dlc=8 data=d8cf040020a10700
2026-07-07T15:15:44.530+00:00 CAN id=101 dlc=8 data=d8cf040020a10700
2026-07-07T15:15:44.549+00:00 CAN id=101 dlc=8 data=d8cf040020a10700
2026-07-07T15:15:44.569+00:00 CAN id=101 dlc=8 data=d8cf040020a10700
2026-07-07T15:15:44.589+00:00 CAN id=101 dlc=8 data=d8cf040020a10700
2026-07-07T15:15:44.609+00:00 CAN id=101 dlc=8 data=d8cf040020a10700
2026-07-07T15:15:44.629+00:00 CAN id=101 dlc=8 data=d8cf040020a10700
2026-07-07T15:15:44.649+00:00 CAN id=101 dlc=8 data=d8cf040020a10700
2026-07-07T15:15:44.669+00:00 CAN id=101 dlc=8 data=d8cf040020a10700
2026-07-07T15:15:44.690+00:00 CAN id=101 dlc=8 data=d8cf040020a10700
2026-07-07T15:15:44.691+00:00 VCP run=1 step=0 angle=315264 target=315352 err=88 steer=0 m1=3254/171875 i1=164 t1=29 m2=-3261/-171875 i2=-242 t2=28 steerMode=0/91 iSteer=-38691 driveMode=171875/171587 iDrive=202960 scale=0 wheel=500000
2026-07-07T15:15:44.691+00:00 VCP run=1 step=0 angle=315264 target=315352 err=88 steer=0 m1=3268/171875 i1=150 t1=29 m2=-3223/-171875 i2=-258 t2=28 steerMode=0/416 iSteer=-54109 driveMode=171875/171497 iDrive=204169 scale=0 wheel=500000
2026-07-07T15:15:44.709+00:00 CAN id=101 dlc=8 data=d8cf040020a10700
2026-07-07T15:15:44.729+00:00 CAN id=101 dlc=8 data=d8cf040020a10700
2026-07-07T15:15:44.750+00:00 CAN id=101 dlc=8 data=d8cf040020a10700
2026-07-07T15:15:44.769+00:00 CAN id=101 dlc=8 data=d8cf040020a10700
2026-07-07T15:15:44.789+00:00 CAN id=101 dlc=8 data=d8cf040020a10700
2026-07-07T15:15:44.795+00:00 VCP SET_TARGET_RX steer=315352 wheel=500000
2026-07-07T15:15:44.795+00:00 VCP run=1 step=0 angle=315527 target=315352 err=-175 steer=0 m1=3272/171875 i1=178 t1=29 m2=-3290/-171875 i2=-204 t2=28 steerMode=0/-401 iSteer=-13406 driveMode=171875/172805 iDrive=190976 scale=0 wheel=500000
2026-07-07T15:15:44.809+00:00 CAN id=101 dlc=8 data=d8cf040020a10700
2026-07-07T15:15:44.829+00:00 CAN id=101 dlc=8 data=d8cf040020a10700
2026-07-07T15:15:44.850+00:00 CAN id=101 dlc=8 data=d8cf040020a10700
2026-07-07T15:15:44.869+00:00 CAN id=101 dlc=8 data=d8cf040020a10700
2026-07-07T15:15:44.889+00:00 CAN id=101 dlc=8 data=d8cf040020a10700
2026-07-07T15:15:44.900+00:00 VCP run=1 step=0 angle=315264 target=315352 err=88 steer=0 m1=3295/171875 i1=143 t1=29 m2=-3292/-171875 i2=-237 t2=28 steerMode=0/255 iSteer=-46734 driveMode=171875/172889 iDrive=189862 scale=0 wheel=500000
2026-07-07T15:15:44.909+00:00 CAN id=101 dlc=8 data=d8cf040020a10700
2026-07-07T15:15:44.929+00:00 CAN id=101 dlc=8 data=d8cf040020a10700
2026-07-07T15:15:44.950+00:00 CAN id=101 dlc=8 data=d8cf040020a10700
2026-07-07T15:15:44.969+00:00 CAN id=101 dlc=8 data=d8cf040020a10700
2026-07-07T15:15:44.990+00:00 CAN id=101 dlc=8 data=d8cf040020a10700
2026-07-07T15:15:45.004+00:00 VCP run=1 step=0 angle=315352 target=315352 err=0 steer=0 m1=3260/171875 i1=175 t1=29 m2=-3250/-171875 i2=-226 t2=28 steerMode=0/-168 iSteer=-25207 driveMode=171875/171840 iDrive=200350 scale=0 wheel=500000
2026-07-07T15:15:45.009+00:00 CAN id=101 dlc=8 data=d8cf040020a10700
2026-07-07T15:15:45.029+00:00 CAN id=101 dlc=8 data=d8cf040020a10700
2026-07-07T15:15:45.049+00:00 CAN id=101 dlc=8 data=d8cf040020a10700
2026-07-07T15:15:45.069+00:00 CAN id=101 dlc=8 data=d8cf040020a10700
2026-07-07T15:15:45.090+00:00 CAN id=101 dlc=8 data=d8cf040020a10700
2026-07-07T15:15:45.108+00:00 VCP run=1 step=0 angle=315527 target=315352 err=-175 steer=0 m1=3251/171875 i1=181 t1=29 m2=-3307/-171875 i2=-222 t2=28 steerMode=0/-282 iSteer=-20396 driveMode=171875/171783 iDrive=201852 scale=0 wheel=500000
2026-07-07T15:15:45.109+00:00 CAN id=101 dlc=8 data=d8cf040020a10700
2026-07-07T15:15:45.129+00:00 CAN id=101 dlc=8 data=d8cf040020a10700
2026-07-07T15:15:45.149+00:00 CAN id=101 dlc=8 data=d8cf040020a10700
2026-07-07T15:15:45.169+00:00 CAN id=101 dlc=8 data=d8cf040020a10700
2026-07-07T15:15:45.190+00:00 CAN id=101 dlc=8 data=d8cf040020a10700
2026-07-07T15:15:45.209+00:00 CAN id=101 dlc=8 data=d8cf040020a10700
2026-07-07T15:15:45.210+00:00 VCP run=1 step=0 angle=315088 target=315352 err=264 steer=0 m1=3304/171875 i1=139 t1=29 m2=-3282/-171875 i2=-234 t2=28 steerMode=0/282 iSteer=-47330 driveMode=171875/173250 iDrive=186250 scale=0 wheel=500000
2026-07-07T15:15:45.210+00:00 VCP SET_TARGET_RX steer=315352 wheel=500000
2026-07-07T15:15:45.230+00:00 CAN id=101 dlc=8 data=d8cf040020a10700
2026-07-07T15:15:45.249+00:00 CAN id=101 dlc=8 data=d8cf040020a10700
2026-07-07T15:15:45.270+00:00 CAN id=101 dlc=8 data=d8cf040020a10700
2026-07-07T15:15:45.290+00:00 CAN id=101 dlc=8 data=d8cf040020a10700
2026-07-07T15:15:45.309+00:00 CAN id=101 dlc=8 data=d8cf040020a10700
2026-07-07T15:15:45.330+00:00 CAN id=101 dlc=8 data=d8cf040020a10700
2026-07-07T15:15:45.349+00:00 CAN id=101 dlc=8 data=d8cf040020a10700
2026-07-07T15:15:45.369+00:00 CAN id=101 dlc=8 data=d8cf040020a10700
2026-07-07T15:15:45.390+00:00 CAN id=101 dlc=8 data=d8cf040020a10700
2026-07-07T15:15:45.396+00:00 VCP run=1 step=0 angle=315264 target=315352 err=88 steer=0 m1=3260/171875 i1=159 t1=29 m2=-3273/-171875 i2=-239 t2=28 steerMode=0/110 iSteer=-40270 driveMode=171875/171979 iDrive=198958 scale=0 wheel=500000
2026-07-07T15:15:45.396+00:00 VCP run=1 step=0 angle=315352 target=315352 err=0 steer=0 m1=3270/171875 i1=155 t1=29 m2=-3248/-171875 i2=-249 t2=28 steerMode=0/251 iSteer=-47026 driveMode=171875/171693 iDrive=202234 scale=0 wheel=500000
2026-07-07T15:15:45.409+00:00 CAN id=101 dlc=8 data=d8cf040020a10700
2026-07-07T15:15:45.430+00:00 CAN id=101 dlc=8 data=d8cf040020a10700
2026-07-07T15:15:45.449+00:00 CAN id=101 dlc=8 data=d8cf040020a10700
2026-07-07T15:15:45.469+00:00 CAN id=101 dlc=8 data=d8cf040020a10700
2026-07-07T15:15:45.490+00:00 CAN id=101 dlc=8 data=d8cf040020a10700
2026-07-07T15:15:45.500+00:00 VCP run=1 step=0 angle=315439 target=315352 err=-87 steer=0 m1=3302/171875 i1=161 t1=29 m2=-3273/-171875 i2=-220 t2=28 steerMode=0/-96 iSteer=-29409 driveMode=171875/172854 iDrive=190213 scale=0 wheel=500000
2026-07-07T15:15:45.509+00:00 CAN id=101 dlc=8 data=d8cf040020a10700
2026-07-07T15:15:45.530+00:00 CAN id=101 dlc=8 data=d8cf040020a10700
2026-07-07T15:15:45.550+00:00 CAN id=101 dlc=8 data=d8cf040020a10700
2026-07-07T15:15:45.570+00:00 CAN id=101 dlc=8 data=d8cf040020a10700
2026-07-07T15:15:45.590+00:00 CAN id=101 dlc=8 data=d8cf040020a10700
2026-07-07T15:15:45.605+00:00 VCP run=1 step=0 angle=315352 target=315352 err=0 steer=0 m1=3266/171875 i1=142 t1=29 m2=-3275/-171875 i2=-254 t2=28 steerMode=0/414 iSteer=-56028 driveMode=171875/172084 iDrive=197910 scale=0 wheel=500000
2026-07-07T15:15:45.609+00:00 CAN id=101 dlc=8 data=d8cf040020a10700
2026-07-07T15:15:45.630+00:00 CAN id=101 dlc=8 data=d8cf040020a10700
2026-07-07T15:15:45.649+00:00 CAN id=101 dlc=8 data=d8cf040020a10700
2026-07-07T15:15:45.669+00:00 CAN id=101 dlc=8 data=d8cf040020a10700
2026-07-07T15:15:45.689+00:00 CAN id=101 dlc=8 data=d8cf040020a10700
2026-07-07T15:15:45.706+00:00 VCP run=1 step=0 angle=315176 target=315352 err=176 steer=0 m1=3258/171875 i1=177 t1=29 m2=-3225/-171875 i2=-238 t2=28 steerMode=0/-90 iSteer=-30452 driveMode=171875/171120 iDrive=207912 scale=0 wheel=500000
2026-07-07T15:15:45.706+00:00 VCP SET_TARGET_RX steer=315352 wheel=500000
2026-07-07T15:15:45.709+00:00 CAN id=101 dlc=8 data=d8cf040020a10700
2026-07-07T15:15:45.729+00:00 CAN id=101 dlc=8 data=d8cf040020a10700
2026-07-07T15:15:45.749+00:00 CAN id=101 dlc=8 data=d8cf040020a10700
2026-07-07T15:15:45.770+00:00 CAN id=101 dlc=8 data=d8cf040020a10700
2026-07-07T15:15:45.790+00:00 CAN id=101 dlc=8 data=d8cf040020a10700
2026-07-07T15:15:45.809+00:00 CAN id=101 dlc=8 data=d8cf040020a10700
2026-07-07T15:15:45.810+00:00 VCP run=1 step=0 angle=315352 target=315352 err=0 steer=0 m1=3251/171875 i1=182 t1=29 m2=-3273/-171875 i2=-231 t2=28 steerMode=0/-221 iSteer=-24757 driveMode=171875/171436 iDrive=206731 scale=0 wheel=500000
2026-07-07T15:15:45.829+00:00 CAN id=101 dlc=8 data=d8cf040020a10700
2026-07-07T15:15:45.849+00:00 CAN id=101 dlc=8 data=d8cf040020a10700
2026-07-07T15:15:45.870+00:00 CAN id=101 dlc=8 data=d8cf040020a10700
2026-07-07T15:15:45.890+00:00 CAN id=101 dlc=8 data=d8cf040020a10700
2026-07-07T15:15:45.909+00:00 CAN id=101 dlc=8 data=d8cf040020a10700
2026-07-07T15:15:45.929+00:00 CAN id=101 dlc=8 data=d8cf040020a10700
2026-07-07T15:15:45.949+00:00 CAN id=101 dlc=8 data=d8cf040020a10700
2026-07-07T15:15:45.970+00:00 CAN id=101 dlc=8 data=d8cf040020a10700
2026-07-07T15:15:45.989+00:00 CAN id=101 dlc=8 data=d8cf040020a10700
2026-07-07T15:15:45.997+00:00 VCP run=1 step=0 angle=315000 target=315352 err=352 steer=0 m1=3316/171875 i1=144 t1=29 m2=-3267/-171875 i2=-226 t2=28 steerMode=0/129 iSteer=-40930 driveMode=171875/173464 iDrive=184762 scale=0 wheel=500000
2026-07-07T15:15:45.997+00:00 VCP run=1 step=0 angle=315264 target=315352 err=88 steer=0 m1=3268/171875 i1=159 t1=29 m2=-3294/-171875 i2=-231 t2=28 steerMode=0/3 iSteer=-35744 driveMode=171875/172388 iDrive=194872 scale=0 wheel=500000
2026-07-07T15:15:46.009+00:00 CAN id=101 dlc=8 data=d8cf040020a10700
2026-07-07T15:15:46.030+00:00 CAN id=101 dlc=8 data=d8cf040020a10700
2026-07-07T15:15:46.049+00:00 CAN id=101 dlc=8 data=d8cf040020a10700
2026-07-07T15:15:46.069+00:00 CAN id=101 dlc=8 data=d8cf040020a10700
2026-07-07T15:15:46.089+00:00 CAN id=101 dlc=8 data=d8cf040020a10700
2026-07-07T15:15:46.102+00:00 VCP run=1 step=0 angle=315352 target=315352 err=0 steer=0 m1=3268/171875 i1=162 t1=29 m2=-3259/-171875 i2=-243 t2=28 steerMode=0/99 iSteer=-40569 driveMode=171875/171607 iDrive=202901 scale=0 wheel=500000
2026-07-07T15:15:46.109+00:00 CAN id=101 dlc=8 data=d8cf040020a10700
2026-07-07T15:15:46.130+00:00 CAN id=101 dlc=8 data=d8cf040020a10700
2026-07-07T15:15:46.149+00:00 CAN id=101 dlc=8 data=d8cf040020a10700
2026-07-07T15:15:46.169+00:00 CAN id=101 dlc=8 data=d8cf040020a10700
2026-07-07T15:15:46.190+00:00 CAN id=101 dlc=8 data=d8cf040020a10700
2026-07-07T15:15:46.203+00:00 VCP run=1 step=0 angle=315439 target=315352 err=-87 steer=0 m1=3285/171875 i1=167 t1=29 m2=-3319/-171875 i2=-207 t2=28 steerMode=0/-298 iSteer=-20183 driveMode=171875/173194 iDrive=186806 scale=0 wheel=500000
2026-07-07T15:15:46.203+00:00 VCP SET_TARGET_RX steer=315352 wheel=500000
2026-07-07T15:15:46.209+00:00 CAN id=101 dlc=8 data=d8cf040020a10700
2026-07-07T15:15:46.230+00:00 CAN id=101 dlc=8 data=d8cf040020a10700
2026-07-07T15:15:46.249+00:00 CAN id=101 dlc=8 data=d8cf040020a10700
2026-07-07T15:15:46.269+00:00 CAN id=101 dlc=8 data=d8cf040020a10700
2026-07-07T15:15:46.290+00:00 CAN id=101 dlc=8 data=d8cf040020a10700
2026-07-07T15:15:46.308+00:00 VCP run=1 step=0 angle=315088 target=315352 err=264 steer=0 m1=3297/171875 i1=124 t1=29 m2=-3267/-171875 i2=-256 t2=28 steerMode=0/599 iSteer=-65923 driveMode=171875/172899 iDrive=189760 scale=0 wheel=500000
2026-07-07T15:15:46.309+00:00 CAN id=101 dlc=8 data=d8cf040020a10700
2026-07-07T15:15:46.330+00:00 CAN id=101 dlc=8 data=d8cf040020a10700
2026-07-07T15:15:46.349+00:00 CAN id=101 dlc=8 data=d8cf040020a10700
2026-07-07T15:15:46.369+00:00 CAN id=101 dlc=8 data=d8cf040020a10700
2026-07-07T15:15:46.390+00:00 CAN id=101 dlc=8 data=d8cf040020a10700
2026-07-07T15:15:46.409+00:00 CAN id=101 dlc=8 data=d8cf040020a10700
2026-07-07T15:15:46.430+00:00 CAN id=101 dlc=8 data=d8cf040020a10700
2026-07-07T15:15:46.450+00:00 CAN id=101 dlc=8 data=d8cf040020a10700
2026-07-07T15:15:46.470+00:00 CAN id=101 dlc=8 data=d8cf040020a10700
2026-07-07T15:15:46.490+00:00 CAN id=101 dlc=8 data=d8cf040020a10700
2026-07-07T15:15:46.494+00:00 VCP run=1 step=0 angle=315000 target=315352 err=352 steer=0 m1=3272/171875 i1=157 t1=29 m2=-3246/-171875 i2=-235 t2=28 steerMode=0/72 iSteer=-39021 driveMode=171875/172267 iDrive=196082 scale=0 wheel=500000
2026-07-07T15:15:46.494+00:00 VCP run=1 step=0 angle=315264 target=315352 err=88 steer=0 m1=3285/171875 i1=166 t1=29 m2=-3296/-171875 i2=-229 t2=28 steerMode=0/-101 iSteer=-31345 driveMode=171875/172164 iDrive=197385 scale=0 wheel=500000
2026-07-07T15:15:46.509+00:00 CAN id=101 dlc=8 data=d8cf040020a10700
2026-07-07T15:15:46.529+00:00 CAN id=101 dlc=8 data=d8cf040020a10700
2026-07-07T15:15:46.549+00:00 CAN id=101 dlc=8 data=d8cf040020a10700
2026-07-07T15:15:46.570+00:00 CAN id=101 dlc=8 data=d8cf040020a10700
2026-07-07T15:15:46.589+00:00 CAN id=101 dlc=8 data=d8cf040020a10700
2026-07-07T15:15:46.599+00:00 VCP run=1 step=0 angle=314912 target=315352 err=440 steer=0 m1=3304/171875 i1=149 t1=29 m2=-3315/-171875 i2=-213 t2=28 steerMode=0/-64 iSteer=-32150 driveMode=171875/173769 iDrive=181056 scale=0 wheel=500000
2026-07-07T15:15:46.609+00:00 CAN id=101 dlc=8 data=d8cf040020a10700
2026-07-07T15:15:46.629+00:00 CAN id=101 dlc=8 data=d8cf040020a10700
2026-07-07T15:15:46.649+00:00 CAN id=101 dlc=8 data=d8cf040020a10700
2026-07-07T15:15:46.669+00:00 CAN id=101 dlc=8 data=d8cf040020a10700
2026-07-07T15:15:46.689+00:00 CAN id=101 dlc=8 data=d8cf040020a10700
2026-07-07T15:15:46.700+00:00 VCP run=1 step=0 angle=315264 target=315352 err=88 steer=0 m1=3277/171875 i1=144 t1=29 m2=-3286/-171875 i2=-242 t2=28 steerMode=0/241 iSteer=-48535 driveMode=171875/172574 iDrive=193005 scale=0 wheel=500000
2026-07-07T15:15:46.700+00:00 VCP SET_TARGET_RX steer=315352 wheel=500000
2026-07-07T15:15:46.709+00:00 CAN id=101 dlc=8 data=d8cf040020a10700
2026-07-07T15:15:46.729+00:00 CAN id=101 dlc=8 data=d8cf040020a10700
2026-07-07T15:15:46.749+00:00 CAN id=101 dlc=8 data=d8cf040020a10700
2026-07-07T15:15:46.769+00:00 CAN id=101 dlc=8 data=d8cf040020a10700
2026-07-07T15:15:46.789+00:00 CAN id=101 dlc=8 data=d8cf040020a10700
2026-07-07T15:15:46.804+00:00 VCP run=1 step=0 angle=315264 target=315352 err=88 steer=0 m1=3270/171875 i1=156 t1=29 m2=-3280/-171875 i2=-246 t2=28 steerMode=0/172 iSteer=-45148 driveMode=171875/171765 iDrive=201186 scale=0 wheel=500000
2026-07-07T15:15:46.809+00:00 CAN id=101 dlc=8 data=d8cf040020a10700
2026-07-07T15:15:46.829+00:00 CAN id=101 dlc=8 data=d8cf040020a10700
2026-07-07T15:15:46.849+00:00 CAN id=101 dlc=8 data=d8cf040020a10700
2026-07-07T15:15:46.869+00:00 CAN id=101 dlc=8 data=d8cf040020a10700
2026-07-07T15:15:46.890+00:00 CAN id=101 dlc=8 data=d8cf040020a10700
2026-07-07T15:15:46.908+00:00 VCP run=1 step=0 angle=315176 target=315352 err=176 steer=0 m1=3304/171875 i1=156 t1=29 m2=-3269/-171875 i2=-212 t2=28 steerMode=0/-152 iSteer=-28231 driveMode=171875/173466 iDrive=184089 scale=0 wheel=500000
2026-07-07T15:15:46.909+00:00 CAN id=101 dlc=8 data=d8cf040020a10700
2026-07-07T15:15:46.929+00:00 CAN id=101 dlc=8 data=d8cf040020a10700
2026-07-07T15:15:46.949+00:00 CAN id=101 dlc=8 data=d8cf040020a10700
2026-07-07T15:15:46.970+00:00 CAN id=101 dlc=8 data=d8cf040020a10700
2026-07-07T15:15:46.990+00:00 CAN id=101 dlc=8 data=d8cf040020a10700
2026-07-07T15:15:47.009+00:00 CAN id=101 dlc=8 data=d8cf040020a10700
2026-07-07T15:15:47.029+00:00 CAN id=101 dlc=8 data=d8cf040020a10700
2026-07-07T15:15:47.049+00:00 CAN id=101 dlc=8 data=d8cf040020a10700
2026-07-07T15:15:47.069+00:00 CAN id=101 dlc=8 data=d8cf040020a10700
2026-07-07T15:15:47.090+00:00 CAN id=101 dlc=8 data=d8cf040020a10700
2026-07-07T15:15:47.095+00:00 VCP run=1 step=0 angle=315088 target=315352 err=264 steer=0 m1=3251/171875 i1=128 t1=29 m2=-3265/-171875 i2=-268 t2=28 steerMode=0/639 iSteer=-69517 driveMode=171875/172074 iDrive=198013 scale=0 wheel=500000
2026-07-07T15:15:47.095+00:00 VCP run=1 step=0 angle=314912 target=315352 err=440 steer=0 m1=3277/171875 i1=164 t1=29 m2=-3221/-171875 i2=-239 t2=28 steerMode=0/14 iSteer=-37437 driveMode=171875/171684 iDrive=201923 scale=0 wheel=500000
2026-07-07T15:15:47.109+00:00 CAN id=101 dlc=8 data=d8cf040020a10700
2026-07-07T15:15:47.130+00:00 CAN id=101 dlc=8 data=d8cf040020a10700
2026-07-07T15:15:47.150+00:00 CAN id=101 dlc=8 data=d8cf040020a10700
2026-07-07T15:15:47.170+00:00 CAN id=101 dlc=8 data=d8cf040020a10700
2026-07-07T15:15:47.189+00:00 BENCH disable sent
2026-07-07T15:15:47.190+00:00 CAN id=121 dlc=2 data=0100
2026-07-07T15:15:47.190+00:00 CAN id=121 dlc=2 data=0100
2026-07-07T15:15:47.295+00:00 VCP run=1 step=0 angle=315439 target=315352 err=-87 steer=0 m1=3258/171875 i1=170 t1=29 m2=-3280/-171875 i2=-232 t2=28 steerMode=0/-144 iSteer=-30773 driveMode=171875/171881 iDrive=200828 scale=0 wheel=500000
2026-07-07T15:15:47.295+00:00 VCP UNIT_CTRL enable=0
2026-07-07T15:15:47.295+00:00 VCP UNIT_CTRL enable=0
2026-07-07T15:15:47.295+00:00 VCP STOP: disabled
2026-07-07T15:15:47.590+00:00 BENCH log closed
