2026-07-07T15:15:33.703+00:00 BENCH log opened: firmware/logs/accel-step-a500.log
2026-07-07T15:15:33.703+00:00 BENCH run: steer=315.352deg (315352mdeg) wheel=500.0rpm (500000milli-rpm) rate=50.0Hz duration=6.0s
2026-07-07T15:15:33.703+00:00 BENCH enable sent
2026-07-07T15:15:33.703+00:00 CAN id=121 dlc=2 data=0101
2026-07-07T15:15:33.704+00:00 CAN id=101 dlc=8 data=d8cf040020a10700
2026-07-07T15:15:33.720+00:00 VCP NIT_CTRL enable=0
2026-07-07T15:15:33.720+00:00 VCP UNIT_CTRL enable=0
2026-07-07T15:15:33.720+00:00 VCP SET_CONFIG idx=10 val=500000
2026-07-07T15:15:33.720+00:00 VCP UNIT_CTRL enable=1
2026-07-07T15:15:33.720+00:00 VCP SET_TARGET_RX steer=315352 wheel=500000
2026-07-07T15:15:33.720+00:00 VCP START_CAN: angle=314736 target=315352 wheelTarget=500000
2026-07-07T15:15:33.724+00:00 CAN id=101 dlc=8 data=d8cf040020a10700
2026-07-07T15:15:33.744+00:00 CAN id=101 dlc=8 data=d8cf040020a10700
2026-07-07T15:15:33.764+00:00 CAN id=101 dlc=8 data=d8cf040020a10700
2026-07-07T15:15:33.784+00:00 CAN id=101 dlc=8 data=d8cf040020a10700
2026-07-07T15:15:33.804+00:00 CAN id=101 dlc=8 data=d8cf040020a10700
2026-07-07T15:15:33.821+00:00 VCP run=1 step=0 angle=314736 target=315352 err=616 steer=250 m1=0/2234 i1=78 t1=29 m2=0/516 i2=60 t2=28 steerMode=1375/0 iSteer=68956 driveMode=859/0 iDrive=8680 scale=0 wheel=2500
2026-07-07T15:15:33.824+00:00 CAN id=101 dlc=8 data=d8cf040020a10700
2026-07-07T15:15:33.844+00:00 CAN id=101 dlc=8 data=d8cf040020a10700
2026-07-07T15:15:33.864+00:00 CAN id=101 dlc=8 data=d8cf040020a10700
2026-07-07T15:15:33.884+00:00 CAN id=101 dlc=8 data=d8cf040020a10700
2026-07-07T15:15:33.904+00:00 CAN id=101 dlc=8 data=d8cf040020a10700
2026-07-07T15:15:33.924+00:00 CAN id=101 dlc=8 data=d8cf040020a10700
2026-07-07T15:15:33.944+00:00 CAN id=101 dlc=8 data=d8cf040020a10700
2026-07-07T15:15:33.964+00:00 CAN id=101 dlc=8 data=d8cf040020a10700
2026-07-07T15:15:33.984+00:00 CAN id=101 dlc=8 data=d8cf040020a10700
2026-07-07T15:15:34.004+00:00 CAN id=101 dlc=8 data=d8cf040020a10700
2026-07-07T15:15:34.010+00:00 VCP run=1 step=0 angle=314736 target=315352 err=616 steer=308 m1=14/18021 i1=262 t1=29 m2=0/-14635 i2=-94 t2=28 steerMode=1693/109 iSteer=83914 driveMode=16328/131 iDrive=177790 scale=0 wheel=47500
2026-07-07T15:15:34.010+00:00 VCP run=1 step=0 angle=314736 target=315352 err=616 steer=308 m1=2/34178 i1=481 t1=29 m2=0/-30791 i2=-291 t2=28 steerMode=1693/-16 iSteer=94902 driveMode=32484/36 iDrive=386389 scale=0 wheel=94500
2026-07-07T15:15:34.024+00:00 CAN id=101 dlc=8 data=d8cf040020a10700
2026-07-07T15:15:34.044+00:00 CAN id=101 dlc=8 data=d8cf040020a10700
2026-07-07T15:15:34.064+00:00 CAN id=101 dlc=8 data=d8cf040020a10700
2026-07-07T15:15:34.084+00:00 CAN id=101 dlc=8 data=d8cf040020a10700
2026-07-07T15:15:34.104+00:00 CAN id=101 dlc=8 data=d8cf040020a10700
2026-07-07T15:15:34.115+00:00 VCP run=1 step=0 angle=314736 target=315352 err=616 steer=308 m1=2/50334 i1=723 t1=29 m2=0/-46947 i2=-525 t2=28 steerMode=1693/2 iSteer=98796 driveMode=48641/57 iDrive=624219 scale=0 wheel=141500
2026-07-07T15:15:34.124+00:00 CAN id=101 dlc=8 data=d8cf040020a10700
2026-07-07T15:15:34.144+00:00 CAN id=101 dlc=8 data=d8cf040020a10700
2026-07-07T15:15:34.164+00:00 CAN id=101 dlc=8 data=d8cf040020a10700
2026-07-07T15:15:34.184+00:00 CAN id=101 dlc=8 data=d8cf040020a10700
2026-07-07T15:15:34.204+00:00 CAN id=101 dlc=8 data=d8cf040020a10700
2026-07-07T15:15:34.216+00:00 VCP run=1 step=0 angle=314736 target=315352 err=616 steer=308 m1=169/66490 i1=907 t1=29 m2=-7/-63104 i2=-846 t2=28 steerMode=1693/1458 iSteer=30374 driveMode=64797/1655 iDrive=876321 scale=0 wheel=188500
2026-07-07T15:15:34.216+00:00 VCP SET_TARGET_RX steer=315352 wheel=500000
2026-07-07T15:15:34.224+00:00 CAN id=101 dlc=8 data=d8cf040020a10700
2026-07-07T15:15:34.244+00:00 CAN id=101 dlc=8 data=d8cf040020a10700
2026-07-07T15:15:34.264+00:00 CAN id=101 dlc=8 data=d8cf040020a10700
2026-07-07T15:15:34.284+00:00 CAN id=101 dlc=8 data=d8cf040020a10700
2026-07-07T15:15:34.304+00:00 CAN id=101 dlc=8 data=d8cf040020a10700
2026-07-07T15:15:34.320+00:00 VCP run=1 step=0 angle=315967 target=315352 err=-615 steer=-307 m1=757/79091 i1=694 t1=29 m2=-758/-82472 i2=-954 t2=28 steerMode=-1691/1077 iSteer=-130185 driveMode=80781/33311 iDrive=824130 scale=0 wheel=235000
2026-07-07T15:15:34.324+00:00 CAN id=101 dlc=8 data=d8cf040020a10700
2026-07-07T15:15:34.344+00:00 CAN id=101 dlc=8 data=d8cf040020a10700
2026-07-07T15:15:34.364+00:00 CAN id=101 dlc=8 data=d8cf040020a10700
2026-07-07T15:15:34.384+00:00 CAN id=101 dlc=8 data=d8cf040020a10700
2026-07-07T15:15:34.404+00:00 CAN id=101 dlc=8 data=d8cf040020a10700
2026-07-07T15:15:34.424+00:00 CAN id=101 dlc=8 data=d8cf040020a10700
2026-07-07T15:15:34.424+00:00 VCP run=1 step=0 angle=315879 target=315352 err=-527 steer=-263 m1=1356/95145 i1=685 t1=29 m2=-1329/-98043 i2=-770 t2=28 steerMode=-1449/-502 iSteer=-42570 driveMode=96594/65863 iDrive=727268 scale=0 wheel=281000
2026-07-07T15:15:34.444+00:00 CAN id=101 dlc=8 data=d8cf040020a10700
2026-07-07T15:15:34.464+00:00 CAN id=101 dlc=8 data=d8cf040020a10700
2026-07-07T15:15:34.484+00:00 CAN id=101 dlc=8 data=d8cf040020a10700
2026-07-07T15:15:34.504+00:00 CAN id=101 dlc=8 data=d8cf040020a10700
2026-07-07T15:15:34.524+00:00 CAN id=101 dlc=8 data=d8cf040020a10700
2026-07-07T15:15:34.544+00:00 CAN id=101 dlc=8 data=d8cf040020a10700
2026-07-07T15:15:34.564+00:00 CAN id=101 dlc=8 data=d8cf040020a10700
2026-07-07T15:15:34.584+00:00 CAN id=101 dlc=8 data=d8cf040020a10700
2026-07-07T15:15:34.604+00:00 CAN id=101 dlc=8 data=d8cf040020a10700
2026-07-07T15:15:34.610+00:00 VCP run=1 step=0 angle=315967 target=315352 err=-615 steer=-307 m1=1874/110716 i1=610 t1=29 m2=-1945/-114097 i2=-679 t2=28 steerMode=-1691/-956 iSteer=-34596 driveMode=112406/94368 iDrive=644258 scale=0 wheel=327000
2026-07-07T15:15:34.610+00:00 VCP run=1 step=0 angle=315439 target=315352 err=-87 steer=0 m1=2379/128219 i1=541 t1=29 m2=-2311/-128219 i2=-622 t2=28 steerMode=0/869 iSteer=-40180 driveMode=128219/118813 iDrive=581550 scale=0 wheel=373000
2026-07-07T15:15:34.624+00:00 CAN id=101 dlc=8 data=d8cf040020a10700
2026-07-07T15:15:34.644+00:00 CAN id=101 dlc=8 data=d8cf040020a10700
2026-07-07T15:15:34.664+00:00 CAN id=101 dlc=8 data=d8cf040020a10700
2026-07-07T15:15:34.684+00:00 CAN id=101 dlc=8 data=d8cf040020a10700
2026-07-07T15:15:34.704+00:00 CAN id=101 dlc=8 data=d8cf040020a10700
2026-07-07T15:15:34.710+00:00 VCP run=1 step=0 angle=316318 target=315352 err=-966 steer=-483 m1=2695/141546 i1=488 t1=29 m2=-2786/-146861 i2=-601 t2=28 steerMode=-2657/-1606 iSteer=-56203 driveMode=144203/139819 iDrive=544362 scale=0 wheel=419500
2026-07-07T15:15:34.710+00:00 VCP SET_TARGET_RX steer=315352 wheel=500000
2026-07-07T15:15:34.724+00:00 CAN id=101 dlc=8 data=d8cf040020a10700
2026-07-07T15:15:34.744+00:00 CAN id=101 dlc=8 data=d8cf040020a10700
2026-07-07T15:15:34.764+00:00 CAN id=101 dlc=8 data=d8cf040020a10700
2026-07-07T15:15:34.784+00:00 CAN id=101 dlc=8 data=d8cf040020a10700
2026-07-07T15:15:34.804+00:00 CAN id=101 dlc=8 data=d8cf040020a10700
2026-07-07T15:15:34.814+00:00 VCP run=1 step=0 angle=315439 target=315352 err=-87 steer=0 m1=3126/160016 i1=478 t1=29 m2=-3098/-160016 i2=-510 t2=28 steerMode=0/305 iSteer=-15685 driveMode=160016/160896 iDrive=493880 scale=0 wheel=465500
2026-07-07T15:15:34.824+00:00 CAN id=101 dlc=8 data=d8cf040020a10700
2026-07-07T15:15:34.844+00:00 CAN id=101 dlc=8 data=d8cf040020a10700
2026-07-07T15:15:34.864+00:00 CAN id=101 dlc=8 data=d8cf040020a10700
2026-07-07T15:15:34.884+00:00 CAN id=101 dlc=8 data=d8cf040020a10700
2026-07-07T15:15:34.904+00:00 CAN id=101 dlc=8 data=d8cf040020a10700
2026-07-07T15:15:34.919+00:00 VCP run=1 step=0 angle=315352 target=315352 err=0 steer=0 m1=3452/171875 i1=395 t1=29 m2=-3437/-171875 i2=-474 t2=28 steerMode=0/725 iSteer=-39575 driveMode=171875/178204 iDrive=434749 scale=0 wheel=500000
2026-07-07T15:15:34.924+00:00 CAN id=101 dlc=8 data=d8cf040020a10700
2026-07-07T15:15:34.944+00:00 CAN id=101 dlc=8 data=d8cf040020a10700
2026-07-07T15:15:34.964+00:00 CAN id=101 dlc=8 data=d8cf040020a10700
2026-07-07T15:15:34.984+00:00 CAN id=101 dlc=8 data=d8cf040020a10700
2026-07-07T15:15:35.004+00:00 CAN id=101 dlc=8 data=d8cf040020a10700
2026-07-07T15:15:35.023+00:00 VCP run=1 step=0 angle=315791 target=315352 err=-439 steer=0 m1=3630/171875 i1=244 t1=29 m2=-3589/-171875 i2=-361 t2=28 steerMode=0/1080 iSteer=-58397 driveMode=171875/189094 iDrive=302115 scale=0 wheel=500000
2026-07-07T15:15:35.024+00:00 CAN id=101 dlc=8 data=d8cf040020a10700
2026-07-07T15:15:35.044+00:00 CAN id=101 dlc=8 data=d8cf040020a10700
2026-07-07T15:15:35.064+00:00 CAN id=101 dlc=8 data=d8cf040020a10700
2026-07-07T15:15:35.084+00:00 CAN id=101 dlc=8 data=d8cf040020a10700
2026-07-07T15:15:35.104+00:00 CAN id=101 dlc=8 data=d8cf040020a10700
2026-07-07T15:15:35.124+00:00 CAN id=101 dlc=8 data=d8cf040020a10700
2026-07-07T15:15:35.144+00:00 CAN id=101 dlc=8 data=d8cf040020a10700
2026-07-07T15:15:35.164+00:00 CAN id=101 dlc=8 data=d8cf040020a10700
2026-07-07T15:15:35.184+00:00 CAN id=101 dlc=8 data=d8cf040020a10700
2026-07-07T15:15:35.204+00:00 CAN id=101 dlc=8 data=d8cf040020a10700
2026-07-07T15:15:35.205+00:00 VCP run=1 step=0 angle=315439 target=315352 err=-87 steer=0 m1=3708/171875 i1=285 t1=29 m2=-3746/-171875 i2=-116 t2=28 steerMode=0/-1832 iSteer=84174 driveMode=171875/195387 iDrive=200588 scale=0 wheel=500000
2026-07-07T15:15:35.205+00:00 VCP run=1 step=0 angle=315527 target=315352 err=-175 steer=0 m1=3724/171875 i1=78 t1=29 m2=-3688/-171875 i2=-243 t2=28 steerMode=0/1480 iSteer=-82762 driveMode=171875/194997 iDrive=160268 scale=0 wheel=500000
2026-07-07T15:15:35.224+00:00 CAN id=101 dlc=8 data=d8cf040020a10700
2026-07-07T15:15:35.244+00:00 CAN id=101 dlc=8 data=d8cf040020a10700
2026-07-07T15:15:35.264+00:00 CAN id=101 dlc=8 data=d8cf040020a10700
2026-07-07T15:15:35.284+00:00 CAN id=101 dlc=8 data=d8cf040020a10700
2026-07-07T15:15:35.304+00:00 CAN id=101 dlc=8 data=d8cf040020a10700
2026-07-07T15:15:35.310+00:00 VCP SET_TARGET_RX steer=315352 wheel=500000
2026-07-07T15:15:35.310+00:00 VCP run=1 step=0 angle=315703 target=315352 err=-351 steer=0 m1=3664/171875 i1=106 t1=29 m2=-3606/-171875 i2=-188 t2=28 steerMode=0/613 iSteer=-40670 driveMode=171875/192242 iDrive=146951 scale=0 wheel=500000
2026-07-07T15:15:35.324+00:00 CAN id=101 dlc=8 data=d8cf040020a10700
2026-07-07T15:15:35.344+00:00 CAN id=101 dlc=8 data=d8cf040020a10700
2026-07-07T15:15:35.364+00:00 CAN id=101 dlc=8 data=d8cf040020a10700
2026-07-07T15:15:35.384+00:00 CAN id=101 dlc=8 data=d8cf040020a10700
2026-07-07T15:15:35.404+00:00 CAN id=101 dlc=8 data=d8cf040020a10700
2026-07-07T15:15:35.414+00:00 VCP run=1 step=0 angle=315791 target=315352 err=-439 steer=-213 m1=3557/170701 i1=145 t1=29 m2=-3640/-173049 i2=-123 t2=28 steerMode=-1174/-1675 iSteer=11155 driveMode=171875/190033 iDrive=134039 scale=0 wheel=500000
2026-07-07T15:15:35.424+00:00 CAN id=101 dlc=8 data=d8cf040020a10700
2026-07-07T15:15:35.444+00:00 CAN id=101 dlc=8 data=d8cf040020a10700
2026-07-07T15:15:35.464+00:00 CAN id=101 dlc=8 data=d8cf040020a10700
2026-07-07T15:15:35.484+00:00 CAN id=101 dlc=8 data=d8cf040020a10700
2026-07-07T15:15:35.504+00:00 CAN id=101 dlc=8 data=d8cf040020a10700
2026-07-07T15:15:35.518+00:00 VCP run=1 step=0 angle=315264 target=315352 err=88 steer=0 m1=3561/171875 i1=77 t1=29 m2=-3529/-171875 i2=-188 t2=28 steerMode=0/851 iSteer=-55341 driveMode=171875/187082 iDrive=132790 scale=0 wheel=500000
2026-07-07T15:15:35.524+00:00 CAN id=101 dlc=8 data=d8cf040020a10700
2026-07-07T15:15:35.544+00:00 CAN id=101 dlc=8 data=d8cf040020a10700
2026-07-07T15:15:35.564+00:00 CAN id=101 dlc=8 data=d8cf040020a10700
2026-07-07T15:15:35.584+00:00 CAN id=101 dlc=8 data=d8cf040020a10700
2026-07-07T15:15:35.604+00:00 CAN id=101 dlc=8 data=d8cf040020a10700
2026-07-07T15:15:35.622+00:00 VCP run=1 step=0 angle=315527 target=315352 err=-175 steer=0 m1=3475/171875 i1=121 t1=29 m2=-3466/-171875 i2=-178 t2=28 steerMode=0/290 iSteer=-28743 driveMode=171875/182982 iDrive=149700 scale=0 wheel=500000
2026-07-07T15:15:35.624+00:00 CAN id=101 dlc=8 data=d8cf040020a10700
2026-07-07T15:15:35.644+00:00 CAN id=101 dlc=8 data=d8cf040020a10700
2026-07-07T15:15:35.664+00:00 CAN id=101 dlc=8 data=d8cf040020a10700
2026-07-07T15:15:35.684+00:00 CAN id=101 dlc=8 data=d8cf040020a10700
2026-07-07T15:15:35.704+00:00 CAN id=101 dlc=8 data=d8cf040020a10700
2026-07-07T15:15:35.722+00:00 VCP run=1 step=0 angle=316055 target=315352 err=-703 steer=-351 m1=3396/169943 i1=93 t1=29 m2=-3476/-173807 i2=-220 t2=28 steerMode=-1932/-1012 iSteer=-63480 driveMode=171875/180614 iDrive=156151 scale=0 wheel=500000
2026-07-07T15:15:35.722+00:00 VCP SET_TARGET_RX steer=315352 wheel=500000
2026-07-07T15:15:35.724+00:00 CAN id=101 dlc=8 data=d8cf040020a10700
2026-07-07T15:15:35.744+00:00 CAN id=101 dlc=8 data=d8cf040020a10700
2026-07-07T15:15:35.764+00:00 CAN id=101 dlc=8 data=d8cf040020a10700
2026-07-07T15:15:35.784+00:00 CAN id=101 dlc=8 data=d8cf040020a10700
2026-07-07T15:15:35.804+00:00 CAN id=101 dlc=8 data=d8cf040020a10700
2026-07-07T15:15:35.824+00:00 CAN id=101 dlc=8 data=d8cf040020a10700
2026-07-07T15:15:35.844+00:00 CAN id=101 dlc=8 data=d8cf040020a10700
2026-07-07T15:15:35.864+00:00 CAN id=101 dlc=8 data=d8cf040020a10700
2026-07-07T15:15:35.884+00:00 CAN id=101 dlc=8 data=d8cf040020a10700
2026-07-07T15:15:35.904+00:00 CAN id=101 dlc=8 data=d8cf040020a10700
2026-07-07T15:15:35.909+00:00 VCP run=1 step=0 angle=315352 target=315352 err=0 steer=0 m1=3410/171875 i1=102 t1=29 m2=-3374/-171875 i2=-208 t2=28 steerMode=0/756 iSteer=-52638 driveMode=171875/179171 iDrive=155131 scale=0 wheel=500000
2026-07-07T15:15:35.909+00:00 VCP run=1 step=0 angle=315703 target=315352 err=-351 steer=0 m1=3339/171875 i1=134 t1=29 m2=-3324/-171875 i2=-228 t2=28 steerMode=0/580 iSteer=-46917 driveMode=171875/175574 iDrive=181036 scale=0 wheel=500000
2026-07-07T15:15:35.924+00:00 CAN id=101 dlc=8 data=d8cf040020a10700
2026-07-07T15:15:35.944+00:00 CAN id=101 dlc=8 data=d8cf040020a10700
2026-07-07T15:15:35.964+00:00 CAN id=101 dlc=8 data=d8cf040020a10700
2026-07-07T15:15:35.984+00:00 CAN id=101 dlc=8 data=d8cf040020a10700
2026-07-07T15:15:36.004+00:00 CAN id=101 dlc=8 data=d8cf040020a10700
2026-07-07T15:15:36.013+00:00 VCP run=1 step=0 angle=315703 target=315352 err=-351 steer=0 m1=3306/171875 i1=158 t1=29 m2=-3313/-171875 i2=-226 t2=28 steerMode=0/285 iSteer=-33834 driveMode=171875/173996 iDrive=191714 scale=0 wheel=500000
2026-07-07T15:15:36.024+00:00 CAN id=101 dlc=8 data=d8cf040020a10700
2026-07-07T15:15:36.044+00:00 CAN id=101 dlc=8 data=d8cf040020a10700
2026-07-07T15:15:36.064+00:00 CAN id=101 dlc=8 data=d8cf040020a10700
2026-07-07T15:15:36.084+00:00 CAN id=101 dlc=8 data=d8cf040020a10700
2026-07-07T15:15:36.104+00:00 CAN id=101 dlc=8 data=d8cf040020a10700
2026-07-07T15:15:36.118+00:00 VCP run=1 step=0 angle=315615 target=315352 err=-263 steer=0 m1=3320/171875 i1=204 t1=29 m2=-3301/-171875 i2=-159 t2=28 steerMode=0/-880 iSteer=22851 driveMode=171875/174549 iDrive=181624 scale=0 wheel=500000
2026-07-07T15:15:36.124+00:00 CAN id=101 dlc=8 data=d8cf040020a10700
2026-07-07T15:15:36.144+00:00 CAN id=101 dlc=8 data=d8cf040020a10700
2026-07-07T15:15:36.164+00:00 CAN id=101 dlc=8 data=d8cf040020a10700
2026-07-07T15:15:36.184+00:00 CAN id=101 dlc=8 data=d8cf040020a10700
2026-07-07T15:15:36.204+00:00 CAN id=101 dlc=8 data=d8cf040020a10700
2026-07-07T15:15:36.219+00:00 VCP run=1 step=0 angle=315439 target=315352 err=-87 steer=0 m1=3310/171875 i1=135 t1=29 m2=-3313/-171875 i2=-230 t2=28 steerMode=0/515 iSteer=-47777 driveMode=171875/174029 iDrive=182400 scale=0 wheel=500000
2026-07-07T15:15:36.219+00:00 VCP SET_TARGET_RX steer=315352 wheel=500000
2026-07-07T15:15:36.224+00:00 CAN id=101 dlc=8 data=d8cf040020a10700
2026-07-07T15:15:36.244+00:00 CAN id=101 dlc=8 data=d8cf040020a10700
2026-07-07T15:15:36.264+00:00 CAN id=101 dlc=8 data=d8cf040020a10700
2026-07-07T15:15:36.284+00:00 CAN id=101 dlc=8 data=d8cf040020a10700
2026-07-07T15:15:36.304+00:00 CAN id=101 dlc=8 data=d8cf040020a10700
2026-07-07T15:15:36.323+00:00 VCP run=1 step=0 angle=315703 target=315352 err=-351 steer=0 m1=3285/171875 i1=155 t1=29 m2=-3257/-171875 i2=-240 t2=28 steerMode=0/409 iSteer=-42715 driveMode=171875/172263 iDrive=197755 scale=0 wheel=500000
2026-07-07T15:15:36.324+00:00 CAN id=101 dlc=8 data=d8cf040020a10700
2026-07-07T15:15:36.344+00:00 CAN id=101 dlc=8 data=d8cf040020a10700
2026-07-07T15:15:36.364+00:00 CAN id=101 dlc=8 data=d8cf040020a10700
2026-07-07T15:15:36.384+00:00 CAN id=101 dlc=8 data=d8cf040020a10700
2026-07-07T15:15:36.404+00:00 CAN id=101 dlc=8 data=d8cf040020a10700
2026-07-07T15:15:36.424+00:00 CAN id=101 dlc=8 data=d8cf040020a10700
2026-07-07T15:15:36.444+00:00 CAN id=101 dlc=8 data=d8cf040020a10700
2026-07-07T15:15:36.464+00:00 CAN id=101 dlc=8 data=d8cf040020a10700
2026-07-07T15:15:36.484+00:00 CAN id=101 dlc=8 data=d8cf040020a10700
2026-07-07T15:15:36.504+00:00 CAN id=101 dlc=8 data=d8cf040020a10700
2026-07-07T15:15:36.508+00:00 VCP run=1 step=0 angle=316143 target=315352 err=-791 steer=-395 m1=3247/169701 i1=126 t1=29 m2=-3324/-174049 i2=-268 t2=28 steerMode=-2174/-1257 iSteer=-71420 driveMode=171875/172352 iDrive=197077 scale=0 wheel=500000
2026-07-07T15:15:36.508+00:00 VCP run=1 step=0 angle=315088 target=315352 err=264 steer=0 m1=3325/171875 i1=124 t1=29 m2=-3250/-171875 i2=-252 t2=28 steerMode=0/821 iSteer=-64020 driveMode=171875/173028 iDrive=188474 scale=0 wheel=500000
2026-07-07T15:15:36.524+00:00 CAN id=101 dlc=8 data=d8cf040020a10700
2026-07-07T15:15:36.544+00:00 CAN id=101 dlc=8 data=d8cf040020a10700
2026-07-07T15:15:36.564+00:00 CAN id=101 dlc=8 data=d8cf040020a10700
2026-07-07T15:15:36.584+00:00 CAN id=101 dlc=8 data=d8cf040020a10700
2026-07-07T15:15:36.604+00:00 CAN id=101 dlc=8 data=d8cf040020a10700
2026-07-07T15:15:36.613+00:00 VCP run=1 step=0 angle=315352 target=315352 err=0 steer=0 m1=3249/171875 i1=180 t1=29 m2=-3271/-171875 i2=-219 t2=28 steerMode=0/-113 iSteer=-19334 driveMode=171875/171922 iDrive=199532 scale=0 wheel=500000
2026-07-07T15:15:36.624+00:00 CAN id=101 dlc=8 data=d8cf040020a10700
2026-07-07T15:15:36.644+00:00 CAN id=101 dlc=8 data=d8cf040020a10700
2026-07-07T15:15:36.664+00:00 CAN id=101 dlc=8 data=d8cf040020a10700
2026-07-07T15:15:36.684+00:00 CAN id=101 dlc=8 data=d8cf040020a10700
2026-07-07T15:15:36.704+00:00 CAN id=101 dlc=8 data=d8cf040020a10700
2026-07-07T15:15:36.714+00:00 VCP run=1 step=0 angle=315527 target=315352 err=-175 steer=0 m1=3264/171875 i1=159 t1=29 m2=-3257/-171875 i2=-243 t2=28 steerMode=0/331 iSteer=-41939 driveMode=171875/171788 iDrive=201183 scale=0 wheel=500000
2026-07-07T15:15:36.714+00:00 VCP SET_TARGET_RX steer=315352 wheel=500000
2026-07-07T15:15:36.724+00:00 CAN id=101 dlc=8 data=d8cf040020a10700
2026-07-07T15:15:36.744+00:00 CAN id=101 dlc=8 data=d8cf040020a10700
2026-07-07T15:15:36.764+00:00 CAN id=101 dlc=8 data=d8cf040020a10700
2026-07-07T15:15:36.784+00:00 CAN id=101 dlc=8 data=d8cf040020a10700
2026-07-07T15:15:36.804+00:00 CAN id=101 dlc=8 data=d8cf040020a10700
2026-07-07T15:15:36.818+00:00 VCP run=1 step=0 angle=315439 target=315352 err=-87 steer=0 m1=3289/171875 i1=170 t1=29 m2=-3309/-171875 i2=-200 t2=28 steerMode=0/-194 iSteer=-15045 driveMode=171875/173343 iDrive=185320 scale=0 wheel=500000
2026-07-07T15:15:36.824+00:00 CAN id=101 dlc=8 data=d8cf040020a10700
2026-07-07T15:15:36.844+00:00 CAN id=101 dlc=8 data=d8cf040020a10700
2026-07-07T15:15:36.864+00:00 CAN id=101 dlc=8 data=d8cf040020a10700
2026-07-07T15:15:36.884+00:00 CAN id=101 dlc=8 data=d8cf040020a10700
2026-07-07T15:15:36.904+00:00 CAN id=101 dlc=8 data=d8cf040020a10700
2026-07-07T15:15:36.922+00:00 VCP run=1 step=0 angle=315352 target=315352 err=0 steer=0 m1=3270/171875 i1=162 t1=29 m2=-3284/-171875 i2=-227 t2=28 steerMode=0/130 iSteer=-32825 driveMode=171875/172421 iDrive=194543 scale=0 wheel=500000
2026-07-07T15:15:36.924+00:00 CAN id=101 dlc=8 data=d8cf040020a10700
2026-07-07T15:15:36.944+00:00 CAN id=101 dlc=8 data=d8cf040020a10700
2026-07-07T15:15:36.964+00:00 CAN id=101 dlc=8 data=d8cf040020a10700
2026-07-07T15:15:36.984+00:00 CAN id=101 dlc=8 data=d8cf040020a10700
2026-07-07T15:15:37.004+00:00 CAN id=101 dlc=8 data=d8cf040020a10700
2026-07-07T15:15:37.024+00:00 CAN id=101 dlc=8 data=d8cf040020a10700
2026-07-07T15:15:37.044+00:00 CAN id=101 dlc=8 data=d8cf040020a10700
2026-07-07T15:15:37.064+00:00 CAN id=101 dlc=8 data=d8cf040020a10700
2026-07-07T15:15:37.084+00:00 CAN id=101 dlc=8 data=d8cf040020a10700
2026-07-07T15:15:37.104+00:00 CAN id=101 dlc=8 data=d8cf040020a10700
2026-07-07T15:15:37.108+00:00 VCP run=1 step=0 angle=315615 target=315352 err=-263 steer=0 m1=3270/171875 i1=161 t1=29 m2=-3223/-171875 i2=-258 t2=28 steerMode=0/441 iSteer=-48310 driveMode=171875/170980 iDrive=209308 scale=0 wheel=500000
2026-07-07T15:15:37.109+00:00 VCP run=1 step=0 angle=315703 target=315352 err=-351 steer=0 m1=3260/171875 i1=184 t1=29 m2=-3278/-171875 i2=-214 t2=28 steerMode=0/-241 iSteer=-14866 driveMode=171875/172092 iDrive=199347 scale=0 wheel=500000
2026-07-07T15:15:37.124+00:00 CAN id=101 dlc=8 data=d8cf040020a10700
2026-07-07T15:15:37.144+00:00 CAN id=101 dlc=8 data=d8cf040020a10700
2026-07-07T15:15:37.164+00:00 CAN id=101 dlc=8 data=d8cf040020a10700
2026-07-07T15:15:37.184+00:00 CAN id=101 dlc=8 data=d8cf040020a10700
2026-07-07T15:15:37.204+00:00 CAN id=101 dlc=8 data=d8cf040020a10700
2026-07-07T15:15:37.210+00:00 VCP run=1 step=0 angle=315439 target=315352 err=-87 steer=0 m1=3289/171875 i1=143 t1=29 m2=-3284/-171875 i2=-231 t2=28 steerMode=0/350 iSteer=-44056 driveMode=171875/173184 iDrive=186910 scale=0 wheel=500000
2026-07-07T15:15:37.210+00:00 VCP SET_TARGET_RX steer=315352 wheel=500000
2026-07-07T15:15:37.224+00:00 CAN id=101 dlc=8 data=d8cf040020a10700
2026-07-07T15:15:37.244+00:00 CAN id=101 dlc=8 data=d8cf040020a10700
2026-07-07T15:15:37.264+00:00 CAN id=101 dlc=8 data=d8cf040020a10700
2026-07-07T15:15:37.284+00:00 CAN id=101 dlc=8 data=d8cf040020a10700
2026-07-07T15:15:37.304+00:00 CAN id=101 dlc=8 data=d8cf040020a10700
2026-07-07T15:15:37.314+00:00 VCP run=1 step=0 angle=315527 target=315352 err=-175 steer=0 m1=3279/171875 i1=173 t1=29 m2=-3292/-171875 i2=-215 t2=28 steerMode=0/-124 iSteer=-21095 driveMode=171875/172459 iDrive=194160 scale=0 wheel=500000
2026-07-07T15:15:37.324+00:00 CAN id=101 dlc=8 data=d8cf040020a10700
2026-07-07T15:15:37.344+00:00 CAN id=101 dlc=8 data=d8cf040020a10700
2026-07-07T15:15:37.364+00:00 CAN id=101 dlc=8 data=d8cf040020a10700
2026-07-07T15:15:37.384+00:00 CAN id=101 dlc=8 data=d8cf040020a10700
2026-07-07T15:15:37.404+00:00 CAN id=101 dlc=8 data=d8cf040020a10700
2026-07-07T15:15:37.418+00:00 VCP run=1 step=0 angle=315703 target=315352 err=-351 steer=0 m1=3264/171875 i1=169 t1=29 m2=-3267/-171875 i2=-229 t2=28 steerMode=0/49 iSteer=-30215 driveMode=171875/172013 iDrive=198735 scale=0 wheel=500000
2026-07-07T15:15:37.424+00:00 CAN id=101 dlc=8 data=d8cf040020a10700
2026-07-07T15:15:37.444+00:00 CAN id=101 dlc=8 data=d8cf040020a10700
2026-07-07T15:15:37.464+00:00 CAN id=101 dlc=8 data=d8cf040020a10700
2026-07-07T15:15:37.484+00:00 CAN id=101 dlc=8 data=d8cf040020a10700
2026-07-07T15:15:37.504+00:00 CAN id=101 dlc=8 data=d8cf040020a10700
2026-07-07T15:15:37.522+00:00 VCP run=1 step=0 angle=315527 target=315352 err=-175 steer=0 m1=3310/171875 i1=162 t1=29 m2=-3317/-171875 i2=-210 t2=28 steerMode=0/-64 iSteer=-24051 driveMode=171875/173302 iDrive=185731 scale=0 wheel=500000
2026-07-07T15:15:37.524+00:00 CAN id=101 dlc=8 data=d8cf040020a10700
2026-07-07T15:15:37.544+00:00 CAN id=101 dlc=8 data=d8cf040020a10700
2026-07-07T15:15:37.564+00:00 CAN id=101 dlc=8 data=d8cf040020a10700
2026-07-07T15:15:37.584+00:00 CAN id=101 dlc=8 data=d8cf040020a10700
2026-07-07T15:15:37.604+00:00 CAN id=101 dlc=8 data=d8cf040020a10700
2026-07-07T15:15:37.624+00:00 CAN id=101 dlc=8 data=d8cf040020a10700
2026-07-07T15:15:37.644+00:00 CAN id=101 dlc=8 data=d8cf040020a10700
2026-07-07T15:15:37.664+00:00 CAN id=101 dlc=8 data=d8cf040020a10700
2026-07-07T15:15:37.684+00:00 CAN id=101 dlc=8 data=d8cf040020a10700
2026-07-07T15:15:37.704+00:00 CAN id=101 dlc=8 data=d8cf040020a10700
2026-07-07T15:15:37.706+00:00 VCP run=1 step=0 angle=315615 target=315352 err=-263 steer=0 m1=3289/171875 i1=163 t1=29 m2=-3298/-171875 i2=-221 t2=28 steerMode=0/13 iSteer=-28868 driveMode=171875/172692 iDrive=191828 scale=0 wheel=500000
2026-07-07T15:15:37.706+00:00 VCP run=1 step=0 angle=315615 target=315352 err=-263 steer=0 m1=3279/171875 i1=156 t1=29 m2=-3232/-171875 i2=-247 t2=28 steerMode=0/356 iSteer=-45499 driveMode=171875/171764 iDrive=201118 scale=0 wheel=500000
2026-07-07T15:15:37.724+00:00 CAN id=101 dlc=8 data=d8cf040020a10700
2026-07-07T15:15:37.744+00:00 CAN id=101 dlc=8 data=d8cf040020a10700
2026-07-07T15:15:37.764+00:00 CAN id=101 dlc=8 data=d8cf040020a10700
2026-07-07T15:15:37.784+00:00 CAN id=101 dlc=8 data=d8cf040020a10700
2026-07-07T15:15:37.804+00:00 CAN id=101 dlc=8 data=d8cf040020a10700
2026-07-07T15:15:37.810+00:00 VCP SET_TARGET_RX steer=315352 wheel=500000
2026-07-07T15:15:37.810+00:00 VCP run=1 step=0 angle=315703 target=315352 err=-351 steer=0 m1=3260/171875 i1=181 t1=29 m2=-3282/-171875 i2=-212 t2=28 steerMode=0/-252 iSteer=-15689 driveMode=171875/172257 iDrive=196450 scale=0 wheel=500000
2026-07-07T15:15:37.824+00:00 CAN id=101 dlc=8 data=d8cf040020a10700
2026-07-07T15:15:37.844+00:00 CAN id=101 dlc=8 data=d8cf040020a10700
2026-07-07T15:15:37.864+00:00 CAN id=101 dlc=8 data=d8cf040020a10700
2026-07-07T15:15:37.884+00:00 CAN id=101 dlc=8 data=d8cf040020a10700
2026-07-07T15:15:37.904+00:00 CAN id=101 dlc=8 data=d8cf040020a10700
2026-07-07T15:15:37.915+00:00 VCP run=1 step=0 angle=315264 target=315352 err=88 steer=0 m1=3310/171875 i1=131 t1=29 m2=-3269/-171875 i2=-241 t2=28 steerMode=0/538 iSteer=-54805 driveMode=171875/173283 iDrive=185916 scale=0 wheel=500000
2026-07-07T15:15:37.924+00:00 CAN id=101 dlc=8 data=d8cf040020a10700
2026-07-07T15:15:37.944+00:00 CAN id=101 dlc=8 data=d8cf040020a10700
2026-07-07T15:15:37.964+00:00 CAN id=101 dlc=8 data=d8cf040020a10700
2026-07-07T15:15:37.984+00:00 CAN id=101 dlc=8 data=d8cf040020a10700
2026-07-07T15:15:38.004+00:00 CAN id=101 dlc=8 data=d8cf040020a10700
2026-07-07T15:15:38.019+00:00 VCP run=1 step=0 angle=315527 target=315352 err=-175 steer=0 m1=3274/171875 i1=175 t1=29 m2=-3257/-171875 i2=-215 t2=28 steerMode=0/-175 iSteer=-20061 driveMode=171875/172404 iDrive=194713 scale=0 wheel=500000
2026-07-07T15:15:38.024+00:00 CAN id=101 dlc=8 data=d8cf040020a10700
2026-07-07T15:15:38.044+00:00 CAN id=101 dlc=8 data=d8cf040020a10700
2026-07-07T15:15:38.064+00:00 CAN id=101 dlc=8 data=d8cf040020a10700
2026-07-07T15:15:38.084+00:00 CAN id=101 dlc=8 data=d8cf040020a10700
2026-07-07T15:15:38.104+00:00 CAN id=101 dlc=8 data=d8cf040020a10700
2026-07-07T15:15:38.123+00:00 VCP run=1 step=0 angle=315703 target=315352 err=-351 steer=0 m1=3289/171875 i1=168 t1=29 m2=-3286/-171875 i2=-221 t2=28 steerMode=0/-50 iSteer=-26544 driveMode=171875/172462 iDrive=194135 scale=0 wheel=500000
2026-07-07T15:15:38.124+00:00 CAN id=101 dlc=8 data=d8cf040020a10700
2026-07-07T15:15:38.144+00:00 CAN id=101 dlc=8 data=d8cf040020a10700
2026-07-07T15:15:38.164+00:00 CAN id=101 dlc=8 data=d8cf040020a10700
2026-07-07T15:15:38.184+00:00 CAN id=101 dlc=8 data=d8cf040020a10700
2026-07-07T15:15:38.204+00:00 CAN id=101 dlc=8 data=d8cf040020a10700
2026-07-07T15:15:38.224+00:00 CAN id=101 dlc=8 data=d8cf040020a10700
2026-07-07T15:15:38.224+00:00 VCP run=1 step=0 angle=315703 target=315352 err=-351 steer=0 m1=3289/171875 i1=158 t1=29 m2=-3278/-171875 i2=-209 t2=28 steerMode=0/-64 iSteer=-25134 driveMode=171875/173528 iDrive=183467 scale=0 wheel=500000
2026-07-07T15:15:38.224+00:00 VCP SET_TARGET_RX steer=315352 wheel=500000
2026-07-07T15:15:38.244+00:00 CAN id=101 dlc=8 data=d8cf040020a10700
2026-07-07T15:15:38.264+00:00 CAN id=101 dlc=8 data=d8cf040020a10700
2026-07-07T15:15:38.284+00:00 CAN id=101 dlc=8 data=d8cf040020a10700
2026-07-07T15:15:38.304+00:00 CAN id=101 dlc=8 data=d8cf040020a10700
2026-07-07T15:15:38.324+00:00 CAN id=101 dlc=8 data=d8cf040020a10700
2026-07-07T15:15:38.344+00:00 CAN id=101 dlc=8 data=d8cf040020a10700
2026-07-07T15:15:38.364+00:00 CAN id=101 dlc=8 data=d8cf040020a10700
2026-07-07T15:15:38.384+00:00 CAN id=101 dlc=8 data=d8cf040020a10700
2026-07-07T15:15:38.404+00:00 CAN id=101 dlc=8 data=d8cf040020a10700
2026-07-07T15:15:38.410+00:00 VCP run=1 step=0 angle=315615 target=315352 err=-263 steer=0 m1=3249/171875 i1=156 t1=29 m2=-3252/-171875 i2=-247 t2=28 steerMode=0/300 iSteer=-45608 driveMode=171875/171704 iDrive=201731 scale=0 wheel=500000
2026-07-07T15:15:38.410+00:00 VCP run=1 step=0 angle=315527 target=315352 err=-175 steer=0 m1=3262/171875 i1=153 t1=29 m2=-3213/-171875 i2=-263 t2=28 steerMode=0/500 iSteer=-54998 driveMode=171875/171077 iDrive=208296 scale=0 wheel=500000
2026-07-07T15:15:38.424+00:00 CAN id=101 dlc=8 data=d8cf040020a10700
2026-07-07T15:15:38.444+00:00 CAN id=101 dlc=8 data=d8cf040020a10700
2026-07-07T15:15:38.464+00:00 CAN id=101 dlc=8 data=d8cf040020a10700
2026-07-07T15:15:38.484+00:00 CAN id=101 dlc=8 data=d8cf040020a10700
2026-07-07T15:15:38.504+00:00 CAN id=101 dlc=8 data=d8cf040020a10700
2026-07-07T15:15:38.514+00:00 VCP run=1 step=0 angle=315703 target=315352 err=-351 steer=0 m1=3256/171875 i1=238 t1=29 m2=-3321/-171875 i2=-158 t2=28 steerMode=0/-1432 iSteer=40049 driveMode=171875/172213 iDrive=197787 scale=0 wheel=500000
2026-07-07T15:15:38.524+00:00 CAN id=101 dlc=8 data=d8cf040020a10700
2026-07-07T15:15:38.544+00:00 CAN id=101 dlc=8 data=d8cf040020a10700
2026-07-07T15:15:38.564+00:00 CAN id=101 dlc=8 data=d8cf040020a10700
2026-07-07T15:15:38.584+00:00 CAN id=101 dlc=8 data=d8cf040020a10700
2026-07-07T15:15:38.604+00:00 CAN id=101 dlc=8 data=d8cf040020a10700
2026-07-07T15:15:38.619+00:00 VCP run=1 step=0 angle=315176 target=315352 err=176 steer=0 m1=3310/171875 i1=119 t1=29 m2=-3286/-171875 i2=-255 t2=28 steerMode=0/741 iSteer=-67683 driveMode=171875/173177 iDrive=186980 scale=0 wheel=500000
2026-07-07T15:15:38.624+00:00 CAN id=101 dlc=8 data=d8cf040020a10700
2026-07-07T15:15:38.644+00:00 CAN id=101 dlc=8 data=d8cf040020a10700
2026-07-07T15:15:38.664+00:00 CAN id=101 dlc=8 data=d8cf040020a10700
2026-07-07T15:15:38.684+00:00 CAN id=101 dlc=8 data=d8cf040020a10700
2026-07-07T15:15:38.704+00:00 CAN id=101 dlc=8 data=d8cf040020a10700
2026-07-07T15:15:38.720+00:00 VCP run=1 step=0 angle=315527 target=315352 err=-175 steer=0 m1=3264/171875 i1=181 t1=29 m2=-3267/-171875 i2=-215 t2=28 steerMode=0/-287 iSteer=-17057 driveMode=171875/172051 iDrive=198245 scale=0 wheel=500000
2026-07-07T15:15:38.720+00:00 VCP SET_TARGET_RX steer=315352 wheel=500000
2026-07-07T15:15:38.724+00:00 CAN id=101 dlc=8 data=d8cf040020a10700
2026-07-07T15:15:38.744+00:00 CAN id=101 dlc=8 data=d8cf040020a10700
2026-07-07T15:15:38.764+00:00 CAN id=101 dlc=8 data=d8cf040020a10700
2026-07-07T15:15:38.784+00:00 CAN id=101 dlc=8 data=d8cf040020a10700
2026-07-07T15:15:38.804+00:00 CAN id=101 dlc=8 data=d8cf040020a10700
2026-07-07T15:15:38.824+00:00 CAN id=101 dlc=8 data=d8cf040020a10700
2026-07-07T15:15:38.824+00:00 VCP run=1 step=0 angle=315703 target=315352 err=-351 steer=0 m1=3264/171875 i1=179 t1=29 m2=-3294/-171875 i2=-228 t2=28 steerMode=0/-152 iSteer=-24519 driveMode=171875/171585 iDrive=203727 scale=0 wheel=500000
2026-07-07T15:15:38.844+00:00 CAN id=101 dlc=8 data=d8cf040020a10700
2026-07-07T15:15:38.864+00:00 CAN id=101 dlc=8 data=d8cf040020a10700
2026-07-07T15:15:38.884+00:00 CAN id=101 dlc=8 data=d8cf040020a10700
2026-07-07T15:15:38.904+00:00 CAN id=101 dlc=8 data=d8cf040020a10700
2026-07-07T15:15:38.924+00:00 CAN id=101 dlc=8 data=d8cf040020a10700
2026-07-07T15:15:38.944+00:00 CAN id=101 dlc=8 data=d8cf040020a10700
2026-07-07T15:15:38.964+00:00 CAN id=101 dlc=8 data=d8cf040020a10700
2026-07-07T15:15:38.984+00:00 CAN id=101 dlc=8 data=d8cf040020a10700
2026-07-07T15:15:39.004+00:00 CAN id=101 dlc=8 data=d8cf040020a10700
2026-07-07T15:15:39.010+00:00 VCP run=1 step=0 angle=315352 target=315352 err=0 steer=0 m1=3291/171875 i1=143 t1=29 m2=-3252/-171875 i2=-235 t2=28 steerMode=0/300 iSteer=-46215 driveMode=171875/172989 iDrive=188863 scale=0 wheel=500000
2026-07-07T15:15:39.010+00:00 VCP run=1 step=0 angle=315439 target=315352 err=-87 steer=0 m1=3249/171875 i1=156 t1=29 m2=-3275/-171875 i2=-245 t2=28 steerMode=0/239 iSteer=-44662 driveMode=171875/171805 iDrive=200708 scale=0 wheel=500000
2026-07-07T15:15:39.024+00:00 CAN id=101 dlc=8 data=d8cf040020a10700
2026-07-07T15:15:39.044+00:00 CAN id=101 dlc=8 data=d8cf040020a10700
2026-07-07T15:15:39.064+00:00 CAN id=101 dlc=8 data=d8cf040020a10700
2026-07-07T15:15:39.084+00:00 CAN id=101 dlc=8 data=d8cf040020a10700
2026-07-07T15:15:39.104+00:00 CAN id=101 dlc=8 data=d8cf040020a10700
2026-07-07T15:15:39.115+00:00 VCP run=1 step=0 angle=315352 target=315352 err=0 steer=0 m1=3270/171875 i1=158 t1=29 m2=-3248/-171875 i2=-249 t2=28 steerMode=0/265 iSteer=-45322 driveMode=171875/171560 iDrive=203227 scale=0 wheel=500000
2026-07-07T15:15:39.124+00:00 CAN id=101 dlc=8 data=d8cf040020a10700
2026-07-07T15:15:39.144+00:00 CAN id=101 dlc=8 data=d8cf040020a10700
2026-07-07T15:15:39.164+00:00 CAN id=101 dlc=8 data=d8cf040020a10700
2026-07-07T15:15:39.184+00:00 CAN id=101 dlc=8 data=d8cf040020a10700
2026-07-07T15:15:39.204+00:00 CAN id=101 dlc=8 data=d8cf040020a10700
2026-07-07T15:15:39.217+00:00 VCP run=1 step=0 angle=315527 target=315352 err=-175 steer=0 m1=3262/171875 i1=179 t1=29 m2=-3298/-171875 i2=-208 t2=28 steerMode=0/-346 iSteer=-14787 driveMode=171875/172560 iDrive=193423 scale=0 wheel=500000
2026-07-07T15:15:39.217+00:00 VCP SET_TARGET_RX steer=315352 wheel=500000
2026-07-07T15:15:39.224+00:00 CAN id=101 dlc=8 data=d8cf040020a10700
2026-07-07T15:15:39.244+00:00 CAN id=101 dlc=8 data=d8cf040020a10700
2026-07-07T15:15:39.264+00:00 CAN id=101 dlc=8 data=d8cf040020a10700
2026-07-07T15:15:39.284+00:00 CAN id=101 dlc=8 data=d8cf040020a10700
2026-07-07T15:15:39.304+00:00 CAN id=101 dlc=8 data=d8cf040020a10700
2026-07-07T15:15:39.321+00:00 VCP run=1 step=0 angle=315088 target=315352 err=264 steer=0 m1=3306/171875 i1=150 t1=29 m2=-3313/-171875 i2=-218 t2=28 steerMode=0/45 iSteer=-33985 driveMode=171875/173522 iDrive=183532 scale=0 wheel=500000
2026-07-07T15:15:39.324+00:00 CAN id=101 dlc=8 data=d8cf040020a10700
2026-07-07T15:15:39.344+00:00 CAN id=101 dlc=8 data=d8cf040020a10700
2026-07-07T15:15:39.364+00:00 CAN id=101 dlc=8 data=d8cf040020a10700
2026-07-07T15:15:39.384+00:00 CAN id=101 dlc=8 data=d8cf040020a10700
2026-07-07T15:15:39.404+00:00 CAN id=101 dlc=8 data=d8cf040020a10700
2026-07-07T15:15:39.424+00:00 CAN id=101 dlc=8 data=d8cf040020a10700
2026-07-07T15:15:39.444+00:00 CAN id=101 dlc=8 data=d8cf040020a10700
2026-07-07T15:15:39.464+00:00 CAN id=101 dlc=8 data=d8cf040020a10700
2026-07-07T15:15:39.484+00:00 CAN id=101 dlc=8 data=d8cf040020a10700
2026-07-07T15:15:39.504+00:00 CAN id=101 dlc=8 data=d8cf040020a10700
2026-07-07T15:15:39.507+00:00 VCP run=1 step=0 angle=315264 target=315352 err=88 steer=0 m1=3277/171875 i1=167 t1=29 m2=-3263/-171875 i2=-226 t2=28 steerMode=0/-56 iSteer=-29343 driveMode=171875/172192 iDrive=196829 scale=0 wheel=500000
2026-07-07T15:15:39.508+00:00 VCP run=1 step=0 angle=315527 target=315352 err=-175 steer=0 m1=3262/171875 i1=170 t1=29 m2=-3305/-171875 i2=-232 t2=28 steerMode=0/-42 iSteer=-30741 driveMode=171875/171808 iDrive=201174 scale=0 wheel=500000
2026-07-07T15:15:39.524+00:00 CAN id=101 dlc=8 data=d8cf040020a10700
2026-07-07T15:15:39.544+00:00 CAN id=101 dlc=8 data=d8cf040020a10700
2026-07-07T15:15:39.564+00:00 CAN id=101 dlc=8 data=d8cf040020a10700
2026-07-07T15:15:39.584+00:00 CAN id=101 dlc=8 data=d8cf040020a10700
2026-07-07T15:15:39.604+00:00 CAN id=101 dlc=8 data=d8cf040020a10700
2026-07-07T15:15:39.612+00:00 VCP run=1 step=0 angle=315176 target=315352 err=176 steer=0 m1=3295/171875 i1=152 t1=29 m2=-3273/-171875 i2=-215 t2=28 steerMode=0/-8 iSteer=-31485 driveMode=171875/173530 iDrive=183450 scale=0 wheel=500000
2026-07-07T15:15:39.624+00:00 CAN id=101 dlc=8 data=d8cf040020a10700
2026-07-07T15:15:39.644+00:00 CAN id=101 dlc=8 data=d8cf040020a10700
2026-07-07T15:15:39.664+00:00 CAN id=101 dlc=8 data=d8cf040020a10700
2026-07-07T15:15:39.684+00:00 CAN id=101 dlc=8 data=d8cf040020a10700
2026-07-07T15:15:39.704+00:00 BENCH disable sent
2026-07-07T15:15:39.704+00:00 CAN id=121 dlc=2 data=0100
2026-07-07T15:15:39.704+00:00 CAN id=121 dlc=2 data=0100
2026-07-07T15:15:39.812+00:00 VCP run=1 step=0 angle=315176 target=315352 err=176 steer=0 m1=3270/171875 i1=139 t1=29 m2=-3261/-171875 i2=-257 t2=28 steerMode=0/506 iSteer=-58959 driveMode=171875/172095 iDrive=197797 scale=0 wheel=500000
2026-07-07T15:15:39.812+00:00 VCP UNIT_CTRL enable=0
2026-07-07T15:15:39.812+00:00 VCP UNIT_CTRL enable=0
2026-07-07T15:15:39.812+00:00 VCP STOP: disabled
2026-07-07T15:15:40.105+00:00 BENCH log closed
