2026-07-07T15:15:48.685+00:00 BENCH log opened: firmware/logs/accel-step-a2000.log
2026-07-07T15:15:48.685+00:00 BENCH run: steer=315.352deg (315352mdeg) wheel=500.0rpm (500000milli-rpm) rate=50.0Hz duration=6.0s
2026-07-07T15:15:48.685+00:00 BENCH enable sent
2026-07-07T15:15:48.685+00:00 CAN id=121 dlc=2 data=0101
2026-07-07T15:15:48.686+00:00 CAN id=101 dlc=8 data=d8cf040020a10700
2026-07-07T15:15:48.706+00:00 CAN id=101 dlc=8 data=d8cf040020a10700
2026-07-07T15:15:48.710+00:00 VCP SET_TARGET_RX steer=315352 wheel=500000
2026-07-07T15:15:48.710+00:00 VCP START_CAN: angle=359121 target=315352 wheelTarget=500000
2026-07-07T15:15:48.726+00:00 CAN id=101 dlc=8 data=d8cf040020a10700
2026-07-07T15:15:48.746+00:00 CAN id=101 dlc=8 data=d8cf040020a10700
2026-07-07T15:15:48.766+00:00 CAN id=101 dlc=8 data=d8cf040020a10700
2026-07-07T15:15:48.786+00:00 CAN id=101 dlc=8 data=d8cf040020a10700
2026-07-07T15:15:48.806+00:00 CAN id=101 dlc=8 data=d8cf040020a10700
2026-07-07T15:15:48.809+00:00 VCP run=1 step=0 angle=359121 target=315352 err=-43769 steer=-250 m1=0/2063 i1=-42 t1=29 m2=35/-4813 i2=-115 t2=28 steerMode=-1375/184 iSteer=-78194 driveMode=3438/-184 iDrive=36579 scale=0 wheel=10000
2026-07-07T15:15:48.826+00:00 CAN id=101 dlc=8 data=d8cf040020a10700
2026-07-07T15:15:48.846+00:00 CAN id=101 dlc=8 data=d8cf040020a10700
2026-07-07T15:15:48.866+00:00 CAN id=101 dlc=8 data=d8cf040020a10700
2026-07-07T15:15:48.886+00:00 CAN id=101 dlc=8 data=d8cf040020a10700
2026-07-07T15:15:48.906+00:00 CAN id=101 dlc=8 data=d8cf040020a10700
2026-07-07T15:15:48.926+00:00 CAN id=101 dlc=8 data=d8cf040020a10700
2026-07-07T15:15:48.946+00:00 CAN id=101 dlc=8 data=d8cf040020a10700
2026-07-07T15:15:48.966+00:00 CAN id=101 dlc=8 data=d8cf040020a10700
2026-07-07T15:15:48.986+00:00 CAN id=101 dlc=8 data=d8cf040020a10700
2026-07-07T15:15:48.993+00:00 VCP run=1 step=0 angle=358857 target=315352 err=-43505 steer=-4650 m1=-116/38363 i1=-143 t1=29 m2=-488/-89513 i2=-1442 t2=28 steerMode=-25575/-10325 iSteer=-792376 driveMode=63938/4981 iDrive=649410 scale=0 wheel=186000
2026-07-07T15:15:48.993+00:00 VCP run=1 step=0 angle=346025 target=315352 err=-30673 steer=-5000 m1=433/99688 i1=1249 t1=29 m2=-1585/-154688 i2=-1072 t2=28 steerMode=-27500/-30087 iSteer=88296 driveMode=127188/43333 iDrive=1160689 scale=0 wheel=370000
2026-07-07T15:15:49.006+00:00 CAN id=101 dlc=8 data=d8cf040020a10700
2026-07-07T15:15:49.026+00:00 CAN id=101 dlc=8 data=d8cf040020a10700
2026-07-07T15:15:49.046+00:00 CAN id=101 dlc=8 data=d8cf040020a10700
2026-07-07T15:15:49.066+00:00 CAN id=101 dlc=8 data=d8cf040020a10700
2026-07-07T15:15:49.086+00:00 CAN id=101 dlc=8 data=d8cf040020a10700
2026-07-07T15:15:49.096+00:00 VCP run=1 step=0 angle=334072 target=315352 err=-18720 steer=-5000 m1=1644/144375 i1=1106 t1=29 m2=-2669/-199375 i2=-1277 t2=28 steerMode=-27500/-26611 iSteer=-85073 driveMode=171875/100342 iDrive=1191565 scale=0 wheel=500000
2026-07-07T15:15:49.106+00:00 CAN id=101 dlc=8 data=d8cf040020a10700
2026-07-07T15:15:49.126+00:00 CAN id=101 dlc=8 data=d8cf040020a10700
2026-07-07T15:15:49.146+00:00 CAN id=101 dlc=8 data=d8cf040020a10700
2026-07-07T15:15:49.166+00:00 CAN id=101 dlc=8 data=d8cf040020a10700
2026-07-07T15:15:49.186+00:00 CAN id=101 dlc=8 data=d8cf040020a10700
2026-07-07T15:15:49.196+00:00 VCP run=1 step=0 angle=322207 target=315352 err=-6855 steer=-3516 m1=2571/152539 i1=1084 t1=29 m2=-3504/-191211 i2=-432 t2=28 steerMode=-19336/-26609 iSteer=326050 driveMode=171875/151609 iDrive=757572 scale=0 wheel=500000
2026-07-07T15:15:49.196+00:00 VCP SET_TARGET_RX steer=315352 wheel=500000
2026-07-07T15:15:49.206+00:00 CAN id=101 dlc=8 data=d8cf040020a10700
2026-07-07T15:15:49.226+00:00 CAN id=101 dlc=8 data=d8cf040020a10700
2026-07-07T15:15:49.246+00:00 CAN id=101 dlc=8 data=d8cf040020a10700
2026-07-07T15:15:49.266+00:00 CAN id=101 dlc=8 data=d8cf040020a10700
2026-07-07T15:15:49.286+00:00 CAN id=101 dlc=8 data=d8cf040020a10700
2026-07-07T15:15:49.299+00:00 VCP run=1 step=0 angle=316934 target=315352 err=-1582 steer=-791 m1=3482/167526 i1=523 t1=29 m2=-3606/-176224 i2=-396 t2=28 steerMode=-4349/-5978 iSteer=63333 driveMode=171875/182047 iDrive=459195 scale=0 wheel=500000
2026-07-07T15:15:49.306+00:00 CAN id=101 dlc=8 data=d8cf040020a10700
2026-07-07T15:15:49.326+00:00 CAN id=101 dlc=8 data=d8cf040020a10700
2026-07-07T15:15:49.346+00:00 CAN id=101 dlc=8 data=d8cf040020a10700
2026-07-07T15:15:49.366+00:00 CAN id=101 dlc=8 data=d8cf040020a10700
2026-07-07T15:15:49.386+00:00 CAN id=101 dlc=8 data=d8cf040020a10700
2026-07-07T15:15:49.403+00:00 VCP run=1 step=0 angle=315967 target=315352 err=-615 steer=-307 m1=3722/170184 i1=211 t1=29 m2=-3757/-173566 i2=-359 t2=28 steerMode=-1691/-604 iSteer=-73839 driveMode=171875/196004 iDrive=285243 scale=0 wheel=500000
2026-07-07T15:15:49.406+00:00 CAN id=101 dlc=8 data=d8cf040020a10700
2026-07-07T15:15:49.426+00:00 CAN id=101 dlc=8 data=d8cf040020a10700
2026-07-07T15:15:49.446+00:00 CAN id=101 dlc=8 data=d8cf040020a10700
2026-07-07T15:15:49.466+00:00 CAN id=101 dlc=8 data=d8cf040020a10700
2026-07-07T15:15:49.486+00:00 CAN id=101 dlc=8 data=d8cf040020a10700
2026-07-07T15:15:49.506+00:00 CAN id=101 dlc=8 data=d8cf040020a10700
2026-07-07T15:15:49.506+00:00 VCP run=1 step=0 angle=315879 target=315352 err=-527 steer=-263 m1=3789/170426 i1=129 t1=29 m2=-3805/-173324 i2=-267 t2=28 steerMode=-1449/-463 iSteer=-69099 driveMode=171875/199876 iDrive=197706 scale=0 wheel=500000
2026-07-07T15:15:49.526+00:00 CAN id=101 dlc=8 data=d8cf040020a10700
2026-07-07T15:15:49.546+00:00 CAN id=101 dlc=8 data=d8cf040020a10700
2026-07-07T15:15:49.566+00:00 CAN id=101 dlc=8 data=d8cf040020a10700
2026-07-07T15:15:49.586+00:00 CAN id=101 dlc=8 data=d8cf040020a10700
2026-07-07T15:15:49.606+00:00 CAN id=101 dlc=8 data=d8cf040020a10700
2026-07-07T15:15:49.626+00:00 CAN id=101 dlc=8 data=d8cf040020a10700
2026-07-07T15:15:49.646+00:00 CAN id=101 dlc=8 data=d8cf040020a10700
2026-07-07T15:15:49.666+00:00 CAN id=101 dlc=8 data=d8cf040020a10700
2026-07-07T15:15:49.686+00:00 CAN id=101 dlc=8 data=d8cf040020a10700
2026-07-07T15:15:49.689+00:00 VCP run=1 step=0 angle=315703 target=315352 err=-351 steer=0 m1=3806/171875 i1=121 t1=29 m2=-3782/-171875 i2=-172 t2=28 steerMode=0/132 iSteer=-25852 driveMode=171875/199835 iDrive=146598 scale=0 wheel=500000
2026-07-07T15:15:49.689+00:00 VCP run=1 step=0 angle=315615 target=315352 err=-263 steer=0 m1=3762/171875 i1=74 t1=29 m2=-3748/-171875 i2=-158 t2=28 steerMode=0/441 iSteer=-41899 driveMode=171875/197789 iDrive=116374 scale=0 wheel=500000
2026-07-07T15:15:49.706+00:00 CAN id=101 dlc=8 data=d8cf040020a10700
2026-07-07T15:15:49.726+00:00 CAN id=101 dlc=8 data=d8cf040020a10700
2026-07-07T15:15:49.746+00:00 CAN id=101 dlc=8 data=d8cf040020a10700
2026-07-07T15:15:49.766+00:00 CAN id=101 dlc=8 data=d8cf040020a10700
2026-07-07T15:15:49.786+00:00 CAN id=101 dlc=8 data=d8cf040020a10700
2026-07-07T15:15:49.794+00:00 VCP SET_TARGET_RX steer=315352 wheel=500000
2026-07-07T15:15:49.794+00:00 VCP run=1 step=0 angle=315791 target=315352 err=-439 steer=0 m1=3634/171875 i1=98 t1=29 m2=-3631/-171875 i2=-149 t2=28 steerMode=0/95 iSteer=-25321 driveMode=171875/192691 iDrive=123628 scale=0 wheel=500000
2026-07-07T15:15:49.806+00:00 CAN id=101 dlc=8 data=d8cf040020a10700
2026-07-07T15:15:49.826+00:00 CAN id=101 dlc=8 data=d8cf040020a10700
2026-07-07T15:15:49.846+00:00 CAN id=101 dlc=8 data=d8cf040020a10700
2026-07-07T15:15:49.866+00:00 CAN id=101 dlc=8 data=d8cf040020a10700
2026-07-07T15:15:49.886+00:00 CAN id=101 dlc=8 data=d8cf040020a10700
2026-07-07T15:15:49.897+00:00 VCP run=1 step=0 angle=316143 target=315352 err=-791 steer=-395 m1=3540/169701 i1=52 t1=29 m2=-3614/-174049 i2=-210 t2=28 steerMode=-2174/-1070 iSteer=-78986 driveMode=171875/188600 iDrive=130576 scale=0 wheel=500000
2026-07-07T15:15:49.906+00:00 CAN id=101 dlc=8 data=d8cf040020a10700
2026-07-07T15:15:49.926+00:00 CAN id=101 dlc=8 data=d8cf040020a10700
2026-07-07T15:15:49.946+00:00 CAN id=101 dlc=8 data=d8cf040020a10700
2026-07-07T15:15:49.966+00:00 CAN id=101 dlc=8 data=d8cf040020a10700
2026-07-07T15:15:49.986+00:00 CAN id=101 dlc=8 data=d8cf040020a10700
2026-07-07T15:15:50.002+00:00 VCP run=1 step=0 angle=315088 target=315352 err=264 steer=0 m1=3511/171875 i1=82 t1=29 m2=-3481/-171875 i2=-192 t2=28 steerMode=0/671 iSteer=-55266 driveMode=171875/185171 iDrive=136798 scale=0 wheel=500000
2026-07-07T15:15:50.006+00:00 CAN id=101 dlc=8 data=d8cf040020a10700
2026-07-07T15:15:50.026+00:00 CAN id=101 dlc=8 data=d8cf040020a10700
2026-07-07T15:15:50.046+00:00 CAN id=101 dlc=8 data=d8cf040020a10700
2026-07-07T15:15:50.066+00:00 CAN id=101 dlc=8 data=d8cf040020a10700
2026-07-07T15:15:50.086+00:00 CAN id=101 dlc=8 data=d8cf040020a10700
2026-07-07T15:15:50.106+00:00 CAN id=101 dlc=8 data=d8cf040020a10700
2026-07-07T15:15:50.106+00:00 VCP run=1 step=0 angle=315439 target=315352 err=-87 steer=0 m1=3413/171875 i1=144 t1=29 m2=-3432/-171875 i2=-167 t2=28 steerMode=0/-253 iSteer=-11346 driveMode=171875/181217 iDrive=155799 scale=0 wheel=500000
2026-07-07T15:15:50.126+00:00 CAN id=101 dlc=8 data=d8cf040020a10700
2026-07-07T15:15:50.146+00:00 CAN id=101 dlc=8 data=d8cf040020a10700
2026-07-07T15:15:50.166+00:00 CAN id=101 dlc=8 data=d8cf040020a10700
2026-07-07T15:15:50.186+00:00 CAN id=101 dlc=8 data=d8cf040020a10700
2026-07-07T15:15:50.206+00:00 CAN id=101 dlc=8 data=d8cf040020a10700
2026-07-07T15:15:50.207+00:00 VCP run=1 step=0 angle=315439 target=315352 err=-87 steer=0 m1=3390/171875 i1=128 t1=29 m2=-3397/-171875 i2=-201 t2=28 steerMode=0/258 iSteer=-36972 driveMode=171875/178854 iDrive=164511 scale=0 wheel=500000
2026-07-07T15:15:50.207+00:00 VCP SET_TARGET_RX steer=315352 wheel=500000
2026-07-07T15:15:50.226+00:00 CAN id=101 dlc=8 data=d8cf040020a10700
2026-07-07T15:15:50.246+00:00 CAN id=101 dlc=8 data=d8cf040020a10700
2026-07-07T15:15:50.266+00:00 CAN id=101 dlc=8 data=d8cf040020a10700
2026-07-07T15:15:50.286+00:00 CAN id=101 dlc=8 data=d8cf040020a10700
2026-07-07T15:15:50.306+00:00 CAN id=101 dlc=8 data=d8cf040020a10700
2026-07-07T15:15:50.326+00:00 CAN id=101 dlc=8 data=d8cf040020a10700
2026-07-07T15:15:50.346+00:00 CAN id=101 dlc=8 data=d8cf040020a10700
2026-07-07T15:15:50.366+00:00 CAN id=101 dlc=8 data=d8cf040020a10700
2026-07-07T15:15:50.386+00:00 CAN id=101 dlc=8 data=d8cf040020a10700
2026-07-07T15:15:50.394+00:00 VCP run=1 step=0 angle=315352 target=315352 err=0 steer=0 m1=3377/171875 i1=133 t1=29 m2=-3368/-171875 i2=-185 t2=28 steerMode=0/48 iSteer=-25930 driveMode=171875/178136 iDrive=159227 scale=0 wheel=500000
2026-07-07T15:15:50.394+00:00 VCP run=1 step=0 angle=315352 target=315352 err=0 steer=0 m1=3308/171875 i1=154 t1=29 m2=-3313/-171875 i2=-201 t2=28 steerMode=0/-32 iSteer=-23540 driveMode=171875/175470 iDrive=177210 scale=0 wheel=500000
2026-07-07T15:15:50.406+00:00 CAN id=101 dlc=8 data=d8cf040020a10700
2026-07-07T15:15:50.426+00:00 CAN id=101 dlc=8 data=d8cf040020a10700
2026-07-07T15:15:50.446+00:00 CAN id=101 dlc=8 data=d8cf040020a10700
2026-07-07T15:15:50.466+00:00 CAN id=101 dlc=8 data=d8cf040020a10700
2026-07-07T15:15:50.486+00:00 CAN id=101 dlc=8 data=d8cf040020a10700
2026-07-07T15:15:50.498+00:00 VCP run=1 step=0 angle=315615 target=315352 err=-263 steer=0 m1=3291/171875 i1=148 t1=29 m2=-3286/-171875 i2=-250 t2=28 steerMode=0/512 iSteer=-50704 driveMode=171875/172869 iDrive=198996 scale=0 wheel=500000
2026-07-07T15:15:50.506+00:00 CAN id=101 dlc=8 data=d8cf040020a10700
2026-07-07T15:15:50.526+00:00 CAN id=101 dlc=8 data=d8cf040020a10700
2026-07-07T15:15:50.546+00:00 CAN id=101 dlc=8 data=d8cf040020a10700
2026-07-07T15:15:50.566+00:00 CAN id=101 dlc=8 data=d8cf040020a10700
2026-07-07T15:15:50.586+00:00 CAN id=101 dlc=8 data=d8cf040020a10700
2026-07-07T15:15:50.602+00:00 VCP run=1 step=0 angle=315879 target=315352 err=-527 steer=-263 m1=3295/170426 i1=114 t1=29 m2=-3332/-173324 i2=-259 t2=28 steerMode=-1449/-514 iSteer=-72554 driveMode=171875/173913 iDrive=186240 scale=0 wheel=500000
2026-07-07T15:15:50.606+00:00 CAN id=101 dlc=8 data=d8cf040020a10700
2026-07-07T15:15:50.626+00:00 CAN id=101 dlc=8 data=d8cf040020a10700
2026-07-07T15:15:50.646+00:00 CAN id=101 dlc=8 data=d8cf040020a10700
2026-07-07T15:15:50.666+00:00 CAN id=101 dlc=8 data=d8cf040020a10700
2026-07-07T15:15:50.686+00:00 CAN id=101 dlc=8 data=d8cf040020a10700
2026-07-07T15:15:50.703+00:00 VCP run=1 step=0 angle=315176 target=315352 err=176 steer=0 m1=3316/171875 i1=131 t1=29 m2=-3269/-171875 i2=-235 t2=28 steerMode=0/547 iSteer=-52171 driveMode=171875/173832 iDrive=182685 scale=0 wheel=500000
2026-07-07T15:15:50.703+00:00 VCP SET_TARGET_RX steer=315352 wheel=500000
2026-07-07T15:15:50.706+00:00 CAN id=101 dlc=8 data=d8cf040020a10700
2026-07-07T15:15:50.726+00:00 CAN id=101 dlc=8 data=d8cf040020a10700
2026-07-07T15:15:50.746+00:00 CAN id=101 dlc=8 data=d8cf040020a10700
2026-07-07T15:15:50.766+00:00 CAN id=101 dlc=8 data=d8cf040020a10700
2026-07-07T15:15:50.786+00:00 CAN id=101 dlc=8 data=d8cf040020a10700
2026-07-07T15:15:50.806+00:00 CAN id=101 dlc=8 data=d8cf040020a10700
2026-07-07T15:15:50.807+00:00 VCP run=1 step=0 angle=315352 target=315352 err=0 steer=0 m1=3266/171875 i1=169 t1=29 m2=-3255/-171875 i2=-219 t2=28 steerMode=0/-10 iSteer=-25128 driveMode=171875/172472 iDrive=194061 scale=0 wheel=500000
2026-07-07T15:15:50.826+00:00 CAN id=101 dlc=8 data=d8cf040020a10700
2026-07-07T15:15:50.846+00:00 CAN id=101 dlc=8 data=d8cf040020a10700
2026-07-07T15:15:50.866+00:00 CAN id=101 dlc=8 data=d8cf040020a10700
2026-07-07T15:15:50.886+00:00 CAN id=101 dlc=8 data=d8cf040020a10700
2026-07-07T15:15:50.906+00:00 CAN id=101 dlc=8 data=d8cf040020a10700
2026-07-07T15:15:50.926+00:00 CAN id=101 dlc=8 data=d8cf040020a10700
2026-07-07T15:15:50.946+00:00 CAN id=101 dlc=8 data=d8cf040020a10700
2026-07-07T15:15:50.966+00:00 CAN id=101 dlc=8 data=d8cf040020a10700
2026-07-07T15:15:50.986+00:00 CAN id=101 dlc=8 data=d8cf040020a10700
2026-07-07T15:15:50.994+00:00 VCP run=1 step=0 angle=315527 target=315352 err=-175 steer=0 m1=3272/171875 i1=180 t1=29 m2=-3284/-171875 i2=-214 t2=28 steerMode=0/-170 iSteer=-17181 driveMode=171875/172205 iDrive=196701 scale=0 wheel=500000
2026-07-07T15:15:50.994+00:00 VCP run=1 step=0 angle=315352 target=315352 err=0 steer=0 m1=3283/171875 i1=153 t1=29 m2=-3273/-171875 i2=-219 t2=28 steerMode=0/141 iSteer=-32801 driveMode=171875/173266 iDrive=186092 scale=0 wheel=500000
2026-07-07T15:15:51.006+00:00 CAN id=101 dlc=8 data=d8cf040020a10700
2026-07-07T15:15:51.026+00:00 CAN id=101 dlc=8 data=d8cf040020a10700
2026-07-07T15:15:51.046+00:00 CAN id=101 dlc=8 data=d8cf040020a10700
2026-07-07T15:15:51.066+00:00 CAN id=101 dlc=8 data=d8cf040020a10700
2026-07-07T15:15:51.086+00:00 CAN id=101 dlc=8 data=d8cf040020a10700
2026-07-07T15:15:51.098+00:00 VCP run=1 step=0 angle=315264 target=315352 err=88 steer=0 m1=3266/171875 i1=170 t1=29 m2=-3280/-171875 i2=-219 t2=28 steerMode=0/-46 iSteer=-24501 driveMode=171875/172403 iDrive=194715 scale=0 wheel=500000
2026-07-07T15:15:51.106+00:00 CAN id=101 dlc=8 data=d8cf040020a10700
2026-07-07T15:15:51.126+00:00 CAN id=101 dlc=8 data=d8cf040020a10700
2026-07-07T15:15:51.146+00:00 CAN id=101 dlc=8 data=d8cf040020a10700
2026-07-07T15:15:51.166+00:00 CAN id=101 dlc=8 data=d8cf040020a10700
2026-07-07T15:15:51.186+00:00 CAN id=101 dlc=8 data=d8cf040020a10700
2026-07-07T15:15:51.199+00:00 VCP run=1 step=0 angle=315527 target=315352 err=-175 steer=0 m1=3258/171875 i1=154 t1=29 m2=-3234/-171875 i2=-264 t2=28 steerMode=0/567 iSteer=-55175 driveMode=171875/171035 iDrive=208765 scale=0 wheel=500000
2026-07-07T15:15:51.199+00:00 VCP SET_TARGET_RX steer=315352 wheel=500000
2026-07-07T15:15:51.206+00:00 CAN id=101 dlc=8 data=d8cf040020a10700
2026-07-07T15:15:51.226+00:00 CAN id=101 dlc=8 data=d8cf040020a10700
2026-07-07T15:15:51.246+00:00 CAN id=101 dlc=8 data=d8cf040020a10700
2026-07-07T15:15:51.266+00:00 CAN id=101 dlc=8 data=d8cf040020a10700
2026-07-07T15:15:51.286+00:00 CAN id=101 dlc=8 data=d8cf040020a10700
2026-07-07T15:15:51.304+00:00 VCP run=1 step=0 angle=315615 target=315352 err=-263 steer=0 m1=3283/171875 i1=189 t1=29 m2=-3309/-171875 i2=-196 t2=28 steerMode=0/-458 iSteer=-3791 driveMode=171875/172698 iDrive=192430 scale=0 wheel=500000
2026-07-07T15:15:51.306+00:00 CAN id=101 dlc=8 data=d8cf040020a10700
2026-07-07T15:15:51.326+00:00 CAN id=101 dlc=8 data=d8cf040020a10700
2026-07-07T15:15:51.346+00:00 CAN id=101 dlc=8 data=d8cf040020a10700
2026-07-07T15:15:51.366+00:00 CAN id=101 dlc=8 data=d8cf040020a10700
2026-07-07T15:15:51.386+00:00 CAN id=101 dlc=8 data=d8cf040020a10700
2026-07-07T15:15:51.406+00:00 CAN id=101 dlc=8 data=d8cf040020a10700
2026-07-07T15:15:51.426+00:00 CAN id=101 dlc=8 data=d8cf040020a10700
2026-07-07T15:15:51.446+00:00 CAN id=101 dlc=8 data=d8cf040020a10700
2026-07-07T15:15:51.466+00:00 CAN id=101 dlc=8 data=d8cf040020a10700
2026-07-07T15:15:51.486+00:00 CAN id=101 dlc=8 data=d8cf040020a10700
2026-07-07T15:15:51.490+00:00 VCP run=1 step=0 angle=315264 target=315352 err=88 steer=0 m1=3279/171875 i1=134 t1=29 m2=-3275/-171875 i2=-248 t2=28 steerMode=0/605 iSteer=-57212 driveMode=171875/172786 iDrive=190894 scale=0 wheel=500000
2026-07-07T15:15:51.490+00:00 VCP run=1 step=0 angle=315439 target=315352 err=-87 steer=0 m1=3272/171875 i1=178 t1=29 m2=-3234/-171875 i2=-218 t2=28 steerMode=0/-152 iSteer=-19867 driveMode=171875/172107 iDrive=197678 scale=0 wheel=500000
2026-07-07T15:15:51.506+00:00 CAN id=101 dlc=8 data=d8cf040020a10700
2026-07-07T15:15:51.526+00:00 CAN id=101 dlc=8 data=d8cf040020a10700
2026-07-07T15:15:51.546+00:00 CAN id=101 dlc=8 data=d8cf040020a10700
2026-07-07T15:15:51.566+00:00 CAN id=101 dlc=8 data=d8cf040020a10700
2026-07-07T15:15:51.586+00:00 CAN id=101 dlc=8 data=d8cf040020a10700
2026-07-07T15:15:51.595+00:00 VCP run=1 step=0 angle=315615 target=315352 err=-263 steer=0 m1=3264/171875 i1=172 t1=29 m2=-3296/-171875 i2=-220 t2=28 steerMode=0/-75 iSteer=-24322 driveMode=171875/172286 iDrive=196033 scale=0 wheel=500000
2026-07-07T15:15:51.606+00:00 CAN id=101 dlc=8 data=d8cf040020a10700
2026-07-07T15:15:51.626+00:00 CAN id=101 dlc=8 data=d8cf040020a10700
2026-07-07T15:15:51.646+00:00 CAN id=101 dlc=8 data=d8cf040020a10700
2026-07-07T15:15:51.666+00:00 CAN id=101 dlc=8 data=d8cf040020a10700
2026-07-07T15:15:51.686+00:00 CAN id=101 dlc=8 data=d8cf040020a10700
2026-07-07T15:15:51.695+00:00 VCP run=1 step=0 angle=315527 target=315352 err=-175 steer=0 m1=3297/171875 i1=147 t1=29 m2=-3255/-171875 i2=-227 t2=28 steerMode=0/254 iSteer=-40066 driveMode=171875/173184 iDrive=186912 scale=0 wheel=500000
2026-07-07T15:15:51.695+00:00 VCP SET_TARGET_RX steer=315352 wheel=500000
2026-07-07T15:15:51.706+00:00 CAN id=101 dlc=8 data=d8cf040020a10700
2026-07-07T15:15:51.726+00:00 CAN id=101 dlc=8 data=d8cf040020a10700
2026-07-07T15:15:51.746+00:00 CAN id=101 dlc=8 data=d8cf040020a10700
2026-07-07T15:15:51.766+00:00 CAN id=101 dlc=8 data=d8cf040020a10700
2026-07-07T15:15:51.786+00:00 CAN id=101 dlc=8 data=d8cf040020a10700
2026-07-07T15:15:51.800+00:00 VCP run=1 step=0 angle=315615 target=315352 err=-263 steer=0 m1=3256/171875 i1=184 t1=29 m2=-3294/-171875 i2=-218 t2=28 steerMode=0/-240 iSteer=-17190 driveMode=171875/171782 iDrive=201049 scale=0 wheel=500000
2026-07-07T15:15:51.806+00:00 CAN id=101 dlc=8 data=d8cf040020a10700
2026-07-07T15:15:51.826+00:00 CAN id=101 dlc=8 data=d8cf040020a10700
2026-07-07T15:15:51.846+00:00 CAN id=101 dlc=8 data=d8cf040020a10700
2026-07-07T15:15:51.866+00:00 CAN id=101 dlc=8 data=d8cf040020a10700
2026-07-07T15:15:51.886+00:00 CAN id=101 dlc=8 data=d8cf040020a10700
2026-07-07T15:15:51.904+00:00 VCP run=1 step=0 angle=315615 target=315352 err=-263 steer=0 m1=3251/171875 i1=155 t1=29 m2=-3238/-171875 i2=-262 t2=28 steerMode=0/490 iSteer=-53271 driveMode=171875/171095 iDrive=208427 scale=0 wheel=500000
2026-07-07T15:15:51.906+00:00 CAN id=101 dlc=8 data=d8cf040020a10700
2026-07-07T15:15:51.926+00:00 CAN id=101 dlc=8 data=d8cf040020a10700
2026-07-07T15:15:51.946+00:00 CAN id=101 dlc=8 data=d8cf040020a10700
2026-07-07T15:15:51.966+00:00 CAN id=101 dlc=8 data=d8cf040020a10700
2026-07-07T15:15:51.986+00:00 CAN id=101 dlc=8 data=d8cf040020a10700
2026-07-07T15:15:52.006+00:00 CAN id=101 dlc=8 data=d8cf040020a10700
2026-07-07T15:15:52.026+00:00 CAN id=101 dlc=8 data=d8cf040020a10700
2026-07-07T15:15:52.046+00:00 CAN id=101 dlc=8 data=d8cf040020a10700
2026-07-07T15:15:52.066+00:00 CAN id=101 dlc=8 data=d8cf040020a10700
2026-07-07T15:15:52.086+00:00 CAN id=101 dlc=8 data=d8cf040020a10700
2026-07-07T15:15:52.090+00:00 VCP run=1 step=0 angle=315527 target=315352 err=-175 steer=0 m1=3270/171875 i1=180 t1=28 m2=-3309/-171875 i2=-207 t2=28 steerMode=0/-307 iSteer=-13480 driveMode=171875/172631 iDrive=193369 scale=0 wheel=500000
2026-07-07T15:15:52.091+00:00 VCP run=1 step=0 angle=315352 target=315352 err=0 steer=0 m1=3291/171875 i1=135 t1=28 m2=-3267/-171875 i2=-238 t2=28 steerMode=0/447 iSteer=-51099 driveMode=171875/173227 iDrive=186482 scale=0 wheel=500000
2026-07-07T15:15:52.106+00:00 CAN id=101 dlc=8 data=d8cf040020a10700
2026-07-07T15:15:52.126+00:00 CAN id=101 dlc=8 data=d8cf040020a10700
2026-07-07T15:15:52.146+00:00 CAN id=101 dlc=8 data=d8cf040020a10700
2026-07-07T15:15:52.166+00:00 CAN id=101 dlc=8 data=d8cf040020a10700
2026-07-07T15:15:52.186+00:00 CAN id=101 dlc=8 data=d8cf040020a10700
2026-07-07T15:15:52.191+00:00 VCP run=1 step=0 angle=315527 target=315352 err=-175 steer=0 m1=3272/171875 i1=176 t1=28 m2=-3255/-171875 i2=-221 t2=28 steerMode=0/-128 iSteer=-22547 driveMode=171875/172015 iDrive=198598 scale=0 wheel=500000
2026-07-07T15:15:52.191+00:00 VCP SET_TARGET_RX steer=315352 wheel=500000
2026-07-07T15:15:52.206+00:00 CAN id=101 dlc=8 data=d8cf040020a10700
2026-07-07T15:15:52.226+00:00 CAN id=101 dlc=8 data=d8cf040020a10700
2026-07-07T15:15:52.246+00:00 CAN id=101 dlc=8 data=d8cf040020a10700
2026-07-07T15:15:52.266+00:00 CAN id=101 dlc=8 data=d8cf040020a10700
2026-07-07T15:15:52.286+00:00 CAN id=101 dlc=8 data=d8cf040020a10700
2026-07-07T15:15:52.295+00:00 VCP run=1 step=0 angle=315791 target=315352 err=-439 steer=-100 m1=3262/171325 i1=160 t1=28 m2=-3263/-172425 i2=-243 t2=28 steerMode=-550/-328 iSteer=-41122 driveMode=171875/171800 iDrive=201553 scale=0 wheel=500000
2026-07-07T15:15:52.306+00:00 CAN id=101 dlc=8 data=d8cf040020a10700
2026-07-07T15:15:52.326+00:00 CAN id=101 dlc=8 data=d8cf040020a10700
2026-07-07T15:15:52.346+00:00 CAN id=101 dlc=8 data=d8cf040020a10700
2026-07-07T15:15:52.366+00:00 CAN id=101 dlc=8 data=d8cf040020a10700
2026-07-07T15:15:52.386+00:00 CAN id=101 dlc=8 data=d8cf040020a10700
2026-07-07T15:15:52.399+00:00 VCP run=1 step=0 angle=315352 target=315352 err=0 steer=0 m1=3302/171875 i1=148 t1=28 m2=-3259/-171875 i2=-228 t2=28 steerMode=0/227 iSteer=-40105 driveMode=171875/173061 iDrive=188135 scale=0 wheel=500000
2026-07-07T15:15:52.406+00:00 CAN id=101 dlc=8 data=d8cf040020a10700
2026-07-07T15:15:52.426+00:00 CAN id=101 dlc=8 data=d8cf040020a10700
2026-07-07T15:15:52.446+00:00 CAN id=101 dlc=8 data=d8cf040020a10700
2026-07-07T15:15:52.466+00:00 CAN id=101 dlc=8 data=d8cf040020a10700
2026-07-07T15:15:52.486+00:00 CAN id=101 dlc=8 data=d8cf040020a10700
2026-07-07T15:15:52.504+00:00 VCP run=1 step=0 angle=315352 target=315352 err=0 steer=0 m1=3256/171875 i1=171 t1=28 m2=-3292/-171875 i2=-224 t2=28 steerMode=0/-71 iSteer=-26733 driveMode=171875/172127 iDrive=197484 scale=0 wheel=500000
2026-07-07T15:15:52.506+00:00 CAN id=101 dlc=8 data=d8cf040020a10700
2026-07-07T15:15:52.526+00:00 CAN id=101 dlc=8 data=d8cf040020a10700
2026-07-07T15:15:52.546+00:00 CAN id=101 dlc=8 data=d8cf040020a10700
2026-07-07T15:15:52.566+00:00 CAN id=101 dlc=8 data=d8cf040020a10700
2026-07-07T15:15:52.586+00:00 CAN id=101 dlc=8 data=d8cf040020a10700
2026-07-07T15:15:52.606+00:00 CAN id=101 dlc=8 data=d8cf040020a10700
2026-07-07T15:15:52.626+00:00 CAN id=101 dlc=8 data=d8cf040020a10700
2026-07-07T15:15:52.646+00:00 CAN id=101 dlc=8 data=d8cf040020a10700
2026-07-07T15:15:52.666+00:00 CAN id=101 dlc=8 data=d8cf040020a10700
2026-07-07T15:15:52.686+00:00 CAN id=101 dlc=8 data=d8cf040020a10700
2026-07-07T15:15:52.687+00:00 VCP run=1 step=0 angle=315352 target=315352 err=0 steer=0 m1=3266/171875 i1=150 t1=28 m2=-3238/-171875 i2=-256 t2=28 steerMode=0/464 iSteer=-52995 driveMode=171875/171630 iDrive=202518 scale=0 wheel=500000
2026-07-07T15:15:52.687+00:00 VCP run=1 step=0 angle=315352 target=315352 err=0 steer=0 m1=3285/171875 i1=178 t1=28 m2=-3317/-171875 i2=-201 t2=28 steerMode=0/-363 iSteer=-11277 driveMode=171875/172909 iDrive=189664 scale=0 wheel=500000
2026-07-07T15:15:52.706+00:00 CAN id=101 dlc=8 data=d8cf040020a10700
2026-07-07T15:15:52.726+00:00 CAN id=101 dlc=8 data=d8cf040020a10700
2026-07-07T15:15:52.746+00:00 CAN id=101 dlc=8 data=d8cf040020a10700
2026-07-07T15:15:52.766+00:00 CAN id=101 dlc=8 data=d8cf040020a10700
2026-07-07T15:15:52.786+00:00 CAN id=101 dlc=8 data=d8cf040020a10700
2026-07-07T15:15:52.792+00:00 VCP SET_TARGET_RX steer=315352 wheel=500000
2026-07-07T15:15:52.792+00:00 VCP run=1 step=0 angle=315176 target=315352 err=176 steer=0 m1=3297/171875 i1=146 t1=28 m2=-3288/-171875 i2=-227 t2=28 steerMode=0/221 iSteer=-40472 driveMode=171875/173202 iDrive=186726 scale=0 wheel=500000
2026-07-07T15:15:52.806+00:00 CAN id=101 dlc=8 data=d8cf040020a10700
2026-07-07T15:15:52.826+00:00 CAN id=101 dlc=8 data=d8cf040020a10700
2026-07-07T15:15:52.846+00:00 CAN id=101 dlc=8 data=d8cf040020a10700
2026-07-07T15:15:52.866+00:00 CAN id=101 dlc=8 data=d8cf040020a10700
2026-07-07T15:15:52.886+00:00 CAN id=101 dlc=8 data=d8cf040020a10700
2026-07-07T15:15:52.896+00:00 VCP run=1 step=0 angle=315264 target=315352 err=88 steer=0 m1=3274/171875 i1=169 t1=28 m2=-3271/-171875 i2=-229 t2=28 steerMode=0/5 iSteer=-30161 driveMode=171875/171993 iDrive=198818 scale=0 wheel=500000
2026-07-07T15:15:52.906+00:00 CAN id=101 dlc=8 data=d8cf040020a10700
2026-07-07T15:15:52.926+00:00 CAN id=101 dlc=8 data=d8cf040020a10700
2026-07-07T15:15:52.946+00:00 CAN id=101 dlc=8 data=d8cf040020a10700
2026-07-07T15:15:52.966+00:00 CAN id=101 dlc=8 data=d8cf040020a10700
2026-07-07T15:15:52.986+00:00 CAN id=101 dlc=8 data=d8cf040020a10700
2026-07-07T15:15:53.001+00:00 VCP run=1 step=0 angle=315703 target=315352 err=-351 steer=0 m1=3258/171875 i1=188 t1=28 m2=-3294/-171875 i2=-209 t2=28 steerMode=0/-394 iSteer=-10525 driveMode=171875/172073 iDrive=198592 scale=0 wheel=500000
2026-07-07T15:15:53.006+00:00 CAN id=101 dlc=8 data=d8cf040020a10700
2026-07-07T15:15:53.026+00:00 CAN id=101 dlc=8 data=d8cf040020a10700
2026-07-07T15:15:53.046+00:00 CAN id=101 dlc=8 data=d8cf040020a10700
2026-07-07T15:15:53.066+00:00 CAN id=101 dlc=8 data=d8cf040020a10700
2026-07-07T15:15:53.086+00:00 CAN id=101 dlc=8 data=d8cf040020a10700
2026-07-07T15:15:53.105+00:00 VCP run=1 step=0 angle=315264 target=315352 err=88 steer=0 m1=3297/171875 i1=138 t1=28 m2=-3265/-171875 i2=-234 t2=28 steerMode=0/364 iSteer=-47764 driveMode=171875/173291 iDrive=185845 scale=0 wheel=500000
2026-07-07T15:15:53.106+00:00 CAN id=101 dlc=8 data=d8cf040020a10700
2026-07-07T15:15:53.126+00:00 CAN id=101 dlc=8 data=d8cf040020a10700
2026-07-07T15:15:53.146+00:00 CAN id=101 dlc=8 data=d8cf040020a10700
2026-07-07T15:15:53.166+00:00 CAN id=101 dlc=8 data=d8cf040020a10700
2026-07-07T15:15:53.186+00:00 CAN id=101 dlc=8 data=d8cf040020a10700
2026-07-07T15:15:53.206+00:00 CAN id=101 dlc=8 data=d8cf040020a10700
2026-07-07T15:15:53.206+00:00 VCP run=1 step=0 angle=315439 target=315352 err=-87 steer=0 m1=3243/171875 i1=160 t1=28 m2=-3244/-171875 i2=-249 t2=28 steerMode=0/261 iSteer=-44295 driveMode=171875/171420 iDrive=204651 scale=0 wheel=500000
2026-07-07T15:15:53.206+00:00 VCP SET_TARGET_RX steer=315352 wheel=500000
2026-07-07T15:15:53.226+00:00 CAN id=101 dlc=8 data=d8cf040020a10700
2026-07-07T15:15:53.246+00:00 CAN id=101 dlc=8 data=d8cf040020a10700
2026-07-07T15:15:53.266+00:00 CAN id=101 dlc=8 data=d8cf040020a10700
2026-07-07T15:15:53.286+00:00 CAN id=101 dlc=8 data=d8cf040020a10700
2026-07-07T15:15:53.306+00:00 CAN id=101 dlc=8 data=d8cf040020a10700
2026-07-07T15:15:53.326+00:00 CAN id=101 dlc=8 data=d8cf040020a10700
2026-07-07T15:15:53.346+00:00 CAN id=101 dlc=8 data=d8cf040020a10700
2026-07-07T15:15:53.366+00:00 CAN id=101 dlc=8 data=d8cf040020a10700
2026-07-07T15:15:53.386+00:00 CAN id=101 dlc=8 data=d8cf040020a10700
2026-07-07T15:15:53.393+00:00 VCP run=1 step=0 angle=315352 target=315352 err=0 steer=0 m1=3262/171875 i1=161 t1=28 m2=-3263/-171875 i2=-254 t2=28 steerMode=0/305 iSteer=-46262 driveMode=171875/171210 iDrive=207682 scale=0 wheel=500000
2026-07-07T15:15:53.393+00:00 VCP run=1 step=0 angle=315439 target=315352 err=-87 steer=0 m1=3293/171875 i1=169 t1=28 m2=-3294/-171875 i2=-218 t2=28 steerMode=0/-124 iSteer=-24400 driveMode=171875/172660 iDrive=193414 scale=0 wheel=500000
2026-07-07T15:15:53.406+00:00 CAN id=101 dlc=8 data=d8cf040020a10700
2026-07-07T15:15:53.426+00:00 CAN id=101 dlc=8 data=d8cf040020a10700
2026-07-07T15:15:53.446+00:00 CAN id=101 dlc=8 data=d8cf040020a10700
2026-07-07T15:15:53.466+00:00 CAN id=101 dlc=8 data=d8cf040020a10700
2026-07-07T15:15:53.486+00:00 CAN id=101 dlc=8 data=d8cf040020a10700
2026-07-07T15:15:53.497+00:00 VCP run=1 step=0 angle=315264 target=315352 err=88 steer=0 m1=3283/171875 i1=146 t1=28 m2=-3282/-171875 i2=-230 t2=28 steerMode=0/215 iSteer=-41960 driveMode=171875/173096 iDrive=187788 scale=0 wheel=500000
2026-07-07T15:15:53.506+00:00 CAN id=101 dlc=8 data=d8cf040020a10700
2026-07-07T15:15:53.526+00:00 CAN id=101 dlc=8 data=d8cf040020a10700
2026-07-07T15:15:53.546+00:00 CAN id=101 dlc=8 data=d8cf040020a10700
2026-07-07T15:15:53.566+00:00 CAN id=101 dlc=8 data=d8cf040020a10700
2026-07-07T15:15:53.586+00:00 CAN id=101 dlc=8 data=d8cf040020a10700
2026-07-07T15:15:53.602+00:00 VCP run=1 step=0 angle=315439 target=315352 err=-87 steer=0 m1=3283/171875 i1=165 t1=28 m2=-3259/-171875 i2=-229 t2=28 steerMode=0/18 iSteer=-31911 driveMode=171875/172170 iDrive=197050 scale=0 wheel=500000
2026-07-07T15:15:53.606+00:00 CAN id=101 dlc=8 data=d8cf040020a10700
2026-07-07T15:15:53.626+00:00 CAN id=101 dlc=8 data=d8cf040020a10700
2026-07-07T15:15:53.646+00:00 CAN id=101 dlc=8 data=d8cf040020a10700
2026-07-07T15:15:53.666+00:00 CAN id=101 dlc=8 data=d8cf040020a10700
2026-07-07T15:15:53.686+00:00 CAN id=101 dlc=8 data=d8cf040020a10700
2026-07-07T15:15:53.703+00:00 VCP run=1 step=0 angle=315527 target=315352 err=-175 steer=0 m1=3251/171875 i1=189 t1=28 m2=-3294/-171875 i2=-214 t2=28 steerMode=0/-388 iSteer=-12670 driveMode=171875/171836 iDrive=201189 scale=0 wheel=500000
2026-07-07T15:15:53.703+00:00 VCP SET_TARGET_RX steer=315352 wheel=500000
2026-07-07T15:15:53.706+00:00 CAN id=101 dlc=8 data=d8cf040020a10700
2026-07-07T15:15:53.726+00:00 CAN id=101 dlc=8 data=d8cf040020a10700
2026-07-07T15:15:53.746+00:00 CAN id=101 dlc=8 data=d8cf040020a10700
2026-07-07T15:15:53.766+00:00 CAN id=101 dlc=8 data=d8cf040020a10700
2026-07-07T15:15:53.786+00:00 CAN id=101 dlc=8 data=d8cf040020a10700
2026-07-07T15:15:53.806+00:00 CAN id=101 dlc=8 data=d8cf040020a10700
2026-07-07T15:15:53.807+00:00 VCP run=1 step=0 angle=315176 target=315352 err=176 steer=0 m1=3304/171875 i1=135 t1=28 m2=-3267/-171875 i2=-239 t2=28 steerMode=0/424 iSteer=-52077 driveMode=171875/173217 iDrive=186579 scale=0 wheel=500000
2026-07-07T15:15:53.826+00:00 CAN id=101 dlc=8 data=d8cf040020a10700
2026-07-07T15:15:53.846+00:00 CAN id=101 dlc=8 data=d8cf040020a10700
2026-07-07T15:15:53.866+00:00 CAN id=101 dlc=8 data=d8cf040020a10700
2026-07-07T15:15:53.886+00:00 CAN id=101 dlc=8 data=d8cf040020a10700
2026-07-07T15:15:53.906+00:00 CAN id=101 dlc=8 data=d8cf040020a10700
2026-07-07T15:15:53.926+00:00 CAN id=101 dlc=8 data=d8cf040020a10700
2026-07-07T15:15:53.946+00:00 CAN id=101 dlc=8 data=d8cf040020a10700
2026-07-07T15:15:53.966+00:00 CAN id=101 dlc=8 data=d8cf040020a10700
2026-07-07T15:15:53.986+00:00 CAN id=101 dlc=8 data=d8cf040020a10700
2026-07-07T15:15:53.994+00:00 VCP run=1 step=0 angle=315176 target=315352 err=176 steer=0 m1=3262/171875 i1=161 t1=28 m2=-3267/-171875 i2=-236 t2=28 steerMode=0/108 iSteer=-37424 driveMode=171875/172024 iDrive=198506 scale=0 wheel=500000
2026-07-07T15:15:53.994+00:00 VCP run=1 step=0 angle=315352 target=315352 err=0 steer=0 m1=3279/171875 i1=159 t1=28 m2=-3263/-171875 i2=-241 t2=28 steerMode=0/187 iSteer=-41069 driveMode=171875/171855 iDrive=200219 scale=0 wheel=500000
2026-07-07T15:15:54.006+00:00 CAN id=101 dlc=8 data=d8cf040020a10700
2026-07-07T15:15:54.026+00:00 CAN id=101 dlc=8 data=d8cf040020a10700
2026-07-07T15:15:54.046+00:00 CAN id=101 dlc=8 data=d8cf040020a10700
2026-07-07T15:15:54.066+00:00 CAN id=101 dlc=8 data=d8cf040020a10700
2026-07-07T15:15:54.086+00:00 CAN id=101 dlc=8 data=d8cf040020a10700
2026-07-07T15:15:54.098+00:00 VCP run=1 step=0 angle=315352 target=315352 err=0 steer=0 m1=3289/171875 i1=177 t1=28 m2=-3292/-171875 i2=-196 t2=28 steerMode=0/-428 iSteer=-9836 driveMode=171875/173235 iDrive=186403 scale=0 wheel=500000
2026-07-07T15:15:54.106+00:00 CAN id=101 dlc=8 data=d8cf040020a10700
2026-07-07T15:15:54.126+00:00 CAN id=101 dlc=8 data=d8cf040020a10700
2026-07-07T15:15:54.146+00:00 CAN id=101 dlc=8 data=d8cf040020a10700
2026-07-07T15:15:54.166+00:00 CAN id=101 dlc=8 data=d8cf040020a10700
2026-07-07T15:15:54.186+00:00 CAN id=101 dlc=8 data=d8cf040020a10700
2026-07-07T15:15:54.200+00:00 VCP run=1 step=0 angle=315352 target=315352 err=0 steer=0 m1=3277/171875 i1=142 t1=28 m2=-3282/-171875 i2=-250 t2=28 steerMode=0/422 iSteer=-53682 driveMode=171875/172271 iDrive=196045 scale=0 wheel=500000
2026-07-07T15:15:54.200+00:00 VCP SET_TARGET_RX steer=315352 wheel=500000
2026-07-07T15:15:54.206+00:00 CAN id=101 dlc=8 data=d8cf040020a10700
2026-07-07T15:15:54.226+00:00 CAN id=101 dlc=8 data=d8cf040020a10700
2026-07-07T15:15:54.246+00:00 CAN id=101 dlc=8 data=d8cf040020a10700
2026-07-07T15:15:54.266+00:00 CAN id=101 dlc=8 data=d8cf040020a10700
2026-07-07T15:15:54.286+00:00 CAN id=101 dlc=8 data=d8cf040020a10700
2026-07-07T15:15:54.304+00:00 VCP run=1 step=0 angle=315088 target=315352 err=264 steer=0 m1=3241/171875 i1=179 t1=28 m2=-3255/-171875 i2=-236 t2=28 steerMode=0/-75 iSteer=-28494 driveMode=171875/171134 iDrive=207872 scale=0 wheel=500000
2026-07-07T15:15:54.306+00:00 CAN id=101 dlc=8 data=d8cf040020a10700
2026-07-07T15:15:54.326+00:00 CAN id=101 dlc=8 data=d8cf040020a10700
2026-07-07T15:15:54.346+00:00 CAN id=101 dlc=8 data=d8cf040020a10700
2026-07-07T15:15:54.366+00:00 CAN id=101 dlc=8 data=d8cf040020a10700
2026-07-07T15:15:54.386+00:00 CAN id=101 dlc=8 data=d8cf040020a10700
2026-07-07T15:15:54.406+00:00 CAN id=101 dlc=8 data=d8cf040020a10700
2026-07-07T15:15:54.426+00:00 CAN id=101 dlc=8 data=d8cf040020a10700
2026-07-07T15:15:54.446+00:00 CAN id=101 dlc=8 data=d8cf040020a10700
2026-07-07T15:15:54.466+00:00 CAN id=101 dlc=8 data=d8cf040020a10700
2026-07-07T15:15:54.486+00:00 CAN id=101 dlc=8 data=d8cf040020a10700
2026-07-07T15:15:54.490+00:00 VCP run=1 step=0 angle=315439 target=315352 err=-87 steer=0 m1=3243/171875 i1=192 t1=28 m2=-3292/-171875 i2=-220 t2=28 steerMode=0/-373 iSteer=-13997 driveMode=171875/171499 iDrive=206150 scale=0 wheel=500000
2026-07-07T15:15:54.490+00:00 VCP run=1 step=0 angle=315264 target=315352 err=88 steer=0 m1=3304/171875 i1=131 t1=28 m2=-3273/-171875 i2=-248 t2=28 steerMode=0/526 iSteer=-58476 driveMode=171875/173032 iDrive=189547 scale=0 wheel=500000
2026-07-07T15:15:54.506+00:00 CAN id=101 dlc=8 data=d8cf040020a10700
2026-07-07T15:15:54.526+00:00 CAN id=101 dlc=8 data=d8cf040020a10700
2026-07-07T15:15:54.546+00:00 CAN id=101 dlc=8 data=d8cf040020a10700
2026-07-07T15:15:54.566+00:00 CAN id=101 dlc=8 data=d8cf040020a10700
2026-07-07T15:15:54.586+00:00 CAN id=101 dlc=8 data=d8cf040020a10700
2026-07-07T15:15:54.595+00:00 VCP run=1 step=0 angle=315264 target=315352 err=88 steer=0 m1=3270/171875 i1=171 t1=28 m2=-3252/-171875 i2=-223 t2=28 steerMode=0/-149 iSteer=-25899 driveMode=171875/172167 iDrive=197077 scale=0 wheel=500000
2026-07-07T15:15:54.606+00:00 CAN id=101 dlc=8 data=d8cf040020a10700
2026-07-07T15:15:54.626+00:00 CAN id=101 dlc=8 data=d8cf040020a10700
2026-07-07T15:15:54.646+00:00 CAN id=101 dlc=8 data=d8cf040020a10700
2026-07-07T15:15:54.666+00:00 CAN id=101 dlc=8 data=d8cf040020a10700
2026-07-07T15:15:54.686+00:00 BENCH disable sent
2026-07-07T15:15:54.686+00:00 CAN id=121 dlc=2 data=0100
2026-07-07T15:15:54.686+00:00 CAN id=121 dlc=2 data=0100
2026-07-07T15:15:54.795+00:00 VCP run=1 step=0 angle=315352 target=315352 err=0 steer=0 m1=3258/171875 i1=165 t1=28 m2=-3267/-171875 i2=-244 t2=28 steerMode=0/124 iSteer=-39594 driveMode=171875/171505 iDrive=204191 scale=0 wheel=500000
2026-07-07T15:15:54.795+00:00 VCP UNIT_CTRL enable=0
2026-07-07T15:15:54.795+00:00 VCP UNIT_CTRL enable=0
2026-07-07T15:15:54.795+00:00 VCP STOP: disabled
2026-07-07T15:15:55.086+00:00 BENCH log closed
