2026-07-07T15:04:17.197+00:00 BENCH log opened: firmware/logs/baked-clamp250v2-rpm40.log
2026-07-07T15:04:17.197+00:00 BENCH run: steer=315.352deg (315352mdeg) wheel=40.0rpm (40000milli-rpm) rate=50.0Hz duration=10.0s
2026-07-07T15:04:17.198+00:00 BENCH enable sent
2026-07-07T15:04:17.198+00:00 CAN id=121 dlc=2 data=0101
2026-07-07T15:04:17.198+00:00 CAN id=101 dlc=8 data=d8cf0400409c0000
2026-07-07T15:04:17.218+00:00 CAN id=101 dlc=8 data=d8cf0400409c0000
2026-07-07T15:04:17.222+00:00 VCP TARGET_RX steer=315352 wheel=40000
2026-07-07T15:04:17.222+00:00 VCP START_CAN: angle=315967 target=315352 wheelTarget=40000
2026-07-07T15:04:17.238+00:00 CAN id=101 dlc=8 data=d8cf0400409c0000
2026-07-07T15:04:17.258+00:00 CAN id=101 dlc=8 data=d8cf0400409c0000
2026-07-07T15:04:17.278+00:00 CAN id=101 dlc=8 data=d8cf0400409c0000
2026-07-07T15:04:17.298+00:00 CAN id=101 dlc=8 data=d8cf0400409c0000
2026-07-07T15:04:17.318+00:00 CAN id=101 dlc=8 data=d8cf0400409c0000
2026-07-07T15:04:17.338+00:00 CAN id=101 dlc=8 data=d8cf0400409c0000
2026-07-07T15:04:17.358+00:00 CAN id=101 dlc=8 data=d8cf0400409c0000
2026-07-07T15:04:17.378+00:00 CAN id=101 dlc=8 data=d8cf0400409c0000
2026-07-07T15:04:17.398+00:00 CAN id=101 dlc=8 data=d8cf0400409c0000
2026-07-07T15:04:17.406+00:00 VCP run=1 step=0 angle=315967 target=315352 err=-615 steer=-250 m1=0/-1031 i1=-65 t1=28 m2=0/-1719 i2=-72 t2=27 steerMode=-1375/0 iSteer=-68956 driveMode=344/0 iDrive=3472 scale=0 wheel=1000
2026-07-07T15:04:17.406+00:00 VCP run=1 step=0 angle=315967 target=315352 err=-615 steer=-307 m1=0/4772 i1=-18 t1=28 m2=0/-8153 i2=-159 t2=27 steerMode=-1691/-13 iSteer=-88520 driveMode=6462/12 iDrive=70681 scale=0 wheel=18800
2026-07-07T15:04:17.418+00:00 CAN id=101 dlc=8 data=d8cf0400409c0000
2026-07-07T15:04:17.438+00:00 CAN id=101 dlc=8 data=d8cf0400409c0000
2026-07-07T15:04:17.458+00:00 CAN id=101 dlc=8 data=d8cf0400409c0000
2026-07-07T15:04:17.478+00:00 CAN id=101 dlc=8 data=d8cf0400409c0000
2026-07-07T15:04:17.498+00:00 CAN id=101 dlc=8 data=d8cf0400409c0000
2026-07-07T15:04:17.511+00:00 VCP run=1 step=0 angle=315967 target=315352 err=-615 steer=-307 m1=2/11234 i1=60 t1=28 m2=0/-14616 i2=-247 t2=27 steerMode=-1691/-8 iSteer=-93457 driveMode=12925/46 iDrive=153273 scale=0 wheel=37600
2026-07-07T15:04:17.518+00:00 CAN id=101 dlc=8 data=d8cf0400409c0000
2026-07-07T15:04:17.538+00:00 CAN id=101 dlc=8 data=d8cf0400409c0000
2026-07-07T15:04:17.558+00:00 CAN id=101 dlc=8 data=d8cf0400409c0000
2026-07-07T15:04:17.578+00:00 CAN id=101 dlc=8 data=d8cf0400409c0000
2026-07-07T15:04:17.598+00:00 CAN id=101 dlc=8 data=d8cf0400409c0000
2026-07-07T15:04:17.616+00:00 VCP run=1 step=0 angle=315967 target=315352 err=-615 steer=-307 m1=0/12059 i1=90 t1=28 m2=0/-15441 i2=-285 t2=27 steerMode=-1691/-15 iSteer=-97802 driveMode=13750/17 iDrive=187312 scale=0 wheel=40000
2026-07-07T15:04:17.618+00:00 CAN id=101 dlc=8 data=d8cf0400409c0000
2026-07-07T15:04:17.638+00:00 CAN id=101 dlc=8 data=d8cf0400409c0000
2026-07-07T15:04:17.658+00:00 CAN id=101 dlc=8 data=d8cf0400409c0000
2026-07-07T15:04:17.678+00:00 CAN id=101 dlc=8 data=d8cf0400409c0000
2026-07-07T15:04:17.698+00:00 CAN id=101 dlc=8 data=d8cf0400409c0000
2026-07-07T15:04:17.718+00:00 CAN id=101 dlc=8 data=d8cf0400409c0000
2026-07-07T15:04:17.718+00:00 VCP run=1 step=0 angle=315967 target=315352 err=-615 steer=-307 m1=0/12059 i1=110 t1=28 m2=0/-15441 i2=-316 t2=27 steerMode=-1691/-6 iSteer=-102907 driveMode=13750/6 iDrive=212960 scale=0 wheel=40000
2026-07-07T15:04:17.718+00:00 VCP SET_TARGET_RX steer=315352 wheel=40000
2026-07-07T15:04:17.738+00:00 CAN id=101 dlc=8 data=d8cf0400409c0000
2026-07-07T15:04:17.758+00:00 CAN id=101 dlc=8 data=d8cf0400409c0000
2026-07-07T15:04:17.778+00:00 CAN id=101 dlc=8 data=d8cf0400409c0000
2026-07-07T15:04:17.798+00:00 CAN id=101 dlc=8 data=d8cf0400409c0000
2026-07-07T15:04:17.818+00:00 CAN id=101 dlc=8 data=d8cf0400409c0000
2026-07-07T15:04:17.838+00:00 CAN id=101 dlc=8 data=d8cf0400409c0000
2026-07-07T15:04:17.858+00:00 CAN id=101 dlc=8 data=d8cf0400409c0000
2026-07-07T15:04:17.878+00:00 CAN id=101 dlc=8 data=d8cf0400409c0000
2026-07-07T15:04:17.898+00:00 CAN id=101 dlc=8 data=d8cf0400409c0000
2026-07-07T15:04:17.905+00:00 VCP run=1 step=0 angle=315967 target=315352 err=-615 steer=-307 m1=-3/12059 i1=131 t1=28 m2=0/-15441 i2=-345 t2=27 steerMode=-1691/-20 iSteer=-106910 driveMode=13750/44 iDrive=238127 scale=0 wheel=40000
2026-07-07T15:04:17.905+00:00 VCP run=1 step=0 angle=315967 target=315352 err=-615 steer=-307 m1=0/12059 i1=153 t1=28 m2=-3/-15441 i2=-375 t2=27 steerMode=-1691/-33 iSteer=-110888 driveMode=13750/44 iDrive=263663 scale=0 wheel=40000
2026-07-07T15:04:17.918+00:00 CAN id=101 dlc=8 data=d8cf0400409c0000
2026-07-07T15:04:17.938+00:00 CAN id=101 dlc=8 data=d8cf0400409c0000
2026-07-07T15:04:17.958+00:00 CAN id=101 dlc=8 data=d8cf0400409c0000
2026-07-07T15:04:17.978+00:00 CAN id=101 dlc=8 data=d8cf0400409c0000
2026-07-07T15:04:17.998+00:00 CAN id=101 dlc=8 data=d8cf0400409c0000
2026-07-07T15:04:18.010+00:00 VCP run=1 step=0 angle=315967 target=315352 err=-615 steer=-307 m1=0/12059 i1=268 t1=28 m2=-80/-15441 i2=-260 t2=27 steerMode=-1691/-2366 iSteer=3692 driveMode=13750/2370 iDrive=264001 scale=0 wheel=40000
2026-07-07T15:04:18.018+00:00 CAN id=101 dlc=8 data=d8cf0400409c0000
2026-07-07T15:04:18.038+00:00 CAN id=101 dlc=8 data=d8cf0400409c0000
2026-07-07T15:04:18.058+00:00 CAN id=101 dlc=8 data=d8cf0400409c0000
2026-07-07T15:04:18.078+00:00 CAN id=101 dlc=8 data=d8cf0400409c0000
2026-07-07T15:04:18.098+00:00 CAN id=101 dlc=8 data=d8cf0400409c0000
2026-07-07T15:04:18.115+00:00 VCP run=1 step=0 angle=315439 target=315352 err=-87 steer=0 m1=0/13750 i1=390 t1=28 m2=-82/-13750 i2=-174 t2=27 steerMode=0/-2634 iSteer=107855 driveMode=13750/2634 iDrive=281746 scale=0 wheel=40000
2026-07-07T15:04:18.118+00:00 CAN id=101 dlc=8 data=d8cf0400409c0000
2026-07-07T15:04:18.138+00:00 CAN id=101 dlc=8 data=d8cf0400409c0000
2026-07-07T15:04:18.158+00:00 CAN id=101 dlc=8 data=d8cf0400409c0000
2026-07-07T15:04:18.178+00:00 CAN id=101 dlc=8 data=d8cf0400409c0000
2026-07-07T15:04:18.198+00:00 CAN id=101 dlc=8 data=d8cf0400409c0000
2026-07-07T15:04:18.217+00:00 VCP run=1 step=0 angle=314648 target=315352 err=704 steer=352 m1=2/15685 i1=506 t1=28 m2=-70/-11815 i2=-105 t2=27 steerMode=1935/-2410 iSteer=200535 driveMode=13750/2436 iDrive=305319 scale=0 wheel=40000
2026-07-07T15:04:18.217+00:00 VCP SET_TARGET_RX steer=315352 wheel=40000
2026-07-07T15:04:18.218+00:00 CAN id=101 dlc=8 data=d8cf0400409c0000
2026-07-07T15:04:18.238+00:00 CAN id=101 dlc=8 data=d8cf0400409c0000
2026-07-07T15:04:18.258+00:00 CAN id=101 dlc=8 data=d8cf0400409c0000
2026-07-07T15:04:18.278+00:00 CAN id=101 dlc=8 data=d8cf0400409c0000
2026-07-07T15:04:18.298+00:00 CAN id=101 dlc=8 data=d8cf0400409c0000
2026-07-07T15:04:18.318+00:00 CAN id=101 dlc=8 data=d8cf0400409c0000
2026-07-07T15:04:18.338+00:00 CAN id=101 dlc=8 data=d8cf0400409c0000
2026-07-07T15:04:18.358+00:00 CAN id=101 dlc=8 data=d8cf0400409c0000
2026-07-07T15:04:18.378+00:00 CAN id=101 dlc=8 data=d8cf0400409c0000
2026-07-07T15:04:18.398+00:00 CAN id=101 dlc=8 data=d8cf0400409c0000
2026-07-07T15:04:18.405+00:00 VCP run=1 step=0 angle=314561 target=315352 err=791 steer=396 m1=0/15927 i1=453 t1=28 m2=-9/-11573 i2=-256 t2=27 steerMode=2177/25 iSteer=98461 driveMode=13750/-36 iDrive=354617 scale=0 wheel=40000
2026-07-07T15:04:18.405+00:00 VCP run=1 step=0 angle=314561 target=315352 err=791 steer=396 m1=0/15927 i1=486 t1=28 m2=0/-11573 i2=-274 t2=27 steerMode=2177/-4 iSteer=106186 driveMode=13750/4 iDrive=379990 scale=0 wheel=40000
2026-07-07T15:04:18.418+00:00 CAN id=101 dlc=8 data=d8cf0400409c0000
2026-07-07T15:04:18.438+00:00 CAN id=101 dlc=8 data=d8cf0400409c0000
2026-07-07T15:04:18.458+00:00 CAN id=101 dlc=8 data=d8cf0400409c0000
2026-07-07T15:04:18.478+00:00 CAN id=101 dlc=8 data=d8cf0400409c0000
2026-07-07T15:04:18.498+00:00 CAN id=101 dlc=8 data=d8cf0400409c0000
2026-07-07T15:04:18.511+00:00 VCP run=1 step=0 angle=314561 target=315352 err=791 steer=396 m1=0/15927 i1=518 t1=28 m2=0/-11573 i2=-294 t2=27 steerMode=2177/0 iSteer=112127 driveMode=13750/0 iDrive=405877 scale=0 wheel=40000
2026-07-07T15:04:18.518+00:00 CAN id=101 dlc=8 data=d8cf0400409c0000
2026-07-07T15:04:18.538+00:00 CAN id=101 dlc=8 data=d8cf0400409c0000
2026-07-07T15:04:18.558+00:00 CAN id=101 dlc=8 data=d8cf0400409c0000
2026-07-07T15:04:18.578+00:00 CAN id=101 dlc=8 data=d8cf0400409c0000
2026-07-07T15:04:18.598+00:00 CAN id=101 dlc=8 data=d8cf0400409c0000
2026-07-07T15:04:18.616+00:00 VCP run=1 step=0 angle=314561 target=315352 err=791 steer=396 m1=0/15927 i1=550 t1=28 m2=0/-11573 i2=-313 t2=27 steerMode=2177/-4 iSteer=118490 driveMode=13750/4 iDrive=431677 scale=0 wheel=40000
2026-07-07T15:04:18.618+00:00 CAN id=101 dlc=8 data=d8cf0400409c0000
2026-07-07T15:04:18.638+00:00 CAN id=101 dlc=8 data=d8cf0400409c0000
2026-07-07T15:04:18.658+00:00 CAN id=101 dlc=8 data=d8cf0400409c0000
2026-07-07T15:04:18.678+00:00 CAN id=101 dlc=8 data=d8cf0400409c0000
2026-07-07T15:04:18.698+00:00 CAN id=101 dlc=8 data=d8cf0400409c0000
2026-07-07T15:04:18.718+00:00 CAN id=101 dlc=8 data=d8cf0400409c0000
2026-07-07T15:04:18.718+00:00 VCP run=1 step=0 angle=314561 target=315352 err=791 steer=396 m1=0/15927 i1=582 t1=28 m2=0/-11573 i2=-333 t2=27 steerMode=2177/3 iSteer=124265 driveMode=13750/3 iDrive=457536 scale=0 wheel=40000
2026-07-07T15:04:18.718+00:00 VCP SET_TARGET_RX steer=315352 wheel=40000
2026-07-07T15:04:18.738+00:00 CAN id=101 dlc=8 data=d8cf0400409c0000
2026-07-07T15:04:18.758+00:00 CAN id=101 dlc=8 data=d8cf0400409c0000
2026-07-07T15:04:18.778+00:00 CAN id=101 dlc=8 data=d8cf0400409c0000
2026-07-07T15:04:18.798+00:00 CAN id=101 dlc=8 data=d8cf0400409c0000
2026-07-07T15:04:18.818+00:00 CAN id=101 dlc=8 data=d8cf0400409c0000
2026-07-07T15:04:18.838+00:00 CAN id=101 dlc=8 data=d8cf0400409c0000
2026-07-07T15:04:18.858+00:00 CAN id=101 dlc=8 data=d8cf0400409c0000
2026-07-07T15:04:18.878+00:00 CAN id=101 dlc=8 data=d8cf0400409c0000
2026-07-07T15:04:18.898+00:00 CAN id=101 dlc=8 data=d8cf0400409c0000
2026-07-07T15:04:18.906+00:00 VCP run=1 step=0 angle=314561 target=315352 err=791 steer=396 m1=0/15927 i1=615 t1=28 m2=-3/-11573 i2=-352 t2=27 steerMode=2177/-19 iSteer=131507 driveMode=13750/19 iDrive=483219 scale=0 wheel=40000
2026-07-07T15:04:18.906+00:00 VCP run=1 step=0 angle=314561 target=315352 err=791 steer=396 m1=0/15927 i1=646 t1=28 m2=0/-11573 i2=-372 t2=27 steerMode=2177/0 iSteer=136649 driveMode=13750/0 iDrive=508980 scale=0 wheel=40000
2026-07-07T15:04:18.918+00:00 CAN id=101 dlc=8 data=d8cf0400409c0000
2026-07-07T15:04:18.938+00:00 CAN id=101 dlc=8 data=d8cf0400409c0000
2026-07-07T15:04:18.958+00:00 CAN id=101 dlc=8 data=d8cf0400409c0000
2026-07-07T15:04:18.978+00:00 CAN id=101 dlc=8 data=d8cf0400409c0000
2026-07-07T15:04:18.998+00:00 CAN id=101 dlc=8 data=d8cf0400409c0000
2026-07-07T15:04:19.012+00:00 VCP run=1 step=0 angle=314561 target=315352 err=791 steer=396 m1=0/15927 i1=678 t1=28 m2=0/-11573 i2=-392 t2=27 steerMode=2177/-4 iSteer=142988 driveMode=13750/5 iDrive=534758 scale=0 wheel=40000
2026-07-07T15:04:19.018+00:00 CAN id=101 dlc=8 data=d8cf0400409c0000
2026-07-07T15:04:19.038+00:00 CAN id=101 dlc=8 data=d8cf0400409c0000
2026-07-07T15:04:19.058+00:00 CAN id=101 dlc=8 data=d8cf0400409c0000
2026-07-07T15:04:19.078+00:00 CAN id=101 dlc=8 data=d8cf0400409c0000
2026-07-07T15:04:19.098+00:00 CAN id=101 dlc=8 data=d8cf0400409c0000
2026-07-07T15:04:19.117+00:00 VCP run=1 step=0 angle=314561 target=315352 err=791 steer=396 m1=0/15927 i1=709 t1=28 m2=0/-11573 i2=-412 t2=27 steerMode=2177/2 iSteer=148839 driveMode=13750/2 iDrive=560636 scale=0 wheel=40000
2026-07-07T15:04:19.118+00:00 CAN id=101 dlc=8 data=d8cf0400409c0000
2026-07-07T15:04:19.138+00:00 CAN id=101 dlc=8 data=d8cf0400409c0000
2026-07-07T15:04:19.158+00:00 CAN id=101 dlc=8 data=d8cf0400409c0000
2026-07-07T15:04:19.178+00:00 CAN id=101 dlc=8 data=d8cf0400409c0000
2026-07-07T15:04:19.198+00:00 CAN id=101 dlc=8 data=d8cf0400409c0000
2026-07-07T15:04:19.218+00:00 CAN id=101 dlc=8 data=d8cf0400409c0000
2026-07-07T15:04:19.238+00:00 CAN id=101 dlc=8 data=d8cf0400409c0000
2026-07-07T15:04:19.258+00:00 CAN id=101 dlc=8 data=d8cf0400409c0000
2026-07-07T15:04:19.278+00:00 CAN id=101 dlc=8 data=d8cf0400409c0000
2026-07-07T15:04:19.298+00:00 CAN id=101 dlc=8 data=d8cf0400409c0000
2026-07-07T15:04:19.303+00:00 VCP run=1 step=0 angle=314561 target=315352 err=791 steer=396 m1=0/15927 i1=742 t1=28 m2=0/-11573 i2=-431 t2=27 steerMode=2177/0 iSteer=155067 driveMode=13750/0 iDrive=586504 scale=0 wheel=40000
2026-07-07T15:04:19.303+00:00 VCP SET_TARGET_RX steer=315352 wheel=40000
2026-07-07T15:04:19.303+00:00 VCP run=1 step=0 angle=314561 target=315352 err=791 steer=396 m1=0/15927 i1=774 t1=28 m2=0/-11573 i2=-451 t2=27 steerMode=2177/-5 iSteer=161497 driveMode=13750/5 iDrive=612287 scale=0 wheel=40000
2026-07-07T15:04:19.318+00:00 CAN id=101 dlc=8 data=d8cf0400409c0000
2026-07-07T15:04:19.338+00:00 CAN id=101 dlc=8 data=d8cf0400409c0000
2026-07-07T15:04:19.358+00:00 CAN id=101 dlc=8 data=d8cf0400409c0000
2026-07-07T15:04:19.378+00:00 CAN id=101 dlc=8 data=d8cf0400409c0000
2026-07-07T15:04:19.398+00:00 CAN id=101 dlc=8 data=d8cf0400409c0000
2026-07-07T15:04:19.408+00:00 VCP run=1 step=0 angle=314561 target=315352 err=791 steer=396 m1=0/15927 i1=806 t1=28 m2=0/-11573 i2=-471 t2=27 steerMode=2177/0 iSteer=167346 driveMode=13750/1 iDrive=638177 scale=0 wheel=40000
2026-07-07T15:04:19.418+00:00 CAN id=101 dlc=8 data=d8cf0400409c0000
2026-07-07T15:04:19.438+00:00 CAN id=101 dlc=8 data=d8cf0400409c0000
2026-07-07T15:04:19.458+00:00 CAN id=101 dlc=8 data=d8cf0400409c0000
2026-07-07T15:04:19.478+00:00 CAN id=101 dlc=8 data=d8cf0400409c0000
2026-07-07T15:04:19.498+00:00 CAN id=101 dlc=8 data=d8cf0400409c0000
2026-07-07T15:04:19.514+00:00 VCP run=1 step=0 angle=314561 target=315352 err=791 steer=396 m1=0/15927 i1=838 t1=28 m2=0/-11573 i2=-490 t2=27 steerMode=2177/-5 iSteer=173783 driveMode=13750/4 iDrive=663980 scale=0 wheel=40000
2026-07-07T15:04:19.518+00:00 CAN id=101 dlc=8 data=d8cf0400409c0000
2026-07-07T15:04:19.538+00:00 CAN id=101 dlc=8 data=d8cf0400409c0000
2026-07-07T15:04:19.558+00:00 CAN id=101 dlc=8 data=d8cf0400409c0000
2026-07-07T15:04:19.578+00:00 CAN id=101 dlc=8 data=d8cf0400409c0000
2026-07-07T15:04:19.598+00:00 CAN id=101 dlc=8 data=d8cf0400409c0000
2026-07-07T15:04:19.618+00:00 CAN id=101 dlc=8 data=d8cf0400409c0000
2026-07-07T15:04:19.619+00:00 VCP run=1 step=0 angle=314561 target=315352 err=791 steer=396 m1=0/15927 i1=870 t1=28 m2=0/-11573 i2=-510 t2=27 steerMode=2177/-1 iSteer=179731 driveMode=13750/-1 iDrive=689888 scale=0 wheel=40000
2026-07-07T15:04:19.638+00:00 CAN id=101 dlc=8 data=d8cf0400409c0000
2026-07-07T15:04:19.658+00:00 CAN id=101 dlc=8 data=d8cf0400409c0000
2026-07-07T15:04:19.678+00:00 CAN id=101 dlc=8 data=d8cf0400409c0000
2026-07-07T15:04:19.698+00:00 CAN id=101 dlc=8 data=d8cf0400409c0000
2026-07-07T15:04:19.718+00:00 CAN id=101 dlc=8 data=d8cf0400409c0000
2026-07-07T15:04:19.738+00:00 CAN id=101 dlc=8 data=d8cf0400409c0000
2026-07-07T15:04:19.758+00:00 CAN id=101 dlc=8 data=d8cf0400409c0000
2026-07-07T15:04:19.778+00:00 CAN id=101 dlc=8 data=d8cf0400409c0000
2026-07-07T15:04:19.798+00:00 CAN id=101 dlc=8 data=d8cf0400409c0000
2026-07-07T15:04:19.804+00:00 VCP run=1 step=0 angle=314561 target=315352 err=791 steer=396 m1=0/15927 i1=903 t1=28 m2=0/-11573 i2=-528 t2=27 steerMode=2177/-35 iSteer=187577 driveMode=13750/34 iDrive=715383 scale=0 wheel=40000
2026-07-07T15:04:19.804+00:00 VCP SET_TARGET_RX steer=315352 wheel=40000
2026-07-07T15:04:19.804+00:00 VCP run=1 step=0 angle=314561 target=315352 err=791 steer=396 m1=0/15927 i1=934 t1=28 m2=0/-11573 i2=-550 t2=27 steerMode=2177/-1 iSteer=192033 driveMode=13750/0 iDrive=741563 scale=0 wheel=40000
2026-07-07T15:04:19.818+00:00 CAN id=101 dlc=8 data=d8cf0400409c0000
2026-07-07T15:04:19.838+00:00 CAN id=101 dlc=8 data=d8cf0400409c0000
2026-07-07T15:04:19.858+00:00 CAN id=101 dlc=8 data=d8cf0400409c0000
2026-07-07T15:04:19.878+00:00 CAN id=101 dlc=8 data=d8cf0400409c0000
2026-07-07T15:04:19.898+00:00 CAN id=101 dlc=8 data=d8cf0400409c0000
2026-07-07T15:04:19.909+00:00 VCP run=1 step=0 angle=314561 target=315352 err=791 steer=396 m1=0/15927 i1=966 t1=28 m2=0/-11573 i2=-569 t2=27 steerMode=2177/-1 iSteer=198191 driveMode=13750/-1 iDrive=767428 scale=0 wheel=40000
2026-07-07T15:04:19.918+00:00 CAN id=101 dlc=8 data=d8cf0400409c0000
2026-07-07T15:04:19.938+00:00 CAN id=101 dlc=8 data=d8cf0400409c0000
2026-07-07T15:04:19.958+00:00 CAN id=101 dlc=8 data=d8cf0400409c0000
2026-07-07T15:04:19.978+00:00 CAN id=101 dlc=8 data=d8cf0400409c0000
2026-07-07T15:04:19.998+00:00 CAN id=101 dlc=8 data=d8cf0400409c0000
2026-07-07T15:04:20.015+00:00 VCP run=1 step=0 angle=314561 target=315352 err=791 steer=396 m1=0/15927 i1=998 t1=28 m2=0/-11573 i2=-589 t2=27 steerMode=2177/-2 iSteer=204398 driveMode=13750/5 iDrive=793197 scale=0 wheel=40000
2026-07-07T15:04:20.018+00:00 CAN id=101 dlc=8 data=d8cf0400409c0000
2026-07-07T15:04:20.038+00:00 CAN id=101 dlc=8 data=d8cf0400409c0000
2026-07-07T15:04:20.058+00:00 CAN id=101 dlc=8 data=d8cf0400409c0000
2026-07-07T15:04:20.078+00:00 CAN id=101 dlc=8 data=d8cf0400409c0000
2026-07-07T15:04:20.098+00:00 CAN id=101 dlc=8 data=d8cf0400409c0000
2026-07-07T15:04:20.118+00:00 CAN id=101 dlc=8 data=d8cf0400409c0000
2026-07-07T15:04:20.138+00:00 CAN id=101 dlc=8 data=d8cf0400409c0000
2026-07-07T15:04:20.158+00:00 CAN id=101 dlc=8 data=d8cf0400409c0000
2026-07-07T15:04:20.178+00:00 CAN id=101 dlc=8 data=d8cf0400409c0000
2026-07-07T15:04:20.198+00:00 CAN id=101 dlc=8 data=d8cf0400409c0000
2026-07-07T15:04:20.199+00:00 VCP run=1 step=0 angle=314561 target=315352 err=791 steer=396 m1=-3/15927 i1=1030 t1=28 m2=0/-11573 i2=-609 t2=27 steerMode=2177/0 iSteer=210414 driveMode=13750/0 iDrive=819088 scale=0 wheel=40000
2026-07-07T15:04:20.199+00:00 VCP run=1 step=0 angle=314561 target=315352 err=791 steer=396 m1=18/15927 i1=1054 t1=28 m2=0/-11573 i2=-634 t2=27 steerMode=2177/129 iSteer=210060 driveMode=13750/130 iDrive=843607 scale=0 wheel=40000
2026-07-07T15:04:20.218+00:00 CAN id=101 dlc=8 data=d8cf0400409c0000
2026-07-07T15:04:20.238+00:00 CAN id=101 dlc=8 data=d8cf0400409c0000
2026-07-07T15:04:20.258+00:00 CAN id=101 dlc=8 data=d8cf0400409c0000
2026-07-07T15:04:20.278+00:00 CAN id=101 dlc=8 data=d8cf0400409c0000
2026-07-07T15:04:20.298+00:00 CAN id=101 dlc=8 data=d8cf0400409c0000
2026-07-07T15:04:20.304+00:00 VCP SET_TARGET_RX steer=315352 wheel=40000
2026-07-07T15:04:20.304+00:00 VCP run=1 step=0 angle=316934 target=315352 err=-1582 steer=-791 m1=299/9401 i1=-259 t1=28 m2=-9/-18099 i2=-868 t2=27 steerMode=-4349/8726 iSteer=-563453 driveMode=13750/8937 iDrive=304761 scale=0 wheel=40000
2026-07-07T15:04:20.318+00:00 CAN id=101 dlc=8 data=d8cf0400409c0000
2026-07-07T15:04:20.338+00:00 CAN id=101 dlc=8 data=d8cf0400409c0000
2026-07-07T15:04:20.358+00:00 CAN id=101 dlc=8 data=d8cf0400409c0000
2026-07-07T15:04:20.378+00:00 CAN id=101 dlc=8 data=d8cf0400409c0000
2026-07-07T15:04:20.398+00:00 CAN id=101 dlc=8 data=d8cf0400409c0000
2026-07-07T15:04:20.408+00:00 VCP run=1 step=0 angle=317109 target=315352 err=-1757 steer=-879 m1=98/8917 i1=408 t1=28 m2=-333/-18583 i2=-200 t2=27 steerMode=-4833/-5467 iSteer=104189 driveMode=13750/10089 iDrive=303800 scale=0 wheel=40000
2026-07-07T15:04:20.418+00:00 CAN id=101 dlc=8 data=d8cf0400409c0000
2026-07-07T15:04:20.438+00:00 CAN id=101 dlc=8 data=d8cf0400409c0000
2026-07-07T15:04:20.458+00:00 CAN id=101 dlc=8 data=d8cf0400409c0000
2026-07-07T15:04:20.478+00:00 CAN id=101 dlc=8 data=d8cf0400409c0000
2026-07-07T15:04:20.498+00:00 CAN id=101 dlc=8 data=d8cf0400409c0000
2026-07-07T15:04:20.512+00:00 VCP run=1 step=0 angle=316055 target=315352 err=-703 steer=-351 m1=320/11818 i1=199 t1=28 m2=-298/-15682 i2=-308 t2=27 steerMode=-1932/572 iSteer=-54254 driveMode=13750/15341 iDrive=253658 scale=0 wheel=40000
2026-07-07T15:04:20.518+00:00 CAN id=101 dlc=8 data=d8cf0400409c0000
2026-07-07T15:04:20.538+00:00 CAN id=101 dlc=8 data=d8cf0400409c0000
2026-07-07T15:04:20.558+00:00 CAN id=101 dlc=8 data=d8cf0400409c0000
2026-07-07T15:04:20.578+00:00 CAN id=101 dlc=8 data=d8cf0400409c0000
2026-07-07T15:04:20.598+00:00 CAN id=101 dlc=8 data=d8cf0400409c0000
2026-07-07T15:04:20.616+00:00 VCP run=1 step=0 angle=315967 target=315352 err=-615 steer=-307 m1=385/12059 i1=179 t1=28 m2=-381/-15441 i2=-244 t2=27 steerMode=-1691/246 iSteer=-32423 driveMode=13750/18946 iDrive=211095 scale=0 wheel=40000
2026-07-07T15:04:20.618+00:00 CAN id=101 dlc=8 data=d8cf0400409c0000
2026-07-07T15:04:20.638+00:00 CAN id=101 dlc=8 data=d8cf0400409c0000
2026-07-07T15:04:20.658+00:00 CAN id=101 dlc=8 data=d8cf0400409c0000
2026-07-07T15:04:20.678+00:00 CAN id=101 dlc=8 data=d8cf0400409c0000
2026-07-07T15:04:20.698+00:00 CAN id=101 dlc=8 data=d8cf0400409c0000
2026-07-07T15:04:20.717+00:00 VCP run=1 step=0 angle=315967 target=315352 err=-615 steer=-307 m1=401/12059 i1=174 t1=28 m2=-409/-15441 i2=-196 t2=27 steerMode=-1691/-281 iSteer=-10868 driveMode=13750/20449 iDrive=184812 scale=0 wheel=40000
2026-07-07T15:04:20.717+00:00 VCP SET_TARGET_RX steer=315352 wheel=40000
2026-07-07T15:04:20.718+00:00 CAN id=101 dlc=8 data=d8cf0400409c0000
2026-07-07T15:04:20.738+00:00 CAN id=101 dlc=8 data=d8cf0400409c0000
2026-07-07T15:04:20.758+00:00 CAN id=101 dlc=8 data=d8cf0400409c0000
2026-07-07T15:04:20.778+00:00 CAN id=101 dlc=8 data=d8cf0400409c0000
2026-07-07T15:04:20.798+00:00 CAN id=101 dlc=8 data=d8cf0400409c0000
2026-07-07T15:04:20.818+00:00 CAN id=101 dlc=8 data=d8cf0400409c0000
2026-07-07T15:04:20.838+00:00 CAN id=101 dlc=8 data=d8cf0400409c0000
2026-07-07T15:04:20.858+00:00 CAN id=101 dlc=8 data=d8cf0400409c0000
2026-07-07T15:04:20.878+00:00 CAN id=101 dlc=8 data=d8cf0400409c0000
2026-07-07T15:04:20.898+00:00 CAN id=101 dlc=8 data=d8cf0400409c0000
2026-07-07T15:04:20.904+00:00 VCP run=1 step=0 angle=315967 target=315352 err=-615 steer=-307 m1=366/12059 i1=158 t1=28 m2=-371/-15441 i2=-208 t2=27 steerMode=-1691/-108 iSteer=-24752 driveMode=13750/19462 iDrive=183100 scale=0 wheel=40000
2026-07-07T15:04:20.904+00:00 VCP run=1 step=0 angle=315967 target=315352 err=-615 steer=-307 m1=328/12059 i1=140 t1=28 m2=-337/-15441 i2=-229 t2=27 steerMode=-1691/207 iSteer=-44470 driveMode=13750/18365 iDrive=184424 scale=0 wheel=40000
2026-07-07T15:04:20.918+00:00 CAN id=101 dlc=8 data=d8cf0400409c0000
2026-07-07T15:04:20.938+00:00 CAN id=101 dlc=8 data=d8cf0400409c0000
2026-07-07T15:04:20.958+00:00 CAN id=101 dlc=8 data=d8cf0400409c0000
2026-07-07T15:04:20.978+00:00 CAN id=101 dlc=8 data=d8cf0400409c0000
2026-07-07T15:04:20.998+00:00 CAN id=101 dlc=8 data=d8cf0400409c0000
2026-07-07T15:04:21.008+00:00 VCP run=1 step=0 angle=315967 target=315352 err=-615 steer=-307 m1=359/12059 i1=158 t1=28 m2=-371/-15441 i2=-217 t2=27 steerMode=-1691/-182 iSteer=-29401 driveMode=13750/17367 iDrive=187390 scale=0 wheel=40000
2026-07-07T15:04:21.018+00:00 CAN id=101 dlc=8 data=d8cf0400409c0000
2026-07-07T15:04:21.038+00:00 CAN id=101 dlc=8 data=d8cf0400409c0000
2026-07-07T15:04:21.058+00:00 CAN id=101 dlc=8 data=d8cf0400409c0000
2026-07-07T15:04:21.078+00:00 CAN id=101 dlc=8 data=d8cf0400409c0000
2026-07-07T15:04:21.098+00:00 CAN id=101 dlc=8 data=d8cf0400409c0000
2026-07-07T15:04:21.112+00:00 VCP run=1 step=0 angle=315879 target=315352 err=-527 steer=-263 m1=320/12301 i1=183 t1=28 m2=-360/-15199 i2=-194 t2=27 steerMode=-1449/-500 iSteer=-5260 driveMode=13750/16714 iDrive=188249 scale=0 wheel=40000
2026-07-07T15:04:21.118+00:00 CAN id=101 dlc=8 data=d8cf0400409c0000
2026-07-07T15:04:21.138+00:00 CAN id=101 dlc=8 data=d8cf0400409c0000
2026-07-07T15:04:21.158+00:00 CAN id=101 dlc=8 data=d8cf0400409c0000
2026-07-07T15:04:21.178+00:00 CAN id=101 dlc=8 data=d8cf0400409c0000
2026-07-07T15:04:21.198+00:00 CAN id=101 dlc=8 data=d8cf0400409c0000
2026-07-07T15:04:21.213+00:00 VCP run=1 step=0 angle=315879 target=315352 err=-527 steer=-263 m1=301/12301 i1=162 t1=28 m2=-266/-15199 i2=-215 t2=27 steerMode=-1449/-151 iSteer=-26292 driveMode=13750/16166 iDrive=188326 scale=0 wheel=40000
2026-07-07T15:04:21.213+00:00 VCP SET_TARGET_RX steer=315352 wheel=40000
2026-07-07T15:04:21.218+00:00 CAN id=101 dlc=8 data=d8cf0400409c0000
2026-07-07T15:04:21.239+00:00 CAN id=101 dlc=8 data=d8cf0400409c0000
2026-07-07T15:04:21.258+00:00 CAN id=101 dlc=8 data=d8cf0400409c0000
2026-07-07T15:04:21.278+00:00 CAN id=101 dlc=8 data=d8cf0400409c0000
2026-07-07T15:04:21.298+00:00 CAN id=101 dlc=8 data=d8cf0400409c0000
2026-07-07T15:04:21.317+00:00 VCP run=1 step=0 angle=315879 target=315352 err=-527 steer=-263 m1=330/12301 i1=144 t1=28 m2=-340/-15199 i2=-217 t2=27 steerMode=-1449/-5 iSteer=-36684 driveMode=13750/16447 iDrive=180483 scale=0 wheel=40000
2026-07-07T15:04:21.318+00:00 CAN id=101 dlc=8 data=d8cf0400409c0000
2026-07-07T15:04:21.338+00:00 CAN id=101 dlc=8 data=d8cf0400409c0000
2026-07-07T15:04:21.360+00:00 CAN id=101 dlc=8 data=d8cf0400409c0000
2026-07-07T15:04:21.378+00:00 CAN id=101 dlc=8 data=d8cf0400409c0000
2026-07-07T15:04:21.398+00:00 CAN id=101 dlc=8 data=d8cf0400409c0000
2026-07-07T15:04:21.418+00:00 CAN id=101 dlc=8 data=d8cf0400409c0000
2026-07-07T15:04:21.438+00:00 CAN id=101 dlc=8 data=d8cf0400409c0000
2026-07-07T15:04:21.458+00:00 CAN id=101 dlc=8 data=d8cf0400409c0000
2026-07-07T15:04:21.478+00:00 CAN id=101 dlc=8 data=d8cf0400409c0000
2026-07-07T15:04:21.498+00:00 CAN id=101 dlc=8 data=d8cf0400409c0000
2026-07-07T15:04:21.503+00:00 VCP run=1 step=0 angle=315879 target=315352 err=-527 steer=-263 m1=301/12301 i1=151 t1=28 m2=-335/-15199 i2=-208 t2=27 steerMode=-1449/-239 iSteer=-28379 driveMode=13750/16102 iDrive=179749 scale=0 wheel=40000
2026-07-07T15:04:21.503+00:00 VCP run=1 step=0 angle=315879 target=315352 err=-527 steer=-263 m1=278/12301 i1=132 t1=28 m2=-256/-15199 i2=-243 t2=27 steerMode=-1449/230 iSteer=-55713 driveMode=13750/14992 iDrive=187719 scale=0 wheel=40000
2026-07-07T15:04:21.518+00:00 CAN id=101 dlc=8 data=d8cf0400409c0000
2026-07-07T15:04:21.538+00:00 CAN id=101 dlc=8 data=d8cf0400409c0000
2026-07-07T15:04:21.558+00:00 CAN id=101 dlc=8 data=d8cf0400409c0000
2026-07-07T15:04:21.578+00:00 CAN id=101 dlc=8 data=d8cf0400409c0000
2026-07-07T15:04:21.598+00:00 CAN id=101 dlc=8 data=d8cf0400409c0000
2026-07-07T15:04:21.608+00:00 VCP run=1 step=0 angle=315967 target=315352 err=-615 steer=-307 m1=259/12059 i1=143 t1=28 m2=-254/-15441 i2=-251 t2=27 steerMode=-1691/-124 iSteer=-53904 driveMode=13750/14048 iDrive=197017 scale=0 wheel=40000
2026-07-07T15:04:21.618+00:00 CAN id=101 dlc=8 data=d8cf0400409c0000
2026-07-07T15:04:21.638+00:00 CAN id=101 dlc=8 data=d8cf0400409c0000
2026-07-07T15:04:21.658+00:00 CAN id=101 dlc=8 data=d8cf0400409c0000
2026-07-07T15:04:21.678+00:00 CAN id=101 dlc=8 data=d8cf0400409c0000
2026-07-07T15:04:21.698+00:00 CAN id=101 dlc=8 data=d8cf0400409c0000
2026-07-07T15:04:21.709+00:00 VCP run=1 step=0 angle=316055 target=315352 err=-703 steer=-351 m1=215/11818 i1=133 t1=28 m2=-176/-15682 i2=-290 t2=27 steerMode=-1932/35 iSteer=-78464 driveMode=13750/12626 iDrive=211884 scale=0 wheel=40000
2026-07-07T15:04:21.709+00:00 VCP SET_TARGET_RX steer=315352 wheel=40000
2026-07-07T15:04:21.718+00:00 CAN id=101 dlc=8 data=d8cf0400409c0000
2026-07-07T15:04:21.738+00:00 CAN id=101 dlc=8 data=d8cf0400409c0000
2026-07-07T15:04:21.758+00:00 CAN id=101 dlc=8 data=d8cf0400409c0000
2026-07-07T15:04:21.778+00:00 CAN id=101 dlc=8 data=d8cf0400409c0000
2026-07-07T15:04:21.798+00:00 CAN id=101 dlc=8 data=d8cf0400409c0000
2026-07-07T15:04:21.813+00:00 VCP run=1 step=0 angle=316055 target=315352 err=-703 steer=-351 m1=207/11818 i1=138 t1=28 m2=-151/-15682 i2=-332 t2=27 steerMode=-1932/282 iSteer=-96685 driveMode=13750/10706 iDrive=235014 scale=0 wheel=40000
2026-07-07T15:04:21.818+00:00 CAN id=101 dlc=8 data=d8cf0400409c0000
2026-07-07T15:04:21.838+00:00 CAN id=101 dlc=8 data=d8cf0400409c0000
2026-07-07T15:04:21.858+00:00 CAN id=101 dlc=8 data=d8cf0400409c0000
2026-07-07T15:04:21.878+00:00 CAN id=101 dlc=8 data=d8cf0400409c0000
2026-07-07T15:04:21.898+00:00 CAN id=101 dlc=8 data=d8cf0400409c0000
2026-07-07T15:04:21.917+00:00 VCP run=1 step=0 angle=316055 target=315352 err=-703 steer=-351 m1=182/11818 i1=170 t1=28 m2=-193/-15682 i2=-304 t2=27 steerMode=-1932/-407 iSteer=-67011 driveMode=13750/10991 iDrive=237449 scale=0 wheel=40000
2026-07-07T15:04:21.918+00:00 CAN id=101 dlc=8 data=d8cf0400409c0000
2026-07-07T15:04:21.938+00:00 CAN id=101 dlc=8 data=d8cf0400409c0000
2026-07-07T15:04:21.958+00:00 CAN id=101 dlc=8 data=d8cf0400409c0000
2026-07-07T15:04:21.978+00:00 CAN id=101 dlc=8 data=d8cf0400409c0000
2026-07-07T15:04:21.998+00:00 CAN id=101 dlc=8 data=d8cf0400409c0000
2026-07-07T15:04:22.018+00:00 CAN id=101 dlc=8 data=d8cf0400409c0000
2026-07-07T15:04:22.038+00:00 CAN id=101 dlc=8 data=d8cf0400409c0000
2026-07-07T15:04:22.058+00:00 CAN id=101 dlc=8 data=d8cf0400409c0000
2026-07-07T15:04:22.078+00:00 CAN id=101 dlc=8 data=d8cf0400409c0000
2026-07-07T15:04:22.098+00:00 CAN id=101 dlc=8 data=d8cf0400409c0000
2026-07-07T15:04:22.103+00:00 VCP run=1 step=0 angle=315879 target=315352 err=-527 steer=-263 m1=249/12301 i1=146 t1=28 m2=-206/-15199 i2=-322 t2=27 steerMode=-1449/427 iSteer=-87727 driveMode=13750/11743 iDrive=233851 scale=0 wheel=40000
2026-07-07T15:04:22.103+00:00 VCP run=1 step=0 angle=316055 target=315352 err=-703 steer=-351 m1=200/11818 i1=174 t1=28 m2=-220/-15682 i2=-304 t2=27 steerMode=-1932/-627 iSteer=-65069 driveMode=13750/11635 iDrive=238940 scale=0 wheel=40000
2026-07-07T15:04:22.118+00:00 CAN id=101 dlc=8 data=d8cf0400409c0000
2026-07-07T15:04:22.138+00:00 CAN id=101 dlc=8 data=d8cf0400409c0000
2026-07-07T15:04:22.158+00:00 CAN id=101 dlc=8 data=d8cf0400409c0000
2026-07-07T15:04:22.178+00:00 CAN id=101 dlc=8 data=d8cf0400409c0000
2026-07-07T15:04:22.198+00:00 CAN id=101 dlc=8 data=d8cf0400409c0000
2026-07-07T15:04:22.205+00:00 VCP run=1 step=0 angle=315879 target=315352 err=-527 steer=-263 m1=259/12301 i1=195 t1=28 m2=-287/-15199 i2=-276 t2=27 steerMode=-1449/-711 iSteer=-40848 driveMode=13750/12407 iDrive=235395 scale=0 wheel=40000
2026-07-07T15:04:22.205+00:00 VCP SET_TARGET_RX steer=315352 wheel=40000
2026-07-07T15:04:22.218+00:00 CAN id=101 dlc=8 data=d8cf0400409c0000
2026-07-07T15:04:22.238+00:00 CAN id=101 dlc=8 data=d8cf0400409c0000
2026-07-07T15:04:22.258+00:00 CAN id=101 dlc=8 data=d8cf0400409c0000
2026-07-07T15:04:22.278+00:00 CAN id=101 dlc=8 data=d8cf0400409c0000
2026-07-07T15:04:22.298+00:00 CAN id=101 dlc=8 data=d8cf0400409c0000
2026-07-07T15:04:22.308+00:00 VCP run=1 step=0 angle=315967 target=315352 err=-615 steer=-307 m1=284/12059 i1=96 t1=28 m2=-262/-15441 i2=-362 t2=27 steerMode=-1691/846 iSteer=-133229 driveMode=13750/13232 iDrive=228753 scale=0 wheel=40000
2026-07-07T15:04:22.318+00:00 CAN id=101 dlc=8 data=d8cf0400409c0000
2026-07-07T15:04:22.338+00:00 CAN id=101 dlc=8 data=d8cf0400409c0000
2026-07-07T15:04:22.358+00:00 CAN id=101 dlc=8 data=d8cf0400409c0000
2026-07-07T15:04:22.378+00:00 CAN id=101 dlc=8 data=d8cf0400409c0000
2026-07-07T15:04:22.398+00:00 CAN id=101 dlc=8 data=d8cf0400409c0000
2026-07-07T15:04:22.413+00:00 VCP run=1 step=0 angle=315791 target=315352 err=-439 steer=0 m1=322/13750 i1=211 t1=28 m2=-210/-13750 i2=-225 t2=27 steerMode=0/-11 iSteer=-7045 driveMode=13750/14251 iDrive=218341 scale=0 wheel=40000
2026-07-07T15:04:22.418+00:00 CAN id=101 dlc=8 data=d8cf0400409c0000
2026-07-07T15:04:22.438+00:00 CAN id=101 dlc=8 data=d8cf0400409c0000
2026-07-07T15:04:22.458+00:00 CAN id=101 dlc=8 data=d8cf0400409c0000
2026-07-07T15:04:22.478+00:00 CAN id=101 dlc=8 data=d8cf0400409c0000
2026-07-07T15:04:22.498+00:00 CAN id=101 dlc=8 data=d8cf0400409c0000
2026-07-07T15:04:22.518+00:00 VCP run=1 step=0 angle=315879 target=315352 err=-527 steer=-263 m1=307/12301 i1=154 t1=28 m2=-337/-15199 i2=-249 t2=27 steerMode=-1449/-717 iSteer=-47781 driveMode=13750/15751 iDrive=201348 scale=0 wheel=40000
2026-07-07T15:04:22.518+00:00 CAN id=101 dlc=8 data=d8cf0400409c0000
2026-07-07T15:04:22.538+00:00 CAN id=101 dlc=8 data=d8cf0400409c0000
2026-07-07T15:04:22.558+00:00 CAN id=101 dlc=8 data=d8cf0400409c0000
2026-07-07T15:04:22.578+00:00 CAN id=101 dlc=8 data=d8cf0400409c0000
2026-07-07T15:04:22.598+00:00 CAN id=101 dlc=8 data=d8cf0400409c0000
2026-07-07T15:04:22.618+00:00 CAN id=101 dlc=8 data=d8cf0400409c0000
2026-07-07T15:04:22.638+00:00 CAN id=101 dlc=8 data=d8cf0400409c0000
2026-07-07T15:04:22.658+00:00 CAN id=101 dlc=8 data=d8cf0400409c0000
2026-07-07T15:04:22.678+00:00 CAN id=101 dlc=8 data=d8cf0400409c0000
2026-07-07T15:04:22.698+00:00 CAN id=101 dlc=8 data=d8cf0400409c0000
2026-07-07T15:04:22.702+00:00 VCP run=1 step=0 angle=315615 target=315352 err=-263 steer=0 m1=336/13750 i1=148 t1=28 m2=-350/-13750 i2=-218 t2=27 steerMode=0/514 iSteer=-34565 driveMode=13750/17017 iDrive=182944 scale=0 wheel=40000
2026-07-07T15:04:22.702+00:00 VCP run=1 step=0 angle=315879 target=315352 err=-527 steer=-263 m1=299/12301 i1=134 t1=28 m2=-319/-15199 i2=-229 t2=27 steerMode=-1449/-753 iSteer=-47230 driveMode=13750/16619 iDrive=181640 scale=0 wheel=40000
2026-07-07T15:04:22.702+00:00 VCP SET_TARGET_RX steer=315352 wheel=40000
2026-07-07T15:04:22.718+00:00 CAN id=101 dlc=8 data=d8cf0400409c0000
2026-07-07T15:04:22.738+00:00 CAN id=101 dlc=8 data=d8cf0400409c0000
2026-07-07T15:04:22.758+00:00 CAN id=101 dlc=8 data=d8cf0400409c0000
2026-07-07T15:04:22.778+00:00 CAN id=101 dlc=8 data=d8cf0400409c0000
2026-07-07T15:04:22.798+00:00 CAN id=101 dlc=8 data=d8cf0400409c0000
2026-07-07T15:04:22.806+00:00 VCP run=1 step=0 angle=315791 target=315352 err=-439 steer=0 m1=307/13750 i1=193 t1=28 m2=-344/-13750 i2=-144 t2=27 steerMode=0/-698 iSteer=24519 driveMode=13750/17262 iDrive=168971 scale=0 wheel=40000
2026-07-07T15:04:22.818+00:00 CAN id=101 dlc=8 data=d8cf0400409c0000
2026-07-07T15:04:22.838+00:00 CAN id=101 dlc=8 data=d8cf0400409c0000
2026-07-07T15:04:22.858+00:00 CAN id=101 dlc=8 data=d8cf0400409c0000
2026-07-07T15:04:22.878+00:00 CAN id=101 dlc=8 data=d8cf0400409c0000
2026-07-07T15:04:22.898+00:00 CAN id=101 dlc=8 data=d8cf0400409c0000
2026-07-07T15:04:22.911+00:00 VCP run=1 step=0 angle=315615 target=315352 err=-263 steer=0 m1=330/13750 i1=153 t1=28 m2=-289/-13750 i2=-173 t2=27 steerMode=0/-26 iSteer=-9619 driveMode=13750/17449 iDrive=163008 scale=0 wheel=40000
2026-07-07T15:04:22.918+00:00 CAN id=101 dlc=8 data=d8cf0400409c0000
2026-07-07T15:04:22.938+00:00 CAN id=101 dlc=8 data=d8cf0400409c0000
2026-07-07T15:04:22.958+00:00 CAN id=101 dlc=8 data=d8cf0400409c0000
2026-07-07T15:04:22.978+00:00 CAN id=101 dlc=8 data=d8cf0400409c0000
2026-07-07T15:04:22.998+00:00 CAN id=101 dlc=8 data=d8cf0400409c0000
2026-07-07T15:04:23.016+00:00 VCP run=1 step=0 angle=315527 target=315352 err=-175 steer=0 m1=320/13750 i1=166 t1=28 m2=-306/-13750 i2=-157 t2=27 steerMode=0/-301 iSteer=4607 driveMode=13750/17605 iDrive=161446 scale=0 wheel=40000
2026-07-07T15:04:23.018+00:00 CAN id=101 dlc=8 data=d8cf0400409c0000
2026-07-07T15:04:23.038+00:00 CAN id=101 dlc=8 data=d8cf0400409c0000
2026-07-07T15:04:23.058+00:00 CAN id=101 dlc=8 data=d8cf0400409c0000
2026-07-07T15:04:23.078+00:00 CAN id=101 dlc=8 data=d8cf0400409c0000
2026-07-07T15:04:23.098+00:00 CAN id=101 dlc=8 data=d8cf0400409c0000
2026-07-07T15:04:23.118+00:00 CAN id=101 dlc=8 data=d8cf0400409c0000
2026-07-07T15:04:23.138+00:00 CAN id=101 dlc=8 data=d8cf0400409c0000
2026-07-07T15:04:23.158+00:00 CAN id=101 dlc=8 data=d8cf0400409c0000
2026-07-07T15:04:23.178+00:00 CAN id=101 dlc=8 data=d8cf0400409c0000
2026-07-07T15:04:23.198+00:00 CAN id=101 dlc=8 data=d8cf0400409c0000
2026-07-07T15:04:23.201+00:00 VCP run=1 step=0 angle=315439 target=315352 err=-87 steer=0 m1=334/13750 i1=152 t1=28 m2=-312/-13750 i2=-164 t2=27 steerMode=0/-78 iSteer=-6466 driveMode=13750/17948 iDrive=158018 scale=0 wheel=40000
2026-07-07T15:04:23.201+00:00 VCP run=1 step=0 angle=315439 target=315352 err=-87 steer=0 m1=347/13750 i1=146 t1=28 m2=-327/-13750 i2=-168 t2=27 steerMode=0/20 iSteer=-11270 driveMode=13750/18048 iDrive=157021 scale=0 wheel=40000
2026-07-07T15:04:23.218+00:00 CAN id=101 dlc=8 data=d8cf0400409c0000
2026-07-07T15:04:23.238+00:00 CAN id=101 dlc=8 data=d8cf0400409c0000
2026-07-07T15:04:23.258+00:00 CAN id=101 dlc=8 data=d8cf0400409c0000
2026-07-07T15:04:23.278+00:00 CAN id=101 dlc=8 data=d8cf0400409c0000
2026-07-07T15:04:23.298+00:00 CAN id=101 dlc=8 data=d8cf0400409c0000
2026-07-07T15:04:23.307+00:00 VCP SET_TARGET_RX steer=315352 wheel=40000
2026-07-07T15:04:23.307+00:00 VCP run=1 step=0 angle=315264 target=315352 err=88 steer=0 m1=326/13750 i1=150 t1=28 m2=-371/-13750 i2=-170 t2=27 steerMode=0/-12 iSteer=-9908 driveMode=13750/17724 iDrive=160255 scale=0 wheel=40000
2026-07-07T15:04:23.318+00:00 CAN id=101 dlc=8 data=d8cf0400409c0000
2026-07-07T15:04:23.338+00:00 CAN id=101 dlc=8 data=d8cf0400409c0000
2026-07-07T15:04:23.358+00:00 CAN id=101 dlc=8 data=d8cf0400409c0000
2026-07-07T15:04:23.378+00:00 CAN id=101 dlc=8 data=d8cf0400409c0000
2026-07-07T15:04:23.398+00:00 CAN id=101 dlc=8 data=d8cf0400409c0000
2026-07-07T15:04:23.412+00:00 VCP run=1 step=0 angle=315176 target=315352 err=176 steer=0 m1=339/13750 i1=155 t1=28 m2=-346/-13750 i2=-171 t2=27 steerMode=0/-57 iSteer=-7575 driveMode=13750/17444 iDrive=163064 scale=0 wheel=40000
2026-07-07T15:04:23.418+00:00 CAN id=101 dlc=8 data=d8cf0400409c0000
2026-07-07T15:04:23.438+00:00 CAN id=101 dlc=8 data=d8cf0400409c0000
2026-07-07T15:04:23.458+00:00 CAN id=101 dlc=8 data=d8cf0400409c0000
2026-07-07T15:04:23.478+00:00 CAN id=101 dlc=8 data=d8cf0400409c0000
2026-07-07T15:04:23.498+00:00 CAN id=101 dlc=8 data=d8cf0400409c0000
2026-07-07T15:04:23.517+00:00 VCP run=1 step=0 angle=315176 target=315352 err=176 steer=0 m1=328/13750 i1=160 t1=28 m2=-310/-13750 i2=-182 t2=27 steerMode=0/7 iSteer=-10893 driveMode=13750/16627 iDrive=171225 scale=0 wheel=40000
2026-07-07T15:04:23.518+00:00 CAN id=101 dlc=8 data=d8cf0400409c0000
2026-07-07T15:04:23.538+00:00 CAN id=101 dlc=8 data=d8cf0400409c0000
2026-07-07T15:04:23.558+00:00 CAN id=101 dlc=8 data=d8cf0400409c0000
2026-07-07T15:04:23.578+00:00 CAN id=101 dlc=8 data=d8cf0400409c0000
2026-07-07T15:04:23.598+00:00 CAN id=101 dlc=8 data=d8cf0400409c0000
2026-07-07T15:04:23.618+00:00 CAN id=101 dlc=8 data=d8cf0400409c0000
2026-07-07T15:04:23.638+00:00 CAN id=101 dlc=8 data=d8cf0400409c0000
2026-07-07T15:04:23.658+00:00 CAN id=101 dlc=8 data=d8cf0400409c0000
2026-07-07T15:04:23.678+00:00 CAN id=101 dlc=8 data=d8cf0400409c0000
2026-07-07T15:04:23.698+00:00 CAN id=101 dlc=8 data=d8cf0400409c0000
2026-07-07T15:04:23.702+00:00 VCP run=1 step=0 angle=315176 target=315352 err=176 steer=0 m1=334/13750 i1=155 t1=28 m2=-367/-13750 i2=-188 t2=27 steerMode=0/115 iSteer=-16779 driveMode=13750/16587 iDrive=171633 scale=0 wheel=40000
2026-07-07T15:04:23.702+00:00 VCP run=1 step=0 angle=315352 target=315352 err=0 steer=0 m1=334/13750 i1=164 t1=28 m2=-306/-13750 i2=-189 t2=27 steerMode=0/15 iSteer=-12267 driveMode=13750/16106 iDrive=176439 scale=0 wheel=40000
2026-07-07T15:04:23.718+00:00 CAN id=101 dlc=8 data=d8cf0400409c0000
2026-07-07T15:04:23.738+00:00 CAN id=101 dlc=8 data=d8cf0400409c0000
2026-07-07T15:04:23.758+00:00 CAN id=101 dlc=8 data=d8cf0400409c0000
2026-07-07T15:04:23.778+00:00 CAN id=101 dlc=8 data=d8cf0400409c0000
2026-07-07T15:04:23.798+00:00 CAN id=101 dlc=8 data=d8cf0400409c0000
2026-07-07T15:04:23.806+00:00 VCP SET_TARGET_RX steer=315352 wheel=40000
2026-07-07T15:04:23.806+00:00 VCP run=1 step=0 angle=315527 target=315352 err=-175 steer=0 m1=320/13750 i1=150 t1=28 m2=-281/-13750 i2=-220 t2=27 steerMode=0/442 iSteer=-35274 driveMode=13750/15263 iDrive=184874 scale=0 wheel=40000
2026-07-07T15:04:23.818+00:00 CAN id=101 dlc=8 data=d8cf0400409c0000
2026-07-07T15:04:23.838+00:00 CAN id=101 dlc=8 data=d8cf0400409c0000
2026-07-07T15:04:23.858+00:00 CAN id=101 dlc=8 data=d8cf0400409c0000
2026-07-07T15:04:23.878+00:00 CAN id=101 dlc=8 data=d8cf0400409c0000
2026-07-07T15:04:23.898+00:00 CAN id=101 dlc=8 data=d8cf0400409c0000
2026-07-07T15:04:23.911+00:00 VCP run=1 step=0 angle=315703 target=315352 err=-351 steer=0 m1=303/13750 i1=151 t1=28 m2=-319/-13750 i2=-232 t2=27 steerMode=0/526 iSteer=-40704 driveMode=13750/14592 iDrive=191580 scale=0 wheel=40000
2026-07-07T15:04:23.918+00:00 CAN id=101 dlc=8 data=d8cf0400409c0000
2026-07-07T15:04:23.938+00:00 CAN id=101 dlc=8 data=d8cf0400409c0000
2026-07-07T15:04:23.958+00:00 CAN id=101 dlc=8 data=d8cf0400409c0000
2026-07-07T15:04:23.978+00:00 CAN id=101 dlc=8 data=d8cf0400409c0000
2026-07-07T15:04:23.998+00:00 CAN id=101 dlc=8 data=d8cf0400409c0000
2026-07-07T15:04:24.015+00:00 VCP run=1 step=0 angle=315967 target=315352 err=-615 steer=-307 m1=196/12059 i1=144 t1=28 m2=-279/-15441 i2=-297 t2=27 steerMode=-1691/-573 iSteer=-76255 driveMode=13750/11862 iDrive=220381 scale=0 wheel=40000
2026-07-07T15:04:24.018+00:00 CAN id=101 dlc=8 data=d8cf0400409c0000
2026-07-07T15:04:24.038+00:00 CAN id=101 dlc=8 data=d8cf0400409c0000
2026-07-07T15:04:24.058+00:00 CAN id=101 dlc=8 data=d8cf0400409c0000
2026-07-07T15:04:24.078+00:00 CAN id=101 dlc=8 data=d8cf0400409c0000
2026-07-07T15:04:24.098+00:00 CAN id=101 dlc=8 data=d8cf0400409c0000
2026-07-07T15:04:24.118+00:00 CAN id=101 dlc=8 data=d8cf0400409c0000
2026-07-07T15:04:24.138+00:00 CAN id=101 dlc=8 data=d8cf0400409c0000
2026-07-07T15:04:24.158+00:00 CAN id=101 dlc=8 data=d8cf0400409c0000
2026-07-07T15:04:24.178+00:00 CAN id=101 dlc=8 data=d8cf0400409c0000
2026-07-07T15:04:24.198+00:00 CAN id=101 dlc=8 data=d8cf0400409c0000
2026-07-07T15:04:24.199+00:00 VCP run=1 step=0 angle=315791 target=315352 err=-439 steer=0 m1=246/13750 i1=191 t1=28 m2=-250/-13750 i2=-250 t2=27 steerMode=0/194 iSteer=-29580 driveMode=13750/12122 iDrive=220728 scale=0 wheel=40000
2026-07-07T15:04:24.199+00:00 VCP run=1 step=0 angle=315967 target=315352 err=-615 steer=-307 m1=226/12059 i1=158 t1=28 m2=-275/-15441 i2=-272 t2=27 steerMode=-1691/-1037 iSteer=-56697 driveMode=13750/12905 iDrive=214959 scale=0 wheel=40000
2026-07-07T15:04:24.218+00:00 CAN id=101 dlc=8 data=d8cf0400409c0000
2026-07-07T15:04:24.238+00:00 CAN id=101 dlc=8 data=d8cf0400409c0000
2026-07-07T15:04:24.258+00:00 CAN id=101 dlc=8 data=d8cf0400409c0000
2026-07-07T15:04:24.278+00:00 CAN id=101 dlc=8 data=d8cf0400409c0000
2026-07-07T15:04:24.298+00:00 CAN id=101 dlc=8 data=d8cf0400409c0000
2026-07-07T15:04:24.304+00:00 VCP SET_TARGET_RX steer=315352 wheel=40000
2026-07-07T15:04:24.304+00:00 VCP run=1 step=0 angle=315791 target=315352 err=-439 steer=0 m1=292/13750 i1=153 t1=28 m2=-185/-13750 i2=-281 t2=27 steerMode=0/803 iSteer=-64131 driveMode=13750/12877 iDrive=217301 scale=0 wheel=40000
2026-07-07T15:04:24.318+00:00 CAN id=101 dlc=8 data=d8cf0400409c0000
2026-07-07T15:04:24.338+00:00 CAN id=101 dlc=8 data=d8cf0400409c0000
2026-07-07T15:04:24.358+00:00 CAN id=101 dlc=8 data=d8cf0400409c0000
2026-07-07T15:04:24.378+00:00 CAN id=101 dlc=8 data=d8cf0400409c0000
2026-07-07T15:04:24.398+00:00 CAN id=101 dlc=8 data=d8cf0400409c0000
2026-07-07T15:04:24.408+00:00 VCP run=1 step=0 angle=315879 target=315352 err=-527 steer=-263 m1=215/12301 i1=183 t1=28 m2=-358/-15199 i2=-257 t2=27 steerMode=-1449/-1270 iSteer=-37295 driveMode=13750/12829 iDrive=219942 scale=0 wheel=40000
2026-07-07T15:04:24.418+00:00 CAN id=101 dlc=8 data=d8cf0400409c0000
2026-07-07T15:04:24.438+00:00 CAN id=101 dlc=8 data=d8cf0400409c0000
2026-07-07T15:04:24.458+00:00 CAN id=101 dlc=8 data=d8cf0400409c0000
2026-07-07T15:04:24.478+00:00 CAN id=101 dlc=8 data=d8cf0400409c0000
2026-07-07T15:04:24.498+00:00 CAN id=101 dlc=8 data=d8cf0400409c0000
2026-07-07T15:04:24.513+00:00 VCP run=1 step=0 angle=315791 target=315352 err=-439 steer=0 m1=276/13750 i1=184 t1=28 m2=-268/-13750 i2=-245 t2=27 steerMode=0/51 iSteer=-30495 driveMode=13750/13448 iDrive=214182 scale=0 wheel=40000
2026-07-07T15:04:24.518+00:00 CAN id=101 dlc=8 data=d8cf0400409c0000
2026-07-07T15:04:24.538+00:00 CAN id=101 dlc=8 data=d8cf0400409c0000
2026-07-07T15:04:24.558+00:00 CAN id=101 dlc=8 data=d8cf0400409c0000
2026-07-07T15:04:24.578+00:00 CAN id=101 dlc=8 data=d8cf0400409c0000
2026-07-07T15:04:24.598+00:00 CAN id=101 dlc=8 data=d8cf0400409c0000
2026-07-07T15:04:24.618+00:00 VCP run=1 step=0 angle=315791 target=315352 err=-439 steer=0 m1=272/13750 i1=140 t1=28 m2=-310/-13750 i2=-287 t2=27 steerMode=0/874 iSteer=-73535 driveMode=13750/13476 iDrive=213812 scale=0 wheel=40000
2026-07-07T15:04:24.618+00:00 CAN id=101 dlc=8 data=d8cf0400409c0000
2026-07-07T15:04:24.638+00:00 CAN id=101 dlc=8 data=d8cf0400409c0000
2026-07-07T15:04:24.658+00:00 CAN id=101 dlc=8 data=d8cf0400409c0000
2026-07-07T15:04:24.678+00:00 CAN id=101 dlc=8 data=d8cf0400409c0000
2026-07-07T15:04:24.698+00:00 CAN id=101 dlc=8 data=d8cf0400409c0000
2026-07-07T15:04:24.718+00:00 CAN id=101 dlc=8 data=d8cf0400409c0000
2026-07-07T15:04:24.738+00:00 CAN id=101 dlc=8 data=d8cf0400409c0000
2026-07-07T15:04:24.758+00:00 CAN id=101 dlc=8 data=d8cf0400409c0000
2026-07-07T15:04:24.778+00:00 CAN id=101 dlc=8 data=d8cf0400409c0000
2026-07-07T15:04:24.798+00:00 CAN id=101 dlc=8 data=d8cf0400409c0000
2026-07-07T15:04:24.802+00:00 VCP run=1 step=0 angle=315791 target=315352 err=-439 steer=0 m1=276/13750 i1=173 t1=28 m2=-285/-13750 i2=-231 t2=27 steerMode=0/9 iSteer=-29297 driveMode=13750/14564 iDrive=202120 scale=0 wheel=40000
2026-07-07T15:04:24.802+00:00 VCP SET_TARGET_RX steer=315352 wheel=40000
2026-07-07T15:04:24.802+00:00 VCP run=1 step=0 angle=315791 target=315352 err=-439 steer=0 m1=307/13750 i1=143 t1=28 m2=-239/-13750 i2=-245 t2=27 steerMode=0/433 iSteer=-51078 driveMode=13750/15146 iDrive=194032 scale=0 wheel=40000
2026-07-07T15:04:24.818+00:00 CAN id=101 dlc=8 data=d8cf0400409c0000
2026-07-07T15:04:24.838+00:00 CAN id=101 dlc=8 data=d8cf0400409c0000
2026-07-07T15:04:24.858+00:00 CAN id=101 dlc=8 data=d8cf0400409c0000
2026-07-07T15:04:24.878+00:00 CAN id=101 dlc=8 data=d8cf0400409c0000
2026-07-07T15:04:24.898+00:00 CAN id=101 dlc=8 data=d8cf0400409c0000
2026-07-07T15:04:24.906+00:00 VCP run=1 step=0 angle=315879 target=315352 err=-527 steer=-263 m1=265/12301 i1=86 t1=28 m2=-214/-15199 i2=-318 t2=27 steerMode=-1449/271 iSteer=-116322 driveMode=13750/14168 iDrive=201951 scale=0 wheel=40000
2026-07-07T15:04:24.918+00:00 CAN id=101 dlc=8 data=d8cf0400409c0000
2026-07-07T15:04:24.938+00:00 CAN id=101 dlc=8 data=d8cf0400409c0000
2026-07-07T15:04:24.958+00:00 CAN id=101 dlc=8 data=d8cf0400409c0000
2026-07-07T15:04:24.978+00:00 CAN id=101 dlc=8 data=d8cf0400409c0000
2026-07-07T15:04:24.998+00:00 CAN id=101 dlc=8 data=d8cf0400409c0000
2026-07-07T15:04:25.010+00:00 VCP run=1 step=0 angle=315879 target=315352 err=-527 steer=-263 m1=251/12301 i1=160 t1=28 m2=-258/-15199 i2=-249 t2=27 steerMode=-1449/-1205 iSteer=-44185 driveMode=13750/13849 iDrive=204515 scale=0 wheel=40000
2026-07-07T15:04:25.018+00:00 CAN id=101 dlc=8 data=d8cf0400409c0000
2026-07-07T15:04:25.038+00:00 CAN id=101 dlc=8 data=d8cf0400409c0000
2026-07-07T15:04:25.058+00:00 CAN id=101 dlc=8 data=d8cf0400409c0000
2026-07-07T15:04:25.078+00:00 CAN id=101 dlc=8 data=d8cf0400409c0000
2026-07-07T15:04:25.098+00:00 CAN id=101 dlc=8 data=d8cf0400409c0000
2026-07-07T15:04:25.115+00:00 VCP run=1 step=0 angle=315703 target=315352 err=-351 steer=0 m1=246/13750 i1=140 t1=28 m2=-203/-13750 i2=-290 t2=27 steerMode=0/860 iSteer=-75092 driveMode=13750/12909 iDrive=214822 scale=0 wheel=40000
2026-07-07T15:04:25.118+00:00 CAN id=101 dlc=8 data=d8cf0400409c0000
2026-07-07T15:04:25.138+00:00 CAN id=101 dlc=8 data=d8cf0400409c0000
2026-07-07T15:04:25.158+00:00 CAN id=101 dlc=8 data=d8cf0400409c0000
2026-07-07T15:04:25.178+00:00 CAN id=101 dlc=8 data=d8cf0400409c0000
2026-07-07T15:04:25.198+00:00 CAN id=101 dlc=8 data=d8cf0400409c0000
2026-07-07T15:04:25.218+00:00 VCP run=1 step=0 angle=315703 target=315352 err=-351 steer=0 m1=265/13750 i1=193 t1=28 m2=-235/-13750 i2=-222 t2=27 steerMode=0/-358 iSteer=-14520 driveMode=13750/13734 iDrive=207663 scale=0 wheel=40000
2026-07-07T15:04:25.218+00:00 VCP SET_TARGET_RX steer=315352 wheel=40000
2026-07-07T15:04:25.218+00:00 CAN id=101 dlc=8 data=d8cf0400409c0000
2026-07-07T15:04:25.238+00:00 CAN id=101 dlc=8 data=d8cf0400409c0000
2026-07-07T15:04:25.258+00:00 CAN id=101 dlc=8 data=d8cf0400409c0000
2026-07-07T15:04:25.278+00:00 CAN id=101 dlc=8 data=d8cf0400409c0000
2026-07-07T15:04:25.298+00:00 CAN id=101 dlc=8 data=d8cf0400409c0000
2026-07-07T15:04:25.318+00:00 CAN id=101 dlc=8 data=d8cf0400409c0000
2026-07-07T15:04:25.338+00:00 CAN id=101 dlc=8 data=d8cf0400409c0000
2026-07-07T15:04:25.358+00:00 CAN id=101 dlc=8 data=d8cf0400409c0000
2026-07-07T15:04:25.378+00:00 CAN id=101 dlc=8 data=d8cf0400409c0000
2026-07-07T15:04:25.398+00:00 CAN id=101 dlc=8 data=d8cf0400409c0000
2026-07-07T15:04:25.404+00:00 VCP run=1 step=0 angle=315703 target=315352 err=-351 steer=0 m1=309/13750 i1=167 t1=28 m2=-245/-13750 i2=-228 t2=27 steerMode=0/-33 iSteer=-30489 driveMode=13750/14695 iDrive=197152 scale=0 wheel=40000
2026-07-07T15:04:25.404+00:00 VCP run=1 step=0 angle=315703 target=315352 err=-351 steer=0 m1=311/13750 i1=167 t1=28 m2=-308/-13750 i2=-207 t2=27 steerMode=0/-228 iSteer=-19896 driveMode=13750/15468 iDrive=187050 scale=0 wheel=40000
2026-07-07T15:04:25.418+00:00 CAN id=101 dlc=8 data=d8cf0400409c0000
2026-07-07T15:04:25.438+00:00 CAN id=101 dlc=8 data=d8cf0400409c0000
2026-07-07T15:04:25.458+00:00 CAN id=101 dlc=8 data=d8cf0400409c0000
2026-07-07T15:04:25.478+00:00 CAN id=101 dlc=8 data=d8cf0400409c0000
2026-07-07T15:04:25.498+00:00 CAN id=101 dlc=8 data=d8cf0400409c0000
2026-07-07T15:04:25.509+00:00 VCP run=1 step=0 angle=315615 target=315352 err=-263 steer=0 m1=320/13750 i1=171 t1=28 m2=-367/-13750 i2=-180 t2=27 steerMode=0/-521 iSteer=-4404 driveMode=13750/16224 iDrive=175301 scale=0 wheel=40000
2026-07-07T15:04:25.518+00:00 CAN id=101 dlc=8 data=d8cf0400409c0000
2026-07-07T15:04:25.538+00:00 CAN id=101 dlc=8 data=d8cf0400409c0000
2026-07-07T15:04:25.558+00:00 CAN id=101 dlc=8 data=d8cf0400409c0000
2026-07-07T15:04:25.578+00:00 CAN id=101 dlc=8 data=d8cf0400409c0000
2026-07-07T15:04:25.598+00:00 CAN id=101 dlc=8 data=d8cf0400409c0000
2026-07-07T15:04:25.614+00:00 VCP run=1 step=0 angle=315527 target=315352 err=-175 steer=0 m1=318/13750 i1=133 t1=28 m2=-340/-13750 i2=-231 t2=27 steerMode=0/371 iSteer=-48704 driveMode=13750/15548 iDrive=182020 scale=0 wheel=40000
2026-07-07T15:04:25.618+00:00 CAN id=101 dlc=8 data=d8cf0400409c0000
2026-07-07T15:04:25.638+00:00 CAN id=101 dlc=8 data=d8cf0400409c0000
2026-07-07T15:04:25.658+00:00 CAN id=101 dlc=8 data=d8cf0400409c0000
2026-07-07T15:04:25.678+00:00 CAN id=101 dlc=8 data=d8cf0400409c0000
2026-07-07T15:04:25.698+00:00 CAN id=101 dlc=8 data=d8cf0400409c0000
2026-07-07T15:04:25.716+00:00 VCP run=1 step=0 angle=315615 target=315352 err=-263 steer=0 m1=282/13750 i1=151 t1=28 m2=-235/-13750 i2=-237 t2=27 steerMode=0/251 iSteer=-43004 driveMode=13750/14398 iDrive=193523 scale=0 wheel=40000
2026-07-07T15:04:25.716+00:00 VCP SET_TARGET_RX steer=315352 wheel=40000
2026-07-07T15:04:25.718+00:00 CAN id=101 dlc=8 data=d8cf0400409c0000
2026-07-07T15:04:25.738+00:00 CAN id=101 dlc=8 data=d8cf0400409c0000
2026-07-07T15:04:25.758+00:00 CAN id=101 dlc=8 data=d8cf0400409c0000
2026-07-07T15:04:25.778+00:00 CAN id=101 dlc=8 data=d8cf0400409c0000
2026-07-07T15:04:25.798+00:00 CAN id=101 dlc=8 data=d8cf0400409c0000
2026-07-07T15:04:25.818+00:00 CAN id=101 dlc=8 data=d8cf0400409c0000
2026-07-07T15:04:25.838+00:00 CAN id=101 dlc=8 data=d8cf0400409c0000
2026-07-07T15:04:25.858+00:00 CAN id=101 dlc=8 data=d8cf0400409c0000
2026-07-07T15:04:25.878+00:00 CAN id=101 dlc=8 data=d8cf0400409c0000
2026-07-07T15:04:25.898+00:00 CAN id=101 dlc=8 data=d8cf0400409c0000
2026-07-07T15:04:25.902+00:00 VCP run=1 step=0 angle=315615 target=315352 err=-263 steer=0 m1=246/13750 i1=162 t1=28 m2=-208/-13750 i2=-239 t2=27 steerMode=0/135 iSteer=-38147 driveMode=13750/13709 iDrive=200409 scale=0 wheel=40000
2026-07-07T15:04:25.902+00:00 VCP run=1 step=0 angle=315879 target=315352 err=-527 steer=-263 m1=244/12301 i1=134 t1=28 m2=-289/-15199 i2=-291 t2=27 steerMode=-1449/-565 iSteer=-78808 driveMode=13750/12630 iDrive=212406 scale=0 wheel=40000
2026-07-07T15:04:25.918+00:00 CAN id=101 dlc=8 data=d8cf0400409c0000
2026-07-07T15:04:25.938+00:00 CAN id=101 dlc=8 data=d8cf0400409c0000
2026-07-07T15:04:25.958+00:00 CAN id=101 dlc=8 data=d8cf0400409c0000
2026-07-07T15:04:25.978+00:00 CAN id=101 dlc=8 data=d8cf0400409c0000
2026-07-07T15:04:25.998+00:00 CAN id=101 dlc=8 data=d8cf0400409c0000
2026-07-07T15:04:26.007+00:00 VCP run=1 step=0 angle=315703 target=315352 err=-351 steer=0 m1=251/13750 i1=173 t1=28 m2=-243/-13750 i2=-254 t2=27 steerMode=0/151 iSteer=-40799 driveMode=13750/12732 iDrive=213538 scale=0 wheel=40000
2026-07-07T15:04:26.018+00:00 CAN id=101 dlc=8 data=d8cf0400409c0000
2026-07-07T15:04:26.038+00:00 CAN id=101 dlc=8 data=d8cf0400409c0000
2026-07-07T15:04:26.058+00:00 CAN id=101 dlc=8 data=d8cf0400409c0000
2026-07-07T15:04:26.078+00:00 CAN id=101 dlc=8 data=d8cf0400409c0000
2026-07-07T15:04:26.098+00:00 CAN id=101 dlc=8 data=d8cf0400409c0000
2026-07-07T15:04:26.112+00:00 VCP run=1 step=0 angle=315791 target=315352 err=-439 steer=0 m1=255/13750 i1=155 t1=28 m2=-220/-13750 i2=-272 t2=27 steerMode=0/481 iSteer=-58288 driveMode=13750/12897 iDrive=213407 scale=0 wheel=40000
2026-07-07T15:04:26.118+00:00 CAN id=101 dlc=8 data=d8cf0400409c0000
2026-07-07T15:04:26.138+00:00 CAN id=101 dlc=8 data=d8cf0400409c0000
2026-07-07T15:04:26.158+00:00 CAN id=101 dlc=8 data=d8cf0400409c0000
2026-07-07T15:04:26.178+00:00 CAN id=101 dlc=8 data=d8cf0400409c0000
2026-07-07T15:04:26.198+00:00 CAN id=101 dlc=8 data=d8cf0400409c0000
2026-07-07T15:04:26.214+00:00 VCP run=1 step=0 angle=315879 target=315352 err=-527 steer=-263 m1=230/12301 i1=130 t1=28 m2=-243/-15199 i2=-288 t2=27 steerMode=-1449/-593 iSteer=-78898 driveMode=13750/13457 iDrive=208646 scale=0 wheel=40000
2026-07-07T15:04:26.214+00:00 VCP SET_TARGET_RX steer=315352 wheel=40000
2026-07-07T15:04:26.218+00:00 CAN id=101 dlc=8 data=d8cf0400409c0000
2026-07-07T15:04:26.238+00:00 CAN id=101 dlc=8 data=d8cf0400409c0000
2026-07-07T15:04:26.258+00:00 CAN id=101 dlc=8 data=d8cf0400409c0000
2026-07-07T15:04:26.278+00:00 CAN id=101 dlc=8 data=d8cf0400409c0000
2026-07-07T15:04:26.298+00:00 CAN id=101 dlc=8 data=d8cf0400409c0000
2026-07-07T15:04:26.318+00:00 CAN id=101 dlc=8 data=d8cf0400409c0000
2026-07-07T15:04:26.338+00:00 CAN id=101 dlc=8 data=d8cf0400409c0000
2026-07-07T15:04:26.358+00:00 CAN id=101 dlc=8 data=d8cf0400409c0000
2026-07-07T15:04:26.378+00:00 CAN id=101 dlc=8 data=d8cf0400409c0000
2026-07-07T15:04:26.398+00:00 CAN id=101 dlc=8 data=d8cf0400409c0000
2026-07-07T15:04:26.402+00:00 VCP run=1 step=0 angle=315527 target=315352 err=-175 steer=0 m1=290/13750 i1=157 t1=28 m2=-287/-13750 i2=-234 t2=27 steerMode=0/96 iSteer=-38465 driveMode=13750/14680 iDrive=195483 scale=0 wheel=40000
2026-07-07T15:04:26.402+00:00 VCP run=1 step=0 angle=315527 target=315352 err=-175 steer=0 m1=284/13750 i1=169 t1=28 m2=-250/-13750 i2=-207 t2=27 steerMode=0/-296 iSteer=-19177 driveMode=13750/15223 iDrive=187909 scale=0 wheel=40000
2026-07-07T15:04:26.418+00:00 CAN id=101 dlc=8 data=d8cf0400409c0000
2026-07-07T15:04:26.438+00:00 CAN id=101 dlc=8 data=d8cf0400409c0000
2026-07-07T15:04:26.458+00:00 CAN id=101 dlc=8 data=d8cf0400409c0000
2026-07-07T15:04:26.478+00:00 CAN id=101 dlc=8 data=d8cf0400409c0000
2026-07-07T15:04:26.498+00:00 CAN id=101 dlc=8 data=d8cf0400409c0000
2026-07-07T15:04:26.506+00:00 VCP run=1 step=0 angle=315615 target=315352 err=-263 steer=0 m1=265/13750 i1=151 t1=28 m2=-354/-13750 i2=-215 t2=27 steerMode=0/-44 iSteer=-31912 driveMode=13750/15499 iDrive=182691 scale=0 wheel=40000
2026-07-07T15:04:26.518+00:00 CAN id=101 dlc=8 data=d8cf0400409c0000
2026-07-07T15:04:26.538+00:00 CAN id=101 dlc=8 data=d8cf0400409c0000
2026-07-07T15:04:26.558+00:00 CAN id=101 dlc=8 data=d8cf0400409c0000
2026-07-07T15:04:26.578+00:00 CAN id=101 dlc=8 data=d8cf0400409c0000
2026-07-07T15:04:26.598+00:00 CAN id=101 dlc=8 data=d8cf0400409c0000
2026-07-07T15:04:26.611+00:00 VCP run=1 step=0 angle=315527 target=315352 err=-175 steer=0 m1=282/13750 i1=153 t1=28 m2=-262/-13750 i2=-200 t2=27 steerMode=0/-191 iSteer=-23469 driveMode=13750/16132 iDrive=176179 scale=0 wheel=40000
2026-07-07T15:04:26.618+00:00 CAN id=101 dlc=8 data=d8cf0400409c0000
2026-07-07T15:04:26.638+00:00 CAN id=101 dlc=8 data=d8cf0400409c0000
2026-07-07T15:04:26.658+00:00 CAN id=101 dlc=8 data=d8cf0400409c0000
2026-07-07T15:04:26.678+00:00 CAN id=101 dlc=8 data=d8cf0400409c0000
2026-07-07T15:04:26.698+00:00 CAN id=101 dlc=8 data=d8cf0400409c0000
2026-07-07T15:04:26.713+00:00 VCP run=1 step=0 angle=315527 target=315352 err=-175 steer=0 m1=261/13750 i1=160 t1=28 m2=-319/-13750 i2=-201 t2=27 steerMode=0/-255 iSteer=-20213 driveMode=13750/15707 iDrive=180427 scale=0 wheel=40000
2026-07-07T15:04:26.713+00:00 VCP SET_TARGET_RX steer=315352 wheel=40000
2026-07-07T15:04:26.718+00:00 CAN id=101 dlc=8 data=d8cf0400409c0000
2026-07-07T15:04:26.738+00:00 CAN id=101 dlc=8 data=d8cf0400409c0000
2026-07-07T15:04:26.758+00:00 CAN id=101 dlc=8 data=d8cf0400409c0000
2026-07-07T15:04:26.778+00:00 CAN id=101 dlc=8 data=d8cf0400409c0000
2026-07-07T15:04:26.798+00:00 CAN id=101 dlc=8 data=d8cf0400409c0000
2026-07-07T15:04:26.818+00:00 VCP run=1 step=0 angle=315439 target=315352 err=-87 steer=0 m1=284/13750 i1=157 t1=28 m2=-323/-13750 i2=-198 t2=27 steerMode=0/-225 iSteer=-20590 driveMode=13750/16012 iDrive=177379 scale=0 wheel=40000
2026-07-07T15:04:26.818+00:00 CAN id=101 dlc=8 data=d8cf0400409c0000
2026-07-07T15:04:26.838+00:00 CAN id=101 dlc=8 data=d8cf0400409c0000
2026-07-07T15:04:26.858+00:00 CAN id=101 dlc=8 data=d8cf0400409c0000
2026-07-07T15:04:26.878+00:00 CAN id=101 dlc=8 data=d8cf0400409c0000
2026-07-07T15:04:26.898+00:00 CAN id=101 dlc=8 data=d8cf0400409c0000
2026-07-07T15:04:26.918+00:00 CAN id=101 dlc=8 data=d8cf0400409c0000
2026-07-07T15:04:26.938+00:00 CAN id=101 dlc=8 data=d8cf0400409c0000
2026-07-07T15:04:26.958+00:00 CAN id=101 dlc=8 data=d8cf0400409c0000
2026-07-07T15:04:26.978+00:00 CAN id=101 dlc=8 data=d8cf0400409c0000
2026-07-07T15:04:26.998+00:00 CAN id=101 dlc=8 data=d8cf0400409c0000
2026-07-07T15:04:27.006+00:00 VCP run=1 step=0 angle=315352 target=315352 err=0 steer=0 m1=303/13750 i1=172 t1=28 m2=-360/-13750 i2=-173 t2=27 steerMode=0/-613 iSteer=-517 driveMode=13750/16454 iDrive=172961 scale=0 wheel=40000
2026-07-07T15:04:27.006+00:00 VCP run=1 step=0 angle=315176 target=315352 err=176 steer=0 m1=297/13750 i1=165 t1=28 m2=-331/-13750 i2=-182 t2=27 steerMode=0/-447 iSteer=-8548 driveMode=13750/16362 iDrive=173883 scale=0 wheel=40000
2026-07-07T15:04:27.018+00:00 CAN id=101 dlc=8 data=d8cf0400409c0000
2026-07-07T15:04:27.038+00:00 CAN id=101 dlc=8 data=d8cf0400409c0000
2026-07-07T15:04:27.058+00:00 CAN id=101 dlc=8 data=d8cf0400409c0000
2026-07-07T15:04:27.078+00:00 CAN id=101 dlc=8 data=d8cf0400409c0000
2026-07-07T15:04:27.098+00:00 CAN id=101 dlc=8 data=d8cf0400409c0000
2026-07-07T15:04:27.111+00:00 VCP run=1 step=0 angle=315176 target=315352 err=176 steer=0 m1=341/13750 i1=141 t1=28 m2=-275/-13750 i2=-206 t2=27 steerMode=0/35 iSteer=-32084 driveMode=13750/16408 iDrive=173420 scale=0 wheel=40000
2026-07-07T15:04:27.118+00:00 CAN id=101 dlc=8 data=d8cf0400409c0000
2026-07-07T15:04:27.138+00:00 CAN id=101 dlc=8 data=d8cf0400409c0000
2026-07-07T15:04:27.158+00:00 CAN id=101 dlc=8 data=d8cf0400409c0000
2026-07-07T15:04:27.178+00:00 CAN id=101 dlc=8 data=d8cf0400409c0000
2026-07-07T15:04:27.198+00:00 BENCH disable sent
2026-07-07T15:04:27.198+00:00 CAN id=121 dlc=2 data=0100
2026-07-07T15:04:27.198+00:00 CAN id=121 dlc=2 data=0100
2026-07-07T15:04:27.311+00:00 VCP run=1 step=0 angle=315176 target=315352 err=176 steer=0 m1=288/13750 i1=155 t1=28 m2=-283/-13750 i2=-187 t2=27 steerMode=0/-269 iSteer=-16094 driveMode=13750/16639 iDrive=171106 scale=0 wheel=40000
2026-07-07T15:04:27.311+00:00 VCP UNIT_CTRL enable=0
2026-07-07T15:04:27.311+00:00 VCP UNIT_CTRL enable=0
2026-07-07T15:04:27.311+00:00 VCP STOP: disabled
2026-07-07T15:04:27.599+00:00 BENCH log closed
