2026-07-07T15:02:46.922+00:00 BENCH log opened: firmware/logs/baked-noclamp-rpm25.log
2026-07-07T15:02:46.923+00:00 BENCH run: steer=315.352deg (315352mdeg) wheel=25.0rpm (25000milli-rpm) rate=50.0Hz duration=10.0s
2026-07-07T15:02:46.923+00:00 BENCH enable sent
2026-07-07T15:02:46.923+00:00 CAN id=121 dlc=2 data=0101
2026-07-07T15:02:46.923+00:00 CAN id=101 dlc=8 data=d8cf0400a8610000
2026-07-07T15:02:46.943+00:00 CAN id=101 dlc=8 data=d8cf0400a8610000
2026-07-07T15:02:46.948+00:00 VCP _TARGET_RX steer=315352 wheel=25000
2026-07-07T15:02:46.948+00:00 VCP START_CAN: angle=315967 target=315352 wheelTarget=25000
2026-07-07T15:02:46.963+00:00 CAN id=101 dlc=8 data=d8cf0400a8610000
2026-07-07T15:02:46.983+00:00 CAN id=101 dlc=8 data=d8cf0400a8610000
2026-07-07T15:02:47.003+00:00 CAN id=101 dlc=8 data=d8cf0400a8610000
2026-07-07T15:02:47.023+00:00 CAN id=101 dlc=8 data=d8cf0400a8610000
2026-07-07T15:02:47.043+00:00 CAN id=101 dlc=8 data=d8cf0400a8610000
2026-07-07T15:02:47.063+00:00 CAN id=101 dlc=8 data=d8cf0400a8610000
2026-07-07T15:02:47.083+00:00 CAN id=101 dlc=8 data=d8cf0400a8610000
2026-07-07T15:02:47.103+00:00 CAN id=101 dlc=8 data=d8cf0400a8610000
2026-07-07T15:02:47.123+00:00 CAN id=101 dlc=8 data=d8cf0400a8610000
2026-07-07T15:02:47.131+00:00 VCP run=1 step=0 angle=315967 target=315352 err=-615 steer=-250 m1=0/-1031 i1=-65 t1=28 m2=0/-1719 i2=-72 t2=27 steerMode=-1375/0 iSteer=-68956 driveMode=344/0 iDrive=3472 scale=0 wheel=1000
2026-07-07T15:02:47.131+00:00 VCP run=1 step=0 angle=315967 target=315352 err=-615 steer=-307 m1=0/4772 i1=-18 t1=28 m2=0/-8153 i2=-159 t2=27 steerMode=-1691/-19 iSteer=-88236 driveMode=6462/19 iDrive=70628 scale=0 wheel=18800
2026-07-07T15:02:47.143+00:00 CAN id=101 dlc=8 data=d8cf0400a8610000
2026-07-07T15:02:47.163+00:00 CAN id=101 dlc=8 data=d8cf0400a8610000
2026-07-07T15:02:47.183+00:00 CAN id=101 dlc=8 data=d8cf0400a8610000
2026-07-07T15:02:47.203+00:00 CAN id=101 dlc=8 data=d8cf0400a8610000
2026-07-07T15:02:47.223+00:00 CAN id=101 dlc=8 data=d8cf0400a8610000
2026-07-07T15:02:47.236+00:00 VCP run=1 step=0 angle=315967 target=315352 err=-615 steer=-307 m1=0/6903 i1=14 t1=28 m2=0/-10284 i2=-201 t2=27 steerMode=-1691/-2 iSteer=-93706 driveMode=8594/2 iDrive=107662 scale=0 wheel=25000
2026-07-07T15:02:47.243+00:00 CAN id=101 dlc=8 data=d8cf0400a8610000
2026-07-07T15:02:47.263+00:00 CAN id=101 dlc=8 data=d8cf0400a8610000
2026-07-07T15:02:47.283+00:00 CAN id=101 dlc=8 data=d8cf0400a8610000
2026-07-07T15:02:47.303+00:00 CAN id=101 dlc=8 data=d8cf0400a8610000
2026-07-07T15:02:47.323+00:00 CAN id=101 dlc=8 data=d8cf0400a8610000
2026-07-07T15:02:47.342+00:00 VCP run=1 step=0 angle=315967 target=315352 err=-615 steer=-307 m1=0/6903 i1=25 t1=28 m2=0/-10284 i2=-222 t2=27 steerMode=-1691/0 iSteer=-98541 driveMode=8594/0 iDrive=123840 scale=0 wheel=25000
2026-07-07T15:02:47.343+00:00 CAN id=101 dlc=8 data=d8cf0400a8610000
2026-07-07T15:02:47.363+00:00 CAN id=101 dlc=8 data=d8cf0400a8610000
2026-07-07T15:02:47.383+00:00 CAN id=101 dlc=8 data=d8cf0400a8610000
2026-07-07T15:02:47.403+00:00 CAN id=101 dlc=8 data=d8cf0400a8610000
2026-07-07T15:02:47.423+00:00 CAN id=101 dlc=8 data=d8cf0400a8610000
2026-07-07T15:02:47.443+00:00 CAN id=101 dlc=8 data=d8cf0400a8610000
2026-07-07T15:02:47.444+00:00 VCP run=1 step=0 angle=315967 target=315352 err=-615 steer=-307 m1=0/6903 i1=37 t1=28 m2=0/-10284 i2=-243 t2=27 steerMode=-1691/-2 iSteer=-103156 driveMode=8594/2 iDrive=139961 scale=0 wheel=25000
2026-07-07T15:02:47.444+00:00 VCP SET_TARGET_RX steer=315352 wheel=25000
2026-07-07T15:02:47.463+00:00 CAN id=101 dlc=8 data=d8cf0400a8610000
2026-07-07T15:02:47.483+00:00 CAN id=101 dlc=8 data=d8cf0400a8610000
2026-07-07T15:02:47.503+00:00 CAN id=101 dlc=8 data=d8cf0400a8610000
2026-07-07T15:02:47.523+00:00 CAN id=101 dlc=8 data=d8cf0400a8610000
2026-07-07T15:02:47.543+00:00 CAN id=101 dlc=8 data=d8cf0400a8610000
2026-07-07T15:02:47.563+00:00 CAN id=101 dlc=8 data=d8cf0400a8610000
2026-07-07T15:02:47.583+00:00 CAN id=101 dlc=8 data=d8cf0400a8610000
2026-07-07T15:02:47.603+00:00 CAN id=101 dlc=8 data=d8cf0400a8610000
2026-07-07T15:02:47.623+00:00 CAN id=101 dlc=8 data=d8cf0400a8610000
2026-07-07T15:02:47.632+00:00 VCP run=1 step=0 angle=315879 target=315352 err=-527 steer=-263 m1=0/7145 i1=62 t1=28 m2=-3/-10043 i2=-250 t2=27 steerMode=-1449/-34 iSteer=-94163 driveMode=8594/34 iDrive=155790 scale=0 wheel=25000
2026-07-07T15:02:47.632+00:00 VCP run=1 step=0 angle=315967 target=315352 err=-615 steer=-307 m1=0/6903 i1=60 t1=28 m2=0/-10284 i2=-285 t2=27 steerMode=-1691/0 iSteer=-112583 driveMode=8594/0 iDrive=172098 scale=0 wheel=25000
2026-07-07T15:02:47.643+00:00 CAN id=101 dlc=8 data=d8cf0400a8610000
2026-07-07T15:02:47.663+00:00 CAN id=101 dlc=8 data=d8cf0400a8610000
2026-07-07T15:02:47.683+00:00 CAN id=101 dlc=8 data=d8cf0400a8610000
2026-07-07T15:02:47.703+00:00 CAN id=101 dlc=8 data=d8cf0400a8610000
2026-07-07T15:02:47.723+00:00 CAN id=101 dlc=8 data=d8cf0400a8610000
2026-07-07T15:02:47.738+00:00 VCP run=1 step=0 angle=315967 target=315352 err=-615 steer=-307 m1=0/6903 i1=71 t1=28 m2=0/-10284 i2=-306 t2=27 steerMode=-1691/0 iSteer=-117341 driveMode=8594/0 iDrive=188258 scale=0 wheel=25000
2026-07-07T15:02:47.743+00:00 CAN id=101 dlc=8 data=d8cf0400a8610000
2026-07-07T15:02:47.763+00:00 CAN id=101 dlc=8 data=d8cf0400a8610000
2026-07-07T15:02:47.783+00:00 CAN id=101 dlc=8 data=d8cf0400a8610000
2026-07-07T15:02:47.803+00:00 CAN id=101 dlc=8 data=d8cf0400a8610000
2026-07-07T15:02:47.823+00:00 CAN id=101 dlc=8 data=d8cf0400a8610000
2026-07-07T15:02:47.843+00:00 VCP run=1 step=0 angle=315967 target=315352 err=-615 steer=-307 m1=0/6903 i1=82 t1=28 m2=0/-10284 i2=-326 t2=27 steerMode=-1691/-2 iSteer=-121928 driveMode=8594/2 iDrive=204374 scale=0 wheel=25000
2026-07-07T15:02:47.843+00:00 CAN id=101 dlc=8 data=d8cf0400a8610000
2026-07-07T15:02:47.863+00:00 CAN id=101 dlc=8 data=d8cf0400a8610000
2026-07-07T15:02:47.883+00:00 CAN id=101 dlc=8 data=d8cf0400a8610000
2026-07-07T15:02:47.903+00:00 CAN id=101 dlc=8 data=d8cf0400a8610000
2026-07-07T15:02:47.923+00:00 CAN id=101 dlc=8 data=d8cf0400a8610000
2026-07-07T15:02:47.943+00:00 CAN id=101 dlc=8 data=d8cf0400a8610000
2026-07-07T15:02:47.963+00:00 CAN id=101 dlc=8 data=d8cf0400a8610000
2026-07-07T15:02:47.983+00:00 CAN id=101 dlc=8 data=d8cf0400a8610000
2026-07-07T15:02:48.003+00:00 CAN id=101 dlc=8 data=d8cf0400a8610000
2026-07-07T15:02:48.023+00:00 CAN id=101 dlc=8 data=d8cf0400a8610000
2026-07-07T15:02:48.028+00:00 VCP run=1 step=0 angle=315967 target=315352 err=-615 steer=-307 m1=0/6903 i1=96 t1=28 m2=0/-10284 i2=-345 t2=27 steerMode=-1691/-41 iSteer=-124708 driveMode=8594/18 iDrive=220370 scale=0 wheel=25000
2026-07-07T15:02:48.028+00:00 VCP SET_TARGET_RX steer=315352 wheel=25000
2026-07-07T15:02:48.028+00:00 VCP run=1 step=0 angle=315967 target=315352 err=-615 steer=-307 m1=0/6903 i1=105 t1=28 m2=0/-10284 i2=-368 t2=27 steerMode=-1691/0 iSteer=-131423 driveMode=8594/0 iDrive=236523 scale=0 wheel=25000
2026-07-07T15:02:48.043+00:00 CAN id=101 dlc=8 data=d8cf0400a8610000
2026-07-07T15:02:48.063+00:00 CAN id=101 dlc=8 data=d8cf0400a8610000
2026-07-07T15:02:48.083+00:00 CAN id=101 dlc=8 data=d8cf0400a8610000
2026-07-07T15:02:48.103+00:00 CAN id=101 dlc=8 data=d8cf0400a8610000
2026-07-07T15:02:48.123+00:00 CAN id=101 dlc=8 data=d8cf0400a8610000
2026-07-07T15:02:48.133+00:00 VCP run=1 step=0 angle=315967 target=315352 err=-615 steer=-307 m1=0/6903 i1=117 t1=28 m2=0/-10284 i2=-389 t2=27 steerMode=-1691/0 iSteer=-136149 driveMode=8594/0 iDrive=252681 scale=0 wheel=25000
2026-07-07T15:02:48.143+00:00 CAN id=101 dlc=8 data=d8cf0400a8610000
2026-07-07T15:02:48.163+00:00 CAN id=101 dlc=8 data=d8cf0400a8610000
2026-07-07T15:02:48.183+00:00 CAN id=101 dlc=8 data=d8cf0400a8610000
2026-07-07T15:02:48.203+00:00 CAN id=101 dlc=8 data=d8cf0400a8610000
2026-07-07T15:02:48.223+00:00 CAN id=101 dlc=8 data=d8cf0400a8610000
2026-07-07T15:02:48.238+00:00 VCP run=1 step=0 angle=315967 target=315352 err=-615 steer=-307 m1=0/6903 i1=128 t1=28 m2=0/-10284 i2=-409 t2=27 steerMode=-1691/-9 iSteer=-140447 driveMode=8594/9 iDrive=268745 scale=0 wheel=25000
2026-07-07T15:02:48.243+00:00 CAN id=101 dlc=8 data=d8cf0400a8610000
2026-07-07T15:02:48.263+00:00 CAN id=101 dlc=8 data=d8cf0400a8610000
2026-07-07T15:02:48.283+00:00 CAN id=101 dlc=8 data=d8cf0400a8610000
2026-07-07T15:02:48.303+00:00 CAN id=101 dlc=8 data=d8cf0400a8610000
2026-07-07T15:02:48.323+00:00 CAN id=101 dlc=8 data=d8cf0400a8610000
2026-07-07T15:02:48.343+00:00 CAN id=101 dlc=8 data=d8cf0400a8610000
2026-07-07T15:02:48.344+00:00 VCP run=1 step=0 angle=315967 target=315352 err=-615 steer=-307 m1=0/6903 i1=139 t1=28 m2=0/-10284 i2=-431 t2=27 steerMode=-1691/0 iSteer=-145623 driveMode=8594/0 iDrive=284980 scale=0 wheel=25000
2026-07-07T15:02:48.363+00:00 CAN id=101 dlc=8 data=d8cf0400a8610000
2026-07-07T15:02:48.383+00:00 CAN id=101 dlc=8 data=d8cf0400a8610000
2026-07-07T15:02:48.403+00:00 CAN id=101 dlc=8 data=d8cf0400a8610000
2026-07-07T15:02:48.423+00:00 CAN id=101 dlc=8 data=d8cf0400a8610000
2026-07-07T15:02:48.443+00:00 CAN id=101 dlc=8 data=d8cf0400a8610000
2026-07-07T15:02:48.463+00:00 CAN id=101 dlc=8 data=d8cf0400a8610000
2026-07-07T15:02:48.483+00:00 CAN id=101 dlc=8 data=d8cf0400a8610000
2026-07-07T15:02:48.503+00:00 CAN id=101 dlc=8 data=d8cf0400a8610000
2026-07-07T15:02:48.523+00:00 CAN id=101 dlc=8 data=d8cf0400a8610000
2026-07-07T15:02:48.529+00:00 VCP run=1 step=0 angle=315967 target=315352 err=-615 steer=-307 m1=0/6903 i1=151 t1=28 m2=0/-10284 i2=-452 t2=27 steerMode=-1691/1 iSteer=-150396 driveMode=8594/1 iDrive=301123 scale=0 wheel=25000
2026-07-07T15:02:48.529+00:00 VCP SET_TARGET_RX steer=315352 wheel=25000
2026-07-07T15:02:48.529+00:00 VCP run=1 step=0 angle=315967 target=315352 err=-615 steer=-307 m1=0/6903 i1=163 t1=28 m2=0/-10284 i2=-472 t2=27 steerMode=-1691/-8 iSteer=-154635 driveMode=8594/8 iDrive=317185 scale=0 wheel=25000
2026-07-07T15:02:48.543+00:00 CAN id=101 dlc=8 data=d8cf0400a8610000
2026-07-07T15:02:48.563+00:00 CAN id=101 dlc=8 data=d8cf0400a8610000
2026-07-07T15:02:48.583+00:00 CAN id=101 dlc=8 data=d8cf0400a8610000
2026-07-07T15:02:48.603+00:00 CAN id=101 dlc=8 data=d8cf0400a8610000
2026-07-07T15:02:48.623+00:00 CAN id=101 dlc=8 data=d8cf0400a8610000
2026-07-07T15:02:48.634+00:00 VCP run=1 step=0 angle=315967 target=315352 err=-615 steer=-307 m1=2/6903 i1=173 t1=28 m2=0/-10284 i2=-493 t2=27 steerMode=-1691/5 iSteer=-159973 driveMode=8594/5 iDrive=333372 scale=0 wheel=25000
2026-07-07T15:02:48.643+00:00 CAN id=101 dlc=8 data=d8cf0400a8610000
2026-07-07T15:02:48.663+00:00 CAN id=101 dlc=8 data=d8cf0400a8610000
2026-07-07T15:02:48.683+00:00 CAN id=101 dlc=8 data=d8cf0400a8610000
2026-07-07T15:02:48.703+00:00 CAN id=101 dlc=8 data=d8cf0400a8610000
2026-07-07T15:02:48.723+00:00 CAN id=101 dlc=8 data=d8cf0400a8610000
2026-07-07T15:02:48.739+00:00 VCP run=1 step=0 angle=315967 target=315352 err=-615 steer=-307 m1=0/6903 i1=185 t1=28 m2=0/-10284 i2=-514 t2=27 steerMode=-1691/-1 iSteer=-164405 driveMode=8594/1 iDrive=349550 scale=0 wheel=25000
2026-07-07T15:02:48.743+00:00 CAN id=101 dlc=8 data=d8cf0400a8610000
2026-07-07T15:02:48.763+00:00 CAN id=101 dlc=8 data=d8cf0400a8610000
2026-07-07T15:02:48.783+00:00 CAN id=101 dlc=8 data=d8cf0400a8610000
2026-07-07T15:02:48.804+00:00 CAN id=101 dlc=8 data=d8cf0400a8610000
2026-07-07T15:02:48.823+00:00 CAN id=101 dlc=8 data=d8cf0400a8610000
2026-07-07T15:02:48.843+00:00 CAN id=101 dlc=8 data=d8cf0400a8610000
2026-07-07T15:02:48.863+00:00 CAN id=101 dlc=8 data=d8cf0400a8610000
2026-07-07T15:02:48.884+00:00 CAN id=101 dlc=8 data=d8cf0400a8610000
2026-07-07T15:02:48.903+00:00 CAN id=101 dlc=8 data=d8cf0400a8610000
2026-07-07T15:02:48.923+00:00 CAN id=101 dlc=8 data=d8cf0400a8610000
2026-07-07T15:02:48.924+00:00 VCP run=1 step=0 angle=315967 target=315352 err=-615 steer=-307 m1=0/6903 i1=198 t1=28 m2=-3/-10284 i2=-533 t2=27 steerMode=-1691/-24 iSteer=-167953 driveMode=8594/24 iDrive=365468 scale=0 wheel=25000
2026-07-07T15:02:48.924+00:00 VCP run=1 step=0 angle=315967 target=315352 err=-615 steer=-307 m1=0/6903 i1=208 t1=28 m2=0/-10284 i2=-555 t2=27 steerMode=-1691/-1 iSteer=-173739 driveMode=8594/1 iDrive=381664 scale=0 wheel=25000
2026-07-07T15:02:48.943+00:00 CAN id=101 dlc=8 data=d8cf0400a8610000
2026-07-07T15:02:48.963+00:00 CAN id=101 dlc=8 data=d8cf0400a8610000
2026-07-07T15:02:48.983+00:00 CAN id=101 dlc=8 data=d8cf0400a8610000
2026-07-07T15:02:49.003+00:00 CAN id=101 dlc=8 data=d8cf0400a8610000
2026-07-07T15:02:49.023+00:00 CAN id=101 dlc=8 data=d8cf0400a8610000
2026-07-07T15:02:49.029+00:00 VCP SET_TARGET_RX steer=315352 wheel=25000
2026-07-07T15:02:49.029+00:00 VCP run=1 step=0 angle=315967 target=315352 err=-615 steer=-307 m1=0/6903 i1=219 t1=28 m2=0/-10284 i2=-576 t2=27 steerMode=-1691/0 iSteer=-178392 driveMode=8594/0 iDrive=397830 scale=0 wheel=25000
2026-07-07T15:02:49.043+00:00 CAN id=101 dlc=8 data=d8cf0400a8610000
2026-07-07T15:02:49.063+00:00 CAN id=101 dlc=8 data=d8cf0400a8610000
2026-07-07T15:02:49.083+00:00 CAN id=101 dlc=8 data=d8cf0400a8610000
2026-07-07T15:02:49.103+00:00 CAN id=101 dlc=8 data=d8cf0400a8610000
2026-07-07T15:02:49.123+00:00 CAN id=101 dlc=8 data=d8cf0400a8610000
2026-07-07T15:02:49.135+00:00 VCP run=1 step=0 angle=315967 target=315352 err=-615 steer=-307 m1=0/6903 i1=231 t1=28 m2=0/-10284 i2=-597 t2=27 steerMode=-1691/0 iSteer=-183120 driveMode=8594/0 iDrive=413985 scale=0 wheel=25000
2026-07-07T15:02:49.143+00:00 CAN id=101 dlc=8 data=d8cf0400a8610000
2026-07-07T15:02:49.163+00:00 CAN id=101 dlc=8 data=d8cf0400a8610000
2026-07-07T15:02:49.183+00:00 CAN id=101 dlc=8 data=d8cf0400a8610000
2026-07-07T15:02:49.203+00:00 CAN id=101 dlc=8 data=d8cf0400a8610000
2026-07-07T15:02:49.223+00:00 CAN id=101 dlc=8 data=d8cf0400a8610000
2026-07-07T15:02:49.240+00:00 VCP run=1 step=0 angle=315967 target=315352 err=-615 steer=-307 m1=0/6903 i1=242 t1=28 m2=0/-10284 i2=-618 t2=27 steerMode=-1691/-2 iSteer=-187742 driveMode=8594/2 iDrive=430099 scale=0 wheel=25000
2026-07-07T15:02:49.243+00:00 CAN id=101 dlc=8 data=d8cf0400a8610000
2026-07-07T15:02:49.263+00:00 CAN id=101 dlc=8 data=d8cf0400a8610000
2026-07-07T15:02:49.283+00:00 CAN id=101 dlc=8 data=d8cf0400a8610000
2026-07-07T15:02:49.303+00:00 CAN id=101 dlc=8 data=d8cf0400a8610000
2026-07-07T15:02:49.323+00:00 CAN id=101 dlc=8 data=d8cf0400a8610000
2026-07-07T15:02:49.343+00:00 CAN id=101 dlc=8 data=d8cf0400a8610000
2026-07-07T15:02:49.363+00:00 CAN id=101 dlc=8 data=d8cf0400a8610000
2026-07-07T15:02:49.383+00:00 CAN id=101 dlc=8 data=d8cf0400a8610000
2026-07-07T15:02:49.403+00:00 CAN id=101 dlc=8 data=d8cf0400a8610000
2026-07-07T15:02:49.423+00:00 CAN id=101 dlc=8 data=d8cf0400a8610000
2026-07-07T15:02:49.424+00:00 VCP run=1 step=0 angle=315879 target=315352 err=-527 steer=-263 m1=0/7145 i1=266 t1=28 m2=0/-10043 i2=-627 t2=27 steerMode=-1449/-2 iSteer=-180258 driveMode=8594/-1 iDrive=446289 scale=0 wheel=25000
2026-07-07T15:02:49.424+00:00 VCP run=1 step=0 angle=315967 target=315352 err=-615 steer=-307 m1=0/6903 i1=265 t1=28 m2=0/-10284 i2=-659 t2=27 steerMode=-1691/-4 iSteer=-196915 driveMode=8594/-1 iDrive=462254 scale=0 wheel=25000
2026-07-07T15:02:49.443+00:00 CAN id=101 dlc=8 data=d8cf0400a8610000
2026-07-07T15:02:49.463+00:00 CAN id=101 dlc=8 data=d8cf0400a8610000
2026-07-07T15:02:49.483+00:00 CAN id=101 dlc=8 data=d8cf0400a8610000
2026-07-07T15:02:49.503+00:00 CAN id=101 dlc=8 data=d8cf0400a8610000
2026-07-07T15:02:49.523+00:00 CAN id=101 dlc=8 data=d8cf0400a8610000
2026-07-07T15:02:49.530+00:00 VCP SET_TARGET_RX steer=315352 wheel=25000
2026-07-07T15:02:49.530+00:00 VCP run=1 step=0 angle=315967 target=315352 err=-615 steer=-307 m1=0/6903 i1=276 t1=28 m2=0/-10284 i2=-680 t2=27 steerMode=-1691/0 iSteer=-201788 driveMode=8594/0 iDrive=478229 scale=0 wheel=25000
2026-07-07T15:02:49.543+00:00 CAN id=101 dlc=8 data=d8cf0400a8610000
2026-07-07T15:02:49.563+00:00 CAN id=101 dlc=8 data=d8cf0400a8610000
2026-07-07T15:02:49.583+00:00 CAN id=101 dlc=8 data=d8cf0400a8610000
2026-07-07T15:02:49.603+00:00 CAN id=101 dlc=8 data=d8cf0400a8610000
2026-07-07T15:02:49.623+00:00 CAN id=101 dlc=8 data=d8cf0400a8610000
2026-07-07T15:02:49.635+00:00 VCP run=1 step=0 angle=315967 target=315352 err=-615 steer=-307 m1=0/6903 i1=288 t1=28 m2=0/-10284 i2=-701 t2=27 steerMode=-1691/-2 iSteer=-206407 driveMode=8594/3 iDrive=494331 scale=0 wheel=25000
2026-07-07T15:02:49.643+00:00 CAN id=101 dlc=8 data=d8cf0400a8610000
2026-07-07T15:02:49.663+00:00 CAN id=101 dlc=8 data=d8cf0400a8610000
2026-07-07T15:02:49.683+00:00 CAN id=101 dlc=8 data=d8cf0400a8610000
2026-07-07T15:02:49.703+00:00 CAN id=101 dlc=8 data=d8cf0400a8610000
2026-07-07T15:02:49.723+00:00 CAN id=101 dlc=8 data=d8cf0400a8610000
2026-07-07T15:02:49.741+00:00 VCP run=1 step=0 angle=315967 target=315352 err=-615 steer=-307 m1=2/6903 i1=298 t1=28 m2=0/-10284 i2=-723 t2=27 steerMode=-1691/28 iSteer=-212632 driveMode=8594/28 iDrive=510230 scale=0 wheel=25000
2026-07-07T15:02:49.743+00:00 CAN id=101 dlc=8 data=d8cf0400a8610000
2026-07-07T15:02:49.763+00:00 CAN id=101 dlc=8 data=d8cf0400a8610000
2026-07-07T15:02:49.783+00:00 CAN id=101 dlc=8 data=d8cf0400a8610000
2026-07-07T15:02:49.803+00:00 CAN id=101 dlc=8 data=d8cf0400a8610000
2026-07-07T15:02:49.823+00:00 CAN id=101 dlc=8 data=d8cf0400a8610000
2026-07-07T15:02:49.843+00:00 CAN id=101 dlc=8 data=d8cf0400a8610000
2026-07-07T15:02:49.863+00:00 CAN id=101 dlc=8 data=d8cf0400a8610000
2026-07-07T15:02:49.883+00:00 CAN id=101 dlc=8 data=d8cf0400a8610000
2026-07-07T15:02:49.903+00:00 CAN id=101 dlc=8 data=d8cf0400a8610000
2026-07-07T15:02:49.923+00:00 CAN id=101 dlc=8 data=d8cf0400a8610000
2026-07-07T15:02:49.924+00:00 VCP run=1 step=0 angle=316406 target=315352 err=-1054 steer=-527 m1=100/5695 i1=206 t1=28 m2=-147/-11493 i2=-768 t2=27 steerMode=-2899/4 iSteer=-281006 driveMode=8594/3678 iDrive=487022 scale=0 wheel=25000
2026-07-07T15:02:49.924+00:00 VCP run=1 step=0 angle=314648 target=315352 err=704 steer=352 m1=334/10529 i1=450 t1=28 m2=-340/-6659 i2=-275 t2=27 steerMode=1935/-2341 iSteer=87195 driveMode=8594/15868 iDrive=362636 scale=0 wheel=25000
2026-07-07T15:02:49.943+00:00 CAN id=101 dlc=8 data=d8cf0400a8610000
2026-07-07T15:02:49.963+00:00 CAN id=101 dlc=8 data=d8cf0400a8610000
2026-07-07T15:02:49.983+00:00 CAN id=101 dlc=8 data=d8cf0400a8610000
2026-07-07T15:02:50.003+00:00 CAN id=101 dlc=8 data=d8cf0400a8610000
2026-07-07T15:02:50.023+00:00 CAN id=101 dlc=8 data=d8cf0400a8610000
2026-07-07T15:02:50.029+00:00 VCP SET_TARGET_RX steer=315352 wheel=25000
2026-07-07T15:02:50.029+00:00 VCP run=1 step=0 angle=314912 target=315352 err=440 steer=0 m1=452/8594 i1=132 t1=28 m2=-486/-8594 i2=-394 t2=27 steerMode=0/144 iSteer=-130786 driveMode=8594/23661 iDrive=262985 scale=0 wheel=25000
2026-07-07T15:02:50.043+00:00 CAN id=101 dlc=8 data=d8cf0400a8610000
2026-07-07T15:02:50.063+00:00 CAN id=101 dlc=8 data=d8cf0400a8610000
2026-07-07T15:02:50.083+00:00 CAN id=101 dlc=8 data=d8cf0400a8610000
2026-07-07T15:02:50.103+00:00 CAN id=101 dlc=8 data=d8cf0400a8610000
2026-07-07T15:02:50.123+00:00 CAN id=101 dlc=8 data=d8cf0400a8610000
2026-07-07T15:02:50.134+00:00 VCP run=1 step=0 angle=314561 target=315352 err=791 steer=396 m1=475/10770 i1=231 t1=28 m2=-503/-6417 i2=-187 t2=27 steerMode=2177/-600 iSteer=22007 driveMode=8594/26031 iDrive=208777 scale=0 wheel=25000
2026-07-07T15:02:50.143+00:00 CAN id=101 dlc=8 data=d8cf0400a8610000
2026-07-07T15:02:50.163+00:00 CAN id=101 dlc=8 data=d8cf0400a8610000
2026-07-07T15:02:50.183+00:00 CAN id=101 dlc=8 data=d8cf0400a8610000
2026-07-07T15:02:50.203+00:00 CAN id=101 dlc=8 data=d8cf0400a8610000
2026-07-07T15:02:50.223+00:00 CAN id=101 dlc=8 data=d8cf0400a8610000
2026-07-07T15:02:50.239+00:00 VCP run=1 step=0 angle=314736 target=315352 err=616 steer=308 m1=481/10287 i1=130 t1=28 m2=-528/-6901 i2=-219 t2=27 steerMode=1693/343 iSteer=-44595 driveMode=8594/26174 iDrive=174839 scale=0 wheel=25000
2026-07-07T15:02:50.243+00:00 CAN id=101 dlc=8 data=d8cf0400a8610000
2026-07-07T15:02:50.263+00:00 CAN id=101 dlc=8 data=d8cf0400a8610000
2026-07-07T15:02:50.283+00:00 CAN id=101 dlc=8 data=d8cf0400a8610000
2026-07-07T15:02:50.303+00:00 CAN id=101 dlc=8 data=d8cf0400a8610000
2026-07-07T15:02:50.323+00:00 CAN id=101 dlc=8 data=d8cf0400a8610000
2026-07-07T15:02:50.343+00:00 CAN id=101 dlc=8 data=d8cf0400a8610000
2026-07-07T15:02:50.344+00:00 VCP run=1 step=0 angle=314824 target=315352 err=528 steer=264 m1=454/10045 i1=153 t1=28 m2=-505/-7142 i2=-156 t2=27 steerMode=1451/-662 iSteer=-1132 driveMode=8594/25034 iDrive=154527 scale=0 wheel=25000
2026-07-07T15:02:50.363+00:00 CAN id=101 dlc=8 data=d8cf0400a8610000
2026-07-07T15:02:50.383+00:00 CAN id=101 dlc=8 data=d8cf0400a8610000
2026-07-07T15:02:50.403+00:00 CAN id=101 dlc=8 data=d8cf0400a8610000
2026-07-07T15:02:50.423+00:00 CAN id=101 dlc=8 data=d8cf0400a8610000
2026-07-07T15:02:50.443+00:00 CAN id=101 dlc=8 data=d8cf0400a8610000
2026-07-07T15:02:50.463+00:00 CAN id=101 dlc=8 data=d8cf0400a8610000
2026-07-07T15:02:50.483+00:00 CAN id=101 dlc=8 data=d8cf0400a8610000
2026-07-07T15:02:50.503+00:00 CAN id=101 dlc=8 data=d8cf0400a8610000
2026-07-07T15:02:50.523+00:00 CAN id=101 dlc=8 data=d8cf0400a8610000
2026-07-07T15:02:50.528+00:00 VCP run=1 step=0 angle=314473 target=315352 err=879 steer=440 m1=437/11012 i1=145 t1=28 m2=-429/-6175 i2=-140 t2=27 steerMode=2418/357 iSteer=2630 driveMode=8594/23324 iDrive=142233 scale=0 wheel=25000
2026-07-07T15:02:50.528+00:00 VCP SET_TARGET_RX steer=315352 wheel=25000
2026-07-07T15:02:50.528+00:00 VCP run=1 step=0 angle=314648 target=315352 err=704 steer=352 m1=424/10529 i1=101 t1=28 m2=-394/-6659 i2=-181 t2=27 steerMode=1935/811 iSteer=-39716 driveMode=8594/20946 iDrive=140889 scale=0 wheel=25000
2026-07-07T15:02:50.543+00:00 CAN id=101 dlc=8 data=d8cf0400a8610000
2026-07-07T15:02:50.563+00:00 CAN id=101 dlc=8 data=d8cf0400a8610000
2026-07-07T15:02:50.583+00:00 CAN id=101 dlc=8 data=d8cf0400a8610000
2026-07-07T15:02:50.603+00:00 CAN id=101 dlc=8 data=d8cf0400a8610000
2026-07-07T15:02:50.623+00:00 CAN id=101 dlc=8 data=d8cf0400a8610000
2026-07-07T15:02:50.633+00:00 VCP run=1 step=0 angle=314824 target=315352 err=528 steer=214 m1=311/9770 i1=138 t1=28 m2=-312/-7417 i2=-180 t2=27 steerMode=1176/-270 iSteer=-20811 driveMode=8594/17201 iDrive=159135 scale=0 wheel=25000
2026-07-07T15:02:50.643+00:00 CAN id=101 dlc=8 data=d8cf0400a8610000
2026-07-07T15:02:50.663+00:00 CAN id=101 dlc=8 data=d8cf0400a8610000
2026-07-07T15:02:50.683+00:00 CAN id=101 dlc=8 data=d8cf0400a8610000
2026-07-07T15:02:50.703+00:00 CAN id=101 dlc=8 data=d8cf0400a8610000
2026-07-07T15:02:50.723+00:00 CAN id=101 dlc=8 data=d8cf0400a8610000
2026-07-07T15:02:50.738+00:00 VCP run=1 step=0 angle=314912 target=315352 err=440 steer=164 m1=292/9495 i1=129 t1=28 m2=-210/-7692 i2=-229 t2=27 steerMode=901/87 iSteer=-49992 driveMode=8594/13960 iDrive=178932 scale=0 wheel=25000
2026-07-07T15:02:50.743+00:00 CAN id=101 dlc=8 data=d8cf0400a8610000
2026-07-07T15:02:50.763+00:00 CAN id=101 dlc=8 data=d8cf0400a8610000
2026-07-07T15:02:50.783+00:00 CAN id=101 dlc=8 data=d8cf0400a8610000
2026-07-07T15:02:50.803+00:00 CAN id=101 dlc=8 data=d8cf0400a8610000
2026-07-07T15:02:50.823+00:00 CAN id=101 dlc=8 data=d8cf0400a8610000
2026-07-07T15:02:50.843+00:00 VCP run=1 step=0 angle=314912 target=315352 err=440 steer=0 m1=156/8594 i1=131 t1=28 m2=-235/-8594 i2=-280 t2=27 steerMode=0/-332 iSteer=-74304 driveMode=8594/10687 iDrive=205253 scale=0 wheel=25000
2026-07-07T15:02:50.843+00:00 CAN id=101 dlc=8 data=d8cf0400a8610000
2026-07-07T15:02:50.863+00:00 CAN id=101 dlc=8 data=d8cf0400a8610000
2026-07-07T15:02:50.883+00:00 CAN id=101 dlc=8 data=d8cf0400a8610000
2026-07-07T15:02:50.903+00:00 CAN id=101 dlc=8 data=d8cf0400a8610000
2026-07-07T15:02:50.923+00:00 CAN id=101 dlc=8 data=d8cf0400a8610000
2026-07-07T15:02:50.943+00:00 CAN id=101 dlc=8 data=d8cf0400a8610000
2026-07-07T15:02:50.963+00:00 CAN id=101 dlc=8 data=d8cf0400a8610000
2026-07-07T15:02:50.983+00:00 CAN id=101 dlc=8 data=d8cf0400a8610000
2026-07-07T15:02:51.003+00:00 CAN id=101 dlc=8 data=d8cf0400a8610000
2026-07-07T15:02:51.023+00:00 CAN id=101 dlc=8 data=d8cf0400a8610000
2026-07-07T15:02:51.028+00:00 VCP run=1 step=0 angle=315000 target=315352 err=352 steer=0 m1=127/8594 i1=152 t1=28 m2=-193/-8594 i2=-295 t2=27 steerMode=0/-368 iSteer=-71730 driveMode=8594/8675 iDrive=223620 scale=0 wheel=25000
2026-07-07T15:02:51.028+00:00 VCP SET_TARGET_RX steer=315352 wheel=25000
2026-07-07T15:02:51.028+00:00 VCP run=1 step=0 angle=314912 target=315352 err=440 steer=0 m1=211/8594 i1=132 t1=28 m2=-153/-8594 i2=-315 t2=27 steerMode=0/62 iSteer=-91812 driveMode=8594/8709 iDrive=223539 scale=0 wheel=25000
2026-07-07T15:02:51.043+00:00 CAN id=101 dlc=8 data=d8cf0400a8610000
2026-07-07T15:02:51.063+00:00 CAN id=101 dlc=8 data=d8cf0400a8610000
2026-07-07T15:02:51.083+00:00 CAN id=101 dlc=8 data=d8cf0400a8610000
2026-07-07T15:02:51.103+00:00 CAN id=101 dlc=8 data=d8cf0400a8610000
2026-07-07T15:02:51.123+00:00 CAN id=101 dlc=8 data=d8cf0400a8610000
2026-07-07T15:02:51.133+00:00 VCP run=1 step=0 angle=314824 target=315352 err=528 steer=264 m1=221/10045 i1=158 t1=28 m2=-139/-7142 i2=-284 t2=27 steerMode=1451/1001 iSteer=-62674 driveMode=8594/8846 iDrive=221050 scale=0 wheel=25000
2026-07-07T15:02:51.143+00:00 CAN id=101 dlc=8 data=d8cf0400a8610000
2026-07-07T15:02:51.163+00:00 CAN id=101 dlc=8 data=d8cf0400a8610000
2026-07-07T15:02:51.183+00:00 CAN id=101 dlc=8 data=d8cf0400a8610000
2026-07-07T15:02:51.203+00:00 CAN id=101 dlc=8 data=d8cf0400a8610000
2026-07-07T15:02:51.223+00:00 CAN id=101 dlc=8 data=d8cf0400a8610000
2026-07-07T15:02:51.238+00:00 VCP run=1 step=0 angle=315176 target=315352 err=176 steer=0 m1=144/8594 i1=158 t1=28 m2=-141/-8594 i2=-307 t2=27 steerMode=0/-271 iSteer=-74192 driveMode=8594/7795 iDrive=232440 scale=0 wheel=25000
2026-07-07T15:02:51.243+00:00 CAN id=101 dlc=8 data=d8cf0400a8610000
2026-07-07T15:02:51.263+00:00 CAN id=101 dlc=8 data=d8cf0400a8610000
2026-07-07T15:02:51.283+00:00 CAN id=101 dlc=8 data=d8cf0400a8610000
2026-07-07T15:02:51.303+00:00 CAN id=101 dlc=8 data=d8cf0400a8610000
2026-07-07T15:02:51.323+00:00 CAN id=101 dlc=8 data=d8cf0400a8610000
2026-07-07T15:02:51.343+00:00 CAN id=101 dlc=8 data=d8cf0400a8610000
2026-07-07T15:02:51.343+00:00 VCP run=1 step=0 angle=315176 target=315352 err=176 steer=0 m1=161/8594 i1=175 t1=28 m2=-214/-8594 i2=-312 t2=27 steerMode=0/-367 iSteer=-68786 driveMode=8594/6958 iDrive=243327 scale=0 wheel=25000
2026-07-07T15:02:51.363+00:00 CAN id=101 dlc=8 data=d8cf0400a8610000
2026-07-07T15:02:51.383+00:00 CAN id=101 dlc=8 data=d8cf0400a8610000
2026-07-07T15:02:51.403+00:00 CAN id=101 dlc=8 data=d8cf0400a8610000
2026-07-07T15:02:51.423+00:00 CAN id=101 dlc=8 data=d8cf0400a8610000
2026-07-07T15:02:51.443+00:00 CAN id=101 dlc=8 data=d8cf0400a8610000
2026-07-07T15:02:51.463+00:00 CAN id=101 dlc=8 data=d8cf0400a8610000
2026-07-07T15:02:51.483+00:00 CAN id=101 dlc=8 data=d8cf0400a8610000
2026-07-07T15:02:51.503+00:00 CAN id=101 dlc=8 data=d8cf0400a8610000
2026-07-07T15:02:51.523+00:00 CAN id=101 dlc=8 data=d8cf0400a8610000
2026-07-07T15:02:51.528+00:00 VCP run=1 step=0 angle=315088 target=315352 err=264 steer=0 m1=138/8594 i1=158 t1=28 m2=-137/-8594 i2=-312 t2=27 steerMode=0/-183 iSteer=-77167 driveMode=8594/8011 iDrive=234892 scale=0 wheel=25000
2026-07-07T15:02:51.528+00:00 VCP SET_TARGET_RX steer=315352 wheel=25000
2026-07-07T15:02:51.528+00:00 VCP run=1 step=0 angle=314824 target=315352 err=528 steer=264 m1=161/10045 i1=235 t1=28 m2=-178/-7142 i2=-214 t2=27 steerMode=1451/-443 iSteer=10789 driveMode=8594/9020 iDrive=224577 scale=0 wheel=25000
2026-07-07T15:02:51.543+00:00 CAN id=101 dlc=8 data=d8cf0400a8610000
2026-07-07T15:02:51.563+00:00 CAN id=101 dlc=8 data=d8cf0400a8610000
2026-07-07T15:02:51.583+00:00 CAN id=101 dlc=8 data=d8cf0400a8610000
2026-07-07T15:02:51.603+00:00 CAN id=101 dlc=8 data=d8cf0400a8610000
2026-07-07T15:02:51.623+00:00 CAN id=101 dlc=8 data=d8cf0400a8610000
2026-07-07T15:02:51.633+00:00 VCP run=1 step=0 angle=315000 target=315352 err=352 steer=0 m1=136/8594 i1=154 t1=28 m2=-189/-8594 i2=-276 t2=27 steerMode=0/-458 iSteer=-60998 driveMode=8594/9873 iDrive=214719 scale=0 wheel=25000
2026-07-07T15:02:51.643+00:00 CAN id=101 dlc=8 data=d8cf0400a8610000
2026-07-07T15:02:51.663+00:00 CAN id=101 dlc=8 data=d8cf0400a8610000
2026-07-07T15:02:51.683+00:00 CAN id=101 dlc=8 data=d8cf0400a8610000
2026-07-07T15:02:51.703+00:00 CAN id=101 dlc=8 data=d8cf0400a8610000
2026-07-07T15:02:51.723+00:00 CAN id=101 dlc=8 data=d8cf0400a8610000
2026-07-07T15:02:51.738+00:00 VCP run=1 step=0 angle=314736 target=315352 err=616 steer=308 m1=236/10287 i1=178 t1=28 m2=-183/-6901 i2=-230 t2=27 steerMode=1693/629 iSteer=-26232 driveMode=8594/10671 iDrive=203824 scale=0 wheel=25000
2026-07-07T15:02:51.743+00:00 CAN id=101 dlc=8 data=d8cf0400a8610000
2026-07-07T15:02:51.763+00:00 CAN id=101 dlc=8 data=d8cf0400a8610000
2026-07-07T15:02:51.783+00:00 CAN id=101 dlc=8 data=d8cf0400a8610000
2026-07-07T15:02:51.803+00:00 CAN id=101 dlc=8 data=d8cf0400a8610000
2026-07-07T15:02:51.823+00:00 CAN id=101 dlc=8 data=d8cf0400a8610000
2026-07-07T15:02:51.843+00:00 VCP run=1 step=0 angle=315088 target=315352 err=264 steer=0 m1=167/8594 i1=174 t1=28 m2=-273/-8594 i2=-224 t2=27 steerMode=0/-1124 iSteer=-25037 driveMode=8594/10800 iDrive=198791 scale=0 wheel=25000
2026-07-07T15:02:51.843+00:00 CAN id=101 dlc=8 data=d8cf0400a8610000
2026-07-07T15:02:51.863+00:00 CAN id=101 dlc=8 data=d8cf0400a8610000
2026-07-07T15:02:51.883+00:00 CAN id=101 dlc=8 data=d8cf0400a8610000
2026-07-07T15:02:51.903+00:00 CAN id=101 dlc=8 data=d8cf0400a8610000
2026-07-07T15:02:51.923+00:00 CAN id=101 dlc=8 data=d8cf0400a8610000
2026-07-07T15:02:51.943+00:00 CAN id=101 dlc=8 data=d8cf0400a8610000
2026-07-07T15:02:51.944+00:00 VCP run=1 step=0 angle=314824 target=315352 err=528 steer=264 m1=246/10045 i1=204 t1=28 m2=-185/-7142 i2=-159 t2=27 steerMode=1451/-522 iSteer=22356 driveMode=8594/11992 iDrive=181670 scale=0 wheel=25000
2026-07-07T15:02:51.944+00:00 VCP SET_TARGET_RX steer=315352 wheel=25000
2026-07-07T15:02:51.963+00:00 CAN id=101 dlc=8 data=d8cf0400a8610000
2026-07-07T15:02:51.983+00:00 CAN id=101 dlc=8 data=d8cf0400a8610000
2026-07-07T15:02:52.003+00:00 CAN id=101 dlc=8 data=d8cf0400a8610000
2026-07-07T15:02:52.023+00:00 CAN id=101 dlc=8 data=d8cf0400a8610000
2026-07-07T15:02:52.043+00:00 CAN id=101 dlc=8 data=d8cf0400a8610000
2026-07-07T15:02:52.063+00:00 CAN id=101 dlc=8 data=d8cf0400a8610000
2026-07-07T15:02:52.083+00:00 CAN id=101 dlc=8 data=d8cf0400a8610000
2026-07-07T15:02:52.103+00:00 CAN id=101 dlc=8 data=d8cf0400a8610000
2026-07-07T15:02:52.123+00:00 CAN id=101 dlc=8 data=d8cf0400a8610000
2026-07-07T15:02:52.132+00:00 VCP run=1 step=0 angle=315088 target=315352 err=264 steer=0 m1=202/8594 i1=62 t1=28 m2=-206/-8594 i2=-291 t2=27 steerMode=0/766 iSteer=-114029 driveMode=8594/11843 iDrive=176494 scale=0 wheel=25000
2026-07-07T15:02:52.132+00:00 VCP run=1 step=0 angle=314824 target=315352 err=528 steer=264 m1=244/10045 i1=192 t1=28 m2=-214/-7142 i2=-174 t2=27 steerMode=1451/-181 iSteer=8855 driveMode=8594/10768 iDrive=182650 scale=0 wheel=25000
2026-07-07T15:02:52.143+00:00 CAN id=101 dlc=8 data=d8cf0400a8610000
2026-07-07T15:02:52.163+00:00 CAN id=101 dlc=8 data=d8cf0400a8610000
2026-07-07T15:02:52.183+00:00 CAN id=101 dlc=8 data=d8cf0400a8610000
2026-07-07T15:02:52.203+00:00 CAN id=101 dlc=8 data=d8cf0400a8610000
2026-07-07T15:02:52.223+00:00 CAN id=101 dlc=8 data=d8cf0400a8610000
2026-07-07T15:02:52.238+00:00 VCP run=1 step=0 angle=314912 target=315352 err=440 steer=0 m1=173/8594 i1=102 t1=28 m2=-185/-8594 i2=-247 t2=27 steerMode=0/18 iSteer=-72357 driveMode=8594/11178 iDrive=174159 scale=0 wheel=25000
2026-07-07T15:02:52.243+00:00 CAN id=101 dlc=8 data=d8cf0400a8610000
2026-07-07T15:02:52.263+00:00 CAN id=101 dlc=8 data=d8cf0400a8610000
2026-07-07T15:02:52.283+00:00 CAN id=101 dlc=8 data=d8cf0400a8610000
2026-07-07T15:02:52.303+00:00 CAN id=101 dlc=8 data=d8cf0400a8610000
2026-07-07T15:02:52.323+00:00 CAN id=101 dlc=8 data=d8cf0400a8610000
2026-07-07T15:02:52.343+00:00 VCP run=1 step=0 angle=314736 target=315352 err=616 steer=308 m1=223/10287 i1=181 t1=28 m2=-224/-6901 i2=-151 t2=27 steerMode=1693/64 iSteer=15124 driveMode=8594/12008 iDrive=165859 scale=0 wheel=25000
2026-07-07T15:02:52.343+00:00 CAN id=101 dlc=8 data=d8cf0400a8610000
2026-07-07T15:02:52.363+00:00 CAN id=101 dlc=8 data=d8cf0400a8610000
2026-07-07T15:02:52.383+00:00 CAN id=101 dlc=8 data=d8cf0400a8610000
2026-07-07T15:02:52.403+00:00 CAN id=101 dlc=8 data=d8cf0400a8610000
2026-07-07T15:02:52.423+00:00 CAN id=101 dlc=8 data=d8cf0400a8610000
2026-07-07T15:02:52.443+00:00 CAN id=101 dlc=8 data=d8cf0400a8610000
2026-07-07T15:02:52.445+00:00 VCP run=1 step=0 angle=314912 target=315352 err=440 steer=0 m1=234/8594 i1=76 t1=28 m2=-279/-8594 i2=-246 t2=27 steerMode=0/403 iSteer=-85237 driveMode=8594/12492 iDrive=161013 scale=0 wheel=25000
2026-07-07T15:02:52.445+00:00 VCP SET_TARGET_RX steer=315352 wheel=25000
2026-07-07T15:02:52.463+00:00 CAN id=101 dlc=8 data=d8cf0400a8610000
2026-07-07T15:02:52.483+00:00 CAN id=101 dlc=8 data=d8cf0400a8610000
2026-07-07T15:02:52.503+00:00 CAN id=101 dlc=8 data=d8cf0400a8610000
2026-07-07T15:02:52.523+00:00 CAN id=101 dlc=8 data=d8cf0400a8610000
2026-07-07T15:02:52.543+00:00 CAN id=101 dlc=8 data=d8cf0400a8610000
2026-07-07T15:02:52.563+00:00 CAN id=101 dlc=8 data=d8cf0400a8610000
2026-07-07T15:02:52.583+00:00 CAN id=101 dlc=8 data=d8cf0400a8610000
2026-07-07T15:02:52.603+00:00 CAN id=101 dlc=8 data=d8cf0400a8610000
2026-07-07T15:02:52.623+00:00 CAN id=101 dlc=8 data=d8cf0400a8610000
2026-07-07T15:02:52.632+00:00 VCP run=1 step=0 angle=314912 target=315352 err=440 steer=214 m1=240/9770 i1=138 t1=28 m2=-279/-7417 i2=-190 t2=27 steerMode=1176/460 iSteer=-25752 driveMode=8594/12176 iDrive=164178 scale=0 wheel=25000
2026-07-07T15:02:52.632+00:00 VCP run=1 step=0 angle=314912 target=315352 err=440 steer=0 m1=244/8594 i1=122 t1=28 m2=-241/-8594 i2=-203 t2=27 steerMode=0/-405 iSteer=-40351 driveMode=8594/12320 iDrive=162740 scale=0 wheel=25000
2026-07-07T15:02:52.643+00:00 CAN id=101 dlc=8 data=d8cf0400a8610000
2026-07-07T15:02:52.663+00:00 CAN id=101 dlc=8 data=d8cf0400a8610000
2026-07-07T15:02:52.683+00:00 CAN id=101 dlc=8 data=d8cf0400a8610000
2026-07-07T15:02:52.703+00:00 CAN id=101 dlc=8 data=d8cf0400a8610000
2026-07-07T15:02:52.723+00:00 CAN id=101 dlc=8 data=d8cf0400a8610000
2026-07-07T15:02:52.738+00:00 VCP run=1 step=0 angle=314912 target=315352 err=440 steer=0 m1=246/8594 i1=68 t1=28 m2=-178/-8594 i2=-275 t2=27 steerMode=0/935 iSteer=-103434 driveMode=8594/11412 iDrive=171814 scale=0 wheel=25000
2026-07-07T15:02:52.743+00:00 CAN id=101 dlc=8 data=d8cf0400a8610000
2026-07-07T15:02:52.763+00:00 CAN id=101 dlc=8 data=d8cf0400a8610000
2026-07-07T15:02:52.783+00:00 CAN id=101 dlc=8 data=d8cf0400a8610000
2026-07-07T15:02:52.803+00:00 CAN id=101 dlc=8 data=d8cf0400a8610000
2026-07-07T15:02:52.823+00:00 CAN id=101 dlc=8 data=d8cf0400a8610000
2026-07-07T15:02:52.843+00:00 VCP run=1 step=0 angle=314824 target=315352 err=528 steer=264 m1=202/10045 i1=229 t1=28 m2=-206/-7142 i2=-107 t2=27 steerMode=1451/-877 iSteer=60707 driveMode=8594/11791 iDrive=168027 scale=0 wheel=25000
2026-07-07T15:02:52.843+00:00 CAN id=101 dlc=8 data=d8cf0400a8610000
2026-07-07T15:02:52.863+00:00 CAN id=101 dlc=8 data=d8cf0400a8610000
2026-07-07T15:02:52.883+00:00 CAN id=101 dlc=8 data=d8cf0400a8610000
2026-07-07T15:02:52.903+00:00 CAN id=101 dlc=8 data=d8cf0400a8610000
2026-07-07T15:02:52.923+00:00 CAN id=101 dlc=8 data=d8cf0400a8610000
2026-07-07T15:02:52.943+00:00 CAN id=101 dlc=8 data=d8cf0400a8610000
2026-07-07T15:02:52.944+00:00 VCP run=1 step=0 angle=315088 target=315352 err=264 steer=0 m1=230/8594 i1=51 t1=28 m2=-170/-8594 i2=-285 t2=27 steerMode=0/1284 iSteer=-117135 driveMode=8594/11768 iDrive=168259 scale=0 wheel=25000
2026-07-07T15:02:52.944+00:00 VCP SET_TARGET_RX steer=315352 wheel=25000
2026-07-07T15:02:52.963+00:00 CAN id=101 dlc=8 data=d8cf0400a8610000
2026-07-07T15:02:52.983+00:00 CAN id=101 dlc=8 data=d8cf0400a8610000
2026-07-07T15:02:53.003+00:00 CAN id=101 dlc=8 data=d8cf0400a8610000
2026-07-07T15:02:53.023+00:00 CAN id=101 dlc=8 data=d8cf0400a8610000
2026-07-07T15:02:53.043+00:00 CAN id=101 dlc=8 data=d8cf0400a8610000
2026-07-07T15:02:53.063+00:00 CAN id=101 dlc=8 data=d8cf0400a8610000
2026-07-07T15:02:53.083+00:00 CAN id=101 dlc=8 data=d8cf0400a8610000
2026-07-07T15:02:53.103+00:00 CAN id=101 dlc=8 data=d8cf0400a8610000
2026-07-07T15:02:53.123+00:00 CAN id=101 dlc=8 data=d8cf0400a8610000
2026-07-07T15:02:53.132+00:00 VCP run=1 step=0 angle=314824 target=315352 err=528 steer=264 m1=202/10045 i1=234 t1=28 m2=-195/-7142 i2=-97 t2=27 steerMode=1451/-957 iSteer=68594 driveMode=8594/12042 iDrive=165520 scale=0 wheel=25000
2026-07-07T15:02:53.132+00:00 VCP run=1 step=0 angle=314912 target=315352 err=440 steer=0 m1=200/8594 i1=136 t1=28 m2=-335/-8594 i2=-188 t2=27 steerMode=0/-496 iSteer=-26194 driveMode=8594/12386 iDrive=162081 scale=0 wheel=25000
2026-07-07T15:02:53.143+00:00 CAN id=101 dlc=8 data=d8cf0400a8610000
2026-07-07T15:02:53.163+00:00 CAN id=101 dlc=8 data=d8cf0400a8610000
2026-07-07T15:02:53.183+00:00 CAN id=101 dlc=8 data=d8cf0400a8610000
2026-07-07T15:02:53.203+00:00 CAN id=101 dlc=8 data=d8cf0400a8610000
2026-07-07T15:02:53.223+00:00 CAN id=101 dlc=8 data=d8cf0400a8610000
2026-07-07T15:02:53.237+00:00 VCP run=1 step=0 angle=314824 target=315352 err=528 steer=264 m1=251/10045 i1=187 t1=28 m2=-231/-7142 i2=-135 t2=27 steerMode=1451/-24 iSteer=25968 driveMode=8594/12528 iDrive=160657 scale=0 wheel=25000
2026-07-07T15:02:53.243+00:00 CAN id=101 dlc=8 data=d8cf0400a8610000
2026-07-07T15:02:53.263+00:00 CAN id=101 dlc=8 data=d8cf0400a8610000
2026-07-07T15:02:53.283+00:00 CAN id=101 dlc=8 data=d8cf0400a8610000
2026-07-07T15:02:53.303+00:00 CAN id=101 dlc=8 data=d8cf0400a8610000
2026-07-07T15:02:53.323+00:00 CAN id=101 dlc=8 data=d8cf0400a8610000
2026-07-07T15:02:53.342+00:00 VCP run=1 step=0 angle=315088 target=315352 err=264 steer=0 m1=192/8594 i1=117 t1=28 m2=-178/-8594 i2=-224 t2=27 steerMode=0/122 iSteer=-53387 driveMode=8594/11515 iDrive=170788 scale=0 wheel=25000
2026-07-07T15:02:53.343+00:00 CAN id=101 dlc=8 data=d8cf0400a8610000
2026-07-07T15:02:53.363+00:00 CAN id=101 dlc=8 data=d8cf0400a8610000
2026-07-07T15:02:53.383+00:00 CAN id=101 dlc=8 data=d8cf0400a8610000
2026-07-07T15:02:53.403+00:00 CAN id=101 dlc=8 data=d8cf0400a8610000
2026-07-07T15:02:53.423+00:00 CAN id=101 dlc=8 data=d8cf0400a8610000
2026-07-07T15:02:53.443+00:00 CAN id=101 dlc=8 data=d8cf0400a8610000
2026-07-07T15:02:53.448+00:00 VCP run=1 step=0 angle=315000 target=315352 err=352 steer=0 m1=217/8594 i1=171 t1=28 m2=-275/-8594 i2=-162 t2=27 steerMode=0/-985 iSteer=4272 driveMode=8594/11935 iDrive=166590 scale=0 wheel=25000
2026-07-07T15:02:53.448+00:00 VCP run=1 step=0 angle=314824 target=315352 err=528 steer=264 m1=251/10045 i1=170 t1=28 m2=-260/-7142 i2=-158 t2=27 steerMode=1451/466 iSteer=5837 driveMode=8594/12162 iDrive=164314 scale=0 wheel=25000
2026-07-07T15:02:53.463+00:00 CAN id=101 dlc=8 data=d8cf0400a8610000
2026-07-07T15:02:53.483+00:00 CAN id=101 dlc=8 data=d8cf0400a8610000
2026-07-07T15:02:53.503+00:00 CAN id=101 dlc=8 data=d8cf0400a8610000
2026-07-07T15:02:53.523+00:00 CAN id=101 dlc=8 data=d8cf0400a8610000
2026-07-07T15:02:53.543+00:00 CAN id=101 dlc=8 data=d8cf0400a8610000
2026-07-07T15:02:53.563+00:00 CAN id=101 dlc=8 data=d8cf0400a8610000
2026-07-07T15:02:53.583+00:00 CAN id=101 dlc=8 data=d8cf0400a8610000
2026-07-07T15:02:53.603+00:00 CAN id=101 dlc=8 data=d8cf0400a8610000
2026-07-07T15:02:53.623+00:00 CAN id=101 dlc=8 data=d8cf0400a8610000
2026-07-07T15:02:53.632+00:00 VCP SET_TARGET_RX steer=315352 wheel=25000
2026-07-07T15:02:53.632+00:00 VCP run=1 step=0 angle=315176 target=315352 err=176 steer=0 m1=234/8594 i1=104 t1=28 m2=-189/-8594 i2=-232 t2=27 steerMode=0/427 iSteer=-64181 driveMode=8594/11803 iDrive=167909 scale=0 wheel=25000
2026-07-07T15:02:53.643+00:00 CAN id=101 dlc=8 data=d8cf0400a8610000
2026-07-07T15:02:53.663+00:00 CAN id=101 dlc=8 data=d8cf0400a8610000
2026-07-07T15:02:53.683+00:00 CAN id=101 dlc=8 data=d8cf0400a8610000
2026-07-07T15:02:53.703+00:00 CAN id=101 dlc=8 data=d8cf0400a8610000
2026-07-07T15:02:53.723+00:00 CAN id=101 dlc=8 data=d8cf0400a8610000
2026-07-07T15:02:53.738+00:00 VCP run=1 step=0 angle=315088 target=315352 err=264 steer=0 m1=194/8594 i1=149 t1=28 m2=-197/-8594 i2=-209 t2=27 steerMode=0/-260 iSteer=-29811 driveMode=8594/10703 iDrive=178906 scale=0 wheel=25000
2026-07-07T15:02:53.743+00:00 CAN id=101 dlc=8 data=d8cf0400a8610000
2026-07-07T15:02:53.763+00:00 CAN id=101 dlc=8 data=d8cf0400a8610000
2026-07-07T15:02:53.783+00:00 CAN id=101 dlc=8 data=d8cf0400a8610000
2026-07-07T15:02:53.803+00:00 CAN id=101 dlc=8 data=d8cf0400a8610000
2026-07-07T15:02:53.823+00:00 CAN id=101 dlc=8 data=d8cf0400a8610000
2026-07-07T15:02:53.843+00:00 VCP run=1 step=0 angle=315000 target=315352 err=352 steer=0 m1=215/8594 i1=129 t1=28 m2=-193/-8594 i2=-225 t2=27 steerMode=0/120 iSteer=-48130 driveMode=8594/10868 iDrive=177253 scale=0 wheel=25000
2026-07-07T15:02:53.843+00:00 CAN id=101 dlc=8 data=d8cf0400a8610000
2026-07-07T15:02:53.863+00:00 CAN id=101 dlc=8 data=d8cf0400a8610000
2026-07-07T15:02:53.883+00:00 CAN id=101 dlc=8 data=d8cf0400a8610000
2026-07-07T15:02:53.903+00:00 CAN id=101 dlc=8 data=d8cf0400a8610000
2026-07-07T15:02:53.923+00:00 CAN id=101 dlc=8 data=d8cf0400a8610000
2026-07-07T15:02:53.943+00:00 CAN id=101 dlc=8 data=d8cf0400a8610000
2026-07-07T15:02:53.963+00:00 CAN id=101 dlc=8 data=d8cf0400a8610000
2026-07-07T15:02:53.967+00:00 VCP run=1 step=0 angle=314912 target=315352 err=440 steer=0 m1=192/8594 i1=128 t1=28 m2=-168/-8594 i2=-236 t2=27 steerMode=0/244 iSteer=-54208 driveMode=8594/10390 iDrive=182039 scale=0 wheel=25000
2026-07-07T15:02:53.967+00:00 VCP run=1 step=0 angle=314912 target=315352 err=440 steer=0 m1=169/8594 i1=163 t1=28 m2=-162/-8594 i2=-223 t2=27 steerMode=0/-246 iSteer=-30200 driveMode=8594/9300 iDrive=192941 scale=0 wheel=25000
2026-07-07T15:02:53.967+00:00 VCP SET_TARGET_RX steer=315352 wheel=25000
2026-07-07T15:02:53.983+00:00 CAN id=101 dlc=8 data=d8cf0400a8610000
2026-07-07T15:02:54.003+00:00 CAN id=101 dlc=8 data=d8cf0400a8610000
2026-07-07T15:02:54.023+00:00 CAN id=101 dlc=8 data=d8cf0400a8610000
2026-07-07T15:02:54.043+00:00 CAN id=101 dlc=8 data=d8cf0400a8610000
2026-07-07T15:02:54.063+00:00 CAN id=101 dlc=8 data=d8cf0400a8610000
2026-07-07T15:02:54.083+00:00 CAN id=101 dlc=8 data=d8cf0400a8610000
2026-07-07T15:02:54.103+00:00 CAN id=101 dlc=8 data=d8cf0400a8610000
2026-07-07T15:02:54.123+00:00 CAN id=101 dlc=8 data=d8cf0400a8610000
2026-07-07T15:02:54.133+00:00 VCP run=1 step=0 angle=314912 target=315352 err=440 steer=0 m1=169/8594 i1=144 t1=28 m2=-195/-8594 i2=-223 t2=27 steerMode=0/-47 iSteer=-39669 driveMode=8594/10234 iDrive=183595 scale=0 wheel=25000
2026-07-07T15:02:54.143+00:00 CAN id=101 dlc=8 data=d8cf0400a8610000
2026-07-07T15:02:54.163+00:00 CAN id=101 dlc=8 data=d8cf0400a8610000
2026-07-07T15:02:54.183+00:00 CAN id=101 dlc=8 data=d8cf0400a8610000
2026-07-07T15:02:54.203+00:00 CAN id=101 dlc=8 data=d8cf0400a8610000
2026-07-07T15:02:54.223+00:00 CAN id=101 dlc=8 data=d8cf0400a8610000
2026-07-07T15:02:54.239+00:00 VCP run=1 step=0 angle=314912 target=315352 err=440 steer=0 m1=205/8594 i1=143 t1=28 m2=-155/-8594 i2=-232 t2=27 steerMode=0/66 iSteer=-44434 driveMode=8594/9838 iDrive=187557 scale=0 wheel=25000
2026-07-07T15:02:54.243+00:00 CAN id=101 dlc=8 data=d8cf0400a8610000
2026-07-07T15:02:54.263+00:00 CAN id=101 dlc=8 data=d8cf0400a8610000
2026-07-07T15:02:54.283+00:00 CAN id=101 dlc=8 data=d8cf0400a8610000
2026-07-07T15:02:54.303+00:00 CAN id=101 dlc=8 data=d8cf0400a8610000
2026-07-07T15:02:54.323+00:00 CAN id=101 dlc=8 data=d8cf0400a8610000
2026-07-07T15:02:54.343+00:00 CAN id=101 dlc=8 data=d8cf0400a8610000
2026-07-07T15:02:54.344+00:00 VCP run=1 step=0 angle=314912 target=315352 err=440 steer=0 m1=196/8594 i1=151 t1=28 m2=-208/-8594 i2=-227 t2=27 steerMode=0/-60 iSteer=-37927 driveMode=8594/9703 iDrive=188911 scale=0 wheel=25000
2026-07-07T15:02:54.363+00:00 CAN id=101 dlc=8 data=d8cf0400a8610000
2026-07-07T15:02:54.383+00:00 CAN id=101 dlc=8 data=d8cf0400a8610000
2026-07-07T15:02:54.403+00:00 CAN id=101 dlc=8 data=d8cf0400a8610000
2026-07-07T15:02:54.423+00:00 CAN id=101 dlc=8 data=d8cf0400a8610000
2026-07-07T15:02:54.443+00:00 CAN id=101 dlc=8 data=d8cf0400a8610000
2026-07-07T15:02:54.463+00:00 CAN id=101 dlc=8 data=d8cf0400a8610000
2026-07-07T15:02:54.483+00:00 CAN id=101 dlc=8 data=d8cf0400a8610000
2026-07-07T15:02:54.503+00:00 CAN id=101 dlc=8 data=d8cf0400a8610000
2026-07-07T15:02:54.523+00:00 CAN id=101 dlc=8 data=d8cf0400a8610000
2026-07-07T15:02:54.529+00:00 VCP run=1 step=0 angle=314912 target=315352 err=440 steer=0 m1=167/8594 i1=155 t1=28 m2=-164/-8594 i2=-230 t2=27 steerMode=0/-60 iSteer=-37239 driveMode=8594/9347 iDrive=192466 scale=0 wheel=25000
2026-07-07T15:02:54.529+00:00 VCP run=1 step=0 angle=314912 target=315352 err=440 steer=0 m1=169/8594 i1=151 t1=28 m2=-185/-8594 i2=-236 t2=27 steerMode=0/60 iSteer=-42484 driveMode=8594/9258 iDrive=193359 scale=0 wheel=25000
2026-07-07T15:02:54.529+00:00 VCP SET_TARGET_RX steer=315352 wheel=25000
2026-07-07T15:02:54.543+00:00 CAN id=101 dlc=8 data=d8cf0400a8610000
2026-07-07T15:02:54.563+00:00 CAN id=101 dlc=8 data=d8cf0400a8610000
2026-07-07T15:02:54.583+00:00 CAN id=101 dlc=8 data=d8cf0400a8610000
2026-07-07T15:02:54.603+00:00 CAN id=101 dlc=8 data=d8cf0400a8610000
2026-07-07T15:02:54.623+00:00 CAN id=101 dlc=8 data=d8cf0400a8610000
2026-07-07T15:02:54.635+00:00 VCP run=1 step=0 angle=314912 target=315352 err=440 steer=0 m1=213/8594 i1=148 t1=28 m2=-164/-8594 i2=-239 t2=27 steerMode=0/164 iSteer=-45697 driveMode=8594/9245 iDrive=193492 scale=0 wheel=25000
2026-07-07T15:02:54.643+00:00 CAN id=101 dlc=8 data=d8cf0400a8610000
2026-07-07T15:02:54.663+00:00 CAN id=101 dlc=8 data=d8cf0400a8610000
2026-07-07T15:02:54.683+00:00 CAN id=101 dlc=8 data=d8cf0400a8610000
2026-07-07T15:02:54.703+00:00 CAN id=101 dlc=8 data=d8cf0400a8610000
2026-07-07T15:02:54.723+00:00 CAN id=101 dlc=8 data=d8cf0400a8610000
2026-07-07T15:02:54.740+00:00 VCP run=1 step=0 angle=314824 target=315352 err=528 steer=50 m1=140/8869 i1=194 t1=28 m2=-166/-8319 i2=-178 t2=27 steerMode=275/-621 iSteer=7735 driveMode=8594/9976 iDrive=186175 scale=0 wheel=25000
2026-07-07T15:02:54.743+00:00 CAN id=101 dlc=8 data=d8cf0400a8610000
2026-07-07T15:02:54.763+00:00 CAN id=101 dlc=8 data=d8cf0400a8610000
2026-07-07T15:02:54.783+00:00 CAN id=101 dlc=8 data=d8cf0400a8610000
2026-07-07T15:02:54.803+00:00 CAN id=101 dlc=8 data=d8cf0400a8610000
2026-07-07T15:02:54.823+00:00 CAN id=101 dlc=8 data=d8cf0400a8610000
2026-07-07T15:02:54.843+00:00 CAN id=101 dlc=8 data=d8cf0400a8610000
2026-07-07T15:02:54.863+00:00 CAN id=101 dlc=8 data=d8cf0400a8610000
2026-07-07T15:02:54.883+00:00 CAN id=101 dlc=8 data=d8cf0400a8610000
2026-07-07T15:02:54.903+00:00 CAN id=101 dlc=8 data=d8cf0400a8610000
2026-07-07T15:02:54.923+00:00 CAN id=101 dlc=8 data=d8cf0400a8610000
2026-07-07T15:02:54.929+00:00 VCP run=1 step=0 angle=314912 target=315352 err=440 steer=0 m1=179/8594 i1=145 t1=28 m2=-199/-8594 i2=-238 t2=27 steerMode=0/192 iSteer=-46428 driveMode=8594/9442 iDrive=191513 scale=0 wheel=25000
2026-07-07T15:02:54.929+00:00 VCP run=1 step=0 angle=314912 target=315352 err=440 steer=0 m1=171/8594 i1=142 t1=28 m2=-157/-8594 i2=-247 t2=27 steerMode=0/339 iSteer=-52467 driveMode=8594/9122 iDrive=194713 scale=0 wheel=25000
2026-07-07T15:02:54.943+00:00 CAN id=101 dlc=8 data=d8cf0400a8610000
2026-07-07T15:02:54.963+00:00 CAN id=101 dlc=8 data=d8cf0400a8610000
2026-07-07T15:02:54.983+00:00 CAN id=101 dlc=8 data=d8cf0400a8610000
2026-07-07T15:02:55.003+00:00 CAN id=101 dlc=8 data=d8cf0400a8610000
2026-07-07T15:02:55.023+00:00 CAN id=101 dlc=8 data=d8cf0400a8610000
2026-07-07T15:02:55.030+00:00 VCP run=1 step=0 angle=314912 target=315352 err=440 steer=0 m1=194/8594 i1=171 t1=28 m2=-178/-8594 i2=-216 t2=27 steerMode=0/-273 iSteer=-22245 driveMode=8594/9265 iDrive=193290 scale=0 wheel=25000
2026-07-07T15:02:55.030+00:00 VCP SET_TARGET_RX steer=315352 wheel=25000
2026-07-07T15:02:55.043+00:00 CAN id=101 dlc=8 data=d8cf0400a8610000
2026-07-07T15:02:55.063+00:00 CAN id=101 dlc=8 data=d8cf0400a8610000
2026-07-07T15:02:55.083+00:00 CAN id=101 dlc=8 data=d8cf0400a8610000
2026-07-07T15:02:55.103+00:00 CAN id=101 dlc=8 data=d8cf0400a8610000
2026-07-07T15:02:55.123+00:00 CAN id=101 dlc=8 data=d8cf0400a8610000
2026-07-07T15:02:55.136+00:00 VCP run=1 step=0 angle=314912 target=315352 err=440 steer=0 m1=230/8594 i1=139 t1=28 m2=-224/-8594 i2=-250 t2=27 steerMode=0/415 iSteer=-55871 driveMode=8594/9146 iDrive=194482 scale=0 wheel=25000
2026-07-07T15:02:55.143+00:00 CAN id=101 dlc=8 data=d8cf0400a8610000
2026-07-07T15:02:55.163+00:00 CAN id=101 dlc=8 data=d8cf0400a8610000
2026-07-07T15:02:55.183+00:00 CAN id=101 dlc=8 data=d8cf0400a8610000
2026-07-07T15:02:55.203+00:00 CAN id=101 dlc=8 data=d8cf0400a8610000
2026-07-07T15:02:55.223+00:00 CAN id=101 dlc=8 data=d8cf0400a8610000
2026-07-07T15:02:55.241+00:00 VCP run=1 step=0 angle=314912 target=315352 err=440 steer=0 m1=211/8594 i1=165 t1=28 m2=-130/-8594 i2=-223 t2=27 steerMode=0/-108 iSteer=-29077 driveMode=8594/9191 iDrive=194026 scale=0 wheel=25000
2026-07-07T15:02:55.243+00:00 CAN id=101 dlc=8 data=d8cf0400a8610000
2026-07-07T15:02:55.263+00:00 CAN id=101 dlc=8 data=d8cf0400a8610000
2026-07-07T15:02:55.283+00:00 CAN id=101 dlc=8 data=d8cf0400a8610000
2026-07-07T15:02:55.303+00:00 CAN id=101 dlc=8 data=d8cf0400a8610000
2026-07-07T15:02:55.323+00:00 CAN id=101 dlc=8 data=d8cf0400a8610000
2026-07-07T15:02:55.343+00:00 CAN id=101 dlc=8 data=d8cf0400a8610000
2026-07-07T15:02:55.363+00:00 CAN id=101 dlc=8 data=d8cf0400a8610000
2026-07-07T15:02:55.383+00:00 CAN id=101 dlc=8 data=d8cf0400a8610000
2026-07-07T15:02:55.403+00:00 CAN id=101 dlc=8 data=d8cf0400a8610000
2026-07-07T15:02:55.423+00:00 CAN id=101 dlc=8 data=d8cf0400a8610000
2026-07-07T15:02:55.430+00:00 VCP run=1 step=0 angle=314912 target=315352 err=440 steer=0 m1=175/8594 i1=159 t1=28 m2=-193/-8594 i2=-242 t2=27 steerMode=0/114 iSteer=-41529 driveMode=8594/8567 iDrive=200416 scale=0 wheel=25000
2026-07-07T15:02:55.430+00:00 VCP run=1 step=0 angle=314912 target=315352 err=440 steer=0 m1=184/8594 i1=132 t1=28 m2=-157/-8594 i2=-277 t2=27 steerMode=0/754 iSteer=-72166 driveMode=8594/8149 iDrive=204527 scale=0 wheel=25000
2026-07-07T15:02:55.443+00:00 CAN id=101 dlc=8 data=d8cf0400a8610000
2026-07-07T15:02:55.463+00:00 CAN id=101 dlc=8 data=d8cf0400a8610000
2026-07-07T15:02:55.483+00:00 CAN id=101 dlc=8 data=d8cf0400a8610000
2026-07-07T15:02:55.503+00:00 CAN id=101 dlc=8 data=d8cf0400a8610000
2026-07-07T15:02:55.523+00:00 CAN id=101 dlc=8 data=d8cf0400a8610000
2026-07-07T15:02:55.532+00:00 VCP run=1 step=0 angle=315000 target=315352 err=352 steer=0 m1=144/8594 i1=186 t1=28 m2=-149/-8594 i2=-225 t2=27 steerMode=0/-321 iSteer=-19345 driveMode=8594/8126 iDrive=205226 scale=0 wheel=25000
2026-07-07T15:02:55.532+00:00 VCP SET_TARGET_RX steer=315352 wheel=25000
2026-07-07T15:02:55.543+00:00 CAN id=101 dlc=8 data=d8cf0400a8610000
2026-07-07T15:02:55.563+00:00 CAN id=101 dlc=8 data=d8cf0400a8610000
2026-07-07T15:02:55.583+00:00 CAN id=101 dlc=8 data=d8cf0400a8610000
2026-07-07T15:02:55.603+00:00 CAN id=101 dlc=8 data=d8cf0400a8610000
2026-07-07T15:02:55.623+00:00 CAN id=101 dlc=8 data=d8cf0400a8610000
2026-07-07T15:02:55.637+00:00 VCP run=1 step=0 angle=315000 target=315352 err=352 steer=0 m1=140/8594 i1=178 t1=28 m2=-126/-8594 i2=-257 t2=27 steerMode=0/94 iSteer=-39492 driveMode=8594/7051 iDrive=217819 scale=0 wheel=25000
2026-07-07T15:02:55.643+00:00 CAN id=101 dlc=8 data=d8cf0400a8610000
2026-07-07T15:02:55.663+00:00 CAN id=101 dlc=8 data=d8cf0400a8610000
2026-07-07T15:02:55.683+00:00 CAN id=101 dlc=8 data=d8cf0400a8610000
2026-07-07T15:02:55.703+00:00 CAN id=101 dlc=8 data=d8cf0400a8610000
2026-07-07T15:02:55.723+00:00 CAN id=101 dlc=8 data=d8cf0400a8610000
2026-07-07T15:02:55.743+00:00 VCP run=1 step=0 angle=315000 target=315352 err=352 steer=0 m1=123/8594 i1=197 t1=28 m2=-160/-8594 i2=-212 t2=27 steerMode=0/-545 iSteer=-7350 driveMode=8594/8569 iDrive=204518 scale=0 wheel=25000
2026-07-07T15:02:55.743+00:00 CAN id=101 dlc=8 data=d8cf0400a8610000
2026-07-07T15:02:55.763+00:00 CAN id=101 dlc=8 data=d8cf0400a8610000
2026-07-07T15:02:55.783+00:00 CAN id=101 dlc=8 data=d8cf0400a8610000
2026-07-07T15:02:55.803+00:00 CAN id=101 dlc=8 data=d8cf0400a8610000
2026-07-07T15:02:55.823+00:00 CAN id=101 dlc=8 data=d8cf0400a8610000
2026-07-07T15:02:55.844+00:00 CAN id=101 dlc=8 data=d8cf0400a8610000
2026-07-07T15:02:55.863+00:00 CAN id=101 dlc=8 data=d8cf0400a8610000
2026-07-07T15:02:55.883+00:00 CAN id=101 dlc=8 data=d8cf0400a8610000
2026-07-07T15:02:55.903+00:00 CAN id=101 dlc=8 data=d8cf0400a8610000
2026-07-07T15:02:55.923+00:00 CAN id=101 dlc=8 data=d8cf0400a8610000
2026-07-07T15:02:55.931+00:00 VCP run=1 step=0 angle=315000 target=315352 err=352 steer=0 m1=163/8594 i1=157 t1=28 m2=-180/-8594 i2=-229 t2=27 steerMode=0/55 iSteer=-36111 driveMode=8594/9580 iDrive=193351 scale=0 wheel=25000
2026-07-07T15:02:55.931+00:00 VCP run=1 step=0 angle=314912 target=315352 err=440 steer=0 m1=171/8594 i1=181 t1=28 m2=-155/-8594 i2=-190 t2=27 steerMode=0/-564 iSteer=-4417 driveMode=8594/10173 iDrive=185146 scale=0 wheel=25000
2026-07-07T15:02:55.943+00:00 CAN id=101 dlc=8 data=d8cf0400a8610000
2026-07-07T15:02:55.963+00:00 CAN id=101 dlc=8 data=d8cf0400a8610000
2026-07-07T15:02:55.983+00:00 CAN id=101 dlc=8 data=d8cf0400a8610000
2026-07-07T15:02:56.003+00:00 CAN id=101 dlc=8 data=d8cf0400a8610000
2026-07-07T15:02:56.023+00:00 CAN id=101 dlc=8 data=d8cf0400a8610000
2026-07-07T15:02:56.033+00:00 VCP run=1 step=0 angle=314912 target=315352 err=440 steer=0 m1=200/8594 i1=134 t1=28 m2=-149/-8594 i2=-235 t2=27 steerMode=0/360 iSteer=-50524 driveMode=8594/10162 iDrive=184321 scale=0 wheel=25000
2026-07-07T15:02:56.033+00:00 VCP SET_TARGET_RX steer=315352 wheel=25000
2026-07-07T15:02:56.043+00:00 CAN id=101 dlc=8 data=d8cf0400a8610000
2026-07-07T15:02:56.063+00:00 CAN id=101 dlc=8 data=d8cf0400a8610000
2026-07-07T15:02:56.083+00:00 CAN id=101 dlc=8 data=d8cf0400a8610000
2026-07-07T15:02:56.103+00:00 CAN id=101 dlc=8 data=d8cf0400a8610000
2026-07-07T15:02:56.123+00:00 CAN id=101 dlc=8 data=d8cf0400a8610000
2026-07-07T15:02:56.138+00:00 VCP run=1 step=0 angle=314912 target=315352 err=440 steer=0 m1=217/8594 i1=153 t1=28 m2=-237/-8594 i2=-203 t2=27 steerMode=0/-156 iSteer=-24918 driveMode=8594/10800 iDrive=177936 scale=0 wheel=25000
2026-07-07T15:02:56.143+00:00 CAN id=101 dlc=8 data=d8cf0400a8610000
2026-07-07T15:02:56.163+00:00 CAN id=101 dlc=8 data=d8cf0400a8610000
2026-07-07T15:02:56.183+00:00 CAN id=101 dlc=8 data=d8cf0400a8610000
2026-07-07T15:02:56.203+00:00 CAN id=101 dlc=8 data=d8cf0400a8610000
2026-07-07T15:02:56.223+00:00 CAN id=101 dlc=8 data=d8cf0400a8610000
2026-07-07T15:02:56.243+00:00 VCP run=1 step=0 angle=314824 target=315352 err=528 steer=200 m1=207/9694 i1=214 t1=28 m2=-212/-7494 i2=-142 t2=27 steerMode=1100/-251 iSteer=35922 driveMode=8594/10793 iDrive=178003 scale=0 wheel=25000
2026-07-07T15:02:56.243+00:00 CAN id=101 dlc=8 data=d8cf0400a8610000
2026-07-07T15:02:56.263+00:00 CAN id=101 dlc=8 data=d8cf0400a8610000
2026-07-07T15:02:56.284+00:00 CAN id=101 dlc=8 data=d8cf0400a8610000
2026-07-07T15:02:56.303+00:00 CAN id=101 dlc=8 data=d8cf0400a8610000
2026-07-07T15:02:56.323+00:00 CAN id=101 dlc=8 data=d8cf0400a8610000
2026-07-07T15:02:56.343+00:00 CAN id=101 dlc=8 data=d8cf0400a8610000
2026-07-07T15:02:56.363+00:00 CAN id=101 dlc=8 data=d8cf0400a8610000
2026-07-07T15:02:56.383+00:00 CAN id=101 dlc=8 data=d8cf0400a8610000
2026-07-07T15:02:56.403+00:00 CAN id=101 dlc=8 data=d8cf0400a8610000
2026-07-07T15:02:56.423+00:00 CAN id=101 dlc=8 data=d8cf0400a8610000
2026-07-07T15:02:56.432+00:00 VCP run=1 step=0 angle=315088 target=315352 err=264 steer=0 m1=230/8594 i1=105 t1=28 m2=-143/-8594 i2=-261 t2=27 steerMode=0/933 iSteer=-78223 driveMode=8594/10300 iDrive=182937 scale=0 wheel=25000
2026-07-07T15:02:56.432+00:00 VCP run=1 step=0 angle=315000 target=315352 err=352 steer=0 m1=148/8594 i1=177 t1=28 m2=-151/-8594 i2=-199 t2=27 steerMode=0/-414 iSteer=-11258 driveMode=8594/9772 iDrive=188218 scale=0 wheel=25000
2026-07-07T15:02:56.443+00:00 CAN id=101 dlc=8 data=d8cf0400a8610000
2026-07-07T15:02:56.463+00:00 CAN id=101 dlc=8 data=d8cf0400a8610000
2026-07-07T15:02:56.483+00:00 CAN id=101 dlc=8 data=d8cf0400a8610000
2026-07-07T15:02:56.503+00:00 CAN id=101 dlc=8 data=d8cf0400a8610000
2026-07-07T15:02:56.523+00:00 CAN id=101 dlc=8 data=d8cf0400a8610000
2026-07-07T15:02:56.533+00:00 VCP run=1 step=0 angle=315176 target=315352 err=176 steer=0 m1=156/8594 i1=160 t1=28 m2=-114/-8594 i2=-235 t2=27 steerMode=0/112 iSteer=-37448 driveMode=8594/8849 iDrive=197443 scale=0 wheel=25000
2026-07-07T15:02:56.533+00:00 VCP SET_TARGET_RX steer=315352 wheel=25000
2026-07-07T15:02:56.543+00:00 CAN id=101 dlc=8 data=d8cf0400a8610000
2026-07-07T15:02:56.563+00:00 CAN id=101 dlc=8 data=d8cf0400a8610000
2026-07-07T15:02:56.583+00:00 CAN id=101 dlc=8 data=d8cf0400a8610000
2026-07-07T15:02:56.603+00:00 CAN id=101 dlc=8 data=d8cf0400a8610000
2026-07-07T15:02:56.623+00:00 CAN id=101 dlc=8 data=d8cf0400a8610000
2026-07-07T15:02:56.639+00:00 VCP run=1 step=0 angle=315264 target=315352 err=88 steer=0 m1=131/8594 i1=156 t1=28 m2=-145/-8594 i2=-263 t2=27 steerMode=0/404 iSteer=-53227 driveMode=8594/7750 iDrive=209682 scale=0 wheel=25000
2026-07-07T15:02:56.643+00:00 CAN id=101 dlc=8 data=d8cf0400a8610000
2026-07-07T15:02:56.663+00:00 CAN id=101 dlc=8 data=d8cf0400a8610000
2026-07-07T15:02:56.683+00:00 CAN id=101 dlc=8 data=d8cf0400a8610000
2026-07-07T15:02:56.703+00:00 CAN id=101 dlc=8 data=d8cf0400a8610000
2026-07-07T15:02:56.723+00:00 CAN id=101 dlc=8 data=d8cf0400a8610000
2026-07-07T15:02:56.743+00:00 CAN id=101 dlc=8 data=d8cf0400a8610000
2026-07-07T15:02:56.744+00:00 VCP run=1 step=0 angle=315439 target=315352 err=-87 steer=0 m1=108/8594 i1=182 t1=28 m2=-137/-8594 i2=-261 t2=27 steerMode=0/139 iSteer=-39914 driveMode=8594/6864 iDrive=221503 scale=0 wheel=25000
2026-07-07T15:02:56.763+00:00 CAN id=101 dlc=8 data=d8cf0400a8610000
2026-07-07T15:02:56.783+00:00 CAN id=101 dlc=8 data=d8cf0400a8610000
2026-07-07T15:02:56.803+00:00 CAN id=101 dlc=8 data=d8cf0400a8610000
2026-07-07T15:02:56.823+00:00 CAN id=101 dlc=8 data=d8cf0400a8610000
2026-07-07T15:02:56.843+00:00 CAN id=101 dlc=8 data=d8cf0400a8610000
2026-07-07T15:02:56.863+00:00 CAN id=101 dlc=8 data=d8cf0400a8610000
2026-07-07T15:02:56.883+00:00 CAN id=101 dlc=8 data=d8cf0400a8610000
2026-07-07T15:02:56.903+00:00 CAN id=101 dlc=8 data=d8cf0400a8610000
2026-07-07T15:02:56.923+00:00 BENCH disable sent
2026-07-07T15:02:56.923+00:00 CAN id=121 dlc=2 data=0100
2026-07-07T15:02:56.923+00:00 CAN id=121 dlc=2 data=0100
2026-07-07T15:02:56.927+00:00 VCP run=1 step=0 angle=315791 target=315352 err=-439 steer=0 m1=100/8594 i1=166 t1=28 m2=-95/-8594 i2=-313 t2=27 steerMode=0/774 iSteer=-73929 driveMode=8594/5527 iDrive=239541 scale=0 wheel=25000
2026-07-07T15:02:56.927+00:00 VCP run=1 step=0 angle=315879 target=315352 err=-527 steer=-263 m1=66/7145 i1=214 t1=28 m2=-185/-10043 i2=-302 t2=27 steerMode=-1449/-1351 iSteer=-43713 driveMode=8594/4333 iDrive=258007 scale=0 wheel=25000
2026-07-07T15:02:56.927+00:00 VCP UNIT_CTRL enable=0
2026-07-07T15:02:57.127+00:00 VCP UNIT_CTRL enable=0
2026-07-07T15:02:57.127+00:00 VCP STOP: disabled
2026-07-07T15:02:57.330+00:00 BENCH log closed
