2026-07-07T15:06:04.547+00:00 BENCH log opened: firmware/logs/baked-clamp400-rpm25-run3.log
2026-07-07T15:06:04.547+00:00 BENCH run: steer=315.352deg (315352mdeg) wheel=25.0rpm (25000milli-rpm) rate=50.0Hz duration=10.0s
2026-07-07T15:06:04.547+00:00 BENCH enable sent
2026-07-07T15:06:04.547+00:00 CAN id=121 dlc=2 data=0101
2026-07-07T15:06:04.547+00:00 CAN id=101 dlc=8 data=d8cf0400a8610000
2026-07-07T15:06:04.566+00:00 VCP NIT_CTRL enable=0
2026-07-07T15:06:04.566+00:00 VCP UNIT_CTRL enable=0
2026-07-07T15:06:04.566+00:00 VCP UNIT_CTRL enable=1
2026-07-07T15:06:04.566+00:00 VCP SET_TARGET_RX steer=315352 wheel=25000
2026-07-07T15:06:04.566+00:00 VCP START_CAN: angle=315088 target=315352 wheelTarget=25000
2026-07-07T15:06:04.567+00:00 CAN id=101 dlc=8 data=d8cf0400a8610000
2026-07-07T15:06:04.587+00:00 CAN id=101 dlc=8 data=d8cf0400a8610000
2026-07-07T15:06:04.607+00:00 CAN id=101 dlc=8 data=d8cf0400a8610000
2026-07-07T15:06:04.628+00:00 CAN id=101 dlc=8 data=d8cf0400a8610000
2026-07-07T15:06:04.647+00:00 CAN id=101 dlc=8 data=d8cf0400a8610000
2026-07-07T15:06:04.667+00:00 CAN id=101 dlc=8 data=d8cf0400a8610000
2026-07-07T15:06:04.687+00:00 CAN id=101 dlc=8 data=d8cf0400a8610000
2026-07-07T15:06:04.708+00:00 CAN id=101 dlc=8 data=d8cf0400a8610000
2026-07-07T15:06:04.728+00:00 CAN id=101 dlc=8 data=d8cf0400a8610000
2026-07-07T15:06:04.747+00:00 CAN id=101 dlc=8 data=d8cf0400a8610000
2026-07-07T15:06:04.752+00:00 VCP run=1 step=0 angle=315088 target=315352 err=264 steer=0 m1=0/344 i1=3 t1=28 m2=0/-344 i2=-3 t2=27 steerMode=0/0 iSteer=0 driveMode=344/0 iDrive=3472 scale=0 wheel=1000
2026-07-07T15:06:04.752+00:00 VCP run=1 step=0 angle=315088 target=315352 err=264 steer=0 m1=0/6531 i1=74 t1=28 m2=-3/-6531 i2=-69 t2=27 steerMode=0/-48 iSteer=2413 driveMode=6531/48 iDrive=71165 scale=0 wheel=19000
2026-07-07T15:06:04.767+00:00 CAN id=101 dlc=8 data=d8cf0400a8610000
2026-07-07T15:06:04.788+00:00 CAN id=101 dlc=8 data=d8cf0400a8610000
2026-07-07T15:06:04.808+00:00 CAN id=101 dlc=8 data=d8cf0400a8610000
2026-07-07T15:06:04.827+00:00 CAN id=101 dlc=8 data=d8cf0400a8610000
2026-07-07T15:06:04.848+00:00 CAN id=101 dlc=8 data=d8cf0400a8610000
2026-07-07T15:06:04.858+00:00 VCP run=1 step=0 angle=315088 target=315352 err=264 steer=0 m1=0/8594 i1=108 t1=28 m2=0/-8594 i2=-107 t2=27 steerMode=0/-7 iSteer=470 driveMode=8594/10 iDrive=107902 scale=0 wheel=25000
2026-07-07T15:06:04.867+00:00 CAN id=101 dlc=8 data=d8cf0400a8610000
2026-07-07T15:06:04.887+00:00 CAN id=101 dlc=8 data=d8cf0400a8610000
2026-07-07T15:06:04.908+00:00 CAN id=101 dlc=8 data=d8cf0400a8610000
2026-07-07T15:06:04.928+00:00 CAN id=101 dlc=8 data=d8cf0400a8610000
2026-07-07T15:06:04.948+00:00 CAN id=101 dlc=8 data=d8cf0400a8610000
2026-07-07T15:06:04.965+00:00 VCP run=1 step=0 angle=315088 target=315352 err=264 steer=0 m1=0/8594 i1=125 t1=28 m2=0/-8594 i2=-123 t2=27 steerMode=0/-17 iSteer=1018 driveMode=8594/17 iDrive=124098 scale=0 wheel=25000
2026-07-07T15:06:04.967+00:00 CAN id=101 dlc=8 data=d8cf0400a8610000
2026-07-07T15:06:04.987+00:00 CAN id=101 dlc=8 data=d8cf0400a8610000
2026-07-07T15:06:05.008+00:00 CAN id=101 dlc=8 data=d8cf0400a8610000
2026-07-07T15:06:05.028+00:00 CAN id=101 dlc=8 data=d8cf0400a8610000
2026-07-07T15:06:05.048+00:00 CAN id=101 dlc=8 data=d8cf0400a8610000
2026-07-07T15:06:05.067+00:00 VCP run=1 step=0 angle=315088 target=315352 err=264 steer=0 m1=0/8594 i1=141 t1=28 m2=0/-8594 i2=-139 t2=27 steerMode=0/-17 iSteer=1125 driveMode=8594/17 iDrive=140203 scale=0 wheel=25000
2026-07-07T15:06:05.067+00:00 VCP SET_TARGET_RX steer=315352 wheel=25000
2026-07-07T15:06:05.067+00:00 CAN id=101 dlc=8 data=d8cf0400a8610000
2026-07-07T15:06:05.087+00:00 CAN id=101 dlc=8 data=d8cf0400a8610000
2026-07-07T15:06:05.107+00:00 CAN id=101 dlc=8 data=d8cf0400a8610000
2026-07-07T15:06:05.128+00:00 CAN id=101 dlc=8 data=d8cf0400a8610000
2026-07-07T15:06:05.148+00:00 CAN id=101 dlc=8 data=d8cf0400a8610000
2026-07-07T15:06:05.167+00:00 CAN id=101 dlc=8 data=d8cf0400a8610000
2026-07-07T15:06:05.187+00:00 CAN id=101 dlc=8 data=d8cf0400a8610000
2026-07-07T15:06:05.207+00:00 CAN id=101 dlc=8 data=d8cf0400a8610000
2026-07-07T15:06:05.228+00:00 CAN id=101 dlc=8 data=d8cf0400a8610000
2026-07-07T15:06:05.248+00:00 CAN id=101 dlc=8 data=d8cf0400a8610000
2026-07-07T15:06:05.257+00:00 VCP run=1 step=0 angle=315088 target=315352 err=264 steer=0 m1=0/8594 i1=159 t1=28 m2=-3/-8594 i2=-153 t2=27 steerMode=0/-58 iSteer=3270 driveMode=8594/58 iDrive=155897 scale=0 wheel=25000
2026-07-07T15:06:05.257+00:00 VCP run=1 step=0 angle=315088 target=315352 err=264 steer=0 m1=0/8594 i1=174 t1=28 m2=0/-8594 i2=-171 t2=27 steerMode=0/-20 iSteer=1464 driveMode=8594/20 iDrive=172361 scale=0 wheel=25000
2026-07-07T15:06:05.267+00:00 CAN id=101 dlc=8 data=d8cf0400a8610000
2026-07-07T15:06:05.287+00:00 CAN id=101 dlc=8 data=d8cf0400a8610000
2026-07-07T15:06:05.308+00:00 CAN id=101 dlc=8 data=d8cf0400a8610000
2026-07-07T15:06:05.327+00:00 CAN id=101 dlc=8 data=d8cf0400a8610000
2026-07-07T15:06:05.347+00:00 CAN id=101 dlc=8 data=d8cf0400a8610000
2026-07-07T15:06:05.364+00:00 VCP run=1 step=0 angle=315088 target=315352 err=264 steer=0 m1=0/8594 i1=189 t1=28 m2=0/-8594 i2=-188 t2=27 steerMode=0/-2 iSteer=611 driveMode=8594/2 iDrive=188681 scale=0 wheel=25000
2026-07-07T15:06:05.367+00:00 CAN id=101 dlc=8 data=d8cf0400a8610000
2026-07-07T15:06:05.388+00:00 CAN id=101 dlc=8 data=d8cf0400a8610000
2026-07-07T15:06:05.407+00:00 CAN id=101 dlc=8 data=d8cf0400a8610000
2026-07-07T15:06:05.427+00:00 CAN id=101 dlc=8 data=d8cf0400a8610000
2026-07-07T15:06:05.448+00:00 CAN id=101 dlc=8 data=d8cf0400a8610000
2026-07-07T15:06:05.467+00:00 CAN id=101 dlc=8 data=d8cf0400a8610000
2026-07-07T15:06:05.488+00:00 CAN id=101 dlc=8 data=d8cf0400a8610000
2026-07-07T15:06:05.508+00:00 CAN id=101 dlc=8 data=d8cf0400a8610000
2026-07-07T15:06:05.528+00:00 CAN id=101 dlc=8 data=d8cf0400a8610000
2026-07-07T15:06:05.548+00:00 CAN id=101 dlc=8 data=d8cf0400a8610000
2026-07-07T15:06:05.550+00:00 VCP run=1 step=0 angle=315088 target=315352 err=264 steer=0 m1=0/8594 i1=206 t1=28 m2=0/-8594 i2=-204 t2=27 steerMode=0/-1 iSteer=589 driveMode=8594/1 iDrive=204997 scale=0 wheel=25000
2026-07-07T15:06:05.550+00:00 VCP run=1 step=0 angle=315088 target=315352 err=264 steer=0 m1=0/8594 i1=222 t1=28 m2=0/-8594 i2=-221 t2=27 steerMode=0/-1 iSteer=602 driveMode=8594/1 iDrive=221305 scale=0 wheel=25000
2026-07-07T15:06:05.567+00:00 CAN id=101 dlc=8 data=d8cf0400a8610000
2026-07-07T15:06:05.587+00:00 CAN id=101 dlc=8 data=d8cf0400a8610000
2026-07-07T15:06:05.607+00:00 CAN id=101 dlc=8 data=d8cf0400a8610000
2026-07-07T15:06:05.627+00:00 CAN id=101 dlc=8 data=d8cf0400a8610000
2026-07-07T15:06:05.647+00:00 CAN id=101 dlc=8 data=d8cf0400a8610000
2026-07-07T15:06:05.657+00:00 VCP SET_TARGET_RX steer=315352 wheel=25000
2026-07-07T15:06:05.657+00:00 VCP run=1 step=0 angle=315088 target=315352 err=264 steer=0 m1=0/8594 i1=238 t1=28 m2=0/-8594 i2=-237 t2=27 steerMode=0/-6 iSteer=896 driveMode=8594/6 iDrive=237565 scale=0 wheel=25000
2026-07-07T15:06:05.667+00:00 CAN id=101 dlc=8 data=d8cf0400a8610000
2026-07-07T15:06:05.687+00:00 CAN id=101 dlc=8 data=d8cf0400a8610000
2026-07-07T15:06:05.707+00:00 CAN id=101 dlc=8 data=d8cf0400a8610000
2026-07-07T15:06:05.728+00:00 CAN id=101 dlc=8 data=d8cf0400a8610000
2026-07-07T15:06:05.747+00:00 CAN id=101 dlc=8 data=d8cf0400a8610000
2026-07-07T15:06:05.764+00:00 VCP run=1 step=0 angle=315088 target=315352 err=264 steer=0 m1=0/8594 i1=254 t1=28 m2=0/-8594 i2=-253 t2=27 steerMode=0/0 iSteer=554 driveMode=8594/0 iDrive=253939 scale=0 wheel=25000
2026-07-07T15:06:05.767+00:00 CAN id=101 dlc=8 data=d8cf0400a8610000
2026-07-07T15:06:05.787+00:00 CAN id=101 dlc=8 data=d8cf0400a8610000
2026-07-07T15:06:05.807+00:00 CAN id=101 dlc=8 data=d8cf0400a8610000
2026-07-07T15:06:05.827+00:00 CAN id=101 dlc=8 data=d8cf0400a8610000
2026-07-07T15:06:05.847+00:00 CAN id=101 dlc=8 data=d8cf0400a8610000
2026-07-07T15:06:05.867+00:00 CAN id=101 dlc=8 data=d8cf0400a8610000
2026-07-07T15:06:05.887+00:00 CAN id=101 dlc=8 data=d8cf0400a8610000
2026-07-07T15:06:05.908+00:00 CAN id=101 dlc=8 data=d8cf0400a8610000
2026-07-07T15:06:05.928+00:00 CAN id=101 dlc=8 data=d8cf0400a8610000
2026-07-07T15:06:05.948+00:00 CAN id=101 dlc=8 data=d8cf0400a8610000
2026-07-07T15:06:05.954+00:00 VCP run=1 step=0 angle=315088 target=315352 err=264 steer=0 m1=2/8594 i1=270 t1=28 m2=0/-8594 i2=-270 t2=27 steerMode=0/9 iSteer=128 driveMode=8594/10 iDrive=270166 scale=0 wheel=25000
2026-07-07T15:06:05.954+00:00 VCP run=1 step=0 angle=315088 target=315352 err=264 steer=0 m1=0/8594 i1=287 t1=28 m2=0/-8594 i2=-286 t2=27 steerMode=0/0 iSteer=560 driveMode=8594/1 iDrive=286561 scale=0 wheel=25000
2026-07-07T15:06:05.967+00:00 CAN id=101 dlc=8 data=d8cf0400a8610000
2026-07-07T15:06:05.987+00:00 CAN id=101 dlc=8 data=d8cf0400a8610000
2026-07-07T15:06:06.007+00:00 CAN id=101 dlc=8 data=d8cf0400a8610000
2026-07-07T15:06:06.028+00:00 CAN id=101 dlc=8 data=d8cf0400a8610000
2026-07-07T15:06:06.048+00:00 CAN id=101 dlc=8 data=d8cf0400a8610000
2026-07-07T15:06:06.057+00:00 VCP run=1 step=0 angle=315088 target=315352 err=264 steer=0 m1=0/8594 i1=303 t1=28 m2=0/-8594 i2=-302 t2=27 steerMode=0/0 iSteer=564 driveMode=8594/0 iDrive=302897 scale=0 wheel=25000
2026-07-07T15:06:06.057+00:00 VCP SET_TARGET_RX steer=315352 wheel=25000
2026-07-07T15:06:06.067+00:00 CAN id=101 dlc=8 data=d8cf0400a8610000
2026-07-07T15:06:06.087+00:00 CAN id=101 dlc=8 data=d8cf0400a8610000
2026-07-07T15:06:06.107+00:00 CAN id=101 dlc=8 data=d8cf0400a8610000
2026-07-07T15:06:06.127+00:00 CAN id=101 dlc=8 data=d8cf0400a8610000
2026-07-07T15:06:06.147+00:00 CAN id=101 dlc=8 data=d8cf0400a8610000
2026-07-07T15:06:06.164+00:00 VCP run=1 step=0 angle=315088 target=315352 err=264 steer=0 m1=0/8594 i1=320 t1=28 m2=0/-8594 i2=-319 t2=27 steerMode=0/0 iSteer=585 driveMode=8594/0 iDrive=319215 scale=0 wheel=25000
2026-07-07T15:06:06.167+00:00 CAN id=101 dlc=8 data=d8cf0400a8610000
2026-07-07T15:06:06.188+00:00 CAN id=101 dlc=8 data=d8cf0400a8610000
2026-07-07T15:06:06.208+00:00 CAN id=101 dlc=8 data=d8cf0400a8610000
2026-07-07T15:06:06.228+00:00 CAN id=101 dlc=8 data=d8cf0400a8610000
2026-07-07T15:06:06.248+00:00 CAN id=101 dlc=8 data=d8cf0400a8610000
2026-07-07T15:06:06.267+00:00 CAN id=101 dlc=8 data=d8cf0400a8610000
2026-07-07T15:06:06.287+00:00 CAN id=101 dlc=8 data=d8cf0400a8610000
2026-07-07T15:06:06.308+00:00 CAN id=101 dlc=8 data=d8cf0400a8610000
2026-07-07T15:06:06.328+00:00 CAN id=101 dlc=8 data=d8cf0400a8610000
2026-07-07T15:06:06.348+00:00 CAN id=101 dlc=8 data=d8cf0400a8610000
2026-07-07T15:06:06.354+00:00 VCP run=1 step=0 angle=315088 target=315352 err=264 steer=0 m1=0/8594 i1=336 t1=28 m2=0/-8594 i2=-335 t2=27 steerMode=0/-1 iSteer=645 driveMode=8594/1 iDrive=335519 scale=0 wheel=25000
2026-07-07T15:06:06.354+00:00 VCP run=1 step=0 angle=315088 target=315352 err=264 steer=0 m1=0/8594 i1=352 t1=28 m2=0/-8594 i2=-351 t2=27 steerMode=0/1 iSteer=525 driveMode=8594/1 iDrive=351841 scale=0 wheel=25000
2026-07-07T15:06:06.367+00:00 CAN id=101 dlc=8 data=d8cf0400a8610000
2026-07-07T15:06:06.388+00:00 CAN id=101 dlc=8 data=d8cf0400a8610000
2026-07-07T15:06:06.407+00:00 CAN id=101 dlc=8 data=d8cf0400a8610000
2026-07-07T15:06:06.428+00:00 CAN id=101 dlc=8 data=d8cf0400a8610000
2026-07-07T15:06:06.447+00:00 CAN id=101 dlc=8 data=d8cf0400a8610000
2026-07-07T15:06:06.461+00:00 VCP run=1 step=0 angle=315088 target=315352 err=264 steer=0 m1=0/8594 i1=369 t1=28 m2=0/-8594 i2=-368 t2=27 steerMode=0/0 iSteer=591 driveMode=8594/0 iDrive=368182 scale=0 wheel=25000
2026-07-07T15:06:06.467+00:00 CAN id=101 dlc=8 data=d8cf0400a8610000
2026-07-07T15:06:06.488+00:00 CAN id=101 dlc=8 data=d8cf0400a8610000
2026-07-07T15:06:06.508+00:00 CAN id=101 dlc=8 data=d8cf0400a8610000
2026-07-07T15:06:06.528+00:00 CAN id=101 dlc=8 data=d8cf0400a8610000
2026-07-07T15:06:06.548+00:00 CAN id=101 dlc=8 data=d8cf0400a8610000
2026-07-07T15:06:06.564+00:00 VCP run=1 step=0 angle=315088 target=315352 err=264 steer=0 m1=0/8594 i1=385 t1=28 m2=0/-8594 i2=-384 t2=27 steerMode=0/-1 iSteer=707 driveMode=8594/1 iDrive=384464 scale=0 wheel=25000
2026-07-07T15:06:06.564+00:00 VCP SET_TARGET_RX steer=315352 wheel=25000
2026-07-07T15:06:06.567+00:00 CAN id=101 dlc=8 data=d8cf0400a8610000
2026-07-07T15:06:06.587+00:00 CAN id=101 dlc=8 data=d8cf0400a8610000
2026-07-07T15:06:06.608+00:00 CAN id=101 dlc=8 data=d8cf0400a8610000
2026-07-07T15:06:06.628+00:00 CAN id=101 dlc=8 data=d8cf0400a8610000
2026-07-07T15:06:06.647+00:00 CAN id=101 dlc=8 data=d8cf0400a8610000
2026-07-07T15:06:06.667+00:00 CAN id=101 dlc=8 data=d8cf0400a8610000
2026-07-07T15:06:06.687+00:00 CAN id=101 dlc=8 data=d8cf0400a8610000
2026-07-07T15:06:06.708+00:00 CAN id=101 dlc=8 data=d8cf0400a8610000
2026-07-07T15:06:06.728+00:00 CAN id=101 dlc=8 data=d8cf0400a8610000
2026-07-07T15:06:06.748+00:00 CAN id=101 dlc=8 data=d8cf0400a8610000
2026-07-07T15:06:06.754+00:00 VCP run=1 step=0 angle=315088 target=315352 err=264 steer=0 m1=0/8594 i1=402 t1=28 m2=0/-8594 i2=-400 t2=27 steerMode=0/-3 iSteer=788 driveMode=8594/-3 iDrive=400839 scale=0 wheel=25000
2026-07-07T15:06:06.754+00:00 VCP run=1 step=0 angle=315088 target=315352 err=264 steer=0 m1=0/8594 i1=418 t1=28 m2=0/-8594 i2=-416 t2=27 steerMode=0/-1 iSteer=713 driveMode=8594/1 iDrive=416948 scale=0 wheel=25000
2026-07-07T15:06:06.767+00:00 CAN id=101 dlc=8 data=d8cf0400a8610000
2026-07-07T15:06:06.787+00:00 CAN id=101 dlc=8 data=d8cf0400a8610000
2026-07-07T15:06:06.807+00:00 CAN id=101 dlc=8 data=d8cf0400a8610000
2026-07-07T15:06:06.827+00:00 CAN id=101 dlc=8 data=d8cf0400a8610000
2026-07-07T15:06:06.847+00:00 CAN id=101 dlc=8 data=d8cf0400a8610000
2026-07-07T15:06:06.860+00:00 VCP run=1 step=0 angle=315088 target=315352 err=264 steer=0 m1=0/8594 i1=435 t1=28 m2=0/-8594 i2=-432 t2=27 steerMode=0/-15 iSteer=1408 driveMode=8594/-15 iDrive=433430 scale=0 wheel=25000
2026-07-07T15:06:06.867+00:00 CAN id=101 dlc=8 data=d8cf0400a8610000
2026-07-07T15:06:06.887+00:00 CAN id=101 dlc=8 data=d8cf0400a8610000
2026-07-07T15:06:06.907+00:00 CAN id=101 dlc=8 data=d8cf0400a8610000
2026-07-07T15:06:06.927+00:00 CAN id=101 dlc=8 data=d8cf0400a8610000
2026-07-07T15:06:06.947+00:00 CAN id=101 dlc=8 data=d8cf0400a8610000
2026-07-07T15:06:06.967+00:00 VCP run=1 step=0 angle=315088 target=315352 err=264 steer=0 m1=0/8594 i1=450 t1=28 m2=0/-8594 i2=-449 t2=27 steerMode=0/-1 iSteer=760 driveMode=8594/1 iDrive=449424 scale=0 wheel=25000
2026-07-07T15:06:06.967+00:00 CAN id=101 dlc=8 data=d8cf0400a8610000
2026-07-07T15:06:06.987+00:00 CAN id=101 dlc=8 data=d8cf0400a8610000
2026-07-07T15:06:07.007+00:00 CAN id=101 dlc=8 data=d8cf0400a8610000
2026-07-07T15:06:07.028+00:00 CAN id=101 dlc=8 data=d8cf0400a8610000
2026-07-07T15:06:07.047+00:00 CAN id=101 dlc=8 data=d8cf0400a8610000
2026-07-07T15:06:07.067+00:00 CAN id=101 dlc=8 data=d8cf0400a8610000
2026-07-07T15:06:07.087+00:00 CAN id=101 dlc=8 data=d8cf0400a8610000
2026-07-07T15:06:07.107+00:00 CAN id=101 dlc=8 data=d8cf0400a8610000
2026-07-07T15:06:07.127+00:00 CAN id=101 dlc=8 data=d8cf0400a8610000
2026-07-07T15:06:07.148+00:00 CAN id=101 dlc=8 data=d8cf0400a8610000
2026-07-07T15:06:07.154+00:00 VCP run=1 step=0 angle=315088 target=315352 err=264 steer=0 m1=0/8594 i1=466 t1=28 m2=0/-8594 i2=-465 t2=27 steerMode=0/2 iSteer=619 driveMode=8594/2 iDrive=465737 scale=0 wheel=25000
2026-07-07T15:06:07.154+00:00 VCP SET_TARGET_RX steer=315352 wheel=25000
2026-07-07T15:06:07.154+00:00 VCP run=1 step=0 angle=315088 target=315352 err=264 steer=0 m1=0/8594 i1=483 t1=28 m2=0/-8594 i2=-481 t2=27 steerMode=0/-3 iSteer=896 driveMode=8594/3 iDrive=482032 scale=0 wheel=25000
2026-07-07T15:06:07.167+00:00 CAN id=101 dlc=8 data=d8cf0400a8610000
2026-07-07T15:06:07.188+00:00 CAN id=101 dlc=8 data=d8cf0400a8610000
2026-07-07T15:06:07.208+00:00 CAN id=101 dlc=8 data=d8cf0400a8610000
2026-07-07T15:06:07.228+00:00 CAN id=101 dlc=8 data=d8cf0400a8610000
2026-07-07T15:06:07.248+00:00 CAN id=101 dlc=8 data=d8cf0400a8610000
2026-07-07T15:06:07.260+00:00 VCP run=1 step=0 angle=315088 target=315352 err=264 steer=0 m1=-3/8594 i1=499 t1=28 m2=0/-8594 i2=-498 t2=27 steerMode=0/0 iSteer=710 driveMode=8594/1 iDrive=498387 scale=0 wheel=25000
2026-07-07T15:06:07.267+00:00 CAN id=101 dlc=8 data=d8cf0400a8610000
2026-07-07T15:06:07.288+00:00 CAN id=101 dlc=8 data=d8cf0400a8610000
2026-07-07T15:06:07.308+00:00 CAN id=101 dlc=8 data=d8cf0400a8610000
2026-07-07T15:06:07.328+00:00 CAN id=101 dlc=8 data=d8cf0400a8610000
2026-07-07T15:06:07.348+00:00 CAN id=101 dlc=8 data=d8cf0400a8610000
2026-07-07T15:06:07.367+00:00 VCP run=1 step=0 angle=315088 target=315352 err=264 steer=0 m1=0/8594 i1=516 t1=28 m2=0/-8594 i2=-514 t2=27 steerMode=0/-7 iSteer=1100 driveMode=8594/7 iDrive=514631 scale=0 wheel=25000
2026-07-07T15:06:07.367+00:00 CAN id=101 dlc=8 data=d8cf0400a8610000
2026-07-07T15:06:07.388+00:00 CAN id=101 dlc=8 data=d8cf0400a8610000
2026-07-07T15:06:07.408+00:00 CAN id=101 dlc=8 data=d8cf0400a8610000
2026-07-07T15:06:07.427+00:00 CAN id=101 dlc=8 data=d8cf0400a8610000
2026-07-07T15:06:07.448+00:00 CAN id=101 dlc=8 data=d8cf0400a8610000
2026-07-07T15:06:07.467+00:00 CAN id=101 dlc=8 data=d8cf0400a8610000
2026-07-07T15:06:07.487+00:00 CAN id=101 dlc=8 data=d8cf0400a8610000
2026-07-07T15:06:07.508+00:00 CAN id=101 dlc=8 data=d8cf0400a8610000
2026-07-07T15:06:07.527+00:00 CAN id=101 dlc=8 data=d8cf0400a8610000
2026-07-07T15:06:07.547+00:00 CAN id=101 dlc=8 data=d8cf0400a8610000
2026-07-07T15:06:07.554+00:00 VCP run=1 step=0 angle=315088 target=315352 err=264 steer=0 m1=0/8594 i1=532 t1=28 m2=0/-8594 i2=-530 t2=27 steerMode=0/-1 iSteer=834 driveMode=8594/-1 iDrive=531035 scale=0 wheel=25000
2026-07-07T15:06:07.554+00:00 VCP run=1 step=0 angle=315088 target=315352 err=264 steer=0 m1=0/8594 i1=548 t1=28 m2=0/-8594 i2=-547 t2=27 steerMode=0/0 iSteer=770 driveMode=8594/0 iDrive=547352 scale=0 wheel=25000
2026-07-07T15:06:07.554+00:00 VCP SET_TARGET_RX steer=315352 wheel=25000
2026-07-07T15:06:07.567+00:00 CAN id=101 dlc=8 data=d8cf0400a8610000
2026-07-07T15:06:07.587+00:00 CAN id=101 dlc=8 data=d8cf0400a8610000
2026-07-07T15:06:07.607+00:00 CAN id=101 dlc=8 data=d8cf0400a8610000
2026-07-07T15:06:07.627+00:00 CAN id=101 dlc=8 data=d8cf0400a8610000
2026-07-07T15:06:07.647+00:00 CAN id=101 dlc=8 data=d8cf0400a8610000
2026-07-07T15:06:07.660+00:00 VCP run=1 step=0 angle=315088 target=315352 err=264 steer=0 m1=0/8594 i1=565 t1=28 m2=0/-8594 i2=-563 t2=27 steerMode=0/-5 iSteer=1031 driveMode=8594/5 iDrive=563616 scale=0 wheel=25000
2026-07-07T15:06:07.667+00:00 CAN id=101 dlc=8 data=d8cf0400a8610000
2026-07-07T15:06:07.688+00:00 CAN id=101 dlc=8 data=d8cf0400a8610000
2026-07-07T15:06:07.708+00:00 CAN id=101 dlc=8 data=d8cf0400a8610000
2026-07-07T15:06:07.728+00:00 CAN id=101 dlc=8 data=d8cf0400a8610000
2026-07-07T15:06:07.747+00:00 CAN id=101 dlc=8 data=d8cf0400a8610000
2026-07-07T15:06:07.767+00:00 VCP run=1 step=0 angle=315088 target=315352 err=264 steer=0 m1=0/8594 i1=581 t1=28 m2=0/-8594 i2=-579 t2=27 steerMode=0/0 iSteer=768 driveMode=8594/1 iDrive=579809 scale=0 wheel=25000
2026-07-07T15:06:07.767+00:00 CAN id=101 dlc=8 data=d8cf0400a8610000
2026-07-07T15:06:07.787+00:00 CAN id=101 dlc=8 data=d8cf0400a8610000
2026-07-07T15:06:07.807+00:00 CAN id=101 dlc=8 data=d8cf0400a8610000
2026-07-07T15:06:07.827+00:00 CAN id=101 dlc=8 data=d8cf0400a8610000
2026-07-07T15:06:07.848+00:00 CAN id=101 dlc=8 data=d8cf0400a8610000
2026-07-07T15:06:07.867+00:00 CAN id=101 dlc=8 data=d8cf0400a8610000
2026-07-07T15:06:07.887+00:00 CAN id=101 dlc=8 data=d8cf0400a8610000
2026-07-07T15:06:07.907+00:00 CAN id=101 dlc=8 data=d8cf0400a8610000
2026-07-07T15:06:07.928+00:00 CAN id=101 dlc=8 data=d8cf0400a8610000
2026-07-07T15:06:07.947+00:00 CAN id=101 dlc=8 data=d8cf0400a8610000
2026-07-07T15:06:07.957+00:00 VCP run=1 step=0 angle=315088 target=315352 err=264 steer=0 m1=0/8594 i1=597 t1=28 m2=0/-8594 i2=-595 t2=27 steerMode=0/0 iSteer=792 driveMode=8594/0 iDrive=596143 scale=0 wheel=25000
2026-07-07T15:06:07.957+00:00 VCP run=1 step=0 angle=315088 target=315352 err=264 steer=0 m1=-3/8594 i1=614 t1=28 m2=-3/-8594 i2=-610 t2=27 steerMode=0/-25 iSteer=2057 driveMode=8594/34 iDrive=612129 scale=0 wheel=25000
2026-07-07T15:06:07.967+00:00 CAN id=101 dlc=8 data=d8cf0400a8610000
2026-07-07T15:06:07.987+00:00 CAN id=101 dlc=8 data=d8cf0400a8610000
2026-07-07T15:06:08.007+00:00 CAN id=101 dlc=8 data=d8cf0400a8610000
2026-07-07T15:06:08.027+00:00 CAN id=101 dlc=8 data=d8cf0400a8610000
2026-07-07T15:06:08.047+00:00 CAN id=101 dlc=8 data=d8cf0400a8610000
2026-07-07T15:06:08.060+00:00 VCP run=1 step=0 angle=315088 target=315352 err=264 steer=0 m1=0/8594 i1=630 t1=28 m2=0/-8594 i2=-628 t2=27 steerMode=0/-1 iSteer=914 driveMode=8594/0 iDrive=628606 scale=0 wheel=25000
2026-07-07T15:06:08.060+00:00 VCP SET_TARGET_RX steer=315352 wheel=25000
2026-07-07T15:06:08.067+00:00 CAN id=101 dlc=8 data=d8cf0400a8610000
2026-07-07T15:06:08.087+00:00 CAN id=101 dlc=8 data=d8cf0400a8610000
2026-07-07T15:06:08.107+00:00 CAN id=101 dlc=8 data=d8cf0400a8610000
2026-07-07T15:06:08.127+00:00 CAN id=101 dlc=8 data=d8cf0400a8610000
2026-07-07T15:06:08.147+00:00 CAN id=101 dlc=8 data=d8cf0400a8610000
2026-07-07T15:06:08.166+00:00 VCP run=1 step=0 angle=315088 target=315352 err=264 steer=0 m1=0/8594 i1=647 t1=28 m2=-3/-8594 i2=-642 t2=27 steerMode=0/-34 iSteer=2551 driveMode=8594/34 iDrive=644596 scale=0 wheel=25000
2026-07-07T15:06:08.167+00:00 CAN id=101 dlc=8 data=d8cf0400a8610000
2026-07-07T15:06:08.187+00:00 CAN id=101 dlc=8 data=d8cf0400a8610000
2026-07-07T15:06:08.208+00:00 CAN id=101 dlc=8 data=d8cf0400a8610000
2026-07-07T15:06:08.228+00:00 CAN id=101 dlc=8 data=d8cf0400a8610000
2026-07-07T15:06:08.248+00:00 CAN id=101 dlc=8 data=d8cf0400a8610000
2026-07-07T15:06:08.267+00:00 CAN id=101 dlc=8 data=d8cf0400a8610000
2026-07-07T15:06:08.287+00:00 CAN id=101 dlc=8 data=d8cf0400a8610000
2026-07-07T15:06:08.308+00:00 CAN id=101 dlc=8 data=d8cf0400a8610000
2026-07-07T15:06:08.328+00:00 CAN id=101 dlc=8 data=d8cf0400a8610000
2026-07-07T15:06:08.347+00:00 CAN id=101 dlc=8 data=d8cf0400a8610000
2026-07-07T15:06:08.356+00:00 VCP run=1 step=0 angle=315088 target=315352 err=264 steer=0 m1=0/8594 i1=662 t1=28 m2=0/-8594 i2=-660 t2=27 steerMode=0/-1 iSteer=952 driveMode=8594/0 iDrive=661086 scale=0 wheel=25000
2026-07-07T15:06:08.356+00:00 VCP run=1 step=0 angle=315088 target=315352 err=264 steer=0 m1=-3/8594 i1=678 t1=28 m2=0/-8594 i2=-677 t2=27 steerMode=0/7 iSteer=577 driveMode=8594/8 iDrive=677321 scale=0 wheel=25000
2026-07-07T15:06:08.367+00:00 CAN id=101 dlc=8 data=d8cf0400a8610000
2026-07-07T15:06:08.387+00:00 CAN id=101 dlc=8 data=d8cf0400a8610000
2026-07-07T15:06:08.408+00:00 CAN id=101 dlc=8 data=d8cf0400a8610000
2026-07-07T15:06:08.428+00:00 CAN id=101 dlc=8 data=d8cf0400a8610000
2026-07-07T15:06:08.447+00:00 CAN id=101 dlc=8 data=d8cf0400a8610000
2026-07-07T15:06:08.462+00:00 VCP run=1 step=0 angle=315088 target=315352 err=264 steer=0 m1=0/8594 i1=695 t1=28 m2=0/-8594 i2=-692 t2=27 steerMode=0/-20 iSteer=1940 driveMode=8594/20 iDrive=693503 scale=0 wheel=25000
2026-07-07T15:06:08.467+00:00 CAN id=101 dlc=8 data=d8cf0400a8610000
2026-07-07T15:06:08.488+00:00 CAN id=101 dlc=8 data=d8cf0400a8610000
2026-07-07T15:06:08.508+00:00 CAN id=101 dlc=8 data=d8cf0400a8610000
2026-07-07T15:06:08.528+00:00 CAN id=101 dlc=8 data=d8cf0400a8610000
2026-07-07T15:06:08.548+00:00 CAN id=101 dlc=8 data=d8cf0400a8610000
2026-07-07T15:06:08.566+00:00 VCP run=1 step=0 angle=315088 target=315352 err=264 steer=0 m1=2/8594 i1=711 t1=28 m2=0/-8594 i2=-709 t2=27 steerMode=0/2 iSteer=822 driveMode=8594/3 iDrive=709829 scale=0 wheel=25000
2026-07-07T15:06:08.566+00:00 VCP SET_TARGET_RX steer=315352 wheel=25000
2026-07-07T15:06:08.567+00:00 CAN id=101 dlc=8 data=d8cf0400a8610000
2026-07-07T15:06:08.588+00:00 CAN id=101 dlc=8 data=d8cf0400a8610000
2026-07-07T15:06:08.608+00:00 CAN id=101 dlc=8 data=d8cf0400a8610000
2026-07-07T15:06:08.628+00:00 CAN id=101 dlc=8 data=d8cf0400a8610000
2026-07-07T15:06:08.647+00:00 CAN id=101 dlc=8 data=d8cf0400a8610000
2026-07-07T15:06:08.667+00:00 CAN id=101 dlc=8 data=d8cf0400a8610000
2026-07-07T15:06:08.687+00:00 CAN id=101 dlc=8 data=d8cf0400a8610000
2026-07-07T15:06:08.708+00:00 CAN id=101 dlc=8 data=d8cf0400a8610000
2026-07-07T15:06:08.728+00:00 CAN id=101 dlc=8 data=d8cf0400a8610000
2026-07-07T15:06:08.747+00:00 CAN id=101 dlc=8 data=d8cf0400a8610000
2026-07-07T15:06:08.756+00:00 VCP run=1 step=0 angle=315088 target=315352 err=264 steer=0 m1=0/8594 i1=727 t1=28 m2=0/-8594 i2=-725 t2=27 steerMode=0/0 iSteer=900 driveMode=8594/0 iDrive=726169 scale=0 wheel=25000
2026-07-07T15:06:08.756+00:00 VCP run=1 step=0 angle=315088 target=315352 err=264 steer=0 m1=0/8594 i1=743 t1=28 m2=0/-8594 i2=-741 t2=27 steerMode=0/-1 iSteer=1009 driveMode=8594/2 iDrive=742295 scale=0 wheel=25000
2026-07-07T15:06:08.767+00:00 CAN id=101 dlc=8 data=d8cf0400a8610000
2026-07-07T15:06:08.787+00:00 CAN id=101 dlc=8 data=d8cf0400a8610000
2026-07-07T15:06:08.808+00:00 CAN id=101 dlc=8 data=d8cf0400a8610000
2026-07-07T15:06:08.828+00:00 CAN id=101 dlc=8 data=d8cf0400a8610000
2026-07-07T15:06:08.848+00:00 CAN id=101 dlc=8 data=d8cf0400a8610000
2026-07-07T15:06:08.862+00:00 VCP run=1 step=0 angle=315088 target=315352 err=264 steer=0 m1=0/8594 i1=760 t1=28 m2=0/-8594 i2=-758 t2=27 steerMode=0/-1 iSteer=990 driveMode=8594/-1 iDrive=758657 scale=0 wheel=25000
2026-07-07T15:06:08.867+00:00 CAN id=101 dlc=8 data=d8cf0400a8610000
2026-07-07T15:06:08.888+00:00 CAN id=101 dlc=8 data=d8cf0400a8610000
2026-07-07T15:06:08.907+00:00 CAN id=101 dlc=8 data=d8cf0400a8610000
2026-07-07T15:06:08.928+00:00 CAN id=101 dlc=8 data=d8cf0400a8610000
2026-07-07T15:06:08.948+00:00 CAN id=101 dlc=8 data=d8cf0400a8610000
2026-07-07T15:06:08.967+00:00 CAN id=101 dlc=8 data=d8cf0400a8610000
2026-07-07T15:06:08.988+00:00 CAN id=101 dlc=8 data=d8cf0400a8610000
2026-07-07T15:06:09.007+00:00 CAN id=101 dlc=8 data=d8cf0400a8610000
2026-07-07T15:06:09.028+00:00 CAN id=101 dlc=8 data=d8cf0400a8610000
2026-07-07T15:06:09.047+00:00 CAN id=101 dlc=8 data=d8cf0400a8610000
2026-07-07T15:06:09.050+00:00 VCP run=1 step=0 angle=315088 target=315352 err=264 steer=0 m1=0/8594 i1=776 t1=28 m2=0/-8594 i2=-774 t2=27 steerMode=0/1 iSteer=882 driveMode=8594/1 iDrive=774961 scale=0 wheel=25000
2026-07-07T15:06:09.050+00:00 VCP run=1 step=0 angle=315088 target=315352 err=264 steer=0 m1=0/8594 i1=792 t1=28 m2=0/-8594 i2=-790 t2=27 steerMode=0/-1 iSteer=991 driveMode=8594/0 iDrive=791293 scale=0 wheel=25000
2026-07-07T15:06:09.067+00:00 CAN id=101 dlc=8 data=d8cf0400a8610000
2026-07-07T15:06:09.087+00:00 CAN id=101 dlc=8 data=d8cf0400a8610000
2026-07-07T15:06:09.107+00:00 CAN id=101 dlc=8 data=d8cf0400a8610000
2026-07-07T15:06:09.127+00:00 CAN id=101 dlc=8 data=d8cf0400a8610000
2026-07-07T15:06:09.147+00:00 CAN id=101 dlc=8 data=d8cf0400a8610000
2026-07-07T15:06:09.156+00:00 VCP SET_TARGET_RX steer=315352 wheel=25000
2026-07-07T15:06:09.156+00:00 VCP run=1 step=0 angle=315088 target=315352 err=264 steer=0 m1=0/8594 i1=808 t1=28 m2=0/-8594 i2=-807 t2=27 steerMode=0/7 iSteer=588 driveMode=8594/7 iDrive=807547 scale=0 wheel=25000
2026-07-07T15:06:09.167+00:00 CAN id=101 dlc=8 data=d8cf0400a8610000
2026-07-07T15:06:09.188+00:00 CAN id=101 dlc=8 data=d8cf0400a8610000
2026-07-07T15:06:09.207+00:00 CAN id=101 dlc=8 data=d8cf0400a8610000
2026-07-07T15:06:09.228+00:00 CAN id=101 dlc=8 data=d8cf0400a8610000
2026-07-07T15:06:09.248+00:00 CAN id=101 dlc=8 data=d8cf0400a8610000
2026-07-07T15:06:09.262+00:00 VCP run=1 step=0 angle=315088 target=315352 err=264 steer=0 m1=0/8594 i1=825 t1=28 m2=0/-8594 i2=-823 t2=27 steerMode=0/-3 iSteer=1147 driveMode=8594/2 iDrive=823734 scale=0 wheel=25000
2026-07-07T15:06:09.267+00:00 CAN id=101 dlc=8 data=d8cf0400a8610000
2026-07-07T15:06:09.287+00:00 CAN id=101 dlc=8 data=d8cf0400a8610000
2026-07-07T15:06:09.307+00:00 CAN id=101 dlc=8 data=d8cf0400a8610000
2026-07-07T15:06:09.328+00:00 CAN id=101 dlc=8 data=d8cf0400a8610000
2026-07-07T15:06:09.347+00:00 CAN id=101 dlc=8 data=d8cf0400a8610000
2026-07-07T15:06:09.367+00:00 VCP run=1 step=0 angle=315879 target=315352 err=-527 steer=-100 m1=303/8044 i1=133 t1=28 m2=-5/-9144 i2=-728 t2=27 steerMode=-550/5350 iSteer=-297650 driveMode=8594/5576 iDrive=430433 scale=0 wheel=25000
2026-07-07T15:06:09.367+00:00 CAN id=101 dlc=8 data=d8cf0400a8610000
2026-07-07T15:06:09.388+00:00 CAN id=101 dlc=8 data=d8cf0400a8610000
2026-07-07T15:06:09.408+00:00 CAN id=101 dlc=8 data=d8cf0400a8610000
2026-07-07T15:06:09.428+00:00 CAN id=101 dlc=8 data=d8cf0400a8610000
2026-07-07T15:06:09.448+00:00 CAN id=101 dlc=8 data=d8cf0400a8610000
2026-07-07T15:06:09.467+00:00 CAN id=101 dlc=8 data=d8cf0400a8610000
2026-07-07T15:06:09.488+00:00 CAN id=101 dlc=8 data=d8cf0400a8610000
2026-07-07T15:06:09.507+00:00 CAN id=101 dlc=8 data=d8cf0400a8610000
2026-07-07T15:06:09.528+00:00 CAN id=101 dlc=8 data=d8cf0400a8610000
2026-07-07T15:06:09.548+00:00 CAN id=101 dlc=8 data=d8cf0400a8610000
2026-07-07T15:06:09.552+00:00 VCP run=1 step=0 angle=317461 target=315352 err=-2109 steer=-1054 m1=104/2794 i1=273 t1=28 m2=-381/-14393 i2=-506 t2=27 steerMode=-5800/-4012 iSteer=-116656 driveMode=8594/9867 iDrive=389787 scale=0 wheel=25000
2026-07-07T15:06:09.552+00:00 VCP run=1 step=0 angle=315439 target=315352 err=-87 steer=0 m1=382/8594 i1=317 t1=28 m2=-358/-8594 i2=-287 t2=27 steerMode=0/-663 iSteer=14599 driveMode=8594/17600 iDrive=301922 scale=0 wheel=25000
2026-07-07T15:06:09.552+00:00 VCP SET_TARGET_RX steer=315352 wheel=25000
2026-07-07T15:06:09.567+00:00 CAN id=101 dlc=8 data=d8cf0400a8610000
2026-07-07T15:06:09.587+00:00 CAN id=101 dlc=8 data=d8cf0400a8610000
2026-07-07T15:06:09.608+00:00 CAN id=101 dlc=8 data=d8cf0400a8610000
2026-07-07T15:06:09.628+00:00 CAN id=101 dlc=8 data=d8cf0400a8610000
2026-07-07T15:06:09.647+00:00 CAN id=101 dlc=8 data=d8cf0400a8610000
2026-07-07T15:06:09.656+00:00 VCP run=1 step=0 angle=315615 target=315352 err=-263 steer=0 m1=414/8594 i1=181 t1=28 m2=-415/-8594 i2=-304 t2=27 steerMode=0/790 iSteer=-61409 driveMode=8594/21332 iDrive=242888 scale=0 wheel=25000
2026-07-07T15:06:09.667+00:00 CAN id=101 dlc=8 data=d8cf0400a8610000
2026-07-07T15:06:09.688+00:00 CAN id=101 dlc=8 data=d8cf0400a8610000
2026-07-07T15:06:09.707+00:00 CAN id=101 dlc=8 data=d8cf0400a8610000
2026-07-07T15:06:09.728+00:00 CAN id=101 dlc=8 data=d8cf0400a8610000
2026-07-07T15:06:09.748+00:00 CAN id=101 dlc=8 data=d8cf0400a8610000
2026-07-07T15:06:09.761+00:00 VCP run=1 step=0 angle=315615 target=315352 err=-263 steer=0 m1=445/8594 i1=194 t1=28 m2=-421/-8594 i2=-208 t2=27 steerMode=0/-299 iSteer=-6714 driveMode=8594/22966 iDrive=200964 scale=0 wheel=25000
2026-07-07T15:06:09.767+00:00 CAN id=101 dlc=8 data=d8cf0400a8610000
2026-07-07T15:06:09.788+00:00 CAN id=101 dlc=8 data=d8cf0400a8610000
2026-07-07T15:06:09.808+00:00 CAN id=101 dlc=8 data=d8cf0400a8610000
2026-07-07T15:06:09.828+00:00 CAN id=101 dlc=8 data=d8cf0400a8610000
2026-07-07T15:06:09.848+00:00 CAN id=101 dlc=8 data=d8cf0400a8610000
2026-07-07T15:06:09.866+00:00 VCP run=1 step=0 angle=315615 target=315352 err=-263 steer=0 m1=428/8594 i1=136 t1=28 m2=-459/-8594 i2=-205 t2=27 steerMode=0/263 iSteer=-34913 driveMode=8594/23268 iDrive=170463 scale=0 wheel=25000
2026-07-07T15:06:09.867+00:00 CAN id=101 dlc=8 data=d8cf0400a8610000
2026-07-07T15:06:09.887+00:00 CAN id=101 dlc=8 data=d8cf0400a8610000
2026-07-07T15:06:09.907+00:00 CAN id=101 dlc=8 data=d8cf0400a8610000
2026-07-07T15:06:09.928+00:00 CAN id=101 dlc=8 data=d8cf0400a8610000
2026-07-07T15:06:09.948+00:00 CAN id=101 dlc=8 data=d8cf0400a8610000
2026-07-07T15:06:09.967+00:00 CAN id=101 dlc=8 data=d8cf0400a8610000
2026-07-07T15:06:09.988+00:00 CAN id=101 dlc=8 data=d8cf0400a8610000
2026-07-07T15:06:10.008+00:00 CAN id=101 dlc=8 data=d8cf0400a8610000
2026-07-07T15:06:10.027+00:00 CAN id=101 dlc=8 data=d8cf0400a8610000
2026-07-07T15:06:10.048+00:00 CAN id=101 dlc=8 data=d8cf0400a8610000
2026-07-07T15:06:10.052+00:00 VCP run=1 step=0 angle=315615 target=315352 err=-263 steer=0 m1=424/8594 i1=122 t1=28 m2=-394/-8594 i2=-197 t2=27 steerMode=0/304 iSteer=-37235 driveMode=8594/21747 iDrive=159400 scale=0 wheel=25000
2026-07-07T15:06:10.052+00:00 VCP run=1 step=0 angle=315791 target=315352 err=-439 steer=0 m1=336/8594 i1=134 t1=28 m2=-312/-8594 i2=-192 t2=27 steerMode=0/118 iSteer=-28869 driveMode=8594/19191 iDrive=162741 scale=0 wheel=25000
2026-07-07T15:06:10.052+00:00 VCP SET_TARGET_RX steer=315352 wheel=25000
2026-07-07T15:06:10.067+00:00 CAN id=101 dlc=8 data=d8cf0400a8610000
2026-07-07T15:06:10.087+00:00 CAN id=101 dlc=8 data=d8cf0400a8610000
2026-07-07T15:06:10.107+00:00 CAN id=101 dlc=8 data=d8cf0400a8610000
2026-07-07T15:06:10.128+00:00 CAN id=101 dlc=8 data=d8cf0400a8610000
2026-07-07T15:06:10.148+00:00 CAN id=101 dlc=8 data=d8cf0400a8610000
2026-07-07T15:06:10.155+00:00 VCP run=1 step=0 angle=315879 target=315352 err=-527 steer=-263 m1=286/7145 i1=114 t1=28 m2=-254/-10043 i2=-247 t2=27 steerMode=-1449/-659 iSteer=-66115 driveMode=8594/15779 iDrive=180465 scale=0 wheel=25000
2026-07-07T15:06:10.167+00:00 CAN id=101 dlc=8 data=d8cf0400a8610000
2026-07-07T15:06:10.188+00:00 CAN id=101 dlc=8 data=d8cf0400a8610000
2026-07-07T15:06:10.208+00:00 CAN id=101 dlc=8 data=d8cf0400a8610000
2026-07-07T15:06:10.227+00:00 CAN id=101 dlc=8 data=d8cf0400a8610000
2026-07-07T15:06:10.248+00:00 CAN id=101 dlc=8 data=d8cf0400a8610000
2026-07-07T15:06:10.260+00:00 VCP run=1 step=0 angle=316055 target=315352 err=-703 steer=-351 m1=242/6661 i1=46 t1=28 m2=-237/-10526 i2=-378 t2=27 steerMode=-1932/806 iSteer=-165998 driveMode=8594/11741 iDrive=211686 scale=0 wheel=25000
2026-07-07T15:06:10.267+00:00 CAN id=101 dlc=8 data=d8cf0400a8610000
2026-07-07T15:06:10.287+00:00 CAN id=101 dlc=8 data=d8cf0400a8610000
2026-07-07T15:06:10.307+00:00 CAN id=101 dlc=8 data=d8cf0400a8610000
2026-07-07T15:06:10.327+00:00 CAN id=101 dlc=8 data=d8cf0400a8610000
2026-07-07T15:06:10.347+00:00 CAN id=101 dlc=8 data=d8cf0400a8610000
2026-07-07T15:06:10.365+00:00 VCP run=1 step=0 angle=315791 target=315352 err=-439 steer=0 m1=152/8594 i1=246 t1=28 m2=-229/-8594 i2=-195 t2=27 steerMode=0/-1121 iSteer=25690 driveMode=8594/10397 iDrive=220260 scale=0 wheel=25000
2026-07-07T15:06:10.367+00:00 CAN id=101 dlc=8 data=d8cf0400a8610000
2026-07-07T15:06:10.387+00:00 CAN id=101 dlc=8 data=d8cf0400a8610000
2026-07-07T15:06:10.407+00:00 CAN id=101 dlc=8 data=d8cf0400a8610000
2026-07-07T15:06:10.428+00:00 CAN id=101 dlc=8 data=d8cf0400a8610000
2026-07-07T15:06:10.448+00:00 CAN id=101 dlc=8 data=d8cf0400a8610000
2026-07-07T15:06:10.467+00:00 CAN id=101 dlc=8 data=d8cf0400a8610000
2026-07-07T15:06:10.487+00:00 CAN id=101 dlc=8 data=d8cf0400a8610000
2026-07-07T15:06:10.507+00:00 CAN id=101 dlc=8 data=d8cf0400a8610000
2026-07-07T15:06:10.528+00:00 CAN id=101 dlc=8 data=d8cf0400a8610000
2026-07-07T15:06:10.548+00:00 CAN id=101 dlc=8 data=d8cf0400a8610000
2026-07-07T15:06:10.550+00:00 VCP run=1 step=0 angle=315967 target=315352 err=-615 steer=-307 m1=211/6903 i1=50 t1=28 m2=-176/-10284 i2=-378 t2=27 steerMode=-1691/958 iSteer=-164207 driveMode=8594/10636 iDrive=214244 scale=0 wheel=25000
2026-07-07T15:06:10.550+00:00 VCP run=1 step=0 angle=315703 target=315352 err=-351 steer=0 m1=154/8594 i1=249 t1=28 m2=-164/-8594 i2=-202 t2=27 steerMode=0/-1159 iSteer=23547 driveMode=8594/9253 iDrive=225739 scale=0 wheel=25000
2026-07-07T15:06:10.567+00:00 CAN id=101 dlc=8 data=d8cf0400a8610000
2026-07-07T15:06:10.587+00:00 CAN id=101 dlc=8 data=d8cf0400a8610000
2026-07-07T15:06:10.608+00:00 CAN id=101 dlc=8 data=d8cf0400a8610000
2026-07-07T15:06:10.628+00:00 CAN id=101 dlc=8 data=d8cf0400a8610000
2026-07-07T15:06:10.647+00:00 CAN id=101 dlc=8 data=d8cf0400a8610000
2026-07-07T15:06:10.654+00:00 VCP SET_TARGET_RX steer=315352 wheel=25000
2026-07-07T15:06:10.654+00:00 VCP run=1 step=0 angle=315967 target=315352 err=-615 steer=-307 m1=156/6903 i1=112 t1=28 m2=-178/-10284 i2=-335 t2=27 steerMode=-1691/-215 iSteer=-111208 driveMode=8594/9372 iDrive=223518 scale=0 wheel=25000
2026-07-07T15:06:10.667+00:00 CAN id=101 dlc=8 data=d8cf0400a8610000
2026-07-07T15:06:10.687+00:00 CAN id=101 dlc=8 data=d8cf0400a8610000
2026-07-07T15:06:10.708+00:00 CAN id=101 dlc=8 data=d8cf0400a8610000
2026-07-07T15:06:10.728+00:00 CAN id=101 dlc=8 data=d8cf0400a8610000
2026-07-07T15:06:10.748+00:00 CAN id=101 dlc=8 data=d8cf0400a8610000
2026-07-07T15:06:10.760+00:00 VCP run=1 step=0 angle=315439 target=315352 err=-87 steer=0 m1=253/8594 i1=178 t1=28 m2=-206/-8594 i2=-231 t2=27 steerMode=0/-176 iSteer=-26529 driveMode=8594/10955 iDrive=204511 scale=0 wheel=25000
2026-07-07T15:06:10.767+00:00 CAN id=101 dlc=8 data=d8cf0400a8610000
2026-07-07T15:06:10.787+00:00 CAN id=101 dlc=8 data=d8cf0400a8610000
2026-07-07T15:06:10.808+00:00 CAN id=101 dlc=8 data=d8cf0400a8610000
2026-07-07T15:06:10.828+00:00 CAN id=101 dlc=8 data=d8cf0400a8610000
2026-07-07T15:06:10.848+00:00 CAN id=101 dlc=8 data=d8cf0400a8610000
2026-07-07T15:06:10.865+00:00 VCP run=1 step=0 angle=315527 target=315352 err=-175 steer=0 m1=244/8594 i1=171 t1=28 m2=-250/-8594 i2=-221 t2=27 steerMode=0/-216 iSteer=-24969 driveMode=8594/11351 iDrive=195986 scale=0 wheel=25000
2026-07-07T15:06:10.867+00:00 CAN id=101 dlc=8 data=d8cf0400a8610000
2026-07-07T15:06:10.888+00:00 CAN id=101 dlc=8 data=d8cf0400a8610000
2026-07-07T15:06:10.908+00:00 CAN id=101 dlc=8 data=d8cf0400a8610000
2026-07-07T15:06:10.928+00:00 CAN id=101 dlc=8 data=d8cf0400a8610000
2026-07-07T15:06:10.948+00:00 CAN id=101 dlc=8 data=d8cf0400a8610000
2026-07-07T15:06:10.967+00:00 CAN id=101 dlc=8 data=d8cf0400a8610000
2026-07-07T15:06:10.988+00:00 CAN id=101 dlc=8 data=d8cf0400a8610000
2026-07-07T15:06:11.008+00:00 CAN id=101 dlc=8 data=d8cf0400a8610000
2026-07-07T15:06:11.028+00:00 CAN id=101 dlc=8 data=d8cf0400a8610000
2026-07-07T15:06:11.048+00:00 CAN id=101 dlc=8 data=d8cf0400a8610000
2026-07-07T15:06:11.050+00:00 VCP run=1 step=0 angle=315439 target=315352 err=-87 steer=0 m1=196/8594 i1=131 t1=28 m2=-155/-8594 i2=-246 t2=27 steerMode=0/436 iSteer=-57453 driveMode=8594/11562 iDrive=188078 scale=0 wheel=25000
2026-07-07T15:06:11.050+00:00 VCP run=1 step=0 angle=315439 target=315352 err=-87 steer=0 m1=228/8594 i1=171 t1=28 m2=-218/-8594 i2=-177 t2=27 steerMode=0/-647 iSteer=-2990 driveMode=8594/12349 iDrive=174465 scale=0 wheel=25000
2026-07-07T15:06:11.067+00:00 CAN id=101 dlc=8 data=d8cf0400a8610000
2026-07-07T15:06:11.087+00:00 CAN id=101 dlc=8 data=d8cf0400a8610000
2026-07-07T15:06:11.108+00:00 CAN id=101 dlc=8 data=d8cf0400a8610000
2026-07-07T15:06:11.127+00:00 CAN id=101 dlc=8 data=d8cf0400a8610000
2026-07-07T15:06:11.147+00:00 CAN id=101 dlc=8 data=d8cf0400a8610000
2026-07-07T15:06:11.155+00:00 VCP SET_TARGET_RX steer=315352 wheel=25000
2026-07-07T15:06:11.155+00:00 VCP run=1 step=0 angle=315352 target=315352 err=0 steer=0 m1=242/8594 i1=143 t1=28 m2=-245/-8594 i2=-191 t2=27 steerMode=0/-199 iSteer=-24092 driveMode=8594/12377 iDrive=167072 scale=0 wheel=25000
2026-07-07T15:06:11.167+00:00 CAN id=101 dlc=8 data=d8cf0400a8610000
2026-07-07T15:06:11.188+00:00 CAN id=101 dlc=8 data=d8cf0400a8610000
2026-07-07T15:06:11.208+00:00 CAN id=101 dlc=8 data=d8cf0400a8610000
2026-07-07T15:06:11.228+00:00 CAN id=101 dlc=8 data=d8cf0400a8610000
2026-07-07T15:06:11.247+00:00 CAN id=101 dlc=8 data=d8cf0400a8610000
2026-07-07T15:06:11.260+00:00 VCP run=1 step=0 angle=315352 target=315352 err=0 steer=0 m1=188/8594 i1=145 t1=28 m2=-187/-8594 i2=-194 t2=27 steerMode=0/-195 iSteer=-24450 driveMode=8594/11612 iDrive=169816 scale=0 wheel=25000
2026-07-07T15:06:11.267+00:00 CAN id=101 dlc=8 data=d8cf0400a8610000
2026-07-07T15:06:11.287+00:00 CAN id=101 dlc=8 data=d8cf0400a8610000
2026-07-07T15:06:11.308+00:00 CAN id=101 dlc=8 data=d8cf0400a8610000
2026-07-07T15:06:11.328+00:00 CAN id=101 dlc=8 data=d8cf0400a8610000
2026-07-07T15:06:11.348+00:00 CAN id=101 dlc=8 data=d8cf0400a8610000
2026-07-07T15:06:11.365+00:00 VCP run=1 step=0 angle=315000 target=315352 err=352 steer=0 m1=207/8594 i1=155 t1=28 m2=-191/-8594 i2=-183 t2=27 steerMode=0/-378 iSteer=-14035 driveMode=8594/11732 iDrive=168621 scale=0 wheel=25000
2026-07-07T15:06:11.367+00:00 CAN id=101 dlc=8 data=d8cf0400a8610000
2026-07-07T15:06:11.388+00:00 CAN id=101 dlc=8 data=d8cf0400a8610000
2026-07-07T15:06:11.408+00:00 CAN id=101 dlc=8 data=d8cf0400a8610000
2026-07-07T15:06:11.428+00:00 CAN id=101 dlc=8 data=d8cf0400a8610000
2026-07-07T15:06:11.448+00:00 CAN id=101 dlc=8 data=d8cf0400a8610000
2026-07-07T15:06:11.467+00:00 CAN id=101 dlc=8 data=d8cf0400a8610000
2026-07-07T15:06:11.487+00:00 CAN id=101 dlc=8 data=d8cf0400a8610000
2026-07-07T15:06:11.507+00:00 CAN id=101 dlc=8 data=d8cf0400a8610000
2026-07-07T15:06:11.528+00:00 CAN id=101 dlc=8 data=d8cf0400a8610000
2026-07-07T15:06:11.548+00:00 CAN id=101 dlc=8 data=d8cf0400a8610000
2026-07-07T15:06:11.550+00:00 VCP run=1 step=0 angle=315000 target=315352 err=352 steer=0 m1=223/8594 i1=154 t1=28 m2=-289/-8594 i2=-168 t2=27 steerMode=0/-501 iSteer=-6861 driveMode=8594/12474 iDrive=161199 scale=0 wheel=25000
2026-07-07T15:06:11.550+00:00 VCP run=1 step=0 angle=315000 target=315352 err=352 steer=0 m1=213/8594 i1=144 t1=28 m2=-275/-8594 i2=-167 t2=27 steerMode=0/-384 iSteer=-11438 driveMode=8594/13010 iDrive=155833 scale=0 wheel=25000
2026-07-07T15:06:11.567+00:00 CAN id=101 dlc=8 data=d8cf0400a8610000
2026-07-07T15:06:11.587+00:00 CAN id=101 dlc=8 data=d8cf0400a8610000
2026-07-07T15:06:11.608+00:00 CAN id=101 dlc=8 data=d8cf0400a8610000
2026-07-07T15:06:11.628+00:00 CAN id=101 dlc=8 data=d8cf0400a8610000
2026-07-07T15:06:11.647+00:00 CAN id=101 dlc=8 data=d8cf0400a8610000
2026-07-07T15:06:11.655+00:00 VCP SET_TARGET_RX steer=315352 wheel=25000
2026-07-07T15:06:11.655+00:00 VCP run=1 step=0 angle=314824 target=315352 err=528 steer=264 m1=292/10045 i1=159 t1=28 m2=-185/-7142 i2=-155 t2=27 steerMode=1451/851 iSteer=1792 driveMode=8594/12866 iDrive=157276 scale=0 wheel=25000
2026-07-07T15:06:11.667+00:00 CAN id=101 dlc=8 data=d8cf0400a8610000
2026-07-07T15:06:11.687+00:00 CAN id=101 dlc=8 data=d8cf0400a8610000
2026-07-07T15:06:11.707+00:00 CAN id=101 dlc=8 data=d8cf0400a8610000
2026-07-07T15:06:11.728+00:00 CAN id=101 dlc=8 data=d8cf0400a8610000
2026-07-07T15:06:11.747+00:00 CAN id=101 dlc=8 data=d8cf0400a8610000
2026-07-07T15:06:11.760+00:00 VCP run=1 step=0 angle=315088 target=315352 err=264 steer=0 m1=265/8594 i1=84 t1=28 m2=-270/-8594 i2=-223 t2=27 steerMode=0/825 iSteer=-69423 driveMode=8594/13227 iDrive=153667 scale=0 wheel=25000
2026-07-07T15:06:11.767+00:00 CAN id=101 dlc=8 data=d8cf0400a8610000
2026-07-07T15:06:11.787+00:00 CAN id=101 dlc=8 data=d8cf0400a8610000
2026-07-07T15:06:11.807+00:00 CAN id=101 dlc=8 data=d8cf0400a8610000
2026-07-07T15:06:11.827+00:00 CAN id=101 dlc=8 data=d8cf0400a8610000
2026-07-07T15:06:11.847+00:00 CAN id=101 dlc=8 data=d8cf0400a8610000
2026-07-07T15:06:11.866+00:00 VCP run=1 step=0 angle=314912 target=315352 err=440 steer=0 m1=249/8594 i1=159 t1=28 m2=-304/-8594 i2=-157 t2=27 steerMode=0/-570 iSteer=800 driveMode=8594/12823 iDrive=157706 scale=0 wheel=25000
2026-07-07T15:06:11.867+00:00 CAN id=101 dlc=8 data=d8cf0400a8610000
2026-07-07T15:06:11.887+00:00 CAN id=101 dlc=8 data=d8cf0400a8610000
2026-07-07T15:06:11.907+00:00 CAN id=101 dlc=8 data=d8cf0400a8610000
2026-07-07T15:06:11.927+00:00 CAN id=101 dlc=8 data=d8cf0400a8610000
2026-07-07T15:06:11.947+00:00 CAN id=101 dlc=8 data=d8cf0400a8610000
2026-07-07T15:06:11.967+00:00 CAN id=101 dlc=8 data=d8cf0400a8610000
2026-07-07T15:06:11.987+00:00 CAN id=101 dlc=8 data=d8cf0400a8610000
2026-07-07T15:06:12.007+00:00 CAN id=101 dlc=8 data=d8cf0400a8610000
2026-07-07T15:06:12.027+00:00 CAN id=101 dlc=8 data=d8cf0400a8610000
2026-07-07T15:06:12.048+00:00 CAN id=101 dlc=8 data=d8cf0400a8610000
2026-07-07T15:06:12.051+00:00 VCP run=1 step=0 angle=314912 target=315352 err=440 steer=0 m1=230/8594 i1=137 t1=28 m2=-235/-8594 i2=-203 t2=27 steerMode=0/103 iSteer=-32727 driveMode=8594/11601 iDrive=169931 scale=0 wheel=25000
2026-07-07T15:06:12.051+00:00 VCP run=1 step=0 angle=315000 target=315352 err=352 steer=0 m1=215/8594 i1=140 t1=28 m2=-216/-8594 i2=-209 t2=27 steerMode=0/148 iSteer=-34272 driveMode=8594/11147 iDrive=174472 scale=0 wheel=25000
2026-07-07T15:06:12.067+00:00 CAN id=101 dlc=8 data=d8cf0400a8610000
2026-07-07T15:06:12.087+00:00 CAN id=101 dlc=8 data=d8cf0400a8610000
2026-07-07T15:06:12.107+00:00 CAN id=101 dlc=8 data=d8cf0400a8610000
2026-07-07T15:06:12.127+00:00 CAN id=101 dlc=8 data=d8cf0400a8610000
2026-07-07T15:06:12.147+00:00 CAN id=101 dlc=8 data=d8cf0400a8610000
2026-07-07T15:06:12.156+00:00 VCP SET_TARGET_RX steer=315352 wheel=25000
2026-07-07T15:06:12.156+00:00 VCP run=1 step=0 angle=315088 target=315352 err=264 steer=0 m1=182/8594 i1=179 t1=28 m2=-218/-8594 i2=-178 t2=27 steerMode=0/-548 iSteer=377 driveMode=8594/10747 iDrive=178465 scale=0 wheel=25000
2026-07-07T15:06:12.167+00:00 CAN id=101 dlc=8 data=d8cf0400a8610000
2026-07-07T15:06:12.187+00:00 CAN id=101 dlc=8 data=d8cf0400a8610000
2026-07-07T15:06:12.207+00:00 CAN id=101 dlc=8 data=d8cf0400a8610000
2026-07-07T15:06:12.227+00:00 CAN id=101 dlc=8 data=d8cf0400a8610000
2026-07-07T15:06:12.247+00:00 CAN id=101 dlc=8 data=d8cf0400a8610000
2026-07-07T15:06:12.261+00:00 VCP run=1 step=0 angle=315088 target=315352 err=264 steer=0 m1=192/8594 i1=157 t1=28 m2=-252/-8594 i2=-198 t2=27 steerMode=0/-132 iSteer=-20402 driveMode=8594/10831 iDrive=177629 scale=0 wheel=25000
2026-07-07T15:06:12.267+00:00 CAN id=101 dlc=8 data=d8cf0400a8610000
2026-07-07T15:06:12.287+00:00 CAN id=101 dlc=8 data=d8cf0400a8610000
2026-07-07T15:06:12.308+00:00 CAN id=101 dlc=8 data=d8cf0400a8610000
2026-07-07T15:06:12.327+00:00 CAN id=101 dlc=8 data=d8cf0400a8610000
2026-07-07T15:06:12.347+00:00 CAN id=101 dlc=8 data=d8cf0400a8610000
2026-07-07T15:06:12.367+00:00 VCP run=1 step=0 angle=315176 target=315352 err=176 steer=0 m1=198/8594 i1=137 t1=28 m2=-203/-8594 i2=-201 t2=27 steerMode=0/122 iSteer=-31813 driveMode=8594/11665 iDrive=169285 scale=0 wheel=25000
2026-07-07T15:06:12.367+00:00 CAN id=101 dlc=8 data=d8cf0400a8610000
2026-07-07T15:06:12.388+00:00 CAN id=101 dlc=8 data=d8cf0400a8610000
2026-07-07T15:06:12.408+00:00 CAN id=101 dlc=8 data=d8cf0400a8610000
2026-07-07T15:06:12.427+00:00 CAN id=101 dlc=8 data=d8cf0400a8610000
2026-07-07T15:06:12.448+00:00 CAN id=101 dlc=8 data=d8cf0400a8610000
2026-07-07T15:06:12.467+00:00 CAN id=101 dlc=8 data=d8cf0400a8610000
2026-07-07T15:06:12.488+00:00 CAN id=101 dlc=8 data=d8cf0400a8610000
2026-07-07T15:06:12.507+00:00 CAN id=101 dlc=8 data=d8cf0400a8610000
2026-07-07T15:06:12.528+00:00 CAN id=101 dlc=8 data=d8cf0400a8610000
2026-07-07T15:06:12.548+00:00 CAN id=101 dlc=8 data=d8cf0400a8610000
2026-07-07T15:06:12.552+00:00 VCP run=1 step=0 angle=315088 target=315352 err=264 steer=0 m1=171/8594 i1=136 t1=28 m2=-170/-8594 i2=-222 t2=27 steerMode=0/344 iSteer=-42832 driveMode=8594/10690 iDrive=179040 scale=0 wheel=25000
2026-07-07T15:06:12.552+00:00 VCP run=1 step=0 angle=315264 target=315352 err=88 steer=0 m1=184/8594 i1=186 t1=28 m2=-218/-8594 i2=-185 t2=27 steerMode=0/-515 iSteer=100 driveMode=8594/10035 iDrive=185583 scale=0 wheel=25000
2026-07-07T15:06:12.552+00:00 VCP SET_TARGET_RX steer=315352 wheel=25000
2026-07-07T15:06:12.567+00:00 CAN id=101 dlc=8 data=d8cf0400a8610000
2026-07-07T15:06:12.587+00:00 CAN id=101 dlc=8 data=d8cf0400a8610000
2026-07-07T15:06:12.607+00:00 CAN id=101 dlc=8 data=d8cf0400a8610000
2026-07-07T15:06:12.627+00:00 CAN id=101 dlc=8 data=d8cf0400a8610000
2026-07-07T15:06:12.647+00:00 CAN id=101 dlc=8 data=d8cf0400a8610000
2026-07-07T15:06:12.657+00:00 VCP run=1 step=0 angle=315439 target=315352 err=-87 steer=0 m1=190/8594 i1=128 t1=28 m2=-210/-8594 i2=-242 t2=27 steerMode=0/618 iSteer=-56869 driveMode=8594/10074 iDrive=185201 scale=0 wheel=25000
2026-07-07T15:06:12.667+00:00 CAN id=101 dlc=8 data=d8cf0400a8610000
2026-07-07T15:06:12.687+00:00 CAN id=101 dlc=8 data=d8cf0400a8610000
2026-07-07T15:06:12.707+00:00 CAN id=101 dlc=8 data=d8cf0400a8610000
2026-07-07T15:06:12.728+00:00 CAN id=101 dlc=8 data=d8cf0400a8610000
2026-07-07T15:06:12.747+00:00 CAN id=101 dlc=8 data=d8cf0400a8610000
2026-07-07T15:06:12.762+00:00 VCP run=1 step=0 angle=315352 target=315352 err=0 steer=0 m1=186/8594 i1=133 t1=28 m2=-145/-8594 i2=-227 t2=27 steerMode=0/429 iSteer=-46990 driveMode=8594/10559 iDrive=180348 scale=0 wheel=25000
2026-07-07T15:06:12.767+00:00 CAN id=101 dlc=8 data=d8cf0400a8610000
2026-07-07T15:06:12.787+00:00 CAN id=101 dlc=8 data=d8cf0400a8610000
2026-07-07T15:06:12.808+00:00 CAN id=101 dlc=8 data=d8cf0400a8610000
2026-07-07T15:06:12.828+00:00 CAN id=101 dlc=8 data=d8cf0400a8610000
2026-07-07T15:06:12.848+00:00 CAN id=101 dlc=8 data=d8cf0400a8610000
2026-07-07T15:06:12.867+00:00 CAN id=101 dlc=8 data=d8cf0400a8610000
2026-07-07T15:06:12.888+00:00 CAN id=101 dlc=8 data=d8cf0400a8610000
2026-07-07T15:06:12.908+00:00 CAN id=101 dlc=8 data=d8cf0400a8610000
2026-07-07T15:06:12.928+00:00 CAN id=101 dlc=8 data=d8cf0400a8610000
2026-07-07T15:06:12.947+00:00 CAN id=101 dlc=8 data=d8cf0400a8610000
2026-07-07T15:06:12.951+00:00 VCP run=1 step=0 angle=315439 target=315352 err=-87 steer=0 m1=211/8594 i1=148 t1=28 m2=-218/-8594 i2=-225 t2=27 steerMode=0/237 iSteer=-38348 driveMode=8594/9962 iDrive=186317 scale=0 wheel=25000
2026-07-07T15:06:12.951+00:00 VCP run=1 step=0 angle=315791 target=315352 err=-439 steer=0 m1=154/8594 i1=127 t1=28 m2=-109/-8594 i2=-272 t2=27 steerMode=0/882 iSteer=-72154 driveMode=8594/8643 iDrive=199509 scale=0 wheel=25000
2026-07-07T15:06:12.967+00:00 CAN id=101 dlc=8 data=d8cf0400a8610000
2026-07-07T15:06:12.988+00:00 CAN id=101 dlc=8 data=d8cf0400a8610000
2026-07-07T15:06:13.008+00:00 CAN id=101 dlc=8 data=d8cf0400a8610000
2026-07-07T15:06:13.027+00:00 CAN id=101 dlc=8 data=d8cf0400a8610000
2026-07-07T15:06:13.047+00:00 CAN id=101 dlc=8 data=d8cf0400a8610000
2026-07-07T15:06:13.052+00:00 VCP run=1 step=0 angle=315879 target=315352 err=-527 steer=-263 m1=144/7145 i1=112 t1=28 m2=-153/-10043 i2=-279 t2=27 steerMode=-1449/-378 iSteer=-83804 driveMode=8594/9050 iDrive=195435 scale=0 wheel=25000
2026-07-07T15:06:13.052+00:00 VCP SET_TARGET_RX steer=315352 wheel=25000
2026-07-07T15:06:13.067+00:00 CAN id=101 dlc=8 data=d8cf0400a8610000
2026-07-07T15:06:13.087+00:00 CAN id=101 dlc=8 data=d8cf0400a8610000
2026-07-07T15:06:13.107+00:00 CAN id=101 dlc=8 data=d8cf0400a8610000
2026-07-07T15:06:13.127+00:00 CAN id=101 dlc=8 data=d8cf0400a8610000
2026-07-07T15:06:13.147+00:00 CAN id=101 dlc=8 data=d8cf0400a8610000
2026-07-07T15:06:13.157+00:00 VCP run=1 step=0 angle=315703 target=315352 err=-351 steer=0 m1=167/8594 i1=149 t1=28 m2=-191/-8594 i2=-240 t2=27 steerMode=0/322 iSteer=-45723 driveMode=8594/9144 iDrive=194494 scale=0 wheel=25000
2026-07-07T15:06:13.167+00:00 CAN id=101 dlc=8 data=d8cf0400a8610000
2026-07-07T15:06:13.187+00:00 CAN id=101 dlc=8 data=d8cf0400a8610000
2026-07-07T15:06:13.207+00:00 CAN id=101 dlc=8 data=d8cf0400a8610000
2026-07-07T15:06:13.227+00:00 CAN id=101 dlc=8 data=d8cf0400a8610000
2026-07-07T15:06:13.247+00:00 CAN id=101 dlc=8 data=d8cf0400a8610000
2026-07-07T15:06:13.262+00:00 VCP run=1 step=0 angle=315967 target=315352 err=-615 steer=-307 m1=131/6903 i1=77 t1=28 m2=-172/-10284 i2=-338 t2=27 steerMode=-1691/238 iSteer=-130378 driveMode=8594/7918 iDrive=207123 scale=0 wheel=25000
2026-07-07T15:06:13.267+00:00 CAN id=101 dlc=8 data=d8cf0400a8610000
2026-07-07T15:06:13.287+00:00 CAN id=101 dlc=8 data=d8cf0400a8610000
2026-07-07T15:06:13.307+00:00 CAN id=101 dlc=8 data=d8cf0400a8610000
2026-07-07T15:06:13.327+00:00 CAN id=101 dlc=8 data=d8cf0400a8610000
2026-07-07T15:06:13.348+00:00 CAN id=101 dlc=8 data=d8cf0400a8610000
2026-07-07T15:06:13.367+00:00 VCP run=1 step=0 angle=315703 target=315352 err=-351 steer=0 m1=152/8594 i1=157 t1=28 m2=-162/-8594 i2=-279 t2=27 steerMode=0/526 iSteer=-60816 driveMode=8594/7067 iDrive=217736 scale=0 wheel=25000
2026-07-07T15:06:13.367+00:00 CAN id=101 dlc=8 data=d8cf0400a8610000
2026-07-07T15:06:13.387+00:00 CAN id=101 dlc=8 data=d8cf0400a8610000
2026-07-07T15:06:13.407+00:00 CAN id=101 dlc=8 data=d8cf0400a8610000
2026-07-07T15:06:13.427+00:00 CAN id=101 dlc=8 data=d8cf0400a8610000
2026-07-07T15:06:13.447+00:00 CAN id=101 dlc=8 data=d8cf0400a8610000
2026-07-07T15:06:13.467+00:00 CAN id=101 dlc=8 data=d8cf0400a8610000
2026-07-07T15:06:13.487+00:00 CAN id=101 dlc=8 data=d8cf0400a8610000
2026-07-07T15:06:13.507+00:00 CAN id=101 dlc=8 data=d8cf0400a8610000
2026-07-07T15:06:13.527+00:00 CAN id=101 dlc=8 data=d8cf0400a8610000
2026-07-07T15:06:13.547+00:00 CAN id=101 dlc=8 data=d8cf0400a8610000
2026-07-07T15:06:13.552+00:00 VCP run=1 step=0 angle=315791 target=315352 err=-439 steer=0 m1=148/8594 i1=176 t1=28 m2=-195/-8594 i2=-229 t2=27 steerMode=0/-170 iSteer=-26312 driveMode=8594/8707 iDrive=202293 scale=0 wheel=25000
2026-07-07T15:06:13.552+00:00 VCP run=1 step=0 angle=315879 target=315352 err=-527 steer=-263 m1=125/7145 i1=110 t1=28 m2=-212/-10043 i2=-302 t2=27 steerMode=-1449/-274 iSteer=-96248 driveMode=8594/8375 iDrive=205785 scale=0 wheel=25000
2026-07-07T15:06:13.552+00:00 VCP SET_TARGET_RX steer=315352 wheel=25000
2026-07-07T15:06:13.567+00:00 CAN id=101 dlc=8 data=d8cf0400a8610000
2026-07-07T15:06:13.587+00:00 CAN id=101 dlc=8 data=d8cf0400a8610000
2026-07-07T15:06:13.607+00:00 CAN id=101 dlc=8 data=d8cf0400a8610000
2026-07-07T15:06:13.627+00:00 CAN id=101 dlc=8 data=d8cf0400a8610000
2026-07-07T15:06:13.647+00:00 CAN id=101 dlc=8 data=d8cf0400a8610000
2026-07-07T15:06:13.656+00:00 VCP run=1 step=0 angle=315615 target=315352 err=-263 steer=0 m1=230/8594 i1=158 t1=28 m2=-139/-8594 i2=-234 t2=27 steerMode=0/45 iSteer=-38066 driveMode=8594/9308 iDrive=195608 scale=0 wheel=25000
2026-07-07T15:06:13.667+00:00 CAN id=101 dlc=8 data=d8cf0400a8610000
2026-07-07T15:06:13.687+00:00 CAN id=101 dlc=8 data=d8cf0400a8610000
2026-07-07T15:06:13.707+00:00 CAN id=101 dlc=8 data=d8cf0400a8610000
2026-07-07T15:06:13.727+00:00 CAN id=101 dlc=8 data=d8cf0400a8610000
2026-07-07T15:06:13.747+00:00 CAN id=101 dlc=8 data=d8cf0400a8610000
2026-07-07T15:06:13.762+00:00 VCP run=1 step=0 angle=315703 target=315352 err=-351 steer=0 m1=138/8594 i1=160 t1=28 m2=-172/-8594 i2=-241 t2=27 steerMode=0/53 iSteer=-40349 driveMode=8594/8743 iDrive=200784 scale=0 wheel=25000
2026-07-07T15:06:13.767+00:00 CAN id=101 dlc=8 data=d8cf0400a8610000
2026-07-07T15:06:13.787+00:00 CAN id=101 dlc=8 data=d8cf0400a8610000
2026-07-07T15:06:13.807+00:00 CAN id=101 dlc=8 data=d8cf0400a8610000
2026-07-07T15:06:13.827+00:00 CAN id=101 dlc=8 data=d8cf0400a8610000
2026-07-07T15:06:13.847+00:00 CAN id=101 dlc=8 data=d8cf0400a8610000
2026-07-07T15:06:13.867+00:00 VCP run=1 step=0 angle=315791 target=315352 err=-439 steer=0 m1=133/8594 i1=130 t1=28 m2=-101/-8594 i2=-294 t2=27 steerMode=0/864 iSteer=-81558 driveMode=8594/7700 iDrive=211944 scale=0 wheel=25000
2026-07-07T15:06:13.867+00:00 CAN id=101 dlc=8 data=d8cf0400a8610000
2026-07-07T15:06:13.887+00:00 CAN id=101 dlc=8 data=d8cf0400a8610000
2026-07-07T15:06:13.907+00:00 CAN id=101 dlc=8 data=d8cf0400a8610000
2026-07-07T15:06:13.927+00:00 CAN id=101 dlc=8 data=d8cf0400a8610000
2026-07-07T15:06:13.947+00:00 CAN id=101 dlc=8 data=d8cf0400a8610000
2026-07-07T15:06:13.967+00:00 CAN id=101 dlc=8 data=d8cf0400a8610000
2026-07-07T15:06:13.987+00:00 CAN id=101 dlc=8 data=d8cf0400a8610000
2026-07-07T15:06:14.007+00:00 CAN id=101 dlc=8 data=d8cf0400a8610000
2026-07-07T15:06:14.027+00:00 CAN id=101 dlc=8 data=d8cf0400a8610000
2026-07-07T15:06:14.047+00:00 CAN id=101 dlc=8 data=d8cf0400a8610000
2026-07-07T15:06:14.052+00:00 VCP run=1 step=0 angle=315703 target=315352 err=-351 steer=0 m1=131/8594 i1=245 t1=28 m2=-137/-8594 i2=-170 t2=27 steerMode=0/-1542 iSteer=37874 driveMode=8594/8279 iDrive=207515 scale=0 wheel=25000
2026-07-07T15:06:14.053+00:00 VCP run=1 step=0 angle=315703 target=315352 err=-351 steer=0 m1=173/8594 i1=121 t1=28 m2=-149/-8594 i2=-292 t2=27 steerMode=0/913 iSteer=-85146 driveMode=8594/8403 iDrive=206413 scale=0 wheel=25000
2026-07-07T15:06:14.053+00:00 VCP SET_TARGET_RX steer=315352 wheel=25000
2026-07-07T15:06:14.067+00:00 CAN id=101 dlc=8 data=d8cf0400a8610000
2026-07-07T15:06:14.087+00:00 CAN id=101 dlc=8 data=d8cf0400a8610000
2026-07-07T15:06:14.107+00:00 CAN id=101 dlc=8 data=d8cf0400a8610000
2026-07-07T15:06:14.127+00:00 CAN id=101 dlc=8 data=d8cf0400a8610000
2026-07-07T15:06:14.147+00:00 CAN id=101 dlc=8 data=d8cf0400a8610000
2026-07-07T15:06:14.157+00:00 VCP run=1 step=0 angle=315791 target=315352 err=-439 steer=0 m1=144/8594 i1=190 t1=28 m2=-185/-8594 i2=-218 t2=27 steerMode=0/-513 iSteer=-13644 driveMode=8594/8701 iDrive=203971 scale=0 wheel=25000
2026-07-07T15:06:14.167+00:00 CAN id=101 dlc=8 data=d8cf0400a8610000
2026-07-07T15:06:14.187+00:00 CAN id=101 dlc=8 data=d8cf0400a8610000
2026-07-07T15:06:14.208+00:00 CAN id=101 dlc=8 data=d8cf0400a8610000
2026-07-07T15:06:14.227+00:00 CAN id=101 dlc=8 data=d8cf0400a8610000
2026-07-07T15:06:14.247+00:00 CAN id=101 dlc=8 data=d8cf0400a8610000
2026-07-07T15:06:14.261+00:00 VCP run=1 step=0 angle=315879 target=315352 err=-527 steer=-263 m1=106/7145 i1=145 t1=28 m2=-128/-10043 i2=-289 t2=27 steerMode=-1449/-835 iSteer=-72020 driveMode=8594/7531 iDrive=216770 scale=0 wheel=25000
2026-07-07T15:06:14.267+00:00 CAN id=101 dlc=8 data=d8cf0400a8610000
2026-07-07T15:06:14.287+00:00 CAN id=101 dlc=8 data=d8cf0400a8610000
2026-07-07T15:06:14.307+00:00 CAN id=101 dlc=8 data=d8cf0400a8610000
2026-07-07T15:06:14.327+00:00 CAN id=101 dlc=8 data=d8cf0400a8610000
2026-07-07T15:06:14.347+00:00 CAN id=101 dlc=8 data=d8cf0400a8610000
2026-07-07T15:06:14.367+00:00 VCP run=1 step=0 angle=315527 target=315352 err=-175 steer=0 m1=196/8594 i1=171 t1=28 m2=-128/-8594 i2=-231 t2=27 steerMode=0/-170 iSteer=-29977 driveMode=8594/9191 iDrive=200678 scale=0 wheel=25000
2026-07-07T15:06:14.367+00:00 CAN id=101 dlc=8 data=d8cf0400a8610000
2026-07-07T15:06:14.387+00:00 CAN id=101 dlc=8 data=d8cf0400a8610000
2026-07-07T15:06:14.407+00:00 CAN id=101 dlc=8 data=d8cf0400a8610000
2026-07-07T15:06:14.427+00:00 CAN id=101 dlc=8 data=d8cf0400a8610000
2026-07-07T15:06:14.447+00:00 CAN id=101 dlc=8 data=d8cf0400a8610000
2026-07-07T15:06:14.467+00:00 CAN id=101 dlc=8 data=d8cf0400a8610000
2026-07-07T15:06:14.488+00:00 CAN id=101 dlc=8 data=d8cf0400a8610000
2026-07-07T15:06:14.507+00:00 CAN id=101 dlc=8 data=d8cf0400a8610000
2026-07-07T15:06:14.527+00:00 CAN id=101 dlc=8 data=d8cf0400a8610000
2026-07-07T15:06:14.547+00:00 BENCH disable sent
2026-07-07T15:06:14.547+00:00 CAN id=121 dlc=2 data=0100
2026-07-07T15:06:14.548+00:00 CAN id=121 dlc=2 data=0100
2026-07-07T15:06:14.552+00:00 VCP run=1 step=0 angle=315527 target=315352 err=-175 steer=0 m1=138/8594 i1=172 t1=28 m2=-258/-8594 i2=-230 t2=27 steerMode=0/-207 iSteer=-29373 driveMode=8594/9108 iDrive=200902 scale=0 wheel=25000
2026-07-07T15:06:14.552+00:00 VCP run=1 step=0 angle=315527 target=315352 err=-175 steer=0 m1=156/8594 i1=160 t1=28 m2=-130/-8594 i2=-238 t2=27 steerMode=0/6 iSteer=-38736 driveMode=8594/9158 iDrive=198914 scale=0 wheel=25000
2026-07-07T15:06:14.552+00:00 VCP UNIT_CTRL enable=0
2026-07-07T15:06:14.552+00:00 VCP UNIT_CTRL enable=0
2026-07-07T15:06:14.753+00:00 VCP STOP: disabled
2026-07-07T15:06:14.954+00:00 BENCH log closed
