2026-07-07T15:04:28.650+00:00 BENCH log opened: firmware/logs/baked-clamp250v2-rpm25.log
2026-07-07T15:04:28.650+00:00 BENCH run: steer=315.352deg (315352mdeg) wheel=25.0rpm (25000milli-rpm) rate=50.0Hz duration=10.0s
2026-07-07T15:04:28.650+00:00 BENCH enable sent
2026-07-07T15:04:28.650+00:00 CAN id=121 dlc=2 data=0101
2026-07-07T15:04:28.650+00:00 CAN id=101 dlc=8 data=d8cf0400a8610000
2026-07-07T15:04:28.671+00:00 CAN id=101 dlc=8 data=d8cf0400a8610000
2026-07-07T15:04:28.675+00:00 VCP _TARGET_RX steer=315352 wheel=25000
2026-07-07T15:04:28.675+00:00 VCP START_CAN: angle=315791 target=315352 wheelTarget=25000
2026-07-07T15:04:28.691+00:00 CAN id=101 dlc=8 data=d8cf0400a8610000
2026-07-07T15:04:28.711+00:00 CAN id=101 dlc=8 data=d8cf0400a8610000
2026-07-07T15:04:28.731+00:00 CAN id=101 dlc=8 data=d8cf0400a8610000
2026-07-07T15:04:28.751+00:00 CAN id=101 dlc=8 data=d8cf0400a8610000
2026-07-07T15:04:28.771+00:00 CAN id=101 dlc=8 data=d8cf0400a8610000
2026-07-07T15:04:28.791+00:00 CAN id=101 dlc=8 data=d8cf0400a8610000
2026-07-07T15:04:28.811+00:00 CAN id=101 dlc=8 data=d8cf0400a8610000
2026-07-07T15:04:28.831+00:00 CAN id=101 dlc=8 data=d8cf0400a8610000
2026-07-07T15:04:28.851+00:00 CAN id=101 dlc=8 data=d8cf0400a8610000
2026-07-07T15:04:28.861+00:00 VCP run=1 step=0 angle=315791 target=315352 err=-439 steer=0 m1=0/344 i1=3 t1=28 m2=0/-344 i2=-3 t2=27 steerMode=0/0 iSteer=0 driveMode=344/0 iDrive=3472 scale=0 wheel=1000
2026-07-07T15:04:28.861+00:00 VCP run=1 step=0 angle=315791 target=315352 err=-439 steer=0 m1=0/6531 i1=72 t1=28 m2=-3/-6531 i2=-70 t2=27 steerMode=0/-21 iSteer=1046 driveMode=6531/21 iDrive=71444 scale=0 wheel=19000
2026-07-07T15:04:28.871+00:00 CAN id=101 dlc=8 data=d8cf0400a8610000
2026-07-07T15:04:28.891+00:00 CAN id=101 dlc=8 data=d8cf0400a8610000
2026-07-07T15:04:28.911+00:00 CAN id=101 dlc=8 data=d8cf0400a8610000
2026-07-07T15:04:28.931+00:00 CAN id=101 dlc=8 data=d8cf0400a8610000
2026-07-07T15:04:28.951+00:00 CAN id=101 dlc=8 data=d8cf0400a8610000
2026-07-07T15:04:28.967+00:00 VCP run=1 step=0 angle=315791 target=315352 err=-439 steer=0 m1=0/8594 i1=108 t1=28 m2=0/-8594 i2=-108 t2=27 steerMode=0/-5 iSteer=329 driveMode=8594/5 iDrive=107968 scale=0 wheel=25000
2026-07-07T15:04:28.971+00:00 CAN id=101 dlc=8 data=d8cf0400a8610000
2026-07-07T15:04:28.991+00:00 CAN id=101 dlc=8 data=d8cf0400a8610000
2026-07-07T15:04:29.011+00:00 CAN id=101 dlc=8 data=d8cf0400a8610000
2026-07-07T15:04:29.031+00:00 CAN id=101 dlc=8 data=d8cf0400a8610000
2026-07-07T15:04:29.051+00:00 CAN id=101 dlc=8 data=d8cf0400a8610000
2026-07-07T15:04:29.071+00:00 CAN id=101 dlc=8 data=d8cf0400a8610000
2026-07-07T15:04:29.091+00:00 CAN id=101 dlc=8 data=d8cf0400a8610000
2026-07-07T15:04:29.111+00:00 CAN id=101 dlc=8 data=d8cf0400a8610000
2026-07-07T15:04:29.131+00:00 CAN id=101 dlc=8 data=d8cf0400a8610000
2026-07-07T15:04:29.151+00:00 CAN id=101 dlc=8 data=d8cf0400a8610000
2026-07-07T15:04:29.153+00:00 VCP run=1 step=0 angle=315791 target=315352 err=-439 steer=0 m1=0/8594 i1=124 t1=28 m2=0/-8594 i2=-124 t2=27 steerMode=0/0 iSteer=81 driveMode=8594/0 iDrive=124346 scale=0 wheel=25000
2026-07-07T15:04:29.153+00:00 VCP run=1 step=0 angle=315791 target=315352 err=-439 steer=0 m1=0/8594 i1=141 t1=28 m2=0/-8594 i2=-140 t2=27 steerMode=0/-2 iSteer=184 driveMode=8594/2 iDrive=140640 scale=0 wheel=25000
2026-07-07T15:04:29.171+00:00 CAN id=101 dlc=8 data=d8cf0400a8610000
2026-07-07T15:04:29.191+00:00 CAN id=101 dlc=8 data=d8cf0400a8610000
2026-07-07T15:04:29.211+00:00 CAN id=101 dlc=8 data=d8cf0400a8610000
2026-07-07T15:04:29.231+00:00 CAN id=101 dlc=8 data=d8cf0400a8610000
2026-07-07T15:04:29.251+00:00 CAN id=101 dlc=8 data=d8cf0400a8610000
2026-07-07T15:04:29.261+00:00 VCP SET_TARGET_RX steer=315352 wheel=25000
2026-07-07T15:04:29.261+00:00 VCP run=1 step=0 angle=315791 target=315352 err=-439 steer=0 m1=0/8594 i1=157 t1=28 m2=0/-8594 i2=-157 t2=27 steerMode=0/0 iSteer=110 driveMode=8594/0 iDrive=156982 scale=0 wheel=25000
2026-07-07T15:04:29.271+00:00 CAN id=101 dlc=8 data=d8cf0400a8610000
2026-07-07T15:04:29.291+00:00 CAN id=101 dlc=8 data=d8cf0400a8610000
2026-07-07T15:04:29.311+00:00 CAN id=101 dlc=8 data=d8cf0400a8610000
2026-07-07T15:04:29.331+00:00 CAN id=101 dlc=8 data=d8cf0400a8610000
2026-07-07T15:04:29.351+00:00 CAN id=101 dlc=8 data=d8cf0400a8610000
2026-07-07T15:04:29.367+00:00 VCP run=1 step=0 angle=315791 target=315352 err=-439 steer=0 m1=0/8594 i1=174 t1=28 m2=0/-8594 i2=-173 t2=27 steerMode=0/-4 iSteer=303 driveMode=8594/-4 iDrive=173350 scale=0 wheel=25000
2026-07-07T15:04:29.371+00:00 CAN id=101 dlc=8 data=d8cf0400a8610000
2026-07-07T15:04:29.391+00:00 CAN id=101 dlc=8 data=d8cf0400a8610000
2026-07-07T15:04:29.411+00:00 CAN id=101 dlc=8 data=d8cf0400a8610000
2026-07-07T15:04:29.431+00:00 CAN id=101 dlc=8 data=d8cf0400a8610000
2026-07-07T15:04:29.451+00:00 CAN id=101 dlc=8 data=d8cf0400a8610000
2026-07-07T15:04:29.471+00:00 CAN id=101 dlc=8 data=d8cf0400a8610000
2026-07-07T15:04:29.491+00:00 CAN id=101 dlc=8 data=d8cf0400a8610000
2026-07-07T15:04:29.511+00:00 CAN id=101 dlc=8 data=d8cf0400a8610000
2026-07-07T15:04:29.531+00:00 CAN id=101 dlc=8 data=d8cf0400a8610000
2026-07-07T15:04:29.551+00:00 CAN id=101 dlc=8 data=d8cf0400a8610000
2026-07-07T15:04:29.557+00:00 VCP run=1 step=0 angle=315791 target=315352 err=-439 steer=0 m1=0/8594 i1=190 t1=28 m2=0/-8594 i2=-189 t2=27 steerMode=0/-4 iSteer=330 driveMode=8594/4 iDrive=189416 scale=0 wheel=25000
2026-07-07T15:04:29.557+00:00 VCP run=1 step=0 angle=315791 target=315352 err=-439 steer=0 m1=0/8594 i1=206 t1=28 m2=0/-8594 i2=-206 t2=27 steerMode=0/3 iSteer=-27 driveMode=8594/3 iDrive=205745 scale=0 wheel=25000
2026-07-07T15:04:29.571+00:00 CAN id=101 dlc=8 data=d8cf0400a8610000
2026-07-07T15:04:29.591+00:00 CAN id=101 dlc=8 data=d8cf0400a8610000
2026-07-07T15:04:29.611+00:00 CAN id=101 dlc=8 data=d8cf0400a8610000
2026-07-07T15:04:29.631+00:00 CAN id=101 dlc=8 data=d8cf0400a8610000
2026-07-07T15:04:29.651+00:00 CAN id=101 dlc=8 data=d8cf0400a8610000
2026-07-07T15:04:29.660+00:00 VCP run=1 step=0 angle=315791 target=315352 err=-439 steer=0 m1=0/8594 i1=222 t1=28 m2=0/-8594 i2=-222 t2=27 steerMode=0/-2 iSteer=254 driveMode=8594/2 iDrive=222072 scale=0 wheel=25000
2026-07-07T15:04:29.660+00:00 VCP SET_TARGET_RX steer=315352 wheel=25000
2026-07-07T15:04:29.671+00:00 CAN id=101 dlc=8 data=d8cf0400a8610000
2026-07-07T15:04:29.691+00:00 CAN id=101 dlc=8 data=d8cf0400a8610000
2026-07-07T15:04:29.711+00:00 CAN id=101 dlc=8 data=d8cf0400a8610000
2026-07-07T15:04:29.731+00:00 CAN id=101 dlc=8 data=d8cf0400a8610000
2026-07-07T15:04:29.751+00:00 CAN id=101 dlc=8 data=d8cf0400a8610000
2026-07-07T15:04:29.767+00:00 VCP run=1 step=0 angle=315791 target=315352 err=-439 steer=0 m1=0/8594 i1=239 t1=28 m2=0/-8594 i2=-238 t2=27 steerMode=0/0 iSteer=144 driveMode=8594/0 iDrive=238417 scale=0 wheel=25000
2026-07-07T15:04:29.771+00:00 CAN id=101 dlc=8 data=d8cf0400a8610000
2026-07-07T15:04:29.791+00:00 CAN id=101 dlc=8 data=d8cf0400a8610000
2026-07-07T15:04:29.811+00:00 CAN id=101 dlc=8 data=d8cf0400a8610000
2026-07-07T15:04:29.831+00:00 CAN id=101 dlc=8 data=d8cf0400a8610000
2026-07-07T15:04:29.851+00:00 CAN id=101 dlc=8 data=d8cf0400a8610000
2026-07-07T15:04:29.871+00:00 CAN id=101 dlc=8 data=d8cf0400a8610000
2026-07-07T15:04:29.891+00:00 CAN id=101 dlc=8 data=d8cf0400a8610000
2026-07-07T15:04:29.911+00:00 CAN id=101 dlc=8 data=d8cf0400a8610000
2026-07-07T15:04:29.931+00:00 CAN id=101 dlc=8 data=d8cf0400a8610000
2026-07-07T15:04:29.951+00:00 CAN id=101 dlc=8 data=d8cf0400a8610000
2026-07-07T15:04:29.957+00:00 VCP run=1 step=0 angle=315791 target=315352 err=-439 steer=0 m1=0/8594 i1=255 t1=28 m2=0/-8594 i2=-255 t2=27 steerMode=0/0 iSteer=143 driveMode=8594/0 iDrive=254744 scale=0 wheel=25000
2026-07-07T15:04:29.957+00:00 VCP run=1 step=0 angle=315791 target=315352 err=-439 steer=0 m1=0/8594 i1=271 t1=28 m2=0/-8594 i2=-271 t2=27 steerMode=0/-2 iSteer=229 driveMode=8594/-2 iDrive=271091 scale=0 wheel=25000
2026-07-07T15:04:29.971+00:00 CAN id=101 dlc=8 data=d8cf0400a8610000
2026-07-07T15:04:29.991+00:00 CAN id=101 dlc=8 data=d8cf0400a8610000
2026-07-07T15:04:30.011+00:00 CAN id=101 dlc=8 data=d8cf0400a8610000
2026-07-07T15:04:30.031+00:00 CAN id=101 dlc=8 data=d8cf0400a8610000
2026-07-07T15:04:30.051+00:00 CAN id=101 dlc=8 data=d8cf0400a8610000
2026-07-07T15:04:30.063+00:00 VCP run=1 step=0 angle=315791 target=315352 err=-439 steer=0 m1=2/8594 i1=286 t1=28 m2=0/-8594 i2=-288 t2=27 steerMode=0/28 iSteer=-1237 driveMode=8594/28 iDrive=287121 scale=0 wheel=25000
2026-07-07T15:04:30.071+00:00 CAN id=101 dlc=8 data=d8cf0400a8610000
2026-07-07T15:04:30.091+00:00 CAN id=101 dlc=8 data=d8cf0400a8610000
2026-07-07T15:04:30.111+00:00 CAN id=101 dlc=8 data=d8cf0400a8610000
2026-07-07T15:04:30.131+00:00 CAN id=101 dlc=8 data=d8cf0400a8610000
2026-07-07T15:04:30.151+00:00 CAN id=101 dlc=8 data=d8cf0400a8610000
2026-07-07T15:04:30.166+00:00 VCP run=1 step=0 angle=315791 target=315352 err=-439 steer=0 m1=0/8594 i1=303 t1=28 m2=0/-8594 i2=-303 t2=27 steerMode=0/-6 iSteer=271 driveMode=8594/28 iDrive=303125 scale=0 wheel=25000
2026-07-07T15:04:30.166+00:00 VCP SET_TARGET_RX steer=315352 wheel=25000
2026-07-07T15:04:30.171+00:00 CAN id=101 dlc=8 data=d8cf0400a8610000
2026-07-07T15:04:30.191+00:00 CAN id=101 dlc=8 data=d8cf0400a8610000
2026-07-07T15:04:30.211+00:00 CAN id=101 dlc=8 data=d8cf0400a8610000
2026-07-07T15:04:30.231+00:00 CAN id=101 dlc=8 data=d8cf0400a8610000
2026-07-07T15:04:30.251+00:00 CAN id=101 dlc=8 data=d8cf0400a8610000
2026-07-07T15:04:30.271+00:00 CAN id=101 dlc=8 data=d8cf0400a8610000
2026-07-07T15:04:30.291+00:00 CAN id=101 dlc=8 data=d8cf0400a8610000
2026-07-07T15:04:30.311+00:00 CAN id=101 dlc=8 data=d8cf0400a8610000
2026-07-07T15:04:30.331+00:00 CAN id=101 dlc=8 data=d8cf0400a8610000
2026-07-07T15:04:30.351+00:00 CAN id=101 dlc=8 data=d8cf0400a8610000
2026-07-07T15:04:30.356+00:00 VCP run=1 step=0 angle=315791 target=315352 err=-439 steer=0 m1=0/8594 i1=320 t1=28 m2=0/-8594 i2=-320 t2=27 steerMode=0/0 iSteer=-27 driveMode=8594/0 iDrive=319716 scale=0 wheel=25000
2026-07-07T15:04:30.356+00:00 VCP run=1 step=0 angle=315791 target=315352 err=-439 steer=0 m1=0/8594 i1=336 t1=28 m2=0/-8594 i2=-336 t2=27 steerMode=0/0 iSteer=-30 driveMode=8594/0 iDrive=336047 scale=0 wheel=25000
2026-07-07T15:04:30.371+00:00 CAN id=101 dlc=8 data=d8cf0400a8610000
2026-07-07T15:04:30.391+00:00 CAN id=101 dlc=8 data=d8cf0400a8610000
2026-07-07T15:04:30.411+00:00 CAN id=101 dlc=8 data=d8cf0400a8610000
2026-07-07T15:04:30.431+00:00 CAN id=101 dlc=8 data=d8cf0400a8610000
2026-07-07T15:04:30.451+00:00 CAN id=101 dlc=8 data=d8cf0400a8610000
2026-07-07T15:04:30.462+00:00 VCP run=1 step=0 angle=315791 target=315352 err=-439 steer=0 m1=0/8594 i1=353 t1=28 m2=0/-8594 i2=-351 t2=27 steerMode=0/-29 iSteer=1414 driveMode=8594/29 iDrive=352079 scale=0 wheel=25000
2026-07-07T15:04:30.471+00:00 CAN id=101 dlc=8 data=d8cf0400a8610000
2026-07-07T15:04:30.491+00:00 CAN id=101 dlc=8 data=d8cf0400a8610000
2026-07-07T15:04:30.511+00:00 CAN id=101 dlc=8 data=d8cf0400a8610000
2026-07-07T15:04:30.531+00:00 CAN id=101 dlc=8 data=d8cf0400a8610000
2026-07-07T15:04:30.551+00:00 CAN id=101 dlc=8 data=d8cf0400a8610000
2026-07-07T15:04:30.569+00:00 VCP run=1 step=0 angle=315791 target=315352 err=-439 steer=0 m1=0/8594 i1=369 t1=28 m2=0/-8594 i2=-369 t2=27 steerMode=0/0 iSteer=9 driveMode=8594/0 iDrive=368511 scale=0 wheel=25000
2026-07-07T15:04:30.571+00:00 CAN id=101 dlc=8 data=d8cf0400a8610000
2026-07-07T15:04:30.591+00:00 CAN id=101 dlc=8 data=d8cf0400a8610000
2026-07-07T15:04:30.611+00:00 CAN id=101 dlc=8 data=d8cf0400a8610000
2026-07-07T15:04:30.631+00:00 CAN id=101 dlc=8 data=d8cf0400a8610000
2026-07-07T15:04:30.651+00:00 CAN id=101 dlc=8 data=d8cf0400a8610000
2026-07-07T15:04:30.671+00:00 CAN id=101 dlc=8 data=d8cf0400a8610000
2026-07-07T15:04:30.691+00:00 CAN id=101 dlc=8 data=d8cf0400a8610000
2026-07-07T15:04:30.711+00:00 CAN id=101 dlc=8 data=d8cf0400a8610000
2026-07-07T15:04:30.731+00:00 CAN id=101 dlc=8 data=d8cf0400a8610000
2026-07-07T15:04:30.751+00:00 CAN id=101 dlc=8 data=d8cf0400a8610000
2026-07-07T15:04:30.756+00:00 VCP run=1 step=0 angle=315791 target=315352 err=-439 steer=0 m1=0/8594 i1=385 t1=28 m2=0/-8594 i2=-385 t2=27 steerMode=0/-1 iSteer=61 driveMode=8594/0 iDrive=384837 scale=0 wheel=25000
2026-07-07T15:04:30.756+00:00 VCP SET_TARGET_RX steer=315352 wheel=25000
2026-07-07T15:04:30.756+00:00 VCP run=1 step=0 angle=315791 target=315352 err=-439 steer=0 m1=0/8594 i1=401 t1=28 m2=0/-8594 i2=-401 t2=27 steerMode=0/-8 iSteer=410 driveMode=8594/8 iDrive=401072 scale=0 wheel=25000
2026-07-07T15:04:30.771+00:00 CAN id=101 dlc=8 data=d8cf0400a8610000
2026-07-07T15:04:30.791+00:00 CAN id=101 dlc=8 data=d8cf0400a8610000
2026-07-07T15:04:30.811+00:00 CAN id=101 dlc=8 data=d8cf0400a8610000
2026-07-07T15:04:30.831+00:00 CAN id=101 dlc=8 data=d8cf0400a8610000
2026-07-07T15:04:30.851+00:00 CAN id=101 dlc=8 data=d8cf0400a8610000
2026-07-07T15:04:30.862+00:00 VCP run=1 step=0 angle=315791 target=315352 err=-439 steer=0 m1=0/8594 i1=418 t1=28 m2=0/-8594 i2=-417 t2=27 steerMode=0/-3 iSteer=214 driveMode=8594/-3 iDrive=417513 scale=0 wheel=25000
2026-07-07T15:04:30.871+00:00 CAN id=101 dlc=8 data=d8cf0400a8610000
2026-07-07T15:04:30.891+00:00 CAN id=101 dlc=8 data=d8cf0400a8610000
2026-07-07T15:04:30.911+00:00 CAN id=101 dlc=8 data=d8cf0400a8610000
2026-07-07T15:04:30.931+00:00 CAN id=101 dlc=8 data=d8cf0400a8610000
2026-07-07T15:04:30.951+00:00 CAN id=101 dlc=8 data=d8cf0400a8610000
2026-07-07T15:04:30.968+00:00 VCP run=1 step=0 angle=315791 target=315352 err=-439 steer=0 m1=0/8594 i1=434 t1=28 m2=0/-8594 i2=-434 t2=27 steerMode=0/-1 iSteer=93 driveMode=8594/1 iDrive=433798 scale=0 wheel=25000
2026-07-07T15:04:30.971+00:00 CAN id=101 dlc=8 data=d8cf0400a8610000
2026-07-07T15:04:30.991+00:00 CAN id=101 dlc=8 data=d8cf0400a8610000
2026-07-07T15:04:31.011+00:00 CAN id=101 dlc=8 data=d8cf0400a8610000
2026-07-07T15:04:31.031+00:00 CAN id=101 dlc=8 data=d8cf0400a8610000
2026-07-07T15:04:31.051+00:00 CAN id=101 dlc=8 data=d8cf0400a8610000
2026-07-07T15:04:31.071+00:00 CAN id=101 dlc=8 data=d8cf0400a8610000
2026-07-07T15:04:31.091+00:00 CAN id=101 dlc=8 data=d8cf0400a8610000
2026-07-07T15:04:31.111+00:00 CAN id=101 dlc=8 data=d8cf0400a8610000
2026-07-07T15:04:31.131+00:00 CAN id=101 dlc=8 data=d8cf0400a8610000
2026-07-07T15:04:31.151+00:00 CAN id=101 dlc=8 data=d8cf0400a8610000
2026-07-07T15:04:31.155+00:00 VCP run=1 step=0 angle=315791 target=315352 err=-439 steer=0 m1=0/8594 i1=450 t1=28 m2=0/-8594 i2=-450 t2=27 steerMode=0/-5 iSteer=318 driveMode=8594/5 iDrive=450064 scale=0 wheel=25000
2026-07-07T15:04:31.156+00:00 VCP run=1 step=0 angle=315791 target=315352 err=-439 steer=0 m1=0/8594 i1=466 t1=28 m2=0/-8594 i2=-466 t2=27 steerMode=0/1 iSteer=46 driveMode=8594/1 iDrive=466424 scale=0 wheel=25000
2026-07-07T15:04:31.156+00:00 VCP SET_TARGET_RX steer=315352 wheel=25000
2026-07-07T15:04:31.171+00:00 CAN id=101 dlc=8 data=d8cf0400a8610000
2026-07-07T15:04:31.191+00:00 CAN id=101 dlc=8 data=d8cf0400a8610000
2026-07-07T15:04:31.211+00:00 CAN id=101 dlc=8 data=d8cf0400a8610000
2026-07-07T15:04:31.231+00:00 CAN id=101 dlc=8 data=d8cf0400a8610000
2026-07-07T15:04:31.251+00:00 CAN id=101 dlc=8 data=d8cf0400a8610000
2026-07-07T15:04:31.262+00:00 VCP run=1 step=0 angle=315791 target=315352 err=-439 steer=0 m1=0/8594 i1=483 t1=28 m2=0/-8594 i2=-483 t2=27 steerMode=0/0 iSteer=89 driveMode=8594/0 iDrive=482761 scale=0 wheel=25000
2026-07-07T15:04:31.271+00:00 CAN id=101 dlc=8 data=d8cf0400a8610000
2026-07-07T15:04:31.291+00:00 CAN id=101 dlc=8 data=d8cf0400a8610000
2026-07-07T15:04:31.311+00:00 CAN id=101 dlc=8 data=d8cf0400a8610000
2026-07-07T15:04:31.331+00:00 CAN id=101 dlc=8 data=d8cf0400a8610000
2026-07-07T15:04:31.351+00:00 CAN id=101 dlc=8 data=d8cf0400a8610000
2026-07-07T15:04:31.368+00:00 VCP run=1 step=0 angle=315791 target=315352 err=-439 steer=0 m1=0/8594 i1=499 t1=28 m2=0/-8594 i2=-499 t2=27 steerMode=0/-3 iSteer=266 driveMode=8594/4 iDrive=499027 scale=0 wheel=25000
2026-07-07T15:04:31.371+00:00 CAN id=101 dlc=8 data=d8cf0400a8610000
2026-07-07T15:04:31.391+00:00 CAN id=101 dlc=8 data=d8cf0400a8610000
2026-07-07T15:04:31.411+00:00 CAN id=101 dlc=8 data=d8cf0400a8610000
2026-07-07T15:04:31.431+00:00 CAN id=101 dlc=8 data=d8cf0400a8610000
2026-07-07T15:04:31.451+00:00 CAN id=101 dlc=8 data=d8cf0400a8610000
2026-07-07T15:04:31.471+00:00 CAN id=101 dlc=8 data=d8cf0400a8610000
2026-07-07T15:04:31.491+00:00 CAN id=101 dlc=8 data=d8cf0400a8610000
2026-07-07T15:04:31.511+00:00 CAN id=101 dlc=8 data=d8cf0400a8610000
2026-07-07T15:04:31.531+00:00 CAN id=101 dlc=8 data=d8cf0400a8610000
2026-07-07T15:04:31.551+00:00 CAN id=101 dlc=8 data=d8cf0400a8610000
2026-07-07T15:04:31.558+00:00 VCP run=1 step=0 angle=315791 target=315352 err=-439 steer=0 m1=0/8594 i1=516 t1=28 m2=0/-8594 i2=-515 t2=27 steerMode=0/0 iSteer=117 driveMode=8594/0 iDrive=515396 scale=0 wheel=25000
2026-07-07T15:04:31.558+00:00 VCP run=1 step=0 angle=315791 target=315352 err=-439 steer=0 m1=0/8594 i1=531 t1=28 m2=0/-8594 i2=-532 t2=27 steerMode=0/11 iSteer=-429 driveMode=8594/11 iDrive=531615 scale=0 wheel=25000
2026-07-07T15:04:31.571+00:00 CAN id=101 dlc=8 data=d8cf0400a8610000
2026-07-07T15:04:31.591+00:00 CAN id=101 dlc=8 data=d8cf0400a8610000
2026-07-07T15:04:31.611+00:00 CAN id=101 dlc=8 data=d8cf0400a8610000
2026-07-07T15:04:31.631+00:00 CAN id=101 dlc=8 data=d8cf0400a8610000
2026-07-07T15:04:31.651+00:00 CAN id=101 dlc=8 data=d8cf0400a8610000
2026-07-07T15:04:31.662+00:00 VCP run=1 step=0 angle=315791 target=315352 err=-439 steer=0 m1=0/8594 i1=548 t1=28 m2=0/-8594 i2=-547 t2=27 steerMode=0/-9 iSteer=566 driveMode=8594/9 iDrive=547770 scale=0 wheel=25000
2026-07-07T15:04:31.662+00:00 VCP SET_TARGET_RX steer=315352 wheel=25000
2026-07-07T15:04:31.671+00:00 CAN id=101 dlc=8 data=d8cf0400a8610000
2026-07-07T15:04:31.691+00:00 CAN id=101 dlc=8 data=d8cf0400a8610000
2026-07-07T15:04:31.711+00:00 CAN id=101 dlc=8 data=d8cf0400a8610000
2026-07-07T15:04:31.731+00:00 CAN id=101 dlc=8 data=d8cf0400a8610000
2026-07-07T15:04:31.751+00:00 CAN id=101 dlc=8 data=d8cf0400a8610000
2026-07-07T15:04:31.768+00:00 VCP run=1 step=0 angle=315791 target=315352 err=-439 steer=0 m1=0/8594 i1=564 t1=28 m2=0/-8594 i2=-564 t2=27 steerMode=0/0 iSteer=141 driveMode=8594/0 iDrive=564183 scale=0 wheel=25000
2026-07-07T15:04:31.771+00:00 CAN id=101 dlc=8 data=d8cf0400a8610000
2026-07-07T15:04:31.791+00:00 CAN id=101 dlc=8 data=d8cf0400a8610000
2026-07-07T15:04:31.811+00:00 CAN id=101 dlc=8 data=d8cf0400a8610000
2026-07-07T15:04:31.831+00:00 CAN id=101 dlc=8 data=d8cf0400a8610000
2026-07-07T15:04:31.851+00:00 CAN id=101 dlc=8 data=d8cf0400a8610000
2026-07-07T15:04:31.871+00:00 CAN id=101 dlc=8 data=d8cf0400a8610000
2026-07-07T15:04:31.891+00:00 CAN id=101 dlc=8 data=d8cf0400a8610000
2026-07-07T15:04:31.911+00:00 CAN id=101 dlc=8 data=d8cf0400a8610000
2026-07-07T15:04:31.931+00:00 CAN id=101 dlc=8 data=d8cf0400a8610000
2026-07-07T15:04:31.951+00:00 CAN id=101 dlc=8 data=d8cf0400a8610000
2026-07-07T15:04:31.958+00:00 VCP run=1 step=0 angle=315791 target=315352 err=-439 steer=0 m1=0/8594 i1=580 t1=28 m2=0/-8594 i2=-580 t2=27 steerMode=0/0 iSteer=145 driveMode=8594/0 iDrive=580343 scale=0 wheel=25000
2026-07-07T15:04:31.958+00:00 VCP run=1 step=0 angle=315791 target=315352 err=-439 steer=0 m1=0/8594 i1=597 t1=28 m2=0/-8594 i2=-596 t2=27 steerMode=0/-1 iSteer=227 driveMode=8594/1 iDrive=596642 scale=0 wheel=25000
2026-07-07T15:04:31.971+00:00 CAN id=101 dlc=8 data=d8cf0400a8610000
2026-07-07T15:04:31.991+00:00 CAN id=101 dlc=8 data=d8cf0400a8610000
2026-07-07T15:04:32.011+00:00 CAN id=101 dlc=8 data=d8cf0400a8610000
2026-07-07T15:04:32.031+00:00 CAN id=101 dlc=8 data=d8cf0400a8610000
2026-07-07T15:04:32.051+00:00 CAN id=101 dlc=8 data=d8cf0400a8610000
2026-07-07T15:04:32.065+00:00 VCP run=1 step=0 angle=315791 target=315352 err=-439 steer=0 m1=0/8594 i1=613 t1=28 m2=0/-8594 i2=-613 t2=27 steerMode=0/1 iSteer=101 driveMode=8594/1 iDrive=612968 scale=0 wheel=25000
2026-07-07T15:04:32.071+00:00 CAN id=101 dlc=8 data=d8cf0400a8610000
2026-07-07T15:04:32.091+00:00 CAN id=101 dlc=8 data=d8cf0400a8610000
2026-07-07T15:04:32.111+00:00 CAN id=101 dlc=8 data=d8cf0400a8610000
2026-07-07T15:04:32.131+00:00 CAN id=101 dlc=8 data=d8cf0400a8610000
2026-07-07T15:04:32.151+00:00 CAN id=101 dlc=8 data=d8cf0400a8610000
2026-07-07T15:04:32.168+00:00 VCP run=1 step=0 angle=315791 target=315352 err=-439 steer=0 m1=0/8594 i1=630 t1=28 m2=0/-8594 i2=-628 t2=27 steerMode=0/-11 iSteer=727 driveMode=8594/11 iDrive=629180 scale=0 wheel=25000
2026-07-07T15:04:32.168+00:00 VCP SET_TARGET_RX steer=315352 wheel=25000
2026-07-07T15:04:32.171+00:00 CAN id=101 dlc=8 data=d8cf0400a8610000
2026-07-07T15:04:32.191+00:00 CAN id=101 dlc=8 data=d8cf0400a8610000
2026-07-07T15:04:32.211+00:00 CAN id=101 dlc=8 data=d8cf0400a8610000
2026-07-07T15:04:32.231+00:00 CAN id=101 dlc=8 data=d8cf0400a8610000
2026-07-07T15:04:32.251+00:00 CAN id=101 dlc=8 data=d8cf0400a8610000
2026-07-07T15:04:32.271+00:00 CAN id=101 dlc=8 data=d8cf0400a8610000
2026-07-07T15:04:32.291+00:00 CAN id=101 dlc=8 data=d8cf0400a8610000
2026-07-07T15:04:32.311+00:00 CAN id=101 dlc=8 data=d8cf0400a8610000
2026-07-07T15:04:32.331+00:00 CAN id=101 dlc=8 data=d8cf0400a8610000
2026-07-07T15:04:32.351+00:00 CAN id=101 dlc=8 data=d8cf0400a8610000
2026-07-07T15:04:32.357+00:00 VCP run=1 step=0 angle=315791 target=315352 err=-439 steer=0 m1=0/8594 i1=647 t1=28 m2=0/-8594 i2=-645 t2=27 steerMode=0/-15 iSteer=937 driveMode=8594/-14 iDrive=645589 scale=0 wheel=25000
2026-07-07T15:04:32.357+00:00 VCP run=1 step=0 angle=315791 target=315352 err=-439 steer=0 m1=0/8594 i1=662 t1=28 m2=0/-8594 i2=-661 t2=27 steerMode=0/-1 iSteer=290 driveMode=8594/1 iDrive=661589 scale=0 wheel=25000
2026-07-07T15:04:32.371+00:00 CAN id=101 dlc=8 data=d8cf0400a8610000
2026-07-07T15:04:32.391+00:00 CAN id=101 dlc=8 data=d8cf0400a8610000
2026-07-07T15:04:32.411+00:00 CAN id=101 dlc=8 data=d8cf0400a8610000
2026-07-07T15:04:32.431+00:00 CAN id=101 dlc=8 data=d8cf0400a8610000
2026-07-07T15:04:32.451+00:00 CAN id=101 dlc=8 data=d8cf0400a8610000
2026-07-07T15:04:32.464+00:00 VCP run=1 step=0 angle=315791 target=315352 err=-439 steer=0 m1=0/8594 i1=678 t1=28 m2=0/-8594 i2=-678 t2=27 steerMode=0/0 iSteer=206 driveMode=8594/0 iDrive=677924 scale=0 wheel=25000
2026-07-07T15:04:32.471+00:00 CAN id=101 dlc=8 data=d8cf0400a8610000
2026-07-07T15:04:32.491+00:00 CAN id=101 dlc=8 data=d8cf0400a8610000
2026-07-07T15:04:32.511+00:00 CAN id=101 dlc=8 data=d8cf0400a8610000
2026-07-07T15:04:32.531+00:00 CAN id=101 dlc=8 data=d8cf0400a8610000
2026-07-07T15:04:32.551+00:00 CAN id=101 dlc=8 data=d8cf0400a8610000
2026-07-07T15:04:32.571+00:00 CAN id=101 dlc=8 data=d8cf0400a8610000
2026-07-07T15:04:32.591+00:00 CAN id=101 dlc=8 data=d8cf0400a8610000
2026-07-07T15:04:32.611+00:00 CAN id=101 dlc=8 data=d8cf0400a8610000
2026-07-07T15:04:32.631+00:00 CAN id=101 dlc=8 data=d8cf0400a8610000
2026-07-07T15:04:32.651+00:00 CAN id=101 dlc=8 data=d8cf0400a8610000
2026-07-07T15:04:32.651+00:00 VCP run=1 step=0 angle=315791 target=315352 err=-439 steer=0 m1=0/8594 i1=694 t1=28 m2=0/-8594 i2=-694 t2=27 steerMode=0/0 iSteer=215 driveMode=8594/0 iDrive=694255 scale=0 wheel=25000
2026-07-07T15:04:32.651+00:00 VCP run=1 step=0 angle=315791 target=315352 err=-439 steer=0 m1=0/8594 i1=711 t1=28 m2=0/-8594 i2=-710 t2=27 steerMode=0/0 iSteer=223 driveMode=8594/4 iDrive=710522 scale=0 wheel=25000
2026-07-07T15:04:32.671+00:00 CAN id=101 dlc=8 data=d8cf0400a8610000
2026-07-07T15:04:32.691+00:00 CAN id=101 dlc=8 data=d8cf0400a8610000
2026-07-07T15:04:32.711+00:00 CAN id=101 dlc=8 data=d8cf0400a8610000
2026-07-07T15:04:32.731+00:00 CAN id=101 dlc=8 data=d8cf0400a8610000
2026-07-07T15:04:32.751+00:00 CAN id=101 dlc=8 data=d8cf0400a8610000
2026-07-07T15:04:32.759+00:00 VCP SET_TARGET_RX steer=315352 wheel=25000
2026-07-07T15:04:32.759+00:00 VCP run=1 step=0 angle=315791 target=315352 err=-439 steer=0 m1=0/8594 i1=727 t1=28 m2=0/-8594 i2=-727 t2=27 steerMode=0/0 iSteer=234 driveMode=8594/0 iDrive=726889 scale=0 wheel=25000
2026-07-07T15:04:32.771+00:00 CAN id=101 dlc=8 data=d8cf0400a8610000
2026-07-07T15:04:32.791+00:00 CAN id=101 dlc=8 data=d8cf0400a8610000
2026-07-07T15:04:32.811+00:00 CAN id=101 dlc=8 data=d8cf0400a8610000
2026-07-07T15:04:32.831+00:00 CAN id=101 dlc=8 data=d8cf0400a8610000
2026-07-07T15:04:32.851+00:00 CAN id=101 dlc=8 data=d8cf0400a8610000
2026-07-07T15:04:32.864+00:00 VCP run=1 step=0 angle=315791 target=315352 err=-439 steer=0 m1=0/8594 i1=743 t1=28 m2=0/-8594 i2=-743 t2=27 steerMode=0/1 iSteer=202 driveMode=8594/2 iDrive=743018 scale=0 wheel=25000
2026-07-07T15:04:32.871+00:00 CAN id=101 dlc=8 data=d8cf0400a8610000
2026-07-07T15:04:32.891+00:00 CAN id=101 dlc=8 data=d8cf0400a8610000
2026-07-07T15:04:32.911+00:00 CAN id=101 dlc=8 data=d8cf0400a8610000
2026-07-07T15:04:32.931+00:00 CAN id=101 dlc=8 data=d8cf0400a8610000
2026-07-07T15:04:32.951+00:00 CAN id=101 dlc=8 data=d8cf0400a8610000
2026-07-07T15:04:32.971+00:00 CAN id=101 dlc=8 data=d8cf0400a8610000
2026-07-07T15:04:32.991+00:00 CAN id=101 dlc=8 data=d8cf0400a8610000
2026-07-07T15:04:33.011+00:00 CAN id=101 dlc=8 data=d8cf0400a8610000
2026-07-07T15:04:33.031+00:00 CAN id=101 dlc=8 data=d8cf0400a8610000
2026-07-07T15:04:33.051+00:00 CAN id=101 dlc=8 data=d8cf0400a8610000
2026-07-07T15:04:33.054+00:00 VCP run=1 step=0 angle=315791 target=315352 err=-439 steer=0 m1=0/8594 i1=760 t1=28 m2=0/-8594 i2=-759 t2=27 steerMode=0/0 iSteer=244 driveMode=8594/0 iDrive=759363 scale=0 wheel=25000
2026-07-07T15:04:33.054+00:00 VCP run=1 step=0 angle=315791 target=315352 err=-439 steer=0 m1=0/8594 i1=776 t1=28 m2=0/-8594 i2=-775 t2=27 steerMode=0/-2 iSteer=391 driveMode=8594/1 iDrive=775667 scale=0 wheel=25000
2026-07-07T15:04:33.071+00:00 CAN id=101 dlc=8 data=d8cf0400a8610000
2026-07-07T15:04:33.091+00:00 CAN id=101 dlc=8 data=d8cf0400a8610000
2026-07-07T15:04:33.111+00:00 CAN id=101 dlc=8 data=d8cf0400a8610000
2026-07-07T15:04:33.131+00:00 CAN id=101 dlc=8 data=d8cf0400a8610000
2026-07-07T15:04:33.151+00:00 CAN id=101 dlc=8 data=d8cf0400a8610000
2026-07-07T15:04:33.158+00:00 VCP run=1 step=0 angle=315791 target=315352 err=-439 steer=0 m1=0/8594 i1=793 t1=28 m2=-3/-8594 i2=-791 t2=27 steerMode=0/-9 iSteer=724 driveMode=8594/9 iDrive=791910 scale=0 wheel=25000
2026-07-07T15:04:33.158+00:00 VCP SET_TARGET_RX steer=315352 wheel=25000
2026-07-07T15:04:33.171+00:00 CAN id=101 dlc=8 data=d8cf0400a8610000
2026-07-07T15:04:33.191+00:00 CAN id=101 dlc=8 data=d8cf0400a8610000
2026-07-07T15:04:33.211+00:00 CAN id=101 dlc=8 data=d8cf0400a8610000
2026-07-07T15:04:33.231+00:00 CAN id=101 dlc=8 data=d8cf0400a8610000
2026-07-07T15:04:33.251+00:00 CAN id=101 dlc=8 data=d8cf0400a8610000
2026-07-07T15:04:33.263+00:00 VCP run=1 step=0 angle=315791 target=315352 err=-439 steer=0 m1=0/8594 i1=809 t1=28 m2=0/-8594 i2=-808 t2=27 steerMode=0/-1 iSteer=379 driveMode=8594/0 iDrive=808306 scale=0 wheel=25000
2026-07-07T15:04:33.271+00:00 CAN id=101 dlc=8 data=d8cf0400a8610000
2026-07-07T15:04:33.291+00:00 CAN id=101 dlc=8 data=d8cf0400a8610000
2026-07-07T15:04:33.311+00:00 CAN id=101 dlc=8 data=d8cf0400a8610000
2026-07-07T15:04:33.331+00:00 CAN id=101 dlc=8 data=d8cf0400a8610000
2026-07-07T15:04:33.351+00:00 CAN id=101 dlc=8 data=d8cf0400a8610000
2026-07-07T15:04:33.369+00:00 VCP run=1 step=0 angle=315791 target=315352 err=-439 steer=0 m1=0/8594 i1=826 t1=28 m2=0/-8594 i2=-822 t2=27 steerMode=0/-35 iSteer=2124 driveMode=8594/35 iDrive=824092 scale=0 wheel=25000
2026-07-07T15:04:33.371+00:00 CAN id=101 dlc=8 data=d8cf0400a8610000
2026-07-07T15:04:33.391+00:00 CAN id=101 dlc=8 data=d8cf0400a8610000
2026-07-07T15:04:33.411+00:00 CAN id=101 dlc=8 data=d8cf0400a8610000
2026-07-07T15:04:33.431+00:00 CAN id=101 dlc=8 data=d8cf0400a8610000
2026-07-07T15:04:33.451+00:00 CAN id=101 dlc=8 data=d8cf0400a8610000
2026-07-07T15:04:33.471+00:00 CAN id=101 dlc=8 data=d8cf0400a8610000
2026-07-07T15:04:33.491+00:00 CAN id=101 dlc=8 data=d8cf0400a8610000
2026-07-07T15:04:33.511+00:00 CAN id=101 dlc=8 data=d8cf0400a8610000
2026-07-07T15:04:33.531+00:00 CAN id=101 dlc=8 data=d8cf0400a8610000
2026-07-07T15:04:33.551+00:00 CAN id=101 dlc=8 data=d8cf0400a8610000
2026-07-07T15:04:33.557+00:00 VCP run=1 step=0 angle=315791 target=315352 err=-439 steer=0 m1=4/8594 i1=963 t1=28 m2=-270/-8594 i2=-654 t2=27 steerMode=0/-3060 iSteer=154652 driveMode=8594/3138 iDrive=808365 scale=0 wheel=25000
2026-07-07T15:04:33.557+00:00 VCP run=1 step=0 angle=314912 target=315352 err=440 steer=0 m1=336/8594 i1=156 t1=28 m2=-214/-8594 i2=-244 t2=27 steerMode=0/1096 iSteer=-43846 driveMode=8594/13277 iDrive=200265 scale=0 wheel=25000
2026-07-07T15:04:33.571+00:00 CAN id=101 dlc=8 data=d8cf0400a8610000
2026-07-07T15:04:33.591+00:00 CAN id=101 dlc=8 data=d8cf0400a8610000
2026-07-07T15:04:33.611+00:00 CAN id=101 dlc=8 data=d8cf0400a8610000
2026-07-07T15:04:33.631+00:00 CAN id=101 dlc=8 data=d8cf0400a8610000
2026-07-07T15:04:33.651+00:00 CAN id=101 dlc=8 data=d8cf0400a8610000
2026-07-07T15:04:33.660+00:00 VCP run=1 step=0 angle=315264 target=315352 err=88 steer=0 m1=259/8594 i1=109 t1=28 m2=-241/-8594 i2=-265 t2=27 steerMode=0/1693 iSteer=-77961 driveMode=8594/13672 iDrive=186601 scale=0 wheel=25000
2026-07-07T15:04:33.660+00:00 VCP SET_TARGET_RX steer=315352 wheel=25000
2026-07-07T15:04:33.671+00:00 CAN id=101 dlc=8 data=d8cf0400a8610000
2026-07-07T15:04:33.691+00:00 CAN id=101 dlc=8 data=d8cf0400a8610000
2026-07-07T15:04:33.711+00:00 CAN id=101 dlc=8 data=d8cf0400a8610000
2026-07-07T15:04:33.731+00:00 CAN id=101 dlc=8 data=d8cf0400a8610000
2026-07-07T15:04:33.751+00:00 CAN id=101 dlc=8 data=d8cf0400a8610000
2026-07-07T15:04:33.764+00:00 VCP run=1 step=0 angle=315264 target=315352 err=88 steer=0 m1=282/8594 i1=157 t1=28 m2=-201/-8594 i2=-194 t2=27 steerMode=0/486 iSteer=-18682 driveMode=8594/13786 iDrive=175766 scale=0 wheel=25000
2026-07-07T15:04:33.771+00:00 CAN id=101 dlc=8 data=d8cf0400a8610000
2026-07-07T15:04:33.791+00:00 CAN id=101 dlc=8 data=d8cf0400a8610000
2026-07-07T15:04:33.811+00:00 CAN id=101 dlc=8 data=d8cf0400a8610000
2026-07-07T15:04:33.831+00:00 CAN id=101 dlc=8 data=d8cf0400a8610000
2026-07-07T15:04:33.851+00:00 CAN id=101 dlc=8 data=d8cf0400a8610000
2026-07-07T15:04:33.869+00:00 VCP run=1 step=0 angle=315791 target=315352 err=-439 steer=0 m1=307/8594 i1=113 t1=28 m2=-237/-8594 i2=-229 t2=27 steerMode=0/1233 iSteer=-57981 driveMode=8594/13284 iDrive=170826 scale=0 wheel=25000
2026-07-07T15:04:33.871+00:00 CAN id=101 dlc=8 data=d8cf0400a8610000
2026-07-07T15:04:33.891+00:00 CAN id=101 dlc=8 data=d8cf0400a8610000
2026-07-07T15:04:33.911+00:00 CAN id=101 dlc=8 data=d8cf0400a8610000
2026-07-07T15:04:33.931+00:00 CAN id=101 dlc=8 data=d8cf0400a8610000
2026-07-07T15:04:33.951+00:00 CAN id=101 dlc=8 data=d8cf0400a8610000
2026-07-07T15:04:33.971+00:00 CAN id=101 dlc=8 data=d8cf0400a8610000
2026-07-07T15:04:33.991+00:00 CAN id=101 dlc=8 data=d8cf0400a8610000
2026-07-07T15:04:34.011+00:00 CAN id=101 dlc=8 data=d8cf0400a8610000
2026-07-07T15:04:34.031+00:00 CAN id=101 dlc=8 data=d8cf0400a8610000
2026-07-07T15:04:34.051+00:00 CAN id=101 dlc=8 data=d8cf0400a8610000
2026-07-07T15:04:34.056+00:00 VCP run=1 step=0 angle=315879 target=315352 err=-527 steer=-263 m1=211/7145 i1=123 t1=28 m2=-245/-10043 i2=-231 t2=27 steerMode=-1449/-396 iSteer=-53787 driveMode=8594/11884 iDrive=176998 scale=0 wheel=25000
2026-07-07T15:04:34.056+00:00 VCP run=1 step=0 angle=315879 target=315352 err=-527 steer=-263 m1=131/7145 i1=122 t1=28 m2=-141/-10043 i2=-270 t2=27 steerMode=-1449/-68 iSteer=-74162 driveMode=8594/9614 iDrive=196084 scale=0 wheel=25000
2026-07-07T15:04:34.071+00:00 CAN id=101 dlc=8 data=d8cf0400a8610000
2026-07-07T15:04:34.091+00:00 CAN id=101 dlc=8 data=d8cf0400a8610000
2026-07-07T15:04:34.111+00:00 CAN id=101 dlc=8 data=d8cf0400a8610000
2026-07-07T15:04:34.131+00:00 CAN id=101 dlc=8 data=d8cf0400a8610000
2026-07-07T15:04:34.151+00:00 CAN id=101 dlc=8 data=d8cf0400a8610000
2026-07-07T15:04:34.159+00:00 VCP run=1 step=0 angle=315791 target=315352 err=-439 steer=0 m1=177/8594 i1=198 t1=28 m2=-137/-8594 i2=-196 t2=27 steerMode=0/-161 iSteer=1068 driveMode=8594/9415 iDrive=196962 scale=0 wheel=25000
2026-07-07T15:04:34.159+00:00 VCP SET_TARGET_RX steer=315352 wheel=25000
2026-07-07T15:04:34.171+00:00 CAN id=101 dlc=8 data=d8cf0400a8610000
2026-07-07T15:04:34.191+00:00 CAN id=101 dlc=8 data=d8cf0400a8610000
2026-07-07T15:04:34.211+00:00 CAN id=101 dlc=8 data=d8cf0400a8610000
2026-07-07T15:04:34.231+00:00 CAN id=101 dlc=8 data=d8cf0400a8610000
2026-07-07T15:04:34.251+00:00 CAN id=101 dlc=8 data=d8cf0400a8610000
2026-07-07T15:04:34.264+00:00 VCP run=1 step=0 angle=315967 target=315352 err=-615 steer=-307 m1=146/6903 i1=111 t1=28 m2=-180/-10284 i2=-294 t2=27 steerMode=-1691/-95 iSteer=-91187 driveMode=8594/8791 iDrive=202371 scale=0 wheel=25000
2026-07-07T15:04:34.271+00:00 CAN id=101 dlc=8 data=d8cf0400a8610000
2026-07-07T15:04:34.291+00:00 CAN id=101 dlc=8 data=d8cf0400a8610000
2026-07-07T15:04:34.311+00:00 CAN id=101 dlc=8 data=d8cf0400a8610000
2026-07-07T15:04:34.331+00:00 CAN id=101 dlc=8 data=d8cf0400a8610000
2026-07-07T15:04:34.351+00:00 CAN id=101 dlc=8 data=d8cf0400a8610000
2026-07-07T15:04:34.368+00:00 VCP run=1 step=0 angle=315967 target=315352 err=-615 steer=-307 m1=138/6903 i1=116 t1=28 m2=-97/-10284 i2=-332 t2=27 steerMode=-1691/163 iSteer=-108330 driveMode=8594/6785 iDrive=224053 scale=0 wheel=25000
2026-07-07T15:04:34.371+00:00 CAN id=101 dlc=8 data=d8cf0400a8610000
2026-07-07T15:04:34.391+00:00 CAN id=101 dlc=8 data=d8cf0400a8610000
2026-07-07T15:04:34.411+00:00 CAN id=101 dlc=8 data=d8cf0400a8610000
2026-07-07T15:04:34.431+00:00 CAN id=101 dlc=8 data=d8cf0400a8610000
2026-07-07T15:04:34.451+00:00 CAN id=101 dlc=8 data=d8cf0400a8610000
2026-07-07T15:04:34.471+00:00 CAN id=101 dlc=8 data=d8cf0400a8610000
2026-07-07T15:04:34.491+00:00 CAN id=101 dlc=8 data=d8cf0400a8610000
2026-07-07T15:04:34.511+00:00 CAN id=101 dlc=8 data=d8cf0400a8610000
2026-07-07T15:04:34.531+00:00 CAN id=101 dlc=8 data=d8cf0400a8610000
2026-07-07T15:04:34.551+00:00 CAN id=101 dlc=8 data=d8cf0400a8610000
2026-07-07T15:04:34.556+00:00 VCP run=1 step=0 angle=315879 target=315352 err=-527 steer=-263 m1=113/7145 i1=202 t1=28 m2=-160/-10043 i2=-244 t2=27 steerMode=-1449/-1407 iSteer=-21361 driveMode=8594/7194 iDrive=223053 scale=0 wheel=25000
2026-07-07T15:04:34.556+00:00 VCP run=1 step=0 angle=315703 target=315352 err=-351 steer=0 m1=161/8594 i1=139 t1=28 m2=-155/-8594 i2=-294 t2=27 steerMode=0/1163 iSteer=-77566 driveMode=8594/7977 iDrive=216466 scale=0 wheel=25000
2026-07-07T15:04:34.571+00:00 CAN id=101 dlc=8 data=d8cf0400a8610000
2026-07-07T15:04:34.591+00:00 CAN id=101 dlc=8 data=d8cf0400a8610000
2026-07-07T15:04:34.611+00:00 CAN id=101 dlc=8 data=d8cf0400a8610000
2026-07-07T15:04:34.631+00:00 CAN id=101 dlc=8 data=d8cf0400a8610000
2026-07-07T15:04:34.651+00:00 CAN id=101 dlc=8 data=d8cf0400a8610000
2026-07-07T15:04:34.657+00:00 VCP run=1 step=0 angle=315879 target=315352 err=-527 steer=-263 m1=119/7145 i1=152 t1=28 m2=-180/-10043 i2=-273 t2=27 steerMode=-1449/-705 iSteer=-60700 driveMode=8594/8440 iDrive=212606 scale=0 wheel=25000
2026-07-07T15:04:34.657+00:00 VCP SET_TARGET_RX steer=315352 wheel=25000
2026-07-07T15:04:34.671+00:00 CAN id=101 dlc=8 data=d8cf0400a8610000
2026-07-07T15:04:34.691+00:00 CAN id=101 dlc=8 data=d8cf0400a8610000
2026-07-07T15:04:34.711+00:00 CAN id=101 dlc=8 data=d8cf0400a8610000
2026-07-07T15:04:34.731+00:00 CAN id=101 dlc=8 data=d8cf0400a8610000
2026-07-07T15:04:34.751+00:00 CAN id=101 dlc=8 data=d8cf0400a8610000
2026-07-07T15:04:34.762+00:00 VCP run=1 step=0 angle=315791 target=315352 err=-439 steer=0 m1=182/8594 i1=209 t1=28 m2=-185/-8594 i2=-201 t2=27 steerMode=0/-547 iSteer=4143 driveMode=8594/9162 iDrive=204830 scale=0 wheel=25000
2026-07-07T15:04:34.771+00:00 CAN id=101 dlc=8 data=d8cf0400a8610000
2026-07-07T15:04:34.791+00:00 CAN id=101 dlc=8 data=d8cf0400a8610000
2026-07-07T15:04:34.811+00:00 CAN id=101 dlc=8 data=d8cf0400a8610000
2026-07-07T15:04:34.831+00:00 CAN id=101 dlc=8 data=d8cf0400a8610000
2026-07-07T15:04:34.851+00:00 CAN id=101 dlc=8 data=d8cf0400a8610000
2026-07-07T15:04:34.867+00:00 VCP run=1 step=0 angle=315791 target=315352 err=-439 steer=0 m1=200/8594 i1=108 t1=28 m2=-189/-8594 i2=-289 t2=27 steerMode=0/1325 iSteer=-90567 driveMode=8594/9525 iDrive=198741 scale=0 wheel=25000
2026-07-07T15:04:34.871+00:00 CAN id=101 dlc=8 data=d8cf0400a8610000
2026-07-07T15:04:34.891+00:00 CAN id=101 dlc=8 data=d8cf0400a8610000
2026-07-07T15:04:34.911+00:00 CAN id=101 dlc=8 data=d8cf0400a8610000
2026-07-07T15:04:34.931+00:00 CAN id=101 dlc=8 data=d8cf0400a8610000
2026-07-07T15:04:34.951+00:00 CAN id=101 dlc=8 data=d8cf0400a8610000
2026-07-07T15:04:34.971+00:00 CAN id=101 dlc=8 data=d8cf0400a8610000
2026-07-07T15:04:34.991+00:00 CAN id=101 dlc=8 data=d8cf0400a8610000
2026-07-07T15:04:35.011+00:00 CAN id=101 dlc=8 data=d8cf0400a8610000
2026-07-07T15:04:35.031+00:00 CAN id=101 dlc=8 data=d8cf0400a8610000
2026-07-07T15:04:35.051+00:00 CAN id=101 dlc=8 data=d8cf0400a8610000
2026-07-07T15:04:35.055+00:00 VCP run=1 step=0 angle=315791 target=315352 err=-439 steer=-213 m1=163/7420 i1=141 t1=28 m2=-275/-9768 i2=-254 t2=27 steerMode=-1174/-568 iSteer=-56679 driveMode=8594/9433 iDrive=197780 scale=0 wheel=25000
2026-07-07T15:04:35.055+00:00 VCP run=1 step=0 angle=315791 target=315352 err=-439 steer=0 m1=186/8594 i1=145 t1=28 m2=-206/-8594 i2=-232 t2=27 steerMode=0/374 iSteer=-43522 driveMode=8594/10071 iDrive=188752 scale=0 wheel=25000
2026-07-07T15:04:35.071+00:00 CAN id=101 dlc=8 data=d8cf0400a8610000
2026-07-07T15:04:35.091+00:00 CAN id=101 dlc=8 data=d8cf0400a8610000
2026-07-07T15:04:35.111+00:00 CAN id=101 dlc=8 data=d8cf0400a8610000
2026-07-07T15:04:35.131+00:00 CAN id=101 dlc=8 data=d8cf0400a8610000
2026-07-07T15:04:35.151+00:00 CAN id=101 dlc=8 data=d8cf0400a8610000
2026-07-07T15:04:35.156+00:00 VCP run=1 step=0 angle=315879 target=315352 err=-527 steer=-263 m1=159/7145 i1=111 t1=28 m2=-174/-10043 i2=-265 t2=27 steerMode=-1449/-434 iSteer=-76980 driveMode=8594/9934 iDrive=187837 scale=0 wheel=25000
2026-07-07T15:04:35.156+00:00 VCP SET_TARGET_RX steer=315352 wheel=25000
2026-07-07T15:04:35.171+00:00 CAN id=101 dlc=8 data=d8cf0400a8610000
2026-07-07T15:04:35.191+00:00 CAN id=101 dlc=8 data=d8cf0400a8610000
2026-07-07T15:04:35.211+00:00 CAN id=101 dlc=8 data=d8cf0400a8610000
2026-07-07T15:04:35.231+00:00 CAN id=101 dlc=8 data=d8cf0400a8610000
2026-07-07T15:04:35.251+00:00 CAN id=101 dlc=8 data=d8cf0400a8610000
2026-07-07T15:04:35.261+00:00 VCP run=1 step=0 angle=315791 target=315352 err=-439 steer=0 m1=161/8594 i1=226 t1=28 m2=-172/-8594 i2=-153 t2=27 steerMode=0/-1259 iSteer=36510 driveMode=8594/9630 iDrive=189639 scale=0 wheel=25000
2026-07-07T15:04:35.271+00:00 CAN id=101 dlc=8 data=d8cf0400a8610000
2026-07-07T15:04:35.291+00:00 CAN id=101 dlc=8 data=d8cf0400a8610000
2026-07-07T15:04:35.311+00:00 CAN id=101 dlc=8 data=d8cf0400a8610000
2026-07-07T15:04:35.331+00:00 CAN id=101 dlc=8 data=d8cf0400a8610000
2026-07-07T15:04:35.351+00:00 CAN id=101 dlc=8 data=d8cf0400a8610000
2026-07-07T15:04:35.366+00:00 VCP run=1 step=0 angle=315703 target=315352 err=-351 steer=0 m1=236/8594 i1=131 t1=28 m2=-222/-8594 i2=-234 t2=27 steerMode=0/546 iSteer=-51621 driveMode=8594/10349 iDrive=182452 scale=0 wheel=25000
2026-07-07T15:04:35.371+00:00 CAN id=101 dlc=8 data=d8cf0400a8610000
2026-07-07T15:04:35.391+00:00 CAN id=101 dlc=8 data=d8cf0400a8610000
2026-07-07T15:04:35.411+00:00 CAN id=101 dlc=8 data=d8cf0400a8610000
2026-07-07T15:04:35.431+00:00 CAN id=101 dlc=8 data=d8cf0400a8610000
2026-07-07T15:04:35.451+00:00 CAN id=101 dlc=8 data=d8cf0400a8610000
2026-07-07T15:04:35.471+00:00 CAN id=101 dlc=8 data=d8cf0400a8610000
2026-07-07T15:04:35.491+00:00 CAN id=101 dlc=8 data=d8cf0400a8610000
2026-07-07T15:04:35.511+00:00 CAN id=101 dlc=8 data=d8cf0400a8610000
2026-07-07T15:04:35.531+00:00 CAN id=101 dlc=8 data=d8cf0400a8610000
2026-07-07T15:04:35.551+00:00 CAN id=101 dlc=8 data=d8cf0400a8610000
2026-07-07T15:04:35.554+00:00 VCP run=1 step=0 angle=315703 target=315352 err=-351 steer=0 m1=194/8594 i1=186 t1=28 m2=-216/-8594 i2=-171 t2=27 steerMode=0/-632 iSteer=7252 driveMode=8594/10719 iDrive=178746 scale=0 wheel=25000
2026-07-07T15:04:35.554+00:00 VCP run=1 step=0 angle=315527 target=315352 err=-175 steer=0 m1=215/8594 i1=170 t1=28 m2=-235/-8594 i2=-174 t2=27 steerMode=0/-429 iSteer=-2262 driveMode=8594/11386 iDrive=172075 scale=0 wheel=25000
2026-07-07T15:04:35.571+00:00 CAN id=101 dlc=8 data=d8cf0400a8610000
2026-07-07T15:04:35.591+00:00 CAN id=101 dlc=8 data=d8cf0400a8610000
2026-07-07T15:04:35.611+00:00 CAN id=101 dlc=8 data=d8cf0400a8610000
2026-07-07T15:04:35.631+00:00 CAN id=101 dlc=8 data=d8cf0400a8610000
2026-07-07T15:04:35.651+00:00 CAN id=101 dlc=8 data=d8cf0400a8610000
2026-07-07T15:04:35.656+00:00 VCP run=1 step=0 angle=315527 target=315352 err=-175 steer=0 m1=221/8594 i1=159 t1=28 m2=-237/-8594 i2=-191 t2=27 steerMode=0/-157 iSteer=-15809 driveMode=8594/11091 iDrive=175029 scale=0 wheel=25000
2026-07-07T15:04:35.656+00:00 VCP SET_TARGET_RX steer=315352 wheel=25000
2026-07-07T15:04:35.671+00:00 CAN id=101 dlc=8 data=d8cf0400a8610000
2026-07-07T15:04:35.691+00:00 CAN id=101 dlc=8 data=d8cf0400a8610000
2026-07-07T15:04:35.711+00:00 CAN id=101 dlc=8 data=d8cf0400a8610000
2026-07-07T15:04:35.731+00:00 CAN id=101 dlc=8 data=d8cf0400a8610000
2026-07-07T15:04:35.751+00:00 CAN id=101 dlc=8 data=d8cf0400a8610000
2026-07-07T15:04:35.761+00:00 VCP run=1 step=0 angle=315352 target=315352 err=0 steer=0 m1=188/8594 i1=148 t1=28 m2=-224/-8594 i2=-213 t2=27 steerMode=0/179 iSteer=-32662 driveMode=8594/10570 iDrive=180235 scale=0 wheel=25000
2026-07-07T15:04:35.771+00:00 CAN id=101 dlc=8 data=d8cf0400a8610000
2026-07-07T15:04:35.791+00:00 CAN id=101 dlc=8 data=d8cf0400a8610000
2026-07-07T15:04:35.811+00:00 CAN id=101 dlc=8 data=d8cf0400a8610000
2026-07-07T15:04:35.831+00:00 CAN id=101 dlc=8 data=d8cf0400a8610000
2026-07-07T15:04:35.851+00:00 CAN id=101 dlc=8 data=d8cf0400a8610000
2026-07-07T15:04:35.867+00:00 VCP run=1 step=0 angle=315352 target=315352 err=0 steer=0 m1=213/8594 i1=156 t1=28 m2=-176/-8594 i2=-219 t2=27 steerMode=0/141 iSteer=-31236 driveMode=8594/9831 iDrive=187629 scale=0 wheel=25000
2026-07-07T15:04:35.870+00:00 CAN id=101 dlc=8 data=d8cf0400a8610000
2026-07-07T15:04:35.891+00:00 CAN id=101 dlc=8 data=d8cf0400a8610000
2026-07-07T15:04:35.911+00:00 CAN id=101 dlc=8 data=d8cf0400a8610000
2026-07-07T15:04:35.931+00:00 CAN id=101 dlc=8 data=d8cf0400a8610000
2026-07-07T15:04:35.951+00:00 CAN id=101 dlc=8 data=d8cf0400a8610000
2026-07-07T15:04:35.971+00:00 CAN id=101 dlc=8 data=d8cf0400a8610000
2026-07-07T15:04:35.991+00:00 CAN id=101 dlc=8 data=d8cf0400a8610000
2026-07-07T15:04:36.011+00:00 CAN id=101 dlc=8 data=d8cf0400a8610000
2026-07-07T15:04:36.031+00:00 CAN id=101 dlc=8 data=d8cf0400a8610000
2026-07-07T15:04:36.051+00:00 CAN id=101 dlc=8 data=d8cf0400a8610000
2026-07-07T15:04:36.056+00:00 VCP run=1 step=0 angle=315352 target=315352 err=0 steer=0 m1=205/8594 i1=150 t1=28 m2=-143/-8594 i2=-253 t2=27 steerMode=0/537 iSteer=-51631 driveMode=8594/8419 iDrive=201846 scale=0 wheel=25000
2026-07-07T15:04:36.056+00:00 VCP run=1 step=0 angle=315352 target=315352 err=0 steer=0 m1=171/8594 i1=205 t1=28 m2=-256/-8594 i2=-180 t2=27 steerMode=0/-733 iSteer=12350 driveMode=8594/9328 iDrive=192656 scale=0 wheel=25000
2026-07-07T15:04:36.071+00:00 CAN id=101 dlc=8 data=d8cf0400a8610000
2026-07-07T15:04:36.091+00:00 CAN id=101 dlc=8 data=d8cf0400a8610000
2026-07-07T15:04:36.111+00:00 CAN id=101 dlc=8 data=d8cf0400a8610000
2026-07-07T15:04:36.131+00:00 CAN id=101 dlc=8 data=d8cf0400a8610000
2026-07-07T15:04:36.151+00:00 CAN id=101 dlc=8 data=d8cf0400a8610000
2026-07-07T15:04:36.159+00:00 VCP run=1 step=0 angle=315264 target=315352 err=88 steer=0 m1=192/8594 i1=166 t1=28 m2=-149/-8594 i2=-211 t2=27 steerMode=0/-30 iSteer=-22409 driveMode=8594/9730 iDrive=188634 scale=0 wheel=25000
2026-07-07T15:04:36.159+00:00 VCP SET_TARGET_RX steer=315352 wheel=25000
2026-07-07T15:04:36.171+00:00 CAN id=101 dlc=8 data=d8cf0400a8610000
2026-07-07T15:04:36.191+00:00 CAN id=101 dlc=8 data=d8cf0400a8610000
2026-07-07T15:04:36.211+00:00 CAN id=101 dlc=8 data=d8cf0400a8610000
2026-07-07T15:04:36.231+00:00 CAN id=101 dlc=8 data=d8cf0400a8610000
2026-07-07T15:04:36.251+00:00 CAN id=101 dlc=8 data=d8cf0400a8610000
2026-07-07T15:04:36.264+00:00 VCP run=1 step=0 angle=315264 target=315352 err=88 steer=0 m1=209/8594 i1=168 t1=28 m2=-155/-8594 i2=-222 t2=27 steerMode=0/78 iSteer=-27321 driveMode=8594/9091 iDrive=195028 scale=0 wheel=25000
2026-07-07T15:04:36.271+00:00 CAN id=101 dlc=8 data=d8cf0400a8610000
2026-07-07T15:04:36.291+00:00 CAN id=101 dlc=8 data=d8cf0400a8610000
2026-07-07T15:04:36.311+00:00 CAN id=101 dlc=8 data=d8cf0400a8610000
2026-07-07T15:04:36.331+00:00 CAN id=101 dlc=8 data=d8cf0400a8610000
2026-07-07T15:04:36.351+00:00 CAN id=101 dlc=8 data=d8cf0400a8610000
2026-07-07T15:04:36.370+00:00 VCP run=1 step=0 angle=315264 target=315352 err=88 steer=0 m1=146/8594 i1=161 t1=28 m2=-162/-8594 i2=-230 t2=27 steerMode=0/218 iSteer=-34392 driveMode=8594/9032 iDrive=195621 scale=0 wheel=25000
2026-07-07T15:04:36.371+00:00 CAN id=101 dlc=8 data=d8cf0400a8610000
2026-07-07T15:04:36.391+00:00 CAN id=101 dlc=8 data=d8cf0400a8610000
2026-07-07T15:04:36.411+00:00 CAN id=101 dlc=8 data=d8cf0400a8610000
2026-07-07T15:04:36.431+00:00 CAN id=101 dlc=8 data=d8cf0400a8610000
2026-07-07T15:04:36.451+00:00 CAN id=101 dlc=8 data=d8cf0400a8610000
2026-07-07T15:04:36.471+00:00 CAN id=101 dlc=8 data=d8cf0400a8610000
2026-07-07T15:04:36.491+00:00 CAN id=101 dlc=8 data=d8cf0400a8610000
2026-07-07T15:04:36.511+00:00 CAN id=101 dlc=8 data=d8cf0400a8610000
2026-07-07T15:04:36.531+00:00 CAN id=101 dlc=8 data=d8cf0400a8610000
2026-07-07T15:04:36.551+00:00 CAN id=101 dlc=8 data=d8cf0400a8610000
2026-07-07T15:04:36.558+00:00 VCP run=1 step=0 angle=315264 target=315352 err=88 steer=0 m1=165/8594 i1=170 t1=28 m2=-168/-8594 i2=-214 t2=27 steerMode=0/-30 iSteer=-21997 driveMode=8594/9361 iDrive=192330 scale=0 wheel=25000
2026-07-07T15:04:36.558+00:00 VCP run=1 step=0 angle=315264 target=315352 err=88 steer=0 m1=148/8594 i1=177 t1=28 m2=-185/-8594 i2=-204 t2=27 steerMode=0/-186 iSteer=-13340 driveMode=8594/9542 iDrive=190520 scale=0 wheel=25000
2026-07-07T15:04:36.571+00:00 CAN id=101 dlc=8 data=d8cf0400a8610000
2026-07-07T15:04:36.591+00:00 CAN id=101 dlc=8 data=d8cf0400a8610000
2026-07-07T15:04:36.611+00:00 CAN id=101 dlc=8 data=d8cf0400a8610000
2026-07-07T15:04:36.631+00:00 CAN id=101 dlc=8 data=d8cf0400a8610000
2026-07-07T15:04:36.651+00:00 CAN id=101 dlc=8 data=d8cf0400a8610000
2026-07-07T15:04:36.660+00:00 VCP run=1 step=0 angle=315352 target=315352 err=0 steer=0 m1=138/8594 i1=175 t1=28 m2=-187/-8594 i2=-224 t2=27 steerMode=0/30 iSteer=-24468 driveMode=8594/8607 iDrive=199871 scale=0 wheel=25000
2026-07-07T15:04:36.660+00:00 VCP SET_TARGET_RX steer=315352 wheel=25000
2026-07-07T15:04:36.671+00:00 CAN id=101 dlc=8 data=d8cf0400a8610000
2026-07-07T15:04:36.691+00:00 CAN id=101 dlc=8 data=d8cf0400a8610000
2026-07-07T15:04:36.711+00:00 CAN id=101 dlc=8 data=d8cf0400a8610000
2026-07-07T15:04:36.731+00:00 CAN id=101 dlc=8 data=d8cf0400a8610000
2026-07-07T15:04:36.751+00:00 CAN id=101 dlc=8 data=d8cf0400a8610000
2026-07-07T15:04:36.766+00:00 VCP run=1 step=0 angle=315703 target=315352 err=-351 steer=0 m1=196/8594 i1=130 t1=28 m2=-97/-8594 i2=-302 t2=27 steerMode=0/1248 iSteer=-86002 driveMode=8594/7096 iDrive=216489 scale=0 wheel=25000
2026-07-07T15:04:36.770+00:00 CAN id=101 dlc=8 data=d8cf0400a8610000
2026-07-07T15:04:36.791+00:00 CAN id=101 dlc=8 data=d8cf0400a8610000
2026-07-07T15:04:36.811+00:00 CAN id=101 dlc=8 data=d8cf0400a8610000
2026-07-07T15:04:36.831+00:00 CAN id=101 dlc=8 data=d8cf0400a8610000
2026-07-07T15:04:36.851+00:00 CAN id=101 dlc=8 data=d8cf0400a8610000
2026-07-07T15:04:36.871+00:00 CAN id=101 dlc=8 data=d8cf0400a8610000
2026-07-07T15:04:36.871+00:00 VCP run=1 step=0 angle=315703 target=315352 err=-351 steer=0 m1=156/8594 i1=256 t1=28 m2=-162/-8594 i2=-183 t2=27 steerMode=0/-1254 iSteer=36478 driveMode=8594/7076 iDrive=219615 scale=0 wheel=25000
2026-07-07T15:04:36.891+00:00 CAN id=101 dlc=8 data=d8cf0400a8610000
2026-07-07T15:04:36.911+00:00 CAN id=101 dlc=8 data=d8cf0400a8610000
2026-07-07T15:04:36.931+00:00 CAN id=101 dlc=8 data=d8cf0400a8610000
2026-07-07T15:04:36.951+00:00 CAN id=101 dlc=8 data=d8cf0400a8610000
2026-07-07T15:04:36.971+00:00 CAN id=101 dlc=8 data=d8cf0400a8610000
2026-07-07T15:04:36.991+00:00 CAN id=101 dlc=8 data=d8cf0400a8610000
2026-07-07T15:04:37.011+00:00 CAN id=101 dlc=8 data=d8cf0400a8610000
2026-07-07T15:04:37.031+00:00 CAN id=101 dlc=8 data=d8cf0400a8610000
2026-07-07T15:04:37.051+00:00 CAN id=101 dlc=8 data=d8cf0400a8610000
2026-07-07T15:04:37.058+00:00 VCP run=1 step=0 angle=315879 target=315352 err=-527 steer=-263 m1=104/7145 i1=82 t1=28 m2=-105/-10043 i2=-370 t2=27 steerMode=-1449/904 iSteer=-144282 driveMode=8594/6736 iDrive=225827 scale=0 wheel=25000
2026-07-07T15:04:37.058+00:00 VCP run=1 step=0 angle=315703 target=315352 err=-351 steer=0 m1=96/8594 i1=285 t1=28 m2=-193/-8594 i2=-179 t2=27 steerMode=0/-1647 iSteer=53067 driveMode=8594/6538 iDrive=232169 scale=0 wheel=25000
2026-07-07T15:04:37.071+00:00 CAN id=101 dlc=8 data=d8cf0400a8610000
2026-07-07T15:04:37.091+00:00 CAN id=101 dlc=8 data=d8cf0400a8610000
2026-07-07T15:04:37.111+00:00 CAN id=101 dlc=8 data=d8cf0400a8610000
2026-07-07T15:04:37.131+00:00 CAN id=101 dlc=8 data=d8cf0400a8610000
2026-07-07T15:04:37.151+00:00 CAN id=101 dlc=8 data=d8cf0400a8610000
2026-07-07T15:04:37.160+00:00 VCP run=1 step=0 angle=315967 target=315352 err=-615 steer=-307 m1=110/6903 i1=76 t1=28 m2=-153/-10284 i2=-381 t2=27 steerMode=-1691/756 iSteer=-152338 driveMode=8594/7229 iDrive=228291 scale=0 wheel=25000
2026-07-07T15:04:37.160+00:00 VCP SET_TARGET_RX steer=315352 wheel=25000
2026-07-07T15:04:37.171+00:00 CAN id=101 dlc=8 data=d8cf0400a8610000
2026-07-07T15:04:37.191+00:00 CAN id=101 dlc=8 data=d8cf0400a8610000
2026-07-07T15:04:37.211+00:00 CAN id=101 dlc=8 data=d8cf0400a8610000
2026-07-07T15:04:37.231+00:00 CAN id=101 dlc=8 data=d8cf0400a8610000
2026-07-07T15:04:37.251+00:00 CAN id=101 dlc=8 data=d8cf0400a8610000
2026-07-07T15:04:37.265+00:00 VCP run=1 step=0 angle=315703 target=315352 err=-351 steer=0 m1=167/8594 i1=194 t1=28 m2=-67/-8594 i2=-288 t2=27 steerMode=0/318 iSteer=-46780 driveMode=8594/6293 iDrive=240876 scale=0 wheel=25000
2026-07-07T15:04:37.271+00:00 CAN id=101 dlc=8 data=d8cf0400a8610000
2026-07-07T15:04:37.291+00:00 CAN id=101 dlc=8 data=d8cf0400a8610000
2026-07-07T15:04:37.311+00:00 CAN id=101 dlc=8 data=d8cf0400a8610000
2026-07-07T15:04:37.331+00:00 CAN id=101 dlc=8 data=d8cf0400a8610000
2026-07-07T15:04:37.351+00:00 CAN id=101 dlc=8 data=d8cf0400a8610000
2026-07-07T15:04:37.369+00:00 VCP run=1 step=0 angle=315967 target=315352 err=-615 steer=-307 m1=62/6903 i1=180 t1=28 m2=-178/-10284 i2=-330 t2=27 steerMode=-1691/-933 iSteer=-75144 driveMode=8594/5404 iDrive=255151 scale=0 wheel=25000
2026-07-07T15:04:37.371+00:00 CAN id=101 dlc=8 data=d8cf0400a8610000
2026-07-07T15:04:37.391+00:00 CAN id=101 dlc=8 data=d8cf0400a8610000
2026-07-07T15:04:37.411+00:00 CAN id=101 dlc=8 data=d8cf0400a8610000
2026-07-07T15:04:37.431+00:00 CAN id=101 dlc=8 data=d8cf0400a8610000
2026-07-07T15:04:37.451+00:00 CAN id=101 dlc=8 data=d8cf0400a8610000
2026-07-07T15:04:37.471+00:00 CAN id=101 dlc=8 data=d8cf0400a8610000
2026-07-07T15:04:37.491+00:00 CAN id=101 dlc=8 data=d8cf0400a8610000
2026-07-07T15:04:37.511+00:00 CAN id=101 dlc=8 data=d8cf0400a8610000
2026-07-07T15:04:37.531+00:00 CAN id=101 dlc=8 data=d8cf0400a8610000
2026-07-07T15:04:37.551+00:00 CAN id=101 dlc=8 data=d8cf0400a8610000
2026-07-07T15:04:37.558+00:00 VCP run=1 step=0 angle=315352 target=315352 err=0 steer=0 m1=0/8594 i1=372 t1=28 m2=-55/-8594 i2=-219 t2=27 steerMode=0/-2194 iSteer=76636 driveMode=8594/2295 iDrive=295652 scale=0 wheel=25000
2026-07-07T15:04:37.558+00:00 VCP run=1 step=0 angle=315703 target=315352 err=-351 steer=0 m1=100/8594 i1=158 t1=28 m2=-3/-8594 i2=-458 t2=27 steerMode=0/2332 iSteer=-149822 driveMode=8594/2464 iDrive=308017 scale=0 wheel=25000
2026-07-07T15:04:37.570+00:00 CAN id=101 dlc=8 data=d8cf0400a8610000
2026-07-07T15:04:37.591+00:00 CAN id=101 dlc=8 data=d8cf0400a8610000
2026-07-07T15:04:37.611+00:00 CAN id=101 dlc=8 data=d8cf0400a8610000
2026-07-07T15:04:37.631+00:00 CAN id=101 dlc=8 data=d8cf0400a8610000
2026-07-07T15:04:37.651+00:00 CAN id=101 dlc=8 data=d8cf0400a8610000
2026-07-07T15:04:37.660+00:00 VCP run=1 step=0 angle=316143 target=315352 err=-791 steer=-395 m1=37/6420 i1=193 t1=28 m2=0/-10768 i2=-499 t2=27 steerMode=-2174/46 iSteer=-153127 driveMode=8594/59 iDrive=345864 scale=0 wheel=25000
2026-07-07T15:04:37.660+00:00 VCP SET_TARGET_RX steer=315352 wheel=25000
2026-07-07T15:04:37.671+00:00 CAN id=101 dlc=8 data=d8cf0400a8610000
2026-07-07T15:04:37.691+00:00 CAN id=101 dlc=8 data=d8cf0400a8610000
2026-07-07T15:04:37.711+00:00 CAN id=101 dlc=8 data=d8cf0400a8610000
2026-07-07T15:04:37.731+00:00 CAN id=101 dlc=8 data=d8cf0400a8610000
2026-07-07T15:04:37.751+00:00 CAN id=101 dlc=8 data=d8cf0400a8610000
2026-07-07T15:04:37.765+00:00 VCP run=1 step=0 angle=316143 target=315352 err=-791 steer=-395 m1=0/6420 i1=205 t1=28 m2=0/-10768 i2=-519 t2=27 steerMode=-2174/-2 iSteer=-156949 driveMode=8594/-2 iDrive=362333 scale=0 wheel=25000
2026-07-07T15:04:37.770+00:00 CAN id=101 dlc=8 data=d8cf0400a8610000
2026-07-07T15:04:37.791+00:00 CAN id=101 dlc=8 data=d8cf0400a8610000
2026-07-07T15:04:37.811+00:00 CAN id=101 dlc=8 data=d8cf0400a8610000
2026-07-07T15:04:37.831+00:00 CAN id=101 dlc=8 data=d8cf0400a8610000
2026-07-07T15:04:37.851+00:00 CAN id=101 dlc=8 data=d8cf0400a8610000
2026-07-07T15:04:37.870+00:00 VCP run=1 step=0 angle=316143 target=315352 err=-791 steer=-395 m1=0/6420 i1=215 t1=28 m2=0/-10768 i2=-541 t2=27 steerMode=-2174/0 iSteer=-163126 driveMode=8594/0 iDrive=378297 scale=0 wheel=25000
2026-07-07T15:04:37.871+00:00 CAN id=101 dlc=8 data=d8cf0400a8610000
2026-07-07T15:04:37.891+00:00 CAN id=101 dlc=8 data=d8cf0400a8610000
2026-07-07T15:04:37.911+00:00 CAN id=101 dlc=8 data=d8cf0400a8610000
2026-07-07T15:04:37.931+00:00 CAN id=101 dlc=8 data=d8cf0400a8610000
2026-07-07T15:04:37.951+00:00 CAN id=101 dlc=8 data=d8cf0400a8610000
2026-07-07T15:04:37.971+00:00 CAN id=101 dlc=8 data=d8cf0400a8610000
2026-07-07T15:04:37.991+00:00 CAN id=101 dlc=8 data=d8cf0400a8610000
2026-07-07T15:04:38.011+00:00 CAN id=101 dlc=8 data=d8cf0400a8610000
2026-07-07T15:04:38.031+00:00 CAN id=101 dlc=8 data=d8cf0400a8610000
2026-07-07T15:04:38.051+00:00 CAN id=101 dlc=8 data=d8cf0400a8610000
2026-07-07T15:04:38.059+00:00 VCP run=1 step=0 angle=316143 target=315352 err=-791 steer=-395 m1=0/6420 i1=225 t1=28 m2=0/-10768 i2=-564 t2=27 steerMode=-2174/0 iSteer=-169258 driveMode=8594/0 iDrive=394453 scale=0 wheel=25000
2026-07-07T15:04:38.059+00:00 VCP run=1 step=0 angle=316143 target=315352 err=-791 steer=-395 m1=0/6420 i1=235 t1=28 m2=0/-10768 i2=-586 t2=27 steerMode=-2174/0 iSteer=-175388 driveMode=8594/0 iDrive=410610 scale=0 wheel=25000
2026-07-07T15:04:38.071+00:00 CAN id=101 dlc=8 data=d8cf0400a8610000
2026-07-07T15:04:38.091+00:00 CAN id=101 dlc=8 data=d8cf0400a8610000
2026-07-07T15:04:38.111+00:00 CAN id=101 dlc=8 data=d8cf0400a8610000
2026-07-07T15:04:38.131+00:00 CAN id=101 dlc=8 data=d8cf0400a8610000
2026-07-07T15:04:38.151+00:00 CAN id=101 dlc=8 data=d8cf0400a8610000
2026-07-07T15:04:38.161+00:00 VCP run=1 step=0 angle=316143 target=315352 err=-791 steer=-395 m1=2/6420 i1=245 t1=28 m2=0/-10768 i2=-608 t2=27 steerMode=-2174/3 iSteer=-181645 driveMode=8594/3 iDrive=426741 scale=0 wheel=25000
2026-07-07T15:04:38.161+00:00 VCP SET_TARGET_RX steer=315352 wheel=25000
2026-07-07T15:04:38.171+00:00 CAN id=101 dlc=8 data=d8cf0400a8610000
2026-07-07T15:04:38.191+00:00 CAN id=101 dlc=8 data=d8cf0400a8610000
2026-07-07T15:04:38.211+00:00 CAN id=101 dlc=8 data=d8cf0400a8610000
2026-07-07T15:04:38.231+00:00 CAN id=101 dlc=8 data=d8cf0400a8610000
2026-07-07T15:04:38.251+00:00 CAN id=101 dlc=8 data=d8cf0400a8610000
2026-07-07T15:04:38.266+00:00 VCP run=1 step=0 angle=316143 target=315352 err=-791 steer=-395 m1=0/6420 i1=256 t1=28 m2=-3/-10768 i2=-630 t2=27 steerMode=-2174/-15 iSteer=-186891 driveMode=8594/13 iDrive=442774 scale=0 wheel=25000
2026-07-07T15:04:38.271+00:00 CAN id=101 dlc=8 data=d8cf0400a8610000
2026-07-07T15:04:38.291+00:00 CAN id=101 dlc=8 data=d8cf0400a8610000
2026-07-07T15:04:38.311+00:00 CAN id=101 dlc=8 data=d8cf0400a8610000
2026-07-07T15:04:38.331+00:00 CAN id=101 dlc=8 data=d8cf0400a8610000
2026-07-07T15:04:38.351+00:00 CAN id=101 dlc=8 data=d8cf0400a8610000
2026-07-07T15:04:38.371+00:00 CAN id=101 dlc=8 data=d8cf0400a8610000
2026-07-07T15:04:38.391+00:00 CAN id=101 dlc=8 data=d8cf0400a8610000
2026-07-07T15:04:38.411+00:00 CAN id=101 dlc=8 data=d8cf0400a8610000
2026-07-07T15:04:38.431+00:00 CAN id=101 dlc=8 data=d8cf0400a8610000
2026-07-07T15:04:38.451+00:00 CAN id=101 dlc=8 data=d8cf0400a8610000
2026-07-07T15:04:38.454+00:00 VCP run=1 step=0 angle=316143 target=315352 err=-791 steer=-395 m1=0/6420 i1=265 t1=28 m2=0/-10768 i2=-652 t2=27 steerMode=-2174/-1 iSteer=-193592 driveMode=8594/1 iDrive=458839 scale=0 wheel=25000
2026-07-07T15:04:38.454+00:00 VCP run=1 step=0 angle=316143 target=315352 err=-791 steer=-395 m1=0/6420 i1=275 t1=28 m2=0/-10768 i2=-675 t2=27 steerMode=-2174/0 iSteer=-199774 driveMode=8594/0 iDrive=475006 scale=0 wheel=25000
2026-07-07T15:04:38.471+00:00 CAN id=101 dlc=8 data=d8cf0400a8610000
2026-07-07T15:04:38.491+00:00 CAN id=101 dlc=8 data=d8cf0400a8610000
2026-07-07T15:04:38.511+00:00 CAN id=101 dlc=8 data=d8cf0400a8610000
2026-07-07T15:04:38.531+00:00 CAN id=101 dlc=8 data=d8cf0400a8610000
2026-07-07T15:04:38.551+00:00 CAN id=101 dlc=8 data=d8cf0400a8610000
2026-07-07T15:04:38.559+00:00 VCP run=1 step=0 angle=316143 target=315352 err=-791 steer=-395 m1=0/6420 i1=285 t1=28 m2=0/-10768 i2=-697 t2=27 steerMode=-2174/0 iSteer=-205906 driveMode=8594/0 iDrive=491162 scale=0 wheel=25000
2026-07-07T15:04:38.571+00:00 CAN id=101 dlc=8 data=d8cf0400a8610000
2026-07-07T15:04:38.591+00:00 CAN id=101 dlc=8 data=d8cf0400a8610000
2026-07-07T15:04:38.611+00:00 CAN id=101 dlc=8 data=d8cf0400a8610000
2026-07-07T15:04:38.631+00:00 CAN id=101 dlc=8 data=d8cf0400a8610000
2026-07-07T15:04:38.651+00:00 BENCH disable sent
2026-07-07T15:04:38.651+00:00 CAN id=121 dlc=2 data=0100
2026-07-07T15:04:38.651+00:00 CAN id=121 dlc=2 data=0100
2026-07-07T15:04:38.760+00:00 VCP run=1 step=0 angle=316143 target=315352 err=-791 steer=-395 m1=0/6420 i1=295 t1=28 m2=0/-10768 i2=-719 t2=27 steerMode=-2174/1 iSteer=-212107 driveMode=8594/1 iDrive=507304 scale=0 wheel=25000
2026-07-07T15:04:38.760+00:00 VCP UNIT_CTRL enable=0
2026-07-07T15:04:38.760+00:00 VCP UNIT_CTRL enable=0
2026-07-07T15:04:38.760+00:00 VCP STOP: disabled
2026-07-07T15:04:39.051+00:00 BENCH log closed
