2026-07-07T15:05:53.100+00:00 BENCH log opened: firmware/logs/baked-clamp400-rpm25-run2.log
2026-07-07T15:05:53.101+00:00 BENCH run: steer=315.352deg (315352mdeg) wheel=25.0rpm (25000milli-rpm) rate=50.0Hz duration=10.0s
2026-07-07T15:05:53.101+00:00 CAN id=121 dlc=2 data=0101
2026-07-07T15:05:53.101+00:00 BENCH enable sent
2026-07-07T15:05:53.101+00:00 CAN id=101 dlc=8 data=d8cf0400a8610000
2026-07-07T15:05:53.120+00:00 VCP NIT_CTRL enable=0
2026-07-07T15:05:53.120+00:00 VCP UNIT_CTRL enable=0
2026-07-07T15:05:53.120+00:00 VCP UNIT_CTRL enable=1
2026-07-07T15:05:53.120+00:00 VCP SET_TARGET_RX steer=315352 wheel=25000
2026-07-07T15:05:53.120+00:00 VCP START_CAN: angle=316055 target=315352 wheelTarget=25000
2026-07-07T15:05:53.121+00:00 CAN id=101 dlc=8 data=d8cf0400a8610000
2026-07-07T15:05:53.142+00:00 CAN id=101 dlc=8 data=d8cf0400a8610000
2026-07-07T15:05:53.162+00:00 CAN id=101 dlc=8 data=d8cf0400a8610000
2026-07-07T15:05:53.182+00:00 CAN id=101 dlc=8 data=d8cf0400a8610000
2026-07-07T15:05:53.202+00:00 CAN id=101 dlc=8 data=d8cf0400a8610000
2026-07-07T15:05:53.220+00:00 VCP run=1 step=0 angle=316055 target=315352 err=-703 steer=-250 m1=0/-1031 i1=-65 t1=28 m2=0/-1719 i2=-72 t2=27 steerMode=-1375/0 iSteer=-68956 driveMode=344/0 iDrive=3472 scale=0 wheel=1000
2026-07-07T15:05:53.221+00:00 CAN id=101 dlc=8 data=d8cf0400a8610000
2026-07-07T15:05:53.241+00:00 CAN id=101 dlc=8 data=d8cf0400a8610000
2026-07-07T15:05:53.261+00:00 CAN id=101 dlc=8 data=d8cf0400a8610000
2026-07-07T15:05:53.281+00:00 CAN id=101 dlc=8 data=d8cf0400a8610000
2026-07-07T15:05:53.301+00:00 CAN id=101 dlc=8 data=d8cf0400a8610000
2026-07-07T15:05:53.321+00:00 CAN id=101 dlc=8 data=d8cf0400a8610000
2026-07-07T15:05:53.341+00:00 CAN id=101 dlc=8 data=d8cf0400a8610000
2026-07-07T15:05:53.361+00:00 CAN id=101 dlc=8 data=d8cf0400a8610000
2026-07-07T15:05:53.381+00:00 CAN id=101 dlc=8 data=d8cf0400a8610000
2026-07-07T15:05:53.401+00:00 CAN id=101 dlc=8 data=d8cf0400a8610000
2026-07-07T15:05:53.409+00:00 VCP run=1 step=0 angle=316055 target=315352 err=-703 steer=-351 m1=0/4530 i1=-29 t1=28 m2=-3/-8395 i2=-169 t2=27 steerMode=-1932/-57 iSteer=-98971 driveMode=6462/52 iDrive=70261 scale=0 wheel=18800
2026-07-07T15:05:53.409+00:00 VCP run=1 step=0 angle=316055 target=315352 err=-703 steer=-351 m1=0/6661 i1=1 t1=28 m2=0/-10526 i2=-215 t2=27 steerMode=-1932/-6 iSteer=-107000 driveMode=8594/5 iDrive=107567 scale=0 wheel=25000
2026-07-07T15:05:53.421+00:00 CAN id=101 dlc=8 data=d8cf0400a8610000
2026-07-07T15:05:53.441+00:00 CAN id=101 dlc=8 data=d8cf0400a8610000
2026-07-07T15:05:53.461+00:00 CAN id=101 dlc=8 data=d8cf0400a8610000
2026-07-07T15:05:53.481+00:00 CAN id=101 dlc=8 data=d8cf0400a8610000
2026-07-07T15:05:53.501+00:00 CAN id=101 dlc=8 data=d8cf0400a8610000
2026-07-07T15:05:53.514+00:00 VCP run=1 step=0 angle=316055 target=315352 err=-703 steer=-351 m1=0/6661 i1=11 t1=28 m2=0/-10526 i2=-236 t2=27 steerMode=-1932/-4 iSteer=-112561 driveMode=8594/4 iDrive=123725 scale=0 wheel=25000
2026-07-07T15:05:53.521+00:00 CAN id=101 dlc=8 data=d8cf0400a8610000
2026-07-07T15:05:53.541+00:00 CAN id=101 dlc=8 data=d8cf0400a8610000
2026-07-07T15:05:53.561+00:00 CAN id=101 dlc=8 data=d8cf0400a8610000
2026-07-07T15:05:53.581+00:00 CAN id=101 dlc=8 data=d8cf0400a8610000
2026-07-07T15:05:53.601+00:00 CAN id=101 dlc=8 data=d8cf0400a8610000
2026-07-07T15:05:53.616+00:00 VCP run=1 step=0 angle=316143 target=315352 err=-791 steer=-395 m1=0/6420 i1=10 t1=28 m2=-3/-10768 i2=-269 t2=27 steerMode=-2174/-22 iSteer=-129235 driveMode=8594/22 iDrive=139683 scale=0 wheel=25000
2026-07-07T15:05:53.616+00:00 VCP SET_TARGET_RX steer=315352 wheel=25000
2026-07-07T15:05:53.621+00:00 CAN id=101 dlc=8 data=d8cf0400a8610000
2026-07-07T15:05:53.641+00:00 CAN id=101 dlc=8 data=d8cf0400a8610000
2026-07-07T15:05:53.661+00:00 CAN id=101 dlc=8 data=d8cf0400a8610000
2026-07-07T15:05:53.681+00:00 CAN id=101 dlc=8 data=d8cf0400a8610000
2026-07-07T15:05:53.701+00:00 CAN id=101 dlc=8 data=d8cf0400a8610000
2026-07-07T15:05:53.721+00:00 VCP run=1 step=0 angle=316055 target=315352 err=-703 steer=-351 m1=0/6661 i1=32 t1=28 m2=0/-10526 i2=-279 t2=27 steerMode=-1932/-1 iSteer=-123623 driveMode=8594/1 iDrive=155856 scale=0 wheel=25000
2026-07-07T15:05:53.721+00:00 CAN id=101 dlc=8 data=d8cf0400a8610000
2026-07-07T15:05:53.741+00:00 CAN id=101 dlc=8 data=d8cf0400a8610000
2026-07-07T15:05:53.761+00:00 CAN id=101 dlc=8 data=d8cf0400a8610000
2026-07-07T15:05:53.781+00:00 CAN id=101 dlc=8 data=d8cf0400a8610000
2026-07-07T15:05:53.801+00:00 CAN id=101 dlc=8 data=d8cf0400a8610000
2026-07-07T15:05:53.821+00:00 CAN id=101 dlc=8 data=d8cf0400a8610000
2026-07-07T15:05:53.841+00:00 CAN id=101 dlc=8 data=d8cf0400a8610000
2026-07-07T15:05:53.861+00:00 CAN id=101 dlc=8 data=d8cf0400a8610000
2026-07-07T15:05:53.881+00:00 CAN id=101 dlc=8 data=d8cf0400a8610000
2026-07-07T15:05:53.901+00:00 CAN id=101 dlc=8 data=d8cf0400a8610000
2026-07-07T15:05:53.909+00:00 VCP run=1 step=0 angle=316055 target=315352 err=-703 steer=-351 m1=0/6661 i1=43 t1=28 m2=0/-10526 i2=-300 t2=27 steerMode=-1932/-16 iSteer=-128355 driveMode=8594/17 iDrive=171835 scale=0 wheel=25000
2026-07-07T15:05:53.909+00:00 VCP run=1 step=0 angle=316055 target=315352 err=-703 steer=-351 m1=0/6661 i1=53 t1=28 m2=0/-10526 i2=-323 t2=27 steerMode=-1932/-1 iSteer=-134601 driveMode=8594/1 iDrive=187968 scale=0 wheel=25000
2026-07-07T15:05:53.921+00:00 CAN id=101 dlc=8 data=d8cf0400a8610000
2026-07-07T15:05:53.941+00:00 CAN id=101 dlc=8 data=d8cf0400a8610000
2026-07-07T15:05:53.961+00:00 CAN id=101 dlc=8 data=d8cf0400a8610000
2026-07-07T15:05:53.981+00:00 CAN id=101 dlc=8 data=d8cf0400a8610000
2026-07-07T15:05:54.001+00:00 CAN id=101 dlc=8 data=d8cf0400a8610000
2026-07-07T15:05:54.015+00:00 VCP run=1 step=0 angle=316055 target=315352 err=-703 steer=-351 m1=0/6661 i1=64 t1=28 m2=0/-10526 i2=-344 t2=27 steerMode=-1932/4 iSteer=-140349 driveMode=8594/9 iDrive=204022 scale=0 wheel=25000
2026-07-07T15:05:54.021+00:00 CAN id=101 dlc=8 data=d8cf0400a8610000
2026-07-07T15:05:54.041+00:00 CAN id=101 dlc=8 data=d8cf0400a8610000
2026-07-07T15:05:54.061+00:00 CAN id=101 dlc=8 data=d8cf0400a8610000
2026-07-07T15:05:54.081+00:00 CAN id=101 dlc=8 data=d8cf0400a8610000
2026-07-07T15:05:54.101+00:00 CAN id=101 dlc=8 data=d8cf0400a8610000
2026-07-07T15:05:54.117+00:00 VCP run=1 step=0 angle=316055 target=315352 err=-703 steer=-351 m1=0/6661 i1=75 t1=28 m2=0/-10526 i2=-366 t2=27 steerMode=-1932/0 iSteer=-145616 driveMode=8594/0 iDrive=220282 scale=0 wheel=25000
2026-07-07T15:05:54.117+00:00 VCP SET_TARGET_RX steer=315352 wheel=25000
2026-07-07T15:05:54.121+00:00 CAN id=101 dlc=8 data=d8cf0400a8610000
2026-07-07T15:05:54.141+00:00 CAN id=101 dlc=8 data=d8cf0400a8610000
2026-07-07T15:05:54.161+00:00 CAN id=101 dlc=8 data=d8cf0400a8610000
2026-07-07T15:05:54.181+00:00 CAN id=101 dlc=8 data=d8cf0400a8610000
2026-07-07T15:05:54.201+00:00 CAN id=101 dlc=8 data=d8cf0400a8610000
2026-07-07T15:05:54.221+00:00 CAN id=101 dlc=8 data=d8cf0400a8610000
2026-07-07T15:05:54.222+00:00 VCP run=1 step=0 angle=316055 target=315352 err=-703 steer=-351 m1=0/6661 i1=85 t1=28 m2=0/-10526 i2=-387 t2=27 steerMode=-1932/-6 iSteer=-150994 driveMode=8594/-2 iDrive=236431 scale=0 wheel=25000
2026-07-07T15:05:54.241+00:00 CAN id=101 dlc=8 data=d8cf0400a8610000
2026-07-07T15:05:54.261+00:00 CAN id=101 dlc=8 data=d8cf0400a8610000
2026-07-07T15:05:54.281+00:00 CAN id=101 dlc=8 data=d8cf0400a8610000
2026-07-07T15:05:54.301+00:00 CAN id=101 dlc=8 data=d8cf0400a8610000
2026-07-07T15:05:54.321+00:00 CAN id=101 dlc=8 data=d8cf0400a8610000
2026-07-07T15:05:54.341+00:00 CAN id=101 dlc=8 data=d8cf0400a8610000
2026-07-07T15:05:54.361+00:00 CAN id=101 dlc=8 data=d8cf0400a8610000
2026-07-07T15:05:54.381+00:00 CAN id=101 dlc=8 data=d8cf0400a8610000
2026-07-07T15:05:54.401+00:00 CAN id=101 dlc=8 data=d8cf0400a8610000
2026-07-07T15:05:54.411+00:00 VCP run=1 step=0 angle=316143 target=315352 err=-791 steer=-395 m1=0/6420 i1=84 t1=28 m2=0/-10768 i2=-421 t2=27 steerMode=-2174/-1 iSteer=-168753 driveMode=8594/1 iDrive=252547 scale=0 wheel=25000
2026-07-07T15:05:54.411+00:00 VCP run=1 step=0 angle=316055 target=315352 err=-703 steer=-351 m1=0/6661 i1=106 t1=28 m2=0/-10526 i2=-431 t2=27 steerMode=-1932/0 iSteer=-162278 driveMode=8594/0 iDrive=268712 scale=0 wheel=25000
2026-07-07T15:05:54.421+00:00 CAN id=101 dlc=8 data=d8cf0400a8610000
2026-07-07T15:05:54.441+00:00 CAN id=101 dlc=8 data=d8cf0400a8610000
2026-07-07T15:05:54.461+00:00 CAN id=101 dlc=8 data=d8cf0400a8610000
2026-07-07T15:05:54.481+00:00 CAN id=101 dlc=8 data=d8cf0400a8610000
2026-07-07T15:05:54.501+00:00 CAN id=101 dlc=8 data=d8cf0400a8610000
2026-07-07T15:05:54.516+00:00 VCP run=1 step=0 angle=316055 target=315352 err=-703 steer=-351 m1=0/6661 i1=117 t1=28 m2=0/-10526 i2=-453 t2=27 steerMode=-1932/-1 iSteer=-167732 driveMode=8594/1 iDrive=284846 scale=0 wheel=25000
2026-07-07T15:05:54.521+00:00 CAN id=101 dlc=8 data=d8cf0400a8610000
2026-07-07T15:05:54.541+00:00 CAN id=101 dlc=8 data=d8cf0400a8610000
2026-07-07T15:05:54.561+00:00 CAN id=101 dlc=8 data=d8cf0400a8610000
2026-07-07T15:05:54.581+00:00 CAN id=101 dlc=8 data=d8cf0400a8610000
2026-07-07T15:05:54.601+00:00 CAN id=101 dlc=8 data=d8cf0400a8610000
2026-07-07T15:05:54.618+00:00 VCP run=1 step=0 angle=316055 target=315352 err=-703 steer=-351 m1=0/6661 i1=128 t1=28 m2=0/-10526 i2=-474 t2=27 steerMode=-1932/0 iSteer=-173271 driveMode=8594/0 iDrive=301010 scale=0 wheel=25000
2026-07-07T15:05:54.618+00:00 VCP SET_TARGET_RX steer=315352 wheel=25000
2026-07-07T15:05:54.621+00:00 CAN id=101 dlc=8 data=d8cf0400a8610000
2026-07-07T15:05:54.641+00:00 CAN id=101 dlc=8 data=d8cf0400a8610000
2026-07-07T15:05:54.661+00:00 CAN id=101 dlc=8 data=d8cf0400a8610000
2026-07-07T15:05:54.681+00:00 CAN id=101 dlc=8 data=d8cf0400a8610000
2026-07-07T15:05:54.701+00:00 CAN id=101 dlc=8 data=d8cf0400a8610000
2026-07-07T15:05:54.721+00:00 CAN id=101 dlc=8 data=d8cf0400a8610000
2026-07-07T15:05:54.741+00:00 CAN id=101 dlc=8 data=d8cf0400a8610000
2026-07-07T15:05:54.761+00:00 CAN id=101 dlc=8 data=d8cf0400a8610000
2026-07-07T15:05:54.781+00:00 CAN id=101 dlc=8 data=d8cf0400a8610000
2026-07-07T15:05:54.801+00:00 CAN id=101 dlc=8 data=d8cf0400a8610000
2026-07-07T15:05:54.806+00:00 VCP run=1 step=0 angle=316055 target=315352 err=-703 steer=-351 m1=0/6661 i1=139 t1=28 m2=0/-10526 i2=-495 t2=27 steerMode=-1932/-10 iSteer=-178258 driveMode=8594/10 iDrive=317049 scale=0 wheel=25000
2026-07-07T15:05:54.806+00:00 VCP run=1 step=0 angle=316055 target=315352 err=-703 steer=-351 m1=0/6661 i1=149 t1=28 m2=0/-10526 i2=-517 t2=27 steerMode=-1932/0 iSteer=-184262 driveMode=8594/0 iDrive=333127 scale=0 wheel=25000
2026-07-07T15:05:54.821+00:00 CAN id=101 dlc=8 data=d8cf0400a8610000
2026-07-07T15:05:54.841+00:00 CAN id=101 dlc=8 data=d8cf0400a8610000
2026-07-07T15:05:54.861+00:00 CAN id=101 dlc=8 data=d8cf0400a8610000
2026-07-07T15:05:54.881+00:00 CAN id=101 dlc=8 data=d8cf0400a8610000
2026-07-07T15:05:54.901+00:00 CAN id=101 dlc=8 data=d8cf0400a8610000
2026-07-07T15:05:54.911+00:00 VCP run=1 step=0 angle=316055 target=315352 err=-703 steer=-351 m1=0/6661 i1=160 t1=28 m2=0/-10526 i2=-539 t2=27 steerMode=-1932/-1 iSteer=-189712 driveMode=8594/1 iDrive=349252 scale=0 wheel=25000
2026-07-07T15:05:54.921+00:00 CAN id=101 dlc=8 data=d8cf0400a8610000
2026-07-07T15:05:54.941+00:00 CAN id=101 dlc=8 data=d8cf0400a8610000
2026-07-07T15:05:54.961+00:00 CAN id=101 dlc=8 data=d8cf0400a8610000
2026-07-07T15:05:54.981+00:00 CAN id=101 dlc=8 data=d8cf0400a8610000
2026-07-07T15:05:55.001+00:00 CAN id=101 dlc=8 data=d8cf0400a8610000
2026-07-07T15:05:55.016+00:00 VCP run=1 step=0 angle=316055 target=315352 err=-703 steer=-351 m1=0/6661 i1=170 t1=28 m2=0/-10526 i2=-561 t2=27 steerMode=-1932/0 iSteer=-195304 driveMode=8594/0 iDrive=365422 scale=0 wheel=25000
2026-07-07T15:05:55.021+00:00 CAN id=101 dlc=8 data=d8cf0400a8610000
2026-07-07T15:05:55.041+00:00 CAN id=101 dlc=8 data=d8cf0400a8610000
2026-07-07T15:05:55.061+00:00 CAN id=101 dlc=8 data=d8cf0400a8610000
2026-07-07T15:05:55.081+00:00 CAN id=101 dlc=8 data=d8cf0400a8610000
2026-07-07T15:05:55.101+00:00 CAN id=101 dlc=8 data=d8cf0400a8610000
2026-07-07T15:05:55.118+00:00 VCP run=1 step=0 angle=316143 target=315352 err=-791 steer=-395 m1=0/6420 i1=169 t1=28 m2=0/-10768 i2=-594 t2=27 steerMode=-2174/-4 iSteer=-212788 driveMode=8594/4 iDrive=381525 scale=0 wheel=25000
2026-07-07T15:05:55.118+00:00 VCP SET_TARGET_RX steer=315352 wheel=25000
2026-07-07T15:05:55.121+00:00 CAN id=101 dlc=8 data=d8cf0400a8610000
2026-07-07T15:05:55.141+00:00 CAN id=101 dlc=8 data=d8cf0400a8610000
2026-07-07T15:05:55.161+00:00 CAN id=101 dlc=8 data=d8cf0400a8610000
2026-07-07T15:05:55.181+00:00 CAN id=101 dlc=8 data=d8cf0400a8610000
2026-07-07T15:05:55.201+00:00 CAN id=101 dlc=8 data=d8cf0400a8610000
2026-07-07T15:05:55.221+00:00 CAN id=101 dlc=8 data=d8cf0400a8610000
2026-07-07T15:05:55.241+00:00 CAN id=101 dlc=8 data=d8cf0400a8610000
2026-07-07T15:05:55.261+00:00 CAN id=101 dlc=8 data=d8cf0400a8610000
2026-07-07T15:05:55.281+00:00 CAN id=101 dlc=8 data=d8cf0400a8610000
2026-07-07T15:05:55.301+00:00 CAN id=101 dlc=8 data=d8cf0400a8610000
2026-07-07T15:05:55.307+00:00 VCP run=1 step=0 angle=316055 target=315352 err=-703 steer=-351 m1=0/6661 i1=191 t1=28 m2=0/-10526 i2=-604 t2=27 steerMode=-1932/0 iSteer=-206381 driveMode=8594/0 iDrive=397717 scale=0 wheel=25000
2026-07-07T15:05:55.307+00:00 VCP run=1 step=0 angle=316055 target=315352 err=-703 steer=-351 m1=0/6661 i1=202 t1=28 m2=0/-10526 i2=-626 t2=27 steerMode=-1932/-2 iSteer=-211733 driveMode=8594/2 iDrive=413834 scale=0 wheel=25000
2026-07-07T15:05:55.321+00:00 CAN id=101 dlc=8 data=d8cf0400a8610000
2026-07-07T15:05:55.341+00:00 CAN id=101 dlc=8 data=d8cf0400a8610000
2026-07-07T15:05:55.361+00:00 CAN id=101 dlc=8 data=d8cf0400a8610000
2026-07-07T15:05:55.381+00:00 CAN id=101 dlc=8 data=d8cf0400a8610000
2026-07-07T15:05:55.401+00:00 CAN id=101 dlc=8 data=d8cf0400a8610000
2026-07-07T15:05:55.412+00:00 VCP run=1 step=0 angle=316055 target=315352 err=-703 steer=-351 m1=0/6661 i1=213 t1=28 m2=0/-10526 i2=-647 t2=27 steerMode=-1932/-1 iSteer=-217314 driveMode=8594/-1 iDrive=430027 scale=0 wheel=25000
2026-07-07T15:05:55.421+00:00 CAN id=101 dlc=8 data=d8cf0400a8610000
2026-07-07T15:05:55.441+00:00 CAN id=101 dlc=8 data=d8cf0400a8610000
2026-07-07T15:05:55.461+00:00 CAN id=101 dlc=8 data=d8cf0400a8610000
2026-07-07T15:05:55.481+00:00 CAN id=101 dlc=8 data=d8cf0400a8610000
2026-07-07T15:05:55.501+00:00 CAN id=101 dlc=8 data=d8cf0400a8610000
2026-07-07T15:05:55.517+00:00 VCP run=1 step=0 angle=316055 target=315352 err=-703 steer=-351 m1=0/6661 i1=223 t1=28 m2=0/-10526 i2=-669 t2=27 steerMode=-1932/-5 iSteer=-222593 driveMode=8594/5 iDrive=445936 scale=0 wheel=25000
2026-07-07T15:05:55.521+00:00 CAN id=101 dlc=8 data=d8cf0400a8610000
2026-07-07T15:05:55.541+00:00 CAN id=101 dlc=8 data=d8cf0400a8610000
2026-07-07T15:05:55.561+00:00 CAN id=101 dlc=8 data=d8cf0400a8610000
2026-07-07T15:05:55.581+00:00 CAN id=101 dlc=8 data=d8cf0400a8610000
2026-07-07T15:05:55.601+00:00 CAN id=101 dlc=8 data=d8cf0400a8610000
2026-07-07T15:05:55.619+00:00 VCP run=1 step=0 angle=316055 target=315352 err=-703 steer=-351 m1=0/6661 i1=234 t1=28 m2=0/-10526 i2=-690 t2=27 steerMode=-1932/0 iSteer=-228338 driveMode=8594/0 iDrive=462138 scale=0 wheel=25000
2026-07-07T15:05:55.619+00:00 VCP SET_TARGET_RX steer=315352 wheel=25000
2026-07-07T15:05:55.621+00:00 CAN id=101 dlc=8 data=d8cf0400a8610000
2026-07-07T15:05:55.641+00:00 CAN id=101 dlc=8 data=d8cf0400a8610000
2026-07-07T15:05:55.661+00:00 CAN id=101 dlc=8 data=d8cf0400a8610000
2026-07-07T15:05:55.681+00:00 CAN id=101 dlc=8 data=d8cf0400a8610000
2026-07-07T15:05:55.701+00:00 CAN id=101 dlc=8 data=d8cf0400a8610000
2026-07-07T15:05:55.721+00:00 CAN id=101 dlc=8 data=d8cf0400a8610000
2026-07-07T15:05:55.741+00:00 CAN id=101 dlc=8 data=d8cf0400a8610000
2026-07-07T15:05:55.761+00:00 CAN id=101 dlc=8 data=d8cf0400a8610000
2026-07-07T15:05:55.781+00:00 CAN id=101 dlc=8 data=d8cf0400a8610000
2026-07-07T15:05:55.801+00:00 CAN id=101 dlc=8 data=d8cf0400a8610000
2026-07-07T15:05:55.807+00:00 VCP run=1 step=0 angle=316055 target=315352 err=-703 steer=-351 m1=0/6661 i1=245 t1=28 m2=0/-10526 i2=-712 t2=27 steerMode=-1932/-5 iSteer=-233580 driveMode=8594/4 iDrive=478237 scale=0 wheel=25000
2026-07-07T15:05:55.807+00:00 VCP run=1 step=0 angle=316055 target=315352 err=-703 steer=-351 m1=0/6661 i1=255 t1=28 m2=0/-10526 i2=-734 t2=27 steerMode=-1932/0 iSteer=-239253 driveMode=8594/0 iDrive=494261 scale=0 wheel=25000
2026-07-07T15:05:55.821+00:00 CAN id=101 dlc=8 data=d8cf0400a8610000
2026-07-07T15:05:55.841+00:00 CAN id=101 dlc=8 data=d8cf0400a8610000
2026-07-07T15:05:55.861+00:00 CAN id=101 dlc=8 data=d8cf0400a8610000
2026-07-07T15:05:55.881+00:00 CAN id=101 dlc=8 data=d8cf0400a8610000
2026-07-07T15:05:55.901+00:00 CAN id=101 dlc=8 data=d8cf0400a8610000
2026-07-07T15:05:55.913+00:00 VCP run=1 step=0 angle=316055 target=315352 err=-703 steer=-351 m1=0/6661 i1=266 t1=28 m2=0/-10526 i2=-755 t2=27 steerMode=-1932/-2 iSteer=-244697 driveMode=8594/2 iDrive=510384 scale=0 wheel=25000
2026-07-07T15:05:55.921+00:00 CAN id=101 dlc=8 data=d8cf0400a8610000
2026-07-07T15:05:55.941+00:00 CAN id=101 dlc=8 data=d8cf0400a8610000
2026-07-07T15:05:55.961+00:00 CAN id=101 dlc=8 data=d8cf0400a8610000
2026-07-07T15:05:55.981+00:00 CAN id=101 dlc=8 data=d8cf0400a8610000
2026-07-07T15:05:56.001+00:00 CAN id=101 dlc=8 data=d8cf0400a8610000
2026-07-07T15:05:56.018+00:00 VCP run=1 step=0 angle=316055 target=315352 err=-703 steer=-351 m1=0/6661 i1=276 t1=28 m2=0/-10526 i2=-777 t2=27 steerMode=-1932/0 iSteer=-250387 driveMode=8594/0 iDrive=526556 scale=0 wheel=25000
2026-07-07T15:05:56.021+00:00 CAN id=101 dlc=8 data=d8cf0400a8610000
2026-07-07T15:05:56.041+00:00 CAN id=101 dlc=8 data=d8cf0400a8610000
2026-07-07T15:05:56.061+00:00 CAN id=101 dlc=8 data=d8cf0400a8610000
2026-07-07T15:05:56.082+00:00 CAN id=101 dlc=8 data=d8cf0400a8610000
2026-07-07T15:05:56.101+00:00 CAN id=101 dlc=8 data=d8cf0400a8610000
2026-07-07T15:05:56.120+00:00 VCP run=1 step=0 angle=316055 target=315352 err=-703 steer=-351 m1=0/6661 i1=287 t1=28 m2=0/-10526 i2=-799 t2=27 steerMode=-1932/-2 iSteer=-255849 driveMode=8594/1 iDrive=542681 scale=0 wheel=25000
2026-07-07T15:05:56.120+00:00 VCP SET_TARGET_RX steer=315352 wheel=25000
2026-07-07T15:05:56.121+00:00 CAN id=101 dlc=8 data=d8cf0400a8610000
2026-07-07T15:05:56.141+00:00 CAN id=101 dlc=8 data=d8cf0400a8610000
2026-07-07T15:05:56.161+00:00 CAN id=101 dlc=8 data=d8cf0400a8610000
2026-07-07T15:05:56.181+00:00 CAN id=101 dlc=8 data=d8cf0400a8610000
2026-07-07T15:05:56.201+00:00 CAN id=101 dlc=8 data=d8cf0400a8610000
2026-07-07T15:05:56.221+00:00 CAN id=101 dlc=8 data=d8cf0400a8610000
2026-07-07T15:05:56.241+00:00 CAN id=101 dlc=8 data=d8cf0400a8610000
2026-07-07T15:05:56.261+00:00 CAN id=101 dlc=8 data=d8cf0400a8610000
2026-07-07T15:05:56.281+00:00 CAN id=101 dlc=8 data=d8cf0400a8610000
2026-07-07T15:05:56.301+00:00 CAN id=101 dlc=8 data=d8cf0400a8610000
2026-07-07T15:05:56.308+00:00 VCP run=1 step=0 angle=316055 target=315352 err=-703 steer=-351 m1=0/6661 i1=298 t1=28 m2=0/-10526 i2=-820 t2=27 steerMode=-1932/-3 iSteer=-261267 driveMode=8594/3 iDrive=558799 scale=0 wheel=25000
2026-07-07T15:05:56.308+00:00 VCP run=1 step=0 angle=316055 target=315352 err=-703 steer=-351 m1=0/6661 i1=308 t1=28 m2=0/-10526 i2=-842 t2=27 steerMode=-1932/0 iSteer=-266879 driveMode=8594/0 iDrive=574814 scale=0 wheel=25000
2026-07-07T15:05:56.321+00:00 CAN id=101 dlc=8 data=d8cf0400a8610000
2026-07-07T15:05:56.341+00:00 CAN id=101 dlc=8 data=d8cf0400a8610000
2026-07-07T15:05:56.361+00:00 CAN id=101 dlc=8 data=d8cf0400a8610000
2026-07-07T15:05:56.381+00:00 CAN id=101 dlc=8 data=d8cf0400a8610000
2026-07-07T15:05:56.401+00:00 CAN id=101 dlc=8 data=d8cf0400a8610000
2026-07-07T15:05:56.413+00:00 VCP run=1 step=0 angle=316055 target=315352 err=-703 steer=-351 m1=0/6661 i1=319 t1=28 m2=0/-10526 i2=-863 t2=27 steerMode=-1932/-6 iSteer=-272128 driveMode=8594/-2 iDrive=590981 scale=0 wheel=25000
2026-07-07T15:05:56.421+00:00 CAN id=101 dlc=8 data=d8cf0400a8610000
2026-07-07T15:05:56.441+00:00 CAN id=101 dlc=8 data=d8cf0400a8610000
2026-07-07T15:05:56.461+00:00 CAN id=101 dlc=8 data=d8cf0400a8610000
2026-07-07T15:05:56.481+00:00 CAN id=101 dlc=8 data=d8cf0400a8610000
2026-07-07T15:05:56.501+00:00 CAN id=101 dlc=8 data=d8cf0400a8610000
2026-07-07T15:05:56.518+00:00 VCP run=1 step=0 angle=316055 target=315352 err=-703 steer=-351 m1=0/6661 i1=330 t1=28 m2=0/-10526 i2=-884 t2=27 steerMode=-1932/-18 iSteer=-276875 driveMode=8594/18 iDrive=606731 scale=0 wheel=25000
2026-07-07T15:05:56.521+00:00 CAN id=101 dlc=8 data=d8cf0400a8610000
2026-07-07T15:05:56.541+00:00 CAN id=101 dlc=8 data=d8cf0400a8610000
2026-07-07T15:05:56.561+00:00 CAN id=101 dlc=8 data=d8cf0400a8610000
2026-07-07T15:05:56.581+00:00 CAN id=101 dlc=8 data=d8cf0400a8610000
2026-07-07T15:05:56.601+00:00 CAN id=101 dlc=8 data=d8cf0400a8610000
2026-07-07T15:05:56.621+00:00 VCP run=1 step=0 angle=316143 target=315352 err=-791 steer=-395 m1=0/6420 i1=328 t1=28 m2=-5/-10768 i2=-917 t2=27 steerMode=-2174/-16 iSteer=-294521 driveMode=8594/16 iDrive=622707 scale=0 wheel=25000
2026-07-07T15:05:56.621+00:00 VCP SET_TARGET_RX steer=315352 wheel=25000
2026-07-07T15:05:56.621+00:00 CAN id=101 dlc=8 data=d8cf0400a8610000
2026-07-07T15:05:56.641+00:00 CAN id=101 dlc=8 data=d8cf0400a8610000
2026-07-07T15:05:56.661+00:00 CAN id=101 dlc=8 data=d8cf0400a8610000
2026-07-07T15:05:56.681+00:00 CAN id=101 dlc=8 data=d8cf0400a8610000
2026-07-07T15:05:56.701+00:00 CAN id=101 dlc=8 data=d8cf0400a8610000
2026-07-07T15:05:56.721+00:00 CAN id=101 dlc=8 data=d8cf0400a8610000
2026-07-07T15:05:56.741+00:00 CAN id=101 dlc=8 data=d8cf0400a8610000
2026-07-07T15:05:56.761+00:00 CAN id=101 dlc=8 data=d8cf0400a8610000
2026-07-07T15:05:56.781+00:00 CAN id=101 dlc=8 data=d8cf0400a8610000
2026-07-07T15:05:56.801+00:00 CAN id=101 dlc=8 data=d8cf0400a8610000
2026-07-07T15:05:56.808+00:00 VCP run=1 step=0 angle=315088 target=315352 err=264 steer=0 m1=4/8594 i1=633 t1=28 m2=-321/-8594 i2=-175 t2=27 steerMode=0/-8182 iSteer=228741 driveMode=8594/8290 iDrive=404055 scale=0 wheel=25000
2026-07-07T15:05:56.808+00:00 VCP run=1 step=0 angle=312100 target=315352 err=3252 steer=1626 m1=288/17538 i1=641 t1=28 m2=-59/350 i2=-185 t2=27 steerMode=8944/1414 iSteer=228000 driveMode=8594/7694 iDrive=412756 scale=0 wheel=25000
2026-07-07T15:05:56.821+00:00 CAN id=101 dlc=8 data=d8cf0400a8610000
2026-07-07T15:05:56.841+00:00 CAN id=101 dlc=8 data=d8cf0400a8610000
2026-07-07T15:05:56.861+00:00 CAN id=101 dlc=8 data=d8cf0400a8610000
2026-07-07T15:05:56.881+00:00 CAN id=101 dlc=8 data=d8cf0400a8610000
2026-07-07T15:05:56.901+00:00 CAN id=101 dlc=8 data=d8cf0400a8610000
2026-07-07T15:05:56.912+00:00 VCP run=1 step=0 angle=314824 target=315352 err=528 steer=264 m1=391/10045 i1=94 t1=28 m2=-383/-7142 i2=-514 t2=27 steerMode=1451/2592 iSteer=-209977 driveMode=8594/17688 iDrive=304461 scale=0 wheel=25000
2026-07-07T15:05:56.921+00:00 CAN id=101 dlc=8 data=d8cf0400a8610000
2026-07-07T15:05:56.941+00:00 CAN id=101 dlc=8 data=d8cf0400a8610000
2026-07-07T15:05:56.961+00:00 CAN id=101 dlc=8 data=d8cf0400a8610000
2026-07-07T15:05:56.981+00:00 CAN id=101 dlc=8 data=d8cf0400a8610000
2026-07-07T15:05:57.001+00:00 CAN id=101 dlc=8 data=d8cf0400a8610000
2026-07-07T15:05:57.017+00:00 VCP run=1 step=0 angle=314473 target=315352 err=879 steer=440 m1=405/11012 i1=206 t1=28 m2=-413/-6175 i2=-315 t2=27 steerMode=2418/575 iSteer=-54706 driveMode=8594/20061 iDrive=260681 scale=0 wheel=25000
2026-07-07T15:05:57.021+00:00 CAN id=101 dlc=8 data=d8cf0400a8610000
2026-07-07T15:05:57.041+00:00 CAN id=101 dlc=8 data=d8cf0400a8610000
2026-07-07T15:05:57.061+00:00 CAN id=101 dlc=8 data=d8cf0400a8610000
2026-07-07T15:05:57.081+00:00 CAN id=101 dlc=8 data=d8cf0400a8610000
2026-07-07T15:05:57.101+00:00 CAN id=101 dlc=8 data=d8cf0400a8610000
2026-07-07T15:05:57.119+00:00 VCP run=1 step=0 angle=314824 target=315352 err=528 steer=264 m1=387/10045 i1=140 t1=28 m2=-417/-7142 i2=-315 t2=27 steerMode=1451/313 iSteer=-87625 driveMode=8594/21141 iDrive=227455 scale=0 wheel=25000
2026-07-07T15:05:57.119+00:00 VCP SET_TARGET_RX steer=315352 wheel=25000
2026-07-07T15:05:57.121+00:00 CAN id=101 dlc=8 data=d8cf0400a8610000
2026-07-07T15:05:57.141+00:00 CAN id=101 dlc=8 data=d8cf0400a8610000
2026-07-07T15:05:57.161+00:00 CAN id=101 dlc=8 data=d8cf0400a8610000
2026-07-07T15:05:57.181+00:00 CAN id=101 dlc=8 data=d8cf0400a8610000
2026-07-07T15:05:57.201+00:00 CAN id=101 dlc=8 data=d8cf0400a8610000
2026-07-07T15:05:57.221+00:00 CAN id=101 dlc=8 data=d8cf0400a8610000
2026-07-07T15:05:57.241+00:00 CAN id=101 dlc=8 data=d8cf0400a8610000
2026-07-07T15:05:57.261+00:00 CAN id=101 dlc=8 data=d8cf0400a8610000
2026-07-07T15:05:57.281+00:00 CAN id=101 dlc=8 data=d8cf0400a8610000
2026-07-07T15:05:57.301+00:00 CAN id=101 dlc=8 data=d8cf0400a8610000
2026-07-07T15:05:57.306+00:00 VCP run=1 step=0 angle=314824 target=315352 err=528 steer=264 m1=349/10045 i1=137 t1=28 m2=-323/-7142 i2=-298 t2=27 steerMode=1451/248 iSteer=-80234 driveMode=8594/19898 iDrive=217495 scale=0 wheel=25000
2026-07-07T15:05:57.306+00:00 VCP run=1 step=0 angle=314736 target=315352 err=616 steer=308 m1=368/10287 i1=156 t1=28 m2=-390/-6901 i2=-243 t2=27 steerMode=1693/-150 iSteer=-43430 driveMode=8594/19603 iDrive=199837 scale=0 wheel=25000
2026-07-07T15:05:57.321+00:00 CAN id=101 dlc=8 data=d8cf0400a8610000
2026-07-07T15:05:57.341+00:00 CAN id=101 dlc=8 data=d8cf0400a8610000
2026-07-07T15:05:57.361+00:00 CAN id=101 dlc=8 data=d8cf0400a8610000
2026-07-07T15:05:57.381+00:00 CAN id=101 dlc=8 data=d8cf0400a8610000
2026-07-07T15:05:57.401+00:00 CAN id=101 dlc=8 data=d8cf0400a8610000
2026-07-07T15:05:57.410+00:00 VCP run=1 step=0 angle=314824 target=315352 err=528 steer=264 m1=334/10045 i1=151 t1=28 m2=-429/-7142 i2=-232 t2=27 steerMode=1451/-373 iSteer=-40261 driveMode=8594/18569 iDrive=191351 scale=0 wheel=25000
2026-07-07T15:05:57.421+00:00 CAN id=101 dlc=8 data=d8cf0400a8610000
2026-07-07T15:05:57.441+00:00 CAN id=101 dlc=8 data=d8cf0400a8610000
2026-07-07T15:05:57.461+00:00 CAN id=101 dlc=8 data=d8cf0400a8610000
2026-07-07T15:05:57.481+00:00 CAN id=101 dlc=8 data=d8cf0400a8610000
2026-07-07T15:05:57.501+00:00 CAN id=101 dlc=8 data=d8cf0400a8610000
2026-07-07T15:05:57.515+00:00 VCP run=1 step=0 angle=314736 target=315352 err=616 steer=308 m1=341/10287 i1=153 t1=28 m2=-319/-6901 i2=-205 t2=27 steerMode=1693/-291 iSteer=-26327 driveMode=8594/17988 iDrive=178944 scale=0 wheel=25000
2026-07-07T15:05:57.521+00:00 CAN id=101 dlc=8 data=d8cf0400a8610000
2026-07-07T15:05:57.541+00:00 CAN id=101 dlc=8 data=d8cf0400a8610000
2026-07-07T15:05:57.561+00:00 CAN id=101 dlc=8 data=d8cf0400a8610000
2026-07-07T15:05:57.581+00:00 CAN id=101 dlc=8 data=d8cf0400a8610000
2026-07-07T15:05:57.601+00:00 CAN id=101 dlc=8 data=d8cf0400a8610000
2026-07-07T15:05:57.617+00:00 VCP run=1 step=0 angle=314736 target=315352 err=616 steer=308 m1=301/10287 i1=142 t1=28 m2=-327/-6901 i2=-199 t2=27 steerMode=1693/-144 iSteer=-28508 driveMode=8594/17175 iDrive=170293 scale=0 wheel=25000
2026-07-07T15:05:57.617+00:00 VCP SET_TARGET_RX steer=315352 wheel=25000
2026-07-07T15:05:57.621+00:00 CAN id=101 dlc=8 data=d8cf0400a8610000
2026-07-07T15:05:57.641+00:00 CAN id=101 dlc=8 data=d8cf0400a8610000
2026-07-07T15:05:57.661+00:00 CAN id=101 dlc=8 data=d8cf0400a8610000
2026-07-07T15:05:57.681+00:00 CAN id=101 dlc=8 data=d8cf0400a8610000
2026-07-07T15:05:57.701+00:00 CAN id=101 dlc=8 data=d8cf0400a8610000
2026-07-07T15:05:57.721+00:00 CAN id=101 dlc=8 data=d8cf0400a8610000
2026-07-07T15:05:57.722+00:00 VCP run=1 step=0 angle=314648 target=315352 err=704 steer=352 m1=292/10529 i1=156 t1=28 m2=-243/-6659 i2=-191 t2=27 steerMode=1935/-14 iSteer=-17575 driveMode=8594/15448 iDrive=173167 scale=0 wheel=25000
2026-07-07T15:05:57.741+00:00 CAN id=101 dlc=8 data=d8cf0400a8610000
2026-07-07T15:05:57.761+00:00 CAN id=101 dlc=8 data=d8cf0400a8610000
2026-07-07T15:05:57.781+00:00 CAN id=101 dlc=8 data=d8cf0400a8610000
2026-07-07T15:05:57.801+00:00 CAN id=101 dlc=8 data=d8cf0400a8610000
2026-07-07T15:05:57.821+00:00 CAN id=101 dlc=8 data=d8cf0400a8610000
2026-07-07T15:05:57.843+00:00 CAN id=101 dlc=8 data=d8cf0400a8610000
2026-07-07T15:05:57.863+00:00 CAN id=101 dlc=8 data=d8cf0400a8610000
2026-07-07T15:05:57.881+00:00 CAN id=101 dlc=8 data=d8cf0400a8610000
2026-07-07T15:05:57.901+00:00 CAN id=101 dlc=8 data=d8cf0400a8610000
2026-07-07T15:05:57.909+00:00 VCP run=1 step=0 angle=314824 target=315352 err=528 steer=264 m1=251/10045 i1=132 t1=28 m2=-224/-7142 i2=-219 t2=27 steerMode=1451/115 iSteer=-43822 driveMode=8594/14039 iDrive=175677 scale=0 wheel=25000
2026-07-07T15:05:57.909+00:00 VCP run=1 step=0 angle=314736 target=315352 err=616 steer=308 m1=257/10287 i1=179 t1=28 m2=-262/-6901 i2=-156 t2=27 steerMode=1693/-619 iSteer=11467 driveMode=8594/13897 iDrive=167186 scale=0 wheel=25000
2026-07-07T15:05:57.921+00:00 CAN id=101 dlc=8 data=d8cf0400a8610000
2026-07-07T15:05:57.941+00:00 CAN id=101 dlc=8 data=d8cf0400a8610000
2026-07-07T15:05:57.961+00:00 CAN id=101 dlc=8 data=d8cf0400a8610000
2026-07-07T15:05:57.981+00:00 CAN id=101 dlc=8 data=d8cf0400a8610000
2026-07-07T15:05:58.001+00:00 CAN id=101 dlc=8 data=d8cf0400a8610000
2026-07-07T15:05:58.014+00:00 VCP run=1 step=0 angle=314736 target=315352 err=616 steer=308 m1=242/10287 i1=159 t1=28 m2=-266/-6901 i2=-160 t2=27 steerMode=1693/-262 iSteer=-661 driveMode=8594/13694 iDrive=159793 scale=0 wheel=25000
2026-07-07T15:05:58.021+00:00 CAN id=101 dlc=8 data=d8cf0400a8610000
2026-07-07T15:05:58.041+00:00 CAN id=101 dlc=8 data=d8cf0400a8610000
2026-07-07T15:05:58.061+00:00 CAN id=101 dlc=8 data=d8cf0400a8610000
2026-07-07T15:05:58.081+00:00 CAN id=101 dlc=8 data=d8cf0400a8610000
2026-07-07T15:05:58.101+00:00 CAN id=101 dlc=8 data=d8cf0400a8610000
2026-07-07T15:05:58.115+00:00 VCP run=1 step=0 angle=314385 target=315352 err=967 steer=484 m1=259/11254 i1=149 t1=28 m2=-256/-5934 i2=-173 t2=27 steerMode=2660/1069 iSteer=-12303 driveMode=8594/12721 iDrive=161086 scale=0 wheel=25000
2026-07-07T15:05:58.115+00:00 VCP SET_TARGET_RX steer=315352 wheel=25000
2026-07-07T15:05:58.121+00:00 CAN id=101 dlc=8 data=d8cf0400a8610000
2026-07-07T15:05:58.141+00:00 CAN id=101 dlc=8 data=d8cf0400a8610000
2026-07-07T15:05:58.161+00:00 CAN id=101 dlc=8 data=d8cf0400a8610000
2026-07-07T15:05:58.181+00:00 CAN id=101 dlc=8 data=d8cf0400a8610000
2026-07-07T15:05:58.201+00:00 CAN id=101 dlc=8 data=d8cf0400a8610000
2026-07-07T15:05:58.220+00:00 VCP run=1 step=0 angle=314648 target=315352 err=704 steer=352 m1=230/10529 i1=156 t1=28 m2=-250/-6659 i2=-178 t2=27 steerMode=1935/393 iSteer=-10709 driveMode=8594/11899 iDrive=166943 scale=0 wheel=25000
2026-07-07T15:05:58.221+00:00 CAN id=101 dlc=8 data=d8cf0400a8610000
2026-07-07T15:05:58.241+00:00 CAN id=101 dlc=8 data=d8cf0400a8610000
2026-07-07T15:05:58.261+00:00 CAN id=101 dlc=8 data=d8cf0400a8610000
2026-07-07T15:05:58.281+00:00 CAN id=101 dlc=8 data=d8cf0400a8610000
2026-07-07T15:05:58.301+00:00 CAN id=101 dlc=8 data=d8cf0400a8610000
2026-07-07T15:05:58.321+00:00 CAN id=101 dlc=8 data=d8cf0400a8610000
2026-07-07T15:05:58.341+00:00 CAN id=101 dlc=8 data=d8cf0400a8610000
2026-07-07T15:05:58.361+00:00 CAN id=101 dlc=8 data=d8cf0400a8610000
2026-07-07T15:05:58.381+00:00 CAN id=101 dlc=8 data=d8cf0400a8610000
2026-07-07T15:05:58.401+00:00 CAN id=101 dlc=8 data=d8cf0400a8610000
2026-07-07T15:05:58.408+00:00 VCP run=1 step=0 angle=314736 target=315352 err=616 steer=308 m1=249/10287 i1=174 t1=28 m2=-296/-6901 i2=-174 t2=27 steerMode=1693/15 iSteer=1 driveMode=8594/11145 iDrive=174485 scale=0 wheel=25000
2026-07-07T15:05:58.408+00:00 VCP run=1 step=0 angle=315000 target=315352 err=352 steer=0 m1=171/8594 i1=138 t1=28 m2=-235/-8594 i2=-242 t2=27 steerMode=0/-597 iSteer=-52241 driveMode=8594/9596 iDrive=189982 scale=0 wheel=25000
2026-07-07T15:05:58.421+00:00 CAN id=101 dlc=8 data=d8cf0400a8610000
2026-07-07T15:05:58.441+00:00 CAN id=101 dlc=8 data=d8cf0400a8610000
2026-07-07T15:05:58.461+00:00 CAN id=101 dlc=8 data=d8cf0400a8610000
2026-07-07T15:05:58.481+00:00 CAN id=101 dlc=8 data=d8cf0400a8610000
2026-07-07T15:05:58.501+00:00 CAN id=101 dlc=8 data=d8cf0400a8610000
2026-07-07T15:05:58.513+00:00 VCP run=1 step=0 angle=314912 target=315352 err=440 steer=14 m1=192/8670 i1=105 t1=28 m2=-128/-8517 i2=-283 t2=27 steerMode=76/319 iSteer=-89057 driveMode=8594/9193 iDrive=194012 scale=0 wheel=25000
2026-07-07T15:05:58.521+00:00 CAN id=101 dlc=8 data=d8cf0400a8610000
2026-07-07T15:05:58.541+00:00 CAN id=101 dlc=8 data=d8cf0400a8610000
2026-07-07T15:05:58.562+00:00 CAN id=101 dlc=8 data=d8cf0400a8610000
2026-07-07T15:05:58.581+00:00 CAN id=101 dlc=8 data=d8cf0400a8610000
2026-07-07T15:05:58.601+00:00 CAN id=101 dlc=8 data=d8cf0400a8610000
2026-07-07T15:05:58.615+00:00 VCP run=1 step=0 angle=314824 target=315352 err=528 steer=264 m1=121/10045 i1=232 t1=28 m2=-162/-7142 i2=-182 t2=27 steerMode=1451/-574 iSteer=24803 driveMode=8594/7951 iDrive=206767 scale=0 wheel=25000
2026-07-07T15:05:58.615+00:00 VCP SET_TARGET_RX steer=315352 wheel=25000
2026-07-07T15:05:58.621+00:00 CAN id=101 dlc=8 data=d8cf0400a8610000
2026-07-07T15:05:58.641+00:00 CAN id=101 dlc=8 data=d8cf0400a8610000
2026-07-07T15:05:58.661+00:00 CAN id=101 dlc=8 data=d8cf0400a8610000
2026-07-07T15:05:58.681+00:00 CAN id=101 dlc=8 data=d8cf0400a8610000
2026-07-07T15:05:58.701+00:00 CAN id=101 dlc=8 data=d8cf0400a8610000
2026-07-07T15:05:58.720+00:00 VCP run=1 step=0 angle=315088 target=315352 err=264 steer=0 m1=127/8594 i1=116 t1=28 m2=-134/-8594 i2=-325 t2=27 steerMode=0/592 iSteer=-104433 driveMode=8594/6846 iDrive=220159 scale=0 wheel=25000
2026-07-07T15:05:58.721+00:00 CAN id=101 dlc=8 data=d8cf0400a8610000
2026-07-07T15:05:58.742+00:00 CAN id=101 dlc=8 data=d8cf0400a8610000
2026-07-07T15:05:58.761+00:00 CAN id=101 dlc=8 data=d8cf0400a8610000
2026-07-07T15:05:58.781+00:00 CAN id=101 dlc=8 data=d8cf0400a8610000
2026-07-07T15:05:58.801+00:00 CAN id=101 dlc=8 data=d8cf0400a8610000
2026-07-07T15:05:58.821+00:00 CAN id=101 dlc=8 data=d8cf0400a8610000
2026-07-07T15:05:58.841+00:00 CAN id=101 dlc=8 data=d8cf0400a8610000
2026-07-07T15:05:58.861+00:00 CAN id=101 dlc=8 data=d8cf0400a8610000
2026-07-07T15:05:58.882+00:00 CAN id=101 dlc=8 data=d8cf0400a8610000
2026-07-07T15:05:58.901+00:00 CAN id=101 dlc=8 data=d8cf0400a8610000
2026-07-07T15:05:58.909+00:00 VCP run=1 step=0 angle=315000 target=315352 err=352 steer=0 m1=148/8594 i1=165 t1=28 m2=-78/-8594 i2=-309 t2=27 steerMode=0/-22 iSteer=-72226 driveMode=8594/5611 iDrive=237252 scale=0 wheel=25000
2026-07-07T15:05:58.909+00:00 VCP run=1 step=0 angle=314912 target=315352 err=440 steer=0 m1=75/8594 i1=179 t1=28 m2=-109/-8594 i2=-315 t2=27 steerMode=0/-102 iSteer=-68158 driveMode=8594/5286 iDrive=247278 scale=0 wheel=25000
2026-07-07T15:05:58.921+00:00 CAN id=101 dlc=8 data=d8cf0400a8610000
2026-07-07T15:05:58.941+00:00 CAN id=101 dlc=8 data=d8cf0400a8610000
2026-07-07T15:05:58.961+00:00 CAN id=101 dlc=8 data=d8cf0400a8610000
2026-07-07T15:05:58.982+00:00 CAN id=101 dlc=8 data=d8cf0400a8610000
2026-07-07T15:05:59.002+00:00 CAN id=101 dlc=8 data=d8cf0400a8610000
2026-07-07T15:05:59.014+00:00 VCP run=1 step=0 angle=315176 target=315352 err=176 steer=0 m1=98/8594 i1=163 t1=28 m2=-90/-8594 i2=-348 t2=27 steerMode=0/366 iSteer=-92318 driveMode=8594/5095 iDrive=255602 scale=0 wheel=25000
2026-07-07T15:05:59.021+00:00 CAN id=101 dlc=8 data=d8cf0400a8610000
2026-07-07T15:05:59.041+00:00 CAN id=101 dlc=8 data=d8cf0400a8610000
2026-07-07T15:05:59.061+00:00 CAN id=101 dlc=8 data=d8cf0400a8610000
2026-07-07T15:05:59.081+00:00 CAN id=101 dlc=8 data=d8cf0400a8610000
2026-07-07T15:05:59.101+00:00 CAN id=101 dlc=8 data=d8cf0400a8610000
2026-07-07T15:05:59.116+00:00 VCP run=1 step=0 angle=315176 target=315352 err=176 steer=0 m1=85/8594 i1=182 t1=28 m2=-187/-8594 i2=-317 t2=27 steerMode=0/-124 iSteer=-67350 driveMode=8594/6292 iDrive=249705 scale=0 wheel=25000
2026-07-07T15:05:59.116+00:00 VCP SET_TARGET_RX steer=315352 wheel=25000
2026-07-07T15:05:59.121+00:00 CAN id=101 dlc=8 data=d8cf0400a8610000
2026-07-07T15:05:59.141+00:00 CAN id=101 dlc=8 data=d8cf0400a8610000
2026-07-07T15:05:59.161+00:00 CAN id=101 dlc=8 data=d8cf0400a8610000
2026-07-07T15:05:59.182+00:00 CAN id=101 dlc=8 data=d8cf0400a8610000
2026-07-07T15:05:59.201+00:00 CAN id=101 dlc=8 data=d8cf0400a8610000
2026-07-07T15:05:59.221+00:00 CAN id=101 dlc=8 data=d8cf0400a8610000
2026-07-07T15:05:59.221+00:00 VCP run=1 step=0 angle=315176 target=315352 err=176 steer=0 m1=182/8594 i1=169 t1=28 m2=-231/-8594 i2=-313 t2=27 steerMode=0/-7 iSteer=-72131 driveMode=8594/7565 iDrive=240631 scale=0 wheel=25000
2026-07-07T15:05:59.241+00:00 CAN id=101 dlc=8 data=d8cf0400a8610000
2026-07-07T15:05:59.261+00:00 CAN id=101 dlc=8 data=d8cf0400a8610000
2026-07-07T15:05:59.281+00:00 CAN id=101 dlc=8 data=d8cf0400a8610000
2026-07-07T15:05:59.301+00:00 CAN id=101 dlc=8 data=d8cf0400a8610000
2026-07-07T15:05:59.321+00:00 CAN id=101 dlc=8 data=d8cf0400a8610000
2026-07-07T15:05:59.341+00:00 CAN id=101 dlc=8 data=d8cf0400a8610000
2026-07-07T15:05:59.362+00:00 CAN id=101 dlc=8 data=d8cf0400a8610000
2026-07-07T15:05:59.381+00:00 CAN id=101 dlc=8 data=d8cf0400a8610000
2026-07-07T15:05:59.401+00:00 CAN id=101 dlc=8 data=d8cf0400a8610000
2026-07-07T15:05:59.410+00:00 VCP run=1 step=0 angle=315088 target=315352 err=264 steer=0 m1=154/8594 i1=180 t1=28 m2=-220/-8594 i2=-279 t2=27 steerMode=0/-440 iSteer=-49158 driveMode=8594/8746 iDrive=229364 scale=0 wheel=25000
2026-07-07T15:05:59.410+00:00 VCP run=1 step=0 angle=315264 target=315352 err=88 steer=0 m1=161/8594 i1=139 t1=28 m2=-122/-8594 i2=-343 t2=27 steerMode=0/608 iSteer=-101891 driveMode=8594/7652 iDrive=240700 scale=0 wheel=25000
2026-07-07T15:05:59.421+00:00 CAN id=101 dlc=8 data=d8cf0400a8610000
2026-07-07T15:05:59.441+00:00 CAN id=101 dlc=8 data=d8cf0400a8610000
2026-07-07T15:05:59.461+00:00 CAN id=101 dlc=8 data=d8cf0400a8610000
2026-07-07T15:05:59.482+00:00 CAN id=101 dlc=8 data=d8cf0400a8610000
2026-07-07T15:05:59.501+00:00 CAN id=101 dlc=8 data=d8cf0400a8610000
2026-07-07T15:05:59.515+00:00 VCP run=1 step=0 angle=315352 target=315352 err=0 steer=0 m1=179/8594 i1=169 t1=28 m2=-122/-8594 i2=-322 t2=27 steerMode=0/92 iSteer=-76533 driveMode=8594/7414 iDrive=245264 scale=0 wheel=25000
2026-07-07T15:05:59.521+00:00 CAN id=101 dlc=8 data=d8cf0400a8610000
2026-07-07T15:05:59.541+00:00 CAN id=101 dlc=8 data=d8cf0400a8610000
2026-07-07T15:05:59.562+00:00 CAN id=101 dlc=8 data=d8cf0400a8610000
2026-07-07T15:05:59.581+00:00 CAN id=101 dlc=8 data=d8cf0400a8610000
2026-07-07T15:05:59.601+00:00 CAN id=101 dlc=8 data=d8cf0400a8610000
2026-07-07T15:05:59.618+00:00 VCP run=1 step=0 angle=315439 target=315352 err=-87 steer=0 m1=133/8594 i1=197 t1=28 m2=-130/-8594 i2=-324 t2=27 steerMode=0/-181 iSteer=-63560 driveMode=8594/6231 iDrive=260805 scale=0 wheel=25000
2026-07-07T15:05:59.618+00:00 VCP SET_TARGET_RX steer=315352 wheel=25000
2026-07-07T15:05:59.621+00:00 CAN id=101 dlc=8 data=d8cf0400a8610000
2026-07-07T15:05:59.641+00:00 CAN id=101 dlc=8 data=d8cf0400a8610000
2026-07-07T15:05:59.661+00:00 CAN id=101 dlc=8 data=d8cf0400a8610000
2026-07-07T15:05:59.681+00:00 CAN id=101 dlc=8 data=d8cf0400a8610000
2026-07-07T15:05:59.701+00:00 CAN id=101 dlc=8 data=d8cf0400a8610000
2026-07-07T15:05:59.721+00:00 CAN id=101 dlc=8 data=d8cf0400a8610000
2026-07-07T15:05:59.741+00:00 CAN id=101 dlc=8 data=d8cf0400a8610000
2026-07-07T15:05:59.761+00:00 CAN id=101 dlc=8 data=d8cf0400a8610000
2026-07-07T15:05:59.781+00:00 CAN id=101 dlc=8 data=d8cf0400a8610000
2026-07-07T15:05:59.801+00:00 CAN id=101 dlc=8 data=d8cf0400a8610000
2026-07-07T15:05:59.806+00:00 VCP run=1 step=0 angle=315264 target=315352 err=88 steer=0 m1=156/8594 i1=194 t1=28 m2=-214/-8594 i2=-269 t2=27 steerMode=0/-672 iSteer=-37762 driveMode=8594/9270 iDrive=231292 scale=0 wheel=25000
2026-07-07T15:05:59.806+00:00 VCP run=1 step=0 angle=315264 target=315352 err=88 steer=0 m1=226/8594 i1=146 t1=28 m2=-170/-8594 i2=-298 t2=27 steerMode=0/103 iSteer=-76365 driveMode=8594/9996 iDrive=221997 scale=0 wheel=25000
2026-07-07T15:05:59.821+00:00 CAN id=101 dlc=8 data=d8cf0400a8610000
2026-07-07T15:05:59.841+00:00 CAN id=101 dlc=8 data=d8cf0400a8610000
2026-07-07T15:05:59.861+00:00 CAN id=101 dlc=8 data=d8cf0400a8610000
2026-07-07T15:05:59.881+00:00 CAN id=101 dlc=8 data=d8cf0400a8610000
2026-07-07T15:05:59.901+00:00 CAN id=101 dlc=8 data=d8cf0400a8610000
2026-07-07T15:05:59.911+00:00 VCP run=1 step=0 angle=315176 target=315352 err=176 steer=0 m1=184/8594 i1=164 t1=28 m2=-172/-8594 i2=-263 t2=27 steerMode=0/-404 iSteer=-49689 driveMode=8594/10489 iDrive=213490 scale=0 wheel=25000
2026-07-07T15:05:59.921+00:00 CAN id=101 dlc=8 data=d8cf0400a8610000
2026-07-07T15:05:59.941+00:00 CAN id=101 dlc=8 data=d8cf0400a8610000
2026-07-07T15:05:59.961+00:00 CAN id=101 dlc=8 data=d8cf0400a8610000
2026-07-07T15:05:59.981+00:00 CAN id=101 dlc=8 data=d8cf0400a8610000
2026-07-07T15:06:00.001+00:00 CAN id=101 dlc=8 data=d8cf0400a8610000
2026-07-07T15:06:00.016+00:00 VCP run=1 step=0 angle=315088 target=315352 err=264 steer=0 m1=165/8594 i1=155 t1=28 m2=-270/-8594 i2=-253 t2=27 steerMode=0/-419 iSteer=-48811 driveMode=8594/11044 iDrive=203995 scale=0 wheel=25000
2026-07-07T15:06:00.021+00:00 CAN id=101 dlc=8 data=d8cf0400a8610000
2026-07-07T15:06:00.041+00:00 CAN id=101 dlc=8 data=d8cf0400a8610000
2026-07-07T15:06:00.061+00:00 CAN id=101 dlc=8 data=d8cf0400a8610000
2026-07-07T15:06:00.081+00:00 CAN id=101 dlc=8 data=d8cf0400a8610000
2026-07-07T15:06:00.101+00:00 CAN id=101 dlc=8 data=d8cf0400a8610000
2026-07-07T15:06:00.118+00:00 VCP run=1 step=0 angle=314824 target=315352 err=528 steer=264 m1=213/10045 i1=230 t1=28 m2=-254/-7142 i2=-131 t2=27 steerMode=1451/-870 iSteer=49651 driveMode=8594/12794 iDrive=180719 scale=0 wheel=25000
2026-07-07T15:06:00.118+00:00 VCP SET_TARGET_RX steer=315352 wheel=25000
2026-07-07T15:06:00.121+00:00 CAN id=101 dlc=8 data=d8cf0400a8610000
2026-07-07T15:06:00.141+00:00 CAN id=101 dlc=8 data=d8cf0400a8610000
2026-07-07T15:06:00.161+00:00 CAN id=101 dlc=8 data=d8cf0400a8610000
2026-07-07T15:06:00.181+00:00 CAN id=101 dlc=8 data=d8cf0400a8610000
2026-07-07T15:06:00.201+00:00 CAN id=101 dlc=8 data=d8cf0400a8610000
2026-07-07T15:06:00.221+00:00 CAN id=101 dlc=8 data=d8cf0400a8610000
2026-07-07T15:06:00.241+00:00 CAN id=101 dlc=8 data=d8cf0400a8610000
2026-07-07T15:06:00.261+00:00 CAN id=101 dlc=8 data=d8cf0400a8610000
2026-07-07T15:06:00.281+00:00 CAN id=101 dlc=8 data=d8cf0400a8610000
2026-07-07T15:06:00.301+00:00 CAN id=101 dlc=8 data=d8cf0400a8610000
2026-07-07T15:06:00.306+00:00 VCP run=1 step=0 angle=315088 target=315352 err=264 steer=0 m1=240/8594 i1=51 t1=28 m2=-214/-8594 i2=-297 t2=27 steerMode=0/1166 iSteer=-122923 driveMode=8594/12637 iDrive=174369 scale=0 wheel=25000
2026-07-07T15:06:00.306+00:00 VCP run=1 step=0 angle=314912 target=315352 err=440 steer=0 m1=219/8594 i1=171 t1=28 m2=-222/-8594 i2=-179 t2=27 steerMode=0/-1202 iSteer=-4381 driveMode=8594/11956 iDrive=174976 scale=0 wheel=25000
2026-07-07T15:06:00.321+00:00 CAN id=101 dlc=8 data=d8cf0400a8610000
2026-07-07T15:06:00.341+00:00 CAN id=101 dlc=8 data=d8cf0400a8610000
2026-07-07T15:06:00.361+00:00 CAN id=101 dlc=8 data=d8cf0400a8610000
2026-07-07T15:06:00.382+00:00 CAN id=101 dlc=8 data=d8cf0400a8610000
2026-07-07T15:06:00.401+00:00 CAN id=101 dlc=8 data=d8cf0400a8610000
2026-07-07T15:06:00.410+00:00 VCP run=1 step=0 angle=314824 target=315352 err=528 steer=264 m1=251/10045 i1=123 t1=28 m2=-180/-7142 i2=-204 t2=27 steerMode=1451/1068 iSteer=-40342 driveMode=8594/12380 iDrive=163714 scale=0 wheel=25000
2026-07-07T15:06:00.421+00:00 CAN id=101 dlc=8 data=d8cf0400a8610000
2026-07-07T15:06:00.441+00:00 CAN id=101 dlc=8 data=d8cf0400a8610000
2026-07-07T15:06:00.461+00:00 CAN id=101 dlc=8 data=d8cf0400a8610000
2026-07-07T15:06:00.481+00:00 CAN id=101 dlc=8 data=d8cf0400a8610000
2026-07-07T15:06:00.501+00:00 CAN id=101 dlc=8 data=d8cf0400a8610000
2026-07-07T15:06:00.515+00:00 VCP run=1 step=0 angle=314824 target=315352 err=528 steer=100 m1=255/9144 i1=119 t1=28 m2=-212/-8044 i2=-198 t2=27 steerMode=550/169 iSteer=-39342 driveMode=8594/12735 iDrive=158588 scale=0 wheel=25000
2026-07-07T15:06:00.521+00:00 CAN id=101 dlc=8 data=d8cf0400a8610000
2026-07-07T15:06:00.541+00:00 CAN id=101 dlc=8 data=d8cf0400a8610000
2026-07-07T15:06:00.561+00:00 CAN id=101 dlc=8 data=d8cf0400a8610000
2026-07-07T15:06:00.581+00:00 CAN id=101 dlc=8 data=d8cf0400a8610000
2026-07-07T15:06:00.601+00:00 CAN id=101 dlc=8 data=d8cf0400a8610000
2026-07-07T15:06:00.617+00:00 VCP run=1 step=0 angle=314824 target=315352 err=528 steer=264 m1=261/10045 i1=147 t1=28 m2=-260/-7142 i2=-174 t2=27 steerMode=1451/631 iSteer=-13060 driveMode=8594/12540 iDrive=160537 scale=0 wheel=25000
2026-07-07T15:06:00.617+00:00 VCP SET_TARGET_RX steer=315352 wheel=25000
2026-07-07T15:06:00.621+00:00 CAN id=101 dlc=8 data=d8cf0400a8610000
2026-07-07T15:06:00.641+00:00 CAN id=101 dlc=8 data=d8cf0400a8610000
2026-07-07T15:06:00.662+00:00 CAN id=101 dlc=8 data=d8cf0400a8610000
2026-07-07T15:06:00.681+00:00 CAN id=101 dlc=8 data=d8cf0400a8610000
2026-07-07T15:06:00.702+00:00 CAN id=101 dlc=8 data=d8cf0400a8610000
2026-07-07T15:06:00.721+00:00 CAN id=101 dlc=8 data=d8cf0400a8610000
2026-07-07T15:06:00.742+00:00 CAN id=101 dlc=8 data=d8cf0400a8610000
2026-07-07T15:06:00.761+00:00 CAN id=101 dlc=8 data=d8cf0400a8610000
2026-07-07T15:06:00.782+00:00 CAN id=101 dlc=8 data=d8cf0400a8610000
2026-07-07T15:06:00.802+00:00 CAN id=101 dlc=8 data=d8cf0400a8610000
2026-07-07T15:06:00.805+00:00 VCP run=1 step=0 angle=315000 target=315352 err=352 steer=0 m1=194/8594 i1=157 t1=28 m2=-233/-8594 i2=-167 t2=27 steerMode=0/-971 iSteer=-5307 driveMode=8594/12411 iDrive=161829 scale=0 wheel=25000
2026-07-07T15:06:00.806+00:00 VCP run=1 step=0 angle=314824 target=315352 err=528 steer=50 m1=236/8869 i1=157 t1=28 m2=-222/-8319 i2=-168 t2=27 steerMode=275/-657 iSteer=-5282 driveMode=8594/12344 iDrive=162495 scale=0 wheel=25000
2026-07-07T15:06:00.821+00:00 CAN id=101 dlc=8 data=d8cf0400a8610000
2026-07-07T15:06:00.842+00:00 CAN id=101 dlc=8 data=d8cf0400a8610000
2026-07-07T15:06:00.861+00:00 CAN id=101 dlc=8 data=d8cf0400a8610000
2026-07-07T15:06:00.881+00:00 CAN id=101 dlc=8 data=d8cf0400a8610000
2026-07-07T15:06:00.901+00:00 CAN id=101 dlc=8 data=d8cf0400a8610000
2026-07-07T15:06:00.910+00:00 VCP run=1 step=0 angle=314824 target=315352 err=528 steer=264 m1=269/10045 i1=155 t1=28 m2=-231/-7142 i2=-171 t2=27 steerMode=1451/633 iSteer=-8019 driveMode=8594/12295 iDrive=162987 scale=0 wheel=25000
2026-07-07T15:06:00.921+00:00 CAN id=101 dlc=8 data=d8cf0400a8610000
2026-07-07T15:06:00.941+00:00 CAN id=101 dlc=8 data=d8cf0400a8610000
2026-07-07T15:06:00.961+00:00 CAN id=101 dlc=8 data=d8cf0400a8610000
2026-07-07T15:06:00.981+00:00 CAN id=101 dlc=8 data=d8cf0400a8610000
2026-07-07T15:06:01.001+00:00 CAN id=101 dlc=8 data=d8cf0400a8610000
2026-07-07T15:06:01.015+00:00 VCP run=1 step=0 angle=314912 target=315352 err=440 steer=0 m1=219/8594 i1=152 t1=28 m2=-281/-8594 i2=-181 t2=27 steerMode=0/-693 iSteer=-14263 driveMode=8594/11920 iDrive=166735 scale=0 wheel=25000
2026-07-07T15:06:01.021+00:00 CAN id=101 dlc=8 data=d8cf0400a8610000
2026-07-07T15:06:01.041+00:00 CAN id=101 dlc=8 data=d8cf0400a8610000
2026-07-07T15:06:01.061+00:00 CAN id=101 dlc=8 data=d8cf0400a8610000
2026-07-07T15:06:01.081+00:00 CAN id=101 dlc=8 data=d8cf0400a8610000
2026-07-07T15:06:01.101+00:00 CAN id=101 dlc=8 data=d8cf0400a8610000
2026-07-07T15:06:01.118+00:00 VCP run=1 step=0 angle=315000 target=315352 err=352 steer=0 m1=267/8594 i1=83 t1=28 m2=-180/-8594 i2=-249 t2=27 steerMode=0/717 iSteer=-82777 driveMode=8594/11994 iDrive=165999 scale=0 wheel=25000
2026-07-07T15:06:01.118+00:00 VCP SET_TARGET_RX steer=315352 wheel=25000
2026-07-07T15:06:01.121+00:00 CAN id=101 dlc=8 data=d8cf0400a8610000
2026-07-07T15:06:01.141+00:00 CAN id=101 dlc=8 data=d8cf0400a8610000
2026-07-07T15:06:01.161+00:00 CAN id=101 dlc=8 data=d8cf0400a8610000
2026-07-07T15:06:01.182+00:00 CAN id=101 dlc=8 data=d8cf0400a8610000
2026-07-07T15:06:01.201+00:00 CAN id=101 dlc=8 data=d8cf0400a8610000
2026-07-07T15:06:01.221+00:00 CAN id=101 dlc=8 data=d8cf0400a8610000
2026-07-07T15:06:01.242+00:00 CAN id=101 dlc=8 data=d8cf0400a8610000
2026-07-07T15:06:01.262+00:00 CAN id=101 dlc=8 data=d8cf0400a8610000
2026-07-07T15:06:01.281+00:00 CAN id=101 dlc=8 data=d8cf0400a8610000
2026-07-07T15:06:01.301+00:00 CAN id=101 dlc=8 data=d8cf0400a8610000
2026-07-07T15:06:01.305+00:00 VCP run=1 step=0 angle=314912 target=315352 err=440 steer=0 m1=251/8594 i1=168 t1=28 m2=-287/-8594 i2=-156 t2=27 steerMode=0/-1041 iSteer=5987 driveMode=8594/12357 iDrive=162363 scale=0 wheel=25000
2026-07-07T15:06:01.305+00:00 VCP run=1 step=0 angle=314736 target=315352 err=616 steer=308 m1=272/10287 i1=186 t1=28 m2=-227/-6901 i2=-134 t2=27 steerMode=1693/335 iSteer=26089 driveMode=8594/12578 iDrive=160159 scale=0 wheel=25000
2026-07-07T15:06:01.321+00:00 CAN id=101 dlc=8 data=d8cf0400a8610000
2026-07-07T15:06:01.341+00:00 CAN id=101 dlc=8 data=d8cf0400a8610000
2026-07-07T15:06:01.361+00:00 CAN id=101 dlc=8 data=d8cf0400a8610000
2026-07-07T15:06:01.381+00:00 CAN id=101 dlc=8 data=d8cf0400a8610000
2026-07-07T15:06:01.401+00:00 CAN id=101 dlc=8 data=d8cf0400a8610000
2026-07-07T15:06:01.410+00:00 VCP run=1 step=0 angle=314912 target=315352 err=440 steer=0 m1=240/8594 i1=77 t1=28 m2=-262/-8594 i2=-243 t2=27 steerMode=0/831 iSteer=-82991 driveMode=8594/12623 iDrive=159711 scale=0 wheel=25000
2026-07-07T15:06:01.421+00:00 CAN id=101 dlc=8 data=d8cf0400a8610000
2026-07-07T15:06:01.441+00:00 CAN id=101 dlc=8 data=d8cf0400a8610000
2026-07-07T15:06:01.461+00:00 CAN id=101 dlc=8 data=d8cf0400a8610000
2026-07-07T15:06:01.481+00:00 CAN id=101 dlc=8 data=d8cf0400a8610000
2026-07-07T15:06:01.501+00:00 CAN id=101 dlc=8 data=d8cf0400a8610000
2026-07-07T15:06:01.516+00:00 VCP run=1 step=0 angle=315000 target=315352 err=352 steer=0 m1=188/8594 i1=181 t1=28 m2=-270/-8594 i2=-161 t2=27 steerMode=0/-1001 iSteer=9985 driveMode=8594/11500 iDrive=170941 scale=0 wheel=25000
2026-07-07T15:06:01.521+00:00 CAN id=101 dlc=8 data=d8cf0400a8610000
2026-07-07T15:06:01.541+00:00 CAN id=101 dlc=8 data=d8cf0400a8610000
2026-07-07T15:06:01.561+00:00 CAN id=101 dlc=8 data=d8cf0400a8610000
2026-07-07T15:06:01.581+00:00 CAN id=101 dlc=8 data=d8cf0400a8610000
2026-07-07T15:06:01.601+00:00 CAN id=101 dlc=8 data=d8cf0400a8610000
2026-07-07T15:06:01.618+00:00 VCP run=1 step=0 angle=315000 target=315352 err=352 steer=0 m1=257/8594 i1=112 t1=28 m2=-197/-8594 i2=-223 t2=27 steerMode=0/329 iSteer=-55806 driveMode=8594/11836 iDrive=167574 scale=0 wheel=25000
2026-07-07T15:06:01.618+00:00 VCP SET_TARGET_RX steer=315352 wheel=25000
2026-07-07T15:06:01.621+00:00 CAN id=101 dlc=8 data=d8cf0400a8610000
2026-07-07T15:06:01.641+00:00 CAN id=101 dlc=8 data=d8cf0400a8610000
2026-07-07T15:06:01.662+00:00 CAN id=101 dlc=8 data=d8cf0400a8610000
2026-07-07T15:06:01.681+00:00 CAN id=101 dlc=8 data=d8cf0400a8610000
2026-07-07T15:06:01.701+00:00 CAN id=101 dlc=8 data=d8cf0400a8610000
2026-07-07T15:06:01.721+00:00 CAN id=101 dlc=8 data=d8cf0400a8610000
2026-07-07T15:06:01.741+00:00 CAN id=101 dlc=8 data=d8cf0400a8610000
2026-07-07T15:06:01.761+00:00 CAN id=101 dlc=8 data=d8cf0400a8610000
2026-07-07T15:06:01.781+00:00 CAN id=101 dlc=8 data=d8cf0400a8610000
2026-07-07T15:06:01.801+00:00 CAN id=101 dlc=8 data=d8cf0400a8610000
2026-07-07T15:06:01.806+00:00 VCP run=1 step=0 angle=315000 target=315352 err=352 steer=0 m1=200/8594 i1=145 t1=28 m2=-289/-8594 i2=-190 t2=27 steerMode=0/-335 iSteer=-22578 driveMode=8594/11871 iDrive=167227 scale=0 wheel=25000
2026-07-07T15:06:01.806+00:00 VCP run=1 step=0 angle=314912 target=315352 err=440 steer=0 m1=215/8594 i1=109 t1=28 m2=-224/-8594 i2=-245 t2=27 steerMode=0/574 iSteer=-68229 driveMode=8594/10913 iDrive=176808 scale=0 wheel=25000
2026-07-07T15:06:01.821+00:00 CAN id=101 dlc=8 data=d8cf0400a8610000
2026-07-07T15:06:01.841+00:00 CAN id=101 dlc=8 data=d8cf0400a8610000
2026-07-07T15:06:01.861+00:00 CAN id=101 dlc=8 data=d8cf0400a8610000
2026-07-07T15:06:01.881+00:00 CAN id=101 dlc=8 data=d8cf0400a8610000
2026-07-07T15:06:01.901+00:00 CAN id=101 dlc=8 data=d8cf0400a8610000
2026-07-07T15:06:01.911+00:00 VCP run=1 step=0 angle=315000 target=315352 err=352 steer=0 m1=167/8594 i1=157 t1=28 m2=-178/-8594 i2=-202 t2=27 steerMode=0/-353 iSteer=-22583 driveMode=8594/10623 iDrive=179709 scale=0 wheel=25000
2026-07-07T15:06:01.921+00:00 CAN id=101 dlc=8 data=d8cf0400a8610000
2026-07-07T15:06:01.941+00:00 CAN id=101 dlc=8 data=d8cf0400a8610000
2026-07-07T15:06:01.961+00:00 CAN id=101 dlc=8 data=d8cf0400a8610000
2026-07-07T15:06:01.981+00:00 CAN id=101 dlc=8 data=d8cf0400a8610000
2026-07-07T15:06:02.001+00:00 CAN id=101 dlc=8 data=d8cf0400a8610000
2026-07-07T15:06:02.016+00:00 VCP run=1 step=0 angle=314824 target=315352 err=528 steer=264 m1=200/10045 i1=190 t1=28 m2=-218/-7142 i2=-165 t2=27 steerMode=1451/399 iSteer=12861 driveMode=8594/10838 iDrive=177560 scale=0 wheel=25000
2026-07-07T15:06:02.021+00:00 CAN id=101 dlc=8 data=d8cf0400a8610000
2026-07-07T15:06:02.041+00:00 CAN id=101 dlc=8 data=d8cf0400a8610000
2026-07-07T15:06:02.061+00:00 CAN id=101 dlc=8 data=d8cf0400a8610000
2026-07-07T15:06:02.081+00:00 CAN id=101 dlc=8 data=d8cf0400a8610000
2026-07-07T15:06:02.101+00:00 CAN id=101 dlc=8 data=d8cf0400a8610000
2026-07-07T15:06:02.118+00:00 VCP run=1 step=0 angle=315088 target=315352 err=264 steer=0 m1=179/8594 i1=104 t1=28 m2=-147/-8594 i2=-267 t2=27 steerMode=0/833 iSteer=-81686 driveMode=8594/10037 iDrive=185568 scale=0 wheel=25000
2026-07-07T15:06:02.118+00:00 VCP SET_TARGET_RX steer=315352 wheel=25000
2026-07-07T15:06:02.121+00:00 CAN id=101 dlc=8 data=d8cf0400a8610000
2026-07-07T15:06:02.141+00:00 CAN id=101 dlc=8 data=d8cf0400a8610000
2026-07-07T15:06:02.161+00:00 CAN id=101 dlc=8 data=d8cf0400a8610000
2026-07-07T15:06:02.181+00:00 CAN id=101 dlc=8 data=d8cf0400a8610000
2026-07-07T15:06:02.201+00:00 CAN id=101 dlc=8 data=d8cf0400a8610000
2026-07-07T15:06:02.221+00:00 CAN id=101 dlc=8 data=d8cf0400a8610000
2026-07-07T15:06:02.242+00:00 CAN id=101 dlc=8 data=d8cf0400a8610000
2026-07-07T15:06:02.261+00:00 CAN id=101 dlc=8 data=d8cf0400a8610000
2026-07-07T15:06:02.281+00:00 CAN id=101 dlc=8 data=d8cf0400a8610000
2026-07-07T15:06:02.301+00:00 CAN id=101 dlc=8 data=d8cf0400a8610000
2026-07-07T15:06:02.306+00:00 VCP run=1 step=0 angle=315088 target=315352 err=264 steer=0 m1=190/8594 i1=175 t1=28 m2=-187/-8594 i2=-188 t2=27 steerMode=0/-675 iSteer=-6486 driveMode=8594/10433 iDrive=181608 scale=0 wheel=25000
2026-07-07T15:06:02.306+00:00 VCP run=1 step=0 angle=315088 target=315352 err=264 steer=0 m1=190/8594 i1=133 t1=28 m2=-258/-8594 i2=-232 t2=27 steerMode=0/194 iSteer=-49849 driveMode=8594/10351 iDrive=182427 scale=0 wheel=25000
2026-07-07T15:06:02.321+00:00 CAN id=101 dlc=8 data=d8cf0400a8610000
2026-07-07T15:06:02.342+00:00 CAN id=101 dlc=8 data=d8cf0400a8610000
2026-07-07T15:06:02.361+00:00 CAN id=101 dlc=8 data=d8cf0400a8610000
2026-07-07T15:06:02.382+00:00 CAN id=101 dlc=8 data=d8cf0400a8610000
2026-07-07T15:06:02.401+00:00 CAN id=101 dlc=8 data=d8cf0400a8610000
2026-07-07T15:06:02.411+00:00 VCP run=1 step=0 angle=315088 target=315352 err=264 steer=0 m1=202/8594 i1=151 t1=28 m2=-208/-8594 i2=-210 t2=27 steerMode=0/-200 iSteer=-29534 driveMode=8594/10555 iDrive=180389 scale=0 wheel=25000
2026-07-07T15:06:02.421+00:00 CAN id=101 dlc=8 data=d8cf0400a8610000
2026-07-07T15:06:02.442+00:00 CAN id=101 dlc=8 data=d8cf0400a8610000
2026-07-07T15:06:02.462+00:00 CAN id=101 dlc=8 data=d8cf0400a8610000
2026-07-07T15:06:02.482+00:00 CAN id=101 dlc=8 data=d8cf0400a8610000
2026-07-07T15:06:02.502+00:00 CAN id=101 dlc=8 data=d8cf0400a8610000
2026-07-07T15:06:02.516+00:00 VCP run=1 step=0 angle=315000 target=315352 err=352 steer=0 m1=186/8594 i1=162 t1=28 m2=-279/-8594 i2=-211 t2=27 steerMode=0/-301 iSteer=-24496 driveMode=8594/9925 iDrive=186685 scale=0 wheel=25000
2026-07-07T15:06:02.521+00:00 CAN id=101 dlc=8 data=d8cf0400a8610000
2026-07-07T15:06:02.541+00:00 CAN id=101 dlc=8 data=d8cf0400a8610000
2026-07-07T15:06:02.561+00:00 CAN id=101 dlc=8 data=d8cf0400a8610000
2026-07-07T15:06:02.581+00:00 CAN id=101 dlc=8 data=d8cf0400a8610000
2026-07-07T15:06:02.601+00:00 CAN id=101 dlc=8 data=d8cf0400a8610000
2026-07-07T15:06:02.619+00:00 VCP run=1 step=0 angle=315000 target=315352 err=352 steer=0 m1=144/8594 i1=164 t1=28 m2=-122/-8594 i2=-229 t2=27 steerMode=0/-129 iSteer=-32374 driveMode=8594/8910 iDrive=196839 scale=0 wheel=25000
2026-07-07T15:06:02.619+00:00 VCP SET_TARGET_RX steer=315352 wheel=25000
2026-07-07T15:06:02.621+00:00 CAN id=101 dlc=8 data=d8cf0400a8610000
2026-07-07T15:06:02.641+00:00 CAN id=101 dlc=8 data=d8cf0400a8610000
2026-07-07T15:06:02.662+00:00 CAN id=101 dlc=8 data=d8cf0400a8610000
2026-07-07T15:06:02.681+00:00 CAN id=101 dlc=8 data=d8cf0400a8610000
2026-07-07T15:06:02.701+00:00 CAN id=101 dlc=8 data=d8cf0400a8610000
2026-07-07T15:06:02.721+00:00 CAN id=101 dlc=8 data=d8cf0400a8610000
2026-07-07T15:06:02.741+00:00 CAN id=101 dlc=8 data=d8cf0400a8610000
2026-07-07T15:06:02.761+00:00 CAN id=101 dlc=8 data=d8cf0400a8610000
2026-07-07T15:06:02.781+00:00 CAN id=101 dlc=8 data=d8cf0400a8610000
2026-07-07T15:06:02.801+00:00 CAN id=101 dlc=8 data=d8cf0400a8610000
2026-07-07T15:06:02.806+00:00 VCP run=1 step=0 angle=315000 target=315352 err=352 steer=0 m1=152/8594 i1=182 t1=28 m2=-193/-8594 i2=-204 t2=27 steerMode=0/-555 iSteer=-10923 driveMode=8594/9254 iDrive=193400 scale=0 wheel=25000
2026-07-07T15:06:02.807+00:00 VCP run=1 step=0 angle=315000 target=315352 err=352 steer=0 m1=184/8594 i1=149 t1=28 m2=-160/-8594 i2=-244 t2=27 steerMode=0/195 iSteer=-47542 driveMode=8594/8960 iDrive=196338 scale=0 wheel=25000
2026-07-07T15:06:02.821+00:00 CAN id=101 dlc=8 data=d8cf0400a8610000
2026-07-07T15:06:02.842+00:00 CAN id=101 dlc=8 data=d8cf0400a8610000
2026-07-07T15:06:02.862+00:00 CAN id=101 dlc=8 data=d8cf0400a8610000
2026-07-07T15:06:02.881+00:00 CAN id=101 dlc=8 data=d8cf0400a8610000
2026-07-07T15:06:02.901+00:00 CAN id=101 dlc=8 data=d8cf0400a8610000
2026-07-07T15:06:02.912+00:00 VCP run=1 step=0 angle=315088 target=315352 err=264 steer=0 m1=148/8594 i1=184 t1=28 m2=-137/-8594 i2=-206 t2=27 steerMode=0/-526 iSteer=-10718 driveMode=8594/9073 iDrive=195212 scale=0 wheel=25000
2026-07-07T15:06:02.921+00:00 CAN id=101 dlc=8 data=d8cf0400a8610000
2026-07-07T15:06:02.941+00:00 CAN id=101 dlc=8 data=d8cf0400a8610000
2026-07-07T15:06:02.961+00:00 CAN id=101 dlc=8 data=d8cf0400a8610000
2026-07-07T15:06:02.981+00:00 CAN id=101 dlc=8 data=d8cf0400a8610000
2026-07-07T15:06:03.001+00:00 CAN id=101 dlc=8 data=d8cf0400a8610000
2026-07-07T15:06:03.017+00:00 VCP run=1 step=0 angle=315088 target=315352 err=264 steer=0 m1=142/8594 i1=171 t1=28 m2=-160/-8594 i2=-226 t2=27 steerMode=0/-210 iSteer=-27246 driveMode=8594/8750 iDrive=198722 scale=0 wheel=25000
2026-07-07T15:06:03.021+00:00 CAN id=101 dlc=8 data=d8cf0400a8610000
2026-07-07T15:06:03.041+00:00 CAN id=101 dlc=8 data=d8cf0400a8610000
2026-07-07T15:06:03.061+00:00 CAN id=101 dlc=8 data=d8cf0400a8610000
2026-07-07T15:06:03.081+00:00 CAN id=101 dlc=8 data=d8cf0400a8610000
2026-07-07T15:06:03.101+00:00 BENCH disable sent
2026-07-07T15:06:03.101+00:00 CAN id=121 dlc=2 data=0100
2026-07-07T15:06:03.101+00:00 CAN id=121 dlc=2 data=0100
2026-07-07T15:06:03.217+00:00 VCP run=1 step=0 angle=315088 target=315352 err=264 steer=0 m1=190/8594 i1=147 t1=28 m2=-178/-8594 i2=-249 t2=27 steerMode=0/291 iSteer=-51002 driveMode=8594/8804 iDrive=197896 scale=0 wheel=25000
2026-07-07T15:06:03.217+00:00 VCP UNIT_CTRL enable=0
2026-07-07T15:06:03.217+00:00 VCP UNIT_CTRL enable=0
2026-07-07T15:06:03.217+00:00 VCP STOP: disabled
2026-07-07T15:06:03.502+00:00 BENCH log closed
