2026-07-07T15:05:09.189+00:00 BENCH log opened: firmware/logs/baked-clamp400-rpm25.log
2026-07-07T15:05:09.189+00:00 BENCH run: steer=315.352deg (315352mdeg) wheel=25.0rpm (25000milli-rpm) rate=50.0Hz duration=10.0s
2026-07-07T15:05:09.189+00:00 BENCH enable sent
2026-07-07T15:05:09.189+00:00 CAN id=121 dlc=2 data=0101
2026-07-07T15:05:09.190+00:00 CAN id=101 dlc=8 data=d8cf0400a8610000
2026-07-07T15:05:09.206+00:00 VCP NIT_CTRL enable=0
2026-07-07T15:05:09.206+00:00 VCP UNIT_CTRL enable=0
2026-07-07T15:05:09.206+00:00 VCP SET_CONFIG idx=17 val=400000
2026-07-07T15:05:09.206+00:00 VCP UNIT_CTRL enable=1
2026-07-07T15:05:09.206+00:00 VCP SET_TARGET_RX steer=315352 wheel=25000
2026-07-07T15:05:09.206+00:00 VCP START_CAN: angle=316143 target=315352 wheelTarget=25000
2026-07-07T15:05:09.210+00:00 CAN id=101 dlc=8 data=d8cf0400a8610000
2026-07-07T15:05:09.230+00:00 CAN id=101 dlc=8 data=d8cf0400a8610000
2026-07-07T15:05:09.250+00:00 CAN id=101 dlc=8 data=d8cf0400a8610000
2026-07-07T15:05:09.270+00:00 CAN id=101 dlc=8 data=d8cf0400a8610000
2026-07-07T15:05:09.290+00:00 CAN id=101 dlc=8 data=d8cf0400a8610000
2026-07-07T15:05:09.306+00:00 VCP run=1 step=0 angle=316143 target=315352 err=-791 steer=-250 m1=0/-1031 i1=-65 t1=28 m2=0/-1719 i2=-72 t2=27 steerMode=-1375/0 iSteer=-68956 driveMode=344/0 iDrive=3472 scale=0 wheel=1000
2026-07-07T15:05:09.309+00:00 CAN id=101 dlc=8 data=d8cf0400a8610000
2026-07-07T15:05:09.330+00:00 CAN id=101 dlc=8 data=d8cf0400a8610000
2026-07-07T15:05:09.350+00:00 CAN id=101 dlc=8 data=d8cf0400a8610000
2026-07-07T15:05:09.370+00:00 CAN id=101 dlc=8 data=d8cf0400a8610000
2026-07-07T15:05:09.390+00:00 CAN id=101 dlc=8 data=d8cf0400a8610000
2026-07-07T15:05:09.410+00:00 CAN id=101 dlc=8 data=d8cf0400a8610000
2026-07-07T15:05:09.430+00:00 CAN id=101 dlc=8 data=d8cf0400a8610000
2026-07-07T15:05:09.450+00:00 CAN id=101 dlc=8 data=d8cf0400a8610000
2026-07-07T15:05:09.470+00:00 CAN id=101 dlc=8 data=d8cf0400a8610000
2026-07-07T15:05:09.490+00:00 CAN id=101 dlc=8 data=d8cf0400a8610000
2026-07-07T15:05:09.495+00:00 VCP run=1 step=0 angle=316143 target=315352 err=-791 steer=-395 m1=0/4288 i1=-43 t1=28 m2=0/-8637 i2=-185 t2=27 steerMode=-2174/-7 iSteer=-114289 driveMode=6462/0 iDrive=70830 scale=0 wheel=18800
2026-07-07T15:05:09.495+00:00 VCP run=1 step=0 angle=316143 target=315352 err=-791 steer=-395 m1=0/6420 i1=-12 t1=28 m2=0/-10768 i2=-227 t2=27 steerMode=-2174/-21 iSteer=-119694 driveMode=8594/21 iDrive=107508 scale=0 wheel=25000
2026-07-07T15:05:09.510+00:00 CAN id=101 dlc=8 data=d8cf0400a8610000
2026-07-07T15:05:09.530+00:00 CAN id=101 dlc=8 data=d8cf0400a8610000
2026-07-07T15:05:09.550+00:00 CAN id=101 dlc=8 data=d8cf0400a8610000
2026-07-07T15:05:09.570+00:00 CAN id=101 dlc=8 data=d8cf0400a8610000
2026-07-07T15:05:09.590+00:00 CAN id=101 dlc=8 data=d8cf0400a8610000
2026-07-07T15:05:09.600+00:00 VCP run=1 step=0 angle=316143 target=315352 err=-791 steer=-395 m1=0/6420 i1=-3 t1=28 m2=0/-10768 i2=-250 t2=27 steerMode=-2174/0 iSteer=-126799 driveMode=8594/0 iDrive=123693 scale=0 wheel=25000
2026-07-07T15:05:09.610+00:00 CAN id=101 dlc=8 data=d8cf0400a8610000
2026-07-07T15:05:09.630+00:00 CAN id=101 dlc=8 data=d8cf0400a8610000
2026-07-07T15:05:09.650+00:00 CAN id=101 dlc=8 data=d8cf0400a8610000
2026-07-07T15:05:09.670+00:00 CAN id=101 dlc=8 data=d8cf0400a8610000
2026-07-07T15:05:09.690+00:00 CAN id=101 dlc=8 data=d8cf0400a8610000
2026-07-07T15:05:09.702+00:00 VCP run=1 step=0 angle=316143 target=315352 err=-791 steer=-395 m1=0/6420 i1=7 t1=28 m2=0/-10768 i2=-272 t2=27 steerMode=-2174/-5 iSteer=-132675 driveMode=8594/5 iDrive=139787 scale=0 wheel=25000
2026-07-07T15:05:09.702+00:00 VCP SET_TARGET_RX steer=315352 wheel=25000
2026-07-07T15:05:09.710+00:00 CAN id=101 dlc=8 data=d8cf0400a8610000
2026-07-07T15:05:09.730+00:00 CAN id=101 dlc=8 data=d8cf0400a8610000
2026-07-07T15:05:09.750+00:00 CAN id=101 dlc=8 data=d8cf0400a8610000
2026-07-07T15:05:09.770+00:00 CAN id=101 dlc=8 data=d8cf0400a8610000
2026-07-07T15:05:09.790+00:00 CAN id=101 dlc=8 data=d8cf0400a8610000
2026-07-07T15:05:09.808+00:00 VCP run=1 step=0 angle=316143 target=315352 err=-791 steer=-395 m1=0/6420 i1=17 t1=28 m2=0/-10768 i2=-295 t2=27 steerMode=-2174/0 iSteer=-139043 driveMode=8594/0 iDrive=155990 scale=0 wheel=25000
2026-07-07T15:05:09.809+00:00 CAN id=101 dlc=8 data=d8cf0400a8610000
2026-07-07T15:05:09.830+00:00 CAN id=101 dlc=8 data=d8cf0400a8610000
2026-07-07T15:05:09.850+00:00 CAN id=101 dlc=8 data=d8cf0400a8610000
2026-07-07T15:05:09.870+00:00 CAN id=101 dlc=8 data=d8cf0400a8610000
2026-07-07T15:05:09.890+00:00 CAN id=101 dlc=8 data=d8cf0400a8610000
2026-07-07T15:05:09.910+00:00 CAN id=101 dlc=8 data=d8cf0400a8610000
2026-07-07T15:05:09.930+00:00 CAN id=101 dlc=8 data=d8cf0400a8610000
2026-07-07T15:05:09.950+00:00 CAN id=101 dlc=8 data=d8cf0400a8610000
2026-07-07T15:05:09.970+00:00 CAN id=101 dlc=8 data=d8cf0400a8610000
2026-07-07T15:05:09.990+00:00 CAN id=101 dlc=8 data=d8cf0400a8610000
2026-07-07T15:05:09.996+00:00 VCP run=1 step=0 angle=316143 target=315352 err=-791 steer=-395 m1=0/6420 i1=27 t1=28 m2=0/-10768 i2=-317 t2=27 steerMode=-2174/-4 iSteer=-144947 driveMode=8594/4 iDrive=172092 scale=0 wheel=25000
2026-07-07T15:05:09.996+00:00 VCP run=1 step=0 angle=316143 target=315352 err=-791 steer=-395 m1=0/6420 i1=38 t1=28 m2=0/-10768 i2=-338 t2=27 steerMode=-2174/-22 iSteer=-150190 driveMode=8594/22 iDrive=188065 scale=0 wheel=25000
2026-07-07T15:05:10.010+00:00 CAN id=101 dlc=8 data=d8cf0400a8610000
2026-07-07T15:05:10.030+00:00 CAN id=101 dlc=8 data=d8cf0400a8610000
2026-07-07T15:05:10.050+00:00 CAN id=101 dlc=8 data=d8cf0400a8610000
2026-07-07T15:05:10.070+00:00 CAN id=101 dlc=8 data=d8cf0400a8610000
2026-07-07T15:05:10.090+00:00 CAN id=101 dlc=8 data=d8cf0400a8610000
2026-07-07T15:05:10.101+00:00 VCP run=1 step=0 angle=316143 target=315352 err=-791 steer=-395 m1=0/6420 i1=47 t1=28 m2=0/-10768 i2=-362 t2=27 steerMode=-2174/0 iSteer=-157314 driveMode=8594/0 iDrive=204254 scale=0 wheel=25000
2026-07-07T15:05:10.109+00:00 CAN id=101 dlc=8 data=d8cf0400a8610000
2026-07-07T15:05:10.130+00:00 CAN id=101 dlc=8 data=d8cf0400a8610000
2026-07-07T15:05:10.150+00:00 CAN id=101 dlc=8 data=d8cf0400a8610000
2026-07-07T15:05:10.170+00:00 CAN id=101 dlc=8 data=d8cf0400a8610000
2026-07-07T15:05:10.190+00:00 CAN id=101 dlc=8 data=d8cf0400a8610000
2026-07-07T15:05:10.203+00:00 VCP run=1 step=0 angle=316143 target=315352 err=-791 steer=-395 m1=0/6420 i1=57 t1=28 m2=0/-10768 i2=-384 t2=27 steerMode=-2174/0 iSteer=-163457 driveMode=8594/0 iDrive=220412 scale=0 wheel=25000
2026-07-07T15:05:10.203+00:00 VCP SET_TARGET_RX steer=315352 wheel=25000
2026-07-07T15:05:10.209+00:00 CAN id=101 dlc=8 data=d8cf0400a8610000
2026-07-07T15:05:10.230+00:00 CAN id=101 dlc=8 data=d8cf0400a8610000
2026-07-07T15:05:10.250+00:00 CAN id=101 dlc=8 data=d8cf0400a8610000
2026-07-07T15:05:10.270+00:00 CAN id=101 dlc=8 data=d8cf0400a8610000
2026-07-07T15:05:10.290+00:00 CAN id=101 dlc=8 data=d8cf0400a8610000
2026-07-07T15:05:10.309+00:00 VCP run=1 step=0 angle=316143 target=315352 err=-791 steer=-395 m1=0/6420 i1=67 t1=28 m2=0/-10768 i2=-406 t2=27 steerMode=-2174/-1 iSteer=-169539 driveMode=8594/1 iDrive=236551 scale=0 wheel=25000
2026-07-07T15:05:10.310+00:00 CAN id=101 dlc=8 data=d8cf0400a8610000
2026-07-07T15:05:10.330+00:00 CAN id=101 dlc=8 data=d8cf0400a8610000
2026-07-07T15:05:10.350+00:00 CAN id=101 dlc=8 data=d8cf0400a8610000
2026-07-07T15:05:10.370+00:00 CAN id=101 dlc=8 data=d8cf0400a8610000
2026-07-07T15:05:10.390+00:00 CAN id=101 dlc=8 data=d8cf0400a8610000
2026-07-07T15:05:10.410+00:00 CAN id=101 dlc=8 data=d8cf0400a8610000
2026-07-07T15:05:10.430+00:00 CAN id=101 dlc=8 data=d8cf0400a8610000
2026-07-07T15:05:10.450+00:00 CAN id=101 dlc=8 data=d8cf0400a8610000
2026-07-07T15:05:10.470+00:00 CAN id=101 dlc=8 data=d8cf0400a8610000
2026-07-07T15:05:10.490+00:00 CAN id=101 dlc=8 data=d8cf0400a8610000
2026-07-07T15:05:10.497+00:00 VCP run=1 step=0 angle=316143 target=315352 err=-791 steer=-395 m1=0/6420 i1=78 t1=28 m2=0/-10768 i2=-428 t2=27 steerMode=-2174/-13 iSteer=-175063 driveMode=8594/-13 iDrive=252842 scale=0 wheel=25000
2026-07-07T15:05:10.497+00:00 VCP run=1 step=0 angle=316143 target=315352 err=-791 steer=-395 m1=0/6420 i1=88 t1=28 m2=0/-10768 i2=-450 t2=27 steerMode=-2174/-15 iSteer=-180999 driveMode=8594/14 iDrive=268546 scale=0 wheel=25000
2026-07-07T15:05:10.509+00:00 CAN id=101 dlc=8 data=d8cf0400a8610000
2026-07-07T15:05:10.530+00:00 CAN id=101 dlc=8 data=d8cf0400a8610000
2026-07-07T15:05:10.550+00:00 CAN id=101 dlc=8 data=d8cf0400a8610000
2026-07-07T15:05:10.570+00:00 CAN id=101 dlc=8 data=d8cf0400a8610000
2026-07-07T15:05:10.590+00:00 CAN id=101 dlc=8 data=d8cf0400a8610000
2026-07-07T15:05:10.602+00:00 VCP run=1 step=0 angle=316143 target=315352 err=-791 steer=-395 m1=0/6420 i1=97 t1=28 m2=0/-10768 i2=-472 t2=27 steerMode=-2174/0 iSteer=-187784 driveMode=8594/0 iDrive=284668 scale=0 wheel=25000
2026-07-07T15:05:10.609+00:00 CAN id=101 dlc=8 data=d8cf0400a8610000
2026-07-07T15:05:10.630+00:00 CAN id=101 dlc=8 data=d8cf0400a8610000
2026-07-07T15:05:10.650+00:00 CAN id=101 dlc=8 data=d8cf0400a8610000
2026-07-07T15:05:10.670+00:00 CAN id=101 dlc=8 data=d8cf0400a8610000
2026-07-07T15:05:10.690+00:00 CAN id=101 dlc=8 data=d8cf0400a8610000
2026-07-07T15:05:10.704+00:00 VCP run=1 step=0 angle=316143 target=315352 err=-791 steer=-395 m1=0/6420 i1=107 t1=28 m2=0/-10768 i2=-495 t2=27 steerMode=-2174/0 iSteer=-193923 driveMode=8594/0 iDrive=300825 scale=0 wheel=25000
2026-07-07T15:05:10.704+00:00 VCP SET_TARGET_RX steer=315352 wheel=25000
2026-07-07T15:05:10.710+00:00 CAN id=101 dlc=8 data=d8cf0400a8610000
2026-07-07T15:05:10.730+00:00 CAN id=101 dlc=8 data=d8cf0400a8610000
2026-07-07T15:05:10.750+00:00 CAN id=101 dlc=8 data=d8cf0400a8610000
2026-07-07T15:05:10.770+00:00 CAN id=101 dlc=8 data=d8cf0400a8610000
2026-07-07T15:05:10.790+00:00 CAN id=101 dlc=8 data=d8cf0400a8610000
2026-07-07T15:05:10.810+00:00 CAN id=101 dlc=8 data=d8cf0400a8610000
2026-07-07T15:05:10.810+00:00 VCP run=1 step=0 angle=316143 target=315352 err=-791 steer=-395 m1=0/6420 i1=117 t1=28 m2=0/-10768 i2=-517 t2=27 steerMode=-2174/-3 iSteer=-199896 driveMode=8594/3 iDrive=316938 scale=0 wheel=25000
2026-07-07T15:05:10.830+00:00 CAN id=101 dlc=8 data=d8cf0400a8610000
2026-07-07T15:05:10.850+00:00 CAN id=101 dlc=8 data=d8cf0400a8610000
2026-07-07T15:05:10.870+00:00 CAN id=101 dlc=8 data=d8cf0400a8610000
2026-07-07T15:05:10.890+00:00 CAN id=101 dlc=8 data=d8cf0400a8610000
2026-07-07T15:05:10.910+00:00 CAN id=101 dlc=8 data=d8cf0400a8610000
2026-07-07T15:05:10.930+00:00 CAN id=101 dlc=8 data=d8cf0400a8610000
2026-07-07T15:05:10.950+00:00 CAN id=101 dlc=8 data=d8cf0400a8610000
2026-07-07T15:05:10.970+00:00 CAN id=101 dlc=8 data=d8cf0400a8610000
2026-07-07T15:05:10.990+00:00 CAN id=101 dlc=8 data=d8cf0400a8610000
2026-07-07T15:05:10.998+00:00 VCP run=1 step=0 angle=316143 target=315352 err=-791 steer=-395 m1=0/6420 i1=127 t1=28 m2=0/-10768 i2=-539 t2=27 steerMode=-2174/0 iSteer=-206155 driveMode=8594/0 iDrive=333119 scale=0 wheel=25000
2026-07-07T15:05:10.998+00:00 VCP run=1 step=0 angle=316143 target=315352 err=-791 steer=-395 m1=0/6420 i1=138 t1=28 m2=0/-10768 i2=-561 t2=27 steerMode=-2174/-16 iSteer=-211498 driveMode=8594/17 iDrive=349096 scale=0 wheel=25000
2026-07-07T15:05:11.010+00:00 CAN id=101 dlc=8 data=d8cf0400a8610000
2026-07-07T15:05:11.030+00:00 CAN id=101 dlc=8 data=d8cf0400a8610000
2026-07-07T15:05:11.050+00:00 CAN id=101 dlc=8 data=d8cf0400a8610000
2026-07-07T15:05:11.070+00:00 CAN id=101 dlc=8 data=d8cf0400a8610000
2026-07-07T15:05:11.090+00:00 CAN id=101 dlc=8 data=d8cf0400a8610000
2026-07-07T15:05:11.103+00:00 VCP run=1 step=0 angle=316143 target=315352 err=-791 steer=-395 m1=0/6420 i1=147 t1=28 m2=0/-10768 i2=-583 t2=27 steerMode=-2174/-5 iSteer=-218065 driveMode=8594/5 iDrive=365181 scale=0 wheel=25000
2026-07-07T15:05:11.109+00:00 CAN id=101 dlc=8 data=d8cf0400a8610000
2026-07-07T15:05:11.130+00:00 CAN id=101 dlc=8 data=d8cf0400a8610000
2026-07-07T15:05:11.150+00:00 CAN id=101 dlc=8 data=d8cf0400a8610000
2026-07-07T15:05:11.170+00:00 CAN id=101 dlc=8 data=d8cf0400a8610000
2026-07-07T15:05:11.190+00:00 CAN id=101 dlc=8 data=d8cf0400a8610000
2026-07-07T15:05:11.205+00:00 VCP run=1 step=0 angle=316143 target=315352 err=-791 steer=-395 m1=0/6420 i1=157 t1=28 m2=0/-10768 i2=-605 t2=27 steerMode=-2174/-11 iSteer=-223926 driveMode=8594/11 iDrive=381281 scale=0 wheel=25000
2026-07-07T15:05:11.205+00:00 VCP SET_TARGET_RX steer=315352 wheel=25000
2026-07-07T15:05:11.209+00:00 CAN id=101 dlc=8 data=d8cf0400a8610000
2026-07-07T15:05:11.230+00:00 CAN id=101 dlc=8 data=d8cf0400a8610000
2026-07-07T15:05:11.250+00:00 CAN id=101 dlc=8 data=d8cf0400a8610000
2026-07-07T15:05:11.270+00:00 CAN id=101 dlc=8 data=d8cf0400a8610000
2026-07-07T15:05:11.290+00:00 CAN id=101 dlc=8 data=d8cf0400a8610000
2026-07-07T15:05:11.309+00:00 CAN id=101 dlc=8 data=d8cf0400a8610000
2026-07-07T15:05:11.310+00:00 VCP run=1 step=0 angle=316143 target=315352 err=-791 steer=-395 m1=0/6420 i1=167 t1=28 m2=0/-10768 i2=-628 t2=27 steerMode=-2174/-1 iSteer=-230466 driveMode=8594/1 iDrive=397351 scale=0 wheel=25000
2026-07-07T15:05:11.330+00:00 CAN id=101 dlc=8 data=d8cf0400a8610000
2026-07-07T15:05:11.350+00:00 CAN id=101 dlc=8 data=d8cf0400a8610000
2026-07-07T15:05:11.370+00:00 CAN id=101 dlc=8 data=d8cf0400a8610000
2026-07-07T15:05:11.390+00:00 CAN id=101 dlc=8 data=d8cf0400a8610000
2026-07-07T15:05:11.410+00:00 CAN id=101 dlc=8 data=d8cf0400a8610000
2026-07-07T15:05:11.429+00:00 CAN id=101 dlc=8 data=d8cf0400a8610000
2026-07-07T15:05:11.450+00:00 CAN id=101 dlc=8 data=d8cf0400a8610000
2026-07-07T15:05:11.470+00:00 CAN id=101 dlc=8 data=d8cf0400a8610000
2026-07-07T15:05:11.490+00:00 CAN id=101 dlc=8 data=d8cf0400a8610000
2026-07-07T15:05:11.499+00:00 VCP run=1 step=0 angle=316143 target=315352 err=-791 steer=-395 m1=0/6420 i1=177 t1=28 m2=0/-10768 i2=-650 t2=27 steerMode=-2174/0 iSteer=-236626 driveMode=8594/0 iDrive=413513 scale=0 wheel=25000
2026-07-07T15:05:11.499+00:00 VCP run=1 step=0 angle=316143 target=315352 err=-791 steer=-395 m1=0/6420 i1=187 t1=28 m2=0/-10768 i2=-672 t2=27 steerMode=-2174/-4 iSteer=-242535 driveMode=8594/9 iDrive=429567 scale=0 wheel=25000
2026-07-07T15:05:11.510+00:00 CAN id=101 dlc=8 data=d8cf0400a8610000
2026-07-07T15:05:11.530+00:00 CAN id=101 dlc=8 data=d8cf0400a8610000
2026-07-07T15:05:11.550+00:00 CAN id=101 dlc=8 data=d8cf0400a8610000
2026-07-07T15:05:11.570+00:00 CAN id=101 dlc=8 data=d8cf0400a8610000
2026-07-07T15:05:11.590+00:00 CAN id=101 dlc=8 data=d8cf0400a8610000
2026-07-07T15:05:11.604+00:00 VCP run=1 step=0 angle=316143 target=315352 err=-791 steer=-395 m1=0/6420 i1=197 t1=28 m2=0/-10768 i2=-695 t2=27 steerMode=-2174/0 iSteer=-248865 driveMode=8594/0 iDrive=445805 scale=0 wheel=25000
2026-07-07T15:05:11.610+00:00 CAN id=101 dlc=8 data=d8cf0400a8610000
2026-07-07T15:05:11.630+00:00 CAN id=101 dlc=8 data=d8cf0400a8610000
2026-07-07T15:05:11.650+00:00 CAN id=101 dlc=8 data=d8cf0400a8610000
2026-07-07T15:05:11.670+00:00 CAN id=101 dlc=8 data=d8cf0400a8610000
2026-07-07T15:05:11.690+00:00 CAN id=101 dlc=8 data=d8cf0400a8610000
2026-07-07T15:05:11.706+00:00 VCP run=1 step=0 angle=316143 target=315352 err=-791 steer=-395 m1=0/6420 i1=207 t1=28 m2=0/-10768 i2=-717 t2=27 steerMode=-2174/0 iSteer=-254998 driveMode=8594/0 iDrive=461962 scale=0 wheel=25000
2026-07-07T15:05:11.706+00:00 VCP SET_TARGET_RX steer=315352 wheel=25000
2026-07-07T15:05:11.709+00:00 CAN id=101 dlc=8 data=d8cf0400a8610000
2026-07-07T15:05:11.730+00:00 CAN id=101 dlc=8 data=d8cf0400a8610000
2026-07-07T15:05:11.750+00:00 CAN id=101 dlc=8 data=d8cf0400a8610000
2026-07-07T15:05:11.770+00:00 CAN id=101 dlc=8 data=d8cf0400a8610000
2026-07-07T15:05:11.790+00:00 CAN id=101 dlc=8 data=d8cf0400a8610000
2026-07-07T15:05:11.809+00:00 CAN id=101 dlc=8 data=d8cf0400a8610000
2026-07-07T15:05:11.811+00:00 VCP run=1 step=0 angle=316143 target=315352 err=-791 steer=-395 m1=0/6420 i1=217 t1=28 m2=0/-10768 i2=-739 t2=27 steerMode=-2174/-3 iSteer=-260980 driveMode=8594/-3 iDrive=478149 scale=0 wheel=25000
2026-07-07T15:05:11.830+00:00 CAN id=101 dlc=8 data=d8cf0400a8610000
2026-07-07T15:05:11.850+00:00 CAN id=101 dlc=8 data=d8cf0400a8610000
2026-07-07T15:05:11.870+00:00 CAN id=101 dlc=8 data=d8cf0400a8610000
2026-07-07T15:05:11.890+00:00 CAN id=101 dlc=8 data=d8cf0400a8610000
2026-07-07T15:05:11.910+00:00 CAN id=101 dlc=8 data=d8cf0400a8610000
2026-07-07T15:05:11.930+00:00 CAN id=101 dlc=8 data=d8cf0400a8610000
2026-07-07T15:05:11.950+00:00 CAN id=101 dlc=8 data=d8cf0400a8610000
2026-07-07T15:05:11.970+00:00 CAN id=101 dlc=8 data=d8cf0400a8610000
2026-07-07T15:05:11.990+00:00 CAN id=101 dlc=8 data=d8cf0400a8610000
2026-07-07T15:05:12.000+00:00 VCP run=1 step=0 angle=316143 target=315352 err=-791 steer=-395 m1=0/6420 i1=227 t1=28 m2=0/-10768 i2=-761 t2=27 steerMode=-2174/0 iSteer=-267189 driveMode=8594/0 iDrive=494105 scale=0 wheel=25000
2026-07-07T15:05:12.000+00:00 VCP run=1 step=0 angle=316143 target=315352 err=-791 steer=-395 m1=0/6420 i1=237 t1=28 m2=0/-10768 i2=-783 t2=27 steerMode=-2174/-3 iSteer=-273149 driveMode=8594/3 iDrive=510210 scale=0 wheel=25000
2026-07-07T15:05:12.009+00:00 CAN id=101 dlc=8 data=d8cf0400a8610000
2026-07-07T15:05:12.030+00:00 CAN id=101 dlc=8 data=d8cf0400a8610000
2026-07-07T15:05:12.050+00:00 CAN id=101 dlc=8 data=d8cf0400a8610000
2026-07-07T15:05:12.070+00:00 CAN id=101 dlc=8 data=d8cf0400a8610000
2026-07-07T15:05:12.090+00:00 CAN id=101 dlc=8 data=d8cf0400a8610000
2026-07-07T15:05:12.105+00:00 VCP run=1 step=0 angle=316143 target=315352 err=-791 steer=-395 m1=0/6420 i1=248 t1=28 m2=0/-10768 i2=-805 t2=27 steerMode=-2174/-19 iSteer=-278435 driveMode=8594/19 iDrive=526189 scale=0 wheel=25000
2026-07-07T15:05:12.110+00:00 CAN id=101 dlc=8 data=d8cf0400a8610000
2026-07-07T15:05:12.130+00:00 CAN id=101 dlc=8 data=d8cf0400a8610000
2026-07-07T15:05:12.150+00:00 CAN id=101 dlc=8 data=d8cf0400a8610000
2026-07-07T15:05:12.170+00:00 CAN id=101 dlc=8 data=d8cf0400a8610000
2026-07-07T15:05:12.190+00:00 CAN id=101 dlc=8 data=d8cf0400a8610000
2026-07-07T15:05:12.206+00:00 VCP run=1 step=0 angle=316143 target=315352 err=-791 steer=-395 m1=0/6420 i1=258 t1=28 m2=0/-10768 i2=-827 t2=27 steerMode=-2174/-16 iSteer=-284618 driveMode=8594/15 iDrive=542211 scale=0 wheel=25000
2026-07-07T15:05:12.206+00:00 VCP SET_TARGET_RX steer=315352 wheel=25000
2026-07-07T15:05:12.210+00:00 CAN id=101 dlc=8 data=d8cf0400a8610000
2026-07-07T15:05:12.230+00:00 CAN id=101 dlc=8 data=d8cf0400a8610000
2026-07-07T15:05:12.250+00:00 CAN id=101 dlc=8 data=d8cf0400a8610000
2026-07-07T15:05:12.270+00:00 CAN id=101 dlc=8 data=d8cf0400a8610000
2026-07-07T15:05:12.290+00:00 CAN id=101 dlc=8 data=d8cf0400a8610000
2026-07-07T15:05:12.310+00:00 CAN id=101 dlc=8 data=d8cf0400a8610000
2026-07-07T15:05:12.330+00:00 CAN id=101 dlc=8 data=d8cf0400a8610000
2026-07-07T15:05:12.350+00:00 CAN id=101 dlc=8 data=d8cf0400a8610000
2026-07-07T15:05:12.370+00:00 CAN id=101 dlc=8 data=d8cf0400a8610000
2026-07-07T15:05:12.390+00:00 CAN id=101 dlc=8 data=d8cf0400a8610000
2026-07-07T15:05:12.395+00:00 VCP run=1 step=0 angle=316143 target=315352 err=-791 steer=-395 m1=0/6420 i1=267 t1=28 m2=0/-10768 i2=-850 t2=27 steerMode=-2174/0 iSteer=-291472 driveMode=8594/0 iDrive=558338 scale=0 wheel=25000
2026-07-07T15:05:12.395+00:00 VCP run=1 step=0 angle=316143 target=315352 err=-791 steer=-395 m1=0/6420 i1=277 t1=28 m2=0/-10768 i2=-871 t2=27 steerMode=-2174/-10 iSteer=-297071 driveMode=8594/9 iDrive=574378 scale=0 wheel=25000
2026-07-07T15:05:12.410+00:00 CAN id=101 dlc=8 data=d8cf0400a8610000
2026-07-07T15:05:12.430+00:00 CAN id=101 dlc=8 data=d8cf0400a8610000
2026-07-07T15:05:12.450+00:00 CAN id=101 dlc=8 data=d8cf0400a8610000
2026-07-07T15:05:12.470+00:00 CAN id=101 dlc=8 data=d8cf0400a8610000
2026-07-07T15:05:12.490+00:00 CAN id=101 dlc=8 data=d8cf0400a8610000
2026-07-07T15:05:12.500+00:00 VCP run=1 step=0 angle=316143 target=315352 err=-791 steer=-395 m1=0/6420 i1=287 t1=28 m2=0/-10768 i2=-894 t2=27 steerMode=-2174/-4 iSteer=-303421 driveMode=8594/4 iDrive=590397 scale=0 wheel=25000
2026-07-07T15:05:12.509+00:00 CAN id=101 dlc=8 data=d8cf0400a8610000
2026-07-07T15:05:12.530+00:00 CAN id=101 dlc=8 data=d8cf0400a8610000
2026-07-07T15:05:12.550+00:00 CAN id=101 dlc=8 data=d8cf0400a8610000
2026-07-07T15:05:12.570+00:00 CAN id=101 dlc=8 data=d8cf0400a8610000
2026-07-07T15:05:12.590+00:00 CAN id=101 dlc=8 data=d8cf0400a8610000
2026-07-07T15:05:12.605+00:00 VCP run=1 step=0 angle=316143 target=315352 err=-791 steer=-395 m1=0/6420 i1=301 t1=28 m2=-11/-10768 i2=-911 t2=27 steerMode=-2174/-93 iSteer=-304999 driveMode=8594/93 iDrive=605596 scale=0 wheel=25000
2026-07-07T15:05:12.609+00:00 CAN id=101 dlc=8 data=d8cf0400a8610000
2026-07-07T15:05:12.630+00:00 CAN id=101 dlc=8 data=d8cf0400a8610000
2026-07-07T15:05:12.650+00:00 CAN id=101 dlc=8 data=d8cf0400a8610000
2026-07-07T15:05:12.670+00:00 CAN id=101 dlc=8 data=d8cf0400a8610000
2026-07-07T15:05:12.690+00:00 CAN id=101 dlc=8 data=d8cf0400a8610000
2026-07-07T15:05:12.706+00:00 VCP run=1 step=0 angle=314121 target=315352 err=1231 steer=615 m1=8/11979 i1=757 t1=28 m2=-275/-5209 i2=-65 t2=27 steerMode=3385/-7324 iSteer=345532 driveMode=8594/7653 iDrive=411021 scale=0 wheel=25000
2026-07-07T15:05:12.706+00:00 VCP SET_TARGET_RX steer=315352 wheel=25000
2026-07-07T15:05:12.709+00:00 CAN id=101 dlc=8 data=d8cf0400a8610000
2026-07-07T15:05:12.730+00:00 CAN id=101 dlc=8 data=d8cf0400a8610000
2026-07-07T15:05:12.750+00:00 CAN id=101 dlc=8 data=d8cf0400a8610000
2026-07-07T15:05:12.770+00:00 CAN id=101 dlc=8 data=d8cf0400a8610000
2026-07-07T15:05:12.790+00:00 CAN id=101 dlc=8 data=d8cf0400a8610000
2026-07-07T15:05:12.809+00:00 CAN id=101 dlc=8 data=d8cf0400a8610000
2026-07-07T15:05:12.811+00:00 VCP run=1 step=0 angle=313330 target=315352 err=2022 steer=1011 m1=272/14154 i1=321 t1=28 m2=4/-3033 i2=-539 t2=27 steerMode=5560/4536 iSteer=-109324 driveMode=8594/5650 iDrive=429946 scale=0 wheel=25000
2026-07-07T15:05:12.830+00:00 CAN id=101 dlc=8 data=d8cf0400a8610000
2026-07-07T15:05:12.850+00:00 CAN id=101 dlc=8 data=d8cf0400a8610000
2026-07-07T15:05:12.870+00:00 CAN id=101 dlc=8 data=d8cf0400a8610000
2026-07-07T15:05:12.890+00:00 CAN id=101 dlc=8 data=d8cf0400a8610000
2026-07-07T15:05:12.909+00:00 CAN id=101 dlc=8 data=d8cf0400a8610000
2026-07-07T15:05:12.930+00:00 CAN id=101 dlc=8 data=d8cf0400a8610000
2026-07-07T15:05:12.950+00:00 CAN id=101 dlc=8 data=d8cf0400a8610000
2026-07-07T15:05:12.970+00:00 CAN id=101 dlc=8 data=d8cf0400a8610000
2026-07-07T15:05:12.990+00:00 CAN id=101 dlc=8 data=d8cf0400a8610000
2026-07-07T15:05:12.998+00:00 VCP run=1 step=0 angle=314824 target=315352 err=528 steer=250 m1=234/9969 i1=298 t1=28 m2=-340/-7219 i2=-394 t2=27 steerMode=1375/-1052 iSteer=-47996 driveMode=8594/13859 iDrive=345557 scale=0 wheel=25000
2026-07-07T15:05:12.998+00:00 VCP run=1 step=0 angle=314209 target=315352 err=1143 steer=572 m1=408/11737 i1=231 t1=28 m2=-360/-5450 i2=-309 t2=27 steerMode=3143/768 iSteer=-39052 driveMode=8594/19876 iDrive=270065 scale=0 wheel=25000
2026-07-07T15:05:13.009+00:00 CAN id=101 dlc=8 data=d8cf0400a8610000
2026-07-07T15:05:13.030+00:00 CAN id=101 dlc=8 data=d8cf0400a8610000
2026-07-07T15:05:13.050+00:00 CAN id=101 dlc=8 data=d8cf0400a8610000
2026-07-07T15:05:13.069+00:00 CAN id=101 dlc=8 data=d8cf0400a8610000
2026-07-07T15:05:13.090+00:00 CAN id=101 dlc=8 data=d8cf0400a8610000
2026-07-07T15:05:13.103+00:00 VCP run=1 step=0 angle=314385 target=315352 err=967 steer=484 m1=443/11254 i1=180 t1=28 m2=-398/-5934 i2=-252 t2=27 steerMode=2660/319 iSteer=-35962 driveMode=8594/22844 iDrive=216012 scale=0 wheel=25000
2026-07-07T15:05:13.110+00:00 CAN id=101 dlc=8 data=d8cf0400a8610000
2026-07-07T15:05:13.130+00:00 CAN id=101 dlc=8 data=d8cf0400a8610000
2026-07-07T15:05:13.150+00:00 CAN id=101 dlc=8 data=d8cf0400a8610000
2026-07-07T15:05:13.170+00:00 CAN id=101 dlc=8 data=d8cf0400a8610000
2026-07-07T15:05:13.190+00:00 CAN id=101 dlc=8 data=d8cf0400a8610000
2026-07-07T15:05:13.204+00:00 VCP run=1 step=0 angle=314561 target=315352 err=791 steer=396 m1=422/10770 i1=160 t1=28 m2=-455/-6417 i2=-203 t2=27 steerMode=2177/-339 iSteer=-21516 driveMode=8594/23530 iDrive=181934 scale=0 wheel=25000
2026-07-07T15:05:13.204+00:00 VCP SET_TARGET_RX steer=315352 wheel=25000
2026-07-07T15:05:13.209+00:00 CAN id=101 dlc=8 data=d8cf0400a8610000
2026-07-07T15:05:13.230+00:00 CAN id=101 dlc=8 data=d8cf0400a8610000
2026-07-07T15:05:13.250+00:00 CAN id=101 dlc=8 data=d8cf0400a8610000
2026-07-07T15:05:13.270+00:00 CAN id=101 dlc=8 data=d8cf0400a8610000
2026-07-07T15:05:13.290+00:00 CAN id=101 dlc=8 data=d8cf0400a8610000
2026-07-07T15:05:13.309+00:00 VCP run=1 step=0 angle=314561 target=315352 err=791 steer=396 m1=437/10770 i1=130 t1=28 m2=-427/-6417 i2=-204 t2=27 steerMode=2177/100 iSteer=-36971 driveMode=8594/22346 iDrive=166760 scale=0 wheel=25000
2026-07-07T15:05:13.310+00:00 CAN id=101 dlc=8 data=d8cf0400a8610000
2026-07-07T15:05:13.330+00:00 CAN id=101 dlc=8 data=d8cf0400a8610000
2026-07-07T15:05:13.350+00:00 CAN id=101 dlc=8 data=d8cf0400a8610000
2026-07-07T15:05:13.370+00:00 CAN id=101 dlc=8 data=d8cf0400a8610000
2026-07-07T15:05:13.390+00:00 CAN id=101 dlc=8 data=d8cf0400a8610000
2026-07-07T15:05:13.410+00:00 CAN id=101 dlc=8 data=d8cf0400a8610000
2026-07-07T15:05:13.430+00:00 CAN id=101 dlc=8 data=d8cf0400a8610000
2026-07-07T15:05:13.450+00:00 CAN id=101 dlc=8 data=d8cf0400a8610000
2026-07-07T15:05:13.470+00:00 CAN id=101 dlc=8 data=d8cf0400a8610000
2026-07-07T15:05:13.490+00:00 CAN id=101 dlc=8 data=d8cf0400a8610000
2026-07-07T15:05:13.496+00:00 VCP run=1 step=0 angle=314561 target=315352 err=791 steer=396 m1=403/10770 i1=160 t1=28 m2=-417/-6417 i2=-135 t2=27 steerMode=2177/-754 iSteer=12240 driveMode=8594/21777 iDrive=147314 scale=0 wheel=25000
2026-07-07T15:05:13.497+00:00 VCP run=1 step=0 angle=314473 target=315352 err=879 steer=440 m1=382/11012 i1=132 t1=28 m2=-432/-6175 i2=-135 t2=27 steerMode=2418/-86 iSteer=-1854 driveMode=8594/20826 iDrive=133475 scale=0 wheel=25000
2026-07-07T15:05:13.510+00:00 CAN id=101 dlc=8 data=d8cf0400a8610000
2026-07-07T15:05:13.530+00:00 CAN id=101 dlc=8 data=d8cf0400a8610000
2026-07-07T15:05:13.550+00:00 CAN id=101 dlc=8 data=d8cf0400a8610000
2026-07-07T15:05:13.570+00:00 CAN id=101 dlc=8 data=d8cf0400a8610000
2026-07-07T15:05:13.590+00:00 CAN id=101 dlc=8 data=d8cf0400a8610000
2026-07-07T15:05:13.601+00:00 VCP run=1 step=0 angle=314473 target=315352 err=879 steer=440 m1=313/11012 i1=130 t1=28 m2=-329/-6175 i2=-133 t2=27 steerMode=2418/41 iSteer=-1529 driveMode=8594/18921 iDrive=131673 scale=0 wheel=25000
2026-07-07T15:05:13.610+00:00 CAN id=101 dlc=8 data=d8cf0400a8610000
2026-07-07T15:05:13.630+00:00 CAN id=101 dlc=8 data=d8cf0400a8610000
2026-07-07T15:05:13.650+00:00 CAN id=101 dlc=8 data=d8cf0400a8610000
2026-07-07T15:05:13.670+00:00 CAN id=101 dlc=8 data=d8cf0400a8610000
2026-07-07T15:05:13.690+00:00 CAN id=101 dlc=8 data=d8cf0400a8610000
2026-07-07T15:05:13.703+00:00 VCP run=1 step=0 angle=314561 target=315352 err=791 steer=396 m1=326/10770 i1=112 t1=28 m2=-296/-6417 i2=-146 t2=27 steerMode=2177/239 iSteer=-17109 driveMode=8594/17358 iDrive=129391 scale=0 wheel=25000
2026-07-07T15:05:13.703+00:00 VCP SET_TARGET_RX steer=315352 wheel=25000
2026-07-07T15:05:13.709+00:00 CAN id=101 dlc=8 data=d8cf0400a8610000
2026-07-07T15:05:13.730+00:00 CAN id=101 dlc=8 data=d8cf0400a8610000
2026-07-07T15:05:13.750+00:00 CAN id=101 dlc=8 data=d8cf0400a8610000
2026-07-07T15:05:13.770+00:00 CAN id=101 dlc=8 data=d8cf0400a8610000
2026-07-07T15:05:13.790+00:00 CAN id=101 dlc=8 data=d8cf0400a8610000
2026-07-07T15:05:13.808+00:00 VCP run=1 step=0 angle=314561 target=315352 err=791 steer=396 m1=295/10770 i1=136 t1=28 m2=-237/-6417 i2=-136 t2=27 steerMode=2177/1 iSteer=311 driveMode=8594/15273 iDrive=136040 scale=0 wheel=25000
2026-07-07T15:05:13.809+00:00 CAN id=101 dlc=8 data=d8cf0400a8610000
2026-07-07T15:05:13.830+00:00 CAN id=101 dlc=8 data=d8cf0400a8610000
2026-07-07T15:05:13.850+00:00 CAN id=101 dlc=8 data=d8cf0400a8610000
2026-07-07T15:05:13.870+00:00 CAN id=101 dlc=8 data=d8cf0400a8610000
2026-07-07T15:05:13.890+00:00 CAN id=101 dlc=8 data=d8cf0400a8610000
2026-07-07T15:05:13.910+00:00 CAN id=101 dlc=8 data=d8cf0400a8610000
2026-07-07T15:05:13.930+00:00 CAN id=101 dlc=8 data=d8cf0400a8610000
2026-07-07T15:05:13.950+00:00 CAN id=101 dlc=8 data=d8cf0400a8610000
2026-07-07T15:05:13.970+00:00 CAN id=101 dlc=8 data=d8cf0400a8610000
2026-07-07T15:05:13.990+00:00 CAN id=101 dlc=8 data=d8cf0400a8610000
2026-07-07T15:05:13.995+00:00 VCP run=1 step=0 angle=314736 target=315352 err=616 steer=308 m1=242/10287 i1=132 t1=28 m2=-302/-6901 i2=-153 t2=27 steerMode=1693/-156 iSteer=-10928 driveMode=8594/14339 iDrive=142547 scale=0 wheel=25000
2026-07-07T15:05:13.995+00:00 VCP run=1 step=0 angle=314648 target=315352 err=704 steer=352 m1=228/10529 i1=155 t1=28 m2=-245/-6659 i2=-142 t2=27 steerMode=1935/-161 iSteer=6864 driveMode=8594/13753 iDrive=148405 scale=0 wheel=25000
2026-07-07T15:05:14.010+00:00 CAN id=101 dlc=8 data=d8cf0400a8610000
2026-07-07T15:05:14.030+00:00 CAN id=101 dlc=8 data=d8cf0400a8610000
2026-07-07T15:05:14.050+00:00 CAN id=101 dlc=8 data=d8cf0400a8610000
2026-07-07T15:05:14.070+00:00 CAN id=101 dlc=8 data=d8cf0400a8610000
2026-07-07T15:05:14.090+00:00 CAN id=101 dlc=8 data=d8cf0400a8610000
2026-07-07T15:05:14.100+00:00 VCP run=1 step=0 angle=314648 target=315352 err=704 steer=352 m1=238/10529 i1=133 t1=28 m2=-191/-6659 i2=-172 t2=27 steerMode=1935/462 iSteer=-19703 driveMode=8594/13348 iDrive=152459 scale=0 wheel=25000
2026-07-07T15:05:14.110+00:00 CAN id=101 dlc=8 data=d8cf0400a8610000
2026-07-07T15:05:14.130+00:00 CAN id=101 dlc=8 data=d8cf0400a8610000
2026-07-07T15:05:14.150+00:00 CAN id=101 dlc=8 data=d8cf0400a8610000
2026-07-07T15:05:14.170+00:00 CAN id=101 dlc=8 data=d8cf0400a8610000
2026-07-07T15:05:14.190+00:00 CAN id=101 dlc=8 data=d8cf0400a8610000
2026-07-07T15:05:14.201+00:00 VCP run=1 step=0 angle=314736 target=315352 err=616 steer=308 m1=215/10287 i1=175 t1=28 m2=-183/-6901 i2=-150 t2=27 steerMode=1693/-337 iSteer=12040 driveMode=8594/12342 iDrive=162515 scale=0 wheel=25000
2026-07-07T15:05:14.201+00:00 VCP SET_TARGET_RX steer=315352 wheel=25000
2026-07-07T15:05:14.210+00:00 CAN id=101 dlc=8 data=d8cf0400a8610000
2026-07-07T15:05:14.230+00:00 CAN id=101 dlc=8 data=d8cf0400a8610000
2026-07-07T15:05:14.250+00:00 CAN id=101 dlc=8 data=d8cf0400a8610000
2026-07-07T15:05:14.270+00:00 CAN id=101 dlc=8 data=d8cf0400a8610000
2026-07-07T15:05:14.290+00:00 CAN id=101 dlc=8 data=d8cf0400a8610000
2026-07-07T15:05:14.306+00:00 VCP run=1 step=0 angle=314824 target=315352 err=528 steer=264 m1=269/10045 i1=117 t1=28 m2=-298/-7142 i2=-209 t2=27 steerMode=1451/666 iSteer=-46407 driveMode=8594/12293 iDrive=163012 scale=0 wheel=25000
2026-07-07T15:05:14.310+00:00 CAN id=101 dlc=8 data=d8cf0400a8610000
2026-07-07T15:05:14.330+00:00 CAN id=101 dlc=8 data=d8cf0400a8610000
2026-07-07T15:05:14.350+00:00 CAN id=101 dlc=8 data=d8cf0400a8610000
2026-07-07T15:05:14.370+00:00 CAN id=101 dlc=8 data=d8cf0400a8610000
2026-07-07T15:05:14.390+00:00 CAN id=101 dlc=8 data=d8cf0400a8610000
2026-07-07T15:05:14.410+00:00 CAN id=101 dlc=8 data=d8cf0400a8610000
2026-07-07T15:05:14.411+00:00 VCP run=1 step=0 angle=314912 target=315352 err=440 steer=0 m1=221/8594 i1=64 t1=28 m2=-178/-8594 i2=-277 t2=27 steerMode=0/473 iSteer=-106321 driveMode=8594/11514 iDrive=170794 scale=0 wheel=25000
2026-07-07T15:05:14.430+00:00 CAN id=101 dlc=8 data=d8cf0400a8610000
2026-07-07T15:05:14.450+00:00 CAN id=101 dlc=8 data=d8cf0400a8610000
2026-07-07T15:05:14.470+00:00 CAN id=101 dlc=8 data=d8cf0400a8610000
2026-07-07T15:05:14.490+00:00 CAN id=101 dlc=8 data=d8cf0400a8610000
2026-07-07T15:05:14.510+00:00 CAN id=101 dlc=8 data=d8cf0400a8610000
2026-07-07T15:05:14.530+00:00 CAN id=101 dlc=8 data=d8cf0400a8610000
2026-07-07T15:05:14.550+00:00 CAN id=101 dlc=8 data=d8cf0400a8610000
2026-07-07T15:05:14.570+00:00 CAN id=101 dlc=8 data=d8cf0400a8610000
2026-07-07T15:05:14.590+00:00 CAN id=101 dlc=8 data=d8cf0400a8610000
2026-07-07T15:05:14.599+00:00 VCP run=1 step=0 angle=314824 target=315352 err=528 steer=264 m1=150/10045 i1=205 t1=28 m2=-208/-7142 i2=-155 t2=27 steerMode=1451/-680 iSteer=25172 driveMode=8594/10583 iDrive=180112 scale=0 wheel=25000
2026-07-07T15:05:14.599+00:00 VCP run=1 step=0 angle=314912 target=315352 err=440 steer=0 m1=150/8594 i1=122 t1=28 m2=-212/-8594 i2=-262 t2=27 steerMode=0/-204 iSteer=-70109 driveMode=8594/9408 iDrive=191854 scale=0 wheel=25000
2026-07-07T15:05:14.609+00:00 CAN id=101 dlc=8 data=d8cf0400a8610000
2026-07-07T15:05:14.630+00:00 CAN id=101 dlc=8 data=d8cf0400a8610000
2026-07-07T15:05:14.650+00:00 CAN id=101 dlc=8 data=d8cf0400a8610000
2026-07-07T15:05:14.670+00:00 CAN id=101 dlc=8 data=d8cf0400a8610000
2026-07-07T15:05:14.690+00:00 CAN id=101 dlc=8 data=d8cf0400a8610000
2026-07-07T15:05:14.701+00:00 VCP run=1 step=0 angle=314912 target=315352 err=440 steer=0 m1=156/8594 i1=114 t1=28 m2=-134/-8594 i2=-281 t2=27 steerMode=0/92 iSteer=-83029 driveMode=8594/8843 iDrive=197507 scale=0 wheel=25000
2026-07-07T15:05:14.701+00:00 VCP SET_TARGET_RX steer=315352 wheel=25000
2026-07-07T15:05:14.710+00:00 CAN id=101 dlc=8 data=d8cf0400a8610000
2026-07-07T15:05:14.730+00:00 CAN id=101 dlc=8 data=d8cf0400a8610000
2026-07-07T15:05:14.750+00:00 CAN id=101 dlc=8 data=d8cf0400a8610000
2026-07-07T15:05:14.770+00:00 CAN id=101 dlc=8 data=d8cf0400a8610000
2026-07-07T15:05:14.790+00:00 CAN id=101 dlc=8 data=d8cf0400a8610000
2026-07-07T15:05:14.806+00:00 VCP run=1 step=0 angle=314824 target=315352 err=528 steer=264 m1=196/10045 i1=191 t1=28 m2=-193/-7142 i2=-200 t2=27 steerMode=1451/26 iSteer=-4690 driveMode=8594/9051 iDrive=195429 scale=0 wheel=25000
2026-07-07T15:05:14.809+00:00 CAN id=101 dlc=8 data=d8cf0400a8610000
2026-07-07T15:05:14.830+00:00 CAN id=101 dlc=8 data=d8cf0400a8610000
2026-07-07T15:05:14.850+00:00 CAN id=101 dlc=8 data=d8cf0400a8610000
2026-07-07T15:05:14.870+00:00 CAN id=101 dlc=8 data=d8cf0400a8610000
2026-07-07T15:05:14.890+00:00 CAN id=101 dlc=8 data=d8cf0400a8610000
2026-07-07T15:05:14.910+00:00 CAN id=101 dlc=8 data=d8cf0400a8610000
2026-07-07T15:05:14.930+00:00 CAN id=101 dlc=8 data=d8cf0400a8610000
2026-07-07T15:05:14.950+00:00 CAN id=101 dlc=8 data=d8cf0400a8610000
2026-07-07T15:05:14.970+00:00 CAN id=101 dlc=8 data=d8cf0400a8610000
2026-07-07T15:05:14.990+00:00 CAN id=101 dlc=8 data=d8cf0400a8610000
2026-07-07T15:05:14.995+00:00 VCP run=1 step=0 angle=315088 target=315352 err=264 steer=0 m1=133/8594 i1=144 t1=28 m2=-126/-8594 i2=-271 t2=27 steerMode=0/-272 iSteer=-63477 driveMode=8594/7878 iDrive=207788 scale=0 wheel=25000
2026-07-07T15:05:14.995+00:00 VCP run=1 step=0 angle=315000 target=315352 err=352 steer=0 m1=198/8594 i1=168 t1=28 m2=-183/-8594 i2=-230 t2=27 steerMode=0/-882 iSteer=-31131 driveMode=8594/8857 iDrive=199360 scale=0 wheel=25000
2026-07-07T15:05:15.010+00:00 CAN id=101 dlc=8 data=d8cf0400a8610000
2026-07-07T15:05:15.030+00:00 CAN id=101 dlc=8 data=d8cf0400a8610000
2026-07-07T15:05:15.050+00:00 CAN id=101 dlc=8 data=d8cf0400a8610000
2026-07-07T15:05:15.070+00:00 CAN id=101 dlc=8 data=d8cf0400a8610000
2026-07-07T15:05:15.090+00:00 CAN id=101 dlc=8 data=d8cf0400a8610000
2026-07-07T15:05:15.101+00:00 VCP run=1 step=0 angle=314912 target=315352 err=440 steer=0 m1=156/8594 i1=133 t1=28 m2=-218/-8594 i2=-282 t2=27 steerMode=0/-9 iSteer=-74391 driveMode=8594/8039 iDrive=207354 scale=0 wheel=25000
2026-07-07T15:05:15.110+00:00 CAN id=101 dlc=8 data=d8cf0400a8610000
2026-07-07T15:05:15.130+00:00 CAN id=101 dlc=8 data=d8cf0400a8610000
2026-07-07T15:05:15.150+00:00 CAN id=101 dlc=8 data=d8cf0400a8610000
2026-07-07T15:05:15.170+00:00 CAN id=101 dlc=8 data=d8cf0400a8610000
2026-07-07T15:05:15.190+00:00 CAN id=101 dlc=8 data=d8cf0400a8610000
2026-07-07T15:05:15.202+00:00 VCP run=1 step=0 angle=314912 target=315352 err=440 steer=0 m1=163/8594 i1=166 t1=28 m2=-252/-8594 i2=-234 t2=27 steerMode=0/-797 iSteer=-34056 driveMode=8594/8758 iDrive=200012 scale=0 wheel=25000
2026-07-07T15:05:15.202+00:00 VCP SET_TARGET_RX steer=315352 wheel=25000
2026-07-07T15:05:15.210+00:00 CAN id=101 dlc=8 data=d8cf0400a8610000
2026-07-07T15:05:15.230+00:00 CAN id=101 dlc=8 data=d8cf0400a8610000
2026-07-07T15:05:15.250+00:00 CAN id=101 dlc=8 data=d8cf0400a8610000
2026-07-07T15:05:15.270+00:00 CAN id=101 dlc=8 data=d8cf0400a8610000
2026-07-07T15:05:15.290+00:00 CAN id=101 dlc=8 data=d8cf0400a8610000
2026-07-07T15:05:15.307+00:00 VCP run=1 step=0 angle=314912 target=315352 err=440 steer=0 m1=146/8594 i1=122 t1=28 m2=-166/-8594 i2=-287 t2=27 steerMode=0/194 iSteer=-82441 driveMode=8594/8267 iDrive=204510 scale=0 wheel=25000
2026-07-07T15:05:15.310+00:00 CAN id=101 dlc=8 data=d8cf0400a8610000
2026-07-07T15:05:15.330+00:00 CAN id=101 dlc=8 data=d8cf0400a8610000
2026-07-07T15:05:15.350+00:00 CAN id=101 dlc=8 data=d8cf0400a8610000
2026-07-07T15:05:15.370+00:00 CAN id=101 dlc=8 data=d8cf0400a8610000
2026-07-07T15:05:15.390+00:00 CAN id=101 dlc=8 data=d8cf0400a8610000
2026-07-07T15:05:15.410+00:00 CAN id=101 dlc=8 data=d8cf0400a8610000
2026-07-07T15:05:15.430+00:00 CAN id=101 dlc=8 data=d8cf0400a8610000
2026-07-07T15:05:15.450+00:00 CAN id=101 dlc=8 data=d8cf0400a8610000
2026-07-07T15:05:15.470+00:00 CAN id=101 dlc=8 data=d8cf0400a8610000
2026-07-07T15:05:15.490+00:00 CAN id=101 dlc=8 data=d8cf0400a8610000
2026-07-07T15:05:15.496+00:00 VCP run=1 step=0 angle=314912 target=315352 err=440 steer=0 m1=140/8594 i1=129 t1=28 m2=-178/-8594 i2=-282 t2=27 steerMode=0/93 iSteer=-76252 driveMode=8594/8163 iDrive=205449 scale=0 wheel=25000
2026-07-07T15:05:15.496+00:00 VCP run=1 step=0 angle=314912 target=315352 err=440 steer=0 m1=154/8594 i1=151 t1=28 m2=-164/-8594 i2=-273 t2=27 steerMode=0/-212 iSteer=-60793 driveMode=8594/7674 iDrive=212164 scale=0 wheel=25000
2026-07-07T15:05:15.510+00:00 CAN id=101 dlc=8 data=d8cf0400a8610000
2026-07-07T15:05:15.530+00:00 CAN id=101 dlc=8 data=d8cf0400a8610000
2026-07-07T15:05:15.550+00:00 CAN id=101 dlc=8 data=d8cf0400a8610000
2026-07-07T15:05:15.570+00:00 CAN id=101 dlc=8 data=d8cf0400a8610000
2026-07-07T15:05:15.590+00:00 CAN id=101 dlc=8 data=d8cf0400a8610000
2026-07-07T15:05:15.601+00:00 VCP run=1 step=0 angle=314824 target=315352 err=528 steer=150 m1=177/9419 i1=213 t1=28 m2=-149/-7769 i2=-199 t2=27 steerMode=825/-692 iSteer=7013 driveMode=8594/8363 iDrive=206154 scale=0 wheel=25000
2026-07-07T15:05:15.609+00:00 CAN id=101 dlc=8 data=d8cf0400a8610000
2026-07-07T15:05:15.630+00:00 CAN id=101 dlc=8 data=d8cf0400a8610000
2026-07-07T15:05:15.650+00:00 CAN id=101 dlc=8 data=d8cf0400a8610000
2026-07-07T15:05:15.670+00:00 CAN id=101 dlc=8 data=d8cf0400a8610000
2026-07-07T15:05:15.690+00:00 CAN id=101 dlc=8 data=d8cf0400a8610000
2026-07-07T15:05:15.702+00:00 VCP run=1 step=0 angle=314824 target=315352 err=528 steer=50 m1=156/8869 i1=147 t1=28 m2=-126/-8319 i2=-276 t2=27 steerMode=275/195 iSteer=-64781 driveMode=8594/7947 iDrive=211634 scale=0 wheel=25000
2026-07-07T15:05:15.703+00:00 VCP SET_TARGET_RX steer=315352 wheel=25000
2026-07-07T15:05:15.710+00:00 CAN id=101 dlc=8 data=d8cf0400a8610000
2026-07-07T15:05:15.730+00:00 CAN id=101 dlc=8 data=d8cf0400a8610000
2026-07-07T15:05:15.750+00:00 CAN id=101 dlc=8 data=d8cf0400a8610000
2026-07-07T15:05:15.770+00:00 CAN id=101 dlc=8 data=d8cf0400a8610000
2026-07-07T15:05:15.790+00:00 CAN id=101 dlc=8 data=d8cf0400a8610000
2026-07-07T15:05:15.809+00:00 VCP run=1 step=0 angle=314824 target=315352 err=528 steer=50 m1=110/8869 i1=147 t1=28 m2=-99/-8319 i2=-288 t2=27 steerMode=275/317 iSteer=-70622 driveMode=8594/7482 iDrive=217457 scale=0 wheel=25000
2026-07-07T15:05:15.810+00:00 CAN id=101 dlc=8 data=d8cf0400a8610000
2026-07-07T15:05:15.830+00:00 CAN id=101 dlc=8 data=d8cf0400a8610000
2026-07-07T15:05:15.850+00:00 CAN id=101 dlc=8 data=d8cf0400a8610000
2026-07-07T15:05:15.870+00:00 CAN id=101 dlc=8 data=d8cf0400a8610000
2026-07-07T15:05:15.890+00:00 CAN id=101 dlc=8 data=d8cf0400a8610000
2026-07-07T15:05:15.910+00:00 CAN id=101 dlc=8 data=d8cf0400a8610000
2026-07-07T15:05:15.930+00:00 CAN id=101 dlc=8 data=d8cf0400a8610000
2026-07-07T15:05:15.950+00:00 CAN id=101 dlc=8 data=d8cf0400a8610000
2026-07-07T15:05:15.972+00:00 CAN id=101 dlc=8 data=d8cf0400a8610000
2026-07-07T15:05:15.990+00:00 CAN id=101 dlc=8 data=d8cf0400a8610000
2026-07-07T15:05:15.996+00:00 VCP run=1 step=0 angle=314824 target=315352 err=528 steer=100 m1=154/9144 i1=170 t1=28 m2=-208/-8044 i2=-260 t2=27 steerMode=550/108 iSteer=-45297 driveMode=8594/7985 iDrive=214830 scale=0 wheel=25000
2026-07-07T15:05:15.996+00:00 VCP run=1 step=0 angle=314824 target=315352 err=528 steer=100 m1=171/9144 i1=177 t1=28 m2=-201/-8044 i2=-236 t2=27 steerMode=550/-185 iSteer=-29241 driveMode=8594/8796 iDrive=206525 scale=0 wheel=25000
2026-07-07T15:05:16.012+00:00 CAN id=101 dlc=8 data=d8cf0400a8610000
2026-07-07T15:05:16.030+00:00 CAN id=101 dlc=8 data=d8cf0400a8610000
2026-07-07T15:05:16.050+00:00 CAN id=101 dlc=8 data=d8cf0400a8610000
2026-07-07T15:05:16.070+00:00 CAN id=101 dlc=8 data=d8cf0400a8610000
2026-07-07T15:05:16.092+00:00 CAN id=101 dlc=8 data=d8cf0400a8610000
2026-07-07T15:05:16.103+00:00 VCP run=1 step=0 angle=314912 target=315352 err=440 steer=0 m1=173/8594 i1=166 t1=28 m2=-162/-8594 i2=-228 t2=27 steerMode=0/-684 iSteer=-30900 driveMode=8594/9643 iDrive=196999 scale=0 wheel=25000
2026-07-07T15:05:16.110+00:00 CAN id=101 dlc=8 data=d8cf0400a8610000
2026-07-07T15:05:16.130+00:00 CAN id=101 dlc=8 data=d8cf0400a8610000
2026-07-07T15:05:16.150+00:00 CAN id=101 dlc=8 data=d8cf0400a8610000
2026-07-07T15:05:16.170+00:00 CAN id=101 dlc=8 data=d8cf0400a8610000
2026-07-07T15:05:16.190+00:00 CAN id=101 dlc=8 data=d8cf0400a8610000
2026-07-07T15:05:16.202+00:00 VCP run=1 step=0 angle=314824 target=315352 err=528 steer=264 m1=242/10045 i1=162 t1=28 m2=-149/-7142 i2=-221 t2=27 steerMode=1451/794 iSteer=-29081 driveMode=8594/9989 iDrive=191486 scale=0 wheel=25000
2026-07-07T15:05:16.202+00:00 VCP SET_TARGET_RX steer=315352 wheel=25000
2026-07-07T15:05:16.210+00:00 CAN id=101 dlc=8 data=d8cf0400a8610000
2026-07-07T15:05:16.230+00:00 CAN id=101 dlc=8 data=d8cf0400a8610000
2026-07-07T15:05:16.250+00:00 CAN id=101 dlc=8 data=d8cf0400a8610000
2026-07-07T15:05:16.270+00:00 CAN id=101 dlc=8 data=d8cf0400a8610000
2026-07-07T15:05:16.290+00:00 CAN id=101 dlc=8 data=d8cf0400a8610000
2026-07-07T15:05:16.308+00:00 VCP run=1 step=0 angle=315000 target=315352 err=352 steer=0 m1=169/8594 i1=124 t1=28 m2=-139/-8594 i2=-268 t2=27 steerMode=0/194 iSteer=-71856 driveMode=8594/9283 iDrive=196197 scale=0 wheel=25000
2026-07-07T15:05:16.310+00:00 CAN id=101 dlc=8 data=d8cf0400a8610000
2026-07-07T15:05:16.330+00:00 CAN id=101 dlc=8 data=d8cf0400a8610000
2026-07-07T15:05:16.350+00:00 CAN id=101 dlc=8 data=d8cf0400a8610000
2026-07-07T15:05:16.370+00:00 CAN id=101 dlc=8 data=d8cf0400a8610000
2026-07-07T15:05:16.390+00:00 CAN id=101 dlc=8 data=d8cf0400a8610000
2026-07-07T15:05:16.410+00:00 CAN id=101 dlc=8 data=d8cf0400a8610000
2026-07-07T15:05:16.430+00:00 CAN id=101 dlc=8 data=d8cf0400a8610000
2026-07-07T15:05:16.450+00:00 CAN id=101 dlc=8 data=d8cf0400a8610000
2026-07-07T15:05:16.470+00:00 CAN id=101 dlc=8 data=d8cf0400a8610000
2026-07-07T15:05:16.490+00:00 CAN id=101 dlc=8 data=d8cf0400a8610000
2026-07-07T15:05:16.496+00:00 VCP run=1 step=0 angle=315000 target=315352 err=352 steer=0 m1=165/8594 i1=179 t1=28 m2=-216/-8594 i2=-198 t2=27 steerMode=0/-1026 iSteer=-9564 driveMode=8594/9870 iDrive=188609 scale=0 wheel=25000
2026-07-07T15:05:16.496+00:00 VCP run=1 step=0 angle=314912 target=315352 err=440 steer=0 m1=192/8594 i1=133 t1=28 m2=-153/-8594 i2=-259 t2=27 steerMode=0/60 iSteer=-62676 driveMode=8594/8981 iDrive=196132 scale=0 wheel=25000
2026-07-07T15:05:16.509+00:00 CAN id=101 dlc=8 data=d8cf0400a8610000
2026-07-07T15:05:16.530+00:00 CAN id=101 dlc=8 data=d8cf0400a8610000
2026-07-07T15:05:16.550+00:00 CAN id=101 dlc=8 data=d8cf0400a8610000
2026-07-07T15:05:16.570+00:00 CAN id=101 dlc=8 data=d8cf0400a8610000
2026-07-07T15:05:16.590+00:00 CAN id=101 dlc=8 data=d8cf0400a8610000
2026-07-07T15:05:16.601+00:00 VCP run=1 step=0 angle=314824 target=315352 err=528 steer=200 m1=146/9694 i1=215 t1=28 m2=-109/-7494 i2=-187 t2=27 steerMode=1100/-360 iSteer=13756 driveMode=8594/8504 iDrive=200902 scale=0 wheel=25000
2026-07-07T15:05:16.609+00:00 CAN id=101 dlc=8 data=d8cf0400a8610000
2026-07-07T15:05:16.630+00:00 CAN id=101 dlc=8 data=d8cf0400a8610000
2026-07-07T15:05:16.650+00:00 CAN id=101 dlc=8 data=d8cf0400a8610000
2026-07-07T15:05:16.670+00:00 CAN id=101 dlc=8 data=d8cf0400a8610000
2026-07-07T15:05:16.690+00:00 CAN id=101 dlc=8 data=d8cf0400a8610000
2026-07-07T15:05:16.702+00:00 VCP run=1 step=0 angle=314824 target=315352 err=528 steer=264 m1=213/10045 i1=155 t1=28 m2=-132/-7142 i2=-232 t2=27 steerMode=1451/1067 iSteer=-38566 driveMode=8594/9283 iDrive=193361 scale=0 wheel=25000
2026-07-07T15:05:16.702+00:00 VCP SET_TARGET_RX steer=315352 wheel=25000
2026-07-07T15:05:16.710+00:00 CAN id=101 dlc=8 data=d8cf0400a8610000
2026-07-07T15:05:16.730+00:00 CAN id=101 dlc=8 data=d8cf0400a8610000
2026-07-07T15:05:16.750+00:00 CAN id=101 dlc=8 data=d8cf0400a8610000
2026-07-07T15:05:16.770+00:00 CAN id=101 dlc=8 data=d8cf0400a8610000
2026-07-07T15:05:16.790+00:00 CAN id=101 dlc=8 data=d8cf0400a8610000
2026-07-07T15:05:16.808+00:00 VCP run=1 step=0 angle=314912 target=315352 err=440 steer=0 m1=167/8594 i1=168 t1=28 m2=-214/-8594 i2=-208 t2=27 steerMode=0/-731 iSteer=-20220 driveMode=8594/9770 iDrive=188239 scale=0 wheel=25000
2026-07-07T15:05:16.810+00:00 CAN id=101 dlc=8 data=d8cf0400a8610000
2026-07-07T15:05:16.830+00:00 CAN id=101 dlc=8 data=d8cf0400a8610000
2026-07-07T15:05:16.850+00:00 CAN id=101 dlc=8 data=d8cf0400a8610000
2026-07-07T15:05:16.870+00:00 CAN id=101 dlc=8 data=d8cf0400a8610000
2026-07-07T15:05:16.890+00:00 CAN id=101 dlc=8 data=d8cf0400a8610000
2026-07-07T15:05:16.910+00:00 CAN id=101 dlc=8 data=d8cf0400a8610000
2026-07-07T15:05:16.930+00:00 CAN id=101 dlc=8 data=d8cf0400a8610000
2026-07-07T15:05:16.950+00:00 CAN id=101 dlc=8 data=d8cf0400a8610000
2026-07-07T15:05:16.970+00:00 CAN id=101 dlc=8 data=d8cf0400a8610000
2026-07-07T15:05:16.990+00:00 CAN id=101 dlc=8 data=d8cf0400a8610000
2026-07-07T15:05:16.996+00:00 VCP run=1 step=0 angle=314824 target=315352 err=528 steer=264 m1=179/10045 i1=205 t1=28 m2=-231/-7142 i2=-170 t2=27 steerMode=1451/17 iSteer=17306 driveMode=8594/9864 iDrive=187301 scale=0 wheel=25000
2026-07-07T15:05:16.996+00:00 VCP run=1 step=0 angle=314912 target=315352 err=440 steer=0 m1=188/8594 i1=131 t1=28 m2=-164/-8594 i2=-237 t2=27 steerMode=0/9 iSteer=-53173 driveMode=8594/10199 iDrive=183943 scale=0 wheel=25000
2026-07-07T15:05:17.010+00:00 CAN id=101 dlc=8 data=d8cf0400a8610000
2026-07-07T15:05:17.030+00:00 CAN id=101 dlc=8 data=d8cf0400a8610000
2026-07-07T15:05:17.050+00:00 CAN id=101 dlc=8 data=d8cf0400a8610000
2026-07-07T15:05:17.070+00:00 CAN id=101 dlc=8 data=d8cf0400a8610000
2026-07-07T15:05:17.090+00:00 CAN id=101 dlc=8 data=d8cf0400a8610000
2026-07-07T15:05:17.101+00:00 VCP run=1 step=0 angle=314824 target=315352 err=528 steer=150 m1=194/9419 i1=212 t1=28 m2=-264/-7769 i2=-155 t2=27 steerMode=825/-783 iSteer=28688 driveMode=8594/10252 iDrive=183420 scale=0 wheel=25000
2026-07-07T15:05:17.110+00:00 CAN id=101 dlc=8 data=d8cf0400a8610000
2026-07-07T15:05:17.130+00:00 CAN id=101 dlc=8 data=d8cf0400a8610000
2026-07-07T15:05:17.150+00:00 CAN id=101 dlc=8 data=d8cf0400a8610000
2026-07-07T15:05:17.170+00:00 CAN id=101 dlc=8 data=d8cf0400a8610000
2026-07-07T15:05:17.190+00:00 CAN id=101 dlc=8 data=d8cf0400a8610000
2026-07-07T15:05:17.203+00:00 VCP run=1 step=0 angle=314912 target=315352 err=440 steer=0 m1=198/8594 i1=151 t1=28 m2=-164/-8594 i2=-214 t2=27 steerMode=0/-373 iSteer=-31396 driveMode=8594/10344 iDrive=182494 scale=0 wheel=25000
2026-07-07T15:05:17.203+00:00 VCP SET_TARGET_RX steer=315352 wheel=25000
2026-07-07T15:05:17.209+00:00 CAN id=101 dlc=8 data=d8cf0400a8610000
2026-07-07T15:05:17.230+00:00 CAN id=101 dlc=8 data=d8cf0400a8610000
2026-07-07T15:05:17.250+00:00 CAN id=101 dlc=8 data=d8cf0400a8610000
2026-07-07T15:05:17.270+00:00 CAN id=101 dlc=8 data=d8cf0400a8610000
2026-07-07T15:05:17.290+00:00 CAN id=101 dlc=8 data=d8cf0400a8610000
2026-07-07T15:05:17.308+00:00 VCP run=1 step=0 angle=314912 target=315352 err=440 steer=14 m1=186/8670 i1=91 t1=28 m2=-126/-8517 i2=-270 t2=27 steerMode=76/913 iSteer=-89431 driveMode=8594/10504 iDrive=180898 scale=0 wheel=25000
2026-07-07T15:05:17.309+00:00 CAN id=101 dlc=8 data=d8cf0400a8610000
2026-07-07T15:05:17.330+00:00 CAN id=101 dlc=8 data=d8cf0400a8610000
2026-07-07T15:05:17.350+00:00 CAN id=101 dlc=8 data=d8cf0400a8610000
2026-07-07T15:05:17.370+00:00 CAN id=101 dlc=8 data=d8cf0400a8610000
2026-07-07T15:05:17.390+00:00 CAN id=101 dlc=8 data=d8cf0400a8610000
2026-07-07T15:05:17.410+00:00 CAN id=101 dlc=8 data=d8cf0400a8610000
2026-07-07T15:05:17.430+00:00 CAN id=101 dlc=8 data=d8cf0400a8610000
2026-07-07T15:05:17.450+00:00 CAN id=101 dlc=8 data=d8cf0400a8610000
2026-07-07T15:05:17.470+00:00 CAN id=101 dlc=8 data=d8cf0400a8610000
2026-07-07T15:05:17.490+00:00 CAN id=101 dlc=8 data=d8cf0400a8610000
2026-07-07T15:05:17.496+00:00 VCP run=1 step=0 angle=315000 target=315352 err=352 steer=0 m1=167/8594 i1=165 t1=28 m2=-206/-8594 i2=-219 t2=27 steerMode=0/-413 iSteer=-27393 driveMode=8594/9384 iDrive=192095 scale=0 wheel=25000
2026-07-07T15:05:17.496+00:00 VCP run=1 step=0 angle=315000 target=315352 err=352 steer=0 m1=163/8594 i1=160 t1=28 m2=-222/-8594 i2=-226 t2=27 steerMode=0/-283 iSteer=-32774 driveMode=8594/9295 iDrive=192983 scale=0 wheel=25000
2026-07-07T15:05:17.510+00:00 CAN id=101 dlc=8 data=d8cf0400a8610000
2026-07-07T15:05:17.530+00:00 CAN id=101 dlc=8 data=d8cf0400a8610000
2026-07-07T15:05:17.550+00:00 CAN id=101 dlc=8 data=d8cf0400a8610000
2026-07-07T15:05:17.570+00:00 CAN id=101 dlc=8 data=d8cf0400a8610000
2026-07-07T15:05:17.590+00:00 CAN id=101 dlc=8 data=d8cf0400a8610000
2026-07-07T15:05:17.602+00:00 VCP run=1 step=0 angle=315088 target=315352 err=264 steer=0 m1=205/8594 i1=143 t1=28 m2=-147/-8594 i2=-252 t2=27 steerMode=0/150 iSteer=-54567 driveMode=8594/8826 iDrive=197673 scale=0 wheel=25000
2026-07-07T15:05:17.610+00:00 CAN id=101 dlc=8 data=d8cf0400a8610000
2026-07-07T15:05:17.630+00:00 CAN id=101 dlc=8 data=d8cf0400a8610000
2026-07-07T15:05:17.650+00:00 CAN id=101 dlc=8 data=d8cf0400a8610000
2026-07-07T15:05:17.670+00:00 CAN id=101 dlc=8 data=d8cf0400a8610000
2026-07-07T15:05:17.690+00:00 CAN id=101 dlc=8 data=d8cf0400a8610000
2026-07-07T15:05:17.704+00:00 VCP run=1 step=0 angle=315088 target=315352 err=264 steer=0 m1=161/8594 i1=159 t1=28 m2=-124/-8594 i2=-254 t2=27 steerMode=0/19 iSteer=-47439 driveMode=8594/7957 iDrive=206672 scale=0 wheel=25000
2026-07-07T15:05:17.704+00:00 VCP SET_TARGET_RX steer=315352 wheel=25000
2026-07-07T15:05:17.710+00:00 CAN id=101 dlc=8 data=d8cf0400a8610000
2026-07-07T15:05:17.730+00:00 CAN id=101 dlc=8 data=d8cf0400a8610000
2026-07-07T15:05:17.750+00:00 CAN id=101 dlc=8 data=d8cf0400a8610000
2026-07-07T15:05:17.770+00:00 CAN id=101 dlc=8 data=d8cf0400a8610000
2026-07-07T15:05:17.790+00:00 CAN id=101 dlc=8 data=d8cf0400a8610000
2026-07-07T15:05:17.809+00:00 VCP run=1 step=0 angle=315176 target=315352 err=176 steer=0 m1=163/8594 i1=143 t1=28 m2=-145/-8594 i2=-286 t2=27 steerMode=0/478 iSteer=-71300 driveMode=8594/7391 iDrive=214447 scale=0 wheel=25000
2026-07-07T15:05:17.810+00:00 CAN id=101 dlc=8 data=d8cf0400a8610000
2026-07-07T15:05:17.830+00:00 CAN id=101 dlc=8 data=d8cf0400a8610000
2026-07-07T15:05:17.850+00:00 CAN id=101 dlc=8 data=d8cf0400a8610000
2026-07-07T15:05:17.870+00:00 CAN id=101 dlc=8 data=d8cf0400a8610000
2026-07-07T15:05:17.890+00:00 CAN id=101 dlc=8 data=d8cf0400a8610000
2026-07-07T15:05:17.910+00:00 CAN id=101 dlc=8 data=d8cf0400a8610000
2026-07-07T15:05:17.930+00:00 CAN id=101 dlc=8 data=d8cf0400a8610000
2026-07-07T15:05:17.950+00:00 CAN id=101 dlc=8 data=d8cf0400a8610000
2026-07-07T15:05:17.970+00:00 CAN id=101 dlc=8 data=d8cf0400a8610000
2026-07-07T15:05:17.990+00:00 CAN id=101 dlc=8 data=d8cf0400a8610000
2026-07-07T15:05:17.998+00:00 VCP run=1 step=0 angle=315352 target=315352 err=0 steer=0 m1=127/8594 i1=154 t1=28 m2=-124/-8594 i2=-304 t2=27 steerMode=0/537 iSteer=-75071 driveMode=8594/6276 iDrive=229168 scale=0 wheel=25000
2026-07-07T15:05:17.998+00:00 VCP run=1 step=0 angle=315439 target=315352 err=-87 steer=0 m1=165/8594 i1=185 t1=28 m2=-118/-8594 i2=-274 t2=27 steerMode=0/-71 iSteer=-44474 driveMode=8594/6717 iDrive=229235 scale=0 wheel=25000
2026-07-07T15:05:18.010+00:00 CAN id=101 dlc=8 data=d8cf0400a8610000
2026-07-07T15:05:18.030+00:00 CAN id=101 dlc=8 data=d8cf0400a8610000
2026-07-07T15:05:18.050+00:00 CAN id=101 dlc=8 data=d8cf0400a8610000
2026-07-07T15:05:18.070+00:00 CAN id=101 dlc=8 data=d8cf0400a8610000
2026-07-07T15:05:18.090+00:00 CAN id=101 dlc=8 data=d8cf0400a8610000
2026-07-07T15:05:18.103+00:00 VCP run=1 step=0 angle=315352 target=315352 err=0 steer=0 m1=148/8594 i1=177 t1=28 m2=-124/-8594 i2=-264 t2=27 steerMode=0/-83 iSteer=-43506 driveMode=8594/7849 iDrive=220130 scale=0 wheel=25000
2026-07-07T15:05:18.110+00:00 CAN id=101 dlc=8 data=d8cf0400a8610000
2026-07-07T15:05:18.130+00:00 CAN id=101 dlc=8 data=d8cf0400a8610000
2026-07-07T15:05:18.150+00:00 CAN id=101 dlc=8 data=d8cf0400a8610000
2026-07-07T15:05:18.170+00:00 CAN id=101 dlc=8 data=d8cf0400a8610000
2026-07-07T15:05:18.190+00:00 CAN id=101 dlc=8 data=d8cf0400a8610000
2026-07-07T15:05:18.205+00:00 VCP run=1 step=0 angle=315352 target=315352 err=0 steer=0 m1=136/8594 i1=171 t1=28 m2=-107/-8594 i2=-276 t2=27 steerMode=0/95 iSteer=-52696 driveMode=8594/7679 iDrive=223310 scale=0 wheel=25000
2026-07-07T15:05:18.205+00:00 VCP SET_TARGET_RX steer=315352 wheel=25000
2026-07-07T15:05:18.210+00:00 CAN id=101 dlc=8 data=d8cf0400a8610000
2026-07-07T15:05:18.230+00:00 CAN id=101 dlc=8 data=d8cf0400a8610000
2026-07-07T15:05:18.250+00:00 CAN id=101 dlc=8 data=d8cf0400a8610000
2026-07-07T15:05:18.270+00:00 CAN id=101 dlc=8 data=d8cf0400a8610000
2026-07-07T15:05:18.290+00:00 CAN id=101 dlc=8 data=d8cf0400a8610000
2026-07-07T15:05:18.310+00:00 CAN id=101 dlc=8 data=d8cf0400a8610000
2026-07-07T15:05:18.311+00:00 VCP run=1 step=0 angle=315615 target=315352 err=-263 steer=0 m1=123/8594 i1=182 t1=28 m2=-151/-8594 i2=-270 t2=27 steerMode=0/-88 iSteer=-44158 driveMode=8594/7593 iDrive=225845 scale=0 wheel=25000
2026-07-07T15:05:18.330+00:00 CAN id=101 dlc=8 data=d8cf0400a8610000
2026-07-07T15:05:18.350+00:00 CAN id=101 dlc=8 data=d8cf0400a8610000
2026-07-07T15:05:18.370+00:00 CAN id=101 dlc=8 data=d8cf0400a8610000
2026-07-07T15:05:18.390+00:00 CAN id=101 dlc=8 data=d8cf0400a8610000
2026-07-07T15:05:18.410+00:00 CAN id=101 dlc=8 data=d8cf0400a8610000
2026-07-07T15:05:18.430+00:00 CAN id=101 dlc=8 data=d8cf0400a8610000
2026-07-07T15:05:18.450+00:00 CAN id=101 dlc=8 data=d8cf0400a8610000
2026-07-07T15:05:18.470+00:00 CAN id=101 dlc=8 data=d8cf0400a8610000
2026-07-07T15:05:18.490+00:00 CAN id=101 dlc=8 data=d8cf0400a8610000
2026-07-07T15:05:18.499+00:00 VCP run=1 step=0 angle=315791 target=315352 err=-439 steer=0 m1=146/8594 i1=164 t1=28 m2=-118/-8594 i2=-298 t2=27 steerMode=0/354 iSteer=-66766 driveMode=8594/7331 iDrive=231003 scale=0 wheel=25000
2026-07-07T15:05:18.499+00:00 VCP run=1 step=0 angle=315703 target=315352 err=-351 steer=0 m1=182/8594 i1=180 t1=28 m2=-183/-8594 i2=-249 t2=27 steerMode=0/-273 iSteer=-34926 driveMode=8594/9024 iDrive=214494 scale=0 wheel=25000
2026-07-07T15:05:18.509+00:00 CAN id=101 dlc=8 data=d8cf0400a8610000
2026-07-07T15:05:18.530+00:00 CAN id=101 dlc=8 data=d8cf0400a8610000
2026-07-07T15:05:18.550+00:00 CAN id=101 dlc=8 data=d8cf0400a8610000
2026-07-07T15:05:18.570+00:00 CAN id=101 dlc=8 data=d8cf0400a8610000
2026-07-07T15:05:18.590+00:00 CAN id=101 dlc=8 data=d8cf0400a8610000
2026-07-07T15:05:18.604+00:00 VCP run=1 step=0 angle=315527 target=315352 err=-175 steer=0 m1=228/8594 i1=139 t1=28 m2=-183/-8594 i2=-254 t2=27 steerMode=0/181 iSteer=-57218 driveMode=8594/10557 iDrive=196655 scale=0 wheel=25000
2026-07-07T15:05:18.610+00:00 CAN id=101 dlc=8 data=d8cf0400a8610000
2026-07-07T15:05:18.630+00:00 CAN id=101 dlc=8 data=d8cf0400a8610000
2026-07-07T15:05:18.650+00:00 CAN id=101 dlc=8 data=d8cf0400a8610000
2026-07-07T15:05:18.670+00:00 CAN id=101 dlc=8 data=d8cf0400a8610000
2026-07-07T15:05:18.690+00:00 CAN id=101 dlc=8 data=d8cf0400a8610000
2026-07-07T15:05:18.706+00:00 VCP run=1 step=0 angle=315352 target=315352 err=0 steer=0 m1=192/8594 i1=175 t1=28 m2=-222/-8594 i2=-204 t2=27 steerMode=0/-655 iSteer=-14697 driveMode=8594/10853 iDrive=189787 scale=0 wheel=25000
2026-07-07T15:05:18.706+00:00 VCP SET_TARGET_RX steer=315352 wheel=25000
2026-07-07T15:05:18.709+00:00 CAN id=101 dlc=8 data=d8cf0400a8610000
2026-07-07T15:05:18.730+00:00 CAN id=101 dlc=8 data=d8cf0400a8610000
2026-07-07T15:05:18.750+00:00 CAN id=101 dlc=8 data=d8cf0400a8610000
2026-07-07T15:05:18.770+00:00 CAN id=101 dlc=8 data=d8cf0400a8610000
2026-07-07T15:05:18.790+00:00 CAN id=101 dlc=8 data=d8cf0400a8610000
2026-07-07T15:05:18.810+00:00 CAN id=101 dlc=8 data=d8cf0400a8610000
2026-07-07T15:05:18.830+00:00 CAN id=101 dlc=8 data=d8cf0400a8610000
2026-07-07T15:05:18.850+00:00 CAN id=101 dlc=8 data=d8cf0400a8610000
2026-07-07T15:05:18.870+00:00 CAN id=101 dlc=8 data=d8cf0400a8610000
2026-07-07T15:05:18.890+00:00 CAN id=101 dlc=8 data=d8cf0400a8610000
2026-07-07T15:05:18.894+00:00 VCP run=1 step=0 angle=315264 target=315352 err=88 steer=0 m1=202/8594 i1=143 t1=28 m2=-170/-8594 i2=-225 t2=27 steerMode=0/-116 iSteer=-40990 driveMode=8594/10966 iDrive=183789 scale=0 wheel=25000
2026-07-07T15:05:18.894+00:00 VCP run=1 step=0 angle=315000 target=315352 err=352 steer=0 m1=194/8594 i1=176 t1=28 m2=-197/-8594 i2=-169 t2=27 steerMode=0/-976 iSteer=3705 driveMode=8594/11603 iDrive=172551 scale=0 wheel=25000
2026-07-07T15:05:18.910+00:00 CAN id=101 dlc=8 data=d8cf0400a8610000
2026-07-07T15:05:18.930+00:00 CAN id=101 dlc=8 data=d8cf0400a8610000
2026-07-07T15:05:18.950+00:00 CAN id=101 dlc=8 data=d8cf0400a8610000
2026-07-07T15:05:18.970+00:00 CAN id=101 dlc=8 data=d8cf0400a8610000
2026-07-07T15:05:18.990+00:00 CAN id=101 dlc=8 data=d8cf0400a8610000
2026-07-07T15:05:18.999+00:00 VCP run=1 step=0 angle=314912 target=315352 err=440 steer=114 m1=249/9220 i1=100 t1=28 m2=-176/-7967 i2=-240 t2=27 steerMode=626/1183 iSteer=-69819 driveMode=8594/11614 iDrive=169801 scale=0 wheel=25000
2026-07-07T15:05:19.010+00:00 CAN id=101 dlc=8 data=d8cf0400a8610000
2026-07-07T15:05:19.030+00:00 CAN id=101 dlc=8 data=d8cf0400a8610000
2026-07-07T15:05:19.050+00:00 CAN id=101 dlc=8 data=d8cf0400a8610000
2026-07-07T15:05:19.070+00:00 CAN id=101 dlc=8 data=d8cf0400a8610000
2026-07-07T15:05:19.090+00:00 CAN id=101 dlc=8 data=d8cf0400a8610000
2026-07-07T15:05:19.104+00:00 VCP run=1 step=0 angle=315088 target=315352 err=264 steer=0 m1=184/8594 i1=171 t1=28 m2=-245/-8594 i2=-194 t2=27 steerMode=0/-643 iSteer=-11708 driveMode=8594/10361 iDrive=182323 scale=0 wheel=25000
2026-07-07T15:05:19.110+00:00 CAN id=101 dlc=8 data=d8cf0400a8610000
2026-07-07T15:05:19.130+00:00 CAN id=101 dlc=8 data=d8cf0400a8610000
2026-07-07T15:05:19.150+00:00 CAN id=101 dlc=8 data=d8cf0400a8610000
2026-07-07T15:05:19.170+00:00 CAN id=101 dlc=8 data=d8cf0400a8610000
2026-07-07T15:05:19.190+00:00 BENCH disable sent
2026-07-07T15:05:19.190+00:00 CAN id=121 dlc=2 data=0100
2026-07-07T15:05:19.190+00:00 CAN id=121 dlc=2 data=0100
2026-07-07T15:05:19.305+00:00 VCP run=1 step=0 angle=315000 target=315352 err=352 steer=0 m1=200/8594 i1=155 t1=28 m2=-222/-8594 i2=-202 t2=27 steerMode=0/-384 iSteer=-23105 driveMode=8594/10736 iDrive=178582 scale=0 wheel=25000
2026-07-07T15:05:19.305+00:00 VCP UNIT_CTRL enable=0
2026-07-07T15:05:19.305+00:00 VCP UNIT_CTRL enable=0
2026-07-07T15:05:19.305+00:00 VCP STOP: disabled
2026-07-07T15:05:19.590+00:00 BENCH log closed
