2026-07-07T15:02:35.467+00:00 BENCH log opened: firmware/logs/baked-noclamp-rpm40.log
2026-07-07T15:02:35.467+00:00 BENCH run: steer=315.352deg (315352mdeg) wheel=40.0rpm (40000milli-rpm) rate=50.0Hz duration=10.0s
2026-07-07T15:02:35.467+00:00 CAN id=121 dlc=2 data=0101
2026-07-07T15:02:35.467+00:00 BENCH enable sent
2026-07-07T15:02:35.468+00:00 CAN id=101 dlc=8 data=d8cf0400409c0000
2026-07-07T15:02:35.470+00:00 VCP NIT_CTRL enable=0
2026-07-07T15:02:35.470+00:00 VCP UNIT_CTRL enable=0
2026-07-07T15:02:35.470+00:00 VCP === CAN target differential unit test ===
2026-07-07T15:02:35.470+00:00 VCP WHEEL MUST BE LIFTED CLEAR OF THE GROUND before UNIT_CTRL enable.
2026-07-07T15:02:35.470+00:00 VCP boots disabled; press B1 any time to abort and latch disabled
2026-07-07T15:02:35.483+00:00 VCP limit=2000 iLimit=1200 wheelAccel=200rpm/s targetTimeout=1000ms
2026-07-07T15:02:35.483+00:00 VCP ready: central CAN SET_TARGET + UNIT_CTRL enable, unitId=1
2026-07-07T15:02:35.483+00:00 VCP UNIT_CTRL enable=1
2026-07-07T15:02:35.483+00:00 VCP SET_TARGET_RX steer=315352 wheel=40000
2026-07-07T15:02:35.483+00:00 VCP START_CAN: angle=318428 target=315352 wheelTarget=40000
2026-07-07T15:02:35.488+00:00 CAN id=101 dlc=8 data=d8cf0400409c0000
2026-07-07T15:02:35.508+00:00 CAN id=101 dlc=8 data=d8cf0400409c0000
2026-07-07T15:02:35.528+00:00 CAN id=101 dlc=8 data=d8cf0400409c0000
2026-07-07T15:02:35.548+00:00 CAN id=101 dlc=8 data=d8cf0400409c0000
2026-07-07T15:02:35.568+00:00 CAN id=101 dlc=8 data=d8cf0400409c0000
2026-07-07T15:02:35.583+00:00 VCP run=1 step=0 angle=318428 target=315352 err=-3076 steer=-250 m1=0/-1031 i1=-65 t1=28 m2=0/-1719 i2=-72 t2=27 steerMode=-1375/0 iSteer=-68956 driveMode=344/0 iDrive=3472 scale=0 wheel=1000
2026-07-07T15:02:35.588+00:00 CAN id=101 dlc=8 data=d8cf0400409c0000
2026-07-07T15:02:35.608+00:00 CAN id=101 dlc=8 data=d8cf0400409c0000
2026-07-07T15:02:35.628+00:00 CAN id=101 dlc=8 data=d8cf0400409c0000
2026-07-07T15:02:35.648+00:00 CAN id=101 dlc=8 data=d8cf0400409c0000
2026-07-07T15:02:35.668+00:00 CAN id=101 dlc=8 data=d8cf0400409c0000
2026-07-07T15:02:35.688+00:00 CAN id=101 dlc=8 data=d8cf0400409c0000
2026-07-07T15:02:35.688+00:00 VCP run=1 step=0 angle=318428 target=315352 err=-3076 steer=-1538 m1=0/-1996 i1=-368 t1=28 m2=0/-14921 i2=-511 t2=27 steerMode=-8458/-68 iSteer=-439415 driveMode=6462/-38 iDrive=71380 scale=0 wheel=18800
2026-07-07T15:02:35.708+00:00 CAN id=101 dlc=8 data=d8cf0400409c0000
2026-07-07T15:02:35.728+00:00 CAN id=101 dlc=8 data=d8cf0400409c0000
2026-07-07T15:02:35.748+00:00 CAN id=101 dlc=8 data=d8cf0400409c0000
2026-07-07T15:02:35.768+00:00 CAN id=101 dlc=8 data=d8cf0400409c0000
2026-07-07T15:02:35.788+00:00 CAN id=101 dlc=8 data=d8cf0400409c0000
2026-07-07T15:02:35.808+00:00 CAN id=101 dlc=8 data=d8cf0400409c0000
2026-07-07T15:02:35.828+00:00 CAN id=101 dlc=8 data=d8cf0400409c0000
2026-07-07T15:02:35.848+00:00 CAN id=101 dlc=8 data=d8cf0400409c0000
2026-07-07T15:02:35.868+00:00 CAN id=101 dlc=8 data=d8cf0400409c0000
2026-07-07T15:02:35.875+00:00 VCP run=1 step=0 angle=318428 target=315352 err=-3076 steer=-1538 m1=0/4398 i1=-312 t1=28 m2=0/-21314 i2=-618 t2=27 steerMode=-8458/-21 iSteer=-465303 driveMode=12856/19 iDrive=152822 scale=0 wheel=37400
2026-07-07T15:02:35.875+00:00 VCP run=1 step=0 angle=318428 target=315352 err=-3076 steer=-1538 m1=0/5292 i1=-301 t1=28 m2=0/-22208 i2=-676 t2=27 steerMode=-8458/-30 iSteer=-488438 driveMode=13750/30 iDrive=187175 scale=0 wheel=40000
2026-07-07T15:02:35.888+00:00 CAN id=101 dlc=8 data=d8cf0400409c0000
2026-07-07T15:02:35.908+00:00 CAN id=101 dlc=8 data=d8cf0400409c0000
2026-07-07T15:02:35.928+00:00 CAN id=101 dlc=8 data=d8cf0400409c0000
2026-07-07T15:02:35.948+00:00 CAN id=101 dlc=8 data=d8cf0400409c0000
2026-07-07T15:02:35.968+00:00 CAN id=101 dlc=8 data=d8cf0400409c0000
2026-07-07T15:02:35.976+00:00 VCP run=1 step=0 angle=318428 target=315352 err=-3076 steer=-1538 m1=0/5292 i1=-299 t1=28 m2=-5/-22208 i2=-725 t2=27 steerMode=-8458/-26 iSteer=-512176 driveMode=13750/26 iDrive=212767 scale=0 wheel=40000
2026-07-07T15:02:35.977+00:00 VCP SET_TARGET_RX steer=315352 wheel=40000
2026-07-07T15:02:35.988+00:00 CAN id=101 dlc=8 data=d8cf0400409c0000
2026-07-07T15:02:36.008+00:00 CAN id=101 dlc=8 data=d8cf0400409c0000
2026-07-07T15:02:36.028+00:00 CAN id=101 dlc=8 data=d8cf0400409c0000
2026-07-07T15:02:36.048+00:00 CAN id=101 dlc=8 data=d8cf0400409c0000
2026-07-07T15:02:36.068+00:00 CAN id=101 dlc=8 data=d8cf0400409c0000
2026-07-07T15:02:36.081+00:00 VCP run=1 step=0 angle=318428 target=315352 err=-3076 steer=-1538 m1=0/5292 i1=-297 t1=28 m2=-3/-22208 i2=-774 t2=27 steerMode=-8458/-30 iSteer=-535540 driveMode=13750/30 iDrive=238275 scale=0 wheel=40000
2026-07-07T15:02:36.088+00:00 CAN id=101 dlc=8 data=d8cf0400409c0000
2026-07-07T15:02:36.108+00:00 CAN id=101 dlc=8 data=d8cf0400409c0000
2026-07-07T15:02:36.128+00:00 CAN id=101 dlc=8 data=d8cf0400409c0000
2026-07-07T15:02:36.148+00:00 CAN id=101 dlc=8 data=d8cf0400409c0000
2026-07-07T15:02:36.168+00:00 CAN id=101 dlc=8 data=d8cf0400409c0000
2026-07-07T15:02:36.186+00:00 VCP run=1 step=0 angle=318428 target=315352 err=-3076 steer=-1538 m1=0/5292 i1=-295 t1=28 m2=0/-22208 i2=-823 t2=27 steerMode=-8458/-26 iSteer=-559329 driveMode=13750/26 iDrive=263869 scale=0 wheel=40000
2026-07-07T15:02:36.188+00:00 CAN id=101 dlc=8 data=d8cf0400409c0000
2026-07-07T15:02:36.208+00:00 CAN id=101 dlc=8 data=d8cf0400409c0000
2026-07-07T15:02:36.228+00:00 CAN id=101 dlc=8 data=d8cf0400409c0000
2026-07-07T15:02:36.248+00:00 CAN id=101 dlc=8 data=d8cf0400409c0000
2026-07-07T15:02:36.268+00:00 CAN id=101 dlc=8 data=d8cf0400409c0000
2026-07-07T15:02:36.288+00:00 CAN id=101 dlc=8 data=d8cf0400409c0000
2026-07-07T15:02:36.308+00:00 CAN id=101 dlc=8 data=d8cf0400409c0000
2026-07-07T15:02:36.328+00:00 CAN id=101 dlc=8 data=d8cf0400409c0000
2026-07-07T15:02:36.348+00:00 CAN id=101 dlc=8 data=d8cf0400409c0000
2026-07-07T15:02:36.368+00:00 CAN id=101 dlc=8 data=d8cf0400409c0000
2026-07-07T15:02:36.373+00:00 VCP run=1 step=0 angle=318428 target=315352 err=-3076 steer=-1538 m1=0/5292 i1=-293 t1=28 m2=-5/-22208 i2=-872 t2=27 steerMode=-8458/-25 iSteer=-582900 driveMode=13750/25 iDrive=289417 scale=0 wheel=40000
2026-07-07T15:02:36.373+00:00 VCP run=1 step=0 angle=318340 target=315352 err=-2988 steer=-1494 m1=2/5533 i1=-27 t1=28 m2=-266/-21967 i2=-589 t2=27 steerMode=-8217/-5670 iSteer=-308195 driveMode=13750/5749 iDrive=280829 scale=0 wheel=40000
2026-07-07T15:02:36.388+00:00 CAN id=101 dlc=8 data=d8cf0400409c0000
2026-07-07T15:02:36.408+00:00 CAN id=101 dlc=8 data=d8cf0400409c0000
2026-07-07T15:02:36.428+00:00 CAN id=101 dlc=8 data=d8cf0400409c0000
2026-07-07T15:02:36.448+00:00 CAN id=101 dlc=8 data=d8cf0400409c0000
2026-07-07T15:02:36.468+00:00 CAN id=101 dlc=8 data=d8cf0400409c0000
2026-07-07T15:02:36.474+00:00 VCP run=1 step=0 angle=314385 target=315352 err=967 steer=484 m1=6/16410 i1=645 t1=28 m2=-262/-11090 i2=115 t2=27 steerMode=2660/-8214 iSteer=380179 driveMode=13750/8247 iDrive=265075 scale=0 wheel=40000
2026-07-07T15:02:36.474+00:00 VCP SET_TARGET_RX steer=315352 wheel=40000
2026-07-07T15:02:36.488+00:00 CAN id=101 dlc=8 data=d8cf0400409c0000
2026-07-07T15:02:36.508+00:00 CAN id=101 dlc=8 data=d8cf0400409c0000
2026-07-07T15:02:36.528+00:00 CAN id=101 dlc=8 data=d8cf0400409c0000
2026-07-07T15:02:36.548+00:00 CAN id=101 dlc=8 data=d8cf0400409c0000
2026-07-07T15:02:36.568+00:00 CAN id=101 dlc=8 data=d8cf0400409c0000
2026-07-07T15:02:36.579+00:00 VCP run=1 step=0 angle=313242 target=315352 err=2110 steer=1055 m1=-5/19552 i1=523 t1=28 m2=79/-7948 i2=-205 t2=27 steerMode=5802/-145 iSteer=159103 driveMode=13750/135 iDrive=364213 scale=0 wheel=40000
2026-07-07T15:02:36.588+00:00 CAN id=101 dlc=8 data=d8cf0400409c0000
2026-07-07T15:02:36.608+00:00 CAN id=101 dlc=8 data=d8cf0400409c0000
2026-07-07T15:02:36.628+00:00 CAN id=101 dlc=8 data=d8cf0400409c0000
2026-07-07T15:02:36.648+00:00 CAN id=101 dlc=8 data=d8cf0400409c0000
2026-07-07T15:02:36.668+00:00 CAN id=101 dlc=8 data=d8cf0400409c0000
2026-07-07T15:02:36.684+00:00 VCP run=1 step=0 angle=313242 target=315352 err=2110 steer=1055 m1=0/19552 i1=561 t1=28 m2=2/-7948 i2=-220 t2=27 steerMode=5802/-51 iSteer=170616 driveMode=13750/50 iDrive=390693 scale=0 wheel=40000
2026-07-07T15:02:36.688+00:00 CAN id=101 dlc=8 data=d8cf0400409c0000
2026-07-07T15:02:36.708+00:00 CAN id=101 dlc=8 data=d8cf0400409c0000
2026-07-07T15:02:36.728+00:00 CAN id=101 dlc=8 data=d8cf0400409c0000
2026-07-07T15:02:36.748+00:00 CAN id=101 dlc=8 data=d8cf0400409c0000
2026-07-07T15:02:36.768+00:00 CAN id=101 dlc=8 data=d8cf0400409c0000
2026-07-07T15:02:36.788+00:00 CAN id=101 dlc=8 data=d8cf0400409c0000
2026-07-07T15:02:36.808+00:00 CAN id=101 dlc=8 data=d8cf0400409c0000
2026-07-07T15:02:36.828+00:00 CAN id=101 dlc=8 data=d8cf0400409c0000
2026-07-07T15:02:36.848+00:00 CAN id=101 dlc=8 data=d8cf0400409c0000
2026-07-07T15:02:36.868+00:00 CAN id=101 dlc=8 data=d8cf0400409c0000
2026-07-07T15:02:36.873+00:00 VCP run=1 step=0 angle=313242 target=315352 err=2110 steer=1055 m1=0/19552 i1=601 t1=28 m2=0/-7948 i2=-232 t2=27 steerMode=5802/0 iSteer=184268 driveMode=13750/0 iDrive=416753 scale=0 wheel=40000
2026-07-07T15:02:36.873+00:00 VCP run=1 step=0 angle=313242 target=315352 err=2110 steer=1055 m1=0/19552 i1=643 t1=28 m2=0/-7948 i2=-242 t2=27 steerMode=5802/0 iSteer=200616 driveMode=13750/0 iDrive=442605 scale=0 wheel=40000
2026-07-07T15:02:36.888+00:00 CAN id=101 dlc=8 data=d8cf0400409c0000
2026-07-07T15:02:36.908+00:00 CAN id=101 dlc=8 data=d8cf0400409c0000
2026-07-07T15:02:36.928+00:00 CAN id=101 dlc=8 data=d8cf0400409c0000
2026-07-07T15:02:36.948+00:00 CAN id=101 dlc=8 data=d8cf0400409c0000
2026-07-07T15:02:36.968+00:00 CAN id=101 dlc=8 data=d8cf0400409c0000
2026-07-07T15:02:36.975+00:00 VCP run=1 step=0 angle=313242 target=315352 err=2110 steer=1055 m1=0/19552 i1=685 t1=28 m2=0/-7948 i2=-251 t2=27 steerMode=5802/0 iSteer=216978 driveMode=13750/0 iDrive=468455 scale=0 wheel=40000
2026-07-07T15:02:36.975+00:00 VCP SET_TARGET_RX steer=315352 wheel=40000
2026-07-07T15:02:36.988+00:00 CAN id=101 dlc=8 data=d8cf0400409c0000
2026-07-07T15:02:37.008+00:00 CAN id=101 dlc=8 data=d8cf0400409c0000
2026-07-07T15:02:37.028+00:00 CAN id=101 dlc=8 data=d8cf0400409c0000
2026-07-07T15:02:37.048+00:00 CAN id=101 dlc=8 data=d8cf0400409c0000
2026-07-07T15:02:37.068+00:00 CAN id=101 dlc=8 data=d8cf0400409c0000
2026-07-07T15:02:37.080+00:00 VCP run=1 step=0 angle=313242 target=315352 err=2110 steer=1055 m1=0/19552 i1=728 t1=28 m2=0/-7948 i2=-261 t2=27 steerMode=5802/-8 iSteer=233761 driveMode=13750/-8 iDrive=494391 scale=0 wheel=40000
2026-07-07T15:02:37.088+00:00 CAN id=101 dlc=8 data=d8cf0400409c0000
2026-07-07T15:02:37.108+00:00 CAN id=101 dlc=8 data=d8cf0400409c0000
2026-07-07T15:02:37.128+00:00 CAN id=101 dlc=8 data=d8cf0400409c0000
2026-07-07T15:02:37.148+00:00 CAN id=101 dlc=8 data=d8cf0400409c0000
2026-07-07T15:02:37.168+00:00 CAN id=101 dlc=8 data=d8cf0400409c0000
2026-07-07T15:02:37.186+00:00 VCP run=1 step=0 angle=313242 target=315352 err=2110 steer=1055 m1=-3/19552 i1=770 t1=28 m2=0/-7948 i2=-270 t2=27 steerMode=5802/1 iSteer=249667 driveMode=13750/5 iDrive=520101 scale=0 wheel=40000
2026-07-07T15:02:37.188+00:00 CAN id=101 dlc=8 data=d8cf0400409c0000
2026-07-07T15:02:37.208+00:00 CAN id=101 dlc=8 data=d8cf0400409c0000
2026-07-07T15:02:37.228+00:00 CAN id=101 dlc=8 data=d8cf0400409c0000
2026-07-07T15:02:37.248+00:00 CAN id=101 dlc=8 data=d8cf0400409c0000
2026-07-07T15:02:37.268+00:00 CAN id=101 dlc=8 data=d8cf0400409c0000
2026-07-07T15:02:37.288+00:00 CAN id=101 dlc=8 data=d8cf0400409c0000
2026-07-07T15:02:37.308+00:00 CAN id=101 dlc=8 data=d8cf0400409c0000
2026-07-07T15:02:37.328+00:00 CAN id=101 dlc=8 data=d8cf0400409c0000
2026-07-07T15:02:37.348+00:00 CAN id=101 dlc=8 data=d8cf0400409c0000
2026-07-07T15:02:37.368+00:00 CAN id=101 dlc=8 data=d8cf0400409c0000
2026-07-07T15:02:37.374+00:00 VCP run=1 step=0 angle=313242 target=315352 err=2110 steer=1055 m1=0/19552 i1=812 t1=28 m2=0/-7948 i2=-280 t2=27 steerMode=5802/2 iSteer=265981 driveMode=13750/2 iDrive=545977 scale=0 wheel=40000
2026-07-07T15:02:37.374+00:00 VCP run=1 step=0 angle=313242 target=315352 err=2110 steer=1055 m1=0/19552 i1=855 t1=28 m2=0/-7948 i2=-289 t2=27 steerMode=5802/-9 iSteer=282862 driveMode=13750/10 iDrive=571746 scale=0 wheel=40000
2026-07-07T15:02:37.388+00:00 CAN id=101 dlc=8 data=d8cf0400409c0000
2026-07-07T15:02:37.408+00:00 CAN id=101 dlc=8 data=d8cf0400409c0000
2026-07-07T15:02:37.428+00:00 CAN id=101 dlc=8 data=d8cf0400409c0000
2026-07-07T15:02:37.448+00:00 CAN id=101 dlc=8 data=d8cf0400409c0000
2026-07-07T15:02:37.468+00:00 CAN id=101 dlc=8 data=d8cf0400409c0000
2026-07-07T15:02:37.476+00:00 VCP run=1 step=0 angle=313242 target=315352 err=2110 steer=1055 m1=0/19552 i1=897 t1=28 m2=0/-7948 i2=-299 t2=27 steerMode=5802/-4 iSteer=299013 driveMode=13750/4 iDrive=597628 scale=0 wheel=40000
2026-07-07T15:02:37.476+00:00 VCP SET_TARGET_RX steer=315352 wheel=40000
2026-07-07T15:02:37.488+00:00 CAN id=101 dlc=8 data=d8cf0400409c0000
2026-07-07T15:02:37.508+00:00 CAN id=101 dlc=8 data=d8cf0400409c0000
2026-07-07T15:02:37.528+00:00 CAN id=101 dlc=8 data=d8cf0400409c0000
2026-07-07T15:02:37.548+00:00 CAN id=101 dlc=8 data=d8cf0400409c0000
2026-07-07T15:02:37.568+00:00 CAN id=101 dlc=8 data=d8cf0400409c0000
2026-07-07T15:02:37.582+00:00 VCP run=1 step=0 angle=313242 target=315352 err=2110 steer=1055 m1=0/19552 i1=938 t1=28 m2=0/-7948 i2=-308 t2=27 steerMode=5802/4 iSteer=314989 driveMode=13750/4 iDrive=623474 scale=0 wheel=40000
2026-07-07T15:02:37.588+00:00 CAN id=101 dlc=8 data=d8cf0400409c0000
2026-07-07T15:02:37.608+00:00 CAN id=101 dlc=8 data=d8cf0400409c0000
2026-07-07T15:02:37.628+00:00 CAN id=101 dlc=8 data=d8cf0400409c0000
2026-07-07T15:02:37.648+00:00 CAN id=101 dlc=8 data=d8cf0400409c0000
2026-07-07T15:02:37.668+00:00 CAN id=101 dlc=8 data=d8cf0400409c0000
2026-07-07T15:02:37.687+00:00 VCP run=1 step=0 angle=313242 target=315352 err=2110 steer=1055 m1=2/19552 i1=980 t1=28 m2=0/-7948 i2=-318 t2=27 steerMode=5802/16 iSteer=330739 driveMode=13750/16 iDrive=649198 scale=0 wheel=40000
2026-07-07T15:02:37.688+00:00 CAN id=101 dlc=8 data=d8cf0400409c0000
2026-07-07T15:02:37.708+00:00 CAN id=101 dlc=8 data=d8cf0400409c0000
2026-07-07T15:02:37.728+00:00 CAN id=101 dlc=8 data=d8cf0400409c0000
2026-07-07T15:02:37.748+00:00 CAN id=101 dlc=8 data=d8cf0400409c0000
2026-07-07T15:02:37.768+00:00 CAN id=101 dlc=8 data=d8cf0400409c0000
2026-07-07T15:02:37.788+00:00 CAN id=101 dlc=8 data=d8cf0400409c0000
2026-07-07T15:02:37.808+00:00 CAN id=101 dlc=8 data=d8cf0400409c0000
2026-07-07T15:02:37.828+00:00 CAN id=101 dlc=8 data=d8cf0400409c0000
2026-07-07T15:02:37.848+00:00 CAN id=101 dlc=8 data=d8cf0400409c0000
2026-07-07T15:02:37.868+00:00 CAN id=101 dlc=8 data=d8cf0400409c0000
2026-07-07T15:02:37.874+00:00 VCP run=1 step=0 angle=313242 target=315352 err=2110 steer=1055 m1=364/19552 i1=687 t1=28 m2=-3/-7948 i2=-547 t2=27 steerMode=5802/5498 iSteer=70067 driveMode=13750/5598 iDrive=617248 scale=0 wheel=40000
2026-07-07T15:02:37.874+00:00 VCP run=1 step=0 angle=316670 target=315352 err=-1318 steer=-659 m1=447/10126 i1=163 t1=28 m2=-480/-17374 i2=-775 t2=27 steerMode=-3624/3089 iSteer=-306049 driveMode=13750/20598 iDrive=468574 scale=0 wheel=40000
2026-07-07T15:02:37.888+00:00 CAN id=101 dlc=8 data=d8cf0400409c0000
2026-07-07T15:02:37.908+00:00 CAN id=101 dlc=8 data=d8cf0400409c0000
2026-07-07T15:02:37.928+00:00 CAN id=101 dlc=8 data=d8cf0400409c0000
2026-07-07T15:02:37.948+00:00 CAN id=101 dlc=8 data=d8cf0400409c0000
2026-07-07T15:02:37.968+00:00 CAN id=101 dlc=8 data=d8cf0400409c0000
2026-07-07T15:02:37.975+00:00 VCP run=1 step=0 angle=315264 target=315352 err=88 steer=0 m1=713/13750 i1=380 t1=28 m2=-670/-13750 i2=-250 t2=27 steerMode=0/-681 iSteer=65121 driveMode=13750/33320 iDrive=315152 scale=0 wheel=40000
2026-07-07T15:02:37.975+00:00 VCP SET_TARGET_RX steer=315352 wheel=40000
2026-07-07T15:02:37.988+00:00 CAN id=101 dlc=8 data=d8cf0400409c0000
2026-07-07T15:02:38.008+00:00 CAN id=101 dlc=8 data=d8cf0400409c0000
2026-07-07T15:02:38.028+00:00 CAN id=101 dlc=8 data=d8cf0400409c0000
2026-07-07T15:02:38.048+00:00 CAN id=101 dlc=8 data=d8cf0400409c0000
2026-07-07T15:02:38.068+00:00 CAN id=101 dlc=8 data=d8cf0400409c0000
2026-07-07T15:02:38.080+00:00 VCP run=1 step=0 angle=316230 target=315352 err=-878 steer=-439 m1=696/11334 i1=84 t1=28 m2=-789/-16166 i2=-376 t2=27 steerMode=-2416/942 iSteer=-145839 driveMode=13750/37650 iDrive=230223 scale=0 wheel=40000
2026-07-07T15:02:38.088+00:00 CAN id=101 dlc=8 data=d8cf0400409c0000
2026-07-07T15:02:38.108+00:00 CAN id=101 dlc=8 data=d8cf0400409c0000
2026-07-07T15:02:38.128+00:00 CAN id=101 dlc=8 data=d8cf0400409c0000
2026-07-07T15:02:38.148+00:00 CAN id=101 dlc=8 data=d8cf0400409c0000
2026-07-07T15:02:38.168+00:00 CAN id=101 dlc=8 data=d8cf0400409c0000
2026-07-07T15:02:38.184+00:00 VCP run=1 step=0 angle=315967 target=315352 err=-615 steer=-307 m1=715/12059 i1=160 t1=28 m2=-727/-15441 i2=-219 t2=27 steerMode=-1691/-718 iSteer=-29887 driveMode=13750/37235 iDrive=189610 scale=0 wheel=40000
2026-07-07T15:02:38.188+00:00 CAN id=101 dlc=8 data=d8cf0400409c0000
2026-07-07T15:02:38.208+00:00 CAN id=101 dlc=8 data=d8cf0400409c0000
2026-07-07T15:02:38.228+00:00 CAN id=101 dlc=8 data=d8cf0400409c0000
2026-07-07T15:02:38.248+00:00 CAN id=101 dlc=8 data=d8cf0400409c0000
2026-07-07T15:02:38.268+00:00 CAN id=101 dlc=8 data=d8cf0400409c0000
2026-07-07T15:02:38.288+00:00 CAN id=101 dlc=8 data=d8cf0400409c0000
2026-07-07T15:02:38.288+00:00 VCP run=1 step=0 angle=315967 target=315352 err=-615 steer=-307 m1=654/12059 i1=106 t1=28 m2=-725/-15441 i2=-217 t2=27 steerMode=-1691/-288 iSteer=-55693 driveMode=13750/35781 iDrive=161755 scale=0 wheel=40000
2026-07-07T15:02:38.308+00:00 CAN id=101 dlc=8 data=d8cf0400409c0000
2026-07-07T15:02:38.328+00:00 CAN id=101 dlc=8 data=d8cf0400409c0000
2026-07-07T15:02:38.348+00:00 CAN id=101 dlc=8 data=d8cf0400409c0000
2026-07-07T15:02:38.368+00:00 CAN id=101 dlc=8 data=d8cf0400409c0000
2026-07-07T15:02:38.388+00:00 CAN id=101 dlc=8 data=d8cf0400409c0000
2026-07-07T15:02:38.408+00:00 CAN id=101 dlc=8 data=d8cf0400409c0000
2026-07-07T15:02:38.428+00:00 CAN id=101 dlc=8 data=d8cf0400409c0000
2026-07-07T15:02:38.448+00:00 CAN id=101 dlc=8 data=d8cf0400409c0000
2026-07-07T15:02:38.468+00:00 CAN id=101 dlc=8 data=d8cf0400409c0000
2026-07-07T15:02:38.470+00:00 VCP run=1 step=0 angle=315967 target=315352 err=-615 steer=-307 m1=579/12059 i1=116 t1=28 m2=-620/-15441 i2=-184 t2=27 steerMode=-1691/-777 iSteer=-34330 driveMode=13750/33144 iDrive=149887 scale=0 wheel=40000
2026-07-07T15:02:38.470+00:00 VCP run=1 step=0 angle=315791 target=315352 err=-439 steer=0 m1=592/13750 i1=162 t1=28 m2=-540/-13750 i2=-124 t2=27 steerMode=0/-168 iSteer=18913 driveMode=13750/30534 iDrive=142752 scale=0 wheel=40000
2026-07-07T15:02:38.488+00:00 CAN id=101 dlc=8 data=d8cf0400409c0000
2026-07-07T15:02:38.508+00:00 CAN id=101 dlc=8 data=d8cf0400409c0000
2026-07-07T15:02:38.528+00:00 CAN id=101 dlc=8 data=d8cf0400409c0000
2026-07-07T15:02:38.548+00:00 CAN id=101 dlc=8 data=d8cf0400409c0000
2026-07-07T15:02:38.568+00:00 CAN id=101 dlc=8 data=d8cf0400409c0000
2026-07-07T15:02:38.577+00:00 VCP SET_TARGET_RX steer=315352 wheel=40000
2026-07-07T15:02:38.577+00:00 VCP run=1 step=0 angle=315703 target=315352 err=-351 steer=0 m1=533/13750 i1=102 t1=28 m2=-524/-13750 i2=-179 t2=27 steerMode=0/941 iSteer=-38322 driveMode=13750/27895 iDrive=140466 scale=0 wheel=40000
2026-07-07T15:02:38.588+00:00 CAN id=101 dlc=8 data=d8cf0400409c0000
2026-07-07T15:02:38.608+00:00 CAN id=101 dlc=8 data=d8cf0400409c0000
2026-07-07T15:02:38.628+00:00 CAN id=101 dlc=8 data=d8cf0400409c0000
2026-07-07T15:02:38.648+00:00 CAN id=101 dlc=8 data=d8cf0400409c0000
2026-07-07T15:02:38.668+00:00 CAN id=101 dlc=8 data=d8cf0400409c0000
2026-07-07T15:02:38.682+00:00 VCP run=1 step=0 angle=315791 target=315352 err=-439 steer=0 m1=487/13750 i1=130 t1=28 m2=-484/-13750 i2=-160 t2=27 steerMode=0/435 iSteer=-14767 driveMode=13750/25110 iDrive=144737 scale=0 wheel=40000
2026-07-07T15:02:38.688+00:00 CAN id=101 dlc=8 data=d8cf0400409c0000
2026-07-07T15:02:38.708+00:00 CAN id=101 dlc=8 data=d8cf0400409c0000
2026-07-07T15:02:38.728+00:00 CAN id=101 dlc=8 data=d8cf0400409c0000
2026-07-07T15:02:38.748+00:00 CAN id=101 dlc=8 data=d8cf0400409c0000
2026-07-07T15:02:38.768+00:00 CAN id=101 dlc=8 data=d8cf0400409c0000
2026-07-07T15:02:38.787+00:00 VCP run=1 step=0 angle=315791 target=315352 err=-439 steer=0 m1=420/13750 i1=191 t1=28 m2=-425/-13750 i2=-119 t2=27 steerMode=0/-643 iSteer=36265 driveMode=13750/22236 iDrive=154884 scale=0 wheel=40000
2026-07-07T15:02:38.788+00:00 CAN id=101 dlc=8 data=d8cf0400409c0000
2026-07-07T15:02:38.808+00:00 CAN id=101 dlc=8 data=d8cf0400409c0000
2026-07-07T15:02:38.828+00:00 CAN id=101 dlc=8 data=d8cf0400409c0000
2026-07-07T15:02:38.848+00:00 CAN id=101 dlc=8 data=d8cf0400409c0000
2026-07-07T15:02:38.868+00:00 CAN id=101 dlc=8 data=d8cf0400409c0000
2026-07-07T15:02:38.888+00:00 CAN id=101 dlc=8 data=d8cf0400409c0000
2026-07-07T15:02:38.891+00:00 VCP run=1 step=0 angle=316055 target=315352 err=-703 steer=-351 m1=309/11818 i1=72 t1=28 m2=-333/-15682 i2=-277 t2=27 steerMode=-1932/133 iSteer=-102339 driveMode=13750/18980 iDrive=174693 scale=0 wheel=40000
2026-07-07T15:02:38.891+00:00 VCP run=1 step=0 angle=315879 target=315352 err=-527 steer=-263 m1=292/12301 i1=144 t1=28 m2=-358/-15199 i2=-248 t2=27 steerMode=-1449/-451 iSteer=-51872 driveMode=13750/16144 iDrive=196173 scale=0 wheel=40000
2026-07-07T15:02:38.908+00:00 CAN id=101 dlc=8 data=d8cf0400409c0000
2026-07-07T15:02:38.928+00:00 CAN id=101 dlc=8 data=d8cf0400409c0000
2026-07-07T15:02:38.948+00:00 CAN id=101 dlc=8 data=d8cf0400409c0000
2026-07-07T15:02:38.968+00:00 CAN id=101 dlc=8 data=d8cf0400409c0000
2026-07-07T15:02:38.988+00:00 CAN id=101 dlc=8 data=d8cf0400409c0000
2026-07-07T15:02:39.008+00:00 CAN id=101 dlc=8 data=d8cf0400409c0000
2026-07-07T15:02:39.028+00:00 CAN id=101 dlc=8 data=d8cf0400409c0000
2026-07-07T15:02:39.048+00:00 CAN id=101 dlc=8 data=d8cf0400409c0000
2026-07-07T15:02:39.068+00:00 CAN id=101 dlc=8 data=d8cf0400409c0000
2026-07-07T15:02:39.074+00:00 VCP SET_TARGET_RX steer=315352 wheel=40000
2026-07-07T15:02:39.074+00:00 VCP run=1 step=0 angle=315967 target=315352 err=-615 steer=-307 m1=272/12059 i1=154 t1=28 m2=-256/-15441 i2=-267 t2=27 steerMode=-1691/-680 iSteer=-56888 driveMode=13750/14487 iDrive=210464 scale=0 wheel=40000
2026-07-07T15:02:39.088+00:00 CAN id=101 dlc=8 data=d8cf0400409c0000
2026-07-07T15:02:39.108+00:00 CAN id=101 dlc=8 data=d8cf0400409c0000
2026-07-07T15:02:39.128+00:00 CAN id=101 dlc=8 data=d8cf0400409c0000
2026-07-07T15:02:39.148+00:00 CAN id=101 dlc=8 data=d8cf0400409c0000
2026-07-07T15:02:39.168+00:00 CAN id=101 dlc=8 data=d8cf0400409c0000
2026-07-07T15:02:39.178+00:00 VCP run=1 step=0 angle=316055 target=315352 err=-703 steer=-351 m1=267/11818 i1=79 t1=28 m2=-306/-15682 i2=-358 t2=27 steerMode=-1932/678 iSteer=-139316 driveMode=13750/13594 iDrive=218707 scale=0 wheel=40000
2026-07-07T15:02:39.188+00:00 CAN id=101 dlc=8 data=d8cf0400409c0000
2026-07-07T15:02:39.208+00:00 CAN id=101 dlc=8 data=d8cf0400409c0000
2026-07-07T15:02:39.228+00:00 CAN id=101 dlc=8 data=d8cf0400409c0000
2026-07-07T15:02:39.248+00:00 CAN id=101 dlc=8 data=d8cf0400409c0000
2026-07-07T15:02:39.268+00:00 CAN id=101 dlc=8 data=d8cf0400409c0000
2026-07-07T15:02:39.282+00:00 VCP run=1 step=0 angle=315967 target=315352 err=-615 steer=-307 m1=219/12059 i1=150 t1=28 m2=-243/-15441 i2=-307 t2=27 steerMode=-1691/-379 iSteer=-78599 driveMode=13750/12740 iDrive=228208 scale=0 wheel=40000
2026-07-07T15:02:39.288+00:00 CAN id=101 dlc=8 data=d8cf0400409c0000
2026-07-07T15:02:39.308+00:00 CAN id=101 dlc=8 data=d8cf0400409c0000
2026-07-07T15:02:39.328+00:00 CAN id=101 dlc=8 data=d8cf0400409c0000
2026-07-07T15:02:39.348+00:00 CAN id=101 dlc=8 data=d8cf0400409c0000
2026-07-07T15:02:39.368+00:00 CAN id=101 dlc=8 data=d8cf0400409c0000
2026-07-07T15:02:39.387+00:00 VCP run=1 step=0 angle=315879 target=315352 err=-527 steer=-263 m1=305/12301 i1=102 t1=28 m2=-283/-15199 i2=-340 t2=27 steerMode=-1449/660 iSteer=-118880 driveMode=13750/13549 iDrive=221173 scale=0 wheel=40000
2026-07-07T15:02:39.388+00:00 CAN id=101 dlc=8 data=d8cf0400409c0000
2026-07-07T15:02:39.408+00:00 CAN id=101 dlc=8 data=d8cf0400409c0000
2026-07-07T15:02:39.428+00:00 CAN id=101 dlc=8 data=d8cf0400409c0000
2026-07-07T15:02:39.448+00:00 CAN id=101 dlc=8 data=d8cf0400409c0000
2026-07-07T15:02:39.468+00:00 CAN id=101 dlc=8 data=d8cf0400409c0000
2026-07-07T15:02:39.488+00:00 VCP run=1 step=0 angle=315879 target=315352 err=-527 steer=-263 m1=255/12301 i1=172 t1=28 m2=-327/-15199 i2=-252 t2=27 steerMode=-1449/-986 iSteer=-40067 driveMode=13750/14437 iDrive=211876 scale=0 wheel=40000
2026-07-07T15:02:39.488+00:00 VCP SET_TARGET_RX steer=315352 wheel=40000
2026-07-07T15:02:39.488+00:00 CAN id=101 dlc=8 data=d8cf0400409c0000
2026-07-07T15:02:39.508+00:00 CAN id=101 dlc=8 data=d8cf0400409c0000
2026-07-07T15:02:39.528+00:00 CAN id=101 dlc=8 data=d8cf0400409c0000
2026-07-07T15:02:39.548+00:00 CAN id=101 dlc=8 data=d8cf0400409c0000
2026-07-07T15:02:39.568+00:00 CAN id=101 dlc=8 data=d8cf0400409c0000
2026-07-07T15:02:39.588+00:00 CAN id=101 dlc=8 data=d8cf0400409c0000
2026-07-07T15:02:39.608+00:00 CAN id=101 dlc=8 data=d8cf0400409c0000
2026-07-07T15:02:39.628+00:00 CAN id=101 dlc=8 data=d8cf0400409c0000
2026-07-07T15:02:39.648+00:00 CAN id=101 dlc=8 data=d8cf0400409c0000
2026-07-07T15:02:39.668+00:00 CAN id=101 dlc=8 data=d8cf0400409c0000
2026-07-07T15:02:39.675+00:00 VCP run=1 step=0 angle=315615 target=315352 err=-263 steer=0 m1=334/13750 i1=150 t1=28 m2=-262/-13750 i2=-260 t2=27 steerMode=0/765 iSteer=-54657 driveMode=13750/14941 iDrive=205111 scale=0 wheel=40000
2026-07-07T15:02:39.675+00:00 VCP run=1 step=0 angle=315527 target=315352 err=-175 steer=0 m1=315/13750 i1=168 t1=28 m2=-302/-13750 i2=-202 t2=27 steerMode=0/7 iSteer=-16846 driveMode=13750/16534 iDrive=184741 scale=0 wheel=40000
2026-07-07T15:02:39.688+00:00 CAN id=101 dlc=8 data=d8cf0400409c0000
2026-07-07T15:02:39.708+00:00 CAN id=101 dlc=8 data=d8cf0400409c0000
2026-07-07T15:02:39.728+00:00 CAN id=101 dlc=8 data=d8cf0400409c0000
2026-07-07T15:02:39.748+00:00 CAN id=101 dlc=8 data=d8cf0400409c0000
2026-07-07T15:02:39.768+00:00 CAN id=101 dlc=8 data=d8cf0400409c0000
2026-07-07T15:02:39.780+00:00 VCP run=1 step=0 angle=315615 target=315352 err=-263 steer=0 m1=292/13750 i1=145 t1=28 m2=-275/-13750 i2=-224 t2=27 steerMode=0/433 iSteer=-39301 driveMode=13750/16069 iDrive=184688 scale=0 wheel=40000
2026-07-07T15:02:39.788+00:00 CAN id=101 dlc=8 data=d8cf0400409c0000
2026-07-07T15:02:39.808+00:00 CAN id=101 dlc=8 data=d8cf0400409c0000
2026-07-07T15:02:39.828+00:00 CAN id=101 dlc=8 data=d8cf0400409c0000
2026-07-07T15:02:39.848+00:00 CAN id=101 dlc=8 data=d8cf0400409c0000
2026-07-07T15:02:39.868+00:00 CAN id=101 dlc=8 data=d8cf0400409c0000
2026-07-07T15:02:39.885+00:00 VCP run=1 step=0 angle=315703 target=315352 err=-351 steer=0 m1=334/13750 i1=148 t1=28 m2=-304/-13750 i2=-210 t2=27 steerMode=0/255 iSteer=-30996 driveMode=13750/16245 iDrive=178630 scale=0 wheel=40000
2026-07-07T15:02:39.888+00:00 CAN id=101 dlc=8 data=d8cf0400409c0000
2026-07-07T15:02:39.908+00:00 CAN id=101 dlc=8 data=d8cf0400409c0000
2026-07-07T15:02:39.928+00:00 CAN id=101 dlc=8 data=d8cf0400409c0000
2026-07-07T15:02:39.948+00:00 CAN id=101 dlc=8 data=d8cf0400409c0000
2026-07-07T15:02:39.968+00:00 CAN id=101 dlc=8 data=d8cf0400409c0000
2026-07-07T15:02:39.988+00:00 CAN id=101 dlc=8 data=d8cf0400409c0000
2026-07-07T15:02:39.990+00:00 VCP run=1 step=0 angle=315879 target=315352 err=-527 steer=-100 m1=309/13200 i1=121 t1=28 m2=-348/-14300 i2=-225 t2=27 steerMode=-550/119 iSteer=-52148 driveMode=13750/16451 iDrive=172991 scale=0 wheel=40000
2026-07-07T15:02:40.008+00:00 CAN id=101 dlc=8 data=d8cf0400409c0000
2026-07-07T15:02:40.028+00:00 CAN id=101 dlc=8 data=d8cf0400409c0000
2026-07-07T15:02:40.048+00:00 CAN id=101 dlc=8 data=d8cf0400409c0000
2026-07-07T15:02:40.068+00:00 CAN id=101 dlc=8 data=d8cf0400409c0000
2026-07-07T15:02:40.088+00:00 CAN id=101 dlc=8 data=d8cf0400409c0000
2026-07-07T15:02:40.108+00:00 CAN id=101 dlc=8 data=d8cf0400409c0000
2026-07-07T15:02:40.128+00:00 CAN id=101 dlc=8 data=d8cf0400409c0000
2026-07-07T15:02:40.148+00:00 CAN id=101 dlc=8 data=d8cf0400409c0000
2026-07-07T15:02:40.168+00:00 CAN id=101 dlc=8 data=d8cf0400409c0000
2026-07-07T15:02:40.174+00:00 VCP run=1 step=0 angle=315791 target=315352 err=-439 steer=0 m1=309/13750 i1=153 t1=28 m2=-252/-13750 i2=-200 t2=27 steerMode=0/99 iSteer=-23732 driveMode=13750/16120 iDrive=176301 scale=0 wheel=40000
2026-07-07T15:02:40.174+00:00 VCP SET_TARGET_RX steer=315352 wheel=40000
2026-07-07T15:02:40.174+00:00 VCP run=1 step=0 angle=315791 target=315352 err=-439 steer=0 m1=355/13750 i1=178 t1=28 m2=-348/-13750 i2=-161 t2=27 steerMode=0/-547 iSteer=8396 driveMode=13750/16795 iDrive=169551 scale=0 wheel=40000
2026-07-07T15:02:40.188+00:00 CAN id=101 dlc=8 data=d8cf0400409c0000
2026-07-07T15:02:40.208+00:00 CAN id=101 dlc=8 data=d8cf0400409c0000
2026-07-07T15:02:40.228+00:00 CAN id=101 dlc=8 data=d8cf0400409c0000
2026-07-07T15:02:40.248+00:00 CAN id=101 dlc=8 data=d8cf0400409c0000
2026-07-07T15:02:40.268+00:00 CAN id=101 dlc=8 data=d8cf0400409c0000
2026-07-07T15:02:40.279+00:00 VCP run=1 step=0 angle=315791 target=315352 err=-439 steer=0 m1=326/13750 i1=155 t1=28 m2=-337/-13750 i2=-182 t2=27 steerMode=0/-115 iSteer=-13492 driveMode=13750/16867 iDrive=168826 scale=0 wheel=40000
2026-07-07T15:02:40.288+00:00 CAN id=101 dlc=8 data=d8cf0400409c0000
2026-07-07T15:02:40.308+00:00 CAN id=101 dlc=8 data=d8cf0400409c0000
2026-07-07T15:02:40.328+00:00 CAN id=101 dlc=8 data=d8cf0400409c0000
2026-07-07T15:02:40.348+00:00 CAN id=101 dlc=8 data=d8cf0400409c0000
2026-07-07T15:02:40.368+00:00 CAN id=101 dlc=8 data=d8cf0400409c0000
2026-07-07T15:02:40.384+00:00 VCP run=1 step=0 angle=315879 target=315352 err=-527 steer=-263 m1=299/12301 i1=73 t1=28 m2=-289/-15199 i2=-258 t2=27 steerMode=-1449/0 iSteer=-92613 driveMode=13750/17192 iDrive=165577 scale=0 wheel=40000
2026-07-07T15:02:40.388+00:00 CAN id=101 dlc=8 data=d8cf0400409c0000
2026-07-07T15:02:40.408+00:00 CAN id=101 dlc=8 data=d8cf0400409c0000
2026-07-07T15:02:40.428+00:00 CAN id=101 dlc=8 data=d8cf0400409c0000
2026-07-07T15:02:40.448+00:00 CAN id=101 dlc=8 data=d8cf0400409c0000
2026-07-07T15:02:40.468+00:00 CAN id=101 dlc=8 data=d8cf0400409c0000
2026-07-07T15:02:40.488+00:00 CAN id=101 dlc=8 data=d8cf0400409c0000
2026-07-07T15:02:40.489+00:00 VCP run=1 step=0 angle=315615 target=315352 err=-263 steer=0 m1=330/13750 i1=159 t1=28 m2=-310/-13750 i2=-171 t2=27 steerMode=0/-249 iSteer=-6150 driveMode=13750/17273 iDrive=164766 scale=0 wheel=40000
2026-07-07T15:02:40.508+00:00 CAN id=101 dlc=8 data=d8cf0400409c0000
2026-07-07T15:02:40.528+00:00 CAN id=101 dlc=8 data=d8cf0400409c0000
2026-07-07T15:02:40.548+00:00 CAN id=101 dlc=8 data=d8cf0400409c0000
2026-07-07T15:02:40.568+00:00 CAN id=101 dlc=8 data=d8cf0400409c0000
2026-07-07T15:02:40.588+00:00 CAN id=101 dlc=8 data=d8cf0400409c0000
2026-07-07T15:02:40.590+00:00 VCP run=1 step=0 angle=315615 target=315352 err=-263 steer=0 m1=307/13750 i1=156 t1=28 m2=-296/-13750 i2=-168 t2=27 steerMode=0/-248 iSteer=-6024 driveMode=13750/17543 iDrive=162071 scale=0 wheel=40000
2026-07-07T15:02:40.590+00:00 VCP SET_TARGET_RX steer=315352 wheel=40000
2026-07-07T15:02:40.608+00:00 CAN id=101 dlc=8 data=d8cf0400409c0000
2026-07-07T15:02:40.628+00:00 CAN id=101 dlc=8 data=d8cf0400409c0000
2026-07-07T15:02:40.648+00:00 CAN id=101 dlc=8 data=d8cf0400409c0000
2026-07-07T15:02:40.668+00:00 CAN id=101 dlc=8 data=d8cf0400409c0000
2026-07-07T15:02:40.688+00:00 CAN id=101 dlc=8 data=d8cf0400409c0000
2026-07-07T15:02:40.708+00:00 CAN id=101 dlc=8 data=d8cf0400409c0000
2026-07-07T15:02:40.728+00:00 CAN id=101 dlc=8 data=d8cf0400409c0000
2026-07-07T15:02:40.748+00:00 CAN id=101 dlc=8 data=d8cf0400409c0000
2026-07-07T15:02:40.768+00:00 CAN id=101 dlc=8 data=d8cf0400409c0000
2026-07-07T15:02:40.778+00:00 VCP run=1 step=0 angle=315615 target=315352 err=-263 steer=0 m1=301/13750 i1=163 t1=28 m2=-350/-13750 i2=-161 t2=27 steerMode=0/-368 iSteer=918 driveMode=13750/17509 iDrive=162405 scale=0 wheel=40000
2026-07-07T15:02:40.778+00:00 VCP run=1 step=0 angle=315615 target=315352 err=-263 steer=0 m1=328/13750 i1=146 t1=28 m2=-348/-13750 i2=-166 t2=27 steerMode=0/-145 iSteer=-9841 driveMode=13750/18151 iDrive=155990 scale=0 wheel=40000
2026-07-07T15:02:40.788+00:00 CAN id=101 dlc=8 data=d8cf0400409c0000
2026-07-07T15:02:40.808+00:00 CAN id=101 dlc=8 data=d8cf0400409c0000
2026-07-07T15:02:40.828+00:00 CAN id=101 dlc=8 data=d8cf0400409c0000
2026-07-07T15:02:40.848+00:00 CAN id=101 dlc=8 data=d8cf0400409c0000
2026-07-07T15:02:40.868+00:00 CAN id=101 dlc=8 data=d8cf0400409c0000
2026-07-07T15:02:40.883+00:00 VCP run=1 step=0 angle=315527 target=315352 err=-175 steer=0 m1=318/13750 i1=124 t1=28 m2=-333/-13750 i2=-200 t2=27 steerMode=0/415 iSteer=-38204 driveMode=13750/17578 iDrive=161724 scale=0 wheel=40000
2026-07-07T15:02:40.888+00:00 CAN id=101 dlc=8 data=d8cf0400409c0000
2026-07-07T15:02:40.908+00:00 CAN id=101 dlc=8 data=d8cf0400409c0000
2026-07-07T15:02:40.928+00:00 CAN id=101 dlc=8 data=d8cf0400409c0000
2026-07-07T15:02:40.948+00:00 CAN id=101 dlc=8 data=d8cf0400409c0000
2026-07-07T15:02:40.968+00:00 CAN id=101 dlc=8 data=d8cf0400409c0000
2026-07-07T15:02:40.988+00:00 CAN id=101 dlc=8 data=d8cf0400409c0000
2026-07-07T15:02:40.988+00:00 VCP run=1 step=0 angle=315439 target=315352 err=-87 steer=0 m1=311/13750 i1=119 t1=28 m2=-237/-13750 i2=-221 t2=27 steerMode=0/660 iSteer=-51204 driveMode=13750/16726 iDrive=170239 scale=0 wheel=40000
2026-07-07T15:02:41.008+00:00 CAN id=101 dlc=8 data=d8cf0400409c0000
2026-07-07T15:02:41.028+00:00 CAN id=101 dlc=8 data=d8cf0400409c0000
2026-07-07T15:02:41.048+00:00 CAN id=101 dlc=8 data=d8cf0400409c0000
2026-07-07T15:02:41.068+00:00 CAN id=101 dlc=8 data=d8cf0400409c0000
2026-07-07T15:02:41.088+00:00 CAN id=101 dlc=8 data=d8cf0400409c0000
2026-07-07T15:02:41.089+00:00 VCP run=1 step=0 angle=315703 target=315352 err=-351 steer=0 m1=267/13750 i1=125 t1=28 m2=-218/-13750 i2=-264 t2=27 steerMode=0/980 iSteer=-69451 driveMode=13750/14294 iDrive=194561 scale=0 wheel=40000
2026-07-07T15:02:41.089+00:00 VCP SET_TARGET_RX steer=315352 wheel=40000
2026-07-07T15:02:41.108+00:00 CAN id=101 dlc=8 data=d8cf0400409c0000
2026-07-07T15:02:41.129+00:00 CAN id=101 dlc=8 data=d8cf0400409c0000
2026-07-07T15:02:41.148+00:00 CAN id=101 dlc=8 data=d8cf0400409c0000
2026-07-07T15:02:41.168+00:00 CAN id=101 dlc=8 data=d8cf0400409c0000
2026-07-07T15:02:41.188+00:00 CAN id=101 dlc=8 data=d8cf0400409c0000
2026-07-07T15:02:41.208+00:00 CAN id=101 dlc=8 data=d8cf0400409c0000
2026-07-07T15:02:41.228+00:00 CAN id=101 dlc=8 data=d8cf0400409c0000
2026-07-07T15:02:41.248+00:00 CAN id=101 dlc=8 data=d8cf0400409c0000
2026-07-07T15:02:41.268+00:00 CAN id=101 dlc=8 data=d8cf0400409c0000
2026-07-07T15:02:41.276+00:00 VCP run=1 step=0 angle=315791 target=315352 err=-439 steer=-213 m1=219/12576 i1=172 t1=28 m2=-250/-14924 i2=-237 t2=27 steerMode=-1174/-1005 iSteer=-32499 driveMode=13750/13328 iDrive=204549 scale=0 wheel=40000
2026-07-07T15:02:41.276+00:00 VCP run=1 step=0 angle=315791 target=315352 err=-439 steer=0 m1=240/13750 i1=154 t1=28 m2=-212/-13750 i2=-272 t2=27 steerMode=0/697 iSteer=-58657 driveMode=13750/12646 iDrive=212871 scale=0 wheel=40000
2026-07-07T15:02:41.288+00:00 CAN id=101 dlc=8 data=d8cf0400409c0000
2026-07-07T15:02:41.308+00:00 CAN id=101 dlc=8 data=d8cf0400409c0000
2026-07-07T15:02:41.328+00:00 CAN id=101 dlc=8 data=d8cf0400409c0000
2026-07-07T15:02:41.348+00:00 CAN id=101 dlc=8 data=d8cf0400409c0000
2026-07-07T15:02:41.368+00:00 CAN id=101 dlc=8 data=d8cf0400409c0000
2026-07-07T15:02:41.380+00:00 VCP run=1 step=0 angle=315879 target=315352 err=-527 steer=-263 m1=223/12301 i1=168 t1=28 m2=-227/-15199 i2=-261 t2=27 steerMode=-1449/-1036 iSteer=-46589 driveMode=13750/12654 iDrive=214407 scale=0 wheel=40000
2026-07-07T15:02:41.388+00:00 CAN id=101 dlc=8 data=d8cf0400409c0000
2026-07-07T15:02:41.408+00:00 CAN id=101 dlc=8 data=d8cf0400409c0000
2026-07-07T15:02:41.428+00:00 CAN id=101 dlc=8 data=d8cf0400409c0000
2026-07-07T15:02:41.448+00:00 CAN id=101 dlc=8 data=d8cf0400409c0000
2026-07-07T15:02:41.468+00:00 CAN id=101 dlc=8 data=d8cf0400409c0000
2026-07-07T15:02:41.485+00:00 VCP run=1 step=0 angle=315791 target=315352 err=-439 steer=0 m1=257/13750 i1=163 t1=28 m2=-201/-13750 i2=-273 t2=27 steerMode=0/585 iSteer=-55140 driveMode=13750/12545 iDrive=217660 scale=0 wheel=40000
2026-07-07T15:02:41.488+00:00 CAN id=101 dlc=8 data=d8cf0400409c0000
2026-07-07T15:02:41.508+00:00 CAN id=101 dlc=8 data=d8cf0400409c0000
2026-07-07T15:02:41.528+00:00 CAN id=101 dlc=8 data=d8cf0400409c0000
2026-07-07T15:02:41.548+00:00 CAN id=101 dlc=8 data=d8cf0400409c0000
2026-07-07T15:02:41.568+00:00 CAN id=101 dlc=8 data=d8cf0400409c0000
2026-07-07T15:02:41.586+00:00 VCP run=1 step=0 angle=315879 target=315352 err=-527 steer=-263 m1=242/12301 i1=108 t1=28 m2=-241/-15199 i2=-315 t2=27 steerMode=-1449/72 iSteer=-103316 driveMode=13750/13288 iDrive=211573 scale=0 wheel=40000
2026-07-07T15:02:41.586+00:00 VCP SET_TARGET_RX steer=315352 wheel=40000
2026-07-07T15:02:41.588+00:00 CAN id=101 dlc=8 data=d8cf0400409c0000
2026-07-07T15:02:41.608+00:00 CAN id=101 dlc=8 data=d8cf0400409c0000
2026-07-07T15:02:41.628+00:00 CAN id=101 dlc=8 data=d8cf0400409c0000
2026-07-07T15:02:41.648+00:00 CAN id=101 dlc=8 data=d8cf0400409c0000
2026-07-07T15:02:41.668+00:00 CAN id=101 dlc=8 data=d8cf0400409c0000
2026-07-07T15:02:41.688+00:00 CAN id=101 dlc=8 data=d8cf0400409c0000
2026-07-07T15:02:41.708+00:00 CAN id=101 dlc=8 data=d8cf0400409c0000
2026-07-07T15:02:41.728+00:00 CAN id=101 dlc=8 data=d8cf0400409c0000
2026-07-07T15:02:41.748+00:00 CAN id=101 dlc=8 data=d8cf0400409c0000
2026-07-07T15:02:41.768+00:00 CAN id=101 dlc=8 data=d8cf0400409c0000
2026-07-07T15:02:41.774+00:00 VCP run=1 step=0 angle=315791 target=315352 err=-439 steer=0 m1=282/13750 i1=208 t1=28 m2=-283/-13750 i2=-222 t2=27 steerMode=0/-422 iSteer=-6907 driveMode=13750/13115 iDrive=214831 scale=0 wheel=40000
2026-07-07T15:02:41.774+00:00 VCP run=1 step=0 angle=315791 target=315352 err=-439 steer=0 m1=244/13750 i1=167 t1=28 m2=-279/-13750 i2=-248 t2=27 steerMode=0/234 iSteer=-40263 driveMode=13750/13883 iDrive=207477 scale=0 wheel=40000
2026-07-07T15:02:41.788+00:00 CAN id=101 dlc=8 data=d8cf0400409c0000
2026-07-07T15:02:41.808+00:00 CAN id=101 dlc=8 data=d8cf0400409c0000
2026-07-07T15:02:41.828+00:00 CAN id=101 dlc=8 data=d8cf0400409c0000
2026-07-07T15:02:41.848+00:00 CAN id=101 dlc=8 data=d8cf0400409c0000
2026-07-07T15:02:41.868+00:00 CAN id=101 dlc=8 data=d8cf0400409c0000
2026-07-07T15:02:41.878+00:00 VCP run=1 step=0 angle=315879 target=315352 err=-527 steer=-263 m1=240/12301 i1=133 t1=28 m2=-224/-15199 i2=-284 t2=27 steerMode=-1449/-541 iSteer=-75244 driveMode=13750/13749 iDrive=208342 scale=0 wheel=40000
2026-07-07T15:02:41.888+00:00 CAN id=101 dlc=8 data=d8cf0400409c0000
2026-07-07T15:02:41.908+00:00 CAN id=101 dlc=8 data=d8cf0400409c0000
2026-07-07T15:02:41.928+00:00 CAN id=101 dlc=8 data=d8cf0400409c0000
2026-07-07T15:02:41.948+00:00 CAN id=101 dlc=8 data=d8cf0400409c0000
2026-07-07T15:02:41.968+00:00 CAN id=101 dlc=8 data=d8cf0400409c0000
2026-07-07T15:02:41.983+00:00 VCP run=1 step=0 angle=315791 target=315352 err=-439 steer=0 m1=263/13750 i1=187 t1=28 m2=-220/-13750 i2=-224 t2=27 steerMode=0/-231 iSteer=-18307 driveMode=13750/14012 iDrive=205515 scale=0 wheel=40000
2026-07-07T15:02:41.988+00:00 CAN id=101 dlc=8 data=d8cf0400409c0000
2026-07-07T15:02:42.008+00:00 CAN id=101 dlc=8 data=d8cf0400409c0000
2026-07-07T15:02:42.028+00:00 CAN id=101 dlc=8 data=d8cf0400409c0000
2026-07-07T15:02:42.048+00:00 CAN id=101 dlc=8 data=d8cf0400409c0000
2026-07-07T15:02:42.068+00:00 CAN id=101 dlc=8 data=d8cf0400409c0000
2026-07-07T15:02:42.083+00:00 VCP run=1 step=0 angle=315879 target=315352 err=-527 steer=-263 m1=219/12301 i1=165 t1=28 m2=-325/-15199 i2=-240 t2=27 steerMode=-1449/-1353 iSteer=-37318 driveMode=13750/14274 iDrive=202635 scale=0 wheel=40000
2026-07-07T15:02:42.084+00:00 VCP SET_TARGET_RX steer=315352 wheel=40000
2026-07-07T15:02:42.088+00:00 CAN id=101 dlc=8 data=d8cf0400409c0000
2026-07-07T15:02:42.108+00:00 CAN id=101 dlc=8 data=d8cf0400409c0000
2026-07-07T15:02:42.128+00:00 CAN id=101 dlc=8 data=d8cf0400409c0000
2026-07-07T15:02:42.148+00:00 CAN id=101 dlc=8 data=d8cf0400409c0000
2026-07-07T15:02:42.168+00:00 CAN id=101 dlc=8 data=d8cf0400409c0000
2026-07-07T15:02:42.188+00:00 CAN id=101 dlc=8 data=d8cf0400409c0000
2026-07-07T15:02:42.188+00:00 VCP run=1 step=0 angle=315703 target=315352 err=-351 steer=0 m1=309/13750 i1=140 t1=28 m2=-212/-13750 i2=-273 t2=27 steerMode=0/707 iSteer=-66749 driveMode=13750/13876 iDrive=206384 scale=0 wheel=40000
2026-07-07T15:02:42.208+00:00 CAN id=101 dlc=8 data=d8cf0400409c0000
2026-07-07T15:02:42.228+00:00 CAN id=101 dlc=8 data=d8cf0400409c0000
2026-07-07T15:02:42.248+00:00 CAN id=101 dlc=8 data=d8cf0400409c0000
2026-07-07T15:02:42.268+00:00 CAN id=101 dlc=8 data=d8cf0400409c0000
2026-07-07T15:02:42.288+00:00 CAN id=101 dlc=8 data=d8cf0400409c0000
2026-07-07T15:02:42.308+00:00 CAN id=101 dlc=8 data=d8cf0400409c0000
2026-07-07T15:02:42.328+00:00 CAN id=101 dlc=8 data=d8cf0400409c0000
2026-07-07T15:02:42.348+00:00 CAN id=101 dlc=8 data=d8cf0400409c0000
2026-07-07T15:02:42.368+00:00 CAN id=101 dlc=8 data=d8cf0400409c0000
2026-07-07T15:02:42.376+00:00 VCP run=1 step=0 angle=315703 target=315352 err=-351 steer=0 m1=240/13750 i1=197 t1=28 m2=-340/-13750 i2=-206 t2=27 steerMode=0/-556 iSteer=-4626 driveMode=13750/14331 iDrive=201508 scale=0 wheel=40000
2026-07-07T15:02:42.376+00:00 VCP run=1 step=0 angle=315703 target=315352 err=-351 steer=0 m1=292/13750 i1=142 t1=28 m2=-327/-13750 i2=-241 t2=27 steerMode=0/359 iSteer=-49767 driveMode=13750/15110 iDrive=191570 scale=0 wheel=40000
2026-07-07T15:02:42.388+00:00 CAN id=101 dlc=8 data=d8cf0400409c0000
2026-07-07T15:02:42.408+00:00 CAN id=101 dlc=8 data=d8cf0400409c0000
2026-07-07T15:02:42.428+00:00 CAN id=101 dlc=8 data=d8cf0400409c0000
2026-07-07T15:02:42.448+00:00 CAN id=101 dlc=8 data=d8cf0400409c0000
2026-07-07T15:02:42.468+00:00 CAN id=101 dlc=8 data=d8cf0400409c0000
2026-07-07T15:02:42.481+00:00 VCP run=1 step=0 angle=315703 target=315352 err=-351 steer=0 m1=318/13750 i1=157 t1=28 m2=-247/-13750 i2=-220 t2=27 steerMode=0/-6 iSteer=-31661 driveMode=13750/15160 iDrive=188514 scale=0 wheel=40000
2026-07-07T15:02:42.488+00:00 CAN id=101 dlc=8 data=d8cf0400409c0000
2026-07-07T15:02:42.508+00:00 CAN id=101 dlc=8 data=d8cf0400409c0000
2026-07-07T15:02:42.528+00:00 CAN id=101 dlc=8 data=d8cf0400409c0000
2026-07-07T15:02:42.548+00:00 CAN id=101 dlc=8 data=d8cf0400409c0000
2026-07-07T15:02:42.568+00:00 CAN id=101 dlc=8 data=d8cf0400409c0000
2026-07-07T15:02:42.583+00:00 VCP run=1 step=0 angle=315703 target=315352 err=-351 steer=0 m1=292/13750 i1=171 t1=28 m2=-321/-13750 i2=-200 t2=27 steerMode=0/-356 iSteer=-14107 driveMode=13750/15217 iDrive=185598 scale=0 wheel=40000
2026-07-07T15:02:42.583+00:00 VCP SET_TARGET_RX steer=315352 wheel=40000
2026-07-07T15:02:42.588+00:00 CAN id=101 dlc=8 data=d8cf0400409c0000
2026-07-07T15:02:42.608+00:00 CAN id=101 dlc=8 data=d8cf0400409c0000
2026-07-07T15:02:42.628+00:00 CAN id=101 dlc=8 data=d8cf0400409c0000
2026-07-07T15:02:42.648+00:00 CAN id=101 dlc=8 data=d8cf0400409c0000
2026-07-07T15:02:42.668+00:00 CAN id=101 dlc=8 data=d8cf0400409c0000
2026-07-07T15:02:42.687+00:00 VCP run=1 step=0 angle=315703 target=315352 err=-351 steer=0 m1=263/13750 i1=151 t1=28 m2=-245/-13750 i2=-233 t2=27 steerMode=0/175 iSteer=-40893 driveMode=13750/14521 iDrive=192291 scale=0 wheel=40000
2026-07-07T15:02:42.688+00:00 CAN id=101 dlc=8 data=d8cf0400409c0000
2026-07-07T15:02:42.708+00:00 CAN id=101 dlc=8 data=d8cf0400409c0000
2026-07-07T15:02:42.728+00:00 CAN id=101 dlc=8 data=d8cf0400409c0000
2026-07-07T15:02:42.748+00:00 CAN id=101 dlc=8 data=d8cf0400409c0000
2026-07-07T15:02:42.768+00:00 CAN id=101 dlc=8 data=d8cf0400409c0000
2026-07-07T15:02:42.789+00:00 CAN id=101 dlc=8 data=d8cf0400409c0000
2026-07-07T15:02:42.808+00:00 CAN id=101 dlc=8 data=d8cf0400409c0000
2026-07-07T15:02:42.828+00:00 CAN id=101 dlc=8 data=d8cf0400409c0000
2026-07-07T15:02:42.848+00:00 CAN id=101 dlc=8 data=d8cf0400409c0000
2026-07-07T15:02:42.868+00:00 CAN id=101 dlc=8 data=d8cf0400409c0000
2026-07-07T15:02:42.875+00:00 VCP run=1 step=0 angle=315791 target=315352 err=-439 steer=0 m1=263/13750 i1=166 t1=28 m2=-268/-13750 i2=-234 t2=27 steerMode=0/36 iSteer=-34122 driveMode=13750/13768 iDrive=199824 scale=0 wheel=40000
2026-07-07T15:02:42.875+00:00 VCP run=1 step=0 angle=315791 target=315352 err=-439 steer=0 m1=217/13750 i1=208 t1=28 m2=-293/-13750 i2=-209 t2=27 steerMode=0/-676 iSteer=-724 driveMode=13750/12941 iDrive=208580 scale=0 wheel=40000
2026-07-07T15:02:42.888+00:00 CAN id=101 dlc=8 data=d8cf0400409c0000
2026-07-07T15:02:42.908+00:00 CAN id=101 dlc=8 data=d8cf0400409c0000
2026-07-07T15:02:42.928+00:00 CAN id=101 dlc=8 data=d8cf0400409c0000
2026-07-07T15:02:42.948+00:00 CAN id=101 dlc=8 data=d8cf0400409c0000
2026-07-07T15:02:42.968+00:00 CAN id=101 dlc=8 data=d8cf0400409c0000
2026-07-07T15:02:42.979+00:00 VCP run=1 step=0 angle=315879 target=315352 err=-527 steer=-263 m1=219/12301 i1=114 t1=28 m2=-245/-15199 i2=-323 t2=27 steerMode=-1449/-86 iSteer=-104490 driveMode=13750/12194 iDrive=218262 scale=0 wheel=40000
2026-07-07T15:02:42.988+00:00 CAN id=101 dlc=8 data=d8cf0400409c0000
2026-07-07T15:02:43.008+00:00 CAN id=101 dlc=8 data=d8cf0400409c0000
2026-07-07T15:02:43.028+00:00 CAN id=101 dlc=8 data=d8cf0400409c0000
2026-07-07T15:02:43.048+00:00 CAN id=101 dlc=8 data=d8cf0400409c0000
2026-07-07T15:02:43.068+00:00 CAN id=101 dlc=8 data=d8cf0400409c0000
2026-07-07T15:02:43.081+00:00 VCP run=1 step=0 angle=315703 target=315352 err=-351 steer=0 m1=215/13750 i1=179 t1=28 m2=-264/-13750 i2=-265 t2=27 steerMode=0/130 iSteer=-42775 driveMode=13750/12153 iDrive=222004 scale=0 wheel=40000
2026-07-07T15:02:43.081+00:00 VCP SET_TARGET_RX steer=315352 wheel=40000
2026-07-07T15:02:43.088+00:00 CAN id=101 dlc=8 data=d8cf0400409c0000
2026-07-07T15:02:43.108+00:00 CAN id=101 dlc=8 data=d8cf0400409c0000
2026-07-07T15:02:43.128+00:00 CAN id=101 dlc=8 data=d8cf0400409c0000
2026-07-07T15:02:43.148+00:00 CAN id=101 dlc=8 data=d8cf0400409c0000
2026-07-07T15:02:43.168+00:00 CAN id=101 dlc=8 data=d8cf0400409c0000
2026-07-07T15:02:43.186+00:00 VCP run=1 step=0 angle=315791 target=315352 err=-439 steer=0 m1=259/13750 i1=215 t1=28 m2=-254/-13750 i2=-212 t2=27 steerMode=0/-788 iSteer=1674 driveMode=13750/13130 iDrive=213723 scale=0 wheel=40000
2026-07-07T15:02:43.188+00:00 CAN id=101 dlc=8 data=d8cf0400409c0000
2026-07-07T15:02:43.208+00:00 CAN id=101 dlc=8 data=d8cf0400409c0000
2026-07-07T15:02:43.228+00:00 CAN id=101 dlc=8 data=d8cf0400409c0000
2026-07-07T15:02:43.248+00:00 CAN id=101 dlc=8 data=d8cf0400409c0000
2026-07-07T15:02:43.268+00:00 CAN id=101 dlc=8 data=d8cf0400409c0000
2026-07-07T15:02:43.288+00:00 CAN id=101 dlc=8 data=d8cf0400409c0000
2026-07-07T15:02:43.308+00:00 CAN id=101 dlc=8 data=d8cf0400409c0000
2026-07-07T15:02:43.328+00:00 CAN id=101 dlc=8 data=d8cf0400409c0000
2026-07-07T15:02:43.348+00:00 CAN id=101 dlc=8 data=d8cf0400409c0000
2026-07-07T15:02:43.368+00:00 CAN id=101 dlc=8 data=d8cf0400409c0000
2026-07-07T15:02:43.373+00:00 VCP run=1 step=0 angle=315879 target=315352 err=-527 steer=-263 m1=226/12301 i1=82 t1=28 m2=-279/-15199 i2=-342 t2=27 steerMode=-1449/383 iSteer=-129989 driveMode=13750/13347 iDrive=212193 scale=0 wheel=40000
2026-07-07T15:02:43.373+00:00 VCP run=1 step=0 angle=315703 target=315352 err=-351 steer=0 m1=301/13750 i1=192 t1=28 m2=-325/-13750 i2=-215 t2=27 steerMode=0/-532 iSteer=-11453 driveMode=13750/14294 iDrive=203487 scale=0 wheel=40000
2026-07-07T15:02:43.388+00:00 CAN id=101 dlc=8 data=d8cf0400409c0000
2026-07-07T15:02:43.408+00:00 CAN id=101 dlc=8 data=d8cf0400409c0000
2026-07-07T15:02:43.428+00:00 CAN id=101 dlc=8 data=d8cf0400409c0000
2026-07-07T15:02:43.448+00:00 CAN id=101 dlc=8 data=d8cf0400409c0000
2026-07-07T15:02:43.468+00:00 CAN id=101 dlc=8 data=d8cf0400409c0000
2026-07-07T15:02:43.477+00:00 VCP run=1 step=0 angle=315879 target=315352 err=-527 steer=-263 m1=269/12301 i1=88 t1=28 m2=-270/-15199 i2=-310 t2=27 steerMode=-1449/-12 iSteer=-110883 driveMode=13750/14565 iDrive=199337 scale=0 wheel=40000
2026-07-07T15:02:43.488+00:00 CAN id=101 dlc=8 data=d8cf0400409c0000
2026-07-07T15:02:43.508+00:00 CAN id=101 dlc=8 data=d8cf0400409c0000
2026-07-07T15:02:43.528+00:00 CAN id=101 dlc=8 data=d8cf0400409c0000
2026-07-07T15:02:43.548+00:00 CAN id=101 dlc=8 data=d8cf0400409c0000
2026-07-07T15:02:43.568+00:00 CAN id=101 dlc=8 data=d8cf0400409c0000
2026-07-07T15:02:43.579+00:00 VCP run=1 step=0 angle=315703 target=315352 err=-351 steer=0 m1=288/13750 i1=161 t1=28 m2=-323/-13750 i2=-213 t2=27 steerMode=0/-213 iSteer=-26077 driveMode=13750/15566 iDrive=186628 scale=0 wheel=40000
2026-07-07T15:02:43.579+00:00 VCP SET_TARGET_RX steer=315352 wheel=40000
2026-07-07T15:02:43.588+00:00 CAN id=101 dlc=8 data=d8cf0400409c0000
2026-07-07T15:02:43.608+00:00 CAN id=101 dlc=8 data=d8cf0400409c0000
2026-07-07T15:02:43.628+00:00 CAN id=101 dlc=8 data=d8cf0400409c0000
2026-07-07T15:02:43.648+00:00 CAN id=101 dlc=8 data=d8cf0400409c0000
2026-07-07T15:02:43.668+00:00 CAN id=101 dlc=8 data=d8cf0400409c0000
2026-07-07T15:02:43.684+00:00 VCP run=1 step=0 angle=315439 target=315352 err=-87 steer=0 m1=292/13750 i1=172 t1=28 m2=-367/-13750 i2=-170 t2=27 steerMode=0/-737 iSteer=1173 driveMode=13750/16720 iDrive=170896 scale=0 wheel=40000
2026-07-07T15:02:43.688+00:00 CAN id=101 dlc=8 data=d8cf0400409c0000
2026-07-07T15:02:43.708+00:00 CAN id=101 dlc=8 data=d8cf0400409c0000
2026-07-07T15:02:43.728+00:00 CAN id=101 dlc=8 data=d8cf0400409c0000
2026-07-07T15:02:43.749+00:00 CAN id=101 dlc=8 data=d8cf0400409c0000
2026-07-07T15:02:43.768+00:00 CAN id=101 dlc=8 data=d8cf0400409c0000
2026-07-07T15:02:43.788+00:00 CAN id=101 dlc=8 data=d8cf0400409c0000
2026-07-07T15:02:43.789+00:00 VCP run=1 step=0 angle=315176 target=315352 err=176 steer=0 m1=324/13750 i1=138 t1=28 m2=-316/-13750 i2=-199 t2=27 steerMode=0/-87 iSteer=-30489 driveMode=13750/16917 iDrive=168325 scale=0 wheel=40000
2026-07-07T15:02:43.808+00:00 CAN id=101 dlc=8 data=d8cf0400409c0000
2026-07-07T15:02:43.828+00:00 CAN id=101 dlc=8 data=d8cf0400409c0000
2026-07-07T15:02:43.848+00:00 CAN id=101 dlc=8 data=d8cf0400409c0000
2026-07-07T15:02:43.868+00:00 CAN id=101 dlc=8 data=d8cf0400409c0000
2026-07-07T15:02:43.888+00:00 CAN id=101 dlc=8 data=d8cf0400409c0000
2026-07-07T15:02:43.908+00:00 CAN id=101 dlc=8 data=d8cf0400409c0000
2026-07-07T15:02:43.928+00:00 CAN id=101 dlc=8 data=d8cf0400409c0000
2026-07-07T15:02:43.948+00:00 CAN id=101 dlc=8 data=d8cf0400409c0000
2026-07-07T15:02:43.968+00:00 CAN id=101 dlc=8 data=d8cf0400409c0000
2026-07-07T15:02:43.976+00:00 VCP run=1 step=0 angle=315088 target=315352 err=264 steer=0 m1=328/13750 i1=144 t1=28 m2=-304/-13750 i2=-189 t2=27 steerMode=0/-232 iSteer=-22311 driveMode=13750/17106 iDrive=166445 scale=0 wheel=40000
2026-07-07T15:02:43.976+00:00 VCP run=1 step=0 angle=314912 target=315352 err=440 steer=0 m1=364/13750 i1=139 t1=28 m2=-344/-13750 i2=-194 t2=27 steerMode=0/-122 iSteer=-27350 driveMode=13750/17102 iDrive=166480 scale=0 wheel=40000
2026-07-07T15:02:43.988+00:00 CAN id=101 dlc=8 data=d8cf0400409c0000
2026-07-07T15:02:44.008+00:00 CAN id=101 dlc=8 data=d8cf0400409c0000
2026-07-07T15:02:44.028+00:00 CAN id=101 dlc=8 data=d8cf0400409c0000
2026-07-07T15:02:44.048+00:00 CAN id=101 dlc=8 data=d8cf0400409c0000
2026-07-07T15:02:44.068+00:00 CAN id=101 dlc=8 data=d8cf0400409c0000
2026-07-07T15:02:44.078+00:00 VCP run=1 step=0 angle=314824 target=315352 err=528 steer=264 m1=357/15201 i1=174 t1=28 m2=-279/-12299 i2=-170 t2=27 steerMode=1451/776 iSteer=2224 driveMode=13750/16542 iDrive=172080 scale=0 wheel=40000
2026-07-07T15:02:44.078+00:00 VCP SET_TARGET_RX steer=315352 wheel=40000
2026-07-07T15:02:44.088+00:00 CAN id=101 dlc=8 data=d8cf0400409c0000
2026-07-07T15:02:44.108+00:00 CAN id=101 dlc=8 data=d8cf0400409c0000
2026-07-07T15:02:44.128+00:00 CAN id=101 dlc=8 data=d8cf0400409c0000
2026-07-07T15:02:44.148+00:00 CAN id=101 dlc=8 data=d8cf0400409c0000
2026-07-07T15:02:44.168+00:00 CAN id=101 dlc=8 data=d8cf0400409c0000
2026-07-07T15:02:44.183+00:00 VCP run=1 step=0 angle=315000 target=315352 err=352 steer=0 m1=280/13750 i1=167 t1=28 m2=-373/-13750 i2=-171 t2=27 steerMode=0/-618 iSteer=-1955 driveMode=13750/16880 iDrive=168703 scale=0 wheel=40000
2026-07-07T15:02:44.188+00:00 CAN id=101 dlc=8 data=d8cf0400409c0000
2026-07-07T15:02:44.208+00:00 CAN id=101 dlc=8 data=d8cf0400409c0000
2026-07-07T15:02:44.228+00:00 CAN id=101 dlc=8 data=d8cf0400409c0000
2026-07-07T15:02:44.248+00:00 CAN id=101 dlc=8 data=d8cf0400409c0000
2026-07-07T15:02:44.268+00:00 CAN id=101 dlc=8 data=d8cf0400409c0000
2026-07-07T15:02:44.287+00:00 VCP run=1 step=0 angle=315000 target=315352 err=352 steer=0 m1=315/13750 i1=146 t1=28 m2=-281/-13750 i2=-196 t2=27 steerMode=0/-133 iSteer=-25283 driveMode=13750/16631 iDrive=171191 scale=0 wheel=40000
2026-07-07T15:02:44.288+00:00 CAN id=101 dlc=8 data=d8cf0400409c0000
2026-07-07T15:02:44.309+00:00 CAN id=101 dlc=8 data=d8cf0400409c0000
2026-07-07T15:02:44.329+00:00 CAN id=101 dlc=8 data=d8cf0400409c0000
2026-07-07T15:02:44.348+00:00 CAN id=101 dlc=8 data=d8cf0400409c0000
2026-07-07T15:02:44.368+00:00 CAN id=101 dlc=8 data=d8cf0400409c0000
2026-07-07T15:02:44.388+00:00 CAN id=101 dlc=8 data=d8cf0400409c0000
2026-07-07T15:02:44.408+00:00 CAN id=101 dlc=8 data=d8cf0400409c0000
2026-07-07T15:02:44.428+00:00 CAN id=101 dlc=8 data=d8cf0400409c0000
2026-07-07T15:02:44.448+00:00 CAN id=101 dlc=8 data=d8cf0400409c0000
2026-07-07T15:02:44.468+00:00 CAN id=101 dlc=8 data=d8cf0400409c0000
2026-07-07T15:02:44.475+00:00 VCP run=1 step=0 angle=315088 target=315352 err=264 steer=0 m1=307/13750 i1=106 t1=28 m2=-354/-13750 i2=-239 t2=27 steerMode=0/732 iSteer=-66788 driveMode=13750/16518 iDrive=172320 scale=0 wheel=40000
2026-07-07T15:02:44.475+00:00 VCP run=1 step=0 angle=315088 target=315352 err=264 steer=0 m1=311/13750 i1=170 t1=28 m2=-342/-13750 i2=-172 t2=27 steerMode=0/-576 iSteer=-974 driveMode=13750/16627 iDrive=171228 scale=0 wheel=40000
2026-07-07T15:02:44.488+00:00 CAN id=101 dlc=8 data=d8cf0400409c0000
2026-07-07T15:02:44.508+00:00 CAN id=101 dlc=8 data=d8cf0400409c0000
2026-07-07T15:02:44.528+00:00 CAN id=101 dlc=8 data=d8cf0400409c0000
2026-07-07T15:02:44.548+00:00 CAN id=101 dlc=8 data=d8cf0400409c0000
2026-07-07T15:02:44.568+00:00 CAN id=101 dlc=8 data=d8cf0400409c0000
2026-07-07T15:02:44.577+00:00 VCP run=1 step=0 angle=315000 target=315352 err=352 steer=0 m1=339/13750 i1=143 t1=28 m2=-363/-13750 i2=-200 t2=27 steerMode=0/-9 iSteer=-28750 driveMode=13750/16577 iDrive=171735 scale=0 wheel=40000
2026-07-07T15:02:44.577+00:00 VCP SET_TARGET_RX steer=315352 wheel=40000
2026-07-07T15:02:44.588+00:00 CAN id=101 dlc=8 data=d8cf0400409c0000
2026-07-07T15:02:44.608+00:00 CAN id=101 dlc=8 data=d8cf0400409c0000
2026-07-07T15:02:44.628+00:00 CAN id=101 dlc=8 data=d8cf0400409c0000
2026-07-07T15:02:44.648+00:00 CAN id=101 dlc=8 data=d8cf0400409c0000
2026-07-07T15:02:44.668+00:00 CAN id=101 dlc=8 data=d8cf0400409c0000
2026-07-07T15:02:44.682+00:00 VCP run=1 step=0 angle=315088 target=315352 err=264 steer=0 m1=255/13750 i1=155 t1=28 m2=-291/-13750 i2=-208 t2=27 steerMode=0/-51 iSteer=-26745 driveMode=13750/15588 iDrive=181617 scale=0 wheel=40000
2026-07-07T15:02:44.688+00:00 CAN id=101 dlc=8 data=d8cf0400409c0000
2026-07-07T15:02:44.708+00:00 CAN id=101 dlc=8 data=d8cf0400409c0000
2026-07-07T15:02:44.728+00:00 CAN id=101 dlc=8 data=d8cf0400409c0000
2026-07-07T15:02:44.748+00:00 CAN id=101 dlc=8 data=d8cf0400409c0000
2026-07-07T15:02:44.768+00:00 CAN id=101 dlc=8 data=d8cf0400409c0000
2026-07-07T15:02:44.787+00:00 VCP run=1 step=0 angle=315176 target=315352 err=176 steer=0 m1=295/13750 i1=151 t1=28 m2=-289/-13750 i2=-206 t2=27 steerMode=0/-29 iSteer=-27437 driveMode=13750/15873 iDrive=178769 scale=0 wheel=40000
2026-07-07T15:02:44.788+00:00 CAN id=101 dlc=8 data=d8cf0400409c0000
2026-07-07T15:02:44.808+00:00 CAN id=101 dlc=8 data=d8cf0400409c0000
2026-07-07T15:02:44.828+00:00 CAN id=101 dlc=8 data=d8cf0400409c0000
2026-07-07T15:02:44.848+00:00 CAN id=101 dlc=8 data=d8cf0400409c0000
2026-07-07T15:02:44.868+00:00 CAN id=101 dlc=8 data=d8cf0400409c0000
2026-07-07T15:02:44.888+00:00 CAN id=101 dlc=8 data=d8cf0400409c0000
2026-07-07T15:02:44.908+00:00 CAN id=101 dlc=8 data=d8cf0400409c0000
2026-07-07T15:02:44.928+00:00 CAN id=101 dlc=8 data=d8cf0400409c0000
2026-07-07T15:02:44.948+00:00 CAN id=101 dlc=8 data=d8cf0400409c0000
2026-07-07T15:02:44.968+00:00 CAN id=101 dlc=8 data=d8cf0400409c0000
2026-07-07T15:02:44.975+00:00 VCP run=1 step=0 angle=315264 target=315352 err=88 steer=0 m1=282/13750 i1=146 t1=28 m2=-260/-13750 i2=-213 t2=27 steerMode=0/95 iSteer=-33750 driveMode=13750/15824 iDrive=179260 scale=0 wheel=40000
2026-07-07T15:02:44.975+00:00 VCP run=1 step=0 angle=315352 target=315352 err=0 steer=0 m1=263/13750 i1=144 t1=28 m2=-239/-13750 i2=-242 t2=27 steerMode=0/376 iSteer=-49023 driveMode=13750/14485 iDrive=192648 scale=0 wheel=40000
2026-07-07T15:02:44.988+00:00 CAN id=101 dlc=8 data=d8cf0400409c0000
2026-07-07T15:02:45.008+00:00 CAN id=101 dlc=8 data=d8cf0400409c0000
2026-07-07T15:02:45.028+00:00 CAN id=101 dlc=8 data=d8cf0400409c0000
2026-07-07T15:02:45.048+00:00 CAN id=101 dlc=8 data=d8cf0400409c0000
2026-07-07T15:02:45.068+00:00 CAN id=101 dlc=8 data=d8cf0400409c0000
2026-07-07T15:02:45.077+00:00 VCP run=1 step=0 angle=315439 target=315352 err=-87 steer=0 m1=288/13750 i1=137 t1=28 m2=-321/-13750 i2=-263 t2=27 steerMode=0/637 iSteer=-62973 driveMode=13750/13788 iDrive=199637 scale=0 wheel=40000
2026-07-07T15:02:45.077+00:00 VCP SET_TARGET_RX steer=315352 wheel=40000
2026-07-07T15:02:45.088+00:00 CAN id=101 dlc=8 data=d8cf0400409c0000
2026-07-07T15:02:45.108+00:00 CAN id=101 dlc=8 data=d8cf0400409c0000
2026-07-07T15:02:45.128+00:00 CAN id=101 dlc=8 data=d8cf0400409c0000
2026-07-07T15:02:45.148+00:00 CAN id=101 dlc=8 data=d8cf0400409c0000
2026-07-07T15:02:45.168+00:00 CAN id=101 dlc=8 data=d8cf0400409c0000
2026-07-07T15:02:45.182+00:00 VCP run=1 step=0 angle=315791 target=315352 err=-439 steer=0 m1=228/13750 i1=145 t1=28 m2=-189/-13750 i2=-297 t2=27 steerMode=0/855 iSteer=-76316 driveMode=13750/11795 iDrive=221134 scale=0 wheel=40000
2026-07-07T15:02:45.188+00:00 CAN id=101 dlc=8 data=d8cf0400409c0000
2026-07-07T15:02:45.208+00:00 CAN id=101 dlc=8 data=d8cf0400409c0000
2026-07-07T15:02:45.228+00:00 CAN id=101 dlc=8 data=d8cf0400409c0000
2026-07-07T15:02:45.248+00:00 CAN id=101 dlc=8 data=d8cf0400409c0000
2026-07-07T15:02:45.268+00:00 CAN id=101 dlc=8 data=d8cf0400409c0000
2026-07-07T15:02:45.287+00:00 VCP run=1 step=0 angle=315791 target=315352 err=-439 steer=0 m1=213/13750 i1=238 t1=28 m2=-262/-13750 i2=-219 t2=27 steerMode=0/-926 iSteer=9313 driveMode=13750/11492 iDrive=228722 scale=0 wheel=40000
2026-07-07T15:02:45.288+00:00 CAN id=101 dlc=8 data=d8cf0400409c0000
2026-07-07T15:02:45.308+00:00 CAN id=101 dlc=8 data=d8cf0400409c0000
2026-07-07T15:02:45.328+00:00 CAN id=101 dlc=8 data=d8cf0400409c0000
2026-07-07T15:02:45.348+00:00 CAN id=101 dlc=8 data=d8cf0400409c0000
2026-07-07T15:02:45.368+00:00 CAN id=101 dlc=8 data=d8cf0400409c0000
2026-07-07T15:02:45.388+00:00 CAN id=101 dlc=8 data=d8cf0400409c0000
2026-07-07T15:02:45.408+00:00 CAN id=101 dlc=8 data=d8cf0400409c0000
2026-07-07T15:02:45.428+00:00 CAN id=101 dlc=8 data=d8cf0400409c0000
2026-07-07T15:02:45.448+00:00 CAN id=101 dlc=8 data=d8cf0400409c0000
2026-07-07T15:02:45.468+00:00 BENCH disable sent
2026-07-07T15:02:45.468+00:00 CAN id=121 dlc=2 data=0100
2026-07-07T15:02:45.468+00:00 CAN id=121 dlc=2 data=0100
2026-07-07T15:02:45.469+00:00 VCP run=1 step=0 angle=315879 target=315352 err=-527 steer=-263 m1=188/12301 i1=101 t1=28 m2=-289/-15199 i2=-362 t2=27 steerMode=-1449/375 iSteer=-130468 driveMode=13750/11598 iDrive=231813 scale=0 wheel=40000
2026-07-07T15:02:45.469+00:00 VCP run=1 step=0 angle=315791 target=315352 err=-439 steer=0 m1=249/13750 i1=180 t1=28 m2=-183/-13750 i2=-279 t2=27 steerMode=0/214 iSteer=-49704 driveMode=13750/12138 iDrive=229491 scale=0 wheel=40000
2026-07-07T15:02:45.670+00:00 VCP UNIT_CTRL enable=0
2026-07-07T15:02:45.670+00:00 VCP UNIT_CTRL enable=0
2026-07-07T15:02:45.670+00:00 VCP STOP: disabled
2026-07-07T15:02:45.871+00:00 BENCH log closed
