2026-07-07T15:02:58.416+00:00 BENCH log opened: firmware/logs/baked-clamp250-rpm40.log
2026-07-07T15:02:58.417+00:00 BENCH run: steer=315.352deg (315352mdeg) wheel=40.0rpm (40000milli-rpm) rate=50.0Hz duration=10.0s
2026-07-07T15:02:58.417+00:00 BENCH enable sent
2026-07-07T15:02:58.417+00:00 CAN id=121 dlc=2 data=0101
2026-07-07T15:02:58.417+00:00 CAN id=101 dlc=8 data=d8cf0400409c0000
2026-07-07T15:02:58.436+00:00 VCP NIT_CTRL enable=0
2026-07-07T15:02:58.436+00:00 VCP UNIT_CTRL enable=0
2026-07-07T15:02:58.436+00:00 VCP UNIT_CTRL enable=1
2026-07-07T15:02:58.436+00:00 VCP SET_TARGET_RX steer=315352 wheel=40000
2026-07-07T15:02:58.436+00:00 VCP START_CAN: angle=315615 target=315352 wheelTarget=40000
2026-07-07T15:02:58.437+00:00 CAN id=101 dlc=8 data=d8cf0400409c0000
2026-07-07T15:02:58.457+00:00 CAN id=101 dlc=8 data=d8cf0400409c0000
2026-07-07T15:02:58.477+00:00 CAN id=101 dlc=8 data=d8cf0400409c0000
2026-07-07T15:02:58.497+00:00 CAN id=101 dlc=8 data=d8cf0400409c0000
2026-07-07T15:02:58.517+00:00 CAN id=101 dlc=8 data=d8cf0400409c0000
2026-07-07T15:02:58.537+00:00 CAN id=101 dlc=8 data=d8cf0400409c0000
2026-07-07T15:02:58.557+00:00 CAN id=101 dlc=8 data=d8cf0400409c0000
2026-07-07T15:02:58.577+00:00 CAN id=101 dlc=8 data=d8cf0400409c0000
2026-07-07T15:02:58.597+00:00 CAN id=101 dlc=8 data=d8cf0400409c0000
2026-07-07T15:02:58.617+00:00 CAN id=101 dlc=8 data=d8cf0400409c0000
2026-07-07T15:02:58.622+00:00 VCP run=1 step=0 angle=315615 target=315352 err=-263 steer=0 m1=0/344 i1=3 t1=28 m2=0/-344 i2=-3 t2=27 steerMode=0/0 iSteer=0 driveMode=344/0 iDrive=3472 scale=0 wheel=1000
2026-07-07T15:02:58.622+00:00 VCP run=1 step=0 angle=315615 target=315352 err=-263 steer=0 m1=0/6531 i1=73 t1=28 m2=0/-6531 i2=-70 t2=27 steerMode=0/-33 iSteer=1701 driveMode=6531/33 iDrive=71297 scale=0 wheel=19000
2026-07-07T15:02:58.637+00:00 CAN id=101 dlc=8 data=d8cf0400409c0000
2026-07-07T15:02:58.657+00:00 CAN id=101 dlc=8 data=d8cf0400409c0000
2026-07-07T15:02:58.677+00:00 CAN id=101 dlc=8 data=d8cf0400409c0000
2026-07-07T15:02:58.697+00:00 CAN id=101 dlc=8 data=d8cf0400409c0000
2026-07-07T15:02:58.717+00:00 CAN id=101 dlc=8 data=d8cf0400409c0000
2026-07-07T15:02:58.728+00:00 VCP run=1 step=0 angle=315615 target=315352 err=-263 steer=0 m1=0/13063 i1=157 t1=28 m2=0/-13063 i2=-154 t2=27 steerMode=0/-22 iSteer=1246 driveMode=13063/29 iDrive=155303 scale=0 wheel=38000
2026-07-07T15:02:58.737+00:00 CAN id=101 dlc=8 data=d8cf0400409c0000
2026-07-07T15:02:58.757+00:00 CAN id=101 dlc=8 data=d8cf0400409c0000
2026-07-07T15:02:58.777+00:00 CAN id=101 dlc=8 data=d8cf0400409c0000
2026-07-07T15:02:58.797+00:00 CAN id=101 dlc=8 data=d8cf0400409c0000
2026-07-07T15:02:58.817+00:00 CAN id=101 dlc=8 data=d8cf0400409c0000
2026-07-07T15:02:58.834+00:00 VCP run=1 step=0 angle=315615 target=315352 err=-263 steer=0 m1=0/13750 i1=189 t1=28 m2=0/-13750 i2=-187 t2=27 steerMode=0/-9 iSteer=637 driveMode=13750/15 iDrive=188131 scale=0 wheel=40000
2026-07-07T15:02:58.837+00:00 CAN id=101 dlc=8 data=d8cf0400409c0000
2026-07-07T15:02:58.857+00:00 CAN id=101 dlc=8 data=d8cf0400409c0000
2026-07-07T15:02:58.877+00:00 CAN id=101 dlc=8 data=d8cf0400409c0000
2026-07-07T15:02:58.897+00:00 CAN id=101 dlc=8 data=d8cf0400409c0000
2026-07-07T15:02:58.917+00:00 CAN id=101 dlc=8 data=d8cf0400409c0000
2026-07-07T15:02:58.936+00:00 VCP run=1 step=0 angle=315615 target=315352 err=-263 steer=0 m1=2/13750 i1=213 t1=28 m2=0/-13750 i2=-214 t2=27 steerMode=0/14 iSteer=-690 driveMode=13750/56 iDrive=213411 scale=0 wheel=40000
2026-07-07T15:02:58.936+00:00 VCP SET_TARGET_RX steer=315352 wheel=40000
2026-07-07T15:02:58.937+00:00 CAN id=101 dlc=8 data=d8cf0400409c0000
2026-07-07T15:02:58.957+00:00 CAN id=101 dlc=8 data=d8cf0400409c0000
2026-07-07T15:02:58.977+00:00 CAN id=101 dlc=8 data=d8cf0400409c0000
2026-07-07T15:02:58.997+00:00 CAN id=101 dlc=8 data=d8cf0400409c0000
2026-07-07T15:02:59.017+00:00 CAN id=101 dlc=8 data=d8cf0400409c0000
2026-07-07T15:02:59.037+00:00 CAN id=101 dlc=8 data=d8cf0400409c0000
2026-07-07T15:02:59.057+00:00 CAN id=101 dlc=8 data=d8cf0400409c0000
2026-07-07T15:02:59.077+00:00 CAN id=101 dlc=8 data=d8cf0400409c0000
2026-07-07T15:02:59.097+00:00 CAN id=101 dlc=8 data=d8cf0400409c0000
2026-07-07T15:02:59.117+00:00 CAN id=101 dlc=8 data=d8cf0400409c0000
2026-07-07T15:02:59.126+00:00 VCP run=1 step=0 angle=315615 target=315352 err=-263 steer=0 m1=0/13750 i1=240 t1=28 m2=0/-13750 i2=-240 t2=27 steerMode=0/1 iSteer=-53 driveMode=13750/1 iDrive=239771 scale=0 wheel=40000
2026-07-07T15:02:59.126+00:00 VCP run=1 step=0 angle=315615 target=315352 err=-263 steer=0 m1=0/13750 i1=266 t1=28 m2=0/-13750 i2=-265 t2=27 steerMode=0/-8 iSteer=400 driveMode=13750/8 iDrive=265536 scale=0 wheel=40000
2026-07-07T15:02:59.137+00:00 CAN id=101 dlc=8 data=d8cf0400409c0000
2026-07-07T15:02:59.157+00:00 CAN id=101 dlc=8 data=d8cf0400409c0000
2026-07-07T15:02:59.177+00:00 CAN id=101 dlc=8 data=d8cf0400409c0000
2026-07-07T15:02:59.197+00:00 CAN id=101 dlc=8 data=d8cf0400409c0000
2026-07-07T15:02:59.217+00:00 CAN id=101 dlc=8 data=d8cf0400409c0000
2026-07-07T15:02:59.233+00:00 VCP run=1 step=0 angle=315615 target=315352 err=-263 steer=0 m1=0/13750 i1=291 t1=28 m2=0/-13750 i2=-291 t2=27 steerMode=0/0 iSteer=9 driveMode=13750/0 iDrive=291462 scale=0 wheel=40000
2026-07-07T15:02:59.237+00:00 CAN id=101 dlc=8 data=d8cf0400409c0000
2026-07-07T15:02:59.257+00:00 CAN id=101 dlc=8 data=d8cf0400409c0000
2026-07-07T15:02:59.277+00:00 CAN id=101 dlc=8 data=d8cf0400409c0000
2026-07-07T15:02:59.297+00:00 CAN id=101 dlc=8 data=d8cf0400409c0000
2026-07-07T15:02:59.317+00:00 CAN id=101 dlc=8 data=d8cf0400409c0000
2026-07-07T15:02:59.337+00:00 CAN id=101 dlc=8 data=d8cf0400409c0000
2026-07-07T15:02:59.357+00:00 CAN id=101 dlc=8 data=d8cf0400409c0000
2026-07-07T15:02:59.377+00:00 CAN id=101 dlc=8 data=d8cf0400409c0000
2026-07-07T15:02:59.397+00:00 CAN id=101 dlc=8 data=d8cf0400409c0000
2026-07-07T15:02:59.417+00:00 CAN id=101 dlc=8 data=d8cf0400409c0000
2026-07-07T15:02:59.418+00:00 VCP run=1 step=0 angle=315615 target=315352 err=-263 steer=0 m1=0/13750 i1=318 t1=28 m2=0/-13750 i2=-317 t2=27 steerMode=0/-5 iSteer=270 driveMode=13750/-2 iDrive=317593 scale=0 wheel=40000
2026-07-07T15:02:59.418+00:00 VCP run=1 step=0 angle=315615 target=315352 err=-263 steer=0 m1=0/13750 i1=344 t1=28 m2=0/-13750 i2=-342 t2=27 steerMode=0/-19 iSteer=1029 driveMode=13750/19 iDrive=343214 scale=0 wheel=40000
2026-07-07T15:02:59.437+00:00 CAN id=101 dlc=8 data=d8cf0400409c0000
2026-07-07T15:02:59.457+00:00 CAN id=101 dlc=8 data=d8cf0400409c0000
2026-07-07T15:02:59.477+00:00 CAN id=101 dlc=8 data=d8cf0400409c0000
2026-07-07T15:02:59.497+00:00 CAN id=101 dlc=8 data=d8cf0400409c0000
2026-07-07T15:02:59.517+00:00 CAN id=101 dlc=8 data=d8cf0400409c0000
2026-07-07T15:02:59.525+00:00 VCP SET_TARGET_RX steer=315352 wheel=40000
2026-07-07T15:02:59.525+00:00 VCP run=1 step=0 angle=315615 target=315352 err=-263 steer=0 m1=0/13750 i1=369 t1=28 m2=0/-13750 i2=-369 t2=27 steerMode=0/2 iSteer=-52 driveMode=13750/3 iDrive=369216 scale=0 wheel=40000
2026-07-07T15:02:59.537+00:00 CAN id=101 dlc=8 data=d8cf0400409c0000
2026-07-07T15:02:59.557+00:00 CAN id=101 dlc=8 data=d8cf0400409c0000
2026-07-07T15:02:59.577+00:00 CAN id=101 dlc=8 data=d8cf0400409c0000
2026-07-07T15:02:59.597+00:00 CAN id=101 dlc=8 data=d8cf0400409c0000
2026-07-07T15:02:59.617+00:00 CAN id=101 dlc=8 data=d8cf0400409c0000
2026-07-07T15:02:59.631+00:00 VCP run=1 step=0 angle=315615 target=315352 err=-263 steer=0 m1=0/13750 i1=395 t1=28 m2=0/-13750 i2=-395 t2=27 steerMode=0/-1 iSteer=151 driveMode=13750/1 iDrive=395061 scale=0 wheel=40000
2026-07-07T15:02:59.637+00:00 CAN id=101 dlc=8 data=d8cf0400409c0000
2026-07-07T15:02:59.657+00:00 CAN id=101 dlc=8 data=d8cf0400409c0000
2026-07-07T15:02:59.677+00:00 CAN id=101 dlc=8 data=d8cf0400409c0000
2026-07-07T15:02:59.697+00:00 CAN id=101 dlc=8 data=d8cf0400409c0000
2026-07-07T15:02:59.717+00:00 CAN id=101 dlc=8 data=d8cf0400409c0000
2026-07-07T15:02:59.737+00:00 CAN id=101 dlc=8 data=d8cf0400409c0000
2026-07-07T15:02:59.737+00:00 VCP run=1 step=0 angle=315615 target=315352 err=-263 steer=0 m1=0/13750 i1=422 t1=28 m2=0/-13750 i2=-420 t2=27 steerMode=0/-16 iSteer=929 driveMode=13750/10 iDrive=420812 scale=0 wheel=40000
2026-07-07T15:02:59.757+00:00 CAN id=101 dlc=8 data=d8cf0400409c0000
2026-07-07T15:02:59.777+00:00 CAN id=101 dlc=8 data=d8cf0400409c0000
2026-07-07T15:02:59.797+00:00 CAN id=101 dlc=8 data=d8cf0400409c0000
2026-07-07T15:02:59.817+00:00 CAN id=101 dlc=8 data=d8cf0400409c0000
2026-07-07T15:02:59.837+00:00 CAN id=101 dlc=8 data=d8cf0400409c0000
2026-07-07T15:02:59.857+00:00 CAN id=101 dlc=8 data=d8cf0400409c0000
2026-07-07T15:02:59.877+00:00 CAN id=101 dlc=8 data=d8cf0400409c0000
2026-07-07T15:02:59.897+00:00 CAN id=101 dlc=8 data=d8cf0400409c0000
2026-07-07T15:02:59.917+00:00 CAN id=101 dlc=8 data=d8cf0400409c0000
2026-07-07T15:02:59.924+00:00 VCP run=1 step=0 angle=315615 target=315352 err=-263 steer=0 m1=0/13750 i1=447 t1=28 m2=0/-13750 i2=-447 t2=27 steerMode=0/0 iSteer=136 driveMode=13750/0 iDrive=446756 scale=0 wheel=40000
2026-07-07T15:02:59.924+00:00 VCP run=1 step=0 angle=315615 target=315352 err=-263 steer=0 m1=0/13750 i1=473 t1=28 m2=0/-13750 i2=-472 t2=27 steerMode=0/-4 iSteer=355 driveMode=13750/4 iDrive=472551 scale=0 wheel=40000
2026-07-07T15:02:59.924+00:00 VCP SET_TARGET_RX steer=315352 wheel=40000
2026-07-07T15:02:59.937+00:00 CAN id=101 dlc=8 data=d8cf0400409c0000
2026-07-07T15:02:59.957+00:00 CAN id=101 dlc=8 data=d8cf0400409c0000
2026-07-07T15:02:59.977+00:00 CAN id=101 dlc=8 data=d8cf0400409c0000
2026-07-07T15:02:59.997+00:00 CAN id=101 dlc=8 data=d8cf0400409c0000
2026-07-07T15:03:00.017+00:00 CAN id=101 dlc=8 data=d8cf0400409c0000
2026-07-07T15:03:00.030+00:00 VCP run=1 step=0 angle=315615 target=315352 err=-263 steer=0 m1=0/13750 i1=499 t1=28 m2=0/-13750 i2=-498 t2=27 steerMode=0/-8 iSteer=597 driveMode=13750/9 iDrive=498329 scale=0 wheel=40000
2026-07-07T15:03:00.037+00:00 CAN id=101 dlc=8 data=d8cf0400409c0000
2026-07-07T15:03:00.057+00:00 CAN id=101 dlc=8 data=d8cf0400409c0000
2026-07-07T15:03:00.077+00:00 CAN id=101 dlc=8 data=d8cf0400409c0000
2026-07-07T15:03:00.097+00:00 CAN id=101 dlc=8 data=d8cf0400409c0000
2026-07-07T15:03:00.117+00:00 CAN id=101 dlc=8 data=d8cf0400409c0000
2026-07-07T15:03:00.136+00:00 VCP run=1 step=0 angle=315615 target=315352 err=-263 steer=0 m1=0/13750 i1=524 t1=28 m2=0/-13750 i2=-524 t2=27 steerMode=0/0 iSteer=188 driveMode=13750/0 iDrive=524262 scale=0 wheel=40000
2026-07-07T15:03:00.137+00:00 CAN id=101 dlc=8 data=d8cf0400409c0000
2026-07-07T15:03:00.157+00:00 CAN id=101 dlc=8 data=d8cf0400409c0000
2026-07-07T15:03:00.177+00:00 CAN id=101 dlc=8 data=d8cf0400409c0000
2026-07-07T15:03:00.197+00:00 CAN id=101 dlc=8 data=d8cf0400409c0000
2026-07-07T15:03:00.217+00:00 CAN id=101 dlc=8 data=d8cf0400409c0000
2026-07-07T15:03:00.237+00:00 CAN id=101 dlc=8 data=d8cf0400409c0000
2026-07-07T15:03:00.257+00:00 CAN id=101 dlc=8 data=d8cf0400409c0000
2026-07-07T15:03:00.277+00:00 CAN id=101 dlc=8 data=d8cf0400409c0000
2026-07-07T15:03:00.297+00:00 CAN id=101 dlc=8 data=d8cf0400409c0000
2026-07-07T15:03:00.317+00:00 CAN id=101 dlc=8 data=d8cf0400409c0000
2026-07-07T15:03:00.325+00:00 VCP run=1 step=0 angle=315791 target=315352 err=-439 steer=0 m1=-3/13750 i1=550 t1=28 m2=0/-13750 i2=-550 t2=27 steerMode=0/7 iSteer=-126 driveMode=13750/9 iDrive=550005 scale=0 wheel=40000
2026-07-07T15:03:00.325+00:00 VCP run=1 step=0 angle=315879 target=315352 err=-527 steer=-263 m1=0/12301 i1=504 t1=28 m2=0/-15199 i2=-647 t2=27 steerMode=-1449/-19 iSteer=-71461 driveMode=13750/6 iDrive=575868 scale=0 wheel=40000
2026-07-07T15:03:00.337+00:00 CAN id=101 dlc=8 data=d8cf0400409c0000
2026-07-07T15:03:00.357+00:00 CAN id=101 dlc=8 data=d8cf0400409c0000
2026-07-07T15:03:00.377+00:00 CAN id=101 dlc=8 data=d8cf0400409c0000
2026-07-07T15:03:00.397+00:00 CAN id=101 dlc=8 data=d8cf0400409c0000
2026-07-07T15:03:00.417+00:00 CAN id=101 dlc=8 data=d8cf0400409c0000
2026-07-07T15:03:00.427+00:00 VCP run=1 step=0 angle=315967 target=315352 err=-615 steer=-307 m1=0/12059 i1=512 t1=28 m2=0/-15441 i2=-690 t2=27 steerMode=-1691/-1 iSteer=-88982 driveMode=13750/1 iDrive=601481 scale=0 wheel=40000
2026-07-07T15:03:00.427+00:00 VCP SET_TARGET_RX steer=315352 wheel=40000
2026-07-07T15:03:00.437+00:00 CAN id=101 dlc=8 data=d8cf0400409c0000
2026-07-07T15:03:00.457+00:00 CAN id=101 dlc=8 data=d8cf0400409c0000
2026-07-07T15:03:00.477+00:00 CAN id=101 dlc=8 data=d8cf0400409c0000
2026-07-07T15:03:00.497+00:00 CAN id=101 dlc=8 data=d8cf0400409c0000
2026-07-07T15:03:00.517+00:00 CAN id=101 dlc=8 data=d8cf0400409c0000
2026-07-07T15:03:00.532+00:00 VCP run=1 step=0 angle=315967 target=315352 err=-615 steer=-307 m1=0/12059 i1=533 t1=28 m2=0/-15441 i2=-721 t2=27 steerMode=-1691/0 iSteer=-93771 driveMode=13750/0 iDrive=627062 scale=0 wheel=40000
2026-07-07T15:03:00.537+00:00 CAN id=101 dlc=8 data=d8cf0400409c0000
2026-07-07T15:03:00.557+00:00 CAN id=101 dlc=8 data=d8cf0400409c0000
2026-07-07T15:03:00.577+00:00 CAN id=101 dlc=8 data=d8cf0400409c0000
2026-07-07T15:03:00.597+00:00 CAN id=101 dlc=8 data=d8cf0400409c0000
2026-07-07T15:03:00.617+00:00 CAN id=101 dlc=8 data=d8cf0400409c0000
2026-07-07T15:03:00.637+00:00 CAN id=101 dlc=8 data=d8cf0400409c0000
2026-07-07T15:03:00.637+00:00 VCP run=1 step=0 angle=316055 target=315352 err=-703 steer=-351 m1=0/11818 i1=542 t1=28 m2=0/-15682 i2=-764 t2=27 steerMode=-1932/-2 iSteer=-111156 driveMode=13750/2 iDrive=652878 scale=0 wheel=40000
2026-07-07T15:03:00.657+00:00 CAN id=101 dlc=8 data=d8cf0400409c0000
2026-07-07T15:03:00.677+00:00 CAN id=101 dlc=8 data=d8cf0400409c0000
2026-07-07T15:03:00.697+00:00 CAN id=101 dlc=8 data=d8cf0400409c0000
2026-07-07T15:03:00.717+00:00 CAN id=101 dlc=8 data=d8cf0400409c0000
2026-07-07T15:03:00.737+00:00 CAN id=101 dlc=8 data=d8cf0400409c0000
2026-07-07T15:03:00.757+00:00 CAN id=101 dlc=8 data=d8cf0400409c0000
2026-07-07T15:03:00.777+00:00 CAN id=101 dlc=8 data=d8cf0400409c0000
2026-07-07T15:03:00.797+00:00 CAN id=101 dlc=8 data=d8cf0400409c0000
2026-07-07T15:03:00.817+00:00 CAN id=101 dlc=8 data=d8cf0400409c0000
2026-07-07T15:03:00.825+00:00 VCP run=1 step=0 angle=316055 target=315352 err=-703 steer=-351 m1=0/11818 i1=562 t1=28 m2=0/-15682 i2=-794 t2=27 steerMode=-1932/-9 iSteer=-116121 driveMode=13750/9 iDrive=678364 scale=0 wheel=40000
2026-07-07T15:03:00.825+00:00 VCP run=1 step=0 angle=316055 target=315352 err=-703 steer=-351 m1=0/11818 i1=584 t1=28 m2=0/-15682 i2=-824 t2=27 steerMode=-1932/-35 iSteer=-120163 driveMode=13750/35 iDrive=703669 scale=0 wheel=40000
2026-07-07T15:03:00.837+00:00 CAN id=101 dlc=8 data=d8cf0400409c0000
2026-07-07T15:03:00.857+00:00 CAN id=101 dlc=8 data=d8cf0400409c0000
2026-07-07T15:03:00.877+00:00 CAN id=101 dlc=8 data=d8cf0400409c0000
2026-07-07T15:03:00.897+00:00 CAN id=101 dlc=8 data=d8cf0400409c0000
2026-07-07T15:03:00.917+00:00 CAN id=101 dlc=8 data=d8cf0400409c0000
2026-07-07T15:03:00.926+00:00 VCP run=1 step=0 angle=316055 target=315352 err=-703 steer=-351 m1=0/11818 i1=603 t1=28 m2=-3/-15682 i2=-855 t2=27 steerMode=-1932/-25 iSteer=-126030 driveMode=13750/25 iDrive=729322 scale=0 wheel=40000
2026-07-07T15:03:00.926+00:00 VCP SET_TARGET_RX steer=315352 wheel=40000
2026-07-07T15:03:00.937+00:00 CAN id=101 dlc=8 data=d8cf0400409c0000
2026-07-07T15:03:00.957+00:00 CAN id=101 dlc=8 data=d8cf0400409c0000
2026-07-07T15:03:00.977+00:00 CAN id=101 dlc=8 data=d8cf0400409c0000
2026-07-07T15:03:00.997+00:00 CAN id=101 dlc=8 data=d8cf0400409c0000
2026-07-07T15:03:01.017+00:00 CAN id=101 dlc=8 data=d8cf0400409c0000
2026-07-07T15:03:01.031+00:00 VCP run=1 step=0 angle=316055 target=315352 err=-703 steer=-351 m1=0/11818 i1=625 t1=28 m2=-5/-15682 i2=-884 t2=27 steerMode=-1932/-54 iSteer=-129888 driveMode=13750/59 iDrive=754492 scale=0 wheel=40000
2026-07-07T15:03:01.037+00:00 CAN id=101 dlc=8 data=d8cf0400409c0000
2026-07-07T15:03:01.057+00:00 CAN id=101 dlc=8 data=d8cf0400409c0000
2026-07-07T15:03:01.077+00:00 CAN id=101 dlc=8 data=d8cf0400409c0000
2026-07-07T15:03:01.097+00:00 CAN id=101 dlc=8 data=d8cf0400409c0000
2026-07-07T15:03:01.117+00:00 CAN id=101 dlc=8 data=d8cf0400409c0000
2026-07-07T15:03:01.135+00:00 VCP run=1 step=0 angle=313945 target=315352 err=1407 steer=703 m1=117/17618 i1=1200 t1=28 m2=-289/-9882 i2=-172 t2=27 steerMode=3868/-6916 iSteer=513564 driveMode=13750/8736 iDrive=686011 scale=0 wheel=40000
2026-07-07T15:03:01.137+00:00 CAN id=101 dlc=8 data=d8cf0400409c0000
2026-07-07T15:03:01.157+00:00 CAN id=101 dlc=8 data=d8cf0400409c0000
2026-07-07T15:03:01.177+00:00 CAN id=101 dlc=8 data=d8cf0400409c0000
2026-07-07T15:03:01.197+00:00 CAN id=101 dlc=8 data=d8cf0400409c0000
2026-07-07T15:03:01.217+00:00 CAN id=101 dlc=8 data=d8cf0400409c0000
2026-07-07T15:03:01.237+00:00 CAN id=101 dlc=8 data=d8cf0400409c0000
2026-07-07T15:03:01.257+00:00 CAN id=101 dlc=8 data=d8cf0400409c0000
2026-07-07T15:03:01.277+00:00 CAN id=101 dlc=8 data=d8cf0400409c0000
2026-07-07T15:03:01.297+00:00 CAN id=101 dlc=8 data=d8cf0400409c0000
2026-07-07T15:03:01.317+00:00 CAN id=101 dlc=8 data=d8cf0400409c0000
2026-07-07T15:03:01.323+00:00 VCP run=1 step=0 angle=315527 target=315352 err=-175 steer=0 m1=690/13750 i1=193 t1=28 m2=-551/-13750 i2=-747 t2=27 steerMode=0/5061 iSteer=-277035 driveMode=13750/29248 iDrive=469699 scale=0 wheel=40000
2026-07-07T15:03:01.323+00:00 VCP run=1 step=0 angle=315439 target=315352 err=-87 steer=0 m1=834/13750 i1=314 t1=28 m2=-781/-13750 i2=-301 t2=27 steerMode=0/-650 iSteer=6112 driveMode=13750/41334 iDrive=307435 scale=0 wheel=40000
2026-07-07T15:03:01.337+00:00 CAN id=101 dlc=8 data=d8cf0400409c0000
2026-07-07T15:03:01.357+00:00 CAN id=101 dlc=8 data=d8cf0400409c0000
2026-07-07T15:03:01.377+00:00 CAN id=101 dlc=8 data=d8cf0400409c0000
2026-07-07T15:03:01.397+00:00 CAN id=101 dlc=8 data=d8cf0400409c0000
2026-07-07T15:03:01.417+00:00 CAN id=101 dlc=8 data=d8cf0400409c0000
2026-07-07T15:03:01.425+00:00 VCP run=1 step=0 angle=315439 target=315352 err=-87 steer=0 m1=893/13750 i1=181 t1=28 m2=-867/-13750 i2=-212 t2=27 steerMode=0/-224 iSteer=-15300 driveMode=13750/46719 iDrive=196298 scale=0 wheel=40000
2026-07-07T15:03:01.425+00:00 VCP SET_TARGET_RX steer=315352 wheel=40000
2026-07-07T15:03:01.437+00:00 CAN id=101 dlc=8 data=d8cf0400409c0000
2026-07-07T15:03:01.457+00:00 CAN id=101 dlc=8 data=d8cf0400409c0000
2026-07-07T15:03:01.477+00:00 CAN id=101 dlc=8 data=d8cf0400409c0000
2026-07-07T15:03:01.497+00:00 CAN id=101 dlc=8 data=d8cf0400409c0000
2026-07-07T15:03:01.517+00:00 CAN id=101 dlc=8 data=d8cf0400409c0000
2026-07-07T15:03:01.530+00:00 VCP run=1 step=0 angle=315000 target=315352 err=352 steer=0 m1=893/13750 i1=133 t1=28 m2=-881/-13750 i2=-120 t2=27 steerMode=0/-637 iSteer=6767 driveMode=13750/47432 iDrive=126604 scale=0 wheel=40000
2026-07-07T15:03:01.537+00:00 CAN id=101 dlc=8 data=d8cf0400409c0000
2026-07-07T15:03:01.557+00:00 CAN id=101 dlc=8 data=d8cf0400409c0000
2026-07-07T15:03:01.577+00:00 CAN id=101 dlc=8 data=d8cf0400409c0000
2026-07-07T15:03:01.597+00:00 CAN id=101 dlc=8 data=d8cf0400409c0000
2026-07-07T15:03:01.617+00:00 CAN id=101 dlc=8 data=d8cf0400409c0000
2026-07-07T15:03:01.635+00:00 VCP run=1 step=0 angle=315000 target=315352 err=352 steer=0 m1=841/13750 i1=71 t1=28 m2=-815/-13750 i2=-132 t2=27 steerMode=0/105 iSteer=-30322 driveMode=13750/44008 iDrive=101279 scale=0 wheel=40000
2026-07-07T15:03:01.637+00:00 CAN id=101 dlc=8 data=d8cf0400409c0000
2026-07-07T15:03:01.657+00:00 CAN id=101 dlc=8 data=d8cf0400409c0000
2026-07-07T15:03:01.677+00:00 CAN id=101 dlc=8 data=d8cf0400409c0000
2026-07-07T15:03:01.697+00:00 CAN id=101 dlc=8 data=d8cf0400409c0000
2026-07-07T15:03:01.717+00:00 CAN id=101 dlc=8 data=d8cf0400409c0000
2026-07-07T15:03:01.737+00:00 CAN id=101 dlc=8 data=d8cf0400409c0000
2026-07-07T15:03:01.757+00:00 CAN id=101 dlc=8 data=d8cf0400409c0000
2026-07-07T15:03:01.777+00:00 CAN id=101 dlc=8 data=d8cf0400409c0000
2026-07-07T15:03:01.797+00:00 CAN id=101 dlc=8 data=d8cf0400409c0000
2026-07-07T15:03:01.818+00:00 CAN id=101 dlc=8 data=d8cf0400409c0000
2026-07-07T15:03:01.823+00:00 VCP run=1 step=0 angle=315088 target=315352 err=264 steer=0 m1=744/13750 i1=80 t1=28 m2=-758/-13750 i2=-114 t2=27 steerMode=0/-150 iSteer=-16945 driveMode=13750/39278 iDrive=96849 scale=0 wheel=40000
2026-07-07T15:03:01.823+00:00 VCP run=1 step=0 angle=315088 target=315352 err=264 steer=0 m1=648/13750 i1=83 t1=28 m2=-612/-13750 i2=-134 t2=27 steerMode=0/12 iSteer=-25439 driveMode=13750/33949 iDrive=108275 scale=0 wheel=40000
2026-07-07T15:03:01.837+00:00 CAN id=101 dlc=8 data=d8cf0400409c0000
2026-07-07T15:03:01.857+00:00 CAN id=101 dlc=8 data=d8cf0400409c0000
2026-07-07T15:03:01.877+00:00 CAN id=101 dlc=8 data=d8cf0400409c0000
2026-07-07T15:03:01.897+00:00 CAN id=101 dlc=8 data=d8cf0400409c0000
2026-07-07T15:03:01.917+00:00 CAN id=101 dlc=8 data=d8cf0400409c0000
2026-07-07T15:03:01.925+00:00 VCP run=1 step=0 angle=315439 target=315352 err=-87 steer=0 m1=510/13750 i1=76 t1=28 m2=-515/-13750 i2=-186 t2=27 steerMode=0/585 iSteer=-55390 driveMode=13750/28422 iDrive=131109 scale=0 wheel=40000
2026-07-07T15:03:01.925+00:00 VCP SET_TARGET_RX steer=315352 wheel=40000
2026-07-07T15:03:01.937+00:00 CAN id=101 dlc=8 data=d8cf0400409c0000
2026-07-07T15:03:01.957+00:00 CAN id=101 dlc=8 data=d8cf0400409c0000
2026-07-07T15:03:01.977+00:00 CAN id=101 dlc=8 data=d8cf0400409c0000
2026-07-07T15:03:01.997+00:00 CAN id=101 dlc=8 data=d8cf0400409c0000
2026-07-07T15:03:02.017+00:00 CAN id=101 dlc=8 data=d8cf0400409c0000
2026-07-07T15:03:02.030+00:00 VCP run=1 step=0 angle=315439 target=315352 err=-87 steer=0 m1=462/13750 i1=73 t1=28 m2=-392/-13750 i2=-243 t2=27 steerMode=0/1145 iSteer=-85208 driveMode=13750/23437 iDrive=158187 scale=0 wheel=40000
2026-07-07T15:03:02.037+00:00 CAN id=101 dlc=8 data=d8cf0400409c0000
2026-07-07T15:03:02.057+00:00 CAN id=101 dlc=8 data=d8cf0400409c0000
2026-07-07T15:03:02.077+00:00 CAN id=101 dlc=8 data=d8cf0400409c0000
2026-07-07T15:03:02.097+00:00 CAN id=101 dlc=8 data=d8cf0400409c0000
2026-07-07T15:03:02.117+00:00 CAN id=101 dlc=8 data=d8cf0400409c0000
2026-07-07T15:03:02.135+00:00 VCP run=1 step=0 angle=315527 target=315352 err=-175 steer=0 m1=380/13750 i1=133 t1=28 m2=-419/-13750 i2=-210 t2=27 steerMode=0/182 iSteer=-38348 driveMode=13750/20643 iDrive=171252 scale=0 wheel=40000
2026-07-07T15:03:02.137+00:00 CAN id=101 dlc=8 data=d8cf0400409c0000
2026-07-07T15:03:02.157+00:00 CAN id=101 dlc=8 data=d8cf0400409c0000
2026-07-07T15:03:02.177+00:00 CAN id=101 dlc=8 data=d8cf0400409c0000
2026-07-07T15:03:02.197+00:00 CAN id=101 dlc=8 data=d8cf0400409c0000
2026-07-07T15:03:02.217+00:00 CAN id=101 dlc=8 data=d8cf0400409c0000
2026-07-07T15:03:02.237+00:00 CAN id=101 dlc=8 data=d8cf0400409c0000
2026-07-07T15:03:02.257+00:00 CAN id=101 dlc=8 data=d8cf0400409c0000
2026-07-07T15:03:02.277+00:00 CAN id=101 dlc=8 data=d8cf0400409c0000
2026-07-07T15:03:02.297+00:00 CAN id=101 dlc=8 data=d8cf0400409c0000
2026-07-07T15:03:02.317+00:00 CAN id=101 dlc=8 data=d8cf0400409c0000
2026-07-07T15:03:02.322+00:00 VCP run=1 step=0 angle=315615 target=315352 err=-263 steer=0 m1=345/13750 i1=145 t1=28 m2=-350/-13750 i2=-218 t2=27 steerMode=0/127 iSteer=-36122 driveMode=13750/18526 iDrive=181471 scale=0 wheel=40000
2026-07-07T15:03:02.322+00:00 VCP run=1 step=0 angle=315791 target=315352 err=-439 steer=0 m1=278/13750 i1=168 t1=28 m2=-300/-13750 i2=-213 t2=27 steerMode=0/-149 iSteer=-22524 driveMode=13750/16954 iDrive=190247 scale=0 wheel=40000
2026-07-07T15:03:02.337+00:00 CAN id=101 dlc=8 data=d8cf0400409c0000
2026-07-07T15:03:02.357+00:00 CAN id=101 dlc=8 data=d8cf0400409c0000
2026-07-07T15:03:02.377+00:00 CAN id=101 dlc=8 data=d8cf0400409c0000
2026-07-07T15:03:02.397+00:00 CAN id=101 dlc=8 data=d8cf0400409c0000
2026-07-07T15:03:02.417+00:00 CAN id=101 dlc=8 data=d8cf0400409c0000
2026-07-07T15:03:02.423+00:00 VCP run=1 step=0 angle=315879 target=315352 err=-527 steer=-263 m1=276/12301 i1=108 t1=28 m2=-333/-15199 i2=-282 t2=27 steerMode=-1449/-320 iSteer=-87266 driveMode=13750/15972 iDrive=195044 scale=0 wheel=40000
2026-07-07T15:03:02.423+00:00 VCP SET_TARGET_RX steer=315352 wheel=40000
2026-07-07T15:03:02.437+00:00 CAN id=101 dlc=8 data=d8cf0400409c0000
2026-07-07T15:03:02.457+00:00 CAN id=101 dlc=8 data=d8cf0400409c0000
2026-07-07T15:03:02.477+00:00 CAN id=101 dlc=8 data=d8cf0400409c0000
2026-07-07T15:03:02.497+00:00 CAN id=101 dlc=8 data=d8cf0400409c0000
2026-07-07T15:03:02.517+00:00 CAN id=101 dlc=8 data=d8cf0400409c0000
2026-07-07T15:03:02.528+00:00 VCP run=1 step=0 angle=315703 target=315352 err=-351 steer=0 m1=326/13750 i1=171 t1=28 m2=-220/-13750 i2=-227 t2=27 steerMode=0/-39 iSteer=-27779 driveMode=13750/15227 iDrive=199044 scale=0 wheel=40000
2026-07-07T15:03:02.537+00:00 CAN id=101 dlc=8 data=d8cf0400409c0000
2026-07-07T15:03:02.557+00:00 CAN id=101 dlc=8 data=d8cf0400409c0000
2026-07-07T15:03:02.577+00:00 CAN id=101 dlc=8 data=d8cf0400409c0000
2026-07-07T15:03:02.597+00:00 CAN id=101 dlc=8 data=d8cf0400409c0000
2026-07-07T15:03:02.617+00:00 CAN id=101 dlc=8 data=d8cf0400409c0000
2026-07-07T15:03:02.633+00:00 VCP run=1 step=0 angle=315791 target=315352 err=-439 steer=0 m1=297/13750 i1=170 t1=28 m2=-245/-13750 i2=-235 t2=27 steerMode=0/40 iSteer=-32641 driveMode=13750/14658 iDrive=202793 scale=0 wheel=40000
2026-07-07T15:03:02.637+00:00 CAN id=101 dlc=8 data=d8cf0400409c0000
2026-07-07T15:03:02.657+00:00 CAN id=101 dlc=8 data=d8cf0400409c0000
2026-07-07T15:03:02.677+00:00 CAN id=101 dlc=8 data=d8cf0400409c0000
2026-07-07T15:03:02.697+00:00 CAN id=101 dlc=8 data=d8cf0400409c0000
2026-07-07T15:03:02.717+00:00 CAN id=101 dlc=8 data=d8cf0400409c0000
2026-07-07T15:03:02.737+00:00 CAN id=101 dlc=8 data=d8cf0400409c0000
2026-07-07T15:03:02.738+00:00 VCP run=1 step=0 angle=315791 target=315352 err=-439 steer=0 m1=263/13750 i1=172 t1=28 m2=-222/-13750 i2=-232 t2=27 steerMode=0/-19 iSteer=-30050 driveMode=13750/14553 iDrive=202354 scale=0 wheel=40000
2026-07-07T15:03:02.757+00:00 CAN id=101 dlc=8 data=d8cf0400409c0000
2026-07-07T15:03:02.777+00:00 CAN id=101 dlc=8 data=d8cf0400409c0000
2026-07-07T15:03:02.797+00:00 CAN id=101 dlc=8 data=d8cf0400409c0000
2026-07-07T15:03:02.817+00:00 CAN id=101 dlc=8 data=d8cf0400409c0000
2026-07-07T15:03:02.837+00:00 CAN id=101 dlc=8 data=d8cf0400409c0000
2026-07-07T15:03:02.857+00:00 CAN id=101 dlc=8 data=d8cf0400409c0000
2026-07-07T15:03:02.877+00:00 CAN id=101 dlc=8 data=d8cf0400409c0000
2026-07-07T15:03:02.897+00:00 CAN id=101 dlc=8 data=d8cf0400409c0000
2026-07-07T15:03:02.917+00:00 CAN id=101 dlc=8 data=d8cf0400409c0000
2026-07-07T15:03:02.922+00:00 VCP run=1 step=0 angle=315791 target=315352 err=-439 steer=0 m1=269/13750 i1=218 t1=28 m2=-283/-13750 i2=-168 t2=27 steerMode=0/-1144 iSteer=25314 driveMode=13750/15310 iDrive=192893 scale=0 wheel=40000
2026-07-07T15:03:02.922+00:00 VCP run=1 step=0 angle=315791 target=315352 err=-439 steer=0 m1=292/13750 i1=154 t1=28 m2=-333/-13750 i2=-225 t2=27 steerMode=0/82 iSteer=-35841 driveMode=13750/15350 iDrive=189659 scale=0 wheel=40000
2026-07-07T15:03:02.922+00:00 VCP SET_TARGET_RX steer=315352 wheel=40000
2026-07-07T15:03:02.937+00:00 CAN id=101 dlc=8 data=d8cf0400409c0000
2026-07-07T15:03:02.957+00:00 CAN id=101 dlc=8 data=d8cf0400409c0000
2026-07-07T15:03:02.977+00:00 CAN id=101 dlc=8 data=d8cf0400409c0000
2026-07-07T15:03:02.997+00:00 CAN id=101 dlc=8 data=d8cf0400409c0000
2026-07-07T15:03:03.017+00:00 CAN id=101 dlc=8 data=d8cf0400409c0000
2026-07-07T15:03:03.027+00:00 VCP run=1 step=0 angle=315703 target=315352 err=-351 steer=0 m1=288/13750 i1=166 t1=28 m2=-275/-13750 i2=-194 t2=27 steerMode=0/-342 iSteer=-13755 driveMode=13750/15950 iDrive=180086 scale=0 wheel=40000
2026-07-07T15:03:03.037+00:00 CAN id=101 dlc=8 data=d8cf0400409c0000
2026-07-07T15:03:03.057+00:00 CAN id=101 dlc=8 data=d8cf0400409c0000
2026-07-07T15:03:03.077+00:00 CAN id=101 dlc=8 data=d8cf0400409c0000
2026-07-07T15:03:03.097+00:00 CAN id=101 dlc=8 data=d8cf0400409c0000
2026-07-07T15:03:03.117+00:00 CAN id=101 dlc=8 data=d8cf0400409c0000
2026-07-07T15:03:03.132+00:00 VCP run=1 step=0 angle=315703 target=315352 err=-351 steer=0 m1=307/13750 i1=162 t1=28 m2=-329/-13750 i2=-187 t2=27 steerMode=0/-359 iSteer=-12624 driveMode=13750/16302 iDrive=174481 scale=0 wheel=40000
2026-07-07T15:03:03.137+00:00 CAN id=101 dlc=8 data=d8cf0400409c0000
2026-07-07T15:03:03.157+00:00 CAN id=101 dlc=8 data=d8cf0400409c0000
2026-07-07T15:03:03.177+00:00 CAN id=101 dlc=8 data=d8cf0400409c0000
2026-07-07T15:03:03.197+00:00 CAN id=101 dlc=8 data=d8cf0400409c0000
2026-07-07T15:03:03.217+00:00 CAN id=101 dlc=8 data=d8cf0400409c0000
2026-07-07T15:03:03.237+00:00 CAN id=101 dlc=8 data=d8cf0400409c0000
2026-07-07T15:03:03.237+00:00 VCP run=1 step=0 angle=315615 target=315352 err=-263 steer=0 m1=324/13750 i1=147 t1=28 m2=-270/-13750 i2=-197 t2=27 steerMode=0/-96 iSteer=-24813 driveMode=13750/16537 iDrive=172129 scale=0 wheel=40000
2026-07-07T15:03:03.257+00:00 CAN id=101 dlc=8 data=d8cf0400409c0000
2026-07-07T15:03:03.277+00:00 CAN id=101 dlc=8 data=d8cf0400409c0000
2026-07-07T15:03:03.297+00:00 CAN id=101 dlc=8 data=d8cf0400409c0000
2026-07-07T15:03:03.317+00:00 CAN id=101 dlc=8 data=d8cf0400409c0000
2026-07-07T15:03:03.337+00:00 CAN id=101 dlc=8 data=d8cf0400409c0000
2026-07-07T15:03:03.357+00:00 CAN id=101 dlc=8 data=d8cf0400409c0000
2026-07-07T15:03:03.377+00:00 CAN id=101 dlc=8 data=d8cf0400409c0000
2026-07-07T15:03:03.397+00:00 CAN id=101 dlc=8 data=d8cf0400409c0000
2026-07-07T15:03:03.417+00:00 CAN id=101 dlc=8 data=d8cf0400409c0000
2026-07-07T15:03:03.420+00:00 VCP run=1 step=0 angle=315439 target=315352 err=-87 steer=0 m1=292/13750 i1=150 t1=28 m2=-275/-13750 i2=-199 t2=27 steerMode=0/-93 iSteer=-24422 driveMode=13750/16320 iDrive=174300 scale=0 wheel=40000
2026-07-07T15:03:03.420+00:00 VCP run=1 step=0 angle=315352 target=315352 err=0 steer=0 m1=288/13750 i1=158 t1=28 m2=-285/-13750 i2=-201 t2=27 steerMode=0/-156 iSteer=-21723 driveMode=13750/15806 iDrive=179443 scale=0 wheel=40000
2026-07-07T15:03:03.437+00:00 CAN id=101 dlc=8 data=d8cf0400409c0000
2026-07-07T15:03:03.457+00:00 CAN id=101 dlc=8 data=d8cf0400409c0000
2026-07-07T15:03:03.477+00:00 CAN id=101 dlc=8 data=d8cf0400409c0000
2026-07-07T15:03:03.497+00:00 CAN id=101 dlc=8 data=d8cf0400409c0000
2026-07-07T15:03:03.517+00:00 CAN id=101 dlc=8 data=d8cf0400409c0000
2026-07-07T15:03:03.527+00:00 VCP SET_TARGET_RX steer=315352 wheel=40000
2026-07-07T15:03:03.527+00:00 VCP run=1 step=0 angle=315352 target=315352 err=0 steer=0 m1=276/13750 i1=155 t1=28 m2=-321/-13750 i2=-229 t2=27 steerMode=0/150 iSteer=-36834 driveMode=13750/14558 iDrive=191923 scale=0 wheel=40000
2026-07-07T15:03:03.537+00:00 CAN id=101 dlc=8 data=d8cf0400409c0000
2026-07-07T15:03:03.557+00:00 CAN id=101 dlc=8 data=d8cf0400409c0000
2026-07-07T15:03:03.577+00:00 CAN id=101 dlc=8 data=d8cf0400409c0000
2026-07-07T15:03:03.597+00:00 CAN id=101 dlc=8 data=d8cf0400409c0000
2026-07-07T15:03:03.617+00:00 CAN id=101 dlc=8 data=d8cf0400409c0000
2026-07-07T15:03:03.632+00:00 VCP run=1 step=0 angle=315527 target=315352 err=-175 steer=0 m1=232/13750 i1=158 t1=28 m2=-201/-13750 i2=-258 t2=27 steerMode=0/394 iSteer=-49786 driveMode=13750/13003 iDrive=207829 scale=0 wheel=40000
2026-07-07T15:03:03.637+00:00 CAN id=101 dlc=8 data=d8cf0400409c0000
2026-07-07T15:03:03.657+00:00 CAN id=101 dlc=8 data=d8cf0400409c0000
2026-07-07T15:03:03.677+00:00 CAN id=101 dlc=8 data=d8cf0400409c0000
2026-07-07T15:03:03.697+00:00 CAN id=101 dlc=8 data=d8cf0400409c0000
2026-07-07T15:03:03.717+00:00 CAN id=101 dlc=8 data=d8cf0400409c0000
2026-07-07T15:03:03.737+00:00 VCP run=1 step=0 angle=315791 target=315352 err=-439 steer=0 m1=226/13750 i1=177 t1=28 m2=-216/-13750 i2=-257 t2=27 steerMode=0/175 iSteer=-39697 driveMode=13750/12301 iDrive=217192 scale=0 wheel=40000
2026-07-07T15:03:03.737+00:00 CAN id=101 dlc=8 data=d8cf0400409c0000
2026-07-07T15:03:03.757+00:00 CAN id=101 dlc=8 data=d8cf0400409c0000
2026-07-07T15:03:03.777+00:00 CAN id=101 dlc=8 data=d8cf0400409c0000
2026-07-07T15:03:03.797+00:00 CAN id=101 dlc=8 data=d8cf0400409c0000
2026-07-07T15:03:03.817+00:00 CAN id=101 dlc=8 data=d8cf0400409c0000
2026-07-07T15:03:03.837+00:00 CAN id=101 dlc=8 data=d8cf0400409c0000
2026-07-07T15:03:03.857+00:00 CAN id=101 dlc=8 data=d8cf0400409c0000
2026-07-07T15:03:03.877+00:00 CAN id=101 dlc=8 data=d8cf0400409c0000
2026-07-07T15:03:03.897+00:00 CAN id=101 dlc=8 data=d8cf0400409c0000
2026-07-07T15:03:03.917+00:00 CAN id=101 dlc=8 data=d8cf0400409c0000
2026-07-07T15:03:03.919+00:00 VCP run=1 step=0 angle=315791 target=315352 err=-439 steer=0 m1=286/13750 i1=189 t1=28 m2=-218/-13750 i2=-245 t2=27 steerMode=0/-73 iSteer=-27823 driveMode=13750/12603 iDrive=216685 scale=0 wheel=40000
2026-07-07T15:03:03.919+00:00 VCP run=1 step=0 angle=315879 target=315352 err=-527 steer=-263 m1=219/12301 i1=161 t1=28 m2=-296/-15199 i2=-278 t2=27 steerMode=-1449/-970 iSteer=-58537 driveMode=13750/12494 iDrive=219544 scale=0 wheel=40000
2026-07-07T15:03:03.937+00:00 CAN id=101 dlc=8 data=d8cf0400409c0000
2026-07-07T15:03:03.957+00:00 CAN id=101 dlc=8 data=d8cf0400409c0000
2026-07-07T15:03:03.977+00:00 CAN id=101 dlc=8 data=d8cf0400409c0000
2026-07-07T15:03:03.997+00:00 CAN id=101 dlc=8 data=d8cf0400409c0000
2026-07-07T15:03:04.017+00:00 CAN id=101 dlc=8 data=d8cf0400409c0000
2026-07-07T15:03:04.025+00:00 VCP SET_TARGET_RX steer=315352 wheel=40000
2026-07-07T15:03:04.025+00:00 VCP run=1 step=0 angle=315791 target=315352 err=-439 steer=0 m1=238/13750 i1=175 t1=28 m2=-214/-13750 i2=-257 t2=27 steerMode=0/147 iSteer=-40981 driveMode=13750/13086 iDrive=216015 scale=0 wheel=40000
2026-07-07T15:03:04.037+00:00 CAN id=101 dlc=8 data=d8cf0400409c0000
2026-07-07T15:03:04.057+00:00 CAN id=101 dlc=8 data=d8cf0400409c0000
2026-07-07T15:03:04.077+00:00 CAN id=101 dlc=8 data=d8cf0400409c0000
2026-07-07T15:03:04.097+00:00 CAN id=101 dlc=8 data=d8cf0400409c0000
2026-07-07T15:03:04.117+00:00 CAN id=101 dlc=8 data=d8cf0400409c0000
2026-07-07T15:03:04.129+00:00 VCP run=1 step=0 angle=315967 target=315352 err=-615 steer=-307 m1=217/12059 i1=110 t1=28 m2=-239/-15441 i2=-312 t2=27 steerMode=-1691/-394 iSteer=-101047 driveMode=13750/13669 iDrive=210870 scale=0 wheel=40000
2026-07-07T15:03:04.137+00:00 CAN id=101 dlc=8 data=d8cf0400409c0000
2026-07-07T15:03:04.157+00:00 CAN id=101 dlc=8 data=d8cf0400409c0000
2026-07-07T15:03:04.179+00:00 CAN id=101 dlc=8 data=d8cf0400409c0000
2026-07-07T15:03:04.197+00:00 CAN id=101 dlc=8 data=d8cf0400409c0000
2026-07-07T15:03:04.217+00:00 CAN id=101 dlc=8 data=d8cf0400409c0000
2026-07-07T15:03:04.234+00:00 VCP run=1 step=0 angle=315615 target=315352 err=-263 steer=0 m1=263/13750 i1=177 t1=28 m2=-308/-13750 i2=-229 t2=27 steerMode=0/-167 iSteer=-25922 driveMode=13750/14400 iDrive=203332 scale=0 wheel=40000
2026-07-07T15:03:04.237+00:00 CAN id=101 dlc=8 data=d8cf0400409c0000
2026-07-07T15:03:04.257+00:00 CAN id=101 dlc=8 data=d8cf0400409c0000
2026-07-07T15:03:04.277+00:00 CAN id=101 dlc=8 data=d8cf0400409c0000
2026-07-07T15:03:04.297+00:00 CAN id=101 dlc=8 data=d8cf0400409c0000
2026-07-07T15:03:04.317+00:00 CAN id=101 dlc=8 data=d8cf0400409c0000
2026-07-07T15:03:04.337+00:00 CAN id=101 dlc=8 data=d8cf0400409c0000
2026-07-07T15:03:04.339+00:00 VCP run=1 step=0 angle=315703 target=315352 err=-351 steer=0 m1=295/13750 i1=177 t1=28 m2=-316/-13750 i2=-219 t2=27 steerMode=0/-265 iSteer=-21280 driveMode=13750/14774 iDrive=198168 scale=0 wheel=40000
2026-07-07T15:03:04.357+00:00 CAN id=101 dlc=8 data=d8cf0400409c0000
2026-07-07T15:03:04.377+00:00 CAN id=101 dlc=8 data=d8cf0400409c0000
2026-07-07T15:03:04.397+00:00 CAN id=101 dlc=8 data=d8cf0400409c0000
2026-07-07T15:03:04.417+00:00 CAN id=101 dlc=8 data=d8cf0400409c0000
2026-07-07T15:03:04.437+00:00 CAN id=101 dlc=8 data=d8cf0400409c0000
2026-07-07T15:03:04.457+00:00 CAN id=101 dlc=8 data=d8cf0400409c0000
2026-07-07T15:03:04.477+00:00 CAN id=101 dlc=8 data=d8cf0400409c0000
2026-07-07T15:03:04.497+00:00 CAN id=101 dlc=8 data=d8cf0400409c0000
2026-07-07T15:03:04.517+00:00 CAN id=101 dlc=8 data=d8cf0400409c0000
2026-07-07T15:03:04.523+00:00 VCP run=1 step=0 angle=315615 target=315352 err=-263 steer=0 m1=295/13750 i1=152 t1=28 m2=-323/-13750 i2=-221 t2=27 steerMode=0/21 iSteer=-34335 driveMode=13750/15593 iDrive=186336 scale=0 wheel=40000
2026-07-07T15:03:04.523+00:00 VCP SET_TARGET_RX steer=315352 wheel=40000
2026-07-07T15:03:04.523+00:00 VCP run=1 step=0 angle=315703 target=315352 err=-351 steer=0 m1=278/13750 i1=161 t1=28 m2=-285/-13750 i2=-214 t2=27 steerMode=0/-149 iSteer=-26541 driveMode=13750/15201 iDrive=187510 scale=0 wheel=40000
2026-07-07T15:03:04.537+00:00 CAN id=101 dlc=8 data=d8cf0400409c0000
2026-07-07T15:03:04.557+00:00 CAN id=101 dlc=8 data=d8cf0400409c0000
2026-07-07T15:03:04.577+00:00 CAN id=101 dlc=8 data=d8cf0400409c0000
2026-07-07T15:03:04.597+00:00 CAN id=101 dlc=8 data=d8cf0400409c0000
2026-07-07T15:03:04.617+00:00 CAN id=101 dlc=8 data=d8cf0400409c0000
2026-07-07T15:03:04.628+00:00 VCP run=1 step=0 angle=315615 target=315352 err=-263 steer=0 m1=305/13750 i1=165 t1=28 m2=-344/-13750 i2=-188 t2=27 steerMode=0/-431 iSteer=-11352 driveMode=13750/16070 iDrive=176796 scale=0 wheel=40000
2026-07-07T15:03:04.637+00:00 CAN id=101 dlc=8 data=d8cf0400409c0000
2026-07-07T15:03:04.657+00:00 CAN id=101 dlc=8 data=d8cf0400409c0000
2026-07-07T15:03:04.677+00:00 CAN id=101 dlc=8 data=d8cf0400409c0000
2026-07-07T15:03:04.697+00:00 CAN id=101 dlc=8 data=d8cf0400409c0000
2026-07-07T15:03:04.717+00:00 CAN id=101 dlc=8 data=d8cf0400409c0000
2026-07-07T15:03:04.733+00:00 VCP run=1 step=0 angle=315615 target=315352 err=-263 steer=0 m1=347/13750 i1=147 t1=28 m2=-344/-13750 i2=-194 t2=27 steerMode=0/-174 iSteer=-23313 driveMode=13750/16724 iDrive=170257 scale=0 wheel=40000
2026-07-07T15:03:04.737+00:00 CAN id=101 dlc=8 data=d8cf0400409c0000
2026-07-07T15:03:04.757+00:00 CAN id=101 dlc=8 data=d8cf0400409c0000
2026-07-07T15:03:04.777+00:00 CAN id=101 dlc=8 data=d8cf0400409c0000
2026-07-07T15:03:04.797+00:00 CAN id=101 dlc=8 data=d8cf0400409c0000
2026-07-07T15:03:04.817+00:00 CAN id=101 dlc=8 data=d8cf0400409c0000
2026-07-07T15:03:04.837+00:00 CAN id=101 dlc=8 data=d8cf0400409c0000
2026-07-07T15:03:04.837+00:00 VCP run=1 step=0 angle=315527 target=315352 err=-175 steer=0 m1=290/13750 i1=151 t1=28 m2=-262/-13750 i2=-193 t2=27 steerMode=0/-213 iSteer=-20819 driveMode=13750/16554 iDrive=171960 scale=0 wheel=40000
2026-07-07T15:03:04.857+00:00 CAN id=101 dlc=8 data=d8cf0400409c0000
2026-07-07T15:03:04.877+00:00 CAN id=101 dlc=8 data=d8cf0400409c0000
2026-07-07T15:03:04.897+00:00 CAN id=101 dlc=8 data=d8cf0400409c0000
2026-07-07T15:03:04.917+00:00 CAN id=101 dlc=8 data=d8cf0400409c0000
2026-07-07T15:03:04.937+00:00 CAN id=101 dlc=8 data=d8cf0400409c0000
2026-07-07T15:03:04.939+00:00 VCP run=1 step=0 angle=315352 target=315352 err=0 steer=0 m1=299/13750 i1=143 t1=28 m2=-277/-13750 i2=-202 t2=27 steerMode=0/-32 iSteer=-29830 driveMode=13750/16499 iDrive=172508 scale=0 wheel=40000
2026-07-07T15:03:04.940+00:00 VCP SET_TARGET_RX steer=315352 wheel=40000
2026-07-07T15:03:04.957+00:00 CAN id=101 dlc=8 data=d8cf0400409c0000
2026-07-07T15:03:04.977+00:00 CAN id=101 dlc=8 data=d8cf0400409c0000
2026-07-07T15:03:04.997+00:00 CAN id=101 dlc=8 data=d8cf0400409c0000
2026-07-07T15:03:05.017+00:00 CAN id=101 dlc=8 data=d8cf0400409c0000
2026-07-07T15:03:05.037+00:00 CAN id=101 dlc=8 data=d8cf0400409c0000
2026-07-07T15:03:05.057+00:00 CAN id=101 dlc=8 data=d8cf0400409c0000
2026-07-07T15:03:05.077+00:00 CAN id=101 dlc=8 data=d8cf0400409c0000
2026-07-07T15:03:05.097+00:00 CAN id=101 dlc=8 data=d8cf0400409c0000
2026-07-07T15:03:05.117+00:00 CAN id=101 dlc=8 data=d8cf0400409c0000
2026-07-07T15:03:05.127+00:00 VCP run=1 step=0 angle=315088 target=315352 err=264 steer=0 m1=311/13750 i1=161 t1=28 m2=-379/-13750 i2=-189 t2=27 steerMode=0/-339 iSteer=-14118 driveMode=13750/16214 iDrive=175360 scale=0 wheel=40000
2026-07-07T15:03:05.127+00:00 VCP run=1 step=0 angle=315088 target=315352 err=264 steer=0 m1=322/13750 i1=150 t1=28 m2=-273/-13750 i2=-206 t2=27 steerMode=0/-58 iSteer=-28109 driveMode=13750/15946 iDrive=178043 scale=0 wheel=40000
2026-07-07T15:03:05.137+00:00 CAN id=101 dlc=8 data=d8cf0400409c0000
2026-07-07T15:03:05.157+00:00 CAN id=101 dlc=8 data=d8cf0400409c0000
2026-07-07T15:03:05.177+00:00 CAN id=101 dlc=8 data=d8cf0400409c0000
2026-07-07T15:03:05.197+00:00 CAN id=101 dlc=8 data=d8cf0400409c0000
2026-07-07T15:03:05.217+00:00 CAN id=101 dlc=8 data=d8cf0400409c0000
2026-07-07T15:03:05.232+00:00 VCP run=1 step=0 angle=315088 target=315352 err=264 steer=0 m1=297/13750 i1=148 t1=28 m2=-264/-13750 i2=-216 t2=27 steerMode=0/57 iSteer=-33787 driveMode=13750/15542 iDrive=182079 scale=0 wheel=40000
2026-07-07T15:03:05.237+00:00 CAN id=101 dlc=8 data=d8cf0400409c0000
2026-07-07T15:03:05.257+00:00 CAN id=101 dlc=8 data=d8cf0400409c0000
2026-07-07T15:03:05.277+00:00 CAN id=101 dlc=8 data=d8cf0400409c0000
2026-07-07T15:03:05.297+00:00 CAN id=101 dlc=8 data=d8cf0400409c0000
2026-07-07T15:03:05.317+00:00 CAN id=101 dlc=8 data=d8cf0400409c0000
2026-07-07T15:03:05.337+00:00 CAN id=101 dlc=8 data=d8cf0400409c0000
2026-07-07T15:03:05.337+00:00 VCP run=1 step=0 angle=315176 target=315352 err=176 steer=0 m1=299/13750 i1=164 t1=28 m2=-266/-13750 i2=-199 t2=27 steerMode=0/-263 iSteer=-17425 driveMode=13750/15566 iDrive=181844 scale=0 wheel=40000
2026-07-07T15:03:05.357+00:00 CAN id=101 dlc=8 data=d8cf0400409c0000
2026-07-07T15:03:05.377+00:00 CAN id=101 dlc=8 data=d8cf0400409c0000
2026-07-07T15:03:05.397+00:00 CAN id=101 dlc=8 data=d8cf0400409c0000
2026-07-07T15:03:05.417+00:00 CAN id=101 dlc=8 data=d8cf0400409c0000
2026-07-07T15:03:05.437+00:00 CAN id=101 dlc=8 data=d8cf0400409c0000
2026-07-07T15:03:05.439+00:00 VCP run=1 step=0 angle=315176 target=315352 err=176 steer=0 m1=295/13750 i1=175 t1=28 m2=-352/-13750 i2=-199 t2=27 steerMode=0/-373 iSteer=-12028 driveMode=13750/15035 iDrive=187151 scale=0 wheel=40000
2026-07-07T15:03:05.439+00:00 VCP SET_TARGET_RX steer=315352 wheel=40000
2026-07-07T15:03:05.457+00:00 CAN id=101 dlc=8 data=d8cf0400409c0000
2026-07-07T15:03:05.477+00:00 CAN id=101 dlc=8 data=d8cf0400409c0000
2026-07-07T15:03:05.497+00:00 CAN id=101 dlc=8 data=d8cf0400409c0000
2026-07-07T15:03:05.517+00:00 CAN id=101 dlc=8 data=d8cf0400409c0000
2026-07-07T15:03:05.537+00:00 CAN id=101 dlc=8 data=d8cf0400409c0000
2026-07-07T15:03:05.557+00:00 CAN id=101 dlc=8 data=d8cf0400409c0000
2026-07-07T15:03:05.577+00:00 CAN id=101 dlc=8 data=d8cf0400409c0000
2026-07-07T15:03:05.597+00:00 CAN id=101 dlc=8 data=d8cf0400409c0000
2026-07-07T15:03:05.617+00:00 CAN id=101 dlc=8 data=d8cf0400409c0000
2026-07-07T15:03:05.626+00:00 VCP run=1 step=0 angle=315176 target=315352 err=176 steer=0 m1=299/13750 i1=150 t1=28 m2=-340/-13750 i2=-204 t2=27 steerMode=0/-57 iSteer=-27208 driveMode=13750/16024 iDrive=177265 scale=0 wheel=40000
2026-07-07T15:03:05.626+00:00 VCP run=1 step=0 angle=315176 target=315352 err=176 steer=0 m1=336/13750 i1=143 t1=28 m2=-316/-13750 i2=-200 t2=27 steerMode=0/-28 iSteer=-28340 driveMode=13750/16632 iDrive=171175 scale=0 wheel=40000
2026-07-07T15:03:05.637+00:00 CAN id=101 dlc=8 data=d8cf0400409c0000
2026-07-07T15:03:05.657+00:00 CAN id=101 dlc=8 data=d8cf0400409c0000
2026-07-07T15:03:05.677+00:00 CAN id=101 dlc=8 data=d8cf0400409c0000
2026-07-07T15:03:05.697+00:00 CAN id=101 dlc=8 data=d8cf0400409c0000
2026-07-07T15:03:05.717+00:00 CAN id=101 dlc=8 data=d8cf0400409c0000
2026-07-07T15:03:05.731+00:00 VCP run=1 step=0 angle=315176 target=315352 err=176 steer=0 m1=290/13750 i1=159 t1=28 m2=-383/-13750 i2=-193 t2=27 steerMode=0/-259 iSteer=-17128 driveMode=13750/16130 iDrive=176197 scale=0 wheel=40000
2026-07-07T15:03:05.737+00:00 CAN id=101 dlc=8 data=d8cf0400409c0000
2026-07-07T15:03:05.757+00:00 CAN id=101 dlc=8 data=d8cf0400409c0000
2026-07-07T15:03:05.777+00:00 CAN id=101 dlc=8 data=d8cf0400409c0000
2026-07-07T15:03:05.797+00:00 CAN id=101 dlc=8 data=d8cf0400409c0000
2026-07-07T15:03:05.817+00:00 CAN id=101 dlc=8 data=d8cf0400409c0000
2026-07-07T15:03:05.836+00:00 VCP run=1 step=0 angle=315176 target=315352 err=176 steer=0 m1=269/13750 i1=133 t1=28 m2=-300/-13750 i2=-233 t2=27 steerMode=0/405 iSteer=-50127 driveMode=13750/15419 iDrive=183314 scale=0 wheel=40000
2026-07-07T15:03:05.837+00:00 CAN id=101 dlc=8 data=d8cf0400409c0000
2026-07-07T15:03:05.857+00:00 CAN id=101 dlc=8 data=d8cf0400409c0000
2026-07-07T15:03:05.877+00:00 CAN id=101 dlc=8 data=d8cf0400409c0000
2026-07-07T15:03:05.897+00:00 CAN id=101 dlc=8 data=d8cf0400409c0000
2026-07-07T15:03:05.917+00:00 CAN id=101 dlc=8 data=d8cf0400409c0000
2026-07-07T15:03:05.937+00:00 CAN id=101 dlc=8 data=d8cf0400409c0000
2026-07-07T15:03:05.938+00:00 VCP run=1 step=0 angle=315352 target=315352 err=0 steer=0 m1=307/13750 i1=157 t1=28 m2=-310/-13750 i2=-220 t2=27 steerMode=0/23 iSteer=-31739 driveMode=13750/14892 iDrive=188578 scale=0 wheel=40000
2026-07-07T15:03:05.938+00:00 VCP SET_TARGET_RX steer=315352 wheel=40000
2026-07-07T15:03:05.957+00:00 CAN id=101 dlc=8 data=d8cf0400409c0000
2026-07-07T15:03:05.977+00:00 CAN id=101 dlc=8 data=d8cf0400409c0000
2026-07-07T15:03:05.997+00:00 CAN id=101 dlc=8 data=d8cf0400409c0000
2026-07-07T15:03:06.017+00:00 CAN id=101 dlc=8 data=d8cf0400409c0000
2026-07-07T15:03:06.037+00:00 CAN id=101 dlc=8 data=d8cf0400409c0000
2026-07-07T15:03:06.058+00:00 CAN id=101 dlc=8 data=d8cf0400409c0000
2026-07-07T15:03:06.077+00:00 CAN id=101 dlc=8 data=d8cf0400409c0000
2026-07-07T15:03:06.097+00:00 CAN id=101 dlc=8 data=d8cf0400409c0000
2026-07-07T15:03:06.117+00:00 CAN id=101 dlc=8 data=d8cf0400409c0000
2026-07-07T15:03:06.126+00:00 VCP run=1 step=0 angle=315264 target=315352 err=88 steer=0 m1=305/13750 i1=151 t1=28 m2=-277/-13750 i2=-216 t2=27 steerMode=0/38 iSteer=-32436 driveMode=13750/15377 iDrive=183732 scale=0 wheel=40000
2026-07-07T15:03:06.126+00:00 VCP run=1 step=0 angle=315264 target=315352 err=88 steer=0 m1=276/13750 i1=160 t1=28 m2=-252/-13750 i2=-204 t2=27 steerMode=0/-155 iSteer=-22260 driveMode=13750/15563 iDrive=181874 scale=0 wheel=40000
2026-07-07T15:03:06.137+00:00 CAN id=101 dlc=8 data=d8cf0400409c0000
2026-07-07T15:03:06.157+00:00 CAN id=101 dlc=8 data=d8cf0400409c0000
2026-07-07T15:03:06.177+00:00 CAN id=101 dlc=8 data=d8cf0400409c0000
2026-07-07T15:03:06.197+00:00 CAN id=101 dlc=8 data=d8cf0400409c0000
2026-07-07T15:03:06.217+00:00 CAN id=101 dlc=8 data=d8cf0400409c0000
2026-07-07T15:03:06.231+00:00 VCP run=1 step=0 angle=315264 target=315352 err=88 steer=0 m1=297/13750 i1=150 t1=28 m2=-227/-13750 i2=-228 t2=27 steerMode=0/160 iSteer=-38998 driveMode=13750/14879 iDrive=188710 scale=0 wheel=40000
2026-07-07T15:03:06.237+00:00 CAN id=101 dlc=8 data=d8cf0400409c0000
2026-07-07T15:03:06.257+00:00 CAN id=101 dlc=8 data=d8cf0400409c0000
2026-07-07T15:03:06.277+00:00 CAN id=101 dlc=8 data=d8cf0400409c0000
2026-07-07T15:03:06.297+00:00 CAN id=101 dlc=8 data=d8cf0400409c0000
2026-07-07T15:03:06.317+00:00 CAN id=101 dlc=8 data=d8cf0400409c0000
2026-07-07T15:03:06.336+00:00 VCP run=1 step=0 angle=315264 target=315352 err=88 steer=0 m1=282/13750 i1=146 t1=28 m2=-273/-13750 i2=-240 t2=27 steerMode=0/300 iSteer=-46658 driveMode=13750/14453 iDrive=192968 scale=0 wheel=40000
2026-07-07T15:03:06.337+00:00 CAN id=101 dlc=8 data=d8cf0400409c0000
2026-07-07T15:03:06.357+00:00 CAN id=101 dlc=8 data=d8cf0400409c0000
2026-07-07T15:03:06.377+00:00 CAN id=101 dlc=8 data=d8cf0400409c0000
2026-07-07T15:03:06.397+00:00 CAN id=101 dlc=8 data=d8cf0400409c0000
2026-07-07T15:03:06.417+00:00 CAN id=101 dlc=8 data=d8cf0400409c0000
2026-07-07T15:03:06.437+00:00 CAN id=101 dlc=8 data=d8cf0400409c0000
2026-07-07T15:03:06.438+00:00 VCP run=1 step=0 angle=315264 target=315352 err=88 steer=0 m1=221/13750 i1=165 t1=28 m2=-306/-13750 i2=-244 t2=27 steerMode=0/154 iSteer=-39907 driveMode=13750/13341 iDrive=204551 scale=0 wheel=40000
2026-07-07T15:03:06.438+00:00 VCP SET_TARGET_RX steer=315352 wheel=40000
2026-07-07T15:03:06.457+00:00 CAN id=101 dlc=8 data=d8cf0400409c0000
2026-07-07T15:03:06.477+00:00 CAN id=101 dlc=8 data=d8cf0400409c0000
2026-07-07T15:03:06.497+00:00 CAN id=101 dlc=8 data=d8cf0400409c0000
2026-07-07T15:03:06.517+00:00 CAN id=101 dlc=8 data=d8cf0400409c0000
2026-07-07T15:03:06.537+00:00 CAN id=101 dlc=8 data=d8cf0400409c0000
2026-07-07T15:03:06.557+00:00 CAN id=101 dlc=8 data=d8cf0400409c0000
2026-07-07T15:03:06.577+00:00 CAN id=101 dlc=8 data=d8cf0400409c0000
2026-07-07T15:03:06.597+00:00 CAN id=101 dlc=8 data=d8cf0400409c0000
2026-07-07T15:03:06.617+00:00 CAN id=101 dlc=8 data=d8cf0400409c0000
2026-07-07T15:03:06.626+00:00 VCP run=1 step=0 angle=315264 target=315352 err=88 steer=0 m1=232/13750 i1=146 t1=28 m2=-325/-13750 i2=-262 t2=27 steerMode=0/526 iSteer=-58290 driveMode=13750/13498 iDrive=203823 scale=0 wheel=40000
2026-07-07T15:03:06.626+00:00 VCP run=1 step=0 angle=315264 target=315352 err=88 steer=0 m1=234/13750 i1=172 t1=28 m2=-325/-13750 i2=-236 t2=27 steerMode=0/14 iSteer=-32062 driveMode=13750/13493 iDrive=204416 scale=0 wheel=40000
2026-07-07T15:03:06.637+00:00 CAN id=101 dlc=8 data=d8cf0400409c0000
2026-07-07T15:03:06.657+00:00 CAN id=101 dlc=8 data=d8cf0400409c0000
2026-07-07T15:03:06.677+00:00 CAN id=101 dlc=8 data=d8cf0400409c0000
2026-07-07T15:03:06.697+00:00 CAN id=101 dlc=8 data=d8cf0400409c0000
2026-07-07T15:03:06.717+00:00 CAN id=101 dlc=8 data=d8cf0400409c0000
2026-07-07T15:03:06.731+00:00 VCP run=1 step=0 angle=315439 target=315352 err=-87 steer=0 m1=221/13750 i1=165 t1=28 m2=-293/-13750 i2=-250 t2=27 steerMode=0/225 iSteer=-42183 driveMode=13750/13232 iDrive=207594 scale=0 wheel=40000
2026-07-07T15:03:06.737+00:00 CAN id=101 dlc=8 data=d8cf0400409c0000
2026-07-07T15:03:06.757+00:00 CAN id=101 dlc=8 data=d8cf0400409c0000
2026-07-07T15:03:06.777+00:00 CAN id=101 dlc=8 data=d8cf0400409c0000
2026-07-07T15:03:06.797+00:00 CAN id=101 dlc=8 data=d8cf0400409c0000
2026-07-07T15:03:06.817+00:00 CAN id=101 dlc=8 data=d8cf0400409c0000
2026-07-07T15:03:06.836+00:00 VCP run=1 step=0 angle=315439 target=315352 err=-87 steer=0 m1=242/13750 i1=190 t1=28 m2=-342/-13750 i2=-215 t2=27 steerMode=0/-350 iSteer=-12590 driveMode=13750/13786 iDrive=202565 scale=0 wheel=40000
2026-07-07T15:03:06.837+00:00 CAN id=101 dlc=8 data=d8cf0400409c0000
2026-07-07T15:03:06.857+00:00 CAN id=101 dlc=8 data=d8cf0400409c0000
2026-07-07T15:03:06.877+00:00 CAN id=101 dlc=8 data=d8cf0400409c0000
2026-07-07T15:03:06.897+00:00 CAN id=101 dlc=8 data=d8cf0400409c0000
2026-07-07T15:03:06.917+00:00 CAN id=101 dlc=8 data=d8cf0400409c0000
2026-07-07T15:03:06.937+00:00 CAN id=101 dlc=8 data=d8cf0400409c0000
2026-07-07T15:03:06.938+00:00 VCP run=1 step=0 angle=315703 target=315352 err=-351 steer=0 m1=221/13750 i1=168 t1=28 m2=-245/-13750 i2=-257 t2=27 steerMode=0/291 iSteer=-44574 driveMode=13750/12872 iDrive=212487 scale=0 wheel=40000
2026-07-07T15:03:06.938+00:00 VCP SET_TARGET_RX steer=315352 wheel=40000
2026-07-07T15:03:06.957+00:00 CAN id=101 dlc=8 data=d8cf0400409c0000
2026-07-07T15:03:06.977+00:00 CAN id=101 dlc=8 data=d8cf0400409c0000
2026-07-07T15:03:06.997+00:00 CAN id=101 dlc=8 data=d8cf0400409c0000
2026-07-07T15:03:07.017+00:00 CAN id=101 dlc=8 data=d8cf0400409c0000
2026-07-07T15:03:07.037+00:00 CAN id=101 dlc=8 data=d8cf0400409c0000
2026-07-07T15:03:07.057+00:00 CAN id=101 dlc=8 data=d8cf0400409c0000
2026-07-07T15:03:07.077+00:00 CAN id=101 dlc=8 data=d8cf0400409c0000
2026-07-07T15:03:07.097+00:00 CAN id=101 dlc=8 data=d8cf0400409c0000
2026-07-07T15:03:07.117+00:00 CAN id=101 dlc=8 data=d8cf0400409c0000
2026-07-07T15:03:07.125+00:00 VCP run=1 step=0 angle=315703 target=315352 err=-351 steer=0 m1=223/13750 i1=211 t1=28 m2=-279/-13750 i2=-224 t2=27 steerMode=0/-474 iSteer=-6774 driveMode=13750/12648 iDrive=217601 scale=0 wheel=40000
2026-07-07T15:03:07.125+00:00 VCP run=1 step=0 angle=315703 target=315352 err=-351 steer=0 m1=240/13750 i1=188 t1=28 m2=-281/-13750 i2=-229 t2=27 steerMode=0/-202 iSteer=-20170 driveMode=13750/13677 iDrive=208540 scale=0 wheel=40000
2026-07-07T15:03:07.137+00:00 CAN id=101 dlc=8 data=d8cf0400409c0000
2026-07-07T15:03:07.157+00:00 CAN id=101 dlc=8 data=d8cf0400409c0000
2026-07-07T15:03:07.177+00:00 CAN id=101 dlc=8 data=d8cf0400409c0000
2026-07-07T15:03:07.197+00:00 CAN id=101 dlc=8 data=d8cf0400409c0000
2026-07-07T15:03:07.217+00:00 CAN id=101 dlc=8 data=d8cf0400409c0000
2026-07-07T15:03:07.230+00:00 VCP run=1 step=0 angle=315791 target=315352 err=-439 steer=0 m1=290/13750 i1=157 t1=28 m2=-281/-13750 i2=-244 t2=27 steerMode=0/270 iSteer=-43662 driveMode=13750/14477 iDrive=200225 scale=0 wheel=40000
2026-07-07T15:03:07.237+00:00 CAN id=101 dlc=8 data=d8cf0400409c0000
2026-07-07T15:03:07.257+00:00 CAN id=101 dlc=8 data=d8cf0400409c0000
2026-07-07T15:03:07.277+00:00 CAN id=101 dlc=8 data=d8cf0400409c0000
2026-07-07T15:03:07.297+00:00 CAN id=101 dlc=8 data=d8cf0400409c0000
2026-07-07T15:03:07.317+00:00 CAN id=101 dlc=8 data=d8cf0400409c0000
2026-07-07T15:03:07.334+00:00 VCP run=1 step=0 angle=315879 target=315352 err=-527 steer=-200 m1=267/12650 i1=110 t1=28 m2=-300/-14850 i2=-289 t2=27 steerMode=-1100/78 iSteer=-89273 driveMode=13750/14386 iDrive=199766 scale=0 wheel=40000
2026-07-07T15:03:07.337+00:00 CAN id=101 dlc=8 data=d8cf0400409c0000
2026-07-07T15:03:07.357+00:00 CAN id=101 dlc=8 data=d8cf0400409c0000
2026-07-07T15:03:07.377+00:00 CAN id=101 dlc=8 data=d8cf0400409c0000
2026-07-07T15:03:07.397+00:00 CAN id=101 dlc=8 data=d8cf0400409c0000
2026-07-07T15:03:07.417+00:00 CAN id=101 dlc=8 data=d8cf0400409c0000
2026-07-07T15:03:07.436+00:00 VCP run=1 step=0 angle=315615 target=315352 err=-263 steer=0 m1=292/13750 i1=174 t1=28 m2=-250/-13750 i2=-217 t2=27 steerMode=0/-154 iSteer=-21624 driveMode=13750/14623 iDrive=195407 scale=0 wheel=40000
2026-07-07T15:03:07.436+00:00 VCP SET_TARGET_RX steer=315352 wheel=40000
2026-07-07T15:03:07.437+00:00 CAN id=101 dlc=8 data=d8cf0400409c0000
2026-07-07T15:03:07.457+00:00 CAN id=101 dlc=8 data=d8cf0400409c0000
2026-07-07T15:03:07.477+00:00 CAN id=101 dlc=8 data=d8cf0400409c0000
2026-07-07T15:03:07.497+00:00 CAN id=101 dlc=8 data=d8cf0400409c0000
2026-07-07T15:03:07.517+00:00 CAN id=101 dlc=8 data=d8cf0400409c0000
2026-07-07T15:03:07.537+00:00 CAN id=101 dlc=8 data=d8cf0400409c0000
2026-07-07T15:03:07.557+00:00 CAN id=101 dlc=8 data=d8cf0400409c0000
2026-07-07T15:03:07.577+00:00 CAN id=101 dlc=8 data=d8cf0400409c0000
2026-07-07T15:03:07.597+00:00 CAN id=101 dlc=8 data=d8cf0400409c0000
2026-07-07T15:03:07.617+00:00 CAN id=101 dlc=8 data=d8cf0400409c0000
2026-07-07T15:03:07.623+00:00 VCP run=1 step=0 angle=315615 target=315352 err=-263 steer=0 m1=276/13750 i1=150 t1=28 m2=-333/-13750 i2=-248 t2=27 steerMode=0/371 iSteer=-48626 driveMode=13750/14097 iDrive=199103 scale=0 wheel=40000
2026-07-07T15:03:07.624+00:00 VCP run=1 step=0 angle=315703 target=315352 err=-351 steer=0 m1=284/13750 i1=146 t1=28 m2=-252/-13750 i2=-259 t2=27 steerMode=0/529 iSteer=-56799 driveMode=13750/13712 iDrive=202531 scale=0 wheel=40000
2026-07-07T15:03:07.637+00:00 CAN id=101 dlc=8 data=d8cf0400409c0000
2026-07-07T15:03:07.657+00:00 CAN id=101 dlc=8 data=d8cf0400409c0000
2026-07-07T15:03:07.677+00:00 CAN id=101 dlc=8 data=d8cf0400409c0000
2026-07-07T15:03:07.697+00:00 CAN id=101 dlc=8 data=d8cf0400409c0000
2026-07-07T15:03:07.717+00:00 CAN id=101 dlc=8 data=d8cf0400409c0000
2026-07-07T15:03:07.728+00:00 VCP run=1 step=0 angle=315791 target=315352 err=-439 steer=0 m1=255/13750 i1=156 t1=28 m2=-199/-13750 i2=-273 t2=27 steerMode=0/533 iSteer=-58326 driveMode=13750/12606 iDrive=214459 scale=0 wheel=40000
2026-07-07T15:03:07.737+00:00 CAN id=101 dlc=8 data=d8cf0400409c0000
2026-07-07T15:03:07.757+00:00 CAN id=101 dlc=8 data=d8cf0400409c0000
2026-07-07T15:03:07.777+00:00 CAN id=101 dlc=8 data=d8cf0400409c0000
2026-07-07T15:03:07.797+00:00 CAN id=101 dlc=8 data=d8cf0400409c0000
2026-07-07T15:03:07.817+00:00 CAN id=101 dlc=8 data=d8cf0400409c0000
2026-07-07T15:03:07.833+00:00 VCP run=1 step=0 angle=315791 target=315352 err=-439 steer=0 m1=200/13750 i1=222 t1=28 m2=-241/-13750 i2=-233 t2=27 steerMode=0/-579 iSteer=-5743 driveMode=13750/11616 iDrive=227264 scale=0 wheel=40000
2026-07-07T15:03:07.837+00:00 CAN id=101 dlc=8 data=d8cf0400409c0000
2026-07-07T15:03:07.857+00:00 CAN id=101 dlc=8 data=d8cf0400409c0000
2026-07-07T15:03:07.877+00:00 CAN id=101 dlc=8 data=d8cf0400409c0000
2026-07-07T15:03:07.897+00:00 CAN id=101 dlc=8 data=d8cf0400409c0000
2026-07-07T15:03:07.917+00:00 CAN id=101 dlc=8 data=d8cf0400409c0000
2026-07-07T15:03:07.934+00:00 VCP run=1 step=0 angle=315879 target=315352 err=-527 steer=-263 m1=182/12301 i1=164 t1=28 m2=-291/-15199 i2=-291 t2=27 steerMode=-1449/-915 iSteer=-63665 driveMode=13750/12019 iDrive=227275 scale=0 wheel=40000
2026-07-07T15:03:07.934+00:00 VCP SET_TARGET_RX steer=315352 wheel=40000
2026-07-07T15:03:07.937+00:00 CAN id=101 dlc=8 data=d8cf0400409c0000
2026-07-07T15:03:07.957+00:00 CAN id=101 dlc=8 data=d8cf0400409c0000
2026-07-07T15:03:07.977+00:00 CAN id=101 dlc=8 data=d8cf0400409c0000
2026-07-07T15:03:07.997+00:00 CAN id=101 dlc=8 data=d8cf0400409c0000
2026-07-07T15:03:08.017+00:00 CAN id=101 dlc=8 data=d8cf0400409c0000
2026-07-07T15:03:08.037+00:00 CAN id=101 dlc=8 data=d8cf0400409c0000
2026-07-07T15:03:08.038+00:00 VCP run=1 step=0 angle=315879 target=315352 err=-527 steer=-263 m1=228/12301 i1=70 t1=28 m2=-222/-15199 i2=-404 t2=27 steerMode=-1449/1176 iSteer=-167242 driveMode=13750/11369 iDrive=236905 scale=0 wheel=40000
2026-07-07T15:03:08.057+00:00 CAN id=101 dlc=8 data=d8cf0400409c0000
2026-07-07T15:03:08.077+00:00 CAN id=101 dlc=8 data=d8cf0400409c0000
2026-07-07T15:03:08.097+00:00 CAN id=101 dlc=8 data=d8cf0400409c0000
2026-07-07T15:03:08.117+00:00 CAN id=101 dlc=8 data=d8cf0400409c0000
2026-07-07T15:03:08.137+00:00 CAN id=101 dlc=8 data=d8cf0400409c0000
2026-07-07T15:03:08.157+00:00 CAN id=101 dlc=8 data=d8cf0400409c0000
2026-07-07T15:03:08.177+00:00 CAN id=101 dlc=8 data=d8cf0400409c0000
2026-07-07T15:03:08.197+00:00 CAN id=101 dlc=8 data=d8cf0400409c0000
2026-07-07T15:03:08.217+00:00 CAN id=101 dlc=8 data=d8cf0400409c0000
2026-07-07T15:03:08.225+00:00 VCP run=1 step=0 angle=315879 target=315352 err=-527 steer=-263 m1=209/12301 i1=170 t1=28 m2=-277/-15199 i2=-320 t2=27 steerMode=-1449/-751 iSteer=-74717 driveMode=13750/10988 iDrive=245119 scale=0 wheel=40000
2026-07-07T15:03:08.225+00:00 VCP run=1 step=0 angle=315791 target=315352 err=-439 steer=0 m1=307/13750 i1=175 t1=28 m2=-206/-13750 i2=-279 t2=27 steerMode=0/261 iSteer=-51961 driveMode=13750/13067 iDrive=227218 scale=0 wheel=40000
2026-07-07T15:03:08.237+00:00 CAN id=101 dlc=8 data=d8cf0400409c0000
2026-07-07T15:03:08.257+00:00 CAN id=101 dlc=8 data=d8cf0400409c0000
2026-07-07T15:03:08.277+00:00 CAN id=101 dlc=8 data=d8cf0400409c0000
2026-07-07T15:03:08.297+00:00 CAN id=101 dlc=8 data=d8cf0400409c0000
2026-07-07T15:03:08.317+00:00 CAN id=101 dlc=8 data=d8cf0400409c0000
2026-07-07T15:03:08.330+00:00 VCP run=1 step=0 angle=315791 target=315352 err=-439 steer=0 m1=253/13750 i1=185 t1=28 m2=-312/-13750 i2=-241 t2=27 steerMode=0/-236 iSteer=-28070 driveMode=13750/14489 iDrive=213116 scale=0 wheel=40000
2026-07-07T15:03:08.337+00:00 CAN id=101 dlc=8 data=d8cf0400409c0000
2026-07-07T15:03:08.357+00:00 CAN id=101 dlc=8 data=d8cf0400409c0000
2026-07-07T15:03:08.377+00:00 CAN id=101 dlc=8 data=d8cf0400409c0000
2026-07-07T15:03:08.397+00:00 CAN id=101 dlc=8 data=d8cf0400409c0000
2026-07-07T15:03:08.417+00:00 BENCH disable sent
2026-07-07T15:03:08.417+00:00 CAN id=121 dlc=2 data=0100
2026-07-07T15:03:08.417+00:00 CAN id=121 dlc=2 data=0100
2026-07-07T15:03:08.530+00:00 VCP run=1 step=0 angle=315879 target=315352 err=-527 steer=-263 m1=274/12301 i1=92 t1=28 m2=-285/-15199 i2=-304 t2=27 steerMode=-1449/-151 iSteer=-105808 driveMode=13750/15705 iDrive=198099 scale=0 wheel=40000
2026-07-07T15:03:08.530+00:00 VCP UNIT_CTRL enable=0
2026-07-07T15:03:08.530+00:00 VCP UNIT_CTRL enable=0
2026-07-07T15:03:08.530+00:00 VCP STOP: disabled
2026-07-07T15:03:08.818+00:00 BENCH log closed
