2026-07-07T15:03:09.862+00:00 BENCH log opened: firmware/logs/baked-clamp250-rpm25.log
2026-07-07T15:03:09.863+00:00 BENCH run: steer=315.352deg (315352mdeg) wheel=25.0rpm (25000milli-rpm) rate=50.0Hz duration=10.0s
2026-07-07T15:03:09.863+00:00 BENCH enable sent
2026-07-07T15:03:09.863+00:00 CAN id=121 dlc=2 data=0101
2026-07-07T15:03:09.863+00:00 CAN id=101 dlc=8 data=d8cf0400a8610000
2026-07-07T15:03:09.883+00:00 CAN id=101 dlc=8 data=d8cf0400a8610000
2026-07-07T15:03:09.887+00:00 VCP SET_TARGET_RX steer=315352 wheel=25000
2026-07-07T15:03:09.887+00:00 VCP START_CAN: angle=316143 target=315352 wheelTarget=25000
2026-07-07T15:03:09.903+00:00 CAN id=101 dlc=8 data=d8cf0400a8610000
2026-07-07T15:03:09.924+00:00 CAN id=101 dlc=8 data=d8cf0400a8610000
2026-07-07T15:03:09.943+00:00 CAN id=101 dlc=8 data=d8cf0400a8610000
2026-07-07T15:03:09.963+00:00 CAN id=101 dlc=8 data=d8cf0400a8610000
2026-07-07T15:03:09.985+00:00 CAN id=101 dlc=8 data=d8cf0400a8610000
2026-07-07T15:03:10.003+00:00 CAN id=101 dlc=8 data=d8cf0400a8610000
2026-07-07T15:03:10.023+00:00 CAN id=101 dlc=8 data=d8cf0400a8610000
2026-07-07T15:03:10.043+00:00 CAN id=101 dlc=8 data=d8cf0400a8610000
2026-07-07T15:03:10.063+00:00 CAN id=101 dlc=8 data=d8cf0400a8610000
2026-07-07T15:03:10.071+00:00 VCP run=1 step=0 angle=316143 target=315352 err=-791 steer=-300 m1=0/-1238 i1=-79 t1=28 m2=0/-2063 i2=-87 t2=27 steerMode=-1650/0 iSteer=-82797 driveMode=413/0 iDrive=4175 scale=0 wheel=1200
2026-07-07T15:03:10.071+00:00 VCP run=1 step=0 angle=316143 target=315352 err=-791 steer=-395 m1=0/4357 i1=-42 t1=28 m2=-3/-8705 i2=-185 t2=27 steerMode=-2174/-15 iSteer=-113972 driveMode=6531/13 iDrive=71522 scale=0 wheel=19000
2026-07-07T15:03:10.083+00:00 CAN id=101 dlc=8 data=d8cf0400a8610000
2026-07-07T15:03:10.103+00:00 CAN id=101 dlc=8 data=d8cf0400a8610000
2026-07-07T15:03:10.123+00:00 CAN id=101 dlc=8 data=d8cf0400a8610000
2026-07-07T15:03:10.143+00:00 CAN id=101 dlc=8 data=d8cf0400a8610000
2026-07-07T15:03:10.163+00:00 CAN id=101 dlc=8 data=d8cf0400a8610000
2026-07-07T15:03:10.176+00:00 VCP run=1 step=0 angle=316143 target=315352 err=-791 steer=-395 m1=0/6420 i1=-13 t1=28 m2=0/-10768 i2=-228 t2=27 steerMode=-2174/-9 iSteer=-120247 driveMode=8594/9 iDrive=107579 scale=0 wheel=25000
2026-07-07T15:03:10.183+00:00 CAN id=101 dlc=8 data=d8cf0400a8610000
2026-07-07T15:03:10.203+00:00 CAN id=101 dlc=8 data=d8cf0400a8610000
2026-07-07T15:03:10.223+00:00 CAN id=101 dlc=8 data=d8cf0400a8610000
2026-07-07T15:03:10.243+00:00 CAN id=101 dlc=8 data=d8cf0400a8610000
2026-07-07T15:03:10.263+00:00 CAN id=101 dlc=8 data=d8cf0400a8610000
2026-07-07T15:03:10.282+00:00 VCP run=1 step=0 angle=316143 target=315352 err=-791 steer=-395 m1=0/6420 i1=-3 t1=28 m2=0/-10768 i2=-250 t2=27 steerMode=-2174/-6 iSteer=-126530 driveMode=8594/6 iDrive=123752 scale=0 wheel=25000
2026-07-07T15:03:10.283+00:00 CAN id=101 dlc=8 data=d8cf0400a8610000
2026-07-07T15:03:10.303+00:00 CAN id=101 dlc=8 data=d8cf0400a8610000
2026-07-07T15:03:10.323+00:00 CAN id=101 dlc=8 data=d8cf0400a8610000
2026-07-07T15:03:10.343+00:00 CAN id=101 dlc=8 data=d8cf0400a8610000
2026-07-07T15:03:10.363+00:00 CAN id=101 dlc=8 data=d8cf0400a8610000
2026-07-07T15:03:10.383+00:00 CAN id=101 dlc=8 data=d8cf0400a8610000
2026-07-07T15:03:10.384+00:00 VCP run=1 step=0 angle=316143 target=315352 err=-791 steer=-395 m1=0/6420 i1=7 t1=28 m2=0/-10768 i2=-272 t2=27 steerMode=-2174/-9 iSteer=-132489 driveMode=8594/9 iDrive=139863 scale=0 wheel=25000
2026-07-07T15:03:10.384+00:00 VCP SET_TARGET_RX steer=315352 wheel=25000
2026-07-07T15:03:10.403+00:00 CAN id=101 dlc=8 data=d8cf0400a8610000
2026-07-07T15:03:10.423+00:00 CAN id=101 dlc=8 data=d8cf0400a8610000
2026-07-07T15:03:10.443+00:00 CAN id=101 dlc=8 data=d8cf0400a8610000
2026-07-07T15:03:10.463+00:00 CAN id=101 dlc=8 data=d8cf0400a8610000
2026-07-07T15:03:10.483+00:00 CAN id=101 dlc=8 data=d8cf0400a8610000
2026-07-07T15:03:10.503+00:00 CAN id=101 dlc=8 data=d8cf0400a8610000
2026-07-07T15:03:10.523+00:00 CAN id=101 dlc=8 data=d8cf0400a8610000
2026-07-07T15:03:10.543+00:00 CAN id=101 dlc=8 data=d8cf0400a8610000
2026-07-07T15:03:10.563+00:00 CAN id=101 dlc=8 data=d8cf0400a8610000
2026-07-07T15:03:10.572+00:00 VCP run=1 step=0 angle=316143 target=315352 err=-791 steer=-395 m1=0/6420 i1=17 t1=28 m2=0/-10768 i2=-295 t2=27 steerMode=-2174/-4 iSteer=-138833 driveMode=8594/4 iDrive=156046 scale=0 wheel=25000
2026-07-07T15:03:10.572+00:00 VCP run=1 step=0 angle=316143 target=315352 err=-791 steer=-395 m1=0/6420 i1=28 t1=28 m2=-3/-10768 i2=-316 t2=27 steerMode=-2174/-25 iSteer=-143894 driveMode=8594/25 iDrive=171989 scale=0 wheel=25000
2026-07-07T15:03:10.583+00:00 CAN id=101 dlc=8 data=d8cf0400a8610000
2026-07-07T15:03:10.603+00:00 CAN id=101 dlc=8 data=d8cf0400a8610000
2026-07-07T15:03:10.623+00:00 CAN id=101 dlc=8 data=d8cf0400a8610000
2026-07-07T15:03:10.643+00:00 CAN id=101 dlc=8 data=d8cf0400a8610000
2026-07-07T15:03:10.663+00:00 CAN id=101 dlc=8 data=d8cf0400a8610000
2026-07-07T15:03:10.677+00:00 VCP run=1 step=0 angle=316143 target=315352 err=-791 steer=-395 m1=0/6420 i1=37 t1=28 m2=0/-10768 i2=-339 t2=27 steerMode=-2174/-1 iSteer=-151146 driveMode=8594/1 iDrive=188189 scale=0 wheel=25000
2026-07-07T15:03:10.683+00:00 CAN id=101 dlc=8 data=d8cf0400a8610000
2026-07-07T15:03:10.703+00:00 CAN id=101 dlc=8 data=d8cf0400a8610000
2026-07-07T15:03:10.723+00:00 CAN id=101 dlc=8 data=d8cf0400a8610000
2026-07-07T15:03:10.743+00:00 CAN id=101 dlc=8 data=d8cf0400a8610000
2026-07-07T15:03:10.763+00:00 CAN id=101 dlc=8 data=d8cf0400a8610000
2026-07-07T15:03:10.782+00:00 VCP run=1 step=0 angle=316143 target=315352 err=-791 steer=-395 m1=0/6420 i1=48 t1=28 m2=0/-10768 i2=-361 t2=27 steerMode=-2174/-18 iSteer=-156391 driveMode=8594/18 iDrive=204160 scale=0 wheel=25000
2026-07-07T15:03:10.783+00:00 CAN id=101 dlc=8 data=d8cf0400a8610000
2026-07-07T15:03:10.803+00:00 CAN id=101 dlc=8 data=d8cf0400a8610000
2026-07-07T15:03:10.823+00:00 CAN id=101 dlc=8 data=d8cf0400a8610000
2026-07-07T15:03:10.843+00:00 CAN id=101 dlc=8 data=d8cf0400a8610000
2026-07-07T15:03:10.863+00:00 CAN id=101 dlc=8 data=d8cf0400a8610000
2026-07-07T15:03:10.883+00:00 CAN id=101 dlc=8 data=d8cf0400a8610000
2026-07-07T15:03:10.884+00:00 VCP run=1 step=0 angle=316143 target=315352 err=-791 steer=-395 m1=0/6420 i1=57 t1=28 m2=0/-10768 i2=-383 t2=27 steerMode=-2174/-12 iSteer=-162740 driveMode=8594/8 iDrive=220221 scale=0 wheel=25000
2026-07-07T15:03:10.884+00:00 VCP SET_TARGET_RX steer=315352 wheel=25000
2026-07-07T15:03:10.903+00:00 CAN id=101 dlc=8 data=d8cf0400a8610000
2026-07-07T15:03:10.923+00:00 CAN id=101 dlc=8 data=d8cf0400a8610000
2026-07-07T15:03:10.943+00:00 CAN id=101 dlc=8 data=d8cf0400a8610000
2026-07-07T15:03:10.963+00:00 CAN id=101 dlc=8 data=d8cf0400a8610000
2026-07-07T15:03:10.983+00:00 CAN id=101 dlc=8 data=d8cf0400a8610000
2026-07-07T15:03:11.003+00:00 CAN id=101 dlc=8 data=d8cf0400a8610000
2026-07-07T15:03:11.023+00:00 CAN id=101 dlc=8 data=d8cf0400a8610000
2026-07-07T15:03:11.043+00:00 CAN id=101 dlc=8 data=d8cf0400a8610000
2026-07-07T15:03:11.063+00:00 CAN id=101 dlc=8 data=d8cf0400a8610000
2026-07-07T15:03:11.072+00:00 VCP run=1 step=0 angle=316143 target=315352 err=-791 steer=-395 m1=0/6420 i1=68 t1=28 m2=0/-10768 i2=-404 t2=27 steerMode=-2174/-26 iSteer=-168135 driveMode=8594/26 iDrive=236177 scale=0 wheel=25000
2026-07-07T15:03:11.072+00:00 VCP run=1 step=0 angle=316143 target=315352 err=-791 steer=-395 m1=0/6420 i1=80 t1=28 m2=-3/-10768 i2=-424 t2=27 steerMode=-2174/-64 iSteer=-172203 driveMode=8594/63 iDrive=251745 scale=0 wheel=25000
2026-07-07T15:03:11.083+00:00 CAN id=101 dlc=8 data=d8cf0400a8610000
2026-07-07T15:03:11.103+00:00 CAN id=101 dlc=8 data=d8cf0400a8610000
2026-07-07T15:03:11.123+00:00 CAN id=101 dlc=8 data=d8cf0400a8610000
2026-07-07T15:03:11.143+00:00 CAN id=101 dlc=8 data=d8cf0400a8610000
2026-07-07T15:03:11.163+00:00 CAN id=101 dlc=8 data=d8cf0400a8610000
2026-07-07T15:03:11.177+00:00 VCP run=1 step=0 angle=315879 target=315352 err=-527 steer=-263 m1=0/7145 i1=278 t1=28 m2=-166/-10043 i2=-176 t2=27 steerMode=-1449/-3825 iSteer=50691 driveMode=8594/3837 iDrive=227140 scale=0 wheel=25000
2026-07-07T15:03:11.183+00:00 CAN id=101 dlc=8 data=d8cf0400a8610000
2026-07-07T15:03:11.203+00:00 CAN id=101 dlc=8 data=d8cf0400a8610000
2026-07-07T15:03:11.223+00:00 CAN id=101 dlc=8 data=d8cf0400a8610000
2026-07-07T15:03:11.243+00:00 CAN id=101 dlc=8 data=d8cf0400a8610000
2026-07-07T15:03:11.264+00:00 CAN id=101 dlc=8 data=d8cf0400a8610000
2026-07-07T15:03:11.282+00:00 VCP run=1 step=0 angle=314648 target=315352 err=704 steer=352 m1=0/10529 i1=433 t1=28 m2=-74/-6659 i2=-57 t2=27 steerMode=1935/-2959 iSteer=187993 driveMode=8594/2960 iDrive=244874 scale=0 wheel=25000
2026-07-07T15:03:11.283+00:00 CAN id=101 dlc=8 data=d8cf0400a8610000
2026-07-07T15:03:11.303+00:00 CAN id=101 dlc=8 data=d8cf0400a8610000
2026-07-07T15:03:11.323+00:00 CAN id=101 dlc=8 data=d8cf0400a8610000
2026-07-07T15:03:11.343+00:00 CAN id=101 dlc=8 data=d8cf0400a8610000
2026-07-07T15:03:11.363+00:00 CAN id=101 dlc=8 data=d8cf0400a8610000
2026-07-07T15:03:11.383+00:00 CAN id=101 dlc=8 data=d8cf0400a8610000
2026-07-07T15:03:11.383+00:00 VCP run=1 step=0 angle=314297 target=315352 err=1055 steer=528 m1=0/11495 i1=400 t1=28 m2=-51/-5692 i2=-173 t2=27 steerMode=2902/-300 iSteer=113508 driveMode=8594/272 iDrive=286204 scale=0 wheel=25000
2026-07-07T15:03:11.383+00:00 VCP SET_TARGET_RX steer=315352 wheel=25000
2026-07-07T15:03:11.403+00:00 CAN id=101 dlc=8 data=d8cf0400a8610000
2026-07-07T15:03:11.423+00:00 CAN id=101 dlc=8 data=d8cf0400a8610000
2026-07-07T15:03:11.443+00:00 CAN id=101 dlc=8 data=d8cf0400a8610000
2026-07-07T15:03:11.463+00:00 CAN id=101 dlc=8 data=d8cf0400a8610000
2026-07-07T15:03:11.483+00:00 CAN id=101 dlc=8 data=d8cf0400a8610000
2026-07-07T15:03:11.503+00:00 CAN id=101 dlc=8 data=d8cf0400a8610000
2026-07-07T15:03:11.523+00:00 CAN id=101 dlc=8 data=d8cf0400a8610000
2026-07-07T15:03:11.543+00:00 CAN id=101 dlc=8 data=d8cf0400a8610000
2026-07-07T15:03:11.563+00:00 CAN id=101 dlc=8 data=d8cf0400a8610000
2026-07-07T15:03:11.572+00:00 VCP run=1 step=0 angle=314297 target=315352 err=1055 steer=528 m1=0/11495 i1=413 t1=28 m2=0/-5692 i2=-196 t2=27 steerMode=2902/-21 iSteer=108276 driveMode=8594/21 iDrive=304310 scale=0 wheel=25000
2026-07-07T15:03:11.572+00:00 VCP run=1 step=0 angle=314297 target=315352 err=1055 steer=528 m1=0/11495 i1=436 t1=28 m2=0/-5692 i2=-205 t2=27 steerMode=2902/0 iSteer=115423 driveMode=8594/0 iDrive=320665 scale=0 wheel=25000
2026-07-07T15:03:11.583+00:00 CAN id=101 dlc=8 data=d8cf0400a8610000
2026-07-07T15:03:11.603+00:00 CAN id=101 dlc=8 data=d8cf0400a8610000
2026-07-07T15:03:11.623+00:00 CAN id=101 dlc=8 data=d8cf0400a8610000
2026-07-07T15:03:11.643+00:00 CAN id=101 dlc=8 data=d8cf0400a8610000
2026-07-07T15:03:11.663+00:00 CAN id=101 dlc=8 data=d8cf0400a8610000
2026-07-07T15:03:11.678+00:00 VCP run=1 step=0 angle=314297 target=315352 err=1055 steer=528 m1=0/11495 i1=460 t1=28 m2=0/-5692 i2=-213 t2=27 steerMode=2902/0 iSteer=123595 driveMode=8594/0 iDrive=336823 scale=0 wheel=25000
2026-07-07T15:03:11.683+00:00 CAN id=101 dlc=8 data=d8cf0400a8610000
2026-07-07T15:03:11.703+00:00 CAN id=101 dlc=8 data=d8cf0400a8610000
2026-07-07T15:03:11.723+00:00 CAN id=101 dlc=8 data=d8cf0400a8610000
2026-07-07T15:03:11.743+00:00 CAN id=101 dlc=8 data=d8cf0400a8610000
2026-07-07T15:03:11.763+00:00 CAN id=101 dlc=8 data=d8cf0400a8610000
2026-07-07T15:03:11.783+00:00 CAN id=101 dlc=8 data=d8cf0400a8610000
2026-07-07T15:03:11.783+00:00 VCP run=1 step=0 angle=314297 target=315352 err=1055 steer=528 m1=-3/11495 i1=485 t1=28 m2=0/-5692 i2=-221 t2=27 steerMode=2902/1 iSteer=131729 driveMode=8594/1 iDrive=352966 scale=0 wheel=25000
2026-07-07T15:03:11.803+00:00 CAN id=101 dlc=8 data=d8cf0400a8610000
2026-07-07T15:03:11.823+00:00 CAN id=101 dlc=8 data=d8cf0400a8610000
2026-07-07T15:03:11.843+00:00 CAN id=101 dlc=8 data=d8cf0400a8610000
2026-07-07T15:03:11.863+00:00 CAN id=101 dlc=8 data=d8cf0400a8610000
2026-07-07T15:03:11.883+00:00 CAN id=101 dlc=8 data=d8cf0400a8610000
2026-07-07T15:03:11.903+00:00 CAN id=101 dlc=8 data=d8cf0400a8610000
2026-07-07T15:03:11.923+00:00 CAN id=101 dlc=8 data=d8cf0400a8610000
2026-07-07T15:03:11.943+00:00 CAN id=101 dlc=8 data=d8cf0400a8610000
2026-07-07T15:03:11.963+00:00 CAN id=101 dlc=8 data=d8cf0400a8610000
2026-07-07T15:03:11.969+00:00 VCP run=1 step=0 angle=314297 target=315352 err=1055 steer=528 m1=0/11495 i1=509 t1=28 m2=0/-5692 i2=-229 t2=27 steerMode=2902/0 iSteer=139928 driveMode=8594/0 iDrive=369123 scale=0 wheel=25000
2026-07-07T15:03:11.969+00:00 VCP SET_TARGET_RX steer=315352 wheel=25000
2026-07-07T15:03:11.969+00:00 VCP run=1 step=0 angle=314297 target=315352 err=1055 steer=528 m1=0/11495 i1=532 t1=28 m2=0/-5692 i2=-238 t2=27 steerMode=2902/19 iSteer=147155 driveMode=8594/19 iDrive=385085 scale=0 wheel=25000
2026-07-07T15:03:11.983+00:00 CAN id=101 dlc=8 data=d8cf0400a8610000
2026-07-07T15:03:12.005+00:00 CAN id=101 dlc=8 data=d8cf0400a8610000
2026-07-07T15:03:12.023+00:00 CAN id=101 dlc=8 data=d8cf0400a8610000
2026-07-07T15:03:12.043+00:00 CAN id=101 dlc=8 data=d8cf0400a8610000
2026-07-07T15:03:12.063+00:00 CAN id=101 dlc=8 data=d8cf0400a8610000
2026-07-07T15:03:12.074+00:00 VCP run=1 step=0 angle=314297 target=315352 err=1055 steer=528 m1=127/11495 i1=419 t1=28 m2=-3/-5692 i2=-336 t2=27 steerMode=2902/2279 iSteer=41507 driveMode=8594/2290 iDrive=377943 scale=0 wheel=25000
2026-07-07T15:03:12.083+00:00 CAN id=101 dlc=8 data=d8cf0400a8610000
2026-07-07T15:03:12.103+00:00 CAN id=101 dlc=8 data=d8cf0400a8610000
2026-07-07T15:03:12.123+00:00 CAN id=101 dlc=8 data=d8cf0400a8610000
2026-07-07T15:03:12.143+00:00 CAN id=101 dlc=8 data=d8cf0400a8610000
2026-07-07T15:03:12.163+00:00 CAN id=101 dlc=8 data=d8cf0400a8610000
2026-07-07T15:03:12.180+00:00 VCP run=1 step=0 angle=316318 target=315352 err=-966 steer=-483 m1=215/5936 i1=-90 t1=28 m2=-3/-11251 i2=-781 t2=27 steerMode=-2657/6017 iSteer=-435272 driveMode=8594/6154 iDrive=345571 scale=0 wheel=25000
2026-07-07T15:03:12.183+00:00 CAN id=101 dlc=8 data=d8cf0400a8610000
2026-07-07T15:03:12.203+00:00 CAN id=101 dlc=8 data=d8cf0400a8610000
2026-07-07T15:03:12.223+00:00 CAN id=101 dlc=8 data=d8cf0400a8610000
2026-07-07T15:03:12.243+00:00 CAN id=101 dlc=8 data=d8cf0400a8610000
2026-07-07T15:03:12.263+00:00 CAN id=101 dlc=8 data=d8cf0400a8610000
2026-07-07T15:03:12.282+00:00 VCP run=1 step=0 angle=317022 target=315352 err=-1669 steer=-835 m1=18/4003 i1=269 t1=28 m2=-193/-13185 i2=-492 t2=27 steerMode=-4591/-2779 iSteer=-111629 driveMode=8594/3530 iDrive=380821 scale=0 wheel=25000
2026-07-07T15:03:12.283+00:00 CAN id=101 dlc=8 data=d8cf0400a8610000
2026-07-07T15:03:12.303+00:00 CAN id=101 dlc=8 data=d8cf0400a8610000
2026-07-07T15:03:12.323+00:00 CAN id=101 dlc=8 data=d8cf0400a8610000
2026-07-07T15:03:12.343+00:00 CAN id=101 dlc=8 data=d8cf0400a8610000
2026-07-07T15:03:12.363+00:00 CAN id=101 dlc=8 data=d8cf0400a8610000
2026-07-07T15:03:12.383+00:00 CAN id=101 dlc=8 data=d8cf0400a8610000
2026-07-07T15:03:12.384+00:00 VCP run=1 step=0 angle=314824 target=315352 err=528 steer=100 m1=267/9144 i1=460 t1=28 m2=-203/-8044 i2=-146 t2=27 steerMode=550/-2819 iSteer=156912 driveMode=8594/11536 iDrive=302662 scale=0 wheel=25000
2026-07-07T15:03:12.384+00:00 VCP SET_TARGET_RX steer=315352 wheel=25000
2026-07-07T15:03:12.403+00:00 CAN id=101 dlc=8 data=d8cf0400a8610000
2026-07-07T15:03:12.423+00:00 CAN id=101 dlc=8 data=d8cf0400a8610000
2026-07-07T15:03:12.443+00:00 CAN id=101 dlc=8 data=d8cf0400a8610000
2026-07-07T15:03:12.466+00:00 CAN id=101 dlc=8 data=d8cf0400a8610000
2026-07-07T15:03:12.483+00:00 CAN id=101 dlc=8 data=d8cf0400a8610000
2026-07-07T15:03:12.503+00:00 CAN id=101 dlc=8 data=d8cf0400a8610000
2026-07-07T15:03:12.523+00:00 CAN id=101 dlc=8 data=d8cf0400a8610000
2026-07-07T15:03:12.543+00:00 CAN id=101 dlc=8 data=d8cf0400a8610000
2026-07-07T15:03:12.563+00:00 CAN id=101 dlc=8 data=d8cf0400a8610000
2026-07-07T15:03:12.572+00:00 VCP run=1 step=0 angle=315176 target=315352 err=176 steer=0 m1=374/8594 i1=142 t1=28 m2=-363/-8594 i2=-295 t2=27 steerMode=0/1276 iSteer=-76447 driveMode=8594/18660 iDrive=218482 scale=0 wheel=25000
2026-07-07T15:03:12.572+00:00 VCP run=1 step=0 angle=315000 target=315352 err=352 steer=0 m1=391/8594 i1=171 t1=28 m2=-463/-8594 i2=-170 t2=27 steerMode=0/-252 iSteer=305 driveMode=8594/21285 iDrive=170298 scale=0 wheel=25000
2026-07-07T15:03:12.583+00:00 CAN id=101 dlc=8 data=d8cf0400a8610000
2026-07-07T15:03:12.603+00:00 CAN id=101 dlc=8 data=d8cf0400a8610000
2026-07-07T15:03:12.623+00:00 CAN id=101 dlc=8 data=d8cf0400a8610000
2026-07-07T15:03:12.643+00:00 CAN id=101 dlc=8 data=d8cf0400a8610000
2026-07-07T15:03:12.663+00:00 CAN id=101 dlc=8 data=d8cf0400a8610000
2026-07-07T15:03:12.677+00:00 VCP run=1 step=0 angle=314912 target=315352 err=440 steer=0 m1=382/8594 i1=126 t1=28 m2=-363/-8594 i2=-173 t2=27 steerMode=0/211 iSteer=-23531 driveMode=8594/21014 iDrive=149292 scale=0 wheel=25000
2026-07-07T15:03:12.683+00:00 CAN id=101 dlc=8 data=d8cf0400a8610000
2026-07-07T15:03:12.703+00:00 CAN id=101 dlc=8 data=d8cf0400a8610000
2026-07-07T15:03:12.723+00:00 CAN id=101 dlc=8 data=d8cf0400a8610000
2026-07-07T15:03:12.743+00:00 CAN id=101 dlc=8 data=d8cf0400a8610000
2026-07-07T15:03:12.763+00:00 CAN id=101 dlc=8 data=d8cf0400a8610000
2026-07-07T15:03:12.782+00:00 VCP run=1 step=0 angle=314824 target=315352 err=528 steer=250 m1=387/9969 i1=188 t1=28 m2=-402/-7219 i2=-85 t2=27 steerMode=1375/101 iSteer=51331 driveMode=8594/20030 iDrive=136777 scale=0 wheel=25000
2026-07-07T15:03:12.783+00:00 CAN id=101 dlc=8 data=d8cf0400a8610000
2026-07-07T15:03:12.803+00:00 CAN id=101 dlc=8 data=d8cf0400a8610000
2026-07-07T15:03:12.823+00:00 CAN id=101 dlc=8 data=d8cf0400a8610000
2026-07-07T15:03:12.843+00:00 CAN id=101 dlc=8 data=d8cf0400a8610000
2026-07-07T15:03:12.863+00:00 CAN id=101 dlc=8 data=d8cf0400a8610000
2026-07-07T15:03:12.883+00:00 CAN id=101 dlc=8 data=d8cf0400a8610000
2026-07-07T15:03:12.884+00:00 VCP run=1 step=0 angle=315088 target=315352 err=264 steer=0 m1=362/8594 i1=119 t1=28 m2=-369/-8594 i2=-152 t2=27 steerMode=0/75 iSteer=-16752 driveMode=8594/18229 iDrive=135351 scale=0 wheel=25000
2026-07-07T15:03:12.884+00:00 VCP SET_TARGET_RX steer=315352 wheel=25000
2026-07-07T15:03:12.903+00:00 CAN id=101 dlc=8 data=d8cf0400a8610000
2026-07-07T15:03:12.923+00:00 CAN id=101 dlc=8 data=d8cf0400a8610000
2026-07-07T15:03:12.943+00:00 CAN id=101 dlc=8 data=d8cf0400a8610000
2026-07-07T15:03:12.963+00:00 CAN id=101 dlc=8 data=d8cf0400a8610000
2026-07-07T15:03:12.983+00:00 CAN id=101 dlc=8 data=d8cf0400a8610000
2026-07-07T15:03:13.003+00:00 CAN id=101 dlc=8 data=d8cf0400a8610000
2026-07-07T15:03:13.023+00:00 CAN id=101 dlc=8 data=d8cf0400a8610000
2026-07-07T15:03:13.043+00:00 CAN id=101 dlc=8 data=d8cf0400a8610000
2026-07-07T15:03:13.063+00:00 CAN id=101 dlc=8 data=d8cf0400a8610000
2026-07-07T15:03:13.073+00:00 VCP run=1 step=0 angle=315176 target=315352 err=176 steer=0 m1=288/8594 i1=135 t1=28 m2=-312/-8594 i2=-157 t2=27 steerMode=0/-34 iSteer=-11187 driveMode=8594/15571 iDrive=146294 scale=0 wheel=25000
2026-07-07T15:03:13.073+00:00 VCP run=1 step=0 angle=315088 target=315352 err=264 steer=0 m1=249/8594 i1=143 t1=28 m2=-229/-8594 i2=-163 t2=27 steerMode=0/-59 iSteer=-10021 driveMode=8594/13774 iDrive=152879 scale=0 wheel=25000
2026-07-07T15:03:13.083+00:00 CAN id=101 dlc=8 data=d8cf0400a8610000
2026-07-07T15:03:13.103+00:00 CAN id=101 dlc=8 data=d8cf0400a8610000
2026-07-07T15:03:13.123+00:00 CAN id=101 dlc=8 data=d8cf0400a8610000
2026-07-07T15:03:13.143+00:00 CAN id=101 dlc=8 data=d8cf0400a8610000
2026-07-07T15:03:13.163+00:00 CAN id=101 dlc=8 data=d8cf0400a8610000
2026-07-07T15:03:13.178+00:00 VCP run=1 step=0 angle=315264 target=315352 err=88 steer=0 m1=219/8594 i1=139 t1=28 m2=-287/-8594 i2=-179 t2=27 steerMode=0/126 iSteer=-19965 driveMode=8594/12654 iDrive=159395 scale=0 wheel=25000
2026-07-07T15:03:13.183+00:00 CAN id=101 dlc=8 data=d8cf0400a8610000
2026-07-07T15:03:13.203+00:00 CAN id=101 dlc=8 data=d8cf0400a8610000
2026-07-07T15:03:13.223+00:00 CAN id=101 dlc=8 data=d8cf0400a8610000
2026-07-07T15:03:13.243+00:00 CAN id=101 dlc=8 data=d8cf0400a8610000
2026-07-07T15:03:13.263+00:00 CAN id=101 dlc=8 data=d8cf0400a8610000
2026-07-07T15:03:13.283+00:00 CAN id=101 dlc=8 data=d8cf0400a8610000
2026-07-07T15:03:13.283+00:00 VCP run=1 step=0 angle=315439 target=315352 err=-87 steer=0 m1=211/8594 i1=133 t1=28 m2=-275/-8594 i2=-205 t2=27 steerMode=0/444 iSteer=-36498 driveMode=8594/11694 iDrive=169001 scale=0 wheel=25000
2026-07-07T15:03:13.304+00:00 CAN id=101 dlc=8 data=d8cf0400a8610000
2026-07-07T15:03:13.323+00:00 CAN id=101 dlc=8 data=d8cf0400a8610000
2026-07-07T15:03:13.343+00:00 CAN id=101 dlc=8 data=d8cf0400a8610000
2026-07-07T15:03:13.363+00:00 CAN id=101 dlc=8 data=d8cf0400a8610000
2026-07-07T15:03:13.383+00:00 CAN id=101 dlc=8 data=d8cf0400a8610000
2026-07-07T15:03:13.385+00:00 VCP run=1 step=0 angle=315879 target=315352 err=-527 steer=-50 m1=182/8319 i1=99 t1=28 m2=-124/-8869 i2=-275 t2=27 steerMode=-275/1176 iSteer=-87839 driveMode=8594/9915 iDrive=186789 scale=0 wheel=25000
2026-07-07T15:03:13.385+00:00 VCP SET_TARGET_RX steer=315352 wheel=25000
2026-07-07T15:03:13.404+00:00 CAN id=101 dlc=8 data=d8cf0400a8610000
2026-07-07T15:03:13.423+00:00 CAN id=101 dlc=8 data=d8cf0400a8610000
2026-07-07T15:03:13.443+00:00 CAN id=101 dlc=8 data=d8cf0400a8610000
2026-07-07T15:03:13.463+00:00 CAN id=101 dlc=8 data=d8cf0400a8610000
2026-07-07T15:03:13.483+00:00 CAN id=101 dlc=8 data=d8cf0400a8610000
2026-07-07T15:03:13.503+00:00 CAN id=101 dlc=8 data=d8cf0400a8610000
2026-07-07T15:03:13.523+00:00 CAN id=101 dlc=8 data=d8cf0400a8610000
2026-07-07T15:03:13.543+00:00 CAN id=101 dlc=8 data=d8cf0400a8610000
2026-07-07T15:03:13.563+00:00 CAN id=101 dlc=8 data=d8cf0400a8610000
2026-07-07T15:03:13.571+00:00 VCP run=1 step=0 angle=315879 target=315352 err=-527 steer=-263 m1=138/7145 i1=146 t1=28 m2=-168/-10043 i2=-238 t2=27 steerMode=-1449/-901 iSteer=-46015 driveMode=8594/9409 iDrive=191843 scale=0 wheel=25000
2026-07-07T15:03:13.571+00:00 VCP run=1 step=0 angle=315879 target=315352 err=-527 steer=-263 m1=188/7145 i1=57 t1=28 m2=-124/-10043 i2=-340 t2=27 steerMode=-1449/1003 iSteer=-141613 driveMode=8594/8778 iDrive=198157 scale=0 wheel=25000
2026-07-07T15:03:13.583+00:00 CAN id=101 dlc=8 data=d8cf0400a8610000
2026-07-07T15:03:13.603+00:00 CAN id=101 dlc=8 data=d8cf0400a8610000
2026-07-07T15:03:13.624+00:00 CAN id=101 dlc=8 data=d8cf0400a8610000
2026-07-07T15:03:13.643+00:00 CAN id=101 dlc=8 data=d8cf0400a8610000
2026-07-07T15:03:13.663+00:00 CAN id=101 dlc=8 data=d8cf0400a8610000
2026-07-07T15:03:13.676+00:00 VCP run=1 step=0 angle=315879 target=315352 err=-527 steer=-263 m1=167/7145 i1=123 t1=28 m2=-99/-10043 i2=-304 t2=27 steerMode=-1449/-110 iSteer=-90490 driveMode=8594/7343 iDrive=213499 scale=0 wheel=25000
2026-07-07T15:03:13.683+00:00 CAN id=101 dlc=8 data=d8cf0400a8610000
2026-07-07T15:03:13.703+00:00 CAN id=101 dlc=8 data=d8cf0400a8610000
2026-07-07T15:03:13.724+00:00 CAN id=101 dlc=8 data=d8cf0400a8610000
2026-07-07T15:03:13.743+00:00 CAN id=101 dlc=8 data=d8cf0400a8610000
2026-07-07T15:03:13.763+00:00 CAN id=101 dlc=8 data=d8cf0400a8610000
2026-07-07T15:03:13.780+00:00 VCP run=1 step=0 angle=315879 target=315352 err=-527 steer=-263 m1=98/7145 i1=173 t1=28 m2=-174/-10043 i2=-286 t2=27 steerMode=-1449/-865 iSteer=-56667 driveMode=8594/6145 iDrive=229337 scale=0 wheel=25000
2026-07-07T15:03:13.783+00:00 CAN id=101 dlc=8 data=d8cf0400a8610000
2026-07-07T15:03:13.803+00:00 CAN id=101 dlc=8 data=d8cf0400a8610000
2026-07-07T15:03:13.823+00:00 CAN id=101 dlc=8 data=d8cf0400a8610000
2026-07-07T15:03:13.843+00:00 CAN id=101 dlc=8 data=d8cf0400a8610000
2026-07-07T15:03:13.863+00:00 CAN id=101 dlc=8 data=d8cf0400a8610000
2026-07-07T15:03:13.882+00:00 VCP run=1 step=0 angle=315791 target=315352 err=-439 steer=0 m1=161/8594 i1=201 t1=28 m2=-157/-8594 i2=-233 t2=27 steerMode=0/-231 iSteer=-16092 driveMode=8594/7756 iDrive=216616 scale=0 wheel=25000
2026-07-07T15:03:13.882+00:00 VCP SET_TARGET_RX steer=315352 wheel=25000
2026-07-07T15:03:13.883+00:00 CAN id=101 dlc=8 data=d8cf0400a8610000
2026-07-07T15:03:13.903+00:00 CAN id=101 dlc=8 data=d8cf0400a8610000
2026-07-07T15:03:13.923+00:00 CAN id=101 dlc=8 data=d8cf0400a8610000
2026-07-07T15:03:13.943+00:00 CAN id=101 dlc=8 data=d8cf0400a8610000
2026-07-07T15:03:13.963+00:00 CAN id=101 dlc=8 data=d8cf0400a8610000
2026-07-07T15:03:13.983+00:00 CAN id=101 dlc=8 data=d8cf0400a8610000
2026-07-07T15:03:14.003+00:00 CAN id=101 dlc=8 data=d8cf0400a8610000
2026-07-07T15:03:14.023+00:00 CAN id=101 dlc=8 data=d8cf0400a8610000
2026-07-07T15:03:14.043+00:00 CAN id=101 dlc=8 data=d8cf0400a8610000
2026-07-07T15:03:14.063+00:00 CAN id=101 dlc=8 data=d8cf0400a8610000
2026-07-07T15:03:14.069+00:00 VCP run=1 step=0 angle=315967 target=315352 err=-615 steer=-307 m1=131/6903 i1=120 t1=28 m2=-147/-10284 i2=-316 t2=27 steerMode=-1691/-363 iSteer=-98118 driveMode=8594/7759 iDrive=217853 scale=0 wheel=25000
2026-07-07T15:03:14.069+00:00 VCP run=1 step=0 angle=315879 target=315352 err=-527 steer=-213 m1=123/7420 i1=208 t1=28 m2=-241/-9768 i2=-216 t2=27 steerMode=-1174/-1750 iSteer=-3982 driveMode=8594/8463 iDrive=212124 scale=0 wheel=25000
2026-07-07T15:03:14.083+00:00 CAN id=101 dlc=8 data=d8cf0400a8610000
2026-07-07T15:03:14.103+00:00 CAN id=101 dlc=8 data=d8cf0400a8610000
2026-07-07T15:03:14.123+00:00 CAN id=101 dlc=8 data=d8cf0400a8610000
2026-07-07T15:03:14.143+00:00 CAN id=101 dlc=8 data=d8cf0400a8610000
2026-07-07T15:03:14.163+00:00 CAN id=101 dlc=8 data=d8cf0400a8610000
2026-07-07T15:03:14.174+00:00 VCP run=1 step=0 angle=315703 target=315352 err=-351 steer=0 m1=171/8594 i1=124 t1=28 m2=-153/-8594 i2=-303 t2=27 steerMode=0/1146 iSteer=-89860 driveMode=8594/8375 iDrive=213380 scale=0 wheel=25000
2026-07-07T15:03:14.183+00:00 CAN id=101 dlc=8 data=d8cf0400a8610000
2026-07-07T15:03:14.203+00:00 CAN id=101 dlc=8 data=d8cf0400a8610000
2026-07-07T15:03:14.223+00:00 CAN id=101 dlc=8 data=d8cf0400a8610000
2026-07-07T15:03:14.243+00:00 CAN id=101 dlc=8 data=d8cf0400a8610000
2026-07-07T15:03:14.263+00:00 CAN id=101 dlc=8 data=d8cf0400a8610000
2026-07-07T15:03:14.279+00:00 VCP run=1 step=0 angle=315791 target=315352 err=-439 steer=0 m1=154/8594 i1=147 t1=28 m2=-141/-8594 i2=-295 t2=27 steerMode=0/789 iSteer=-74143 driveMode=8594/7672 iDrive=220964 scale=0 wheel=25000
2026-07-07T15:03:14.283+00:00 CAN id=101 dlc=8 data=d8cf0400a8610000
2026-07-07T15:03:14.303+00:00 CAN id=101 dlc=8 data=d8cf0400a8610000
2026-07-07T15:03:14.323+00:00 CAN id=101 dlc=8 data=d8cf0400a8610000
2026-07-07T15:03:14.343+00:00 CAN id=101 dlc=8 data=d8cf0400a8610000
2026-07-07T15:03:14.363+00:00 CAN id=101 dlc=8 data=d8cf0400a8610000
2026-07-07T15:03:14.380+00:00 VCP run=1 step=0 angle=315879 target=315352 err=-527 steer=-263 m1=117/7145 i1=143 t1=28 m2=-231/-10043 i2=-282 t2=27 steerMode=-1449/-813 iSteer=-69732 driveMode=8594/8646 iDrive=212344 scale=0 wheel=25000
2026-07-07T15:03:14.381+00:00 VCP SET_TARGET_RX steer=315352 wheel=25000
2026-07-07T15:03:14.383+00:00 CAN id=101 dlc=8 data=d8cf0400a8610000
2026-07-07T15:03:14.403+00:00 CAN id=101 dlc=8 data=d8cf0400a8610000
2026-07-07T15:03:14.423+00:00 CAN id=101 dlc=8 data=d8cf0400a8610000
2026-07-07T15:03:14.443+00:00 CAN id=101 dlc=8 data=d8cf0400a8610000
2026-07-07T15:03:14.463+00:00 CAN id=101 dlc=8 data=d8cf0400a8610000
2026-07-07T15:03:14.483+00:00 CAN id=101 dlc=8 data=d8cf0400a8610000
2026-07-07T15:03:14.503+00:00 CAN id=101 dlc=8 data=d8cf0400a8610000
2026-07-07T15:03:14.523+00:00 CAN id=101 dlc=8 data=d8cf0400a8610000
2026-07-07T15:03:14.543+00:00 CAN id=101 dlc=8 data=d8cf0400a8610000
2026-07-07T15:03:14.563+00:00 CAN id=101 dlc=8 data=d8cf0400a8610000
2026-07-07T15:03:14.569+00:00 VCP run=1 step=0 angle=315791 target=315352 err=-439 steer=0 m1=221/8594 i1=139 t1=28 m2=-191/-8594 i2=-269 t2=27 steerMode=0/594 iSteer=-64947 driveMode=8594/9329 iDrive=204381 scale=0 wheel=25000
2026-07-07T15:03:14.569+00:00 VCP run=1 step=0 angle=315791 target=315352 err=-439 steer=0 m1=156/8594 i1=173 t1=28 m2=-151/-8594 i2=-236 t2=27 steerMode=0/-123 iSteer=-31426 driveMode=8594/9186 iDrive=204254 scale=0 wheel=25000
2026-07-07T15:03:14.583+00:00 CAN id=101 dlc=8 data=d8cf0400a8610000
2026-07-07T15:03:14.603+00:00 CAN id=101 dlc=8 data=d8cf0400a8610000
2026-07-07T15:03:14.623+00:00 CAN id=101 dlc=8 data=d8cf0400a8610000
2026-07-07T15:03:14.643+00:00 CAN id=101 dlc=8 data=d8cf0400a8610000
2026-07-07T15:03:14.663+00:00 CAN id=101 dlc=8 data=d8cf0400a8610000
2026-07-07T15:03:14.674+00:00 VCP run=1 step=0 angle=315791 target=315352 err=-439 steer=0 m1=186/8594 i1=143 t1=28 m2=-111/-8594 i2=-269 t2=27 steerMode=0/506 iSteer=-63146 driveMode=8594/8957 iDrive=205735 scale=0 wheel=25000
2026-07-07T15:03:14.683+00:00 CAN id=101 dlc=8 data=d8cf0400a8610000
2026-07-07T15:03:14.703+00:00 CAN id=101 dlc=8 data=d8cf0400a8610000
2026-07-07T15:03:14.723+00:00 CAN id=101 dlc=8 data=d8cf0400a8610000
2026-07-07T15:03:14.743+00:00 CAN id=101 dlc=8 data=d8cf0400a8610000
2026-07-07T15:03:14.763+00:00 CAN id=101 dlc=8 data=d8cf0400a8610000
2026-07-07T15:03:14.779+00:00 VCP run=1 step=0 angle=315791 target=315352 err=-439 steer=0 m1=198/8594 i1=192 t1=28 m2=-153/-8594 i2=-198 t2=27 steerMode=0/-692 iSteer=-3003 driveMode=8594/9929 iDrive=194605 scale=0 wheel=25000
2026-07-07T15:03:14.783+00:00 CAN id=101 dlc=8 data=d8cf0400a8610000
2026-07-07T15:03:14.803+00:00 CAN id=101 dlc=8 data=d8cf0400a8610000
2026-07-07T15:03:14.823+00:00 CAN id=101 dlc=8 data=d8cf0400a8610000
2026-07-07T15:03:14.843+00:00 CAN id=101 dlc=8 data=d8cf0400a8610000
2026-07-07T15:03:14.863+00:00 CAN id=101 dlc=8 data=d8cf0400a8610000
2026-07-07T15:03:14.881+00:00 VCP run=1 step=0 angle=315791 target=315352 err=-439 steer=0 m1=144/8594 i1=180 t1=28 m2=-166/-8594 i2=-214 t2=27 steerMode=0/-436 iSteer=-16814 driveMode=8594/9506 iDrive=197201 scale=0 wheel=25000
2026-07-07T15:03:14.881+00:00 VCP SET_TARGET_RX steer=315352 wheel=25000
2026-07-07T15:03:14.883+00:00 CAN id=101 dlc=8 data=d8cf0400a8610000
2026-07-07T15:03:14.903+00:00 CAN id=101 dlc=8 data=d8cf0400a8610000
2026-07-07T15:03:14.923+00:00 CAN id=101 dlc=8 data=d8cf0400a8610000
2026-07-07T15:03:14.943+00:00 CAN id=101 dlc=8 data=d8cf0400a8610000
2026-07-07T15:03:14.963+00:00 CAN id=101 dlc=8 data=d8cf0400a8610000
2026-07-07T15:03:14.983+00:00 CAN id=101 dlc=8 data=d8cf0400a8610000
2026-07-07T15:03:15.003+00:00 CAN id=101 dlc=8 data=d8cf0400a8610000
2026-07-07T15:03:15.023+00:00 CAN id=101 dlc=8 data=d8cf0400a8610000
2026-07-07T15:03:15.043+00:00 CAN id=101 dlc=8 data=d8cf0400a8610000
2026-07-07T15:03:15.063+00:00 CAN id=101 dlc=8 data=d8cf0400a8610000
2026-07-07T15:03:15.069+00:00 VCP run=1 step=0 angle=315791 target=315352 err=-439 steer=0 m1=186/8594 i1=138 t1=28 m2=-128/-8594 i2=-268 t2=27 steerMode=0/537 iSteer=-64942 driveMode=8594/8873 iDrive=202888 scale=0 wheel=25000
2026-07-07T15:03:15.069+00:00 VCP run=1 step=0 angle=315791 target=315352 err=-439 steer=0 m1=186/8594 i1=170 t1=28 m2=-203/-8594 i2=-233 t2=27 steerMode=0/-126 iSteer=-31760 driveMode=8594/9008 iDrive=201488 scale=0 wheel=25000
2026-07-07T15:03:15.083+00:00 CAN id=101 dlc=8 data=d8cf0400a8610000
2026-07-07T15:03:15.103+00:00 CAN id=101 dlc=8 data=d8cf0400a8610000
2026-07-07T15:03:15.123+00:00 CAN id=101 dlc=8 data=d8cf0400a8610000
2026-07-07T15:03:15.143+00:00 CAN id=101 dlc=8 data=d8cf0400a8610000
2026-07-07T15:03:15.163+00:00 CAN id=101 dlc=8 data=d8cf0400a8610000
2026-07-07T15:03:15.174+00:00 VCP run=1 step=0 angle=315791 target=315352 err=-439 steer=-213 m1=125/7420 i1=163 t1=28 m2=-176/-9768 i2=-265 t2=27 steerMode=-1174/-970 iSteer=-51114 driveMode=8594/7848 iDrive=213971 scale=0 wheel=25000
2026-07-07T15:03:15.183+00:00 CAN id=101 dlc=8 data=d8cf0400a8610000
2026-07-07T15:03:15.203+00:00 CAN id=101 dlc=8 data=d8cf0400a8610000
2026-07-07T15:03:15.223+00:00 CAN id=101 dlc=8 data=d8cf0400a8610000
2026-07-07T15:03:15.243+00:00 CAN id=101 dlc=8 data=d8cf0400a8610000
2026-07-07T15:03:15.263+00:00 CAN id=101 dlc=8 data=d8cf0400a8610000
2026-07-07T15:03:15.279+00:00 VCP run=1 step=0 angle=315703 target=315352 err=-351 steer=0 m1=186/8594 i1=151 t1=28 m2=-132/-8594 i2=-252 t2=27 steerMode=0/240 iSteer=-50657 driveMode=8594/9127 iDrive=201709 scale=0 wheel=25000
2026-07-07T15:03:15.283+00:00 CAN id=101 dlc=8 data=d8cf0400a8610000
2026-07-07T15:03:15.303+00:00 CAN id=101 dlc=8 data=d8cf0400a8610000
2026-07-07T15:03:15.323+00:00 CAN id=101 dlc=8 data=d8cf0400a8610000
2026-07-07T15:03:15.343+00:00 CAN id=101 dlc=8 data=d8cf0400a8610000
2026-07-07T15:03:15.363+00:00 CAN id=101 dlc=8 data=d8cf0400a8610000
2026-07-07T15:03:15.381+00:00 VCP run=1 step=0 angle=315615 target=315352 err=-263 steer=0 m1=136/8594 i1=168 t1=28 m2=-130/-8594 i2=-237 t2=27 steerMode=0/-99 iSteer=-34675 driveMode=8594/8933 iDrive=202717 scale=0 wheel=25000
2026-07-07T15:03:15.381+00:00 VCP SET_TARGET_RX steer=315352 wheel=25000
2026-07-07T15:03:15.383+00:00 CAN id=101 dlc=8 data=d8cf0400a8610000
2026-07-07T15:03:15.403+00:00 CAN id=101 dlc=8 data=d8cf0400a8610000
2026-07-07T15:03:15.423+00:00 CAN id=101 dlc=8 data=d8cf0400a8610000
2026-07-07T15:03:15.443+00:00 CAN id=101 dlc=8 data=d8cf0400a8610000
2026-07-07T15:03:15.463+00:00 CAN id=101 dlc=8 data=d8cf0400a8610000
2026-07-07T15:03:15.483+00:00 CAN id=101 dlc=8 data=d8cf0400a8610000
2026-07-07T15:03:15.503+00:00 CAN id=101 dlc=8 data=d8cf0400a8610000
2026-07-07T15:03:15.523+00:00 CAN id=101 dlc=8 data=d8cf0400a8610000
2026-07-07T15:03:15.543+00:00 CAN id=101 dlc=8 data=d8cf0400a8610000
2026-07-07T15:03:15.563+00:00 CAN id=101 dlc=8 data=d8cf0400a8610000
2026-07-07T15:03:15.569+00:00 VCP run=1 step=0 angle=315615 target=315352 err=-263 steer=0 m1=140/8594 i1=155 t1=28 m2=-143/-8594 i2=-255 t2=27 steerMode=0/200 iSteer=-49637 driveMode=8594/8674 iDrive=205082 scale=0 wheel=25000
2026-07-07T15:03:15.569+00:00 VCP run=1 step=0 angle=315615 target=315352 err=-263 steer=0 m1=159/8594 i1=199 t1=28 m2=-260/-8594 i2=-184 t2=27 steerMode=0/-930 iSteer=7651 driveMode=8594/9957 iDrive=191677 scale=0 wheel=25000
2026-07-07T15:03:15.583+00:00 CAN id=101 dlc=8 data=d8cf0400a8610000
2026-07-07T15:03:15.603+00:00 CAN id=101 dlc=8 data=d8cf0400a8610000
2026-07-07T15:03:15.623+00:00 CAN id=101 dlc=8 data=d8cf0400a8610000
2026-07-07T15:03:15.643+00:00 CAN id=101 dlc=8 data=d8cf0400a8610000
2026-07-07T15:03:15.663+00:00 CAN id=101 dlc=8 data=d8cf0400a8610000
2026-07-07T15:03:15.675+00:00 VCP run=1 step=0 angle=315615 target=315352 err=-263 steer=0 m1=238/8594 i1=139 t1=28 m2=-180/-8594 i2=-222 t2=27 steerMode=0/73 iSteer=-41505 driveMode=8594/10724 iDrive=180772 scale=0 wheel=25000
2026-07-07T15:03:15.683+00:00 CAN id=101 dlc=8 data=d8cf0400a8610000
2026-07-07T15:03:15.703+00:00 CAN id=101 dlc=8 data=d8cf0400a8610000
2026-07-07T15:03:15.723+00:00 CAN id=101 dlc=8 data=d8cf0400a8610000
2026-07-07T15:03:15.743+00:00 CAN id=101 dlc=8 data=d8cf0400a8610000
2026-07-07T15:03:15.763+00:00 CAN id=101 dlc=8 data=d8cf0400a8610000
2026-07-07T15:03:15.780+00:00 VCP run=1 step=0 angle=315615 target=315352 err=-263 steer=0 m1=209/8594 i1=185 t1=28 m2=-293/-8594 i2=-157 t2=27 steerMode=0/-1016 iSteer=13989 driveMode=8594/11484 iDrive=171094 scale=0 wheel=25000
2026-07-07T15:03:15.783+00:00 CAN id=101 dlc=8 data=d8cf0400a8610000
2026-07-07T15:03:15.803+00:00 CAN id=101 dlc=8 data=d8cf0400a8610000
2026-07-07T15:03:15.823+00:00 CAN id=101 dlc=8 data=d8cf0400a8610000
2026-07-07T15:03:15.843+00:00 CAN id=101 dlc=8 data=d8cf0400a8610000
2026-07-07T15:03:15.863+00:00 CAN id=101 dlc=8 data=d8cf0400a8610000
2026-07-07T15:03:15.881+00:00 VCP run=1 step=0 angle=315615 target=315352 err=-263 steer=0 m1=194/8594 i1=146 t1=28 m2=-191/-8594 i2=-203 t2=27 steerMode=0/-143 iSteer=-28254 driveMode=8594/11132 iDrive=174621 scale=0 wheel=25000
2026-07-07T15:03:15.881+00:00 VCP SET_TARGET_RX steer=315352 wheel=25000
2026-07-07T15:03:15.883+00:00 CAN id=101 dlc=8 data=d8cf0400a8610000
2026-07-07T15:03:15.903+00:00 CAN id=101 dlc=8 data=d8cf0400a8610000
2026-07-07T15:03:15.923+00:00 CAN id=101 dlc=8 data=d8cf0400a8610000
2026-07-07T15:03:15.943+00:00 CAN id=101 dlc=8 data=d8cf0400a8610000
2026-07-07T15:03:15.963+00:00 CAN id=101 dlc=8 data=d8cf0400a8610000
2026-07-07T15:03:15.983+00:00 CAN id=101 dlc=8 data=d8cf0400a8610000
2026-07-07T15:03:16.003+00:00 CAN id=101 dlc=8 data=d8cf0400a8610000
2026-07-07T15:03:16.023+00:00 CAN id=101 dlc=8 data=d8cf0400a8610000
2026-07-07T15:03:16.043+00:00 CAN id=101 dlc=8 data=d8cf0400a8610000
2026-07-07T15:03:16.063+00:00 CAN id=101 dlc=8 data=d8cf0400a8610000
2026-07-07T15:03:16.069+00:00 VCP run=1 step=0 angle=315527 target=315352 err=-175 steer=0 m1=211/8594 i1=164 t1=28 m2=-281/-8594 i2=-174 t2=27 steerMode=0/-589 iSteer=-5139 driveMode=8594/11700 iDrive=168937 scale=0 wheel=25000
2026-07-07T15:03:16.069+00:00 VCP run=1 step=0 angle=315527 target=315352 err=-175 steer=0 m1=223/8594 i1=147 t1=28 m2=-273/-8594 i2=-195 t2=27 steerMode=0/-193 iSteer=-24416 driveMode=8594/11498 iDrive=170953 scale=0 wheel=25000
2026-07-07T15:03:16.083+00:00 CAN id=101 dlc=8 data=d8cf0400a8610000
2026-07-07T15:03:16.103+00:00 CAN id=101 dlc=8 data=d8cf0400a8610000
2026-07-07T15:03:16.123+00:00 CAN id=101 dlc=8 data=d8cf0400a8610000
2026-07-07T15:03:16.143+00:00 CAN id=101 dlc=8 data=d8cf0400a8610000
2026-07-07T15:03:16.163+00:00 CAN id=101 dlc=8 data=d8cf0400a8610000
2026-07-07T15:03:16.175+00:00 VCP run=1 step=0 angle=315352 target=315352 err=0 steer=0 m1=226/8594 i1=135 t1=28 m2=-174/-8594 i2=-222 t2=27 steerMode=0/196 iSteer=-43714 driveMode=8594/10762 iDrive=178321 scale=0 wheel=25000
2026-07-07T15:03:16.183+00:00 CAN id=101 dlc=8 data=d8cf0400a8610000
2026-07-07T15:03:16.203+00:00 CAN id=101 dlc=8 data=d8cf0400a8610000
2026-07-07T15:03:16.223+00:00 CAN id=101 dlc=8 data=d8cf0400a8610000
2026-07-07T15:03:16.243+00:00 CAN id=101 dlc=8 data=d8cf0400a8610000
2026-07-07T15:03:16.263+00:00 CAN id=101 dlc=8 data=d8cf0400a8610000
2026-07-07T15:03:16.280+00:00 VCP run=1 step=0 angle=315352 target=315352 err=0 steer=0 m1=215/8594 i1=151 t1=28 m2=-195/-8594 i2=-209 t2=27 steerMode=0/-93 iSteer=-28683 driveMode=8594/10582 iDrive=180119 scale=0 wheel=25000
2026-07-07T15:03:16.283+00:00 CAN id=101 dlc=8 data=d8cf0400a8610000
2026-07-07T15:03:16.303+00:00 CAN id=101 dlc=8 data=d8cf0400a8610000
2026-07-07T15:03:16.323+00:00 CAN id=101 dlc=8 data=d8cf0400a8610000
2026-07-07T15:03:16.343+00:00 CAN id=101 dlc=8 data=d8cf0400a8610000
2026-07-07T15:03:16.363+00:00 CAN id=101 dlc=8 data=d8cf0400a8610000
2026-07-07T15:03:16.382+00:00 VCP run=1 step=0 angle=315088 target=315352 err=264 steer=0 m1=173/8594 i1=139 t1=28 m2=-195/-8594 i2=-228 t2=27 steerMode=0/216 iSteer=-44350 driveMode=8594/10216 iDrive=183781 scale=0 wheel=25000
2026-07-07T15:03:16.382+00:00 VCP SET_TARGET_RX steer=315352 wheel=25000
2026-07-07T15:03:16.383+00:00 CAN id=101 dlc=8 data=d8cf0400a8610000
2026-07-07T15:03:16.403+00:00 CAN id=101 dlc=8 data=d8cf0400a8610000
2026-07-07T15:03:16.423+00:00 CAN id=101 dlc=8 data=d8cf0400a8610000
2026-07-07T15:03:16.443+00:00 CAN id=101 dlc=8 data=d8cf0400a8610000
2026-07-07T15:03:16.463+00:00 CAN id=101 dlc=8 data=d8cf0400a8610000
2026-07-07T15:03:16.483+00:00 CAN id=101 dlc=8 data=d8cf0400a8610000
2026-07-07T15:03:16.503+00:00 CAN id=101 dlc=8 data=d8cf0400a8610000
2026-07-07T15:03:16.523+00:00 CAN id=101 dlc=8 data=d8cf0400a8610000
2026-07-07T15:03:16.543+00:00 CAN id=101 dlc=8 data=d8cf0400a8610000
2026-07-07T15:03:16.563+00:00 CAN id=101 dlc=8 data=d8cf0400a8610000
2026-07-07T15:03:16.571+00:00 VCP run=1 step=0 angle=315088 target=315352 err=264 steer=0 m1=188/8594 i1=158 t1=28 m2=-189/-8594 i2=-227 t2=27 steerMode=0/20 iSteer=-34587 driveMode=8594/9335 iDrive=192585 scale=0 wheel=25000
2026-07-07T15:03:16.571+00:00 VCP run=1 step=0 angle=315352 target=315352 err=0 steer=0 m1=154/8594 i1=147 t1=28 m2=-199/-8594 i2=-269 t2=27 steerMode=0/528 iSteer=-61231 driveMode=8594/7830 iDrive=208101 scale=0 wheel=25000
2026-07-07T15:03:16.583+00:00 CAN id=101 dlc=8 data=d8cf0400a8610000
2026-07-07T15:03:16.603+00:00 CAN id=101 dlc=8 data=d8cf0400a8610000
2026-07-07T15:03:16.623+00:00 CAN id=101 dlc=8 data=d8cf0400a8610000
2026-07-07T15:03:16.643+00:00 CAN id=101 dlc=8 data=d8cf0400a8610000
2026-07-07T15:03:16.663+00:00 CAN id=101 dlc=8 data=d8cf0400a8610000
2026-07-07T15:03:16.676+00:00 VCP run=1 step=0 angle=315264 target=315352 err=88 steer=0 m1=136/8594 i1=157 t1=28 m2=-147/-8594 i2=-258 t2=27 steerMode=0/310 iSteer=-50507 driveMode=8594/8011 iDrive=207772 scale=0 wheel=25000
2026-07-07T15:03:16.683+00:00 CAN id=101 dlc=8 data=d8cf0400a8610000
2026-07-07T15:03:16.703+00:00 CAN id=101 dlc=8 data=d8cf0400a8610000
2026-07-07T15:03:16.723+00:00 CAN id=101 dlc=8 data=d8cf0400a8610000
2026-07-07T15:03:16.743+00:00 CAN id=101 dlc=8 data=d8cf0400a8610000
2026-07-07T15:03:16.763+00:00 CAN id=101 dlc=8 data=d8cf0400a8610000
2026-07-07T15:03:16.781+00:00 VCP run=1 step=0 angle=315439 target=315352 err=-87 steer=0 m1=196/8594 i1=182 t1=28 m2=-195/-8594 i2=-223 t2=27 steerMode=0/-297 iSteer=-20165 driveMode=8594/8600 iDrive=202642 scale=0 wheel=25000
2026-07-07T15:03:16.783+00:00 CAN id=101 dlc=8 data=d8cf0400a8610000
2026-07-07T15:03:16.803+00:00 CAN id=101 dlc=8 data=d8cf0400a8610000
2026-07-07T15:03:16.823+00:00 CAN id=101 dlc=8 data=d8cf0400a8610000
2026-07-07T15:03:16.843+00:00 CAN id=101 dlc=8 data=d8cf0400a8610000
2026-07-07T15:03:16.863+00:00 CAN id=101 dlc=8 data=d8cf0400a8610000
2026-07-07T15:03:16.883+00:00 CAN id=101 dlc=8 data=d8cf0400a8610000
2026-07-07T15:03:16.884+00:00 VCP run=1 step=0 angle=315527 target=315352 err=-175 steer=0 m1=140/8594 i1=160 t1=28 m2=-99/-8594 i2=-269 t2=27 steerMode=0/368 iSteer=-54678 driveMode=8594/7531 iDrive=214478 scale=0 wheel=25000
2026-07-07T15:03:16.884+00:00 VCP SET_TARGET_RX steer=315352 wheel=25000
2026-07-07T15:03:16.903+00:00 CAN id=101 dlc=8 data=d8cf0400a8610000
2026-07-07T15:03:16.923+00:00 CAN id=101 dlc=8 data=d8cf0400a8610000
2026-07-07T15:03:16.943+00:00 CAN id=101 dlc=8 data=d8cf0400a8610000
2026-07-07T15:03:16.963+00:00 CAN id=101 dlc=8 data=d8cf0400a8610000
2026-07-07T15:03:16.983+00:00 CAN id=101 dlc=8 data=d8cf0400a8610000
2026-07-07T15:03:17.003+00:00 CAN id=101 dlc=8 data=d8cf0400a8610000
2026-07-07T15:03:17.023+00:00 CAN id=101 dlc=8 data=d8cf0400a8610000
2026-07-07T15:03:17.043+00:00 CAN id=101 dlc=8 data=d8cf0400a8610000
2026-07-07T15:03:17.063+00:00 CAN id=101 dlc=8 data=d8cf0400a8610000
2026-07-07T15:03:17.071+00:00 VCP run=1 step=0 angle=315879 target=315352 err=-527 steer=-263 m1=152/7145 i1=83 t1=28 m2=-114/-10043 i2=-382 t2=27 steerMode=-1449/780 iSteer=-149572 driveMode=8594/6115 iDrive=232082 scale=0 wheel=25000
2026-07-07T15:03:17.071+00:00 VCP run=1 step=0 angle=315791 target=315352 err=-439 steer=0 m1=115/8594 i1=191 t1=28 m2=-67/-8594 i2=-294 t2=27 steerMode=0/259 iSteer=-51857 driveMode=8594/5514 iDrive=242472 scale=0 wheel=25000
2026-07-07T15:03:17.083+00:00 CAN id=101 dlc=8 data=d8cf0400a8610000
2026-07-07T15:03:17.103+00:00 CAN id=101 dlc=8 data=d8cf0400a8610000
2026-07-07T15:03:17.123+00:00 CAN id=101 dlc=8 data=d8cf0400a8610000
2026-07-07T15:03:17.143+00:00 CAN id=101 dlc=8 data=d8cf0400a8610000
2026-07-07T15:03:17.163+00:00 CAN id=101 dlc=8 data=d8cf0400a8610000
2026-07-07T15:03:17.176+00:00 VCP run=1 step=0 angle=315791 target=315352 err=-439 steer=0 m1=104/8594 i1=240 t1=28 m2=-116/-8594 i2=-225 t2=27 steerMode=0/-983 iSteer=7405 driveMode=8594/7004 iDrive=232423 scale=0 wheel=25000
2026-07-07T15:03:17.183+00:00 CAN id=101 dlc=8 data=d8cf0400a8610000
2026-07-07T15:03:17.203+00:00 CAN id=101 dlc=8 data=d8cf0400a8610000
2026-07-07T15:03:17.223+00:00 CAN id=101 dlc=8 data=d8cf0400a8610000
2026-07-07T15:03:17.243+00:00 CAN id=101 dlc=8 data=d8cf0400a8610000
2026-07-07T15:03:17.263+00:00 CAN id=101 dlc=8 data=d8cf0400a8610000
2026-07-07T15:03:17.282+00:00 VCP run=1 step=0 angle=315615 target=315352 err=-263 steer=0 m1=152/8594 i1=172 t1=28 m2=-111/-8594 i2=-275 t2=27 steerMode=0/210 iSteer=-51561 driveMode=8594/8111 iDrive=223233 scale=0 wheel=25000
2026-07-07T15:03:17.283+00:00 CAN id=101 dlc=8 data=d8cf0400a8610000
2026-07-07T15:03:17.303+00:00 CAN id=101 dlc=8 data=d8cf0400a8610000
2026-07-07T15:03:17.323+00:00 CAN id=101 dlc=8 data=d8cf0400a8610000
2026-07-07T15:03:17.343+00:00 CAN id=101 dlc=8 data=d8cf0400a8610000
2026-07-07T15:03:17.363+00:00 CAN id=101 dlc=8 data=d8cf0400a8610000
2026-07-07T15:03:17.383+00:00 CAN id=101 dlc=8 data=d8cf0400a8610000
2026-07-07T15:03:17.403+00:00 CAN id=101 dlc=8 data=d8cf0400a8610000
2026-07-07T15:03:17.423+00:00 CAN id=101 dlc=8 data=d8cf0400a8610000
2026-07-07T15:03:17.443+00:00 CAN id=101 dlc=8 data=d8cf0400a8610000
2026-07-07T15:03:17.463+00:00 CAN id=101 dlc=8 data=d8cf0400a8610000
2026-07-07T15:03:17.467+00:00 VCP run=1 step=0 angle=315791 target=315352 err=-439 steer=0 m1=161/8594 i1=168 t1=28 m2=-187/-8594 i2=-274 t2=27 steerMode=0/221 iSteer=-53129 driveMode=8594/8350 iDrive=221152 scale=0 wheel=25000
2026-07-07T15:03:17.467+00:00 VCP SET_TARGET_RX steer=315352 wheel=25000
2026-07-07T15:03:17.467+00:00 VCP run=1 step=0 angle=315791 target=315352 err=-439 steer=0 m1=213/8594 i1=172 t1=28 m2=-258/-8594 i2=-237 t2=27 steerMode=0/-187 iSteer=-32291 driveMode=8594/9896 iDrive=204473 scale=0 wheel=25000
2026-07-07T15:03:17.483+00:00 CAN id=101 dlc=8 data=d8cf0400a8610000
2026-07-07T15:03:17.503+00:00 CAN id=101 dlc=8 data=d8cf0400a8610000
2026-07-07T15:03:17.523+00:00 CAN id=101 dlc=8 data=d8cf0400a8610000
2026-07-07T15:03:17.543+00:00 CAN id=101 dlc=8 data=d8cf0400a8610000
2026-07-07T15:03:17.563+00:00 CAN id=101 dlc=8 data=d8cf0400a8610000
2026-07-07T15:03:17.572+00:00 VCP run=1 step=0 angle=315791 target=315352 err=-439 steer=0 m1=156/8594 i1=170 t1=28 m2=-197/-8594 i2=-241 t2=27 steerMode=0/-126 iSteer=-35667 driveMode=8594/9570 iDrive=205549 scale=0 wheel=25000
2026-07-07T15:03:17.583+00:00 CAN id=101 dlc=8 data=d8cf0400a8610000
2026-07-07T15:03:17.603+00:00 CAN id=101 dlc=8 data=d8cf0400a8610000
2026-07-07T15:03:17.623+00:00 CAN id=101 dlc=8 data=d8cf0400a8610000
2026-07-07T15:03:17.643+00:00 CAN id=101 dlc=8 data=d8cf0400a8610000
2026-07-07T15:03:17.663+00:00 CAN id=101 dlc=8 data=d8cf0400a8610000
2026-07-07T15:03:17.677+00:00 VCP run=1 step=0 angle=315791 target=315352 err=-439 steer=0 m1=198/8594 i1=177 t1=28 m2=-201/-8594 i2=-201 t2=27 steerMode=0/-579 iSteer=-11877 driveMode=8594/10963 iDrive=188714 scale=0 wheel=25000
2026-07-07T15:03:17.683+00:00 CAN id=101 dlc=8 data=d8cf0400a8610000
2026-07-07T15:03:17.703+00:00 CAN id=101 dlc=8 data=d8cf0400a8610000
2026-07-07T15:03:17.723+00:00 CAN id=101 dlc=8 data=d8cf0400a8610000
2026-07-07T15:03:17.743+00:00 CAN id=101 dlc=8 data=d8cf0400a8610000
2026-07-07T15:03:17.763+00:00 CAN id=101 dlc=8 data=d8cf0400a8610000
2026-07-07T15:03:17.782+00:00 VCP run=1 step=0 angle=315615 target=315352 err=-263 steer=0 m1=263/8594 i1=138 t1=28 m2=-183/-8594 i2=-206 t2=27 steerMode=0/-113 iSteer=-34252 driveMode=8594/12062 iDrive=172017 scale=0 wheel=25000
2026-07-07T15:03:17.783+00:00 CAN id=101 dlc=8 data=d8cf0400a8610000
2026-07-07T15:03:17.803+00:00 CAN id=101 dlc=8 data=d8cf0400a8610000
2026-07-07T15:03:17.823+00:00 CAN id=101 dlc=8 data=d8cf0400a8610000
2026-07-07T15:03:17.843+00:00 CAN id=101 dlc=8 data=d8cf0400a8610000
2026-07-07T15:03:17.863+00:00 CAN id=101 dlc=8 data=d8cf0400a8610000
2026-07-07T15:03:17.883+00:00 CAN id=101 dlc=8 data=d8cf0400a8610000
2026-07-07T15:03:17.884+00:00 VCP run=1 step=0 angle=315879 target=315352 err=-527 steer=-263 m1=234/7145 i1=47 t1=28 m2=-149/-10043 i2=-327 t2=27 steerMode=-1449/521 iSteer=-139752 driveMode=8594/10120 iDrive=186753 scale=0 wheel=25000
2026-07-07T15:03:17.884+00:00 VCP SET_TARGET_RX steer=315352 wheel=25000
2026-07-07T15:03:17.903+00:00 CAN id=101 dlc=8 data=d8cf0400a8610000
2026-07-07T15:03:17.923+00:00 CAN id=101 dlc=8 data=d8cf0400a8610000
2026-07-07T15:03:17.943+00:00 CAN id=101 dlc=8 data=d8cf0400a8610000
2026-07-07T15:03:17.963+00:00 CAN id=101 dlc=8 data=d8cf0400a8610000
2026-07-07T15:03:17.983+00:00 CAN id=101 dlc=8 data=d8cf0400a8610000
2026-07-07T15:03:18.003+00:00 CAN id=101 dlc=8 data=d8cf0400a8610000
2026-07-07T15:03:18.023+00:00 CAN id=101 dlc=8 data=d8cf0400a8610000
2026-07-07T15:03:18.043+00:00 CAN id=101 dlc=8 data=d8cf0400a8610000
2026-07-07T15:03:18.063+00:00 CAN id=101 dlc=8 data=d8cf0400a8610000
2026-07-07T15:03:18.071+00:00 VCP run=1 step=0 angle=315615 target=315352 err=-263 steer=0 m1=223/8594 i1=187 t1=28 m2=-199/-8594 i2=-178 t2=27 steerMode=0/-911 iSteer=4755 driveMode=8594/10321 iDrive=182729 scale=0 wheel=25000
2026-07-07T15:03:18.071+00:00 VCP run=1 step=0 angle=315527 target=315352 err=-175 steer=0 m1=190/8594 i1=148 t1=28 m2=-166/-8594 i2=-217 t2=27 steerMode=0/-124 iSteer=-34709 driveMode=8594/10358 iDrive=182353 scale=0 wheel=25000
2026-07-07T15:03:18.083+00:00 CAN id=101 dlc=8 data=d8cf0400a8610000
2026-07-07T15:03:18.103+00:00 CAN id=101 dlc=8 data=d8cf0400a8610000
2026-07-07T15:03:18.123+00:00 CAN id=101 dlc=8 data=d8cf0400a8610000
2026-07-07T15:03:18.143+00:00 CAN id=101 dlc=8 data=d8cf0400a8610000
2026-07-07T15:03:18.163+00:00 CAN id=101 dlc=8 data=d8cf0400a8610000
2026-07-07T15:03:18.176+00:00 VCP run=1 step=0 angle=315527 target=315352 err=-175 steer=0 m1=186/8594 i1=152 t1=28 m2=-178/-8594 i2=-207 t2=27 steerMode=0/-234 iSteer=-27890 driveMode=8594/10643 iDrive=179509 scale=0 wheel=25000
2026-07-07T15:03:18.183+00:00 CAN id=101 dlc=8 data=d8cf0400a8610000
2026-07-07T15:03:18.203+00:00 CAN id=101 dlc=8 data=d8cf0400a8610000
2026-07-07T15:03:18.223+00:00 CAN id=101 dlc=8 data=d8cf0400a8610000
2026-07-07T15:03:18.243+00:00 CAN id=101 dlc=8 data=d8cf0400a8610000
2026-07-07T15:03:18.263+00:00 CAN id=101 dlc=8 data=d8cf0400a8610000
2026-07-07T15:03:18.282+00:00 VCP run=1 step=0 angle=315352 target=315352 err=0 steer=0 m1=186/8594 i1=145 t1=28 m2=-268/-8594 i2=-195 t2=27 steerMode=0/-258 iSteer=-25255 driveMode=8594/11599 iDrive=169946 scale=0 wheel=25000
2026-07-07T15:03:18.283+00:00 CAN id=101 dlc=8 data=d8cf0400a8610000
2026-07-07T15:03:18.303+00:00 CAN id=101 dlc=8 data=d8cf0400a8610000
2026-07-07T15:03:18.323+00:00 CAN id=101 dlc=8 data=d8cf0400a8610000
2026-07-07T15:03:18.343+00:00 CAN id=101 dlc=8 data=d8cf0400a8610000
2026-07-07T15:03:18.363+00:00 CAN id=101 dlc=8 data=d8cf0400a8610000
2026-07-07T15:03:18.383+00:00 CAN id=101 dlc=8 data=d8cf0400a8610000
2026-07-07T15:03:18.403+00:00 CAN id=101 dlc=8 data=d8cf0400a8610000
2026-07-07T15:03:18.423+00:00 CAN id=101 dlc=8 data=d8cf0400a8610000
2026-07-07T15:03:18.443+00:00 CAN id=101 dlc=8 data=d8cf0400a8610000
2026-07-07T15:03:18.463+00:00 CAN id=101 dlc=8 data=d8cf0400a8610000
2026-07-07T15:03:18.467+00:00 VCP run=1 step=0 angle=315352 target=315352 err=0 steer=0 m1=190/8594 i1=169 t1=28 m2=-220/-8594 i2=-164 t2=27 steerMode=0/-800 iSteer=2586 driveMode=8594/11953 iDrive=166405 scale=0 wheel=25000
2026-07-07T15:03:18.467+00:00 VCP SET_TARGET_RX steer=315352 wheel=25000
2026-07-07T15:03:18.467+00:00 VCP run=1 step=0 angle=315264 target=315352 err=88 steer=0 m1=215/8594 i1=135 t1=28 m2=-252/-8594 i2=-199 t2=27 steerMode=0/-87 iSteer=-32123 driveMode=8594/11857 iDrive=167367 scale=0 wheel=25000
2026-07-07T15:03:18.483+00:00 CAN id=101 dlc=8 data=d8cf0400a8610000
2026-07-07T15:03:18.503+00:00 CAN id=101 dlc=8 data=d8cf0400a8610000
2026-07-07T15:03:18.523+00:00 CAN id=101 dlc=8 data=d8cf0400a8610000
2026-07-07T15:03:18.543+00:00 CAN id=101 dlc=8 data=d8cf0400a8610000
2026-07-07T15:03:18.563+00:00 CAN id=101 dlc=8 data=d8cf0400a8610000
2026-07-07T15:03:18.572+00:00 VCP run=1 step=0 angle=315264 target=315352 err=88 steer=0 m1=236/8594 i1=145 t1=28 m2=-243/-8594 i2=-185 t2=27 steerMode=0/-312 iSteer=-20325 driveMode=8594/12102 iDrive=164919 scale=0 wheel=25000
2026-07-07T15:03:18.583+00:00 CAN id=101 dlc=8 data=d8cf0400a8610000
2026-07-07T15:03:18.603+00:00 CAN id=101 dlc=8 data=d8cf0400a8610000
2026-07-07T15:03:18.623+00:00 CAN id=101 dlc=8 data=d8cf0400a8610000
2026-07-07T15:03:18.643+00:00 CAN id=101 dlc=8 data=d8cf0400a8610000
2026-07-07T15:03:18.663+00:00 CAN id=101 dlc=8 data=d8cf0400a8610000
2026-07-07T15:03:18.677+00:00 VCP run=1 step=0 angle=315088 target=315352 err=264 steer=0 m1=219/8594 i1=147 t1=28 m2=-283/-8594 i2=-171 t2=27 steerMode=0/-455 iSteer=-12294 driveMode=8594/12691 iDrive=159027 scale=0 wheel=25000
2026-07-07T15:03:18.683+00:00 CAN id=101 dlc=8 data=d8cf0400a8610000
2026-07-07T15:03:18.703+00:00 CAN id=101 dlc=8 data=d8cf0400a8610000
2026-07-07T15:03:18.723+00:00 CAN id=101 dlc=8 data=d8cf0400a8610000
2026-07-07T15:03:18.743+00:00 CAN id=101 dlc=8 data=d8cf0400a8610000
2026-07-07T15:03:18.763+00:00 CAN id=101 dlc=8 data=d8cf0400a8610000
2026-07-07T15:03:18.782+00:00 VCP run=1 step=0 angle=314912 target=315352 err=440 steer=0 m1=263/8594 i1=128 t1=28 m2=-239/-8594 i2=-192 t2=27 steerMode=0/-36 iSteer=-32169 driveMode=8594/12626 iDrive=159681 scale=0 wheel=25000
2026-07-07T15:03:18.783+00:00 CAN id=101 dlc=8 data=d8cf0400a8610000
2026-07-07T15:03:18.803+00:00 CAN id=101 dlc=8 data=d8cf0400a8610000
2026-07-07T15:03:18.823+00:00 CAN id=101 dlc=8 data=d8cf0400a8610000
2026-07-07T15:03:18.843+00:00 CAN id=101 dlc=8 data=d8cf0400a8610000
2026-07-07T15:03:18.863+00:00 CAN id=101 dlc=8 data=d8cf0400a8610000
2026-07-07T15:03:18.883+00:00 CAN id=101 dlc=8 data=d8cf0400a8610000
2026-07-07T15:03:18.903+00:00 CAN id=101 dlc=8 data=d8cf0400a8610000
2026-07-07T15:03:18.923+00:00 CAN id=101 dlc=8 data=d8cf0400a8610000
2026-07-07T15:03:18.943+00:00 CAN id=101 dlc=8 data=d8cf0400a8610000
2026-07-07T15:03:18.963+00:00 CAN id=101 dlc=8 data=d8cf0400a8610000
2026-07-07T15:03:18.967+00:00 VCP run=1 step=0 angle=314824 target=315352 err=528 steer=264 m1=276/10045 i1=141 t1=28 m2=-277/-7142 i2=-181 t2=27 steerMode=1451/1233 iSteer=-20162 driveMode=8594/12495 iDrive=160990 scale=0 wheel=25000
2026-07-07T15:03:18.967+00:00 VCP SET_TARGET_RX steer=315352 wheel=25000
2026-07-07T15:03:18.967+00:00 VCP run=1 step=0 angle=315088 target=315352 err=264 steer=0 m1=219/8594 i1=148 t1=28 m2=-201/-8594 i2=-175 t2=27 steerMode=0/-385 iSteer=-13457 driveMode=8594/12466 iDrive=161277 scale=0 wheel=25000
2026-07-07T15:03:18.983+00:00 CAN id=101 dlc=8 data=d8cf0400a8610000
2026-07-07T15:03:19.003+00:00 CAN id=101 dlc=8 data=d8cf0400a8610000
2026-07-07T15:03:19.023+00:00 CAN id=101 dlc=8 data=d8cf0400a8610000
2026-07-07T15:03:19.043+00:00 CAN id=101 dlc=8 data=d8cf0400a8610000
2026-07-07T15:03:19.063+00:00 CAN id=101 dlc=8 data=d8cf0400a8610000
2026-07-07T15:03:19.072+00:00 VCP run=1 step=0 angle=315088 target=315352 err=264 steer=0 m1=251/8594 i1=124 t1=28 m2=-208/-8594 i2=-208 t2=27 steerMode=0/197 iSteer=-41566 driveMode=8594/11997 iDrive=165972 scale=0 wheel=25000
2026-07-07T15:03:19.083+00:00 CAN id=101 dlc=8 data=d8cf0400a8610000
2026-07-07T15:03:19.103+00:00 CAN id=101 dlc=8 data=d8cf0400a8610000
2026-07-07T15:03:19.123+00:00 CAN id=101 dlc=8 data=d8cf0400a8610000
2026-07-07T15:03:19.143+00:00 CAN id=101 dlc=8 data=d8cf0400a8610000
2026-07-07T15:03:19.163+00:00 CAN id=101 dlc=8 data=d8cf0400a8610000
2026-07-07T15:03:19.177+00:00 VCP run=1 step=0 angle=315176 target=315352 err=176 steer=0 m1=234/8594 i1=153 t1=28 m2=-164/-8594 i2=-201 t2=27 steerMode=0/-157 iSteer=-23997 driveMode=8594/10848 iDrive=177458 scale=0 wheel=25000
2026-07-07T15:03:19.183+00:00 CAN id=101 dlc=8 data=d8cf0400a8610000
2026-07-07T15:03:19.203+00:00 CAN id=101 dlc=8 data=d8cf0400a8610000
2026-07-07T15:03:19.223+00:00 CAN id=101 dlc=8 data=d8cf0400a8610000
2026-07-07T15:03:19.243+00:00 CAN id=101 dlc=8 data=d8cf0400a8610000
2026-07-07T15:03:19.263+00:00 CAN id=101 dlc=8 data=d8cf0400a8610000
2026-07-07T15:03:19.282+00:00 VCP run=1 step=0 angle=315088 target=315352 err=264 steer=0 m1=249/8594 i1=145 t1=28 m2=-266/-8594 i2=-200 t2=27 steerMode=0/-81 iSteer=-27216 driveMode=8594/11322 iDrive=172713 scale=0 wheel=25000
2026-07-07T15:03:19.283+00:00 CAN id=101 dlc=8 data=d8cf0400a8610000
2026-07-07T15:03:19.303+00:00 CAN id=101 dlc=8 data=d8cf0400a8610000
2026-07-07T15:03:19.323+00:00 CAN id=101 dlc=8 data=d8cf0400a8610000
2026-07-07T15:03:19.343+00:00 CAN id=101 dlc=8 data=d8cf0400a8610000
2026-07-07T15:03:19.363+00:00 CAN id=101 dlc=8 data=d8cf0400a8610000
2026-07-07T15:03:19.383+00:00 CAN id=101 dlc=8 data=d8cf0400a8610000
2026-07-07T15:03:19.403+00:00 CAN id=101 dlc=8 data=d8cf0400a8610000
2026-07-07T15:03:19.423+00:00 CAN id=101 dlc=8 data=d8cf0400a8610000
2026-07-07T15:03:19.443+00:00 CAN id=101 dlc=8 data=d8cf0400a8610000
2026-07-07T15:03:19.463+00:00 CAN id=101 dlc=8 data=d8cf0400a8610000
2026-07-07T15:03:19.467+00:00 VCP run=1 step=0 angle=315088 target=315352 err=264 steer=0 m1=213/8594 i1=119 t1=28 m2=-256/-8594 i2=-225 t2=27 steerMode=0/438 iSteer=-53254 driveMode=8594/11385 iDrive=172084 scale=0 wheel=25000
2026-07-07T15:03:19.467+00:00 VCP SET_TARGET_RX steer=315352 wheel=25000
2026-07-07T15:03:19.467+00:00 VCP run=1 step=0 angle=315176 target=315352 err=176 steer=0 m1=238/8594 i1=132 t1=28 m2=-189/-8594 i2=-220 t2=27 steerMode=0/254 iSteer=-43869 driveMode=8594/10970 iDrive=176233 scale=0 wheel=25000
2026-07-07T15:03:19.483+00:00 CAN id=101 dlc=8 data=d8cf0400a8610000
2026-07-07T15:03:19.503+00:00 CAN id=101 dlc=8 data=d8cf0400a8610000
2026-07-07T15:03:19.523+00:00 CAN id=101 dlc=8 data=d8cf0400a8610000
2026-07-07T15:03:19.543+00:00 CAN id=101 dlc=8 data=d8cf0400a8610000
2026-07-07T15:03:19.563+00:00 CAN id=101 dlc=8 data=d8cf0400a8610000
2026-07-07T15:03:19.572+00:00 VCP run=1 step=0 angle=315264 target=315352 err=88 steer=0 m1=175/8594 i1=170 t1=28 m2=-254/-8594 i2=-197 t2=27 steerMode=0/-367 iSteer=-13595 driveMode=8594/10223 iDrive=183709 scale=0 wheel=25000
2026-07-07T15:03:19.583+00:00 CAN id=101 dlc=8 data=d8cf0400a8610000
2026-07-07T15:03:19.603+00:00 CAN id=101 dlc=8 data=d8cf0400a8610000
2026-07-07T15:03:19.623+00:00 CAN id=101 dlc=8 data=d8cf0400a8610000
2026-07-07T15:03:19.643+00:00 CAN id=101 dlc=8 data=d8cf0400a8610000
2026-07-07T15:03:19.663+00:00 CAN id=101 dlc=8 data=d8cf0400a8610000
2026-07-07T15:03:19.678+00:00 VCP run=1 step=0 angle=315352 target=315352 err=0 steer=0 m1=217/8594 i1=136 t1=28 m2=-172/-8594 i2=-226 t2=27 steerMode=0/269 iSteer=-45017 driveMode=8594/10530 iDrive=180640 scale=0 wheel=25000
2026-07-07T15:03:19.683+00:00 CAN id=101 dlc=8 data=d8cf0400a8610000
2026-07-07T15:03:19.703+00:00 CAN id=101 dlc=8 data=d8cf0400a8610000
2026-07-07T15:03:19.723+00:00 CAN id=101 dlc=8 data=d8cf0400a8610000
2026-07-07T15:03:19.743+00:00 CAN id=101 dlc=8 data=d8cf0400a8610000
2026-07-07T15:03:19.763+00:00 CAN id=101 dlc=8 data=d8cf0400a8610000
2026-07-07T15:03:19.783+00:00 CAN id=101 dlc=8 data=d8cf0400a8610000
2026-07-07T15:03:19.803+00:00 CAN id=101 dlc=8 data=d8cf0400a8610000
2026-07-07T15:03:19.823+00:00 CAN id=101 dlc=8 data=d8cf0400a8610000
2026-07-07T15:03:19.843+00:00 CAN id=101 dlc=8 data=d8cf0400a8610000
2026-07-07T15:03:19.863+00:00 BENCH disable sent
2026-07-07T15:03:19.863+00:00 CAN id=121 dlc=2 data=0100
2026-07-07T15:03:19.863+00:00 CAN id=121 dlc=2 data=0100
2026-07-07T15:03:19.864+00:00 VCP run=1 step=0 angle=315264 target=315352 err=88 steer=0 m1=179/8594 i1=149 t1=28 m2=-206/-8594 i2=-210 t2=27 steerMode=0/-22 iSteer=-30452 driveMode=8594/10649 iDrive=179444 scale=0 wheel=25000
2026-07-07T15:03:19.864+00:00 VCP run=1 step=0 angle=315352 target=315352 err=0 steer=0 m1=163/8594 i1=156 t1=28 m2=-168/-8594 i2=-234 t2=27 steerMode=0/134 iSteer=-38891 driveMode=8594/9060 iDrive=195339 scale=0 wheel=25000
2026-07-07T15:03:20.065+00:00 VCP UNIT_CTRL enable=0
2026-07-07T15:03:20.065+00:00 VCP UNIT_CTRL enable=0
2026-07-07T15:03:20.065+00:00 VCP STOP: disabled
2026-07-07T15:03:20.267+00:00 BENCH log closed
