2026-07-07T15:05:20.637+00:00 BENCH log opened: firmware/logs/baked-clamp400-rpm40.log
2026-07-07T15:05:20.637+00:00 BENCH run: steer=315.352deg (315352mdeg) wheel=40.0rpm (40000milli-rpm) rate=50.0Hz duration=10.0s
2026-07-07T15:05:20.637+00:00 CAN id=121 dlc=2 data=0101
2026-07-07T15:05:20.637+00:00 BENCH enable sent
2026-07-07T15:05:20.638+00:00 CAN id=101 dlc=8 data=d8cf0400409c0000
2026-07-07T15:05:20.656+00:00 VCP NIT_CTRL enable=0
2026-07-07T15:05:20.656+00:00 VCP UNIT_CTRL enable=0
2026-07-07T15:05:20.656+00:00 VCP UNIT_CTRL enable=1
2026-07-07T15:05:20.656+00:00 VCP SET_TARGET_RX steer=315352 wheel=40000
2026-07-07T15:05:20.656+00:00 VCP START_CAN: angle=315000 target=315352 wheelTarget=40000
2026-07-07T15:05:20.658+00:00 CAN id=101 dlc=8 data=d8cf0400409c0000
2026-07-07T15:05:20.678+00:00 CAN id=101 dlc=8 data=d8cf0400409c0000
2026-07-07T15:05:20.698+00:00 CAN id=101 dlc=8 data=d8cf0400409c0000
2026-07-07T15:05:20.718+00:00 CAN id=101 dlc=8 data=d8cf0400409c0000
2026-07-07T15:05:20.738+00:00 CAN id=101 dlc=8 data=d8cf0400409c0000
2026-07-07T15:05:20.758+00:00 CAN id=101 dlc=8 data=d8cf0400409c0000
2026-07-07T15:05:20.778+00:00 CAN id=101 dlc=8 data=d8cf0400409c0000
2026-07-07T15:05:20.798+00:00 CAN id=101 dlc=8 data=d8cf0400409c0000
2026-07-07T15:05:20.818+00:00 CAN id=101 dlc=8 data=d8cf0400409c0000
2026-07-07T15:05:20.838+00:00 CAN id=101 dlc=8 data=d8cf0400409c0000
2026-07-07T15:05:20.843+00:00 VCP run=1 step=0 angle=315000 target=315352 err=352 steer=0 m1=0/344 i1=3 t1=28 m2=0/-344 i2=-3 t2=27 steerMode=0/0 iSteer=0 driveMode=344/0 iDrive=3472 scale=0 wheel=1000
2026-07-07T15:05:20.843+00:00 VCP run=1 step=0 angle=315000 target=315352 err=352 steer=0 m1=0/6600 i1=73 t1=28 m2=-5/-6600 i2=-71 t2=27 steerMode=0/-18 iSteer=897 driveMode=6600/18 iDrive=72298 scale=0 wheel=19200
2026-07-07T15:05:20.857+00:00 CAN id=101 dlc=8 data=d8cf0400409c0000
2026-07-07T15:05:20.878+00:00 CAN id=101 dlc=8 data=d8cf0400409c0000
2026-07-07T15:05:20.898+00:00 CAN id=101 dlc=8 data=d8cf0400409c0000
2026-07-07T15:05:20.918+00:00 CAN id=101 dlc=8 data=d8cf0400409c0000
2026-07-07T15:05:20.938+00:00 CAN id=101 dlc=8 data=d8cf0400409c0000
2026-07-07T15:05:20.948+00:00 VCP run=1 step=0 angle=315000 target=315352 err=352 steer=0 m1=-3/13131 i1=158 t1=28 m2=-3/-13131 i2=-154 t2=27 steerMode=0/-42 iSteer=2211 driveMode=13131/50 iDrive=156085 scale=0 wheel=38200
2026-07-07T15:05:20.958+00:00 CAN id=101 dlc=8 data=d8cf0400409c0000
2026-07-07T15:05:20.978+00:00 CAN id=101 dlc=8 data=d8cf0400409c0000
2026-07-07T15:05:20.998+00:00 CAN id=101 dlc=8 data=d8cf0400409c0000
2026-07-07T15:05:21.018+00:00 CAN id=101 dlc=8 data=d8cf0400409c0000
2026-07-07T15:05:21.038+00:00 CAN id=101 dlc=8 data=d8cf0400409c0000
2026-07-07T15:05:21.054+00:00 VCP run=1 step=0 angle=315000 target=315352 err=352 steer=0 m1=0/13750 i1=189 t1=28 m2=0/-13750 i2=-187 t2=27 steerMode=0/-17 iSteer=1000 driveMode=13750/17 iDrive=188405 scale=0 wheel=40000
2026-07-07T15:05:21.058+00:00 CAN id=101 dlc=8 data=d8cf0400409c0000
2026-07-07T15:05:21.078+00:00 CAN id=101 dlc=8 data=d8cf0400409c0000
2026-07-07T15:05:21.098+00:00 CAN id=101 dlc=8 data=d8cf0400409c0000
2026-07-07T15:05:21.118+00:00 CAN id=101 dlc=8 data=d8cf0400409c0000
2026-07-07T15:05:21.138+00:00 CAN id=101 dlc=8 data=d8cf0400409c0000
2026-07-07T15:05:21.157+00:00 VCP run=1 step=0 angle=315000 target=315352 err=352 steer=0 m1=0/13750 i1=216 t1=28 m2=0/-13750 i2=-212 t2=27 steerMode=0/-30 iSteer=1700 driveMode=13750/32 iDrive=214087 scale=0 wheel=40000
2026-07-07T15:05:21.157+00:00 VCP SET_TARGET_RX steer=315352 wheel=40000
2026-07-07T15:05:21.158+00:00 CAN id=101 dlc=8 data=d8cf0400409c0000
2026-07-07T15:05:21.178+00:00 CAN id=101 dlc=8 data=d8cf0400409c0000
2026-07-07T15:05:21.198+00:00 CAN id=101 dlc=8 data=d8cf0400409c0000
2026-07-07T15:05:21.218+00:00 CAN id=101 dlc=8 data=d8cf0400409c0000
2026-07-07T15:05:21.238+00:00 CAN id=101 dlc=8 data=d8cf0400409c0000
2026-07-07T15:05:21.258+00:00 CAN id=101 dlc=8 data=d8cf0400409c0000
2026-07-07T15:05:21.278+00:00 CAN id=101 dlc=8 data=d8cf0400409c0000
2026-07-07T15:05:21.298+00:00 CAN id=101 dlc=8 data=d8cf0400409c0000
2026-07-07T15:05:21.318+00:00 CAN id=101 dlc=8 data=d8cf0400409c0000
2026-07-07T15:05:21.338+00:00 CAN id=101 dlc=8 data=d8cf0400409c0000
2026-07-07T15:05:21.347+00:00 VCP run=1 step=0 angle=315000 target=315352 err=352 steer=0 m1=0/13750 i1=240 t1=28 m2=0/-13750 i2=-240 t2=27 steerMode=0/1 iSteer=161 driveMode=13750/2 iDrive=240228 scale=0 wheel=40000
2026-07-07T15:05:21.347+00:00 VCP run=1 step=0 angle=315000 target=315352 err=352 steer=0 m1=0/13750 i1=267 t1=28 m2=0/-13750 i2=-266 t2=27 steerMode=0/-1 iSteer=291 driveMode=13750/1 iDrive=266339 scale=0 wheel=40000
2026-07-07T15:05:21.358+00:00 CAN id=101 dlc=8 data=d8cf0400409c0000
2026-07-07T15:05:21.378+00:00 CAN id=101 dlc=8 data=d8cf0400409c0000
2026-07-07T15:05:21.398+00:00 CAN id=101 dlc=8 data=d8cf0400409c0000
2026-07-07T15:05:21.418+00:00 CAN id=101 dlc=8 data=d8cf0400409c0000
2026-07-07T15:05:21.438+00:00 CAN id=101 dlc=8 data=d8cf0400409c0000
2026-07-07T15:05:21.453+00:00 VCP run=1 step=0 angle=315000 target=315352 err=352 steer=0 m1=0/13750 i1=293 t1=28 m2=0/-13750 i2=-291 t2=27 steerMode=0/-15 iSteer=1037 driveMode=13750/14 iDrive=292054 scale=0 wheel=40000
2026-07-07T15:05:21.458+00:00 CAN id=101 dlc=8 data=d8cf0400409c0000
2026-07-07T15:05:21.478+00:00 CAN id=101 dlc=8 data=d8cf0400409c0000
2026-07-07T15:05:21.498+00:00 CAN id=101 dlc=8 data=d8cf0400409c0000
2026-07-07T15:05:21.518+00:00 CAN id=101 dlc=8 data=d8cf0400409c0000
2026-07-07T15:05:21.538+00:00 CAN id=101 dlc=8 data=d8cf0400409c0000
2026-07-07T15:05:21.558+00:00 CAN id=101 dlc=8 data=d8cf0400409c0000
2026-07-07T15:05:21.578+00:00 CAN id=101 dlc=8 data=d8cf0400409c0000
2026-07-07T15:05:21.598+00:00 CAN id=101 dlc=8 data=d8cf0400409c0000
2026-07-07T15:05:21.618+00:00 CAN id=101 dlc=8 data=d8cf0400409c0000
2026-07-07T15:05:21.638+00:00 CAN id=101 dlc=8 data=d8cf0400409c0000
2026-07-07T15:05:21.639+00:00 VCP run=1 step=0 angle=315000 target=315352 err=352 steer=0 m1=0/13750 i1=318 t1=28 m2=0/-13750 i2=-318 t2=27 steerMode=0/0 iSteer=259 driveMode=13750/0 iDrive=318030 scale=0 wheel=40000
2026-07-07T15:05:21.639+00:00 VCP run=1 step=0 angle=315000 target=315352 err=352 steer=0 m1=0/13750 i1=344 t1=28 m2=0/-13750 i2=-344 t2=27 steerMode=0/1 iSteer=219 driveMode=13750/1 iDrive=344148 scale=0 wheel=40000
2026-07-07T15:05:21.658+00:00 CAN id=101 dlc=8 data=d8cf0400409c0000
2026-07-07T15:05:21.678+00:00 CAN id=101 dlc=8 data=d8cf0400409c0000
2026-07-07T15:05:21.698+00:00 CAN id=101 dlc=8 data=d8cf0400409c0000
2026-07-07T15:05:21.718+00:00 CAN id=101 dlc=8 data=d8cf0400409c0000
2026-07-07T15:05:21.738+00:00 CAN id=101 dlc=8 data=d8cf0400409c0000
2026-07-07T15:05:21.745+00:00 VCP SET_TARGET_RX steer=315352 wheel=40000
2026-07-07T15:05:21.745+00:00 VCP run=1 step=0 angle=315000 target=315352 err=352 steer=0 m1=-3/13750 i1=370 t1=28 m2=0/-13750 i2=-370 t2=27 steerMode=0/10 iSteer=-256 driveMode=13750/10 iDrive=370177 scale=0 wheel=40000
2026-07-07T15:05:21.758+00:00 CAN id=101 dlc=8 data=d8cf0400409c0000
2026-07-07T15:05:21.778+00:00 CAN id=101 dlc=8 data=d8cf0400409c0000
2026-07-07T15:05:21.798+00:00 CAN id=101 dlc=8 data=d8cf0400409c0000
2026-07-07T15:05:21.818+00:00 CAN id=101 dlc=8 data=d8cf0400409c0000
2026-07-07T15:05:21.838+00:00 CAN id=101 dlc=8 data=d8cf0400409c0000
2026-07-07T15:05:21.851+00:00 VCP run=1 step=0 angle=315000 target=315352 err=352 steer=0 m1=0/13750 i1=396 t1=28 m2=0/-13750 i2=-396 t2=27 steerMode=0/1 iSteer=249 driveMode=13750/1 iDrive=396128 scale=0 wheel=40000
2026-07-07T15:05:21.858+00:00 CAN id=101 dlc=8 data=d8cf0400409c0000
2026-07-07T15:05:21.878+00:00 CAN id=101 dlc=8 data=d8cf0400409c0000
2026-07-07T15:05:21.898+00:00 CAN id=101 dlc=8 data=d8cf0400409c0000
2026-07-07T15:05:21.918+00:00 CAN id=101 dlc=8 data=d8cf0400409c0000
2026-07-07T15:05:21.938+00:00 CAN id=101 dlc=8 data=d8cf0400409c0000
2026-07-07T15:05:21.957+00:00 VCP run=1 step=0 angle=315000 target=315352 err=352 steer=0 m1=0/13750 i1=423 t1=28 m2=0/-13750 i2=-421 t2=27 steerMode=0/-11 iSteer=846 driveMode=13750/2 iDrive=422223 scale=0 wheel=40000
2026-07-07T15:05:21.958+00:00 CAN id=101 dlc=8 data=d8cf0400409c0000
2026-07-07T15:05:21.978+00:00 CAN id=101 dlc=8 data=d8cf0400409c0000
2026-07-07T15:05:21.998+00:00 CAN id=101 dlc=8 data=d8cf0400409c0000
2026-07-07T15:05:22.018+00:00 CAN id=101 dlc=8 data=d8cf0400409c0000
2026-07-07T15:05:22.038+00:00 CAN id=101 dlc=8 data=d8cf0400409c0000
2026-07-07T15:05:22.058+00:00 CAN id=101 dlc=8 data=d8cf0400409c0000
2026-07-07T15:05:22.078+00:00 CAN id=101 dlc=8 data=d8cf0400409c0000
2026-07-07T15:05:22.098+00:00 CAN id=101 dlc=8 data=d8cf0400409c0000
2026-07-07T15:05:22.118+00:00 CAN id=101 dlc=8 data=d8cf0400409c0000
2026-07-07T15:05:22.138+00:00 CAN id=101 dlc=8 data=d8cf0400409c0000
2026-07-07T15:05:22.144+00:00 VCP run=1 step=0 angle=315000 target=315352 err=352 steer=0 m1=0/13750 i1=448 t1=28 m2=0/-13750 i2=-448 t2=27 steerMode=0/13 iSteer=-345 driveMode=13750/13 iDrive=447962 scale=0 wheel=40000
2026-07-07T15:05:22.144+00:00 VCP run=1 step=0 angle=315000 target=315352 err=352 steer=0 m1=0/13750 i1=473 t1=28 m2=0/-13750 i2=-474 t2=27 steerMode=0/14 iSteer=-392 driveMode=13750/20 iDrive=473723 scale=0 wheel=40000
2026-07-07T15:05:22.144+00:00 VCP SET_TARGET_RX steer=315352 wheel=40000
2026-07-07T15:05:22.158+00:00 CAN id=101 dlc=8 data=d8cf0400409c0000
2026-07-07T15:05:22.178+00:00 CAN id=101 dlc=8 data=d8cf0400409c0000
2026-07-07T15:05:22.198+00:00 CAN id=101 dlc=8 data=d8cf0400409c0000
2026-07-07T15:05:22.218+00:00 CAN id=101 dlc=8 data=d8cf0400409c0000
2026-07-07T15:05:22.238+00:00 CAN id=101 dlc=8 data=d8cf0400409c0000
2026-07-07T15:05:22.248+00:00 VCP run=1 step=0 angle=316230 target=315352 err=-878 steer=-439 m1=234/11334 i1=92 t1=28 m2=-7/-16166 i2=-804 t2=27 steerMode=-2416/4571 iSteer=-355846 driveMode=13750/4780 iDrive=448091 scale=0 wheel=40000
2026-07-07T15:05:22.258+00:00 CAN id=101 dlc=8 data=d8cf0400409c0000
2026-07-07T15:05:22.278+00:00 CAN id=101 dlc=8 data=d8cf0400409c0000
2026-07-07T15:05:22.298+00:00 CAN id=101 dlc=8 data=d8cf0400409c0000
2026-07-07T15:05:22.318+00:00 CAN id=101 dlc=8 data=d8cf0400409c0000
2026-07-07T15:05:22.338+00:00 CAN id=101 dlc=8 data=d8cf0400409c0000
2026-07-07T15:05:22.352+00:00 VCP run=1 step=0 angle=317109 target=315352 err=-1757 steer=-879 m1=69/8917 i1=318 t1=28 m2=-308/-18583 i2=-534 t2=27 steerMode=-4833/-3192 iSteer=-107901 driveMode=13750/8567 iDrive=426114 scale=0 wheel=40000
2026-07-07T15:05:22.358+00:00 CAN id=101 dlc=8 data=d8cf0400409c0000
2026-07-07T15:05:22.378+00:00 CAN id=101 dlc=8 data=d8cf0400409c0000
2026-07-07T15:05:22.398+00:00 CAN id=101 dlc=8 data=d8cf0400409c0000
2026-07-07T15:05:22.418+00:00 CAN id=101 dlc=8 data=d8cf0400409c0000
2026-07-07T15:05:22.438+00:00 CAN id=101 dlc=8 data=d8cf0400409c0000
2026-07-07T15:05:22.457+00:00 VCP run=1 step=0 angle=315439 target=315352 err=-87 steer=0 m1=412/13750 i1=328 t1=28 m2=-446/-13750 i2=-272 t2=27 steerMode=0/-897 iSteer=28027 driveMode=13750/20950 iDrive=299537 scale=0 wheel=40000
2026-07-07T15:05:22.458+00:00 CAN id=101 dlc=8 data=d8cf0400409c0000
2026-07-07T15:05:22.478+00:00 CAN id=101 dlc=8 data=d8cf0400409c0000
2026-07-07T15:05:22.498+00:00 CAN id=101 dlc=8 data=d8cf0400409c0000
2026-07-07T15:05:22.518+00:00 CAN id=101 dlc=8 data=d8cf0400409c0000
2026-07-07T15:05:22.538+00:00 CAN id=101 dlc=8 data=d8cf0400409c0000
2026-07-07T15:05:22.558+00:00 CAN id=101 dlc=8 data=d8cf0400409c0000
2026-07-07T15:05:22.578+00:00 CAN id=101 dlc=8 data=d8cf0400409c0000
2026-07-07T15:05:22.598+00:00 CAN id=101 dlc=8 data=d8cf0400409c0000
2026-07-07T15:05:22.618+00:00 CAN id=101 dlc=8 data=d8cf0400409c0000
2026-07-07T15:05:22.638+00:00 CAN id=101 dlc=8 data=d8cf0400409c0000
2026-07-07T15:05:22.641+00:00 VCP run=1 step=0 angle=315615 target=315352 err=-263 steer=0 m1=516/13750 i1=170 t1=28 m2=-486/-13750 i2=-276 t2=27 steerMode=0/687 iSteer=-52883 driveMode=13750/26610 iDrive=222992 scale=0 wheel=40000
2026-07-07T15:05:22.641+00:00 VCP run=1 step=0 angle=315791 target=315352 err=-439 steer=0 m1=535/13750 i1=160 t1=28 m2=-528/-13750 i2=-204 t2=27 steerMode=0/63 iSteer=-21946 driveMode=13750/28138 iDrive=182016 scale=0 wheel=40000
2026-07-07T15:05:22.641+00:00 VCP SET_TARGET_RX steer=315352 wheel=40000
2026-07-07T15:05:22.658+00:00 CAN id=101 dlc=8 data=d8cf0400409c0000
2026-07-07T15:05:22.678+00:00 CAN id=101 dlc=8 data=d8cf0400409c0000
2026-07-07T15:05:22.698+00:00 CAN id=101 dlc=8 data=d8cf0400409c0000
2026-07-07T15:05:22.718+00:00 CAN id=101 dlc=8 data=d8cf0400409c0000
2026-07-07T15:05:22.738+00:00 CAN id=101 dlc=8 data=d8cf0400409c0000
2026-07-07T15:05:22.746+00:00 VCP run=1 step=0 angle=315879 target=315352 err=-527 steer=-263 m1=523/12301 i1=93 t1=28 m2=-555/-15199 i2=-221 t2=27 steerMode=-1449/-592 iSteer=-63746 driveMode=13750/28004 iDrive=156763 scale=0 wheel=40000
2026-07-07T15:05:22.758+00:00 CAN id=101 dlc=8 data=d8cf0400409c0000
2026-07-07T15:05:22.778+00:00 CAN id=101 dlc=8 data=d8cf0400409c0000
2026-07-07T15:05:22.798+00:00 CAN id=101 dlc=8 data=d8cf0400409c0000
2026-07-07T15:05:22.818+00:00 CAN id=101 dlc=8 data=d8cf0400409c0000
2026-07-07T15:05:22.838+00:00 CAN id=101 dlc=8 data=d8cf0400409c0000
2026-07-07T15:05:22.851+00:00 VCP run=1 step=0 angle=315791 target=315352 err=-439 steer=0 m1=462/13750 i1=194 t1=28 m2=-482/-13750 i2=-109 t2=27 steerMode=0/-1254 iSteer=42474 driveMode=13750/26087 iDrive=151251 scale=0 wheel=40000
2026-07-07T15:05:22.858+00:00 CAN id=101 dlc=8 data=d8cf0400409c0000
2026-07-07T15:05:22.878+00:00 CAN id=101 dlc=8 data=d8cf0400409c0000
2026-07-07T15:05:22.898+00:00 CAN id=101 dlc=8 data=d8cf0400409c0000
2026-07-07T15:05:22.918+00:00 CAN id=101 dlc=8 data=d8cf0400409c0000
2026-07-07T15:05:22.938+00:00 CAN id=101 dlc=8 data=d8cf0400409c0000
2026-07-07T15:05:22.956+00:00 VCP run=1 step=0 angle=315439 target=315352 err=-87 steer=0 m1=483/13750 i1=82 t1=28 m2=-446/-13750 i2=-210 t2=27 steerMode=0/867 iSteer=-64208 driveMode=13750/24475 iDrive=145837 scale=0 wheel=40000
2026-07-07T15:05:22.958+00:00 CAN id=101 dlc=8 data=d8cf0400409c0000
2026-07-07T15:05:22.978+00:00 CAN id=101 dlc=8 data=d8cf0400409c0000
2026-07-07T15:05:22.998+00:00 CAN id=101 dlc=8 data=d8cf0400409c0000
2026-07-07T15:05:23.018+00:00 CAN id=101 dlc=8 data=d8cf0400409c0000
2026-07-07T15:05:23.038+00:00 CAN id=101 dlc=8 data=d8cf0400409c0000
2026-07-07T15:05:23.058+00:00 CAN id=101 dlc=8 data=d8cf0400409c0000
2026-07-07T15:05:23.078+00:00 CAN id=101 dlc=8 data=d8cf0400409c0000
2026-07-07T15:05:23.098+00:00 CAN id=101 dlc=8 data=d8cf0400409c0000
2026-07-07T15:05:23.118+00:00 CAN id=101 dlc=8 data=d8cf0400409c0000
2026-07-07T15:05:23.138+00:00 CAN id=101 dlc=8 data=d8cf0400409c0000
2026-07-07T15:05:23.140+00:00 VCP run=1 step=0 angle=315352 target=315352 err=0 steer=0 m1=368/13750 i1=118 t1=28 m2=-379/-13750 i2=-197 t2=27 steerMode=0/344 iSteer=-39461 driveMode=13750/21580 iDrive=157485 scale=0 wheel=40000
2026-07-07T15:05:23.140+00:00 VCP run=1 step=0 angle=315703 target=315352 err=-351 steer=0 m1=326/13750 i1=104 t1=28 m2=-270/-13750 i2=-265 t2=27 steerMode=0/1124 iSteer=-80731 driveMode=13750/17784 iDrive=184344 scale=0 wheel=40000
2026-07-07T15:05:23.158+00:00 CAN id=101 dlc=8 data=d8cf0400409c0000
2026-07-07T15:05:23.178+00:00 CAN id=101 dlc=8 data=d8cf0400409c0000
2026-07-07T15:05:23.198+00:00 CAN id=101 dlc=8 data=d8cf0400409c0000
2026-07-07T15:05:23.218+00:00 CAN id=101 dlc=8 data=d8cf0400409c0000
2026-07-07T15:05:23.238+00:00 CAN id=101 dlc=8 data=d8cf0400409c0000
2026-07-07T15:05:23.245+00:00 VCP SET_TARGET_RX steer=315352 wheel=40000
2026-07-07T15:05:23.245+00:00 VCP run=1 step=0 angle=315791 target=315352 err=-439 steer=0 m1=311/13750 i1=162 t1=28 m2=-319/-13750 i2=-227 t2=27 steerMode=0/149 iSteer=-32758 driveMode=13750/16194 iDrive=194488 scale=0 wheel=40000
2026-07-07T15:05:23.258+00:00 CAN id=101 dlc=8 data=d8cf0400409c0000
2026-07-07T15:05:23.278+00:00 CAN id=101 dlc=8 data=d8cf0400409c0000
2026-07-07T15:05:23.298+00:00 CAN id=101 dlc=8 data=d8cf0400409c0000
2026-07-07T15:05:23.318+00:00 CAN id=101 dlc=8 data=d8cf0400409c0000
2026-07-07T15:05:23.338+00:00 CAN id=101 dlc=8 data=d8cf0400409c0000
2026-07-07T15:05:23.350+00:00 VCP run=1 step=0 angle=315791 target=315352 err=-439 steer=0 m1=261/13750 i1=223 t1=28 m2=-386/-13750 i2=-172 t2=27 steerMode=0/-1062 iSteer=25572 driveMode=13750/15474 iDrive=197743 scale=0 wheel=40000
2026-07-07T15:05:23.357+00:00 CAN id=101 dlc=8 data=d8cf0400409c0000
2026-07-07T15:05:23.378+00:00 CAN id=101 dlc=8 data=d8cf0400409c0000
2026-07-07T15:05:23.398+00:00 CAN id=101 dlc=8 data=d8cf0400409c0000
2026-07-07T15:05:23.418+00:00 CAN id=101 dlc=8 data=d8cf0400409c0000
2026-07-07T15:05:23.438+00:00 CAN id=101 dlc=8 data=d8cf0400409c0000
2026-07-07T15:05:23.454+00:00 VCP run=1 step=0 angle=315879 target=315352 err=-527 steer=-263 m1=288/12301 i1=74 t1=28 m2=-296/-15199 i2=-329 t2=27 steerMode=-1449/539 iSteer=-127380 driveMode=13750/14842 iDrive=201471 scale=0 wheel=40000
2026-07-07T15:05:23.457+00:00 CAN id=101 dlc=8 data=d8cf0400409c0000
2026-07-07T15:05:23.478+00:00 CAN id=101 dlc=8 data=d8cf0400409c0000
2026-07-07T15:05:23.498+00:00 CAN id=101 dlc=8 data=d8cf0400409c0000
2026-07-07T15:05:23.518+00:00 CAN id=101 dlc=8 data=d8cf0400409c0000
2026-07-07T15:05:23.538+00:00 CAN id=101 dlc=8 data=d8cf0400409c0000
2026-07-07T15:05:23.558+00:00 CAN id=101 dlc=8 data=d8cf0400409c0000
2026-07-07T15:05:23.558+00:00 VCP run=1 step=0 angle=315879 target=315352 err=-527 steer=-263 m1=263/12301 i1=166 t1=28 m2=-312/-15199 i2=-224 t2=27 steerMode=-1449/-1449 iSteer=-28799 driveMode=13750/15201 iDrive=194976 scale=0 wheel=40000
2026-07-07T15:05:23.578+00:00 CAN id=101 dlc=8 data=d8cf0400409c0000
2026-07-07T15:05:23.598+00:00 CAN id=101 dlc=8 data=d8cf0400409c0000
2026-07-07T15:05:23.618+00:00 CAN id=101 dlc=8 data=d8cf0400409c0000
2026-07-07T15:05:23.638+00:00 CAN id=101 dlc=8 data=d8cf0400409c0000
2026-07-07T15:05:23.658+00:00 CAN id=101 dlc=8 data=d8cf0400409c0000
2026-07-07T15:05:23.678+00:00 CAN id=101 dlc=8 data=d8cf0400409c0000
2026-07-07T15:05:23.698+00:00 CAN id=101 dlc=8 data=d8cf0400409c0000
2026-07-07T15:05:23.718+00:00 CAN id=101 dlc=8 data=d8cf0400409c0000
2026-07-07T15:05:23.738+00:00 CAN id=101 dlc=8 data=d8cf0400409c0000
2026-07-07T15:05:23.743+00:00 VCP run=1 step=0 angle=315703 target=315352 err=-351 steer=0 m1=280/13750 i1=161 t1=28 m2=-323/-13750 i2=-218 t2=27 steerMode=0/28 iSteer=-28825 driveMode=13750/15422 iDrive=189589 scale=0 wheel=40000
2026-07-07T15:05:23.743+00:00 VCP SET_TARGET_RX steer=315352 wheel=40000
2026-07-07T15:05:23.743+00:00 VCP run=1 step=0 angle=315703 target=315352 err=-351 steer=0 m1=269/13750 i1=156 t1=28 m2=-310/-13750 i2=-221 t2=27 steerMode=0/90 iSteer=-32394 driveMode=13750/15184 iDrive=188775 scale=0 wheel=40000
2026-07-07T15:05:23.758+00:00 CAN id=101 dlc=8 data=d8cf0400409c0000
2026-07-07T15:05:23.778+00:00 CAN id=101 dlc=8 data=d8cf0400409c0000
2026-07-07T15:05:23.798+00:00 CAN id=101 dlc=8 data=d8cf0400409c0000
2026-07-07T15:05:23.818+00:00 CAN id=101 dlc=8 data=d8cf0400409c0000
2026-07-07T15:05:23.838+00:00 CAN id=101 dlc=8 data=d8cf0400409c0000
2026-07-07T15:05:23.847+00:00 VCP run=1 step=0 angle=315703 target=315352 err=-351 steer=0 m1=257/13750 i1=168 t1=28 m2=-323/-13750 i2=-197 t2=27 steerMode=0/-275 iSteer=-14344 driveMode=13750/15539 iDrive=182503 scale=0 wheel=40000
2026-07-07T15:05:23.858+00:00 CAN id=101 dlc=8 data=d8cf0400409c0000
2026-07-07T15:05:23.878+00:00 CAN id=101 dlc=8 data=d8cf0400409c0000
2026-07-07T15:05:23.898+00:00 CAN id=101 dlc=8 data=d8cf0400409c0000
2026-07-07T15:05:23.918+00:00 CAN id=101 dlc=8 data=d8cf0400409c0000
2026-07-07T15:05:23.938+00:00 CAN id=101 dlc=8 data=d8cf0400409c0000
2026-07-07T15:05:23.952+00:00 VCP run=1 step=0 angle=315703 target=315352 err=-351 steer=0 m1=318/13750 i1=155 t1=28 m2=-254/-13750 i2=-215 t2=27 steerMode=0/36 iSteer=-29749 driveMode=13750/15272 iDrive=184782 scale=0 wheel=40000
2026-07-07T15:05:23.958+00:00 CAN id=101 dlc=8 data=d8cf0400409c0000
2026-07-07T15:05:23.978+00:00 CAN id=101 dlc=8 data=d8cf0400409c0000
2026-07-07T15:05:23.998+00:00 CAN id=101 dlc=8 data=d8cf0400409c0000
2026-07-07T15:05:24.018+00:00 CAN id=101 dlc=8 data=d8cf0400409c0000
2026-07-07T15:05:24.038+00:00 CAN id=101 dlc=8 data=d8cf0400409c0000
2026-07-07T15:05:24.057+00:00 VCP run=1 step=0 angle=315615 target=315352 err=-263 steer=0 m1=297/13750 i1=153 t1=28 m2=-331/-13750 i2=-225 t2=27 steerMode=0/161 iSteer=-36173 driveMode=13750/14850 iDrive=189003 scale=0 wheel=40000
2026-07-07T15:05:24.058+00:00 CAN id=101 dlc=8 data=d8cf0400409c0000
2026-07-07T15:05:24.078+00:00 CAN id=101 dlc=8 data=d8cf0400409c0000
2026-07-07T15:05:24.098+00:00 CAN id=101 dlc=8 data=d8cf0400409c0000
2026-07-07T15:05:24.118+00:00 CAN id=101 dlc=8 data=d8cf0400409c0000
2026-07-07T15:05:24.138+00:00 CAN id=101 dlc=8 data=d8cf0400409c0000
2026-07-07T15:05:24.158+00:00 CAN id=101 dlc=8 data=d8cf0400409c0000
2026-07-07T15:05:24.178+00:00 CAN id=101 dlc=8 data=d8cf0400409c0000
2026-07-07T15:05:24.198+00:00 CAN id=101 dlc=8 data=d8cf0400409c0000
2026-07-07T15:05:24.218+00:00 CAN id=101 dlc=8 data=d8cf0400409c0000
2026-07-07T15:05:24.238+00:00 CAN id=101 dlc=8 data=d8cf0400409c0000
2026-07-07T15:05:24.242+00:00 VCP run=1 step=0 angle=315615 target=315352 err=-263 steer=0 m1=274/13750 i1=174 t1=28 m2=-281/-13750 i2=-198 t2=27 steerMode=0/-306 iSteer=-12299 driveMode=13750/15164 iDrive=185863 scale=0 wheel=40000
2026-07-07T15:05:24.242+00:00 VCP SET_TARGET_RX steer=315352 wheel=40000
2026-07-07T15:05:24.242+00:00 VCP run=1 step=0 angle=315527 target=315352 err=-175 steer=0 m1=253/13750 i1=174 t1=28 m2=-300/-13750 i2=-190 t2=27 steerMode=0/-361 iSteer=-8287 driveMode=13750/15550 iDrive=181996 scale=0 wheel=40000
2026-07-07T15:05:24.258+00:00 CAN id=101 dlc=8 data=d8cf0400409c0000
2026-07-07T15:05:24.278+00:00 CAN id=101 dlc=8 data=d8cf0400409c0000
2026-07-07T15:05:24.298+00:00 CAN id=101 dlc=8 data=d8cf0400409c0000
2026-07-07T15:05:24.318+00:00 CAN id=101 dlc=8 data=d8cf0400409c0000
2026-07-07T15:05:24.338+00:00 CAN id=101 dlc=8 data=d8cf0400409c0000
2026-07-07T15:05:24.346+00:00 VCP run=1 step=0 angle=315527 target=315352 err=-175 steer=0 m1=276/13750 i1=154 t1=28 m2=-321/-13750 i2=-211 t2=27 steerMode=0/47 iSteer=-28127 driveMode=13750/15512 iDrive=182377 scale=0 wheel=40000
2026-07-07T15:05:24.357+00:00 CAN id=101 dlc=8 data=d8cf0400409c0000
2026-07-07T15:05:24.378+00:00 CAN id=101 dlc=8 data=d8cf0400409c0000
2026-07-07T15:05:24.398+00:00 CAN id=101 dlc=8 data=d8cf0400409c0000
2026-07-07T15:05:24.418+00:00 CAN id=101 dlc=8 data=d8cf0400409c0000
2026-07-07T15:05:24.438+00:00 CAN id=101 dlc=8 data=d8cf0400409c0000
2026-07-07T15:05:24.451+00:00 VCP run=1 step=0 angle=315527 target=315352 err=-175 steer=0 m1=246/13750 i1=163 t1=28 m2=-264/-13750 i2=-207 t2=27 steerMode=0/-68 iSteer=-21701 driveMode=13750/15244 iDrive=185060 scale=0 wheel=40000
2026-07-07T15:05:24.458+00:00 CAN id=101 dlc=8 data=d8cf0400409c0000
2026-07-07T15:05:24.478+00:00 CAN id=101 dlc=8 data=d8cf0400409c0000
2026-07-07T15:05:24.498+00:00 CAN id=101 dlc=8 data=d8cf0400409c0000
2026-07-07T15:05:24.518+00:00 CAN id=101 dlc=8 data=d8cf0400409c0000
2026-07-07T15:05:24.538+00:00 CAN id=101 dlc=8 data=d8cf0400409c0000
2026-07-07T15:05:24.556+00:00 VCP run=1 step=0 angle=315264 target=315352 err=88 steer=0 m1=318/13750 i1=156 t1=28 m2=-289/-13750 i2=-217 t2=27 steerMode=0/111 iSteer=-30496 driveMode=13750/15055 iDrive=186950 scale=0 wheel=40000
2026-07-07T15:05:24.558+00:00 CAN id=101 dlc=8 data=d8cf0400409c0000
2026-07-07T15:05:24.578+00:00 CAN id=101 dlc=8 data=d8cf0400409c0000
2026-07-07T15:05:24.598+00:00 CAN id=101 dlc=8 data=d8cf0400409c0000
2026-07-07T15:05:24.618+00:00 CAN id=101 dlc=8 data=d8cf0400409c0000
2026-07-07T15:05:24.638+00:00 CAN id=101 dlc=8 data=d8cf0400409c0000
2026-07-07T15:05:24.658+00:00 CAN id=101 dlc=8 data=d8cf0400409c0000
2026-07-07T15:05:24.659+00:00 VCP run=1 step=0 angle=315264 target=315352 err=88 steer=0 m1=278/13750 i1=168 t1=28 m2=-289/-13750 i2=-220 t2=27 steerMode=0/18 iSteer=-26197 driveMode=13750/14344 iDrive=194063 scale=0 wheel=40000
2026-07-07T15:05:24.659+00:00 VCP SET_TARGET_RX steer=315352 wheel=40000
2026-07-07T15:05:24.678+00:00 CAN id=101 dlc=8 data=d8cf0400409c0000
2026-07-07T15:05:24.698+00:00 CAN id=101 dlc=8 data=d8cf0400409c0000
2026-07-07T15:05:24.718+00:00 CAN id=101 dlc=8 data=d8cf0400409c0000
2026-07-07T15:05:24.738+00:00 CAN id=101 dlc=8 data=d8cf0400409c0000
2026-07-07T15:05:24.757+00:00 CAN id=101 dlc=8 data=d8cf0400409c0000
2026-07-07T15:05:24.778+00:00 CAN id=101 dlc=8 data=d8cf0400409c0000
2026-07-07T15:05:24.798+00:00 CAN id=101 dlc=8 data=d8cf0400409c0000
2026-07-07T15:05:24.818+00:00 CAN id=101 dlc=8 data=d8cf0400409c0000
2026-07-07T15:05:24.838+00:00 CAN id=101 dlc=8 data=d8cf0400409c0000
2026-07-07T15:05:24.846+00:00 VCP run=1 step=0 angle=315527 target=315352 err=-175 steer=0 m1=236/13750 i1=168 t1=28 m2=-206/-13750 i2=-246 t2=27 steerMode=0/263 iSteer=-39294 driveMode=13750/13074 iDrive=207038 scale=0 wheel=40000
2026-07-07T15:05:24.846+00:00 VCP run=1 step=0 angle=315791 target=315352 err=-439 steer=0 m1=230/13750 i1=167 t1=28 m2=-262/-13750 i2=-274 t2=27 steerMode=0/519 iSteer=-53325 driveMode=13750/11890 iDrive=220807 scale=0 wheel=40000
2026-07-07T15:05:24.858+00:00 CAN id=101 dlc=8 data=d8cf0400409c0000
2026-07-07T15:05:24.878+00:00 CAN id=101 dlc=8 data=d8cf0400409c0000
2026-07-07T15:05:24.898+00:00 CAN id=101 dlc=8 data=d8cf0400409c0000
2026-07-07T15:05:24.918+00:00 CAN id=101 dlc=8 data=d8cf0400409c0000
2026-07-07T15:05:24.938+00:00 CAN id=101 dlc=8 data=d8cf0400409c0000
2026-07-07T15:05:24.950+00:00 VCP run=1 step=0 angle=315879 target=315352 err=-527 steer=-263 m1=196/12301 i1=164 t1=28 m2=-247/-15199 i2=-297 t2=27 steerMode=-1449/-743 iSteer=-66679 driveMode=13750/11344 iDrive=230439 scale=0 wheel=40000
2026-07-07T15:05:24.958+00:00 CAN id=101 dlc=8 data=d8cf0400409c0000
2026-07-07T15:05:24.978+00:00 CAN id=101 dlc=8 data=d8cf0400409c0000
2026-07-07T15:05:24.998+00:00 CAN id=101 dlc=8 data=d8cf0400409c0000
2026-07-07T15:05:25.018+00:00 CAN id=101 dlc=8 data=d8cf0400409c0000
2026-07-07T15:05:25.038+00:00 CAN id=101 dlc=8 data=d8cf0400409c0000
2026-07-07T15:05:25.055+00:00 VCP run=1 step=0 angle=315703 target=315352 err=-351 steer=0 m1=232/13750 i1=203 t1=28 m2=-197/-13750 i2=-253 t2=27 steerMode=0/-118 iSteer=-24951 driveMode=13750/11977 iDrive=228314 scale=0 wheel=40000
2026-07-07T15:05:25.057+00:00 CAN id=101 dlc=8 data=d8cf0400409c0000
2026-07-07T15:05:25.078+00:00 CAN id=101 dlc=8 data=d8cf0400409c0000
2026-07-07T15:05:25.098+00:00 CAN id=101 dlc=8 data=d8cf0400409c0000
2026-07-07T15:05:25.118+00:00 CAN id=101 dlc=8 data=d8cf0400409c0000
2026-07-07T15:05:25.138+00:00 CAN id=101 dlc=8 data=d8cf0400409c0000
2026-07-07T15:05:25.156+00:00 VCP run=1 step=0 angle=315967 target=315352 err=-615 steer=-307 m1=219/12059 i1=139 t1=28 m2=-279/-15441 i2=-337 t2=27 steerMode=-1691/-436 iSteer=-98906 driveMode=13750/11451 iDrive=237810 scale=0 wheel=40000
2026-07-07T15:05:25.156+00:00 VCP SET_TARGET_RX steer=315352 wheel=40000
2026-07-07T15:05:25.158+00:00 CAN id=101 dlc=8 data=d8cf0400409c0000
2026-07-07T15:05:25.178+00:00 CAN id=101 dlc=8 data=d8cf0400409c0000
2026-07-07T15:05:25.198+00:00 CAN id=101 dlc=8 data=d8cf0400409c0000
2026-07-07T15:05:25.218+00:00 CAN id=101 dlc=8 data=d8cf0400409c0000
2026-07-07T15:05:25.238+00:00 CAN id=101 dlc=8 data=d8cf0400409c0000
2026-07-07T15:05:25.258+00:00 CAN id=101 dlc=8 data=d8cf0400409c0000
2026-07-07T15:05:25.278+00:00 CAN id=101 dlc=8 data=d8cf0400409c0000
2026-07-07T15:05:25.298+00:00 CAN id=101 dlc=8 data=d8cf0400409c0000
2026-07-07T15:05:25.318+00:00 CAN id=101 dlc=8 data=d8cf0400409c0000
2026-07-07T15:05:25.338+00:00 CAN id=101 dlc=8 data=d8cf0400409c0000
2026-07-07T15:05:25.342+00:00 VCP run=1 step=0 angle=315879 target=315352 err=-527 steer=-263 m1=232/12301 i1=118 t1=28 m2=-222/-15199 i2=-366 t2=27 steerMode=-1449/318 iSteer=-124286 driveMode=13750/11458 iDrive=242099 scale=0 wheel=40000
2026-07-07T15:05:25.343+00:00 VCP run=1 step=0 angle=315703 target=315352 err=-351 steer=0 m1=230/13750 i1=212 t1=28 m2=-203/-13750 i2=-243 t2=27 steerMode=0/-429 iSteer=-15047 driveMode=13750/13145 iDrive=227510 scale=0 wheel=40000
2026-07-07T15:05:25.358+00:00 CAN id=101 dlc=8 data=d8cf0400409c0000
2026-07-07T15:05:25.378+00:00 CAN id=101 dlc=8 data=d8cf0400409c0000
2026-07-07T15:05:25.398+00:00 CAN id=101 dlc=8 data=d8cf0400409c0000
2026-07-07T15:05:25.418+00:00 CAN id=101 dlc=8 data=d8cf0400409c0000
2026-07-07T15:05:25.438+00:00 CAN id=101 dlc=8 data=d8cf0400409c0000
2026-07-07T15:05:25.447+00:00 VCP run=1 step=0 angle=315703 target=315352 err=-351 steer=0 m1=309/13750 i1=166 t1=28 m2=-340/-13750 i2=-252 t2=27 steerMode=0/128 iSteer=-43075 driveMode=13750/14923 iDrive=209319 scale=0 wheel=40000
2026-07-07T15:05:25.458+00:00 CAN id=101 dlc=8 data=d8cf0400409c0000
2026-07-07T15:05:25.478+00:00 CAN id=101 dlc=8 data=d8cf0400409c0000
2026-07-07T15:05:25.498+00:00 CAN id=101 dlc=8 data=d8cf0400409c0000
2026-07-07T15:05:25.518+00:00 CAN id=101 dlc=8 data=d8cf0400409c0000
2026-07-07T15:05:25.538+00:00 CAN id=101 dlc=8 data=d8cf0400409c0000
2026-07-07T15:05:25.552+00:00 VCP run=1 step=0 angle=315791 target=315352 err=-439 steer=0 m1=282/13750 i1=172 t1=28 m2=-287/-13750 i2=-234 t2=27 steerMode=0/-136 iSteer=-30549 driveMode=13750/15309 iDrive=203000 scale=0 wheel=40000
2026-07-07T15:05:25.558+00:00 CAN id=101 dlc=8 data=d8cf0400409c0000
2026-07-07T15:05:25.578+00:00 CAN id=101 dlc=8 data=d8cf0400409c0000
2026-07-07T15:05:25.598+00:00 CAN id=101 dlc=8 data=d8cf0400409c0000
2026-07-07T15:05:25.618+00:00 CAN id=101 dlc=8 data=d8cf0400409c0000
2026-07-07T15:05:25.638+00:00 CAN id=101 dlc=8 data=d8cf0400409c0000
2026-07-07T15:05:25.654+00:00 VCP run=1 step=0 angle=315615 target=315352 err=-263 steer=0 m1=339/13750 i1=160 t1=28 m2=-289/-13750 i2=-204 t2=27 steerMode=0/-280 iSteer=-21995 driveMode=13750/16909 iDrive=182458 scale=0 wheel=40000
2026-07-07T15:05:25.654+00:00 VCP SET_TARGET_RX steer=315352 wheel=40000
2026-07-07T15:05:25.658+00:00 CAN id=101 dlc=8 data=d8cf0400409c0000
2026-07-07T15:05:25.678+00:00 CAN id=101 dlc=8 data=d8cf0400409c0000
2026-07-07T15:05:25.698+00:00 CAN id=101 dlc=8 data=d8cf0400409c0000
2026-07-07T15:05:25.718+00:00 CAN id=101 dlc=8 data=d8cf0400409c0000
2026-07-07T15:05:25.738+00:00 CAN id=101 dlc=8 data=d8cf0400409c0000
2026-07-07T15:05:25.758+00:00 CAN id=101 dlc=8 data=d8cf0400409c0000
2026-07-07T15:05:25.778+00:00 CAN id=101 dlc=8 data=d8cf0400409c0000
2026-07-07T15:05:25.798+00:00 CAN id=101 dlc=8 data=d8cf0400409c0000
2026-07-07T15:05:25.818+00:00 CAN id=101 dlc=8 data=d8cf0400409c0000
2026-07-07T15:05:25.838+00:00 CAN id=101 dlc=8 data=d8cf0400409c0000
2026-07-07T15:05:25.841+00:00 VCP run=1 step=0 angle=315615 target=315352 err=-263 steer=0 m1=286/13750 i1=141 t1=28 m2=-321/-13750 i2=-225 t2=27 steerMode=0/103 iSteer=-41893 driveMode=13750/16288 iDrive=183301 scale=0 wheel=40000
2026-07-07T15:05:25.841+00:00 VCP run=1 step=0 angle=315527 target=315352 err=-175 steer=0 m1=311/13750 i1=149 t1=28 m2=-308/-13750 i2=-211 t2=27 steerMode=0/-105 iSteer=-31183 driveMode=13750/16185 iDrive=179840 scale=0 wheel=40000
2026-07-07T15:05:25.858+00:00 CAN id=101 dlc=8 data=d8cf0400409c0000
2026-07-07T15:05:25.878+00:00 CAN id=101 dlc=8 data=d8cf0400409c0000
2026-07-07T15:05:25.898+00:00 CAN id=101 dlc=8 data=d8cf0400409c0000
2026-07-07T15:05:25.918+00:00 CAN id=101 dlc=8 data=d8cf0400409c0000
2026-07-07T15:05:25.938+00:00 CAN id=101 dlc=8 data=d8cf0400409c0000
2026-07-07T15:05:25.946+00:00 VCP run=1 step=0 angle=315527 target=315352 err=-175 steer=0 m1=295/13750 i1=157 t1=28 m2=-352/-13750 i2=-192 t2=27 steerMode=0/-365 iSteer=-17772 driveMode=13750/16277 iDrive=174726 scale=0 wheel=40000
2026-07-07T15:05:25.958+00:00 CAN id=101 dlc=8 data=d8cf0400409c0000
2026-07-07T15:05:25.978+00:00 CAN id=101 dlc=8 data=d8cf0400409c0000
2026-07-07T15:05:25.998+00:00 CAN id=101 dlc=8 data=d8cf0400409c0000
2026-07-07T15:05:26.018+00:00 CAN id=101 dlc=8 data=d8cf0400409c0000
2026-07-07T15:05:26.038+00:00 CAN id=101 dlc=8 data=d8cf0400409c0000
2026-07-07T15:05:26.051+00:00 VCP run=1 step=0 angle=315439 target=315352 err=-87 steer=0 m1=336/13750 i1=158 t1=28 m2=-291/-13750 i2=-193 t2=27 steerMode=0/-373 iSteer=-17079 driveMode=13750/16205 iDrive=175455 scale=0 wheel=40000
2026-07-07T15:05:26.058+00:00 CAN id=101 dlc=8 data=d8cf0400409c0000
2026-07-07T15:05:26.078+00:00 CAN id=101 dlc=8 data=d8cf0400409c0000
2026-07-07T15:05:26.098+00:00 CAN id=101 dlc=8 data=d8cf0400409c0000
2026-07-07T15:05:26.118+00:00 CAN id=101 dlc=8 data=d8cf0400409c0000
2026-07-07T15:05:26.138+00:00 CAN id=101 dlc=8 data=d8cf0400409c0000
2026-07-07T15:05:26.153+00:00 VCP run=1 step=0 angle=315264 target=315352 err=88 steer=0 m1=334/13750 i1=150 t1=28 m2=-293/-13750 i2=-199 t2=27 steerMode=0/-194 iSteer=-24648 driveMode=13750/16303 iDrive=174471 scale=0 wheel=40000
2026-07-07T15:05:26.153+00:00 VCP SET_TARGET_RX steer=315352 wheel=40000
2026-07-07T15:05:26.158+00:00 CAN id=101 dlc=8 data=d8cf0400409c0000
2026-07-07T15:05:26.178+00:00 CAN id=101 dlc=8 data=d8cf0400409c0000
2026-07-07T15:05:26.198+00:00 CAN id=101 dlc=8 data=d8cf0400409c0000
2026-07-07T15:05:26.218+00:00 CAN id=101 dlc=8 data=d8cf0400409c0000
2026-07-07T15:05:26.238+00:00 CAN id=101 dlc=8 data=d8cf0400409c0000
2026-07-07T15:05:26.257+00:00 VCP run=1 step=0 angle=315088 target=315352 err=264 steer=0 m1=299/13750 i1=159 t1=28 m2=-352/-13750 i2=-177 t2=27 steerMode=0/-481 iSteer=-8938 driveMode=13750/16911 iDrive=168394 scale=0 wheel=40000
2026-07-07T15:05:26.258+00:00 CAN id=101 dlc=8 data=d8cf0400409c0000
2026-07-07T15:05:26.278+00:00 CAN id=101 dlc=8 data=d8cf0400409c0000
2026-07-07T15:05:26.298+00:00 CAN id=101 dlc=8 data=d8cf0400409c0000
2026-07-07T15:05:26.318+00:00 CAN id=101 dlc=8 data=d8cf0400409c0000
2026-07-07T15:05:26.338+00:00 CAN id=101 dlc=8 data=d8cf0400409c0000
2026-07-07T15:05:26.358+00:00 CAN id=101 dlc=8 data=d8cf0400409c0000
2026-07-07T15:05:26.378+00:00 CAN id=101 dlc=8 data=d8cf0400409c0000
2026-07-07T15:05:26.398+00:00 CAN id=101 dlc=8 data=d8cf0400409c0000
2026-07-07T15:05:26.418+00:00 CAN id=101 dlc=8 data=d8cf0400409c0000
2026-07-07T15:05:26.438+00:00 CAN id=101 dlc=8 data=d8cf0400409c0000
2026-07-07T15:05:26.445+00:00 VCP run=1 step=0 angle=315000 target=315352 err=352 steer=0 m1=351/13750 i1=143 t1=28 m2=-360/-13750 i2=-186 t2=27 steerMode=0/-210 iSteer=-21729 driveMode=13750/17301 iDrive=164486 scale=0 wheel=40000
2026-07-07T15:05:26.445+00:00 VCP run=1 step=0 angle=314912 target=315352 err=440 steer=0 m1=322/13750 i1=142 t1=28 m2=-287/-13750 i2=-186 t2=27 steerMode=0/-180 iSteer=-22091 driveMode=13750/17359 iDrive=163911 scale=0 wheel=40000
2026-07-07T15:05:26.458+00:00 CAN id=101 dlc=8 data=d8cf0400409c0000
2026-07-07T15:05:26.478+00:00 CAN id=101 dlc=8 data=d8cf0400409c0000
2026-07-07T15:05:26.498+00:00 CAN id=101 dlc=8 data=d8cf0400409c0000
2026-07-07T15:05:26.518+00:00 CAN id=101 dlc=8 data=d8cf0400409c0000
2026-07-07T15:05:26.538+00:00 CAN id=101 dlc=8 data=d8cf0400409c0000
2026-07-07T15:05:26.550+00:00 VCP run=1 step=0 angle=314912 target=315352 err=440 steer=0 m1=313/13750 i1=154 t1=28 m2=-337/-13750 i2=-176 t2=27 steerMode=0/-396 iSteer=-11228 driveMode=13750/17262 iDrive=164880 scale=0 wheel=40000
2026-07-07T15:05:26.558+00:00 CAN id=101 dlc=8 data=d8cf0400409c0000
2026-07-07T15:05:26.578+00:00 CAN id=101 dlc=8 data=d8cf0400409c0000
2026-07-07T15:05:26.598+00:00 CAN id=101 dlc=8 data=d8cf0400409c0000
2026-07-07T15:05:26.618+00:00 CAN id=101 dlc=8 data=d8cf0400409c0000
2026-07-07T15:05:26.638+00:00 CAN id=101 dlc=8 data=d8cf0400409c0000
2026-07-07T15:05:26.653+00:00 VCP run=1 step=0 angle=314912 target=315352 err=440 steer=0 m1=295/13750 i1=172 t1=28 m2=-323/-13750 i2=-165 t2=27 steerMode=0/-682 iSteer=3745 driveMode=13750/16880 iDrive=168704 scale=0 wheel=40000
2026-07-07T15:05:26.653+00:00 VCP SET_TARGET_RX steer=315352 wheel=40000
2026-07-07T15:05:26.658+00:00 CAN id=101 dlc=8 data=d8cf0400409c0000
2026-07-07T15:05:26.678+00:00 CAN id=101 dlc=8 data=d8cf0400409c0000
2026-07-07T15:05:26.698+00:00 CAN id=101 dlc=8 data=d8cf0400409c0000
2026-07-07T15:05:26.718+00:00 CAN id=101 dlc=8 data=d8cf0400409c0000
2026-07-07T15:05:26.738+00:00 CAN id=101 dlc=8 data=d8cf0400409c0000
2026-07-07T15:05:26.757+00:00 VCP run=1 step=0 angle=314912 target=315352 err=440 steer=0 m1=334/13750 i1=142 t1=28 m2=-348/-13750 i2=-177 t2=27 steerMode=0/-237 iSteer=-17565 driveMode=13750/17772 iDrive=159777 scale=0 wheel=40000
2026-07-07T15:05:26.757+00:00 CAN id=101 dlc=8 data=d8cf0400409c0000
2026-07-07T15:05:26.778+00:00 CAN id=101 dlc=8 data=d8cf0400409c0000
2026-07-07T15:05:26.798+00:00 CAN id=101 dlc=8 data=d8cf0400409c0000
2026-07-07T15:05:26.818+00:00 CAN id=101 dlc=8 data=d8cf0400409c0000
2026-07-07T15:05:26.838+00:00 CAN id=101 dlc=8 data=d8cf0400409c0000
2026-07-07T15:05:26.858+00:00 CAN id=101 dlc=8 data=d8cf0400409c0000
2026-07-07T15:05:26.878+00:00 CAN id=101 dlc=8 data=d8cf0400409c0000
2026-07-07T15:05:26.898+00:00 CAN id=101 dlc=8 data=d8cf0400409c0000
2026-07-07T15:05:26.918+00:00 CAN id=101 dlc=8 data=d8cf0400409c0000
2026-07-07T15:05:26.938+00:00 CAN id=101 dlc=8 data=d8cf0400409c0000
2026-07-07T15:05:26.945+00:00 VCP run=1 step=0 angle=314824 target=315352 err=528 steer=264 m1=336/15201 i1=173 t1=28 m2=-306/-12299 i2=-157 t2=27 steerMode=1451/733 iSteer=8100 driveMode=13750/17290 iDrive=164603 scale=0 wheel=40000
2026-07-07T15:05:26.945+00:00 VCP run=1 step=0 angle=315088 target=315352 err=264 steer=0 m1=318/13750 i1=95 t1=28 m2=-287/-13750 i2=-248 t2=27 steerMode=0/942 iSteer=-76209 driveMode=13750/16615 iDrive=171351 scale=0 wheel=40000
2026-07-07T15:05:26.958+00:00 CAN id=101 dlc=8 data=d8cf0400409c0000
2026-07-07T15:05:26.978+00:00 CAN id=101 dlc=8 data=d8cf0400409c0000
2026-07-07T15:05:26.998+00:00 CAN id=101 dlc=8 data=d8cf0400409c0000
2026-07-07T15:05:27.018+00:00 CAN id=101 dlc=8 data=d8cf0400409c0000
2026-07-07T15:05:27.038+00:00 CAN id=101 dlc=8 data=d8cf0400409c0000
2026-07-07T15:05:27.050+00:00 VCP run=1 step=0 angle=315088 target=315352 err=264 steer=0 m1=267/13750 i1=148 t1=28 m2=-216/-13750 i2=-235 t2=27 steerMode=0/277 iSteer=-43523 driveMode=13750/14575 iDrive=191755 scale=0 wheel=40000
2026-07-07T15:05:27.058+00:00 CAN id=101 dlc=8 data=d8cf0400409c0000
2026-07-07T15:05:27.078+00:00 CAN id=101 dlc=8 data=d8cf0400409c0000
2026-07-07T15:05:27.098+00:00 CAN id=101 dlc=8 data=d8cf0400409c0000
2026-07-07T15:05:27.118+00:00 CAN id=101 dlc=8 data=d8cf0400409c0000
2026-07-07T15:05:27.138+00:00 CAN id=101 dlc=8 data=d8cf0400409c0000
2026-07-07T15:05:27.152+00:00 VCP run=1 step=0 angle=315088 target=315352 err=264 steer=0 m1=269/13750 i1=154 t1=28 m2=-222/-13750 i2=-246 t2=27 steerMode=0/305 iSteer=-45575 driveMode=13750/13748 iDrive=200027 scale=0 wheel=40000
2026-07-07T15:05:27.152+00:00 VCP SET_TARGET_RX steer=315352 wheel=40000
2026-07-07T15:05:27.158+00:00 CAN id=101 dlc=8 data=d8cf0400409c0000
2026-07-07T15:05:27.178+00:00 CAN id=101 dlc=8 data=d8cf0400409c0000
2026-07-07T15:05:27.198+00:00 CAN id=101 dlc=8 data=d8cf0400409c0000
2026-07-07T15:05:27.218+00:00 CAN id=101 dlc=8 data=d8cf0400409c0000
2026-07-07T15:05:27.238+00:00 CAN id=101 dlc=8 data=d8cf0400409c0000
2026-07-07T15:05:27.257+00:00 VCP run=1 step=0 angle=315264 target=315352 err=88 steer=0 m1=284/13750 i1=178 t1=28 m2=-314/-13750 i2=-233 t2=27 steerMode=0/-68 iSteer=-27279 driveMode=13750/13303 iDrive=205307 scale=0 wheel=40000
2026-07-07T15:05:27.258+00:00 CAN id=101 dlc=8 data=d8cf0400409c0000
2026-07-07T15:05:27.278+00:00 CAN id=101 dlc=8 data=d8cf0400409c0000
2026-07-07T15:05:27.298+00:00 CAN id=101 dlc=8 data=d8cf0400409c0000
2026-07-07T15:05:27.318+00:00 CAN id=101 dlc=8 data=d8cf0400409c0000
2026-07-07T15:05:27.338+00:00 CAN id=101 dlc=8 data=d8cf0400409c0000
2026-07-07T15:05:27.358+00:00 CAN id=101 dlc=8 data=d8cf0400409c0000
2026-07-07T15:05:27.378+00:00 CAN id=101 dlc=8 data=d8cf0400409c0000
2026-07-07T15:05:27.398+00:00 CAN id=101 dlc=8 data=d8cf0400409c0000
2026-07-07T15:05:27.418+00:00 CAN id=101 dlc=8 data=d8cf0400409c0000
2026-07-07T15:05:27.438+00:00 CAN id=101 dlc=8 data=d8cf0400409c0000
2026-07-07T15:05:27.444+00:00 VCP run=1 step=0 angle=315264 target=315352 err=88 steer=0 m1=246/13750 i1=175 t1=28 m2=-195/-13750 i2=-252 t2=27 steerMode=0/144 iSteer=-38463 driveMode=13750/12668 iDrive=213910 scale=0 wheel=40000
2026-07-07T15:05:27.444+00:00 VCP run=1 step=0 angle=315439 target=315352 err=-87 steer=0 m1=246/13750 i1=189 t1=28 m2=-266/-13750 i2=-241 t2=27 steerMode=0/-137 iSteer=-25894 driveMode=13750/12850 iDrive=214749 scale=0 wheel=40000
2026-07-07T15:05:27.458+00:00 CAN id=101 dlc=8 data=d8cf0400409c0000
2026-07-07T15:05:27.478+00:00 CAN id=101 dlc=8 data=d8cf0400409c0000
2026-07-07T15:05:27.498+00:00 CAN id=101 dlc=8 data=d8cf0400409c0000
2026-07-07T15:05:27.518+00:00 CAN id=101 dlc=8 data=d8cf0400409c0000
2026-07-07T15:05:27.538+00:00 CAN id=101 dlc=8 data=d8cf0400409c0000
2026-07-07T15:05:27.549+00:00 VCP run=1 step=0 angle=315439 target=315352 err=-87 steer=0 m1=242/13750 i1=158 t1=28 m2=-308/-13750 i2=-265 t2=27 steerMode=0/416 iSteer=-53682 driveMode=13750/13292 iDrive=211335 scale=0 wheel=40000
2026-07-07T15:05:27.558+00:00 CAN id=101 dlc=8 data=d8cf0400409c0000
2026-07-07T15:05:27.578+00:00 CAN id=101 dlc=8 data=d8cf0400409c0000
2026-07-07T15:05:27.598+00:00 CAN id=101 dlc=8 data=d8cf0400409c0000
2026-07-07T15:05:27.618+00:00 CAN id=101 dlc=8 data=d8cf0400409c0000
2026-07-07T15:05:27.638+00:00 CAN id=101 dlc=8 data=d8cf0400409c0000
2026-07-07T15:05:27.651+00:00 VCP run=1 step=0 angle=315615 target=315352 err=-263 steer=0 m1=223/13750 i1=183 t1=28 m2=-203/-13750 i2=-262 t2=27 steerMode=0/133 iSteer=-39764 driveMode=13750/12351 iDrive=222266 scale=0 wheel=40000
2026-07-07T15:05:27.651+00:00 VCP SET_TARGET_RX steer=315352 wheel=40000
2026-07-07T15:05:27.658+00:00 CAN id=101 dlc=8 data=d8cf0400409c0000
2026-07-07T15:05:27.678+00:00 CAN id=101 dlc=8 data=d8cf0400409c0000
2026-07-07T15:05:27.698+00:00 CAN id=101 dlc=8 data=d8cf0400409c0000
2026-07-07T15:05:27.718+00:00 CAN id=101 dlc=8 data=d8cf0400409c0000
2026-07-07T15:05:27.738+00:00 CAN id=101 dlc=8 data=d8cf0400409c0000
2026-07-07T15:05:27.756+00:00 VCP run=1 step=0 angle=315615 target=315352 err=-263 steer=0 m1=274/13750 i1=181 t1=28 m2=-241/-13750 i2=-249 t2=27 steerMode=0/27 iSteer=-34197 driveMode=13750/13278 iDrive=214859 scale=0 wheel=40000
2026-07-07T15:05:27.758+00:00 CAN id=101 dlc=8 data=d8cf0400409c0000
2026-07-07T15:05:27.778+00:00 CAN id=101 dlc=8 data=d8cf0400409c0000
2026-07-07T15:05:27.798+00:00 CAN id=101 dlc=8 data=d8cf0400409c0000
2026-07-07T15:05:27.818+00:00 CAN id=101 dlc=8 data=d8cf0400409c0000
2026-07-07T15:05:27.838+00:00 CAN id=101 dlc=8 data=d8cf0400409c0000
2026-07-07T15:05:27.858+00:00 CAN id=101 dlc=8 data=d8cf0400409c0000
2026-07-07T15:05:27.878+00:00 CAN id=101 dlc=8 data=d8cf0400409c0000
2026-07-07T15:05:27.898+00:00 CAN id=101 dlc=8 data=d8cf0400409c0000
2026-07-07T15:05:27.918+00:00 CAN id=101 dlc=8 data=d8cf0400409c0000
2026-07-07T15:05:27.938+00:00 CAN id=101 dlc=8 data=d8cf0400409c0000
2026-07-07T15:05:27.943+00:00 VCP run=1 step=0 angle=315703 target=315352 err=-351 steer=0 m1=219/13750 i1=205 t1=28 m2=-256/-13750 i2=-213 t2=27 steerMode=0/-578 iSteer=-3914 driveMode=13750/13911 iDrive=209161 scale=0 wheel=40000
2026-07-07T15:05:27.943+00:00 VCP run=1 step=0 angle=315791 target=315352 err=-439 steer=0 m1=259/13750 i1=196 t1=28 m2=-243/-13750 i2=-222 t2=27 steerMode=0/-403 iSteer=-12762 driveMode=13750/13941 iDrive=209120 scale=0 wheel=40000
2026-07-07T15:05:27.958+00:00 CAN id=101 dlc=8 data=d8cf0400409c0000
2026-07-07T15:05:27.978+00:00 CAN id=101 dlc=8 data=d8cf0400409c0000
2026-07-07T15:05:27.998+00:00 CAN id=101 dlc=8 data=d8cf0400409c0000
2026-07-07T15:05:28.018+00:00 CAN id=101 dlc=8 data=d8cf0400409c0000
2026-07-07T15:05:28.038+00:00 CAN id=101 dlc=8 data=d8cf0400409c0000
2026-07-07T15:05:28.048+00:00 VCP run=1 step=0 angle=315879 target=315352 err=-527 steer=-263 m1=265/12301 i1=146 t1=28 m2=-304/-15199 i2=-258 t2=27 steerMode=-1449/-998 iSteer=-56136 driveMode=13750/14595 iDrive=202163 scale=0 wheel=40000
2026-07-07T15:05:28.057+00:00 CAN id=101 dlc=8 data=d8cf0400409c0000
2026-07-07T15:05:28.078+00:00 CAN id=101 dlc=8 data=d8cf0400409c0000
2026-07-07T15:05:28.098+00:00 CAN id=101 dlc=8 data=d8cf0400409c0000
2026-07-07T15:05:28.118+00:00 CAN id=101 dlc=8 data=d8cf0400409c0000
2026-07-07T15:05:28.138+00:00 CAN id=101 dlc=8 data=d8cf0400409c0000
2026-07-07T15:05:28.150+00:00 VCP run=1 step=0 angle=315791 target=315352 err=-439 steer=0 m1=326/13750 i1=139 t1=28 m2=-201/-13750 i2=-267 t2=27 steerMode=0/620 iSteer=-64178 driveMode=13750/14396 iDrive=202811 scale=0 wheel=40000
2026-07-07T15:05:28.150+00:00 VCP SET_TARGET_RX steer=315352 wheel=40000
2026-07-07T15:05:28.158+00:00 CAN id=101 dlc=8 data=d8cf0400409c0000
2026-07-07T15:05:28.178+00:00 CAN id=101 dlc=8 data=d8cf0400409c0000
2026-07-07T15:05:28.198+00:00 CAN id=101 dlc=8 data=d8cf0400409c0000
2026-07-07T15:05:28.218+00:00 CAN id=101 dlc=8 data=d8cf0400409c0000
2026-07-07T15:05:28.238+00:00 CAN id=101 dlc=8 data=d8cf0400409c0000
2026-07-07T15:05:28.254+00:00 VCP run=1 step=0 angle=315791 target=315352 err=-439 steer=0 m1=265/13750 i1=194 t1=28 m2=-348/-13750 i2=-201 t2=27 steerMode=0/-612 iSteer=-3589 driveMode=13750/14755 iDrive=197876 scale=0 wheel=40000
2026-07-07T15:05:28.258+00:00 CAN id=101 dlc=8 data=d8cf0400409c0000
2026-07-07T15:05:28.278+00:00 CAN id=101 dlc=8 data=d8cf0400409c0000
2026-07-07T15:05:28.298+00:00 CAN id=101 dlc=8 data=d8cf0400409c0000
2026-07-07T15:05:28.318+00:00 CAN id=101 dlc=8 data=d8cf0400409c0000
2026-07-07T15:05:28.338+00:00 CAN id=101 dlc=8 data=d8cf0400409c0000
2026-07-07T15:05:28.358+00:00 CAN id=101 dlc=8 data=d8cf0400409c0000
2026-07-07T15:05:28.378+00:00 CAN id=101 dlc=8 data=d8cf0400409c0000
2026-07-07T15:05:28.398+00:00 CAN id=101 dlc=8 data=d8cf0400409c0000
2026-07-07T15:05:28.418+00:00 CAN id=101 dlc=8 data=d8cf0400409c0000
2026-07-07T15:05:28.438+00:00 CAN id=101 dlc=8 data=d8cf0400409c0000
2026-07-07T15:05:28.441+00:00 VCP run=1 step=0 angle=315791 target=315352 err=-439 steer=0 m1=297/13750 i1=158 t1=28 m2=-262/-13750 i2=-212 t2=27 steerMode=0/-121 iSteer=-27144 driveMode=13750/15734 iDrive=185239 scale=0 wheel=40000
2026-07-07T15:05:28.442+00:00 VCP run=1 step=0 angle=315791 target=315352 err=-439 steer=0 m1=299/13750 i1=146 t1=28 m2=-279/-13750 i2=-222 t2=27 steerMode=0/87 iSteer=-37800 driveMode=13750/15514 iDrive=183877 scale=0 wheel=40000
2026-07-07T15:05:28.458+00:00 CAN id=101 dlc=8 data=d8cf0400409c0000
2026-07-07T15:05:28.478+00:00 CAN id=101 dlc=8 data=d8cf0400409c0000
2026-07-07T15:05:28.498+00:00 CAN id=101 dlc=8 data=d8cf0400409c0000
2026-07-07T15:05:28.518+00:00 CAN id=101 dlc=8 data=d8cf0400409c0000
2026-07-07T15:05:28.538+00:00 CAN id=101 dlc=8 data=d8cf0400409c0000
2026-07-07T15:05:28.546+00:00 VCP run=1 step=0 angle=315615 target=315352 err=-263 steer=0 m1=295/13750 i1=159 t1=28 m2=-254/-13750 i2=-203 t2=27 steerMode=0/-226 iSteer=-21876 driveMode=13750/15645 iDrive=181054 scale=0 wheel=40000
2026-07-07T15:05:28.557+00:00 CAN id=101 dlc=8 data=d8cf0400409c0000
2026-07-07T15:05:28.578+00:00 CAN id=101 dlc=8 data=d8cf0400409c0000
2026-07-07T15:05:28.598+00:00 CAN id=101 dlc=8 data=d8cf0400409c0000
2026-07-07T15:05:28.618+00:00 CAN id=101 dlc=8 data=d8cf0400409c0000
2026-07-07T15:05:28.638+00:00 CAN id=101 dlc=8 data=d8cf0400409c0000
2026-07-07T15:05:28.649+00:00 VCP run=1 step=0 angle=315615 target=315352 err=-263 steer=0 m1=255/13750 i1=150 t1=28 m2=-308/-13750 i2=-233 t2=27 steerMode=0/162 iSteer=-41261 driveMode=13750/14601 iDrive=191493 scale=0 wheel=40000
2026-07-07T15:05:28.649+00:00 VCP SET_TARGET_RX steer=315352 wheel=40000
2026-07-07T15:05:28.658+00:00 CAN id=101 dlc=8 data=d8cf0400409c0000
2026-07-07T15:05:28.678+00:00 CAN id=101 dlc=8 data=d8cf0400409c0000
2026-07-07T15:05:28.698+00:00 CAN id=101 dlc=8 data=d8cf0400409c0000
2026-07-07T15:05:28.718+00:00 CAN id=101 dlc=8 data=d8cf0400409c0000
2026-07-07T15:05:28.738+00:00 CAN id=101 dlc=8 data=d8cf0400409c0000
2026-07-07T15:05:28.753+00:00 VCP run=1 step=0 angle=315703 target=315352 err=-351 steer=0 m1=261/13750 i1=166 t1=28 m2=-227/-13750 i2=-224 t2=27 steerMode=0/-72 iSteer=-29326 driveMode=13750/14253 iDrive=194968 scale=0 wheel=40000
2026-07-07T15:05:28.757+00:00 CAN id=101 dlc=8 data=d8cf0400409c0000
2026-07-07T15:05:28.778+00:00 CAN id=101 dlc=8 data=d8cf0400409c0000
2026-07-07T15:05:28.798+00:00 CAN id=101 dlc=8 data=d8cf0400409c0000
2026-07-07T15:05:28.818+00:00 CAN id=101 dlc=8 data=d8cf0400409c0000
2026-07-07T15:05:28.838+00:00 CAN id=101 dlc=8 data=d8cf0400409c0000
2026-07-07T15:05:28.857+00:00 VCP run=1 step=0 angle=315879 target=315352 err=-527 steer=-50 m1=282/13475 i1=156 t1=28 m2=-216/-14025 i2=-251 t2=27 steerMode=-275/7 iSteer=-47657 driveMode=13750/13427 iDrive=203456 scale=0 wheel=40000
2026-07-07T15:05:28.857+00:00 CAN id=101 dlc=8 data=d8cf0400409c0000
2026-07-07T15:05:28.878+00:00 CAN id=101 dlc=8 data=d8cf0400409c0000
2026-07-07T15:05:28.898+00:00 CAN id=101 dlc=8 data=d8cf0400409c0000
2026-07-07T15:05:28.918+00:00 CAN id=101 dlc=8 data=d8cf0400409c0000
2026-07-07T15:05:28.938+00:00 CAN id=101 dlc=8 data=d8cf0400409c0000
2026-07-07T15:05:28.958+00:00 CAN id=101 dlc=8 data=d8cf0400409c0000
2026-07-07T15:05:28.978+00:00 CAN id=101 dlc=8 data=d8cf0400409c0000
2026-07-07T15:05:28.998+00:00 CAN id=101 dlc=8 data=d8cf0400409c0000
2026-07-07T15:05:29.018+00:00 CAN id=101 dlc=8 data=d8cf0400409c0000
2026-07-07T15:05:29.038+00:00 CAN id=101 dlc=8 data=d8cf0400409c0000
2026-07-07T15:05:29.044+00:00 VCP run=1 step=0 angle=315879 target=315352 err=-527 steer=-263 m1=217/12301 i1=148 t1=28 m2=-300/-15199 i2=-287 t2=27 steerMode=-1449/-811 iSteer=-69356 driveMode=13750/12237 iDrive=217412 scale=0 wheel=40000
2026-07-07T15:05:29.044+00:00 VCP run=1 step=0 angle=315791 target=315352 err=-439 steer=0 m1=240/13750 i1=182 t1=28 m2=-256/-13750 i2=-258 t2=27 steerMode=0/14 iSteer=-38250 driveMode=13750/12227 iDrive=220159 scale=0 wheel=40000
2026-07-07T15:05:29.058+00:00 CAN id=101 dlc=8 data=d8cf0400409c0000
2026-07-07T15:05:29.078+00:00 CAN id=101 dlc=8 data=d8cf0400409c0000
2026-07-07T15:05:29.098+00:00 CAN id=101 dlc=8 data=d8cf0400409c0000
2026-07-07T15:05:29.118+00:00 CAN id=101 dlc=8 data=d8cf0400409c0000
2026-07-07T15:05:29.138+00:00 CAN id=101 dlc=8 data=d8cf0400409c0000
2026-07-07T15:05:29.147+00:00 VCP run=1 step=0 angle=315791 target=315352 err=-439 steer=0 m1=272/13750 i1=166 t1=28 m2=-231/-13750 i2=-266 t2=27 steerMode=0/249 iSteer=-50273 driveMode=13750/12846 iDrive=215879 scale=0 wheel=40000
2026-07-07T15:05:29.147+00:00 VCP SET_TARGET_RX steer=315352 wheel=40000
2026-07-07T15:05:29.158+00:00 CAN id=101 dlc=8 data=d8cf0400409c0000
2026-07-07T15:05:29.178+00:00 CAN id=101 dlc=8 data=d8cf0400409c0000
2026-07-07T15:05:29.198+00:00 CAN id=101 dlc=8 data=d8cf0400409c0000
2026-07-07T15:05:29.218+00:00 CAN id=101 dlc=8 data=d8cf0400409c0000
2026-07-07T15:05:29.238+00:00 CAN id=101 dlc=8 data=d8cf0400409c0000
2026-07-07T15:05:29.251+00:00 VCP run=1 step=0 angle=315791 target=315352 err=-439 steer=0 m1=217/13750 i1=219 t1=28 m2=-214/-13750 i2=-222 t2=27 steerMode=0/-794 iSteer=-1414 driveMode=13750/12550 iDrive=220829 scale=0 wheel=40000
2026-07-07T15:05:29.258+00:00 CAN id=101 dlc=8 data=d8cf0400409c0000
2026-07-07T15:05:29.278+00:00 CAN id=101 dlc=8 data=d8cf0400409c0000
2026-07-07T15:05:29.298+00:00 CAN id=101 dlc=8 data=d8cf0400409c0000
2026-07-07T15:05:29.318+00:00 CAN id=101 dlc=8 data=d8cf0400409c0000
2026-07-07T15:05:29.338+00:00 CAN id=101 dlc=8 data=d8cf0400409c0000
2026-07-07T15:05:29.356+00:00 VCP run=1 step=0 angle=315703 target=315352 err=-351 steer=0 m1=295/13750 i1=157 t1=28 m2=-220/-13750 i2=-268 t2=27 steerMode=0/320 iSteer=-55441 driveMode=13750/13467 iDrive=212912 scale=0 wheel=40000
2026-07-07T15:05:29.358+00:00 CAN id=101 dlc=8 data=d8cf0400409c0000
2026-07-07T15:05:29.378+00:00 CAN id=101 dlc=8 data=d8cf0400409c0000
2026-07-07T15:05:29.398+00:00 CAN id=101 dlc=8 data=d8cf0400409c0000
2026-07-07T15:05:29.418+00:00 CAN id=101 dlc=8 data=d8cf0400409c0000
2026-07-07T15:05:29.438+00:00 CAN id=101 dlc=8 data=d8cf0400409c0000
2026-07-07T15:05:29.458+00:00 CAN id=101 dlc=8 data=d8cf0400409c0000
2026-07-07T15:05:29.478+00:00 CAN id=101 dlc=8 data=d8cf0400409c0000
2026-07-07T15:05:29.498+00:00 CAN id=101 dlc=8 data=d8cf0400409c0000
2026-07-07T15:05:29.518+00:00 CAN id=101 dlc=8 data=d8cf0400409c0000
2026-07-07T15:05:29.538+00:00 CAN id=101 dlc=8 data=d8cf0400409c0000
2026-07-07T15:05:29.543+00:00 VCP run=1 step=0 angle=315703 target=315352 err=-351 steer=0 m1=253/13750 i1=181 t1=28 m2=-331/-13750 i2=-226 t2=27 steerMode=0/-343 iSteer=-22366 driveMode=13750/14381 iDrive=203171 scale=0 wheel=40000
2026-07-07T15:05:29.543+00:00 VCP run=1 step=0 angle=315703 target=315352 err=-351 steer=0 m1=297/13750 i1=151 t1=28 m2=-379/-13750 i2=-225 t2=27 steerMode=0/-35 iSteer=-36755 driveMode=13750/15644 iDrive=187973 scale=0 wheel=40000
2026-07-07T15:05:29.558+00:00 CAN id=101 dlc=8 data=d8cf0400409c0000
2026-07-07T15:05:29.578+00:00 CAN id=101 dlc=8 data=d8cf0400409c0000
2026-07-07T15:05:29.598+00:00 CAN id=101 dlc=8 data=d8cf0400409c0000
2026-07-07T15:05:29.618+00:00 CAN id=101 dlc=8 data=d8cf0400409c0000
2026-07-07T15:05:29.638+00:00 CAN id=101 dlc=8 data=d8cf0400409c0000
2026-07-07T15:05:29.646+00:00 VCP run=1 step=0 angle=315615 target=315352 err=-263 steer=0 m1=299/13750 i1=165 t1=28 m2=-329/-13750 i2=-176 t2=27 steerMode=0/-644 iSteer=-5192 driveMode=13750/16906 iDrive=170539 scale=0 wheel=40000
2026-07-07T15:05:29.646+00:00 VCP SET_TARGET_RX steer=315352 wheel=40000
2026-07-07T15:05:29.658+00:00 CAN id=101 dlc=8 data=d8cf0400409c0000
2026-07-07T15:05:29.678+00:00 CAN id=101 dlc=8 data=d8cf0400409c0000
2026-07-07T15:05:29.698+00:00 CAN id=101 dlc=8 data=d8cf0400409c0000
2026-07-07T15:05:29.718+00:00 CAN id=101 dlc=8 data=d8cf0400409c0000
2026-07-07T15:05:29.738+00:00 CAN id=101 dlc=8 data=d8cf0400409c0000
2026-07-07T15:05:29.750+00:00 VCP run=1 step=0 angle=315439 target=315352 err=-87 steer=0 m1=330/13750 i1=147 t1=28 m2=-331/-13750 i2=-187 t2=27 steerMode=0/-332 iSteer=-19935 driveMode=13750/17071 iDrive=166788 scale=0 wheel=40000
2026-07-07T15:05:29.758+00:00 CAN id=101 dlc=8 data=d8cf0400409c0000
2026-07-07T15:05:29.778+00:00 CAN id=101 dlc=8 data=d8cf0400409c0000
2026-07-07T15:05:29.798+00:00 CAN id=101 dlc=8 data=d8cf0400409c0000
2026-07-07T15:05:29.818+00:00 CAN id=101 dlc=8 data=d8cf0400409c0000
2026-07-07T15:05:29.838+00:00 CAN id=101 dlc=8 data=d8cf0400409c0000
2026-07-07T15:05:29.855+00:00 VCP run=1 step=0 angle=315439 target=315352 err=-87 steer=0 m1=326/13750 i1=160 t1=28 m2=-369/-13750 i2=-167 t2=27 steerMode=0/-635 iSteer=-3803 driveMode=13750/17401 iDrive=163494 scale=0 wheel=40000
2026-07-07T15:05:29.857+00:00 CAN id=101 dlc=8 data=d8cf0400409c0000
2026-07-07T15:05:29.878+00:00 CAN id=101 dlc=8 data=d8cf0400409c0000
2026-07-07T15:05:29.898+00:00 CAN id=101 dlc=8 data=d8cf0400409c0000
2026-07-07T15:05:29.918+00:00 CAN id=101 dlc=8 data=d8cf0400409c0000
2026-07-07T15:05:29.938+00:00 CAN id=101 dlc=8 data=d8cf0400409c0000
2026-07-07T15:05:29.958+00:00 CAN id=101 dlc=8 data=d8cf0400409c0000
2026-07-07T15:05:29.978+00:00 CAN id=101 dlc=8 data=d8cf0400409c0000
2026-07-07T15:05:29.998+00:00 CAN id=101 dlc=8 data=d8cf0400409c0000
2026-07-07T15:05:30.018+00:00 CAN id=101 dlc=8 data=d8cf0400409c0000
2026-07-07T15:05:30.038+00:00 CAN id=101 dlc=8 data=d8cf0400409c0000
2026-07-07T15:05:30.043+00:00 VCP run=1 step=0 angle=315264 target=315352 err=88 steer=0 m1=305/13750 i1=137 t1=28 m2=-371/-13750 i2=-192 t2=27 steerMode=0/-134 iSteer=-27727 driveMode=13750/17290 iDrive=164599 scale=0 wheel=40000
2026-07-07T15:05:30.043+00:00 VCP run=1 step=0 angle=315088 target=315352 err=264 steer=0 m1=332/13750 i1=148 t1=28 m2=-304/-13750 i2=-182 t2=27 steerMode=0/-325 iSteer=-17029 driveMode=13750/17238 iDrive=165117 scale=0 wheel=40000
2026-07-07T15:05:30.058+00:00 CAN id=101 dlc=8 data=d8cf0400409c0000
2026-07-07T15:05:30.078+00:00 CAN id=101 dlc=8 data=d8cf0400409c0000
2026-07-07T15:05:30.098+00:00 CAN id=101 dlc=8 data=d8cf0400409c0000
2026-07-07T15:05:30.118+00:00 CAN id=101 dlc=8 data=d8cf0400409c0000
2026-07-07T15:05:30.138+00:00 CAN id=101 dlc=8 data=d8cf0400409c0000
2026-07-07T15:05:30.145+00:00 VCP run=1 step=0 angle=314912 target=315352 err=440 steer=0 m1=320/13750 i1=146 t1=28 m2=-321/-13750 i2=-190 t2=27 steerMode=0/-217 iSteer=-22066 driveMode=13750/16933 iDrive=168172 scale=0 wheel=40000
2026-07-07T15:05:30.145+00:00 VCP SET_TARGET_RX steer=315352 wheel=40000
2026-07-07T15:05:30.158+00:00 CAN id=101 dlc=8 data=d8cf0400409c0000
2026-07-07T15:05:30.178+00:00 CAN id=101 dlc=8 data=d8cf0400409c0000
2026-07-07T15:05:30.198+00:00 CAN id=101 dlc=8 data=d8cf0400409c0000
2026-07-07T15:05:30.218+00:00 CAN id=101 dlc=8 data=d8cf0400409c0000
2026-07-07T15:05:30.238+00:00 CAN id=101 dlc=8 data=d8cf0400409c0000
2026-07-07T15:05:30.250+00:00 VCP run=1 step=0 angle=314912 target=315352 err=440 steer=0 m1=347/13750 i1=111 t1=28 m2=-344/-13750 i2=-227 t2=27 steerMode=0/524 iSteer=-58061 driveMode=13750/16866 iDrive=168837 scale=0 wheel=40000
2026-07-07T15:05:30.258+00:00 CAN id=101 dlc=8 data=d8cf0400409c0000
2026-07-07T15:05:30.278+00:00 CAN id=101 dlc=8 data=d8cf0400409c0000
2026-07-07T15:05:30.298+00:00 CAN id=101 dlc=8 data=d8cf0400409c0000
2026-07-07T15:05:30.318+00:00 CAN id=101 dlc=8 data=d8cf0400409c0000
2026-07-07T15:05:30.338+00:00 CAN id=101 dlc=8 data=d8cf0400409c0000
2026-07-07T15:05:30.355+00:00 VCP run=1 step=0 angle=314912 target=315352 err=440 steer=0 m1=290/13750 i1=163 t1=28 m2=-306/-13750 i2=-189 t2=27 steerMode=0/-376 iSteer=-13216 driveMode=13750/16168 iDrive=175821 scale=0 wheel=40000
2026-07-07T15:05:30.358+00:00 CAN id=101 dlc=8 data=d8cf0400409c0000
2026-07-07T15:05:30.378+00:00 CAN id=101 dlc=8 data=d8cf0400409c0000
2026-07-07T15:05:30.398+00:00 CAN id=101 dlc=8 data=d8cf0400409c0000
2026-07-07T15:05:30.418+00:00 CAN id=101 dlc=8 data=d8cf0400409c0000
2026-07-07T15:05:30.438+00:00 CAN id=101 dlc=8 data=d8cf0400409c0000
2026-07-07T15:05:30.458+00:00 CAN id=101 dlc=8 data=d8cf0400409c0000
2026-07-07T15:05:30.478+00:00 CAN id=101 dlc=8 data=d8cf0400409c0000
2026-07-07T15:05:30.498+00:00 CAN id=101 dlc=8 data=d8cf0400409c0000
2026-07-07T15:05:30.518+00:00 CAN id=101 dlc=8 data=d8cf0400409c0000
2026-07-07T15:05:30.538+00:00 CAN id=101 dlc=8 data=d8cf0400409c0000
2026-07-07T15:05:30.542+00:00 VCP run=1 step=0 angle=314912 target=315352 err=440 steer=0 m1=295/13750 i1=154 t1=28 m2=-354/-13750 i2=-199 t2=27 steerMode=0/-181 iSteer=-22570 driveMode=13750/16083 iDrive=176674 scale=0 wheel=40000
2026-07-07T15:05:30.542+00:00 VCP run=1 step=0 angle=315000 target=315352 err=352 steer=0 m1=334/13750 i1=121 t1=28 m2=-354/-13750 i2=-230 t2=27 steerMode=0/472 iSteer=-54478 driveMode=13750/16219 iDrive=175315 scale=0 wheel=40000
2026-07-07T15:05:30.558+00:00 CAN id=101 dlc=8 data=d8cf0400409c0000
2026-07-07T15:05:30.578+00:00 CAN id=101 dlc=8 data=d8cf0400409c0000
2026-07-07T15:05:30.598+00:00 CAN id=101 dlc=8 data=d8cf0400409c0000
2026-07-07T15:05:30.618+00:00 CAN id=101 dlc=8 data=d8cf0400409c0000
2026-07-07T15:05:30.638+00:00 BENCH disable sent
2026-07-07T15:05:30.638+00:00 CAN id=121 dlc=2 data=0100
2026-07-07T15:05:30.638+00:00 CAN id=121 dlc=2 data=0100
2026-07-07T15:05:30.743+00:00 VCP run=1 step=0 angle=315000 target=315352 err=352 steer=0 m1=255/13750 i1=160 t1=28 m2=-243/-13750 i2=-222 t2=27 steerMode=0/-3 iSteer=-30813 driveMode=13750/14643 iDrive=191067 scale=0 wheel=40000
2026-07-07T15:05:30.743+00:00 VCP UNIT_CTRL enable=0
2026-07-07T15:05:30.743+00:00 VCP UNIT_CTRL enable=0
2026-07-07T15:05:30.743+00:00 VCP STOP: disabled
2026-07-07T15:05:31.038+00:00 BENCH log closed
