2026-07-07T15:26:54.657+00:00 BENCH log opened: firmware/logs/cl4000-ac3000.log
2026-07-07T15:26:54.657+00:00 BENCH run: steer=315.352deg (315352mdeg) wheel=500.0rpm (500000milli-rpm) rate=50.0Hz duration=6.0s
2026-07-07T15:26:54.657+00:00 BENCH enable sent
2026-07-07T15:26:54.657+00:00 CAN id=121 dlc=2 data=0101
2026-07-07T15:26:54.657+00:00 CAN id=101 dlc=8 data=d8cf040020a10700
2026-07-07T15:26:54.674+00:00 VCP IT_CTRL enable=0
2026-07-07T15:26:54.674+00:00 VCP UNIT_CTRL enable=0
2026-07-07T15:26:54.674+00:00 VCP SET_CONFIG idx=10 val=3000000
2026-07-07T15:26:54.674+00:00 VCP UNIT_CTRL enable=1
2026-07-07T15:26:54.674+00:00 VCP SET_TARGET_RX steer=315352 wheel=500000
2026-07-07T15:26:54.674+00:00 VCP START_CAN: angle=264 target=315352 wheelTarget=500000
2026-07-07T15:26:54.677+00:00 CAN id=101 dlc=8 data=d8cf040020a10700
2026-07-07T15:26:54.697+00:00 CAN id=101 dlc=8 data=d8cf040020a10700
2026-07-07T15:26:54.717+00:00 CAN id=101 dlc=8 data=d8cf040020a10700
2026-07-07T15:26:54.737+00:00 CAN id=101 dlc=8 data=d8cf040020a10700
2026-07-07T15:26:54.757+00:00 CAN id=101 dlc=8 data=d8cf040020a10700
2026-07-07T15:26:54.774+00:00 VCP run=1 step=0 angle=264 target=315352 err=-44912 steer=-750 m1=0/1031 i1=-103 t1=29 m2=0/-9281 i2=-311 t2=28 steerMode=-4125/0 iSteer=-206869 driveMode=5156/0 iDrive=103641 scale=0 wheel=15000
2026-07-07T15:26:54.777+00:00 CAN id=101 dlc=8 data=d8cf040020a10700
2026-07-07T15:26:54.798+00:00 CAN id=101 dlc=8 data=d8cf040020a10700
2026-07-07T15:26:54.818+00:00 CAN id=101 dlc=8 data=d8cf040020a10700
2026-07-07T15:26:54.837+00:00 CAN id=101 dlc=8 data=d8cf040020a10700
2026-07-07T15:26:54.858+00:00 CAN id=101 dlc=8 data=d8cf040020a10700
2026-07-07T15:26:54.877+00:00 VCP run=1 step=0 angle=353936 target=315352 err=-38584 steer=-10000 m1=-289/40906 i1=734 t1=29 m2=-1773/-150906 i2=-2533 t2=28 steerMode=-55000/-38426 iSteer=-899781 driveMode=95906/26658 iDrive=1633664 scale=0 wheel=279000
2026-07-07T15:26:54.877+00:00 CAN id=101 dlc=8 data=d8cf040020a10700
2026-07-07T15:26:54.898+00:00 CAN id=101 dlc=8 data=d8cf040020a10700
2026-07-07T15:26:54.917+00:00 CAN id=101 dlc=8 data=d8cf040020a10700
2026-07-07T15:26:54.937+00:00 CAN id=101 dlc=8 data=d8cf040020a10700
2026-07-07T15:26:54.958+00:00 CAN id=101 dlc=8 data=d8cf040020a10700
2026-07-07T15:26:54.977+00:00 CAN id=101 dlc=8 data=d8cf040020a10700
2026-07-07T15:26:54.980+00:00 VCP run=1 step=0 angle=326514 target=315352 err=-11162 steer=-5581 m1=1621/141180 i1=2738 t1=29 m2=-3376/-202570 i2=-363 t2=28 steerMode=-30695/-55454 iSteer=1187080 driveMode=171875/113360 iDrive=1550546 scale=0 wheel=500000
2026-07-07T15:26:54.998+00:00 CAN id=101 dlc=8 data=d8cf040020a10700
2026-07-07T15:26:55.017+00:00 CAN id=101 dlc=8 data=d8cf040020a10700
2026-07-07T15:26:55.038+00:00 CAN id=101 dlc=8 data=d8cf040020a10700
2026-07-07T15:26:55.057+00:00 CAN id=101 dlc=8 data=d8cf040020a10700
2026-07-07T15:26:55.077+00:00 CAN id=101 dlc=8 data=d8cf040020a10700
2026-07-07T15:26:55.098+00:00 CAN id=101 dlc=8 data=d8cf040020a10700
2026-07-07T15:26:55.118+00:00 CAN id=101 dlc=8 data=d8cf040020a10700
2026-07-07T15:26:55.137+00:00 CAN id=101 dlc=8 data=d8cf040020a10700
2026-07-07T15:26:55.157+00:00 CAN id=101 dlc=8 data=d8cf040020a10700
2026-07-07T15:26:55.160+00:00 VCP run=1 step=0 angle=319482 target=315352 err=-4130 steer=-2065 m1=3254/160516 i1=215 t1=29 m2=-3518/-183234 i2=-593 t2=28 steerMode=-11359/-8034 iSteer=-188815 driveMode=171875/172706 iDrive=404051 scale=0 wheel=500000
2026-07-07T15:26:55.160+00:00 VCP run=1 step=0 angle=315879 target=315352 err=-527 steer=-150 m1=3446/171050 i1=407 t1=29 m2=-3562/-172700 i2=96 t2=28 steerMode=-825/-6198 iSteer=251174 driveMode=171875/184336 iDrive=155455 scale=0 wheel=500000
2026-07-07T15:26:55.177+00:00 CAN id=101 dlc=8 data=d8cf040020a10700
2026-07-07T15:26:55.198+00:00 CAN id=101 dlc=8 data=d8cf040020a10700
2026-07-07T15:26:55.218+00:00 CAN id=101 dlc=8 data=d8cf040020a10700
2026-07-07T15:26:55.237+00:00 CAN id=101 dlc=8 data=d8cf040020a10700
2026-07-07T15:26:55.257+00:00 CAN id=101 dlc=8 data=d8cf040020a10700
2026-07-07T15:26:55.264+00:00 VCP SET_TARGET_RX steer=315352 wheel=500000
2026-07-07T15:26:55.264+00:00 VCP run=1 step=0 angle=316230 target=315352 err=-878 steer=-439 m1=3452/169459 i1=-2 t1=29 m2=-3497/-174291 i2=-343 t2=28 steerMode=-2416/634 iSteer=-172113 driveMode=171875/182520 iDrive=170388 scale=0 wheel=500000
2026-07-07T15:26:55.277+00:00 CAN id=101 dlc=8 data=d8cf040020a10700
2026-07-07T15:26:55.298+00:00 CAN id=101 dlc=8 data=d8cf040020a10700
2026-07-07T15:26:55.318+00:00 CAN id=101 dlc=8 data=d8cf040020a10700
2026-07-07T15:26:55.337+00:00 CAN id=101 dlc=8 data=d8cf040020a10700
2026-07-07T15:26:55.357+00:00 CAN id=101 dlc=8 data=d8cf040020a10700
2026-07-07T15:26:55.369+00:00 VCP run=1 step=0 angle=315703 target=315352 err=-351 steer=0 m1=3450/171875 i1=182 t1=29 m2=-3468/-171875 i2=-175 t2=28 steerMode=0/-412 iSteer=3106 driveMode=171875/181220 iDrive=178431 scale=0 wheel=500000
2026-07-07T15:26:55.377+00:00 CAN id=101 dlc=8 data=d8cf040020a10700
2026-07-07T15:26:55.398+00:00 CAN id=101 dlc=8 data=d8cf040020a10700
2026-07-07T15:26:55.418+00:00 CAN id=101 dlc=8 data=d8cf040020a10700
2026-07-07T15:26:55.437+00:00 CAN id=101 dlc=8 data=d8cf040020a10700
2026-07-07T15:26:55.457+00:00 CAN id=101 dlc=8 data=d8cf040020a10700
2026-07-07T15:26:55.473+00:00 VCP run=1 step=0 angle=315879 target=315352 err=-527 steer=-263 m1=3444/170426 i1=56 t1=29 m2=-3460/-173324 i2=-241 t2=28 steerMode=-1449/28 iSteer=-92699 driveMode=171875/181819 iDrive=148531 scale=0 wheel=500000
2026-07-07T15:26:55.477+00:00 CAN id=101 dlc=8 data=d8cf040020a10700
2026-07-07T15:26:55.498+00:00 CAN id=101 dlc=8 data=d8cf040020a10700
2026-07-07T15:26:55.517+00:00 CAN id=101 dlc=8 data=d8cf040020a10700
2026-07-07T15:26:55.537+00:00 CAN id=101 dlc=8 data=d8cf040020a10700
2026-07-07T15:26:55.558+00:00 CAN id=101 dlc=8 data=d8cf040020a10700
2026-07-07T15:26:55.577+00:00 CAN id=101 dlc=8 data=d8cf040020a10700
2026-07-07T15:26:55.577+00:00 VCP run=1 step=0 angle=315352 target=315352 err=0 steer=0 m1=3446/171875 i1=115 t1=29 m2=-3376/-171875 i2=-225 t2=28 steerMode=0/712 iSteer=-54994 driveMode=171875/179878 iDrive=170412 scale=0 wheel=500000
2026-07-07T15:26:55.598+00:00 CAN id=101 dlc=8 data=d8cf040020a10700
2026-07-07T15:26:55.618+00:00 CAN id=101 dlc=8 data=d8cf040020a10700
2026-07-07T15:26:55.637+00:00 CAN id=101 dlc=8 data=d8cf040020a10700
2026-07-07T15:26:55.657+00:00 CAN id=101 dlc=8 data=d8cf040020a10700
2026-07-07T15:26:55.677+00:00 CAN id=101 dlc=8 data=d8cf040020a10700
2026-07-07T15:26:55.678+00:00 VCP run=1 step=0 angle=315527 target=315352 err=-175 steer=0 m1=3404/171875 i1=154 t1=29 m2=-3368/-171875 i2=-217 t2=28 steerMode=0/231 iSteer=-31578 driveMode=171875/178437 iDrive=185707 scale=0 wheel=500000
2026-07-07T15:26:55.678+00:00 VCP SET_TARGET_RX steer=315352 wheel=500000
2026-07-07T15:26:55.697+00:00 CAN id=101 dlc=8 data=d8cf040020a10700
2026-07-07T15:26:55.717+00:00 CAN id=101 dlc=8 data=d8cf040020a10700
2026-07-07T15:26:55.737+00:00 CAN id=101 dlc=8 data=d8cf040020a10700
2026-07-07T15:26:55.757+00:00 CAN id=101 dlc=8 data=d8cf040020a10700
2026-07-07T15:26:55.777+00:00 CAN id=101 dlc=8 data=d8cf040020a10700
2026-07-07T15:26:55.797+00:00 CAN id=101 dlc=8 data=d8cf040020a10700
2026-07-07T15:26:55.817+00:00 CAN id=101 dlc=8 data=d8cf040020a10700
2026-07-07T15:26:55.837+00:00 CAN id=101 dlc=8 data=d8cf040020a10700
2026-07-07T15:26:55.857+00:00 CAN id=101 dlc=8 data=d8cf040020a10700
2026-07-07T15:26:55.864+00:00 VCP run=1 step=0 angle=315703 target=315352 err=-351 steer=0 m1=3398/171875 i1=160 t1=29 m2=-3422/-171875 i2=-175 t2=28 steerMode=0/-274 iSteer=-7301 driveMode=171875/178752 iDrive=167576 scale=0 wheel=500000
2026-07-07T15:26:55.864+00:00 VCP run=1 step=0 angle=315439 target=315352 err=-87 steer=0 m1=3390/171875 i1=109 t1=29 m2=-3374/-171875 i2=-197 t2=28 steerMode=0/475 iSteer=-44397 driveMode=171875/178804 iDrive=153065 scale=0 wheel=500000
2026-07-07T15:26:55.877+00:00 CAN id=101 dlc=8 data=d8cf040020a10700
2026-07-07T15:26:55.897+00:00 CAN id=101 dlc=8 data=d8cf040020a10700
2026-07-07T15:26:55.917+00:00 CAN id=101 dlc=8 data=d8cf040020a10700
2026-07-07T15:26:55.937+00:00 CAN id=101 dlc=8 data=d8cf040020a10700
2026-07-07T15:26:55.957+00:00 CAN id=101 dlc=8 data=d8cf040020a10700
2026-07-07T15:26:55.969+00:00 VCP run=1 step=0 angle=315703 target=315352 err=-351 steer=0 m1=3356/171875 i1=161 t1=29 m2=-3359/-171875 i2=-201 t2=28 steerMode=0/-51 iSteer=-19641 driveMode=171875/176892 iDrive=180958 scale=0 wheel=500000
2026-07-07T15:26:55.977+00:00 CAN id=101 dlc=8 data=d8cf040020a10700
2026-07-07T15:26:55.997+00:00 CAN id=101 dlc=8 data=d8cf040020a10700
2026-07-07T15:26:56.017+00:00 CAN id=101 dlc=8 data=d8cf040020a10700
2026-07-07T15:26:56.038+00:00 CAN id=101 dlc=8 data=d8cf040020a10700
2026-07-07T15:26:56.057+00:00 CAN id=101 dlc=8 data=d8cf040020a10700
2026-07-07T15:26:56.073+00:00 VCP run=1 step=0 angle=315791 target=315352 err=-439 steer=0 m1=3358/171875 i1=153 t1=29 m2=-3388/-171875 i2=-206 t2=28 steerMode=0/70 iSteer=-26341 driveMode=171875/176542 iDrive=179474 scale=0 wheel=500000
2026-07-07T15:26:56.077+00:00 CAN id=101 dlc=8 data=d8cf040020a10700
2026-07-07T15:26:56.098+00:00 CAN id=101 dlc=8 data=d8cf040020a10700
2026-07-07T15:26:56.117+00:00 CAN id=101 dlc=8 data=d8cf040020a10700
2026-07-07T15:26:56.138+00:00 CAN id=101 dlc=8 data=d8cf040020a10700
2026-07-07T15:26:56.157+00:00 CAN id=101 dlc=8 data=d8cf040020a10700
2026-07-07T15:26:56.173+00:00 VCP run=1 step=0 angle=315879 target=315352 err=-527 steer=-263 m1=3352/170426 i1=65 t1=29 m2=-3368/-173324 i2=-247 t2=28 steerMode=-1449/-77 iSteer=-91270 driveMode=171875/177210 iDrive=156153 scale=0 wheel=500000
2026-07-07T15:26:56.174+00:00 VCP SET_TARGET_RX steer=315352 wheel=500000
2026-07-07T15:26:56.177+00:00 CAN id=101 dlc=8 data=d8cf040020a10700
2026-07-07T15:26:56.197+00:00 CAN id=101 dlc=8 data=d8cf040020a10700
2026-07-07T15:26:56.217+00:00 CAN id=101 dlc=8 data=d8cf040020a10700
2026-07-07T15:26:56.238+00:00 CAN id=101 dlc=8 data=d8cf040020a10700
2026-07-07T15:26:56.257+00:00 CAN id=101 dlc=8 data=d8cf040020a10700
2026-07-07T15:26:56.277+00:00 CAN id=101 dlc=8 data=d8cf040020a10700
2026-07-07T15:26:56.278+00:00 VCP run=1 step=0 angle=315615 target=315352 err=-263 steer=0 m1=3327/171875 i1=157 t1=29 m2=-3315/-171875 i2=-225 t2=28 steerMode=0/209 iSteer=-33835 driveMode=171875/175096 iDrive=190986 scale=0 wheel=500000
2026-07-07T15:26:56.297+00:00 CAN id=101 dlc=8 data=d8cf040020a10700
2026-07-07T15:26:56.317+00:00 CAN id=101 dlc=8 data=d8cf040020a10700
2026-07-07T15:26:56.338+00:00 CAN id=101 dlc=8 data=d8cf040020a10700
2026-07-07T15:26:56.357+00:00 CAN id=101 dlc=8 data=d8cf040020a10700
2026-07-07T15:26:56.377+00:00 CAN id=101 dlc=8 data=d8cf040020a10700
2026-07-07T15:26:56.397+00:00 CAN id=101 dlc=8 data=d8cf040020a10700
2026-07-07T15:26:56.417+00:00 CAN id=101 dlc=8 data=d8cf040020a10700
2026-07-07T15:26:56.438+00:00 CAN id=101 dlc=8 data=d8cf040020a10700
2026-07-07T15:26:56.457+00:00 CAN id=101 dlc=8 data=d8cf040020a10700
2026-07-07T15:26:56.464+00:00 VCP run=1 step=0 angle=315527 target=315352 err=-175 steer=0 m1=3333/171875 i1=141 t1=29 m2=-3298/-171875 i2=-254 t2=28 steerMode=0/663 iSteer=-56507 driveMode=171875/174491 iDrive=197206 scale=0 wheel=500000
2026-07-07T15:26:56.464+00:00 VCP run=1 step=0 angle=315615 target=315352 err=-263 steer=0 m1=3337/171875 i1=157 t1=29 m2=-3336/-171875 i2=-180 t2=28 steerMode=0/-258 iSteer=-11120 driveMode=171875/175651 iDrive=168516 scale=0 wheel=500000
2026-07-07T15:26:56.477+00:00 CAN id=101 dlc=8 data=d8cf040020a10700
2026-07-07T15:26:56.497+00:00 CAN id=101 dlc=8 data=d8cf040020a10700
2026-07-07T15:26:56.518+00:00 CAN id=101 dlc=8 data=d8cf040020a10700
2026-07-07T15:26:56.538+00:00 CAN id=101 dlc=8 data=d8cf040020a10700
2026-07-07T15:26:56.557+00:00 CAN id=101 dlc=8 data=d8cf040020a10700
2026-07-07T15:26:56.569+00:00 VCP run=1 step=0 angle=315352 target=315352 err=0 steer=0 m1=3318/171875 i1=130 t1=29 m2=-3330/-171875 i2=-206 t2=28 steerMode=0/266 iSteer=-37910 driveMode=171875/175327 iDrive=168007 scale=0 wheel=500000
2026-07-07T15:26:56.577+00:00 CAN id=101 dlc=8 data=d8cf040020a10700
2026-07-07T15:26:56.597+00:00 CAN id=101 dlc=8 data=d8cf040020a10700
2026-07-07T15:26:56.618+00:00 CAN id=101 dlc=8 data=d8cf040020a10700
2026-07-07T15:26:56.637+00:00 CAN id=101 dlc=8 data=d8cf040020a10700
2026-07-07T15:26:56.657+00:00 CAN id=101 dlc=8 data=d8cf040020a10700
2026-07-07T15:26:56.669+00:00 VCP run=1 step=0 angle=315615 target=315352 err=-263 steer=0 m1=3302/171875 i1=171 t1=29 m2=-3307/-171875 i2=-204 t2=28 steerMode=0/-164 iSteer=-16603 driveMode=171875/174100 iDrive=187615 scale=0 wheel=500000
2026-07-07T15:26:56.669+00:00 VCP SET_TARGET_RX steer=315352 wheel=500000
2026-07-07T15:26:56.677+00:00 CAN id=101 dlc=8 data=d8cf040020a10700
2026-07-07T15:26:56.697+00:00 CAN id=101 dlc=8 data=d8cf040020a10700
2026-07-07T15:26:56.717+00:00 CAN id=101 dlc=8 data=d8cf040020a10700
2026-07-07T15:26:56.737+00:00 CAN id=101 dlc=8 data=d8cf040020a10700
2026-07-07T15:26:56.757+00:00 CAN id=101 dlc=8 data=d8cf040020a10700
2026-07-07T15:26:56.773+00:00 VCP run=1 step=0 angle=316143 target=315352 err=-791 steer=-395 m1=3281/169701 i1=87 t1=29 m2=-3340/-174049 i2=-293 t2=28 steerMode=-2174/-656 iSteer=-103176 driveMode=171875/173839 iDrive=189816 scale=0 wheel=500000
2026-07-07T15:26:56.777+00:00 CAN id=101 dlc=8 data=d8cf040020a10700
2026-07-07T15:26:56.797+00:00 CAN id=101 dlc=8 data=d8cf040020a10700
2026-07-07T15:26:56.818+00:00 CAN id=101 dlc=8 data=d8cf040020a10700
2026-07-07T15:26:56.837+00:00 CAN id=101 dlc=8 data=d8cf040020a10700
2026-07-07T15:26:56.857+00:00 CAN id=101 dlc=8 data=d8cf040020a10700
2026-07-07T15:26:56.877+00:00 CAN id=101 dlc=8 data=d8cf040020a10700
2026-07-07T15:26:56.878+00:00 VCP run=1 step=0 angle=315352 target=315352 err=0 steer=0 m1=3331/171875 i1=122 t1=29 m2=-3305/-171875 i2=-218 t2=28 steerMode=0/464 iSteer=-47850 driveMode=171875/174548 iDrive=170331 scale=0 wheel=500000
2026-07-07T15:26:56.897+00:00 CAN id=101 dlc=8 data=d8cf040020a10700
2026-07-07T15:26:56.917+00:00 CAN id=101 dlc=8 data=d8cf040020a10700
2026-07-07T15:26:56.938+00:00 CAN id=101 dlc=8 data=d8cf040020a10700
2026-07-07T15:26:56.957+00:00 CAN id=101 dlc=8 data=d8cf040020a10700
2026-07-07T15:26:56.977+00:00 CAN id=101 dlc=8 data=d8cf040020a10700
2026-07-07T15:26:56.997+00:00 CAN id=101 dlc=8 data=d8cf040020a10700
2026-07-07T15:26:57.017+00:00 CAN id=101 dlc=8 data=d8cf040020a10700
2026-07-07T15:26:57.037+00:00 CAN id=101 dlc=8 data=d8cf040020a10700
2026-07-07T15:26:57.058+00:00 CAN id=101 dlc=8 data=d8cf040020a10700
2026-07-07T15:26:57.064+00:00 VCP run=1 step=0 angle=315264 target=315352 err=88 steer=0 m1=3289/171875 i1=158 t1=29 m2=-3301/-171875 i2=-231 t2=28 steerMode=0/181 iSteer=-36629 driveMode=171875/173178 iDrive=194438 scale=0 wheel=500000
2026-07-07T15:26:57.064+00:00 VCP run=1 step=0 angle=315264 target=315352 err=88 steer=0 m1=3295/171875 i1=139 t1=29 m2=-3275/-171875 i2=-248 t2=28 steerMode=0/544 iSteer=-54251 driveMode=171875/173089 iDrive=193617 scale=0 wheel=500000
2026-07-07T15:26:57.077+00:00 CAN id=101 dlc=8 data=d8cf040020a10700
2026-07-07T15:26:57.097+00:00 CAN id=101 dlc=8 data=d8cf040020a10700
2026-07-07T15:26:57.117+00:00 CAN id=101 dlc=8 data=d8cf040020a10700
2026-07-07T15:26:57.137+00:00 CAN id=101 dlc=8 data=d8cf040020a10700
2026-07-07T15:26:57.158+00:00 CAN id=101 dlc=8 data=d8cf040020a10700
2026-07-07T15:26:57.165+00:00 VCP run=1 step=0 angle=315439 target=315352 err=-87 steer=0 m1=3323/171875 i1=146 t1=29 m2=-3317/-171875 i2=-186 t2=28 steerMode=0/-145 iSteer=-19964 driveMode=171875/174279 iDrive=166328 scale=0 wheel=500000
2026-07-07T15:26:57.165+00:00 VCP SET_TARGET_RX steer=315352 wheel=500000
2026-07-07T15:26:57.177+00:00 CAN id=101 dlc=8 data=d8cf040020a10700
2026-07-07T15:26:57.197+00:00 CAN id=101 dlc=8 data=d8cf040020a10700
2026-07-07T15:26:57.217+00:00 CAN id=101 dlc=8 data=d8cf040020a10700
2026-07-07T15:26:57.237+00:00 CAN id=101 dlc=8 data=d8cf040020a10700
2026-07-07T15:26:57.258+00:00 CAN id=101 dlc=8 data=d8cf040020a10700
2026-07-07T15:26:57.270+00:00 VCP run=1 step=0 angle=315264 target=315352 err=88 steer=0 m1=3295/171875 i1=131 t1=29 m2=-3288/-171875 i2=-212 t2=28 steerMode=0/260 iSteer=-40618 driveMode=171875/173818 iDrive=171202 scale=0 wheel=500000
2026-07-07T15:26:57.277+00:00 CAN id=101 dlc=8 data=d8cf040020a10700
2026-07-07T15:26:57.297+00:00 CAN id=101 dlc=8 data=d8cf040020a10700
2026-07-07T15:26:57.317+00:00 CAN id=101 dlc=8 data=d8cf040020a10700
2026-07-07T15:26:57.338+00:00 CAN id=101 dlc=8 data=d8cf040020a10700
2026-07-07T15:26:57.357+00:00 CAN id=101 dlc=8 data=d8cf040020a10700
2026-07-07T15:26:57.374+00:00 VCP run=1 step=0 angle=315439 target=315352 err=-87 steer=0 m1=3266/171875 i1=174 t1=29 m2=-3252/-171875 i2=-221 t2=28 steerMode=0/-85 iSteer=-23418 driveMode=171875/172389 iDrive=197725 scale=0 wheel=500000
2026-07-07T15:26:57.377+00:00 CAN id=101 dlc=8 data=d8cf040020a10700
2026-07-07T15:26:57.397+00:00 CAN id=101 dlc=8 data=d8cf040020a10700
2026-07-07T15:26:57.417+00:00 CAN id=101 dlc=8 data=d8cf040020a10700
2026-07-07T15:26:57.437+00:00 CAN id=101 dlc=8 data=d8cf040020a10700
2026-07-07T15:26:57.457+00:00 CAN id=101 dlc=8 data=d8cf040020a10700
2026-07-07T15:26:57.477+00:00 CAN id=101 dlc=8 data=d8cf040020a10700
2026-07-07T15:26:57.478+00:00 VCP run=1 step=0 angle=315703 target=315352 err=-351 steer=0 m1=3297/171875 i1=169 t1=29 m2=-3326/-171875 i2=-204 t2=28 steerMode=0/-219 iSteer=-17497 driveMode=171875/172914 iDrive=186449 scale=0 wheel=500000
2026-07-07T15:26:57.498+00:00 CAN id=101 dlc=8 data=d8cf040020a10700
2026-07-07T15:26:57.518+00:00 CAN id=101 dlc=8 data=d8cf040020a10700
2026-07-07T15:26:57.538+00:00 CAN id=101 dlc=8 data=d8cf040020a10700
2026-07-07T15:26:57.558+00:00 CAN id=101 dlc=8 data=d8cf040020a10700
2026-07-07T15:26:57.577+00:00 CAN id=101 dlc=8 data=d8cf040020a10700
2026-07-07T15:26:57.598+00:00 CAN id=101 dlc=8 data=d8cf040020a10700
2026-07-07T15:26:57.618+00:00 CAN id=101 dlc=8 data=d8cf040020a10700
2026-07-07T15:26:57.637+00:00 CAN id=101 dlc=8 data=d8cf040020a10700
2026-07-07T15:26:57.658+00:00 CAN id=101 dlc=8 data=d8cf040020a10700
2026-07-07T15:26:57.661+00:00 VCP run=1 step=0 angle=315439 target=315352 err=-87 steer=0 m1=3312/171875 i1=113 t1=29 m2=-3284/-171875 i2=-209 t2=28 steerMode=0/405 iSteer=-48022 driveMode=171875/173989 iDrive=161340 scale=0 wheel=500000
2026-07-07T15:26:57.661+00:00 VCP run=1 step=0 angle=315439 target=315352 err=-87 steer=0 m1=3247/171875 i1=170 t1=29 m2=-3269/-171875 i2=-228 t2=28 steerMode=0/-10 iSteer=-29186 driveMode=171875/172030 iDrive=198926 scale=0 wheel=500000
2026-07-07T15:26:57.677+00:00 CAN id=101 dlc=8 data=d8cf040020a10700
2026-07-07T15:26:57.697+00:00 CAN id=101 dlc=8 data=d8cf040020a10700
2026-07-07T15:26:57.718+00:00 CAN id=101 dlc=8 data=d8cf040020a10700
2026-07-07T15:26:57.738+00:00 CAN id=101 dlc=8 data=d8cf040020a10700
2026-07-07T15:26:57.757+00:00 CAN id=101 dlc=8 data=d8cf040020a10700
2026-07-07T15:26:57.766+00:00 VCP SET_TARGET_RX steer=315352 wheel=500000
2026-07-07T15:26:57.766+00:00 VCP run=1 step=0 angle=315439 target=315352 err=-87 steer=0 m1=3283/171875 i1=157 t1=29 m2=-3261/-171875 i2=-235 t2=28 steerMode=0/204 iSteer=-39185 driveMode=171875/172141 iDrive=196147 scale=0 wheel=500000
2026-07-07T15:26:57.777+00:00 CAN id=101 dlc=8 data=d8cf040020a10700
2026-07-07T15:26:57.797+00:00 CAN id=101 dlc=8 data=d8cf040020a10700
2026-07-07T15:26:57.818+00:00 CAN id=101 dlc=8 data=d8cf040020a10700
2026-07-07T15:26:57.838+00:00 CAN id=101 dlc=8 data=d8cf040020a10700
2026-07-07T15:26:57.858+00:00 CAN id=101 dlc=8 data=d8cf040020a10700
2026-07-07T15:26:57.870+00:00 VCP run=1 step=0 angle=315615 target=315352 err=-263 steer=0 m1=3291/171875 i1=154 t1=29 m2=-3301/-171875 i2=-173 t2=28 steerMode=0/-389 iSteer=-9266 driveMode=171875/173693 iDrive=163649 scale=0 wheel=500000
2026-07-07T15:26:57.877+00:00 CAN id=101 dlc=8 data=d8cf040020a10700
2026-07-07T15:26:57.898+00:00 CAN id=101 dlc=8 data=d8cf040020a10700
2026-07-07T15:26:57.917+00:00 CAN id=101 dlc=8 data=d8cf040020a10700
2026-07-07T15:26:57.938+00:00 CAN id=101 dlc=8 data=d8cf040020a10700
2026-07-07T15:26:57.957+00:00 CAN id=101 dlc=8 data=d8cf040020a10700
2026-07-07T15:26:57.974+00:00 VCP run=1 step=0 angle=315352 target=315352 err=0 steer=0 m1=3277/171875 i1=134 t1=29 m2=-3303/-171875 i2=-213 t2=28 steerMode=0/199 iSteer=-39241 driveMode=171875/173212 iDrive=173262 scale=0 wheel=500000
2026-07-07T15:26:57.977+00:00 CAN id=101 dlc=8 data=d8cf040020a10700
2026-07-07T15:26:57.998+00:00 CAN id=101 dlc=8 data=d8cf040020a10700
2026-07-07T15:26:58.018+00:00 CAN id=101 dlc=8 data=d8cf040020a10700
2026-07-07T15:26:58.038+00:00 CAN id=101 dlc=8 data=d8cf040020a10700
2026-07-07T15:26:58.058+00:00 CAN id=101 dlc=8 data=d8cf040020a10700
2026-07-07T15:26:58.077+00:00 CAN id=101 dlc=8 data=d8cf040020a10700
2026-07-07T15:26:58.079+00:00 VCP run=1 step=0 angle=315439 target=315352 err=-87 steer=0 m1=3256/171875 i1=176 t1=29 m2=-3257/-171875 i2=-219 t2=28 steerMode=0/-151 iSteer=-21775 driveMode=171875/172002 iDrive=197469 scale=0 wheel=500000
2026-07-07T15:26:58.098+00:00 CAN id=101 dlc=8 data=d8cf040020a10700
2026-07-07T15:26:58.118+00:00 CAN id=101 dlc=8 data=d8cf040020a10700
2026-07-07T15:26:58.138+00:00 CAN id=101 dlc=8 data=d8cf040020a10700
2026-07-07T15:26:58.158+00:00 CAN id=101 dlc=8 data=d8cf040020a10700
2026-07-07T15:26:58.177+00:00 CAN id=101 dlc=8 data=d8cf040020a10700
2026-07-07T15:26:58.198+00:00 CAN id=101 dlc=8 data=d8cf040020a10700
2026-07-07T15:26:58.218+00:00 CAN id=101 dlc=8 data=d8cf040020a10700
2026-07-07T15:26:58.238+00:00 CAN id=101 dlc=8 data=d8cf040020a10700
2026-07-07T15:26:58.257+00:00 CAN id=101 dlc=8 data=d8cf040020a10700
2026-07-07T15:26:58.262+00:00 VCP run=1 step=0 angle=315615 target=315352 err=-263 steer=0 m1=3285/171875 i1=162 t1=29 m2=-3311/-171875 i2=-207 t2=28 steerMode=0/-156 iSteer=-22533 driveMode=171875/172664 iDrive=184258 scale=0 wheel=500000
2026-07-07T15:26:58.262+00:00 VCP SET_TARGET_RX steer=315352 wheel=500000
2026-07-07T15:26:58.262+00:00 VCP run=1 step=0 angle=315352 target=315352 err=0 steer=0 m1=3285/171875 i1=130 t1=29 m2=-3282/-171875 i2=-216 t2=28 steerMode=0/246 iSteer=-42915 driveMode=171875/173206 iDrive=173383 scale=0 wheel=500000
2026-07-07T15:26:58.277+00:00 CAN id=101 dlc=8 data=d8cf040020a10700
2026-07-07T15:26:58.298+00:00 CAN id=101 dlc=8 data=d8cf040020a10700
2026-07-07T15:26:58.318+00:00 CAN id=101 dlc=8 data=d8cf040020a10700
2026-07-07T15:26:58.338+00:00 CAN id=101 dlc=8 data=d8cf040020a10700
2026-07-07T15:26:58.358+00:00 CAN id=101 dlc=8 data=d8cf040020a10700
2026-07-07T15:26:58.366+00:00 VCP run=1 step=0 angle=315264 target=315352 err=88 steer=0 m1=3260/171875 i1=168 t1=29 m2=-3265/-171875 i2=-227 t2=28 steerMode=0/-56 iSteer=-29253 driveMode=171875/172004 iDrive=197424 scale=0 wheel=500000
2026-07-07T15:26:58.377+00:00 CAN id=101 dlc=8 data=d8cf040020a10700
2026-07-07T15:26:58.397+00:00 CAN id=101 dlc=8 data=d8cf040020a10700
2026-07-07T15:26:58.417+00:00 CAN id=101 dlc=8 data=d8cf040020a10700
2026-07-07T15:26:58.438+00:00 CAN id=101 dlc=8 data=d8cf040020a10700
2026-07-07T15:26:58.458+00:00 CAN id=101 dlc=8 data=d8cf040020a10700
2026-07-07T15:26:58.471+00:00 VCP run=1 step=0 angle=315439 target=315352 err=-87 steer=0 m1=3272/171875 i1=151 t1=29 m2=-3255/-171875 i2=-231 t2=28 steerMode=0/161 iSteer=-39600 driveMode=171875/172321 iDrive=191071 scale=0 wheel=500000
2026-07-07T15:26:58.477+00:00 CAN id=101 dlc=8 data=d8cf040020a10700
2026-07-07T15:26:58.498+00:00 CAN id=101 dlc=8 data=d8cf040020a10700
2026-07-07T15:26:58.518+00:00 CAN id=101 dlc=8 data=d8cf040020a10700
2026-07-07T15:26:58.537+00:00 CAN id=101 dlc=8 data=d8cf040020a10700
2026-07-07T15:26:58.558+00:00 CAN id=101 dlc=8 data=d8cf040020a10700
2026-07-07T15:26:58.575+00:00 VCP run=1 step=0 angle=315527 target=315352 err=-175 steer=0 m1=3304/171875 i1=151 t1=29 m2=-3294/-171875 i2=-182 t2=28 steerMode=0/-307 iSteer=-15659 driveMode=171875/173537 iDrive=166759 scale=0 wheel=500000
2026-07-07T15:26:58.577+00:00 CAN id=101 dlc=8 data=d8cf040020a10700
2026-07-07T15:26:58.597+00:00 CAN id=101 dlc=8 data=d8cf040020a10700
2026-07-07T15:26:58.617+00:00 CAN id=101 dlc=8 data=d8cf040020a10700
2026-07-07T15:26:58.638+00:00 CAN id=101 dlc=8 data=d8cf040020a10700
2026-07-07T15:26:58.657+00:00 CAN id=101 dlc=8 data=d8cf040020a10700
2026-07-07T15:26:58.676+00:00 VCP run=1 step=0 angle=315439 target=315352 err=-87 steer=0 m1=3279/171875 i1=144 t1=29 m2=-3286/-171875 i2=-242 t2=28 steerMode=0/325 iSteer=-48793 driveMode=171875/172236 iDrive=192774 scale=0 wheel=500000
2026-07-07T15:26:58.676+00:00 VCP SET_TARGET_RX steer=315352 wheel=500000
2026-07-07T15:26:58.677+00:00 CAN id=101 dlc=8 data=d8cf040020a10700
2026-07-07T15:26:58.697+00:00 CAN id=101 dlc=8 data=d8cf040020a10700
2026-07-07T15:26:58.718+00:00 CAN id=101 dlc=8 data=d8cf040020a10700
2026-07-07T15:26:58.738+00:00 CAN id=101 dlc=8 data=d8cf040020a10700
2026-07-07T15:26:58.757+00:00 CAN id=101 dlc=8 data=d8cf040020a10700
2026-07-07T15:26:58.777+00:00 CAN id=101 dlc=8 data=d8cf040020a10700
2026-07-07T15:26:58.797+00:00 CAN id=101 dlc=8 data=d8cf040020a10700
2026-07-07T15:26:58.817+00:00 CAN id=101 dlc=8 data=d8cf040020a10700
2026-07-07T15:26:58.838+00:00 CAN id=101 dlc=8 data=d8cf040020a10700
2026-07-07T15:26:58.858+00:00 CAN id=101 dlc=8 data=d8cf040020a10700
2026-07-07T15:26:58.862+00:00 VCP run=1 step=0 angle=315264 target=315352 err=88 steer=0 m1=3256/171875 i1=174 t1=29 m2=-3250/-171875 i2=-235 t2=28 steerMode=0/-31 iSteer=-30348 driveMode=171875/171657 iDrive=204388 scale=0 wheel=500000
2026-07-07T15:26:58.862+00:00 VCP run=1 step=0 angle=315527 target=315352 err=-175 steer=0 m1=3262/171875 i1=171 t1=29 m2=-3303/-171875 i2=-202 t2=28 steerMode=0/-337 iSteer=-15796 driveMode=171875/172557 iDrive=186683 scale=0 wheel=500000
2026-07-07T15:26:58.877+00:00 CAN id=101 dlc=8 data=d8cf040020a10700
2026-07-07T15:26:58.898+00:00 CAN id=101 dlc=8 data=d8cf040020a10700
2026-07-07T15:26:58.918+00:00 CAN id=101 dlc=8 data=d8cf040020a10700
2026-07-07T15:26:58.937+00:00 CAN id=101 dlc=8 data=d8cf040020a10700
2026-07-07T15:26:58.957+00:00 CAN id=101 dlc=8 data=d8cf040020a10700
2026-07-07T15:26:58.967+00:00 VCP run=1 step=0 angle=315000 target=315352 err=352 steer=0 m1=3316/171875 i1=116 t1=29 m2=-3296/-171875 i2=-206 t2=28 steerMode=0/267 iSteer=-44878 driveMode=171875/173836 iDrive=160779 scale=0 wheel=500000
2026-07-07T15:26:58.977+00:00 CAN id=101 dlc=8 data=d8cf040020a10700
2026-07-07T15:26:58.997+00:00 CAN id=101 dlc=8 data=d8cf040020a10700
2026-07-07T15:26:59.018+00:00 CAN id=101 dlc=8 data=d8cf040020a10700
2026-07-07T15:26:59.037+00:00 CAN id=101 dlc=8 data=d8cf040020a10700
2026-07-07T15:26:59.058+00:00 CAN id=101 dlc=8 data=d8cf040020a10700
2026-07-07T15:26:59.071+00:00 VCP run=1 step=0 angle=315264 target=315352 err=88 steer=0 m1=3279/171875 i1=166 t1=29 m2=-3265/-171875 i2=-212 t2=28 steerMode=0/-196 iSteer=-22878 driveMode=171875/172437 iDrive=188769 scale=0 wheel=500000
2026-07-07T15:26:59.077+00:00 CAN id=101 dlc=8 data=d8cf040020a10700
2026-07-07T15:26:59.098+00:00 CAN id=101 dlc=8 data=d8cf040020a10700
2026-07-07T15:26:59.118+00:00 CAN id=101 dlc=8 data=d8cf040020a10700
2026-07-07T15:26:59.138+00:00 CAN id=101 dlc=8 data=d8cf040020a10700
2026-07-07T15:26:59.157+00:00 CAN id=101 dlc=8 data=d8cf040020a10700
2026-07-07T15:26:59.173+00:00 VCP run=1 step=0 angle=315352 target=315352 err=0 steer=0 m1=3266/171875 i1=153 t1=29 m2=-3288/-171875 i2=-229 t2=28 steerMode=0/102 iSteer=-37801 driveMode=171875/172311 iDrive=191286 scale=0 wheel=500000
2026-07-07T15:26:59.173+00:00 VCP SET_TARGET_RX steer=315352 wheel=500000
2026-07-07T15:26:59.177+00:00 CAN id=101 dlc=8 data=d8cf040020a10700
2026-07-07T15:26:59.198+00:00 CAN id=101 dlc=8 data=d8cf040020a10700
2026-07-07T15:26:59.218+00:00 CAN id=101 dlc=8 data=d8cf040020a10700
2026-07-07T15:26:59.237+00:00 CAN id=101 dlc=8 data=d8cf040020a10700
2026-07-07T15:26:59.257+00:00 CAN id=101 dlc=8 data=d8cf040020a10700
2026-07-07T15:26:59.277+00:00 VCP run=1 step=0 angle=315264 target=315352 err=88 steer=0 m1=3310/171875 i1=133 t1=29 m2=-3284/-171875 i2=-201 t2=28 steerMode=0/41 iSteer=-34100 driveMode=171875/173541 iDrive=166673 scale=0 wheel=500000
2026-07-07T15:26:59.277+00:00 CAN id=101 dlc=8 data=d8cf040020a10700
2026-07-07T15:26:59.297+00:00 CAN id=101 dlc=8 data=d8cf040020a10700
2026-07-07T15:26:59.318+00:00 CAN id=101 dlc=8 data=d8cf040020a10700
2026-07-07T15:26:59.338+00:00 CAN id=101 dlc=8 data=d8cf040020a10700
2026-07-07T15:26:59.357+00:00 CAN id=101 dlc=8 data=d8cf040020a10700
2026-07-07T15:26:59.377+00:00 CAN id=101 dlc=8 data=d8cf040020a10700
2026-07-07T15:26:59.397+00:00 CAN id=101 dlc=8 data=d8cf040020a10700
2026-07-07T15:26:59.418+00:00 CAN id=101 dlc=8 data=d8cf040020a10700
2026-07-07T15:26:59.438+00:00 CAN id=101 dlc=8 data=d8cf040020a10700
2026-07-07T15:26:59.458+00:00 CAN id=101 dlc=8 data=d8cf040020a10700
2026-07-07T15:26:59.463+00:00 VCP run=1 step=0 angle=315176 target=315352 err=176 steer=0 m1=3270/171875 i1=134 t1=29 m2=-3273/-171875 i2=-239 t2=28 steerMode=0/389 iSteer=-52786 driveMode=171875/172560 iDrive=186294 scale=0 wheel=500000
2026-07-07T15:26:59.463+00:00 VCP run=1 step=0 angle=315088 target=315352 err=264 steer=0 m1=3289/171875 i1=151 t1=29 m2=-3244/-171875 i2=-233 t2=28 steerMode=0/166 iSteer=-40878 driveMode=171875/172258 iDrive=192339 scale=0 wheel=500000
2026-07-07T15:26:59.477+00:00 CAN id=101 dlc=8 data=d8cf040020a10700
2026-07-07T15:26:59.498+00:00 CAN id=101 dlc=8 data=d8cf040020a10700
2026-07-07T15:26:59.518+00:00 CAN id=101 dlc=8 data=d8cf040020a10700
2026-07-07T15:26:59.538+00:00 CAN id=101 dlc=8 data=d8cf040020a10700
2026-07-07T15:26:59.557+00:00 CAN id=101 dlc=8 data=d8cf040020a10700
2026-07-07T15:26:59.568+00:00 VCP run=1 step=0 angle=315352 target=315352 err=0 steer=0 m1=3274/171875 i1=167 t1=29 m2=-3313/-171875 i2=-201 t2=28 steerMode=0/-331 iSteer=-17038 driveMode=171875/172696 iDrive=183588 scale=0 wheel=500000
2026-07-07T15:26:59.577+00:00 CAN id=101 dlc=8 data=d8cf040020a10700
2026-07-07T15:26:59.598+00:00 CAN id=101 dlc=8 data=d8cf040020a10700
2026-07-07T15:26:59.617+00:00 CAN id=101 dlc=8 data=d8cf040020a10700
2026-07-07T15:26:59.638+00:00 CAN id=101 dlc=8 data=d8cf040020a10700
2026-07-07T15:26:59.658+00:00 CAN id=101 dlc=8 data=d8cf040020a10700
2026-07-07T15:26:59.669+00:00 VCP run=1 step=0 angle=315000 target=315352 err=352 steer=0 m1=3316/171875 i1=116 t1=29 m2=-3259/-171875 i2=-208 t2=28 steerMode=0/264 iSteer=-45854 driveMode=171875/173779 iDrive=161922 scale=0 wheel=500000
2026-07-07T15:26:59.669+00:00 VCP SET_TARGET_RX steer=315352 wheel=500000
2026-07-07T15:26:59.677+00:00 CAN id=101 dlc=8 data=d8cf040020a10700
2026-07-07T15:26:59.698+00:00 CAN id=101 dlc=8 data=d8cf040020a10700
2026-07-07T15:26:59.717+00:00 CAN id=101 dlc=8 data=d8cf040020a10700
2026-07-07T15:26:59.738+00:00 CAN id=101 dlc=8 data=d8cf040020a10700
2026-07-07T15:26:59.758+00:00 CAN id=101 dlc=8 data=d8cf040020a10700
2026-07-07T15:26:59.773+00:00 VCP run=1 step=0 angle=315176 target=315352 err=176 steer=0 m1=3260/171875 i1=166 t1=29 m2=-3280/-171875 i2=-224 t2=28 steerMode=0/-98 iSteer=-29077 driveMode=171875/172133 iDrive=194844 scale=0 wheel=500000
2026-07-07T15:26:59.777+00:00 CAN id=101 dlc=8 data=d8cf040020a10700
2026-07-07T15:26:59.798+00:00 CAN id=101 dlc=8 data=d8cf040020a10700
2026-07-07T15:26:59.818+00:00 CAN id=101 dlc=8 data=d8cf040020a10700
2026-07-07T15:26:59.838+00:00 CAN id=101 dlc=8 data=d8cf040020a10700
2026-07-07T15:26:59.858+00:00 CAN id=101 dlc=8 data=d8cf040020a10700
2026-07-07T15:26:59.877+00:00 CAN id=101 dlc=8 data=d8cf040020a10700
2026-07-07T15:26:59.878+00:00 VCP run=1 step=0 angle=315352 target=315352 err=0 steer=0 m1=3287/171875 i1=148 t1=29 m2=-3263/-171875 i2=-234 t2=28 steerMode=0/185 iSteer=-43112 driveMode=171875/172313 iDrive=191237 scale=0 wheel=500000
2026-07-07T15:26:59.897+00:00 CAN id=101 dlc=8 data=d8cf040020a10700
2026-07-07T15:26:59.917+00:00 CAN id=101 dlc=8 data=d8cf040020a10700
2026-07-07T15:26:59.938+00:00 CAN id=101 dlc=8 data=d8cf040020a10700
2026-07-07T15:26:59.958+00:00 CAN id=101 dlc=8 data=d8cf040020a10700
2026-07-07T15:26:59.977+00:00 CAN id=101 dlc=8 data=d8cf040020a10700
2026-07-07T15:26:59.998+00:00 CAN id=101 dlc=8 data=d8cf040020a10700
2026-07-07T15:27:00.017+00:00 CAN id=101 dlc=8 data=d8cf040020a10700
2026-07-07T15:27:00.037+00:00 CAN id=101 dlc=8 data=d8cf040020a10700
2026-07-07T15:27:00.058+00:00 CAN id=101 dlc=8 data=d8cf040020a10700
2026-07-07T15:27:00.064+00:00 VCP run=1 step=0 angle=315352 target=315352 err=0 steer=0 m1=3306/171875 i1=141 t1=29 m2=-3294/-171875 i2=-193 t2=28 steerMode=0/-154 iSteer=-25992 driveMode=171875/173539 iDrive=166711 scale=0 wheel=500000
2026-07-07T15:27:00.065+00:00 VCP run=1 step=0 angle=315264 target=315352 err=88 steer=0 m1=3247/171875 i1=135 t1=29 m2=-3275/-171875 i2=-272 t2=28 steerMode=0/649 iSteer=-68245 driveMode=171875/171704 iDrive=203452 scale=0 wheel=500000
2026-07-07T15:27:00.077+00:00 CAN id=101 dlc=8 data=d8cf040020a10700
2026-07-07T15:27:00.097+00:00 CAN id=101 dlc=8 data=d8cf040020a10700
2026-07-07T15:27:00.117+00:00 CAN id=101 dlc=8 data=d8cf040020a10700
2026-07-07T15:27:00.138+00:00 CAN id=101 dlc=8 data=d8cf040020a10700
2026-07-07T15:27:00.157+00:00 CAN id=101 dlc=8 data=d8cf040020a10700
2026-07-07T15:27:00.166+00:00 VCP run=1 step=0 angle=315088 target=315352 err=264 steer=0 m1=3272/171875 i1=165 t1=29 m2=-3238/-171875 i2=-232 t2=28 steerMode=0/-28 iSteer=-33571 driveMode=171875/171955 iDrive=198464 scale=0 wheel=500000
2026-07-07T15:27:00.166+00:00 VCP SET_TARGET_RX steer=315352 wheel=500000
2026-07-07T15:27:00.177+00:00 CAN id=101 dlc=8 data=d8cf040020a10700
2026-07-07T15:27:00.198+00:00 CAN id=101 dlc=8 data=d8cf040020a10700
2026-07-07T15:27:00.217+00:00 CAN id=101 dlc=8 data=d8cf040020a10700
2026-07-07T15:27:00.237+00:00 CAN id=101 dlc=8 data=d8cf040020a10700
2026-07-07T15:27:00.258+00:00 CAN id=101 dlc=8 data=d8cf040020a10700
2026-07-07T15:27:00.270+00:00 VCP run=1 step=0 angle=315439 target=315352 err=-87 steer=0 m1=3293/171875 i1=151 t1=29 m2=-3278/-171875 i2=-206 t2=28 steerMode=0/-158 iSteer=-27794 driveMode=171875/172940 iDrive=178698 scale=0 wheel=500000
2026-07-07T15:27:00.277+00:00 CAN id=101 dlc=8 data=d8cf040020a10700
2026-07-07T15:27:00.298+00:00 CAN id=101 dlc=8 data=d8cf040020a10700
2026-07-07T15:27:00.317+00:00 CAN id=101 dlc=8 data=d8cf040020a10700
2026-07-07T15:27:00.338+00:00 CAN id=101 dlc=8 data=d8cf040020a10700
2026-07-07T15:27:00.357+00:00 CAN id=101 dlc=8 data=d8cf040020a10700
2026-07-07T15:27:00.374+00:00 VCP run=1 step=0 angle=315264 target=315352 err=88 steer=0 m1=3287/171875 i1=131 t1=29 m2=-3311/-171875 i2=-200 t2=28 steerMode=0/-19 iSteer=-34448 driveMode=171875/173620 iDrive=165099 scale=0 wheel=500000
2026-07-07T15:27:00.377+00:00 CAN id=101 dlc=8 data=d8cf040020a10700
2026-07-07T15:27:00.398+00:00 CAN id=101 dlc=8 data=d8cf040020a10700
2026-07-07T15:27:00.418+00:00 CAN id=101 dlc=8 data=d8cf040020a10700
2026-07-07T15:27:00.438+00:00 CAN id=101 dlc=8 data=d8cf040020a10700
2026-07-07T15:27:00.458+00:00 CAN id=101 dlc=8 data=d8cf040020a10700
2026-07-07T15:27:00.477+00:00 CAN id=101 dlc=8 data=d8cf040020a10700
2026-07-07T15:27:00.479+00:00 VCP run=1 step=0 angle=315264 target=315352 err=88 steer=0 m1=3270/171875 i1=162 t1=29 m2=-3267/-171875 i2=-218 t2=28 steerMode=0/-159 iSteer=-27821 driveMode=171875/172388 iDrive=189738 scale=0 wheel=500000
2026-07-07T15:27:00.479+00:00 VCP run=1 step=0 angle=315439 target=315352 err=-87 steer=0 m1=3260/171875 i1=154 t1=29 m2=-3290/-171875 i2=-242 t2=28 steerMode=0/156 iSteer=-44058 driveMode=171875/171970 iDrive=198229 scale=0 wheel=500000
2026-07-07T15:27:00.497+00:00 CAN id=101 dlc=8 data=d8cf040020a10700
2026-07-07T15:27:00.518+00:00 CAN id=101 dlc=8 data=d8cf040020a10700
2026-07-07T15:27:00.537+00:00 CAN id=101 dlc=8 data=d8cf040020a10700
2026-07-07T15:27:00.557+00:00 CAN id=101 dlc=8 data=d8cf040020a10700
2026-07-07T15:27:00.577+00:00 CAN id=101 dlc=8 data=d8cf040020a10700
2026-07-07T15:27:00.597+00:00 CAN id=101 dlc=8 data=d8cf040020a10700
2026-07-07T15:27:00.617+00:00 CAN id=101 dlc=8 data=d8cf040020a10700
2026-07-07T15:27:00.638+00:00 CAN id=101 dlc=8 data=d8cf040020a10700
2026-07-07T15:27:00.657+00:00 BENCH disable sent
2026-07-07T15:27:00.658+00:00 CAN id=121 dlc=2 data=0100
2026-07-07T15:27:00.658+00:00 CAN id=121 dlc=2 data=0100
2026-07-07T15:27:00.662+00:00 VCP run=1 step=0 angle=315264 target=315352 err=88 steer=0 m1=3314/171875 i1=130 t1=29 m2=-3296/-171875 i2=-204 t2=28 steerMode=0/38 iSteer=-37179 driveMode=171875/173515 iDrive=167210 scale=0 wheel=500000
2026-07-07T15:27:00.662+00:00 VCP UNIT_CTRL enable=0
2026-07-07T15:27:00.662+00:00 VCP UNIT_CTRL enable=0
2026-07-07T15:27:00.863+00:00 VCP STOP: disabled
2026-07-07T15:27:01.065+00:00 BENCH log closed
