2026-07-07T15:27:02.147+00:00 BENCH log opened: firmware/logs/cl4000-ac4000.log
2026-07-07T15:27:02.148+00:00 BENCH run: steer=315.352deg (315352mdeg) wheel=500.0rpm (500000milli-rpm) rate=50.0Hz duration=6.0s
2026-07-07T15:27:02.148+00:00 BENCH enable sent
2026-07-07T15:27:02.148+00:00 CAN id=121 dlc=2 data=0101
2026-07-07T15:27:02.148+00:00 CAN id=101 dlc=8 data=d8cf040020a10700
2026-07-07T15:27:02.168+00:00 CAN id=101 dlc=8 data=d8cf040020a10700
2026-07-07T15:27:02.172+00:00 VCP ET_TARGET_RX steer=315352 wheel=500000
2026-07-07T15:27:02.172+00:00 VCP START_CAN: angle=348838 target=315352 wheelTarget=500000
2026-07-07T15:27:02.188+00:00 CAN id=101 dlc=8 data=d8cf040020a10700
2026-07-07T15:27:02.208+00:00 CAN id=101 dlc=8 data=d8cf040020a10700
2026-07-07T15:27:02.228+00:00 CAN id=101 dlc=8 data=d8cf040020a10700
2026-07-07T15:27:02.248+00:00 CAN id=101 dlc=8 data=d8cf040020a10700
2026-07-07T15:27:02.268+00:00 CAN id=101 dlc=8 data=d8cf040020a10700
2026-07-07T15:27:02.272+00:00 VCP run=1 step=0 angle=348838 target=315352 err=-33486 steer=-900 m1=-7/3300 i1=-82 t1=29 m2=16/-13200 i2=-420 t2=28 steerMode=-4950/55 iSteer=-251134 driveMode=8250/-140 iDrive=168800 scale=0 wheel=24000
2026-07-07T15:27:02.288+00:00 CAN id=101 dlc=8 data=d8cf040020a10700
2026-07-07T15:27:02.309+00:00 CAN id=101 dlc=8 data=d8cf040020a10700
2026-07-07T15:27:02.328+00:00 CAN id=101 dlc=8 data=d8cf040020a10700
2026-07-07T15:27:02.349+00:00 CAN id=101 dlc=8 data=d8cf040020a10700
2026-07-07T15:27:02.368+00:00 CAN id=101 dlc=8 data=d8cf040020a10700
2026-07-07T15:27:02.388+00:00 CAN id=101 dlc=8 data=d8cf040020a10700
2026-07-07T15:27:02.408+00:00 CAN id=101 dlc=8 data=d8cf040020a10700
2026-07-07T15:27:02.428+00:00 CAN id=101 dlc=8 data=d8cf040020a10700
2026-07-07T15:27:02.448+00:00 CAN id=101 dlc=8 data=d8cf040020a10700
2026-07-07T15:27:02.456+00:00 VCP run=1 step=0 angle=341719 target=315352 err=-26367 steer=-10000 m1=73/74250 i1=1181 t1=29 m2=-2133/-184250 i2=-2943 t2=28 steerMode=-55000/-38786 iSteer=-881159 driveMode=129250/39781 iDrive=2062165 scale=0 wheel=376000
2026-07-07T15:27:02.456+00:00 VCP run=1 step=0 angle=318516 target=315352 err=-3164 steer=-1582 m1=2670/163175 i1=2108 t1=29 m2=-3188/-180575 i2=11 t2=28 steerMode=-8700/-30173 iSteer=1059211 driveMode=171875/139686 iDrive=1048600 scale=0 wheel=500000
2026-07-07T15:27:02.468+00:00 CAN id=101 dlc=8 data=d8cf040020a10700
2026-07-07T15:27:02.488+00:00 CAN id=101 dlc=8 data=d8cf040020a10700
2026-07-07T15:27:02.509+00:00 CAN id=101 dlc=8 data=d8cf040020a10700
2026-07-07T15:27:02.528+00:00 CAN id=101 dlc=8 data=d8cf040020a10700
2026-07-07T15:27:02.548+00:00 CAN id=101 dlc=8 data=d8cf040020a10700
2026-07-07T15:27:02.559+00:00 VCP run=1 step=0 angle=318779 target=315352 err=-3427 steer=-1714 m1=3285/162450 i1=8 t1=29 m2=-3652/-181300 i2=-492 t2=28 steerMode=-9425/-5053 iSteer=-241676 driveMode=171875/180211 iDrive=250146 scale=0 wheel=500000
2026-07-07T15:27:02.568+00:00 CAN id=101 dlc=8 data=d8cf040020a10700
2026-07-07T15:27:02.589+00:00 CAN id=101 dlc=8 data=d8cf040020a10700
2026-07-07T15:27:02.608+00:00 CAN id=101 dlc=8 data=d8cf040020a10700
2026-07-07T15:27:02.628+00:00 CAN id=101 dlc=8 data=d8cf040020a10700
2026-07-07T15:27:02.648+00:00 CAN id=101 dlc=8 data=d8cf040020a10700
2026-07-07T15:27:02.660+00:00 VCP run=1 step=0 angle=314912 target=315352 err=440 steer=0 m1=3523/171875 i1=241 t1=29 m2=-3470/-171875 i2=-58 t2=28 steerMode=0/-2025 iSteer=91544 driveMode=171875/184170 iDrive=149682 scale=0 wheel=500000
2026-07-07T15:27:02.660+00:00 VCP SET_TARGET_RX steer=315352 wheel=500000
2026-07-07T15:27:02.668+00:00 CAN id=101 dlc=8 data=d8cf040020a10700
2026-07-07T15:27:02.689+00:00 CAN id=101 dlc=8 data=d8cf040020a10700
2026-07-07T15:27:02.709+00:00 CAN id=101 dlc=8 data=d8cf040020a10700
2026-07-07T15:27:02.729+00:00 CAN id=101 dlc=8 data=d8cf040020a10700
2026-07-07T15:27:02.748+00:00 CAN id=101 dlc=8 data=d8cf040020a10700
2026-07-07T15:27:02.764+00:00 VCP run=1 step=0 angle=316055 target=315352 err=-703 steer=-351 m1=3438/169943 i1=28 t1=29 m2=-3437/-173807 i2=-332 t2=28 steerMode=-1932/832 iSteer=-152404 driveMode=171875/181626 iDrive=180078 scale=0 wheel=500000
2026-07-07T15:27:02.768+00:00 CAN id=101 dlc=8 data=d8cf040020a10700
2026-07-07T15:27:02.788+00:00 CAN id=101 dlc=8 data=d8cf040020a10700
2026-07-07T15:27:02.808+00:00 CAN id=101 dlc=8 data=d8cf040020a10700
2026-07-07T15:27:02.829+00:00 CAN id=101 dlc=8 data=d8cf040020a10700
2026-07-07T15:27:02.848+00:00 CAN id=101 dlc=8 data=d8cf040020a10700
2026-07-07T15:27:02.868+00:00 VCP run=1 step=0 angle=315703 target=315352 err=-351 steer=0 m1=3438/171875 i1=227 t1=29 m2=-3474/-171875 i2=-106 t2=28 steerMode=0/-1496 iSteer=60414 driveMode=171875/181437 iDrive=166828 scale=0 wheel=500000
2026-07-07T15:27:02.868+00:00 CAN id=101 dlc=8 data=d8cf040020a10700
2026-07-07T15:27:02.888+00:00 CAN id=101 dlc=8 data=d8cf040020a10700
2026-07-07T15:27:02.908+00:00 CAN id=101 dlc=8 data=d8cf040020a10700
2026-07-07T15:27:02.928+00:00 CAN id=101 dlc=8 data=d8cf040020a10700
2026-07-07T15:27:02.949+00:00 CAN id=101 dlc=8 data=d8cf040020a10700
2026-07-07T15:27:02.968+00:00 CAN id=101 dlc=8 data=d8cf040020a10700
2026-07-07T15:27:02.988+00:00 CAN id=101 dlc=8 data=d8cf040020a10700
2026-07-07T15:27:03.008+00:00 CAN id=101 dlc=8 data=d8cf040020a10700
2026-07-07T15:27:03.028+00:00 CAN id=101 dlc=8 data=d8cf040020a10700
2026-07-07T15:27:03.048+00:00 CAN id=101 dlc=8 data=d8cf040020a10700
2026-07-07T15:27:03.055+00:00 VCP run=1 step=0 angle=315439 target=315352 err=-87 steer=0 m1=3446/171875 i1=78 t1=29 m2=-3382/-171875 i2=-246 t2=28 steerMode=0/1384 iSteer=-84474 driveMode=171875/180777 iDrive=161991 scale=0 wheel=500000
2026-07-07T15:27:03.055+00:00 VCP run=1 step=0 angle=315439 target=315352 err=-87 steer=0 m1=3398/171875 i1=176 t1=29 m2=-3407/-171875 i2=-183 t2=28 steerMode=0/-259 iSteer=-3373 driveMode=171875/179163 iDrive=179501 scale=0 wheel=500000
2026-07-07T15:27:03.068+00:00 CAN id=101 dlc=8 data=d8cf040020a10700
2026-07-07T15:27:03.088+00:00 CAN id=101 dlc=8 data=d8cf040020a10700
2026-07-07T15:27:03.108+00:00 CAN id=101 dlc=8 data=d8cf040020a10700
2026-07-07T15:27:03.128+00:00 CAN id=101 dlc=8 data=d8cf040020a10700
2026-07-07T15:27:03.148+00:00 CAN id=101 dlc=8 data=d8cf040020a10700
2026-07-07T15:27:03.156+00:00 VCP run=1 step=0 angle=315527 target=315352 err=-175 steer=0 m1=3404/171875 i1=148 t1=29 m2=-3420/-171875 i2=-196 t2=28 steerMode=0/149 iSteer=-24042 driveMode=171875/178904 iDrive=171645 scale=0 wheel=500000
2026-07-07T15:27:03.156+00:00 VCP SET_TARGET_RX steer=315352 wheel=500000
2026-07-07T15:27:03.168+00:00 CAN id=101 dlc=8 data=d8cf040020a10700
2026-07-07T15:27:03.188+00:00 CAN id=101 dlc=8 data=d8cf040020a10700
2026-07-07T15:27:03.208+00:00 CAN id=101 dlc=8 data=d8cf040020a10700
2026-07-07T15:27:03.228+00:00 CAN id=101 dlc=8 data=d8cf040020a10700
2026-07-07T15:27:03.249+00:00 CAN id=101 dlc=8 data=d8cf040020a10700
2026-07-07T15:27:03.260+00:00 VCP run=1 step=0 angle=315527 target=315352 err=-175 steer=0 m1=3387/171875 i1=167 t1=29 m2=-3372/-171875 i2=-152 t2=28 steerMode=0/-495 iSteer=7203 driveMode=171875/178836 iDrive=159382 scale=0 wheel=500000
2026-07-07T15:27:03.268+00:00 CAN id=101 dlc=8 data=d8cf040020a10700
2026-07-07T15:27:03.288+00:00 CAN id=101 dlc=8 data=d8cf040020a10700
2026-07-07T15:27:03.308+00:00 CAN id=101 dlc=8 data=d8cf040020a10700
2026-07-07T15:27:03.328+00:00 CAN id=101 dlc=8 data=d8cf040020a10700
2026-07-07T15:27:03.348+00:00 CAN id=101 dlc=8 data=d8cf040020a10700
2026-07-07T15:27:03.364+00:00 VCP run=1 step=0 angle=315352 target=315352 err=0 steer=0 m1=3360/171875 i1=155 t1=29 m2=-3376/-171875 i2=-223 t2=28 steerMode=0/305 iSteer=-34254 driveMode=171875/176819 iDrive=189019 scale=0 wheel=500000
2026-07-07T15:27:03.368+00:00 CAN id=101 dlc=8 data=d8cf040020a10700
2026-07-07T15:27:03.389+00:00 CAN id=101 dlc=8 data=d8cf040020a10700
2026-07-07T15:27:03.409+00:00 CAN id=101 dlc=8 data=d8cf040020a10700
2026-07-07T15:27:03.428+00:00 CAN id=101 dlc=8 data=d8cf040020a10700
2026-07-07T15:27:03.448+00:00 CAN id=101 dlc=8 data=d8cf040020a10700
2026-07-07T15:27:03.468+00:00 CAN id=101 dlc=8 data=d8cf040020a10700
2026-07-07T15:27:03.469+00:00 VCP run=1 step=0 angle=315615 target=315352 err=-263 steer=0 m1=3346/171875 i1=159 t1=29 m2=-3324/-171875 i2=-252 t2=28 steerMode=0/546 iSteer=-46731 driveMode=171875/175603 iDrive=205546 scale=0 wheel=500000
2026-07-07T15:27:03.488+00:00 CAN id=101 dlc=8 data=d8cf040020a10700
2026-07-07T15:27:03.508+00:00 CAN id=101 dlc=8 data=d8cf040020a10700
2026-07-07T15:27:03.529+00:00 CAN id=101 dlc=8 data=d8cf040020a10700
2026-07-07T15:27:03.549+00:00 CAN id=101 dlc=8 data=d8cf040020a10700
2026-07-07T15:27:03.568+00:00 CAN id=101 dlc=8 data=d8cf040020a10700
2026-07-07T15:27:03.588+00:00 CAN id=101 dlc=8 data=d8cf040020a10700
2026-07-07T15:27:03.608+00:00 CAN id=101 dlc=8 data=d8cf040020a10700
2026-07-07T15:27:03.629+00:00 CAN id=101 dlc=8 data=d8cf040020a10700
2026-07-07T15:27:03.648+00:00 CAN id=101 dlc=8 data=d8cf040020a10700
2026-07-07T15:27:03.651+00:00 VCP run=1 step=0 angle=315703 target=315352 err=-351 steer=0 m1=3379/171875 i1=154 t1=29 m2=-3382/-171875 i2=-176 t2=28 steerMode=0/-177 iSteer=-11002 driveMode=171875/177198 iDrive=165099 scale=0 wheel=500000
2026-07-07T15:27:03.651+00:00 VCP run=1 step=0 angle=315439 target=315352 err=-87 steer=0 m1=3341/171875 i1=119 t1=29 m2=-3313/-171875 i2=-230 t2=28 steerMode=0/696 iSteer=-55546 driveMode=171875/176227 iDrive=174825 scale=0 wheel=500000
2026-07-07T15:27:03.668+00:00 CAN id=101 dlc=8 data=d8cf040020a10700
2026-07-07T15:27:03.689+00:00 CAN id=101 dlc=8 data=d8cf040020a10700
2026-07-07T15:27:03.708+00:00 CAN id=101 dlc=8 data=d8cf040020a10700
2026-07-07T15:27:03.728+00:00 CAN id=101 dlc=8 data=d8cf040020a10700
2026-07-07T15:27:03.749+00:00 CAN id=101 dlc=8 data=d8cf040020a10700
2026-07-07T15:27:03.756+00:00 VCP SET_TARGET_RX steer=315352 wheel=500000
2026-07-07T15:27:03.756+00:00 VCP run=1 step=0 angle=315703 target=315352 err=-351 steer=0 m1=3329/171875 i1=163 t1=29 m2=-3315/-171875 i2=-211 t2=28 steerMode=0/56 iSteer=-23953 driveMode=171875/175259 iDrive=187004 scale=0 wheel=500000
2026-07-07T15:27:03.768+00:00 CAN id=101 dlc=8 data=d8cf040020a10700
2026-07-07T15:27:03.788+00:00 CAN id=101 dlc=8 data=d8cf040020a10700
2026-07-07T15:27:03.808+00:00 CAN id=101 dlc=8 data=d8cf040020a10700
2026-07-07T15:27:03.829+00:00 CAN id=101 dlc=8 data=d8cf040020a10700
2026-07-07T15:27:03.848+00:00 CAN id=101 dlc=8 data=d8cf040020a10700
2026-07-07T15:27:03.860+00:00 VCP run=1 step=0 angle=315703 target=315352 err=-351 steer=0 m1=3348/171875 i1=158 t1=29 m2=-3330/-171875 i2=-183 t2=28 steerMode=0/-179 iSteer=-12605 driveMode=171875/175758 iDrive=170767 scale=0 wheel=500000
2026-07-07T15:27:03.868+00:00 CAN id=101 dlc=8 data=d8cf040020a10700
2026-07-07T15:27:03.888+00:00 CAN id=101 dlc=8 data=d8cf040020a10700
2026-07-07T15:27:03.908+00:00 CAN id=101 dlc=8 data=d8cf040020a10700
2026-07-07T15:27:03.928+00:00 CAN id=101 dlc=8 data=d8cf040020a10700
2026-07-07T15:27:03.948+00:00 CAN id=101 dlc=8 data=d8cf040020a10700
2026-07-07T15:27:03.964+00:00 VCP run=1 step=0 angle=315527 target=315352 err=-175 steer=0 m1=3346/171875 i1=158 t1=29 m2=-3324/-171875 i2=-171 t2=28 steerMode=0/-320 iSteer=-6354 driveMode=171875/175702 iDrive=164275 scale=0 wheel=500000
2026-07-07T15:27:03.968+00:00 CAN id=101 dlc=8 data=d8cf040020a10700
2026-07-07T15:27:03.988+00:00 CAN id=101 dlc=8 data=d8cf040020a10700
2026-07-07T15:27:04.008+00:00 CAN id=101 dlc=8 data=d8cf040020a10700
2026-07-07T15:27:04.028+00:00 CAN id=101 dlc=8 data=d8cf040020a10700
2026-07-07T15:27:04.048+00:00 CAN id=101 dlc=8 data=d8cf040020a10700
2026-07-07T15:27:04.068+00:00 CAN id=101 dlc=8 data=d8cf040020a10700
2026-07-07T15:27:04.069+00:00 VCP run=1 step=0 angle=315439 target=315352 err=-87 steer=0 m1=3306/171875 i1=167 t1=29 m2=-3336/-171875 i2=-194 t2=28 steerMode=0/-192 iSteer=-13653 driveMode=171875/174625 iDrive=180180 scale=0 wheel=500000
2026-07-07T15:27:04.088+00:00 CAN id=101 dlc=8 data=d8cf040020a10700
2026-07-07T15:27:04.108+00:00 CAN id=101 dlc=8 data=d8cf040020a10700
2026-07-07T15:27:04.129+00:00 CAN id=101 dlc=8 data=d8cf040020a10700
2026-07-07T15:27:04.148+00:00 CAN id=101 dlc=8 data=d8cf040020a10700
2026-07-07T15:27:04.168+00:00 CAN id=101 dlc=8 data=d8cf040020a10700
2026-07-07T15:27:04.169+00:00 VCP run=1 step=0 angle=315615 target=315352 err=-263 steer=0 m1=3312/171875 i1=152 t1=29 m2=-3296/-171875 i2=-251 t2=28 steerMode=0/527 iSteer=-49733 driveMode=171875/173350 iDrive=201668 scale=0 wheel=500000
2026-07-07T15:27:04.169+00:00 VCP SET_TARGET_RX steer=315352 wheel=500000
2026-07-07T15:27:04.188+00:00 CAN id=101 dlc=8 data=d8cf040020a10700
2026-07-07T15:27:04.209+00:00 CAN id=101 dlc=8 data=d8cf040020a10700
2026-07-07T15:27:04.228+00:00 CAN id=101 dlc=8 data=d8cf040020a10700
2026-07-07T15:27:04.248+00:00 CAN id=101 dlc=8 data=d8cf040020a10700
2026-07-07T15:27:04.268+00:00 CAN id=101 dlc=8 data=d8cf040020a10700
2026-07-07T15:27:04.288+00:00 CAN id=101 dlc=8 data=d8cf040020a10700
2026-07-07T15:27:04.308+00:00 CAN id=101 dlc=8 data=d8cf040020a10700
2026-07-07T15:27:04.328+00:00 CAN id=101 dlc=8 data=d8cf040020a10700
2026-07-07T15:27:04.348+00:00 CAN id=101 dlc=8 data=d8cf040020a10700
2026-07-07T15:27:04.356+00:00 VCP run=1 step=0 angle=315791 target=315352 err=-439 steer=0 m1=3316/171875 i1=155 t1=29 m2=-3296/-171875 i2=-177 t2=29 steerMode=0/-240 iSteer=-11058 driveMode=171875/174900 iDrive=166027 scale=0 wheel=500000
2026-07-07T15:27:04.356+00:00 VCP run=1 step=0 angle=315352 target=315352 err=0 steer=0 m1=3291/171875 i1=119 t1=29 m2=-3263/-171875 i2=-240 t2=29 steerMode=0/724 iSteer=-60395 driveMode=171875/173957 iDrive=179227 scale=0 wheel=500000
2026-07-07T15:27:04.368+00:00 CAN id=101 dlc=8 data=d8cf040020a10700
2026-07-07T15:27:04.388+00:00 CAN id=101 dlc=8 data=d8cf040020a10700
2026-07-07T15:27:04.408+00:00 CAN id=101 dlc=8 data=d8cf040020a10700
2026-07-07T15:27:04.428+00:00 CAN id=101 dlc=8 data=d8cf040020a10700
2026-07-07T15:27:04.448+00:00 CAN id=101 dlc=8 data=d8cf040020a10700
2026-07-07T15:27:04.460+00:00 VCP run=1 step=0 angle=315527 target=315352 err=-175 steer=0 m1=3289/171875 i1=166 t1=29 m2=-3294/-171875 i2=-227 t2=29 steerMode=0/120 iSteer=-30605 driveMode=171875/172961 iDrive=196293 scale=0 wheel=500000
2026-07-07T15:27:04.468+00:00 CAN id=101 dlc=8 data=d8cf040020a10700
2026-07-07T15:27:04.489+00:00 CAN id=101 dlc=8 data=d8cf040020a10700
2026-07-07T15:27:04.508+00:00 CAN id=101 dlc=8 data=d8cf040020a10700
2026-07-07T15:27:04.528+00:00 CAN id=101 dlc=8 data=d8cf040020a10700
2026-07-07T15:27:04.548+00:00 CAN id=101 dlc=8 data=d8cf040020a10700
2026-07-07T15:27:04.564+00:00 VCP run=1 step=0 angle=315527 target=315352 err=-175 steer=0 m1=3320/171875 i1=155 t1=29 m2=-3301/-171875 i2=-189 t2=29 steerMode=0/-150 iSteer=-17121 driveMode=171875/174046 iDrive=171940 scale=0 wheel=500000
2026-07-07T15:27:04.568+00:00 CAN id=101 dlc=8 data=d8cf040020a10700
2026-07-07T15:27:04.588+00:00 CAN id=101 dlc=8 data=d8cf040020a10700
2026-07-07T15:27:04.608+00:00 CAN id=101 dlc=8 data=d8cf040020a10700
2026-07-07T15:27:04.628+00:00 CAN id=101 dlc=8 data=d8cf040020a10700
2026-07-07T15:27:04.648+00:00 CAN id=101 dlc=8 data=d8cf040020a10700
2026-07-07T15:27:04.665+00:00 VCP run=1 step=0 angle=315615 target=315352 err=-263 steer=0 m1=3272/171875 i1=152 t1=29 m2=-3284/-171875 i2=-214 t2=29 steerMode=0/92 iSteer=-30849 driveMode=171875/173295 iDrive=183058 scale=0 wheel=500000
2026-07-07T15:27:04.665+00:00 VCP SET_TARGET_RX steer=315352 wheel=500000
2026-07-07T15:27:04.668+00:00 CAN id=101 dlc=8 data=d8cf040020a10700
2026-07-07T15:27:04.688+00:00 CAN id=101 dlc=8 data=d8cf040020a10700
2026-07-07T15:27:04.709+00:00 CAN id=101 dlc=8 data=d8cf040020a10700
2026-07-07T15:27:04.728+00:00 CAN id=101 dlc=8 data=d8cf040020a10700
2026-07-07T15:27:04.748+00:00 CAN id=101 dlc=8 data=d8cf040020a10700
2026-07-07T15:27:04.768+00:00 CAN id=101 dlc=8 data=d8cf040020a10700
2026-07-07T15:27:04.770+00:00 VCP run=1 step=0 angle=315615 target=315352 err=-263 steer=0 m1=3283/171875 i1=192 t1=29 m2=-3292/-171875 i2=-196 t2=29 steerMode=0/-493 iSteer=-2201 driveMode=171875/172686 iDrive=193990 scale=0 wheel=500000
2026-07-07T15:27:04.788+00:00 CAN id=101 dlc=8 data=d8cf040020a10700
2026-07-07T15:27:04.809+00:00 CAN id=101 dlc=8 data=d8cf040020a10700
2026-07-07T15:27:04.828+00:00 CAN id=101 dlc=8 data=d8cf040020a10700
2026-07-07T15:27:04.848+00:00 CAN id=101 dlc=8 data=d8cf040020a10700
2026-07-07T15:27:04.868+00:00 CAN id=101 dlc=8 data=d8cf040020a10700
2026-07-07T15:27:04.888+00:00 CAN id=101 dlc=8 data=d8cf040020a10700
2026-07-07T15:27:04.908+00:00 CAN id=101 dlc=8 data=d8cf040020a10700
2026-07-07T15:27:04.928+00:00 CAN id=101 dlc=8 data=d8cf040020a10700
2026-07-07T15:27:04.948+00:00 CAN id=101 dlc=8 data=d8cf040020a10700
2026-07-07T15:27:04.955+00:00 VCP run=1 step=0 angle=315879 target=315352 err=-527 steer=-263 m1=3264/170426 i1=84 t1=29 m2=-3292/-173324 i2=-319 t2=29 steerMode=-1449/350 iSteer=-117648 driveMode=171875/172239 iDrive=201797 scale=0 wheel=500000
2026-07-07T15:27:04.955+00:00 VCP run=1 step=0 angle=315439 target=315352 err=-87 steer=0 m1=3312/171875 i1=144 t1=29 m2=-3328/-171875 i2=-179 t2=29 steerMode=0/-162 iSteer=-17960 driveMode=171875/174126 iDrive=161476 scale=0 wheel=500000
2026-07-07T15:27:04.968+00:00 CAN id=101 dlc=8 data=d8cf040020a10700
2026-07-07T15:27:04.988+00:00 CAN id=101 dlc=8 data=d8cf040020a10700
2026-07-07T15:27:05.008+00:00 CAN id=101 dlc=8 data=d8cf040020a10700
2026-07-07T15:27:05.028+00:00 CAN id=101 dlc=8 data=d8cf040020a10700
2026-07-07T15:27:05.048+00:00 CAN id=101 dlc=8 data=d8cf040020a10700
2026-07-07T15:27:05.060+00:00 VCP run=1 step=0 angle=315176 target=315352 err=176 steer=0 m1=3274/171875 i1=132 t1=29 m2=-3280/-171875 i2=-222 t2=29 steerMode=0/358 iSteer=-44957 driveMode=171875/173166 iDrive=176961 scale=0 wheel=500000
2026-07-07T15:27:05.068+00:00 CAN id=101 dlc=8 data=d8cf040020a10700
2026-07-07T15:27:05.088+00:00 CAN id=101 dlc=8 data=d8cf040020a10700
2026-07-07T15:27:05.108+00:00 CAN id=101 dlc=8 data=d8cf040020a10700
2026-07-07T15:27:05.128+00:00 CAN id=101 dlc=8 data=d8cf040020a10700
2026-07-07T15:27:05.148+00:00 CAN id=101 dlc=8 data=d8cf040020a10700
2026-07-07T15:27:05.161+00:00 VCP run=1 step=0 angle=315352 target=315352 err=0 steer=0 m1=3266/171875 i1=157 t1=29 m2=-3263/-171875 i2=-244 t2=29 steerMode=0/331 iSteer=-43533 driveMode=171875/171943 iDrive=200282 scale=0 wheel=500000
2026-07-07T15:27:05.161+00:00 VCP SET_TARGET_RX steer=315352 wheel=500000
2026-07-07T15:27:05.168+00:00 CAN id=101 dlc=8 data=d8cf040020a10700
2026-07-07T15:27:05.188+00:00 CAN id=101 dlc=8 data=d8cf040020a10700
2026-07-07T15:27:05.208+00:00 CAN id=101 dlc=8 data=d8cf040020a10700
2026-07-07T15:27:05.228+00:00 CAN id=101 dlc=8 data=d8cf040020a10700
2026-07-07T15:27:05.248+00:00 CAN id=101 dlc=8 data=d8cf040020a10700
2026-07-07T15:27:05.265+00:00 VCP run=1 step=0 angle=315527 target=315352 err=-175 steer=0 m1=3277/171875 i1=176 t1=29 m2=-3309/-171875 i2=-174 t2=29 steerMode=0/-568 iSteer=1090 driveMode=171875/173152 iDrive=175283 scale=0 wheel=500000
2026-07-07T15:27:05.268+00:00 CAN id=101 dlc=8 data=d8cf040020a10700
2026-07-07T15:27:05.288+00:00 CAN id=101 dlc=8 data=d8cf040020a10700
2026-07-07T15:27:05.308+00:00 CAN id=101 dlc=8 data=d8cf040020a10700
2026-07-07T15:27:05.328+00:00 CAN id=101 dlc=8 data=d8cf040020a10700
2026-07-07T15:27:05.348+00:00 CAN id=101 dlc=8 data=d8cf040020a10700
2026-07-07T15:27:05.368+00:00 CAN id=101 dlc=8 data=d8cf040020a10700
2026-07-07T15:27:05.370+00:00 VCP run=1 step=0 angle=315352 target=315352 err=0 steer=0 m1=3291/171875 i1=110 t1=29 m2=-3250/-171875 i2=-254 t2=29 steerMode=0/874 iSteer=-71712 driveMode=171875/172778 iDrive=181944 scale=0 wheel=500000
2026-07-07T15:27:05.388+00:00 CAN id=101 dlc=8 data=d8cf040020a10700
2026-07-07T15:27:05.408+00:00 CAN id=101 dlc=8 data=d8cf040020a10700
2026-07-07T15:27:05.428+00:00 CAN id=101 dlc=8 data=d8cf040020a10700
2026-07-07T15:27:05.448+00:00 CAN id=101 dlc=8 data=d8cf040020a10700
2026-07-07T15:27:05.468+00:00 CAN id=101 dlc=8 data=d8cf040020a10700
2026-07-07T15:27:05.488+00:00 CAN id=101 dlc=8 data=d8cf040020a10700
2026-07-07T15:27:05.508+00:00 CAN id=101 dlc=8 data=d8cf040020a10700
2026-07-07T15:27:05.528+00:00 CAN id=101 dlc=8 data=d8cf040020a10700
2026-07-07T15:27:05.548+00:00 CAN id=101 dlc=8 data=d8cf040020a10700
2026-07-07T15:27:05.556+00:00 VCP run=1 step=0 angle=315527 target=315352 err=-175 steer=0 m1=3274/171875 i1=196 t1=29 m2=-3305/-171875 i2=-188 t2=29 steerMode=0/-649 iSteer=4094 driveMode=171875/172286 iDrive=191789 scale=0 wheel=500000
2026-07-07T15:27:05.556+00:00 VCP run=1 step=0 angle=315439 target=315352 err=-87 steer=0 m1=3279/171875 i1=152 t1=29 m2=-3244/-171875 i2=-237 t2=29 steerMode=0/281 iSteer=-42491 driveMode=171875/172169 iDrive=194128 scale=0 wheel=500000
2026-07-07T15:27:05.568+00:00 CAN id=101 dlc=8 data=d8cf040020a10700
2026-07-07T15:27:05.588+00:00 CAN id=101 dlc=8 data=d8cf040020a10700
2026-07-07T15:27:05.608+00:00 CAN id=101 dlc=8 data=d8cf040020a10700
2026-07-07T15:27:05.628+00:00 CAN id=101 dlc=8 data=d8cf040020a10700
2026-07-07T15:27:05.648+00:00 CAN id=101 dlc=8 data=d8cf040020a10700
2026-07-07T15:27:05.657+00:00 VCP run=1 step=0 angle=315439 target=315352 err=-87 steer=0 m1=3312/171875 i1=141 t1=29 m2=-3282/-171875 i2=-193 t2=29 steerMode=0/-33 iSteer=-26037 driveMode=171875/173538 iDrive=166740 scale=0 wheel=500000
2026-07-07T15:27:05.657+00:00 VCP SET_TARGET_RX steer=315352 wheel=500000
2026-07-07T15:27:05.668+00:00 CAN id=101 dlc=8 data=d8cf040020a10700
2026-07-07T15:27:05.688+00:00 CAN id=101 dlc=8 data=d8cf040020a10700
2026-07-07T15:27:05.708+00:00 CAN id=101 dlc=8 data=d8cf040020a10700
2026-07-07T15:27:05.728+00:00 CAN id=101 dlc=8 data=d8cf040020a10700
2026-07-07T15:27:05.748+00:00 CAN id=101 dlc=8 data=d8cf040020a10700
2026-07-07T15:27:05.761+00:00 VCP run=1 step=0 angle=315088 target=315352 err=264 steer=0 m1=3281/171875 i1=144 t1=29 m2=-3288/-171875 i2=-217 t2=29 steerMode=0/164 iSteer=-36643 driveMode=171875/172834 iDrive=180810 scale=0 wheel=500000
2026-07-07T15:27:05.768+00:00 CAN id=101 dlc=8 data=d8cf040020a10700
2026-07-07T15:27:05.788+00:00 CAN id=101 dlc=8 data=d8cf040020a10700
2026-07-07T15:27:05.808+00:00 CAN id=101 dlc=8 data=d8cf040020a10700
2026-07-07T15:27:05.828+00:00 CAN id=101 dlc=8 data=d8cf040020a10700
2026-07-07T15:27:05.848+00:00 CAN id=101 dlc=8 data=d8cf040020a10700
2026-07-07T15:27:05.866+00:00 VCP run=1 step=0 angle=315264 target=315352 err=88 steer=0 m1=3277/171875 i1=154 t1=29 m2=-3227/-171875 i2=-264 t2=29 steerMode=0/522 iSteer=-54825 driveMode=171875/171439 iDrive=208889 scale=0 wheel=500000
2026-07-07T15:27:05.868+00:00 CAN id=101 dlc=8 data=d8cf040020a10700
2026-07-07T15:27:05.888+00:00 CAN id=101 dlc=8 data=d8cf040020a10700
2026-07-07T15:27:05.908+00:00 CAN id=101 dlc=8 data=d8cf040020a10700
2026-07-07T15:27:05.928+00:00 CAN id=101 dlc=8 data=d8cf040020a10700
2026-07-07T15:27:05.948+00:00 CAN id=101 dlc=8 data=d8cf040020a10700
2026-07-07T15:27:05.968+00:00 CAN id=101 dlc=8 data=d8cf040020a10700
2026-07-07T15:27:05.988+00:00 CAN id=101 dlc=8 data=d8cf040020a10700
2026-07-07T15:27:06.008+00:00 CAN id=101 dlc=8 data=d8cf040020a10700
2026-07-07T15:27:06.028+00:00 CAN id=101 dlc=8 data=d8cf040020a10700
2026-07-07T15:27:06.048+00:00 CAN id=101 dlc=8 data=d8cf040020a10700
2026-07-07T15:27:06.052+00:00 VCP run=1 step=0 angle=315703 target=315352 err=-351 steer=0 m1=3283/171875 i1=177 t1=29 m2=-3321/-171875 i2=-163 t2=29 steerMode=0/-721 iSteer=6958 driveMode=171875/173363 iDrive=170249 scale=0 wheel=500000
2026-07-07T15:27:06.052+00:00 VCP run=1 step=0 angle=315439 target=315352 err=-87 steer=0 m1=3285/171875 i1=112 t1=29 m2=-3252/-171875 i2=-250 t2=29 steerMode=0/801 iSteer=-69171 driveMode=171875/172836 iDrive=180788 scale=0 wheel=500000
2026-07-07T15:27:06.068+00:00 CAN id=101 dlc=8 data=d8cf040020a10700
2026-07-07T15:27:06.088+00:00 CAN id=101 dlc=8 data=d8cf040020a10700
2026-07-07T15:27:06.108+00:00 CAN id=101 dlc=8 data=d8cf040020a10700
2026-07-07T15:27:06.129+00:00 CAN id=101 dlc=8 data=d8cf040020a10700
2026-07-07T15:27:06.148+00:00 CAN id=101 dlc=8 data=d8cf040020a10700
2026-07-07T15:27:06.153+00:00 VCP run=1 step=0 angle=315527 target=315352 err=-175 steer=0 m1=3266/171875 i1=181 t1=29 m2=-3292/-171875 i2=-209 t2=29 steerMode=0/-335 iSteer=-13741 driveMode=171875/172118 iDrive=195143 scale=0 wheel=500000
2026-07-07T15:27:06.153+00:00 VCP SET_TARGET_RX steer=315352 wheel=500000
2026-07-07T15:27:06.168+00:00 CAN id=101 dlc=8 data=d8cf040020a10700
2026-07-07T15:27:06.188+00:00 CAN id=101 dlc=8 data=d8cf040020a10700
2026-07-07T15:27:06.208+00:00 CAN id=101 dlc=8 data=d8cf040020a10700
2026-07-07T15:27:06.228+00:00 CAN id=101 dlc=8 data=d8cf040020a10700
2026-07-07T15:27:06.248+00:00 CAN id=101 dlc=8 data=d8cf040020a10700
2026-07-07T15:27:06.257+00:00 VCP run=1 step=0 angle=315527 target=315352 err=-175 steer=0 m1=3268/171875 i1=143 t1=29 m2=-3273/-171875 i2=-240 t2=29 steerMode=0/365 iSteer=-48576 driveMode=171875/172295 iDrive=191591 scale=0 wheel=500000
2026-07-07T15:27:06.268+00:00 CAN id=101 dlc=8 data=d8cf040020a10700
2026-07-07T15:27:06.288+00:00 CAN id=101 dlc=8 data=d8cf040020a10700
2026-07-07T15:27:06.308+00:00 CAN id=101 dlc=8 data=d8cf040020a10700
2026-07-07T15:27:06.328+00:00 CAN id=101 dlc=8 data=d8cf040020a10700
2026-07-07T15:27:06.348+00:00 CAN id=101 dlc=8 data=d8cf040020a10700
2026-07-07T15:27:06.362+00:00 VCP run=1 step=0 angle=315264 target=315352 err=88 steer=0 m1=3304/171875 i1=134 t1=29 m2=-3292/-171875 i2=-192 t2=29 steerMode=0/-22 iSteer=-28595 driveMode=171875/173724 iDrive=163018 scale=0 wheel=500000
2026-07-07T15:27:06.368+00:00 CAN id=101 dlc=8 data=d8cf040020a10700
2026-07-07T15:27:06.388+00:00 CAN id=101 dlc=8 data=d8cf040020a10700
2026-07-07T15:27:06.408+00:00 CAN id=101 dlc=8 data=d8cf040020a10700
2026-07-07T15:27:06.428+00:00 CAN id=101 dlc=8 data=d8cf040020a10700
2026-07-07T15:27:06.448+00:00 CAN id=101 dlc=8 data=d8cf040020a10700
2026-07-07T15:27:06.466+00:00 VCP run=1 step=0 angle=315264 target=315352 err=88 steer=0 m1=3264/171875 i1=162 t1=29 m2=-3280/-171875 i2=-195 t2=29 steerMode=0/-281 iSteer=-16259 driveMode=171875/172948 iDrive=178547 scale=0 wheel=500000
2026-07-07T15:27:06.468+00:00 CAN id=101 dlc=8 data=d8cf040020a10700
2026-07-07T15:27:06.488+00:00 CAN id=101 dlc=8 data=d8cf040020a10700
2026-07-07T15:27:06.508+00:00 CAN id=101 dlc=8 data=d8cf040020a10700
2026-07-07T15:27:06.528+00:00 CAN id=101 dlc=8 data=d8cf040020a10700
2026-07-07T15:27:06.548+00:00 CAN id=101 dlc=8 data=d8cf040020a10700
2026-07-07T15:27:06.568+00:00 CAN id=101 dlc=8 data=d8cf040020a10700
2026-07-07T15:27:06.588+00:00 CAN id=101 dlc=8 data=d8cf040020a10700
2026-07-07T15:27:06.608+00:00 CAN id=101 dlc=8 data=d8cf040020a10700
2026-07-07T15:27:06.628+00:00 CAN id=101 dlc=8 data=d8cf040020a10700
2026-07-07T15:27:06.648+00:00 CAN id=101 dlc=8 data=d8cf040020a10700
2026-07-07T15:27:06.650+00:00 VCP run=1 step=0 angle=315439 target=315352 err=-87 steer=0 m1=3260/171875 i1=159 t1=29 m2=-3236/-171875 i2=-263 t2=29 steerMode=0/442 iSteer=-52165 driveMode=171875/171333 iDrive=211011 scale=0 wheel=500000
2026-07-07T15:27:06.650+00:00 VCP run=1 step=0 angle=315791 target=315352 err=-439 steer=0 m1=3283/171875 i1=188 t1=29 m2=-3282/-171875 i2=-178 t2=29 steerMode=0/-712 iSteer=5133 driveMode=171875/172742 iDrive=183176 scale=0 wheel=500000
2026-07-07T15:27:06.668+00:00 CAN id=101 dlc=8 data=d8cf040020a10700
2026-07-07T15:27:06.688+00:00 CAN id=101 dlc=8 data=d8cf040020a10700
2026-07-07T15:27:06.708+00:00 CAN id=101 dlc=8 data=d8cf040020a10700
2026-07-07T15:27:06.728+00:00 CAN id=101 dlc=8 data=d8cf040020a10700
2026-07-07T15:27:06.748+00:00 CAN id=101 dlc=8 data=d8cf040020a10700
2026-07-07T15:27:06.753+00:00 VCP SET_TARGET_RX steer=315352 wheel=500000
2026-07-07T15:27:06.753+00:00 VCP run=1 step=0 angle=315176 target=315352 err=176 steer=0 m1=3300/171875 i1=100 t1=29 m2=-3240/-171875 i2=-273 t2=29 steerMode=0/1114 iSteer=-86647 driveMode=171875/172563 iDrive=186244 scale=0 wheel=500000
2026-07-07T15:27:06.768+00:00 CAN id=101 dlc=8 data=d8cf040020a10700
2026-07-07T15:27:06.788+00:00 CAN id=101 dlc=8 data=d8cf040020a10700
2026-07-07T15:27:06.808+00:00 CAN id=101 dlc=8 data=d8cf040020a10700
2026-07-07T15:27:06.828+00:00 CAN id=101 dlc=8 data=d8cf040020a10700
2026-07-07T15:27:06.848+00:00 CAN id=101 dlc=8 data=d8cf040020a10700
2026-07-07T15:27:06.858+00:00 VCP run=1 step=0 angle=315352 target=315352 err=0 steer=0 m1=3249/171875 i1=190 t1=29 m2=-3255/-171875 i2=-219 t2=29 steerMode=0/-344 iSteer=-14626 driveMode=171875/171670 iDrive=204338 scale=0 wheel=500000
2026-07-07T15:27:06.868+00:00 CAN id=101 dlc=8 data=d8cf040020a10700
2026-07-07T15:27:06.888+00:00 CAN id=101 dlc=8 data=d8cf040020a10700
2026-07-07T15:27:06.908+00:00 CAN id=101 dlc=8 data=d8cf040020a10700
2026-07-07T15:27:06.928+00:00 CAN id=101 dlc=8 data=d8cf040020a10700
2026-07-07T15:27:06.948+00:00 CAN id=101 dlc=8 data=d8cf040020a10700
2026-07-07T15:27:06.963+00:00 VCP run=1 step=0 angle=315439 target=315352 err=-87 steer=0 m1=3274/171875 i1=158 t1=29 m2=-3275/-171875 i2=-221 t2=29 steerMode=0/3 iSteer=-31601 driveMode=171875/172414 iDrive=189214 scale=0 wheel=500000
2026-07-07T15:27:06.968+00:00 CAN id=101 dlc=8 data=d8cf040020a10700
2026-07-07T15:27:06.988+00:00 CAN id=101 dlc=8 data=d8cf040020a10700
2026-07-07T15:27:07.008+00:00 CAN id=101 dlc=8 data=d8cf040020a10700
2026-07-07T15:27:07.028+00:00 CAN id=101 dlc=8 data=d8cf040020a10700
2026-07-07T15:27:07.048+00:00 CAN id=101 dlc=8 data=d8cf040020a10700
2026-07-07T15:27:07.067+00:00 VCP run=1 step=0 angle=315439 target=315352 err=-87 steer=0 m1=3310/171875 i1=134 t1=29 m2=-3305/-171875 i2=-193 t2=29 steerMode=0/-22 iSteer=-29664 driveMode=171875/173692 iDrive=163670 scale=0 wheel=500000
2026-07-07T15:27:07.068+00:00 CAN id=101 dlc=8 data=d8cf040020a10700
2026-07-07T15:27:07.088+00:00 CAN id=101 dlc=8 data=d8cf040020a10700
2026-07-07T15:27:07.108+00:00 CAN id=101 dlc=8 data=d8cf040020a10700
2026-07-07T15:27:07.128+00:00 CAN id=101 dlc=8 data=d8cf040020a10700
2026-07-07T15:27:07.148+00:00 CAN id=101 dlc=8 data=d8cf040020a10700
2026-07-07T15:27:07.168+00:00 CAN id=101 dlc=8 data=d8cf040020a10700
2026-07-07T15:27:07.168+00:00 VCP run=1 step=0 angle=315176 target=315352 err=176 steer=0 m1=3279/171875 i1=166 t1=29 m2=-3286/-171875 i2=-215 t2=29 steerMode=0/-152 iSteer=-24543 driveMode=171875/172360 iDrive=190290 scale=0 wheel=500000
2026-07-07T15:27:07.168+00:00 VCP SET_TARGET_RX steer=315352 wheel=500000
2026-07-07T15:27:07.188+00:00 CAN id=101 dlc=8 data=d8cf040020a10700
2026-07-07T15:27:07.208+00:00 CAN id=101 dlc=8 data=d8cf040020a10700
2026-07-07T15:27:07.228+00:00 CAN id=101 dlc=8 data=d8cf040020a10700
2026-07-07T15:27:07.248+00:00 CAN id=101 dlc=8 data=d8cf040020a10700
2026-07-07T15:27:07.268+00:00 CAN id=101 dlc=8 data=d8cf040020a10700
2026-07-07T15:27:07.288+00:00 CAN id=101 dlc=8 data=d8cf040020a10700
2026-07-07T15:27:07.308+00:00 CAN id=101 dlc=8 data=d8cf040020a10700
2026-07-07T15:27:07.328+00:00 CAN id=101 dlc=8 data=d8cf040020a10700
2026-07-07T15:27:07.348+00:00 CAN id=101 dlc=8 data=d8cf040020a10700
2026-07-07T15:27:07.354+00:00 VCP run=1 step=0 angle=315352 target=315352 err=0 steer=0 m1=3277/171875 i1=147 t1=29 m2=-3215/-171875 i2=-284 t2=29 steerMode=0/733 iSteer=-68626 driveMode=171875/171120 iDrive=215408 scale=0 wheel=500000
2026-07-07T15:27:07.354+00:00 VCP run=1 step=0 angle=315527 target=315352 err=-175 steer=0 m1=3300/171875 i1=174 t1=29 m2=-3311/-171875 i2=-176 t2=29 steerMode=0/-623 iSteer=-1158 driveMode=171875/173141 iDrive=174699 scale=0 wheel=500000
2026-07-07T15:27:07.368+00:00 CAN id=101 dlc=8 data=d8cf040020a10700
2026-07-07T15:27:07.388+00:00 CAN id=101 dlc=8 data=d8cf040020a10700
2026-07-07T15:27:07.408+00:00 CAN id=101 dlc=8 data=d8cf040020a10700
2026-07-07T15:27:07.428+00:00 CAN id=101 dlc=8 data=d8cf040020a10700
2026-07-07T15:27:07.448+00:00 CAN id=101 dlc=8 data=d8cf040020a10700
2026-07-07T15:27:07.459+00:00 VCP run=1 step=0 angle=315088 target=315352 err=264 steer=0 m1=3295/171875 i1=104 t1=29 m2=-3252/-171875 i2=-242 t2=29 steerMode=0/733 iSteer=-68753 driveMode=171875/173235 iDrive=172805 scale=0 wheel=500000
2026-07-07T15:27:07.468+00:00 CAN id=101 dlc=8 data=d8cf040020a10700
2026-07-07T15:27:07.488+00:00 CAN id=101 dlc=8 data=d8cf040020a10700
2026-07-07T15:27:07.508+00:00 CAN id=101 dlc=8 data=d8cf040020a10700
2026-07-07T15:27:07.528+00:00 CAN id=101 dlc=8 data=d8cf040020a10700
2026-07-07T15:27:07.548+00:00 CAN id=101 dlc=8 data=d8cf040020a10700
2026-07-07T15:27:07.563+00:00 VCP run=1 step=0 angle=315176 target=315352 err=176 steer=0 m1=3260/171875 i1=173 t1=29 m2=-3271/-171875 i2=-213 t2=29 steerMode=0/-260 iSteer=-19770 driveMode=171875/172218 iDrive=193140 scale=0 wheel=500000
2026-07-07T15:27:07.568+00:00 CAN id=101 dlc=8 data=d8cf040020a10700
2026-07-07T15:27:07.588+00:00 CAN id=101 dlc=8 data=d8cf040020a10700
2026-07-07T15:27:07.608+00:00 CAN id=101 dlc=8 data=d8cf040020a10700
2026-07-07T15:27:07.628+00:00 CAN id=101 dlc=8 data=d8cf040020a10700
2026-07-07T15:27:07.648+00:00 CAN id=101 dlc=8 data=d8cf040020a10700
2026-07-07T15:27:07.665+00:00 VCP run=1 step=0 angle=315264 target=315352 err=88 steer=0 m1=3300/171875 i1=156 t1=29 m2=-3309/-171875 i2=-213 t2=29 steerMode=0/-80 iSteer=-28880 driveMode=171875/172649 iDrive=184511 scale=0 wheel=500000
2026-07-07T15:27:07.665+00:00 VCP SET_TARGET_RX steer=315352 wheel=500000
2026-07-07T15:27:07.668+00:00 CAN id=101 dlc=8 data=d8cf040020a10700
2026-07-07T15:27:07.688+00:00 CAN id=101 dlc=8 data=d8cf040020a10700
2026-07-07T15:27:07.708+00:00 CAN id=101 dlc=8 data=d8cf040020a10700
2026-07-07T15:27:07.728+00:00 CAN id=101 dlc=8 data=d8cf040020a10700
2026-07-07T15:27:07.748+00:00 CAN id=101 dlc=8 data=d8cf040020a10700
2026-07-07T15:27:07.768+00:00 CAN id=101 dlc=8 data=d8cf040020a10700
2026-07-07T15:27:07.768+00:00 VCP run=1 step=0 angle=315352 target=315352 err=0 steer=0 m1=3304/171875 i1=128 t1=29 m2=-3288/-171875 i2=-207 t2=29 steerMode=0/139 iSteer=-39387 driveMode=171875/173491 iDrive=167671 scale=0 wheel=500000
2026-07-07T15:27:07.788+00:00 CAN id=101 dlc=8 data=d8cf040020a10700
2026-07-07T15:27:07.808+00:00 CAN id=101 dlc=8 data=d8cf040020a10700
2026-07-07T15:27:07.828+00:00 CAN id=101 dlc=8 data=d8cf040020a10700
2026-07-07T15:27:07.848+00:00 CAN id=101 dlc=8 data=d8cf040020a10700
2026-07-07T15:27:07.868+00:00 CAN id=101 dlc=8 data=d8cf040020a10700
2026-07-07T15:27:07.888+00:00 CAN id=101 dlc=8 data=d8cf040020a10700
2026-07-07T15:27:07.908+00:00 CAN id=101 dlc=8 data=d8cf040020a10700
2026-07-07T15:27:07.928+00:00 CAN id=101 dlc=8 data=d8cf040020a10700
2026-07-07T15:27:07.948+00:00 CAN id=101 dlc=8 data=d8cf040020a10700
2026-07-07T15:27:07.955+00:00 VCP run=1 step=0 angle=315264 target=315352 err=88 steer=0 m1=3262/171875 i1=160 t1=29 m2=-3271/-171875 i2=-213 t2=29 steerMode=0/-143 iSteer=-26553 driveMode=171875/172572 iDrive=186067 scale=0 wheel=500000
2026-07-07T15:27:07.955+00:00 VCP run=1 step=0 angle=315264 target=315352 err=88 steer=0 m1=3258/171875 i1=142 t1=29 m2=-3223/-171875 i2=-256 t2=29 steerMode=0/481 iSteer=-57109 driveMode=171875/171912 iDrive=199261 scale=0 wheel=500000
2026-07-07T15:27:07.968+00:00 CAN id=101 dlc=8 data=d8cf040020a10700
2026-07-07T15:27:07.988+00:00 CAN id=101 dlc=8 data=d8cf040020a10700
2026-07-07T15:27:08.008+00:00 CAN id=101 dlc=8 data=d8cf040020a10700
2026-07-07T15:27:08.028+00:00 CAN id=101 dlc=8 data=d8cf040020a10700
2026-07-07T15:27:08.048+00:00 CAN id=101 dlc=8 data=d8cf040020a10700
2026-07-07T15:27:08.060+00:00 VCP run=1 step=0 angle=315352 target=315352 err=0 steer=0 m1=3304/171875 i1=152 t1=29 m2=-3328/-171875 i2=-193 t2=29 steerMode=0/-252 iSteer=-20541 driveMode=171875/173252 iDrive=172467 scale=0 wheel=500000
2026-07-07T15:27:08.068+00:00 CAN id=101 dlc=8 data=d8cf040020a10700
2026-07-07T15:27:08.088+00:00 CAN id=101 dlc=8 data=d8cf040020a10700
2026-07-07T15:27:08.108+00:00 CAN id=101 dlc=8 data=d8cf040020a10700
2026-07-07T15:27:08.128+00:00 CAN id=101 dlc=8 data=d8cf040020a10700
2026-07-07T15:27:08.148+00:00 BENCH disable sent
2026-07-07T15:27:08.148+00:00 CAN id=121 dlc=2 data=0100
2026-07-07T15:27:08.148+00:00 CAN id=121 dlc=2 data=0100
2026-07-07T15:27:08.260+00:00 VCP run=1 step=0 angle=314824 target=315352 err=528 steer=264 m1=3306/173326 i1=186 t1=29 m2=-3273/-170424 i2=-166 t2=29 steerMode=1451/599 iSteer=9909 driveMode=171875/173095 iDrive=175607 scale=0 wheel=500000
2026-07-07T15:27:08.260+00:00 VCP UNIT_CTRL enable=0
2026-07-07T15:27:08.260+00:00 VCP UNIT_CTRL enable=0
2026-07-07T15:27:08.260+00:00 VCP STOP: disabled
2026-07-07T15:27:08.549+00:00 BENCH log closed
