2026-07-07T15:27:31.705+00:00 BENCH log opened: firmware/logs/cl4000-ac4000-kp30.log
2026-07-07T15:27:31.705+00:00 BENCH run: steer=315.352deg (315352mdeg) wheel=500.0rpm (500000milli-rpm) rate=50.0Hz duration=6.0s
2026-07-07T15:27:31.705+00:00 CAN id=121 dlc=2 data=0101
2026-07-07T15:27:31.705+00:00 BENCH enable sent
2026-07-07T15:27:31.706+00:00 CAN id=101 dlc=8 data=d8cf040020a10700
2026-07-07T15:27:31.726+00:00 CAN id=101 dlc=8 data=d8cf040020a10700
2026-07-07T15:27:31.729+00:00 VCP SET_TARGET_RX steer=315352 wheel=500000
2026-07-07T15:27:31.729+00:00 VCP START_CAN: angle=347432 target=315352 wheelTarget=500000
2026-07-07T15:27:31.746+00:00 CAN id=101 dlc=8 data=d8cf040020a10700
2026-07-07T15:27:31.766+00:00 CAN id=101 dlc=8 data=d8cf040020a10700
2026-07-07T15:27:31.786+00:00 CAN id=101 dlc=8 data=d8cf040020a10700
2026-07-07T15:27:31.806+00:00 CAN id=101 dlc=8 data=d8cf040020a10700
2026-07-07T15:27:31.826+00:00 CAN id=101 dlc=8 data=d8cf040020a10700
2026-07-07T15:27:31.829+00:00 VCP run=1 step=0 angle=347432 target=315352 err=-32080 steer=-750 m1=0/2750 i1=0 t1=29 m2=0/-11000 i2=-414 t2=28 steerMode=-4125/0 iSteer=-206869 driveMode=6875/0 iDrive=206938 scale=0 wheel=20000
2026-07-07T15:27:31.846+00:00 CAN id=101 dlc=8 data=d8cf040020a10700
2026-07-07T15:27:31.866+00:00 CAN id=101 dlc=8 data=d8cf040020a10700
2026-07-07T15:27:31.886+00:00 CAN id=101 dlc=8 data=d8cf040020a10700
2026-07-07T15:27:31.906+00:00 CAN id=101 dlc=8 data=d8cf040020a10700
2026-07-07T15:27:31.926+00:00 CAN id=101 dlc=8 data=d8cf040020a10700
2026-07-07T15:27:31.946+00:00 CAN id=101 dlc=8 data=d8cf040020a10700
2026-07-07T15:27:31.966+00:00 CAN id=101 dlc=8 data=d8cf040020a10700
2026-07-07T15:27:31.986+00:00 CAN id=101 dlc=8 data=d8cf040020a10700
2026-07-07T15:27:32.006+00:00 CAN id=101 dlc=8 data=d8cf040020a10700
2026-07-07T15:27:32.013+00:00 VCP run=1 step=0 angle=339609 target=315352 err=-24257 steer=-10000 m1=246/72875 i1=1982 t1=29 m2=-2411/-182875 i2=-3430 t2=28 steerMode=-55000/-41516 iSteer=-724060 driveMode=127875/45828 iDrive=2706313 scale=0 wheel=372000
2026-07-07T15:27:32.013+00:00 VCP run=1 step=0 angle=311309 target=315352 err=4043 steer=900 m1=1632/176825 i1=3737 t1=29 m2=-3347/-166925 i2=1343 t2=28 steerMode=4950/-45418 iSteer=2539848 driveMode=171875/143417 iDrive=1197282 scale=0 wheel=500000
2026-07-07T15:27:32.026+00:00 CAN id=101 dlc=8 data=d8cf040020a10700
2026-07-07T15:27:32.046+00:00 CAN id=101 dlc=8 data=d8cf040020a10700
2026-07-07T15:27:32.066+00:00 CAN id=101 dlc=8 data=d8cf040020a10700
2026-07-07T15:27:32.086+00:00 CAN id=101 dlc=8 data=d8cf040020a10700
2026-07-07T15:27:32.106+00:00 CAN id=101 dlc=8 data=d8cf040020a10700
2026-07-07T15:27:32.116+00:00 VCP run=1 step=0 angle=312539 target=315352 err=2813 steer=1406 m1=3867/179611 i1=-707 t1=29 m2=-2608/-164139 i2=-1927 t2=28 steerMode=7736/35188 iSteer=-1317190 driveMode=171875/164116 iDrive=610021 scale=0 wheel=500000
2026-07-07T15:27:32.126+00:00 CAN id=101 dlc=8 data=d8cf040020a10700
2026-07-07T15:27:32.146+00:00 CAN id=101 dlc=8 data=d8cf040020a10700
2026-07-07T15:27:32.166+00:00 CAN id=101 dlc=8 data=d8cf040020a10700
2026-07-07T15:27:32.186+00:00 CAN id=101 dlc=8 data=d8cf040020a10700
2026-07-07T15:27:32.206+00:00 CAN id=101 dlc=8 data=d8cf040020a10700
2026-07-07T15:27:32.217+00:00 VCP run=1 step=0 angle=314385 target=315352 err=967 steer=484 m1=3348/174535 i1=505 t1=29 m2=-3443/-169215 i2=189 t2=28 steerMode=2660/-3726 iSteer=347304 driveMode=171875/179015 iDrive=158041 scale=0 wheel=500000
2026-07-07T15:27:32.217+00:00 VCP SET_TARGET_RX steer=315352 wheel=500000
2026-07-07T15:27:32.226+00:00 CAN id=101 dlc=8 data=d8cf040020a10700
2026-07-07T15:27:32.246+00:00 CAN id=101 dlc=8 data=d8cf040020a10700
2026-07-07T15:27:32.266+00:00 CAN id=101 dlc=8 data=d8cf040020a10700
2026-07-07T15:27:32.286+00:00 CAN id=101 dlc=8 data=d8cf040020a10700
2026-07-07T15:27:32.306+00:00 CAN id=101 dlc=8 data=d8cf040020a10700
2026-07-07T15:27:32.320+00:00 VCP run=1 step=0 angle=315967 target=315352 err=-615 steer=-307 m1=3415/170184 i1=-57 t1=29 m2=-3342/-173566 i2=-457 t2=28 steerMode=-1691/3957 iSteer=-257143 driveMode=171875/177241 iDrive=200352 scale=0 wheel=500000
2026-07-07T15:27:32.326+00:00 CAN id=101 dlc=8 data=d8cf040020a10700
2026-07-07T15:27:32.346+00:00 CAN id=101 dlc=8 data=d8cf040020a10700
2026-07-07T15:27:32.366+00:00 CAN id=101 dlc=8 data=d8cf040020a10700
2026-07-07T15:27:32.386+00:00 CAN id=101 dlc=8 data=d8cf040020a10700
2026-07-07T15:27:32.406+00:00 CAN id=101 dlc=8 data=d8cf040020a10700
2026-07-07T15:27:32.424+00:00 VCP run=1 step=0 angle=315088 target=315352 err=264 steer=0 m1=3364/171875 i1=278 t1=29 m2=-3372/-171875 i2=-76 t2=28 steerMode=0/-1572 iSteer=101281 driveMode=171875/177680 iDrive=177005 scale=0 wheel=500000
2026-07-07T15:27:32.426+00:00 CAN id=101 dlc=8 data=d8cf040020a10700
2026-07-07T15:27:32.446+00:00 CAN id=101 dlc=8 data=d8cf040020a10700
2026-07-07T15:27:32.466+00:00 CAN id=101 dlc=8 data=d8cf040020a10700
2026-07-07T15:27:32.486+00:00 CAN id=101 dlc=8 data=d8cf040020a10700
2026-07-07T15:27:32.506+00:00 CAN id=101 dlc=8 data=d8cf040020a10700
2026-07-07T15:27:32.526+00:00 CAN id=101 dlc=8 data=d8cf040020a10700
2026-07-07T15:27:32.546+00:00 CAN id=101 dlc=8 data=d8cf040020a10700
2026-07-07T15:27:32.566+00:00 CAN id=101 dlc=8 data=d8cf040020a10700
2026-07-07T15:27:32.586+00:00 CAN id=101 dlc=8 data=d8cf040020a10700
2026-07-07T15:27:32.606+00:00 CAN id=101 dlc=8 data=d8cf040020a10700
2026-07-07T15:27:32.611+00:00 VCP run=1 step=0 angle=315176 target=315352 err=176 steer=0 m1=3360/171875 i1=139 t1=29 m2=-3313/-171875 i2=-280 t2=28 steerMode=0/1792 iSteer=-70590 driveMode=171875/176279 iDrive=209616 scale=0 wheel=500000
2026-07-07T15:27:32.611+00:00 VCP run=1 step=0 angle=315703 target=315352 err=-351 steer=0 m1=3323/171875 i1=263 t1=29 m2=-3355/-171875 i2=-172 t2=28 steerMode=0/-612 iSteer=45502 driveMode=171875/175742 iDrive=217934 scale=0 wheel=500000
2026-07-07T15:27:32.626+00:00 CAN id=101 dlc=8 data=d8cf040020a10700
2026-07-07T15:27:32.646+00:00 CAN id=101 dlc=8 data=d8cf040020a10700
2026-07-07T15:27:32.666+00:00 CAN id=101 dlc=8 data=d8cf040020a10700
2026-07-07T15:27:32.686+00:00 CAN id=101 dlc=8 data=d8cf040020a10700
2026-07-07T15:27:32.706+00:00 CAN id=101 dlc=8 data=d8cf040020a10700
2026-07-07T15:27:32.711+00:00 VCP run=1 step=0 angle=315879 target=315352 err=-527 steer=-263 m1=3341/170426 i1=179 t1=29 m2=-3374/-173324 i2=-178 t2=28 steerMode=-1449/-1232 iSteer=352 driveMode=171875/176794 iDrive=178264 scale=0 wheel=500000
2026-07-07T15:27:32.711+00:00 VCP SET_TARGET_RX steer=315352 wheel=500000
2026-07-07T15:27:32.726+00:00 CAN id=101 dlc=8 data=d8cf040020a10700
2026-07-07T15:27:32.746+00:00 CAN id=101 dlc=8 data=d8cf040020a10700
2026-07-07T15:27:32.766+00:00 CAN id=101 dlc=8 data=d8cf040020a10700
2026-07-07T15:27:32.786+00:00 CAN id=101 dlc=8 data=d8cf040020a10700
2026-07-07T15:27:32.806+00:00 CAN id=101 dlc=8 data=d8cf040020a10700
2026-07-07T15:27:32.815+00:00 VCP run=1 step=0 angle=315703 target=315352 err=-351 steer=0 m1=3348/171875 i1=151 t1=29 m2=-3311/-171875 i2=-263 t2=28 steerMode=0/1348 iSteer=-55799 driveMode=171875/175554 iDrive=206936 scale=0 wheel=500000
2026-07-07T15:27:32.826+00:00 CAN id=101 dlc=8 data=d8cf040020a10700
2026-07-07T15:27:32.846+00:00 CAN id=101 dlc=8 data=d8cf040020a10700
2026-07-07T15:27:32.866+00:00 CAN id=101 dlc=8 data=d8cf040020a10700
2026-07-07T15:27:32.886+00:00 CAN id=101 dlc=8 data=d8cf040020a10700
2026-07-07T15:27:32.906+00:00 CAN id=101 dlc=8 data=d8cf040020a10700
2026-07-07T15:27:32.919+00:00 VCP run=1 step=0 angle=316143 target=315352 err=-791 steer=-395 m1=3310/169701 i1=107 t1=29 m2=-3330/-174049 i2=-326 t2=28 steerMode=-2174/151 iSteer=-109192 driveMode=171875/175041 iDrive=216459 scale=0 wheel=500000
2026-07-07T15:27:32.926+00:00 CAN id=101 dlc=8 data=d8cf040020a10700
2026-07-07T15:27:32.946+00:00 CAN id=101 dlc=8 data=d8cf040020a10700
2026-07-07T15:27:32.966+00:00 CAN id=101 dlc=8 data=d8cf040020a10700
2026-07-07T15:27:32.986+00:00 CAN id=101 dlc=8 data=d8cf040020a10700
2026-07-07T15:27:33.006+00:00 CAN id=101 dlc=8 data=d8cf040020a10700
2026-07-07T15:27:33.022+00:00 VCP run=1 step=0 angle=315879 target=315352 err=-527 steer=-263 m1=3346/170426 i1=166 t1=29 m2=-3347/-173324 i2=-201 t2=28 steerMode=-1449/-995 iSteer=-17619 driveMode=171875/175914 iDrive=183806 scale=0 wheel=500000
2026-07-07T15:27:33.026+00:00 CAN id=101 dlc=8 data=d8cf040020a10700
2026-07-07T15:27:33.046+00:00 CAN id=101 dlc=8 data=d8cf040020a10700
2026-07-07T15:27:33.066+00:00 CAN id=101 dlc=8 data=d8cf040020a10700
2026-07-07T15:27:33.086+00:00 CAN id=101 dlc=8 data=d8cf040020a10700
2026-07-07T15:27:33.106+00:00 CAN id=101 dlc=8 data=d8cf040020a10700
2026-07-07T15:27:33.126+00:00 CAN id=101 dlc=8 data=d8cf040020a10700
2026-07-07T15:27:33.127+00:00 VCP run=1 step=0 angle=315000 target=315352 err=352 steer=0 m1=3362/171875 i1=133 t1=29 m2=-3334/-171875 i2=-195 t2=28 steerMode=0/705 iSteer=-30815 driveMode=171875/176308 iDrive=163942 scale=0 wheel=500000
2026-07-07T15:27:33.146+00:00 CAN id=101 dlc=8 data=d8cf040020a10700
2026-07-07T15:27:33.166+00:00 CAN id=101 dlc=8 data=d8cf040020a10700
2026-07-07T15:27:33.186+00:00 CAN id=101 dlc=8 data=d8cf040020a10700
2026-07-07T15:27:33.206+00:00 CAN id=101 dlc=8 data=d8cf040020a10700
2026-07-07T15:27:33.226+00:00 CAN id=101 dlc=8 data=d8cf040020a10700
2026-07-07T15:27:33.228+00:00 VCP run=1 step=0 angle=315264 target=315352 err=88 steer=0 m1=3333/171875 i1=172 t1=29 m2=-3282/-171875 i2=-249 t2=28 steerMode=0/816 iSteer=-38950 driveMode=171875/174543 iDrive=210466 scale=0 wheel=500000
2026-07-07T15:27:33.228+00:00 VCP SET_TARGET_RX steer=315352 wheel=500000
2026-07-07T15:27:33.246+00:00 CAN id=101 dlc=8 data=d8cf040020a10700
2026-07-07T15:27:33.266+00:00 CAN id=101 dlc=8 data=d8cf040020a10700
2026-07-07T15:27:33.286+00:00 CAN id=101 dlc=8 data=d8cf040020a10700
2026-07-07T15:27:33.306+00:00 CAN id=101 dlc=8 data=d8cf040020a10700
2026-07-07T15:27:33.326+00:00 CAN id=101 dlc=8 data=d8cf040020a10700
2026-07-07T15:27:33.346+00:00 CAN id=101 dlc=8 data=d8cf040020a10700
2026-07-07T15:27:33.366+00:00 CAN id=101 dlc=8 data=d8cf040020a10700
2026-07-07T15:27:33.386+00:00 CAN id=101 dlc=8 data=d8cf040020a10700
2026-07-07T15:27:33.406+00:00 CAN id=101 dlc=8 data=d8cf040020a10700
2026-07-07T15:27:33.413+00:00 VCP run=1 step=0 angle=316055 target=315352 err=-703 steer=-351 m1=3279/169943 i1=144 t1=29 m2=-3317/-173807 i2=-306 t2=28 steerMode=-1932/-359 iSteer=-81081 driveMode=171875/173918 iDrive=224694 scale=0 wheel=500000
2026-07-07T15:27:33.413+00:00 VCP run=1 step=0 angle=315615 target=315352 err=-263 steer=0 m1=3339/171875 i1=202 t1=29 m2=-3315/-171875 i2=-125 t2=28 steerMode=0/-810 iSteer=38506 driveMode=171875/175758 iDrive=163862 scale=0 wheel=500000
2026-07-07T15:27:33.426+00:00 CAN id=101 dlc=8 data=d8cf040020a10700
2026-07-07T15:27:33.446+00:00 CAN id=101 dlc=8 data=d8cf040020a10700
2026-07-07T15:27:33.466+00:00 CAN id=101 dlc=8 data=d8cf040020a10700
2026-07-07T15:27:33.486+00:00 CAN id=101 dlc=8 data=d8cf040020a10700
2026-07-07T15:27:33.506+00:00 CAN id=101 dlc=8 data=d8cf040020a10700
2026-07-07T15:27:33.518+00:00 VCP run=1 step=0 angle=315439 target=315352 err=-87 steer=0 m1=3329/171875 i1=136 t1=29 m2=-3292/-171875 i2=-268 t2=28 steerMode=0/1238 iSteer=-66089 driveMode=171875/174273 iDrive=201873 scale=0 wheel=500000
2026-07-07T15:27:33.526+00:00 CAN id=101 dlc=8 data=d8cf040020a10700
2026-07-07T15:27:33.546+00:00 CAN id=101 dlc=8 data=d8cf040020a10700
2026-07-07T15:27:33.566+00:00 CAN id=101 dlc=8 data=d8cf040020a10700
2026-07-07T15:27:33.586+00:00 CAN id=101 dlc=8 data=d8cf040020a10700
2026-07-07T15:27:33.606+00:00 CAN id=101 dlc=8 data=d8cf040020a10700
2026-07-07T15:27:33.622+00:00 VCP run=1 step=0 angle=315703 target=315352 err=-351 steer=0 m1=3312/171875 i1=190 t1=29 m2=-3317/-171875 i2=-210 t2=28 steerMode=0/84 iSteer=-9576 driveMode=171875/174206 iDrive=199993 scale=0 wheel=500000
2026-07-07T15:27:33.626+00:00 CAN id=101 dlc=8 data=d8cf040020a10700
2026-07-07T15:27:33.646+00:00 CAN id=101 dlc=8 data=d8cf040020a10700
2026-07-07T15:27:33.666+00:00 CAN id=101 dlc=8 data=d8cf040020a10700
2026-07-07T15:27:33.686+00:00 CAN id=101 dlc=8 data=d8cf040020a10700
2026-07-07T15:27:33.706+00:00 CAN id=101 dlc=8 data=d8cf040020a10700
2026-07-07T15:27:33.723+00:00 VCP run=1 step=0 angle=315791 target=315352 err=-439 steer=-113 m1=3308/171251 i1=198 t1=29 m2=-3370/-172499 i2=-161 t2=28 steerMode=-624/-1178 iSteer=18441 driveMode=171875/174758 iDrive=179226 scale=0 wheel=500000
2026-07-07T15:27:33.723+00:00 VCP SET_TARGET_RX steer=315352 wheel=500000
2026-07-07T15:27:33.726+00:00 CAN id=101 dlc=8 data=d8cf040020a10700
2026-07-07T15:27:33.746+00:00 CAN id=101 dlc=8 data=d8cf040020a10700
2026-07-07T15:27:33.766+00:00 CAN id=101 dlc=8 data=d8cf040020a10700
2026-07-07T15:27:33.786+00:00 CAN id=101 dlc=8 data=d8cf040020a10700
2026-07-07T15:27:33.806+00:00 CAN id=101 dlc=8 data=d8cf040020a10700
2026-07-07T15:27:33.826+00:00 CAN id=101 dlc=8 data=d8cf040020a10700
2026-07-07T15:27:33.827+00:00 VCP run=1 step=0 angle=315176 target=315352 err=176 steer=0 m1=3344/171875 i1=145 t1=29 m2=-3284/-171875 i2=-237 t2=28 steerMode=0/745 iSteer=-46206 driveMode=171875/174205 iDrive=190805 scale=0 wheel=500000
2026-07-07T15:27:33.846+00:00 CAN id=101 dlc=8 data=d8cf040020a10700
2026-07-07T15:27:33.866+00:00 CAN id=101 dlc=8 data=d8cf040020a10700
2026-07-07T15:27:33.886+00:00 CAN id=101 dlc=8 data=d8cf040020a10700
2026-07-07T15:27:33.906+00:00 CAN id=101 dlc=8 data=d8cf040020a10700
2026-07-07T15:27:33.926+00:00 CAN id=101 dlc=8 data=d8cf040020a10700
2026-07-07T15:27:33.946+00:00 CAN id=101 dlc=8 data=d8cf040020a10700
2026-07-07T15:27:33.966+00:00 CAN id=101 dlc=8 data=d8cf040020a10700
2026-07-07T15:27:33.986+00:00 CAN id=101 dlc=8 data=d8cf040020a10700
2026-07-07T15:27:34.006+00:00 CAN id=101 dlc=8 data=d8cf040020a10700
2026-07-07T15:27:34.012+00:00 VCP run=1 step=0 angle=315264 target=315352 err=88 steer=0 m1=3300/171875 i1=198 t1=29 m2=-3296/-171875 i2=-253 t2=28 steerMode=0/321 iSteer=-27368 driveMode=171875/172950 iDrive=225552 scale=0 wheel=500000
2026-07-07T15:27:34.012+00:00 VCP run=1 step=0 angle=316055 target=315352 err=-703 steer=-351 m1=3274/169943 i1=117 t1=29 m2=-3261/-173807 i2=-334 t2=28 steerMode=-1932/-54 iSteer=-108053 driveMode=171875/172871 iDrive=225539 scale=0 wheel=500000
2026-07-07T15:27:34.026+00:00 CAN id=101 dlc=8 data=d8cf040020a10700
2026-07-07T15:27:34.046+00:00 CAN id=101 dlc=8 data=d8cf040020a10700
2026-07-07T15:27:34.066+00:00 CAN id=101 dlc=8 data=d8cf040020a10700
2026-07-07T15:27:34.086+00:00 CAN id=101 dlc=8 data=d8cf040020a10700
2026-07-07T15:27:34.106+00:00 CAN id=101 dlc=8 data=d8cf040020a10700
2026-07-07T15:27:34.117+00:00 VCP run=1 step=0 angle=315527 target=315352 err=-175 steer=0 m1=3323/171875 i1=179 t1=29 m2=-3296/-171875 i2=-164 t2=28 steerMode=0/-408 iSteer=7503 driveMode=171875/174546 iDrive=171249 scale=0 wheel=500000
2026-07-07T15:27:34.126+00:00 CAN id=101 dlc=8 data=d8cf040020a10700
2026-07-07T15:27:34.146+00:00 CAN id=101 dlc=8 data=d8cf040020a10700
2026-07-07T15:27:34.166+00:00 CAN id=101 dlc=8 data=d8cf040020a10700
2026-07-07T15:27:34.186+00:00 CAN id=101 dlc=8 data=d8cf040020a10700
2026-07-07T15:27:34.206+00:00 CAN id=101 dlc=8 data=d8cf040020a10700
2026-07-07T15:27:34.218+00:00 VCP run=1 step=0 angle=315264 target=315352 err=88 steer=0 m1=3300/171875 i1=152 t1=29 m2=-3290/-171875 i2=-264 t2=28 steerMode=0/820 iSteer=-55813 driveMode=171875/173194 iDrive=207758 scale=0 wheel=500000
2026-07-07T15:27:34.218+00:00 VCP SET_TARGET_RX steer=315352 wheel=500000
2026-07-07T15:27:34.226+00:00 CAN id=101 dlc=8 data=d8cf040020a10700
2026-07-07T15:27:34.246+00:00 CAN id=101 dlc=8 data=d8cf040020a10700
2026-07-07T15:27:34.266+00:00 CAN id=101 dlc=8 data=d8cf040020a10700
2026-07-07T15:27:34.286+00:00 CAN id=101 dlc=8 data=d8cf040020a10700
2026-07-07T15:27:34.306+00:00 CAN id=101 dlc=8 data=d8cf040020a10700
2026-07-07T15:27:34.322+00:00 VCP run=1 step=0 angle=315439 target=315352 err=-87 steer=0 m1=3302/171875 i1=183 t1=29 m2=-3294/-171875 i2=-236 t2=28 steerMode=0/217 iSteer=-26689 driveMode=171875/173090 iDrive=209528 scale=0 wheel=500000
2026-07-07T15:27:34.326+00:00 CAN id=101 dlc=8 data=d8cf040020a10700
2026-07-07T15:27:34.346+00:00 CAN id=101 dlc=8 data=d8cf040020a10700
2026-07-07T15:27:34.366+00:00 CAN id=101 dlc=8 data=d8cf040020a10700
2026-07-07T15:27:34.386+00:00 CAN id=101 dlc=8 data=d8cf040020a10700
2026-07-07T15:27:34.406+00:00 CAN id=101 dlc=8 data=d8cf040020a10700
2026-07-07T15:27:34.426+00:00 CAN id=101 dlc=8 data=d8cf040020a10700
2026-07-07T15:27:34.426+00:00 VCP run=1 step=0 angle=315527 target=315352 err=-175 steer=0 m1=3304/171875 i1=221 t1=29 m2=-3353/-171875 i2=-143 t2=28 steerMode=0/-1137 iSteer=38645 driveMode=171875/173930 iDrive=181911 scale=0 wheel=500000
2026-07-07T15:27:34.446+00:00 CAN id=101 dlc=8 data=d8cf040020a10700
2026-07-07T15:27:34.466+00:00 CAN id=101 dlc=8 data=d8cf040020a10700
2026-07-07T15:27:34.486+00:00 CAN id=101 dlc=8 data=d8cf040020a10700
2026-07-07T15:27:34.506+00:00 CAN id=101 dlc=8 data=d8cf040020a10700
2026-07-07T15:27:34.526+00:00 CAN id=101 dlc=8 data=d8cf040020a10700
2026-07-07T15:27:34.546+00:00 CAN id=101 dlc=8 data=d8cf040020a10700
2026-07-07T15:27:34.566+00:00 CAN id=101 dlc=8 data=d8cf040020a10700
2026-07-07T15:27:34.586+00:00 CAN id=101 dlc=8 data=d8cf040020a10700
2026-07-07T15:27:34.606+00:00 CAN id=101 dlc=8 data=d8cf040020a10700
2026-07-07T15:27:34.613+00:00 VCP run=1 step=0 angle=315264 target=315352 err=88 steer=0 m1=3316/171875 i1=115 t1=29 m2=-3252/-171875 i2=-250 t2=28 steerMode=0/988 iSteer=-67799 driveMode=171875/173769 iDrive=182690 scale=0 wheel=500000
2026-07-07T15:27:34.613+00:00 VCP run=1 step=0 angle=315352 target=315352 err=0 steer=0 m1=3281/171875 i1=195 t1=29 m2=-3273/-171875 i2=-235 t2=28 steerMode=0/-3 iSteer=-19681 driveMode=171875/172623 iDrive=214851 scale=0 wheel=500000
2026-07-07T15:27:34.626+00:00 CAN id=101 dlc=8 data=d8cf040020a10700
2026-07-07T15:27:34.646+00:00 CAN id=101 dlc=8 data=d8cf040020a10700
2026-07-07T15:27:34.666+00:00 CAN id=101 dlc=8 data=d8cf040020a10700
2026-07-07T15:27:34.686+00:00 CAN id=101 dlc=8 data=d8cf040020a10700
2026-07-07T15:27:34.706+00:00 CAN id=101 dlc=8 data=d8cf040020a10700
2026-07-07T15:27:34.714+00:00 VCP run=1 step=0 angle=316318 target=315352 err=-966 steer=-483 m1=3249/169218 i1=73 t1=29 m2=-3311/-174532 i2=-377 t2=28 steerMode=-2657/-64 iSteer=-152212 driveMode=171875/172238 iDrive=225089 scale=0 wheel=500000
2026-07-07T15:27:34.714+00:00 VCP SET_TARGET_RX steer=315352 wheel=500000
2026-07-07T15:27:34.726+00:00 CAN id=101 dlc=8 data=d8cf040020a10700
2026-07-07T15:27:34.746+00:00 CAN id=101 dlc=8 data=d8cf040020a10700
2026-07-07T15:27:34.766+00:00 CAN id=101 dlc=8 data=d8cf040020a10700
2026-07-07T15:27:34.786+00:00 CAN id=101 dlc=8 data=d8cf040020a10700
2026-07-07T15:27:34.806+00:00 CAN id=101 dlc=8 data=d8cf040020a10700
2026-07-07T15:27:34.818+00:00 VCP run=1 step=0 angle=315176 target=315352 err=176 steer=0 m1=3316/171875 i1=183 t1=29 m2=-3321/-171875 i2=-141 t2=28 steerMode=0/-831 iSteer=21027 driveMode=171875/174243 iDrive=162192 scale=0 wheel=500000
2026-07-07T15:27:34.826+00:00 CAN id=101 dlc=8 data=d8cf040020a10700
2026-07-07T15:27:34.846+00:00 CAN id=101 dlc=8 data=d8cf040020a10700
2026-07-07T15:27:34.866+00:00 CAN id=101 dlc=8 data=d8cf040020a10700
2026-07-07T15:27:34.886+00:00 CAN id=101 dlc=8 data=d8cf040020a10700
2026-07-07T15:27:34.906+00:00 CAN id=101 dlc=8 data=d8cf040020a10700
2026-07-07T15:27:34.923+00:00 VCP run=1 step=0 angle=315088 target=315352 err=264 steer=0 m1=3306/171875 i1=71 t1=29 m2=-3240/-171875 i2=-336 t2=28 steerMode=0/2236 iSteer=-132456 driveMode=171875/172759 iDrive=203595 scale=0 wheel=500000
2026-07-07T15:27:34.926+00:00 CAN id=101 dlc=8 data=d8cf040020a10700
2026-07-07T15:27:34.946+00:00 CAN id=101 dlc=8 data=d8cf040020a10700
2026-07-07T15:27:34.966+00:00 CAN id=101 dlc=8 data=d8cf040020a10700
2026-07-07T15:27:34.986+00:00 CAN id=101 dlc=8 data=d8cf040020a10700
2026-07-07T15:27:35.006+00:00 CAN id=101 dlc=8 data=d8cf040020a10700
2026-07-07T15:27:35.026+00:00 CAN id=101 dlc=8 data=d8cf040020a10700
2026-07-07T15:27:35.027+00:00 VCP run=1 step=0 angle=315527 target=315352 err=-175 steer=0 m1=3289/171875 i1=186 t1=29 m2=-3244/-171875 i2=-237 t2=28 steerMode=0/54 iSteer=-25141 driveMode=171875/172477 iDrive=211485 scale=0 wheel=500000
2026-07-07T15:27:35.046+00:00 CAN id=101 dlc=8 data=d8cf040020a10700
2026-07-07T15:27:35.066+00:00 CAN id=101 dlc=8 data=d8cf040020a10700
2026-07-07T15:27:35.086+00:00 CAN id=101 dlc=8 data=d8cf040020a10700
2026-07-07T15:27:35.106+00:00 CAN id=101 dlc=8 data=d8cf040020a10700
2026-07-07T15:27:35.126+00:00 CAN id=101 dlc=8 data=d8cf040020a10700
2026-07-07T15:27:35.146+00:00 CAN id=101 dlc=8 data=d8cf040020a10700
2026-07-07T15:27:35.166+00:00 CAN id=101 dlc=8 data=d8cf040020a10700
2026-07-07T15:27:35.186+00:00 CAN id=101 dlc=8 data=d8cf040020a10700
2026-07-07T15:27:35.206+00:00 CAN id=101 dlc=8 data=d8cf040020a10700
2026-07-07T15:27:35.210+00:00 VCP run=1 step=0 angle=315791 target=315352 err=-439 steer=0 m1=3260/171875 i1=219 t1=29 m2=-3338/-171875 i2=-136 t2=28 steerMode=0/-1334 iSteer=41846 driveMode=171875/173546 iDrive=177520 scale=0 wheel=500000
2026-07-07T15:27:35.210+00:00 VCP run=1 step=0 angle=315352 target=315352 err=0 steer=0 m1=3297/171875 i1=123 t1=29 m2=-3246/-171875 i2=-270 t2=28 steerMode=0/994 iSteer=-73663 driveMode=171875/172812 iDrive=196236 scale=0 wheel=500000
2026-07-07T15:27:35.210+00:00 VCP SET_TARGET_RX steer=315352 wheel=500000
2026-07-07T15:27:35.226+00:00 CAN id=101 dlc=8 data=d8cf040020a10700
2026-07-07T15:27:35.246+00:00 CAN id=101 dlc=8 data=d8cf040020a10700
2026-07-07T15:27:35.266+00:00 CAN id=101 dlc=8 data=d8cf040020a10700
2026-07-07T15:27:35.286+00:00 CAN id=101 dlc=8 data=d8cf040020a10700
2026-07-07T15:27:35.306+00:00 CAN id=101 dlc=8 data=d8cf040020a10700
2026-07-07T15:27:35.314+00:00 VCP run=1 step=0 angle=315703 target=315352 err=-351 steer=0 m1=3258/171875 i1=210 t1=29 m2=-3282/-171875 i2=-245 t2=28 steerMode=0/-161 iSteer=-17707 driveMode=171875/171758 iDrive=227408 scale=0 wheel=500000
2026-07-07T15:27:35.326+00:00 CAN id=101 dlc=8 data=d8cf040020a10700
2026-07-07T15:27:35.346+00:00 CAN id=101 dlc=8 data=d8cf040020a10700
2026-07-07T15:27:35.366+00:00 CAN id=101 dlc=8 data=d8cf040020a10700
2026-07-07T15:27:35.386+00:00 CAN id=101 dlc=8 data=d8cf040020a10700
2026-07-07T15:27:35.406+00:00 CAN id=101 dlc=8 data=d8cf040020a10700
2026-07-07T15:27:35.418+00:00 VCP run=1 step=0 angle=316230 target=315352 err=-878 steer=-439 m1=3239/169459 i1=59 t1=29 m2=-3294/-174291 i2=-377 t2=28 steerMode=-2416/205 iSteer=-159078 driveMode=171875/172059 iDrive=217897 scale=0 wheel=500000
2026-07-07T15:27:35.426+00:00 CAN id=101 dlc=8 data=d8cf040020a10700
2026-07-07T15:27:35.446+00:00 CAN id=101 dlc=8 data=d8cf040020a10700
2026-07-07T15:27:35.466+00:00 CAN id=101 dlc=8 data=d8cf040020a10700
2026-07-07T15:27:35.486+00:00 CAN id=101 dlc=8 data=d8cf040020a10700
2026-07-07T15:27:35.506+00:00 CAN id=101 dlc=8 data=d8cf040020a10700
2026-07-07T15:27:35.522+00:00 VCP run=1 step=0 angle=315352 target=315352 err=0 steer=0 m1=3312/171875 i1=174 t1=29 m2=-3311/-171875 i2=-152 t2=28 steerMode=0/-757 iSteer=11367 driveMode=171875/173823 iDrive=163110 scale=0 wheel=500000
2026-07-07T15:27:35.526+00:00 CAN id=101 dlc=8 data=d8cf040020a10700
2026-07-07T15:27:35.546+00:00 CAN id=101 dlc=8 data=d8cf040020a10700
2026-07-07T15:27:35.566+00:00 CAN id=101 dlc=8 data=d8cf040020a10700
2026-07-07T15:27:35.586+00:00 CAN id=101 dlc=8 data=d8cf040020a10700
2026-07-07T15:27:35.606+00:00 CAN id=101 dlc=8 data=d8cf040020a10700
2026-07-07T15:27:35.626+00:00 CAN id=101 dlc=8 data=d8cf040020a10700
2026-07-07T15:27:35.627+00:00 VCP run=1 step=0 angle=315088 target=315352 err=264 steer=0 m1=3289/171875 i1=104 t1=29 m2=-3236/-171875 i2=-298 t2=28 steerMode=0/1424 iSteer=-97347 driveMode=171875/172477 iDrive=201015 scale=0 wheel=500000
2026-07-07T15:27:35.646+00:00 CAN id=101 dlc=8 data=d8cf040020a10700
2026-07-07T15:27:35.666+00:00 CAN id=101 dlc=8 data=d8cf040020a10700
2026-07-07T15:27:35.686+00:00 CAN id=101 dlc=8 data=d8cf040020a10700
2026-07-07T15:27:35.706+00:00 CAN id=101 dlc=8 data=d8cf040020a10700
2026-07-07T15:27:35.726+00:00 CAN id=101 dlc=8 data=d8cf040020a10700
2026-07-07T15:27:35.746+00:00 CAN id=101 dlc=8 data=d8cf040020a10700
2026-07-07T15:27:35.766+00:00 CAN id=101 dlc=8 data=d8cf040020a10700
2026-07-07T15:27:35.786+00:00 CAN id=101 dlc=8 data=d8cf040020a10700
2026-07-07T15:27:35.806+00:00 CAN id=101 dlc=8 data=d8cf040020a10700
2026-07-07T15:27:35.810+00:00 VCP run=1 step=0 angle=315527 target=315352 err=-175 steer=0 m1=3258/171875 i1=184 t1=29 m2=-3275/-171875 i2=-271 t2=28 steerMode=0/306 iSteer=-43590 driveMode=171875/171590 iDrive=227868 scale=0 wheel=500000
2026-07-07T15:27:35.810+00:00 VCP SET_TARGET_RX steer=315352 wheel=500000
2026-07-07T15:27:35.810+00:00 VCP run=1 step=0 angle=315703 target=315352 err=-351 steer=0 m1=3245/171875 i1=242 t1=29 m2=-3340/-171875 i2=-123 t2=28 steerMode=0/-1791 iSteer=59291 driveMode=171875/173080 iDrive=182417 scale=0 wheel=500000
2026-07-07T15:27:35.826+00:00 CAN id=101 dlc=8 data=d8cf040020a10700
2026-07-07T15:27:35.846+00:00 CAN id=101 dlc=8 data=d8cf040020a10700
2026-07-07T15:27:35.866+00:00 CAN id=101 dlc=8 data=d8cf040020a10700
2026-07-07T15:27:35.886+00:00 CAN id=101 dlc=8 data=d8cf040020a10700
2026-07-07T15:27:35.906+00:00 CAN id=101 dlc=8 data=d8cf040020a10700
2026-07-07T15:27:35.914+00:00 VCP run=1 step=0 angle=315352 target=315352 err=0 steer=0 m1=3291/171875 i1=135 t1=29 m2=-3257/-171875 i2=-247 t2=28 steerMode=0/533 iSteer=-55634 driveMode=171875/172709 iDrive=190939 scale=0 wheel=500000
2026-07-07T15:27:35.926+00:00 CAN id=101 dlc=8 data=d8cf040020a10700
2026-07-07T15:27:35.946+00:00 CAN id=101 dlc=8 data=d8cf040020a10700
2026-07-07T15:27:35.966+00:00 CAN id=101 dlc=8 data=d8cf040020a10700
2026-07-07T15:27:35.986+00:00 CAN id=101 dlc=8 data=d8cf040020a10700
2026-07-07T15:27:36.006+00:00 CAN id=101 dlc=8 data=d8cf040020a10700
2026-07-07T15:27:36.018+00:00 VCP run=1 step=0 angle=315527 target=315352 err=-175 steer=0 m1=3262/171875 i1=188 t1=29 m2=-3252/-171875 i2=-238 t2=28 steerMode=0/-102 iSteer=-24978 driveMode=171875/171967 iDrive=212637 scale=0 wheel=500000
2026-07-07T15:27:36.026+00:00 CAN id=101 dlc=8 data=d8cf040020a10700
2026-07-07T15:27:36.046+00:00 CAN id=101 dlc=8 data=d8cf040020a10700
2026-07-07T15:27:36.066+00:00 CAN id=101 dlc=8 data=d8cf040020a10700
2026-07-07T15:27:36.086+00:00 CAN id=101 dlc=8 data=d8cf040020a10700
2026-07-07T15:27:36.106+00:00 CAN id=101 dlc=8 data=d8cf040020a10700
2026-07-07T15:27:36.122+00:00 VCP run=1 step=0 angle=315615 target=315352 err=-263 steer=0 m1=3272/171875 i1=153 t1=29 m2=-3307/-171875 i2=-241 t2=28 steerMode=0/274 iSteer=-43957 driveMode=171875/172476 iDrive=196721 scale=0 wheel=500000
2026-07-07T15:27:36.126+00:00 CAN id=101 dlc=8 data=d8cf040020a10700
2026-07-07T15:27:36.146+00:00 CAN id=101 dlc=8 data=d8cf040020a10700
2026-07-07T15:27:36.166+00:00 CAN id=101 dlc=8 data=d8cf040020a10700
2026-07-07T15:27:36.186+00:00 CAN id=101 dlc=8 data=d8cf040020a10700
2026-07-07T15:27:36.206+00:00 CAN id=101 dlc=8 data=d8cf040020a10700
2026-07-07T15:27:36.224+00:00 VCP run=1 step=0 angle=315000 target=315352 err=352 steer=0 m1=3287/171875 i1=171 t1=29 m2=-3296/-171875 i2=-173 t2=28 steerMode=0/-594 iSteer=-974 driveMode=171875/173237 iDrive=171891 scale=0 wheel=500000
2026-07-07T15:27:36.224+00:00 VCP SET_TARGET_RX steer=315352 wheel=500000
2026-07-07T15:27:36.226+00:00 CAN id=101 dlc=8 data=d8cf040020a10700
2026-07-07T15:27:36.246+00:00 CAN id=101 dlc=8 data=d8cf040020a10700
2026-07-07T15:27:36.266+00:00 CAN id=101 dlc=8 data=d8cf040020a10700
2026-07-07T15:27:36.286+00:00 CAN id=101 dlc=8 data=d8cf040020a10700
2026-07-07T15:27:36.306+00:00 CAN id=101 dlc=8 data=d8cf040020a10700
2026-07-07T15:27:36.326+00:00 CAN id=101 dlc=8 data=d8cf040020a10700
2026-07-07T15:27:36.346+00:00 CAN id=101 dlc=8 data=d8cf040020a10700
2026-07-07T15:27:36.366+00:00 CAN id=101 dlc=8 data=d8cf040020a10700
2026-07-07T15:27:36.386+00:00 CAN id=101 dlc=8 data=d8cf040020a10700
2026-07-07T15:27:36.406+00:00 CAN id=101 dlc=8 data=d8cf040020a10700
2026-07-07T15:27:36.411+00:00 VCP run=1 step=0 angle=314736 target=315352 err=616 steer=308 m1=3277/173568 i1=218 t1=29 m2=-3240/-170182 i2=-205 t2=28 steerMode=1693/987 iSteer=6368 driveMode=171875/171862 iDrive=211795 scale=0 wheel=500000
2026-07-07T15:27:36.411+00:00 VCP run=1 step=0 angle=315791 target=315352 err=-439 steer=0 m1=3251/171875 i1=174 t1=29 m2=-3265/-171875 i2=-266 t2=28 steerMode=0/287 iSteer=-46006 driveMode=171875/171600 iDrive=220017 scale=0 wheel=500000
2026-07-07T15:27:36.426+00:00 CAN id=101 dlc=8 data=d8cf040020a10700
2026-07-07T15:27:36.446+00:00 CAN id=101 dlc=8 data=d8cf040020a10700
2026-07-07T15:27:36.466+00:00 CAN id=101 dlc=8 data=d8cf040020a10700
2026-07-07T15:27:36.486+00:00 CAN id=101 dlc=8 data=d8cf040020a10700
2026-07-07T15:27:36.506+00:00 CAN id=101 dlc=8 data=d8cf040020a10700
2026-07-07T15:27:36.514+00:00 VCP run=1 step=0 angle=315879 target=315352 err=-527 steer=-263 m1=3262/170426 i1=144 t1=29 m2=-3332/-173324 i2=-216 t2=28 steerMode=-1449/-1400 iSteer=-35781 driveMode=171875/172926 iDrive=179720 scale=0 wheel=500000
2026-07-07T15:27:36.526+00:00 CAN id=101 dlc=8 data=d8cf040020a10700
2026-07-07T15:27:36.546+00:00 CAN id=101 dlc=8 data=d8cf040020a10700
2026-07-07T15:27:36.566+00:00 CAN id=101 dlc=8 data=d8cf040020a10700
2026-07-07T15:27:36.586+00:00 CAN id=101 dlc=8 data=d8cf040020a10700
2026-07-07T15:27:36.606+00:00 CAN id=101 dlc=8 data=d8cf040020a10700
2026-07-07T15:27:36.618+00:00 VCP run=1 step=0 angle=315176 target=315352 err=176 steer=0 m1=3264/171875 i1=140 t1=29 m2=-3219/-171875 i2=-251 t2=28 steerMode=0/500 iSteer=-55508 driveMode=171875/172314 iDrive=195870 scale=0 wheel=500000
2026-07-07T15:27:36.626+00:00 CAN id=101 dlc=8 data=d8cf040020a10700
2026-07-07T15:27:36.646+00:00 CAN id=101 dlc=8 data=d8cf040020a10700
2026-07-07T15:27:36.666+00:00 CAN id=101 dlc=8 data=d8cf040020a10700
2026-07-07T15:27:36.686+00:00 CAN id=101 dlc=8 data=d8cf040020a10700
2026-07-07T15:27:36.706+00:00 CAN id=101 dlc=8 data=d8cf040020a10700
2026-07-07T15:27:36.720+00:00 VCP run=1 step=0 angle=315088 target=315352 err=264 steer=0 m1=3270/171875 i1=191 t1=29 m2=-3294/-171875 i2=-250 t2=28 steerMode=0/-52 iSteer=-29500 driveMode=171875/171520 iDrive=220591 scale=0 wheel=500000
2026-07-07T15:27:36.720+00:00 VCP SET_TARGET_RX steer=315352 wheel=500000
2026-07-07T15:27:36.726+00:00 CAN id=101 dlc=8 data=d8cf040020a10700
2026-07-07T15:27:36.746+00:00 CAN id=101 dlc=8 data=d8cf040020a10700
2026-07-07T15:27:36.766+00:00 CAN id=101 dlc=8 data=d8cf040020a10700
2026-07-07T15:27:36.786+00:00 CAN id=101 dlc=8 data=d8cf040020a10700
2026-07-07T15:27:36.806+00:00 CAN id=101 dlc=8 data=d8cf040020a10700
2026-07-07T15:27:36.824+00:00 VCP run=1 step=0 angle=315439 target=315352 err=-87 steer=0 m1=3283/171875 i1=152 t1=29 m2=-3261/-171875 i2=-266 t2=28 steerMode=0/491 iSteer=-56995 driveMode=171875/171931 iDrive=208704 scale=0 wheel=500000
2026-07-07T15:27:36.826+00:00 CAN id=101 dlc=8 data=d8cf040020a10700
2026-07-07T15:27:36.846+00:00 CAN id=101 dlc=8 data=d8cf040020a10700
2026-07-07T15:27:36.866+00:00 CAN id=101 dlc=8 data=d8cf040020a10700
2026-07-07T15:27:36.886+00:00 CAN id=101 dlc=8 data=d8cf040020a10700
2026-07-07T15:27:36.906+00:00 CAN id=101 dlc=8 data=d8cf040020a10700
2026-07-07T15:27:36.926+00:00 CAN id=101 dlc=8 data=d8cf040020a10700
2026-07-07T15:27:36.946+00:00 CAN id=101 dlc=8 data=d8cf040020a10700
2026-07-07T15:27:36.966+00:00 CAN id=101 dlc=8 data=d8cf040020a10700
2026-07-07T15:27:36.986+00:00 CAN id=101 dlc=8 data=d8cf040020a10700
2026-07-07T15:27:37.006+00:00 CAN id=101 dlc=8 data=d8cf040020a10700
2026-07-07T15:27:37.010+00:00 VCP run=1 step=0 angle=315264 target=315352 err=88 steer=0 m1=3306/171875 i1=144 t1=29 m2=-3311/-171875 i2=-196 t2=28 steerMode=0/-123 iSteer=-26163 driveMode=171875/173190 iDrive=169858 scale=0 wheel=500000
2026-07-07T15:27:37.010+00:00 VCP run=1 step=0 angle=314824 target=315352 err=528 steer=264 m1=3262/173326 i1=239 t1=29 m2=-3240/-170424 i2=-178 t2=28 steerMode=1451/195 iSteer=30604 driveMode=171875/171844 iDrive=208706 scale=0 wheel=500000
2026-07-07T15:27:37.026+00:00 CAN id=101 dlc=8 data=d8cf040020a10700
2026-07-07T15:27:37.046+00:00 CAN id=101 dlc=8 data=d8cf040020a10700
2026-07-07T15:27:37.066+00:00 CAN id=101 dlc=8 data=d8cf040020a10700
2026-07-07T15:27:37.086+00:00 CAN id=101 dlc=8 data=d8cf040020a10700
2026-07-07T15:27:37.106+00:00 CAN id=101 dlc=8 data=d8cf040020a10700
2026-07-07T15:27:37.114+00:00 VCP run=1 step=0 angle=315791 target=315352 err=-439 steer=0 m1=3274/171875 i1=159 t1=29 m2=-3238/-171875 i2=-293 t2=28 steerMode=0/669 iSteer=-66823 driveMode=171875/171290 iDrive=225696 scale=0 wheel=500000
2026-07-07T15:27:37.126+00:00 CAN id=101 dlc=8 data=d8cf040020a10700
2026-07-07T15:27:37.146+00:00 CAN id=101 dlc=8 data=d8cf040020a10700
2026-07-07T15:27:37.166+00:00 CAN id=101 dlc=8 data=d8cf040020a10700
2026-07-07T15:27:37.186+00:00 CAN id=101 dlc=8 data=d8cf040020a10700
2026-07-07T15:27:37.206+00:00 CAN id=101 dlc=8 data=d8cf040020a10700
2026-07-07T15:27:37.215+00:00 VCP run=1 step=0 angle=315967 target=315352 err=-615 steer=-307 m1=3228/170184 i1=139 t1=29 m2=-3294/-173566 i2=-236 t2=28 steerMode=-1691/-1430 iSteer=-48422 driveMode=171875/172573 iDrive=187171 scale=0 wheel=500000
2026-07-07T15:27:37.215+00:00 VCP SET_TARGET_RX steer=315352 wheel=500000
2026-07-07T15:27:37.226+00:00 CAN id=101 dlc=8 data=d8cf040020a10700
2026-07-07T15:27:37.246+00:00 CAN id=101 dlc=8 data=d8cf040020a10700
2026-07-07T15:27:37.266+00:00 CAN id=101 dlc=8 data=d8cf040020a10700
2026-07-07T15:27:37.286+00:00 CAN id=101 dlc=8 data=d8cf040020a10700
2026-07-07T15:27:37.306+00:00 CAN id=101 dlc=8 data=d8cf040020a10700
2026-07-07T15:27:37.318+00:00 VCP run=1 step=0 angle=315176 target=315352 err=176 steer=0 m1=3287/171875 i1=105 t1=29 m2=-3236/-171875 i2=-276 t2=28 steerMode=0/1073 iSteer=-85504 driveMode=171875/172400 iDrive=190581 scale=0 wheel=500000
2026-07-07T15:27:37.326+00:00 CAN id=101 dlc=8 data=d8cf040020a10700
2026-07-07T15:27:37.346+00:00 CAN id=101 dlc=8 data=d8cf040020a10700
2026-07-07T15:27:37.366+00:00 CAN id=101 dlc=8 data=d8cf040020a10700
2026-07-07T15:27:37.386+00:00 CAN id=101 dlc=8 data=d8cf040020a10700
2026-07-07T15:27:37.406+00:00 CAN id=101 dlc=8 data=d8cf040020a10700
2026-07-07T15:27:37.423+00:00 VCP run=1 step=0 angle=315088 target=315352 err=264 steer=0 m1=3260/171875 i1=187 t1=29 m2=-3252/-171875 i2=-251 t2=28 steerMode=0/-33 iSteer=-32069 driveMode=171875/171485 iDrive=218787 scale=0 wheel=500000
2026-07-07T15:27:37.426+00:00 CAN id=101 dlc=8 data=d8cf040020a10700
2026-07-07T15:27:37.446+00:00 CAN id=101 dlc=8 data=d8cf040020a10700
2026-07-07T15:27:37.466+00:00 CAN id=101 dlc=8 data=d8cf040020a10700
2026-07-07T15:27:37.486+00:00 CAN id=101 dlc=8 data=d8cf040020a10700
2026-07-07T15:27:37.506+00:00 CAN id=101 dlc=8 data=d8cf040020a10700
2026-07-07T15:27:37.526+00:00 CAN id=101 dlc=8 data=d8cf040020a10700
2026-07-07T15:27:37.546+00:00 CAN id=101 dlc=8 data=d8cf040020a10700
2026-07-07T15:27:37.566+00:00 CAN id=101 dlc=8 data=d8cf040020a10700
2026-07-07T15:27:37.586+00:00 CAN id=101 dlc=8 data=d8cf040020a10700
2026-07-07T15:27:37.606+00:00 CAN id=101 dlc=8 data=d8cf040020a10700
2026-07-07T15:27:37.610+00:00 VCP run=1 step=0 angle=315439 target=315352 err=-87 steer=0 m1=3291/171875 i1=151 t1=29 m2=-3275/-171875 i2=-229 t2=28 steerMode=0/108 iSteer=-39117 driveMode=171875/172436 iDrive=190148 scale=0 wheel=500000
2026-07-07T15:27:37.610+00:00 VCP run=1 step=0 angle=315352 target=315352 err=0 steer=0 m1=3281/171875 i1=140 t1=29 m2=-3271/-171875 i2=-210 t2=28 steerMode=0/38 iSteer=-34999 driveMode=171875/172862 iDrive=175393 scale=0 wheel=500000
2026-07-07T15:27:37.626+00:00 CAN id=101 dlc=8 data=d8cf040020a10700
2026-07-07T15:27:37.646+00:00 CAN id=101 dlc=8 data=d8cf040020a10700
2026-07-07T15:27:37.666+00:00 CAN id=101 dlc=8 data=d8cf040020a10700
2026-07-07T15:27:37.686+00:00 CAN id=101 dlc=8 data=d8cf040020a10700
2026-07-07T15:27:37.706+00:00 BENCH disable sent
2026-07-07T15:27:37.706+00:00 CAN id=121 dlc=2 data=0100
2026-07-07T15:27:37.706+00:00 CAN id=121 dlc=2 data=0100
2026-07-07T15:27:37.810+00:00 VCP run=1 step=0 angle=315352 target=315352 err=0 steer=0 m1=3260/171875 i1=186 t1=29 m2=-3290/-171875 i2=-246 t2=28 steerMode=0/-87 iSteer=-30126 driveMode=171875/171482 iDrive=216308 scale=0 wheel=500000
2026-07-07T15:27:37.810+00:00 VCP UNIT_CTRL enable=0
2026-07-07T15:27:37.810+00:00 VCP UNIT_CTRL enable=0
2026-07-07T15:27:37.810+00:00 VCP STOP: disabled
2026-07-07T15:27:38.106+00:00 BENCH log closed
