2026-07-07T15:27:39.153+00:00 BENCH log opened: firmware/logs/cl4000-kp30-rpm25.log
2026-07-07T15:27:39.154+00:00 BENCH run: steer=315.352deg (315352mdeg) wheel=25.0rpm (25000milli-rpm) rate=50.0Hz duration=10.0s
2026-07-07T15:27:39.154+00:00 BENCH enable sent
2026-07-07T15:27:39.154+00:00 CAN id=121 dlc=2 data=0101
2026-07-07T15:27:39.154+00:00 CAN id=101 dlc=8 data=d8cf0400a8610000
2026-07-07T15:27:39.174+00:00 CAN id=101 dlc=8 data=d8cf0400a8610000
2026-07-07T15:27:39.178+00:00 VCP SET_TARGET_RX steer=315352 wheel=25000
2026-07-07T15:27:39.178+00:00 VCP START_CAN: angle=7295 target=315352 wheelTarget=25000
2026-07-07T15:27:39.194+00:00 CAN id=101 dlc=8 data=d8cf0400a8610000
2026-07-07T15:27:39.214+00:00 CAN id=101 dlc=8 data=d8cf0400a8610000
2026-07-07T15:27:39.234+00:00 CAN id=101 dlc=8 data=d8cf0400a8610000
2026-07-07T15:27:39.254+00:00 CAN id=101 dlc=8 data=d8cf0400a8610000
2026-07-07T15:27:39.274+00:00 CAN id=101 dlc=8 data=d8cf0400a8610000
2026-07-07T15:27:39.278+00:00 VCP run=1 step=0 angle=7295 target=315352 err=-51943 steer=-750 m1=98/2750 i1=-40 t1=29 m2=-9/-11000 i2=-420 t2=28 steerMode=-4125/468 iSteer=-230360 driveMode=6875/563 iDrive=189986 scale=0 wheel=20000
2026-07-07T15:27:39.278+00:00 VCP run=1 step=0 angle=1230 target=315352 err=-45878 steer=-10000 m1=-925/-46406 i1=-747 t1=29 m2=-1118/-63594 i2=-1045 t2=28 steerMode=-55000/-38493 iSteer=-895983 driveMode=8594/4068 iDrive=148824 scale=0 wheel=25000
2026-07-07T15:27:39.294+00:00 CAN id=101 dlc=8 data=d8cf0400a8610000
2026-07-07T15:27:39.314+00:00 CAN id=101 dlc=8 data=d8cf0400a8610000
2026-07-07T15:27:39.334+00:00 CAN id=101 dlc=8 data=d8cf0400a8610000
2026-07-07T15:27:39.354+00:00 CAN id=101 dlc=8 data=d8cf0400a8610000
2026-07-07T15:27:39.374+00:00 CAN id=101 dlc=8 data=d8cf0400a8610000
2026-07-07T15:27:39.394+00:00 CAN id=101 dlc=8 data=d8cf0400a8610000
2026-07-07T15:27:39.414+00:00 CAN id=101 dlc=8 data=d8cf0400a8610000
2026-07-07T15:27:39.434+00:00 CAN id=101 dlc=8 data=d8cf0400a8610000
2026-07-07T15:27:39.454+00:00 CAN id=101 dlc=8 data=d8cf0400a8610000
2026-07-07T15:27:39.462+00:00 VCP run=1 step=0 angle=334688 target=315352 err=-19335 steer=-9668 m1=-779/-44579 i1=257 t1=29 m2=-1235/-61766 i2=-62 t2=28 steerMode=-53173/-56468 iSteer=97073 driveMode=8594/10004 iDrive=159483 scale=0 wheel=25000
2026-07-07T15:27:39.474+00:00 CAN id=101 dlc=8 data=d8cf0400a8610000
2026-07-07T15:27:39.494+00:00 CAN id=101 dlc=8 data=d8cf0400a8610000
2026-07-07T15:27:39.514+00:00 CAN id=101 dlc=8 data=d8cf0400a8610000
2026-07-07T15:27:39.534+00:00 CAN id=101 dlc=8 data=d8cf0400a8610000
2026-07-07T15:27:39.554+00:00 CAN id=101 dlc=8 data=d8cf0400a8610000
2026-07-07T15:27:39.567+00:00 VCP run=1 step=0 angle=320449 target=315352 err=-5097 steer=-2549 m1=18/-5424 i1=272 t1=29 m2=-429/-22611 i2=105 t2=28 steerMode=-14017/-18419 iSteer=188689 driveMode=8594/12481 iDrive=83393 scale=0 wheel=25000
2026-07-07T15:27:39.574+00:00 CAN id=101 dlc=8 data=d8cf0400a8610000
2026-07-07T15:27:39.594+00:00 CAN id=101 dlc=8 data=d8cf0400a8610000
2026-07-07T15:27:39.614+00:00 CAN id=101 dlc=8 data=d8cf0400a8610000
2026-07-07T15:27:39.634+00:00 CAN id=101 dlc=8 data=d8cf0400a8610000
2026-07-07T15:27:39.654+00:00 CAN id=101 dlc=8 data=d8cf0400a8610000
2026-07-07T15:27:39.667+00:00 VCP run=1 step=0 angle=317373 target=315352 err=-2021 steer=-1011 m1=-15/3036 i1=266 t1=29 m2=-222/-14152 i2=-212 t2=28 steerMode=-5558/-6721 iSteer=27280 driveMode=8594/7323 iDrive=239152 scale=0 wheel=25000
2026-07-07T15:27:39.667+00:00 VCP SET_TARGET_RX steer=315352 wheel=25000
2026-07-07T15:27:39.674+00:00 CAN id=101 dlc=8 data=d8cf0400a8610000
2026-07-07T15:27:39.694+00:00 CAN id=101 dlc=8 data=d8cf0400a8610000
2026-07-07T15:27:39.714+00:00 CAN id=101 dlc=8 data=d8cf0400a8610000
2026-07-07T15:27:39.734+00:00 CAN id=101 dlc=8 data=d8cf0400a8610000
2026-07-07T15:27:39.754+00:00 CAN id=101 dlc=8 data=d8cf0400a8610000
2026-07-07T15:27:39.773+00:00 VCP run=1 step=0 angle=315176 target=315352 err=176 steer=0 m1=0/8594 i1=518 t1=29 m2=-86/-8594 i2=-190 t2=28 steerMode=0/-3676 iSteer=163897 driveMode=8594/3681 iDrive=354012 scale=0 wheel=25000
2026-07-07T15:27:39.774+00:00 CAN id=101 dlc=8 data=d8cf0400a8610000
2026-07-07T15:27:39.794+00:00 CAN id=101 dlc=8 data=d8cf0400a8610000
2026-07-07T15:27:39.814+00:00 CAN id=101 dlc=8 data=d8cf0400a8610000
2026-07-07T15:27:39.834+00:00 CAN id=101 dlc=8 data=d8cf0400a8610000
2026-07-07T15:27:39.854+00:00 CAN id=101 dlc=8 data=d8cf0400a8610000
2026-07-07T15:27:39.874+00:00 CAN id=101 dlc=8 data=d8cf0400a8610000
2026-07-07T15:27:39.894+00:00 CAN id=101 dlc=8 data=d8cf0400a8610000
2026-07-07T15:27:39.914+00:00 CAN id=101 dlc=8 data=d8cf0400a8610000
2026-07-07T15:27:39.934+00:00 CAN id=101 dlc=8 data=d8cf0400a8610000
2026-07-07T15:27:39.954+00:00 CAN id=101 dlc=8 data=d8cf0400a8610000
2026-07-07T15:27:39.960+00:00 VCP run=1 step=0 angle=314385 target=315352 err=967 steer=484 m1=0/11254 i1=657 t1=29 m2=-72/-5934 i2=-127 t2=28 steerMode=2660/-2776 iSteer=264834 driveMode=8594/2772 iDrive=392103 scale=0 wheel=25000
2026-07-07T15:27:39.961+00:00 VCP run=1 step=0 angle=313594 target=315352 err=1758 steer=879 m1=0/13429 i1=735 t1=29 m2=16/-3759 i2=-255 t2=28 steerMode=4835/217 iSteer=240090 driveMode=8594/-218 iDrive=494929 scale=0 wheel=25000
2026-07-07T15:27:39.974+00:00 CAN id=101 dlc=8 data=d8cf0400a8610000
2026-07-07T15:27:39.994+00:00 CAN id=101 dlc=8 data=d8cf0400a8610000
2026-07-07T15:27:40.014+00:00 CAN id=101 dlc=8 data=d8cf0400a8610000
2026-07-07T15:27:40.034+00:00 CAN id=101 dlc=8 data=d8cf0400a8610000
2026-07-07T15:27:40.054+00:00 CAN id=101 dlc=8 data=d8cf0400a8610000
2026-07-07T15:27:40.066+00:00 VCP run=1 step=0 angle=313594 target=315352 err=1758 steer=879 m1=2/13429 i1=769 t1=29 m2=0/-3759 i2=-239 t2=28 steerMode=4835/-13 iSteer=265007 driveMode=8594/23 iDrive=503763 scale=0 wheel=25000
2026-07-07T15:27:40.074+00:00 CAN id=101 dlc=8 data=d8cf0400a8610000
2026-07-07T15:27:40.094+00:00 CAN id=101 dlc=8 data=d8cf0400a8610000
2026-07-07T15:27:40.114+00:00 CAN id=101 dlc=8 data=d8cf0400a8610000
2026-07-07T15:27:40.134+00:00 CAN id=101 dlc=8 data=d8cf0400a8610000
2026-07-07T15:27:40.154+00:00 CAN id=101 dlc=8 data=d8cf0400a8610000
2026-07-07T15:27:40.168+00:00 VCP run=1 step=0 angle=313594 target=315352 err=1758 steer=879 m1=0/13429 i1=799 t1=29 m2=0/-3759 i2=-243 t2=28 steerMode=4835/0 iSteer=277967 driveMode=8594/1 iDrive=520568 scale=0 wheel=25000
2026-07-07T15:27:40.168+00:00 VCP SET_TARGET_RX steer=315352 wheel=25000
2026-07-07T15:27:40.174+00:00 CAN id=101 dlc=8 data=d8cf0400a8610000
2026-07-07T15:27:40.194+00:00 CAN id=101 dlc=8 data=d8cf0400a8610000
2026-07-07T15:27:40.214+00:00 CAN id=101 dlc=8 data=d8cf0400a8610000
2026-07-07T15:27:40.234+00:00 CAN id=101 dlc=8 data=d8cf0400a8610000
2026-07-07T15:27:40.254+00:00 CAN id=101 dlc=8 data=d8cf0400a8610000
2026-07-07T15:27:40.273+00:00 VCP run=1 step=0 angle=313594 target=315352 err=1758 steer=879 m1=0/13429 i1=829 t1=29 m2=0/-3759 i2=-245 t2=28 steerMode=4835/-7 iSteer=291967 driveMode=8594/-7 iDrive=536955 scale=0 wheel=25000
2026-07-07T15:27:40.274+00:00 CAN id=101 dlc=8 data=d8cf0400a8610000
2026-07-07T15:27:40.294+00:00 CAN id=101 dlc=8 data=d8cf0400a8610000
2026-07-07T15:27:40.314+00:00 CAN id=101 dlc=8 data=d8cf0400a8610000
2026-07-07T15:27:40.334+00:00 CAN id=101 dlc=8 data=d8cf0400a8610000
2026-07-07T15:27:40.354+00:00 CAN id=101 dlc=8 data=d8cf0400a8610000
2026-07-07T15:27:40.374+00:00 CAN id=101 dlc=8 data=d8cf0400a8610000
2026-07-07T15:27:40.394+00:00 CAN id=101 dlc=8 data=d8cf0400a8610000
2026-07-07T15:27:40.414+00:00 CAN id=101 dlc=8 data=d8cf0400a8610000
2026-07-07T15:27:40.434+00:00 CAN id=101 dlc=8 data=d8cf0400a8610000
2026-07-07T15:27:40.454+00:00 CAN id=101 dlc=8 data=d8cf0400a8610000
2026-07-07T15:27:40.462+00:00 VCP run=1 step=0 angle=313594 target=315352 err=1758 steer=879 m1=0/13429 i1=858 t1=29 m2=0/-3759 i2=-248 t2=28 steerMode=4835/0 iSteer=305265 driveMode=8594/0 iDrive=552910 scale=0 wheel=25000
2026-07-07T15:27:40.462+00:00 VCP run=1 step=0 angle=313594 target=315352 err=1758 steer=879 m1=0/13429 i1=888 t1=29 m2=0/-3759 i2=-250 t2=28 steerMode=4835/-2 iSteer=318979 driveMode=8594/-2 iDrive=569113 scale=0 wheel=25000
2026-07-07T15:27:40.474+00:00 CAN id=101 dlc=8 data=d8cf0400a8610000
2026-07-07T15:27:40.494+00:00 CAN id=101 dlc=8 data=d8cf0400a8610000
2026-07-07T15:27:40.514+00:00 CAN id=101 dlc=8 data=d8cf0400a8610000
2026-07-07T15:27:40.534+00:00 CAN id=101 dlc=8 data=d8cf0400a8610000
2026-07-07T15:27:40.554+00:00 CAN id=101 dlc=8 data=d8cf0400a8610000
2026-07-07T15:27:40.568+00:00 VCP run=1 step=0 angle=313594 target=315352 err=1758 steer=879 m1=0/13429 i1=918 t1=29 m2=0/-3759 i2=-253 t2=28 steerMode=4835/1 iSteer=332503 driveMode=8594/1 iDrive=585202 scale=0 wheel=25000
2026-07-07T15:27:40.574+00:00 CAN id=101 dlc=8 data=d8cf0400a8610000
2026-07-07T15:27:40.594+00:00 CAN id=101 dlc=8 data=d8cf0400a8610000
2026-07-07T15:27:40.614+00:00 CAN id=101 dlc=8 data=d8cf0400a8610000
2026-07-07T15:27:40.634+00:00 CAN id=101 dlc=8 data=d8cf0400a8610000
2026-07-07T15:27:40.654+00:00 CAN id=101 dlc=8 data=d8cf0400a8610000
2026-07-07T15:27:40.670+00:00 VCP run=1 step=0 angle=313594 target=315352 err=1758 steer=879 m1=0/13429 i1=947 t1=29 m2=0/-3759 i2=-255 t2=28 steerMode=4835/2 iSteer=346072 driveMode=8594/2 iDrive=601319 scale=0 wheel=25000
2026-07-07T15:27:40.670+00:00 VCP SET_TARGET_RX steer=315352 wheel=25000
2026-07-07T15:27:40.674+00:00 CAN id=101 dlc=8 data=d8cf0400a8610000
2026-07-07T15:27:40.694+00:00 CAN id=101 dlc=8 data=d8cf0400a8610000
2026-07-07T15:27:40.714+00:00 CAN id=101 dlc=8 data=d8cf0400a8610000
2026-07-07T15:27:40.734+00:00 CAN id=101 dlc=8 data=d8cf0400a8610000
2026-07-07T15:27:40.754+00:00 CAN id=101 dlc=8 data=d8cf0400a8610000
2026-07-07T15:27:40.774+00:00 CAN id=101 dlc=8 data=d8cf0400a8610000
2026-07-07T15:27:40.794+00:00 CAN id=101 dlc=8 data=d8cf0400a8610000
2026-07-07T15:27:40.814+00:00 CAN id=101 dlc=8 data=d8cf0400a8610000
2026-07-07T15:27:40.834+00:00 CAN id=101 dlc=8 data=d8cf0400a8610000
2026-07-07T15:27:40.854+00:00 CAN id=101 dlc=8 data=d8cf0400a8610000
2026-07-07T15:27:40.859+00:00 VCP run=1 step=0 angle=313594 target=315352 err=1758 steer=879 m1=0/13429 i1=977 t1=29 m2=0/-3759 i2=-258 t2=28 steerMode=4835/6 iSteer=359503 driveMode=8594/6 iDrive=617352 scale=0 wheel=25000
2026-07-07T15:27:40.859+00:00 VCP run=1 step=0 angle=313594 target=315352 err=1758 steer=879 m1=0/13429 i1=1007 t1=29 m2=0/-3759 i2=-260 t2=28 steerMode=4835/1 iSteer=373366 driveMode=8594/1 iDrive=633644 scale=0 wheel=25000
2026-07-07T15:27:40.874+00:00 CAN id=101 dlc=8 data=d8cf0400a8610000
2026-07-07T15:27:40.894+00:00 CAN id=101 dlc=8 data=d8cf0400a8610000
2026-07-07T15:27:40.914+00:00 CAN id=101 dlc=8 data=d8cf0400a8610000
2026-07-07T15:27:40.934+00:00 CAN id=101 dlc=8 data=d8cf0400a8610000
2026-07-07T15:27:40.954+00:00 CAN id=101 dlc=8 data=d8cf0400a8610000
2026-07-07T15:27:40.964+00:00 VCP run=1 step=0 angle=313594 target=315352 err=1758 steer=879 m1=0/13429 i1=1037 t1=29 m2=0/-3759 i2=-263 t2=28 steerMode=4835/-1 iSteer=387111 driveMode=8594/2 iDrive=649757 scale=0 wheel=25000
2026-07-07T15:27:40.974+00:00 CAN id=101 dlc=8 data=d8cf0400a8610000
2026-07-07T15:27:40.994+00:00 CAN id=101 dlc=8 data=d8cf0400a8610000
2026-07-07T15:27:41.014+00:00 CAN id=101 dlc=8 data=d8cf0400a8610000
2026-07-07T15:27:41.034+00:00 CAN id=101 dlc=8 data=d8cf0400a8610000
2026-07-07T15:27:41.054+00:00 CAN id=101 dlc=8 data=d8cf0400a8610000
2026-07-07T15:27:41.069+00:00 VCP run=1 step=0 angle=313594 target=315352 err=1758 steer=879 m1=2/13429 i1=1065 t1=29 m2=0/-3759 i2=-266 t2=28 steerMode=4835/19 iSteer=399740 driveMode=8594/19 iDrive=665400 scale=0 wheel=25000
2026-07-07T15:27:41.074+00:00 CAN id=101 dlc=8 data=d8cf0400a8610000
2026-07-07T15:27:41.094+00:00 CAN id=101 dlc=8 data=d8cf0400a8610000
2026-07-07T15:27:41.114+00:00 CAN id=101 dlc=8 data=d8cf0400a8610000
2026-07-07T15:27:41.134+00:00 CAN id=101 dlc=8 data=d8cf0400a8610000
2026-07-07T15:27:41.154+00:00 CAN id=101 dlc=8 data=d8cf0400a8610000
2026-07-07T15:27:41.171+00:00 VCP run=1 step=0 angle=313594 target=315352 err=1758 steer=879 m1=119/13429 i1=1026 t1=29 m2=0/-3759 i2=-285 t2=28 steerMode=4835/881 iSteer=370073 driveMode=8594/881 iDrive=655561 scale=0 wheel=25000
2026-07-07T15:27:41.171+00:00 VCP SET_TARGET_RX steer=315352 wheel=25000
2026-07-07T15:27:41.174+00:00 CAN id=101 dlc=8 data=d8cf0400a8610000
2026-07-07T15:27:41.194+00:00 CAN id=101 dlc=8 data=d8cf0400a8610000
2026-07-07T15:27:41.214+00:00 CAN id=101 dlc=8 data=d8cf0400a8610000
2026-07-07T15:27:41.234+00:00 CAN id=101 dlc=8 data=d8cf0400a8610000
2026-07-07T15:27:41.254+00:00 CAN id=101 dlc=8 data=d8cf0400a8610000
2026-07-07T15:27:41.274+00:00 CAN id=101 dlc=8 data=d8cf0400a8610000
2026-07-07T15:27:41.275+00:00 VCP run=1 step=0 angle=317197 target=315352 err=-1845 steer=-923 m1=309/3519 i1=-216 t1=29 m2=-17/-13668 i2=-936 t2=28 steerMode=-5074/9446 iSteer=-576221 driveMode=8594/9895 iDrive=359847 scale=0 wheel=25000
2026-07-07T15:27:41.294+00:00 CAN id=101 dlc=8 data=d8cf0400a8610000
2026-07-07T15:27:41.314+00:00 CAN id=101 dlc=8 data=d8cf0400a8610000
2026-07-07T15:27:41.334+00:00 CAN id=101 dlc=8 data=d8cf0400a8610000
2026-07-07T15:27:41.354+00:00 CAN id=101 dlc=8 data=d8cf0400a8610000
2026-07-07T15:27:41.374+00:00 CAN id=101 dlc=8 data=d8cf0400a8610000
2026-07-07T15:27:41.394+00:00 CAN id=101 dlc=8 data=d8cf0400a8610000
2026-07-07T15:27:41.414+00:00 CAN id=101 dlc=8 data=d8cf0400a8610000
2026-07-07T15:27:41.434+00:00 CAN id=101 dlc=8 data=d8cf0400a8610000
2026-07-07T15:27:41.454+00:00 CAN id=101 dlc=8 data=d8cf0400a8610000
2026-07-07T15:27:41.462+00:00 VCP run=1 step=0 angle=316143 target=315352 err=-791 steer=-395 m1=238/6420 i1=488 t1=29 m2=-352/-10768 i2=79 t2=28 steerMode=-2174/-5137 iSteer=283606 driveMode=8594/14822 iDrive=204675 scale=0 wheel=25000
2026-07-07T15:27:41.462+00:00 VCP run=1 step=0 angle=316494 target=315352 err=-1142 steer=-571 m1=345/5453 i1=18 t1=29 m2=-302/-11735 i2=-258 t2=28 steerMode=-3141/1840 iSteer=-120444 driveMode=8594/16599 iDrive=137952 scale=0 wheel=25000
2026-07-07T15:27:41.474+00:00 CAN id=101 dlc=8 data=d8cf0400a8610000
2026-07-07T15:27:41.494+00:00 CAN id=101 dlc=8 data=d8cf0400a8610000
2026-07-07T15:27:41.514+00:00 CAN id=101 dlc=8 data=d8cf0400a8610000
2026-07-07T15:27:41.534+00:00 CAN id=101 dlc=8 data=d8cf0400a8610000
2026-07-07T15:27:41.554+00:00 CAN id=101 dlc=8 data=d8cf0400a8610000
2026-07-07T15:27:41.566+00:00 VCP run=1 step=0 angle=316582 target=315352 err=-1230 steer=-615 m1=244/5211 i1=166 t1=29 m2=-277/-11976 i2=-129 t2=28 steerMode=-3383/-1365 iSteer=18546 driveMode=8594/15826 iDrive=147062 scale=0 wheel=25000
2026-07-07T15:27:41.574+00:00 CAN id=101 dlc=8 data=d8cf0400a8610000
2026-07-07T15:27:41.594+00:00 CAN id=101 dlc=8 data=d8cf0400a8610000
2026-07-07T15:27:41.614+00:00 CAN id=101 dlc=8 data=d8cf0400a8610000
2026-07-07T15:27:41.634+00:00 CAN id=101 dlc=8 data=d8cf0400a8610000
2026-07-07T15:27:41.654+00:00 CAN id=101 dlc=8 data=d8cf0400a8610000
2026-07-07T15:27:41.667+00:00 VCP run=1 step=0 angle=316494 target=315352 err=-1142 steer=-571 m1=315/5453 i1=119 t1=29 m2=-256/-11735 i2=-183 t2=28 steerMode=-3141/-265 iSteer=-31693 driveMode=8594/15281 iDrive=150939 scale=0 wheel=25000
2026-07-07T15:27:41.667+00:00 VCP SET_TARGET_RX steer=315352 wheel=25000
2026-07-07T15:27:41.674+00:00 CAN id=101 dlc=8 data=d8cf0400a8610000
2026-07-07T15:27:41.694+00:00 CAN id=101 dlc=8 data=d8cf0400a8610000
2026-07-07T15:27:41.714+00:00 CAN id=101 dlc=8 data=d8cf0400a8610000
2026-07-07T15:27:41.734+00:00 CAN id=101 dlc=8 data=d8cf0400a8610000
2026-07-07T15:27:41.754+00:00 CAN id=101 dlc=8 data=d8cf0400a8610000
2026-07-07T15:27:41.771+00:00 VCP run=1 step=0 angle=316406 target=315352 err=-1054 steer=-527 m1=282/5695 i1=126 t1=29 m2=-314/-11493 i2=-155 t2=28 steerMode=-2899/-522 iSteer=-14463 driveMode=8594/15219 iDrive=140601 scale=0 wheel=25000
2026-07-07T15:27:41.774+00:00 CAN id=101 dlc=8 data=d8cf0400a8610000
2026-07-07T15:27:41.794+00:00 CAN id=101 dlc=8 data=d8cf0400a8610000
2026-07-07T15:27:41.814+00:00 CAN id=101 dlc=8 data=d8cf0400a8610000
2026-07-07T15:27:41.834+00:00 CAN id=101 dlc=8 data=d8cf0400a8610000
2026-07-07T15:27:41.854+00:00 CAN id=101 dlc=8 data=d8cf0400a8610000
2026-07-07T15:27:41.874+00:00 CAN id=101 dlc=8 data=d8cf0400a8610000
2026-07-07T15:27:41.894+00:00 CAN id=101 dlc=8 data=d8cf0400a8610000
2026-07-07T15:27:41.914+00:00 CAN id=101 dlc=8 data=d8cf0400a8610000
2026-07-07T15:27:41.934+00:00 CAN id=101 dlc=8 data=d8cf0400a8610000
2026-07-07T15:27:41.954+00:00 CAN id=101 dlc=8 data=d8cf0400a8610000
2026-07-07T15:27:41.958+00:00 VCP run=1 step=0 angle=316230 target=315352 err=-878 steer=-439 m1=278/6178 i1=140 t1=29 m2=-287/-11009 i2=-160 t2=28 steerMode=-2416/-254 iSteer=-10065 driveMode=8594/14531 iDrive=149714 scale=0 wheel=25000
2026-07-07T15:27:41.958+00:00 VCP run=1 step=0 angle=316055 target=315352 err=-703 steer=-351 m1=276/6661 i1=147 t1=29 m2=-214/-10526 i2=-164 t2=28 steerMode=-1932/83 iSteer=-8460 driveMode=8594/13977 iDrive=155830 scale=0 wheel=25000
2026-07-07T15:27:41.974+00:00 CAN id=101 dlc=8 data=d8cf0400a8610000
2026-07-07T15:27:41.994+00:00 CAN id=101 dlc=8 data=d8cf0400a8610000
2026-07-07T15:27:42.014+00:00 CAN id=101 dlc=8 data=d8cf0400a8610000
2026-07-07T15:27:42.034+00:00 CAN id=101 dlc=8 data=d8cf0400a8610000
2026-07-07T15:27:42.054+00:00 CAN id=101 dlc=8 data=d8cf0400a8610000
2026-07-07T15:27:42.062+00:00 VCP run=1 step=0 angle=316055 target=315352 err=-703 steer=-351 m1=251/6661 i1=147 t1=29 m2=-245/-10526 i2=-164 t2=28 steerMode=-1932/-39 iSteer=-8428 driveMode=8594/13646 iDrive=155690 scale=0 wheel=25000
2026-07-07T15:27:42.074+00:00 CAN id=101 dlc=8 data=d8cf0400a8610000
2026-07-07T15:27:42.094+00:00 CAN id=101 dlc=8 data=d8cf0400a8610000
2026-07-07T15:27:42.114+00:00 CAN id=101 dlc=8 data=d8cf0400a8610000
2026-07-07T15:27:42.134+00:00 CAN id=101 dlc=8 data=d8cf0400a8610000
2026-07-07T15:27:42.154+00:00 CAN id=101 dlc=8 data=d8cf0400a8610000
2026-07-07T15:27:42.164+00:00 VCP run=1 step=0 angle=316055 target=315352 err=-703 steer=-351 m1=230/6661 i1=157 t1=29 m2=-258/-10526 i2=-199 t2=28 steerMode=-1932/102 iSteer=-21172 driveMode=8594/12607 iDrive=178222 scale=0 wheel=25000
2026-07-07T15:27:42.164+00:00 VCP SET_TARGET_RX steer=315352 wheel=25000
2026-07-07T15:27:42.174+00:00 CAN id=101 dlc=8 data=d8cf0400a8610000
2026-07-07T15:27:42.194+00:00 CAN id=101 dlc=8 data=d8cf0400a8610000
2026-07-07T15:27:42.214+00:00 CAN id=101 dlc=8 data=d8cf0400a8610000
2026-07-07T15:27:42.234+00:00 CAN id=101 dlc=8 data=d8cf0400a8610000
2026-07-07T15:27:42.254+00:00 CAN id=101 dlc=8 data=d8cf0400a8610000
2026-07-07T15:27:42.268+00:00 VCP run=1 step=0 angle=316055 target=315352 err=-703 steer=-351 m1=215/6661 i1=166 t1=29 m2=-241/-10526 i2=-169 t2=28 steerMode=-1932/-403 iSteer=-1318 driveMode=8594/12717 iDrive=167311 scale=0 wheel=25000
2026-07-07T15:27:42.274+00:00 CAN id=101 dlc=8 data=d8cf0400a8610000
2026-07-07T15:27:42.294+00:00 CAN id=101 dlc=8 data=d8cf0400a8610000
2026-07-07T15:27:42.314+00:00 CAN id=101 dlc=8 data=d8cf0400a8610000
2026-07-07T15:27:42.334+00:00 CAN id=101 dlc=8 data=d8cf0400a8610000
2026-07-07T15:27:42.354+00:00 CAN id=101 dlc=8 data=d8cf0400a8610000
2026-07-07T15:27:42.372+00:00 VCP run=1 step=0 angle=315967 target=315352 err=-615 steer=-307 m1=272/6903 i1=157 t1=29 m2=-273/-10284 i2=-178 t2=28 steerMode=-1691/-65 iSteer=-10287 driveMode=8594/12464 iDrive=167541 scale=0 wheel=25000
2026-07-07T15:27:42.374+00:00 CAN id=101 dlc=8 data=d8cf0400a8610000
2026-07-07T15:27:42.394+00:00 CAN id=101 dlc=8 data=d8cf0400a8610000
2026-07-07T15:27:42.414+00:00 CAN id=101 dlc=8 data=d8cf0400a8610000
2026-07-07T15:27:42.434+00:00 CAN id=101 dlc=8 data=d8cf0400a8610000
2026-07-07T15:27:42.454+00:00 CAN id=101 dlc=8 data=d8cf0400a8610000
2026-07-07T15:27:42.474+00:00 CAN id=101 dlc=8 data=d8cf0400a8610000
2026-07-07T15:27:42.494+00:00 CAN id=101 dlc=8 data=d8cf0400a8610000
2026-07-07T15:27:42.514+00:00 CAN id=101 dlc=8 data=d8cf0400a8610000
2026-07-07T15:27:42.534+00:00 CAN id=101 dlc=8 data=d8cf0400a8610000
2026-07-07T15:27:42.554+00:00 CAN id=101 dlc=8 data=d8cf0400a8610000
2026-07-07T15:27:42.559+00:00 VCP run=1 step=0 angle=316230 target=315352 err=-878 steer=-439 m1=175/6178 i1=155 t1=29 m2=-220/-11009 i2=-227 t2=28 steerMode=-2416/-387 iSteer=-35809 driveMode=8594/11445 iDrive=191115 scale=0 wheel=25000
2026-07-07T15:27:42.559+00:00 VCP run=1 step=0 angle=315967 target=315352 err=-615 steer=-307 m1=211/6903 i1=164 t1=29 m2=-185/-10284 i2=-179 t2=28 steerMode=-1691/-307 iSteer=-7342 driveMode=8594/11920 iDrive=171243 scale=0 wheel=25000
2026-07-07T15:27:42.574+00:00 CAN id=101 dlc=8 data=d8cf0400a8610000
2026-07-07T15:27:42.594+00:00 CAN id=101 dlc=8 data=d8cf0400a8610000
2026-07-07T15:27:42.614+00:00 CAN id=101 dlc=8 data=d8cf0400a8610000
2026-07-07T15:27:42.635+00:00 CAN id=101 dlc=8 data=d8cf0400a8610000
2026-07-07T15:27:42.654+00:00 CAN id=101 dlc=8 data=d8cf0400a8610000
2026-07-07T15:27:42.662+00:00 VCP run=1 step=0 angle=315791 target=315352 err=-439 steer=0 m1=221/8594 i1=204 t1=29 m2=-141/-8594 i2=-179 t2=28 steerMode=0/935 iSteer=12454 driveMode=8594/11036 iDrive=191829 scale=0 wheel=25000
2026-07-07T15:27:42.662+00:00 VCP SET_TARGET_RX steer=315352 wheel=25000
2026-07-07T15:27:42.674+00:00 CAN id=101 dlc=8 data=d8cf0400a8610000
2026-07-07T15:27:42.694+00:00 CAN id=101 dlc=8 data=d8cf0400a8610000
2026-07-07T15:27:42.714+00:00 CAN id=101 dlc=8 data=d8cf0400a8610000
2026-07-07T15:27:42.734+00:00 CAN id=101 dlc=8 data=d8cf0400a8610000
2026-07-07T15:27:42.754+00:00 CAN id=101 dlc=8 data=d8cf0400a8610000
2026-07-07T15:27:42.766+00:00 VCP run=1 step=0 angle=315967 target=315352 err=-615 steer=-307 m1=219/6903 i1=164 t1=29 m2=-266/-10284 i2=-167 t2=28 steerMode=-1691/-607 iSteer=-1569 driveMode=8594/11750 iDrive=165557 scale=0 wheel=25000
2026-07-07T15:27:42.774+00:00 CAN id=101 dlc=8 data=d8cf0400a8610000
2026-07-07T15:27:42.794+00:00 CAN id=101 dlc=8 data=d8cf0400a8610000
2026-07-07T15:27:42.814+00:00 CAN id=101 dlc=8 data=d8cf0400a8610000
2026-07-07T15:27:42.834+00:00 CAN id=101 dlc=8 data=d8cf0400a8610000
2026-07-07T15:27:42.854+00:00 CAN id=101 dlc=8 data=d8cf0400a8610000
2026-07-07T15:27:42.871+00:00 VCP run=1 step=0 angle=315879 target=315352 err=-527 steer=-263 m1=215/7145 i1=149 t1=29 m2=-168/-10043 i2=-214 t2=28 steerMode=-1449/187 iSteer=-32679 driveMode=8594/11064 iDrive=181642 scale=0 wheel=25000
2026-07-07T15:27:42.874+00:00 CAN id=101 dlc=8 data=d8cf0400a8610000
2026-07-07T15:27:42.894+00:00 CAN id=101 dlc=8 data=d8cf0400a8610000
2026-07-07T15:27:42.914+00:00 CAN id=101 dlc=8 data=d8cf0400a8610000
2026-07-07T15:27:42.934+00:00 CAN id=101 dlc=8 data=d8cf0400a8610000
2026-07-07T15:27:42.954+00:00 CAN id=101 dlc=8 data=d8cf0400a8610000
2026-07-07T15:27:42.974+00:00 CAN id=101 dlc=8 data=d8cf0400a8610000
2026-07-07T15:27:42.994+00:00 CAN id=101 dlc=8 data=d8cf0400a8610000
2026-07-07T15:27:43.014+00:00 CAN id=101 dlc=8 data=d8cf0400a8610000
2026-07-07T15:27:43.034+00:00 CAN id=101 dlc=8 data=d8cf0400a8610000
2026-07-07T15:27:43.054+00:00 CAN id=101 dlc=8 data=d8cf0400a8610000
2026-07-07T15:27:43.058+00:00 VCP run=1 step=0 angle=315879 target=315352 err=-527 steer=-263 m1=205/7145 i1=104 t1=29 m2=-183/-10043 i2=-248 t2=28 steerMode=-1449/942 iSteer=-72081 driveMode=8594/11095 iDrive=176162 scale=0 wheel=25000
2026-07-07T15:27:43.058+00:00 VCP run=1 step=0 angle=315791 target=315352 err=-439 steer=0 m1=217/8594 i1=198 t1=29 m2=-149/-8594 i2=-162 t2=28 steerMode=0/524 iSteer=17810 driveMode=8594/10817 iDrive=180033 scale=0 wheel=25000
2026-07-07T15:27:43.074+00:00 CAN id=101 dlc=8 data=d8cf0400a8610000
2026-07-07T15:27:43.094+00:00 CAN id=101 dlc=8 data=d8cf0400a8610000
2026-07-07T15:27:43.114+00:00 CAN id=101 dlc=8 data=d8cf0400a8610000
2026-07-07T15:27:43.134+00:00 CAN id=101 dlc=8 data=d8cf0400a8610000
2026-07-07T15:27:43.154+00:00 CAN id=101 dlc=8 data=d8cf0400a8610000
2026-07-07T15:27:43.160+00:00 VCP run=1 step=0 angle=316230 target=315352 err=-878 steer=-439 m1=148/6178 i1=144 t1=29 m2=-206/-11009 i2=-261 t2=28 steerMode=-2416/-521 iSteer=-58801 driveMode=8594/9972 iDrive=202422 scale=0 wheel=25000
2026-07-07T15:27:43.160+00:00 VCP SET_TARGET_RX steer=315352 wheel=25000
2026-07-07T15:27:43.174+00:00 CAN id=101 dlc=8 data=d8cf0400a8610000
2026-07-07T15:27:43.194+00:00 CAN id=101 dlc=8 data=d8cf0400a8610000
2026-07-07T15:27:43.214+00:00 CAN id=101 dlc=8 data=d8cf0400a8610000
2026-07-07T15:27:43.234+00:00 CAN id=101 dlc=8 data=d8cf0400a8610000
2026-07-07T15:27:43.254+00:00 CAN id=101 dlc=8 data=d8cf0400a8610000
2026-07-07T15:27:43.264+00:00 VCP run=1 step=0 angle=316055 target=315352 err=-703 steer=-351 m1=161/6661 i1=174 t1=29 m2=-189/-10526 i2=-218 t2=28 steerMode=-1932/-833 iSteer=-21762 driveMode=8594/10088 iDrive=196113 scale=0 wheel=25000
2026-07-07T15:27:43.274+00:00 CAN id=101 dlc=8 data=d8cf0400a8610000
2026-07-07T15:27:43.294+00:00 CAN id=101 dlc=8 data=d8cf0400a8610000
2026-07-07T15:27:43.314+00:00 CAN id=101 dlc=8 data=d8cf0400a8610000
2026-07-07T15:27:43.334+00:00 CAN id=101 dlc=8 data=d8cf0400a8610000
2026-07-07T15:27:43.354+00:00 CAN id=101 dlc=8 data=d8cf0400a8610000
2026-07-07T15:27:43.368+00:00 VCP run=1 step=0 angle=316055 target=315352 err=-703 steer=-351 m1=171/6661 i1=160 t1=29 m2=-220/-10526 i2=-265 t2=28 steerMode=-1932/-323 iSteer=-52530 driveMode=8594/9492 iDrive=212241 scale=0 wheel=25000
2026-07-07T15:27:43.374+00:00 CAN id=101 dlc=8 data=d8cf0400a8610000
2026-07-07T15:27:43.394+00:00 CAN id=101 dlc=8 data=d8cf0400a8610000
2026-07-07T15:27:43.414+00:00 CAN id=101 dlc=8 data=d8cf0400a8610000
2026-07-07T15:27:43.434+00:00 CAN id=101 dlc=8 data=d8cf0400a8610000
2026-07-07T15:27:43.454+00:00 CAN id=101 dlc=8 data=d8cf0400a8610000
2026-07-07T15:27:43.473+00:00 VCP run=1 step=0 angle=315879 target=315352 err=-527 steer=-263 m1=190/7145 i1=176 t1=29 m2=-180/-10043 i2=-218 t2=28 steerMode=-1449/-536 iSteer=-20907 driveMode=8594/9922 iDrive=197070 scale=0 wheel=25000
2026-07-07T15:27:43.474+00:00 CAN id=101 dlc=8 data=d8cf0400a8610000
2026-07-07T15:27:43.494+00:00 CAN id=101 dlc=8 data=d8cf0400a8610000
2026-07-07T15:27:43.514+00:00 CAN id=101 dlc=8 data=d8cf0400a8610000
2026-07-07T15:27:43.534+00:00 CAN id=101 dlc=8 data=d8cf0400a8610000
2026-07-07T15:27:43.554+00:00 CAN id=101 dlc=8 data=d8cf0400a8610000
2026-07-07T15:27:43.574+00:00 CAN id=101 dlc=8 data=d8cf0400a8610000
2026-07-07T15:27:43.594+00:00 CAN id=101 dlc=8 data=d8cf0400a8610000
2026-07-07T15:27:43.614+00:00 CAN id=101 dlc=8 data=d8cf0400a8610000
2026-07-07T15:27:43.634+00:00 CAN id=101 dlc=8 data=d8cf0400a8610000
2026-07-07T15:27:43.654+00:00 CAN id=101 dlc=8 data=d8cf0400a8610000
2026-07-07T15:27:43.656+00:00 VCP run=1 step=0 angle=315879 target=315352 err=-527 steer=-263 m1=165/7145 i1=155 t1=29 m2=-197/-10043 i2=-236 t2=28 steerMode=-1449/-227 iSteer=-40262 driveMode=8594/9900 iDrive=195377 scale=0 wheel=25000
2026-07-07T15:27:43.656+00:00 VCP run=1 step=0 angle=315879 target=315352 err=-527 steer=-263 m1=192/7145 i1=129 t1=29 m2=-147/-10043 i2=-265 t2=28 steerMode=-1449/259 iSteer=-67649 driveMode=8594/9795 iDrive=196865 scale=0 wheel=25000
2026-07-07T15:27:43.674+00:00 CAN id=101 dlc=8 data=d8cf0400a8610000
2026-07-07T15:27:43.694+00:00 CAN id=101 dlc=8 data=d8cf0400a8610000
2026-07-07T15:27:43.714+00:00 CAN id=101 dlc=8 data=d8cf0400a8610000
2026-07-07T15:27:43.734+00:00 CAN id=101 dlc=8 data=d8cf0400a8610000
2026-07-07T15:27:43.754+00:00 CAN id=101 dlc=8 data=d8cf0400a8610000
2026-07-07T15:27:43.761+00:00 VCP SET_TARGET_RX steer=315352 wheel=25000
2026-07-07T15:27:43.761+00:00 VCP run=1 step=0 angle=315703 target=315352 err=-351 steer=0 m1=215/8594 i1=161 t1=29 m2=-141/-8594 i2=-214 t2=28 steerMode=0/869 iSteer=-26488 driveMode=8594/9997 iDrive=187840 scale=0 wheel=25000
2026-07-07T15:27:43.774+00:00 CAN id=101 dlc=8 data=d8cf0400a8610000
2026-07-07T15:27:43.794+00:00 CAN id=101 dlc=8 data=d8cf0400a8610000
2026-07-07T15:27:43.814+00:00 CAN id=101 dlc=8 data=d8cf0400a8610000
2026-07-07T15:27:43.834+00:00 CAN id=101 dlc=8 data=d8cf0400a8610000
2026-07-07T15:27:43.854+00:00 CAN id=101 dlc=8 data=d8cf0400a8610000
2026-07-07T15:27:43.866+00:00 VCP run=1 step=0 angle=315967 target=315352 err=-615 steer=-307 m1=148/6903 i1=153 t1=29 m2=-243/-10284 i2=-275 t2=28 steerMode=-1691/-256 iSteer=-60604 driveMode=8594/9079 iDrive=214102 scale=0 wheel=25000
2026-07-07T15:27:43.874+00:00 CAN id=101 dlc=8 data=d8cf0400a8610000
2026-07-07T15:27:43.894+00:00 CAN id=101 dlc=8 data=d8cf0400a8610000
2026-07-07T15:27:43.914+00:00 CAN id=101 dlc=8 data=d8cf0400a8610000
2026-07-07T15:27:43.934+00:00 CAN id=101 dlc=8 data=d8cf0400a8610000
2026-07-07T15:27:43.954+00:00 CAN id=101 dlc=8 data=d8cf0400a8610000
2026-07-07T15:27:43.970+00:00 VCP run=1 step=0 angle=315967 target=315352 err=-615 steer=-307 m1=140/6903 i1=192 t1=29 m2=-208/-10284 i2=-252 t2=28 steerMode=-1691/-908 iSteer=-30252 driveMode=8594/8782 iDrive=221760 scale=0 wheel=25000
2026-07-07T15:27:43.974+00:00 CAN id=101 dlc=8 data=d8cf0400a8610000
2026-07-07T15:27:43.994+00:00 CAN id=101 dlc=8 data=d8cf0400a8610000
2026-07-07T15:27:44.014+00:00 CAN id=101 dlc=8 data=d8cf0400a8610000
2026-07-07T15:27:44.034+00:00 CAN id=101 dlc=8 data=d8cf0400a8610000
2026-07-07T15:27:44.054+00:00 CAN id=101 dlc=8 data=d8cf0400a8610000
2026-07-07T15:27:44.074+00:00 CAN id=101 dlc=8 data=d8cf0400a8610000
2026-07-07T15:27:44.094+00:00 CAN id=101 dlc=8 data=d8cf0400a8610000
2026-07-07T15:27:44.114+00:00 CAN id=101 dlc=8 data=d8cf0400a8610000
2026-07-07T15:27:44.134+00:00 CAN id=101 dlc=8 data=d8cf0400a8610000
2026-07-07T15:27:44.154+00:00 CAN id=101 dlc=8 data=d8cf0400a8610000
2026-07-07T15:27:44.156+00:00 VCP run=1 step=0 angle=315791 target=315352 err=-439 steer=0 m1=190/8594 i1=187 t1=29 m2=-137/-8594 i2=-223 t2=28 steerMode=0/551 iSteer=-18142 driveMode=8594/9315 iDrive=204695 scale=0 wheel=25000
2026-07-07T15:27:44.156+00:00 VCP run=1 step=0 angle=315703 target=315352 err=-351 steer=0 m1=165/8594 i1=258 t1=29 m2=-168/-8594 i2=-147 t2=28 steerMode=0/-1012 iSteer=55623 driveMode=8594/9348 iDrive=202784 scale=0 wheel=25000
2026-07-07T15:27:44.174+00:00 CAN id=101 dlc=8 data=d8cf0400a8610000
2026-07-07T15:27:44.194+00:00 CAN id=101 dlc=8 data=d8cf0400a8610000
2026-07-07T15:27:44.214+00:00 CAN id=101 dlc=8 data=d8cf0400a8610000
2026-07-07T15:27:44.234+00:00 CAN id=101 dlc=8 data=d8cf0400a8610000
2026-07-07T15:27:44.254+00:00 CAN id=101 dlc=8 data=d8cf0400a8610000
2026-07-07T15:27:44.259+00:00 VCP SET_TARGET_RX steer=315352 wheel=25000
2026-07-07T15:27:44.259+00:00 VCP run=1 step=0 angle=315879 target=315352 err=-527 steer=-263 m1=169/7145 i1=108 t1=29 m2=-116/-10043 i2=-348 t2=28 steerMode=-1449/1049 iSteer=-120091 driveMode=8594/8469 iDrive=227948 scale=0 wheel=25000
2026-07-07T15:27:44.274+00:00 CAN id=101 dlc=8 data=d8cf0400a8610000
2026-07-07T15:27:44.294+00:00 CAN id=101 dlc=8 data=d8cf0400a8610000
2026-07-07T15:27:44.314+00:00 CAN id=101 dlc=8 data=d8cf0400a8610000
2026-07-07T15:27:44.334+00:00 CAN id=101 dlc=8 data=d8cf0400a8610000
2026-07-07T15:27:44.354+00:00 CAN id=101 dlc=8 data=d8cf0400a8610000
2026-07-07T15:27:44.364+00:00 VCP run=1 step=0 angle=315703 target=315352 err=-351 steer=0 m1=167/8594 i1=269 t1=29 m2=-176/-8594 i2=-133 t2=28 steerMode=0/-1292 iSteer=68012 driveMode=8594/9356 iDrive=200843 scale=0 wheel=25000
2026-07-07T15:27:44.374+00:00 CAN id=101 dlc=8 data=d8cf0400a8610000
2026-07-07T15:27:44.394+00:00 CAN id=101 dlc=8 data=d8cf0400a8610000
2026-07-07T15:27:44.414+00:00 CAN id=101 dlc=8 data=d8cf0400a8610000
2026-07-07T15:27:44.434+00:00 CAN id=101 dlc=8 data=d8cf0400a8610000
2026-07-07T15:27:44.454+00:00 CAN id=101 dlc=8 data=d8cf0400a8610000
2026-07-07T15:27:44.469+00:00 VCP run=1 step=0 angle=315967 target=315352 err=-615 steer=-307 m1=186/6903 i1=96 t1=29 m2=-216/-10284 i2=-272 t2=28 steerMode=-1691/86 iSteer=-88450 driveMode=8594/9860 iDrive=183984 scale=0 wheel=25000
2026-07-07T15:27:44.474+00:00 CAN id=101 dlc=8 data=d8cf0400a8610000
2026-07-07T15:27:44.494+00:00 CAN id=101 dlc=8 data=d8cf0400a8610000
2026-07-07T15:27:44.514+00:00 CAN id=101 dlc=8 data=d8cf0400a8610000
2026-07-07T15:27:44.534+00:00 CAN id=101 dlc=8 data=d8cf0400a8610000
2026-07-07T15:27:44.554+00:00 CAN id=101 dlc=8 data=d8cf0400a8610000
2026-07-07T15:27:44.574+00:00 CAN id=101 dlc=8 data=d8cf0400a8610000
2026-07-07T15:27:44.594+00:00 CAN id=101 dlc=8 data=d8cf0400a8610000
2026-07-07T15:27:44.614+00:00 CAN id=101 dlc=8 data=d8cf0400a8610000
2026-07-07T15:27:44.634+00:00 CAN id=101 dlc=8 data=d8cf0400a8610000
2026-07-07T15:27:44.654+00:00 CAN id=101 dlc=8 data=d8cf0400a8610000
2026-07-07T15:27:44.655+00:00 VCP run=1 step=0 angle=315615 target=315352 err=-263 steer=0 m1=173/8594 i1=244 t1=29 m2=-90/-8594 i2=-225 t2=28 steerMode=0/-150 iSteer=9561 driveMode=8594/8131 iDrive=234885 scale=0 wheel=25000
2026-07-07T15:27:44.655+00:00 VCP run=1 step=0 angle=315791 target=315352 err=-439 steer=0 m1=194/8594 i1=184 t1=29 m2=-180/-8594 i2=-201 t2=28 steerMode=0/159 iSteer=-8655 driveMode=8594/9535 iDrive=192678 scale=0 wheel=25000
2026-07-07T15:27:44.674+00:00 CAN id=101 dlc=8 data=d8cf0400a8610000
2026-07-07T15:27:44.694+00:00 CAN id=101 dlc=8 data=d8cf0400a8610000
2026-07-07T15:27:44.714+00:00 CAN id=101 dlc=8 data=d8cf0400a8610000
2026-07-07T15:27:44.734+00:00 CAN id=101 dlc=8 data=d8cf0400a8610000
2026-07-07T15:27:44.754+00:00 CAN id=101 dlc=8 data=d8cf0400a8610000
2026-07-07T15:27:44.760+00:00 VCP SET_TARGET_RX steer=315352 wheel=25000
2026-07-07T15:27:44.760+00:00 VCP run=1 step=0 angle=315703 target=315352 err=-351 steer=0 m1=144/8594 i1=242 t1=29 m2=-126/-8594 i2=-181 t2=28 steerMode=0/-658 iSteer=30927 driveMode=8594/8847 iDrive=211528 scale=0 wheel=25000
2026-07-07T15:27:44.774+00:00 CAN id=101 dlc=8 data=d8cf0400a8610000
2026-07-07T15:27:44.794+00:00 CAN id=101 dlc=8 data=d8cf0400a8610000
2026-07-07T15:27:44.814+00:00 CAN id=101 dlc=8 data=d8cf0400a8610000
2026-07-07T15:27:44.834+00:00 CAN id=101 dlc=8 data=d8cf0400a8610000
2026-07-07T15:27:44.854+00:00 CAN id=101 dlc=8 data=d8cf0400a8610000
2026-07-07T15:27:44.866+00:00 VCP run=1 step=0 angle=315703 target=315352 err=-351 steer=0 m1=223/8594 i1=192 t1=29 m2=-212/-8594 i2=-198 t2=28 steerMode=0/26 iSteer=-3075 driveMode=8594/9379 iDrive=194629 scale=0 wheel=25000
2026-07-07T15:27:44.874+00:00 CAN id=101 dlc=8 data=d8cf0400a8610000
2026-07-07T15:27:44.894+00:00 CAN id=101 dlc=8 data=d8cf0400a8610000
2026-07-07T15:27:44.914+00:00 CAN id=101 dlc=8 data=d8cf0400a8610000
2026-07-07T15:27:44.934+00:00 CAN id=101 dlc=8 data=d8cf0400a8610000
2026-07-07T15:27:44.954+00:00 CAN id=101 dlc=8 data=d8cf0400a8610000
2026-07-07T15:27:44.971+00:00 VCP run=1 step=0 angle=315791 target=315352 err=-439 steer=0 m1=188/8594 i1=176 t1=29 m2=-222/-8594 i2=-187 t2=28 steerMode=0/52 iSteer=-5234 driveMode=8594/9731 iDrive=181361 scale=0 wheel=25000
2026-07-07T15:27:44.974+00:00 CAN id=101 dlc=8 data=d8cf0400a8610000
2026-07-07T15:27:44.994+00:00 CAN id=101 dlc=8 data=d8cf0400a8610000
2026-07-07T15:27:45.014+00:00 CAN id=101 dlc=8 data=d8cf0400a8610000
2026-07-07T15:27:45.034+00:00 CAN id=101 dlc=8 data=d8cf0400a8610000
2026-07-07T15:27:45.054+00:00 CAN id=101 dlc=8 data=d8cf0400a8610000
2026-07-07T15:27:45.074+00:00 CAN id=101 dlc=8 data=d8cf0400a8610000
2026-07-07T15:27:45.094+00:00 CAN id=101 dlc=8 data=d8cf0400a8610000
2026-07-07T15:27:45.114+00:00 CAN id=101 dlc=8 data=d8cf0400a8610000
2026-07-07T15:27:45.134+00:00 CAN id=101 dlc=8 data=d8cf0400a8610000
2026-07-07T15:27:45.154+00:00 CAN id=101 dlc=8 data=d8cf0400a8610000
2026-07-07T15:27:45.156+00:00 VCP run=1 step=0 angle=315791 target=315352 err=-439 steer=0 m1=186/8594 i1=175 t1=29 m2=-157/-8594 i2=-192 t2=28 steerMode=0/116 iSteer=-8465 driveMode=8594/9595 iDrive=183602 scale=0 wheel=25000
2026-07-07T15:27:45.157+00:00 VCP run=1 step=0 angle=315791 target=315352 err=-439 steer=0 m1=171/8594 i1=166 t1=29 m2=-185/-8594 i2=-204 t2=28 steerMode=0/303 iSteer=-18971 driveMode=8594/9489 iDrive=184671 scale=0 wheel=25000
2026-07-07T15:27:45.174+00:00 CAN id=101 dlc=8 data=d8cf0400a8610000
2026-07-07T15:27:45.194+00:00 CAN id=101 dlc=8 data=d8cf0400a8610000
2026-07-07T15:27:45.214+00:00 CAN id=101 dlc=8 data=d8cf0400a8610000
2026-07-07T15:27:45.234+00:00 CAN id=101 dlc=8 data=d8cf0400a8610000
2026-07-07T15:27:45.254+00:00 CAN id=101 dlc=8 data=d8cf0400a8610000
2026-07-07T15:27:45.261+00:00 VCP SET_TARGET_RX steer=315352 wheel=25000
2026-07-07T15:27:45.261+00:00 VCP run=1 step=0 angle=315791 target=315352 err=-439 steer=0 m1=219/8594 i1=130 t1=29 m2=-137/-8594 i2=-207 t2=28 steerMode=0/679 iSteer=-38299 driveMode=8594/9957 iDrive=168279 scale=0 wheel=25000
2026-07-07T15:27:45.274+00:00 CAN id=101 dlc=8 data=d8cf0400a8610000
2026-07-07T15:27:45.294+00:00 CAN id=101 dlc=8 data=d8cf0400a8610000
2026-07-07T15:27:45.314+00:00 CAN id=101 dlc=8 data=d8cf0400a8610000
2026-07-07T15:27:45.334+00:00 CAN id=101 dlc=8 data=d8cf0400a8610000
2026-07-07T15:27:45.354+00:00 CAN id=101 dlc=8 data=d8cf0400a8610000
2026-07-07T15:27:45.366+00:00 VCP run=1 step=0 angle=315791 target=315352 err=-439 steer=-113 m1=167/7970 i1=149 t1=29 m2=-180/-9218 i2=-191 t2=28 steerMode=-624/-332 iSteer=-20893 driveMode=8594/9807 iDrive=170258 scale=0 wheel=25000
2026-07-07T15:27:45.374+00:00 CAN id=101 dlc=8 data=d8cf0400a8610000
2026-07-07T15:27:45.394+00:00 CAN id=101 dlc=8 data=d8cf0400a8610000
2026-07-07T15:27:45.414+00:00 CAN id=101 dlc=8 data=d8cf0400a8610000
2026-07-07T15:27:45.434+00:00 CAN id=101 dlc=8 data=d8cf0400a8610000
2026-07-07T15:27:45.454+00:00 CAN id=101 dlc=8 data=d8cf0400a8610000
2026-07-07T15:27:45.470+00:00 VCP run=1 step=0 angle=315879 target=315352 err=-527 steer=-263 m1=127/7145 i1=163 t1=29 m2=-227/-10043 i2=-202 t2=28 steerMode=-1449/-1215 iSteer=-19904 driveMode=8594/9340 iDrive=182520 scale=0 wheel=25000
2026-07-07T15:27:45.474+00:00 CAN id=101 dlc=8 data=d8cf0400a8610000
2026-07-07T15:27:45.494+00:00 CAN id=101 dlc=8 data=d8cf0400a8610000
2026-07-07T15:27:45.514+00:00 CAN id=101 dlc=8 data=d8cf0400a8610000
2026-07-07T15:27:45.534+00:00 CAN id=101 dlc=8 data=d8cf0400a8610000
2026-07-07T15:27:45.554+00:00 CAN id=101 dlc=8 data=d8cf0400a8610000
2026-07-07T15:27:45.574+00:00 CAN id=101 dlc=8 data=d8cf0400a8610000
2026-07-07T15:27:45.594+00:00 CAN id=101 dlc=8 data=d8cf0400a8610000
2026-07-07T15:27:45.614+00:00 CAN id=101 dlc=8 data=d8cf0400a8610000
2026-07-07T15:27:45.634+00:00 CAN id=101 dlc=8 data=d8cf0400a8610000
2026-07-07T15:27:45.654+00:00 CAN id=101 dlc=8 data=d8cf0400a8610000
2026-07-07T15:27:45.655+00:00 VCP run=1 step=0 angle=315791 target=315352 err=-439 steer=0 m1=163/8594 i1=168 t1=29 m2=-149/-8594 i2=-190 t2=28 steerMode=0/72 iSteer=-11009 driveMode=8594/9391 iDrive=179340 scale=0 wheel=25000
2026-07-07T15:27:45.655+00:00 VCP run=1 step=0 angle=315879 target=315352 err=-527 steer=-263 m1=169/7145 i1=78 t1=29 m2=-128/-10043 i2=-288 t2=28 steerMode=-1449/464 iSteer=-104944 driveMode=8594/9207 iDrive=183411 scale=0 wheel=25000
2026-07-07T15:27:45.674+00:00 CAN id=101 dlc=8 data=d8cf0400a8610000
2026-07-07T15:27:45.694+00:00 CAN id=101 dlc=8 data=d8cf0400a8610000
2026-07-07T15:27:45.714+00:00 CAN id=101 dlc=8 data=d8cf0400a8610000
2026-07-07T15:27:45.734+00:00 CAN id=101 dlc=8 data=d8cf0400a8610000
2026-07-07T15:27:45.754+00:00 CAN id=101 dlc=8 data=d8cf0400a8610000
2026-07-07T15:27:45.760+00:00 VCP SET_TARGET_RX steer=315352 wheel=25000
2026-07-07T15:27:45.760+00:00 VCP run=1 step=0 angle=315791 target=315352 err=-439 steer=0 m1=127/8594 i1=240 t1=29 m2=-170/-8594 i2=-141 t2=28 steerMode=0/-1215 iSteer=49073 driveMode=8594/8941 iDrive=190511 scale=0 wheel=25000
2026-07-07T15:27:45.774+00:00 CAN id=101 dlc=8 data=d8cf0400a8610000
2026-07-07T15:27:45.794+00:00 CAN id=101 dlc=8 data=d8cf0400a8610000
2026-07-07T15:27:45.814+00:00 CAN id=101 dlc=8 data=d8cf0400a8610000
2026-07-07T15:27:45.834+00:00 CAN id=101 dlc=8 data=d8cf0400a8610000
2026-07-07T15:27:45.854+00:00 CAN id=101 dlc=8 data=d8cf0400a8610000
2026-07-07T15:27:45.865+00:00 VCP run=1 step=0 angle=315791 target=315352 err=-439 steer=0 m1=165/8594 i1=159 t1=29 m2=-130/-8594 i2=-253 t2=28 steerMode=0/664 iSteer=-47082 driveMode=8594/8415 iDrive=206278 scale=0 wheel=25000
2026-07-07T15:27:45.874+00:00 CAN id=101 dlc=8 data=d8cf0400a8610000
2026-07-07T15:27:45.894+00:00 CAN id=101 dlc=8 data=d8cf0400a8610000
2026-07-07T15:27:45.914+00:00 CAN id=101 dlc=8 data=d8cf0400a8610000
2026-07-07T15:27:45.934+00:00 CAN id=101 dlc=8 data=d8cf0400a8610000
2026-07-07T15:27:45.954+00:00 CAN id=101 dlc=8 data=d8cf0400a8610000
2026-07-07T15:27:45.969+00:00 VCP run=1 step=0 angle=315967 target=315352 err=-615 steer=-307 m1=142/6903 i1=127 t1=29 m2=-247/-10284 i2=-292 t2=28 steerMode=-1691/-381 iSteer=-82695 driveMode=8594/8309 iDrive=209658 scale=0 wheel=25000
2026-07-07T15:27:45.974+00:00 CAN id=101 dlc=8 data=d8cf0400a8610000
2026-07-07T15:27:45.994+00:00 CAN id=101 dlc=8 data=d8cf0400a8610000
2026-07-07T15:27:46.014+00:00 CAN id=101 dlc=8 data=d8cf0400a8610000
2026-07-07T15:27:46.034+00:00 CAN id=101 dlc=8 data=d8cf0400a8610000
2026-07-07T15:27:46.054+00:00 CAN id=101 dlc=8 data=d8cf0400a8610000
2026-07-07T15:27:46.074+00:00 VCP run=1 step=0 angle=315879 target=315352 err=-527 steer=-263 m1=202/7145 i1=127 t1=29 m2=-216/-10043 i2=-236 t2=28 steerMode=-1449/-728 iSteer=-54308 driveMode=8594/9225 iDrive=181596 scale=0 wheel=25000
2026-07-07T15:27:46.074+00:00 CAN id=101 dlc=8 data=d8cf0400a8610000
2026-07-07T15:27:46.094+00:00 CAN id=101 dlc=8 data=d8cf0400a8610000
2026-07-07T15:27:46.114+00:00 CAN id=101 dlc=8 data=d8cf0400a8610000
2026-07-07T15:27:46.134+00:00 CAN id=101 dlc=8 data=d8cf0400a8610000
2026-07-07T15:27:46.154+00:00 CAN id=101 dlc=8 data=d8cf0400a8610000
2026-07-07T15:27:46.174+00:00 CAN id=101 dlc=8 data=d8cf0400a8610000
2026-07-07T15:27:46.194+00:00 CAN id=101 dlc=8 data=d8cf0400a8610000
2026-07-07T15:27:46.214+00:00 CAN id=101 dlc=8 data=d8cf0400a8610000
2026-07-07T15:27:46.234+00:00 CAN id=101 dlc=8 data=d8cf0400a8610000
2026-07-07T15:27:46.254+00:00 CAN id=101 dlc=8 data=d8cf0400a8610000
2026-07-07T15:27:46.259+00:00 VCP run=1 step=0 angle=315791 target=315352 err=-439 steer=0 m1=154/8594 i1=183 t1=29 m2=-130/-8594 i2=-216 t2=28 steerMode=0/-39 iSteer=-16327 driveMode=8594/8601 iDrive=199769 scale=0 wheel=25000
2026-07-07T15:27:46.259+00:00 VCP SET_TARGET_RX steer=315352 wheel=25000
2026-07-07T15:27:46.259+00:00 VCP run=1 step=0 angle=315791 target=315352 err=-439 steer=0 m1=171/8594 i1=167 t1=29 m2=-203/-8594 i2=-220 t2=28 steerMode=0/130 iSteer=-26759 driveMode=8594/8825 iDrive=193433 scale=0 wheel=25000
2026-07-07T15:27:46.274+00:00 CAN id=101 dlc=8 data=d8cf0400a8610000
2026-07-07T15:27:46.294+00:00 CAN id=101 dlc=8 data=d8cf0400a8610000
2026-07-07T15:27:46.314+00:00 CAN id=101 dlc=8 data=d8cf0400a8610000
2026-07-07T15:27:46.334+00:00 CAN id=101 dlc=8 data=d8cf0400a8610000
2026-07-07T15:27:46.354+00:00 CAN id=101 dlc=8 data=d8cf0400a8610000
2026-07-07T15:27:46.363+00:00 VCP run=1 step=0 angle=315879 target=315352 err=-527 steer=-263 m1=140/7145 i1=168 t1=29 m2=-187/-10043 i2=-273 t2=28 steerMode=-1449/-875 iSteer=-52812 driveMode=8594/7935 iDrive=220546 scale=0 wheel=25000
2026-07-07T15:27:46.374+00:00 CAN id=101 dlc=8 data=d8cf0400a8610000
2026-07-07T15:27:46.394+00:00 CAN id=101 dlc=8 data=d8cf0400a8610000
2026-07-07T15:27:46.414+00:00 CAN id=101 dlc=8 data=d8cf0400a8610000
2026-07-07T15:27:46.434+00:00 CAN id=101 dlc=8 data=d8cf0400a8610000
2026-07-07T15:27:46.454+00:00 CAN id=101 dlc=8 data=d8cf0400a8610000
2026-07-07T15:27:46.468+00:00 VCP run=1 step=0 angle=315703 target=315352 err=-351 steer=0 m1=165/8594 i1=144 t1=29 m2=-208/-8594 i2=-222 t2=28 steerMode=0/333 iSteer=-38772 driveMode=8594/9172 iDrive=183084 scale=0 wheel=25000
2026-07-07T15:27:46.474+00:00 CAN id=101 dlc=8 data=d8cf0400a8610000
2026-07-07T15:27:46.494+00:00 CAN id=101 dlc=8 data=d8cf0400a8610000
2026-07-07T15:27:46.514+00:00 CAN id=101 dlc=8 data=d8cf0400a8610000
2026-07-07T15:27:46.534+00:00 CAN id=101 dlc=8 data=d8cf0400a8610000
2026-07-07T15:27:46.554+00:00 CAN id=101 dlc=8 data=d8cf0400a8610000
2026-07-07T15:27:46.574+00:00 VCP run=1 step=0 angle=315791 target=315352 err=-439 steer=0 m1=179/8594 i1=159 t1=29 m2=-122/-8594 i2=-236 t2=28 steerMode=0/327 iSteer=-38859 driveMode=8594/8679 iDrive=197436 scale=0 wheel=25000
2026-07-07T15:27:46.574+00:00 CAN id=101 dlc=8 data=d8cf0400a8610000
2026-07-07T15:27:46.594+00:00 CAN id=101 dlc=8 data=d8cf0400a8610000
2026-07-07T15:27:46.614+00:00 CAN id=101 dlc=8 data=d8cf0400a8610000
2026-07-07T15:27:46.634+00:00 CAN id=101 dlc=8 data=d8cf0400a8610000
2026-07-07T15:27:46.654+00:00 CAN id=101 dlc=8 data=d8cf0400a8610000
2026-07-07T15:27:46.674+00:00 CAN id=101 dlc=8 data=d8cf0400a8610000
2026-07-07T15:27:46.694+00:00 CAN id=101 dlc=8 data=d8cf0400a8610000
2026-07-07T15:27:46.714+00:00 CAN id=101 dlc=8 data=d8cf0400a8610000
2026-07-07T15:27:46.734+00:00 CAN id=101 dlc=8 data=d8cf0400a8610000
2026-07-07T15:27:46.754+00:00 CAN id=101 dlc=8 data=d8cf0400a8610000
2026-07-07T15:27:46.759+00:00 VCP run=1 step=0 angle=315879 target=315352 err=-527 steer=-263 m1=186/7145 i1=93 t1=29 m2=-164/-10043 i2=-282 t2=28 steerMode=-1449/-22 iSteer=-94784 driveMode=8594/9011 iDrive=187470 scale=0 wheel=25000
2026-07-07T15:27:46.759+00:00 VCP SET_TARGET_RX steer=315352 wheel=25000
2026-07-07T15:27:46.759+00:00 VCP run=1 step=0 angle=315791 target=315352 err=-439 steer=0 m1=156/8594 i1=179 t1=29 m2=-141/-8594 i2=-178 t2=28 steerMode=0/-460 iSteer=501 driveMode=8594/9304 iDrive=178680 scale=0 wheel=25000
2026-07-07T15:27:46.774+00:00 CAN id=101 dlc=8 data=d8cf0400a8610000
2026-07-07T15:27:46.794+00:00 CAN id=101 dlc=8 data=d8cf0400a8610000
2026-07-07T15:27:46.814+00:00 CAN id=101 dlc=8 data=d8cf0400a8610000
2026-07-07T15:27:46.834+00:00 CAN id=101 dlc=8 data=d8cf0400a8610000
2026-07-07T15:27:46.854+00:00 CAN id=101 dlc=8 data=d8cf0400a8610000
2026-07-07T15:27:46.864+00:00 VCP run=1 step=0 angle=315791 target=315352 err=-439 steer=0 m1=154/8594 i1=213 t1=29 m2=-252/-8594 i2=-131 t2=28 steerMode=0/-1327 iSteer=40689 driveMode=8594/9530 iDrive=171900 scale=0 wheel=25000
2026-07-07T15:27:46.874+00:00 CAN id=101 dlc=8 data=d8cf0400a8610000
2026-07-07T15:27:46.894+00:00 CAN id=101 dlc=8 data=d8cf0400a8610000
2026-07-07T15:27:46.914+00:00 CAN id=101 dlc=8 data=d8cf0400a8610000
2026-07-07T15:27:46.934+00:00 CAN id=101 dlc=8 data=d8cf0400a8610000
2026-07-07T15:27:46.954+00:00 CAN id=101 dlc=8 data=d8cf0400a8610000
2026-07-07T15:27:46.969+00:00 VCP run=1 step=0 angle=315527 target=315352 err=-175 steer=0 m1=194/8594 i1=146 t1=29 m2=-120/-8594 i2=-214 t2=28 steerMode=0/229 iSteer=-34201 driveMode=8594/9265 iDrive=179854 scale=0 wheel=25000
2026-07-07T15:27:46.974+00:00 CAN id=101 dlc=8 data=d8cf0400a8610000
2026-07-07T15:27:46.994+00:00 CAN id=101 dlc=8 data=d8cf0400a8610000
2026-07-07T15:27:47.014+00:00 CAN id=101 dlc=8 data=d8cf0400a8610000
2026-07-07T15:27:47.034+00:00 CAN id=101 dlc=8 data=d8cf0400a8610000
2026-07-07T15:27:47.054+00:00 CAN id=101 dlc=8 data=d8cf0400a8610000
2026-07-07T15:27:47.074+00:00 CAN id=101 dlc=8 data=d8cf0400a8610000
2026-07-07T15:27:47.074+00:00 VCP run=1 step=0 angle=315527 target=315352 err=-175 steer=0 m1=182/8594 i1=161 t1=29 m2=-172/-8594 i2=-191 t2=28 steerMode=0/-171 iSteer=-14928 driveMode=8594/9380 iDrive=176427 scale=0 wheel=25000
2026-07-07T15:27:47.094+00:00 CAN id=101 dlc=8 data=d8cf0400a8610000
2026-07-07T15:27:47.114+00:00 CAN id=101 dlc=8 data=d8cf0400a8610000
2026-07-07T15:27:47.134+00:00 CAN id=101 dlc=8 data=d8cf0400a8610000
2026-07-07T15:27:47.154+00:00 CAN id=101 dlc=8 data=d8cf0400a8610000
2026-07-07T15:27:47.174+00:00 CAN id=101 dlc=8 data=d8cf0400a8610000
2026-07-07T15:27:47.194+00:00 CAN id=101 dlc=8 data=d8cf0400a8610000
2026-07-07T15:27:47.214+00:00 CAN id=101 dlc=8 data=d8cf0400a8610000
2026-07-07T15:27:47.234+00:00 CAN id=101 dlc=8 data=d8cf0400a8610000
2026-07-07T15:27:47.254+00:00 CAN id=101 dlc=8 data=d8cf0400a8610000
2026-07-07T15:27:47.259+00:00 VCP run=1 step=0 angle=315527 target=315352 err=-175 steer=0 m1=211/8594 i1=130 t1=29 m2=-208/-8594 i2=-181 t2=28 steerMode=0/47 iSteer=-25886 driveMode=8594/10074 iDrive=155580 scale=0 wheel=25000
2026-07-07T15:27:47.259+00:00 VCP SET_TARGET_RX steer=315352 wheel=25000
2026-07-07T15:27:47.259+00:00 VCP run=1 step=0 angle=315527 target=315352 err=-175 steer=0 m1=175/8594 i1=144 t1=29 m2=-149/-8594 i2=-173 t2=28 steerMode=0/-155 iSteer=-14741 driveMode=8594/9969 iDrive=158732 scale=0 wheel=25000
2026-07-07T15:27:47.274+00:00 CAN id=101 dlc=8 data=d8cf0400a8610000
2026-07-07T15:27:47.294+00:00 CAN id=101 dlc=8 data=d8cf0400a8610000
2026-07-07T15:27:47.314+00:00 CAN id=101 dlc=8 data=d8cf0400a8610000
2026-07-07T15:27:47.334+00:00 CAN id=101 dlc=8 data=d8cf0400a8610000
2026-07-07T15:27:47.354+00:00 CAN id=101 dlc=8 data=d8cf0400a8610000
2026-07-07T15:27:47.364+00:00 VCP run=1 step=0 angle=315439 target=315352 err=-87 steer=0 m1=232/8594 i1=132 t1=29 m2=-256/-8594 i2=-169 t2=28 steerMode=0/-76 iSteer=-18173 driveMode=8594/10247 iDrive=150390 scale=0 wheel=25000
2026-07-07T15:27:47.374+00:00 CAN id=101 dlc=8 data=d8cf0400a8610000
2026-07-07T15:27:47.394+00:00 CAN id=101 dlc=8 data=d8cf0400a8610000
2026-07-07T15:27:47.414+00:00 CAN id=101 dlc=8 data=d8cf0400a8610000
2026-07-07T15:27:47.434+00:00 CAN id=101 dlc=8 data=d8cf0400a8610000
2026-07-07T15:27:47.454+00:00 CAN id=101 dlc=8 data=d8cf0400a8610000
2026-07-07T15:27:47.469+00:00 VCP run=1 step=0 angle=315439 target=315352 err=-87 steer=0 m1=188/8594 i1=141 t1=29 m2=-218/-8594 i2=-170 t2=28 steerMode=0/-149 iSteer=-14383 driveMode=8594/10079 iDrive=155452 scale=0 wheel=25000
2026-07-07T15:27:47.474+00:00 CAN id=101 dlc=8 data=d8cf0400a8610000
2026-07-07T15:27:47.494+00:00 CAN id=101 dlc=8 data=d8cf0400a8610000
2026-07-07T15:27:47.514+00:00 CAN id=101 dlc=8 data=d8cf0400a8610000
2026-07-07T15:27:47.535+00:00 CAN id=101 dlc=8 data=d8cf0400a8610000
2026-07-07T15:27:47.554+00:00 CAN id=101 dlc=8 data=d8cf0400a8610000
2026-07-07T15:27:47.574+00:00 CAN id=101 dlc=8 data=d8cf0400a8610000
2026-07-07T15:27:47.594+00:00 CAN id=101 dlc=8 data=d8cf0400a8610000
2026-07-07T15:27:47.614+00:00 CAN id=101 dlc=8 data=d8cf0400a8610000
2026-07-07T15:27:47.634+00:00 CAN id=101 dlc=8 data=d8cf0400a8610000
2026-07-07T15:27:47.654+00:00 CAN id=101 dlc=8 data=d8cf0400a8610000
2026-07-07T15:27:47.655+00:00 VCP run=1 step=0 angle=315439 target=315352 err=-87 steer=0 m1=234/8594 i1=128 t1=29 m2=-241/-8594 i2=-166 t2=28 steerMode=0/-47 iSteer=-18936 driveMode=8594/10370 iDrive=146698 scale=0 wheel=25000
2026-07-07T15:27:47.655+00:00 VCP run=1 step=0 angle=315352 target=315352 err=0 steer=0 m1=188/8594 i1=148 t1=29 m2=-149/-8594 i2=-193 t2=28 steerMode=0/18 iSteer=-22633 driveMode=8594/9585 iDrive=170272 scale=0 wheel=25000
2026-07-07T15:27:47.674+00:00 CAN id=101 dlc=8 data=d8cf0400a8610000
2026-07-07T15:27:47.694+00:00 CAN id=101 dlc=8 data=d8cf0400a8610000
2026-07-07T15:27:47.714+00:00 CAN id=101 dlc=8 data=d8cf0400a8610000
2026-07-07T15:27:47.734+00:00 CAN id=101 dlc=8 data=d8cf0400a8610000
2026-07-07T15:27:47.754+00:00 CAN id=101 dlc=8 data=d8cf0400a8610000
2026-07-07T15:27:47.760+00:00 VCP SET_TARGET_RX steer=315352 wheel=25000
2026-07-07T15:27:47.760+00:00 VCP run=1 step=0 angle=315264 target=315352 err=88 steer=0 m1=223/8594 i1=132 t1=29 m2=-183/-8594 i2=-170 t2=28 steerMode=0/-51 iSteer=-19253 driveMode=8594/10229 iDrive=150948 scale=0 wheel=25000
2026-07-07T15:27:47.774+00:00 CAN id=101 dlc=8 data=d8cf0400a8610000
2026-07-07T15:27:47.794+00:00 CAN id=101 dlc=8 data=d8cf0400a8610000
2026-07-07T15:27:47.814+00:00 CAN id=101 dlc=8 data=d8cf0400a8610000
2026-07-07T15:27:47.834+00:00 CAN id=101 dlc=8 data=d8cf0400a8610000
2026-07-07T15:27:47.854+00:00 CAN id=101 dlc=8 data=d8cf0400a8610000
2026-07-07T15:27:47.865+00:00 VCP run=1 step=0 angle=315264 target=315352 err=88 steer=0 m1=194/8594 i1=150 t1=29 m2=-212/-8594 i2=-152 t2=28 steerMode=0/-414 iSteer=-971 driveMode=8594/10217 iDrive=151296 scale=0 wheel=25000
2026-07-07T15:27:47.874+00:00 CAN id=101 dlc=8 data=d8cf0400a8610000
2026-07-07T15:27:47.894+00:00 CAN id=101 dlc=8 data=d8cf0400a8610000
2026-07-07T15:27:47.914+00:00 CAN id=101 dlc=8 data=d8cf0400a8610000
2026-07-07T15:27:47.934+00:00 CAN id=101 dlc=8 data=d8cf0400a8610000
2026-07-07T15:27:47.954+00:00 CAN id=101 dlc=8 data=d8cf0400a8610000
2026-07-07T15:27:47.971+00:00 VCP run=1 step=0 angle=315264 target=315352 err=88 steer=0 m1=200/8594 i1=108 t1=29 m2=-168/-8594 i2=-206 t2=28 steerMode=0/553 iSteer=-49068 driveMode=8594/10032 iDrive=156859 scale=0 wheel=25000
2026-07-07T15:27:47.974+00:00 CAN id=101 dlc=8 data=d8cf0400a8610000
2026-07-07T15:27:47.994+00:00 CAN id=101 dlc=8 data=d8cf0400a8610000
2026-07-07T15:27:48.014+00:00 CAN id=101 dlc=8 data=d8cf0400a8610000
2026-07-07T15:27:48.034+00:00 CAN id=101 dlc=8 data=d8cf0400a8610000
2026-07-07T15:27:48.054+00:00 CAN id=101 dlc=8 data=d8cf0400a8610000
2026-07-07T15:27:48.074+00:00 CAN id=101 dlc=8 data=d8cf0400a8610000
2026-07-07T15:27:48.094+00:00 CAN id=101 dlc=8 data=d8cf0400a8610000
2026-07-07T15:27:48.114+00:00 CAN id=101 dlc=8 data=d8cf0400a8610000
2026-07-07T15:27:48.134+00:00 CAN id=101 dlc=8 data=d8cf0400a8610000
2026-07-07T15:27:48.154+00:00 CAN id=101 dlc=8 data=d8cf0400a8610000
2026-07-07T15:27:48.157+00:00 VCP run=1 step=0 angle=315264 target=315352 err=88 steer=0 m1=188/8594 i1=151 t1=29 m2=-243/-8594 i2=-151 t2=28 steerMode=0/-421 iSteer=24 driveMode=8594/10231 iDrive=150883 scale=0 wheel=25000
2026-07-07T15:27:48.157+00:00 VCP run=1 step=0 angle=315264 target=315352 err=88 steer=0 m1=192/8594 i1=139 t1=29 m2=-237/-8594 i2=-182 t2=28 steerMode=0/28 iSteer=-21665 driveMode=8594/9915 iDrive=160371 scale=0 wheel=25000
2026-07-07T15:27:48.174+00:00 CAN id=101 dlc=8 data=d8cf0400a8610000
2026-07-07T15:27:48.194+00:00 CAN id=101 dlc=8 data=d8cf0400a8610000
2026-07-07T15:27:48.214+00:00 CAN id=101 dlc=8 data=d8cf0400a8610000
2026-07-07T15:27:48.234+00:00 CAN id=101 dlc=8 data=d8cf0400a8610000
2026-07-07T15:27:48.254+00:00 CAN id=101 dlc=8 data=d8cf0400a8610000
2026-07-07T15:27:48.263+00:00 VCP SET_TARGET_RX steer=315352 wheel=25000
2026-07-07T15:27:48.263+00:00 VCP run=1 step=0 angle=315264 target=315352 err=88 steer=0 m1=154/8594 i1=166 t1=29 m2=-241/-8594 i2=-179 t2=28 steerMode=0/-264 iSteer=-6633 driveMode=8594/9521 iDrive=172194 scale=0 wheel=25000
2026-07-07T15:27:48.274+00:00 CAN id=101 dlc=8 data=d8cf0400a8610000
2026-07-07T15:27:48.294+00:00 CAN id=101 dlc=8 data=d8cf0400a8610000
2026-07-07T15:27:48.314+00:00 CAN id=101 dlc=8 data=d8cf0400a8610000
2026-07-07T15:27:48.334+00:00 CAN id=101 dlc=8 data=d8cf0400a8610000
2026-07-07T15:27:48.354+00:00 CAN id=101 dlc=8 data=d8cf0400a8610000
2026-07-07T15:27:48.368+00:00 VCP run=1 step=0 angle=315176 target=315352 err=176 steer=0 m1=171/8594 i1=155 t1=29 m2=-195/-8594 i2=-200 t2=28 steerMode=0/49 iSteer=-22492 driveMode=8594/9335 iDrive=177757 scale=0 wheel=25000
2026-07-07T15:27:48.374+00:00 CAN id=101 dlc=8 data=d8cf0400a8610000
2026-07-07T15:27:48.394+00:00 CAN id=101 dlc=8 data=d8cf0400a8610000
2026-07-07T15:27:48.414+00:00 CAN id=101 dlc=8 data=d8cf0400a8610000
2026-07-07T15:27:48.434+00:00 CAN id=101 dlc=8 data=d8cf0400a8610000
2026-07-07T15:27:48.454+00:00 CAN id=101 dlc=8 data=d8cf0400a8610000
2026-07-07T15:27:48.473+00:00 VCP run=1 step=0 angle=315176 target=315352 err=176 steer=0 m1=159/8594 i1=183 t1=29 m2=-172/-8594 i2=-169 t2=28 steerMode=0/-523 iSteer=6740 driveMode=8594/9389 iDrive=176140 scale=0 wheel=25000
2026-07-07T15:27:48.474+00:00 CAN id=101 dlc=8 data=d8cf0400a8610000
2026-07-07T15:27:48.494+00:00 CAN id=101 dlc=8 data=d8cf0400a8610000
2026-07-07T15:27:48.514+00:00 CAN id=101 dlc=8 data=d8cf0400a8610000
2026-07-07T15:27:48.534+00:00 CAN id=101 dlc=8 data=d8cf0400a8610000
2026-07-07T15:27:48.554+00:00 CAN id=101 dlc=8 data=d8cf0400a8610000
2026-07-07T15:27:48.574+00:00 CAN id=101 dlc=8 data=d8cf0400a8610000
2026-07-07T15:27:48.594+00:00 CAN id=101 dlc=8 data=d8cf0400a8610000
2026-07-07T15:27:48.614+00:00 CAN id=101 dlc=8 data=d8cf0400a8610000
2026-07-07T15:27:48.634+00:00 CAN id=101 dlc=8 data=d8cf0400a8610000
2026-07-07T15:27:48.654+00:00 CAN id=101 dlc=8 data=d8cf0400a8610000
2026-07-07T15:27:48.659+00:00 VCP run=1 step=0 angle=315176 target=315352 err=176 steer=0 m1=211/8594 i1=149 t1=29 m2=-155/-8594 i2=-210 t2=28 steerMode=0/224 iSteer=-30882 driveMode=8594/9274 iDrive=179580 scale=0 wheel=25000
2026-07-07T15:27:48.659+00:00 VCP run=1 step=0 angle=315264 target=315352 err=88 steer=0 m1=163/8594 i1=187 t1=29 m2=-137/-8594 i2=-248 t2=28 steerMode=0/200 iSteer=-30578 driveMode=8594/8015 iDrive=217901 scale=0 wheel=25000
2026-07-07T15:27:48.659+00:00 VCP SET_TARGET_RX steer=315352 wheel=25000
2026-07-07T15:27:48.674+00:00 CAN id=101 dlc=8 data=d8cf0400a8610000
2026-07-07T15:27:48.694+00:00 CAN id=101 dlc=8 data=d8cf0400a8610000
2026-07-07T15:27:48.714+00:00 CAN id=101 dlc=8 data=d8cf0400a8610000
2026-07-07T15:27:48.734+00:00 CAN id=101 dlc=8 data=d8cf0400a8610000
2026-07-07T15:27:48.754+00:00 CAN id=101 dlc=8 data=d8cf0400a8610000
2026-07-07T15:27:48.764+00:00 VCP run=1 step=0 angle=315264 target=315352 err=88 steer=0 m1=167/8594 i1=182 t1=29 m2=-247/-8594 i2=-180 t2=28 steerMode=0/-436 iSteer=940 driveMode=8594/9244 iDrive=181072 scale=0 wheel=25000
2026-07-07T15:27:48.774+00:00 CAN id=101 dlc=8 data=d8cf0400a8610000
2026-07-07T15:27:48.794+00:00 CAN id=101 dlc=8 data=d8cf0400a8610000
2026-07-07T15:27:48.814+00:00 CAN id=101 dlc=8 data=d8cf0400a8610000
2026-07-07T15:27:48.834+00:00 CAN id=101 dlc=8 data=d8cf0400a8610000
2026-07-07T15:27:48.854+00:00 CAN id=101 dlc=8 data=d8cf0400a8610000
2026-07-07T15:27:48.869+00:00 VCP run=1 step=0 angle=315352 target=315352 err=0 steer=0 m1=184/8594 i1=169 t1=29 m2=-147/-8594 i2=-194 t2=28 steerMode=0/-153 iSteer=-12710 driveMode=8594/9202 iDrive=181757 scale=0 wheel=25000
2026-07-07T15:27:48.874+00:00 CAN id=101 dlc=8 data=d8cf0400a8610000
2026-07-07T15:27:48.894+00:00 CAN id=101 dlc=8 data=d8cf0400a8610000
2026-07-07T15:27:48.914+00:00 CAN id=101 dlc=8 data=d8cf0400a8610000
2026-07-07T15:27:48.934+00:00 CAN id=101 dlc=8 data=d8cf0400a8610000
2026-07-07T15:27:48.954+00:00 CAN id=101 dlc=8 data=d8cf0400a8610000
2026-07-07T15:27:48.974+00:00 CAN id=101 dlc=8 data=d8cf0400a8610000
2026-07-07T15:27:48.994+00:00 CAN id=101 dlc=8 data=d8cf0400a8610000
2026-07-07T15:27:49.014+00:00 CAN id=101 dlc=8 data=d8cf0400a8610000
2026-07-07T15:27:49.034+00:00 CAN id=101 dlc=8 data=d8cf0400a8610000
2026-07-07T15:27:49.054+00:00 CAN id=101 dlc=8 data=d8cf0400a8610000
2026-07-07T15:27:49.058+00:00 VCP run=1 step=0 angle=315352 target=315352 err=0 steer=0 m1=192/8594 i1=168 t1=29 m2=-193/-8594 i2=-184 t2=28 steerMode=0/-233 iSteer=-8352 driveMode=8594/9395 iDrive=175970 scale=0 wheel=25000
2026-07-07T15:27:49.058+00:00 VCP run=1 step=0 angle=315352 target=315352 err=0 steer=0 m1=207/8594 i1=155 t1=29 m2=-218/-8594 i2=-175 t2=28 steerMode=0/-211 iSteer=-9909 driveMode=8594/9772 iDrive=164652 scale=0 wheel=25000
2026-07-07T15:27:49.074+00:00 CAN id=101 dlc=8 data=d8cf0400a8610000
2026-07-07T15:27:49.094+00:00 CAN id=101 dlc=8 data=d8cf0400a8610000
2026-07-07T15:27:49.114+00:00 CAN id=101 dlc=8 data=d8cf0400a8610000
2026-07-07T15:27:49.134+00:00 CAN id=101 dlc=8 data=d8cf0400a8610000
2026-07-07T15:27:49.154+00:00 BENCH disable sent
2026-07-07T15:27:49.154+00:00 CAN id=121 dlc=2 data=0100
2026-07-07T15:27:49.154+00:00 CAN id=121 dlc=2 data=0100
2026-07-07T15:27:49.259+00:00 VCP run=1 step=0 angle=315352 target=315352 err=0 steer=0 m1=175/8594 i1=149 t1=29 m2=-126/-8594 i2=-256 t2=28 steerMode=0/636 iSteer=-53370 driveMode=8594/8526 iDrive=202234 scale=0 wheel=25000
2026-07-07T15:27:49.259+00:00 VCP UNIT_CTRL enable=0
2026-07-07T15:27:49.259+00:00 VCP UNIT_CTRL enable=0
2026-07-07T15:27:49.259+00:00 VCP STOP: disabled
2026-07-07T15:27:49.555+00:00 BENCH log closed
