2026-07-07T14:47:43.318+00:00 BENCH log opened: firmware/logs/friction-id-v2-rpm500.log
2026-07-07T14:47:43.319+00:00 BENCH run: steer=315.352deg (315352mdeg) wheel=500.0rpm (500000milli-rpm) rate=50.0Hz duration=8.0s
2026-07-07T14:47:43.319+00:00 BENCH enable sent
2026-07-07T14:47:43.319+00:00 CAN id=121 dlc=2 data=0101
2026-07-07T14:47:43.319+00:00 CAN id=101 dlc=8 data=d8cf040020a10700
2026-07-07T14:47:43.338+00:00 VCP NIT_CTRL enable=0
2026-07-07T14:47:43.338+00:00 VCP UNIT_CTRL enable=0
2026-07-07T14:47:43.338+00:00 VCP UNIT_CTRL enable=1
2026-07-07T14:47:43.338+00:00 VCP SET_TARGET_RX steer=315352 wheel=500000
2026-07-07T14:47:43.338+00:00 VCP START_CAN: angle=334775 target=315352 wheelTarget=500000
2026-07-07T14:47:43.339+00:00 CAN id=101 dlc=8 data=d8cf040020a10700
2026-07-07T14:47:43.359+00:00 CAN id=101 dlc=8 data=d8cf040020a10700
2026-07-07T14:47:43.379+00:00 CAN id=101 dlc=8 data=d8cf040020a10700
2026-07-07T14:47:43.399+00:00 CAN id=101 dlc=8 data=d8cf040020a10700
2026-07-07T14:47:43.419+00:00 CAN id=101 dlc=8 data=d8cf040020a10700
2026-07-07T14:47:43.438+00:00 VCP run=1 step=0 angle=334775 target=315352 err=-19423 steer=-250 m1=0/-1031 i1=-67 t1=27 m2=0/-1719 i2=-71 t2=27 steerMode=-1375/0 iSteer=-68956 driveMode=344/0 iDrive=1753 scale=0 wheel=1000
2026-07-07T14:47:43.439+00:00 CAN id=101 dlc=8 data=d8cf040020a10700
2026-07-07T14:47:43.459+00:00 CAN id=101 dlc=8 data=d8cf040020a10700
2026-07-07T14:47:43.479+00:00 CAN id=101 dlc=8 data=d8cf040020a10700
2026-07-07T14:47:43.499+00:00 CAN id=101 dlc=8 data=d8cf040020a10700
2026-07-07T14:47:43.519+00:00 CAN id=101 dlc=8 data=d8cf040020a10700
2026-07-07T14:47:43.539+00:00 CAN id=101 dlc=8 data=d8cf040020a10700
2026-07-07T14:47:43.541+00:00 VCP run=1 step=0 angle=334775 target=315352 err=-19423 steer=-4650 m1=-185/-19181 i1=-1166 t1=27 m2=-47/-31969 i2=-1255 t2=27 steerMode=-25575/-2074 iSteer=-1210295 driveMode=6394/-1269 iDrive=44472 scale=0 wheel=18600
2026-07-07T14:47:43.559+00:00 CAN id=101 dlc=8 data=d8cf040020a10700
2026-07-07T14:47:43.579+00:00 CAN id=101 dlc=8 data=d8cf040020a10700
2026-07-07T14:47:43.599+00:00 CAN id=101 dlc=8 data=d8cf040020a10700
2026-07-07T14:47:43.619+00:00 CAN id=101 dlc=8 data=d8cf040020a10700
2026-07-07T14:47:43.639+00:00 CAN id=101 dlc=8 data=d8cf040020a10700
2026-07-07T14:47:43.659+00:00 CAN id=101 dlc=8 data=d8cf040020a10700
2026-07-07T14:47:43.679+00:00 CAN id=101 dlc=8 data=d8cf040020a10700
2026-07-07T14:47:43.699+00:00 CAN id=101 dlc=8 data=d8cf040020a10700
2026-07-07T14:47:43.719+00:00 CAN id=101 dlc=8 data=d8cf040020a10700
2026-07-07T14:47:43.727+00:00 VCP run=1 step=0 angle=325195 target=315352 err=-9843 steer=-4922 m1=-561/-14350 i1=96 t1=27 m2=-501/-39788 i2=-116 t2=27 steerMode=-27069/-28039 iSteer=-9716 driveMode=12719/-2647 iDrive=106211 scale=0 wheel=37000
2026-07-07T14:47:43.727+00:00 VCP run=1 step=0 angle=317813 target=315352 err=-2460 steer=-1230 m1=-21/12277 i1=224 t1=27 m2=-97/-25810 i2=-75 t2=27 steerMode=-6766/-9085 iSteer=74579 driveMode=19044/1191 iDrive=149336 scale=0 wheel=55400
2026-07-07T14:47:43.739+00:00 CAN id=101 dlc=8 data=d8cf040020a10700
2026-07-07T14:47:43.759+00:00 CAN id=101 dlc=8 data=d8cf040020a10700
2026-07-07T14:47:43.779+00:00 CAN id=101 dlc=8 data=d8cf040020a10700
2026-07-07T14:47:43.799+00:00 CAN id=101 dlc=8 data=d8cf040020a10700
2026-07-07T14:47:43.819+00:00 CAN id=101 dlc=8 data=d8cf040020a10700
2026-07-07T14:47:43.828+00:00 VCP run=1 step=0 angle=317022 target=315352 err=-1669 steer=-835 m1=0/20846 i1=56 t1=27 m2=-130/-30029 i2=-373 t2=27 steerMode=-4591/-2427 iSteer=-158612 driveMode=25437/2444 iDrive=214402 scale=0 wheel=74000
2026-07-07T14:47:43.828+00:00 VCP SET_TARGET_RX steer=315352 wheel=500000
2026-07-07T14:47:43.839+00:00 CAN id=101 dlc=8 data=d8cf040020a10700
2026-07-07T14:47:43.859+00:00 CAN id=101 dlc=8 data=d8cf040020a10700
2026-07-07T14:47:43.879+00:00 CAN id=101 dlc=8 data=d8cf040020a10700
2026-07-07T14:47:43.899+00:00 CAN id=101 dlc=8 data=d8cf040020a10700
2026-07-07T14:47:43.919+00:00 CAN id=101 dlc=8 data=d8cf040020a10700
2026-07-07T14:47:43.933+00:00 VCP run=1 step=0 angle=315527 target=315352 err=-175 steer=0 m1=0/31831 i1=386 t1=27 m2=-74/-31831 i2=-198 t2=27 steerMode=0/-2836 iSteer=93841 driveMode=31831/2868 iDrive=291803 scale=0 wheel=92600
2026-07-07T14:47:43.939+00:00 CAN id=101 dlc=8 data=d8cf040020a10700
2026-07-07T14:47:43.959+00:00 CAN id=101 dlc=8 data=d8cf040020a10700
2026-07-07T14:47:43.979+00:00 CAN id=101 dlc=8 data=d8cf040020a10700
2026-07-07T14:47:43.999+00:00 CAN id=101 dlc=8 data=d8cf040020a10700
2026-07-07T14:47:44.019+00:00 CAN id=101 dlc=8 data=d8cf040020a10700
2026-07-07T14:47:44.037+00:00 VCP run=1 step=0 angle=314648 target=315352 err=704 steer=352 m1=110/40160 i1=458 t1=27 m2=-128/-36290 i2=-292 t2=27 steerMode=1935/-551 iSteer=83118 driveMode=38225/4718 iDrive=374630 scale=0 wheel=111199
2026-07-07T14:47:44.039+00:00 CAN id=101 dlc=8 data=d8cf040020a10700
2026-07-07T14:47:44.059+00:00 CAN id=101 dlc=8 data=d8cf040020a10700
2026-07-07T14:47:44.079+00:00 CAN id=101 dlc=8 data=d8cf040020a10700
2026-07-07T14:47:44.099+00:00 CAN id=101 dlc=8 data=d8cf040020a10700
2026-07-07T14:47:44.119+00:00 CAN id=101 dlc=8 data=d8cf040020a10700
2026-07-07T14:47:44.139+00:00 CAN id=101 dlc=8 data=d8cf040020a10700
2026-07-07T14:47:44.159+00:00 CAN id=101 dlc=8 data=d8cf040020a10700
2026-07-07T14:47:44.179+00:00 CAN id=101 dlc=8 data=d8cf040020a10700
2026-07-07T14:47:44.199+00:00 CAN id=101 dlc=8 data=d8cf040020a10700
2026-07-07T14:47:44.219+00:00 CAN id=101 dlc=8 data=d8cf040020a10700
2026-07-07T14:47:44.225+00:00 VCP run=1 step=0 angle=315088 target=315352 err=264 steer=0 m1=355/44618 i1=267 t1=27 m2=-252/-44618 i2=-559 t2=27 steerMode=0/2075 iSteer=-145853 driveMode=44618/15165 iDrive=412831 scale=0 wheel=129799
2026-07-07T14:47:44.225+00:00 VCP run=1 step=0 angle=315000 target=315352 err=352 steer=0 m1=565/51012 i1=409 t1=27 m2=-580/-51012 i2=-457 t2=27 steerMode=0/-372 iSteer=-23944 driveMode=51012/27346 iDrive=433331 scale=0 wheel=148399
2026-07-07T14:47:44.239+00:00 CAN id=101 dlc=8 data=d8cf040020a10700
2026-07-07T14:47:44.259+00:00 CAN id=101 dlc=8 data=d8cf040020a10700
2026-07-07T14:47:44.279+00:00 CAN id=101 dlc=8 data=d8cf040020a10700
2026-07-07T14:47:44.299+00:00 CAN id=101 dlc=8 data=d8cf040020a10700
2026-07-07T14:47:44.319+00:00 CAN id=101 dlc=8 data=d8cf040020a10700
2026-07-07T14:47:44.326+00:00 VCP run=1 step=0 angle=315000 target=315352 err=352 steer=0 m1=809/57406 i1=382 t1=27 m2=-764/-57406 i2=-498 t2=27 steerMode=0/309 iSteer=-58136 driveMode=57406/40089 iDrive=439684 scale=0 wheel=166999
2026-07-07T14:47:44.326+00:00 VCP SET_TARGET_RX steer=315352 wheel=500000
2026-07-07T14:47:44.339+00:00 CAN id=101 dlc=8 data=d8cf040020a10700
2026-07-07T14:47:44.359+00:00 CAN id=101 dlc=8 data=d8cf040020a10700
2026-07-07T14:47:44.379+00:00 CAN id=101 dlc=8 data=d8cf040020a10700
2026-07-07T14:47:44.399+00:00 CAN id=101 dlc=8 data=d8cf040020a10700
2026-07-07T14:47:44.419+00:00 CAN id=101 dlc=8 data=d8cf040020a10700
2026-07-07T14:47:44.431+00:00 VCP run=1 step=0 angle=315000 target=315352 err=352 steer=0 m1=1025/63799 i1=408 t1=27 m2=-1053/-63799 i2=-461 t2=27 steerMode=0/-325 iSteer=-26485 driveMode=63799/52732 iDrive=434743 scale=0 wheel=185599
2026-07-07T14:47:44.439+00:00 CAN id=101 dlc=8 data=d8cf040020a10700
2026-07-07T14:47:44.459+00:00 CAN id=101 dlc=8 data=d8cf040020a10700
2026-07-07T14:47:44.479+00:00 CAN id=101 dlc=8 data=d8cf040020a10700
2026-07-07T14:47:44.499+00:00 CAN id=101 dlc=8 data=d8cf040020a10700
2026-07-07T14:47:44.519+00:00 CAN id=101 dlc=8 data=d8cf040020a10700
2026-07-07T14:47:44.535+00:00 VCP run=1 step=0 angle=314912 target=315352 err=440 steer=0 m1=1305/70193 i1=398 t1=27 m2=-1304/-70193 i2=-432 t2=27 steerMode=0/-478 iSteer=-17242 driveMode=70193/65825 iDrive=415131 scale=0 wheel=204198
2026-07-07T14:47:44.539+00:00 CAN id=101 dlc=8 data=d8cf040020a10700
2026-07-07T14:47:44.559+00:00 CAN id=101 dlc=8 data=d8cf040020a10700
2026-07-07T14:47:44.579+00:00 CAN id=101 dlc=8 data=d8cf040020a10700
2026-07-07T14:47:44.599+00:00 CAN id=101 dlc=8 data=d8cf040020a10700
2026-07-07T14:47:44.619+00:00 CAN id=101 dlc=8 data=d8cf040020a10700
2026-07-07T14:47:44.639+00:00 CAN id=101 dlc=8 data=d8cf040020a10700
2026-07-07T14:47:44.640+00:00 VCP run=1 step=0 angle=315000 target=315352 err=352 steer=0 m1=1500/76587 i1=334 t1=27 m2=-1484/-76587 i2=-461 t2=27 steerMode=0/442 iSteer=-63789 driveMode=76587/76509 iDrive=397553 scale=0 wheel=222798
2026-07-07T14:47:44.659+00:00 CAN id=101 dlc=8 data=d8cf040020a10700
2026-07-07T14:47:44.679+00:00 CAN id=101 dlc=8 data=d8cf040020a10700
2026-07-07T14:47:44.699+00:00 CAN id=101 dlc=8 data=d8cf040020a10700
2026-07-07T14:47:44.719+00:00 CAN id=101 dlc=8 data=d8cf040020a10700
2026-07-07T14:47:44.739+00:00 CAN id=101 dlc=8 data=d8cf040020a10700
2026-07-07T14:47:44.759+00:00 CAN id=101 dlc=8 data=d8cf040020a10700
2026-07-07T14:47:44.779+00:00 CAN id=101 dlc=8 data=d8cf040020a10700
2026-07-07T14:47:44.799+00:00 CAN id=101 dlc=8 data=d8cf040020a10700
2026-07-07T14:47:44.819+00:00 CAN id=101 dlc=8 data=d8cf040020a10700
2026-07-07T14:47:44.824+00:00 VCP run=1 step=0 angle=315000 target=315352 err=352 steer=0 m1=1707/82980 i1=306 t1=27 m2=-1673/-82980 i2=-439 t2=27 steerMode=0/500 iSteer=-66257 driveMode=82980/87081 iDrive=372454 scale=0 wheel=241398
2026-07-07T14:47:44.824+00:00 VCP run=1 step=0 angle=315176 target=315352 err=176 steer=0 m1=1883/89374 i1=319 t1=27 m2=-1880/-89374 i2=-364 t2=27 steerMode=0/-355 iSteer=-22634 driveMode=89374/97315 iDrive=341526 scale=0 wheel=259998
2026-07-07T14:47:44.824+00:00 VCP SET_TARGET_RX steer=315352 wheel=500000
2026-07-07T14:47:44.839+00:00 CAN id=101 dlc=8 data=d8cf040020a10700
2026-07-07T14:47:44.859+00:00 CAN id=101 dlc=8 data=d8cf040020a10700
2026-07-07T14:47:44.879+00:00 CAN id=101 dlc=8 data=d8cf040020a10700
2026-07-07T14:47:44.899+00:00 CAN id=101 dlc=8 data=d8cf040020a10700
2026-07-07T14:47:44.919+00:00 CAN id=101 dlc=8 data=d8cf040020a10700
2026-07-07T14:47:44.928+00:00 VCP run=1 step=0 angle=315000 target=315352 err=352 steer=0 m1=2027/95768 i1=245 t1=27 m2=-2009/-95768 i2=-387 t2=27 steerMode=0/611 iSteer=-71194 driveMode=95768/105346 iDrive=315978 scale=0 wheel=278599
2026-07-07T14:47:44.939+00:00 CAN id=101 dlc=8 data=d8cf040020a10700
2026-07-07T14:47:44.959+00:00 CAN id=101 dlc=8 data=d8cf040020a10700
2026-07-07T14:47:44.979+00:00 CAN id=101 dlc=8 data=d8cf040020a10700
2026-07-07T14:47:44.999+00:00 CAN id=101 dlc=8 data=d8cf040020a10700
2026-07-07T14:47:45.019+00:00 CAN id=101 dlc=8 data=d8cf040020a10700
2026-07-07T14:47:45.033+00:00 VCP run=1 step=0 angle=315176 target=315352 err=176 steer=0 m1=2126/102162 i1=287 t1=27 m2=-2137/-102162 i2=-323 t2=27 steerMode=0/-475 iSteer=-17896 driveMode=102162/110682 iDrive=304641 scale=0 wheel=297200
2026-07-07T14:47:45.039+00:00 CAN id=101 dlc=8 data=d8cf040020a10700
2026-07-07T14:47:45.059+00:00 CAN id=101 dlc=8 data=d8cf040020a10700
2026-07-07T14:47:45.079+00:00 CAN id=101 dlc=8 data=d8cf040020a10700
2026-07-07T14:47:45.099+00:00 CAN id=101 dlc=8 data=d8cf040020a10700
2026-07-07T14:47:45.119+00:00 CAN id=101 dlc=8 data=d8cf040020a10700
2026-07-07T14:47:45.137+00:00 VCP run=1 step=0 angle=314912 target=315352 err=440 steer=0 m1=2218/108557 i1=249 t1=27 m2=-2221/-108557 i2=-343 t2=27 steerMode=0/121 iSteer=-46897 driveMode=108557/115830 iDrive=295909 scale=0 wheel=315801
2026-07-07T14:47:45.139+00:00 CAN id=101 dlc=8 data=d8cf040020a10700
2026-07-07T14:47:45.159+00:00 CAN id=101 dlc=8 data=d8cf040020a10700
2026-07-07T14:47:45.179+00:00 CAN id=101 dlc=8 data=d8cf040020a10700
2026-07-07T14:47:45.199+00:00 CAN id=101 dlc=8 data=d8cf040020a10700
2026-07-07T14:47:45.219+00:00 CAN id=101 dlc=8 data=d8cf040020a10700
2026-07-07T14:47:45.239+00:00 CAN id=101 dlc=8 data=d8cf040020a10700
2026-07-07T14:47:45.259+00:00 CAN id=101 dlc=8 data=d8cf040020a10700
2026-07-07T14:47:45.279+00:00 CAN id=101 dlc=8 data=d8cf040020a10700
2026-07-07T14:47:45.299+00:00 CAN id=101 dlc=8 data=d8cf040020a10700
2026-07-07T14:47:45.319+00:00 CAN id=101 dlc=8 data=d8cf040020a10700
2026-07-07T14:47:45.320+00:00 VCP run=1 step=0 angle=315352 target=315352 err=0 steer=0 m1=2280/114951 i1=234 t1=27 m2=-2248/-114951 i2=-366 t2=27 steerMode=0/488 iSteer=-66002 driveMode=114951/119151 iDrive=300475 scale=0 wheel=334402
2026-07-07T14:47:45.320+00:00 VCP run=1 step=0 angle=315264 target=315352 err=88 steer=0 m1=2393/121345 i1=282 t1=27 m2=-2376/-121345 i2=-312 t2=27 steerMode=0/-531 iSteer=-14882 driveMode=121345/124900 iDrive=296932 scale=0 wheel=353003
2026-07-07T14:47:45.339+00:00 CAN id=101 dlc=8 data=d8cf040020a10700
2026-07-07T14:47:45.359+00:00 CAN id=101 dlc=8 data=d8cf040020a10700
2026-07-07T14:47:45.379+00:00 CAN id=101 dlc=8 data=d8cf040020a10700
2026-07-07T14:47:45.399+00:00 CAN id=101 dlc=8 data=d8cf040020a10700
2026-07-07T14:47:45.419+00:00 CAN id=101 dlc=8 data=d8cf040020a10700
2026-07-07T14:47:45.424+00:00 VCP SET_TARGET_RX steer=315352 wheel=500000
2026-07-07T14:47:45.425+00:00 VCP run=1 step=0 angle=315176 target=315352 err=176 steer=0 m1=2506/127739 i1=256 t1=27 m2=-2499/-127739 i2=-324 t2=27 steerMode=0/-129 iSteer=-33884 driveMode=127739/131330 iDrive=289972 scale=0 wheel=371604
2026-07-07T14:47:45.439+00:00 CAN id=101 dlc=8 data=d8cf040020a10700
2026-07-07T14:47:45.459+00:00 CAN id=101 dlc=8 data=d8cf040020a10700
2026-07-07T14:47:45.479+00:00 CAN id=101 dlc=8 data=d8cf040020a10700
2026-07-07T14:47:45.499+00:00 CAN id=101 dlc=8 data=d8cf040020a10700
2026-07-07T14:47:45.519+00:00 CAN id=101 dlc=8 data=d8cf040020a10700
2026-07-07T14:47:45.529+00:00 VCP run=1 step=0 angle=315176 target=315352 err=176 steer=0 m1=2594/134064 i1=240 t1=27 m2=-2595/-134064 i2=-352 t2=27 steerMode=0/291 iSteer=-56093 driveMode=134064/135509 iDrive=295745 scale=0 wheel=390005
2026-07-07T14:47:45.539+00:00 CAN id=101 dlc=8 data=d8cf040020a10700
2026-07-07T14:47:45.559+00:00 CAN id=101 dlc=8 data=d8cf040020a10700
2026-07-07T14:47:45.579+00:00 CAN id=101 dlc=8 data=d8cf040020a10700
2026-07-07T14:47:45.599+00:00 CAN id=101 dlc=8 data=d8cf040020a10700
2026-07-07T14:47:45.619+00:00 CAN id=101 dlc=8 data=d8cf040020a10700
2026-07-07T14:47:45.633+00:00 VCP run=1 step=0 angle=315176 target=315352 err=176 steer=0 m1=2663/140458 i1=255 t1=27 m2=-2639/-140458 i2=-356 t2=27 steerMode=0/187 iSteer=-50575 driveMode=140458/139753 iDrive=305850 scale=0 wheel=408606
2026-07-07T14:47:45.639+00:00 CAN id=101 dlc=8 data=d8cf040020a10700
2026-07-07T14:47:45.659+00:00 CAN id=101 dlc=8 data=d8cf040020a10700
2026-07-07T14:47:45.679+00:00 CAN id=101 dlc=8 data=d8cf040020a10700
2026-07-07T14:47:45.699+00:00 CAN id=101 dlc=8 data=d8cf040020a10700
2026-07-07T14:47:45.719+00:00 CAN id=101 dlc=8 data=d8cf040020a10700
2026-07-07T14:47:45.737+00:00 VCP run=1 step=0 angle=315176 target=315352 err=176 steer=0 m1=2772/146852 i1=290 t1=27 m2=-2817/-146852 i2=-336 t2=27 steerMode=0/-372 iSteer=-22735 driveMode=146852/145253 iDrive=312906 scale=0 wheel=427207
2026-07-07T14:47:45.739+00:00 CAN id=101 dlc=8 data=d8cf040020a10700
2026-07-07T14:47:45.759+00:00 CAN id=101 dlc=8 data=d8cf040020a10700
2026-07-07T14:47:45.779+00:00 CAN id=101 dlc=8 data=d8cf040020a10700
2026-07-07T14:47:45.799+00:00 CAN id=101 dlc=8 data=d8cf040020a10700
2026-07-07T14:47:45.819+00:00 CAN id=101 dlc=8 data=d8cf040020a10700
2026-07-07T14:47:45.839+00:00 VCP run=1 step=0 angle=315088 target=315352 err=264 steer=0 m1=2950/153246 i1=282 t1=27 m2=-2941/-153246 i2=-338 t2=27 steerMode=0/-251 iSteer=-28096 driveMode=153246/152608 iDrive=310213 scale=0 wheel=445808
2026-07-07T14:47:45.839+00:00 VCP SET_TARGET_RX steer=315352 wheel=500000
2026-07-07T14:47:45.839+00:00 CAN id=101 dlc=8 data=d8cf040020a10700
2026-07-07T14:47:45.859+00:00 CAN id=101 dlc=8 data=d8cf040020a10700
2026-07-07T14:47:45.879+00:00 CAN id=101 dlc=8 data=d8cf040020a10700
2026-07-07T14:47:45.899+00:00 CAN id=101 dlc=8 data=d8cf040020a10700
2026-07-07T14:47:45.919+00:00 CAN id=101 dlc=8 data=d8cf040020a10700
2026-07-07T14:47:45.939+00:00 CAN id=101 dlc=8 data=d8cf040020a10700
2026-07-07T14:47:45.959+00:00 CAN id=101 dlc=8 data=d8cf040020a10700
2026-07-07T14:47:45.979+00:00 CAN id=101 dlc=8 data=d8cf040020a10700
2026-07-07T14:47:45.999+00:00 CAN id=101 dlc=8 data=d8cf040020a10700
2026-07-07T14:47:46.019+00:00 CAN id=101 dlc=8 data=d8cf040020a10700
2026-07-07T14:47:46.025+00:00 VCP run=1 step=0 angle=315000 target=315352 err=352 steer=0 m1=3055/159641 i1=254 t1=27 m2=-3045/-159641 i2=-370 t2=27 steerMode=0/335 iSteer=-58047 driveMode=159641/158801 iDrive=312439 scale=0 wheel=464409
2026-07-07T14:47:46.025+00:00 VCP run=1 step=0 angle=315088 target=315352 err=264 steer=0 m1=3143/165966 i1=281 t1=27 m2=-3125/-165966 i2=-352 t2=27 steerMode=0/-95 iSteer=-35822 driveMode=165966/164596 iDrive=316596 scale=0 wheel=482810
2026-07-07T14:47:46.039+00:00 CAN id=101 dlc=8 data=d8cf040020a10700
2026-07-07T14:47:46.059+00:00 CAN id=101 dlc=8 data=d8cf040020a10700
2026-07-07T14:47:46.079+00:00 CAN id=101 dlc=8 data=d8cf040020a10700
2026-07-07T14:47:46.099+00:00 CAN id=101 dlc=8 data=d8cf040020a10700
2026-07-07T14:47:46.119+00:00 CAN id=101 dlc=8 data=d8cf040020a10700
2026-07-07T14:47:46.130+00:00 VCP run=1 step=0 angle=315176 target=315352 err=176 steer=0 m1=3247/171875 i1=279 t1=27 m2=-3292/-171875 i2=-362 t2=27 steerMode=0/7 iSteer=-41812 driveMode=171875/170473 iDrive=320420 scale=0 wheel=500000
2026-07-07T14:47:46.139+00:00 CAN id=101 dlc=8 data=d8cf040020a10700
2026-07-07T14:47:46.159+00:00 CAN id=101 dlc=8 data=d8cf040020a10700
2026-07-07T14:47:46.179+00:00 CAN id=101 dlc=8 data=d8cf040020a10700
2026-07-07T14:47:46.199+00:00 CAN id=101 dlc=8 data=d8cf040020a10700
2026-07-07T14:47:46.219+00:00 CAN id=101 dlc=8 data=d8cf040020a10700
2026-07-07T14:47:46.234+00:00 VCP run=1 step=0 angle=314912 target=315352 err=440 steer=0 m1=3421/171875 i1=251 t1=27 m2=-3405/-171875 i2=-301 t2=27 steerMode=0/-306 iSteer=-24830 driveMode=171875/178338 iDrive=275861 scale=0 wheel=500000
2026-07-07T14:47:46.239+00:00 CAN id=101 dlc=8 data=d8cf040020a10700
2026-07-07T14:47:46.259+00:00 CAN id=101 dlc=8 data=d8cf040020a10700
2026-07-07T14:47:46.279+00:00 CAN id=101 dlc=8 data=d8cf040020a10700
2026-07-07T14:47:46.299+00:00 CAN id=101 dlc=8 data=d8cf040020a10700
2026-07-07T14:47:46.319+00:00 CAN id=101 dlc=8 data=d8cf040020a10700
2026-07-07T14:47:46.335+00:00 VCP run=1 step=0 angle=315088 target=315352 err=264 steer=0 m1=3471/171875 i1=185 t1=27 m2=-3455/-171875 i2=-301 t2=27 steerMode=0/350 iSteer=-58217 driveMode=171875/181771 iDrive=243214 scale=0 wheel=500000
2026-07-07T14:47:46.335+00:00 VCP SET_TARGET_RX steer=315352 wheel=500000
2026-07-07T14:47:46.339+00:00 CAN id=101 dlc=8 data=d8cf040020a10700
2026-07-07T14:47:46.359+00:00 CAN id=101 dlc=8 data=d8cf040020a10700
2026-07-07T14:47:46.379+00:00 CAN id=101 dlc=8 data=d8cf040020a10700
2026-07-07T14:47:46.399+00:00 CAN id=101 dlc=8 data=d8cf040020a10700
2026-07-07T14:47:46.419+00:00 CAN id=101 dlc=8 data=d8cf040020a10700
2026-07-07T14:47:46.439+00:00 VCP run=1 step=0 angle=315176 target=315352 err=176 steer=0 m1=3509/171875 i1=173 t1=27 m2=-3512/-171875 i2=-255 t2=27 steerMode=0/19 iSteer=-41256 driveMode=171875/183524 iDrive=214086 scale=0 wheel=500000
2026-07-07T14:47:46.439+00:00 CAN id=101 dlc=8 data=d8cf040020a10700
2026-07-07T14:47:46.459+00:00 CAN id=101 dlc=8 data=d8cf040020a10700
2026-07-07T14:47:46.479+00:00 CAN id=101 dlc=8 data=d8cf040020a10700
2026-07-07T14:47:46.499+00:00 CAN id=101 dlc=8 data=d8cf040020a10700
2026-07-07T14:47:46.519+00:00 CAN id=101 dlc=8 data=d8cf040020a10700
2026-07-07T14:47:46.539+00:00 CAN id=101 dlc=8 data=d8cf040020a10700
2026-07-07T14:47:46.559+00:00 CAN id=101 dlc=8 data=d8cf040020a10700
2026-07-07T14:47:46.579+00:00 CAN id=101 dlc=8 data=d8cf040020a10700
2026-07-07T14:47:46.599+00:00 CAN id=101 dlc=8 data=d8cf040020a10700
2026-07-07T14:47:46.619+00:00 CAN id=101 dlc=8 data=d8cf040020a10700
2026-07-07T14:47:46.625+00:00 VCP run=1 step=0 angle=315264 target=315352 err=88 steer=0 m1=3507/171875 i1=158 t1=27 m2=-3524/-171875 i2=-210 t2=27 steerMode=0/-273 iSteer=-25983 driveMode=171875/184884 iDrive=184296 scale=0 wheel=500000
2026-07-07T14:47:46.625+00:00 VCP run=1 step=0 angle=315000 target=315352 err=352 steer=0 m1=3469/171875 i1=105 t1=27 m2=-3447/-171875 i2=-242 t2=27 steerMode=0/548 iSteer=-68695 driveMode=171875/182549 iDrive=173591 scale=0 wheel=500000
2026-07-07T14:47:46.639+00:00 CAN id=101 dlc=8 data=d8cf040020a10700
2026-07-07T14:47:46.659+00:00 CAN id=101 dlc=8 data=d8cf040020a10700
2026-07-07T14:47:46.679+00:00 CAN id=101 dlc=8 data=d8cf040020a10700
2026-07-07T14:47:46.699+00:00 CAN id=101 dlc=8 data=d8cf040020a10700
2026-07-07T14:47:46.719+00:00 CAN id=101 dlc=8 data=d8cf040020a10700
2026-07-07T14:47:46.730+00:00 VCP run=1 step=0 angle=315088 target=315352 err=264 steer=0 m1=3398/171875 i1=117 t1=27 m2=-3376/-171875 i2=-224 t2=27 steerMode=0/244 iSteer=-53183 driveMode=171875/179692 iDrive=170324 scale=0 wheel=500000
2026-07-07T14:47:46.739+00:00 CAN id=101 dlc=8 data=d8cf040020a10700
2026-07-07T14:47:46.759+00:00 CAN id=101 dlc=8 data=d8cf040020a10700
2026-07-07T14:47:46.779+00:00 CAN id=101 dlc=8 data=d8cf040020a10700
2026-07-07T14:47:46.799+00:00 CAN id=101 dlc=8 data=d8cf040020a10700
2026-07-07T14:47:46.819+00:00 CAN id=101 dlc=8 data=d8cf040020a10700
2026-07-07T14:47:46.832+00:00 VCP run=1 step=0 angle=315088 target=315352 err=264 steer=0 m1=3367/171875 i1=129 t1=27 m2=-3382/-171875 i2=-205 t2=27 steerMode=0/-69 iSteer=-37922 driveMode=171875/177930 iDrive=166663 scale=0 wheel=500000
2026-07-07T14:47:46.832+00:00 VCP SET_TARGET_RX steer=315352 wheel=500000
2026-07-07T14:47:46.840+00:00 CAN id=101 dlc=8 data=d8cf040020a10700
2026-07-07T14:47:46.859+00:00 CAN id=101 dlc=8 data=d8cf040020a10700
2026-07-07T14:47:46.879+00:00 CAN id=101 dlc=8 data=d8cf040020a10700
2026-07-07T14:47:46.899+00:00 CAN id=101 dlc=8 data=d8cf040020a10700
2026-07-07T14:47:46.919+00:00 CAN id=101 dlc=8 data=d8cf040020a10700
2026-07-07T14:47:46.936+00:00 VCP run=1 step=0 angle=314912 target=315352 err=440 steer=0 m1=3356/171875 i1=98 t1=27 m2=-3324/-171875 i2=-230 t2=27 steerMode=0/496 iSteer=-66097 driveMode=171875/176461 iDrive=163740 scale=0 wheel=500000
2026-07-07T14:47:46.939+00:00 CAN id=101 dlc=8 data=d8cf040020a10700
2026-07-07T14:47:46.959+00:00 CAN id=101 dlc=8 data=d8cf040020a10700
2026-07-07T14:47:46.979+00:00 CAN id=101 dlc=8 data=d8cf040020a10700
2026-07-07T14:47:46.999+00:00 CAN id=101 dlc=8 data=d8cf040020a10700
2026-07-07T14:47:47.019+00:00 CAN id=101 dlc=8 data=d8cf040020a10700
2026-07-07T14:47:47.039+00:00 CAN id=101 dlc=8 data=d8cf040020a10700
2026-07-07T14:47:47.040+00:00 VCP run=1 step=0 angle=315176 target=315352 err=176 steer=0 m1=3283/171875 i1=132 t1=27 m2=-3257/-171875 i2=-217 t2=27 steerMode=0/15 iSteer=-42267 driveMode=171875/173214 iDrive=174526 scale=0 wheel=500000
2026-07-07T14:47:47.041+00:00 VCP run=1 step=0 angle=315264 target=315352 err=88 steer=0 m1=3237/171875 i1=155 t1=27 m2=-3278/-171875 i2=-220 t2=27 steerMode=0/-202 iSteer=-32403 driveMode=171875/170804 iDrive=187301 scale=0 wheel=500000
2026-07-07T14:47:47.059+00:00 CAN id=101 dlc=8 data=d8cf040020a10700
2026-07-07T14:47:47.079+00:00 CAN id=101 dlc=8 data=d8cf040020a10700
2026-07-07T14:47:47.099+00:00 CAN id=101 dlc=8 data=d8cf040020a10700
2026-07-07T14:47:47.119+00:00 CAN id=101 dlc=8 data=d8cf040020a10700
2026-07-07T14:47:47.139+00:00 CAN id=101 dlc=8 data=d8cf040020a10700
2026-07-07T14:47:47.159+00:00 CAN id=101 dlc=8 data=d8cf040020a10700
2026-07-07T14:47:47.179+00:00 CAN id=101 dlc=8 data=d8cf040020a10700
2026-07-07T14:47:47.199+00:00 CAN id=101 dlc=8 data=d8cf040020a10700
2026-07-07T14:47:47.219+00:00 CAN id=101 dlc=8 data=d8cf040020a10700
2026-07-07T14:47:47.227+00:00 VCP run=1 step=0 angle=315000 target=315352 err=352 steer=0 m1=3243/171875 i1=141 t1=27 m2=-3242/-171875 i2=-235 t2=27 steerMode=0/112 iSteer=-46961 driveMode=171875/171030 iDrive=187548 scale=0 wheel=500000
2026-07-07T14:47:47.239+00:00 CAN id=101 dlc=8 data=d8cf040020a10700
2026-07-07T14:47:47.259+00:00 CAN id=101 dlc=8 data=d8cf040020a10700
2026-07-07T14:47:47.279+00:00 CAN id=101 dlc=8 data=d8cf040020a10700
2026-07-07T14:47:47.299+00:00 CAN id=101 dlc=8 data=d8cf040020a10700
2026-07-07T14:47:47.319+00:00 CAN id=101 dlc=8 data=d8cf040020a10700
2026-07-07T14:47:47.328+00:00 VCP run=1 step=0 angle=315000 target=315352 err=352 steer=0 m1=3226/171875 i1=155 t1=27 m2=-3238/-171875 i2=-238 t2=27 steerMode=0/-17 iSteer=-41663 driveMode=171875/169743 iDrive=196827 scale=0 wheel=500000
2026-07-07T14:47:47.328+00:00 VCP SET_TARGET_RX steer=315352 wheel=500000
2026-07-07T14:47:47.339+00:00 CAN id=101 dlc=8 data=d8cf040020a10700
2026-07-07T14:47:47.359+00:00 CAN id=101 dlc=8 data=d8cf040020a10700
2026-07-07T14:47:47.379+00:00 CAN id=101 dlc=8 data=d8cf040020a10700
2026-07-07T14:47:47.399+00:00 CAN id=101 dlc=8 data=d8cf040020a10700
2026-07-07T14:47:47.419+00:00 CAN id=101 dlc=8 data=d8cf040020a10700
2026-07-07T14:47:47.432+00:00 VCP run=1 step=0 angle=315088 target=315352 err=264 steer=0 m1=3203/171875 i1=151 t1=27 m2=-3190/-171875 i2=-261 t2=27 steerMode=0/258 iSteer=-54805 driveMode=171875/168744 iDrive=206298 scale=0 wheel=500000
2026-07-07T14:47:47.439+00:00 CAN id=101 dlc=8 data=d8cf040020a10700
2026-07-07T14:47:47.459+00:00 CAN id=101 dlc=8 data=d8cf040020a10700
2026-07-07T14:47:47.479+00:00 CAN id=101 dlc=8 data=d8cf040020a10700
2026-07-07T14:47:47.499+00:00 CAN id=101 dlc=8 data=d8cf040020a10700
2026-07-07T14:47:47.519+00:00 CAN id=101 dlc=8 data=d8cf040020a10700
2026-07-07T14:47:47.536+00:00 VCP run=1 step=0 angle=315088 target=315352 err=264 steer=0 m1=3233/171875 i1=176 t1=27 m2=-3232/-171875 i2=-238 t2=27 steerMode=0/-214 iSteer=-31127 driveMode=171875/169647 iDrive=206983 scale=0 wheel=500000
2026-07-07T14:47:47.539+00:00 CAN id=101 dlc=8 data=d8cf040020a10700
2026-07-07T14:47:47.559+00:00 CAN id=101 dlc=8 data=d8cf040020a10700
2026-07-07T14:47:47.579+00:00 CAN id=101 dlc=8 data=d8cf040020a10700
2026-07-07T14:47:47.599+00:00 CAN id=101 dlc=8 data=d8cf040020a10700
2026-07-07T14:47:47.619+00:00 CAN id=101 dlc=8 data=d8cf040020a10700
2026-07-07T14:47:47.639+00:00 CAN id=101 dlc=8 data=d8cf040020a10700
2026-07-07T14:47:47.659+00:00 CAN id=101 dlc=8 data=d8cf040020a10700
2026-07-07T14:47:47.679+00:00 CAN id=101 dlc=8 data=d8cf040020a10700
2026-07-07T14:47:47.699+00:00 CAN id=101 dlc=8 data=d8cf040020a10700
2026-07-07T14:47:47.719+00:00 CAN id=101 dlc=8 data=d8cf040020a10700
2026-07-07T14:47:47.723+00:00 VCP run=1 step=0 angle=314912 target=315352 err=440 steer=114 m1=3247/172501 i1=176 t1=27 m2=-3221/-171249 i2=-236 t2=27 steerMode=626/385 iSteer=-29682 driveMode=171875/170502 iDrive=205896 scale=0 wheel=500000
2026-07-07T14:47:47.723+00:00 VCP run=1 step=0 angle=315088 target=315352 err=264 steer=0 m1=3239/171875 i1=177 t1=27 m2=-3232/-171875 i2=-246 t2=27 steerMode=0/-158 iSteer=-34368 driveMode=171875/170039 iDrive=211397 scale=0 wheel=500000
2026-07-07T14:47:47.739+00:00 CAN id=101 dlc=8 data=d8cf040020a10700
2026-07-07T14:47:47.759+00:00 CAN id=101 dlc=8 data=d8cf040020a10700
2026-07-07T14:47:47.779+00:00 CAN id=101 dlc=8 data=d8cf040020a10700
2026-07-07T14:47:47.799+00:00 CAN id=101 dlc=8 data=d8cf040020a10700
2026-07-07T14:47:47.819+00:00 CAN id=101 dlc=8 data=d8cf040020a10700
2026-07-07T14:47:47.824+00:00 VCP run=1 step=0 angle=315264 target=315352 err=88 steer=0 m1=3237/171875 i1=176 t1=27 m2=-3217/-171875 i2=-252 t2=27 steerMode=0/-94 iSteer=-37875 driveMode=171875/170173 iDrive=214328 scale=0 wheel=500000
2026-07-07T14:47:47.824+00:00 VCP SET_TARGET_RX steer=315352 wheel=500000
2026-07-07T14:47:47.839+00:00 CAN id=101 dlc=8 data=d8cf040020a10700
2026-07-07T14:47:47.859+00:00 CAN id=101 dlc=8 data=d8cf040020a10700
2026-07-07T14:47:47.879+00:00 CAN id=101 dlc=8 data=d8cf040020a10700
2026-07-07T14:47:47.899+00:00 CAN id=101 dlc=8 data=d8cf040020a10700
2026-07-07T14:47:47.919+00:00 CAN id=101 dlc=8 data=d8cf040020a10700
2026-07-07T14:47:47.928+00:00 VCP run=1 step=0 angle=315088 target=315352 err=264 steer=0 m1=3268/171875 i1=166 t1=27 m2=-3269/-171875 i2=-242 t2=27 steerMode=0/-65 iSteer=-38022 driveMode=171875/172300 iDrive=204399 scale=0 wheel=500000
2026-07-07T14:47:47.939+00:00 CAN id=101 dlc=8 data=d8cf040020a10700
2026-07-07T14:47:47.959+00:00 CAN id=101 dlc=8 data=d8cf040020a10700
2026-07-07T14:47:47.979+00:00 CAN id=101 dlc=8 data=d8cf040020a10700
2026-07-07T14:47:47.999+00:00 CAN id=101 dlc=8 data=d8cf040020a10700
2026-07-07T14:47:48.019+00:00 CAN id=101 dlc=8 data=d8cf040020a10700
2026-07-07T14:47:48.032+00:00 VCP run=1 step=0 angle=315088 target=315352 err=264 steer=0 m1=3254/171875 i1=144 t1=27 m2=-3261/-171875 i2=-275 t2=27 steerMode=0/456 iSteer=-65855 driveMode=171875/171303 iDrive=209407 scale=0 wheel=500000
2026-07-07T14:47:48.039+00:00 CAN id=101 dlc=8 data=d8cf040020a10700
2026-07-07T14:47:48.059+00:00 CAN id=101 dlc=8 data=d8cf040020a10700
2026-07-07T14:47:48.079+00:00 CAN id=101 dlc=8 data=d8cf040020a10700
2026-07-07T14:47:48.099+00:00 CAN id=101 dlc=8 data=d8cf040020a10700
2026-07-07T14:47:48.119+00:00 CAN id=101 dlc=8 data=d8cf040020a10700
2026-07-07T14:47:48.137+00:00 VCP run=1 step=0 angle=314912 target=315352 err=440 steer=0 m1=3254/171875 i1=160 t1=27 m2=-3232/-171875 i2=-266 t2=27 steerMode=0/227 iSteer=-53102 driveMode=171875/170815 iDrive=213139 scale=0 wheel=500000
2026-07-07T14:47:48.139+00:00 CAN id=101 dlc=8 data=d8cf040020a10700
2026-07-07T14:47:48.159+00:00 CAN id=101 dlc=8 data=d8cf040020a10700
2026-07-07T14:47:48.179+00:00 CAN id=101 dlc=8 data=d8cf040020a10700
2026-07-07T14:47:48.199+00:00 CAN id=101 dlc=8 data=d8cf040020a10700
2026-07-07T14:47:48.219+00:00 CAN id=101 dlc=8 data=d8cf040020a10700
2026-07-07T14:47:48.239+00:00 CAN id=101 dlc=8 data=d8cf040020a10700
2026-07-07T14:47:48.259+00:00 CAN id=101 dlc=8 data=d8cf040020a10700
2026-07-07T14:47:48.279+00:00 CAN id=101 dlc=8 data=d8cf040020a10700
2026-07-07T14:47:48.299+00:00 CAN id=101 dlc=8 data=d8cf040020a10700
2026-07-07T14:47:48.319+00:00 CAN id=101 dlc=8 data=d8cf040020a10700
2026-07-07T14:47:48.320+00:00 VCP run=1 step=0 angle=315176 target=315352 err=176 steer=0 m1=3277/171875 i1=183 t1=27 m2=-3280/-171875 i2=-232 t2=27 steerMode=0/-364 iSteer=-24299 driveMode=171875/172117 iDrive=207759 scale=0 wheel=500000
2026-07-07T14:47:48.320+00:00 VCP run=1 step=0 angle=315088 target=315352 err=264 steer=0 m1=3279/171875 i1=151 t1=27 m2=-3288/-171875 i2=-252 t2=27 steerMode=0/167 iSteer=-50459 driveMode=171875/172968 iDrive=201760 scale=0 wheel=500000
2026-07-07T14:47:48.339+00:00 CAN id=101 dlc=8 data=d8cf040020a10700
2026-07-07T14:47:48.359+00:00 CAN id=101 dlc=8 data=d8cf040020a10700
2026-07-07T14:47:48.379+00:00 CAN id=101 dlc=8 data=d8cf040020a10700
2026-07-07T14:47:48.399+00:00 CAN id=101 dlc=8 data=d8cf040020a10700
2026-07-07T14:47:48.419+00:00 CAN id=101 dlc=8 data=d8cf040020a10700
2026-07-07T14:47:48.424+00:00 VCP SET_TARGET_RX steer=315352 wheel=500000
2026-07-07T14:47:48.424+00:00 VCP run=1 step=0 angle=315176 target=315352 err=176 steer=0 m1=3264/171875 i1=168 t1=27 m2=-3267/-171875 i2=-237 t2=27 steerMode=0/-145 iSteer=-34842 driveMode=171875/172431 iDrive=202619 scale=0 wheel=500000
2026-07-07T14:47:48.439+00:00 CAN id=101 dlc=8 data=d8cf040020a10700
2026-07-07T14:47:48.459+00:00 CAN id=101 dlc=8 data=d8cf040020a10700
2026-07-07T14:47:48.479+00:00 CAN id=101 dlc=8 data=d8cf040020a10700
2026-07-07T14:47:48.499+00:00 CAN id=101 dlc=8 data=d8cf040020a10700
2026-07-07T14:47:48.519+00:00 CAN id=101 dlc=8 data=d8cf040020a10700
2026-07-07T14:47:48.528+00:00 VCP run=1 step=0 angle=315176 target=315352 err=176 steer=0 m1=3251/171875 i1=156 t1=27 m2=-3252/-171875 i2=-263 t2=27 steerMode=0/204 iSteer=-53479 driveMode=171875/171175 iDrive=209465 scale=0 wheel=500000
2026-07-07T14:47:48.539+00:00 CAN id=101 dlc=8 data=d8cf040020a10700
2026-07-07T14:47:48.559+00:00 CAN id=101 dlc=8 data=d8cf040020a10700
2026-07-07T14:47:48.579+00:00 CAN id=101 dlc=8 data=d8cf040020a10700
2026-07-07T14:47:48.599+00:00 CAN id=101 dlc=8 data=d8cf040020a10700
2026-07-07T14:47:48.619+00:00 CAN id=101 dlc=8 data=d8cf040020a10700
2026-07-07T14:47:48.632+00:00 VCP run=1 step=0 angle=314824 target=315352 err=528 steer=264 m1=3306/173326 i1=237 t1=27 m2=-3275/-170424 i2=-162 t2=27 steerMode=1451/-126 iSteer=37577 driveMode=171875/173020 iDrive=199571 scale=0 wheel=500000
2026-07-07T14:47:48.639+00:00 CAN id=101 dlc=8 data=d8cf040020a10700
2026-07-07T14:47:48.659+00:00 CAN id=101 dlc=8 data=d8cf040020a10700
2026-07-07T14:47:48.679+00:00 CAN id=101 dlc=8 data=d8cf040020a10700
2026-07-07T14:47:48.699+00:00 CAN id=101 dlc=8 data=d8cf040020a10700
2026-07-07T14:47:48.719+00:00 CAN id=101 dlc=8 data=d8cf040020a10700
2026-07-07T14:47:48.736+00:00 VCP run=1 step=0 angle=315176 target=315352 err=176 steer=0 m1=3262/171875 i1=134 t1=27 m2=-3271/-171875 i2=-270 t2=27 steerMode=0/492 iSteer=-67538 driveMode=171875/172230 iDrive=202000 scale=0 wheel=500000
2026-07-07T14:47:48.739+00:00 CAN id=101 dlc=8 data=d8cf040020a10700
2026-07-07T14:47:48.759+00:00 CAN id=101 dlc=8 data=d8cf040020a10700
2026-07-07T14:47:48.779+00:00 CAN id=101 dlc=8 data=d8cf040020a10700
2026-07-07T14:47:48.799+00:00 CAN id=101 dlc=8 data=d8cf040020a10700
2026-07-07T14:47:48.819+00:00 CAN id=101 dlc=8 data=d8cf040020a10700
2026-07-07T14:47:48.839+00:00 VCP run=1 step=0 angle=315264 target=315352 err=88 steer=0 m1=3268/171875 i1=160 t1=27 m2=-3269/-171875 i2=-249 t2=27 steerMode=0/41 iSteer=-44173 driveMode=171875/171699 iDrive=204436 scale=0 wheel=500000
2026-07-07T14:47:48.839+00:00 VCP SET_TARGET_RX steer=315352 wheel=500000
2026-07-07T14:47:48.839+00:00 CAN id=101 dlc=8 data=d8cf040020a10700
2026-07-07T14:47:48.859+00:00 CAN id=101 dlc=8 data=d8cf040020a10700
2026-07-07T14:47:48.879+00:00 CAN id=101 dlc=8 data=d8cf040020a10700
2026-07-07T14:47:48.899+00:00 CAN id=101 dlc=8 data=d8cf040020a10700
2026-07-07T14:47:48.919+00:00 CAN id=101 dlc=8 data=d8cf040020a10700
2026-07-07T14:47:48.939+00:00 CAN id=101 dlc=8 data=d8cf040020a10700
2026-07-07T14:47:48.959+00:00 CAN id=101 dlc=8 data=d8cf040020a10700
2026-07-07T14:47:48.979+00:00 CAN id=101 dlc=8 data=d8cf040020a10700
2026-07-07T14:47:48.999+00:00 CAN id=101 dlc=8 data=d8cf040020a10700
2026-07-07T14:47:49.019+00:00 CAN id=101 dlc=8 data=d8cf040020a10700
2026-07-07T14:47:49.025+00:00 VCP run=1 step=0 angle=315264 target=315352 err=88 steer=0 m1=3264/171875 i1=181 t1=27 m2=-3280/-171875 i2=-222 t2=27 steerMode=0/-422 iSteer=-20839 driveMode=171875/172321 iDrive=201349 scale=0 wheel=500000
2026-07-07T14:47:49.025+00:00 VCP run=1 step=0 angle=315088 target=315352 err=264 steer=0 m1=3266/171875 i1=127 t1=27 m2=-3269/-171875 i2=-279 t2=27 steerMode=0/667 iSteer=-76308 driveMode=171875/171822 iDrive=203114 scale=0 wheel=500000
2026-07-07T14:47:49.039+00:00 CAN id=101 dlc=8 data=d8cf040020a10700
2026-07-07T14:47:49.059+00:00 CAN id=101 dlc=8 data=d8cf040020a10700
2026-07-07T14:47:49.079+00:00 CAN id=101 dlc=8 data=d8cf040020a10700
2026-07-07T14:47:49.099+00:00 CAN id=101 dlc=8 data=d8cf040020a10700
2026-07-07T14:47:49.119+00:00 CAN id=101 dlc=8 data=d8cf040020a10700
2026-07-07T14:47:49.129+00:00 VCP run=1 step=0 angle=315176 target=315352 err=176 steer=0 m1=3237/171875 i1=177 t1=27 m2=-3250/-171875 i2=-238 t2=27 steerMode=0/-242 iSteer=-30598 driveMode=171875/171146 iDrive=207172 scale=0 wheel=500000
2026-07-07T14:47:49.139+00:00 CAN id=101 dlc=8 data=d8cf040020a10700
2026-07-07T14:47:49.159+00:00 CAN id=101 dlc=8 data=d8cf040020a10700
2026-07-07T14:47:49.179+00:00 CAN id=101 dlc=8 data=d8cf040020a10700
2026-07-07T14:47:49.199+00:00 CAN id=101 dlc=8 data=d8cf040020a10700
2026-07-07T14:47:49.219+00:00 CAN id=101 dlc=8 data=d8cf040020a10700
2026-07-07T14:47:49.234+00:00 VCP run=1 step=0 angle=315264 target=315352 err=88 steer=0 m1=3251/171875 i1=170 t1=27 m2=-3278/-171875 i2=-251 t2=27 steerMode=0/-61 iSteer=-40472 driveMode=171875/170885 iDrive=210756 scale=0 wheel=500000
2026-07-07T14:47:49.239+00:00 CAN id=101 dlc=8 data=d8cf040020a10700
2026-07-07T14:47:49.259+00:00 CAN id=101 dlc=8 data=d8cf040020a10700
2026-07-07T14:47:49.279+00:00 CAN id=101 dlc=8 data=d8cf040020a10700
2026-07-07T14:47:49.299+00:00 CAN id=101 dlc=8 data=d8cf040020a10700
2026-07-07T14:47:49.319+00:00 CAN id=101 dlc=8 data=d8cf040020a10700
2026-07-07T14:47:49.335+00:00 VCP run=1 step=0 angle=315088 target=315352 err=264 steer=0 m1=3279/171875 i1=166 t1=27 m2=-3286/-171875 i2=-235 t2=27 steerMode=0/-155 iSteer=-34323 driveMode=171875/172916 iDrive=200246 scale=0 wheel=500000
2026-07-07T14:47:49.335+00:00 VCP SET_TARGET_RX steer=315352 wheel=500000
2026-07-07T14:47:49.339+00:00 CAN id=101 dlc=8 data=d8cf040020a10700
2026-07-07T14:47:49.359+00:00 CAN id=101 dlc=8 data=d8cf040020a10700
2026-07-07T14:47:49.379+00:00 CAN id=101 dlc=8 data=d8cf040020a10700
2026-07-07T14:47:49.399+00:00 CAN id=101 dlc=8 data=d8cf040020a10700
2026-07-07T14:47:49.419+00:00 CAN id=101 dlc=8 data=d8cf040020a10700
2026-07-07T14:47:49.439+00:00 VCP run=1 step=0 angle=315000 target=315352 err=352 steer=0 m1=3264/171875 i1=145 t1=27 m2=-3255/-171875 i2=-258 t2=27 steerMode=0/260 iSteer=-56343 driveMode=171875/172315 iDrive=201736 scale=0 wheel=500000
2026-07-07T14:47:49.439+00:00 CAN id=101 dlc=8 data=d8cf040020a10700
2026-07-07T14:47:49.459+00:00 CAN id=101 dlc=8 data=d8cf040020a10700
2026-07-07T14:47:49.479+00:00 CAN id=101 dlc=8 data=d8cf040020a10700
2026-07-07T14:47:49.499+00:00 CAN id=101 dlc=8 data=d8cf040020a10700
2026-07-07T14:47:49.519+00:00 CAN id=101 dlc=8 data=d8cf040020a10700
2026-07-07T14:47:49.539+00:00 CAN id=101 dlc=8 data=d8cf040020a10700
2026-07-07T14:47:49.559+00:00 CAN id=101 dlc=8 data=d8cf040020a10700
2026-07-07T14:47:49.579+00:00 CAN id=101 dlc=8 data=d8cf040020a10700
2026-07-07T14:47:49.599+00:00 CAN id=101 dlc=8 data=d8cf040020a10700
2026-07-07T14:47:49.619+00:00 CAN id=101 dlc=8 data=d8cf040020a10700
2026-07-07T14:47:49.625+00:00 VCP run=1 step=0 angle=315088 target=315352 err=264 steer=0 m1=3262/171875 i1=151 t1=27 m2=-3271/-171875 i2=-256 t2=27 steerMode=0/184 iSteer=-52437 driveMode=171875/171779 iDrive=203843 scale=0 wheel=500000
2026-07-07T14:47:49.625+00:00 VCP run=1 step=0 angle=315088 target=315352 err=264 steer=0 m1=3289/171875 i1=175 t1=27 m2=-3263/-171875 i2=-221 t2=27 steerMode=0/-397 iSteer=-22863 driveMode=171875/172864 iDrive=197775 scale=0 wheel=500000
2026-07-07T14:47:49.639+00:00 CAN id=101 dlc=8 data=d8cf040020a10700
2026-07-07T14:47:49.659+00:00 CAN id=101 dlc=8 data=d8cf040020a10700
2026-07-07T14:47:49.679+00:00 CAN id=101 dlc=8 data=d8cf040020a10700
2026-07-07T14:47:49.699+00:00 CAN id=101 dlc=8 data=d8cf040020a10700
2026-07-07T14:47:49.719+00:00 CAN id=101 dlc=8 data=d8cf040020a10700
2026-07-07T14:47:49.729+00:00 VCP run=1 step=0 angle=314912 target=315352 err=440 steer=0 m1=3295/171875 i1=111 t1=27 m2=-3252/-171875 i2=-280 t2=27 steerMode=0/848 iSteer=-84340 driveMode=171875/172834 iDrive=195533 scale=0 wheel=500000
2026-07-07T14:47:49.739+00:00 CAN id=101 dlc=8 data=d8cf040020a10700
2026-07-07T14:47:49.759+00:00 CAN id=101 dlc=8 data=d8cf040020a10700
2026-07-07T14:47:49.779+00:00 CAN id=101 dlc=8 data=d8cf040020a10700
2026-07-07T14:47:49.799+00:00 CAN id=101 dlc=8 data=d8cf040020a10700
2026-07-07T14:47:49.819+00:00 CAN id=101 dlc=8 data=d8cf040020a10700
2026-07-07T14:47:49.831+00:00 VCP run=1 step=0 angle=314912 target=315352 err=440 steer=0 m1=3279/171875 i1=175 t1=27 m2=-3301/-171875 i2=-216 t2=27 steerMode=0/-431 iSteer=-20853 driveMode=171875/172528 iDrive=195644 scale=0 wheel=500000
2026-07-07T14:47:49.831+00:00 VCP SET_TARGET_RX steer=315352 wheel=500000
2026-07-07T14:47:49.839+00:00 CAN id=101 dlc=8 data=d8cf040020a10700
2026-07-07T14:47:49.859+00:00 CAN id=101 dlc=8 data=d8cf040020a10700
2026-07-07T14:47:49.879+00:00 CAN id=101 dlc=8 data=d8cf040020a10700
2026-07-07T14:47:49.899+00:00 CAN id=101 dlc=8 data=d8cf040020a10700
2026-07-07T14:47:49.919+00:00 CAN id=101 dlc=8 data=d8cf040020a10700
2026-07-07T14:47:49.935+00:00 VCP run=1 step=0 angle=315088 target=315352 err=264 steer=0 m1=3266/171875 i1=147 t1=27 m2=-3259/-171875 i2=-255 t2=27 steerMode=0/221 iSteer=-54129 driveMode=171875/171469 iDrive=201159 scale=0 wheel=500000
2026-07-07T14:47:49.939+00:00 CAN id=101 dlc=8 data=d8cf040020a10700
2026-07-07T14:47:49.959+00:00 CAN id=101 dlc=8 data=d8cf040020a10700
2026-07-07T14:47:49.979+00:00 CAN id=101 dlc=8 data=d8cf040020a10700
2026-07-07T14:47:49.999+00:00 CAN id=101 dlc=8 data=d8cf040020a10700
2026-07-07T14:47:50.019+00:00 CAN id=101 dlc=8 data=d8cf040020a10700
2026-07-07T14:47:50.039+00:00 VCP run=1 step=0 angle=314912 target=315352 err=440 steer=0 m1=3295/171875 i1=177 t1=27 m2=-3324/-171875 i2=-208 t2=27 steerMode=0/-529 iSteer=-15337 driveMode=171875/173070 iDrive=192389 scale=0 wheel=500000
2026-07-07T14:47:50.039+00:00 CAN id=101 dlc=8 data=d8cf040020a10700
2026-07-07T14:47:50.059+00:00 CAN id=101 dlc=8 data=d8cf040020a10700
2026-07-07T14:47:50.079+00:00 CAN id=101 dlc=8 data=d8cf040020a10700
2026-07-07T14:47:50.099+00:00 CAN id=101 dlc=8 data=d8cf040020a10700
2026-07-07T14:47:50.119+00:00 CAN id=101 dlc=8 data=d8cf040020a10700
2026-07-07T14:47:50.139+00:00 CAN id=101 dlc=8 data=d8cf040020a10700
2026-07-07T14:47:50.159+00:00 CAN id=101 dlc=8 data=d8cf040020a10700
2026-07-07T14:47:50.179+00:00 CAN id=101 dlc=8 data=d8cf040020a10700
2026-07-07T14:47:50.199+00:00 CAN id=101 dlc=8 data=d8cf040020a10700
2026-07-07T14:47:50.219+00:00 CAN id=101 dlc=8 data=d8cf040020a10700
2026-07-07T14:47:50.225+00:00 VCP run=1 step=0 angle=315264 target=315352 err=88 steer=0 m1=3277/171875 i1=96 t1=27 m2=-3261/-171875 i2=-300 t2=27 steerMode=0/1210 iSteer=-102201 driveMode=171875/171758 iDrive=197919 scale=0 wheel=500000
2026-07-07T14:47:50.226+00:00 VCP run=1 step=0 angle=315176 target=315352 err=176 steer=0 m1=3251/171875 i1=160 t1=27 m2=-3213/-171875 i2=-244 t2=27 steerMode=0/13 iSteer=-42191 driveMode=171875/171078 iDrive=202018 scale=0 wheel=500000
2026-07-07T14:47:50.239+00:00 CAN id=101 dlc=8 data=d8cf040020a10700
2026-07-07T14:47:50.259+00:00 CAN id=101 dlc=8 data=d8cf040020a10700
2026-07-07T14:47:50.279+00:00 CAN id=101 dlc=8 data=d8cf040020a10700
2026-07-07T14:47:50.299+00:00 CAN id=101 dlc=8 data=d8cf040020a10700
2026-07-07T14:47:50.319+00:00 CAN id=101 dlc=8 data=d8cf040020a10700
2026-07-07T14:47:50.327+00:00 VCP run=1 step=0 angle=315000 target=315352 err=352 steer=0 m1=3264/171875 i1=170 t1=27 m2=-3286/-171875 i2=-222 t2=27 steerMode=0/-292 iSteer=-26231 driveMode=171875/172359 iDrive=195996 scale=0 wheel=500000
2026-07-07T14:47:50.327+00:00 VCP SET_TARGET_RX steer=315352 wheel=500000
2026-07-07T14:47:50.339+00:00 CAN id=101 dlc=8 data=d8cf040020a10700
2026-07-07T14:47:50.359+00:00 CAN id=101 dlc=8 data=d8cf040020a10700
2026-07-07T14:47:50.379+00:00 CAN id=101 dlc=8 data=d8cf040020a10700
2026-07-07T14:47:50.399+00:00 CAN id=101 dlc=8 data=d8cf040020a10700
2026-07-07T14:47:50.419+00:00 CAN id=101 dlc=8 data=d8cf040020a10700
2026-07-07T14:47:50.432+00:00 VCP run=1 step=0 angle=314912 target=315352 err=440 steer=0 m1=3272/171875 i1=99 t1=27 m2=-3217/-171875 i2=-304 t2=27 steerMode=0/1221 iSteer=-102831 driveMode=171875/171136 iDrive=201669 scale=0 wheel=500000
2026-07-07T14:47:50.439+00:00 CAN id=101 dlc=8 data=d8cf040020a10700
2026-07-07T14:47:50.459+00:00 CAN id=101 dlc=8 data=d8cf040020a10700
2026-07-07T14:47:50.479+00:00 CAN id=101 dlc=8 data=d8cf040020a10700
2026-07-07T14:47:50.499+00:00 CAN id=101 dlc=8 data=d8cf040020a10700
2026-07-07T14:47:50.519+00:00 CAN id=101 dlc=8 data=d8cf040020a10700
2026-07-07T14:47:50.536+00:00 VCP run=1 step=0 angle=315088 target=315352 err=264 steer=0 m1=3224/171875 i1=190 t1=27 m2=-3242/-171875 i2=-223 t2=27 steerMode=0/-499 iSteer=-16801 driveMode=171875/170558 iDrive=206594 scale=0 wheel=500000
2026-07-07T14:47:50.539+00:00 CAN id=101 dlc=8 data=d8cf040020a10700
2026-07-07T14:47:50.559+00:00 CAN id=101 dlc=8 data=d8cf040020a10700
2026-07-07T14:47:50.579+00:00 CAN id=101 dlc=8 data=d8cf040020a10700
2026-07-07T14:47:50.599+00:00 CAN id=101 dlc=8 data=d8cf040020a10700
2026-07-07T14:47:50.619+00:00 CAN id=101 dlc=8 data=d8cf040020a10700
2026-07-07T14:47:50.639+00:00 CAN id=101 dlc=8 data=d8cf040020a10700
2026-07-07T14:47:50.640+00:00 VCP run=1 step=0 angle=315264 target=315352 err=88 steer=0 m1=3224/171875 i1=165 t1=27 m2=-3244/-171875 i2=-259 t2=27 steerMode=0/84 iSteer=-47179 driveMode=171875/170174 iDrive=211961 scale=0 wheel=500000
2026-07-07T14:47:50.659+00:00 CAN id=101 dlc=8 data=d8cf040020a10700
2026-07-07T14:47:50.679+00:00 CAN id=101 dlc=8 data=d8cf040020a10700
2026-07-07T14:47:50.699+00:00 CAN id=101 dlc=8 data=d8cf040020a10700
2026-07-07T14:47:50.719+00:00 CAN id=101 dlc=8 data=d8cf040020a10700
2026-07-07T14:47:50.739+00:00 CAN id=101 dlc=8 data=d8cf040020a10700
2026-07-07T14:47:50.759+00:00 CAN id=101 dlc=8 data=d8cf040020a10700
2026-07-07T14:47:50.779+00:00 CAN id=101 dlc=8 data=d8cf040020a10700
2026-07-07T14:47:50.799+00:00 CAN id=101 dlc=8 data=d8cf040020a10700
2026-07-07T14:47:50.819+00:00 CAN id=101 dlc=8 data=d8cf040020a10700
2026-07-07T14:47:50.824+00:00 VCP run=1 step=0 angle=315000 target=315352 err=352 steer=0 m1=3272/171875 i1=177 t1=27 m2=-3255/-171875 i2=-229 t2=27 steerMode=0/-312 iSteer=-26214 driveMode=171875/172134 iDrive=203191 scale=0 wheel=500000
2026-07-07T14:47:50.824+00:00 VCP run=1 step=0 angle=314912 target=315352 err=440 steer=0 m1=3274/171875 i1=125 t1=27 m2=-3259/-171875 i2=-285 t2=27 steerMode=0/758 iSteer=-80171 driveMode=171875/171661 iDrive=204956 scale=0 wheel=500000
2026-07-07T14:47:50.824+00:00 VCP SET_TARGET_RX steer=315352 wheel=500000
2026-07-07T14:47:50.839+00:00 CAN id=101 dlc=8 data=d8cf040020a10700
2026-07-07T14:47:50.859+00:00 CAN id=101 dlc=8 data=d8cf040020a10700
2026-07-07T14:47:50.879+00:00 CAN id=101 dlc=8 data=d8cf040020a10700
2026-07-07T14:47:50.899+00:00 CAN id=101 dlc=8 data=d8cf040020a10700
2026-07-07T14:47:50.919+00:00 CAN id=101 dlc=8 data=d8cf040020a10700
2026-07-07T14:47:50.928+00:00 VCP run=1 step=0 angle=315176 target=315352 err=176 steer=0 m1=3235/171875 i1=152 t1=27 m2=-3219/-171875 i2=-274 t2=27 steerMode=0/371 iSteer=-61027 driveMode=171875/170319 iDrive=212959 scale=0 wheel=500000
2026-07-07T14:47:50.939+00:00 CAN id=101 dlc=8 data=d8cf040020a10700
2026-07-07T14:47:50.959+00:00 CAN id=101 dlc=8 data=d8cf040020a10700
2026-07-07T14:47:50.979+00:00 CAN id=101 dlc=8 data=d8cf040020a10700
2026-07-07T14:47:50.999+00:00 CAN id=101 dlc=8 data=d8cf040020a10700
2026-07-07T14:47:51.019+00:00 CAN id=101 dlc=8 data=d8cf040020a10700
2026-07-07T14:47:51.032+00:00 VCP run=1 step=0 angle=315000 target=315352 err=352 steer=0 m1=3287/171875 i1=185 t1=27 m2=-3288/-171875 i2=-227 t2=27 steerMode=0/-417 iSteer=-21018 driveMode=171875/172070 iDrive=205741 scale=0 wheel=500000
2026-07-07T14:47:51.039+00:00 CAN id=101 dlc=8 data=d8cf040020a10700
2026-07-07T14:47:51.059+00:00 CAN id=101 dlc=8 data=d8cf040020a10700
2026-07-07T14:47:51.079+00:00 CAN id=101 dlc=8 data=d8cf040020a10700
2026-07-07T14:47:51.099+00:00 CAN id=101 dlc=8 data=d8cf040020a10700
2026-07-07T14:47:51.119+00:00 CAN id=101 dlc=8 data=d8cf040020a10700
2026-07-07T14:47:51.136+00:00 VCP run=1 step=0 angle=314824 target=315352 err=528 steer=264 m1=3289/173326 i1=189 t1=27 m2=-3232/-170424 i2=-218 t2=27 steerMode=1451/917 iSteer=-14654 driveMode=171875/172268 iDrive=203800 scale=0 wheel=500000
2026-07-07T14:47:51.139+00:00 CAN id=101 dlc=8 data=d8cf040020a10700
2026-07-07T14:47:51.159+00:00 CAN id=101 dlc=8 data=d8cf040020a10700
2026-07-07T14:47:51.179+00:00 CAN id=101 dlc=8 data=d8cf040020a10700
2026-07-07T14:47:51.199+00:00 CAN id=101 dlc=8 data=d8cf040020a10700
2026-07-07T14:47:51.219+00:00 CAN id=101 dlc=8 data=d8cf040020a10700
2026-07-07T14:47:51.239+00:00 CAN id=101 dlc=8 data=d8cf040020a10700
2026-07-07T14:47:51.259+00:00 CAN id=101 dlc=8 data=d8cf040020a10700
2026-07-07T14:47:51.279+00:00 CAN id=101 dlc=8 data=d8cf040020a10700
2026-07-07T14:47:51.299+00:00 CAN id=101 dlc=8 data=d8cf040020a10700
2026-07-07T14:47:51.319+00:00 BENCH disable sent
2026-07-07T14:47:51.319+00:00 CAN id=121 dlc=2 data=0100
2026-07-07T14:47:51.319+00:00 CAN id=121 dlc=2 data=0100
2026-07-07T14:47:51.320+00:00 VCP run=1 step=0 angle=315088 target=315352 err=264 steer=0 m1=3262/171875 i1=187 t1=27 m2=-3267/-171875 i2=-222 t2=27 steerMode=0/-493 iSteer=-17830 driveMode=171875/172105 iDrive=204331 scale=0 wheel=500000
2026-07-07T14:47:51.320+00:00 VCP run=1 step=0 angle=315352 target=315352 err=0 steer=0 m1=3262/171875 i1=168 t1=27 m2=-3290/-171875 i2=-244 t2=27 steerMode=0/-84 iSteer=-37963 driveMode=171875/171740 iDrive=206416 scale=0 wheel=500000
2026-07-07T14:47:51.520+00:00 VCP UNIT_CTRL enable=0
2026-07-07T14:47:51.520+00:00 VCP UNIT_CTRL enable=0
2026-07-07T14:47:51.520+00:00 VCP STOP: disabled
2026-07-07T14:47:51.722+00:00 BENCH log closed
