2026-07-07T14:47:14.973+00:00 BENCH log opened: firmware/logs/friction-id-v2-rpm75.log
2026-07-07T14:47:14.973+00:00 BENCH run: steer=315.352deg (315352mdeg) wheel=75.0rpm (75000milli-rpm) rate=50.0Hz duration=8.0s
2026-07-07T14:47:14.973+00:00 BENCH enable sent
2026-07-07T14:47:14.975+00:00 CAN id=121 dlc=2 data=0101
2026-07-07T14:47:14.975+00:00 CAN id=101 dlc=8 data=d8cf0400f8240100
2026-07-07T14:47:14.996+00:00 CAN id=101 dlc=8 data=d8cf0400f8240100
2026-07-07T14:47:15.014+00:00 CAN id=101 dlc=8 data=d8cf0400f8240100
2026-07-07T14:47:15.034+00:00 CAN id=101 dlc=8 data=d8cf0400f8240100
2026-07-07T14:47:15.054+00:00 CAN id=101 dlc=8 data=d8cf0400f8240100
2026-07-07T14:47:15.074+00:00 CAN id=101 dlc=8 data=d8cf0400f8240100
2026-07-07T14:47:15.080+00:00 VCP 2 wheel=75000
2026-07-07T14:47:15.080+00:00 VCP START_CAN: angle=315352 target=315352 wheelTarget=75000
2026-07-07T14:47:15.080+00:00 VCP run=1 step=0 angle=315352 target=315352 err=0 steer=0 m1=0/344 i1=2 t1=27 m2=0/-344 i2=-2 t2=27 steerMode=0/0 iSteer=0 driveMode=344/0 iDrive=1753 scale=0 wheel=1000
2026-07-07T14:47:15.094+00:00 CAN id=101 dlc=8 data=d8cf0400f8240100
2026-07-07T14:47:15.114+00:00 CAN id=101 dlc=8 data=d8cf0400f8240100
2026-07-07T14:47:15.134+00:00 CAN id=101 dlc=8 data=d8cf0400f8240100
2026-07-07T14:47:15.154+00:00 CAN id=101 dlc=8 data=d8cf0400f8240100
2026-07-07T14:47:15.174+00:00 CAN id=101 dlc=8 data=d8cf0400f8240100
2026-07-07T14:47:15.187+00:00 VCP run=1 step=0 angle=315352 target=315352 err=0 steer=0 m1=0/6600 i1=39 t1=27 m2=0/-6600 i2=-39 t2=27 steerMode=0/0 iSteer=0 driveMode=6600/0 iDrive=39478 scale=0 wheel=19200
2026-07-07T14:47:15.194+00:00 CAN id=101 dlc=8 data=d8cf0400f8240100
2026-07-07T14:47:15.214+00:00 CAN id=101 dlc=8 data=d8cf0400f8240100
2026-07-07T14:47:15.234+00:00 CAN id=101 dlc=8 data=d8cf0400f8240100
2026-07-07T14:47:15.254+00:00 CAN id=101 dlc=8 data=d8cf0400f8240100
2026-07-07T14:47:15.274+00:00 CAN id=101 dlc=8 data=d8cf0400f8240100
2026-07-07T14:47:15.293+00:00 VCP run=1 step=0 angle=315439 target=315352 err=-87 steer=0 m1=0/13131 i1=91 t1=27 m2=0/-13131 i2=-91 t2=27 steerMode=0/-2 iSteer=93 driveMode=13131/10 iDrive=90947 scale=0 wheel=38200
2026-07-07T14:47:15.294+00:00 CAN id=101 dlc=8 data=d8cf0400f8240100
2026-07-07T14:47:15.314+00:00 CAN id=101 dlc=8 data=d8cf0400f8240100
2026-07-07T14:47:15.334+00:00 CAN id=101 dlc=8 data=d8cf0400f8240100
2026-07-07T14:47:15.354+00:00 CAN id=101 dlc=8 data=d8cf0400f8240100
2026-07-07T14:47:15.374+00:00 CAN id=101 dlc=8 data=d8cf0400f8240100
2026-07-07T14:47:15.394+00:00 CAN id=101 dlc=8 data=d8cf0400f8240100
2026-07-07T14:47:15.414+00:00 CAN id=101 dlc=8 data=d8cf0400f8240100
2026-07-07T14:47:15.434+00:00 CAN id=101 dlc=8 data=d8cf0400f8240100
2026-07-07T14:47:15.454+00:00 CAN id=101 dlc=8 data=d8cf0400f8240100
2026-07-07T14:47:15.474+00:00 CAN id=101 dlc=8 data=d8cf0400f8240100
2026-07-07T14:47:15.480+00:00 VCP run=1 step=0 angle=315352 target=315352 err=0 steer=0 m1=0/19663 i1=155 t1=27 m2=0/-19663 i2=-155 t2=27 steerMode=0/7 iSteer=-305 driveMode=19663/15 iDrive=154820 scale=0 wheel=57200
2026-07-07T14:47:15.480+00:00 VCP run=1 step=0 angle=315439 target=315352 err=-87 steer=0 m1=-9/25781 i1=225 t1=27 m2=0/-25781 i2=-232 t2=27 steerMode=0/68 iSteer=-3569 driveMode=25781/107 iDrive=228438 scale=0 wheel=75000
2026-07-07T14:47:15.480+00:00 VCP SET_TARGET_RX steer=315352 wheel=75000
2026-07-07T14:47:15.494+00:00 CAN id=101 dlc=8 data=d8cf0400f8240100
2026-07-07T14:47:15.514+00:00 CAN id=101 dlc=8 data=d8cf0400f8240100
2026-07-07T14:47:15.534+00:00 CAN id=101 dlc=8 data=d8cf0400f8240100
2026-07-07T14:47:15.554+00:00 CAN id=101 dlc=8 data=d8cf0400f8240100
2026-07-07T14:47:15.574+00:00 CAN id=101 dlc=8 data=d8cf0400f8240100
2026-07-07T14:47:15.586+00:00 VCP run=1 step=0 angle=315352 target=315352 err=0 steer=0 m1=0/25781 i1=278 t1=27 m2=0/-25781 i2=-277 t2=27 steerMode=0/-15 iSteer=665 driveMode=25781/12 iDrive=277391 scale=0 wheel=75000
2026-07-07T14:47:15.594+00:00 CAN id=101 dlc=8 data=d8cf0400f8240100
2026-07-07T14:47:15.614+00:00 CAN id=101 dlc=8 data=d8cf0400f8240100
2026-07-07T14:47:15.634+00:00 CAN id=101 dlc=8 data=d8cf0400f8240100
2026-07-07T14:47:15.654+00:00 CAN id=101 dlc=8 data=d8cf0400f8240100
2026-07-07T14:47:15.674+00:00 CAN id=101 dlc=8 data=d8cf0400f8240100
2026-07-07T14:47:15.692+00:00 VCP run=1 step=0 angle=315352 target=315352 err=0 steer=0 m1=0/25781 i1=327 t1=27 m2=0/-25781 i2=-325 t2=27 steerMode=0/-15 iSteer=711 driveMode=25781/17 iDrive=325796 scale=0 wheel=75000
2026-07-07T14:47:15.694+00:00 CAN id=101 dlc=8 data=d8cf0400f8240100
2026-07-07T14:47:15.714+00:00 CAN id=101 dlc=8 data=d8cf0400f8240100
2026-07-07T14:47:15.734+00:00 CAN id=101 dlc=8 data=d8cf0400f8240100
2026-07-07T14:47:15.754+00:00 CAN id=101 dlc=8 data=d8cf0400f8240100
2026-07-07T14:47:15.774+00:00 CAN id=101 dlc=8 data=d8cf0400f8240100
2026-07-07T14:47:15.794+00:00 CAN id=101 dlc=8 data=d8cf0400f8240100
2026-07-07T14:47:15.814+00:00 CAN id=101 dlc=8 data=d8cf0400f8240100
2026-07-07T14:47:15.834+00:00 CAN id=101 dlc=8 data=d8cf0400f8240100
2026-07-07T14:47:15.854+00:00 CAN id=101 dlc=8 data=d8cf0400f8240100
2026-07-07T14:47:15.874+00:00 CAN id=101 dlc=8 data=d8cf0400f8240100
2026-07-07T14:47:15.882+00:00 VCP run=1 step=0 angle=315439 target=315352 err=-87 steer=0 m1=0/25781 i1=375 t1=27 m2=0/-25781 i2=-374 t2=27 steerMode=0/-14 iSteer=707 driveMode=25781/15 iDrive=374238 scale=0 wheel=75000
2026-07-07T14:47:15.882+00:00 VCP run=1 step=0 angle=315352 target=315352 err=0 steer=0 m1=0/25781 i1=424 t1=27 m2=0/-25781 i2=-422 t2=27 steerMode=0/-17 iSteer=923 driveMode=25781/19 iDrive=422650 scale=0 wheel=75000
2026-07-07T14:47:15.894+00:00 CAN id=101 dlc=8 data=d8cf0400f8240100
2026-07-07T14:47:15.914+00:00 CAN id=101 dlc=8 data=d8cf0400f8240100
2026-07-07T14:47:15.934+00:00 CAN id=101 dlc=8 data=d8cf0400f8240100
2026-07-07T14:47:15.954+00:00 CAN id=101 dlc=8 data=d8cf0400f8240100
2026-07-07T14:47:15.974+00:00 CAN id=101 dlc=8 data=d8cf0400f8240100
2026-07-07T14:47:15.984+00:00 VCP run=1 step=0 angle=315264 target=315352 err=88 steer=0 m1=0/25781 i1=550 t1=27 m2=-160/-25781 i2=-373 t2=27 steerMode=0/-1750 iSteer=88469 driveMode=25781/1759 iDrive=461796 scale=0 wheel=75000
2026-07-07T14:47:15.984+00:00 VCP SET_TARGET_RX steer=315352 wheel=75000
2026-07-07T14:47:15.994+00:00 CAN id=101 dlc=8 data=d8cf0400f8240100
2026-07-07T14:47:16.014+00:00 CAN id=101 dlc=8 data=d8cf0400f8240100
2026-07-07T14:47:16.034+00:00 CAN id=101 dlc=8 data=d8cf0400f8240100
2026-07-07T14:47:16.054+00:00 CAN id=101 dlc=8 data=d8cf0400f8240100
2026-07-07T14:47:16.074+00:00 CAN id=101 dlc=8 data=d8cf0400f8240100
2026-07-07T14:47:16.088+00:00 VCP run=1 step=0 angle=314033 target=315352 err=1319 steer=659 m1=2/29408 i1=880 t1=27 m2=-199/-22155 i2=-108 t2=27 steerMode=3627/-3806 iSteer=386004 driveMode=25781/3851 iDrive=493704 scale=0 wheel=75000
2026-07-07T14:47:16.094+00:00 CAN id=101 dlc=8 data=d8cf0400f8240100
2026-07-07T14:47:16.114+00:00 CAN id=101 dlc=8 data=d8cf0400f8240100
2026-07-07T14:47:16.134+00:00 CAN id=101 dlc=8 data=d8cf0400f8240100
2026-07-07T14:47:16.154+00:00 CAN id=101 dlc=8 data=d8cf0400f8240100
2026-07-07T14:47:16.174+00:00 CAN id=101 dlc=8 data=d8cf0400f8240100
2026-07-07T14:47:16.193+00:00 VCP run=1 step=0 angle=314473 target=315352 err=879 steer=440 m1=380/28200 i1=379 t1=27 m2=-124/-23363 i2=-618 t2=27 steerMode=2418/5303 iSteer=-119990 driveMode=25781/10636 iDrive=498499 scale=0 wheel=75000
2026-07-07T14:47:16.194+00:00 CAN id=101 dlc=8 data=d8cf0400f8240100
2026-07-07T14:47:16.214+00:00 CAN id=101 dlc=8 data=d8cf0400f8240100
2026-07-07T14:47:16.234+00:00 CAN id=101 dlc=8 data=d8cf0400f8240100
2026-07-07T14:47:16.254+00:00 CAN id=101 dlc=8 data=d8cf0400f8240100
2026-07-07T14:47:16.274+00:00 CAN id=101 dlc=8 data=d8cf0400f8240100
2026-07-07T14:47:16.294+00:00 CAN id=101 dlc=8 data=d8cf0400f8240100
2026-07-07T14:47:16.314+00:00 CAN id=101 dlc=8 data=d8cf0400f8240100
2026-07-07T14:47:16.334+00:00 CAN id=101 dlc=8 data=d8cf0400f8240100
2026-07-07T14:47:16.354+00:00 CAN id=101 dlc=8 data=d8cf0400f8240100
2026-07-07T14:47:16.374+00:00 CAN id=101 dlc=8 data=d8cf0400f8240100
2026-07-07T14:47:16.380+00:00 VCP run=1 step=0 angle=315264 target=315352 err=88 steer=0 m1=537/25781 i1=419 t1=27 m2=-538/-25781 i2=-455 t2=27 steerMode=0/675 iSteer=-18182 driveMode=25781/25636 iDrive=436753 scale=0 wheel=75000
2026-07-07T14:47:16.381+00:00 VCP run=1 step=0 angle=315527 target=315352 err=-175 steer=0 m1=751/25781 i1=344 t1=27 m2=-689/-25781 i2=-394 t2=27 steerMode=0/767 iSteer=-24862 driveMode=25781/37007 iDrive=368648 scale=0 wheel=75000
2026-07-07T14:47:16.394+00:00 CAN id=101 dlc=8 data=d8cf0400f8240100
2026-07-07T14:47:16.414+00:00 CAN id=101 dlc=8 data=d8cf0400f8240100
2026-07-07T14:47:16.434+00:00 CAN id=101 dlc=8 data=d8cf0400f8240100
2026-07-07T14:47:16.454+00:00 CAN id=101 dlc=8 data=d8cf0400f8240100
2026-07-07T14:47:16.474+00:00 CAN id=101 dlc=8 data=d8cf0400f8240100
2026-07-07T14:47:16.481+00:00 VCP run=1 step=0 angle=315879 target=315352 err=-527 steer=-263 m1=874/24332 i1=212 t1=27 m2=-917/-27230 i2=-387 t2=27 steerMode=-1449/505 iSteer=-87530 driveMode=25781/45045 iDrive=299537 scale=0 wheel=75000
2026-07-07T14:47:16.481+00:00 VCP SET_TARGET_RX steer=315352 wheel=75000
2026-07-07T14:47:16.494+00:00 CAN id=101 dlc=8 data=d8cf0400f8240100
2026-07-07T14:47:16.514+00:00 CAN id=101 dlc=8 data=d8cf0400f8240100
2026-07-07T14:47:16.534+00:00 CAN id=101 dlc=8 data=d8cf0400f8240100
2026-07-07T14:47:16.554+00:00 CAN id=101 dlc=8 data=d8cf0400f8240100
2026-07-07T14:47:16.574+00:00 CAN id=101 dlc=8 data=d8cf0400f8240100
2026-07-07T14:47:16.585+00:00 VCP run=1 step=0 angle=315879 target=315352 err=-527 steer=-263 m1=960/24332 i1=188 t1=27 m2=-984/-27230 i2=-281 t2=27 steerMode=-1449/-363 iSteer=-46558 driveMode=25781/49799 iDrive=234479 scale=0 wheel=75000
2026-07-07T14:47:16.594+00:00 CAN id=101 dlc=8 data=d8cf0400f8240100
2026-07-07T14:47:16.616+00:00 CAN id=101 dlc=8 data=d8cf0400f8240100
2026-07-07T14:47:16.634+00:00 CAN id=101 dlc=8 data=d8cf0400f8240100
2026-07-07T14:47:16.654+00:00 CAN id=101 dlc=8 data=d8cf0400f8240100
2026-07-07T14:47:16.674+00:00 CAN id=101 dlc=8 data=d8cf0400f8240100
2026-07-07T14:47:16.690+00:00 VCP run=1 step=0 angle=315703 target=315352 err=-351 steer=0 m1=1010/25781 i1=161 t1=27 m2=-1001/-25781 i2=-187 t2=27 steerMode=0/434 iSteer=-13382 driveMode=25781/52354 iDrive=174092 scale=0 wheel=75000
2026-07-07T14:47:16.694+00:00 CAN id=101 dlc=8 data=d8cf0400f8240100
2026-07-07T14:47:16.714+00:00 CAN id=101 dlc=8 data=d8cf0400f8240100
2026-07-07T14:47:16.734+00:00 CAN id=101 dlc=8 data=d8cf0400f8240100
2026-07-07T14:47:16.754+00:00 CAN id=101 dlc=8 data=d8cf0400f8240100
2026-07-07T14:47:16.774+00:00 CAN id=101 dlc=8 data=d8cf0400f8240100
2026-07-07T14:47:16.794+00:00 CAN id=101 dlc=8 data=d8cf0400f8240100
2026-07-07T14:47:16.794+00:00 VCP run=1 step=0 angle=315879 target=315352 err=-527 steer=-263 m1=945/24332 i1=84 t1=27 m2=-967/-27230 i2=-172 t2=27 steerMode=-1449/-473 iSteer=-44040 driveMode=25781/51753 iDrive=127921 scale=0 wheel=75000
2026-07-07T14:47:16.814+00:00 CAN id=101 dlc=8 data=d8cf0400f8240100
2026-07-07T14:47:16.834+00:00 CAN id=101 dlc=8 data=d8cf0400f8240100
2026-07-07T14:47:16.854+00:00 CAN id=101 dlc=8 data=d8cf0400f8240100
2026-07-07T14:47:16.874+00:00 CAN id=101 dlc=8 data=d8cf0400f8240100
2026-07-07T14:47:16.894+00:00 CAN id=101 dlc=8 data=d8cf0400f8240100
2026-07-07T14:47:16.914+00:00 CAN id=101 dlc=8 data=d8cf0400f8240100
2026-07-07T14:47:16.934+00:00 CAN id=101 dlc=8 data=d8cf0400f8240100
2026-07-07T14:47:16.954+00:00 CAN id=101 dlc=8 data=d8cf0400f8240100
2026-07-07T14:47:16.974+00:00 CAN id=101 dlc=8 data=d8cf0400f8240100
2026-07-07T14:47:16.978+00:00 VCP run=1 step=0 angle=315703 target=315352 err=-351 steer=0 m1=906/25781 i1=71 t1=27 m2=-861/-25781 i2=-131 t2=27 steerMode=0/690 iSteer=-29708 driveMode=25781/48124 iDrive=100912 scale=0 wheel=75000
2026-07-07T14:47:16.978+00:00 VCP run=1 step=0 angle=315879 target=315352 err=-527 steer=-263 m1=759/24332 i1=45 t1=27 m2=-806/-27230 i2=-144 t2=27 steerMode=-1449/-463 iSteer=-49171 driveMode=25781/42267 iDrive=94336 scale=0 wheel=75000
2026-07-07T14:47:16.978+00:00 VCP SET_TARGET_RX steer=315352 wheel=75000
2026-07-07T14:47:16.994+00:00 CAN id=101 dlc=8 data=d8cf0400f8240100
2026-07-07T14:47:17.014+00:00 CAN id=101 dlc=8 data=d8cf0400f8240100
2026-07-07T14:47:17.034+00:00 CAN id=101 dlc=8 data=d8cf0400f8240100
2026-07-07T14:47:17.054+00:00 CAN id=101 dlc=8 data=d8cf0400f8240100
2026-07-07T14:47:17.074+00:00 CAN id=101 dlc=8 data=d8cf0400f8240100
2026-07-07T14:47:17.082+00:00 VCP run=1 step=0 angle=315879 target=315352 err=-527 steer=-263 m1=684/24332 i1=-12 t1=27 m2=-649/-27230 i2=-226 t2=27 steerMode=-1449/891 iSteer=-118782 driveMode=25781/35150 iDrive=106811 scale=0 wheel=75000
2026-07-07T14:47:17.094+00:00 CAN id=101 dlc=8 data=d8cf0400f8240100
2026-07-07T14:47:17.114+00:00 CAN id=101 dlc=8 data=d8cf0400f8240100
2026-07-07T14:47:17.134+00:00 CAN id=101 dlc=8 data=d8cf0400f8240100
2026-07-07T14:47:17.154+00:00 CAN id=101 dlc=8 data=d8cf0400f8240100
2026-07-07T14:47:17.174+00:00 CAN id=101 dlc=8 data=d8cf0400f8240100
2026-07-07T14:47:17.186+00:00 VCP run=1 step=0 angle=315967 target=315352 err=-615 steer=-307 m1=518/24091 i1=100 t1=27 m2=-538/-27472 i2=-152 t2=27 steerMode=-1691/-1287 iSteer=-26026 driveMode=25781/28976 iDrive=126439 scale=0 wheel=75000
2026-07-07T14:47:17.194+00:00 CAN id=101 dlc=8 data=d8cf0400f8240100
2026-07-07T14:47:17.214+00:00 CAN id=101 dlc=8 data=d8cf0400f8240100
2026-07-07T14:47:17.234+00:00 CAN id=101 dlc=8 data=d8cf0400f8240100
2026-07-07T14:47:17.254+00:00 CAN id=101 dlc=8 data=d8cf0400f8240100
2026-07-07T14:47:17.274+00:00 CAN id=101 dlc=8 data=d8cf0400f8240100
2026-07-07T14:47:17.291+00:00 VCP run=1 step=0 angle=315791 target=315352 err=-439 steer=0 m1=460/25781 i1=127 t1=27 m2=-434/-25781 i2=-163 t2=27 steerMode=0/243 iSteer=-18374 driveMode=25781/24933 iDrive=144935 scale=0 wheel=75000
2026-07-07T14:47:17.294+00:00 CAN id=101 dlc=8 data=d8cf0400f8240100
2026-07-07T14:47:17.314+00:00 CAN id=101 dlc=8 data=d8cf0400f8240100
2026-07-07T14:47:17.334+00:00 CAN id=101 dlc=8 data=d8cf0400f8240100
2026-07-07T14:47:17.354+00:00 CAN id=101 dlc=8 data=d8cf0400f8240100
2026-07-07T14:47:17.374+00:00 CAN id=101 dlc=8 data=d8cf0400f8240100
2026-07-07T14:47:17.394+00:00 CAN id=101 dlc=8 data=d8cf0400f8240100
2026-07-07T14:47:17.414+00:00 CAN id=101 dlc=8 data=d8cf0400f8240100
2026-07-07T14:47:17.434+00:00 CAN id=101 dlc=8 data=d8cf0400f8240100
2026-07-07T14:47:17.454+00:00 CAN id=101 dlc=8 data=d8cf0400f8240100
2026-07-07T14:47:17.474+00:00 CAN id=101 dlc=8 data=d8cf0400f8240100
2026-07-07T14:47:17.475+00:00 VCP run=1 step=0 angle=315791 target=315352 err=-439 steer=0 m1=443/25781 i1=144 t1=27 m2=-409/-25781 i2=-180 t2=27 steerMode=0/206 iSteer=-18241 driveMode=25781/22449 iDrive=162048 scale=0 wheel=75000
2026-07-07T14:47:17.475+00:00 VCP run=1 step=0 angle=315879 target=315352 err=-527 steer=-263 m1=326/24332 i1=137 t1=27 m2=-440/-27230 i2=-226 t2=27 steerMode=-1449/-768 iSteer=-44811 driveMode=25781/20242 iDrive=181609 scale=0 wheel=75000
2026-07-07T14:47:17.494+00:00 CAN id=101 dlc=8 data=d8cf0400f8240100
2026-07-07T14:47:17.514+00:00 CAN id=101 dlc=8 data=d8cf0400f8240100
2026-07-07T14:47:17.534+00:00 CAN id=101 dlc=8 data=d8cf0400f8240100
2026-07-07T14:47:17.554+00:00 CAN id=101 dlc=8 data=d8cf0400f8240100
2026-07-07T14:47:17.574+00:00 CAN id=101 dlc=8 data=d8cf0400f8240100
2026-07-07T14:47:17.580+00:00 VCP SET_TARGET_RX steer=315352 wheel=75000
2026-07-07T14:47:17.580+00:00 VCP run=1 step=0 angle=315791 target=315352 err=-439 steer=0 m1=355/25781 i1=219 t1=27 m2=-365/-25781 i2=-176 t2=27 steerMode=0/-641 iSteer=21279 driveMode=25781/19359 iDrive=197533 scale=0 wheel=75000
2026-07-07T14:47:17.594+00:00 CAN id=101 dlc=8 data=d8cf0400f8240100
2026-07-07T14:47:17.614+00:00 CAN id=101 dlc=8 data=d8cf0400f8240100
2026-07-07T14:47:17.634+00:00 CAN id=101 dlc=8 data=d8cf0400f8240100
2026-07-07T14:47:17.654+00:00 CAN id=101 dlc=8 data=d8cf0400f8240100
2026-07-07T14:47:17.674+00:00 CAN id=101 dlc=8 data=d8cf0400f8240100
2026-07-07T14:47:17.685+00:00 VCP run=1 step=0 angle=315791 target=315352 err=-439 steer=0 m1=389/25781 i1=181 t1=27 m2=-342/-25781 i2=-234 t2=27 steerMode=0/296 iSteer=-26636 driveMode=25781/19763 iDrive=207285 scale=0 wheel=75000
2026-07-07T14:47:17.694+00:00 CAN id=101 dlc=8 data=d8cf0400f8240100
2026-07-07T14:47:17.714+00:00 CAN id=101 dlc=8 data=d8cf0400f8240100
2026-07-07T14:47:17.734+00:00 CAN id=101 dlc=8 data=d8cf0400f8240100
2026-07-07T14:47:17.754+00:00 CAN id=101 dlc=8 data=d8cf0400f8240100
2026-07-07T14:47:17.774+00:00 CAN id=101 dlc=8 data=d8cf0400f8240100
2026-07-07T14:47:17.790+00:00 VCP run=1 step=0 angle=315791 target=315352 err=-439 steer=0 m1=422/25781 i1=199 t1=27 m2=-442/-25781 i2=-222 t2=27 steerMode=0/-24 iSteer=-11242 driveMode=25781/21110 iDrive=210666 scale=0 wheel=75000
2026-07-07T14:47:17.794+00:00 CAN id=101 dlc=8 data=d8cf0400f8240100
2026-07-07T14:47:17.814+00:00 CAN id=101 dlc=8 data=d8cf0400f8240100
2026-07-07T14:47:17.834+00:00 CAN id=101 dlc=8 data=d8cf0400f8240100
2026-07-07T14:47:17.854+00:00 CAN id=101 dlc=8 data=d8cf0400f8240100
2026-07-07T14:47:17.874+00:00 CAN id=101 dlc=8 data=d8cf0400f8240100
2026-07-07T14:47:17.894+00:00 VCP run=1 step=0 angle=315879 target=315352 err=-527 steer=-263 m1=443/24332 i1=140 t1=27 m2=-425/-27230 i2=-278 t2=27 steerMode=-1449/-336 iSteer=-68941 driveMode=25781/22832 iDrive=209151 scale=0 wheel=75000
2026-07-07T14:47:17.894+00:00 CAN id=101 dlc=8 data=d8cf0400f8240100
2026-07-07T14:47:17.914+00:00 CAN id=101 dlc=8 data=d8cf0400f8240100
2026-07-07T14:47:17.934+00:00 CAN id=101 dlc=8 data=d8cf0400f8240100
2026-07-07T14:47:17.954+00:00 CAN id=101 dlc=8 data=d8cf0400f8240100
2026-07-07T14:47:17.974+00:00 CAN id=101 dlc=8 data=d8cf0400f8240100
2026-07-07T14:47:17.994+00:00 CAN id=101 dlc=8 data=d8cf0400f8240100
2026-07-07T14:47:17.995+00:00 VCP run=1 step=0 angle=315703 target=315352 err=-351 steer=0 m1=460/25781 i1=184 t1=27 m2=-436/-25781 i2=-230 t2=27 steerMode=0/229 iSteer=-23346 driveMode=25781/24123 iDrive=206984 scale=0 wheel=75000
2026-07-07T14:47:17.995+00:00 VCP SET_TARGET_RX steer=315352 wheel=75000
2026-07-07T14:47:18.014+00:00 CAN id=101 dlc=8 data=d8cf0400f8240100
2026-07-07T14:47:18.034+00:00 CAN id=101 dlc=8 data=d8cf0400f8240100
2026-07-07T14:47:18.054+00:00 CAN id=101 dlc=8 data=d8cf0400f8240100
2026-07-07T14:47:18.074+00:00 CAN id=101 dlc=8 data=d8cf0400f8240100
2026-07-07T14:47:18.094+00:00 CAN id=101 dlc=8 data=d8cf0400f8240100
2026-07-07T14:47:18.114+00:00 CAN id=101 dlc=8 data=d8cf0400f8240100
2026-07-07T14:47:18.134+00:00 CAN id=101 dlc=8 data=d8cf0400f8240100
2026-07-07T14:47:18.154+00:00 CAN id=101 dlc=8 data=d8cf0400f8240100
2026-07-07T14:47:18.174+00:00 CAN id=101 dlc=8 data=d8cf0400f8240100
2026-07-07T14:47:18.182+00:00 VCP run=1 step=0 angle=315879 target=315352 err=-527 steer=-263 m1=435/24332 i1=119 t1=27 m2=-453/-27230 i2=-299 t2=27 steerMode=-1449/60 iSteer=-90233 driveMode=25781/24325 iDrive=208762 scale=0 wheel=75000
2026-07-07T14:47:18.182+00:00 VCP run=1 step=0 angle=315703 target=315352 err=-351 steer=0 m1=470/25781 i1=208 t1=27 m2=-455/-25781 i2=-218 t2=27 steerMode=0/-211 iSteer=-4896 driveMode=25781/24138 iDrive=212606 scale=0 wheel=75000
2026-07-07T14:47:18.194+00:00 CAN id=101 dlc=8 data=d8cf0400f8240100
2026-07-07T14:47:18.214+00:00 CAN id=101 dlc=8 data=d8cf0400f8240100
2026-07-07T14:47:18.234+00:00 CAN id=101 dlc=8 data=d8cf0400f8240100
2026-07-07T14:47:18.254+00:00 CAN id=101 dlc=8 data=d8cf0400f8240100
2026-07-07T14:47:18.274+00:00 CAN id=101 dlc=8 data=d8cf0400f8240100
2026-07-07T14:47:18.287+00:00 VCP run=1 step=0 angle=315703 target=315352 err=-351 steer=0 m1=470/25781 i1=173 t1=27 m2=-461/-25781 i2=-249 t2=27 steerMode=0/434 iSteer=-38035 driveMode=25781/24893 iDrive=211243 scale=0 wheel=75000
2026-07-07T14:47:18.294+00:00 CAN id=101 dlc=8 data=d8cf0400f8240100
2026-07-07T14:47:18.314+00:00 CAN id=101 dlc=8 data=d8cf0400f8240100
2026-07-07T14:47:18.334+00:00 CAN id=101 dlc=8 data=d8cf0400f8240100
2026-07-07T14:47:18.354+00:00 CAN id=101 dlc=8 data=d8cf0400f8240100
2026-07-07T14:47:18.374+00:00 CAN id=101 dlc=8 data=d8cf0400f8240100
2026-07-07T14:47:18.392+00:00 VCP run=1 step=0 angle=315703 target=315352 err=-351 steer=0 m1=546/25781 i1=180 t1=27 m2=-488/-25781 i2=-227 t2=27 steerMode=0/143 iSteer=-23421 driveMode=25781/26404 iDrive=203722 scale=0 wheel=75000
2026-07-07T14:47:18.394+00:00 CAN id=101 dlc=8 data=d8cf0400f8240100
2026-07-07T14:47:18.414+00:00 CAN id=101 dlc=8 data=d8cf0400f8240100
2026-07-07T14:47:18.434+00:00 CAN id=101 dlc=8 data=d8cf0400f8240100
2026-07-07T14:47:18.454+00:00 CAN id=101 dlc=8 data=d8cf0400f8240100
2026-07-07T14:47:18.474+00:00 CAN id=101 dlc=8 data=d8cf0400f8240100
2026-07-07T14:47:18.494+00:00 CAN id=101 dlc=8 data=d8cf0400f8240100
2026-07-07T14:47:18.494+00:00 VCP run=1 step=0 angle=315791 target=315352 err=-439 steer=0 m1=552/25781 i1=181 t1=27 m2=-524/-25781 i2=-209 t2=27 steerMode=0/-48 iSteer=-14139 driveMode=25781/27644 iDrive=195133 scale=0 wheel=75000
2026-07-07T14:47:18.494+00:00 VCP SET_TARGET_RX steer=315352 wheel=75000
2026-07-07T14:47:18.514+00:00 CAN id=101 dlc=8 data=d8cf0400f8240100
2026-07-07T14:47:18.534+00:00 CAN id=101 dlc=8 data=d8cf0400f8240100
2026-07-07T14:47:18.554+00:00 CAN id=101 dlc=8 data=d8cf0400f8240100
2026-07-07T14:47:18.574+00:00 CAN id=101 dlc=8 data=d8cf0400f8240100
2026-07-07T14:47:18.594+00:00 CAN id=101 dlc=8 data=d8cf0400f8240100
2026-07-07T14:47:18.614+00:00 CAN id=101 dlc=8 data=d8cf0400f8240100
2026-07-07T14:47:18.634+00:00 CAN id=101 dlc=8 data=d8cf0400f8240100
2026-07-07T14:47:18.654+00:00 CAN id=101 dlc=8 data=d8cf0400f8240100
2026-07-07T14:47:18.674+00:00 CAN id=101 dlc=8 data=d8cf0400f8240100
2026-07-07T14:47:18.681+00:00 VCP run=1 step=0 angle=315791 target=315352 err=-439 steer=0 m1=502/25781 i1=222 t1=27 m2=-599/-25781 i2=-150 t2=27 steerMode=0/-1070 iSteer=35954 driveMode=25781/28656 iDrive=185715 scale=0 wheel=75000
2026-07-07T14:47:18.681+00:00 VCP run=1 step=0 angle=315791 target=315352 err=-439 steer=0 m1=585/25781 i1=144 t1=27 m2=-534/-25781 i2=-212 t2=27 steerMode=0/336 iSteer=-33752 driveMode=25781/29051 iDrive=177912 scale=0 wheel=75000
2026-07-07T14:47:18.694+00:00 CAN id=101 dlc=8 data=d8cf0400f8240100
2026-07-07T14:47:18.714+00:00 CAN id=101 dlc=8 data=d8cf0400f8240100
2026-07-07T14:47:18.734+00:00 CAN id=101 dlc=8 data=d8cf0400f8240100
2026-07-07T14:47:18.754+00:00 CAN id=101 dlc=8 data=d8cf0400f8240100
2026-07-07T14:47:18.774+00:00 CAN id=101 dlc=8 data=d8cf0400f8240100
2026-07-07T14:47:18.786+00:00 VCP run=1 step=0 angle=315791 target=315352 err=-439 steer=0 m1=558/25781 i1=161 t1=27 m2=-538/-25781 i2=-184 t2=27 steerMode=0/-117 iSteer=-11153 driveMode=25781/28877 iDrive=172587 scale=0 wheel=75000
2026-07-07T14:47:18.794+00:00 CAN id=101 dlc=8 data=d8cf0400f8240100
2026-07-07T14:47:18.814+00:00 CAN id=101 dlc=8 data=d8cf0400f8240100
2026-07-07T14:47:18.834+00:00 CAN id=101 dlc=8 data=d8cf0400f8240100
2026-07-07T14:47:18.854+00:00 CAN id=101 dlc=8 data=d8cf0400f8240100
2026-07-07T14:47:18.874+00:00 CAN id=101 dlc=8 data=d8cf0400f8240100
2026-07-07T14:47:18.891+00:00 VCP run=1 step=0 angle=315791 target=315352 err=-439 steer=0 m1=516/25781 i1=160 t1=27 m2=-534/-25781 i2=-179 t2=27 steerMode=0/-154 iSteer=-9428 driveMode=25781/28364 iDrive=169816 scale=0 wheel=75000
2026-07-07T14:47:18.894+00:00 CAN id=101 dlc=8 data=d8cf0400f8240100
2026-07-07T14:47:18.914+00:00 CAN id=101 dlc=8 data=d8cf0400f8240100
2026-07-07T14:47:18.934+00:00 CAN id=101 dlc=8 data=d8cf0400f8240100
2026-07-07T14:47:18.954+00:00 CAN id=101 dlc=8 data=d8cf0400f8240100
2026-07-07T14:47:18.974+00:00 CAN id=101 dlc=8 data=d8cf0400f8240100
2026-07-07T14:47:18.993+00:00 VCP run=1 step=0 angle=315703 target=315352 err=-351 steer=0 m1=531/25781 i1=141 t1=27 m2=-509/-25781 i2=-190 t2=27 steerMode=0/129 iSteer=-24142 driveMode=25781/28217 iDrive=165507 scale=0 wheel=75000
2026-07-07T14:47:18.993+00:00 VCP SET_TARGET_RX steer=315352 wheel=75000
2026-07-07T14:47:18.994+00:00 CAN id=101 dlc=8 data=d8cf0400f8240100
2026-07-07T14:47:19.014+00:00 CAN id=101 dlc=8 data=d8cf0400f8240100
2026-07-07T14:47:19.034+00:00 CAN id=101 dlc=8 data=d8cf0400f8240100
2026-07-07T14:47:19.054+00:00 CAN id=101 dlc=8 data=d8cf0400f8240100
2026-07-07T14:47:19.074+00:00 CAN id=101 dlc=8 data=d8cf0400f8240100
2026-07-07T14:47:19.094+00:00 CAN id=101 dlc=8 data=d8cf0400f8240100
2026-07-07T14:47:19.114+00:00 CAN id=101 dlc=8 data=d8cf0400f8240100
2026-07-07T14:47:19.134+00:00 CAN id=101 dlc=8 data=d8cf0400f8240100
2026-07-07T14:47:19.154+00:00 CAN id=101 dlc=8 data=d8cf0400f8240100
2026-07-07T14:47:19.174+00:00 CAN id=101 dlc=8 data=d8cf0400f8240100
2026-07-07T14:47:19.179+00:00 VCP run=1 step=0 angle=315703 target=315352 err=-351 steer=0 m1=500/25781 i1=143 t1=27 m2=-526/-25781 i2=-192 t2=27 steerMode=0/130 iSteer=-24387 driveMode=25781/27027 iDrive=167807 scale=0 wheel=75000
2026-07-07T14:47:19.179+00:00 VCP run=1 step=0 angle=315879 target=315352 err=-527 steer=-263 m1=479/24332 i1=53 t1=27 m2=-476/-27230 i2=-291 t2=27 steerMode=-1449/549 iSteer=-119094 driveMode=25781/25887 iDrive=171976 scale=0 wheel=75000
2026-07-07T14:47:19.194+00:00 CAN id=101 dlc=8 data=d8cf0400f8240100
2026-07-07T14:47:19.214+00:00 CAN id=101 dlc=8 data=d8cf0400f8240100
2026-07-07T14:47:19.234+00:00 CAN id=101 dlc=8 data=d8cf0400f8240100
2026-07-07T14:47:19.254+00:00 CAN id=101 dlc=8 data=d8cf0400f8240100
2026-07-07T14:47:19.274+00:00 CAN id=101 dlc=8 data=d8cf0400f8240100
2026-07-07T14:47:19.284+00:00 VCP run=1 step=0 angle=315879 target=315352 err=-527 steer=-263 m1=437/24332 i1=96 t1=27 m2=-444/-27230 i2=-270 t2=27 steerMode=-1449/-120 iSteer=-86945 driveMode=25781/23964 iDrive=183009 scale=0 wheel=75000
2026-07-07T14:47:19.294+00:00 CAN id=101 dlc=8 data=d8cf0400f8240100
2026-07-07T14:47:19.314+00:00 CAN id=101 dlc=8 data=d8cf0400f8240100
2026-07-07T14:47:19.334+00:00 CAN id=101 dlc=8 data=d8cf0400f8240100
2026-07-07T14:47:19.354+00:00 CAN id=101 dlc=8 data=d8cf0400f8240100
2026-07-07T14:47:19.374+00:00 CAN id=101 dlc=8 data=d8cf0400f8240100
2026-07-07T14:47:19.388+00:00 VCP run=1 step=0 angle=315879 target=315352 err=-527 steer=-100 m1=452/25231 i1=131 t1=27 m2=-409/-26331 i2=-257 t2=27 steerMode=-550/271 iSteer=-62826 driveMode=25781/22707 iDrive=193742 scale=0 wheel=75000
2026-07-07T14:47:19.394+00:00 CAN id=101 dlc=8 data=d8cf0400f8240100
2026-07-07T14:47:19.414+00:00 CAN id=101 dlc=8 data=d8cf0400f8240100
2026-07-07T14:47:19.434+00:00 CAN id=101 dlc=8 data=d8cf0400f8240100
2026-07-07T14:47:19.454+00:00 CAN id=101 dlc=8 data=d8cf0400f8240100
2026-07-07T14:47:19.474+00:00 CAN id=101 dlc=8 data=d8cf0400f8240100
2026-07-07T14:47:19.490+00:00 VCP run=1 step=0 angle=315791 target=315352 err=-439 steer=0 m1=437/25781 i1=170 t1=27 m2=-427/-25781 i2=-236 t2=27 steerMode=0/203 iSteer=-32744 driveMode=25781/22136 iDrive=202832 scale=0 wheel=75000
2026-07-07T14:47:19.490+00:00 VCP SET_TARGET_RX steer=315352 wheel=75000
2026-07-07T14:47:19.494+00:00 CAN id=101 dlc=8 data=d8cf0400f8240100
2026-07-07T14:47:19.514+00:00 CAN id=101 dlc=8 data=d8cf0400f8240100
2026-07-07T14:47:19.534+00:00 CAN id=101 dlc=8 data=d8cf0400f8240100
2026-07-07T14:47:19.554+00:00 CAN id=101 dlc=8 data=d8cf0400f8240100
2026-07-07T14:47:19.574+00:00 CAN id=101 dlc=8 data=d8cf0400f8240100
2026-07-07T14:47:19.594+00:00 CAN id=101 dlc=8 data=d8cf0400f8240100
2026-07-07T14:47:19.594+00:00 VCP run=1 step=0 angle=315791 target=315352 err=-439 steer=0 m1=424/25781 i1=191 t1=27 m2=-471/-25781 i2=-223 t2=27 steerMode=0/-143 iSteer=-15932 driveMode=25781/22571 iDrive=206925 scale=0 wheel=75000
2026-07-07T14:47:19.614+00:00 CAN id=101 dlc=8 data=d8cf0400f8240100
2026-07-07T14:47:19.634+00:00 CAN id=101 dlc=8 data=d8cf0400f8240100
2026-07-07T14:47:19.654+00:00 CAN id=101 dlc=8 data=d8cf0400f8240100
2026-07-07T14:47:19.674+00:00 CAN id=101 dlc=8 data=d8cf0400f8240100
2026-07-07T14:47:19.694+00:00 CAN id=101 dlc=8 data=d8cf0400f8240100
2026-07-07T14:47:19.714+00:00 CAN id=101 dlc=8 data=d8cf0400f8240100
2026-07-07T14:47:19.734+00:00 CAN id=101 dlc=8 data=d8cf0400f8240100
2026-07-07T14:47:19.754+00:00 CAN id=101 dlc=8 data=d8cf0400f8240100
2026-07-07T14:47:19.774+00:00 CAN id=101 dlc=8 data=d8cf0400f8240100
2026-07-07T14:47:19.781+00:00 VCP run=1 step=0 angle=315879 target=315352 err=-527 steer=-100 m1=441/25231 i1=160 t1=27 m2=-444/-26331 i2=-256 t2=27 steerMode=-550/-56 iSteer=-48068 driveMode=25781/23378 iDrive=208212 scale=0 wheel=75000
2026-07-07T14:47:19.781+00:00 VCP run=1 step=0 angle=315791 target=315352 err=-439 steer=-13 m1=445/25707 i1=250 t1=27 m2=-494/-25855 i2=-161 t2=27 steerMode=-74/-1459 iSteer=44651 driveMode=25781/24566 iDrive=205735 scale=0 wheel=75000
2026-07-07T14:47:19.794+00:00 CAN id=101 dlc=8 data=d8cf0400f8240100
2026-07-07T14:47:19.814+00:00 CAN id=101 dlc=8 data=d8cf0400f8240100
2026-07-07T14:47:19.834+00:00 CAN id=101 dlc=8 data=d8cf0400f8240100
2026-07-07T14:47:19.854+00:00 CAN id=101 dlc=8 data=d8cf0400f8240100
2026-07-07T14:47:19.874+00:00 CAN id=101 dlc=8 data=d8cf0400f8240100
2026-07-07T14:47:19.886+00:00 VCP run=1 step=0 angle=315615 target=315352 err=-263 steer=0 m1=504/25781 i1=174 t1=27 m2=-522/-25781 i2=-228 t2=27 steerMode=0/84 iSteer=-27089 driveMode=25781/25717 iDrive=200969 scale=0 wheel=75000
2026-07-07T14:47:19.894+00:00 CAN id=101 dlc=8 data=d8cf0400f8240100
2026-07-07T14:47:19.914+00:00 CAN id=101 dlc=8 data=d8cf0400f8240100
2026-07-07T14:47:19.934+00:00 CAN id=101 dlc=8 data=d8cf0400f8240100
2026-07-07T14:47:19.954+00:00 CAN id=101 dlc=8 data=d8cf0400f8240100
2026-07-07T14:47:19.974+00:00 CAN id=101 dlc=8 data=d8cf0400f8240100
2026-07-07T14:47:19.988+00:00 VCP run=1 step=0 angle=315527 target=315352 err=-175 steer=0 m1=491/25781 i1=162 t1=27 m2=-455/-25781 i2=-238 t2=27 steerMode=0/296 iSteer=-37760 driveMode=25781/25807 iDrive=199882 scale=0 wheel=75000
2026-07-07T14:47:19.988+00:00 VCP SET_TARGET_RX steer=315352 wheel=75000
2026-07-07T14:47:19.994+00:00 CAN id=101 dlc=8 data=d8cf0400f8240100
2026-07-07T14:47:20.014+00:00 CAN id=101 dlc=8 data=d8cf0400f8240100
2026-07-07T14:47:20.034+00:00 CAN id=101 dlc=8 data=d8cf0400f8240100
2026-07-07T14:47:20.054+00:00 CAN id=101 dlc=8 data=d8cf0400f8240100
2026-07-07T14:47:20.074+00:00 CAN id=101 dlc=8 data=d8cf0400f8240100
2026-07-07T14:47:20.093+00:00 VCP run=1 step=0 angle=315352 target=315352 err=0 steer=0 m1=477/25781 i1=194 t1=27 m2=-511/-25781 i2=-209 t2=27 steerMode=0/-303 iSteer=-7794 driveMode=25781/25590 iDrive=201332 scale=0 wheel=75000
2026-07-07T14:47:20.094+00:00 CAN id=101 dlc=8 data=d8cf0400f8240100
2026-07-07T14:47:20.114+00:00 CAN id=101 dlc=8 data=d8cf0400f8240100
2026-07-07T14:47:20.134+00:00 CAN id=101 dlc=8 data=d8cf0400f8240100
2026-07-07T14:47:20.154+00:00 CAN id=101 dlc=8 data=d8cf0400f8240100
2026-07-07T14:47:20.174+00:00 CAN id=101 dlc=8 data=d8cf0400f8240100
2026-07-07T14:47:20.194+00:00 CAN id=101 dlc=8 data=d8cf0400f8240100
2026-07-07T14:47:20.214+00:00 CAN id=101 dlc=8 data=d8cf0400f8240100
2026-07-07T14:47:20.234+00:00 CAN id=101 dlc=8 data=d8cf0400f8240100
2026-07-07T14:47:20.254+00:00 CAN id=101 dlc=8 data=d8cf0400f8240100
2026-07-07T14:47:20.274+00:00 CAN id=101 dlc=8 data=d8cf0400f8240100
2026-07-07T14:47:20.281+00:00 VCP run=1 step=0 angle=315352 target=315352 err=0 steer=0 m1=472/25781 i1=176 t1=27 m2=-467/-25781 i2=-229 t2=27 steerMode=0/73 iSteer=-26394 driveMode=25781/25451 iDrive=202722 scale=0 wheel=75000
2026-07-07T14:47:20.281+00:00 VCP run=1 step=0 angle=315439 target=315352 err=-87 steer=0 m1=512/25781 i1=179 t1=27 m2=-511/-25781 i2=-227 t2=27 steerMode=0/30 iSteer=-23947 driveMode=25781/25529 iDrive=202911 scale=0 wheel=75000
2026-07-07T14:47:20.294+00:00 CAN id=101 dlc=8 data=d8cf0400f8240100
2026-07-07T14:47:20.314+00:00 CAN id=101 dlc=8 data=d8cf0400f8240100
2026-07-07T14:47:20.334+00:00 CAN id=101 dlc=8 data=d8cf0400f8240100
2026-07-07T14:47:20.354+00:00 CAN id=101 dlc=8 data=d8cf0400f8240100
2026-07-07T14:47:20.374+00:00 CAN id=101 dlc=8 data=d8cf0400f8240100
2026-07-07T14:47:20.386+00:00 VCP run=1 step=0 angle=315527 target=315352 err=-175 steer=0 m1=456/25781 i1=174 t1=27 m2=-450/-25781 i2=-240 t2=27 steerMode=0/210 iSteer=-33352 driveMode=25781/24907 iDrive=206929 scale=0 wheel=75000
2026-07-07T14:47:20.394+00:00 CAN id=101 dlc=8 data=d8cf0400f8240100
2026-07-07T14:47:20.414+00:00 CAN id=101 dlc=8 data=d8cf0400f8240100
2026-07-07T14:47:20.434+00:00 CAN id=101 dlc=8 data=d8cf0400f8240100
2026-07-07T14:47:20.454+00:00 CAN id=101 dlc=8 data=d8cf0400f8240100
2026-07-07T14:47:20.474+00:00 CAN id=101 dlc=8 data=d8cf0400f8240100
2026-07-07T14:47:20.488+00:00 VCP run=1 step=0 angle=315879 target=315352 err=-527 steer=-263 m1=441/24332 i1=81 t1=27 m2=-446/-27230 i2=-353 t2=27 steerMode=-1449/770 iSteer=-136164 driveMode=25781/23538 iDrive=216930 scale=0 wheel=75000
2026-07-07T14:47:20.488+00:00 VCP SET_TARGET_RX steer=315352 wheel=75000
2026-07-07T14:47:20.494+00:00 CAN id=101 dlc=8 data=d8cf0400f8240100
2026-07-07T14:47:20.514+00:00 CAN id=101 dlc=8 data=d8cf0400f8240100
2026-07-07T14:47:20.534+00:00 CAN id=101 dlc=8 data=d8cf0400f8240100
2026-07-07T14:47:20.554+00:00 CAN id=101 dlc=8 data=d8cf0400f8240100
2026-07-07T14:47:20.574+00:00 CAN id=101 dlc=8 data=d8cf0400f8240100
2026-07-07T14:47:20.592+00:00 VCP run=1 step=0 angle=315703 target=315352 err=-351 steer=0 m1=481/25781 i1=235 t1=27 m2=-453/-25781 i2=-209 t2=27 steerMode=0/-783 iSteer=13057 driveMode=25781/23494 iDrive=221886 scale=0 wheel=75000
2026-07-07T14:47:20.594+00:00 CAN id=101 dlc=8 data=d8cf0400f8240100
2026-07-07T14:47:20.614+00:00 CAN id=101 dlc=8 data=d8cf0400f8240100
2026-07-07T14:47:20.634+00:00 CAN id=101 dlc=8 data=d8cf0400f8240100
2026-07-07T14:47:20.654+00:00 CAN id=101 dlc=8 data=d8cf0400f8240100
2026-07-07T14:47:20.674+00:00 CAN id=101 dlc=8 data=d8cf0400f8240100
2026-07-07T14:47:20.694+00:00 CAN id=101 dlc=8 data=d8cf0400f8240100
2026-07-07T14:47:20.714+00:00 CAN id=101 dlc=8 data=d8cf0400f8240100
2026-07-07T14:47:20.734+00:00 CAN id=101 dlc=8 data=d8cf0400f8240100
2026-07-07T14:47:20.754+00:00 CAN id=101 dlc=8 data=d8cf0400f8240100
2026-07-07T14:47:20.774+00:00 CAN id=101 dlc=8 data=d8cf0400f8240100
2026-07-07T14:47:20.779+00:00 VCP run=1 step=0 angle=315703 target=315352 err=-351 steer=0 m1=466/25781 i1=183 t1=27 m2=-457/-25781 i2=-261 t2=27 steerMode=0/242 iSteer=-39274 driveMode=25781/24328 iDrive=221798 scale=0 wheel=75000
2026-07-07T14:47:20.779+00:00 VCP run=1 step=0 angle=315703 target=315352 err=-351 steer=0 m1=502/25781 i1=170 t1=27 m2=-505/-25781 i2=-263 t2=27 steerMode=0/382 iSteer=-46557 driveMode=25781/25625 iDrive=216762 scale=0 wheel=75000
2026-07-07T14:47:20.794+00:00 CAN id=101 dlc=8 data=d8cf0400f8240100
2026-07-07T14:47:20.814+00:00 CAN id=101 dlc=8 data=d8cf0400f8240100
2026-07-07T14:47:20.834+00:00 CAN id=101 dlc=8 data=d8cf0400f8240100
2026-07-07T14:47:20.854+00:00 CAN id=101 dlc=8 data=d8cf0400f8240100
2026-07-07T14:47:20.874+00:00 CAN id=101 dlc=8 data=d8cf0400f8240100
2026-07-07T14:47:20.884+00:00 VCP run=1 step=0 angle=315791 target=315352 err=-439 steer=0 m1=521/25781 i1=196 t1=27 m2=-549/-25781 i2=-217 t2=27 steerMode=0/-327 iSteer=-10932 driveMode=25781/27367 iDrive=206546 scale=0 wheel=75000
2026-07-07T14:47:20.894+00:00 CAN id=101 dlc=8 data=d8cf0400f8240100
2026-07-07T14:47:20.914+00:00 CAN id=101 dlc=8 data=d8cf0400f8240100
2026-07-07T14:47:20.934+00:00 CAN id=101 dlc=8 data=d8cf0400f8240100
2026-07-07T14:47:20.954+00:00 CAN id=101 dlc=8 data=d8cf0400f8240100
2026-07-07T14:47:20.974+00:00 CAN id=101 dlc=8 data=d8cf0400f8240100
2026-07-07T14:47:20.986+00:00 VCP run=1 step=0 angle=315791 target=315352 err=-439 steer=0 m1=541/25781 i1=180 t1=27 m2=-536/-25781 i2=-211 t2=27 steerMode=0/-232 iSteer=-15219 driveMode=25781/28725 iDrive=195287 scale=0 wheel=75000
2026-07-07T14:47:20.986+00:00 VCP SET_TARGET_RX steer=315352 wheel=75000
2026-07-07T14:47:20.994+00:00 CAN id=101 dlc=8 data=d8cf0400f8240100
2026-07-07T14:47:21.014+00:00 CAN id=101 dlc=8 data=d8cf0400f8240100
2026-07-07T14:47:21.034+00:00 CAN id=101 dlc=8 data=d8cf0400f8240100
2026-07-07T14:47:21.054+00:00 CAN id=101 dlc=8 data=d8cf0400f8240100
2026-07-07T14:47:21.074+00:00 CAN id=101 dlc=8 data=d8cf0400f8240100
2026-07-07T14:47:21.090+00:00 VCP run=1 step=0 angle=315791 target=315352 err=-439 steer=0 m1=575/25781 i1=162 t1=27 m2=-570/-25781 i2=-201 t2=27 steerMode=0/-131 iSteer=-19503 driveMode=25781/30083 iDrive=181755 scale=0 wheel=75000
2026-07-07T14:47:21.094+00:00 CAN id=101 dlc=8 data=d8cf0400f8240100
2026-07-07T14:47:21.114+00:00 CAN id=101 dlc=8 data=d8cf0400f8240100
2026-07-07T14:47:21.134+00:00 CAN id=101 dlc=8 data=d8cf0400f8240100
2026-07-07T14:47:21.154+00:00 CAN id=101 dlc=8 data=d8cf0400f8240100
2026-07-07T14:47:21.174+00:00 CAN id=101 dlc=8 data=d8cf0400f8240100
2026-07-07T14:47:21.194+00:00 CAN id=101 dlc=8 data=d8cf0400f8240100
2026-07-07T14:47:21.214+00:00 CAN id=101 dlc=8 data=d8cf0400f8240100
2026-07-07T14:47:21.234+00:00 CAN id=101 dlc=8 data=d8cf0400f8240100
2026-07-07T14:47:21.254+00:00 CAN id=101 dlc=8 data=d8cf0400f8240100
2026-07-07T14:47:21.274+00:00 CAN id=101 dlc=8 data=d8cf0400f8240100
2026-07-07T14:47:21.278+00:00 VCP run=1 step=0 angle=315791 target=315352 err=-439 steer=0 m1=592/25781 i1=139 t1=27 m2=-572/-25781 i2=-200 t2=27 steerMode=0/89 iSteer=-30170 driveMode=25781/30755 iDrive=169655 scale=0 wheel=75000
2026-07-07T14:47:21.278+00:00 VCP run=1 step=0 angle=315791 target=315352 err=-439 steer=0 m1=583/25781 i1=147 t1=27 m2=-582/-25781 i2=-173 t2=27 steerMode=0/-246 iSteer=-12761 driveMode=25781/30799 iDrive=159902 scale=0 wheel=75000
2026-07-07T14:47:21.294+00:00 CAN id=101 dlc=8 data=d8cf0400f8240100
2026-07-07T14:47:21.314+00:00 CAN id=101 dlc=8 data=d8cf0400f8240100
2026-07-07T14:47:21.334+00:00 CAN id=101 dlc=8 data=d8cf0400f8240100
2026-07-07T14:47:21.354+00:00 CAN id=101 dlc=8 data=d8cf0400f8240100
2026-07-07T14:47:21.374+00:00 CAN id=101 dlc=8 data=d8cf0400f8240100
2026-07-07T14:47:21.383+00:00 VCP run=1 step=0 angle=315615 target=315352 err=-263 steer=0 m1=577/25781 i1=137 t1=27 m2=-545/-25781 i2=-171 t2=27 steerMode=0/-139 iSteer=-17305 driveMode=25781/30208 iDrive=153868 scale=0 wheel=75000
2026-07-07T14:47:21.394+00:00 CAN id=101 dlc=8 data=d8cf0400f8240100
2026-07-07T14:47:21.414+00:00 CAN id=101 dlc=8 data=d8cf0400f8240100
2026-07-07T14:47:21.434+00:00 CAN id=101 dlc=8 data=d8cf0400f8240100
2026-07-07T14:47:21.454+00:00 CAN id=101 dlc=8 data=d8cf0400f8240100
2026-07-07T14:47:21.474+00:00 CAN id=101 dlc=8 data=d8cf0400f8240100
2026-07-07T14:47:21.485+00:00 VCP run=1 step=0 angle=315527 target=315352 err=-175 steer=0 m1=537/25781 i1=117 t1=27 m2=-509/-25781 i2=-192 t2=27 steerMode=0/265 iSteer=-37494 driveMode=25781/28781 iDrive=154303 scale=0 wheel=75000
2026-07-07T14:47:21.485+00:00 VCP SET_TARGET_RX steer=315352 wheel=75000
2026-07-07T14:47:21.494+00:00 CAN id=101 dlc=8 data=d8cf0400f8240100
2026-07-07T14:47:21.514+00:00 CAN id=101 dlc=8 data=d8cf0400f8240100
2026-07-07T14:47:21.534+00:00 CAN id=101 dlc=8 data=d8cf0400f8240100
2026-07-07T14:47:21.554+00:00 CAN id=101 dlc=8 data=d8cf0400f8240100
2026-07-07T14:47:21.574+00:00 CAN id=101 dlc=8 data=d8cf0400f8240100
2026-07-07T14:47:21.590+00:00 VCP run=1 step=0 angle=315527 target=315352 err=-175 steer=0 m1=472/25781 i1=115 t1=27 m2=-499/-25781 i2=-213 t2=27 steerMode=0/463 iSteer=-48968 driveMode=25781/26180 iDrive=164337 scale=0 wheel=75000
2026-07-07T14:47:21.594+00:00 CAN id=101 dlc=8 data=d8cf0400f8240100
2026-07-07T14:47:21.614+00:00 CAN id=101 dlc=8 data=d8cf0400f8240100
2026-07-07T14:47:21.634+00:00 CAN id=101 dlc=8 data=d8cf0400f8240100
2026-07-07T14:47:21.654+00:00 CAN id=101 dlc=8 data=d8cf0400f8240100
2026-07-07T14:47:21.674+00:00 CAN id=101 dlc=8 data=d8cf0400f8240100
2026-07-07T14:47:21.694+00:00 CAN id=101 dlc=8 data=d8cf0400f8240100
2026-07-07T14:47:21.714+00:00 CAN id=101 dlc=8 data=d8cf0400f8240100
2026-07-07T14:47:21.734+00:00 CAN id=101 dlc=8 data=d8cf0400f8240100
2026-07-07T14:47:21.754+00:00 CAN id=101 dlc=8 data=d8cf0400f8240100
2026-07-07T14:47:21.774+00:00 CAN id=101 dlc=8 data=d8cf0400f8240100
2026-07-07T14:47:21.778+00:00 VCP run=1 step=0 angle=315703 target=315352 err=-351 steer=0 m1=470/25781 i1=144 t1=27 m2=-448/-25781 i2=-213 t2=27 steerMode=0/144 iSteer=-34314 driveMode=25781/23672 iDrive=178762 scale=0 wheel=75000
2026-07-07T14:47:21.778+00:00 VCP run=1 step=0 angle=315791 target=315352 err=-439 steer=0 m1=405/25781 i1=151 t1=27 m2=-404/-25781 i2=-232 t2=27 steerMode=0/246 iSteer=-40346 driveMode=25781/22197 iDrive=191434 scale=0 wheel=75000
2026-07-07T14:47:21.794+00:00 CAN id=101 dlc=8 data=d8cf0400f8240100
2026-07-07T14:47:21.814+00:00 CAN id=101 dlc=8 data=d8cf0400f8240100
2026-07-07T14:47:21.834+00:00 CAN id=101 dlc=8 data=d8cf0400f8240100
2026-07-07T14:47:21.854+00:00 CAN id=101 dlc=8 data=d8cf0400f8240100
2026-07-07T14:47:21.874+00:00 CAN id=101 dlc=8 data=d8cf0400f8240100
2026-07-07T14:47:21.882+00:00 VCP run=1 step=0 angle=315791 target=315352 err=-439 steer=-163 m1=389/24882 i1=186 t1=27 m2=-406/-26680 i2=-220 t2=27 steerMode=-899/-1161 iSteer=-17074 driveMode=25781/21429 iDrive=202728 scale=0 wheel=75000
2026-07-07T14:47:21.894+00:00 CAN id=101 dlc=8 data=d8cf0400f8240100
2026-07-07T14:47:21.914+00:00 CAN id=101 dlc=8 data=d8cf0400f8240100
2026-07-07T14:47:21.934+00:00 CAN id=101 dlc=8 data=d8cf0400f8240100
2026-07-07T14:47:21.954+00:00 CAN id=101 dlc=8 data=d8cf0400f8240100
2026-07-07T14:47:21.974+00:00 CAN id=101 dlc=8 data=d8cf0400f8240100
2026-07-07T14:47:21.983+00:00 VCP run=1 step=0 angle=315791 target=315352 err=-439 steer=0 m1=424/25781 i1=154 t1=27 m2=-413/-25781 i2=-272 t2=27 steerMode=0/582 iSteer=-58895 driveMode=25781/21078 iDrive=213218 scale=0 wheel=75000
2026-07-07T14:47:21.984+00:00 VCP SET_TARGET_RX steer=315352 wheel=75000
2026-07-07T14:47:21.994+00:00 CAN id=101 dlc=8 data=d8cf0400f8240100
2026-07-07T14:47:22.014+00:00 CAN id=101 dlc=8 data=d8cf0400f8240100
2026-07-07T14:47:22.034+00:00 CAN id=101 dlc=8 data=d8cf0400f8240100
2026-07-07T14:47:22.054+00:00 CAN id=101 dlc=8 data=d8cf0400f8240100
2026-07-07T14:47:22.074+00:00 CAN id=101 dlc=8 data=d8cf0400f8240100
2026-07-07T14:47:22.088+00:00 VCP run=1 step=0 angle=315791 target=315352 err=-439 steer=0 m1=410/25781 i1=246 t1=27 m2=-461/-25781 i2=-195 t2=27 steerMode=0/-1148 iSteer=25157 driveMode=25781/21393 iDrive=220432 scale=0 wheel=75000
2026-07-07T14:47:22.094+00:00 CAN id=101 dlc=8 data=d8cf0400f8240100
2026-07-07T14:47:22.114+00:00 CAN id=101 dlc=8 data=d8cf0400f8240100
2026-07-07T14:47:22.134+00:00 CAN id=101 dlc=8 data=d8cf0400f8240100
2026-07-07T14:47:22.154+00:00 CAN id=101 dlc=8 data=d8cf0400f8240100
2026-07-07T14:47:22.174+00:00 CAN id=101 dlc=8 data=d8cf0400f8240100
2026-07-07T14:47:22.193+00:00 VCP run=1 step=0 angle=315791 target=315352 err=-439 steer=0 m1=456/25781 i1=165 t1=27 m2=-379/-25781 i2=-281 t2=27 steerMode=0/527 iSteer=-58234 driveMode=25781/22387 iDrive=223114 scale=0 wheel=75000
2026-07-07T14:47:22.194+00:00 CAN id=101 dlc=8 data=d8cf0400f8240100
2026-07-07T14:47:22.214+00:00 CAN id=101 dlc=8 data=d8cf0400f8240100
2026-07-07T14:47:22.234+00:00 CAN id=101 dlc=8 data=d8cf0400f8240100
2026-07-07T14:47:22.254+00:00 CAN id=101 dlc=8 data=d8cf0400f8240100
2026-07-07T14:47:22.274+00:00 CAN id=101 dlc=8 data=d8cf0400f8240100
2026-07-07T14:47:22.294+00:00 CAN id=101 dlc=8 data=d8cf0400f8240100
2026-07-07T14:47:22.314+00:00 CAN id=101 dlc=8 data=d8cf0400f8240100
2026-07-07T14:47:22.334+00:00 CAN id=101 dlc=8 data=d8cf0400f8240100
2026-07-07T14:47:22.354+00:00 CAN id=101 dlc=8 data=d8cf0400f8240100
2026-07-07T14:47:22.374+00:00 CAN id=101 dlc=8 data=d8cf0400f8240100
2026-07-07T14:47:22.380+00:00 VCP run=1 step=0 angle=315791 target=315352 err=-439 steer=0 m1=441/25781 i1=203 t1=27 m2=-440/-25781 i2=-236 t2=27 steerMode=0/-305 iSteer=-16697 driveMode=25781/24144 iDrive=219217 scale=0 wheel=75000
2026-07-07T14:47:22.380+00:00 VCP run=1 step=0 angle=315791 target=315352 err=-439 steer=0 m1=468/25781 i1=182 t1=27 m2=-465/-25781 i2=-255 t2=27 steerMode=0/93 iSteer=-36585 driveMode=25781/24853 iDrive=218171 scale=0 wheel=75000
2026-07-07T14:47:22.394+00:00 CAN id=101 dlc=8 data=d8cf0400f8240100
2026-07-07T14:47:22.414+00:00 CAN id=101 dlc=8 data=d8cf0400f8240100
2026-07-07T14:47:22.434+00:00 CAN id=101 dlc=8 data=d8cf0400f8240100
2026-07-07T14:47:22.454+00:00 CAN id=101 dlc=8 data=d8cf0400f8240100
2026-07-07T14:47:22.474+00:00 CAN id=101 dlc=8 data=d8cf0400f8240100
2026-07-07T14:47:22.482+00:00 VCP run=1 step=0 angle=315703 target=315352 err=-351 steer=0 m1=510/25781 i1=188 t1=27 m2=-517/-25781 i2=-234 t2=27 steerMode=0/-167 iSteer=-23091 driveMode=25781/26333 iDrive=210997 scale=0 wheel=75000
2026-07-07T14:47:22.483+00:00 VCP SET_TARGET_RX steer=315352 wheel=75000
2026-07-07T14:47:22.494+00:00 CAN id=101 dlc=8 data=d8cf0400f8240100
2026-07-07T14:47:22.514+00:00 CAN id=101 dlc=8 data=d8cf0400f8240100
2026-07-07T14:47:22.534+00:00 CAN id=101 dlc=8 data=d8cf0400f8240100
2026-07-07T14:47:22.554+00:00 CAN id=101 dlc=8 data=d8cf0400f8240100
2026-07-07T14:47:22.574+00:00 CAN id=101 dlc=8 data=d8cf0400f8240100
2026-07-07T14:47:22.586+00:00 VCP run=1 step=0 angle=315615 target=315352 err=-263 steer=0 m1=500/25781 i1=176 t1=27 m2=-490/-25781 i2=-234 t2=27 steerMode=0/-51 iSteer=-29000 driveMode=25781/27218 iDrive=204771 scale=0 wheel=75000
2026-07-07T14:47:22.594+00:00 CAN id=101 dlc=8 data=d8cf0400f8240100
2026-07-07T14:47:22.614+00:00 CAN id=101 dlc=8 data=d8cf0400f8240100
2026-07-07T14:47:22.634+00:00 CAN id=101 dlc=8 data=d8cf0400f8240100
2026-07-07T14:47:22.654+00:00 CAN id=101 dlc=8 data=d8cf0400f8240100
2026-07-07T14:47:22.674+00:00 CAN id=101 dlc=8 data=d8cf0400f8240100
2026-07-07T14:47:22.691+00:00 VCP run=1 step=0 angle=315615 target=315352 err=-263 steer=0 m1=535/25781 i1=177 t1=27 m2=-542/-25781 i2=-221 t2=27 steerMode=0/-187 iSteer=-21719 driveMode=25781/27699 iDrive=199110 scale=0 wheel=75000
2026-07-07T14:47:22.694+00:00 CAN id=101 dlc=8 data=d8cf0400f8240100
2026-07-07T14:47:22.714+00:00 CAN id=101 dlc=8 data=d8cf0400f8240100
2026-07-07T14:47:22.734+00:00 CAN id=101 dlc=8 data=d8cf0400f8240100
2026-07-07T14:47:22.754+00:00 CAN id=101 dlc=8 data=d8cf0400f8240100
2026-07-07T14:47:22.774+00:00 CAN id=101 dlc=8 data=d8cf0400f8240100
2026-07-07T14:47:22.794+00:00 CAN id=101 dlc=8 data=d8cf0400f8240100
2026-07-07T14:47:22.814+00:00 CAN id=101 dlc=8 data=d8cf0400f8240100
2026-07-07T14:47:22.834+00:00 CAN id=101 dlc=8 data=d8cf0400f8240100
2026-07-07T14:47:22.854+00:00 CAN id=101 dlc=8 data=d8cf0400f8240100
2026-07-07T14:47:22.874+00:00 CAN id=101 dlc=8 data=d8cf0400f8240100
2026-07-07T14:47:22.879+00:00 VCP run=1 step=0 angle=315791 target=315352 err=-439 steer=0 m1=506/25781 i1=160 t1=27 m2=-473/-25781 i2=-244 t2=27 steerMode=0/216 iSteer=-41992 driveMode=25781/26555 iDrive=202095 scale=0 wheel=75000
2026-07-07T14:47:22.879+00:00 VCP run=1 step=0 angle=315703 target=315352 err=-351 steer=0 m1=485/25781 i1=221 t1=27 m2=-469/-25781 i2=-191 t2=27 steerMode=0/-957 iSteer=14943 driveMode=25781/25650 iDrive=206282 scale=0 wheel=75000
2026-07-07T14:47:22.894+00:00 CAN id=101 dlc=8 data=d8cf0400f8240100
2026-07-07T14:47:22.914+00:00 CAN id=101 dlc=8 data=d8cf0400f8240100
2026-07-07T14:47:22.934+00:00 CAN id=101 dlc=8 data=d8cf0400f8240100
2026-07-07T14:47:22.954+00:00 CAN id=101 dlc=8 data=d8cf0400f8240100
2026-07-07T14:47:22.974+00:00 BENCH disable sent
2026-07-07T14:47:22.974+00:00 CAN id=121 dlc=2 data=0100
2026-07-07T14:47:22.974+00:00 CAN id=121 dlc=2 data=0100
2026-07-07T14:47:23.079+00:00 VCP run=1 step=0 angle=315703 target=315352 err=-351 steer=0 m1=477/25781 i1=178 t1=27 m2=-486/-25781 i2=-232 t2=27 steerMode=0/-111 iSteer=-27160 driveMode=25781/25950 iDrive=205287 scale=0 wheel=75000
2026-07-07T14:47:23.079+00:00 VCP UNIT_CTRL enable=0
2026-07-07T14:47:23.079+00:00 VCP UNIT_CTRL enable=0
2026-07-07T14:47:23.079+00:00 VCP STOP: disabled
2026-07-07T14:47:23.375+00:00 BENCH log closed
