2026-07-07T14:48:11.661+00:00 BENCH log opened: firmware/logs/friction-id-v2-rpm-300.log
2026-07-07T14:48:11.661+00:00 BENCH run: steer=315.352deg (315352mdeg) wheel=-300.0rpm (-300000milli-rpm) rate=50.0Hz duration=8.0s
2026-07-07T14:48:11.661+00:00 BENCH enable sent
2026-07-07T14:48:11.661+00:00 CAN id=121 dlc=2 data=0101
2026-07-07T14:48:11.661+00:00 CAN id=101 dlc=8 data=d8cf0400206cfbff
2026-07-07T14:48:11.681+00:00 CAN id=101 dlc=8 data=d8cf0400206cfbff
2026-07-07T14:48:11.685+00:00 VCP SET_TARGET_RX steer=315352 wheel=-300000
2026-07-07T14:48:11.685+00:00 VCP START_CAN: angle=314473 target=315352 wheelTarget=-300000
2026-07-07T14:48:11.701+00:00 CAN id=101 dlc=8 data=d8cf0400206cfbff
2026-07-07T14:48:11.722+00:00 CAN id=101 dlc=8 data=d8cf0400206cfbff
2026-07-07T14:48:11.742+00:00 CAN id=101 dlc=8 data=d8cf0400206cfbff
2026-07-07T14:48:11.761+00:00 CAN id=101 dlc=8 data=d8cf0400206cfbff
2026-07-07T14:48:11.781+00:00 CAN id=101 dlc=8 data=d8cf0400206cfbff
2026-07-07T14:48:11.801+00:00 CAN id=101 dlc=8 data=d8cf0400206cfbff
2026-07-07T14:48:11.821+00:00 CAN id=101 dlc=8 data=d8cf0400206cfbff
2026-07-07T14:48:11.842+00:00 CAN id=101 dlc=8 data=d8cf0400206cfbff
2026-07-07T14:48:11.862+00:00 CAN id=101 dlc=8 data=d8cf0400206cfbff
2026-07-07T14:48:11.869+00:00 VCP run=1 step=0 angle=314473 target=315352 err=879 steer=250 m1=0/1031 i1=67 t1=27 m2=0/1719 i2=71 t2=26 steerMode=1375/0 iSteer=68956 driveMode=-344/0 iDrive=-1753 scale=0 wheel=-1000
2026-07-07T14:48:11.869+00:00 VCP run=1 step=0 angle=314473 target=315352 err=879 steer=440 m1=0/-4044 i1=89 t1=27 m2=0/8881 i2=166 t2=26 steerMode=2418/5 iSteer=127384 driveMode=-6462/-1 iDrive=-38505 scale=0 wheel=-18800
2026-07-07T14:48:11.881+00:00 CAN id=101 dlc=8 data=d8cf0400206cfbff
2026-07-07T14:48:11.901+00:00 CAN id=101 dlc=8 data=d8cf0400206cfbff
2026-07-07T14:48:11.922+00:00 CAN id=101 dlc=8 data=d8cf0400206cfbff
2026-07-07T14:48:11.942+00:00 CAN id=101 dlc=8 data=d8cf0400206cfbff
2026-07-07T14:48:11.962+00:00 CAN id=101 dlc=8 data=d8cf0400206cfbff
2026-07-07T14:48:11.975+00:00 VCP run=1 step=0 angle=314473 target=315352 err=879 steer=440 m1=-3/-10507 i1=46 t1=27 m2=0/15343 i2=224 t2=26 steerMode=2418/-6 iSteer=134809 driveMode=-12925/-10 iDrive=-89100 scale=0 wheel=-37600
2026-07-07T14:48:11.981+00:00 CAN id=101 dlc=8 data=d8cf0400206cfbff
2026-07-07T14:48:12.001+00:00 CAN id=101 dlc=8 data=d8cf0400206cfbff
2026-07-07T14:48:12.021+00:00 CAN id=101 dlc=8 data=d8cf0400206cfbff
2026-07-07T14:48:12.041+00:00 CAN id=101 dlc=8 data=d8cf0400206cfbff
2026-07-07T14:48:12.061+00:00 CAN id=101 dlc=8 data=d8cf0400206cfbff
2026-07-07T14:48:12.080+00:00 VCP run=1 step=0 angle=314473 target=315352 err=879 steer=440 m1=0/-16901 i1=-11 t1=27 m2=2/21737 i2=292 t2=26 steerMode=2418/20 iSteer=140452 driveMode=-19319/-26 iDrive=-151061 scale=0 wheel=-56200
2026-07-07T14:48:12.081+00:00 CAN id=101 dlc=8 data=d8cf0400206cfbff
2026-07-07T14:48:12.101+00:00 CAN id=101 dlc=8 data=d8cf0400206cfbff
2026-07-07T14:48:12.121+00:00 CAN id=101 dlc=8 data=d8cf0400206cfbff
2026-07-07T14:48:12.142+00:00 CAN id=101 dlc=8 data=d8cf0400206cfbff
2026-07-07T14:48:12.161+00:00 CAN id=101 dlc=8 data=d8cf0400206cfbff
2026-07-07T14:48:12.181+00:00 VCP run=1 step=0 angle=314473 target=315352 err=879 steer=440 m1=0/-23294 i1=-77 t1=27 m2=0/28131 i2=373 t2=26 steerMode=2418/-1 iSteer=148320 driveMode=-25712/-6 iDrive=-225093 scale=0 wheel=-74800
2026-07-07T14:48:12.181+00:00 VCP SET_TARGET_RX steer=315352 wheel=-300000
2026-07-07T14:48:12.181+00:00 CAN id=101 dlc=8 data=d8cf0400206cfbff
2026-07-07T14:48:12.201+00:00 CAN id=101 dlc=8 data=d8cf0400206cfbff
2026-07-07T14:48:12.221+00:00 CAN id=101 dlc=8 data=d8cf0400206cfbff
2026-07-07T14:48:12.241+00:00 CAN id=101 dlc=8 data=d8cf0400206cfbff
2026-07-07T14:48:12.261+00:00 CAN id=101 dlc=8 data=d8cf0400206cfbff
2026-07-07T14:48:12.281+00:00 CAN id=101 dlc=8 data=d8cf0400206cfbff
2026-07-07T14:48:12.301+00:00 CAN id=101 dlc=8 data=d8cf0400206cfbff
2026-07-07T14:48:12.321+00:00 CAN id=101 dlc=8 data=d8cf0400206cfbff
2026-07-07T14:48:12.341+00:00 CAN id=101 dlc=8 data=d8cf0400206cfbff
2026-07-07T14:48:12.361+00:00 CAN id=101 dlc=8 data=d8cf0400206cfbff
2026-07-07T14:48:12.369+00:00 VCP run=1 step=0 angle=314473 target=315352 err=879 steer=440 m1=0/-29688 i1=-156 t1=27 m2=0/34524 i2=466 t2=26 steerMode=2418/7 iSteer=154624 driveMode=-32106/-12 iDrive=-311009 scale=0 wheel=-93400
2026-07-07T14:48:12.369+00:00 VCP run=1 step=0 angle=314385 target=315352 err=967 steer=484 m1=0/-35840 i1=-233 t1=27 m2=0/41160 i2=585 t2=26 steerMode=2660/-36 iSteer=175766 driveMode=-38500/-4 iDrive=-408770 scale=0 wheel=-111999
2026-07-07T14:48:12.381+00:00 CAN id=101 dlc=8 data=d8cf0400206cfbff
2026-07-07T14:48:12.401+00:00 CAN id=101 dlc=8 data=d8cf0400206cfbff
2026-07-07T14:48:12.421+00:00 CAN id=101 dlc=8 data=d8cf0400206cfbff
2026-07-07T14:48:12.441+00:00 CAN id=101 dlc=8 data=d8cf0400206cfbff
2026-07-07T14:48:12.461+00:00 CAN id=101 dlc=8 data=d8cf0400206cfbff
2026-07-07T14:48:12.473+00:00 VCP run=1 step=0 angle=314385 target=315352 err=967 steer=484 m1=-3/-42234 i1=-335 t1=27 m2=0/47553 i2=701 t2=26 steerMode=2660/-40 iSteer=182904 driveMode=-44893/-48 iDrive=-518146 scale=0 wheel=-130599
2026-07-07T14:48:12.481+00:00 CAN id=101 dlc=8 data=d8cf0400206cfbff
2026-07-07T14:48:12.501+00:00 CAN id=101 dlc=8 data=d8cf0400206cfbff
2026-07-07T14:48:12.521+00:00 CAN id=101 dlc=8 data=d8cf0400206cfbff
2026-07-07T14:48:12.541+00:00 CAN id=101 dlc=8 data=d8cf0400206cfbff
2026-07-07T14:48:12.561+00:00 CAN id=101 dlc=8 data=d8cf0400206cfbff
2026-07-07T14:48:12.578+00:00 VCP run=1 step=0 angle=314385 target=315352 err=967 steer=484 m1=-3/-48627 i1=-452 t1=27 m2=2/53947 i2=827 t2=26 steerMode=2660/7 iSteer=187495 driveMode=-51287/-50 iDrive=-639614 scale=0 wheel=-149199
2026-07-07T14:48:12.581+00:00 CAN id=101 dlc=8 data=d8cf0400206cfbff
2026-07-07T14:48:12.601+00:00 CAN id=101 dlc=8 data=d8cf0400206cfbff
2026-07-07T14:48:12.621+00:00 CAN id=101 dlc=8 data=d8cf0400206cfbff
2026-07-07T14:48:12.641+00:00 CAN id=101 dlc=8 data=d8cf0400206cfbff
2026-07-07T14:48:12.661+00:00 CAN id=101 dlc=8 data=d8cf0400206cfbff
2026-07-07T14:48:12.679+00:00 VCP run=1 step=0 angle=314473 target=315352 err=879 steer=440 m1=-7/-55263 i1=-750 t1=27 m2=274/60099 i2=757 t2=26 steerMode=2418/3562 iSteer=3207 driveMode=-57681/-3716 iDrive=-753687 scale=0 wheel=-167799
2026-07-07T14:48:12.679+00:00 VCP SET_TARGET_RX steer=315352 wheel=-300000
2026-07-07T14:48:12.681+00:00 CAN id=101 dlc=8 data=d8cf0400206cfbff
2026-07-07T14:48:12.701+00:00 CAN id=101 dlc=8 data=d8cf0400206cfbff
2026-07-07T14:48:12.721+00:00 CAN id=101 dlc=8 data=d8cf0400206cfbff
2026-07-07T14:48:12.741+00:00 CAN id=101 dlc=8 data=d8cf0400206cfbff
2026-07-07T14:48:12.761+00:00 CAN id=101 dlc=8 data=d8cf0400206cfbff
2026-07-07T14:48:12.781+00:00 CAN id=101 dlc=8 data=d8cf0400206cfbff
2026-07-07T14:48:12.783+00:00 VCP run=1 step=0 angle=316934 target=315352 err=-1582 steer=-791 m1=-708/-68424 i1=-921 t1=27 m2=560/59725 i2=591 t2=26 steerMode=-4349/-246 iSteer=-164950 driveMode=-64074/-27156 iDrive=-756123 scale=0 wheel=-186398
2026-07-07T14:48:12.801+00:00 CAN id=101 dlc=8 data=d8cf0400206cfbff
2026-07-07T14:48:12.821+00:00 CAN id=101 dlc=8 data=d8cf0400206cfbff
2026-07-07T14:48:12.841+00:00 CAN id=101 dlc=8 data=d8cf0400206cfbff
2026-07-07T14:48:12.861+00:00 CAN id=101 dlc=8 data=d8cf0400206cfbff
2026-07-07T14:48:12.881+00:00 CAN id=101 dlc=8 data=d8cf0400206cfbff
2026-07-07T14:48:12.901+00:00 CAN id=101 dlc=8 data=d8cf0400206cfbff
2026-07-07T14:48:12.921+00:00 CAN id=101 dlc=8 data=d8cf0400206cfbff
2026-07-07T14:48:12.941+00:00 CAN id=101 dlc=8 data=d8cf0400206cfbff
2026-07-07T14:48:12.961+00:00 CAN id=101 dlc=8 data=d8cf0400206cfbff
2026-07-07T14:48:12.969+00:00 VCP run=1 step=0 angle=315527 target=315352 err=-175 steer=0 m1=-1206/-70399 i1=-559 t1=27 m2=1274/70399 i2=789 t2=26 steerMode=0/-1369 iSteer=114939 driveMode=-70399/-58579 iDrive=-673965 scale=0 wheel=-204798
2026-07-07T14:48:12.969+00:00 VCP run=1 step=0 angle=315703 target=315352 err=-351 steer=0 m1=-1723/-76724 i1=-506 t1=27 m2=1655/76724 i2=651 t2=26 steerMode=0/-575 iSteer=72462 driveMode=-76724/-84463 iDrive=-578622 scale=0 wheel=-223198
2026-07-07T14:48:12.981+00:00 CAN id=101 dlc=8 data=d8cf0400206cfbff
2026-07-07T14:48:13.001+00:00 CAN id=101 dlc=8 data=d8cf0400206cfbff
2026-07-07T14:48:13.021+00:00 CAN id=101 dlc=8 data=d8cf0400206cfbff
2026-07-07T14:48:13.041+00:00 CAN id=101 dlc=8 data=d8cf0400206cfbff
2026-07-07T14:48:13.061+00:00 CAN id=101 dlc=8 data=d8cf0400206cfbff
2026-07-07T14:48:13.072+00:00 VCP run=1 step=0 angle=315879 target=315352 err=-527 steer=-263 m1=-2085/-84567 i1=-531 t1=27 m2=2107/81669 i2=412 t2=26 steerMode=-1449/608 iSteer=-59582 driveMode=-83118/-106284 iDrive=-471885 scale=0 wheel=-241798
2026-07-07T14:48:13.081+00:00 CAN id=101 dlc=8 data=d8cf0400206cfbff
2026-07-07T14:48:13.101+00:00 CAN id=101 dlc=8 data=d8cf0400206cfbff
2026-07-07T14:48:13.121+00:00 CAN id=101 dlc=8 data=d8cf0400206cfbff
2026-07-07T14:48:13.141+00:00 CAN id=101 dlc=8 data=d8cf0400206cfbff
2026-07-07T14:48:13.161+00:00 CAN id=101 dlc=8 data=d8cf0400206cfbff
2026-07-07T14:48:13.173+00:00 VCP run=1 step=0 angle=315527 target=315352 err=-175 steer=0 m1=-2388/-89443 i1=-264 t1=27 m2=2335/89443 i2=476 t2=26 steerMode=0/-1267 iSteer=105641 driveMode=-89443/-122381 iDrive=-369988 scale=0 wheel=-260198
2026-07-07T14:48:13.173+00:00 VCP SET_TARGET_RX steer=315352 wheel=-300000
2026-07-07T14:48:13.181+00:00 CAN id=101 dlc=8 data=d8cf0400206cfbff
2026-07-07T14:48:13.201+00:00 CAN id=101 dlc=8 data=d8cf0400206cfbff
2026-07-07T14:48:13.221+00:00 CAN id=101 dlc=8 data=d8cf0400206cfbff
2026-07-07T14:48:13.242+00:00 CAN id=101 dlc=8 data=d8cf0400206cfbff
2026-07-07T14:48:13.261+00:00 CAN id=101 dlc=8 data=d8cf0400206cfbff
2026-07-07T14:48:13.277+00:00 VCP run=1 step=0 angle=315703 target=315352 err=-351 steer=0 m1=-2503/-95768 i1=-259 t1=27 m2=2473/95768 i2=336 t2=26 steerMode=0/93 iSteer=38308 driveMode=-95768/-130503 iDrive=-297771 scale=0 wheel=-278599
2026-07-07T14:48:13.281+00:00 CAN id=101 dlc=8 data=d8cf0400206cfbff
2026-07-07T14:48:13.301+00:00 CAN id=101 dlc=8 data=d8cf0400206cfbff
2026-07-07T14:48:13.321+00:00 CAN id=101 dlc=8 data=d8cf0400206cfbff
2026-07-07T14:48:13.341+00:00 CAN id=101 dlc=8 data=d8cf0400206cfbff
2026-07-07T14:48:13.361+00:00 CAN id=101 dlc=8 data=d8cf0400206cfbff
2026-07-07T14:48:13.381+00:00 VCP run=1 step=0 angle=315527 target=315352 err=-175 steer=0 m1=-2577/-102094 i1=-222 t1=27 m2=2640/102094 i2=258 t2=26 steerMode=0/464 iSteer=18315 driveMode=-102094/-135692 iDrive=-240062 scale=0 wheel=-297000
2026-07-07T14:48:13.381+00:00 CAN id=101 dlc=8 data=d8cf0400206cfbff
2026-07-07T14:48:13.401+00:00 CAN id=101 dlc=8 data=d8cf0400206cfbff
2026-07-07T14:48:13.421+00:00 CAN id=101 dlc=8 data=d8cf0400206cfbff
2026-07-07T14:48:13.441+00:00 CAN id=101 dlc=8 data=d8cf0400206cfbff
2026-07-07T14:48:13.461+00:00 CAN id=101 dlc=8 data=d8cf0400206cfbff
2026-07-07T14:48:13.481+00:00 CAN id=101 dlc=8 data=d8cf0400206cfbff
2026-07-07T14:48:13.501+00:00 CAN id=101 dlc=8 data=d8cf0400206cfbff
2026-07-07T14:48:13.521+00:00 CAN id=101 dlc=8 data=d8cf0400206cfbff
2026-07-07T14:48:13.541+00:00 CAN id=101 dlc=8 data=d8cf0400206cfbff
2026-07-07T14:48:13.561+00:00 CAN id=101 dlc=8 data=d8cf0400206cfbff
2026-07-07T14:48:13.566+00:00 VCP run=1 step=0 angle=315879 target=315352 err=-527 steer=-263 m1=-2637/-104574 i1=-170 t1=27 m2=2619/101676 i2=169 t2=26 steerMode=-1449/-642 iSteer=-218 driveMode=-103125/-138216 iDrive=-169652 scale=0 wheel=-300000
2026-07-07T14:48:13.566+00:00 VCP run=1 step=0 angle=315879 target=315352 err=-527 steer=-263 m1=-2604/-104574 i1=-119 t1=27 m2=2584/101676 i2=106 t2=26 steerMode=-1449/-522 iSteer=-6230 driveMode=-103125/-136892 iDrive=-112663 scale=0 wheel=-300000
2026-07-07T14:48:13.581+00:00 CAN id=101 dlc=8 data=d8cf0400206cfbff
2026-07-07T14:48:13.601+00:00 CAN id=101 dlc=8 data=d8cf0400206cfbff
2026-07-07T14:48:13.621+00:00 CAN id=101 dlc=8 data=d8cf0400206cfbff
2026-07-07T14:48:13.641+00:00 CAN id=101 dlc=8 data=d8cf0400206cfbff
2026-07-07T14:48:13.661+00:00 CAN id=101 dlc=8 data=d8cf0400206cfbff
2026-07-07T14:48:13.667+00:00 VCP run=1 step=0 angle=315615 target=315352 err=-263 steer=0 m1=-2461/-103125 i1=-43 t1=27 m2=2469/103125 i2=126 t2=26 steerMode=0/5 iSteer=41110 driveMode=-103125/-131081 iDrive=-84534 scale=0 wheel=-300000
2026-07-07T14:48:13.667+00:00 VCP SET_TARGET_RX steer=315352 wheel=-300000
2026-07-07T14:48:13.681+00:00 CAN id=101 dlc=8 data=d8cf0400206cfbff
2026-07-07T14:48:13.701+00:00 CAN id=101 dlc=8 data=d8cf0400206cfbff
2026-07-07T14:48:13.721+00:00 CAN id=101 dlc=8 data=d8cf0400206cfbff
2026-07-07T14:48:13.741+00:00 CAN id=101 dlc=8 data=d8cf0400206cfbff
2026-07-07T14:48:13.761+00:00 CAN id=101 dlc=8 data=d8cf0400206cfbff
2026-07-07T14:48:13.771+00:00 VCP run=1 step=0 angle=315703 target=315352 err=-351 steer=0 m1=-2327/-103125 i1=-61 t1=27 m2=2350/103125 i2=87 t2=26 steerMode=0/545 iSteer=13099 driveMode=-103125/-124159 iDrive=-74092 scale=0 wheel=-300000
2026-07-07T14:48:13.781+00:00 CAN id=101 dlc=8 data=d8cf0400206cfbff
2026-07-07T14:48:13.801+00:00 CAN id=101 dlc=8 data=d8cf0400206cfbff
2026-07-07T14:48:13.821+00:00 CAN id=101 dlc=8 data=d8cf0400206cfbff
2026-07-07T14:48:13.841+00:00 CAN id=101 dlc=8 data=d8cf0400206cfbff
2026-07-07T14:48:13.861+00:00 CAN id=101 dlc=8 data=d8cf0400206cfbff
2026-07-07T14:48:13.875+00:00 VCP run=1 step=0 angle=315791 target=315352 err=-439 steer=0 m1=-2204/-103125 i1=-27 t1=27 m2=2174/103125 i2=129 t2=26 steerMode=0/-223 iSteer=50971 driveMode=-103125/-116976 iDrive=-78168 scale=0 wheel=-300000
2026-07-07T14:48:13.881+00:00 CAN id=101 dlc=8 data=d8cf0400206cfbff
2026-07-07T14:48:13.901+00:00 CAN id=101 dlc=8 data=d8cf0400206cfbff
2026-07-07T14:48:13.921+00:00 CAN id=101 dlc=8 data=d8cf0400206cfbff
2026-07-07T14:48:13.941+00:00 CAN id=101 dlc=8 data=d8cf0400206cfbff
2026-07-07T14:48:13.961+00:00 CAN id=101 dlc=8 data=d8cf0400206cfbff
2026-07-07T14:48:13.979+00:00 VCP run=1 step=0 angle=315439 target=315352 err=-87 steer=0 m1=-2089/-103125 i1=-14 t1=27 m2=2040/103125 i2=175 t2=26 steerMode=0/-828 iSteer=80550 driveMode=-103125/-110060 iDrive=-94155 scale=0 wheel=-300000
2026-07-07T14:48:13.981+00:00 CAN id=101 dlc=8 data=d8cf0400206cfbff
2026-07-07T14:48:14.001+00:00 CAN id=101 dlc=8 data=d8cf0400206cfbff
2026-07-07T14:48:14.021+00:00 CAN id=101 dlc=8 data=d8cf0400206cfbff
2026-07-07T14:48:14.041+00:00 CAN id=101 dlc=8 data=d8cf0400206cfbff
2026-07-07T14:48:14.061+00:00 CAN id=101 dlc=8 data=d8cf0400206cfbff
2026-07-07T14:48:14.081+00:00 CAN id=101 dlc=8 data=d8cf0400206cfbff
2026-07-07T14:48:14.082+00:00 VCP run=1 step=0 angle=315879 target=315352 err=-527 steer=-250 m1=-1993/-104500 i1=-177 t1=27 m2=2013/101750 i2=38 t2=26 steerMode=-1375/774 iSteer=-69522 driveMode=-103125/-105748 iDrive=-107253 scale=0 wheel=-300000
2026-07-07T14:48:14.101+00:00 CAN id=101 dlc=8 data=d8cf0400206cfbff
2026-07-07T14:48:14.121+00:00 CAN id=101 dlc=8 data=d8cf0400206cfbff
2026-07-07T14:48:14.141+00:00 CAN id=101 dlc=8 data=d8cf0400206cfbff
2026-07-07T14:48:14.161+00:00 CAN id=101 dlc=8 data=d8cf0400206cfbff
2026-07-07T14:48:14.181+00:00 CAN id=101 dlc=8 data=d8cf0400206cfbff
2026-07-07T14:48:14.201+00:00 CAN id=101 dlc=8 data=d8cf0400206cfbff
2026-07-07T14:48:14.221+00:00 CAN id=101 dlc=8 data=d8cf0400206cfbff
2026-07-07T14:48:14.241+00:00 CAN id=101 dlc=8 data=d8cf0400206cfbff
2026-07-07T14:48:14.261+00:00 CAN id=101 dlc=8 data=d8cf0400206cfbff
2026-07-07T14:48:14.266+00:00 VCP run=1 step=0 angle=315527 target=315352 err=-175 steer=0 m1=-1934/-103125 i1=14 t1=27 m2=1864/103125 i2=276 t2=26 steerMode=0/-2147 iSteer=145203 driveMode=-103125/-100924 iDrive=-130789 scale=0 wheel=-300000
2026-07-07T14:48:14.266+00:00 VCP SET_TARGET_RX steer=315352 wheel=-300000
2026-07-07T14:48:14.266+00:00 VCP run=1 step=0 angle=315527 target=315352 err=-175 steer=0 m1=-1790/-103125 i1=-159 t1=27 m2=1845/103125 i2=170 t2=26 steerMode=0/659 iSteer=5413 driveMode=-103125/-96058 iDrive=-164204 scale=0 wheel=-300000
2026-07-07T14:48:14.281+00:00 CAN id=101 dlc=8 data=d8cf0400206cfbff
2026-07-07T14:48:14.302+00:00 CAN id=101 dlc=8 data=d8cf0400206cfbff
2026-07-07T14:48:14.321+00:00 CAN id=101 dlc=8 data=d8cf0400206cfbff
2026-07-07T14:48:14.341+00:00 CAN id=101 dlc=8 data=d8cf0400206cfbff
2026-07-07T14:48:14.361+00:00 CAN id=101 dlc=8 data=d8cf0400206cfbff
2026-07-07T14:48:14.370+00:00 VCP run=1 step=0 angle=315527 target=315352 err=-175 steer=0 m1=-1758/-103125 i1=-159 t1=27 m2=1793/103125 i2=222 t2=26 steerMode=0/128 iSteer=31510 driveMode=-103125/-93838 iDrive=-190868 scale=0 wheel=-300000
2026-07-07T14:48:14.381+00:00 CAN id=101 dlc=8 data=d8cf0400206cfbff
2026-07-07T14:48:14.401+00:00 CAN id=101 dlc=8 data=d8cf0400206cfbff
2026-07-07T14:48:14.421+00:00 CAN id=101 dlc=8 data=d8cf0400206cfbff
2026-07-07T14:48:14.441+00:00 CAN id=101 dlc=8 data=d8cf0400206cfbff
2026-07-07T14:48:14.461+00:00 CAN id=101 dlc=8 data=d8cf0400206cfbff
2026-07-07T14:48:14.474+00:00 VCP run=1 step=0 angle=315615 target=315352 err=-263 steer=0 m1=-1767/-103125 i1=-178 t1=27 m2=1791/103125 i2=243 t2=26 steerMode=0/89 iSteer=32847 driveMode=-103125/-93433 iDrive=-210375 scale=0 wheel=-300000
2026-07-07T14:48:14.481+00:00 CAN id=101 dlc=8 data=d8cf0400206cfbff
2026-07-07T14:48:14.502+00:00 CAN id=101 dlc=8 data=d8cf0400206cfbff
2026-07-07T14:48:14.521+00:00 CAN id=101 dlc=8 data=d8cf0400206cfbff
2026-07-07T14:48:14.541+00:00 CAN id=101 dlc=8 data=d8cf0400206cfbff
2026-07-07T14:48:14.561+00:00 CAN id=101 dlc=8 data=d8cf0400206cfbff
2026-07-07T14:48:14.578+00:00 VCP run=1 step=0 angle=315791 target=315352 err=-439 steer=0 m1=-1790/-103125 i1=-203 t1=27 m2=1812/103125 i2=243 t2=26 steerMode=0/348 iSteer=20001 driveMode=-103125/-94450 iDrive=-222634 scale=0 wheel=-300000
2026-07-07T14:48:14.581+00:00 CAN id=101 dlc=8 data=d8cf0400206cfbff
2026-07-07T14:48:14.601+00:00 CAN id=101 dlc=8 data=d8cf0400206cfbff
2026-07-07T14:48:14.621+00:00 CAN id=101 dlc=8 data=d8cf0400206cfbff
2026-07-07T14:48:14.641+00:00 CAN id=101 dlc=8 data=d8cf0400206cfbff
2026-07-07T14:48:14.661+00:00 CAN id=101 dlc=8 data=d8cf0400206cfbff
2026-07-07T14:48:14.678+00:00 VCP run=1 step=0 angle=315879 target=315352 err=-527 steer=-263 m1=-1903/-104574 i1=-186 t1=27 m2=1839/101676 i2=259 t2=26 steerMode=-1449/-1499 iSteer=36672 driveMode=-103125/-97136 iDrive=-222455 scale=0 wheel=-300000
2026-07-07T14:48:14.678+00:00 VCP SET_TARGET_RX steer=315352 wheel=-300000
2026-07-07T14:48:14.681+00:00 CAN id=101 dlc=8 data=d8cf0400206cfbff
2026-07-07T14:48:14.701+00:00 CAN id=101 dlc=8 data=d8cf0400206cfbff
2026-07-07T14:48:14.721+00:00 CAN id=101 dlc=8 data=d8cf0400206cfbff
2026-07-07T14:48:14.741+00:00 CAN id=101 dlc=8 data=d8cf0400206cfbff
2026-07-07T14:48:14.761+00:00 CAN id=101 dlc=8 data=d8cf0400206cfbff
2026-07-07T14:48:14.781+00:00 CAN id=101 dlc=8 data=d8cf0400206cfbff
2026-07-07T14:48:14.782+00:00 VCP run=1 step=0 angle=315703 target=315352 err=-351 steer=0 m1=-1886/-103125 i1=-196 t1=27 m2=1879/103125 i2=249 t2=26 steerMode=0/182 iSteer=26490 driveMode=-103125/-98981 iDrive=-222174 scale=0 wheel=-300000
2026-07-07T14:48:14.802+00:00 CAN id=101 dlc=8 data=d8cf0400206cfbff
2026-07-07T14:48:14.821+00:00 CAN id=101 dlc=8 data=d8cf0400206cfbff
2026-07-07T14:48:14.841+00:00 CAN id=101 dlc=8 data=d8cf0400206cfbff
2026-07-07T14:48:14.861+00:00 CAN id=101 dlc=8 data=d8cf0400206cfbff
2026-07-07T14:48:14.881+00:00 CAN id=101 dlc=8 data=d8cf0400206cfbff
2026-07-07T14:48:14.901+00:00 CAN id=101 dlc=8 data=d8cf0400206cfbff
2026-07-07T14:48:14.921+00:00 CAN id=101 dlc=8 data=d8cf0400206cfbff
2026-07-07T14:48:14.941+00:00 CAN id=101 dlc=8 data=d8cf0400206cfbff
2026-07-07T14:48:14.961+00:00 CAN id=101 dlc=8 data=d8cf0400206cfbff
2026-07-07T14:48:14.968+00:00 VCP run=1 step=0 angle=315615 target=315352 err=-263 steer=0 m1=-1878/-103125 i1=-194 t1=27 m2=1898/103125 i2=262 t2=26 steerMode=0/25 iSteer=33917 driveMode=-103125/-99320 iDrive=-227811 scale=0 wheel=-300000
2026-07-07T14:48:14.968+00:00 VCP run=1 step=0 angle=315615 target=315352 err=-263 steer=0 m1=-1924/-103125 i1=-201 t1=27 m2=1879/103125 i2=247 t2=26 steerMode=0/221 iSteer=23056 driveMode=-103125/-101148 iDrive=-223932 scale=0 wheel=-300000
2026-07-07T14:48:14.981+00:00 CAN id=101 dlc=8 data=d8cf0400206cfbff
2026-07-07T14:48:15.002+00:00 CAN id=101 dlc=8 data=d8cf0400206cfbff
2026-07-07T14:48:15.021+00:00 CAN id=101 dlc=8 data=d8cf0400206cfbff
2026-07-07T14:48:15.041+00:00 CAN id=101 dlc=8 data=d8cf0400206cfbff
2026-07-07T14:48:15.061+00:00 CAN id=101 dlc=8 data=d8cf0400206cfbff
2026-07-07T14:48:15.072+00:00 VCP run=1 step=0 angle=315703 target=315352 err=-351 steer=0 m1=-1961/-103125 i1=-165 t1=27 m2=1921/103125 i2=277 t2=26 steerMode=0/-427 iSteer=56244 driveMode=-103125/-102229 iDrive=-221107 scale=0 wheel=-300000
2026-07-07T14:48:15.081+00:00 CAN id=101 dlc=8 data=d8cf0400206cfbff
2026-07-07T14:48:15.101+00:00 CAN id=101 dlc=8 data=d8cf0400206cfbff
2026-07-07T14:48:15.121+00:00 CAN id=101 dlc=8 data=d8cf0400206cfbff
2026-07-07T14:48:15.141+00:00 CAN id=101 dlc=8 data=d8cf0400206cfbff
2026-07-07T14:48:15.161+00:00 CAN id=101 dlc=8 data=d8cf0400206cfbff
2026-07-07T14:48:15.172+00:00 VCP run=1 step=0 angle=315879 target=315352 err=-527 steer=-263 m1=-1978/-104574 i1=-224 t1=27 m2=1935/101676 i2=207 t2=26 steerMode=-1449/-598 iSteer=-8731 driveMode=-103125/-103469 iDrive=-215324 scale=0 wheel=-300000
2026-07-07T14:48:15.172+00:00 VCP SET_TARGET_RX steer=315352 wheel=-300000
2026-07-07T14:48:15.181+00:00 CAN id=101 dlc=8 data=d8cf0400206cfbff
2026-07-07T14:48:15.201+00:00 CAN id=101 dlc=8 data=d8cf0400206cfbff
2026-07-07T14:48:15.221+00:00 CAN id=101 dlc=8 data=d8cf0400206cfbff
2026-07-07T14:48:15.241+00:00 CAN id=101 dlc=8 data=d8cf0400206cfbff
2026-07-07T14:48:15.261+00:00 CAN id=101 dlc=8 data=d8cf0400206cfbff
2026-07-07T14:48:15.275+00:00 VCP run=1 step=0 angle=315615 target=315352 err=-263 steer=0 m1=-1984/-103125 i1=-191 t1=27 m2=1992/103125 i2=218 t2=26 steerMode=0/431 iSteer=13583 driveMode=-103125/-105202 iDrive=-204445 scale=0 wheel=-300000
2026-07-07T14:48:15.281+00:00 CAN id=101 dlc=8 data=d8cf0400206cfbff
2026-07-07T14:48:15.301+00:00 CAN id=101 dlc=8 data=d8cf0400206cfbff
2026-07-07T14:48:15.321+00:00 CAN id=101 dlc=8 data=d8cf0400206cfbff
2026-07-07T14:48:15.342+00:00 CAN id=101 dlc=8 data=d8cf0400206cfbff
2026-07-07T14:48:15.361+00:00 CAN id=101 dlc=8 data=d8cf0400206cfbff
2026-07-07T14:48:15.379+00:00 VCP run=1 step=0 angle=315879 target=315352 err=-527 steer=-263 m1=-2053/-104574 i1=-192 t1=27 m2=2015/101676 i2=191 t2=26 steerMode=-1449/-791 iSteer=-332 driveMode=-103125/-106688 iDrive=-191227 scale=0 wheel=-300000
2026-07-07T14:48:15.381+00:00 CAN id=101 dlc=8 data=d8cf0400206cfbff
2026-07-07T14:48:15.401+00:00 CAN id=101 dlc=8 data=d8cf0400206cfbff
2026-07-07T14:48:15.422+00:00 CAN id=101 dlc=8 data=d8cf0400206cfbff
2026-07-07T14:48:15.441+00:00 CAN id=101 dlc=8 data=d8cf0400206cfbff
2026-07-07T14:48:15.461+00:00 CAN id=101 dlc=8 data=d8cf0400206cfbff
2026-07-07T14:48:15.481+00:00 CAN id=101 dlc=8 data=d8cf0400206cfbff
2026-07-07T14:48:15.501+00:00 CAN id=101 dlc=8 data=d8cf0400206cfbff
2026-07-07T14:48:15.522+00:00 CAN id=101 dlc=8 data=d8cf0400206cfbff
2026-07-07T14:48:15.542+00:00 CAN id=101 dlc=8 data=d8cf0400206cfbff
2026-07-07T14:48:15.561+00:00 CAN id=101 dlc=8 data=d8cf0400206cfbff
2026-07-07T14:48:15.565+00:00 VCP run=1 step=0 angle=315439 target=315352 err=-87 steer=0 m1=-1991/-103125 i1=-149 t1=27 m2=2002/103125 i2=242 t2=26 steerMode=0/-217 iSteer=46723 driveMode=-103125/-104929 iDrive=-195231 scale=0 wheel=-300000
2026-07-07T14:48:15.565+00:00 VCP run=1 step=0 angle=315439 target=315352 err=-87 steer=0 m1=-1978/-103125 i1=-164 t1=27 m2=1946/103125 i2=228 t2=26 steerMode=0/57 iSteer=32008 driveMode=-103125/-104170 iDrive=-196106 scale=0 wheel=-300000
2026-07-07T14:48:15.581+00:00 CAN id=101 dlc=8 data=d8cf0400206cfbff
2026-07-07T14:48:15.601+00:00 CAN id=101 dlc=8 data=d8cf0400206cfbff
2026-07-07T14:48:15.621+00:00 CAN id=101 dlc=8 data=d8cf0400206cfbff
2026-07-07T14:48:15.641+00:00 CAN id=101 dlc=8 data=d8cf0400206cfbff
2026-07-07T14:48:15.661+00:00 CAN id=101 dlc=8 data=d8cf0400206cfbff
2026-07-07T14:48:15.666+00:00 VCP run=1 step=0 angle=315439 target=315352 err=-87 steer=0 m1=-1980/-103125 i1=-158 t1=27 m2=1971/103125 i2=237 t2=26 steerMode=0/-108 iSteer=39953 driveMode=-103125/-103633 iDrive=-197483 scale=0 wheel=-300000
2026-07-07T14:48:15.666+00:00 VCP SET_TARGET_RX steer=315352 wheel=-300000
2026-07-07T14:48:15.681+00:00 CAN id=101 dlc=8 data=d8cf0400206cfbff
2026-07-07T14:48:15.701+00:00 CAN id=101 dlc=8 data=d8cf0400206cfbff
2026-07-07T14:48:15.722+00:00 CAN id=101 dlc=8 data=d8cf0400206cfbff
2026-07-07T14:48:15.742+00:00 CAN id=101 dlc=8 data=d8cf0400206cfbff
2026-07-07T14:48:15.762+00:00 CAN id=101 dlc=8 data=d8cf0400206cfbff
2026-07-07T14:48:15.770+00:00 VCP run=1 step=0 angle=315703 target=315352 err=-351 steer=0 m1=-1978/-103125 i1=-175 t1=27 m2=2013/103125 i2=205 t2=26 steerMode=0/388 iSteer=14728 driveMode=-103125/-104696 iDrive=-190176 scale=0 wheel=-300000
2026-07-07T14:48:15.781+00:00 CAN id=101 dlc=8 data=d8cf0400206cfbff
2026-07-07T14:48:15.801+00:00 CAN id=101 dlc=8 data=d8cf0400206cfbff
2026-07-07T14:48:15.821+00:00 CAN id=101 dlc=8 data=d8cf0400206cfbff
2026-07-07T14:48:15.842+00:00 CAN id=101 dlc=8 data=d8cf0400206cfbff
2026-07-07T14:48:15.861+00:00 CAN id=101 dlc=8 data=d8cf0400206cfbff
2026-07-07T14:48:15.874+00:00 VCP run=1 step=0 angle=315791 target=315352 err=-439 steer=0 m1=-2007/-103125 i1=-134 t1=27 m2=2004/103125 i2=235 t2=26 steerMode=0/-334 iSteer=50814 driveMode=-103125/-105143 iDrive=-184460 scale=0 wheel=-300000
2026-07-07T14:48:15.881+00:00 CAN id=101 dlc=8 data=d8cf0400206cfbff
2026-07-07T14:48:15.902+00:00 CAN id=101 dlc=8 data=d8cf0400206cfbff
2026-07-07T14:48:15.921+00:00 CAN id=101 dlc=8 data=d8cf0400206cfbff
2026-07-07T14:48:15.941+00:00 CAN id=101 dlc=8 data=d8cf0400206cfbff
2026-07-07T14:48:15.962+00:00 CAN id=101 dlc=8 data=d8cf0400206cfbff
2026-07-07T14:48:15.978+00:00 VCP run=1 step=0 angle=315615 target=315352 err=-263 steer=0 m1=-1988/-103125 i1=-64 t1=27 m2=1973/103125 i2=308 t2=26 steerMode=0/-1768 iSteer=121745 driveMode=-103125/-104166 iDrive=-185980 scale=0 wheel=-300000
2026-07-07T14:48:15.981+00:00 CAN id=101 dlc=8 data=d8cf0400206cfbff
2026-07-07T14:48:16.001+00:00 CAN id=101 dlc=8 data=d8cf0400206cfbff
2026-07-07T14:48:16.021+00:00 CAN id=101 dlc=8 data=d8cf0400206cfbff
2026-07-07T14:48:16.042+00:00 CAN id=101 dlc=8 data=d8cf0400206cfbff
2026-07-07T14:48:16.062+00:00 CAN id=101 dlc=8 data=d8cf0400206cfbff
2026-07-07T14:48:16.081+00:00 CAN id=101 dlc=8 data=d8cf0400206cfbff
2026-07-07T14:48:16.082+00:00 VCP run=1 step=0 angle=315352 target=315352 err=0 steer=0 m1=-1936/-103125 i1=-197 t1=27 m2=1971/103125 i2=192 t2=26 steerMode=0/730 iSteer=-2680 driveMode=-103125/-102475 iDrive=-194421 scale=0 wheel=-300000
2026-07-07T14:48:16.101+00:00 CAN id=101 dlc=8 data=d8cf0400206cfbff
2026-07-07T14:48:16.122+00:00 CAN id=101 dlc=8 data=d8cf0400206cfbff
2026-07-07T14:48:16.142+00:00 CAN id=101 dlc=8 data=d8cf0400206cfbff
2026-07-07T14:48:16.161+00:00 CAN id=101 dlc=8 data=d8cf0400206cfbff
2026-07-07T14:48:16.181+00:00 CAN id=101 dlc=8 data=d8cf0400206cfbff
2026-07-07T14:48:16.183+00:00 VCP run=1 step=0 angle=315439 target=315352 err=-87 steer=0 m1=-1972/-103125 i1=-160 t1=27 m2=1954/103125 i2=226 t2=26 steerMode=0/-9 iSteer=33021 driveMode=-103125/-102944 iDrive=-192936 scale=0 wheel=-300000
2026-07-07T14:48:16.183+00:00 VCP SET_TARGET_RX steer=315352 wheel=-300000
2026-07-07T14:48:16.201+00:00 CAN id=101 dlc=8 data=d8cf0400206cfbff
2026-07-07T14:48:16.222+00:00 CAN id=101 dlc=8 data=d8cf0400206cfbff
2026-07-07T14:48:16.241+00:00 CAN id=101 dlc=8 data=d8cf0400206cfbff
2026-07-07T14:48:16.262+00:00 CAN id=101 dlc=8 data=d8cf0400206cfbff
2026-07-07T14:48:16.281+00:00 CAN id=101 dlc=8 data=d8cf0400206cfbff
2026-07-07T14:48:16.302+00:00 CAN id=101 dlc=8 data=d8cf0400206cfbff
2026-07-07T14:48:16.322+00:00 CAN id=101 dlc=8 data=d8cf0400206cfbff
2026-07-07T14:48:16.341+00:00 CAN id=101 dlc=8 data=d8cf0400206cfbff
2026-07-07T14:48:16.362+00:00 CAN id=101 dlc=8 data=d8cf0400206cfbff
2026-07-07T14:48:16.368+00:00 VCP run=1 step=0 angle=315791 target=315352 err=-439 steer=0 m1=-1963/-103125 i1=-132 t1=27 m2=1906/103125 i2=264 t2=26 steerMode=0/-644 iSteer=65775 driveMode=-103125/-102122 iDrive=-198218 scale=0 wheel=-300000
2026-07-07T14:48:16.368+00:00 VCP run=1 step=0 angle=315791 target=315352 err=-439 steer=-63 m1=-1945/-103474 i1=-157 t1=27 m2=1958/102776 i2=243 t2=26 steerMode=-349/-559 iSteer=43015 driveMode=-103125/-102081 iDrive=-200433 scale=0 wheel=-300000
2026-07-07T14:48:16.381+00:00 CAN id=101 dlc=8 data=d8cf0400206cfbff
2026-07-07T14:48:16.401+00:00 CAN id=101 dlc=8 data=d8cf0400206cfbff
2026-07-07T14:48:16.422+00:00 CAN id=101 dlc=8 data=d8cf0400206cfbff
2026-07-07T14:48:16.442+00:00 CAN id=101 dlc=8 data=d8cf0400206cfbff
2026-07-07T14:48:16.462+00:00 CAN id=101 dlc=8 data=d8cf0400206cfbff
2026-07-07T14:48:16.472+00:00 VCP run=1 step=0 angle=315615 target=315352 err=-263 steer=0 m1=-1963/-103125 i1=-188 t1=27 m2=1950/103125 i2=201 t2=26 steerMode=0/526 iSteer=6421 driveMode=-103125/-103361 iDrive=-194544 scale=0 wheel=-300000
2026-07-07T14:48:16.481+00:00 CAN id=101 dlc=8 data=d8cf0400206cfbff
2026-07-07T14:48:16.502+00:00 CAN id=101 dlc=8 data=d8cf0400206cfbff
2026-07-07T14:48:16.522+00:00 CAN id=101 dlc=8 data=d8cf0400206cfbff
2026-07-07T14:48:16.541+00:00 CAN id=101 dlc=8 data=d8cf0400206cfbff
2026-07-07T14:48:16.562+00:00 CAN id=101 dlc=8 data=d8cf0400206cfbff
2026-07-07T14:48:16.575+00:00 VCP run=1 step=0 angle=315879 target=315352 err=-527 steer=-263 m1=-2007/-104574 i1=-148 t1=27 m2=1931/101676 i2=238 t2=26 steerMode=-1449/-1724 iSteer=44806 driveMode=-103125/-103449 iDrive=-193175 scale=0 wheel=-300000
2026-07-07T14:48:16.581+00:00 CAN id=101 dlc=8 data=d8cf0400206cfbff
2026-07-07T14:48:16.601+00:00 CAN id=101 dlc=8 data=d8cf0400206cfbff
2026-07-07T14:48:16.622+00:00 CAN id=101 dlc=8 data=d8cf0400206cfbff
2026-07-07T14:48:16.641+00:00 CAN id=101 dlc=8 data=d8cf0400206cfbff
2026-07-07T14:48:16.662+00:00 CAN id=101 dlc=8 data=d8cf0400206cfbff
2026-07-07T14:48:16.676+00:00 VCP run=1 step=0 angle=315088 target=315352 err=264 steer=0 m1=-1930/-103125 i1=-177 t1=27 m2=1964/103125 i2=223 t2=26 steerMode=0/211 iSteer=23243 driveMode=-103125/-102219 iDrive=-199832 scale=0 wheel=-300000
2026-07-07T14:48:16.676+00:00 VCP SET_TARGET_RX steer=315352 wheel=-300000
2026-07-07T14:48:16.681+00:00 CAN id=101 dlc=8 data=d8cf0400206cfbff
2026-07-07T14:48:16.701+00:00 CAN id=101 dlc=8 data=d8cf0400206cfbff
2026-07-07T14:48:16.722+00:00 CAN id=101 dlc=8 data=d8cf0400206cfbff
2026-07-07T14:48:16.741+00:00 CAN id=101 dlc=8 data=d8cf0400206cfbff
2026-07-07T14:48:16.762+00:00 CAN id=101 dlc=8 data=d8cf0400206cfbff
2026-07-07T14:48:16.780+00:00 VCP run=1 step=0 angle=315264 target=315352 err=88 steer=0 m1=-1951/-103125 i1=-155 t1=27 m2=1954/103125 i2=249 t2=26 steerMode=0/-281 iSteer=47317 driveMode=-103125/-102128 iDrive=-201923 scale=0 wheel=-300000
2026-07-07T14:48:16.781+00:00 CAN id=101 dlc=8 data=d8cf0400206cfbff
2026-07-07T14:48:16.802+00:00 CAN id=101 dlc=8 data=d8cf0400206cfbff
2026-07-07T14:48:16.822+00:00 CAN id=101 dlc=8 data=d8cf0400206cfbff
2026-07-07T14:48:16.842+00:00 CAN id=101 dlc=8 data=d8cf0400206cfbff
2026-07-07T14:48:16.862+00:00 CAN id=101 dlc=8 data=d8cf0400206cfbff
2026-07-07T14:48:16.881+00:00 CAN id=101 dlc=8 data=d8cf0400206cfbff
2026-07-07T14:48:16.902+00:00 CAN id=101 dlc=8 data=d8cf0400206cfbff
2026-07-07T14:48:16.922+00:00 CAN id=101 dlc=8 data=d8cf0400206cfbff
2026-07-07T14:48:16.941+00:00 CAN id=101 dlc=8 data=d8cf0400206cfbff
2026-07-07T14:48:16.962+00:00 CAN id=101 dlc=8 data=d8cf0400206cfbff
2026-07-07T14:48:16.966+00:00 VCP run=1 step=0 angle=315439 target=315352 err=-87 steer=0 m1=-1934/-103125 i1=-170 t1=27 m2=1950/103125 i2=245 t2=26 steerMode=0/-79 iSteer=37757 driveMode=-103125/-101576 iDrive=-207427 scale=0 wheel=-300000
2026-07-07T14:48:16.966+00:00 VCP run=1 step=0 angle=315791 target=315352 err=-439 steer=0 m1=-1965/-103125 i1=-186 t1=27 m2=1996/103125 i2=217 t2=26 steerMode=0/353 iSteer=15329 driveMode=-103125/-103041 iDrive=-201737 scale=0 wheel=-300000
2026-07-07T14:48:16.981+00:00 CAN id=101 dlc=8 data=d8cf0400206cfbff
2026-07-07T14:48:17.001+00:00 CAN id=101 dlc=8 data=d8cf0400206cfbff
2026-07-07T14:48:17.022+00:00 CAN id=101 dlc=8 data=d8cf0400206cfbff
2026-07-07T14:48:17.042+00:00 CAN id=101 dlc=8 data=d8cf0400206cfbff
2026-07-07T14:48:17.062+00:00 CAN id=101 dlc=8 data=d8cf0400206cfbff
2026-07-07T14:48:17.069+00:00 VCP run=1 step=0 angle=315879 target=315352 err=-527 steer=-263 m1=-1999/-104574 i1=-222 t1=27 m2=1964/101676 i2=165 t2=26 steerMode=-1449/-259 iSteer=-28469 driveMode=-103125/-104385 iDrive=-193499 scale=0 wheel=-300000
2026-07-07T14:48:17.081+00:00 CAN id=101 dlc=8 data=d8cf0400206cfbff
2026-07-07T14:48:17.102+00:00 CAN id=101 dlc=8 data=d8cf0400206cfbff
2026-07-07T14:48:17.122+00:00 CAN id=101 dlc=8 data=d8cf0400206cfbff
2026-07-07T14:48:17.142+00:00 CAN id=101 dlc=8 data=d8cf0400206cfbff
2026-07-07T14:48:17.162+00:00 CAN id=101 dlc=8 data=d8cf0400206cfbff
2026-07-07T14:48:17.170+00:00 VCP run=1 step=0 angle=315527 target=315352 err=-175 steer=0 m1=-1949/-103125 i1=-145 t1=27 m2=1933/103125 i2=249 t2=26 steerMode=0/-371 iSteer=51911 driveMode=-103125/-103306 iDrive=-197152 scale=0 wheel=-300000
2026-07-07T14:48:17.170+00:00 VCP SET_TARGET_RX steer=315352 wheel=-300000
2026-07-07T14:48:17.181+00:00 CAN id=101 dlc=8 data=d8cf0400206cfbff
2026-07-07T14:48:17.201+00:00 CAN id=101 dlc=8 data=d8cf0400206cfbff
2026-07-07T14:48:17.222+00:00 CAN id=101 dlc=8 data=d8cf0400206cfbff
2026-07-07T14:48:17.242+00:00 CAN id=101 dlc=8 data=d8cf0400206cfbff
2026-07-07T14:48:17.261+00:00 CAN id=101 dlc=8 data=d8cf0400206cfbff
2026-07-07T14:48:17.274+00:00 VCP run=1 step=0 angle=315352 target=315352 err=0 steer=0 m1=-1951/-103125 i1=-193 t1=27 m2=1958/103125 i2=208 t2=26 steerMode=0/497 iSteer=7101 driveMode=-103125/-102788 iDrive=-200568 scale=0 wheel=-300000
2026-07-07T14:48:17.281+00:00 CAN id=101 dlc=8 data=d8cf0400206cfbff
2026-07-07T14:48:17.301+00:00 CAN id=101 dlc=8 data=d8cf0400206cfbff
2026-07-07T14:48:17.322+00:00 CAN id=101 dlc=8 data=d8cf0400206cfbff
2026-07-07T14:48:17.342+00:00 CAN id=101 dlc=8 data=d8cf0400206cfbff
2026-07-07T14:48:17.361+00:00 CAN id=101 dlc=8 data=d8cf0400206cfbff
2026-07-07T14:48:17.379+00:00 VCP run=1 step=0 angle=315439 target=315352 err=-87 steer=0 m1=-1968/-103125 i1=-157 t1=27 m2=1952/103125 i2=235 t2=26 steerMode=0/-142 iSteer=38754 driveMode=-103125/-103638 iDrive=-195855 scale=0 wheel=-300000
2026-07-07T14:48:17.381+00:00 CAN id=101 dlc=8 data=d8cf0400206cfbff
2026-07-07T14:48:17.402+00:00 CAN id=101 dlc=8 data=d8cf0400206cfbff
2026-07-07T14:48:17.422+00:00 CAN id=101 dlc=8 data=d8cf0400206cfbff
2026-07-07T14:48:17.441+00:00 CAN id=101 dlc=8 data=d8cf0400206cfbff
2026-07-07T14:48:17.462+00:00 CAN id=101 dlc=8 data=d8cf0400206cfbff
2026-07-07T14:48:17.481+00:00 CAN id=101 dlc=8 data=d8cf0400206cfbff
2026-07-07T14:48:17.483+00:00 VCP run=1 step=0 angle=315703 target=315352 err=-351 steer=0 m1=-1951/-103125 i1=-170 t1=27 m2=1983/103125 i2=226 t2=26 steerMode=0/96 iSteer=28280 driveMode=-103125/-103201 iDrive=-197861 scale=0 wheel=-300000
2026-07-07T14:48:17.501+00:00 CAN id=101 dlc=8 data=d8cf0400206cfbff
2026-07-07T14:48:17.522+00:00 CAN id=101 dlc=8 data=d8cf0400206cfbff
2026-07-07T14:48:17.542+00:00 CAN id=101 dlc=8 data=d8cf0400206cfbff
2026-07-07T14:48:17.562+00:00 CAN id=101 dlc=8 data=d8cf0400206cfbff
2026-07-07T14:48:17.581+00:00 CAN id=101 dlc=8 data=d8cf0400206cfbff
2026-07-07T14:48:17.602+00:00 CAN id=101 dlc=8 data=d8cf0400206cfbff
2026-07-07T14:48:17.622+00:00 CAN id=101 dlc=8 data=d8cf0400206cfbff
2026-07-07T14:48:17.642+00:00 CAN id=101 dlc=8 data=d8cf0400206cfbff
2026-07-07T14:48:17.662+00:00 CAN id=101 dlc=8 data=d8cf0400206cfbff
2026-07-07T14:48:17.664+00:00 VCP run=1 step=0 angle=315879 target=315352 err=-527 steer=-263 m1=-2003/-104574 i1=-184 t1=27 m2=1935/101676 i2=206 t2=26 steerMode=-1449/-1055 iSteer=11208 driveMode=-103125/-103665 iDrive=-195087 scale=0 wheel=-300000
2026-07-07T14:48:17.664+00:00 VCP run=1 step=0 angle=315703 target=315352 err=-351 steer=0 m1=-1972/-103125 i1=-177 t1=27 m2=1987/103125 i2=200 t2=26 steerMode=0/416 iSteer=11761 driveMode=-103125/-104586 iDrive=-188623 scale=0 wheel=-300000
2026-07-07T14:48:17.681+00:00 CAN id=101 dlc=8 data=d8cf0400206cfbff
2026-07-07T14:48:17.701+00:00 CAN id=101 dlc=8 data=d8cf0400206cfbff
2026-07-07T14:48:17.722+00:00 CAN id=101 dlc=8 data=d8cf0400206cfbff
2026-07-07T14:48:17.742+00:00 CAN id=101 dlc=8 data=d8cf0400206cfbff
2026-07-07T14:48:17.762+00:00 CAN id=101 dlc=8 data=d8cf0400206cfbff
2026-07-07T14:48:17.768+00:00 VCP SET_TARGET_RX steer=315352 wheel=-300000
2026-07-07T14:48:17.768+00:00 VCP run=1 step=0 angle=315615 target=315352 err=-263 steer=0 m1=-1984/-103125 i1=-99 t1=27 m2=1923/103125 i2=289 t2=26 steerMode=0/-1263 iSteer=95092 driveMode=-103125/-103145 iDrive=-194296 scale=0 wheel=-300000
2026-07-07T14:48:17.781+00:00 CAN id=101 dlc=8 data=d8cf0400206cfbff
2026-07-07T14:48:17.801+00:00 CAN id=101 dlc=8 data=d8cf0400206cfbff
2026-07-07T14:48:17.822+00:00 CAN id=101 dlc=8 data=d8cf0400206cfbff
2026-07-07T14:48:17.841+00:00 CAN id=101 dlc=8 data=d8cf0400206cfbff
2026-07-07T14:48:17.862+00:00 CAN id=101 dlc=8 data=d8cf0400206cfbff
2026-07-07T14:48:17.872+00:00 VCP run=1 step=0 angle=315439 target=315352 err=-87 steer=0 m1=-1938/-103125 i1=-183 t1=27 m2=1952/103125 i2=212 t2=26 steerMode=0/351 iSteer=14400 driveMode=-103125/-102556 iDrive=-197778 scale=0 wheel=-300000
2026-07-07T14:48:17.881+00:00 CAN id=101 dlc=8 data=d8cf0400206cfbff
2026-07-07T14:48:17.902+00:00 CAN id=101 dlc=8 data=d8cf0400206cfbff
2026-07-07T14:48:17.922+00:00 CAN id=101 dlc=8 data=d8cf0400206cfbff
2026-07-07T14:48:17.941+00:00 CAN id=101 dlc=8 data=d8cf0400206cfbff
2026-07-07T14:48:17.962+00:00 CAN id=101 dlc=8 data=d8cf0400206cfbff
2026-07-07T14:48:17.976+00:00 VCP run=1 step=0 angle=315527 target=315352 err=-175 steer=0 m1=-1953/-103125 i1=-154 t1=27 m2=1916/103125 i2=246 t2=26 steerMode=0/-275 iSteer=45729 driveMode=-103125/-102351 iDrive=-200019 scale=0 wheel=-300000
2026-07-07T14:48:17.981+00:00 CAN id=101 dlc=8 data=d8cf0400206cfbff
2026-07-07T14:48:18.001+00:00 CAN id=101 dlc=8 data=d8cf0400206cfbff
2026-07-07T14:48:18.022+00:00 CAN id=101 dlc=8 data=d8cf0400206cfbff
2026-07-07T14:48:18.042+00:00 CAN id=101 dlc=8 data=d8cf0400206cfbff
2026-07-07T14:48:18.061+00:00 CAN id=101 dlc=8 data=d8cf0400206cfbff
2026-07-07T14:48:18.080+00:00 VCP run=1 step=0 angle=315615 target=315352 err=-263 steer=0 m1=-1940/-103125 i1=-188 t1=27 m2=2002/103125 i2=213 t2=26 steerMode=0/401 iSteer=12488 driveMode=-103125/-102596 iDrive=-200513 scale=0 wheel=-300000
2026-07-07T14:48:18.081+00:00 CAN id=101 dlc=8 data=d8cf0400206cfbff
2026-07-07T14:48:18.102+00:00 CAN id=101 dlc=8 data=d8cf0400206cfbff
2026-07-07T14:48:18.121+00:00 CAN id=101 dlc=8 data=d8cf0400206cfbff
2026-07-07T14:48:18.141+00:00 CAN id=101 dlc=8 data=d8cf0400206cfbff
2026-07-07T14:48:18.162+00:00 CAN id=101 dlc=8 data=d8cf0400206cfbff
2026-07-07T14:48:18.180+00:00 VCP run=1 step=0 angle=315879 target=315352 err=-527 steer=-263 m1=-1995/-104574 i1=-226 t1=27 m2=1985/101676 i2=157 t2=26 steerMode=-1449/-154 iSteer=-34320 driveMode=-103125/-104285 iDrive=-191365 scale=0 wheel=-300000
2026-07-07T14:48:18.180+00:00 VCP SET_TARGET_RX steer=315352 wheel=-300000
2026-07-07T14:48:18.181+00:00 CAN id=101 dlc=8 data=d8cf0400206cfbff
2026-07-07T14:48:18.201+00:00 CAN id=101 dlc=8 data=d8cf0400206cfbff
2026-07-07T14:48:18.222+00:00 CAN id=101 dlc=8 data=d8cf0400206cfbff
2026-07-07T14:48:18.242+00:00 CAN id=101 dlc=8 data=d8cf0400206cfbff
2026-07-07T14:48:18.262+00:00 CAN id=101 dlc=8 data=d8cf0400206cfbff
2026-07-07T14:48:18.281+00:00 CAN id=101 dlc=8 data=d8cf0400206cfbff
2026-07-07T14:48:18.301+00:00 CAN id=101 dlc=8 data=d8cf0400206cfbff
2026-07-07T14:48:18.321+00:00 CAN id=101 dlc=8 data=d8cf0400206cfbff
2026-07-07T14:48:18.342+00:00 CAN id=101 dlc=8 data=d8cf0400206cfbff
2026-07-07T14:48:18.362+00:00 CAN id=101 dlc=8 data=d8cf0400206cfbff
2026-07-07T14:48:18.365+00:00 VCP run=1 step=0 angle=315615 target=315352 err=-263 steer=0 m1=-1974/-103125 i1=-120 t1=27 m2=1952/103125 i2=258 t2=26 steerMode=0/-735 iSteer=68888 driveMode=-103125/-104283 iDrive=-189242 scale=0 wheel=-300000
2026-07-07T14:48:18.365+00:00 VCP run=1 step=0 angle=315527 target=315352 err=-175 steer=0 m1=-1940/-103125 i1=-175 t1=27 m2=1960/103125 i2=222 t2=26 steerMode=0/180 iSteer=23481 driveMode=-103125/-102432 iDrive=-198142 scale=0 wheel=-300000
2026-07-07T14:48:18.381+00:00 CAN id=101 dlc=8 data=d8cf0400206cfbff
2026-07-07T14:48:18.402+00:00 CAN id=101 dlc=8 data=d8cf0400206cfbff
2026-07-07T14:48:18.422+00:00 CAN id=101 dlc=8 data=d8cf0400206cfbff
2026-07-07T14:48:18.442+00:00 CAN id=101 dlc=8 data=d8cf0400206cfbff
2026-07-07T14:48:18.461+00:00 CAN id=101 dlc=8 data=d8cf0400206cfbff
2026-07-07T14:48:18.469+00:00 VCP run=1 step=0 angle=315439 target=315352 err=-87 steer=0 m1=-1942/-103125 i1=-183 t1=27 m2=1941/103125 i2=221 t2=26 steerMode=0/248 iSteer=19184 driveMode=-103125/-102092 iDrive=-201737 scale=0 wheel=-300000
2026-07-07T14:48:18.481+00:00 CAN id=101 dlc=8 data=d8cf0400206cfbff
2026-07-07T14:48:18.501+00:00 CAN id=101 dlc=8 data=d8cf0400206cfbff
2026-07-07T14:48:18.522+00:00 CAN id=101 dlc=8 data=d8cf0400206cfbff
2026-07-07T14:48:18.541+00:00 CAN id=101 dlc=8 data=d8cf0400206cfbff
2026-07-07T14:48:18.562+00:00 CAN id=101 dlc=8 data=d8cf0400206cfbff
2026-07-07T14:48:18.573+00:00 VCP run=1 step=0 angle=315615 target=315352 err=-263 steer=0 m1=-1955/-103125 i1=-151 t1=27 m2=1895/103125 i2=250 t2=26 steerMode=0/-357 iSteer=49328 driveMode=-103125/-102633 iDrive=-200348 scale=0 wheel=-300000
2026-07-07T14:48:18.581+00:00 CAN id=101 dlc=8 data=d8cf0400206cfbff
2026-07-07T14:48:18.602+00:00 CAN id=101 dlc=8 data=d8cf0400206cfbff
2026-07-07T14:48:18.622+00:00 CAN id=101 dlc=8 data=d8cf0400206cfbff
2026-07-07T14:48:18.642+00:00 CAN id=101 dlc=8 data=d8cf0400206cfbff
2026-07-07T14:48:18.662+00:00 CAN id=101 dlc=8 data=d8cf0400206cfbff
2026-07-07T14:48:18.675+00:00 VCP run=1 step=0 angle=315791 target=315352 err=-439 steer=0 m1=-1953/-103125 i1=-164 t1=27 m2=1950/103125 i2=244 t2=26 steerMode=0/-147 iSteer=39752 driveMode=-103125/-102239 iDrive=-203796 scale=0 wheel=-300000
2026-07-07T14:48:18.675+00:00 VCP SET_TARGET_RX steer=315352 wheel=-300000
2026-07-07T14:48:18.681+00:00 CAN id=101 dlc=8 data=d8cf0400206cfbff
2026-07-07T14:48:18.702+00:00 CAN id=101 dlc=8 data=d8cf0400206cfbff
2026-07-07T14:48:18.722+00:00 CAN id=101 dlc=8 data=d8cf0400206cfbff
2026-07-07T14:48:18.741+00:00 CAN id=101 dlc=8 data=d8cf0400206cfbff
2026-07-07T14:48:18.761+00:00 CAN id=101 dlc=8 data=d8cf0400206cfbff
2026-07-07T14:48:18.778+00:00 VCP run=1 step=0 angle=315703 target=315352 err=-351 steer=0 m1=-1986/-103125 i1=-100 t1=27 m2=1927/103125 i2=301 t2=26 steerMode=0/-1399 iSteer=100420 driveMode=-103125/-103052 iDrive=-200356 scale=0 wheel=-300000
2026-07-07T14:48:18.781+00:00 CAN id=101 dlc=8 data=d8cf0400206cfbff
2026-07-07T14:48:18.802+00:00 CAN id=101 dlc=8 data=d8cf0400206cfbff
2026-07-07T14:48:18.822+00:00 CAN id=101 dlc=8 data=d8cf0400206cfbff
2026-07-07T14:48:18.842+00:00 CAN id=101 dlc=8 data=d8cf0400206cfbff
2026-07-07T14:48:18.862+00:00 CAN id=101 dlc=8 data=d8cf0400206cfbff
2026-07-07T14:48:18.881+00:00 CAN id=101 dlc=8 data=d8cf0400206cfbff
2026-07-07T14:48:18.882+00:00 VCP run=1 step=0 angle=315615 target=315352 err=-263 steer=0 m1=-1972/-103125 i1=-179 t1=27 m2=1944/103125 i2=221 t2=26 steerMode=0/194 iSteer=21336 driveMode=-103125/-103160 iDrive=-199894 scale=0 wheel=-300000
2026-07-07T14:48:18.902+00:00 CAN id=101 dlc=8 data=d8cf0400206cfbff
2026-07-07T14:48:18.922+00:00 CAN id=101 dlc=8 data=d8cf0400206cfbff
2026-07-07T14:48:18.942+00:00 CAN id=101 dlc=8 data=d8cf0400206cfbff
2026-07-07T14:48:18.962+00:00 CAN id=101 dlc=8 data=d8cf0400206cfbff
2026-07-07T14:48:18.981+00:00 CAN id=101 dlc=8 data=d8cf0400206cfbff
2026-07-07T14:48:19.001+00:00 CAN id=101 dlc=8 data=d8cf0400206cfbff
2026-07-07T14:48:19.022+00:00 CAN id=101 dlc=8 data=d8cf0400206cfbff
2026-07-07T14:48:19.042+00:00 CAN id=101 dlc=8 data=d8cf0400206cfbff
2026-07-07T14:48:19.061+00:00 CAN id=101 dlc=8 data=d8cf0400206cfbff
2026-07-07T14:48:19.068+00:00 VCP run=1 step=0 angle=315615 target=315352 err=-263 steer=0 m1=-1955/-103125 i1=-160 t1=27 m2=1967/103125 i2=247 t2=26 steerMode=0/-246 iSteer=43489 driveMode=-103125/-102603 iDrive=-203025 scale=0 wheel=-300000
2026-07-07T14:48:19.068+00:00 VCP run=1 step=0 angle=315439 target=315352 err=-87 steer=0 m1=-1934/-103125 i1=-189 t1=27 m2=1971/103125 i2=221 t2=26 steerMode=0/292 iSteer=16033 driveMode=-103125/-102568 iDrive=-204574 scale=0 wheel=-300000
2026-07-07T14:48:19.081+00:00 CAN id=101 dlc=8 data=d8cf0400206cfbff
2026-07-07T14:48:19.102+00:00 CAN id=101 dlc=8 data=d8cf0400206cfbff
2026-07-07T14:48:19.122+00:00 CAN id=101 dlc=8 data=d8cf0400206cfbff
2026-07-07T14:48:19.142+00:00 CAN id=101 dlc=8 data=d8cf0400206cfbff
2026-07-07T14:48:19.161+00:00 CAN id=101 dlc=8 data=d8cf0400206cfbff
2026-07-07T14:48:19.169+00:00 VCP run=1 step=0 angle=315615 target=315352 err=-263 steer=0 m1=-1957/-103125 i1=-140 t1=27 m2=1958/103125 i2=273 t2=26 steerMode=0/-694 iSteer=66407 driveMode=-103125/-102348 iDrive=-206823 scale=0 wheel=-300000
2026-07-07T14:48:19.169+00:00 VCP SET_TARGET_RX steer=315352 wheel=-300000
2026-07-07T14:48:19.181+00:00 CAN id=101 dlc=8 data=d8cf0400206cfbff
2026-07-07T14:48:19.201+00:00 CAN id=101 dlc=8 data=d8cf0400206cfbff
2026-07-07T14:48:19.222+00:00 CAN id=101 dlc=8 data=d8cf0400206cfbff
2026-07-07T14:48:19.242+00:00 CAN id=101 dlc=8 data=d8cf0400206cfbff
2026-07-07T14:48:19.262+00:00 CAN id=101 dlc=8 data=d8cf0400206cfbff
2026-07-07T14:48:19.272+00:00 VCP run=1 step=0 angle=315527 target=315352 err=-175 steer=0 m1=-1940/-103125 i1=-199 t1=27 m2=1977/103125 i2=214 t2=26 steerMode=0/481 iSteer=7476 driveMode=-103125/-102693 iDrive=-206574 scale=0 wheel=-300000
2026-07-07T14:48:19.281+00:00 CAN id=101 dlc=8 data=d8cf0400206cfbff
2026-07-07T14:48:19.302+00:00 CAN id=101 dlc=8 data=d8cf0400206cfbff
2026-07-07T14:48:19.321+00:00 CAN id=101 dlc=8 data=d8cf0400206cfbff
2026-07-07T14:48:19.342+00:00 CAN id=101 dlc=8 data=d8cf0400206cfbff
2026-07-07T14:48:19.362+00:00 CAN id=101 dlc=8 data=d8cf0400206cfbff
2026-07-07T14:48:19.376+00:00 VCP run=1 step=0 angle=315879 target=315352 err=-527 steer=-200 m1=-1995/-104225 i1=-224 t1=27 m2=2008/102025 i2=164 t2=26 steerMode=-1100/108 iSteer=-29890 driveMode=-103125/-104860 iDrive=-194309 scale=0 wheel=-300000
2026-07-07T14:48:19.381+00:00 CAN id=101 dlc=8 data=d8cf0400206cfbff
2026-07-07T14:48:19.402+00:00 CAN id=101 dlc=8 data=d8cf0400206cfbff
2026-07-07T14:48:19.422+00:00 CAN id=101 dlc=8 data=d8cf0400206cfbff
2026-07-07T14:48:19.442+00:00 CAN id=101 dlc=8 data=d8cf0400206cfbff
2026-07-07T14:48:19.462+00:00 CAN id=101 dlc=8 data=d8cf0400206cfbff
2026-07-07T14:48:19.480+00:00 VCP run=1 step=0 angle=315703 target=315352 err=-351 steer=0 m1=-1980/-103125 i1=-113 t1=27 m2=1971/103125 i2=274 t2=26 steerMode=0/-989 iSteer=80689 driveMode=-103125/-104324 iDrive=-193779 scale=0 wheel=-300000
2026-07-07T14:48:19.481+00:00 CAN id=101 dlc=8 data=d8cf0400206cfbff
2026-07-07T14:48:19.502+00:00 CAN id=101 dlc=8 data=d8cf0400206cfbff
2026-07-07T14:48:19.522+00:00 CAN id=101 dlc=8 data=d8cf0400206cfbff
2026-07-07T14:48:19.542+00:00 CAN id=101 dlc=8 data=d8cf0400206cfbff
2026-07-07T14:48:19.562+00:00 CAN id=101 dlc=8 data=d8cf0400206cfbff
2026-07-07T14:48:19.581+00:00 CAN id=101 dlc=8 data=d8cf0400206cfbff
2026-07-07T14:48:19.601+00:00 CAN id=101 dlc=8 data=d8cf0400206cfbff
2026-07-07T14:48:19.621+00:00 CAN id=101 dlc=8 data=d8cf0400206cfbff
2026-07-07T14:48:19.642+00:00 CAN id=101 dlc=8 data=d8cf0400206cfbff
2026-07-07T14:48:19.662+00:00 BENCH disable sent
2026-07-07T14:48:19.662+00:00 CAN id=121 dlc=2 data=0100
2026-07-07T14:48:19.662+00:00 CAN id=121 dlc=2 data=0100
2026-07-07T14:48:19.663+00:00 VCP run=1 step=0 angle=315703 target=315352 err=-351 steer=0 m1=-1949/-103125 i1=-187 t1=27 m2=1973/103125 i2=217 t2=26 steerMode=0/332 iSteer=15273 driveMode=-103125/-102641 iDrive=-201983 scale=0 wheel=-300000
2026-07-07T14:48:19.663+00:00 VCP run=1 step=0 angle=315527 target=315352 err=-175 steer=0 m1=-1932/-103125 i1=-171 t1=27 m2=1946/103125 i2=236 t2=26 steerMode=0/-33 iSteer=32508 driveMode=-103125/-102452 iDrive=-203876 scale=0 wheel=-300000
2026-07-07T14:48:19.863+00:00 VCP UNIT_CTRL enable=0
2026-07-07T14:48:19.863+00:00 VCP UNIT_CTRL enable=0
2026-07-07T14:48:19.863+00:00 VCP STOP: disabled
2026-07-07T14:48:20.064+00:00 BENCH log closed
