2026-07-07T14:47:24.420+00:00 BENCH log opened: firmware/logs/friction-id-v2-rpm150.log
2026-07-07T14:47:24.420+00:00 BENCH run: steer=315.352deg (315352mdeg) wheel=150.0rpm (150000milli-rpm) rate=50.0Hz duration=8.0s
2026-07-07T14:47:24.420+00:00 BENCH enable sent
2026-07-07T14:47:24.421+00:00 CAN id=121 dlc=2 data=0101
2026-07-07T14:47:24.421+00:00 CAN id=101 dlc=8 data=d8cf0400f0490200
2026-07-07T14:47:24.439+00:00 VCP NIT_CTRL enable=0
2026-07-07T14:47:24.439+00:00 VCP UNIT_CTRL enable=0
2026-07-07T14:47:24.439+00:00 VCP UNIT_CTRL enable=1
2026-07-07T14:47:24.439+00:00 VCP SET_TARGET_RX steer=315352 wheel=150000
2026-07-07T14:47:24.439+00:00 VCP START_CAN: angle=316582 target=315352 wheelTarget=150000
2026-07-07T14:47:24.441+00:00 CAN id=101 dlc=8 data=d8cf0400f0490200
2026-07-07T14:47:24.460+00:00 CAN id=101 dlc=8 data=d8cf0400f0490200
2026-07-07T14:47:24.481+00:00 CAN id=101 dlc=8 data=d8cf0400f0490200
2026-07-07T14:47:24.501+00:00 CAN id=101 dlc=8 data=d8cf0400f0490200
2026-07-07T14:47:24.521+00:00 CAN id=101 dlc=8 data=d8cf0400f0490200
2026-07-07T14:47:24.540+00:00 VCP run=1 step=0 angle=316582 target=315352 err=-1230 steer=-250 m1=0/-1031 i1=-67 t1=27 m2=0/-1719 i2=-71 t2=27 steerMode=-1375/0 iSteer=-68956 driveMode=344/0 iDrive=1753 scale=0 wheel=1000
2026-07-07T14:47:24.540+00:00 CAN id=101 dlc=8 data=d8cf0400f0490200
2026-07-07T14:47:24.561+00:00 CAN id=101 dlc=8 data=d8cf0400f0490200
2026-07-07T14:47:24.581+00:00 CAN id=101 dlc=8 data=d8cf0400f0490200
2026-07-07T14:47:24.601+00:00 CAN id=101 dlc=8 data=d8cf0400f0490200
2026-07-07T14:47:24.621+00:00 CAN id=101 dlc=8 data=d8cf0400f0490200
2026-07-07T14:47:24.640+00:00 CAN id=101 dlc=8 data=d8cf0400f0490200
2026-07-07T14:47:24.661+00:00 CAN id=101 dlc=8 data=d8cf0400f0490200
2026-07-07T14:47:24.681+00:00 CAN id=101 dlc=8 data=d8cf0400f0490200
2026-07-07T14:47:24.701+00:00 CAN id=101 dlc=8 data=d8cf0400f0490200
2026-07-07T14:47:24.721+00:00 CAN id=101 dlc=8 data=d8cf0400f0490200
2026-07-07T14:47:24.728+00:00 VCP run=1 step=0 angle=316582 target=315352 err=-1230 steer=-615 m1=0/3080 i1=-139 t1=27 m2=0/-9845 i2=-216 t2=27 steerMode=-3383/-19 iSteer=-177262 driveMode=6462/10 iDrive=38450 scale=0 wheel=18800
2026-07-07T14:47:24.728+00:00 VCP run=1 step=0 angle=316582 target=315352 err=-1230 steer=-615 m1=0/9474 i1=-98 t1=27 m2=0/-16239 i2=-275 t2=27 steerMode=-3383/-26 iSteer=-186324 driveMode=12856/25 iDrive=88401 scale=0 wheel=37400
2026-07-07T14:47:24.740+00:00 CAN id=101 dlc=8 data=d8cf0400f0490200
2026-07-07T14:47:24.761+00:00 CAN id=101 dlc=8 data=d8cf0400f0490200
2026-07-07T14:47:24.781+00:00 CAN id=101 dlc=8 data=d8cf0400f0490200
2026-07-07T14:47:24.801+00:00 CAN id=101 dlc=8 data=d8cf0400f0490200
2026-07-07T14:47:24.820+00:00 CAN id=101 dlc=8 data=d8cf0400f0490200
2026-07-07T14:47:24.832+00:00 VCP run=1 step=0 angle=316582 target=315352 err=-1230 steer=-615 m1=0/15868 i1=-45 t1=27 m2=-3/-22633 i2=-345 t2=27 steerMode=-3383/-40 iSteer=-194975 driveMode=19250/40 iDrive=150237 scale=0 wheel=56000
2026-07-07T14:47:24.840+00:00 CAN id=101 dlc=8 data=d8cf0400f0490200
2026-07-07T14:47:24.861+00:00 CAN id=101 dlc=8 data=d8cf0400f0490200
2026-07-07T14:47:24.881+00:00 CAN id=101 dlc=8 data=d8cf0400f0490200
2026-07-07T14:47:24.901+00:00 CAN id=101 dlc=8 data=d8cf0400f0490200
2026-07-07T14:47:24.921+00:00 CAN id=101 dlc=8 data=d8cf0400f0490200
2026-07-07T14:47:24.933+00:00 VCP run=1 step=0 angle=316494 target=315352 err=-1142 steer=-571 m1=0/22503 i1=156 t1=27 m2=-176/-28785 i2=-262 t2=27 steerMode=-3141/-2768 iSteer=-53091 driveMode=25644/2780 iDrive=208595 scale=0 wheel=74600
2026-07-07T14:47:24.933+00:00 VCP SET_TARGET_RX steer=315352 wheel=150000
2026-07-07T14:47:24.940+00:00 CAN id=101 dlc=8 data=d8cf0400f0490200
2026-07-07T14:47:24.961+00:00 CAN id=101 dlc=8 data=d8cf0400f0490200
2026-07-07T14:47:24.981+00:00 CAN id=101 dlc=8 data=d8cf0400f0490200
2026-07-07T14:47:25.001+00:00 CAN id=101 dlc=8 data=d8cf0400f0490200
2026-07-07T14:47:25.020+00:00 CAN id=101 dlc=8 data=d8cf0400f0490200
2026-07-07T14:47:25.038+00:00 VCP run=1 step=0 angle=315176 target=315352 err=176 steer=0 m1=-17/32037 i1=414 t1=27 m2=-90/-32037 i2=-149 t2=27 steerMode=0/-3200 iSteer=132493 driveMode=32037/3818 iDrive=281751 scale=0 wheel=93200
2026-07-07T14:47:25.040+00:00 CAN id=101 dlc=8 data=d8cf0400f0490200
2026-07-07T14:47:25.061+00:00 CAN id=101 dlc=8 data=d8cf0400f0490200
2026-07-07T14:47:25.081+00:00 CAN id=101 dlc=8 data=d8cf0400f0490200
2026-07-07T14:47:25.101+00:00 CAN id=101 dlc=8 data=d8cf0400f0490200
2026-07-07T14:47:25.121+00:00 CAN id=101 dlc=8 data=d8cf0400f0490200
2026-07-07T14:47:25.140+00:00 CAN id=101 dlc=8 data=d8cf0400f0490200
2026-07-07T14:47:25.143+00:00 VCP run=1 step=0 angle=314209 target=315352 err=1143 steer=572 m1=2/41574 i1=627 t1=27 m2=-53/-35288 i2=-139 t2=27 steerMode=3143/-2061 iSteer=244120 driveMode=38431/2094 iDrive=383304 scale=0 wheel=111799
2026-07-07T14:47:25.161+00:00 CAN id=101 dlc=8 data=d8cf0400f0490200
2026-07-07T14:47:25.181+00:00 CAN id=101 dlc=8 data=d8cf0400f0490200
2026-07-07T14:47:25.201+00:00 CAN id=101 dlc=8 data=d8cf0400f0490200
2026-07-07T14:47:25.221+00:00 CAN id=101 dlc=8 data=d8cf0400f0490200
2026-07-07T14:47:25.241+00:00 CAN id=101 dlc=8 data=d8cf0400f0490200
2026-07-07T14:47:25.260+00:00 CAN id=101 dlc=8 data=d8cf0400f0490200
2026-07-07T14:47:25.281+00:00 CAN id=101 dlc=8 data=d8cf0400f0490200
2026-07-07T14:47:25.300+00:00 CAN id=101 dlc=8 data=d8cf0400f0490200
2026-07-07T14:47:25.321+00:00 CAN id=101 dlc=8 data=d8cf0400f0490200
2026-07-07T14:47:25.329+00:00 VCP run=1 step=0 angle=313594 target=315352 err=1758 steer=879 m1=0/49660 i1=822 t1=27 m2=-80/-39990 i2=-161 t2=27 steerMode=4835/-1803 iSteer=330604 driveMode=44825/1869 iDrive=491346 scale=0 wheel=130399
2026-07-07T14:47:25.329+00:00 VCP run=1 step=0 angle=313418 target=315352 err=1934 steer=967 m1=330/56537 i1=603 t1=27 m2=-49/-45900 i2=-582 t2=27 steerMode=5319/5407 iSteer=10378 driveMode=51218/5150 iDrive=592416 scale=0 wheel=148999
2026-07-07T14:47:25.340+00:00 CAN id=101 dlc=8 data=d8cf0400f0490200
2026-07-07T14:47:25.361+00:00 CAN id=101 dlc=8 data=d8cf0400f0490200
2026-07-07T14:47:25.381+00:00 CAN id=101 dlc=8 data=d8cf0400f0490200
2026-07-07T14:47:25.401+00:00 CAN id=101 dlc=8 data=d8cf0400f0490200
2026-07-07T14:47:25.421+00:00 CAN id=101 dlc=8 data=d8cf0400f0490200
2026-07-07T14:47:25.430+00:00 VCP run=1 step=0 angle=316406 target=315352 err=-1054 steer=-527 m1=443/48663 i1=389 t1=27 m2=-580/-54462 i2=-782 t2=27 steerMode=-2899/890 iSteer=-196608 driveMode=51563/21332 iDrive=585518 scale=0 wheel=150000
2026-07-07T14:47:25.430+00:00 VCP SET_TARGET_RX steer=315352 wheel=150000
2026-07-07T14:47:25.440+00:00 CAN id=101 dlc=8 data=d8cf0400f0490200
2026-07-07T14:47:25.461+00:00 CAN id=101 dlc=8 data=d8cf0400f0490200
2026-07-07T14:47:25.481+00:00 CAN id=101 dlc=8 data=d8cf0400f0490200
2026-07-07T14:47:25.501+00:00 CAN id=101 dlc=8 data=d8cf0400f0490200
2026-07-07T14:47:25.521+00:00 CAN id=101 dlc=8 data=d8cf0400f0490200
2026-07-07T14:47:25.535+00:00 VCP run=1 step=0 angle=315352 target=315352 err=0 steer=0 m1=906/51563 i1=523 t1=27 m2=-833/-51563 i2=-500 t2=27 steerMode=0/-267 iSteer=11243 driveMode=51563/43004 iDrive=511289 scale=0 wheel=150000
2026-07-07T14:47:25.540+00:00 CAN id=101 dlc=8 data=d8cf0400f0490200
2026-07-07T14:47:25.561+00:00 CAN id=101 dlc=8 data=d8cf0400f0490200
2026-07-07T14:47:25.580+00:00 CAN id=101 dlc=8 data=d8cf0400f0490200
2026-07-07T14:47:25.601+00:00 CAN id=101 dlc=8 data=d8cf0400f0490200
2026-07-07T14:47:25.621+00:00 CAN id=101 dlc=8 data=d8cf0400f0490200
2026-07-07T14:47:25.640+00:00 VCP run=1 step=0 angle=315703 target=315352 err=-351 steer=0 m1=1219/51563 i1=389 t1=27 m2=-1225/-51563 i2=-451 t2=27 steerMode=0/545 iSteer=-31268 driveMode=51563/60801 iDrive=420148 scale=0 wheel=150000
2026-07-07T14:47:25.640+00:00 CAN id=101 dlc=8 data=d8cf0400f0490200
2026-07-07T14:47:25.660+00:00 CAN id=101 dlc=8 data=d8cf0400f0490200
2026-07-07T14:47:25.680+00:00 CAN id=101 dlc=8 data=d8cf0400f0490200
2026-07-07T14:47:25.701+00:00 CAN id=101 dlc=8 data=d8cf0400f0490200
2026-07-07T14:47:25.721+00:00 CAN id=101 dlc=8 data=d8cf0400f0490200
2026-07-07T14:47:25.740+00:00 CAN id=101 dlc=8 data=d8cf0400f0490200
2026-07-07T14:47:25.761+00:00 CAN id=101 dlc=8 data=d8cf0400f0490200
2026-07-07T14:47:25.781+00:00 CAN id=101 dlc=8 data=d8cf0400f0490200
2026-07-07T14:47:25.801+00:00 CAN id=101 dlc=8 data=d8cf0400f0490200
2026-07-07T14:47:25.821+00:00 CAN id=101 dlc=8 data=d8cf0400f0490200
2026-07-07T14:47:25.826+00:00 VCP run=1 step=0 angle=315703 target=315352 err=-351 steer=0 m1=1437/51563 i1=324 t1=27 m2=-1434/-51563 i2=-333 t2=27 steerMode=0/-40 iSteer=-4323 driveMode=51563/73202 iDrive=328603 scale=0 wheel=150000
2026-07-07T14:47:25.826+00:00 VCP run=1 step=0 angle=315879 target=315352 err=-527 steer=-250 m1=1523/50188 i1=133 t1=27 m2=-1476/-52938 i2=-376 t2=27 steerMode=-1375/871 iSteer=-121480 driveMode=51563/78750 iDrive=254352 scale=0 wheel=150000
2026-07-07T14:47:25.840+00:00 CAN id=101 dlc=8 data=d8cf0400f0490200
2026-07-07T14:47:25.861+00:00 CAN id=101 dlc=8 data=d8cf0400f0490200
2026-07-07T14:47:25.881+00:00 CAN id=101 dlc=8 data=d8cf0400f0490200
2026-07-07T14:47:25.901+00:00 CAN id=101 dlc=8 data=d8cf0400f0490200
2026-07-07T14:47:25.921+00:00 CAN id=101 dlc=8 data=d8cf0400f0490200
2026-07-07T14:47:25.926+00:00 VCP run=1 step=0 angle=315879 target=315352 err=-527 steer=-263 m1=1512/50114 i1=179 t1=27 m2=-1568/-53011 i2=-208 t2=27 steerMode=-1449/-1384 iSteer=-14655 driveMode=51563/80516 iDrive=193214 scale=0 wheel=150000
2026-07-07T14:47:25.926+00:00 VCP SET_TARGET_RX steer=315352 wheel=150000
2026-07-07T14:47:25.940+00:00 CAN id=101 dlc=8 data=d8cf0400f0490200
2026-07-07T14:47:25.961+00:00 CAN id=101 dlc=8 data=d8cf0400f0490200
2026-07-07T14:47:25.981+00:00 CAN id=101 dlc=8 data=d8cf0400f0490200
2026-07-07T14:47:26.001+00:00 CAN id=101 dlc=8 data=d8cf0400f0490200
2026-07-07T14:47:26.021+00:00 CAN id=101 dlc=8 data=d8cf0400f0490200
2026-07-07T14:47:26.031+00:00 VCP run=1 step=0 angle=315703 target=315352 err=-351 steer=0 m1=1500/51563 i1=93 t1=27 m2=-1426/-51563 i2=-212 t2=27 steerMode=0/978 iSteer=-59337 driveMode=51563/78326 iDrive=152567 scale=0 wheel=150000
2026-07-07T14:47:26.040+00:00 CAN id=101 dlc=8 data=d8cf0400f0490200
2026-07-07T14:47:26.061+00:00 CAN id=101 dlc=8 data=d8cf0400f0490200
2026-07-07T14:47:26.081+00:00 CAN id=101 dlc=8 data=d8cf0400f0490200
2026-07-07T14:47:26.101+00:00 CAN id=101 dlc=8 data=d8cf0400f0490200
2026-07-07T14:47:26.121+00:00 CAN id=101 dlc=8 data=d8cf0400f0490200
2026-07-07T14:47:26.135+00:00 VCP run=1 step=0 angle=315879 target=315352 err=-527 steer=-263 m1=1387/50114 i1=24 t1=27 m2=-1417/-53011 i2=-236 t2=27 steerMode=-1449/405 iSteer=-105695 driveMode=51563/73654 iDrive=129944 scale=0 wheel=150000
2026-07-07T14:47:26.140+00:00 CAN id=101 dlc=8 data=d8cf0400f0490200
2026-07-07T14:47:26.160+00:00 CAN id=101 dlc=8 data=d8cf0400f0490200
2026-07-07T14:47:26.181+00:00 CAN id=101 dlc=8 data=d8cf0400f0490200
2026-07-07T14:47:26.201+00:00 CAN id=101 dlc=8 data=d8cf0400f0490200
2026-07-07T14:47:26.221+00:00 CAN id=101 dlc=8 data=d8cf0400f0490200
2026-07-07T14:47:26.239+00:00 VCP run=1 step=0 angle=315791 target=315352 err=-439 steer=-63 m1=1247/51214 i1=166 t1=27 m2=-1275/-51911 i2=-83 t2=27 steerMode=-349/-1498 iSteer=41515 driveMode=51563/67826 iDrive=124218 scale=0 wheel=150000
2026-07-07T14:47:26.240+00:00 CAN id=101 dlc=8 data=d8cf0400f0490200
2026-07-07T14:47:26.261+00:00 CAN id=101 dlc=8 data=d8cf0400f0490200
2026-07-07T14:47:26.281+00:00 CAN id=101 dlc=8 data=d8cf0400f0490200
2026-07-07T14:47:26.301+00:00 CAN id=101 dlc=8 data=d8cf0400f0490200
2026-07-07T14:47:26.321+00:00 CAN id=101 dlc=8 data=d8cf0400f0490200
2026-07-07T14:47:26.340+00:00 CAN id=101 dlc=8 data=d8cf0400f0490200
2026-07-07T14:47:26.360+00:00 CAN id=101 dlc=8 data=d8cf0400f0490200
2026-07-07T14:47:26.381+00:00 CAN id=101 dlc=8 data=d8cf0400f0490200
2026-07-07T14:47:26.401+00:00 CAN id=101 dlc=8 data=d8cf0400f0490200
2026-07-07T14:47:26.421+00:00 CAN id=101 dlc=8 data=d8cf0400f0490200
2026-07-07T14:47:26.423+00:00 VCP run=1 step=0 angle=315527 target=315352 err=-175 steer=0 m1=1209/51563 i1=70 t1=27 m2=-1151/-51563 i2=-170 t2=27 steerMode=0/700 iSteer=-50244 driveMode=51563/63499 iDrive=120068 scale=0 wheel=150000
2026-07-07T14:47:26.423+00:00 VCP run=1 step=0 angle=315527 target=315352 err=-175 steer=0 m1=1106/51563 i1=109 t1=27 m2=-1112/-51563 i2=-132 t2=27 steerMode=0/-82 iSteer=-11902 driveMode=51563/59686 iDrive=120543 scale=0 wheel=150000
2026-07-07T14:47:26.441+00:00 CAN id=101 dlc=8 data=d8cf0400f0490200
2026-07-07T14:47:26.461+00:00 CAN id=101 dlc=8 data=d8cf0400f0490200
2026-07-07T14:47:26.481+00:00 CAN id=101 dlc=8 data=d8cf0400f0490200
2026-07-07T14:47:26.501+00:00 CAN id=101 dlc=8 data=d8cf0400f0490200
2026-07-07T14:47:26.521+00:00 CAN id=101 dlc=8 data=d8cf0400f0490200
2026-07-07T14:47:26.527+00:00 VCP SET_TARGET_RX steer=315352 wheel=150000
2026-07-07T14:47:26.527+00:00 VCP run=1 step=0 angle=315615 target=315352 err=-263 steer=0 m1=1052/51563 i1=117 t1=27 m2=-1055/-51563 i2=-141 t2=27 steerMode=0/-86 iSteer=-11809 driveMode=51563/55693 iDrive=129290 scale=0 wheel=150000
2026-07-07T14:47:26.540+00:00 CAN id=101 dlc=8 data=d8cf0400f0490200
2026-07-07T14:47:26.561+00:00 CAN id=101 dlc=8 data=d8cf0400f0490200
2026-07-07T14:47:26.581+00:00 CAN id=101 dlc=8 data=d8cf0400f0490200
2026-07-07T14:47:26.601+00:00 CAN id=101 dlc=8 data=d8cf0400f0490200
2026-07-07T14:47:26.621+00:00 CAN id=101 dlc=8 data=d8cf0400f0490200
2026-07-07T14:47:26.632+00:00 VCP run=1 step=0 angle=315615 target=315352 err=-263 steer=0 m1=1002/51563 i1=109 t1=27 m2=-1018/-51563 i2=-168 t2=27 steerMode=0/262 iSteer=-29422 driveMode=51563/52844 iDrive=138583 scale=0 wheel=150000
2026-07-07T14:47:26.640+00:00 CAN id=101 dlc=8 data=d8cf0400f0490200
2026-07-07T14:47:26.661+00:00 CAN id=101 dlc=8 data=d8cf0400f0490200
2026-07-07T14:47:26.681+00:00 CAN id=101 dlc=8 data=d8cf0400f0490200
2026-07-07T14:47:26.701+00:00 CAN id=101 dlc=8 data=d8cf0400f0490200
2026-07-07T14:47:26.721+00:00 CAN id=101 dlc=8 data=d8cf0400f0490200
2026-07-07T14:47:26.737+00:00 VCP run=1 step=0 angle=315703 target=315352 err=-351 steer=0 m1=897/51563 i1=110 t1=27 m2=-861/-51563 i2=-220 t2=27 steerMode=0/732 iSteer=-54921 driveMode=51563/47942 iDrive=165416 scale=0 wheel=150000
2026-07-07T14:47:26.740+00:00 CAN id=101 dlc=8 data=d8cf0400f0490200
2026-07-07T14:47:26.760+00:00 CAN id=101 dlc=8 data=d8cf0400f0490200
2026-07-07T14:47:26.781+00:00 CAN id=101 dlc=8 data=d8cf0400f0490200
2026-07-07T14:47:26.801+00:00 CAN id=101 dlc=8 data=d8cf0400f0490200
2026-07-07T14:47:26.821+00:00 CAN id=101 dlc=8 data=d8cf0400f0490200
2026-07-07T14:47:26.840+00:00 CAN id=101 dlc=8 data=d8cf0400f0490200
2026-07-07T14:47:26.841+00:00 VCP run=1 step=0 angle=315791 target=315352 err=-439 steer=0 m1=824/51563 i1=162 t1=27 m2=-831/-51563 i2=-222 t2=27 steerMode=0/207 iSteer=-29885 driveMode=51563/44667 iDrive=191918 scale=0 wheel=150000
2026-07-07T14:47:26.861+00:00 CAN id=101 dlc=8 data=d8cf0400f0490200
2026-07-07T14:47:26.881+00:00 CAN id=101 dlc=8 data=d8cf0400f0490200
2026-07-07T14:47:26.900+00:00 CAN id=101 dlc=8 data=d8cf0400f0490200
2026-07-07T14:47:26.921+00:00 CAN id=101 dlc=8 data=d8cf0400f0490200
2026-07-07T14:47:26.940+00:00 CAN id=101 dlc=8 data=d8cf0400f0490200
2026-07-07T14:47:26.961+00:00 CAN id=101 dlc=8 data=d8cf0400f0490200
2026-07-07T14:47:26.980+00:00 CAN id=101 dlc=8 data=d8cf0400f0490200
2026-07-07T14:47:27.001+00:00 CAN id=101 dlc=8 data=d8cf0400f0490200
2026-07-07T14:47:27.021+00:00 CAN id=101 dlc=8 data=d8cf0400f0490200
2026-07-07T14:47:27.025+00:00 VCP run=1 step=0 angle=315879 target=315352 err=-527 steer=-263 m1=788/50114 i1=161 t1=27 m2=-865/-53011 i2=-271 t2=27 steerMode=-1449/-780 iSteer=-55096 driveMode=51563/42847 iDrive=215681 scale=0 wheel=150000
2026-07-07T14:47:27.025+00:00 VCP SET_TARGET_RX steer=315352 wheel=150000
2026-07-07T14:47:27.025+00:00 VCP run=1 step=0 angle=315791 target=315352 err=-439 steer=0 m1=809/51563 i1=227 t1=27 m2=-779/-51563 i2=-234 t2=27 steerMode=0/-346 iSteer=-3452 driveMode=51563/43031 iDrive=230522 scale=0 wheel=150000
2026-07-07T14:47:27.040+00:00 CAN id=101 dlc=8 data=d8cf0400f0490200
2026-07-07T14:47:27.061+00:00 CAN id=101 dlc=8 data=d8cf0400f0490200
2026-07-07T14:47:27.081+00:00 CAN id=101 dlc=8 data=d8cf0400f0490200
2026-07-07T14:47:27.101+00:00 CAN id=101 dlc=8 data=d8cf0400f0490200
2026-07-07T14:47:27.121+00:00 CAN id=101 dlc=8 data=d8cf0400f0490200
2026-07-07T14:47:27.129+00:00 VCP run=1 step=0 angle=315791 target=315352 err=-439 steer=0 m1=839/51563 i1=194 t1=27 m2=-819/-51563 i2=-278 t2=27 steerMode=0/406 iSteer=-41999 driveMode=51563/44764 iDrive=235575 scale=0 wheel=150000
2026-07-07T14:47:27.141+00:00 CAN id=101 dlc=8 data=d8cf0400f0490200
2026-07-07T14:47:27.161+00:00 CAN id=101 dlc=8 data=d8cf0400f0490200
2026-07-07T14:47:27.181+00:00 CAN id=101 dlc=8 data=d8cf0400f0490200
2026-07-07T14:47:27.201+00:00 CAN id=101 dlc=8 data=d8cf0400f0490200
2026-07-07T14:47:27.221+00:00 CAN id=101 dlc=8 data=d8cf0400f0490200
2026-07-07T14:47:27.234+00:00 VCP run=1 step=0 angle=315879 target=315352 err=-527 steer=-263 m1=868/50114 i1=152 t1=27 m2=-902/-53011 i2=-328 t2=27 steerMode=-1449/-151 iSteer=-88104 driveMode=51563/46051 iDrive=240125 scale=0 wheel=150000
2026-07-07T14:47:27.242+00:00 CAN id=101 dlc=8 data=d8cf0400f0490200
2026-07-07T14:47:27.261+00:00 CAN id=101 dlc=8 data=d8cf0400f0490200
2026-07-07T14:47:27.281+00:00 CAN id=101 dlc=8 data=d8cf0400f0490200
2026-07-07T14:47:27.301+00:00 CAN id=101 dlc=8 data=d8cf0400f0490200
2026-07-07T14:47:27.321+00:00 CAN id=101 dlc=8 data=d8cf0400f0490200
2026-07-07T14:47:27.338+00:00 VCP run=1 step=0 angle=315703 target=315352 err=-351 steer=0 m1=912/51563 i1=239 t1=27 m2=-934/-51563 i2=-254 t2=27 steerMode=0/-334 iSteer=-7501 driveMode=51563/46626 iDrive=246965 scale=0 wheel=150000
2026-07-07T14:47:27.340+00:00 CAN id=101 dlc=8 data=d8cf0400f0490200
2026-07-07T14:47:27.361+00:00 CAN id=101 dlc=8 data=d8cf0400f0490200
2026-07-07T14:47:27.381+00:00 CAN id=101 dlc=8 data=d8cf0400f0490200
2026-07-07T14:47:27.401+00:00 CAN id=101 dlc=8 data=d8cf0400f0490200
2026-07-07T14:47:27.421+00:00 CAN id=101 dlc=8 data=d8cf0400f0490200
2026-07-07T14:47:27.440+00:00 VCP run=1 step=0 angle=315879 target=315352 err=-527 steer=-263 m1=916/50114 i1=164 t1=27 m2=-980/-53011 i2=-318 t2=27 steerMode=-1449/-425 iSteer=-76999 driveMode=51563/49214 iDrive=241053 scale=0 wheel=150000
2026-07-07T14:47:27.440+00:00 VCP SET_TARGET_RX steer=315352 wheel=150000
2026-07-07T14:47:27.440+00:00 CAN id=101 dlc=8 data=d8cf0400f0490200
2026-07-07T14:47:27.461+00:00 CAN id=101 dlc=8 data=d8cf0400f0490200
2026-07-07T14:47:27.481+00:00 CAN id=101 dlc=8 data=d8cf0400f0490200
2026-07-07T14:47:27.501+00:00 CAN id=101 dlc=8 data=d8cf0400f0490200
2026-07-07T14:47:27.521+00:00 CAN id=101 dlc=8 data=d8cf0400f0490200
2026-07-07T14:47:27.541+00:00 CAN id=101 dlc=8 data=d8cf0400f0490200
2026-07-07T14:47:27.561+00:00 CAN id=101 dlc=8 data=d8cf0400f0490200
2026-07-07T14:47:27.581+00:00 CAN id=101 dlc=8 data=d8cf0400f0490200
2026-07-07T14:47:27.601+00:00 CAN id=101 dlc=8 data=d8cf0400f0490200
2026-07-07T14:47:27.621+00:00 CAN id=101 dlc=8 data=d8cf0400f0490200
2026-07-07T14:47:27.626+00:00 VCP run=1 step=0 angle=315703 target=315352 err=-351 steer=0 m1=1012/51563 i1=207 t1=27 m2=-980/-51563 i2=-246 t2=27 steerMode=0/-80 iSteer=-19689 driveMode=51563/52316 iDrive=226485 scale=0 wheel=150000
2026-07-07T14:47:27.626+00:00 VCP run=1 step=0 angle=315439 target=315352 err=-87 steer=0 m1=1046/51563 i1=192 t1=27 m2=-1028/-51563 i2=-228 t2=27 steerMode=0/-120 iSteer=-17672 driveMode=51563/54808 iDrive=209971 scale=0 wheel=150000
2026-07-07T14:47:27.641+00:00 CAN id=101 dlc=8 data=d8cf0400f0490200
2026-07-07T14:47:27.660+00:00 CAN id=101 dlc=8 data=d8cf0400f0490200
2026-07-07T14:47:27.681+00:00 CAN id=101 dlc=8 data=d8cf0400f0490200
2026-07-07T14:47:27.701+00:00 CAN id=101 dlc=8 data=d8cf0400f0490200
2026-07-07T14:47:27.721+00:00 CAN id=101 dlc=8 data=d8cf0400f0490200
2026-07-07T14:47:27.731+00:00 VCP run=1 step=0 angle=315352 target=315352 err=0 steer=0 m1=1073/51563 i1=170 t1=27 m2=-1064/-51563 i2=-228 t2=27 steerMode=0/101 iSteer=-28922 driveMode=51563/55666 iDrive=198735 scale=0 wheel=150000
2026-07-07T14:47:27.741+00:00 CAN id=101 dlc=8 data=d8cf0400f0490200
2026-07-07T14:47:27.761+00:00 CAN id=101 dlc=8 data=d8cf0400f0490200
2026-07-07T14:47:27.781+00:00 CAN id=101 dlc=8 data=d8cf0400f0490200
2026-07-07T14:47:27.801+00:00 CAN id=101 dlc=8 data=d8cf0400f0490200
2026-07-07T14:47:27.821+00:00 CAN id=101 dlc=8 data=d8cf0400f0490200
2026-07-07T14:47:27.836+00:00 VCP run=1 step=0 angle=315439 target=315352 err=-87 steer=0 m1=1058/51563 i1=156 t1=27 m2=-1032/-51563 i2=-225 t2=27 steerMode=0/212 iSteer=-34197 driveMode=51563/55765 iDrive=190469 scale=0 wheel=150000
2026-07-07T14:47:27.840+00:00 CAN id=101 dlc=8 data=d8cf0400f0490200
2026-07-07T14:47:27.861+00:00 CAN id=101 dlc=8 data=d8cf0400f0490200
2026-07-07T14:47:27.881+00:00 CAN id=101 dlc=8 data=d8cf0400f0490200
2026-07-07T14:47:27.901+00:00 CAN id=101 dlc=8 data=d8cf0400f0490200
2026-07-07T14:47:27.921+00:00 CAN id=101 dlc=8 data=d8cf0400f0490200
2026-07-07T14:47:27.938+00:00 VCP run=1 step=0 angle=315615 target=315352 err=-263 steer=0 m1=1040/51563 i1=114 t1=27 m2=-999/-51563 i2=-279 t2=27 steerMode=0/1127 iSteer=-82517 driveMode=51563/53350 iDrive=196636 scale=0 wheel=150000
2026-07-07T14:47:27.938+00:00 VCP SET_TARGET_RX steer=315352 wheel=150000
2026-07-07T14:47:27.940+00:00 CAN id=101 dlc=8 data=d8cf0400f0490200
2026-07-07T14:47:27.961+00:00 CAN id=101 dlc=8 data=d8cf0400f0490200
2026-07-07T14:47:27.981+00:00 CAN id=101 dlc=8 data=d8cf0400f0490200
2026-07-07T14:47:28.001+00:00 CAN id=101 dlc=8 data=d8cf0400f0490200
2026-07-07T14:47:28.021+00:00 CAN id=101 dlc=8 data=d8cf0400f0490200
2026-07-07T14:47:28.040+00:00 CAN id=101 dlc=8 data=d8cf0400f0490200
2026-07-07T14:47:28.061+00:00 CAN id=101 dlc=8 data=d8cf0400f0490200
2026-07-07T14:47:28.081+00:00 CAN id=101 dlc=8 data=d8cf0400f0490200
2026-07-07T14:47:28.101+00:00 CAN id=101 dlc=8 data=d8cf0400f0490200
2026-07-07T14:47:28.121+00:00 CAN id=101 dlc=8 data=d8cf0400f0490200
2026-07-07T14:47:28.124+00:00 VCP run=1 step=0 angle=315791 target=315352 err=-439 steer=-63 m1=939/51214 i1=178 t1=27 m2=-990/-51911 i2=-236 t2=27 steerMode=-349/-345 iSteer=-28906 driveMode=51563/51108 iDrive=206801 scale=0 wheel=150000
2026-07-07T14:47:28.124+00:00 VCP run=1 step=0 angle=315791 target=315352 err=-439 steer=0 m1=968/51563 i1=177 t1=27 m2=-980/-51563 i2=-244 t2=27 steerMode=0/121 iSteer=-33462 driveMode=51563/50633 iDrive=210646 scale=0 wheel=150000
2026-07-07T14:47:28.140+00:00 CAN id=101 dlc=8 data=d8cf0400f0490200
2026-07-07T14:47:28.161+00:00 CAN id=101 dlc=8 data=d8cf0400f0490200
2026-07-07T14:47:28.181+00:00 CAN id=101 dlc=8 data=d8cf0400f0490200
2026-07-07T14:47:28.201+00:00 CAN id=101 dlc=8 data=d8cf0400f0490200
2026-07-07T14:47:28.221+00:00 CAN id=101 dlc=8 data=d8cf0400f0490200
2026-07-07T14:47:28.229+00:00 VCP run=1 step=0 angle=315791 target=315352 err=-439 steer=0 m1=977/51563 i1=203 t1=27 m2=-1020/-51563 i2=-217 t2=27 steerMode=0/-406 iSteer=-7288 driveMode=51563/51107 iDrive=210022 scale=0 wheel=150000
2026-07-07T14:47:28.240+00:00 CAN id=101 dlc=8 data=d8cf0400f0490200
2026-07-07T14:47:28.261+00:00 CAN id=101 dlc=8 data=d8cf0400f0490200
2026-07-07T14:47:28.281+00:00 CAN id=101 dlc=8 data=d8cf0400f0490200
2026-07-07T14:47:28.301+00:00 CAN id=101 dlc=8 data=d8cf0400f0490200
2026-07-07T14:47:28.321+00:00 CAN id=101 dlc=8 data=d8cf0400f0490200
2026-07-07T14:47:28.334+00:00 VCP run=1 step=0 angle=315703 target=315352 err=-351 steer=0 m1=977/51563 i1=174 t1=27 m2=-944/-51563 i2=-241 t2=27 steerMode=0/140 iSteer=-33508 driveMode=51563/51585 iDrive=207775 scale=0 wheel=150000
2026-07-07T14:47:28.340+00:00 CAN id=101 dlc=8 data=d8cf0400f0490200
2026-07-07T14:47:28.361+00:00 CAN id=101 dlc=8 data=d8cf0400f0490200
2026-07-07T14:47:28.381+00:00 CAN id=101 dlc=8 data=d8cf0400f0490200
2026-07-07T14:47:28.401+00:00 CAN id=101 dlc=8 data=d8cf0400f0490200
2026-07-07T14:47:28.421+00:00 CAN id=101 dlc=8 data=d8cf0400f0490200
2026-07-07T14:47:28.435+00:00 VCP run=1 step=0 angle=316055 target=315352 err=-703 steer=-351 m1=922/49630 i1=81 t1=27 m2=-951/-53495 i2=-356 t2=27 steerMode=-1932/231 iSteer=-137661 driveMode=51563/49714 iDrive=218629 scale=0 wheel=150000
2026-07-07T14:47:28.435+00:00 VCP SET_TARGET_RX steer=315352 wheel=150000
2026-07-07T14:47:28.440+00:00 CAN id=101 dlc=8 data=d8cf0400f0490200
2026-07-07T14:47:28.461+00:00 CAN id=101 dlc=8 data=d8cf0400f0490200
2026-07-07T14:47:28.481+00:00 CAN id=101 dlc=8 data=d8cf0400f0490200
2026-07-07T14:47:28.501+00:00 CAN id=101 dlc=8 data=d8cf0400f0490200
2026-07-07T14:47:28.521+00:00 CAN id=101 dlc=8 data=d8cf0400f0490200
2026-07-07T14:47:28.539+00:00 VCP run=1 step=0 angle=315703 target=315352 err=-351 steer=0 m1=920/51563 i1=224 t1=27 m2=-928/-51563 i2=-235 t2=27 steerMode=0/-477 iSteer=-5775 driveMode=51563/48497 iDrive=229616 scale=0 wheel=150000
2026-07-07T14:47:28.540+00:00 CAN id=101 dlc=8 data=d8cf0400f0490200
2026-07-07T14:47:28.561+00:00 CAN id=101 dlc=8 data=d8cf0400f0490200
2026-07-07T14:47:28.581+00:00 CAN id=101 dlc=8 data=d8cf0400f0490200
2026-07-07T14:47:28.601+00:00 CAN id=101 dlc=8 data=d8cf0400f0490200
2026-07-07T14:47:28.621+00:00 CAN id=101 dlc=8 data=d8cf0400f0490200
2026-07-07T14:47:28.640+00:00 CAN id=101 dlc=8 data=d8cf0400f0490200
2026-07-07T14:47:28.661+00:00 CAN id=101 dlc=8 data=d8cf0400f0490200
2026-07-07T14:47:28.681+00:00 CAN id=101 dlc=8 data=d8cf0400f0490200
2026-07-07T14:47:28.701+00:00 CAN id=101 dlc=8 data=d8cf0400f0490200
2026-07-07T14:47:28.721+00:00 CAN id=101 dlc=8 data=d8cf0400f0490200
2026-07-07T14:47:28.727+00:00 VCP run=1 step=0 angle=315791 target=315352 err=-439 steer=0 m1=958/51563 i1=194 t1=27 m2=-955/-51563 i2=-262 t2=27 steerMode=0/67 iSteer=-33829 driveMode=51563/49775 iDrive=228058 scale=0 wheel=150000
2026-07-07T14:47:28.727+00:00 VCP run=1 step=0 angle=315703 target=315352 err=-351 steer=0 m1=987/51563 i1=199 t1=27 m2=-990/-51563 i2=-235 t2=27 steerMode=0/-251 iSteer=-17938 driveMode=51563/52288 iDrive=216573 scale=0 wheel=150000
2026-07-07T14:47:28.740+00:00 CAN id=101 dlc=8 data=d8cf0400f0490200
2026-07-07T14:47:28.761+00:00 CAN id=101 dlc=8 data=d8cf0400f0490200
2026-07-07T14:47:28.781+00:00 CAN id=101 dlc=8 data=d8cf0400f0490200
2026-07-07T14:47:28.801+00:00 CAN id=101 dlc=8 data=d8cf0400f0490200
2026-07-07T14:47:28.821+00:00 CAN id=101 dlc=8 data=d8cf0400f0490200
2026-07-07T14:47:28.831+00:00 VCP run=1 step=0 angle=315703 target=315352 err=-351 steer=0 m1=1012/51563 i1=184 t1=27 m2=-1028/-51563 i2=-227 t2=27 steerMode=0/-165 iSteer=-21736 driveMode=51563/53915 iDrive=205419 scale=0 wheel=150000
2026-07-07T14:47:28.840+00:00 CAN id=101 dlc=8 data=d8cf0400f0490200
2026-07-07T14:47:28.861+00:00 CAN id=101 dlc=8 data=d8cf0400f0490200
2026-07-07T14:47:28.881+00:00 CAN id=101 dlc=8 data=d8cf0400f0490200
2026-07-07T14:47:28.901+00:00 CAN id=101 dlc=8 data=d8cf0400f0490200
2026-07-07T14:47:28.920+00:00 CAN id=101 dlc=8 data=d8cf0400f0490200
2026-07-07T14:47:28.933+00:00 VCP run=1 step=0 angle=315615 target=315352 err=-263 steer=0 m1=1031/51563 i1=179 t1=27 m2=-1043/-51563 i2=-207 t2=27 steerMode=0/-313 iSteer=-13692 driveMode=51563/55247 iDrive=193106 scale=0 wheel=150000
2026-07-07T14:47:28.933+00:00 VCP SET_TARGET_RX steer=315352 wheel=150000
2026-07-07T14:47:28.941+00:00 CAN id=101 dlc=8 data=d8cf0400f0490200
2026-07-07T14:47:28.961+00:00 CAN id=101 dlc=8 data=d8cf0400f0490200
2026-07-07T14:47:28.981+00:00 CAN id=101 dlc=8 data=d8cf0400f0490200
2026-07-07T14:47:29.001+00:00 CAN id=101 dlc=8 data=d8cf0400f0490200
2026-07-07T14:47:29.020+00:00 CAN id=101 dlc=8 data=d8cf0400f0490200
2026-07-07T14:47:29.037+00:00 VCP run=1 step=0 angle=315527 target=315352 err=-175 steer=0 m1=1073/51563 i1=122 t1=27 m2=-1032/-51563 i2=-247 t2=27 steerMode=0/655 iSteer=-62323 driveMode=51563/55419 iDrive=184812 scale=0 wheel=150000
2026-07-07T14:47:29.040+00:00 CAN id=101 dlc=8 data=d8cf0400f0490200
2026-07-07T14:47:29.061+00:00 CAN id=101 dlc=8 data=d8cf0400f0490200
2026-07-07T14:47:29.081+00:00 CAN id=101 dlc=8 data=d8cf0400f0490200
2026-07-07T14:47:29.100+00:00 CAN id=101 dlc=8 data=d8cf0400f0490200
2026-07-07T14:47:29.121+00:00 CAN id=101 dlc=8 data=d8cf0400f0490200
2026-07-07T14:47:29.140+00:00 CAN id=101 dlc=8 data=d8cf0400f0490200
2026-07-07T14:47:29.161+00:00 CAN id=101 dlc=8 data=d8cf0400f0490200
2026-07-07T14:47:29.181+00:00 CAN id=101 dlc=8 data=d8cf0400f0490200
2026-07-07T14:47:29.201+00:00 CAN id=101 dlc=8 data=d8cf0400f0490200
2026-07-07T14:47:29.221+00:00 CAN id=101 dlc=8 data=d8cf0400f0490200
2026-07-07T14:47:29.224+00:00 VCP run=1 step=0 angle=315527 target=315352 err=-175 steer=0 m1=1021/51563 i1=148 t1=27 m2=-1026/-51563 i2=-220 t2=27 steerMode=0/104 iSteer=-35945 driveMode=51563/54353 iDrive=183979 scale=0 wheel=150000
2026-07-07T14:47:29.224+00:00 VCP run=1 step=0 angle=315615 target=315352 err=-263 steer=0 m1=985/51563 i1=164 t1=27 m2=-1009/-51563 i2=-222 t2=27 steerMode=0/-33 iSteer=-28878 driveMode=51563/52037 iDrive=192676 scale=0 wheel=150000
2026-07-07T14:47:29.240+00:00 CAN id=101 dlc=8 data=d8cf0400f0490200
2026-07-07T14:47:29.261+00:00 CAN id=101 dlc=8 data=d8cf0400f0490200
2026-07-07T14:47:29.280+00:00 CAN id=101 dlc=8 data=d8cf0400f0490200
2026-07-07T14:47:29.301+00:00 CAN id=101 dlc=8 data=d8cf0400f0490200
2026-07-07T14:47:29.321+00:00 CAN id=101 dlc=8 data=d8cf0400f0490200
2026-07-07T14:47:29.329+00:00 VCP run=1 step=0 angle=315703 target=315352 err=-351 steer=0 m1=937/51563 i1=166 t1=27 m2=-984/-51563 i2=-243 t2=27 steerMode=0/160 iSteer=-38396 driveMode=51563/49885 iDrive=204753 scale=0 wheel=150000
2026-07-07T14:47:29.340+00:00 CAN id=101 dlc=8 data=d8cf0400f0490200
2026-07-07T14:47:29.361+00:00 CAN id=101 dlc=8 data=d8cf0400f0490200
2026-07-07T14:47:29.381+00:00 CAN id=101 dlc=8 data=d8cf0400f0490200
2026-07-07T14:47:29.401+00:00 CAN id=101 dlc=8 data=d8cf0400f0490200
2026-07-07T14:47:29.421+00:00 CAN id=101 dlc=8 data=d8cf0400f0490200
2026-07-07T14:47:29.431+00:00 VCP run=1 step=0 angle=315791 target=315352 err=-439 steer=0 m1=924/51563 i1=193 t1=27 m2=-965/-51563 i2=-229 t2=27 steerMode=0/-237 iSteer=-18210 driveMode=51563/49417 iDrive=211046 scale=0 wheel=150000
2026-07-07T14:47:29.431+00:00 VCP SET_TARGET_RX steer=315352 wheel=150000
2026-07-07T14:47:29.440+00:00 CAN id=101 dlc=8 data=d8cf0400f0490200
2026-07-07T14:47:29.461+00:00 CAN id=101 dlc=8 data=d8cf0400f0490200
2026-07-07T14:47:29.481+00:00 CAN id=101 dlc=8 data=d8cf0400f0490200
2026-07-07T14:47:29.501+00:00 CAN id=101 dlc=8 data=d8cf0400f0490200
2026-07-07T14:47:29.521+00:00 CAN id=101 dlc=8 data=d8cf0400f0490200
2026-07-07T14:47:29.536+00:00 VCP run=1 step=0 angle=315703 target=315352 err=-351 steer=0 m1=956/51563 i1=164 t1=27 m2=-953/-51563 i2=-266 t2=27 steerMode=0/419 iSteer=-50957 driveMode=51563/49442 iDrive=214903 scale=0 wheel=150000
2026-07-07T14:47:29.540+00:00 CAN id=101 dlc=8 data=d8cf0400f0490200
2026-07-07T14:47:29.561+00:00 CAN id=101 dlc=8 data=d8cf0400f0490200
2026-07-07T14:47:29.581+00:00 CAN id=101 dlc=8 data=d8cf0400f0490200
2026-07-07T14:47:29.601+00:00 CAN id=101 dlc=8 data=d8cf0400f0490200
2026-07-07T14:47:29.621+00:00 CAN id=101 dlc=8 data=d8cf0400f0490200
2026-07-07T14:47:29.640+00:00 VCP run=1 step=0 angle=315967 target=315352 err=-615 steer=-307 m1=868/49872 i1=167 t1=27 m2=-946/-53253 i2=-292 t2=27 steerMode=-1691/-1113 iSteer=-62749 driveMode=51563/47748 iDrive=229644 scale=0 wheel=150000
2026-07-07T14:47:29.640+00:00 CAN id=101 dlc=8 data=d8cf0400f0490200
2026-07-07T14:47:29.661+00:00 CAN id=101 dlc=8 data=d8cf0400f0490200
2026-07-07T14:47:29.681+00:00 CAN id=101 dlc=8 data=d8cf0400f0490200
2026-07-07T14:47:29.701+00:00 CAN id=101 dlc=8 data=d8cf0400f0490200
2026-07-07T14:47:29.721+00:00 CAN id=101 dlc=8 data=d8cf0400f0490200
2026-07-07T14:47:29.740+00:00 CAN id=101 dlc=8 data=d8cf0400f0490200
2026-07-07T14:47:29.761+00:00 CAN id=101 dlc=8 data=d8cf0400f0490200
2026-07-07T14:47:29.781+00:00 CAN id=101 dlc=8 data=d8cf0400f0490200
2026-07-07T14:47:29.801+00:00 CAN id=101 dlc=8 data=d8cf0400f0490200
2026-07-07T14:47:29.821+00:00 CAN id=101 dlc=8 data=d8cf0400f0490200
2026-07-07T14:47:29.827+00:00 VCP run=1 step=0 angle=315703 target=315352 err=-351 steer=0 m1=958/51563 i1=209 t1=27 m2=-898/-51563 i2=-258 t2=27 steerMode=0/-147 iSteer=-24597 driveMode=51563/48399 iDrive=233204 scale=0 wheel=150000
2026-07-07T14:47:29.827+00:00 VCP run=1 step=0 angle=315703 target=315352 err=-351 steer=0 m1=981/51563 i1=211 t1=27 m2=-1005/-51563 i2=-233 t2=27 steerMode=0/-409 iSteer=-11132 driveMode=51563/51260 iDrive=222013 scale=0 wheel=150000
2026-07-07T14:47:29.840+00:00 CAN id=101 dlc=8 data=d8cf0400f0490200
2026-07-07T14:47:29.861+00:00 CAN id=101 dlc=8 data=d8cf0400f0490200
2026-07-07T14:47:29.881+00:00 CAN id=101 dlc=8 data=d8cf0400f0490200
2026-07-07T14:47:29.900+00:00 CAN id=101 dlc=8 data=d8cf0400f0490200
2026-07-07T14:47:29.921+00:00 CAN id=101 dlc=8 data=d8cf0400f0490200
2026-07-07T14:47:29.929+00:00 VCP run=1 step=0 angle=315439 target=315352 err=-87 steer=0 m1=1042/51563 i1=198 t1=27 m2=-1030/-51563 i2=-214 t2=27 steerMode=0/-434 iSteer=-8337 driveMode=51563/54028 iDrive=206091 scale=0 wheel=150000
2026-07-07T14:47:29.929+00:00 VCP SET_TARGET_RX steer=315352 wheel=150000
2026-07-07T14:47:29.940+00:00 CAN id=101 dlc=8 data=d8cf0400f0490200
2026-07-07T14:47:29.961+00:00 CAN id=101 dlc=8 data=d8cf0400f0490200
2026-07-07T14:47:29.981+00:00 CAN id=101 dlc=8 data=d8cf0400f0490200
2026-07-07T14:47:30.000+00:00 CAN id=101 dlc=8 data=d8cf0400f0490200
2026-07-07T14:47:30.021+00:00 CAN id=101 dlc=8 data=d8cf0400f0490200
2026-07-07T14:47:30.033+00:00 VCP run=1 step=0 angle=315176 target=315352 err=176 steer=0 m1=1048/51563 i1=165 t1=27 m2=-1051/-51563 i2=-230 t2=27 steerMode=0/44 iSteer=-32812 driveMode=51563/54690 iDrive=197496 scale=0 wheel=150000
2026-07-07T14:47:30.040+00:00 CAN id=101 dlc=8 data=d8cf0400f0490200
2026-07-07T14:47:30.061+00:00 CAN id=101 dlc=8 data=d8cf0400f0490200
2026-07-07T14:47:30.081+00:00 CAN id=101 dlc=8 data=d8cf0400f0490200
2026-07-07T14:47:30.101+00:00 CAN id=101 dlc=8 data=d8cf0400f0490200
2026-07-07T14:47:30.121+00:00 CAN id=101 dlc=8 data=d8cf0400f0490200
2026-07-07T14:47:30.138+00:00 VCP run=1 step=0 angle=315352 target=315352 err=0 steer=0 m1=1029/51563 i1=161 t1=27 m2=-1026/-51563 i2=-223 t2=27 steerMode=0/22 iSteer=-31030 driveMode=51563/54564 iDrive=192105 scale=0 wheel=150000
2026-07-07T14:47:30.140+00:00 CAN id=101 dlc=8 data=d8cf0400f0490200
2026-07-07T14:47:30.161+00:00 CAN id=101 dlc=8 data=d8cf0400f0490200
2026-07-07T14:47:30.181+00:00 CAN id=101 dlc=8 data=d8cf0400f0490200
2026-07-07T14:47:30.201+00:00 CAN id=101 dlc=8 data=d8cf0400f0490200
2026-07-07T14:47:30.220+00:00 CAN id=101 dlc=8 data=d8cf0400f0490200
2026-07-07T14:47:30.240+00:00 CAN id=101 dlc=8 data=d8cf0400f0490200
2026-07-07T14:47:30.261+00:00 CAN id=101 dlc=8 data=d8cf0400f0490200
2026-07-07T14:47:30.281+00:00 CAN id=101 dlc=8 data=d8cf0400f0490200
2026-07-07T14:47:30.301+00:00 CAN id=101 dlc=8 data=d8cf0400f0490200
2026-07-07T14:47:30.321+00:00 CAN id=101 dlc=8 data=d8cf0400f0490200
2026-07-07T14:47:30.326+00:00 VCP run=1 step=0 angle=315352 target=315352 err=0 steer=0 m1=993/51563 i1=136 t1=27 m2=-994/-51563 i2=-255 t2=27 steerMode=0/566 iSteer=-59677 driveMode=51563/53087 iDrive=195375 scale=0 wheel=150000
2026-07-07T14:47:30.326+00:00 VCP run=1 step=0 angle=315352 target=315352 err=0 steer=0 m1=983/51563 i1=158 t1=27 m2=-1001/-51563 i2=-242 t2=27 steerMode=0/186 iSteer=-41859 driveMode=51563/51877 iDrive=199735 scale=0 wheel=150000
2026-07-07T14:47:30.340+00:00 CAN id=101 dlc=8 data=d8cf0400f0490200
2026-07-07T14:47:30.361+00:00 CAN id=101 dlc=8 data=d8cf0400f0490200
2026-07-07T14:47:30.381+00:00 CAN id=101 dlc=8 data=d8cf0400f0490200
2026-07-07T14:47:30.401+00:00 CAN id=101 dlc=8 data=d8cf0400f0490200
2026-07-07T14:47:30.421+00:00 CAN id=101 dlc=8 data=d8cf0400f0490200
2026-07-07T14:47:30.428+00:00 VCP run=1 step=0 angle=315352 target=315352 err=0 steer=0 m1=945/51563 i1=185 t1=27 m2=-965/-51563 i2=-231 t2=27 steerMode=0/-182 iSteer=-23371 driveMode=51563/50416 iDrive=207877 scale=0 wheel=150000
2026-07-07T14:47:30.428+00:00 VCP SET_TARGET_RX steer=315352 wheel=150000
2026-07-07T14:47:30.440+00:00 CAN id=101 dlc=8 data=d8cf0400f0490200
2026-07-07T14:47:30.461+00:00 CAN id=101 dlc=8 data=d8cf0400f0490200
2026-07-07T14:47:30.481+00:00 CAN id=101 dlc=8 data=d8cf0400f0490200
2026-07-07T14:47:30.501+00:00 CAN id=101 dlc=8 data=d8cf0400f0490200
2026-07-07T14:47:30.521+00:00 CAN id=101 dlc=8 data=d8cf0400f0490200
2026-07-07T14:47:30.532+00:00 VCP run=1 step=0 angle=315439 target=315352 err=-87 steer=0 m1=945/51563 i1=198 t1=27 m2=-948/-51563 i2=-225 t2=27 steerMode=0/-367 iSteer=-13443 driveMode=51563/50152 iDrive=211660 scale=0 wheel=150000
2026-07-07T14:47:30.540+00:00 CAN id=101 dlc=8 data=d8cf0400f0490200
2026-07-07T14:47:30.561+00:00 CAN id=101 dlc=8 data=d8cf0400f0490200
2026-07-07T14:47:30.581+00:00 CAN id=101 dlc=8 data=d8cf0400f0490200
2026-07-07T14:47:30.601+00:00 CAN id=101 dlc=8 data=d8cf0400f0490200
2026-07-07T14:47:30.621+00:00 CAN id=101 dlc=8 data=d8cf0400f0490200
2026-07-07T14:47:30.637+00:00 VCP run=1 step=0 angle=315352 target=315352 err=0 steer=0 m1=983/51563 i1=184 t1=27 m2=-940/-51563 i2=-239 t2=27 steerMode=0/-66 iSteer=-27588 driveMode=51563/50539 iDrive=211857 scale=0 wheel=150000
2026-07-07T14:47:30.641+00:00 CAN id=101 dlc=8 data=d8cf0400f0490200
2026-07-07T14:47:30.661+00:00 CAN id=101 dlc=8 data=d8cf0400f0490200
2026-07-07T14:47:30.681+00:00 CAN id=101 dlc=8 data=d8cf0400f0490200
2026-07-07T14:47:30.701+00:00 CAN id=101 dlc=8 data=d8cf0400f0490200
2026-07-07T14:47:30.721+00:00 CAN id=101 dlc=8 data=d8cf0400f0490200
2026-07-07T14:47:30.740+00:00 CAN id=101 dlc=8 data=d8cf0400f0490200
2026-07-07T14:47:30.760+00:00 CAN id=101 dlc=8 data=d8cf0400f0490200
2026-07-07T14:47:30.781+00:00 CAN id=101 dlc=8 data=d8cf0400f0490200
2026-07-07T14:47:30.801+00:00 CAN id=101 dlc=8 data=d8cf0400f0490200
2026-07-07T14:47:30.820+00:00 CAN id=101 dlc=8 data=d8cf0400f0490200
2026-07-07T14:47:30.824+00:00 VCP run=1 step=0 angle=315264 target=315352 err=88 steer=0 m1=943/51563 i1=173 t1=27 m2=-923/-51563 i2=-259 t2=27 steerMode=0/237 iSteer=-43133 driveMode=51563/50157 iDrive=215750 scale=0 wheel=150000
2026-07-07T14:47:30.824+00:00 VCP run=1 step=0 angle=315527 target=315352 err=-175 steer=0 m1=943/51563 i1=181 t1=27 m2=-923/-51563 i2=-267 t2=27 steerMode=0/218 iSteer=-42677 driveMode=51563/49232 iDrive=224031 scale=0 wheel=150000
2026-07-07T14:47:30.840+00:00 CAN id=101 dlc=8 data=d8cf0400f0490200
2026-07-07T14:47:30.861+00:00 CAN id=101 dlc=8 data=d8cf0400f0490200
2026-07-07T14:47:30.881+00:00 CAN id=101 dlc=8 data=d8cf0400f0490200
2026-07-07T14:47:30.900+00:00 CAN id=101 dlc=8 data=d8cf0400f0490200
2026-07-07T14:47:30.921+00:00 CAN id=101 dlc=8 data=d8cf0400f0490200
2026-07-07T14:47:30.927+00:00 VCP run=1 step=0 angle=315615 target=315352 err=-263 steer=0 m1=941/51563 i1=214 t1=27 m2=-974/-51563 i2=-234 t2=27 steerMode=0/-425 iSteer=-10430 driveMode=51563/50005 iDrive=224043 scale=0 wheel=150000
2026-07-07T14:47:30.927+00:00 VCP SET_TARGET_RX steer=315352 wheel=150000
2026-07-07T14:47:30.940+00:00 CAN id=101 dlc=8 data=d8cf0400f0490200
2026-07-07T14:47:30.961+00:00 CAN id=101 dlc=8 data=d8cf0400f0490200
2026-07-07T14:47:30.981+00:00 CAN id=101 dlc=8 data=d8cf0400f0490200
2026-07-07T14:47:31.001+00:00 CAN id=101 dlc=8 data=d8cf0400f0490200
2026-07-07T14:47:31.021+00:00 CAN id=101 dlc=8 data=d8cf0400f0490200
2026-07-07T14:47:31.031+00:00 VCP run=1 step=0 angle=315615 target=315352 err=-263 steer=0 m1=968/51563 i1=211 t1=27 m2=-1007/-51563 i2=-222 t2=27 steerMode=0/-501 iSteer=-5660 driveMode=51563/51773 iDrive=216498 scale=0 wheel=150000
2026-07-07T14:47:31.040+00:00 CAN id=101 dlc=8 data=d8cf0400f0490200
2026-07-07T14:47:31.061+00:00 CAN id=101 dlc=8 data=d8cf0400f0490200
2026-07-07T14:47:31.081+00:00 CAN id=101 dlc=8 data=d8cf0400f0490200
2026-07-07T14:47:31.101+00:00 CAN id=101 dlc=8 data=d8cf0400f0490200
2026-07-07T14:47:31.121+00:00 CAN id=101 dlc=8 data=d8cf0400f0490200
2026-07-07T14:47:31.136+00:00 VCP run=1 step=0 angle=315439 target=315352 err=-87 steer=0 m1=1029/51563 i1=175 t1=27 m2=-1041/-51563 i2=-234 t2=27 steerMode=0/-20 iSteer=-29458 driveMode=51563/53713 iDrive=204408 scale=0 wheel=150000
2026-07-07T14:47:31.140+00:00 CAN id=101 dlc=8 data=d8cf0400f0490200
2026-07-07T14:47:31.161+00:00 CAN id=101 dlc=8 data=d8cf0400f0490200
2026-07-07T14:47:31.181+00:00 CAN id=101 dlc=8 data=d8cf0400f0490200
2026-07-07T14:47:31.201+00:00 CAN id=101 dlc=8 data=d8cf0400f0490200
2026-07-07T14:47:31.221+00:00 CAN id=101 dlc=8 data=d8cf0400f0490200
2026-07-07T14:47:31.242+00:00 VCP run=1 step=0 angle=315264 target=315352 err=88 steer=0 m1=1027/51563 i1=170 t1=27 m2=-1049/-51563 i2=-222 t2=27 steerMode=0/-92 iSteer=-26009 driveMode=51563/54387 iDrive=196239 scale=0 wheel=150000
2026-07-07T14:47:31.243+00:00 CAN id=101 dlc=8 data=d8cf0400f0490200
2026-07-07T14:47:31.261+00:00 CAN id=101 dlc=8 data=d8cf0400f0490200
2026-07-07T14:47:31.281+00:00 CAN id=101 dlc=8 data=d8cf0400f0490200
2026-07-07T14:47:31.301+00:00 CAN id=101 dlc=8 data=d8cf0400f0490200
2026-07-07T14:47:31.320+00:00 CAN id=101 dlc=8 data=d8cf0400f0490200
2026-07-07T14:47:31.340+00:00 CAN id=101 dlc=8 data=d8cf0400f0490200
2026-07-07T14:47:31.360+00:00 CAN id=101 dlc=8 data=d8cf0400f0490200
2026-07-07T14:47:31.381+00:00 CAN id=101 dlc=8 data=d8cf0400f0490200
2026-07-07T14:47:31.401+00:00 CAN id=101 dlc=8 data=d8cf0400f0490200
2026-07-07T14:47:31.420+00:00 CAN id=101 dlc=8 data=d8cf0400f0490200
2026-07-07T14:47:31.425+00:00 VCP run=1 step=0 angle=315264 target=315352 err=88 steer=0 m1=1042/51563 i1=156 t1=27 m2=-1022/-51563 i2=-227 t2=27 steerMode=0/107 iSteer=-35681 driveMode=51563/54319 iDrive=191438 scale=0 wheel=150000
2026-07-07T14:47:31.425+00:00 VCP run=1 step=0 angle=315352 target=315352 err=0 steer=0 m1=1027/51563 i1=161 t1=27 m2=-1015/-51563 i2=-219 t2=27 steerMode=0/-32 iSteer=-28907 driveMode=51563/53765 iDrive=189825 scale=0 wheel=150000
2026-07-07T14:47:31.425+00:00 VCP SET_TARGET_RX steer=315352 wheel=150000
2026-07-07T14:47:31.441+00:00 CAN id=101 dlc=8 data=d8cf0400f0490200
2026-07-07T14:47:31.461+00:00 CAN id=101 dlc=8 data=d8cf0400f0490200
2026-07-07T14:47:31.481+00:00 CAN id=101 dlc=8 data=d8cf0400f0490200
2026-07-07T14:47:31.501+00:00 CAN id=101 dlc=8 data=d8cf0400f0490200
2026-07-07T14:47:31.521+00:00 CAN id=101 dlc=8 data=d8cf0400f0490200
2026-07-07T14:47:31.529+00:00 VCP run=1 step=0 angle=315264 target=315352 err=88 steer=0 m1=1012/51563 i1=145 t1=27 m2=-1005/-51563 i2=-240 t2=27 steerMode=0/336 iSteer=-47440 driveMode=51563/52674 iDrive=192264 scale=0 wheel=150000
2026-07-07T14:47:31.540+00:00 CAN id=101 dlc=8 data=d8cf0400f0490200
2026-07-07T14:47:31.561+00:00 CAN id=101 dlc=8 data=d8cf0400f0490200
2026-07-07T14:47:31.581+00:00 CAN id=101 dlc=8 data=d8cf0400f0490200
2026-07-07T14:47:31.601+00:00 CAN id=101 dlc=8 data=d8cf0400f0490200
2026-07-07T14:47:31.621+00:00 CAN id=101 dlc=8 data=d8cf0400f0490200
2026-07-07T14:47:31.634+00:00 VCP run=1 step=0 angle=315264 target=315352 err=88 steer=0 m1=966/51563 i1=168 t1=27 m2=-934/-51563 i2=-231 t2=27 steerMode=0/7 iSteer=-31715 driveMode=51563/51129 iDrive=199637 scale=0 wheel=150000
2026-07-07T14:47:31.640+00:00 CAN id=101 dlc=8 data=d8cf0400f0490200
2026-07-07T14:47:31.661+00:00 CAN id=101 dlc=8 data=d8cf0400f0490200
2026-07-07T14:47:31.681+00:00 CAN id=101 dlc=8 data=d8cf0400f0490200
2026-07-07T14:47:31.701+00:00 CAN id=101 dlc=8 data=d8cf0400f0490200
2026-07-07T14:47:31.721+00:00 CAN id=101 dlc=8 data=d8cf0400f0490200
2026-07-07T14:47:31.739+00:00 VCP run=1 step=0 angle=315352 target=315352 err=0 steer=0 m1=962/51563 i1=184 t1=27 m2=-936/-51563 i2=-234 t2=27 steerMode=0/-121 iSteer=-24935 driveMode=51563/49774 iDrive=208575 scale=0 wheel=150000
2026-07-07T14:47:31.740+00:00 CAN id=101 dlc=8 data=d8cf0400f0490200
2026-07-07T14:47:31.761+00:00 CAN id=101 dlc=8 data=d8cf0400f0490200
2026-07-07T14:47:31.781+00:00 CAN id=101 dlc=8 data=d8cf0400f0490200
2026-07-07T14:47:31.801+00:00 CAN id=101 dlc=8 data=d8cf0400f0490200
2026-07-07T14:47:31.821+00:00 CAN id=101 dlc=8 data=d8cf0400f0490200
2026-07-07T14:47:31.840+00:00 CAN id=101 dlc=8 data=d8cf0400f0490200
2026-07-07T14:47:31.861+00:00 CAN id=101 dlc=8 data=d8cf0400f0490200
2026-07-07T14:47:31.881+00:00 CAN id=101 dlc=8 data=d8cf0400f0490200
2026-07-07T14:47:31.900+00:00 CAN id=101 dlc=8 data=d8cf0400f0490200
2026-07-07T14:47:31.921+00:00 CAN id=101 dlc=8 data=d8cf0400f0490200
2026-07-07T14:47:31.924+00:00 VCP run=1 step=0 angle=315439 target=315352 err=-87 steer=0 m1=941/51563 i1=184 t1=27 m2=-986/-51563 i2=-244 t2=27 steerMode=0/-17 iSteer=-29895 driveMode=51563/49443 iDrive=213765 scale=0 wheel=150000
2026-07-07T14:47:31.924+00:00 VCP run=1 step=0 angle=315615 target=315352 err=-263 steer=0 m1=943/51563 i1=165 t1=27 m2=-930/-51563 i2=-283 t2=27 steerMode=0/546 iSteer=-59145 driveMode=51563/48299 iDrive=224326 scale=0 wheel=150000
2026-07-07T14:47:31.940+00:00 CAN id=101 dlc=8 data=d8cf0400f0490200
2026-07-07T14:47:31.961+00:00 CAN id=101 dlc=8 data=d8cf0400f0490200
2026-07-07T14:47:31.981+00:00 CAN id=101 dlc=8 data=d8cf0400f0490200
2026-07-07T14:47:32.001+00:00 CAN id=101 dlc=8 data=d8cf0400f0490200
2026-07-07T14:47:32.021+00:00 CAN id=101 dlc=8 data=d8cf0400f0490200
2026-07-07T14:47:32.028+00:00 VCP SET_TARGET_RX steer=315352 wheel=150000
2026-07-07T14:47:32.028+00:00 VCP run=1 step=0 angle=315791 target=315352 err=-439 steer=0 m1=887/51563 i1=199 t1=27 m2=-925/-51563 i2=-274 t2=27 steerMode=0/92 iSteer=-37718 driveMode=51563/47274 iDrive=236747 scale=0 wheel=150000
2026-07-07T14:47:32.040+00:00 CAN id=101 dlc=8 data=d8cf0400f0490200
2026-07-07T14:47:32.061+00:00 CAN id=101 dlc=8 data=d8cf0400f0490200
2026-07-07T14:47:32.081+00:00 CAN id=101 dlc=8 data=d8cf0400f0490200
2026-07-07T14:47:32.101+00:00 CAN id=101 dlc=8 data=d8cf0400f0490200
2026-07-07T14:47:32.121+00:00 CAN id=101 dlc=8 data=d8cf0400f0490200
2026-07-07T14:47:32.133+00:00 VCP run=1 step=0 angle=315791 target=315352 err=-439 steer=0 m1=929/51563 i1=235 t1=27 m2=-961/-51563 i2=-226 t2=27 steerMode=0/-757 iSteer=4796 driveMode=51563/49691 iDrive=230632 scale=0 wheel=150000
2026-07-07T14:47:32.140+00:00 CAN id=101 dlc=8 data=d8cf0400f0490200
2026-07-07T14:47:32.161+00:00 CAN id=101 dlc=8 data=d8cf0400f0490200
2026-07-07T14:47:32.181+00:00 CAN id=101 dlc=8 data=d8cf0400f0490200
2026-07-07T14:47:32.201+00:00 CAN id=101 dlc=8 data=d8cf0400f0490200
2026-07-07T14:47:32.221+00:00 CAN id=101 dlc=8 data=d8cf0400f0490200
2026-07-07T14:47:32.238+00:00 VCP run=1 step=0 angle=315791 target=315352 err=-439 steer=0 m1=1017/51563 i1=198 t1=27 m2=-1034/-51563 i2=-234 t2=27 steerMode=0/-272 iSteer=-18029 driveMode=51563/52822 iDrive=215658 scale=0 wheel=150000
2026-07-07T14:47:32.240+00:00 CAN id=101 dlc=8 data=d8cf0400f0490200
2026-07-07T14:47:32.261+00:00 CAN id=101 dlc=8 data=d8cf0400f0490200
2026-07-07T14:47:32.281+00:00 CAN id=101 dlc=8 data=d8cf0400f0490200
2026-07-07T14:47:32.301+00:00 CAN id=101 dlc=8 data=d8cf0400f0490200
2026-07-07T14:47:32.321+00:00 CAN id=101 dlc=8 data=d8cf0400f0490200
2026-07-07T14:47:32.340+00:00 CAN id=101 dlc=8 data=d8cf0400f0490200
2026-07-07T14:47:32.361+00:00 CAN id=101 dlc=8 data=d8cf0400f0490200
2026-07-07T14:47:32.381+00:00 CAN id=101 dlc=8 data=d8cf0400f0490200
2026-07-07T14:47:32.401+00:00 CAN id=101 dlc=8 data=d8cf0400f0490200
2026-07-07T14:47:32.420+00:00 BENCH disable sent
2026-07-07T14:47:32.420+00:00 CAN id=121 dlc=2 data=0100
2026-07-07T14:47:32.421+00:00 CAN id=121 dlc=2 data=0100
2026-07-07T14:47:32.422+00:00 VCP run=1 step=0 angle=315615 target=315352 err=-263 steer=0 m1=1050/51563 i1=185 t1=27 m2=-1072/-51563 i2=-212 t2=27 steerMode=0/-341 iSteer=-13756 driveMode=51563/55297 iDrive=198363 scale=0 wheel=150000
2026-07-07T14:47:32.422+00:00 VCP run=1 step=0 angle=315439 target=315352 err=-87 steer=0 m1=1044/51563 i1=157 t1=27 m2=-1036/-51563 i2=-224 t2=27 steerMode=0/52 iSteer=-33450 driveMode=51563/55348 iDrive=190774 scale=0 wheel=150000
2026-07-07T14:47:32.623+00:00 VCP UNIT_CTRL enable=0
2026-07-07T14:47:32.623+00:00 VCP UNIT_CTRL enable=0
2026-07-07T14:47:32.623+00:00 VCP STOP: disabled
2026-07-07T14:47:32.825+00:00 BENCH log closed
