2026-07-07T14:48:02.213+00:00 BENCH log opened: firmware/logs/friction-id-v2-rpm-150.log
2026-07-07T14:48:02.213+00:00 BENCH run: steer=315.352deg (315352mdeg) wheel=-150.0rpm (-150000milli-rpm) rate=50.0Hz duration=8.0s
2026-07-07T14:48:02.213+00:00 BENCH enable sent
2026-07-07T14:48:02.213+00:00 CAN id=121 dlc=2 data=0101
2026-07-07T14:48:02.214+00:00 CAN id=101 dlc=8 data=d8cf040010b6fdff
2026-07-07T14:48:02.234+00:00 CAN id=101 dlc=8 data=d8cf040010b6fdff
2026-07-07T14:48:02.238+00:00 VCP SET_TARGET_RX steer=315352 wheel=-150000
2026-07-07T14:48:02.238+00:00 VCP START_CAN: angle=315879 target=315352 wheelTarget=-150000
2026-07-07T14:48:02.254+00:00 CAN id=101 dlc=8 data=d8cf040010b6fdff
2026-07-07T14:48:02.274+00:00 CAN id=101 dlc=8 data=d8cf040010b6fdff
2026-07-07T14:48:02.294+00:00 CAN id=101 dlc=8 data=d8cf040010b6fdff
2026-07-07T14:48:02.314+00:00 CAN id=101 dlc=8 data=d8cf040010b6fdff
2026-07-07T14:48:02.334+00:00 CAN id=101 dlc=8 data=d8cf040010b6fdff
2026-07-07T14:48:02.354+00:00 CAN id=101 dlc=8 data=d8cf040010b6fdff
2026-07-07T14:48:02.374+00:00 CAN id=101 dlc=8 data=d8cf040010b6fdff
2026-07-07T14:48:02.394+00:00 CAN id=101 dlc=8 data=d8cf040010b6fdff
2026-07-07T14:48:02.414+00:00 CAN id=101 dlc=8 data=d8cf040010b6fdff
2026-07-07T14:48:02.420+00:00 VCP run=1 step=0 angle=315879 target=315352 err=-527 steer=-250 m1=0/-1719 i1=-71 t1=27 m2=0/-1031 i2=-67 t2=26 steerMode=-1375/0 iSteer=-68956 driveMode=-344/0 iDrive=-1753 scale=0 wheel=-1000
2026-07-07T14:48:02.420+00:00 VCP run=1 step=0 angle=315879 target=315352 err=-527 steer=-263 m1=0/-7843 i1=-114 t1=27 m2=0/4945 i2=-38 t2=26 steerMode=-1449/-16 iSteer=-75625 driveMode=-6394/-15 iDrive=-37963 scale=0 wheel=-18600
2026-07-07T14:48:02.434+00:00 CAN id=101 dlc=8 data=d8cf040010b6fdff
2026-07-07T14:48:02.454+00:00 CAN id=101 dlc=8 data=d8cf040010b6fdff
2026-07-07T14:48:02.474+00:00 CAN id=101 dlc=8 data=d8cf040010b6fdff
2026-07-07T14:48:02.494+00:00 CAN id=101 dlc=8 data=d8cf040010b6fdff
2026-07-07T14:48:02.514+00:00 CAN id=101 dlc=8 data=d8cf040010b6fdff
2026-07-07T14:48:02.525+00:00 VCP run=1 step=0 angle=315879 target=315352 err=-527 steer=-263 m1=0/-14236 i1=-168 t1=27 m2=0/11339 i2=8 t2=26 steerMode=-1449/-4 iSteer=-80197 driveMode=-12788/-4 iDrive=-87925 scale=0 wheel=-37200
2026-07-07T14:48:02.534+00:00 CAN id=101 dlc=8 data=d8cf040010b6fdff
2026-07-07T14:48:02.554+00:00 CAN id=101 dlc=8 data=d8cf040010b6fdff
2026-07-07T14:48:02.574+00:00 CAN id=101 dlc=8 data=d8cf040010b6fdff
2026-07-07T14:48:02.594+00:00 CAN id=101 dlc=8 data=d8cf040010b6fdff
2026-07-07T14:48:02.614+00:00 CAN id=101 dlc=8 data=d8cf040010b6fdff
2026-07-07T14:48:02.630+00:00 VCP run=1 step=0 angle=315879 target=315352 err=-527 steer=-263 m1=0/-20630 i1=-233 t1=27 m2=0/17732 i2=66 t2=26 steerMode=-1449/-18 iSteer=-83459 driveMode=-19181/-18 iDrive=-149644 scale=0 wheel=-55800
2026-07-07T14:48:02.634+00:00 CAN id=101 dlc=8 data=d8cf040010b6fdff
2026-07-07T14:48:02.654+00:00 CAN id=101 dlc=8 data=d8cf040010b6fdff
2026-07-07T14:48:02.674+00:00 CAN id=101 dlc=8 data=d8cf040010b6fdff
2026-07-07T14:48:02.694+00:00 CAN id=101 dlc=8 data=d8cf040010b6fdff
2026-07-07T14:48:02.714+00:00 CAN id=101 dlc=8 data=d8cf040010b6fdff
2026-07-07T14:48:02.731+00:00 VCP run=1 step=0 angle=315791 target=315352 err=-439 steer=-213 m1=0/-26749 i1=-296 t1=27 m2=0/24401 i2=150 t2=26 steerMode=-1174/-28 iSteer=-73175 driveMode=-25575/-30 iDrive=-223254 scale=0 wheel=-74400
2026-07-07T14:48:02.731+00:00 VCP SET_TARGET_RX steer=315352 wheel=-150000
2026-07-07T14:48:02.734+00:00 CAN id=101 dlc=8 data=d8cf040010b6fdff
2026-07-07T14:48:02.754+00:00 CAN id=101 dlc=8 data=d8cf040010b6fdff
2026-07-07T14:48:02.774+00:00 CAN id=101 dlc=8 data=d8cf040010b6fdff
2026-07-07T14:48:02.794+00:00 CAN id=101 dlc=8 data=d8cf040010b6fdff
2026-07-07T14:48:02.814+00:00 CAN id=101 dlc=8 data=d8cf040010b6fdff
2026-07-07T14:48:02.834+00:00 CAN id=101 dlc=8 data=d8cf040010b6fdff
2026-07-07T14:48:02.836+00:00 VCP run=1 step=0 angle=315879 target=315352 err=-527 steer=-263 m1=-3/-33418 i1=-398 t1=27 m2=0/30520 i2=220 t2=26 steerMode=-1449/-63 iSteer=-89082 driveMode=-31969/-71 iDrive=-308591 scale=0 wheel=-93000
2026-07-07T14:48:02.854+00:00 CAN id=101 dlc=8 data=d8cf040010b6fdff
2026-07-07T14:48:02.874+00:00 CAN id=101 dlc=8 data=d8cf040010b6fdff
2026-07-07T14:48:02.894+00:00 CAN id=101 dlc=8 data=d8cf040010b6fdff
2026-07-07T14:48:02.914+00:00 CAN id=101 dlc=8 data=d8cf040010b6fdff
2026-07-07T14:48:02.934+00:00 CAN id=101 dlc=8 data=d8cf040010b6fdff
2026-07-07T14:48:02.954+00:00 CAN id=101 dlc=8 data=d8cf040010b6fdff
2026-07-07T14:48:02.974+00:00 CAN id=101 dlc=8 data=d8cf040010b6fdff
2026-07-07T14:48:02.994+00:00 CAN id=101 dlc=8 data=d8cf040010b6fdff
2026-07-07T14:48:03.014+00:00 CAN id=101 dlc=8 data=d8cf040010b6fdff
2026-07-07T14:48:03.022+00:00 VCP run=1 step=0 angle=315439 target=315352 err=-87 steer=0 m1=-155/-38362 i1=-230 t1=27 m2=46/38362 i2=536 t2=26 steerMode=0/-3439 iSteer=153013 driveMode=-38362/-4169 iDrive=-382821 scale=0 wheel=-111599
2026-07-07T14:48:03.022+00:00 VCP run=1 step=0 angle=315088 target=315352 err=264 steer=0 m1=-402/-44756 i1=-440 t1=27 m2=370/44756 i2=376 t2=26 steerMode=0/300 iSteer=-31758 driveMode=-44756/-17112 iDrive=-407939 scale=0 wheel=-130199
2026-07-07T14:48:03.034+00:00 CAN id=101 dlc=8 data=d8cf040010b6fdff
2026-07-07T14:48:03.054+00:00 CAN id=101 dlc=8 data=d8cf040010b6fdff
2026-07-07T14:48:03.074+00:00 CAN id=101 dlc=8 data=d8cf040010b6fdff
2026-07-07T14:48:03.094+00:00 CAN id=101 dlc=8 data=d8cf040010b6fdff
2026-07-07T14:48:03.114+00:00 CAN id=101 dlc=8 data=d8cf040010b6fdff
2026-07-07T14:48:03.127+00:00 VCP run=1 step=0 angle=315088 target=315352 err=264 steer=0 m1=-649/-51150 i1=-410 t1=27 m2=640/51150 i2=415 t2=26 steerMode=0/-354 iSteer=2281 driveMode=-51150/-31479 iDrive=-412240 scale=0 wheel=-148799
2026-07-07T14:48:03.134+00:00 CAN id=101 dlc=8 data=d8cf040010b6fdff
2026-07-07T14:48:03.154+00:00 CAN id=101 dlc=8 data=d8cf040010b6fdff
2026-07-07T14:48:03.174+00:00 CAN id=101 dlc=8 data=d8cf040010b6fdff
2026-07-07T14:48:03.194+00:00 CAN id=101 dlc=8 data=d8cf040010b6fdff
2026-07-07T14:48:03.214+00:00 CAN id=101 dlc=8 data=d8cf040010b6fdff
2026-07-07T14:48:03.228+00:00 VCP run=1 step=0 angle=315088 target=315352 err=264 steer=0 m1=-909/-51563 i1=-367 t1=27 m2=880/51563 i2=379 t2=26 steerMode=0/-397 iSteer=5695 driveMode=-51563/-44609 iDrive=-373149 scale=0 wheel=-150000
2026-07-07T14:48:03.228+00:00 VCP SET_TARGET_RX steer=315352 wheel=-150000
2026-07-07T14:48:03.234+00:00 CAN id=101 dlc=8 data=d8cf040010b6fdff
2026-07-07T14:48:03.254+00:00 CAN id=101 dlc=8 data=d8cf040010b6fdff
2026-07-07T14:48:03.274+00:00 CAN id=101 dlc=8 data=d8cf040010b6fdff
2026-07-07T14:48:03.294+00:00 CAN id=101 dlc=8 data=d8cf040010b6fdff
2026-07-07T14:48:03.314+00:00 CAN id=101 dlc=8 data=d8cf040010b6fdff
2026-07-07T14:48:03.332+00:00 VCP run=1 step=0 angle=314824 target=315352 err=528 steer=264 m1=-1053/-50111 i1=-221 t1=27 m2=1031/53014 i2=443 t2=26 steerMode=1451/-988 iSteer=110600 driveMode=-51563/-53550 iDrive=-332043 scale=0 wheel=-150000
2026-07-07T14:48:03.334+00:00 CAN id=101 dlc=8 data=d8cf040010b6fdff
2026-07-07T14:48:03.354+00:00 CAN id=101 dlc=8 data=d8cf040010b6fdff
2026-07-07T14:48:03.374+00:00 CAN id=101 dlc=8 data=d8cf040010b6fdff
2026-07-07T14:48:03.394+00:00 CAN id=101 dlc=8 data=d8cf040010b6fdff
2026-07-07T14:48:03.414+00:00 CAN id=101 dlc=8 data=d8cf040010b6fdff
2026-07-07T14:48:03.434+00:00 CAN id=101 dlc=8 data=d8cf040010b6fdff
2026-07-07T14:48:03.436+00:00 VCP run=1 step=0 angle=314912 target=315352 err=440 steer=64 m1=-1101/-51211 i1=-324 t1=27 m2=1104/51914 i2=279 t2=26 steerMode=351/663 iSteer=-22102 driveMode=-51563/-57966 iDrive=-301585 scale=0 wheel=-150000
2026-07-07T14:48:03.454+00:00 CAN id=101 dlc=8 data=d8cf040010b6fdff
2026-07-07T14:48:03.474+00:00 CAN id=101 dlc=8 data=d8cf040010b6fdff
2026-07-07T14:48:03.494+00:00 CAN id=101 dlc=8 data=d8cf040010b6fdff
2026-07-07T14:48:03.514+00:00 CAN id=101 dlc=8 data=d8cf040010b6fdff
2026-07-07T14:48:03.534+00:00 CAN id=101 dlc=8 data=d8cf040010b6fdff
2026-07-07T14:48:03.554+00:00 CAN id=101 dlc=8 data=d8cf040010b6fdff
2026-07-07T14:48:03.574+00:00 CAN id=101 dlc=8 data=d8cf040010b6fdff
2026-07-07T14:48:03.594+00:00 CAN id=101 dlc=8 data=d8cf040010b6fdff
2026-07-07T14:48:03.614+00:00 CAN id=101 dlc=8 data=d8cf040010b6fdff
2026-07-07T14:48:03.622+00:00 VCP run=1 step=0 angle=314824 target=315352 err=528 steer=264 m1=-1189/-50111 i1=-228 t1=27 m2=1236/53014 i2=298 t2=26 steerMode=1451/663 iSteer=34994 driveMode=-51563/-62509 iDrive=-262889 scale=0 wheel=-150000
2026-07-07T14:48:03.622+00:00 VCP run=1 step=0 angle=314912 target=315352 err=440 steer=0 m1=-1264/-51563 i1=-246 t1=27 m2=1213/51563 i2=206 t2=26 steerMode=0/320 iSteer=-19960 driveMode=-51563/-65214 iDrive=-226252 scale=0 wheel=-150000
2026-07-07T14:48:03.634+00:00 CAN id=101 dlc=8 data=d8cf040010b6fdff
2026-07-07T14:48:03.654+00:00 CAN id=101 dlc=8 data=d8cf040010b6fdff
2026-07-07T14:48:03.674+00:00 CAN id=101 dlc=8 data=d8cf040010b6fdff
2026-07-07T14:48:03.694+00:00 CAN id=101 dlc=8 data=d8cf040010b6fdff
2026-07-07T14:48:03.714+00:00 CAN id=101 dlc=8 data=d8cf040010b6fdff
2026-07-07T14:48:03.722+00:00 VCP run=1 step=0 angle=314824 target=315352 err=528 steer=264 m1=-1235/-50111 i1=-113 t1=27 m2=1215/53014 i2=284 t2=26 steerMode=1451/-250 iSteer=85441 driveMode=-51563/-65536 iDrive=-198470 scale=0 wheel=-150000
2026-07-07T14:48:03.723+00:00 VCP SET_TARGET_RX steer=315352 wheel=-150000
2026-07-07T14:48:03.734+00:00 CAN id=101 dlc=8 data=d8cf040010b6fdff
2026-07-07T14:48:03.754+00:00 CAN id=101 dlc=8 data=d8cf040010b6fdff
2026-07-07T14:48:03.774+00:00 CAN id=101 dlc=8 data=d8cf040010b6fdff
2026-07-07T14:48:03.794+00:00 CAN id=101 dlc=8 data=d8cf040010b6fdff
2026-07-07T14:48:03.814+00:00 CAN id=101 dlc=8 data=d8cf040010b6fdff
2026-07-07T14:48:03.827+00:00 VCP run=1 step=0 angle=315088 target=315352 err=264 steer=0 m1=-1254/-51563 i1=-166 t1=27 m2=1222/51563 i2=184 t2=26 steerMode=0/-176 iSteer=8707 driveMode=-51563/-65142 iDrive=-174885 scale=0 wheel=-150000
2026-07-07T14:48:03.834+00:00 CAN id=101 dlc=8 data=d8cf040010b6fdff
2026-07-07T14:48:03.854+00:00 CAN id=101 dlc=8 data=d8cf040010b6fdff
2026-07-07T14:48:03.874+00:00 CAN id=101 dlc=8 data=d8cf040010b6fdff
2026-07-07T14:48:03.894+00:00 CAN id=101 dlc=8 data=d8cf040010b6fdff
2026-07-07T14:48:03.914+00:00 CAN id=101 dlc=8 data=d8cf040010b6fdff
2026-07-07T14:48:03.931+00:00 VCP run=1 step=0 angle=315088 target=315352 err=264 steer=0 m1=-1220/-51563 i1=-123 t1=27 m2=1207/51563 i2=188 t2=26 steerMode=0/-603 iSteer=32524 driveMode=-51563/-64195 iDrive=-155028 scale=0 wheel=-150000
2026-07-07T14:48:03.934+00:00 CAN id=101 dlc=8 data=d8cf040010b6fdff
2026-07-07T14:48:03.954+00:00 CAN id=101 dlc=8 data=d8cf040010b6fdff
2026-07-07T14:48:03.974+00:00 CAN id=101 dlc=8 data=d8cf040010b6fdff
2026-07-07T14:48:03.994+00:00 CAN id=101 dlc=8 data=d8cf040010b6fdff
2026-07-07T14:48:04.014+00:00 CAN id=101 dlc=8 data=d8cf040010b6fdff
2026-07-07T14:48:04.034+00:00 CAN id=101 dlc=8 data=d8cf040010b6fdff
2026-07-07T14:48:04.054+00:00 CAN id=101 dlc=8 data=d8cf040010b6fdff
2026-07-07T14:48:04.074+00:00 CAN id=101 dlc=8 data=d8cf040010b6fdff
2026-07-07T14:48:04.094+00:00 CAN id=101 dlc=8 data=d8cf040010b6fdff
2026-07-07T14:48:04.114+00:00 CAN id=101 dlc=8 data=d8cf040010b6fdff
2026-07-07T14:48:04.118+00:00 VCP run=1 step=0 angle=315000 target=315352 err=352 steer=0 m1=-1200/-51563 i1=-127 t1=27 m2=1161/51563 i2=157 t2=26 steerMode=0/-235 iSteer=14994 driveMode=-51563/-62485 iDrive=-141816 scale=0 wheel=-150000
2026-07-07T14:48:04.118+00:00 VCP run=1 step=0 angle=315000 target=315352 err=352 steer=0 m1=-1139/-51563 i1=-125 t1=27 m2=1132/51563 i2=143 t2=26 steerMode=0/-100 iSteer=9055 driveMode=-51563/-60433 iDrive=-133644 scale=0 wheel=-150000
2026-07-07T14:48:04.134+00:00 CAN id=101 dlc=8 data=d8cf040010b6fdff
2026-07-07T14:48:04.154+00:00 CAN id=101 dlc=8 data=d8cf040010b6fdff
2026-07-07T14:48:04.175+00:00 CAN id=101 dlc=8 data=d8cf040010b6fdff
2026-07-07T14:48:04.196+00:00 CAN id=101 dlc=8 data=d8cf040010b6fdff
2026-07-07T14:48:04.214+00:00 CAN id=101 dlc=8 data=d8cf040010b6fdff
2026-07-07T14:48:04.219+00:00 VCP run=1 step=0 angle=315000 target=315352 err=352 steer=0 m1=-1089/-51563 i1=-111 t1=27 m2=1058/51563 i2=157 t2=26 steerMode=0/-366 iSteer=23105 driveMode=-51563/-57545 iDrive=-134047 scale=0 wheel=-150000
2026-07-07T14:48:04.219+00:00 VCP SET_TARGET_RX steer=315352 wheel=-150000
2026-07-07T14:48:04.234+00:00 CAN id=101 dlc=8 data=d8cf040010b6fdff
2026-07-07T14:48:04.254+00:00 CAN id=101 dlc=8 data=d8cf040010b6fdff
2026-07-07T14:48:04.274+00:00 CAN id=101 dlc=8 data=d8cf040010b6fdff
2026-07-07T14:48:04.294+00:00 CAN id=101 dlc=8 data=d8cf040010b6fdff
2026-07-07T14:48:04.314+00:00 CAN id=101 dlc=8 data=d8cf040010b6fdff
2026-07-07T14:48:04.323+00:00 VCP run=1 step=0 angle=314736 target=315352 err=616 steer=308 m1=-1007/-49869 i1=-21 t1=27 m2=937/53256 i2=284 t2=26 steerMode=1693/-790 iSteer=131025 driveMode=-51563/-52538 iDrive=-152476 scale=0 wheel=-150000
2026-07-07T14:48:04.334+00:00 CAN id=101 dlc=8 data=d8cf040010b6fdff
2026-07-07T14:48:04.354+00:00 CAN id=101 dlc=8 data=d8cf040010b6fdff
2026-07-07T14:48:04.374+00:00 CAN id=101 dlc=8 data=d8cf040010b6fdff
2026-07-07T14:48:04.394+00:00 CAN id=101 dlc=8 data=d8cf040010b6fdff
2026-07-07T14:48:04.414+00:00 CAN id=101 dlc=8 data=d8cf040010b6fdff
2026-07-07T14:48:04.427+00:00 VCP run=1 step=0 angle=315176 target=315352 err=176 steer=0 m1=-892/-51563 i1=-204 t1=27 m2=878/51563 i2=160 t2=26 steerMode=0/599 iSteer=-21809 driveMode=-51563/-47357 iDrive=-181711 scale=0 wheel=-150000
2026-07-07T14:48:04.434+00:00 CAN id=101 dlc=8 data=d8cf040010b6fdff
2026-07-07T14:48:04.454+00:00 CAN id=101 dlc=8 data=d8cf040010b6fdff
2026-07-07T14:48:04.474+00:00 CAN id=101 dlc=8 data=d8cf040010b6fdff
2026-07-07T14:48:04.494+00:00 CAN id=101 dlc=8 data=d8cf040010b6fdff
2026-07-07T14:48:04.514+00:00 CAN id=101 dlc=8 data=d8cf040010b6fdff
2026-07-07T14:48:04.532+00:00 VCP run=1 step=0 angle=315000 target=315352 err=352 steer=0 m1=-846/-51563 i1=-176 t1=27 m2=853/51563 i2=221 t2=26 steerMode=0/-268 iSteer=22247 driveMode=-51563/-45907 iDrive=-198492 scale=0 wheel=-150000
2026-07-07T14:48:04.534+00:00 CAN id=101 dlc=8 data=d8cf040010b6fdff
2026-07-07T14:48:04.554+00:00 CAN id=101 dlc=8 data=d8cf040010b6fdff
2026-07-07T14:48:04.574+00:00 CAN id=101 dlc=8 data=d8cf040010b6fdff
2026-07-07T14:48:04.594+00:00 CAN id=101 dlc=8 data=d8cf040010b6fdff
2026-07-07T14:48:04.614+00:00 CAN id=101 dlc=8 data=d8cf040010b6fdff
2026-07-07T14:48:04.634+00:00 CAN id=101 dlc=8 data=d8cf040010b6fdff
2026-07-07T14:48:04.654+00:00 CAN id=101 dlc=8 data=d8cf040010b6fdff
2026-07-07T14:48:04.674+00:00 CAN id=101 dlc=8 data=d8cf040010b6fdff
2026-07-07T14:48:04.694+00:00 CAN id=101 dlc=8 data=d8cf040010b6fdff
2026-07-07T14:48:04.714+00:00 CAN id=101 dlc=8 data=d8cf040010b6fdff
2026-07-07T14:48:04.716+00:00 VCP run=1 step=0 angle=314912 target=315352 err=440 steer=0 m1=-869/-51563 i1=-204 t1=27 m2=927/51563 i2=205 t2=26 steerMode=0/149 iSteer=545 driveMode=-51563/-46642 iDrive=-204492 scale=0 wheel=-150000
2026-07-07T14:48:04.716+00:00 VCP run=1 step=0 angle=314912 target=315352 err=440 steer=0 m1=-921/-51563 i1=-173 t1=27 m2=874/51563 i2=247 t2=26 steerMode=0/-544 iSteer=36567 driveMode=-51563/-47259 iDrive=-210057 scale=0 wheel=-150000
2026-07-07T14:48:04.734+00:00 CAN id=101 dlc=8 data=d8cf040010b6fdff
2026-07-07T14:48:04.754+00:00 CAN id=101 dlc=8 data=d8cf040010b6fdff
2026-07-07T14:48:04.774+00:00 CAN id=101 dlc=8 data=d8cf040010b6fdff
2026-07-07T14:48:04.794+00:00 CAN id=101 dlc=8 data=d8cf040010b6fdff
2026-07-07T14:48:04.814+00:00 CAN id=101 dlc=8 data=d8cf040010b6fdff
2026-07-07T14:48:04.820+00:00 VCP SET_TARGET_RX steer=315352 wheel=-150000
2026-07-07T14:48:04.820+00:00 VCP run=1 step=0 angle=314824 target=315352 err=528 steer=264 m1=-867/-50111 i1=-178 t1=27 m2=904/53014 i2=254 t2=26 steerMode=1451/924 iSteer=38302 driveMode=-51563/-47637 iDrive=-215961 scale=0 wheel=-150000
2026-07-07T14:48:04.834+00:00 CAN id=101 dlc=8 data=d8cf040010b6fdff
2026-07-07T14:48:04.854+00:00 CAN id=101 dlc=8 data=d8cf040010b6fdff
2026-07-07T14:48:04.874+00:00 CAN id=101 dlc=8 data=d8cf040010b6fdff
2026-07-07T14:48:04.894+00:00 CAN id=101 dlc=8 data=d8cf040010b6fdff
2026-07-07T14:48:04.914+00:00 CAN id=101 dlc=8 data=d8cf040010b6fdff
2026-07-07T14:48:04.924+00:00 VCP run=1 step=0 angle=315176 target=315352 err=176 steer=0 m1=-934/-51563 i1=-144 t1=27 m2=880/51563 i2=298 t2=26 steerMode=0/-1301 iSteer=76938 driveMode=-51563/-47982 iDrive=-221040 scale=0 wheel=-150000
2026-07-07T14:48:04.934+00:00 CAN id=101 dlc=8 data=d8cf040010b6fdff
2026-07-07T14:48:04.954+00:00 CAN id=101 dlc=8 data=d8cf040010b6fdff
2026-07-07T14:48:04.974+00:00 CAN id=101 dlc=8 data=d8cf040010b6fdff
2026-07-07T14:48:04.994+00:00 CAN id=101 dlc=8 data=d8cf040010b6fdff
2026-07-07T14:48:05.014+00:00 CAN id=101 dlc=8 data=d8cf040010b6fdff
2026-07-07T14:48:05.029+00:00 VCP run=1 step=0 angle=315088 target=315352 err=264 steer=0 m1=-925/-51563 i1=-198 t1=27 m2=941/51563 i2=252 t2=26 steerMode=0/-241 iSteer=26838 driveMode=-51563/-48529 iDrive=-225054 scale=0 wheel=-150000
2026-07-07T14:48:05.034+00:00 CAN id=101 dlc=8 data=d8cf040010b6fdff
2026-07-07T14:48:05.054+00:00 CAN id=101 dlc=8 data=d8cf040010b6fdff
2026-07-07T14:48:05.074+00:00 CAN id=101 dlc=8 data=d8cf040010b6fdff
2026-07-07T14:48:05.094+00:00 CAN id=101 dlc=8 data=d8cf040010b6fdff
2026-07-07T14:48:05.114+00:00 CAN id=101 dlc=8 data=d8cf040010b6fdff
2026-07-07T14:48:05.133+00:00 VCP run=1 step=0 angle=315088 target=315352 err=264 steer=0 m1=-961/-51563 i1=-199 t1=27 m2=960/51563 i2=243 t2=26 steerMode=0/-145 iSteer=21913 driveMode=-51563/-50141 iDrive=-221262 scale=0 wheel=-150000
2026-07-07T14:48:05.134+00:00 CAN id=101 dlc=8 data=d8cf040010b6fdff
2026-07-07T14:48:05.154+00:00 CAN id=101 dlc=8 data=d8cf040010b6fdff
2026-07-07T14:48:05.174+00:00 CAN id=101 dlc=8 data=d8cf040010b6fdff
2026-07-07T14:48:05.194+00:00 CAN id=101 dlc=8 data=d8cf040010b6fdff
2026-07-07T14:48:05.214+00:00 CAN id=101 dlc=8 data=d8cf040010b6fdff
2026-07-07T14:48:05.234+00:00 CAN id=101 dlc=8 data=d8cf040010b6fdff
2026-07-07T14:48:05.235+00:00 VCP run=1 step=0 angle=314912 target=315352 err=440 steer=0 m1=-997/-51563 i1=-205 t1=27 m2=987/51563 i2=222 t2=26 steerMode=0/130 iSteer=8243 driveMode=-51563/-51836 iDrive=-213689 scale=0 wheel=-150000
2026-07-07T14:48:05.235+00:00 VCP SET_TARGET_RX steer=315352 wheel=-150000
2026-07-07T14:48:05.254+00:00 CAN id=101 dlc=8 data=d8cf040010b6fdff
2026-07-07T14:48:05.274+00:00 CAN id=101 dlc=8 data=d8cf040010b6fdff
2026-07-07T14:48:05.294+00:00 CAN id=101 dlc=8 data=d8cf040010b6fdff
2026-07-07T14:48:05.314+00:00 CAN id=101 dlc=8 data=d8cf040010b6fdff
2026-07-07T14:48:05.334+00:00 CAN id=101 dlc=8 data=d8cf040010b6fdff
2026-07-07T14:48:05.354+00:00 CAN id=101 dlc=8 data=d8cf040010b6fdff
2026-07-07T14:48:05.374+00:00 CAN id=101 dlc=8 data=d8cf040010b6fdff
2026-07-07T14:48:05.394+00:00 CAN id=101 dlc=8 data=d8cf040010b6fdff
2026-07-07T14:48:05.414+00:00 CAN id=101 dlc=8 data=d8cf040010b6fdff
2026-07-07T14:48:05.421+00:00 VCP run=1 step=0 angle=315000 target=315352 err=352 steer=0 m1=-1015/-51563 i1=-185 t1=27 m2=1035/51563 i2=222 t2=26 steerMode=0/-65 iSteer=18411 driveMode=-51563/-53428 iDrive=-203689 scale=0 wheel=-150000
2026-07-07T14:48:05.421+00:00 VCP run=1 step=0 angle=315000 target=315352 err=352 steer=0 m1=-1057/-51563 i1=-173 t1=27 m2=1033/51563 i2=208 t2=26 steerMode=0/-39 iSteer=17370 driveMode=-51563/-55090 iDrive=-190325 scale=0 wheel=-150000
2026-07-07T14:48:05.434+00:00 CAN id=101 dlc=8 data=d8cf040010b6fdff
2026-07-07T14:48:05.454+00:00 CAN id=101 dlc=8 data=d8cf040010b6fdff
2026-07-07T14:48:05.474+00:00 CAN id=101 dlc=8 data=d8cf040010b6fdff
2026-07-07T14:48:05.494+00:00 CAN id=101 dlc=8 data=d8cf040010b6fdff
2026-07-07T14:48:05.514+00:00 CAN id=101 dlc=8 data=d8cf040010b6fdff
2026-07-07T14:48:05.525+00:00 VCP run=1 step=0 angle=315088 target=315352 err=264 steer=0 m1=-1018/-51563 i1=-140 t1=27 m2=1004/51563 i2=233 t2=26 steerMode=0/-600 iSteer=46520 driveMode=-51563/-54443 iDrive=-186961 scale=0 wheel=-150000
2026-07-07T14:48:05.534+00:00 CAN id=101 dlc=8 data=d8cf040010b6fdff
2026-07-07T14:48:05.554+00:00 CAN id=101 dlc=8 data=d8cf040010b6fdff
2026-07-07T14:48:05.574+00:00 CAN id=101 dlc=8 data=d8cf040010b6fdff
2026-07-07T14:48:05.594+00:00 CAN id=101 dlc=8 data=d8cf040010b6fdff
2026-07-07T14:48:05.614+00:00 CAN id=101 dlc=8 data=d8cf040010b6fdff
2026-07-07T14:48:05.630+00:00 VCP run=1 step=0 angle=314736 target=315352 err=616 steer=308 m1=-976/-49869 i1=-105 t1=27 m2=970/53256 i2=286 t2=26 steerMode=1693/262 iSteer=90299 driveMode=-51563/-52061 iDrive=-195640 scale=0 wheel=-150000
2026-07-07T14:48:05.634+00:00 CAN id=101 dlc=8 data=d8cf040010b6fdff
2026-07-07T14:48:05.654+00:00 CAN id=101 dlc=8 data=d8cf040010b6fdff
2026-07-07T14:48:05.674+00:00 CAN id=101 dlc=8 data=d8cf040010b6fdff
2026-07-07T14:48:05.694+00:00 CAN id=101 dlc=8 data=d8cf040010b6fdff
2026-07-07T14:48:05.714+00:00 CAN id=101 dlc=8 data=d8cf040010b6fdff
2026-07-07T14:48:05.731+00:00 VCP run=1 step=0 angle=314912 target=315352 err=440 steer=0 m1=-978/-51563 i1=-182 t1=27 m2=924/51563 i2=217 t2=26 steerMode=0/-12 iSteer=17628 driveMode=-51563/-51247 iDrive=-199754 scale=0 wheel=-150000
2026-07-07T14:48:05.732+00:00 VCP SET_TARGET_RX steer=315352 wheel=-150000
2026-07-07T14:48:05.734+00:00 CAN id=101 dlc=8 data=d8cf040010b6fdff
2026-07-07T14:48:05.754+00:00 CAN id=101 dlc=8 data=d8cf040010b6fdff
2026-07-07T14:48:05.774+00:00 CAN id=101 dlc=8 data=d8cf040010b6fdff
2026-07-07T14:48:05.794+00:00 CAN id=101 dlc=8 data=d8cf040010b6fdff
2026-07-07T14:48:05.814+00:00 CAN id=101 dlc=8 data=d8cf040010b6fdff
2026-07-07T14:48:05.834+00:00 CAN id=101 dlc=8 data=d8cf040010b6fdff
2026-07-07T14:48:05.854+00:00 CAN id=101 dlc=8 data=d8cf040010b6fdff
2026-07-07T14:48:05.874+00:00 CAN id=101 dlc=8 data=d8cf040010b6fdff
2026-07-07T14:48:05.894+00:00 CAN id=101 dlc=8 data=d8cf040010b6fdff
2026-07-07T14:48:05.914+00:00 CAN id=101 dlc=8 data=d8cf040010b6fdff
2026-07-07T14:48:05.918+00:00 VCP run=1 step=0 angle=314912 target=315352 err=440 steer=0 m1=-992/-51563 i1=-159 t1=27 m2=977/51563 i2=240 t2=26 steerMode=0/-446 iSteer=40374 driveMode=-51563/-51406 iDrive=-199345 scale=0 wheel=-150000
2026-07-07T14:48:05.918+00:00 VCP run=1 step=0 angle=315000 target=315352 err=352 steer=0 m1=-969/-51563 i1=-160 t1=27 m2=981/51563 i2=243 t2=26 steerMode=0/-447 iSteer=41497 driveMode=-51563/-51038 iDrive=-201642 scale=0 wheel=-150000
2026-07-07T14:48:05.934+00:00 CAN id=101 dlc=8 data=d8cf040010b6fdff
2026-07-07T14:48:05.954+00:00 CAN id=101 dlc=8 data=d8cf040010b6fdff
2026-07-07T14:48:05.974+00:00 CAN id=101 dlc=8 data=d8cf040010b6fdff
2026-07-07T14:48:05.994+00:00 CAN id=101 dlc=8 data=d8cf040010b6fdff
2026-07-07T14:48:06.014+00:00 CAN id=101 dlc=8 data=d8cf040010b6fdff
2026-07-07T14:48:06.022+00:00 VCP run=1 step=0 angle=314824 target=315352 err=528 steer=264 m1=-942/-50111 i1=-142 t1=27 m2=950/53014 i2=270 t2=26 steerMode=1451/588 iSteer=64321 driveMode=-51563/-50447 iDrive=-206051 scale=0 wheel=-150000
2026-07-07T14:48:06.034+00:00 CAN id=101 dlc=8 data=d8cf040010b6fdff
2026-07-07T14:48:06.054+00:00 CAN id=101 dlc=8 data=d8cf040010b6fdff
2026-07-07T14:48:06.074+00:00 CAN id=101 dlc=8 data=d8cf040010b6fdff
2026-07-07T14:48:06.094+00:00 CAN id=101 dlc=8 data=d8cf040010b6fdff
2026-07-07T14:48:06.114+00:00 CAN id=101 dlc=8 data=d8cf040010b6fdff
2026-07-07T14:48:06.126+00:00 VCP run=1 step=0 angle=315088 target=315352 err=264 steer=0 m1=-938/-51563 i1=-151 t1=27 m2=945/51563 i2=278 t2=26 steerMode=0/-856 iSteer=63547 driveMode=-51563/-49364 iDrive=-214640 scale=0 wheel=-150000
2026-07-07T14:48:06.134+00:00 CAN id=101 dlc=8 data=d8cf040010b6fdff
2026-07-07T14:48:06.154+00:00 CAN id=101 dlc=8 data=d8cf040010b6fdff
2026-07-07T14:48:06.174+00:00 CAN id=101 dlc=8 data=d8cf040010b6fdff
2026-07-07T14:48:06.194+00:00 CAN id=101 dlc=8 data=d8cf040010b6fdff
2026-07-07T14:48:06.214+00:00 CAN id=101 dlc=8 data=d8cf040010b6fdff
2026-07-07T14:48:06.228+00:00 VCP run=1 step=0 angle=315000 target=315352 err=352 steer=0 m1=-976/-51563 i1=-211 t1=27 m2=977/51563 i2=210 t2=26 steerMode=0/443 iSteer=-549 driveMode=-51563/-50849 iDrive=-210166 scale=0 wheel=-150000
2026-07-07T14:48:06.228+00:00 VCP SET_TARGET_RX steer=315352 wheel=-150000
2026-07-07T14:48:06.234+00:00 CAN id=101 dlc=8 data=d8cf040010b6fdff
2026-07-07T14:48:06.254+00:00 CAN id=101 dlc=8 data=d8cf040010b6fdff
2026-07-07T14:48:06.274+00:00 CAN id=101 dlc=8 data=d8cf040010b6fdff
2026-07-07T14:48:06.294+00:00 CAN id=101 dlc=8 data=d8cf040010b6fdff
2026-07-07T14:48:06.314+00:00 CAN id=101 dlc=8 data=d8cf040010b6fdff
2026-07-07T14:48:06.332+00:00 VCP run=1 step=0 angle=315264 target=315352 err=88 steer=0 m1=-1007/-51563 i1=-170 t1=27 m2=1012/51563 i2=228 t2=26 steerMode=0/-169 iSteer=29306 driveMode=-51563/-52951 iDrive=-198826 scale=0 wheel=-150000
2026-07-07T14:48:06.334+00:00 CAN id=101 dlc=8 data=d8cf040010b6fdff
2026-07-07T14:48:06.354+00:00 CAN id=101 dlc=8 data=d8cf040010b6fdff
2026-07-07T14:48:06.374+00:00 CAN id=101 dlc=8 data=d8cf040010b6fdff
2026-07-07T14:48:06.394+00:00 CAN id=101 dlc=8 data=d8cf040010b6fdff
2026-07-07T14:48:06.414+00:00 CAN id=101 dlc=8 data=d8cf040010b6fdff
2026-07-07T14:48:06.434+00:00 CAN id=101 dlc=8 data=d8cf040010b6fdff
2026-07-07T14:48:06.454+00:00 CAN id=101 dlc=8 data=d8cf040010b6fdff
2026-07-07T14:48:06.474+00:00 CAN id=101 dlc=8 data=d8cf040010b6fdff
2026-07-07T14:48:06.494+00:00 CAN id=101 dlc=8 data=d8cf040010b6fdff
2026-07-07T14:48:06.514+00:00 CAN id=101 dlc=8 data=d8cf040010b6fdff
2026-07-07T14:48:06.519+00:00 VCP run=1 step=0 angle=315264 target=315352 err=88 steer=0 m1=-1015/-51563 i1=-164 t1=27 m2=1014/51563 i2=215 t2=26 steerMode=0/-82 iSteer=25518 driveMode=-51563/-54105 iDrive=-189101 scale=0 wheel=-150000
2026-07-07T14:48:06.519+00:00 VCP run=1 step=0 angle=315264 target=315352 err=88 steer=0 m1=-1034/-51563 i1=-141 t1=27 m2=1008/51563 i2=230 t2=26 steerMode=0/-448 iSteer=44543 driveMode=-51563/-53869 iDrive=-185528 scale=0 wheel=-150000
2026-07-07T14:48:06.534+00:00 CAN id=101 dlc=8 data=d8cf040010b6fdff
2026-07-07T14:48:06.554+00:00 CAN id=101 dlc=8 data=d8cf040010b6fdff
2026-07-07T14:48:06.574+00:00 CAN id=101 dlc=8 data=d8cf040010b6fdff
2026-07-07T14:48:06.594+00:00 CAN id=101 dlc=8 data=d8cf040010b6fdff
2026-07-07T14:48:06.614+00:00 CAN id=101 dlc=8 data=d8cf040010b6fdff
2026-07-07T14:48:06.623+00:00 VCP run=1 step=0 angle=315264 target=315352 err=88 steer=0 m1=-1013/-51563 i1=-148 t1=27 m2=968/51563 i2=224 t2=26 steerMode=0/-301 iSteer=37768 driveMode=-51563/-53073 iDrive=-185806 scale=0 wheel=-150000
2026-07-07T14:48:06.634+00:00 CAN id=101 dlc=8 data=d8cf040010b6fdff
2026-07-07T14:48:06.654+00:00 CAN id=101 dlc=8 data=d8cf040010b6fdff
2026-07-07T14:48:06.674+00:00 CAN id=101 dlc=8 data=d8cf040010b6fdff
2026-07-07T14:48:06.694+00:00 CAN id=101 dlc=8 data=d8cf040010b6fdff
2026-07-07T14:48:06.714+00:00 CAN id=101 dlc=8 data=d8cf040010b6fdff
2026-07-07T14:48:06.725+00:00 VCP run=1 step=0 angle=315176 target=315352 err=176 steer=0 m1=-961/-51563 i1=-149 t1=27 m2=960/51563 i2=243 t2=26 steerMode=0/-447 iSteer=46669 driveMode=-51563/-50835 iDrive=-196066 scale=0 wheel=-150000
2026-07-07T14:48:06.725+00:00 VCP SET_TARGET_RX steer=315352 wheel=-150000
2026-07-07T14:48:06.734+00:00 CAN id=101 dlc=8 data=d8cf040010b6fdff
2026-07-07T14:48:06.754+00:00 CAN id=101 dlc=8 data=d8cf040010b6fdff
2026-07-07T14:48:06.774+00:00 CAN id=101 dlc=8 data=d8cf040010b6fdff
2026-07-07T14:48:06.794+00:00 CAN id=101 dlc=8 data=d8cf040010b6fdff
2026-07-07T14:48:06.814+00:00 CAN id=101 dlc=8 data=d8cf040010b6fdff
2026-07-07T14:48:06.829+00:00 VCP run=1 step=0 angle=314824 target=315352 err=528 steer=200 m1=-907/-50463 i1=-155 t1=27 m2=975/52663 i2=266 t2=26 steerMode=1100/481 iSteer=55419 driveMode=-51563/-48737 iDrive=-210653 scale=0 wheel=-150000
2026-07-07T14:48:06.834+00:00 CAN id=101 dlc=8 data=d8cf040010b6fdff
2026-07-07T14:48:06.854+00:00 CAN id=101 dlc=8 data=d8cf040010b6fdff
2026-07-07T14:48:06.874+00:00 CAN id=101 dlc=8 data=d8cf040010b6fdff
2026-07-07T14:48:06.894+00:00 CAN id=101 dlc=8 data=d8cf040010b6fdff
2026-07-07T14:48:06.914+00:00 CAN id=101 dlc=8 data=d8cf040010b6fdff
2026-07-07T14:48:06.933+00:00 VCP run=1 step=0 angle=314824 target=315352 err=528 steer=264 m1=-911/-50111 i1=-151 t1=27 m2=987/53014 i2=274 t2=26 steerMode=1451/709 iSteer=61778 driveMode=-51563/-49378 iDrive=-212342 scale=0 wheel=-150000
2026-07-07T14:48:06.934+00:00 CAN id=101 dlc=8 data=d8cf040010b6fdff
2026-07-07T14:48:06.954+00:00 CAN id=101 dlc=8 data=d8cf040010b6fdff
2026-07-07T14:48:06.974+00:00 CAN id=101 dlc=8 data=d8cf040010b6fdff
2026-07-07T14:48:06.994+00:00 CAN id=101 dlc=8 data=d8cf040010b6fdff
2026-07-07T14:48:07.014+00:00 CAN id=101 dlc=8 data=d8cf040010b6fdff
2026-07-07T14:48:07.034+00:00 CAN id=101 dlc=8 data=d8cf040010b6fdff
2026-07-07T14:48:07.054+00:00 CAN id=101 dlc=8 data=d8cf040010b6fdff
2026-07-07T14:48:07.074+00:00 CAN id=101 dlc=8 data=d8cf040010b6fdff
2026-07-07T14:48:07.094+00:00 CAN id=101 dlc=8 data=d8cf040010b6fdff
2026-07-07T14:48:07.114+00:00 CAN id=101 dlc=8 data=d8cf040010b6fdff
2026-07-07T14:48:07.120+00:00 VCP run=1 step=0 angle=315000 target=315352 err=352 steer=0 m1=-976/-51563 i1=-220 t1=27 m2=983/51563 i2=199 t2=26 steerMode=0/675 iSteer=-10514 driveMode=-51563/-50579 iDrive=-209290 scale=0 wheel=-150000
2026-07-07T14:48:07.120+00:00 VCP run=1 step=0 angle=315176 target=315352 err=176 steer=0 m1=-980/-51563 i1=-159 t1=27 m2=977/51563 i2=249 t2=26 steerMode=0/-414 iSteer=44680 driveMode=-51563/-51726 iDrive=-204001 scale=0 wheel=-150000
2026-07-07T14:48:07.134+00:00 CAN id=101 dlc=8 data=d8cf040010b6fdff
2026-07-07T14:48:07.154+00:00 CAN id=101 dlc=8 data=d8cf040010b6fdff
2026-07-07T14:48:07.174+00:00 CAN id=101 dlc=8 data=d8cf040010b6fdff
2026-07-07T14:48:07.194+00:00 CAN id=101 dlc=8 data=d8cf040010b6fdff
2026-07-07T14:48:07.214+00:00 CAN id=101 dlc=8 data=d8cf040010b6fdff
2026-07-07T14:48:07.222+00:00 VCP run=1 step=0 angle=315439 target=315352 err=-87 steer=0 m1=-980/-51563 i1=-148 t1=27 m2=950/51563 i2=259 t2=26 steerMode=0/-610 iSteer=55716 driveMode=-51563/-51710 iDrive=-203687 scale=0 wheel=-150000
2026-07-07T14:48:07.222+00:00 VCP SET_TARGET_RX steer=315352 wheel=-150000
2026-07-07T14:48:07.234+00:00 CAN id=101 dlc=8 data=d8cf040010b6fdff
2026-07-07T14:48:07.254+00:00 CAN id=101 dlc=8 data=d8cf040010b6fdff
2026-07-07T14:48:07.274+00:00 CAN id=101 dlc=8 data=d8cf040010b6fdff
2026-07-07T14:48:07.294+00:00 CAN id=101 dlc=8 data=d8cf040010b6fdff
2026-07-07T14:48:07.314+00:00 CAN id=101 dlc=8 data=d8cf040010b6fdff
2026-07-07T14:48:07.326+00:00 VCP run=1 step=0 angle=315439 target=315352 err=-87 steer=0 m1=-974/-51563 i1=-170 t1=27 m2=979/51563 i2=244 t2=26 steerMode=0/-206 iSteer=36936 driveMode=-51563/-51069 iDrive=-207296 scale=0 wheel=-150000
2026-07-07T14:48:07.334+00:00 CAN id=101 dlc=8 data=d8cf040010b6fdff
2026-07-07T14:48:07.354+00:00 CAN id=101 dlc=8 data=d8cf040010b6fdff
2026-07-07T14:48:07.374+00:00 CAN id=101 dlc=8 data=d8cf040010b6fdff
2026-07-07T14:48:07.394+00:00 CAN id=101 dlc=8 data=d8cf040010b6fdff
2026-07-07T14:48:07.414+00:00 CAN id=101 dlc=8 data=d8cf040010b6fdff
2026-07-07T14:48:07.430+00:00 VCP run=1 step=0 angle=315527 target=315352 err=-175 steer=0 m1=-974/-51563 i1=-187 t1=27 m2=968/51563 i2=225 t2=26 steerMode=0/149 iSteer=19011 driveMode=-51563/-51410 iDrive=-206485 scale=0 wheel=-150000
2026-07-07T14:48:07.434+00:00 CAN id=101 dlc=8 data=d8cf040010b6fdff
2026-07-07T14:48:07.454+00:00 CAN id=101 dlc=8 data=d8cf040010b6fdff
2026-07-07T14:48:07.474+00:00 CAN id=101 dlc=8 data=d8cf040010b6fdff
2026-07-07T14:48:07.494+00:00 CAN id=101 dlc=8 data=d8cf040010b6fdff
2026-07-07T14:48:07.514+00:00 CAN id=101 dlc=8 data=d8cf040010b6fdff
2026-07-07T14:48:07.534+00:00 CAN id=101 dlc=8 data=d8cf040010b6fdff
2026-07-07T14:48:07.554+00:00 CAN id=101 dlc=8 data=d8cf040010b6fdff
2026-07-07T14:48:07.574+00:00 CAN id=101 dlc=8 data=d8cf040010b6fdff
2026-07-07T14:48:07.594+00:00 CAN id=101 dlc=8 data=d8cf040010b6fdff
2026-07-07T14:48:07.614+00:00 CAN id=101 dlc=8 data=d8cf040010b6fdff
2026-07-07T14:48:07.617+00:00 VCP run=1 step=0 angle=315703 target=315352 err=-351 steer=0 m1=-997/-51563 i1=-176 t1=27 m2=993/51563 i2=229 t2=26 steerMode=0/10 iSteer=26577 driveMode=-51563/-52105 iDrive=-202723 scale=0 wheel=-150000
2026-07-07T14:48:07.617+00:00 VCP run=1 step=0 angle=315703 target=315352 err=-351 steer=0 m1=-1015/-51563 i1=-189 t1=27 m2=1035/51563 i2=201 t2=26 steerMode=0/410 iSteer=6000 driveMode=-51563/-53214 iDrive=-195227 scale=0 wheel=-150000
2026-07-07T14:48:07.634+00:00 CAN id=101 dlc=8 data=d8cf040010b6fdff
2026-07-07T14:48:07.654+00:00 CAN id=101 dlc=8 data=d8cf040010b6fdff
2026-07-07T14:48:07.674+00:00 CAN id=101 dlc=8 data=d8cf040010b6fdff
2026-07-07T14:48:07.694+00:00 CAN id=101 dlc=8 data=d8cf040010b6fdff
2026-07-07T14:48:07.714+00:00 CAN id=101 dlc=8 data=d8cf040010b6fdff
2026-07-07T14:48:07.719+00:00 VCP run=1 step=0 angle=315791 target=315352 err=-439 steer=0 m1=-1022/-51563 i1=-143 t1=27 m2=1014/51563 i2=238 t2=26 steerMode=0/-439 iSteer=47871 driveMode=-51563/-53449 iDrive=-190596 scale=0 wheel=-150000
2026-07-07T14:48:07.719+00:00 VCP SET_TARGET_RX steer=315352 wheel=-150000
2026-07-07T14:48:07.734+00:00 CAN id=101 dlc=8 data=d8cf040010b6fdff
2026-07-07T14:48:07.754+00:00 CAN id=101 dlc=8 data=d8cf040010b6fdff
2026-07-07T14:48:07.774+00:00 CAN id=101 dlc=8 data=d8cf040010b6fdff
2026-07-07T14:48:07.794+00:00 CAN id=101 dlc=8 data=d8cf040010b6fdff
2026-07-07T14:48:07.814+00:00 CAN id=101 dlc=8 data=d8cf040010b6fdff
2026-07-07T14:48:07.822+00:00 VCP run=1 step=0 angle=315879 target=315352 err=-527 steer=-263 m1=-1030/-53011 i1=-232 t1=27 m2=1025/50114 i2=140 t2=26 steerMode=-1449/-55 iSteer=-45742 driveMode=-51563/-53605 iDrive=-185960 scale=0 wheel=-150000
2026-07-07T14:48:07.834+00:00 CAN id=101 dlc=8 data=d8cf040010b6fdff
2026-07-07T14:48:07.854+00:00 CAN id=101 dlc=8 data=d8cf040010b6fdff
2026-07-07T14:48:07.874+00:00 CAN id=101 dlc=8 data=d8cf040010b6fdff
2026-07-07T14:48:07.894+00:00 CAN id=101 dlc=8 data=d8cf040010b6fdff
2026-07-07T14:48:07.914+00:00 CAN id=101 dlc=8 data=d8cf040010b6fdff
2026-07-07T14:48:07.927+00:00 VCP run=1 step=0 angle=315527 target=315352 err=-175 steer=0 m1=-967/-51563 i1=-131 t1=27 m2=964/51563 i2=259 t2=26 steerMode=0/-739 iSteer=63794 driveMode=-51563/-51410 iDrive=-195257 scale=0 wheel=-150000
2026-07-07T14:48:07.934+00:00 CAN id=101 dlc=8 data=d8cf040010b6fdff
2026-07-07T14:48:07.954+00:00 CAN id=101 dlc=8 data=d8cf040010b6fdff
2026-07-07T14:48:07.974+00:00 CAN id=101 dlc=8 data=d8cf040010b6fdff
2026-07-07T14:48:07.994+00:00 CAN id=101 dlc=8 data=d8cf040010b6fdff
2026-07-07T14:48:08.014+00:00 CAN id=101 dlc=8 data=d8cf040010b6fdff
2026-07-07T14:48:08.032+00:00 VCP run=1 step=0 angle=315352 target=315352 err=0 steer=0 m1=-930/-51563 i1=-200 t1=27 m2=996/51563 i2=202 t2=26 steerMode=0/508 iSteer=824 driveMode=-51563/-50496 iDrive=-201299 scale=0 wheel=-150000
2026-07-07T14:48:08.034+00:00 CAN id=101 dlc=8 data=d8cf040010b6fdff
2026-07-07T14:48:08.054+00:00 CAN id=101 dlc=8 data=d8cf040010b6fdff
2026-07-07T14:48:08.074+00:00 CAN id=101 dlc=8 data=d8cf040010b6fdff
2026-07-07T14:48:08.094+00:00 CAN id=101 dlc=8 data=d8cf040010b6fdff
2026-07-07T14:48:08.114+00:00 CAN id=101 dlc=8 data=d8cf040010b6fdff
2026-07-07T14:48:08.134+00:00 CAN id=101 dlc=8 data=d8cf040010b6fdff
2026-07-07T14:48:08.154+00:00 CAN id=101 dlc=8 data=d8cf040010b6fdff
2026-07-07T14:48:08.174+00:00 CAN id=101 dlc=8 data=d8cf040010b6fdff
2026-07-07T14:48:08.194+00:00 CAN id=101 dlc=8 data=d8cf040010b6fdff
2026-07-07T14:48:08.214+00:00 CAN id=101 dlc=8 data=d8cf040010b6fdff
2026-07-07T14:48:08.216+00:00 VCP run=1 step=0 angle=315352 target=315352 err=0 steer=0 m1=-971/-51563 i1=-167 t1=27 m2=904/51563 i2=241 t2=26 steerMode=0/-224 iSteer=37031 driveMode=-51563/-50360 iDrive=-203964 scale=0 wheel=-150000
2026-07-07T14:48:08.216+00:00 VCP run=1 step=0 angle=315352 target=315352 err=0 steer=0 m1=-948/-51563 i1=-189 t1=27 m2=935/51563 i2=224 t2=26 steerMode=0/162 iSteer=17499 driveMode=-51563/-50369 iDrive=-206288 scale=0 wheel=-150000
2026-07-07T14:48:08.234+00:00 CAN id=101 dlc=8 data=d8cf040010b6fdff
2026-07-07T14:48:08.254+00:00 CAN id=101 dlc=8 data=d8cf040010b6fdff
2026-07-07T14:48:08.274+00:00 CAN id=101 dlc=8 data=d8cf040010b6fdff
2026-07-07T14:48:08.294+00:00 CAN id=101 dlc=8 data=d8cf040010b6fdff
2026-07-07T14:48:08.314+00:00 CAN id=101 dlc=8 data=d8cf040010b6fdff
2026-07-07T14:48:08.320+00:00 VCP SET_TARGET_RX steer=315352 wheel=-150000
2026-07-07T14:48:08.320+00:00 VCP run=1 step=0 angle=315439 target=315352 err=-87 steer=0 m1=-963/-51563 i1=-164 t1=27 m2=964/51563 i2=249 t2=26 steerMode=0/-335 iSteer=42494 driveMode=-51563/-50721 iDrive=-206451 scale=0 wheel=-150000
2026-07-07T14:48:08.334+00:00 CAN id=101 dlc=8 data=d8cf040010b6fdff
2026-07-07T14:48:08.354+00:00 CAN id=101 dlc=8 data=d8cf040010b6fdff
2026-07-07T14:48:08.374+00:00 CAN id=101 dlc=8 data=d8cf040010b6fdff
2026-07-07T14:48:08.394+00:00 CAN id=101 dlc=8 data=d8cf040010b6fdff
2026-07-07T14:48:08.414+00:00 CAN id=101 dlc=8 data=d8cf040010b6fdff
2026-07-07T14:48:08.425+00:00 VCP run=1 step=0 angle=315439 target=315352 err=-87 steer=0 m1=-953/-51563 i1=-182 t1=27 m2=964/51563 i2=236 t2=26 steerMode=0/-9 iSteer=27114 driveMode=-51563/-50550 iDrive=-208891 scale=0 wheel=-150000
2026-07-07T14:48:08.434+00:00 CAN id=101 dlc=8 data=d8cf040010b6fdff
2026-07-07T14:48:08.454+00:00 CAN id=101 dlc=8 data=d8cf040010b6fdff
2026-07-07T14:48:08.474+00:00 CAN id=101 dlc=8 data=d8cf040010b6fdff
2026-07-07T14:48:08.494+00:00 CAN id=101 dlc=8 data=d8cf040010b6fdff
2026-07-07T14:48:08.514+00:00 CAN id=101 dlc=8 data=d8cf040010b6fdff
2026-07-07T14:48:08.529+00:00 VCP run=1 step=0 angle=315439 target=315352 err=-87 steer=0 m1=-976/-51563 i1=-185 t1=27 m2=985/51563 i2=227 t2=26 steerMode=0/115 iSteer=20886 driveMode=-51563/-51443 iDrive=-205755 scale=0 wheel=-150000
2026-07-07T14:48:08.534+00:00 CAN id=101 dlc=8 data=d8cf040010b6fdff
2026-07-07T14:48:08.554+00:00 CAN id=101 dlc=8 data=d8cf040010b6fdff
2026-07-07T14:48:08.574+00:00 CAN id=101 dlc=8 data=d8cf040010b6fdff
2026-07-07T14:48:08.594+00:00 CAN id=101 dlc=8 data=d8cf040010b6fdff
2026-07-07T14:48:08.614+00:00 CAN id=101 dlc=8 data=d8cf040010b6fdff
2026-07-07T14:48:08.634+00:00 CAN id=101 dlc=8 data=d8cf040010b6fdff
2026-07-07T14:48:08.634+00:00 VCP run=1 step=0 angle=315527 target=315352 err=-175 steer=0 m1=-1032/-51563 i1=-181 t1=27 m2=1002/51563 i2=207 t2=26 steerMode=0/261 iSteer=12693 driveMode=-51563/-53459 iDrive=-194028 scale=0 wheel=-150000
2026-07-07T14:48:08.654+00:00 CAN id=101 dlc=8 data=d8cf040010b6fdff
2026-07-07T14:48:08.674+00:00 CAN id=101 dlc=8 data=d8cf040010b6fdff
2026-07-07T14:48:08.694+00:00 CAN id=101 dlc=8 data=d8cf040010b6fdff
2026-07-07T14:48:08.714+00:00 CAN id=101 dlc=8 data=d8cf040010b6fdff
2026-07-07T14:48:08.734+00:00 CAN id=101 dlc=8 data=d8cf040010b6fdff
2026-07-07T14:48:08.735+00:00 VCP run=1 step=0 angle=315791 target=315352 err=-439 steer=0 m1=-1038/-51563 i1=-169 t1=27 m2=1035/51563 i2=201 t2=26 steerMode=0/180 iSteer=16041 driveMode=-51563/-54455 iDrive=-184647 scale=0 wheel=-150000
2026-07-07T14:48:08.735+00:00 VCP SET_TARGET_RX steer=315352 wheel=-150000
2026-07-07T14:48:08.754+00:00 CAN id=101 dlc=8 data=d8cf040010b6fdff
2026-07-07T14:48:08.774+00:00 CAN id=101 dlc=8 data=d8cf040010b6fdff
2026-07-07T14:48:08.794+00:00 CAN id=101 dlc=8 data=d8cf040010b6fdff
2026-07-07T14:48:08.814+00:00 CAN id=101 dlc=8 data=d8cf040010b6fdff
2026-07-07T14:48:08.834+00:00 CAN id=101 dlc=8 data=d8cf040010b6fdff
2026-07-07T14:48:08.854+00:00 CAN id=101 dlc=8 data=d8cf040010b6fdff
2026-07-07T14:48:08.874+00:00 CAN id=101 dlc=8 data=d8cf040010b6fdff
2026-07-07T14:48:08.894+00:00 CAN id=101 dlc=8 data=d8cf040010b6fdff
2026-07-07T14:48:08.914+00:00 CAN id=101 dlc=8 data=d8cf040010b6fdff
2026-07-07T14:48:08.920+00:00 VCP run=1 step=0 angle=315791 target=315352 err=-439 steer=-63 m1=-1064/-51911 i1=-109 t1=27 m2=991/51214 i2=249 t2=26 steerMode=-349/-1268 iSteer=69985 driveMode=-51563/-54464 iDrive=-178782 scale=0 wheel=-150000
2026-07-07T14:48:08.920+00:00 VCP run=1 step=0 angle=315703 target=315352 err=-351 steer=0 m1=-1009/-51563 i1=-170 t1=27 m2=1037/51563 i2=184 t2=26 steerMode=0/367 iSteer=7263 driveMode=-51563/-53860 iDrive=-177088 scale=0 wheel=-150000
2026-07-07T14:48:08.934+00:00 CAN id=101 dlc=8 data=d8cf040010b6fdff
2026-07-07T14:48:08.954+00:00 CAN id=101 dlc=8 data=d8cf040010b6fdff
2026-07-07T14:48:08.974+00:00 CAN id=101 dlc=8 data=d8cf040010b6fdff
2026-07-07T14:48:08.994+00:00 CAN id=101 dlc=8 data=d8cf040010b6fdff
2026-07-07T14:48:09.014+00:00 CAN id=101 dlc=8 data=d8cf040010b6fdff
2026-07-07T14:48:09.025+00:00 VCP run=1 step=0 angle=315703 target=315352 err=-351 steer=0 m1=-984/-51563 i1=-138 t1=27 m2=966/51563 i2=235 t2=26 steerMode=0/-455 iSteer=48427 driveMode=-51563/-51535 iDrive=-186289 scale=0 wheel=-150000
2026-07-07T14:48:09.034+00:00 CAN id=101 dlc=8 data=d8cf040010b6fdff
2026-07-07T14:48:09.054+00:00 CAN id=101 dlc=8 data=d8cf040010b6fdff
2026-07-07T14:48:09.074+00:00 CAN id=101 dlc=8 data=d8cf040010b6fdff
2026-07-07T14:48:09.094+00:00 CAN id=101 dlc=8 data=d8cf040010b6fdff
2026-07-07T14:48:09.114+00:00 CAN id=101 dlc=8 data=d8cf040010b6fdff
2026-07-07T14:48:09.129+00:00 VCP run=1 step=0 angle=315791 target=315352 err=-439 steer=0 m1=-913/-51563 i1=-182 t1=27 m2=933/51563 i2=220 t2=26 steerMode=0/143 iSteer=18971 driveMode=-51563/-49101 iDrive=-201151 scale=0 wheel=-150000
2026-07-07T14:48:09.134+00:00 CAN id=101 dlc=8 data=d8cf040010b6fdff
2026-07-07T14:48:09.154+00:00 CAN id=101 dlc=8 data=d8cf040010b6fdff
2026-07-07T14:48:09.174+00:00 CAN id=101 dlc=8 data=d8cf040010b6fdff
2026-07-07T14:48:09.194+00:00 CAN id=101 dlc=8 data=d8cf040010b6fdff
2026-07-07T14:48:09.214+00:00 CAN id=101 dlc=8 data=d8cf040010b6fdff
2026-07-07T14:48:09.231+00:00 VCP run=1 step=0 angle=315703 target=315352 err=-351 steer=0 m1=-900/-51563 i1=-190 t1=27 m2=924/51563 i2=227 t2=26 steerMode=0/136 iSteer=18578 driveMode=-51563/-48731 iDrive=-208167 scale=0 wheel=-150000
2026-07-07T14:48:09.231+00:00 VCP SET_TARGET_RX steer=315352 wheel=-150000
2026-07-07T14:48:09.234+00:00 CAN id=101 dlc=8 data=d8cf040010b6fdff
2026-07-07T14:48:09.254+00:00 CAN id=101 dlc=8 data=d8cf040010b6fdff
2026-07-07T14:48:09.274+00:00 CAN id=101 dlc=8 data=d8cf040010b6fdff
2026-07-07T14:48:09.294+00:00 CAN id=101 dlc=8 data=d8cf040010b6fdff
2026-07-07T14:48:09.314+00:00 CAN id=101 dlc=8 data=d8cf040010b6fdff
2026-07-07T14:48:09.334+00:00 CAN id=101 dlc=8 data=d8cf040010b6fdff
2026-07-07T14:48:09.354+00:00 CAN id=101 dlc=8 data=d8cf040010b6fdff
2026-07-07T14:48:09.374+00:00 CAN id=101 dlc=8 data=d8cf040010b6fdff
2026-07-07T14:48:09.394+00:00 CAN id=101 dlc=8 data=d8cf040010b6fdff
2026-07-07T14:48:09.414+00:00 CAN id=101 dlc=8 data=d8cf040010b6fdff
2026-07-07T14:48:09.417+00:00 VCP run=1 step=0 angle=315703 target=315352 err=-351 steer=0 m1=-930/-51563 i1=-179 t1=27 m2=872/51563 i2=248 t2=26 steerMode=0/-188 iSteer=34343 driveMode=-51563/-48743 iDrive=-213175 scale=0 wheel=-150000
2026-07-07T14:48:09.417+00:00 VCP run=1 step=0 angle=315703 target=315352 err=-351 steer=0 m1=-974/-51563 i1=-202 t1=27 m2=1008/51563 i2=213 t2=26 steerMode=0/374 iSteer=5330 driveMode=-51563/-50539 iDrive=-207529 scale=0 wheel=-150000
2026-07-07T14:48:09.434+00:00 CAN id=101 dlc=8 data=d8cf040010b6fdff
2026-07-07T14:48:09.454+00:00 CAN id=101 dlc=8 data=d8cf040010b6fdff
2026-07-07T14:48:09.474+00:00 CAN id=101 dlc=8 data=d8cf040010b6fdff
2026-07-07T14:48:09.494+00:00 CAN id=101 dlc=8 data=d8cf040010b6fdff
2026-07-07T14:48:09.514+00:00 CAN id=101 dlc=8 data=d8cf040010b6fdff
2026-07-07T14:48:09.522+00:00 VCP run=1 step=0 angle=315703 target=315352 err=-351 steer=0 m1=-976/-51563 i1=-149 t1=27 m2=970/51563 i2=260 t2=26 steerMode=0/-621 iSteer=55348 driveMode=-51563/-51343 iDrive=-204354 scale=0 wheel=-150000
2026-07-07T14:48:09.534+00:00 CAN id=101 dlc=8 data=d8cf040010b6fdff
2026-07-07T14:48:09.554+00:00 CAN id=101 dlc=8 data=d8cf040010b6fdff
2026-07-07T14:48:09.574+00:00 CAN id=101 dlc=8 data=d8cf040010b6fdff
2026-07-07T14:48:09.594+00:00 CAN id=101 dlc=8 data=d8cf040010b6fdff
2026-07-07T14:48:09.614+00:00 CAN id=101 dlc=8 data=d8cf040010b6fdff
2026-07-07T14:48:09.626+00:00 VCP run=1 step=0 angle=315791 target=315352 err=-439 steer=0 m1=-963/-51563 i1=-151 t1=27 m2=924/51563 i2=266 t2=26 steerMode=0/-627 iSteer=57508 driveMode=-51563/-50729 iDrive=-208166 scale=0 wheel=-150000
2026-07-07T14:48:09.634+00:00 CAN id=101 dlc=8 data=d8cf040010b6fdff
2026-07-07T14:48:09.654+00:00 CAN id=101 dlc=8 data=d8cf040010b6fdff
2026-07-07T14:48:09.674+00:00 CAN id=101 dlc=8 data=d8cf040010b6fdff
2026-07-07T14:48:09.694+00:00 CAN id=101 dlc=8 data=d8cf040010b6fdff
2026-07-07T14:48:09.714+00:00 CAN id=101 dlc=8 data=d8cf040010b6fdff
2026-07-07T14:48:09.728+00:00 VCP run=1 step=0 angle=315703 target=315352 err=-351 steer=0 m1=-969/-51563 i1=-125 t1=27 m2=918/51563 i2=299 t2=26 steerMode=0/-1228 iSteer=86956 driveMode=-51563/-50344 iDrive=-212166 scale=0 wheel=-150000
2026-07-07T14:48:09.728+00:00 VCP SET_TARGET_RX steer=315352 wheel=-150000
2026-07-07T14:48:09.734+00:00 CAN id=101 dlc=8 data=d8cf040010b6fdff
2026-07-07T14:48:09.754+00:00 CAN id=101 dlc=8 data=d8cf040010b6fdff
2026-07-07T14:48:09.774+00:00 CAN id=101 dlc=8 data=d8cf040010b6fdff
2026-07-07T14:48:09.794+00:00 CAN id=101 dlc=8 data=d8cf040010b6fdff
2026-07-07T14:48:09.814+00:00 CAN id=101 dlc=8 data=d8cf040010b6fdff
2026-07-07T14:48:09.832+00:00 VCP run=1 step=0 angle=315791 target=315352 err=-439 steer=0 m1=-986/-51563 i1=-198 t1=27 m2=975/51563 i2=215 t2=26 steerMode=0/352 iSteer=8465 driveMode=-51563/-51735 iDrive=-206314 scale=0 wheel=-150000
2026-07-07T14:48:09.834+00:00 CAN id=101 dlc=8 data=d8cf040010b6fdff
2026-07-07T14:48:09.854+00:00 CAN id=101 dlc=8 data=d8cf040010b6fdff
2026-07-07T14:48:09.874+00:00 CAN id=101 dlc=8 data=d8cf040010b6fdff
2026-07-07T14:48:09.894+00:00 CAN id=101 dlc=8 data=d8cf040010b6fdff
2026-07-07T14:48:09.914+00:00 CAN id=101 dlc=8 data=d8cf040010b6fdff
2026-07-07T14:48:09.934+00:00 CAN id=101 dlc=8 data=d8cf040010b6fdff
2026-07-07T14:48:09.954+00:00 CAN id=101 dlc=8 data=d8cf040010b6fdff
2026-07-07T14:48:09.974+00:00 CAN id=101 dlc=8 data=d8cf040010b6fdff
2026-07-07T14:48:09.994+00:00 CAN id=101 dlc=8 data=d8cf040010b6fdff
2026-07-07T14:48:10.014+00:00 CAN id=101 dlc=8 data=d8cf040010b6fdff
2026-07-07T14:48:10.018+00:00 VCP run=1 step=0 angle=315791 target=315352 err=-439 steer=-163 m1=-1057/-52461 i1=-160 t1=27 m2=1017/50664 i2=233 t2=26 steerMode=-899/-1153 iSteer=36330 driveMode=-51563/-53351 iDrive=-196266 scale=0 wheel=-150000
2026-07-07T14:48:10.018+00:00 VCP run=1 step=0 angle=315527 target=315352 err=-175 steer=0 m1=-1018/-51563 i1=-181 t1=27 m2=1037/51563 i2=201 t2=26 steerMode=0/310 iSteer=9987 driveMode=-51563/-53642 iDrive=-191119 scale=0 wheel=-150000
2026-07-07T14:48:10.034+00:00 CAN id=101 dlc=8 data=d8cf040010b6fdff
2026-07-07T14:48:10.054+00:00 CAN id=101 dlc=8 data=d8cf040010b6fdff
2026-07-07T14:48:10.074+00:00 CAN id=101 dlc=8 data=d8cf040010b6fdff
2026-07-07T14:48:10.094+00:00 CAN id=101 dlc=8 data=d8cf040010b6fdff
2026-07-07T14:48:10.114+00:00 CAN id=101 dlc=8 data=d8cf040010b6fdff
2026-07-07T14:48:10.122+00:00 VCP run=1 step=0 angle=315703 target=315352 err=-351 steer=0 m1=-1032/-51563 i1=-151 t1=27 m2=1000/51563 i2=224 t2=26 steerMode=0/-239 iSteer=36604 driveMode=-51563/-53589 iDrive=-187293 scale=0 wheel=-150000
2026-07-07T14:48:10.134+00:00 CAN id=101 dlc=8 data=d8cf040010b6fdff
2026-07-07T14:48:10.154+00:00 CAN id=101 dlc=8 data=d8cf040010b6fdff
2026-07-07T14:48:10.174+00:00 CAN id=101 dlc=8 data=d8cf040010b6fdff
2026-07-07T14:48:10.194+00:00 CAN id=101 dlc=8 data=d8cf040010b6fdff
2026-07-07T14:48:10.214+00:00 BENCH disable sent
2026-07-07T14:48:10.214+00:00 CAN id=121 dlc=2 data=0100
2026-07-07T14:48:10.214+00:00 CAN id=121 dlc=2 data=0100
2026-07-07T14:48:10.323+00:00 VCP run=1 step=0 angle=315615 target=315352 err=-263 steer=0 m1=-982/-51563 i1=-163 t1=27 m2=1000/51563 i2=224 t2=26 steerMode=0/-88 iSteer=30338 driveMode=-51563/-51886 iDrive=-193520 scale=0 wheel=-150000
2026-07-07T14:48:10.323+00:00 VCP UNIT_CTRL enable=0
2026-07-07T14:48:10.323+00:00 VCP UNIT_CTRL enable=0
2026-07-07T14:48:10.323+00:00 VCP STOP: disabled
2026-07-07T14:48:10.615+00:00 BENCH log closed
