2026-07-07T14:47:33.869+00:00 BENCH log opened: firmware/logs/friction-id-v2-rpm300.log
2026-07-07T14:47:33.869+00:00 BENCH run: steer=315.352deg (315352mdeg) wheel=300.0rpm (300000milli-rpm) rate=50.0Hz duration=8.0s
2026-07-07T14:47:33.869+00:00 BENCH enable sent
2026-07-07T14:47:33.869+00:00 CAN id=121 dlc=2 data=0101
2026-07-07T14:47:33.870+00:00 CAN id=101 dlc=8 data=d8cf0400e0930400
2026-07-07T14:47:33.889+00:00 CAN id=101 dlc=8 data=d8cf0400e0930400
2026-07-07T14:47:33.893+00:00 VCP SET_TARGET_RX steer=315352 wheel=300000
2026-07-07T14:47:33.894+00:00 VCP START_CAN: angle=321943 target=315352 wheelTarget=300000
2026-07-07T14:47:33.910+00:00 CAN id=101 dlc=8 data=d8cf0400e0930400
2026-07-07T14:47:33.930+00:00 CAN id=101 dlc=8 data=d8cf0400e0930400
2026-07-07T14:47:33.950+00:00 CAN id=101 dlc=8 data=d8cf0400e0930400
2026-07-07T14:47:33.970+00:00 CAN id=101 dlc=8 data=d8cf0400e0930400
2026-07-07T14:47:33.989+00:00 CAN id=101 dlc=8 data=d8cf0400e0930400
2026-07-07T14:47:34.010+00:00 CAN id=101 dlc=8 data=d8cf0400e0930400
2026-07-07T14:47:34.029+00:00 CAN id=101 dlc=8 data=d8cf0400e0930400
2026-07-07T14:47:34.049+00:00 CAN id=101 dlc=8 data=d8cf0400e0930400
2026-07-07T14:47:34.070+00:00 CAN id=101 dlc=8 data=d8cf0400e0930400
2026-07-07T14:47:34.076+00:00 VCP run=1 step=0 angle=321943 target=315352 err=-6591 steer=-250 m1=0/-1031 i1=-67 t1=27 m2=0/-1719 i2=-71 t2=27 steerMode=-1375/0 iSteer=-68956 driveMode=344/0 iDrive=1753 scale=0 wheel=1000
2026-07-07T14:47:34.076+00:00 VCP run=1 step=0 angle=321943 target=315352 err=-6591 steer=-3296 m1=-51/-11664 i1=-847 t1=27 m2=-70/-24589 i2=-922 t2=27 steerMode=-18126/-1091 iSteer=-884689 driveMode=6462/179 iDrive=37379 scale=0 wheel=18800
2026-07-07T14:47:34.089+00:00 CAN id=101 dlc=8 data=d8cf0400e0930400
2026-07-07T14:47:34.110+00:00 CAN id=101 dlc=8 data=d8cf0400e0930400
2026-07-07T14:47:34.130+00:00 CAN id=101 dlc=8 data=d8cf0400e0930400
2026-07-07T14:47:34.150+00:00 CAN id=101 dlc=8 data=d8cf0400e0930400
2026-07-07T14:47:34.170+00:00 CAN id=101 dlc=8 data=d8cf0400e0930400
2026-07-07T14:47:34.180+00:00 VCP run=1 step=0 angle=317373 target=315352 err=-2021 steer=-1011 m1=-126/7230 i1=398 t1=27 m2=-172/-18345 i2=224 t2=27 steerMode=-5558/-12501 iSteer=311140 driveMode=12788/43 iDrive=87354 scale=0 wheel=37200
2026-07-07T14:47:34.189+00:00 CAN id=101 dlc=8 data=d8cf0400e0930400
2026-07-07T14:47:34.210+00:00 CAN id=101 dlc=8 data=d8cf0400e0930400
2026-07-07T14:47:34.230+00:00 CAN id=101 dlc=8 data=d8cf0400e0930400
2026-07-07T14:47:34.250+00:00 CAN id=101 dlc=8 data=d8cf0400e0930400
2026-07-07T14:47:34.270+00:00 CAN id=101 dlc=8 data=d8cf0400e0930400
2026-07-07T14:47:34.284+00:00 VCP run=1 step=0 angle=316758 target=315352 err=-1406 steer=-703 m1=25/15315 i1=-127 t1=27 m2=0/-23047 i2=-410 t2=27 steerMode=-3866/756 iSteer=-268969 driveMode=19181/1154 iDrive=141485 scale=0 wheel=55800
2026-07-07T14:47:34.289+00:00 CAN id=101 dlc=8 data=d8cf0400e0930400
2026-07-07T14:47:34.310+00:00 CAN id=101 dlc=8 data=d8cf0400e0930400
2026-07-07T14:47:34.329+00:00 CAN id=101 dlc=8 data=d8cf0400e0930400
2026-07-07T14:47:34.350+00:00 CAN id=101 dlc=8 data=d8cf0400e0930400
2026-07-07T14:47:34.370+00:00 CAN id=101 dlc=8 data=d8cf0400e0930400
2026-07-07T14:47:34.386+00:00 VCP run=1 step=0 angle=316758 target=315352 err=-1406 steer=-703 m1=0/21709 i1=-21 t1=27 m2=0/-29441 i2=-462 t2=27 steerMode=-3866/-10 iSteer=-241746 driveMode=25575/-5 iDrive=220641 scale=0 wheel=74400
2026-07-07T14:47:34.386+00:00 VCP SET_TARGET_RX steer=315352 wheel=300000
2026-07-07T14:47:34.389+00:00 CAN id=101 dlc=8 data=d8cf0400e0930400
2026-07-07T14:47:34.410+00:00 CAN id=101 dlc=8 data=d8cf0400e0930400
2026-07-07T14:47:34.429+00:00 CAN id=101 dlc=8 data=d8cf0400e0930400
2026-07-07T14:47:34.450+00:00 CAN id=101 dlc=8 data=d8cf0400e0930400
2026-07-07T14:47:34.469+00:00 CAN id=101 dlc=8 data=d8cf0400e0930400
2026-07-07T14:47:34.489+00:00 CAN id=101 dlc=8 data=d8cf0400e0930400
2026-07-07T14:47:34.490+00:00 VCP run=1 step=0 angle=316758 target=315352 err=-1406 steer=-703 m1=0/28103 i1=55 t1=27 m2=0/-35835 i2=-558 t2=27 steerMode=-3866/-29 iSteer=-251567 driveMode=31969/29 iDrive=306080 scale=0 wheel=93000
2026-07-07T14:47:34.510+00:00 CAN id=101 dlc=8 data=d8cf0400e0930400
2026-07-07T14:47:34.530+00:00 CAN id=101 dlc=8 data=d8cf0400e0930400
2026-07-07T14:47:34.550+00:00 CAN id=101 dlc=8 data=d8cf0400e0930400
2026-07-07T14:47:34.569+00:00 CAN id=101 dlc=8 data=d8cf0400e0930400
2026-07-07T14:47:34.589+00:00 CAN id=101 dlc=8 data=d8cf0400e0930400
2026-07-07T14:47:34.610+00:00 CAN id=101 dlc=8 data=d8cf0400e0930400
2026-07-07T14:47:34.629+00:00 CAN id=101 dlc=8 data=d8cf0400e0930400
2026-07-07T14:47:34.650+00:00 CAN id=101 dlc=8 data=d8cf0400e0930400
2026-07-07T14:47:34.670+00:00 CAN id=101 dlc=8 data=d8cf0400e0930400
2026-07-07T14:47:34.678+00:00 VCP run=1 step=0 angle=316758 target=315352 err=-1406 steer=-703 m1=0/34496 i1=140 t1=27 m2=0/-42228 i2=-667 t2=27 steerMode=-3866/2 iSteer=-263858 driveMode=38362/13 iDrive=403623 scale=0 wheel=111599
2026-07-07T14:47:34.678+00:00 VCP run=1 step=0 angle=316758 target=315352 err=-1406 steer=-703 m1=16/40890 i1=232 t1=27 m2=0/-48622 i2=-792 t2=27 steerMode=-3866/112 iSteer=-280187 driveMode=44756/177 iDrive=512124 scale=0 wheel=130199
2026-07-07T14:47:34.689+00:00 CAN id=101 dlc=8 data=d8cf0400e0930400
2026-07-07T14:47:34.709+00:00 CAN id=101 dlc=8 data=d8cf0400e0930400
2026-07-07T14:47:34.729+00:00 CAN id=101 dlc=8 data=d8cf0400e0930400
2026-07-07T14:47:34.749+00:00 CAN id=101 dlc=8 data=d8cf0400e0930400
2026-07-07T14:47:34.770+00:00 CAN id=101 dlc=8 data=d8cf0400e0930400
2026-07-07T14:47:34.782+00:00 VCP run=1 step=0 angle=316670 target=315352 err=-1318 steer=-659 m1=0/47525 i1=370 t1=27 m2=-21/-54774 i2=-896 t2=27 steerMode=-3624/-204 iSteer=-262979 driveMode=51150/202 iDrive=633104 scale=0 wheel=148799
2026-07-07T14:47:34.789+00:00 CAN id=101 dlc=8 data=d8cf0400e0930400
2026-07-07T14:47:34.809+00:00 CAN id=101 dlc=8 data=d8cf0400e0930400
2026-07-07T14:47:34.829+00:00 CAN id=101 dlc=8 data=d8cf0400e0930400
2026-07-07T14:47:34.850+00:00 CAN id=101 dlc=8 data=d8cf0400e0930400
2026-07-07T14:47:34.870+00:00 CAN id=101 dlc=8 data=d8cf0400e0930400
2026-07-07T14:47:34.883+00:00 VCP run=1 step=0 angle=313418 target=315352 err=1934 steer=967 m1=171/62862 i1=1287 t1=27 m2=-367/-52225 i2=-120 t2=27 steerMode=5319/-7903 iSteer=583385 driveMode=57543/10629 iDrive=703853 scale=0 wheel=167399
2026-07-07T14:47:34.883+00:00 VCP SET_TARGET_RX steer=315352 wheel=300000
2026-07-07T14:47:34.889+00:00 CAN id=101 dlc=8 data=d8cf0400e0930400
2026-07-07T14:47:34.909+00:00 CAN id=101 dlc=8 data=d8cf0400e0930400
2026-07-07T14:47:34.930+00:00 CAN id=101 dlc=8 data=d8cf0400e0930400
2026-07-07T14:47:34.949+00:00 CAN id=101 dlc=8 data=d8cf0400e0930400
2026-07-07T14:47:34.969+00:00 CAN id=101 dlc=8 data=d8cf0400e0930400
2026-07-07T14:47:34.987+00:00 VCP run=1 step=0 angle=314824 target=315352 err=528 steer=264 m1=845/65320 i1=445 t1=27 m2=-764/-62417 i2=-895 t2=27 steerMode=1451/4500 iSteer=-225044 driveMode=63868/37256 iDrive=669956 scale=0 wheel=185799
2026-07-07T14:47:34.989+00:00 CAN id=101 dlc=8 data=d8cf0400e0930400
2026-07-07T14:47:35.010+00:00 CAN id=101 dlc=8 data=d8cf0400e0930400
2026-07-07T14:47:35.030+00:00 CAN id=101 dlc=8 data=d8cf0400e0930400
2026-07-07T14:47:35.050+00:00 CAN id=101 dlc=8 data=d8cf0400e0930400
2026-07-07T14:47:35.070+00:00 CAN id=101 dlc=8 data=d8cf0400e0930400
2026-07-07T14:47:35.089+00:00 CAN id=101 dlc=8 data=d8cf0400e0930400
2026-07-07T14:47:35.091+00:00 VCP run=1 step=0 angle=314648 target=315352 err=704 steer=352 m1=1263/72197 i1=713 t1=27 m2=-1363/-68327 i2=-487 t2=27 steerMode=1935/-1747 iSteer=113266 driveMode=70262/63653 iDrive=599846 scale=0 wheel=204398
2026-07-07T14:47:35.110+00:00 CAN id=101 dlc=8 data=d8cf0400e0930400
2026-07-07T14:47:35.129+00:00 CAN id=101 dlc=8 data=d8cf0400e0930400
2026-07-07T14:47:35.150+00:00 CAN id=101 dlc=8 data=d8cf0400e0930400
2026-07-07T14:47:35.169+00:00 CAN id=101 dlc=8 data=d8cf0400e0930400
2026-07-07T14:47:35.189+00:00 CAN id=101 dlc=8 data=d8cf0400e0930400
2026-07-07T14:47:35.210+00:00 CAN id=101 dlc=8 data=d8cf0400e0930400
2026-07-07T14:47:35.230+00:00 CAN id=101 dlc=8 data=d8cf0400e0930400
2026-07-07T14:47:35.250+00:00 CAN id=101 dlc=8 data=d8cf0400e0930400
2026-07-07T14:47:35.269+00:00 CAN id=101 dlc=8 data=d8cf0400e0930400
2026-07-07T14:47:35.278+00:00 VCP run=1 step=0 angle=314912 target=315352 err=440 steer=0 m1=1715/76587 i1=380 t1=27 m2=-1668/-76587 i2=-663 t2=27 steerMode=0/1458 iSteer=-141342 driveMode=76587/85057 iDrive=521175 scale=0 wheel=222798
2026-07-07T14:47:35.278+00:00 VCP run=1 step=0 angle=314912 target=315352 err=440 steer=0 m1=1956/82980 i1=417 t1=27 m2=-1963/-82980 i2=-474 t2=27 steerMode=0/-790 iSteer=-28550 driveMode=82980/101394 iDrive=445572 scale=0 wheel=241398
2026-07-07T14:47:35.289+00:00 CAN id=101 dlc=8 data=d8cf0400e0930400
2026-07-07T14:47:35.309+00:00 CAN id=101 dlc=8 data=d8cf0400e0930400
2026-07-07T14:47:35.329+00:00 CAN id=101 dlc=8 data=d8cf0400e0930400
2026-07-07T14:47:35.349+00:00 CAN id=101 dlc=8 data=d8cf0400e0930400
2026-07-07T14:47:35.370+00:00 CAN id=101 dlc=8 data=d8cf0400e0930400
2026-07-07T14:47:35.379+00:00 VCP run=1 step=0 angle=314824 target=315352 err=528 steer=264 m1=2230/90826 i1=394 t1=27 m2=-2244/-87923 i2=-337 t2=27 steerMode=1451/-407 iSteer=28177 driveMode=89374/115455 iDrive=365454 scale=0 wheel=259998
2026-07-07T14:47:35.379+00:00 VCP SET_TARGET_RX steer=315352 wheel=300000
2026-07-07T14:47:35.389+00:00 CAN id=101 dlc=8 data=d8cf0400e0930400
2026-07-07T14:47:35.409+00:00 CAN id=101 dlc=8 data=d8cf0400e0930400
2026-07-07T14:47:35.430+00:00 CAN id=101 dlc=8 data=d8cf0400e0930400
2026-07-07T14:47:35.450+00:00 CAN id=101 dlc=8 data=d8cf0400e0930400
2026-07-07T14:47:35.469+00:00 CAN id=101 dlc=8 data=d8cf0400e0930400
2026-07-07T14:47:35.483+00:00 VCP run=1 step=0 angle=314912 target=315352 err=440 steer=0 m1=2375/95768 i1=199 t1=27 m2=-2359/-95768 i2=-402 t2=27 steerMode=0/739 iSteer=-101468 driveMode=95768/124401 iDrive=300819 scale=0 wheel=278599
2026-07-07T14:47:35.489+00:00 CAN id=101 dlc=8 data=d8cf0400e0930400
2026-07-07T14:47:35.509+00:00 CAN id=101 dlc=8 data=d8cf0400e0930400
2026-07-07T14:47:35.529+00:00 CAN id=101 dlc=8 data=d8cf0400e0930400
2026-07-07T14:47:35.550+00:00 CAN id=101 dlc=8 data=d8cf0400e0930400
2026-07-07T14:47:35.570+00:00 CAN id=101 dlc=8 data=d8cf0400e0930400
2026-07-07T14:47:35.587+00:00 VCP run=1 step=0 angle=314824 target=315352 err=528 steer=264 m1=2486/103614 i1=239 t1=27 m2=-2447/-100711 i2=-276 t2=27 steerMode=1451/582 iSteer=-18448 driveMode=102162/128981 iDrive=257738 scale=0 wheel=297200
2026-07-07T14:47:35.589+00:00 CAN id=101 dlc=8 data=d8cf0400e0930400
2026-07-07T14:47:35.609+00:00 CAN id=101 dlc=8 data=d8cf0400e0930400
2026-07-07T14:47:35.629+00:00 CAN id=101 dlc=8 data=d8cf0400e0930400
2026-07-07T14:47:35.649+00:00 CAN id=101 dlc=8 data=d8cf0400e0930400
2026-07-07T14:47:35.669+00:00 CAN id=101 dlc=8 data=d8cf0400e0930400
2026-07-07T14:47:35.689+00:00 CAN id=101 dlc=8 data=d8cf0400e0930400
2026-07-07T14:47:35.691+00:00 VCP run=1 step=0 angle=315176 target=315352 err=176 steer=0 m1=2467/103125 i1=167 t1=27 m2=-2466/-103125 i2=-246 t2=27 steerMode=0/-461 iSteer=-39761 driveMode=103125/130348 iDrive=206328 scale=0 wheel=300000
2026-07-07T14:47:35.691+00:00 VCP run=1 step=0 angle=315176 target=315352 err=176 steer=0 m1=2425/103125 i1=137 t1=27 m2=-2466/-103125 i2=-192 t2=27 steerMode=0/-703 iSteer=-27238 driveMode=103125/128858 iDrive=164684 scale=0 wheel=300000
2026-07-07T14:47:35.709+00:00 CAN id=101 dlc=8 data=d8cf0400e0930400
2026-07-07T14:47:35.729+00:00 CAN id=101 dlc=8 data=d8cf0400e0930400
2026-07-07T14:47:35.750+00:00 CAN id=101 dlc=8 data=d8cf0400e0930400
2026-07-07T14:47:35.770+00:00 CAN id=101 dlc=8 data=d8cf0400e0930400
2026-07-07T14:47:35.789+00:00 CAN id=101 dlc=8 data=d8cf0400e0930400
2026-07-07T14:47:35.809+00:00 CAN id=101 dlc=8 data=d8cf0400e0930400
2026-07-07T14:47:35.829+00:00 CAN id=101 dlc=8 data=d8cf0400e0930400
2026-07-07T14:47:35.850+00:00 CAN id=101 dlc=8 data=d8cf0400e0930400
2026-07-07T14:47:35.869+00:00 CAN id=101 dlc=8 data=d8cf0400e0930400
2026-07-07T14:47:35.874+00:00 VCP run=1 step=0 angle=314561 target=315352 err=791 steer=396 m1=2404/105302 i1=180 t1=27 m2=-2374/-100948 i2=-74 t2=27 steerMode=2177/-63 iSteer=53107 driveMode=103125/127053 iDrive=127237 scale=0 wheel=300000
2026-07-07T14:47:35.874+00:00 VCP SET_TARGET_RX steer=315352 wheel=300000
2026-07-07T14:47:35.889+00:00 CAN id=101 dlc=8 data=d8cf0400e0930400
2026-07-07T14:47:35.909+00:00 CAN id=101 dlc=8 data=d8cf0400e0930400
2026-07-07T14:47:35.929+00:00 CAN id=101 dlc=8 data=d8cf0400e0930400
2026-07-07T14:47:35.949+00:00 CAN id=101 dlc=8 data=d8cf0400e0930400
2026-07-07T14:47:35.969+00:00 CAN id=101 dlc=8 data=d8cf0400e0930400
2026-07-07T14:47:35.978+00:00 VCP run=1 step=0 angle=315176 target=315352 err=176 steer=0 m1=2289/103125 i1=3 t1=27 m2=-2252/-103125 i2=-230 t2=27 steerMode=0/1046 iSteer=-113075 driveMode=103125/121387 iDrive=116442 scale=0 wheel=300000
2026-07-07T14:47:35.989+00:00 CAN id=101 dlc=8 data=d8cf0400e0930400
2026-07-07T14:47:36.009+00:00 CAN id=101 dlc=8 data=d8cf0400e0930400
2026-07-07T14:47:36.029+00:00 CAN id=101 dlc=8 data=d8cf0400e0930400
2026-07-07T14:47:36.049+00:00 CAN id=101 dlc=8 data=d8cf0400e0930400
2026-07-07T14:47:36.070+00:00 CAN id=101 dlc=8 data=d8cf0400e0930400
2026-07-07T14:47:36.082+00:00 VCP run=1 step=0 angle=314824 target=315352 err=528 steer=50 m1=2165/103400 i1=96 t1=27 m2=-2171/-102850 i2=-140 t2=27 steerMode=275/-476 iSteer=-22062 driveMode=103125/115361 iDrive=118388 scale=0 wheel=300000
2026-07-07T14:47:36.089+00:00 CAN id=101 dlc=8 data=d8cf0400e0930400
2026-07-07T14:47:36.109+00:00 CAN id=101 dlc=8 data=d8cf0400e0930400
2026-07-07T14:47:36.129+00:00 CAN id=101 dlc=8 data=d8cf0400e0930400
2026-07-07T14:47:36.149+00:00 CAN id=101 dlc=8 data=d8cf0400e0930400
2026-07-07T14:47:36.169+00:00 CAN id=101 dlc=8 data=d8cf0400e0930400
2026-07-07T14:47:36.187+00:00 VCP run=1 step=0 angle=315000 target=315352 err=352 steer=0 m1=2067/103125 i1=67 t1=27 m2=-2043/-103125 i2=-196 t2=27 steerMode=0/117 iSteer=-64754 driveMode=103125/109307 iDrive=131583 scale=0 wheel=300000
2026-07-07T14:47:36.189+00:00 CAN id=101 dlc=8 data=d8cf0400e0930400
2026-07-07T14:47:36.209+00:00 CAN id=101 dlc=8 data=d8cf0400e0930400
2026-07-07T14:47:36.229+00:00 CAN id=101 dlc=8 data=d8cf0400e0930400
2026-07-07T14:47:36.250+00:00 CAN id=101 dlc=8 data=d8cf0400e0930400
2026-07-07T14:47:36.270+00:00 CAN id=101 dlc=8 data=d8cf0400e0930400
2026-07-07T14:47:36.289+00:00 CAN id=101 dlc=8 data=d8cf0400e0930400
2026-07-07T14:47:36.309+00:00 CAN id=101 dlc=8 data=d8cf0400e0930400
2026-07-07T14:47:36.329+00:00 CAN id=101 dlc=8 data=d8cf0400e0930400
2026-07-07T14:47:36.349+00:00 CAN id=101 dlc=8 data=d8cf0400e0930400
2026-07-07T14:47:36.370+00:00 CAN id=101 dlc=8 data=d8cf0400e0930400
2026-07-07T14:47:36.370+00:00 VCP run=1 step=0 angle=315088 target=315352 err=264 steer=0 m1=1979/103125 i1=51 t1=27 m2=-1959/-103125 i2=-247 t2=27 steerMode=0/817 iSteer=-98189 driveMode=103125/104470 iDrive=149152 scale=0 wheel=300000
2026-07-07T14:47:36.370+00:00 VCP run=1 step=0 angle=315000 target=315352 err=352 steer=0 m1=1927/103125 i1=140 t1=27 m2=-1922/-103125 i2=-182 t2=27 steerMode=0/-701 iSteer=-20985 driveMode=103125/102039 iDrive=161189 scale=0 wheel=300000
2026-07-07T14:47:36.389+00:00 CAN id=101 dlc=8 data=d8cf0400e0930400
2026-07-07T14:47:36.409+00:00 CAN id=101 dlc=8 data=d8cf0400e0930400
2026-07-07T14:47:36.429+00:00 CAN id=101 dlc=8 data=d8cf0400e0930400
2026-07-07T14:47:36.449+00:00 CAN id=101 dlc=8 data=d8cf0400e0930400
2026-07-07T14:47:36.469+00:00 CAN id=101 dlc=8 data=d8cf0400e0930400
2026-07-07T14:47:36.474+00:00 VCP SET_TARGET_RX steer=315352 wheel=300000
2026-07-07T14:47:36.474+00:00 VCP run=1 step=0 angle=314736 target=315352 err=616 steer=308 m1=1898/104818 i1=169 t1=27 m2=-1863/-101432 i2=-186 t2=27 steerMode=1693/781 iSteer=-8604 driveMode=103125/99657 iDrive=177291 scale=0 wheel=300000
2026-07-07T14:47:36.489+00:00 CAN id=101 dlc=8 data=d8cf0400e0930400
2026-07-07T14:47:36.509+00:00 CAN id=101 dlc=8 data=d8cf0400e0930400
2026-07-07T14:47:36.529+00:00 CAN id=101 dlc=8 data=d8cf0400e0930400
2026-07-07T14:47:36.549+00:00 CAN id=101 dlc=8 data=d8cf0400e0930400
2026-07-07T14:47:36.569+00:00 CAN id=101 dlc=8 data=d8cf0400e0930400
2026-07-07T14:47:36.578+00:00 VCP run=1 step=0 angle=315176 target=315352 err=176 steer=0 m1=1816/103125 i1=171 t1=27 m2=-1861/-103125 i2=-225 t2=27 steerMode=0/-588 iSteer=-27061 driveMode=103125/97385 iDrive=197582 scale=0 wheel=300000
2026-07-07T14:47:36.589+00:00 CAN id=101 dlc=8 data=d8cf0400e0930400
2026-07-07T14:47:36.610+00:00 CAN id=101 dlc=8 data=d8cf0400e0930400
2026-07-07T14:47:36.629+00:00 CAN id=101 dlc=8 data=d8cf0400e0930400
2026-07-07T14:47:36.649+00:00 CAN id=101 dlc=8 data=d8cf0400e0930400
2026-07-07T14:47:36.669+00:00 CAN id=101 dlc=8 data=d8cf0400e0930400
2026-07-07T14:47:36.682+00:00 VCP run=1 step=0 angle=314824 target=315352 err=528 steer=264 m1=1845/104576 i1=241 t1=27 m2=-1838/-101674 i2=-185 t2=27 steerMode=1451/-198 iSteer=28154 driveMode=103125/96588 iDrive=213194 scale=0 wheel=300000
2026-07-07T14:47:36.689+00:00 CAN id=101 dlc=8 data=d8cf0400e0930400
2026-07-07T14:47:36.709+00:00 CAN id=101 dlc=8 data=d8cf0400e0930400
2026-07-07T14:47:36.729+00:00 CAN id=101 dlc=8 data=d8cf0400e0930400
2026-07-07T14:47:36.749+00:00 CAN id=101 dlc=8 data=d8cf0400e0930400
2026-07-07T14:47:36.769+00:00 CAN id=101 dlc=8 data=d8cf0400e0930400
2026-07-07T14:47:36.787+00:00 VCP run=1 step=0 angle=315439 target=315352 err=-87 steer=0 m1=1801/103125 i1=149 t1=27 m2=-1794/-103125 i2=-316 t2=27 steerMode=0/575 iSteer=-83638 driveMode=103125/95369 iDrive=232347 scale=0 wheel=300000
2026-07-07T14:47:36.789+00:00 CAN id=101 dlc=8 data=d8cf0400e0930400
2026-07-07T14:47:36.809+00:00 CAN id=101 dlc=8 data=d8cf0400e0930400
2026-07-07T14:47:36.829+00:00 CAN id=101 dlc=8 data=d8cf0400e0930400
2026-07-07T14:47:36.849+00:00 CAN id=101 dlc=8 data=d8cf0400e0930400
2026-07-07T14:47:36.869+00:00 CAN id=101 dlc=8 data=d8cf0400e0930400
2026-07-07T14:47:36.888+00:00 VCP run=1 step=0 angle=315264 target=315352 err=88 steer=0 m1=1828/103125 i1=208 t1=27 m2=-1836/-103125 i2=-279 t2=27 steerMode=0/-391 iSteer=-35476 driveMode=103125/96016 iDrive=243815 scale=0 wheel=300000
2026-07-07T14:47:36.888+00:00 VCP SET_TARGET_RX steer=315352 wheel=300000
2026-07-07T14:47:36.889+00:00 CAN id=101 dlc=8 data=d8cf0400e0930400
2026-07-07T14:47:36.910+00:00 CAN id=101 dlc=8 data=d8cf0400e0930400
2026-07-07T14:47:36.930+00:00 CAN id=101 dlc=8 data=d8cf0400e0930400
2026-07-07T14:47:36.949+00:00 CAN id=101 dlc=8 data=d8cf0400e0930400
2026-07-07T14:47:36.969+00:00 CAN id=101 dlc=8 data=d8cf0400e0930400
2026-07-07T14:47:36.989+00:00 CAN id=101 dlc=8 data=d8cf0400e0930400
2026-07-07T14:47:37.009+00:00 CAN id=101 dlc=8 data=d8cf0400e0930400
2026-07-07T14:47:37.029+00:00 CAN id=101 dlc=8 data=d8cf0400e0930400
2026-07-07T14:47:37.050+00:00 CAN id=101 dlc=8 data=d8cf0400e0930400
2026-07-07T14:47:37.070+00:00 CAN id=101 dlc=8 data=d8cf0400e0930400
2026-07-07T14:47:37.074+00:00 VCP run=1 step=0 angle=315176 target=315352 err=176 steer=0 m1=1904/103125 i1=212 t1=27 m2=-1913/-103125 i2=-268 t2=27 steerMode=0/-504 iSteer=-28012 driveMode=103125/98966 iDrive=239984 scale=0 wheel=300000
2026-07-07T14:47:37.074+00:00 VCP run=1 step=0 angle=314912 target=315352 err=440 steer=0 m1=1939/103125 i1=188 t1=27 m2=-1984/-103125 i2=-268 t2=27 steerMode=0/-233 iSteer=-40145 driveMode=103125/102325 iDrive=227655 scale=0 wheel=300000
2026-07-07T14:47:37.089+00:00 CAN id=101 dlc=8 data=d8cf0400e0930400
2026-07-07T14:47:37.109+00:00 CAN id=101 dlc=8 data=d8cf0400e0930400
2026-07-07T14:47:37.130+00:00 CAN id=101 dlc=8 data=d8cf0400e0930400
2026-07-07T14:47:37.149+00:00 CAN id=101 dlc=8 data=d8cf0400e0930400
2026-07-07T14:47:37.169+00:00 CAN id=101 dlc=8 data=d8cf0400e0930400
2026-07-07T14:47:37.178+00:00 VCP run=1 step=0 angle=315088 target=315352 err=264 steer=0 m1=1964/103125 i1=109 t1=27 m2=-1953/-103125 i2=-342 t2=27 steerMode=0/1307 iSteer=-116519 driveMode=103125/102797 iDrive=225848 scale=0 wheel=300000
2026-07-07T14:47:37.189+00:00 CAN id=101 dlc=8 data=d8cf0400e0930400
2026-07-07T14:47:37.209+00:00 CAN id=101 dlc=8 data=d8cf0400e0930400
2026-07-07T14:47:37.229+00:00 CAN id=101 dlc=8 data=d8cf0400e0930400
2026-07-07T14:47:37.249+00:00 CAN id=101 dlc=8 data=d8cf0400e0930400
2026-07-07T14:47:37.269+00:00 CAN id=101 dlc=8 data=d8cf0400e0930400
2026-07-07T14:47:37.283+00:00 VCP run=1 step=0 angle=315264 target=315352 err=88 steer=0 m1=1929/103125 i1=202 t1=27 m2=-1984/-103125 i2=-253 t2=27 steerMode=0/-509 iSteer=-25556 driveMode=103125/102649 iDrive=227355 scale=0 wheel=300000
2026-07-07T14:47:37.289+00:00 CAN id=101 dlc=8 data=d8cf0400e0930400
2026-07-07T14:47:37.309+00:00 CAN id=101 dlc=8 data=d8cf0400e0930400
2026-07-07T14:47:37.330+00:00 CAN id=101 dlc=8 data=d8cf0400e0930400
2026-07-07T14:47:37.349+00:00 CAN id=101 dlc=8 data=d8cf0400e0930400
2026-07-07T14:47:37.369+00:00 CAN id=101 dlc=8 data=d8cf0400e0930400
2026-07-07T14:47:37.384+00:00 VCP run=1 step=0 angle=315176 target=315352 err=176 steer=0 m1=1944/103125 i1=162 t1=27 m2=-1940/-103125 i2=-289 t2=27 steerMode=0/267 iSteer=-63694 driveMode=103125/103003 iDrive=225777 scale=0 wheel=300000
2026-07-07T14:47:37.384+00:00 VCP SET_TARGET_RX steer=315352 wheel=300000
2026-07-07T14:47:37.389+00:00 CAN id=101 dlc=8 data=d8cf0400e0930400
2026-07-07T14:47:37.409+00:00 CAN id=101 dlc=8 data=d8cf0400e0930400
2026-07-07T14:47:37.429+00:00 CAN id=101 dlc=8 data=d8cf0400e0930400
2026-07-07T14:47:37.449+00:00 CAN id=101 dlc=8 data=d8cf0400e0930400
2026-07-07T14:47:37.469+00:00 CAN id=101 dlc=8 data=d8cf0400e0930400
2026-07-07T14:47:37.488+00:00 VCP run=1 step=0 angle=315088 target=315352 err=264 steer=0 m1=1975/103125 i1=199 t1=27 m2=-2014/-103125 i2=-246 t2=27 steerMode=0/-534 iSteer=-23445 driveMode=103125/103732 iDrive=222397 scale=0 wheel=300000
2026-07-07T14:47:37.489+00:00 CAN id=101 dlc=8 data=d8cf0400e0930400
2026-07-07T14:47:37.509+00:00 CAN id=101 dlc=8 data=d8cf0400e0930400
2026-07-07T14:47:37.529+00:00 CAN id=101 dlc=8 data=d8cf0400e0930400
2026-07-07T14:47:37.549+00:00 CAN id=101 dlc=8 data=d8cf0400e0930400
2026-07-07T14:47:37.569+00:00 CAN id=101 dlc=8 data=d8cf0400e0930400
2026-07-07T14:47:37.589+00:00 CAN id=101 dlc=8 data=d8cf0400e0930400
2026-07-07T14:47:37.609+00:00 CAN id=101 dlc=8 data=d8cf0400e0930400
2026-07-07T14:47:37.629+00:00 CAN id=101 dlc=8 data=d8cf0400e0930400
2026-07-07T14:47:37.649+00:00 CAN id=101 dlc=8 data=d8cf0400e0930400
2026-07-07T14:47:37.669+00:00 CAN id=101 dlc=8 data=d8cf0400e0930400
2026-07-07T14:47:37.674+00:00 VCP run=1 step=0 angle=315088 target=315352 err=264 steer=0 m1=1973/103125 i1=156 t1=27 m2=-2009/-103125 i2=-281 t2=27 steerMode=0/241 iSteer=-62160 driveMode=103125/104188 iDrive=218348 scale=0 wheel=300000
2026-07-07T14:47:37.674+00:00 VCP run=1 step=0 angle=315000 target=315352 err=352 steer=0 m1=2002/103125 i1=159 t1=27 m2=-1993/-103125 i2=-264 t2=27 steerMode=0/54 iSteer=-52480 driveMode=103125/104894 iDrive=211930 scale=0 wheel=300000
2026-07-07T14:47:37.689+00:00 CAN id=101 dlc=8 data=d8cf0400e0930400
2026-07-07T14:47:37.709+00:00 CAN id=101 dlc=8 data=d8cf0400e0930400
2026-07-07T14:47:37.730+00:00 CAN id=101 dlc=8 data=d8cf0400e0930400
2026-07-07T14:47:37.749+00:00 CAN id=101 dlc=8 data=d8cf0400e0930400
2026-07-07T14:47:37.769+00:00 CAN id=101 dlc=8 data=d8cf0400e0930400
2026-07-07T14:47:37.779+00:00 VCP run=1 step=0 angle=315000 target=315352 err=352 steer=0 m1=1979/103125 i1=165 t1=27 m2=-1986/-103125 i2=-261 t2=27 steerMode=0/-58 iSteer=-47854 driveMode=103125/104155 iDrive=213163 scale=0 wheel=300000
2026-07-07T14:47:37.789+00:00 CAN id=101 dlc=8 data=d8cf0400e0930400
2026-07-07T14:47:37.809+00:00 CAN id=101 dlc=8 data=d8cf0400e0930400
2026-07-07T14:47:37.830+00:00 CAN id=101 dlc=8 data=d8cf0400e0930400
2026-07-07T14:47:37.849+00:00 CAN id=101 dlc=8 data=d8cf0400e0930400
2026-07-07T14:47:37.870+00:00 CAN id=101 dlc=8 data=d8cf0400e0930400
2026-07-07T14:47:37.881+00:00 VCP run=1 step=0 angle=314912 target=315352 err=440 steer=0 m1=1981/103125 i1=166 t1=27 m2=-1959/-103125 i2=-262 t2=27 steerMode=0/-45 iSteer=-47779 driveMode=103125/103613 iDrive=214195 scale=0 wheel=300000
2026-07-07T14:47:37.881+00:00 VCP SET_TARGET_RX steer=315352 wheel=300000
2026-07-07T14:47:37.889+00:00 CAN id=101 dlc=8 data=d8cf0400e0930400
2026-07-07T14:47:37.909+00:00 CAN id=101 dlc=8 data=d8cf0400e0930400
2026-07-07T14:47:37.930+00:00 CAN id=101 dlc=8 data=d8cf0400e0930400
2026-07-07T14:47:37.949+00:00 CAN id=101 dlc=8 data=d8cf0400e0930400
2026-07-07T14:47:37.970+00:00 CAN id=101 dlc=8 data=d8cf0400e0930400
2026-07-07T14:47:37.985+00:00 VCP run=1 step=0 angle=315088 target=315352 err=264 steer=0 m1=1944/103125 i1=156 t1=27 m2=-1938/-103125 i2=-286 t2=27 steerMode=0/301 iSteer=-65094 driveMode=103125/102275 iDrive=220888 scale=0 wheel=300000
2026-07-07T14:47:37.989+00:00 CAN id=101 dlc=8 data=d8cf0400e0930400
2026-07-07T14:47:38.009+00:00 CAN id=101 dlc=8 data=d8cf0400e0930400
2026-07-07T14:47:38.029+00:00 CAN id=101 dlc=8 data=d8cf0400e0930400
2026-07-07T14:47:38.049+00:00 CAN id=101 dlc=8 data=d8cf0400e0930400
2026-07-07T14:47:38.070+00:00 CAN id=101 dlc=8 data=d8cf0400e0930400
2026-07-07T14:47:38.089+00:00 VCP run=1 step=0 angle=315088 target=315352 err=264 steer=0 m1=1933/103125 i1=191 t1=27 m2=-1951/-103125 i2=-250 t2=27 steerMode=0/-408 iSteer=-29522 driveMode=103125/102589 iDrive=220914 scale=0 wheel=300000
2026-07-07T14:47:38.089+00:00 CAN id=101 dlc=8 data=d8cf0400e0930400
2026-07-07T14:47:38.109+00:00 CAN id=101 dlc=8 data=d8cf0400e0930400
2026-07-07T14:47:38.129+00:00 CAN id=101 dlc=8 data=d8cf0400e0930400
2026-07-07T14:47:38.149+00:00 CAN id=101 dlc=8 data=d8cf0400e0930400
2026-07-07T14:47:38.169+00:00 CAN id=101 dlc=8 data=d8cf0400e0930400
2026-07-07T14:47:38.189+00:00 CAN id=101 dlc=8 data=d8cf0400e0930400
2026-07-07T14:47:38.209+00:00 CAN id=101 dlc=8 data=d8cf0400e0930400
2026-07-07T14:47:38.230+00:00 CAN id=101 dlc=8 data=d8cf0400e0930400
2026-07-07T14:47:38.249+00:00 CAN id=101 dlc=8 data=d8cf0400e0930400
2026-07-07T14:47:38.269+00:00 CAN id=101 dlc=8 data=d8cf0400e0930400
2026-07-07T14:47:38.275+00:00 VCP run=1 step=0 angle=314824 target=315352 err=528 steer=264 m1=1981/104576 i1=249 t1=27 m2=-2016/-101674 i2=-174 t2=27 steerMode=1451/-266 iSteer=37360 driveMode=103125/104364 iDrive=211432 scale=0 wheel=300000
2026-07-07T14:47:38.275+00:00 VCP run=1 step=0 angle=315000 target=315352 err=352 steer=0 m1=2025/103125 i1=86 t1=27 m2=-1988/-103125 i2=-319 t2=27 steerMode=0/1375 iSteer=-116600 driveMode=103125/105414 iDrive=202586 scale=0 wheel=300000
2026-07-07T14:47:38.289+00:00 CAN id=101 dlc=8 data=d8cf0400e0930400
2026-07-07T14:47:38.309+00:00 CAN id=101 dlc=8 data=d8cf0400e0930400
2026-07-07T14:47:38.329+00:00 CAN id=101 dlc=8 data=d8cf0400e0930400
2026-07-07T14:47:38.350+00:00 CAN id=101 dlc=8 data=d8cf0400e0930400
2026-07-07T14:47:38.370+00:00 CAN id=101 dlc=8 data=d8cf0400e0930400
2026-07-07T14:47:38.377+00:00 VCP run=1 step=0 angle=315176 target=315352 err=176 steer=0 m1=1962/103125 i1=169 t1=27 m2=-1951/-103125 i2=-251 t2=27 steerMode=0/-157 iSteer=-41016 driveMode=103125/103399 iDrive=210326 scale=0 wheel=300000
2026-07-07T14:47:38.377+00:00 VCP SET_TARGET_RX steer=315352 wheel=300000
2026-07-07T14:47:38.389+00:00 CAN id=101 dlc=8 data=d8cf0400e0930400
2026-07-07T14:47:38.409+00:00 CAN id=101 dlc=8 data=d8cf0400e0930400
2026-07-07T14:47:38.430+00:00 CAN id=101 dlc=8 data=d8cf0400e0930400
2026-07-07T14:47:38.449+00:00 CAN id=101 dlc=8 data=d8cf0400e0930400
2026-07-07T14:47:38.469+00:00 CAN id=101 dlc=8 data=d8cf0400e0930400
2026-07-07T14:47:38.480+00:00 VCP run=1 step=0 angle=315088 target=315352 err=264 steer=0 m1=1956/103125 i1=177 t1=27 m2=-1930/-103125 i2=-247 t2=27 steerMode=0/-260 iSteer=-34850 driveMode=103125/103009 iDrive=212149 scale=0 wheel=300000
2026-07-07T14:47:38.489+00:00 CAN id=101 dlc=8 data=d8cf0400e0930400
2026-07-07T14:47:38.509+00:00 CAN id=101 dlc=8 data=d8cf0400e0930400
2026-07-07T14:47:38.529+00:00 CAN id=101 dlc=8 data=d8cf0400e0930400
2026-07-07T14:47:38.549+00:00 CAN id=101 dlc=8 data=d8cf0400e0930400
2026-07-07T14:47:38.569+00:00 CAN id=101 dlc=8 data=d8cf0400e0930400
2026-07-07T14:47:38.585+00:00 VCP run=1 step=0 angle=315264 target=315352 err=88 steer=0 m1=1925/103125 i1=164 t1=27 m2=-1932/-103125 i2=-274 t2=27 steerMode=0/141 iSteer=-55027 driveMode=103125/101870 iDrive=219097 scale=0 wheel=300000
2026-07-07T14:47:38.589+00:00 CAN id=101 dlc=8 data=d8cf0400e0930400
2026-07-07T14:47:38.609+00:00 CAN id=101 dlc=8 data=d8cf0400e0930400
2026-07-07T14:47:38.630+00:00 CAN id=101 dlc=8 data=d8cf0400e0930400
2026-07-07T14:47:38.649+00:00 CAN id=101 dlc=8 data=d8cf0400e0930400
2026-07-07T14:47:38.669+00:00 CAN id=101 dlc=8 data=d8cf0400e0930400
2026-07-07T14:47:38.689+00:00 VCP run=1 step=0 angle=315088 target=315352 err=264 steer=0 m1=1964/103125 i1=191 t1=27 m2=-1991/-103125 i2=-234 t2=27 steerMode=0/-510 iSteer=-21449 driveMode=103125/103376 iDrive=212786 scale=0 wheel=300000
2026-07-07T14:47:38.689+00:00 CAN id=101 dlc=8 data=d8cf0400e0930400
2026-07-07T14:47:38.709+00:00 CAN id=101 dlc=8 data=d8cf0400e0930400
2026-07-07T14:47:38.729+00:00 CAN id=101 dlc=8 data=d8cf0400e0930400
2026-07-07T14:47:38.749+00:00 CAN id=101 dlc=8 data=d8cf0400e0930400
2026-07-07T14:47:38.769+00:00 CAN id=101 dlc=8 data=d8cf0400e0930400
2026-07-07T14:47:38.789+00:00 CAN id=101 dlc=8 data=d8cf0400e0930400
2026-07-07T14:47:38.809+00:00 CAN id=101 dlc=8 data=d8cf0400e0930400
2026-07-07T14:47:38.830+00:00 CAN id=101 dlc=8 data=d8cf0400e0930400
2026-07-07T14:47:38.849+00:00 CAN id=101 dlc=8 data=d8cf0400e0930400
2026-07-07T14:47:38.869+00:00 CAN id=101 dlc=8 data=d8cf0400e0930400
2026-07-07T14:47:38.872+00:00 VCP run=1 step=0 angle=314912 target=315352 err=440 steer=0 m1=1994/103125 i1=163 t1=27 m2=-2012/-103125 i2=-244 t2=27 steerMode=0/-108 iSteer=-40580 driveMode=103125/104881 iDrive=203142 scale=0 wheel=300000
2026-07-07T14:47:38.872+00:00 VCP run=1 step=0 angle=314824 target=315352 err=528 steer=264 m1=1990/104576 i1=174 t1=27 m2=-1968/-101674 i2=-238 t2=27 steerMode=1451/1176 iSteer=-32314 driveMode=103125/103756 iDrive=205903 scale=0 wheel=300000
2026-07-07T14:47:38.889+00:00 CAN id=101 dlc=8 data=d8cf0400e0930400
2026-07-07T14:47:38.909+00:00 CAN id=101 dlc=8 data=d8cf0400e0930400
2026-07-07T14:47:38.930+00:00 CAN id=101 dlc=8 data=d8cf0400e0930400
2026-07-07T14:47:38.950+00:00 CAN id=101 dlc=8 data=d8cf0400e0930400
2026-07-07T14:47:38.970+00:00 CAN id=101 dlc=8 data=d8cf0400e0930400
2026-07-07T14:47:38.976+00:00 VCP SET_TARGET_RX steer=315352 wheel=300000
2026-07-07T14:47:38.976+00:00 VCP run=1 step=0 angle=315264 target=315352 err=88 steer=0 m1=1933/103125 i1=180 t1=27 m2=-1924/-103125 i2=-249 t2=27 steerMode=0/-268 iSteer=-34633 driveMode=103125/102129 iDrive=214604 scale=0 wheel=300000
2026-07-07T14:47:38.989+00:00 CAN id=101 dlc=8 data=d8cf0400e0930400
2026-07-07T14:47:39.010+00:00 CAN id=101 dlc=8 data=d8cf0400e0930400
2026-07-07T14:47:39.030+00:00 CAN id=101 dlc=8 data=d8cf0400e0930400
2026-07-07T14:47:39.050+00:00 CAN id=101 dlc=8 data=d8cf0400e0930400
2026-07-07T14:47:39.070+00:00 CAN id=101 dlc=8 data=d8cf0400e0930400
2026-07-07T14:47:39.080+00:00 VCP run=1 step=0 angle=315000 target=315352 err=352 steer=0 m1=1935/103125 i1=189 t1=27 m2=-1909/-103125 i2=-242 t2=27 steerMode=0/-385 iSteer=-26826 driveMode=103125/102256 iDrive=215407 scale=0 wheel=300000
2026-07-07T14:47:39.089+00:00 CAN id=101 dlc=8 data=d8cf0400e0930400
2026-07-07T14:47:39.109+00:00 CAN id=101 dlc=8 data=d8cf0400e0930400
2026-07-07T14:47:39.129+00:00 CAN id=101 dlc=8 data=d8cf0400e0930400
2026-07-07T14:47:39.150+00:00 CAN id=101 dlc=8 data=d8cf0400e0930400
2026-07-07T14:47:39.169+00:00 CAN id=101 dlc=8 data=d8cf0400e0930400
2026-07-07T14:47:39.185+00:00 VCP run=1 step=0 angle=315352 target=315352 err=0 steer=0 m1=1900/103125 i1=158 t1=27 m2=-1890/-103125 i2=-295 t2=27 steerMode=0/423 iSteer=-68452 driveMode=103125/100642 iDrive=226611 scale=0 wheel=300000
2026-07-07T14:47:39.189+00:00 CAN id=101 dlc=8 data=d8cf0400e0930400
2026-07-07T14:47:39.210+00:00 CAN id=101 dlc=8 data=d8cf0400e0930400
2026-07-07T14:47:39.229+00:00 CAN id=101 dlc=8 data=d8cf0400e0930400
2026-07-07T14:47:39.249+00:00 CAN id=101 dlc=8 data=d8cf0400e0930400
2026-07-07T14:47:39.269+00:00 CAN id=101 dlc=8 data=d8cf0400e0930400
2026-07-07T14:47:39.289+00:00 VCP run=1 step=0 angle=315176 target=315352 err=176 steer=0 m1=1941/103125 i1=193 t1=27 m2=-1926/-103125 i2=-251 t2=27 steerMode=0/-353 iSteer=-28671 driveMode=103125/102199 iDrive=222133 scale=0 wheel=300000
2026-07-07T14:47:39.289+00:00 CAN id=101 dlc=8 data=d8cf0400e0930400
2026-07-07T14:47:39.309+00:00 CAN id=101 dlc=8 data=d8cf0400e0930400
2026-07-07T14:47:39.330+00:00 CAN id=101 dlc=8 data=d8cf0400e0930400
2026-07-07T14:47:39.350+00:00 CAN id=101 dlc=8 data=d8cf0400e0930400
2026-07-07T14:47:39.369+00:00 CAN id=101 dlc=8 data=d8cf0400e0930400
2026-07-07T14:47:39.389+00:00 CAN id=101 dlc=8 data=d8cf0400e0930400
2026-07-07T14:47:39.391+00:00 VCP run=1 step=0 angle=315088 target=315352 err=264 steer=0 m1=1985/103125 i1=185 t1=27 m2=-1991/-103125 i2=-239 t2=27 steerMode=0/-368 iSteer=-27111 driveMode=103125/104144 iDrive=212239 scale=0 wheel=300000
2026-07-07T14:47:39.391+00:00 VCP SET_TARGET_RX steer=315352 wheel=300000
2026-07-07T14:47:39.410+00:00 CAN id=101 dlc=8 data=d8cf0400e0930400
2026-07-07T14:47:39.430+00:00 CAN id=101 dlc=8 data=d8cf0400e0930400
2026-07-07T14:47:39.449+00:00 CAN id=101 dlc=8 data=d8cf0400e0930400
2026-07-07T14:47:39.470+00:00 CAN id=101 dlc=8 data=d8cf0400e0930400
2026-07-07T14:47:39.489+00:00 CAN id=101 dlc=8 data=d8cf0400e0930400
2026-07-07T14:47:39.510+00:00 CAN id=101 dlc=8 data=d8cf0400e0930400
2026-07-07T14:47:39.530+00:00 CAN id=101 dlc=8 data=d8cf0400e0930400
2026-07-07T14:47:39.550+00:00 CAN id=101 dlc=8 data=d8cf0400e0930400
2026-07-07T14:47:39.570+00:00 CAN id=101 dlc=8 data=d8cf0400e0930400
2026-07-07T14:47:39.576+00:00 VCP run=1 step=0 angle=314824 target=315352 err=528 steer=264 m1=2006/104576 i1=213 t1=27 m2=-2016/-101674 i2=-198 t2=27 steerMode=1451/385 iSteer=7652 driveMode=103125/104887 iDrive=205754 scale=0 wheel=300000
2026-07-07T14:47:39.576+00:00 VCP run=1 step=0 angle=315264 target=315352 err=88 steer=0 m1=1948/103125 i1=147 t1=27 m2=-1972/-103125 i2=-275 t2=27 steerMode=0/350 iSteer=-63574 driveMode=103125/103395 iDrive=211059 scale=0 wheel=300000
2026-07-07T14:47:39.589+00:00 CAN id=101 dlc=8 data=d8cf0400e0930400
2026-07-07T14:47:39.609+00:00 CAN id=101 dlc=8 data=d8cf0400e0930400
2026-07-07T14:47:39.629+00:00 CAN id=101 dlc=8 data=d8cf0400e0930400
2026-07-07T14:47:39.649+00:00 CAN id=101 dlc=8 data=d8cf0400e0930400
2026-07-07T14:47:39.670+00:00 CAN id=101 dlc=8 data=d8cf0400e0930400
2026-07-07T14:47:39.680+00:00 VCP run=1 step=0 angle=315000 target=315352 err=352 steer=0 m1=1954/103125 i1=164 t1=27 m2=-1917/-103125 i2=-268 t2=27 steerMode=0/142 iSteer=-52096 driveMode=103125/102487 iDrive=215660 scale=0 wheel=300000
2026-07-07T14:47:39.689+00:00 CAN id=101 dlc=8 data=d8cf0400e0930400
2026-07-07T14:47:39.710+00:00 CAN id=101 dlc=8 data=d8cf0400e0930400
2026-07-07T14:47:39.729+00:00 CAN id=101 dlc=8 data=d8cf0400e0930400
2026-07-07T14:47:39.749+00:00 CAN id=101 dlc=8 data=d8cf0400e0930400
2026-07-07T14:47:39.770+00:00 CAN id=101 dlc=8 data=d8cf0400e0930400
2026-07-07T14:47:39.785+00:00 VCP run=1 step=0 angle=315439 target=315352 err=-87 steer=0 m1=1925/103125 i1=188 t1=27 m2=-1976/-103125 i2=-262 t2=27 steerMode=0/-185 iSteer=-36910 driveMode=103125/101324 iDrive=224693 scale=0 wheel=300000
2026-07-07T14:47:39.789+00:00 CAN id=101 dlc=8 data=d8cf0400e0930400
2026-07-07T14:47:39.809+00:00 CAN id=101 dlc=8 data=d8cf0400e0930400
2026-07-07T14:47:39.830+00:00 CAN id=101 dlc=8 data=d8cf0400e0930400
2026-07-07T14:47:39.850+00:00 CAN id=101 dlc=8 data=d8cf0400e0930400
2026-07-07T14:47:39.869+00:00 CAN id=101 dlc=8 data=d8cf0400e0930400
2026-07-07T14:47:39.887+00:00 VCP run=1 step=0 angle=315176 target=315352 err=176 steer=0 m1=1969/103125 i1=181 t1=27 m2=-1928/-103125 i2=-251 t2=27 steerMode=0/-183 iSteer=-35116 driveMode=103125/103324 iDrive=216131 scale=0 wheel=300000
2026-07-07T14:47:39.887+00:00 VCP SET_TARGET_RX steer=315352 wheel=300000
2026-07-07T14:47:39.889+00:00 CAN id=101 dlc=8 data=d8cf0400e0930400
2026-07-07T14:47:39.909+00:00 CAN id=101 dlc=8 data=d8cf0400e0930400
2026-07-07T14:47:39.930+00:00 CAN id=101 dlc=8 data=d8cf0400e0930400
2026-07-07T14:47:39.949+00:00 CAN id=101 dlc=8 data=d8cf0400e0930400
2026-07-07T14:47:39.970+00:00 CAN id=101 dlc=8 data=d8cf0400e0930400
2026-07-07T14:47:39.989+00:00 CAN id=101 dlc=8 data=d8cf0400e0930400
2026-07-07T14:47:39.991+00:00 VCP run=1 step=0 angle=315000 target=315352 err=352 steer=0 m1=1954/103125 i1=183 t1=27 m2=-1976/-103125 i2=-238 t2=27 steerMode=0/-342 iSteer=-27255 driveMode=103125/104151 iDrive=210659 scale=0 wheel=300000
2026-07-07T14:47:40.009+00:00 CAN id=101 dlc=8 data=d8cf0400e0930400
2026-07-07T14:47:40.030+00:00 CAN id=101 dlc=8 data=d8cf0400e0930400
2026-07-07T14:47:40.049+00:00 CAN id=101 dlc=8 data=d8cf0400e0930400
2026-07-07T14:47:40.070+00:00 CAN id=101 dlc=8 data=d8cf0400e0930400
2026-07-07T14:47:40.092+00:00 CAN id=101 dlc=8 data=d8cf0400e0930400
2026-07-07T14:47:40.109+00:00 CAN id=101 dlc=8 data=d8cf0400e0930400
2026-07-07T14:47:40.132+00:00 CAN id=101 dlc=8 data=d8cf0400e0930400
2026-07-07T14:47:40.149+00:00 CAN id=101 dlc=8 data=d8cf0400e0930400
2026-07-07T14:47:40.169+00:00 CAN id=101 dlc=8 data=d8cf0400e0930400
2026-07-07T14:47:40.177+00:00 VCP run=1 step=0 angle=315000 target=315352 err=352 steer=0 m1=1960/103125 i1=144 t1=27 m2=-1922/-103125 i2=-283 t2=27 steerMode=0/474 iSteer=-69437 driveMode=103125/103456 iDrive=213108 scale=0 wheel=300000
2026-07-07T14:47:40.177+00:00 VCP run=1 step=0 angle=315000 target=315352 err=352 steer=0 m1=1948/103125 i1=199 t1=27 m2=-1984/-103125 i2=-236 t2=27 steerMode=0/-546 iSteer=-18093 driveMode=103125/102711 iDrive=217435 scale=0 wheel=300000
2026-07-07T14:47:40.189+00:00 CAN id=101 dlc=8 data=d8cf0400e0930400
2026-07-07T14:47:40.209+00:00 CAN id=101 dlc=8 data=d8cf0400e0930400
2026-07-07T14:47:40.230+00:00 CAN id=101 dlc=8 data=d8cf0400e0930400
2026-07-07T14:47:40.250+00:00 CAN id=101 dlc=8 data=d8cf0400e0930400
2026-07-07T14:47:40.269+00:00 CAN id=101 dlc=8 data=d8cf0400e0930400
2026-07-07T14:47:40.281+00:00 VCP run=1 step=0 angle=315000 target=315352 err=352 steer=0 m1=1944/103125 i1=157 t1=27 m2=-1945/-103125 i2=-278 t2=27 steerMode=0/312 iSteer=-60106 driveMode=103125/102764 iDrive=217528 scale=0 wheel=300000
2026-07-07T14:47:40.289+00:00 CAN id=101 dlc=8 data=d8cf0400e0930400
2026-07-07T14:47:40.309+00:00 CAN id=101 dlc=8 data=d8cf0400e0930400
2026-07-07T14:47:40.329+00:00 CAN id=101 dlc=8 data=d8cf0400e0930400
2026-07-07T14:47:40.350+00:00 CAN id=101 dlc=8 data=d8cf0400e0930400
2026-07-07T14:47:40.369+00:00 CAN id=101 dlc=8 data=d8cf0400e0930400
2026-07-07T14:47:40.383+00:00 VCP run=1 step=0 angle=315264 target=315352 err=88 steer=0 m1=1923/103125 i1=182 t1=27 m2=-1955/-103125 i2=-263 t2=27 steerMode=0/-97 iSteer=-40440 driveMode=103125/102030 iDrive=222783 scale=0 wheel=300000
2026-07-07T14:47:40.383+00:00 VCP SET_TARGET_RX steer=315352 wheel=300000
2026-07-07T14:47:40.389+00:00 CAN id=101 dlc=8 data=d8cf0400e0930400
2026-07-07T14:47:40.409+00:00 CAN id=101 dlc=8 data=d8cf0400e0930400
2026-07-07T14:47:40.430+00:00 CAN id=101 dlc=8 data=d8cf0400e0930400
2026-07-07T14:47:40.450+00:00 CAN id=101 dlc=8 data=d8cf0400e0930400
2026-07-07T14:47:40.470+00:00 CAN id=101 dlc=8 data=d8cf0400e0930400
2026-07-07T14:47:40.487+00:00 VCP run=1 step=0 angle=315088 target=315352 err=264 steer=0 m1=1967/103125 i1=181 t1=27 m2=-1974/-103125 i2=-248 t2=27 steerMode=0/-208 iSteer=-33588 driveMode=103125/103721 iDrive=214642 scale=0 wheel=300000
2026-07-07T14:47:40.489+00:00 CAN id=101 dlc=8 data=d8cf0400e0930400
2026-07-07T14:47:40.510+00:00 CAN id=101 dlc=8 data=d8cf0400e0930400
2026-07-07T14:47:40.530+00:00 CAN id=101 dlc=8 data=d8cf0400e0930400
2026-07-07T14:47:40.550+00:00 CAN id=101 dlc=8 data=d8cf0400e0930400
2026-07-07T14:47:40.570+00:00 CAN id=101 dlc=8 data=d8cf0400e0930400
2026-07-07T14:47:40.589+00:00 CAN id=101 dlc=8 data=d8cf0400e0930400
2026-07-07T14:47:40.610+00:00 CAN id=101 dlc=8 data=d8cf0400e0930400
2026-07-07T14:47:40.629+00:00 CAN id=101 dlc=8 data=d8cf0400e0930400
2026-07-07T14:47:40.649+00:00 CAN id=101 dlc=8 data=d8cf0400e0930400
2026-07-07T14:47:40.670+00:00 CAN id=101 dlc=8 data=d8cf0400e0930400
2026-07-07T14:47:40.673+00:00 VCP run=1 step=0 angle=314912 target=315352 err=440 steer=0 m1=2004/103125 i1=160 t1=27 m2=-1988/-103125 i2=-254 t2=27 steerMode=0/56 iSteer=-46817 driveMode=103125/104801 iDrive=206948 scale=0 wheel=300000
2026-07-07T14:47:40.673+00:00 VCP run=1 step=0 angle=314912 target=315352 err=440 steer=0 m1=1992/103125 i1=142 t1=27 m2=-1965/-103125 i2=-270 t2=27 steerMode=0/393 iSteer=-64032 driveMode=103125/104357 iDrive=206019 scale=0 wheel=300000
2026-07-07T14:47:40.689+00:00 CAN id=101 dlc=8 data=d8cf0400e0930400
2026-07-07T14:47:40.710+00:00 CAN id=101 dlc=8 data=d8cf0400e0930400
2026-07-07T14:47:40.730+00:00 CAN id=101 dlc=8 data=d8cf0400e0930400
2026-07-07T14:47:40.750+00:00 CAN id=101 dlc=8 data=d8cf0400e0930400
2026-07-07T14:47:40.770+00:00 CAN id=101 dlc=8 data=d8cf0400e0930400
2026-07-07T14:47:40.778+00:00 VCP run=1 step=0 angle=314912 target=315352 err=440 steer=0 m1=1956/103125 i1=178 t1=27 m2=-1991/-103125 i2=-246 t2=27 steerMode=0/-212 iSteer=-34095 driveMode=103125/102989 iDrive=212087 scale=0 wheel=300000
2026-07-07T14:47:40.789+00:00 CAN id=101 dlc=8 data=d8cf0400e0930400
2026-07-07T14:47:40.810+00:00 CAN id=101 dlc=8 data=d8cf0400e0930400
2026-07-07T14:47:40.830+00:00 CAN id=101 dlc=8 data=d8cf0400e0930400
2026-07-07T14:47:40.850+00:00 CAN id=101 dlc=8 data=d8cf0400e0930400
2026-07-07T14:47:40.870+00:00 CAN id=101 dlc=8 data=d8cf0400e0930400
2026-07-07T14:47:40.879+00:00 VCP run=1 step=0 angle=315088 target=315352 err=264 steer=0 m1=1931/103125 i1=156 t1=27 m2=-1926/-103125 i2=-280 t2=27 steerMode=0/345 iSteer=-61646 driveMode=103125/101950 iDrive=218031 scale=0 wheel=300000
2026-07-07T14:47:40.879+00:00 VCP SET_TARGET_RX steer=315352 wheel=300000
2026-07-07T14:47:40.889+00:00 CAN id=101 dlc=8 data=d8cf0400e0930400
2026-07-07T14:47:40.910+00:00 CAN id=101 dlc=8 data=d8cf0400e0930400
2026-07-07T14:47:40.930+00:00 CAN id=101 dlc=8 data=d8cf0400e0930400
2026-07-07T14:47:40.950+00:00 CAN id=101 dlc=8 data=d8cf0400e0930400
2026-07-07T14:47:40.969+00:00 CAN id=101 dlc=8 data=d8cf0400e0930400
2026-07-07T14:47:40.983+00:00 VCP run=1 step=0 angle=315176 target=315352 err=176 steer=0 m1=1927/103125 i1=196 t1=27 m2=-1932/-103125 i2=-250 t2=27 steerMode=0/-353 iSteer=-27055 driveMode=103125/101661 iDrive=222741 scale=0 wheel=300000
2026-07-07T14:47:40.989+00:00 CAN id=101 dlc=8 data=d8cf0400e0930400
2026-07-07T14:47:41.009+00:00 CAN id=101 dlc=8 data=d8cf0400e0930400
2026-07-07T14:47:41.030+00:00 CAN id=101 dlc=8 data=d8cf0400e0930400
2026-07-07T14:47:41.050+00:00 CAN id=101 dlc=8 data=d8cf0400e0930400
2026-07-07T14:47:41.070+00:00 CAN id=101 dlc=8 data=d8cf0400e0930400
2026-07-07T14:47:41.087+00:00 VCP run=1 step=0 angle=314912 target=315352 err=440 steer=0 m1=1977/103125 i1=181 t1=27 m2=-1997/-103125 i2=-243 t2=27 steerMode=0/-252 iSteer=-30772 driveMode=103125/103948 iDrive=211802 scale=0 wheel=300000
2026-07-07T14:47:41.089+00:00 CAN id=101 dlc=8 data=d8cf0400e0930400
2026-07-07T14:47:41.109+00:00 CAN id=101 dlc=8 data=d8cf0400e0930400
2026-07-07T14:47:41.130+00:00 CAN id=101 dlc=8 data=d8cf0400e0930400
2026-07-07T14:47:41.150+00:00 CAN id=101 dlc=8 data=d8cf0400e0930400
2026-07-07T14:47:41.169+00:00 CAN id=101 dlc=8 data=d8cf0400e0930400
2026-07-07T14:47:41.189+00:00 CAN id=101 dlc=8 data=d8cf0400e0930400
2026-07-07T14:47:41.210+00:00 CAN id=101 dlc=8 data=d8cf0400e0930400
2026-07-07T14:47:41.230+00:00 CAN id=101 dlc=8 data=d8cf0400e0930400
2026-07-07T14:47:41.250+00:00 CAN id=101 dlc=8 data=d8cf0400e0930400
2026-07-07T14:47:41.270+00:00 CAN id=101 dlc=8 data=d8cf0400e0930400
2026-07-07T14:47:41.274+00:00 VCP run=1 step=0 angle=314912 target=315352 err=440 steer=0 m1=1987/103125 i1=134 t1=27 m2=-1949/-103125 i2=-282 t2=27 steerMode=0/612 iSteer=-74294 driveMode=103125/104249 iDrive=208205 scale=0 wheel=300000
2026-07-07T14:47:41.274+00:00 VCP run=1 step=0 angle=315000 target=315352 err=352 steer=0 m1=1935/103125 i1=162 t1=27 m2=-1924/-103125 i2=-265 t2=27 steerMode=0/121 iSteer=-51291 driveMode=103125/102986 iDrive=213745 scale=0 wheel=300000
2026-07-07T14:47:41.289+00:00 CAN id=101 dlc=8 data=d8cf0400e0930400
2026-07-07T14:47:41.309+00:00 CAN id=101 dlc=8 data=d8cf0400e0930400
2026-07-07T14:47:41.330+00:00 CAN id=101 dlc=8 data=d8cf0400e0930400
2026-07-07T14:47:41.350+00:00 CAN id=101 dlc=8 data=d8cf0400e0930400
2026-07-07T14:47:41.370+00:00 CAN id=101 dlc=8 data=d8cf0400e0930400
2026-07-07T14:47:41.375+00:00 VCP run=1 step=0 angle=315088 target=315352 err=264 steer=0 m1=1944/103125 i1=192 t1=27 m2=-1965/-103125 i2=-249 t2=27 steerMode=0/-336 iSteer=-28343 driveMode=103125/102032 iDrive=220228 scale=0 wheel=300000
2026-07-07T14:47:41.375+00:00 VCP SET_TARGET_RX steer=315352 wheel=300000
2026-07-07T14:47:41.389+00:00 CAN id=101 dlc=8 data=d8cf0400e0930400
2026-07-07T14:47:41.409+00:00 CAN id=101 dlc=8 data=d8cf0400e0930400
2026-07-07T14:47:41.430+00:00 CAN id=101 dlc=8 data=d8cf0400e0930400
2026-07-07T14:47:41.449+00:00 CAN id=101 dlc=8 data=d8cf0400e0930400
2026-07-07T14:47:41.470+00:00 CAN id=101 dlc=8 data=d8cf0400e0930400
2026-07-07T14:47:41.479+00:00 VCP run=1 step=0 angle=315000 target=315352 err=352 steer=0 m1=1935/103125 i1=154 t1=27 m2=-1888/-103125 i2=-292 t2=27 steerMode=0/496 iSteer=-68962 driveMode=103125/101784 iDrive=223147 scale=0 wheel=300000
2026-07-07T14:47:41.489+00:00 CAN id=101 dlc=8 data=d8cf0400e0930400
2026-07-07T14:47:41.510+00:00 CAN id=101 dlc=8 data=d8cf0400e0930400
2026-07-07T14:47:41.530+00:00 CAN id=101 dlc=8 data=d8cf0400e0930400
2026-07-07T14:47:41.549+00:00 CAN id=101 dlc=8 data=d8cf0400e0930400
2026-07-07T14:47:41.569+00:00 CAN id=101 dlc=8 data=d8cf0400e0930400
2026-07-07T14:47:41.583+00:00 VCP run=1 step=0 angle=315264 target=315352 err=88 steer=0 m1=1929/103125 i1=180 t1=27 m2=-1938/-103125 i2=-269 t2=27 steerMode=0/-7 iSteer=-44125 driveMode=103125/101950 iDrive=224564 scale=0 wheel=300000
2026-07-07T14:47:41.589+00:00 CAN id=101 dlc=8 data=d8cf0400e0930400
2026-07-07T14:47:41.610+00:00 CAN id=101 dlc=8 data=d8cf0400e0930400
2026-07-07T14:47:41.630+00:00 CAN id=101 dlc=8 data=d8cf0400e0930400
2026-07-07T14:47:41.650+00:00 CAN id=101 dlc=8 data=d8cf0400e0930400
2026-07-07T14:47:41.670+00:00 CAN id=101 dlc=8 data=d8cf0400e0930400
2026-07-07T14:47:41.687+00:00 VCP run=1 step=0 angle=315088 target=315352 err=264 steer=0 m1=1956/103125 i1=180 t1=27 m2=-1984/-103125 i2=-252 t2=27 steerMode=0/-154 iSteer=-36021 driveMode=103125/103740 iDrive=216015 scale=0 wheel=300000
2026-07-07T14:47:41.689+00:00 CAN id=101 dlc=8 data=d8cf0400e0930400
2026-07-07T14:47:41.710+00:00 CAN id=101 dlc=8 data=d8cf0400e0930400
2026-07-07T14:47:41.730+00:00 CAN id=101 dlc=8 data=d8cf0400e0930400
2026-07-07T14:47:41.750+00:00 CAN id=101 dlc=8 data=d8cf0400e0930400
2026-07-07T14:47:41.769+00:00 CAN id=101 dlc=8 data=d8cf0400e0930400
2026-07-07T14:47:41.789+00:00 CAN id=101 dlc=8 data=d8cf0400e0930400
2026-07-07T14:47:41.810+00:00 CAN id=101 dlc=8 data=d8cf0400e0930400
2026-07-07T14:47:41.830+00:00 CAN id=101 dlc=8 data=d8cf0400e0930400
2026-07-07T14:47:41.850+00:00 CAN id=101 dlc=8 data=d8cf0400e0930400
2026-07-07T14:47:41.869+00:00 BENCH disable sent
2026-07-07T14:47:41.870+00:00 CAN id=121 dlc=2 data=0100
2026-07-07T14:47:41.870+00:00 CAN id=121 dlc=2 data=0100
2026-07-07T14:47:41.871+00:00 VCP run=1 step=0 angle=315088 target=315352 err=264 steer=0 m1=1992/103125 i1=152 t1=27 m2=-1980/-103125 i2=-272 t2=27 steerMode=0/319 iSteer=-60126 driveMode=103125/104189 iDrive=211933 scale=0 wheel=300000
2026-07-07T14:47:41.871+00:00 VCP run=1 step=0 angle=315000 target=315352 err=352 steer=0 m1=1985/103125 i1=181 t1=27 m2=-1976/-103125 i2=-243 t2=27 steerMode=0/-267 iSteer=-31275 driveMode=103125/103931 iDrive=211812 scale=0 wheel=300000
2026-07-07T14:47:41.871+00:00 VCP UNIT_CTRL enable=0
2026-07-07T14:47:42.072+00:00 VCP UNIT_CTRL enable=0
2026-07-07T14:47:42.072+00:00 VCP STOP: disabled
2026-07-07T14:47:42.274+00:00 BENCH log closed
