2026-07-07T14:48:21.109+00:00 BENCH log opened: firmware/logs/friction-id-v2-rpm-500.log
2026-07-07T14:48:21.109+00:00 BENCH run: steer=315.352deg (315352mdeg) wheel=-500.0rpm (-500000milli-rpm) rate=50.0Hz duration=8.0s
2026-07-07T14:48:21.109+00:00 BENCH enable sent
2026-07-07T14:48:21.109+00:00 CAN id=121 dlc=2 data=0101
2026-07-07T14:48:21.110+00:00 CAN id=101 dlc=8 data=d8cf0400e05ef8ff
2026-07-07T14:48:21.128+00:00 VCP NIT_CTRL enable=0
2026-07-07T14:48:21.128+00:00 VCP UNIT_CTRL enable=0
2026-07-07T14:48:21.128+00:00 VCP UNIT_CTRL enable=1
2026-07-07T14:48:21.128+00:00 VCP SET_TARGET_RX steer=315352 wheel=-500000
2026-07-07T14:48:21.128+00:00 VCP START_CAN: angle=301377 target=315352 wheelTarget=-500000
2026-07-07T14:48:21.129+00:00 CAN id=101 dlc=8 data=d8cf0400e05ef8ff
2026-07-07T14:48:21.150+00:00 CAN id=101 dlc=8 data=d8cf0400e05ef8ff
2026-07-07T14:48:21.170+00:00 CAN id=101 dlc=8 data=d8cf0400e05ef8ff
2026-07-07T14:48:21.190+00:00 CAN id=101 dlc=8 data=d8cf0400e05ef8ff
2026-07-07T14:48:21.210+00:00 CAN id=101 dlc=8 data=d8cf0400e05ef8ff
2026-07-07T14:48:21.229+00:00 VCP run=1 step=0 angle=301377 target=315352 err=13975 steer=250 m1=0/1031 i1=67 t1=27 m2=0/1719 i2=71 t2=26 steerMode=1375/0 iSteer=68956 driveMode=-344/0 iDrive=-1753 scale=0 wheel=-1000
2026-07-07T14:48:21.229+00:00 CAN id=101 dlc=8 data=d8cf0400e05ef8ff
2026-07-07T14:48:21.250+00:00 CAN id=101 dlc=8 data=d8cf0400e05ef8ff
2026-07-07T14:48:21.270+00:00 CAN id=101 dlc=8 data=d8cf0400e05ef8ff
2026-07-07T14:48:21.290+00:00 CAN id=101 dlc=8 data=d8cf0400e05ef8ff
2026-07-07T14:48:21.310+00:00 CAN id=101 dlc=8 data=d8cf0400e05ef8ff
2026-07-07T14:48:21.329+00:00 CAN id=101 dlc=8 data=d8cf0400e05ef8ff
2026-07-07T14:48:21.350+00:00 CAN id=101 dlc=8 data=d8cf0400e05ef8ff
2026-07-07T14:48:21.370+00:00 CAN id=101 dlc=8 data=d8cf0400e05ef8ff
2026-07-07T14:48:21.390+00:00 CAN id=101 dlc=8 data=d8cf0400e05ef8ff
2026-07-07T14:48:21.410+00:00 CAN id=101 dlc=8 data=d8cf0400e05ef8ff
2026-07-07T14:48:21.415+00:00 VCP run=1 step=0 angle=301465 target=315352 err=13887 steer=4700 m1=374/19387 i1=928 t1=27 m2=75/32313 i2=1060 t2=26 steerMode=25850/6639 iSteer=993905 driveMode=-6462/5136 iDrive=-66187 scale=0 wheel=-18800
2026-07-07T14:48:21.415+00:00 VCP run=1 step=0 angle=312100 target=315352 err=3252 steer=2066 m1=401/-1493 i1=-684 t1=27 m2=276/24220 i2=-451 t2=26 steerMode=11363/23452 iSteer=-567406 driveMode=-12856/3341 iDrive=-116904 scale=0 wheel=-37400
2026-07-07T14:48:21.429+00:00 CAN id=101 dlc=8 data=d8cf0400e05ef8ff
2026-07-07T14:48:21.450+00:00 CAN id=101 dlc=8 data=d8cf0400e05ef8ff
2026-07-07T14:48:21.470+00:00 CAN id=101 dlc=8 data=d8cf0400e05ef8ff
2026-07-07T14:48:21.490+00:00 CAN id=101 dlc=8 data=d8cf0400e05ef8ff
2026-07-07T14:48:21.510+00:00 CAN id=101 dlc=8 data=d8cf0400e05ef8ff
2026-07-07T14:48:21.520+00:00 VCP run=1 step=0 angle=313770 target=315352 err=1582 steer=791 m1=2/-14829 i1=85 t1=27 m2=29/23533 i2=402 t2=26 steerMode=4352/75 iSteer=243350 driveMode=-19181/-820 iDrive=-158424 scale=0 wheel=-55800
2026-07-07T14:48:21.529+00:00 CAN id=101 dlc=8 data=d8cf0400e05ef8ff
2026-07-07T14:48:21.549+00:00 CAN id=101 dlc=8 data=d8cf0400e05ef8ff
2026-07-07T14:48:21.570+00:00 CAN id=101 dlc=8 data=d8cf0400e05ef8ff
2026-07-07T14:48:21.590+00:00 CAN id=101 dlc=8 data=d8cf0400e05ef8ff
2026-07-07T14:48:21.610+00:00 CAN id=101 dlc=8 data=d8cf0400e05ef8ff
2026-07-07T14:48:21.621+00:00 VCP run=1 step=0 angle=313770 target=315352 err=1582 steer=791 m1=0/-21223 i1=23 t1=27 m2=0/29927 i2=495 t2=26 steerMode=4352/-1 iSteer=259087 driveMode=-25575/-19 iDrive=-235677 scale=0 wheel=-74400
2026-07-07T14:48:21.621+00:00 VCP SET_TARGET_RX steer=315352 wheel=-500000
2026-07-07T14:48:21.629+00:00 CAN id=101 dlc=8 data=d8cf0400e05ef8ff
2026-07-07T14:48:21.650+00:00 CAN id=101 dlc=8 data=d8cf0400e05ef8ff
2026-07-07T14:48:21.670+00:00 CAN id=101 dlc=8 data=d8cf0400e05ef8ff
2026-07-07T14:48:21.690+00:00 CAN id=101 dlc=8 data=d8cf0400e05ef8ff
2026-07-07T14:48:21.710+00:00 CAN id=101 dlc=8 data=d8cf0400e05ef8ff
2026-07-07T14:48:21.726+00:00 VCP run=1 step=0 angle=313770 target=315352 err=1582 steer=791 m1=-3/-27617 i1=-49 t1=27 m2=0/36321 i2=593 t2=26 steerMode=4352/-11 iSteer=271766 driveMode=-31969/-19 iDrive=-321254 scale=0 wheel=-93000
2026-07-07T14:48:21.729+00:00 CAN id=101 dlc=8 data=d8cf0400e05ef8ff
2026-07-07T14:48:21.750+00:00 CAN id=101 dlc=8 data=d8cf0400e05ef8ff
2026-07-07T14:48:21.770+00:00 CAN id=101 dlc=8 data=d8cf0400e05ef8ff
2026-07-07T14:48:21.790+00:00 CAN id=101 dlc=8 data=d8cf0400e05ef8ff
2026-07-07T14:48:21.810+00:00 CAN id=101 dlc=8 data=d8cf0400e05ef8ff
2026-07-07T14:48:21.829+00:00 CAN id=101 dlc=8 data=d8cf0400e05ef8ff
2026-07-07T14:48:21.831+00:00 VCP run=1 step=0 angle=313770 target=315352 err=1582 steer=791 m1=-3/-34010 i1=-133 t1=27 m2=0/42714 i2=704 t2=26 steerMode=4352/-36 iSteer=285196 driveMode=-38362/-41 iDrive=-418590 scale=0 wheel=-111599
2026-07-07T14:48:21.850+00:00 CAN id=101 dlc=8 data=d8cf0400e05ef8ff
2026-07-07T14:48:21.870+00:00 CAN id=101 dlc=8 data=d8cf0400e05ef8ff
2026-07-07T14:48:21.890+00:00 CAN id=101 dlc=8 data=d8cf0400e05ef8ff
2026-07-07T14:48:21.910+00:00 CAN id=101 dlc=8 data=d8cf0400e05ef8ff
2026-07-07T14:48:21.929+00:00 CAN id=101 dlc=8 data=d8cf0400e05ef8ff
2026-07-07T14:48:21.950+00:00 CAN id=101 dlc=8 data=d8cf0400e05ef8ff
2026-07-07T14:48:21.970+00:00 CAN id=101 dlc=8 data=d8cf0400e05ef8ff
2026-07-07T14:48:21.990+00:00 CAN id=101 dlc=8 data=d8cf0400e05ef8ff
2026-07-07T14:48:22.010+00:00 CAN id=101 dlc=8 data=d8cf0400e05ef8ff
2026-07-07T14:48:22.018+00:00 VCP run=1 step=0 angle=313770 target=315352 err=1582 steer=791 m1=0/-40404 i1=-231 t1=27 m2=0/49108 i2=825 t2=26 steerMode=4352/-35 iSteer=297410 driveMode=-44756/-39 iDrive=-527915 scale=0 wheel=-130199
2026-07-07T14:48:22.018+00:00 VCP run=1 step=0 angle=313770 target=315352 err=1582 steer=791 m1=0/-46798 i1=-339 t1=27 m2=0/55502 i2=959 t2=26 steerMode=4352/-50 iSteer=310396 driveMode=-51150/-58 iDrive=-649041 scale=0 wheel=-148799
2026-07-07T14:48:22.029+00:00 CAN id=101 dlc=8 data=d8cf0400e05ef8ff
2026-07-07T14:48:22.050+00:00 CAN id=101 dlc=8 data=d8cf0400e05ef8ff
2026-07-07T14:48:22.070+00:00 CAN id=101 dlc=8 data=d8cf0400e05ef8ff
2026-07-07T14:48:22.090+00:00 CAN id=101 dlc=8 data=d8cf0400e05ef8ff
2026-07-07T14:48:22.110+00:00 CAN id=101 dlc=8 data=d8cf0400e05ef8ff
2026-07-07T14:48:22.118+00:00 VCP run=1 step=0 angle=313770 target=315352 err=1582 steer=791 m1=-153/-53191 i1=-360 t1=28 m2=6/61895 i2=1185 t2=26 steerMode=4352/-1833 iSteer=412258 driveMode=-57543/-1929 iDrive=-772411 scale=0 wheel=-167399
2026-07-07T14:48:22.118+00:00 VCP SET_TARGET_RX steer=315352 wheel=-500000
2026-07-07T14:48:22.129+00:00 CAN id=101 dlc=8 data=d8cf0400e05ef8ff
2026-07-07T14:48:22.150+00:00 CAN id=101 dlc=8 data=d8cf0400e05ef8ff
2026-07-07T14:48:22.170+00:00 CAN id=101 dlc=8 data=d8cf0400e05ef8ff
2026-07-07T14:48:22.190+00:00 CAN id=101 dlc=8 data=d8cf0400e05ef8ff
2026-07-07T14:48:22.210+00:00 CAN id=101 dlc=8 data=d8cf0400e05ef8ff
2026-07-07T14:48:22.223+00:00 VCP run=1 step=0 angle=315176 target=315352 err=176 steer=0 m1=-551/-63868 i1=-933 t1=28 m2=770/63868 i2=596 t2=26 steerMode=0/5499 iSteer=-168379 driveMode=-63868/-27460 iDrive=-764332 scale=0 wheel=-185799
2026-07-07T14:48:22.229+00:00 CAN id=101 dlc=8 data=d8cf0400e05ef8ff
2026-07-07T14:48:22.250+00:00 CAN id=101 dlc=8 data=d8cf0400e05ef8ff
2026-07-07T14:48:22.270+00:00 CAN id=101 dlc=8 data=d8cf0400e05ef8ff
2026-07-07T14:48:22.290+00:00 CAN id=101 dlc=8 data=d8cf0400e05ef8ff
2026-07-07T14:48:22.310+00:00 CAN id=101 dlc=8 data=d8cf0400e05ef8ff
2026-07-07T14:48:22.326+00:00 VCP run=1 step=0 angle=315967 target=315352 err=-615 steer=-307 m1=-1267/-71953 i1=-648 t1=28 m2=1230/68571 i2=709 t2=26 steerMode=-1691/-320 iSteer=30596 driveMode=-70262/-59584 iDrive=-678363 scale=0 wheel=-204398
2026-07-07T14:48:22.329+00:00 CAN id=101 dlc=8 data=d8cf0400e05ef8ff
2026-07-07T14:48:22.350+00:00 CAN id=101 dlc=8 data=d8cf0400e05ef8ff
2026-07-07T14:48:22.369+00:00 CAN id=101 dlc=8 data=d8cf0400e05ef8ff
2026-07-07T14:48:22.390+00:00 CAN id=101 dlc=8 data=d8cf0400e05ef8ff
2026-07-07T14:48:22.410+00:00 CAN id=101 dlc=8 data=d8cf0400e05ef8ff
2026-07-07T14:48:22.429+00:00 CAN id=101 dlc=8 data=d8cf0400e05ef8ff
2026-07-07T14:48:22.430+00:00 VCP run=1 step=0 angle=316143 target=315352 err=-791 steer=-395 m1=-1744/-78761 i1=-512 t1=28 m2=1682/74413 i2=648 t2=26 steerMode=-2174/-1598 iSteer=67884 driveMode=-76587/-85552 iDrive=-580156 scale=0 wheel=-222798
2026-07-07T14:48:22.450+00:00 CAN id=101 dlc=8 data=d8cf0400e05ef8ff
2026-07-07T14:48:22.470+00:00 CAN id=101 dlc=8 data=d8cf0400e05ef8ff
2026-07-07T14:48:22.490+00:00 CAN id=101 dlc=8 data=d8cf0400e05ef8ff
2026-07-07T14:48:22.510+00:00 CAN id=101 dlc=8 data=d8cf0400e05ef8ff
2026-07-07T14:48:22.529+00:00 CAN id=101 dlc=8 data=d8cf0400e05ef8ff
2026-07-07T14:48:22.550+00:00 CAN id=101 dlc=8 data=d8cf0400e05ef8ff
2026-07-07T14:48:22.570+00:00 CAN id=101 dlc=8 data=d8cf0400e05ef8ff
2026-07-07T14:48:22.590+00:00 CAN id=101 dlc=8 data=d8cf0400e05ef8ff
2026-07-07T14:48:22.610+00:00 CAN id=101 dlc=8 data=d8cf0400e05ef8ff
2026-07-07T14:48:22.611+00:00 VCP run=1 step=0 angle=315967 target=315352 err=-615 steer=-307 m1=-2089/-84602 i1=-538 t1=28 m2=2151/81221 i2=405 t2=26 steerMode=-1691/1542 iSteer=-66644 driveMode=-82912/-107241 iDrive=-471717 scale=0 wheel=-241198
2026-07-07T14:48:22.611+00:00 VCP run=1 step=0 angle=316318 target=315352 err=-966 steer=-483 m1=-2434/-91894 i1=-332 t1=28 m2=2345/86579 i2=396 t2=26 steerMode=-2657/-1523 iSteer=31710 driveMode=-89237/-123942 iDrive=-364089 scale=0 wheel=-259598
2026-07-07T14:48:22.629+00:00 CAN id=101 dlc=8 data=d8cf0400e05ef8ff
2026-07-07T14:48:22.650+00:00 CAN id=101 dlc=8 data=d8cf0400e05ef8ff
2026-07-07T14:48:22.670+00:00 CAN id=101 dlc=8 data=d8cf0400e05ef8ff
2026-07-07T14:48:22.690+00:00 CAN id=101 dlc=8 data=d8cf0400e05ef8ff
2026-07-07T14:48:22.710+00:00 CAN id=101 dlc=8 data=d8cf0400e05ef8ff
2026-07-07T14:48:22.715+00:00 VCP SET_TARGET_RX steer=315352 wheel=-500000
2026-07-07T14:48:22.715+00:00 VCP run=1 step=0 angle=315703 target=315352 err=-351 steer=0 m1=-2505/-95562 i1=-173 t1=28 m2=2523/95562 i2=407 t2=26 steerMode=0/-568 iSteer=117291 driveMode=-95562/-131827 iDrive=-289863 scale=0 wheel=-277999
2026-07-07T14:48:22.729+00:00 CAN id=101 dlc=8 data=d8cf0400e05ef8ff
2026-07-07T14:48:22.750+00:00 CAN id=101 dlc=8 data=d8cf0400e05ef8ff
2026-07-07T14:48:22.770+00:00 CAN id=101 dlc=8 data=d8cf0400e05ef8ff
2026-07-07T14:48:22.790+00:00 CAN id=101 dlc=8 data=d8cf0400e05ef8ff
2026-07-07T14:48:22.810+00:00 CAN id=101 dlc=8 data=d8cf0400e05ef8ff
2026-07-07T14:48:22.818+00:00 VCP run=1 step=0 angle=315967 target=315352 err=-615 steer=-307 m1=-2604/-103578 i1=-275 t1=28 m2=2571/100197 i2=192 t2=26 steerMode=-1691/830 iSteer=-41550 driveMode=-101887/-136276 iDrive=-233794 scale=0 wheel=-296400
2026-07-07T14:48:22.829+00:00 CAN id=101 dlc=8 data=d8cf0400e05ef8ff
2026-07-07T14:48:22.850+00:00 CAN id=101 dlc=8 data=d8cf0400e05ef8ff
2026-07-07T14:48:22.870+00:00 CAN id=101 dlc=8 data=d8cf0400e05ef8ff
2026-07-07T14:48:22.890+00:00 CAN id=101 dlc=8 data=d8cf0400e05ef8ff
2026-07-07T14:48:22.910+00:00 CAN id=101 dlc=8 data=d8cf0400e05ef8ff
2026-07-07T14:48:22.922+00:00 VCP run=1 step=0 angle=315967 target=315352 err=-615 steer=-307 m1=-2650/-109903 i1=-135 t1=28 m2=2611/106522 i2=256 t2=26 steerMode=-1691/-1266 iSteer=60485 driveMode=-108213/-138378 iDrive=-195365 scale=0 wheel=-314801
2026-07-07T14:48:22.929+00:00 CAN id=101 dlc=8 data=d8cf0400e05ef8ff
2026-07-07T14:48:22.950+00:00 CAN id=101 dlc=8 data=d8cf0400e05ef8ff
2026-07-07T14:48:22.970+00:00 CAN id=101 dlc=8 data=d8cf0400e05ef8ff
2026-07-07T14:48:22.990+00:00 CAN id=101 dlc=8 data=d8cf0400e05ef8ff
2026-07-07T14:48:23.010+00:00 CAN id=101 dlc=8 data=d8cf0400e05ef8ff
2026-07-07T14:48:23.025+00:00 VCP run=1 step=0 angle=316055 target=315352 err=-703 steer=-351 m1=-2627/-116470 i1=-228 t1=28 m2=2638/112606 i2=122 t2=26 steerMode=-1932/712 iSteer=-52542 driveMode=-114538/-138757 iDrive=-174999 scale=0 wheel=-333202
2026-07-07T14:48:23.029+00:00 CAN id=101 dlc=8 data=d8cf0400e05ef8ff
2026-07-07T14:48:23.050+00:00 CAN id=101 dlc=8 data=d8cf0400e05ef8ff
2026-07-07T14:48:23.070+00:00 CAN id=101 dlc=8 data=d8cf0400e05ef8ff
2026-07-07T14:48:23.090+00:00 CAN id=101 dlc=8 data=d8cf0400e05ef8ff
2026-07-07T14:48:23.110+00:00 CAN id=101 dlc=8 data=d8cf0400e05ef8ff
2026-07-07T14:48:23.126+00:00 VCP run=1 step=0 angle=315791 target=315352 err=-439 steer=0 m1=-2597/-120863 i1=-52 t1=28 m2=2594/120863 i2=300 t2=26 steerMode=0/-915 iSteer=123921 driveMode=-120863/-137348 iDrive=-175750 scale=0 wheel=-351603
2026-07-07T14:48:23.126+00:00 VCP SET_TARGET_RX steer=315352 wheel=-500000
2026-07-07T14:48:23.129+00:00 CAN id=101 dlc=8 data=d8cf0400e05ef8ff
2026-07-07T14:48:23.150+00:00 CAN id=101 dlc=8 data=d8cf0400e05ef8ff
2026-07-07T14:48:23.170+00:00 CAN id=101 dlc=8 data=d8cf0400e05ef8ff
2026-07-07T14:48:23.190+00:00 CAN id=101 dlc=8 data=d8cf0400e05ef8ff
2026-07-07T14:48:23.210+00:00 CAN id=101 dlc=8 data=d8cf0400e05ef8ff
2026-07-07T14:48:23.229+00:00 VCP run=1 step=0 angle=315879 target=315352 err=-527 steer=-263 m1=-2570/-128638 i1=-255 t1=28 m2=2596/125740 i2=125 t2=26 steerMode=-1449/1355 iSteer=-65137 driveMode=-127189/-136163 iDrive=-190327 scale=0 wheel=-370004
2026-07-07T14:48:23.229+00:00 CAN id=101 dlc=8 data=d8cf0400e05ef8ff
2026-07-07T14:48:23.250+00:00 CAN id=101 dlc=8 data=d8cf0400e05ef8ff
2026-07-07T14:48:23.270+00:00 CAN id=101 dlc=8 data=d8cf0400e05ef8ff
2026-07-07T14:48:23.290+00:00 CAN id=101 dlc=8 data=d8cf0400e05ef8ff
2026-07-07T14:48:23.310+00:00 CAN id=101 dlc=8 data=d8cf0400e05ef8ff
2026-07-07T14:48:23.329+00:00 CAN id=101 dlc=8 data=d8cf0400e05ef8ff
2026-07-07T14:48:23.350+00:00 CAN id=101 dlc=8 data=d8cf0400e05ef8ff
2026-07-07T14:48:23.370+00:00 CAN id=101 dlc=8 data=d8cf0400e05ef8ff
2026-07-07T14:48:23.390+00:00 CAN id=101 dlc=8 data=d8cf0400e05ef8ff
2026-07-07T14:48:23.410+00:00 CAN id=101 dlc=8 data=d8cf0400e05ef8ff
2026-07-07T14:48:23.414+00:00 VCP run=1 step=0 angle=316055 target=315352 err=-703 steer=-351 m1=-2620/-135378 i1=-142 t1=28 m2=2546/131513 i2=281 t2=26 steerMode=-1932/-1896 iSteer=69743 driveMode=-133445/-136137 iDrive=-211324 scale=0 wheel=-388205
2026-07-07T14:48:23.414+00:00 VCP run=1 step=0 angle=315703 target=315352 err=-351 steer=0 m1=-2608/-139771 i1=-205 t1=28 m2=2645/139771 i2=265 t2=26 steerMode=0/834 iSteer=30090 driveMode=-139771/-137775 iDrive=-234616 scale=0 wheel=-406606
2026-07-07T14:48:23.429+00:00 CAN id=101 dlc=8 data=d8cf0400e05ef8ff
2026-07-07T14:48:23.450+00:00 CAN id=101 dlc=8 data=d8cf0400e05ef8ff
2026-07-07T14:48:23.470+00:00 CAN id=101 dlc=8 data=d8cf0400e05ef8ff
2026-07-07T14:48:23.490+00:00 CAN id=101 dlc=8 data=d8cf0400e05ef8ff
2026-07-07T14:48:23.510+00:00 CAN id=101 dlc=8 data=d8cf0400e05ef8ff
2026-07-07T14:48:23.517+00:00 VCP run=1 step=0 angle=316230 target=315352 err=-878 steer=-439 m1=-2738/-148512 i1=-285 t1=28 m2=2670/143680 i2=222 t2=26 steerMode=-2416/-466 iSteer=-31419 driveMode=-146096/-141615 iDrive=-253186 scale=0 wheel=-425007
2026-07-07T14:48:23.529+00:00 CAN id=101 dlc=8 data=d8cf0400e05ef8ff
2026-07-07T14:48:23.550+00:00 CAN id=101 dlc=8 data=d8cf0400e05ef8ff
2026-07-07T14:48:23.570+00:00 CAN id=101 dlc=8 data=d8cf0400e05ef8ff
2026-07-07T14:48:23.590+00:00 CAN id=101 dlc=8 data=d8cf0400e05ef8ff
2026-07-07T14:48:23.610+00:00 CAN id=101 dlc=8 data=d8cf0400e05ef8ff
2026-07-07T14:48:23.618+00:00 VCP run=1 step=0 angle=315703 target=315352 err=-351 steer=0 m1=-2731/-152421 i1=-205 t1=28 m2=2785/152421 i2=359 t2=26 steerMode=0/-190 iSteer=77391 driveMode=-152421/-144497 iDrive=-282078 scale=0 wheel=-443408
2026-07-07T14:48:23.618+00:00 VCP SET_TARGET_RX steer=315352 wheel=-500000
2026-07-07T14:48:23.629+00:00 CAN id=101 dlc=8 data=d8cf0400e05ef8ff
2026-07-07T14:48:23.650+00:00 CAN id=101 dlc=8 data=d8cf0400e05ef8ff
2026-07-07T14:48:23.670+00:00 CAN id=101 dlc=8 data=d8cf0400e05ef8ff
2026-07-07T14:48:23.690+00:00 CAN id=101 dlc=8 data=d8cf0400e05ef8ff
2026-07-07T14:48:23.710+00:00 CAN id=101 dlc=8 data=d8cf0400e05ef8ff
2026-07-07T14:48:23.720+00:00 VCP run=1 step=0 angle=315879 target=315352 err=-527 steer=-150 m1=-2851/-159572 i1=-317 t1=28 m2=2873/157922 i2=292 t2=26 steerMode=-825/728 iSteer=-12671 driveMode=-158747/-149486 iDrive=-304558 scale=0 wheel=-461809
2026-07-07T14:48:23.729+00:00 CAN id=101 dlc=8 data=d8cf0400e05ef8ff
2026-07-07T14:48:23.750+00:00 CAN id=101 dlc=8 data=d8cf0400e05ef8ff
2026-07-07T14:48:23.769+00:00 CAN id=101 dlc=8 data=d8cf0400e05ef8ff
2026-07-07T14:48:23.790+00:00 CAN id=101 dlc=8 data=d8cf0400e05ef8ff
2026-07-07T14:48:23.810+00:00 CAN id=101 dlc=8 data=d8cf0400e05ef8ff
2026-07-07T14:48:23.824+00:00 VCP run=1 step=0 angle=315967 target=315352 err=-615 steer=-307 m1=-3035/-166694 i1=-265 t1=28 m2=3009/163313 i2=366 t2=26 steerMode=-1691/-1463 iSteer=50564 driveMode=-165003/-156754 iDrive=-315759 scale=0 wheel=-480010
2026-07-07T14:48:23.829+00:00 CAN id=101 dlc=8 data=d8cf0400e05ef8ff
2026-07-07T14:48:23.850+00:00 CAN id=101 dlc=8 data=d8cf0400e05ef8ff
2026-07-07T14:48:23.869+00:00 CAN id=101 dlc=8 data=d8cf0400e05ef8ff
2026-07-07T14:48:23.890+00:00 CAN id=101 dlc=8 data=d8cf0400e05ef8ff
2026-07-07T14:48:23.910+00:00 CAN id=101 dlc=8 data=d8cf0400e05ef8ff
2026-07-07T14:48:23.927+00:00 VCP run=1 step=0 angle=316143 target=315352 err=-791 steer=-395 m1=-3183/-173503 i1=-372 t1=28 m2=3130/169155 i2=266 t2=26 steerMode=-2174/112 iSteer=-53121 driveMode=-171329/-165035 iDrive=-319190 scale=0 wheel=-498411
2026-07-07T14:48:23.929+00:00 CAN id=101 dlc=8 data=d8cf0400e05ef8ff
2026-07-07T14:48:23.950+00:00 CAN id=101 dlc=8 data=d8cf0400e05ef8ff
2026-07-07T14:48:23.970+00:00 CAN id=101 dlc=8 data=d8cf0400e05ef8ff
2026-07-07T14:48:23.990+00:00 CAN id=101 dlc=8 data=d8cf0400e05ef8ff
2026-07-07T14:48:24.010+00:00 CAN id=101 dlc=8 data=d8cf0400e05ef8ff
2026-07-07T14:48:24.029+00:00 CAN id=101 dlc=8 data=d8cf0400e05ef8ff
2026-07-07T14:48:24.031+00:00 VCP run=1 step=0 angle=315352 target=315352 err=0 steer=0 m1=-3252/-171875 i1=-270 t1=28 m2=3320/171875 i2=322 t2=26 steerMode=0/721 iSteer=26164 driveMode=-171875/-171561 iDrive=-295823 scale=0 wheel=-500000
2026-07-07T14:48:24.050+00:00 CAN id=101 dlc=8 data=d8cf0400e05ef8ff
2026-07-07T14:48:24.070+00:00 CAN id=101 dlc=8 data=d8cf0400e05ef8ff
2026-07-07T14:48:24.090+00:00 CAN id=101 dlc=8 data=d8cf0400e05ef8ff
2026-07-07T14:48:24.110+00:00 CAN id=101 dlc=8 data=d8cf0400e05ef8ff
2026-07-07T14:48:24.129+00:00 CAN id=101 dlc=8 data=d8cf0400e05ef8ff
2026-07-07T14:48:24.150+00:00 CAN id=101 dlc=8 data=d8cf0400e05ef8ff
2026-07-07T14:48:24.170+00:00 CAN id=101 dlc=8 data=d8cf0400e05ef8ff
2026-07-07T14:48:24.190+00:00 CAN id=101 dlc=8 data=d8cf0400e05ef8ff
2026-07-07T14:48:24.210+00:00 CAN id=101 dlc=8 data=d8cf0400e05ef8ff
2026-07-07T14:48:24.213+00:00 VCP run=1 step=0 angle=316055 target=315352 err=-703 steer=-351 m1=-3420/-173807 i1=-279 t1=28 m2=3339/169943 i2=243 t2=26 steerMode=-1932/-399 iSteer=-18167 driveMode=-171875/-177464 iDrive=-260865 scale=0 wheel=-500000
2026-07-07T14:48:24.213+00:00 VCP SET_TARGET_RX steer=315352 wheel=-500000
2026-07-07T14:48:24.213+00:00 VCP run=1 step=0 angle=315527 target=315352 err=-175 steer=0 m1=-3464/-171875 i1=-155 t1=28 m2=3513/171875 i2=292 t2=26 steerMode=0/-195 iSteer=68686 driveMode=-171875/-182012 iDrive=-223386 scale=0 wheel=-500000
2026-07-07T14:48:24.229+00:00 CAN id=101 dlc=8 data=d8cf0400e05ef8ff
2026-07-07T14:48:24.250+00:00 CAN id=101 dlc=8 data=d8cf0400e05ef8ff
2026-07-07T14:48:24.270+00:00 CAN id=101 dlc=8 data=d8cf0400e05ef8ff
2026-07-07T14:48:24.290+00:00 CAN id=101 dlc=8 data=d8cf0400e05ef8ff
2026-07-07T14:48:24.310+00:00 CAN id=101 dlc=8 data=d8cf0400e05ef8ff
2026-07-07T14:48:24.316+00:00 VCP run=1 step=0 angle=315791 target=315352 err=-439 steer=0 m1=-3510/-171875 i1=-77 t1=28 m2=3457/171875 i2=313 t2=26 steerMode=0/-1247 iSteer=118106 driveMode=-171875/-183637 iDrive=-194611 scale=0 wheel=-500000
2026-07-07T14:48:24.329+00:00 CAN id=101 dlc=8 data=d8cf0400e05ef8ff
2026-07-07T14:48:24.349+00:00 CAN id=101 dlc=8 data=d8cf0400e05ef8ff
2026-07-07T14:48:24.369+00:00 CAN id=101 dlc=8 data=d8cf0400e05ef8ff
2026-07-07T14:48:24.389+00:00 CAN id=101 dlc=8 data=d8cf0400e05ef8ff
2026-07-07T14:48:24.410+00:00 CAN id=101 dlc=8 data=d8cf0400e05ef8ff
2026-07-07T14:48:24.420+00:00 VCP run=1 step=0 angle=315879 target=315352 err=-527 steer=-263 m1=-3472/-173324 i1=-216 t1=28 m2=3477/170426 i2=131 t2=26 steerMode=-1449/503 iSteer=-42562 driveMode=-171875/-183479 iDrive=-173905 scale=0 wheel=-500000
2026-07-07T14:48:24.429+00:00 CAN id=101 dlc=8 data=d8cf0400e05ef8ff
2026-07-07T14:48:24.450+00:00 CAN id=101 dlc=8 data=d8cf0400e05ef8ff
2026-07-07T14:48:24.470+00:00 CAN id=101 dlc=8 data=d8cf0400e05ef8ff
2026-07-07T14:48:24.490+00:00 CAN id=101 dlc=8 data=d8cf0400e05ef8ff
2026-07-07T14:48:24.510+00:00 CAN id=101 dlc=8 data=d8cf0400e05ef8ff
2026-07-07T14:48:24.523+00:00 VCP run=1 step=0 angle=315967 target=315352 err=-615 steer=-307 m1=-3481/-173566 i1=-159 t1=28 m2=3477/170184 i2=150 t2=26 steerMode=-1691/-536 iSteer=-4317 driveMode=-171875/-183096 iDrive=-154712 scale=0 wheel=-500000
2026-07-07T14:48:24.529+00:00 CAN id=101 dlc=8 data=d8cf0400e05ef8ff
2026-07-07T14:48:24.550+00:00 CAN id=101 dlc=8 data=d8cf0400e05ef8ff
2026-07-07T14:48:24.570+00:00 CAN id=101 dlc=8 data=d8cf0400e05ef8ff
2026-07-07T14:48:24.590+00:00 CAN id=101 dlc=8 data=d8cf0400e05ef8ff
2026-07-07T14:48:24.610+00:00 CAN id=101 dlc=8 data=d8cf0400e05ef8ff
2026-07-07T14:48:24.625+00:00 VCP run=1 step=0 angle=315615 target=315352 err=-263 steer=0 m1=-3445/-171875 i1=-46 t1=28 m2=3392/171875 i2=243 t2=26 steerMode=0/-908 iSteer=98412 driveMode=-171875/-181197 iDrive=-144513 scale=0 wheel=-500000
2026-07-07T14:48:24.625+00:00 VCP SET_TARGET_RX steer=315352 wheel=-500000
2026-07-07T14:48:24.629+00:00 CAN id=101 dlc=8 data=d8cf0400e05ef8ff
2026-07-07T14:48:24.650+00:00 CAN id=101 dlc=8 data=d8cf0400e05ef8ff
2026-07-07T14:48:24.670+00:00 CAN id=101 dlc=8 data=d8cf0400e05ef8ff
2026-07-07T14:48:24.690+00:00 CAN id=101 dlc=8 data=d8cf0400e05ef8ff
2026-07-07T14:48:24.709+00:00 CAN id=101 dlc=8 data=d8cf0400e05ef8ff
2026-07-07T14:48:24.728+00:00 VCP run=1 step=0 angle=315439 target=315352 err=-87 steer=0 m1=-3380/-171875 i1=-132 t1=28 m2=3390/171875 i2=156 t2=26 steerMode=0/793 iSteer=12041 driveMode=-171875/-178418 iDrive=-144036 scale=0 wheel=-500000
2026-07-07T14:48:24.729+00:00 CAN id=101 dlc=8 data=d8cf0400e05ef8ff
2026-07-07T14:48:24.750+00:00 CAN id=101 dlc=8 data=d8cf0400e05ef8ff
2026-07-07T14:48:24.770+00:00 CAN id=101 dlc=8 data=d8cf0400e05ef8ff
2026-07-07T14:48:24.790+00:00 CAN id=101 dlc=8 data=d8cf0400e05ef8ff
2026-07-07T14:48:24.810+00:00 CAN id=101 dlc=8 data=d8cf0400e05ef8ff
2026-07-07T14:48:24.830+00:00 CAN id=101 dlc=8 data=d8cf0400e05ef8ff
2026-07-07T14:48:24.850+00:00 CAN id=101 dlc=8 data=d8cf0400e05ef8ff
2026-07-07T14:48:24.870+00:00 CAN id=101 dlc=8 data=d8cf0400e05ef8ff
2026-07-07T14:48:24.890+00:00 CAN id=101 dlc=8 data=d8cf0400e05ef8ff
2026-07-07T14:48:24.910+00:00 CAN id=101 dlc=8 data=d8cf0400e05ef8ff
2026-07-07T14:48:24.913+00:00 VCP run=1 step=0 angle=316055 target=315352 err=-703 steer=-351 m1=-3363/-173807 i1=-150 t1=28 m2=3333/169943 i2=140 t2=26 steerMode=-1932/-848 iSteer=-4720 driveMode=-171875/-176238 iDrive=-145044 scale=0 wheel=-500000
2026-07-07T14:48:24.913+00:00 VCP run=1 step=0 angle=315879 target=315352 err=-527 steer=-150 m1=-3286/-172700 i1=-155 t1=28 m2=3333/171050 i2=136 t2=26 steerMode=-825/361 iSteer=-9236 driveMode=-171875/-174787 iDrive=-145677 scale=0 wheel=-500000
2026-07-07T14:48:24.929+00:00 CAN id=101 dlc=8 data=d8cf0400e05ef8ff
2026-07-07T14:48:24.950+00:00 CAN id=101 dlc=8 data=d8cf0400e05ef8ff
2026-07-07T14:48:24.970+00:00 CAN id=101 dlc=8 data=d8cf0400e05ef8ff
2026-07-07T14:48:24.990+00:00 CAN id=101 dlc=8 data=d8cf0400e05ef8ff
2026-07-07T14:48:25.009+00:00 CAN id=101 dlc=8 data=d8cf0400e05ef8ff
2026-07-07T14:48:25.017+00:00 VCP run=1 step=0 angle=315439 target=315352 err=-87 steer=0 m1=-3248/-171875 i1=-87 t1=28 m2=3216/171875 i2=232 t2=26 steerMode=0/-476 iSteer=72487 driveMode=-171875/-171570 iDrive=-159307 scale=0 wheel=-500000
2026-07-07T14:48:25.029+00:00 CAN id=101 dlc=8 data=d8cf0400e05ef8ff
2026-07-07T14:48:25.050+00:00 CAN id=101 dlc=8 data=d8cf0400e05ef8ff
2026-07-07T14:48:25.070+00:00 CAN id=101 dlc=8 data=d8cf0400e05ef8ff
2026-07-07T14:48:25.090+00:00 CAN id=101 dlc=8 data=d8cf0400e05ef8ff
2026-07-07T14:48:25.110+00:00 CAN id=101 dlc=8 data=d8cf0400e05ef8ff
2026-07-07T14:48:25.118+00:00 VCP run=1 step=0 angle=315791 target=315352 err=-439 steer=0 m1=-3223/-171875 i1=-136 t1=28 m2=3201/171875 i2=208 t2=26 steerMode=0/229 iSteer=36451 driveMode=-171875/-169532 iDrive=-171985 scale=0 wheel=-500000
2026-07-07T14:48:25.118+00:00 VCP SET_TARGET_RX steer=315352 wheel=-500000
2026-07-07T14:48:25.130+00:00 CAN id=101 dlc=8 data=d8cf0400e05ef8ff
2026-07-07T14:48:25.150+00:00 CAN id=101 dlc=8 data=d8cf0400e05ef8ff
2026-07-07T14:48:25.170+00:00 CAN id=101 dlc=8 data=d8cf0400e05ef8ff
2026-07-07T14:48:25.190+00:00 CAN id=101 dlc=8 data=d8cf0400e05ef8ff
2026-07-07T14:48:25.210+00:00 CAN id=101 dlc=8 data=d8cf0400e05ef8ff
2026-07-07T14:48:25.221+00:00 VCP run=1 step=0 angle=315967 target=315352 err=-615 steer=-307 m1=-3244/-173566 i1=-177 t1=28 m2=3216/170184 i2=175 t2=27 steerMode=-1691/-767 iSteer=-1191 driveMode=-171875/-169681 iDrive=-175883 scale=0 wheel=-500000
2026-07-07T14:48:25.229+00:00 CAN id=101 dlc=8 data=d8cf0400e05ef8ff
2026-07-07T14:48:25.250+00:00 CAN id=101 dlc=8 data=d8cf0400e05ef8ff
2026-07-07T14:48:25.270+00:00 CAN id=101 dlc=8 data=d8cf0400e05ef8ff
2026-07-07T14:48:25.290+00:00 CAN id=101 dlc=8 data=d8cf0400e05ef8ff
2026-07-07T14:48:25.310+00:00 CAN id=101 dlc=8 data=d8cf0400e05ef8ff
2026-07-07T14:48:25.324+00:00 VCP run=1 step=0 angle=315879 target=315352 err=-527 steer=-263 m1=-3223/-173324 i1=-164 t1=28 m2=3199/170426 i2=200 t2=27 steerMode=-1449/-905 iSteer=18192 driveMode=-171875/-169276 iDrive=-181799 scale=0 wheel=-500000
2026-07-07T14:48:25.329+00:00 CAN id=101 dlc=8 data=d8cf0400e05ef8ff
2026-07-07T14:48:25.350+00:00 CAN id=101 dlc=8 data=d8cf0400e05ef8ff
2026-07-07T14:48:25.370+00:00 CAN id=101 dlc=8 data=d8cf0400e05ef8ff
2026-07-07T14:48:25.390+00:00 CAN id=101 dlc=8 data=d8cf0400e05ef8ff
2026-07-07T14:48:25.410+00:00 CAN id=101 dlc=8 data=d8cf0400e05ef8ff
2026-07-07T14:48:25.429+00:00 VCP run=1 step=0 angle=315264 target=315352 err=88 steer=0 m1=-3175/-171875 i1=-184 t1=28 m2=3237/171875 i2=200 t2=27 steerMode=0/764 iSteer=8110 driveMode=-171875/-168497 iDrive=-191697 scale=0 wheel=-500000
2026-07-07T14:48:25.429+00:00 CAN id=101 dlc=8 data=d8cf0400e05ef8ff
2026-07-07T14:48:25.450+00:00 CAN id=101 dlc=8 data=d8cf0400e05ef8ff
2026-07-07T14:48:25.470+00:00 CAN id=101 dlc=8 data=d8cf0400e05ef8ff
2026-07-07T14:48:25.490+00:00 CAN id=101 dlc=8 data=d8cf0400e05ef8ff
2026-07-07T14:48:25.510+00:00 CAN id=101 dlc=8 data=d8cf0400e05ef8ff
2026-07-07T14:48:25.529+00:00 CAN id=101 dlc=8 data=d8cf0400e05ef8ff
2026-07-07T14:48:25.550+00:00 CAN id=101 dlc=8 data=d8cf0400e05ef8ff
2026-07-07T14:48:25.570+00:00 CAN id=101 dlc=8 data=d8cf0400e05ef8ff
2026-07-07T14:48:25.590+00:00 CAN id=101 dlc=8 data=d8cf0400e05ef8ff
2026-07-07T14:48:25.609+00:00 CAN id=101 dlc=8 data=d8cf0400e05ef8ff
2026-07-07T14:48:25.611+00:00 VCP run=1 step=0 angle=315791 target=315352 err=-439 steer=0 m1=-3202/-171875 i1=-150 t1=28 m2=3212/171875 i2=242 t2=27 steerMode=0/-10 iSteer=46019 driveMode=-171875/-168869 iDrive=-195641 scale=0 wheel=-500000
2026-07-07T14:48:25.611+00:00 VCP run=1 step=0 angle=315615 target=315352 err=-263 steer=0 m1=-3227/-171875 i1=-104 t1=28 m2=3210/171875 i2=285 t2=27 steerMode=0/-942 iSteer=90685 driveMode=-171875/-169930 iDrive=-194782 scale=0 wheel=-500000
2026-07-07T14:48:25.629+00:00 CAN id=101 dlc=8 data=d8cf0400e05ef8ff
2026-07-07T14:48:25.650+00:00 CAN id=101 dlc=8 data=d8cf0400e05ef8ff
2026-07-07T14:48:25.670+00:00 CAN id=101 dlc=8 data=d8cf0400e05ef8ff
2026-07-07T14:48:25.689+00:00 CAN id=101 dlc=8 data=d8cf0400e05ef8ff
2026-07-07T14:48:25.710+00:00 CAN id=101 dlc=8 data=d8cf0400e05ef8ff
2026-07-07T14:48:25.715+00:00 VCP SET_TARGET_RX steer=315352 wheel=-500000
2026-07-07T14:48:25.715+00:00 VCP run=1 step=0 angle=315439 target=315352 err=-87 steer=0 m1=-3250/-171875 i1=-117 t1=28 m2=3241/171875 i2=278 t2=27 steerMode=0/-768 iSteer=80654 driveMode=-171875/-170107 iDrive=-197467 scale=0 wheel=-500000
2026-07-07T14:48:25.729+00:00 CAN id=101 dlc=8 data=d8cf0400e05ef8ff
2026-07-07T14:48:25.750+00:00 CAN id=101 dlc=8 data=d8cf0400e05ef8ff
2026-07-07T14:48:25.770+00:00 CAN id=101 dlc=8 data=d8cf0400e05ef8ff
2026-07-07T14:48:25.790+00:00 CAN id=101 dlc=8 data=d8cf0400e05ef8ff
2026-07-07T14:48:25.810+00:00 CAN id=101 dlc=8 data=d8cf0400e05ef8ff
2026-07-07T14:48:25.818+00:00 VCP run=1 step=0 angle=315879 target=315352 err=-527 steer=-150 m1=-3248/-172700 i1=-202 t1=28 m2=3254/171050 i2=195 t2=27 steerMode=-825/86 iSteer=-3312 driveMode=-171875/-170501 iDrive=-198526 scale=0 wheel=-500000
2026-07-07T14:48:25.829+00:00 CAN id=101 dlc=8 data=d8cf0400e05ef8ff
2026-07-07T14:48:25.850+00:00 CAN id=101 dlc=8 data=d8cf0400e05ef8ff
2026-07-07T14:48:25.870+00:00 CAN id=101 dlc=8 data=d8cf0400e05ef8ff
2026-07-07T14:48:25.890+00:00 CAN id=101 dlc=8 data=d8cf0400e05ef8ff
2026-07-07T14:48:25.910+00:00 CAN id=101 dlc=8 data=d8cf0400e05ef8ff
2026-07-07T14:48:25.922+00:00 VCP run=1 step=0 angle=315791 target=315352 err=-439 steer=0 m1=-3252/-171875 i1=-178 t1=28 m2=3281/171875 i2=210 t2=27 steerMode=0/517 iSteer=16124 driveMode=-171875/-171751 iDrive=-193996 scale=0 wheel=-500000
2026-07-07T14:48:25.929+00:00 CAN id=101 dlc=8 data=d8cf0400e05ef8ff
2026-07-07T14:48:25.950+00:00 CAN id=101 dlc=8 data=d8cf0400e05ef8ff
2026-07-07T14:48:25.970+00:00 CAN id=101 dlc=8 data=d8cf0400e05ef8ff
2026-07-07T14:48:25.990+00:00 CAN id=101 dlc=8 data=d8cf0400e05ef8ff
2026-07-07T14:48:26.010+00:00 CAN id=101 dlc=8 data=d8cf0400e05ef8ff
2026-07-07T14:48:26.026+00:00 VCP run=1 step=0 angle=315703 target=315352 err=-351 steer=0 m1=-3319/-171875 i1=-45 t1=28 m2=3212/171875 i2=334 t2=27 steerMode=0/-2102 iSteer=144356 driveMode=-171875/-172402 iDrive=-189505 scale=0 wheel=-500000
2026-07-07T14:48:26.029+00:00 CAN id=101 dlc=8 data=d8cf0400e05ef8ff
2026-07-07T14:48:26.050+00:00 CAN id=101 dlc=8 data=d8cf0400e05ef8ff
2026-07-07T14:48:26.070+00:00 CAN id=101 dlc=8 data=d8cf0400e05ef8ff
2026-07-07T14:48:26.090+00:00 CAN id=101 dlc=8 data=d8cf0400e05ef8ff
2026-07-07T14:48:26.110+00:00 CAN id=101 dlc=8 data=d8cf0400e05ef8ff
2026-07-07T14:48:26.128+00:00 VCP run=1 step=0 angle=315439 target=315352 err=-87 steer=0 m1=-3244/-171875 i1=-201 t1=28 m2=3306/171875 i2=183 t2=27 steerMode=0/978 iSteer=-9008 driveMode=-171875/-171904 iDrive=-191722 scale=0 wheel=-500000
2026-07-07T14:48:26.128+00:00 VCP SET_TARGET_RX steer=315352 wheel=-500000
2026-07-07T14:48:26.129+00:00 CAN id=101 dlc=8 data=d8cf0400e05ef8ff
2026-07-07T14:48:26.149+00:00 CAN id=101 dlc=8 data=d8cf0400e05ef8ff
2026-07-07T14:48:26.170+00:00 CAN id=101 dlc=8 data=d8cf0400e05ef8ff
2026-07-07T14:48:26.190+00:00 CAN id=101 dlc=8 data=d8cf0400e05ef8ff
2026-07-07T14:48:26.210+00:00 CAN id=101 dlc=8 data=d8cf0400e05ef8ff
2026-07-07T14:48:26.229+00:00 CAN id=101 dlc=8 data=d8cf0400e05ef8ff
2026-07-07T14:48:26.231+00:00 VCP run=1 step=0 angle=315879 target=315352 err=-527 steer=-263 m1=-3311/-173324 i1=-187 t1=28 m2=3247/170426 i2=186 t2=27 steerMode=-1449/-682 iSteer=-139 driveMode=-171875/-172733 iDrive=-186583 scale=0 wheel=-500000
2026-07-07T14:48:26.249+00:00 CAN id=101 dlc=8 data=d8cf0400e05ef8ff
2026-07-07T14:48:26.270+00:00 CAN id=101 dlc=8 data=d8cf0400e05ef8ff
2026-07-07T14:48:26.290+00:00 CAN id=101 dlc=8 data=d8cf0400e05ef8ff
2026-07-07T14:48:26.310+00:00 CAN id=101 dlc=8 data=d8cf0400e05ef8ff
2026-07-07T14:48:26.329+00:00 CAN id=101 dlc=8 data=d8cf0400e05ef8ff
2026-07-07T14:48:26.350+00:00 CAN id=101 dlc=8 data=d8cf0400e05ef8ff
2026-07-07T14:48:26.370+00:00 CAN id=101 dlc=8 data=d8cf0400e05ef8ff
2026-07-07T14:48:26.390+00:00 CAN id=101 dlc=8 data=d8cf0400e05ef8ff
2026-07-07T14:48:26.410+00:00 CAN id=101 dlc=8 data=d8cf0400e05ef8ff
2026-07-07T14:48:26.417+00:00 VCP run=1 step=0 angle=315527 target=315352 err=-175 steer=0 m1=-3290/-171875 i1=-117 t1=28 m2=3302/171875 i2=242 t2=27 steerMode=0/-480 iSteer=62577 driveMode=-171875/-173653 iDrive=-179397 scale=0 wheel=-500000
2026-07-07T14:48:26.417+00:00 VCP run=1 step=0 angle=315703 target=315352 err=-351 steer=0 m1=-3278/-171875 i1=-166 t1=28 m2=3289/171875 i2=198 t2=27 steerMode=0/437 iSteer=16112 driveMode=-171875/-172688 iDrive=-181885 scale=0 wheel=-500000
2026-07-07T14:48:26.430+00:00 CAN id=101 dlc=8 data=d8cf0400e05ef8ff
2026-07-07T14:48:26.450+00:00 CAN id=101 dlc=8 data=d8cf0400e05ef8ff
2026-07-07T14:48:26.470+00:00 CAN id=101 dlc=8 data=d8cf0400e05ef8ff
2026-07-07T14:48:26.490+00:00 CAN id=101 dlc=8 data=d8cf0400e05ef8ff
2026-07-07T14:48:26.510+00:00 CAN id=101 dlc=8 data=d8cf0400e05ef8ff
2026-07-07T14:48:26.520+00:00 VCP run=1 step=0 angle=315967 target=315352 err=-615 steer=-307 m1=-3292/-173566 i1=-202 t1=28 m2=3228/170184 i2=166 t2=27 steerMode=-1691/-600 iSteer=-18132 driveMode=-171875/-172119 iDrive=-183960 scale=0 wheel=-500000
2026-07-07T14:48:26.529+00:00 CAN id=101 dlc=8 data=d8cf0400e05ef8ff
2026-07-07T14:48:26.550+00:00 CAN id=101 dlc=8 data=d8cf0400e05ef8ff
2026-07-07T14:48:26.570+00:00 CAN id=101 dlc=8 data=d8cf0400e05ef8ff
2026-07-07T14:48:26.590+00:00 CAN id=101 dlc=8 data=d8cf0400e05ef8ff
2026-07-07T14:48:26.610+00:00 CAN id=101 dlc=8 data=d8cf0400e05ef8ff
2026-07-07T14:48:26.621+00:00 VCP run=1 step=0 angle=315527 target=315352 err=-175 steer=0 m1=-3261/-171875 i1=-160 t1=28 m2=3308/171875 i2=200 t2=27 steerMode=0/352 iSteer=20099 driveMode=-171875/-172765 iDrive=-179988 scale=0 wheel=-500000
2026-07-07T14:48:26.621+00:00 VCP SET_TARGET_RX steer=315352 wheel=-500000
2026-07-07T14:48:26.629+00:00 CAN id=101 dlc=8 data=d8cf0400e05ef8ff
2026-07-07T14:48:26.650+00:00 CAN id=101 dlc=8 data=d8cf0400e05ef8ff
2026-07-07T14:48:26.670+00:00 CAN id=101 dlc=8 data=d8cf0400e05ef8ff
2026-07-07T14:48:26.690+00:00 CAN id=101 dlc=8 data=d8cf0400e05ef8ff
2026-07-07T14:48:26.710+00:00 CAN id=101 dlc=8 data=d8cf0400e05ef8ff
2026-07-07T14:48:26.723+00:00 VCP run=1 step=0 angle=315879 target=315352 err=-527 steer=-263 m1=-3309/-173324 i1=-144 t1=28 m2=3243/170426 i2=213 t2=27 steerMode=-1449/-1446 iSteer=34854 driveMode=-171875/-172634 iDrive=-178476 scale=0 wheel=-500000
2026-07-07T14:48:26.729+00:00 CAN id=101 dlc=8 data=d8cf0400e05ef8ff
2026-07-07T14:48:26.750+00:00 CAN id=101 dlc=8 data=d8cf0400e05ef8ff
2026-07-07T14:48:26.770+00:00 CAN id=101 dlc=8 data=d8cf0400e05ef8ff
2026-07-07T14:48:26.790+00:00 CAN id=101 dlc=8 data=d8cf0400e05ef8ff
2026-07-07T14:48:26.810+00:00 CAN id=101 dlc=8 data=d8cf0400e05ef8ff
2026-07-07T14:48:26.827+00:00 VCP run=1 step=0 angle=315264 target=315352 err=88 steer=0 m1=-3227/-171875 i1=-170 t1=28 m2=3262/171875 i2=202 t2=27 steerMode=0/425 iSteer=16032 driveMode=-171875/-171210 iDrive=-185568 scale=0 wheel=-500000
2026-07-07T14:48:26.829+00:00 CAN id=101 dlc=8 data=d8cf0400e05ef8ff
2026-07-07T14:48:26.850+00:00 CAN id=101 dlc=8 data=d8cf0400e05ef8ff
2026-07-07T14:48:26.870+00:00 CAN id=101 dlc=8 data=d8cf0400e05ef8ff
2026-07-07T14:48:26.890+00:00 CAN id=101 dlc=8 data=d8cf0400e05ef8ff
2026-07-07T14:48:26.910+00:00 CAN id=101 dlc=8 data=d8cf0400e05ef8ff
2026-07-07T14:48:26.929+00:00 CAN id=101 dlc=8 data=d8cf0400e05ef8ff
2026-07-07T14:48:26.931+00:00 VCP run=1 step=0 angle=315703 target=315352 err=-351 steer=0 m1=-3259/-171875 i1=-160 t1=28 m2=3277/171875 i2=210 t2=27 steerMode=0/219 iSteer=25340 driveMode=-171875/-171540 iDrive=-184968 scale=0 wheel=-500000
2026-07-07T14:48:26.931+00:00 VCP run=1 step=0 angle=315879 target=315352 err=-527 steer=-263 m1=-3317/-173324 i1=-154 t1=28 m2=3224/170426 i2=209 t2=27 steerMode=-1449/-1323 iSteer=27483 driveMode=-171875/-172267 iDrive=-181168 scale=0 wheel=-500000
2026-07-07T14:48:26.950+00:00 CAN id=101 dlc=8 data=d8cf0400e05ef8ff
2026-07-07T14:48:26.970+00:00 CAN id=101 dlc=8 data=d8cf0400e05ef8ff
2026-07-07T14:48:26.990+00:00 CAN id=101 dlc=8 data=d8cf0400e05ef8ff
2026-07-07T14:48:27.010+00:00 CAN id=101 dlc=8 data=d8cf0400e05ef8ff
2026-07-07T14:48:27.029+00:00 CAN id=101 dlc=8 data=d8cf0400e05ef8ff
2026-07-07T14:48:27.050+00:00 CAN id=101 dlc=8 data=d8cf0400e05ef8ff
2026-07-07T14:48:27.070+00:00 CAN id=101 dlc=8 data=d8cf0400e05ef8ff
2026-07-07T14:48:27.089+00:00 CAN id=101 dlc=8 data=d8cf0400e05ef8ff
2026-07-07T14:48:27.110+00:00 CAN id=101 dlc=8 data=d8cf0400e05ef8ff
2026-07-07T14:48:27.114+00:00 VCP run=1 step=0 angle=315352 target=315352 err=0 steer=0 m1=-3236/-171875 i1=-167 t1=28 m2=3270/171875 i2=205 t2=27 steerMode=0/347 iSteer=18815 driveMode=-171875/-171398 iDrive=-185769 scale=0 wheel=-500000
2026-07-07T14:48:27.114+00:00 VCP SET_TARGET_RX steer=315352 wheel=-500000
2026-07-07T14:48:27.129+00:00 CAN id=101 dlc=8 data=d8cf0400e05ef8ff
2026-07-07T14:48:27.149+00:00 CAN id=101 dlc=8 data=d8cf0400e05ef8ff
2026-07-07T14:48:27.170+00:00 CAN id=101 dlc=8 data=d8cf0400e05ef8ff
2026-07-07T14:48:27.190+00:00 CAN id=101 dlc=8 data=d8cf0400e05ef8ff
2026-07-07T14:48:27.210+00:00 CAN id=101 dlc=8 data=d8cf0400e05ef8ff
2026-07-07T14:48:27.218+00:00 VCP run=1 step=0 angle=315615 target=315352 err=-263 steer=0 m1=-3267/-171875 i1=-145 t1=28 m2=3235/171875 i2=227 t2=27 steerMode=0/-111 iSteer=40682 driveMode=-171875/-171542 iDrive=-185835 scale=0 wheel=-500000
2026-07-07T14:48:27.229+00:00 CAN id=101 dlc=8 data=d8cf0400e05ef8ff
2026-07-07T14:48:27.250+00:00 CAN id=101 dlc=8 data=d8cf0400e05ef8ff
2026-07-07T14:48:27.270+00:00 CAN id=101 dlc=8 data=d8cf0400e05ef8ff
2026-07-07T14:48:27.290+00:00 CAN id=101 dlc=8 data=d8cf0400e05ef8ff
2026-07-07T14:48:27.310+00:00 CAN id=101 dlc=8 data=d8cf0400e05ef8ff
2026-07-07T14:48:27.322+00:00 VCP run=1 step=0 angle=315615 target=315352 err=-263 steer=0 m1=-3257/-171875 i1=-167 t1=28 m2=3277/171875 i2=201 t2=27 steerMode=0/370 iSteer=16673 driveMode=-171875/-172004 iDrive=-184006 scale=0 wheel=-500000
2026-07-07T14:48:27.329+00:00 CAN id=101 dlc=8 data=d8cf0400e05ef8ff
2026-07-07T14:48:27.350+00:00 CAN id=101 dlc=8 data=d8cf0400e05ef8ff
2026-07-07T14:48:27.370+00:00 CAN id=101 dlc=8 data=d8cf0400e05ef8ff
2026-07-07T14:48:27.390+00:00 CAN id=101 dlc=8 data=d8cf0400e05ef8ff
2026-07-07T14:48:27.410+00:00 CAN id=101 dlc=8 data=d8cf0400e05ef8ff
2026-07-07T14:48:27.425+00:00 VCP run=1 step=0 angle=315879 target=315352 err=-527 steer=-263 m1=-3301/-173324 i1=-128 t1=28 m2=3214/170426 i2=238 t2=27 steerMode=-1449/-1894 iSteer=55115 driveMode=-171875/-172027 iDrive=-182738 scale=0 wheel=-500000
2026-07-07T14:48:27.429+00:00 CAN id=101 dlc=8 data=d8cf0400e05ef8ff
2026-07-07T14:48:27.450+00:00 CAN id=101 dlc=8 data=d8cf0400e05ef8ff
2026-07-07T14:48:27.470+00:00 CAN id=101 dlc=8 data=d8cf0400e05ef8ff
2026-07-07T14:48:27.490+00:00 CAN id=101 dlc=8 data=d8cf0400e05ef8ff
2026-07-07T14:48:27.510+00:00 CAN id=101 dlc=8 data=d8cf0400e05ef8ff
2026-07-07T14:48:27.529+00:00 CAN id=101 dlc=8 data=d8cf0400e05ef8ff
2026-07-07T14:48:27.530+00:00 VCP run=1 step=0 angle=315352 target=315352 err=0 steer=0 m1=-3242/-171875 i1=-173 t1=28 m2=3289/171875 i2=199 t2=27 steerMode=0/449 iSteer=12797 driveMode=-171875/-171406 iDrive=-186259 scale=0 wheel=-500000
2026-07-07T14:48:27.550+00:00 CAN id=101 dlc=8 data=d8cf0400e05ef8ff
2026-07-07T14:48:27.570+00:00 CAN id=101 dlc=8 data=d8cf0400e05ef8ff
2026-07-07T14:48:27.590+00:00 CAN id=101 dlc=8 data=d8cf0400e05ef8ff
2026-07-07T14:48:27.610+00:00 CAN id=101 dlc=8 data=d8cf0400e05ef8ff
2026-07-07T14:48:27.629+00:00 CAN id=101 dlc=8 data=d8cf0400e05ef8ff
2026-07-07T14:48:27.630+00:00 VCP run=1 step=0 angle=315791 target=315352 err=-439 steer=0 m1=-3282/-171875 i1=-154 t1=28 m2=3256/171875 i2=213 t2=27 steerMode=0/95 iSteer=29620 driveMode=-171875/-172013 iDrive=-183845 scale=0 wheel=-500000
2026-07-07T14:48:27.631+00:00 VCP SET_TARGET_RX steer=315352 wheel=-500000
2026-07-07T14:48:27.649+00:00 CAN id=101 dlc=8 data=d8cf0400e05ef8ff
2026-07-07T14:48:27.670+00:00 CAN id=101 dlc=8 data=d8cf0400e05ef8ff
2026-07-07T14:48:27.690+00:00 CAN id=101 dlc=8 data=d8cf0400e05ef8ff
2026-07-07T14:48:27.710+00:00 CAN id=101 dlc=8 data=d8cf0400e05ef8ff
2026-07-07T14:48:27.730+00:00 CAN id=101 dlc=8 data=d8cf0400e05ef8ff
2026-07-07T14:48:27.750+00:00 CAN id=101 dlc=8 data=d8cf0400e05ef8ff
2026-07-07T14:48:27.770+00:00 CAN id=101 dlc=8 data=d8cf0400e05ef8ff
2026-07-07T14:48:27.790+00:00 CAN id=101 dlc=8 data=d8cf0400e05ef8ff
2026-07-07T14:48:27.810+00:00 CAN id=101 dlc=8 data=d8cf0400e05ef8ff
2026-07-07T14:48:27.816+00:00 VCP run=1 step=0 angle=315791 target=315352 err=-439 steer=-13 m1=-3319/-171949 i1=-70 t1=28 m2=3245/171801 i2=285 t2=27 steerMode=-74/-1582 iSteer=107343 driveMode=-171875/-172955 iDrive=-177752 scale=0 wheel=-500000
2026-07-07T14:48:27.816+00:00 VCP run=1 step=0 angle=315264 target=315352 err=88 steer=0 m1=-3252/-171875 i1=-176 t1=28 m2=3258/171875 i2=192 t2=27 steerMode=0/513 iSteer=8105 driveMode=-171875/-171546 iDrive=-184356 scale=0 wheel=-500000
2026-07-07T14:48:27.829+00:00 CAN id=101 dlc=8 data=d8cf0400e05ef8ff
2026-07-07T14:48:27.849+00:00 CAN id=101 dlc=8 data=d8cf0400e05ef8ff
2026-07-07T14:48:27.870+00:00 CAN id=101 dlc=8 data=d8cf0400e05ef8ff
2026-07-07T14:48:27.890+00:00 CAN id=101 dlc=8 data=d8cf0400e05ef8ff
2026-07-07T14:48:27.910+00:00 CAN id=101 dlc=8 data=d8cf0400e05ef8ff
2026-07-07T14:48:27.919+00:00 VCP run=1 step=0 angle=315703 target=315352 err=-351 steer=0 m1=-3257/-171875 i1=-136 t1=28 m2=3247/171875 i2=235 t2=27 steerMode=0/-333 iSteer=49458 driveMode=-171875/-171364 iDrive=-185930 scale=0 wheel=-500000
2026-07-07T14:48:27.929+00:00 CAN id=101 dlc=8 data=d8cf0400e05ef8ff
2026-07-07T14:48:27.950+00:00 CAN id=101 dlc=8 data=d8cf0400e05ef8ff
2026-07-07T14:48:27.970+00:00 CAN id=101 dlc=8 data=d8cf0400e05ef8ff
2026-07-07T14:48:27.990+00:00 CAN id=101 dlc=8 data=d8cf0400e05ef8ff
2026-07-07T14:48:28.010+00:00 CAN id=101 dlc=8 data=d8cf0400e05ef8ff
2026-07-07T14:48:28.023+00:00 VCP run=1 step=0 angle=315791 target=315352 err=-439 steer=0 m1=-3267/-171875 i1=-142 t1=28 m2=3272/171875 i2=227 t2=27 steerMode=0/-208 iSteer=42645 driveMode=-171875/-171810 iDrive=-184615 scale=0 wheel=-500000
2026-07-07T14:48:28.029+00:00 CAN id=101 dlc=8 data=d8cf0400e05ef8ff
2026-07-07T14:48:28.050+00:00 CAN id=101 dlc=8 data=d8cf0400e05ef8ff
2026-07-07T14:48:28.070+00:00 CAN id=101 dlc=8 data=d8cf0400e05ef8ff
2026-07-07T14:48:28.090+00:00 CAN id=101 dlc=8 data=d8cf0400e05ef8ff
2026-07-07T14:48:28.110+00:00 CAN id=101 dlc=8 data=d8cf0400e05ef8ff
2026-07-07T14:48:28.124+00:00 VCP run=1 step=0 angle=315527 target=315352 err=-175 steer=0 m1=-3290/-171875 i1=-71 t1=28 m2=3235/171875 i2=292 t2=27 steerMode=0/-1603 iSteer=110491 driveMode=-171875/-172195 iDrive=-181859 scale=0 wheel=-500000
2026-07-07T14:48:28.124+00:00 VCP SET_TARGET_RX steer=315352 wheel=-500000
2026-07-07T14:48:28.129+00:00 CAN id=101 dlc=8 data=d8cf0400e05ef8ff
2026-07-07T14:48:28.150+00:00 CAN id=101 dlc=8 data=d8cf0400e05ef8ff
2026-07-07T14:48:28.170+00:00 CAN id=101 dlc=8 data=d8cf0400e05ef8ff
2026-07-07T14:48:28.190+00:00 CAN id=101 dlc=8 data=d8cf0400e05ef8ff
2026-07-07T14:48:28.210+00:00 CAN id=101 dlc=8 data=d8cf0400e05ef8ff
2026-07-07T14:48:28.228+00:00 VCP run=1 step=0 angle=315527 target=315352 err=-175 steer=0 m1=-3261/-171875 i1=-166 t1=28 m2=3256/171875 i2=204 t2=27 steerMode=0/249 iSteer=19157 driveMode=-171875/-171541 iDrive=-185253 scale=0 wheel=-500000
2026-07-07T14:48:28.229+00:00 CAN id=101 dlc=8 data=d8cf0400e05ef8ff
2026-07-07T14:48:28.250+00:00 CAN id=101 dlc=8 data=d8cf0400e05ef8ff
2026-07-07T14:48:28.270+00:00 CAN id=101 dlc=8 data=d8cf0400e05ef8ff
2026-07-07T14:48:28.290+00:00 CAN id=101 dlc=8 data=d8cf0400e05ef8ff
2026-07-07T14:48:28.310+00:00 CAN id=101 dlc=8 data=d8cf0400e05ef8ff
2026-07-07T14:48:28.329+00:00 CAN id=101 dlc=8 data=d8cf0400e05ef8ff
2026-07-07T14:48:28.350+00:00 CAN id=101 dlc=8 data=d8cf0400e05ef8ff
2026-07-07T14:48:28.370+00:00 CAN id=101 dlc=8 data=d8cf0400e05ef8ff
2026-07-07T14:48:28.390+00:00 CAN id=101 dlc=8 data=d8cf0400e05ef8ff
2026-07-07T14:48:28.409+00:00 CAN id=101 dlc=8 data=d8cf0400e05ef8ff
2026-07-07T14:48:28.413+00:00 VCP run=1 step=0 angle=315615 target=315352 err=-263 steer=0 m1=-3246/-171875 i1=-161 t1=28 m2=3264/171875 i2=213 t2=27 steerMode=0/111 iSteer=25936 driveMode=-171875/-171347 iDrive=-187408 scale=0 wheel=-500000
2026-07-07T14:48:28.413+00:00 VCP run=1 step=0 angle=315967 target=315352 err=-615 steer=-307 m1=-3298/-173566 i1=-200 t1=28 m2=3233/170184 i2=162 t2=27 steerMode=-1691/-725 iSteer=-18959 driveMode=-171875/-172518 iDrive=-181404 scale=0 wheel=-500000
2026-07-07T14:48:28.429+00:00 CAN id=101 dlc=8 data=d8cf0400e05ef8ff
2026-07-07T14:48:28.450+00:00 CAN id=101 dlc=8 data=d8cf0400e05ef8ff
2026-07-07T14:48:28.470+00:00 CAN id=101 dlc=8 data=d8cf0400e05ef8ff
2026-07-07T14:48:28.490+00:00 CAN id=101 dlc=8 data=d8cf0400e05ef8ff
2026-07-07T14:48:28.510+00:00 CAN id=101 dlc=8 data=d8cf0400e05ef8ff
2026-07-07T14:48:28.517+00:00 VCP run=1 step=0 angle=315000 target=315352 err=352 steer=0 m1=-3236/-171875 i1=-155 t1=28 m2=3258/171875 i2=220 t2=27 steerMode=0/-25 iSteer=32993 driveMode=-171875/-171327 iDrive=-187497 scale=0 wheel=-500000
2026-07-07T14:48:28.529+00:00 CAN id=101 dlc=8 data=d8cf0400e05ef8ff
2026-07-07T14:48:28.550+00:00 CAN id=101 dlc=8 data=d8cf0400e05ef8ff
2026-07-07T14:48:28.570+00:00 CAN id=101 dlc=8 data=d8cf0400e05ef8ff
2026-07-07T14:48:28.590+00:00 CAN id=101 dlc=8 data=d8cf0400e05ef8ff
2026-07-07T14:48:28.610+00:00 CAN id=101 dlc=8 data=d8cf0400e05ef8ff
2026-07-07T14:48:28.618+00:00 VCP run=1 step=0 angle=315439 target=315352 err=-87 steer=0 m1=-3275/-171875 i1=-147 t1=28 m2=3262/171875 i2=226 t2=27 steerMode=0/-162 iSteer=39086 driveMode=-171875/-171612 iDrive=-186570 scale=0 wheel=-500000
2026-07-07T14:48:28.618+00:00 VCP SET_TARGET_RX steer=315352 wheel=-500000
2026-07-07T14:48:28.629+00:00 CAN id=101 dlc=8 data=d8cf0400e05ef8ff
2026-07-07T14:48:28.650+00:00 CAN id=101 dlc=8 data=d8cf0400e05ef8ff
2026-07-07T14:48:28.670+00:00 CAN id=101 dlc=8 data=d8cf0400e05ef8ff
2026-07-07T14:48:28.690+00:00 CAN id=101 dlc=8 data=d8cf0400e05ef8ff
2026-07-07T14:48:28.710+00:00 CAN id=101 dlc=8 data=d8cf0400e05ef8ff
2026-07-07T14:48:28.722+00:00 VCP run=1 step=0 angle=315703 target=315352 err=-351 steer=0 m1=-3259/-171875 i1=-170 t1=28 m2=3306/171875 i2=195 t2=27 steerMode=0/372 iSteer=12501 driveMode=-171875/-172359 iDrive=-182821 scale=0 wheel=-500000
2026-07-07T14:48:28.729+00:00 CAN id=101 dlc=8 data=d8cf0400e05ef8ff
2026-07-07T14:48:28.750+00:00 CAN id=101 dlc=8 data=d8cf0400e05ef8ff
2026-07-07T14:48:28.770+00:00 CAN id=101 dlc=8 data=d8cf0400e05ef8ff
2026-07-07T14:48:28.790+00:00 CAN id=101 dlc=8 data=d8cf0400e05ef8ff
2026-07-07T14:48:28.810+00:00 CAN id=101 dlc=8 data=d8cf0400e05ef8ff
2026-07-07T14:48:28.825+00:00 VCP run=1 step=0 angle=315879 target=315352 err=-527 steer=-263 m1=-3311/-173324 i1=-162 t1=28 m2=3251/170426 i2=200 t2=27 steerMode=-1449/-1249 iSteer=19091 driveMode=-171875/-172363 iDrive=-181390 scale=0 wheel=-500000
2026-07-07T14:48:28.829+00:00 CAN id=101 dlc=8 data=d8cf0400e05ef8ff
2026-07-07T14:48:28.849+00:00 CAN id=101 dlc=8 data=d8cf0400e05ef8ff
2026-07-07T14:48:28.869+00:00 CAN id=101 dlc=8 data=d8cf0400e05ef8ff
2026-07-07T14:48:28.890+00:00 CAN id=101 dlc=8 data=d8cf0400e05ef8ff
2026-07-07T14:48:28.910+00:00 CAN id=101 dlc=8 data=d8cf0400e05ef8ff
2026-07-07T14:48:28.929+00:00 CAN id=101 dlc=8 data=d8cf0400e05ef8ff
2026-07-07T14:48:28.930+00:00 VCP run=1 step=0 angle=315352 target=315352 err=0 steer=0 m1=-3246/-171875 i1=-158 t1=28 m2=3258/171875 i2=210 t2=27 steerMode=0/106 iSteer=26166 driveMode=-171875/-171761 iDrive=-184145 scale=0 wheel=-500000
2026-07-07T14:48:28.950+00:00 CAN id=101 dlc=8 data=d8cf0400e05ef8ff
2026-07-07T14:48:28.970+00:00 CAN id=101 dlc=8 data=d8cf0400e05ef8ff
2026-07-07T14:48:28.990+00:00 CAN id=101 dlc=8 data=d8cf0400e05ef8ff
2026-07-07T14:48:29.010+00:00 CAN id=101 dlc=8 data=d8cf0400e05ef8ff
2026-07-07T14:48:29.029+00:00 CAN id=101 dlc=8 data=d8cf0400e05ef8ff
2026-07-07T14:48:29.050+00:00 CAN id=101 dlc=8 data=d8cf0400e05ef8ff
2026-07-07T14:48:29.070+00:00 CAN id=101 dlc=8 data=d8cf0400e05ef8ff
2026-07-07T14:48:29.090+00:00 CAN id=101 dlc=8 data=d8cf0400e05ef8ff
2026-07-07T14:48:29.109+00:00 BENCH disable sent
2026-07-07T14:48:29.110+00:00 CAN id=121 dlc=2 data=0100
2026-07-07T14:48:29.110+00:00 CAN id=121 dlc=2 data=0100
2026-07-07T14:48:29.112+00:00 VCP run=1 step=0 angle=315439 target=315352 err=-87 steer=0 m1=-3265/-171875 i1=-161 t1=28 m2=3272/171875 i2=208 t2=27 steerMode=0/148 iSteer=23722 driveMode=-171875/-171758 iDrive=-184538 scale=0 wheel=-500000
2026-07-07T14:48:29.112+00:00 VCP run=1 step=0 angle=315791 target=315352 err=-439 steer=0 m1=-3294/-171875 i1=-150 t1=28 m2=3281/171875 i2=207 t2=27 steerMode=0/46 iSteer=28492 driveMode=-171875/-172823 iDrive=-178308 scale=0 wheel=-500000
2026-07-07T14:48:29.112+00:00 VCP UNIT_CTRL enable=0
2026-07-07T14:48:29.313+00:00 VCP UNIT_CTRL enable=0
2026-07-07T14:48:29.313+00:00 VCP STOP: disabled
2026-07-07T14:48:29.514+00:00 BENCH log closed
