2026-07-07T15:21:51.079+00:00 BENCH log opened: firmware/logs/kp20-rpm25.log
2026-07-07T15:21:51.079+00:00 BENCH run: steer=315.352deg (315352mdeg) wheel=25.0rpm (25000milli-rpm) rate=50.0Hz duration=10.0s
2026-07-07T15:21:51.079+00:00 BENCH enable sent
2026-07-07T15:21:51.080+00:00 CAN id=121 dlc=2 data=0101
2026-07-07T15:21:51.080+00:00 CAN id=101 dlc=8 data=d8cf0400a8610000
2026-07-07T15:21:51.099+00:00 VCP NIT_CTRL enable=0
2026-07-07T15:21:51.099+00:00 VCP UNIT_CTRL enable=0
2026-07-07T15:21:51.099+00:00 VCP UNIT_CTRL enable=1
2026-07-07T15:21:51.099+00:00 VCP SET_TARGET_RX steer=315352 wheel=25000
2026-07-07T15:21:51.099+00:00 VCP START_CAN: angle=350508 target=315352 wheelTarget=25000
2026-07-07T15:21:51.100+00:00 CAN id=101 dlc=8 data=d8cf0400a8610000
2026-07-07T15:21:51.120+00:00 CAN id=101 dlc=8 data=d8cf0400a8610000
2026-07-07T15:21:51.140+00:00 CAN id=101 dlc=8 data=d8cf0400a8610000
2026-07-07T15:21:51.160+00:00 CAN id=101 dlc=8 data=d8cf0400a8610000
2026-07-07T15:21:51.180+00:00 CAN id=101 dlc=8 data=d8cf0400a8610000
2026-07-07T15:21:51.198+00:00 VCP run=1 step=0 angle=350508 target=315352 err=-35156 steer=-250 m1=0/2063 i1=0 t1=28 m2=0/-4813 i2=-138 t2=28 steerMode=-1375/0 iSteer=-68956 driveMode=3438/0 iDrive=69094 scale=0 wheel=10000
2026-07-07T15:21:51.200+00:00 CAN id=101 dlc=8 data=d8cf0400a8610000
2026-07-07T15:21:51.220+00:00 CAN id=101 dlc=8 data=d8cf0400a8610000
2026-07-07T15:21:51.240+00:00 CAN id=101 dlc=8 data=d8cf0400a8610000
2026-07-07T15:21:51.260+00:00 CAN id=101 dlc=8 data=d8cf0400a8610000
2026-07-07T15:21:51.280+00:00 CAN id=101 dlc=8 data=d8cf0400a8610000
2026-07-07T15:21:51.300+00:00 CAN id=101 dlc=8 data=d8cf0400a8610000
2026-07-07T15:21:51.302+00:00 VCP run=1 step=0 angle=349980 target=315352 err=-34628 steer=-4650 m1=2/-16981 i1=-688 t1=28 m2=-444/-34169 i2=-1113 t2=28 steerMode=-25575/-8163 iSteer=-900889 driveMode=8594/8001 iDrive=212459 scale=0 wheel=25000
2026-07-07T15:21:51.320+00:00 CAN id=101 dlc=8 data=d8cf0400a8610000
2026-07-07T15:21:51.340+00:00 CAN id=101 dlc=8 data=d8cf0400a8610000
2026-07-07T15:21:51.360+00:00 CAN id=101 dlc=8 data=d8cf0400a8610000
2026-07-07T15:21:51.380+00:00 CAN id=101 dlc=8 data=d8cf0400a8610000
2026-07-07T15:21:51.400+00:00 CAN id=101 dlc=8 data=d8cf0400a8610000
2026-07-07T15:21:51.420+00:00 CAN id=101 dlc=8 data=d8cf0400a8610000
2026-07-07T15:21:51.440+00:00 CAN id=101 dlc=8 data=d8cf0400a8610000
2026-07-07T15:21:51.460+00:00 CAN id=101 dlc=8 data=d8cf0400a8610000
2026-07-07T15:21:51.480+00:00 CAN id=101 dlc=8 data=d8cf0400a8610000
2026-07-07T15:21:51.487+00:00 VCP run=1 step=0 angle=340752 target=315352 err=-25400 steer=-5000 m1=2/-18906 i1=-362 t1=28 m2=-877/-36094 i2=-172 t2=28 steerMode=-27500/-23292 iSteer=-267158 driveMode=8594/23333 iDrive=-94780 scale=0 wheel=25000
2026-07-07T15:21:51.487+00:00 VCP run=1 step=0 angle=331084 target=315352 err=-15732 steer=-5000 m1=0/-18906 i1=-422 t1=28 m2=-812/-36094 i2=-298 t2=28 steerMode=-27500/-21711 iSteer=-360056 driveMode=8594/21710 iDrive=-62334 scale=0 wheel=25000
2026-07-07T15:21:51.500+00:00 CAN id=101 dlc=8 data=d8cf0400a8610000
2026-07-07T15:21:51.520+00:00 CAN id=101 dlc=8 data=d8cf0400a8610000
2026-07-07T15:21:51.540+00:00 CAN id=101 dlc=8 data=d8cf0400a8610000
2026-07-07T15:21:51.560+00:00 CAN id=101 dlc=8 data=d8cf0400a8610000
2026-07-07T15:21:51.580+00:00 CAN id=101 dlc=8 data=d8cf0400a8610000
2026-07-07T15:21:51.588+00:00 VCP run=1 step=0 angle=321768 target=315352 err=-6416 steer=-3208 m1=4/-9049 i1=41 t1=28 m2=-779/-26237 i2=149 t2=28 steerMode=-17643/-21168 iSteer=94832 driveMode=8594/21280 iDrive=-53721 scale=0 wheel=25000
2026-07-07T15:21:51.588+00:00 VCP SET_TARGET_RX steer=315352 wheel=25000
2026-07-07T15:21:51.600+00:00 CAN id=101 dlc=8 data=d8cf0400a8610000
2026-07-07T15:21:51.620+00:00 CAN id=101 dlc=8 data=d8cf0400a8610000
2026-07-07T15:21:51.640+00:00 CAN id=101 dlc=8 data=d8cf0400a8610000
2026-07-07T15:21:51.660+00:00 CAN id=101 dlc=8 data=d8cf0400a8610000
2026-07-07T15:21:51.680+00:00 CAN id=101 dlc=8 data=d8cf0400a8610000
2026-07-07T15:21:51.693+00:00 VCP run=1 step=0 angle=316143 target=315352 err=-791 steer=-395 m1=-7/6420 i1=496 t1=28 m2=-312/-10768 i2=147 t2=28 steerMode=-2174/-9823 iSteer=321634 driveMode=8594/9856 iDrive=174752 scale=0 wheel=25000
2026-07-07T15:21:51.700+00:00 CAN id=101 dlc=8 data=d8cf0400a8610000
2026-07-07T15:21:51.720+00:00 CAN id=101 dlc=8 data=d8cf0400a8610000
2026-07-07T15:21:51.740+00:00 CAN id=101 dlc=8 data=d8cf0400a8610000
2026-07-07T15:21:51.760+00:00 CAN id=101 dlc=8 data=d8cf0400a8610000
2026-07-07T15:21:51.780+00:00 CAN id=101 dlc=8 data=d8cf0400a8610000
2026-07-07T15:21:51.797+00:00 VCP run=1 step=0 angle=314736 target=315352 err=616 steer=308 m1=0/10287 i1=483 t1=28 m2=-47/-6901 i2=-191 t2=28 steerMode=1693/-2188 iSteer=145984 driveMode=8594/2158 iDrive=336795 scale=0 wheel=25000
2026-07-07T15:21:51.800+00:00 CAN id=101 dlc=8 data=d8cf0400a8610000
2026-07-07T15:21:51.820+00:00 CAN id=101 dlc=8 data=d8cf0400a8610000
2026-07-07T15:21:51.840+00:00 CAN id=101 dlc=8 data=d8cf0400a8610000
2026-07-07T15:21:51.860+00:00 CAN id=101 dlc=8 data=d8cf0400a8610000
2026-07-07T15:21:51.880+00:00 CAN id=101 dlc=8 data=d8cf0400a8610000
2026-07-07T15:21:51.900+00:00 CAN id=101 dlc=8 data=d8cf0400a8610000
2026-07-07T15:21:51.920+00:00 CAN id=101 dlc=8 data=d8cf0400a8610000
2026-07-07T15:21:51.940+00:00 CAN id=101 dlc=8 data=d8cf0400a8610000
2026-07-07T15:21:51.960+00:00 CAN id=101 dlc=8 data=d8cf0400a8610000
2026-07-07T15:21:51.980+00:00 CAN id=101 dlc=8 data=d8cf0400a8610000
2026-07-07T15:21:51.986+00:00 VCP run=1 step=0 angle=314297 target=315352 err=1055 steer=528 m1=0/11495 i1=495 t1=28 m2=14/-5692 i2=-300 t2=28 steerMode=2902/197 iSteer=97676 driveMode=8594/-213 iDrive=397748 scale=0 wheel=25000
2026-07-07T15:21:51.986+00:00 VCP run=1 step=0 angle=314297 target=315352 err=1055 steer=528 m1=0/11495 i1=525 t1=28 m2=0/-5692 i2=-293 t2=28 steerMode=2902/-9 iSteer=116031 driveMode=8594/9 iDrive=409309 scale=0 wheel=25000
2026-07-07T15:21:52.000+00:00 CAN id=101 dlc=8 data=d8cf0400a8610000
2026-07-07T15:21:52.020+00:00 CAN id=101 dlc=8 data=d8cf0400a8610000
2026-07-07T15:21:52.040+00:00 CAN id=101 dlc=8 data=d8cf0400a8610000
2026-07-07T15:21:52.060+00:00 CAN id=101 dlc=8 data=d8cf0400a8610000
2026-07-07T15:21:52.080+00:00 CAN id=101 dlc=8 data=d8cf0400a8610000
2026-07-07T15:21:52.088+00:00 VCP run=1 step=0 angle=314297 target=315352 err=1055 steer=528 m1=0/11495 i1=549 t1=28 m2=0/-5692 i2=-302 t2=28 steerMode=2902/0 iSteer=123649 driveMode=8594/0 iDrive=425645 scale=0 wheel=25000
2026-07-07T15:21:52.088+00:00 VCP SET_TARGET_RX steer=315352 wheel=25000
2026-07-07T15:21:52.100+00:00 CAN id=101 dlc=8 data=d8cf0400a8610000
2026-07-07T15:21:52.120+00:00 CAN id=101 dlc=8 data=d8cf0400a8610000
2026-07-07T15:21:52.140+00:00 CAN id=101 dlc=8 data=d8cf0400a8610000
2026-07-07T15:21:52.160+00:00 CAN id=101 dlc=8 data=d8cf0400a8610000
2026-07-07T15:21:52.180+00:00 CAN id=101 dlc=8 data=d8cf0400a8610000
2026-07-07T15:21:52.193+00:00 VCP run=1 step=0 angle=314297 target=315352 err=1055 steer=528 m1=0/11495 i1=574 t1=28 m2=-3/-5692 i2=-309 t2=28 steerMode=2902/-17 iSteer=132604 driveMode=8594/17 iDrive=441469 scale=0 wheel=25000
2026-07-07T15:21:52.200+00:00 CAN id=101 dlc=8 data=d8cf0400a8610000
2026-07-07T15:21:52.220+00:00 CAN id=101 dlc=8 data=d8cf0400a8610000
2026-07-07T15:21:52.240+00:00 CAN id=101 dlc=8 data=d8cf0400a8610000
2026-07-07T15:21:52.260+00:00 CAN id=101 dlc=8 data=d8cf0400a8610000
2026-07-07T15:21:52.280+00:00 CAN id=101 dlc=8 data=d8cf0400a8610000
2026-07-07T15:21:52.299+00:00 VCP run=1 step=0 angle=314297 target=315352 err=1055 steer=528 m1=0/11495 i1=598 t1=28 m2=0/-5692 i2=-318 t2=28 steerMode=2902/0 iSteer=139820 driveMode=8594/0 iDrive=457776 scale=0 wheel=25000
2026-07-07T15:21:52.300+00:00 CAN id=101 dlc=8 data=d8cf0400a8610000
2026-07-07T15:21:52.320+00:00 CAN id=101 dlc=8 data=d8cf0400a8610000
2026-07-07T15:21:52.340+00:00 CAN id=101 dlc=8 data=d8cf0400a8610000
2026-07-07T15:21:52.360+00:00 CAN id=101 dlc=8 data=d8cf0400a8610000
2026-07-07T15:21:52.380+00:00 CAN id=101 dlc=8 data=d8cf0400a8610000
2026-07-07T15:21:52.400+00:00 CAN id=101 dlc=8 data=d8cf0400a8610000
2026-07-07T15:21:52.420+00:00 CAN id=101 dlc=8 data=d8cf0400a8610000
2026-07-07T15:21:52.440+00:00 CAN id=101 dlc=8 data=d8cf0400a8610000
2026-07-07T15:21:52.460+00:00 CAN id=101 dlc=8 data=d8cf0400a8610000
2026-07-07T15:21:52.480+00:00 CAN id=101 dlc=8 data=d8cf0400a8610000
2026-07-07T15:21:52.488+00:00 VCP run=1 step=0 angle=314297 target=315352 err=1055 steer=528 m1=0/11495 i1=622 t1=28 m2=0/-5692 i2=-326 t2=28 steerMode=2902/0 iSteer=147990 driveMode=8594/0 iDrive=473952 scale=0 wheel=25000
2026-07-07T15:21:52.488+00:00 VCP run=1 step=0 angle=314297 target=315352 err=1055 steer=528 m1=0/11495 i1=646 t1=28 m2=0/-5692 i2=-334 t2=28 steerMode=2902/0 iSteer=156076 driveMode=8594/0 iDrive=490098 scale=0 wheel=25000
2026-07-07T15:21:52.500+00:00 CAN id=101 dlc=8 data=d8cf0400a8610000
2026-07-07T15:21:52.520+00:00 CAN id=101 dlc=8 data=d8cf0400a8610000
2026-07-07T15:21:52.540+00:00 CAN id=101 dlc=8 data=d8cf0400a8610000
2026-07-07T15:21:52.560+00:00 CAN id=101 dlc=8 data=d8cf0400a8610000
2026-07-07T15:21:52.580+00:00 CAN id=101 dlc=8 data=d8cf0400a8610000
2026-07-07T15:21:52.590+00:00 VCP run=1 step=0 angle=314297 target=315352 err=1055 steer=528 m1=0/11495 i1=670 t1=28 m2=0/-5692 i2=-342 t2=28 steerMode=2902/0 iSteer=164100 driveMode=8594/0 iDrive=506245 scale=0 wheel=25000
2026-07-07T15:21:52.590+00:00 VCP SET_TARGET_RX steer=315352 wheel=25000
2026-07-07T15:21:52.600+00:00 CAN id=101 dlc=8 data=d8cf0400a8610000
2026-07-07T15:21:52.620+00:00 CAN id=101 dlc=8 data=d8cf0400a8610000
2026-07-07T15:21:52.640+00:00 CAN id=101 dlc=8 data=d8cf0400a8610000
2026-07-07T15:21:52.660+00:00 CAN id=101 dlc=8 data=d8cf0400a8610000
2026-07-07T15:21:52.680+00:00 CAN id=101 dlc=8 data=d8cf0400a8610000
2026-07-07T15:21:52.695+00:00 VCP run=1 step=0 angle=314297 target=315352 err=1055 steer=528 m1=2/11495 i1=694 t1=28 m2=0/-5692 i2=-350 t2=28 steerMode=2902/9 iSteer=171815 driveMode=8594/9 iDrive=522232 scale=0 wheel=25000
2026-07-07T15:21:52.700+00:00 CAN id=101 dlc=8 data=d8cf0400a8610000
2026-07-07T15:21:52.720+00:00 CAN id=101 dlc=8 data=d8cf0400a8610000
2026-07-07T15:21:52.740+00:00 CAN id=101 dlc=8 data=d8cf0400a8610000
2026-07-07T15:21:52.760+00:00 CAN id=101 dlc=8 data=d8cf0400a8610000
2026-07-07T15:21:52.780+00:00 CAN id=101 dlc=8 data=d8cf0400a8610000
2026-07-07T15:21:52.800+00:00 CAN id=101 dlc=8 data=d8cf0400a8610000
2026-07-07T15:21:52.820+00:00 CAN id=101 dlc=8 data=d8cf0400a8610000
2026-07-07T15:21:52.840+00:00 CAN id=101 dlc=8 data=d8cf0400a8610000
2026-07-07T15:21:52.860+00:00 CAN id=101 dlc=8 data=d8cf0400a8610000
2026-07-07T15:21:52.880+00:00 CAN id=101 dlc=8 data=d8cf0400a8610000
2026-07-07T15:21:52.884+00:00 VCP run=1 step=0 angle=314297 target=315352 err=1055 steer=528 m1=0/11495 i1=719 t1=28 m2=0/-5692 i2=-358 t2=28 steerMode=2902/0 iSteer=180356 driveMode=8594/0 iDrive=538540 scale=0 wheel=25000
2026-07-07T15:21:52.884+00:00 VCP run=1 step=0 angle=314297 target=315352 err=1055 steer=528 m1=0/11495 i1=744 t1=28 m2=0/-5692 i2=-366 t2=28 steerMode=2902/-5 iSteer=188725 driveMode=8594/-5 iDrive=554809 scale=0 wheel=25000
2026-07-07T15:21:52.900+00:00 CAN id=101 dlc=8 data=d8cf0400a8610000
2026-07-07T15:21:52.920+00:00 CAN id=101 dlc=8 data=d8cf0400a8610000
2026-07-07T15:21:52.940+00:00 CAN id=101 dlc=8 data=d8cf0400a8610000
2026-07-07T15:21:52.960+00:00 CAN id=101 dlc=8 data=d8cf0400a8610000
2026-07-07T15:21:52.980+00:00 CAN id=101 dlc=8 data=d8cf0400a8610000
2026-07-07T15:21:52.990+00:00 VCP run=1 step=0 angle=314297 target=315352 err=1055 steer=528 m1=0/11495 i1=768 t1=28 m2=0/-5692 i2=-374 t2=28 steerMode=2902/-7 iSteer=196932 driveMode=8594/7 iDrive=570718 scale=0 wheel=25000
2026-07-07T15:21:53.000+00:00 CAN id=101 dlc=8 data=d8cf0400a8610000
2026-07-07T15:21:53.020+00:00 CAN id=101 dlc=8 data=d8cf0400a8610000
2026-07-07T15:21:53.040+00:00 CAN id=101 dlc=8 data=d8cf0400a8610000
2026-07-07T15:21:53.060+00:00 CAN id=101 dlc=8 data=d8cf0400a8610000
2026-07-07T15:21:53.080+00:00 CAN id=101 dlc=8 data=d8cf0400a8610000
2026-07-07T15:21:53.092+00:00 VCP run=1 step=0 angle=314297 target=315352 err=1055 steer=528 m1=0/11495 i1=792 t1=28 m2=0/-5692 i2=-382 t2=28 steerMode=2902/0 iSteer=204688 driveMode=8594/0 iDrive=586998 scale=0 wheel=25000
2026-07-07T15:21:53.092+00:00 VCP SET_TARGET_RX steer=315352 wheel=25000
2026-07-07T15:21:53.100+00:00 CAN id=101 dlc=8 data=d8cf0400a8610000
2026-07-07T15:21:53.120+00:00 CAN id=101 dlc=8 data=d8cf0400a8610000
2026-07-07T15:21:53.140+00:00 CAN id=101 dlc=8 data=d8cf0400a8610000
2026-07-07T15:21:53.160+00:00 CAN id=101 dlc=8 data=d8cf0400a8610000
2026-07-07T15:21:53.180+00:00 CAN id=101 dlc=8 data=d8cf0400a8610000
2026-07-07T15:21:53.197+00:00 VCP run=1 step=0 angle=314297 target=315352 err=1055 steer=528 m1=0/11495 i1=816 t1=28 m2=0/-5692 i2=-391 t2=28 steerMode=2902/2 iSteer=212596 driveMode=8594/2 iDrive=603107 scale=0 wheel=25000
2026-07-07T15:21:53.200+00:00 CAN id=101 dlc=8 data=d8cf0400a8610000
2026-07-07T15:21:53.220+00:00 CAN id=101 dlc=8 data=d8cf0400a8610000
2026-07-07T15:21:53.240+00:00 CAN id=101 dlc=8 data=d8cf0400a8610000
2026-07-07T15:21:53.260+00:00 CAN id=101 dlc=8 data=d8cf0400a8610000
2026-07-07T15:21:53.280+00:00 CAN id=101 dlc=8 data=d8cf0400a8610000
2026-07-07T15:21:53.300+00:00 CAN id=101 dlc=8 data=d8cf0400a8610000
2026-07-07T15:21:53.320+00:00 CAN id=101 dlc=8 data=d8cf0400a8610000
2026-07-07T15:21:53.340+00:00 CAN id=101 dlc=8 data=d8cf0400a8610000
2026-07-07T15:21:53.360+00:00 CAN id=101 dlc=8 data=d8cf0400a8610000
2026-07-07T15:21:53.380+00:00 CAN id=101 dlc=8 data=d8cf0400a8610000
2026-07-07T15:21:53.386+00:00 VCP run=1 step=0 angle=314297 target=315352 err=1055 steer=528 m1=0/11495 i1=841 t1=28 m2=0/-5692 i2=-398 t2=28 steerMode=2902/-10 iSteer=221235 driveMode=8594/-10 iDrive=619329 scale=0 wheel=25000
2026-07-07T15:21:53.386+00:00 VCP run=1 step=0 angle=314385 target=315352 err=967 steer=484 m1=0/11254 i1=852 t1=28 m2=0/-5934 i2=-419 t2=28 steerMode=2660/0 iSteer=216755 driveMode=8594/0 iDrive=635296 scale=0 wheel=25000
2026-07-07T15:21:53.400+00:00 CAN id=101 dlc=8 data=d8cf0400a8610000
2026-07-07T15:21:53.420+00:00 CAN id=101 dlc=8 data=d8cf0400a8610000
2026-07-07T15:21:53.440+00:00 CAN id=101 dlc=8 data=d8cf0400a8610000
2026-07-07T15:21:53.460+00:00 CAN id=101 dlc=8 data=d8cf0400a8610000
2026-07-07T15:21:53.480+00:00 CAN id=101 dlc=8 data=d8cf0400a8610000
2026-07-07T15:21:53.491+00:00 VCP run=1 step=0 angle=314297 target=315352 err=1055 steer=528 m1=2/11495 i1=887 t1=28 m2=0/-5692 i2=-415 t2=28 steerMode=2902/13 iSteer=236240 driveMode=8594/13 iDrive=651179 scale=0 wheel=25000
2026-07-07T15:21:53.500+00:00 CAN id=101 dlc=8 data=d8cf0400a8610000
2026-07-07T15:21:53.520+00:00 CAN id=101 dlc=8 data=d8cf0400a8610000
2026-07-07T15:21:53.540+00:00 CAN id=101 dlc=8 data=d8cf0400a8610000
2026-07-07T15:21:53.560+00:00 CAN id=101 dlc=8 data=d8cf0400a8610000
2026-07-07T15:21:53.580+00:00 CAN id=101 dlc=8 data=d8cf0400a8610000
2026-07-07T15:21:53.594+00:00 VCP run=1 step=0 angle=314297 target=315352 err=1055 steer=528 m1=2/11495 i1=912 t1=28 m2=0/-5692 i2=-423 t2=28 steerMode=2902/5 iSteer=244696 driveMode=8594/5 iDrive=667497 scale=0 wheel=25000
2026-07-07T15:21:53.594+00:00 VCP SET_TARGET_RX steer=315352 wheel=25000
2026-07-07T15:21:53.600+00:00 CAN id=101 dlc=8 data=d8cf0400a8610000
2026-07-07T15:21:53.620+00:00 CAN id=101 dlc=8 data=d8cf0400a8610000
2026-07-07T15:21:53.640+00:00 CAN id=101 dlc=8 data=d8cf0400a8610000
2026-07-07T15:21:53.660+00:00 CAN id=101 dlc=8 data=d8cf0400a8610000
2026-07-07T15:21:53.680+00:00 CAN id=101 dlc=8 data=d8cf0400a8610000
2026-07-07T15:21:53.699+00:00 VCP run=1 step=0 angle=314385 target=315352 err=967 steer=484 m1=0/11254 i1=925 t1=28 m2=0/-5934 i2=-442 t2=28 steerMode=2660/-10 iSteer=241412 driveMode=8594/12 iDrive=683491 scale=0 wheel=25000
2026-07-07T15:21:53.700+00:00 CAN id=101 dlc=8 data=d8cf0400a8610000
2026-07-07T15:21:53.720+00:00 CAN id=101 dlc=8 data=d8cf0400a8610000
2026-07-07T15:21:53.740+00:00 CAN id=101 dlc=8 data=d8cf0400a8610000
2026-07-07T15:21:53.760+00:00 CAN id=101 dlc=8 data=d8cf0400a8610000
2026-07-07T15:21:53.780+00:00 CAN id=101 dlc=8 data=d8cf0400a8610000
2026-07-07T15:21:53.800+00:00 CAN id=101 dlc=8 data=d8cf0400a8610000
2026-07-07T15:21:53.820+00:00 CAN id=101 dlc=8 data=d8cf0400a8610000
2026-07-07T15:21:53.840+00:00 CAN id=101 dlc=8 data=d8cf0400a8610000
2026-07-07T15:21:53.860+00:00 CAN id=101 dlc=8 data=d8cf0400a8610000
2026-07-07T15:21:53.880+00:00 CAN id=101 dlc=8 data=d8cf0400a8610000
2026-07-07T15:21:53.887+00:00 VCP run=1 step=0 angle=314297 target=315352 err=1055 steer=528 m1=0/11495 i1=960 t1=28 m2=0/-5692 i2=-439 t2=28 steerMode=2902/6 iSteer=260655 driveMode=8594/6 iDrive=699574 scale=0 wheel=25000
2026-07-07T15:21:53.887+00:00 VCP run=1 step=0 angle=314648 target=315352 err=704 steer=352 m1=376/10529 i1=401 t1=28 m2=-7/-6659 i2=-517 t2=28 steerMode=1935/5513 iSteer=-58192 driveMode=8594/5664 iDrive=458858 scale=0 wheel=25000
2026-07-07T15:21:53.900+00:00 CAN id=101 dlc=8 data=d8cf0400a8610000
2026-07-07T15:21:53.920+00:00 CAN id=101 dlc=8 data=d8cf0400a8610000
2026-07-07T15:21:53.940+00:00 CAN id=101 dlc=8 data=d8cf0400a8610000
2026-07-07T15:21:53.960+00:00 CAN id=101 dlc=8 data=d8cf0400a8610000
2026-07-07T15:21:53.980+00:00 CAN id=101 dlc=8 data=d8cf0400a8610000
2026-07-07T15:21:53.991+00:00 VCP run=1 step=0 angle=318076 target=315352 err=-2724 steer=-1362 m1=175/1102 i1=-135 t1=28 m2=-153/-16085 i2=-969 t2=28 steerMode=-7491/5298 iSteer=-551856 driveMode=8594/7758 iDrive=417073 scale=0 wheel=25000
2026-07-07T15:21:54.000+00:00 CAN id=101 dlc=8 data=d8cf0400a8610000
2026-07-07T15:21:54.020+00:00 CAN id=101 dlc=8 data=d8cf0400a8610000
2026-07-07T15:21:54.040+00:00 CAN id=101 dlc=8 data=d8cf0400a8610000
2026-07-07T15:21:54.060+00:00 CAN id=101 dlc=8 data=d8cf0400a8610000
2026-07-07T15:21:54.080+00:00 CAN id=101 dlc=8 data=d8cf0400a8610000
2026-07-07T15:21:54.093+00:00 VCP run=1 step=0 angle=316230 target=315352 err=-878 steer=-439 m1=303/6178 i1=478 t1=28 m2=-400/-11009 i2=-5 t2=28 steerMode=-2416/-5498 iSteer=236913 driveMode=8594/16228 iDrive=241529 scale=0 wheel=25000
2026-07-07T15:21:54.094+00:00 VCP SET_TARGET_RX steer=315352 wheel=25000
2026-07-07T15:21:54.100+00:00 CAN id=101 dlc=8 data=d8cf0400a8610000
2026-07-07T15:21:54.120+00:00 CAN id=101 dlc=8 data=d8cf0400a8610000
2026-07-07T15:21:54.140+00:00 CAN id=101 dlc=8 data=d8cf0400a8610000
2026-07-07T15:21:54.160+00:00 CAN id=101 dlc=8 data=d8cf0400a8610000
2026-07-07T15:21:54.180+00:00 CAN id=101 dlc=8 data=d8cf0400a8610000
2026-07-07T15:21:54.198+00:00 VCP run=1 step=0 angle=316055 target=315352 err=-703 steer=-351 m1=399/6661 i1=78 t1=28 m2=-348/-10526 i2=-233 t2=28 steerMode=-1932/1197 iSteer=-77733 driveMode=8594/19598 iDrive=155625 scale=0 wheel=25000
2026-07-07T15:21:54.200+00:00 CAN id=101 dlc=8 data=d8cf0400a8610000
2026-07-07T15:21:54.220+00:00 CAN id=101 dlc=8 data=d8cf0400a8610000
2026-07-07T15:21:54.240+00:00 CAN id=101 dlc=8 data=d8cf0400a8610000
2026-07-07T15:21:54.260+00:00 CAN id=101 dlc=8 data=d8cf0400a8610000
2026-07-07T15:21:54.280+00:00 CAN id=101 dlc=8 data=d8cf0400a8610000
2026-07-07T15:21:54.300+00:00 CAN id=101 dlc=8 data=d8cf0400a8610000
2026-07-07T15:21:54.320+00:00 CAN id=101 dlc=8 data=d8cf0400a8610000
2026-07-07T15:21:54.340+00:00 CAN id=101 dlc=8 data=d8cf0400a8610000
2026-07-07T15:21:54.360+00:00 CAN id=101 dlc=8 data=d8cf0400a8610000
2026-07-07T15:21:54.380+00:00 CAN id=101 dlc=8 data=d8cf0400a8610000
2026-07-07T15:21:54.384+00:00 VCP run=1 step=0 angle=316055 target=315352 err=-703 steer=-351 m1=341/6661 i1=129 t1=28 m2=-419/-10526 i2=-161 t2=28 steerMode=-1932/-144 iSteer=-15983 driveMode=8594/19123 iDrive=144834 scale=0 wheel=25000
2026-07-07T15:21:54.384+00:00 VCP run=1 step=0 angle=316055 target=315352 err=-703 steer=-351 m1=355/6661 i1=122 t1=28 m2=-327/-10526 i2=-170 t2=28 steerMode=-1932/-88 iSteer=-24284 driveMode=8594/18151 iDrive=146095 scale=0 wheel=25000
2026-07-07T15:21:54.400+00:00 CAN id=101 dlc=8 data=d8cf0400a8610000
2026-07-07T15:21:54.420+00:00 CAN id=101 dlc=8 data=d8cf0400a8610000
2026-07-07T15:21:54.440+00:00 CAN id=101 dlc=8 data=d8cf0400a8610000
2026-07-07T15:21:54.460+00:00 CAN id=101 dlc=8 data=d8cf0400a8610000
2026-07-07T15:21:54.480+00:00 CAN id=101 dlc=8 data=d8cf0400a8610000
2026-07-07T15:21:54.489+00:00 VCP run=1 step=0 angle=315967 target=315352 err=-615 steer=-307 m1=303/6903 i1=160 t1=28 m2=-329/-10284 i2=-137 t2=28 steerMode=-1691/-654 iSteer=11444 driveMode=8594/17170 iDrive=148783 scale=0 wheel=25000
2026-07-07T15:21:54.500+00:00 CAN id=101 dlc=8 data=d8cf0400a8610000
2026-07-07T15:21:54.520+00:00 CAN id=101 dlc=8 data=d8cf0400a8610000
2026-07-07T15:21:54.540+00:00 CAN id=101 dlc=8 data=d8cf0400a8610000
2026-07-07T15:21:54.560+00:00 CAN id=101 dlc=8 data=d8cf0400a8610000
2026-07-07T15:21:54.580+00:00 CAN id=101 dlc=8 data=d8cf0400a8610000
2026-07-07T15:21:54.590+00:00 VCP run=1 step=0 angle=315967 target=315352 err=-615 steer=-307 m1=320/6903 i1=125 t1=28 m2=-287/-10284 i2=-183 t2=28 steerMode=-1691/67 iSteer=-29123 driveMode=8594/16173 iDrive=153797 scale=0 wheel=25000
2026-07-07T15:21:54.590+00:00 VCP SET_TARGET_RX steer=315352 wheel=25000
2026-07-07T15:21:54.600+00:00 CAN id=101 dlc=8 data=d8cf0400a8610000
2026-07-07T15:21:54.620+00:00 CAN id=101 dlc=8 data=d8cf0400a8610000
2026-07-07T15:21:54.640+00:00 CAN id=101 dlc=8 data=d8cf0400a8610000
2026-07-07T15:21:54.660+00:00 CAN id=101 dlc=8 data=d8cf0400a8610000
2026-07-07T15:21:54.680+00:00 CAN id=101 dlc=8 data=d8cf0400a8610000
2026-07-07T15:21:54.694+00:00 VCP run=1 step=0 angle=315879 target=315352 err=-527 steer=-263 m1=265/7145 i1=150 t1=28 m2=-260/-10043 i2=-171 t2=28 steerMode=-1449/-156 iSteer=-10474 driveMode=8594/15160 iDrive=160538 scale=0 wheel=25000
2026-07-07T15:21:54.700+00:00 CAN id=101 dlc=8 data=d8cf0400a8610000
2026-07-07T15:21:54.720+00:00 CAN id=101 dlc=8 data=d8cf0400a8610000
2026-07-07T15:21:54.740+00:00 CAN id=101 dlc=8 data=d8cf0400a8610000
2026-07-07T15:21:54.760+00:00 CAN id=101 dlc=8 data=d8cf0400a8610000
2026-07-07T15:21:54.780+00:00 CAN id=101 dlc=8 data=d8cf0400a8610000
2026-07-07T15:21:54.799+00:00 VCP run=1 step=0 angle=315879 target=315352 err=-527 steer=-263 m1=278/7145 i1=128 t1=28 m2=-220/-10043 i2=-193 t2=28 steerMode=-1449/191 iSteer=-32136 driveMode=8594/14564 iDrive=160621 scale=0 wheel=25000
2026-07-07T15:21:54.800+00:00 CAN id=101 dlc=8 data=d8cf0400a8610000
2026-07-07T15:21:54.820+00:00 CAN id=101 dlc=8 data=d8cf0400a8610000
2026-07-07T15:21:54.840+00:00 CAN id=101 dlc=8 data=d8cf0400a8610000
2026-07-07T15:21:54.860+00:00 CAN id=101 dlc=8 data=d8cf0400a8610000
2026-07-07T15:21:54.880+00:00 CAN id=101 dlc=8 data=d8cf0400a8610000
2026-07-07T15:21:54.900+00:00 CAN id=101 dlc=8 data=d8cf0400a8610000
2026-07-07T15:21:54.920+00:00 CAN id=101 dlc=8 data=d8cf0400a8610000
2026-07-07T15:21:54.940+00:00 CAN id=101 dlc=8 data=d8cf0400a8610000
2026-07-07T15:21:54.960+00:00 CAN id=101 dlc=8 data=d8cf0400a8610000
2026-07-07T15:21:54.980+00:00 CAN id=101 dlc=8 data=d8cf0400a8610000
2026-07-07T15:21:54.985+00:00 VCP run=1 step=0 angle=315967 target=315352 err=-615 steer=-307 m1=307/6903 i1=74 t1=28 m2=-208/-10284 i2=-282 t2=28 steerMode=-1691/1339 iSteer=-103686 driveMode=8594/13191 iDrive=178180 scale=0 wheel=25000
2026-07-07T15:21:54.985+00:00 VCP run=1 step=0 angle=316143 target=315352 err=-791 steer=-395 m1=249/6420 i1=154 t1=28 m2=-312/-10768 i2=-163 t2=28 steerMode=-2174/-1224 iSteer=-4606 driveMode=8594/13758 iDrive=158241 scale=0 wheel=25000
2026-07-07T15:21:55.000+00:00 CAN id=101 dlc=8 data=d8cf0400a8610000
2026-07-07T15:21:55.020+00:00 CAN id=101 dlc=8 data=d8cf0400a8610000
2026-07-07T15:21:55.040+00:00 CAN id=101 dlc=8 data=d8cf0400a8610000
2026-07-07T15:21:55.060+00:00 CAN id=101 dlc=8 data=d8cf0400a8610000
2026-07-07T15:21:55.080+00:00 CAN id=101 dlc=8 data=d8cf0400a8610000
2026-07-07T15:21:55.087+00:00 VCP run=1 step=0 angle=315967 target=315352 err=-615 steer=-307 m1=244/6903 i1=134 t1=28 m2=-206/-10284 i2=-189 t2=28 steerMode=-1691/-343 iSteer=-27423 driveMode=8594/13125 iDrive=161274 scale=0 wheel=25000
2026-07-07T15:21:55.087+00:00 VCP SET_TARGET_RX steer=315352 wheel=25000
2026-07-07T15:21:55.100+00:00 CAN id=101 dlc=8 data=d8cf0400a8610000
2026-07-07T15:21:55.120+00:00 CAN id=101 dlc=8 data=d8cf0400a8610000
2026-07-07T15:21:55.140+00:00 CAN id=101 dlc=8 data=d8cf0400a8610000
2026-07-07T15:21:55.160+00:00 CAN id=101 dlc=8 data=d8cf0400a8610000
2026-07-07T15:21:55.180+00:00 CAN id=101 dlc=8 data=d8cf0400a8610000
2026-07-07T15:21:55.190+00:00 VCP run=1 step=0 angle=315879 target=315352 err=-527 steer=-263 m1=226/7145 i1=141 t1=28 m2=-277/-10043 i2=-179 t2=28 steerMode=-1449/-330 iSteer=-19233 driveMode=8594/12791 iDrive=159780 scale=0 wheel=25000
2026-07-07T15:21:55.200+00:00 CAN id=101 dlc=8 data=d8cf0400a8610000
2026-07-07T15:21:55.220+00:00 CAN id=101 dlc=8 data=d8cf0400a8610000
2026-07-07T15:21:55.240+00:00 CAN id=101 dlc=8 data=d8cf0400a8610000
2026-07-07T15:21:55.260+00:00 CAN id=101 dlc=8 data=d8cf0400a8610000
2026-07-07T15:21:55.280+00:00 CAN id=101 dlc=8 data=d8cf0400a8610000
2026-07-07T15:21:55.296+00:00 VCP run=1 step=0 angle=315791 target=315352 err=-439 steer=0 m1=221/8594 i1=207 t1=28 m2=-241/-8594 i2=-132 t2=28 steerMode=0/-89 iSteer=37453 driveMode=8594/11990 iDrive=169493 scale=0 wheel=25000
2026-07-07T15:21:55.300+00:00 CAN id=101 dlc=8 data=d8cf0400a8610000
2026-07-07T15:21:55.320+00:00 CAN id=101 dlc=8 data=d8cf0400a8610000
2026-07-07T15:21:55.340+00:00 CAN id=101 dlc=8 data=d8cf0400a8610000
2026-07-07T15:21:55.360+00:00 CAN id=101 dlc=8 data=d8cf0400a8610000
2026-07-07T15:21:55.380+00:00 CAN id=101 dlc=8 data=d8cf0400a8610000
2026-07-07T15:21:55.400+00:00 CAN id=101 dlc=8 data=d8cf0400a8610000
2026-07-07T15:21:55.400+00:00 VCP run=1 step=0 angle=315879 target=315352 err=-527 steer=-263 m1=234/7145 i1=57 t1=28 m2=-210/-10043 i2=-299 t2=28 steerMode=-1449/1574 iSteer=-120673 driveMode=8594/11264 iDrive=177832 scale=0 wheel=25000
2026-07-07T15:21:55.420+00:00 CAN id=101 dlc=8 data=d8cf0400a8610000
2026-07-07T15:21:55.440+00:00 CAN id=101 dlc=8 data=d8cf0400a8610000
2026-07-07T15:21:55.460+00:00 CAN id=101 dlc=8 data=d8cf0400a8610000
2026-07-07T15:21:55.480+00:00 CAN id=101 dlc=8 data=d8cf0400a8610000
2026-07-07T15:21:55.500+00:00 CAN id=101 dlc=8 data=d8cf0400a8610000
2026-07-07T15:21:55.520+00:00 CAN id=101 dlc=8 data=d8cf0400a8610000
2026-07-07T15:21:55.540+00:00 CAN id=101 dlc=8 data=d8cf0400a8610000
2026-07-07T15:21:55.560+00:00 CAN id=101 dlc=8 data=d8cf0400a8610000
2026-07-07T15:21:55.580+00:00 CAN id=101 dlc=8 data=d8cf0400a8610000
2026-07-07T15:21:55.584+00:00 VCP run=1 step=0 angle=315967 target=315352 err=-615 steer=-307 m1=148/6903 i1=158 t1=28 m2=-189/-10284 i2=-232 t2=28 steerMode=-1691/-434 iSteer=-37334 driveMode=8594/10187 iDrive=195138 scale=0 wheel=25000
2026-07-07T15:21:55.584+00:00 VCP run=1 step=0 angle=315967 target=315352 err=-615 steer=-307 m1=177/6903 i1=139 t1=28 m2=-256/-10284 i2=-234 t2=28 steerMode=-1691/-313 iSteer=-47021 driveMode=8594/10468 iDrive=186510 scale=0 wheel=25000
2026-07-07T15:21:55.584+00:00 VCP SET_TARGET_RX steer=315352 wheel=25000
2026-07-07T15:21:55.600+00:00 CAN id=101 dlc=8 data=d8cf0400a8610000
2026-07-07T15:21:55.620+00:00 CAN id=101 dlc=8 data=d8cf0400a8610000
2026-07-07T15:21:55.640+00:00 CAN id=101 dlc=8 data=d8cf0400a8610000
2026-07-07T15:21:55.660+00:00 CAN id=101 dlc=8 data=d8cf0400a8610000
2026-07-07T15:21:55.680+00:00 CAN id=101 dlc=8 data=d8cf0400a8610000
2026-07-07T15:21:55.689+00:00 VCP run=1 step=0 angle=315967 target=315352 err=-615 steer=-307 m1=165/6903 i1=120 t1=28 m2=-147/-10284 i2=-264 t2=28 steerMode=-1691/131 iSteer=-72319 driveMode=8594/9982 iDrive=192082 scale=0 wheel=25000
2026-07-07T15:21:55.700+00:00 CAN id=101 dlc=8 data=d8cf0400a8610000
2026-07-07T15:21:55.720+00:00 CAN id=101 dlc=8 data=d8cf0400a8610000
2026-07-07T15:21:55.740+00:00 CAN id=101 dlc=8 data=d8cf0400a8610000
2026-07-07T15:21:55.760+00:00 CAN id=101 dlc=8 data=d8cf0400a8610000
2026-07-07T15:21:55.780+00:00 CAN id=101 dlc=8 data=d8cf0400a8610000
2026-07-07T15:21:55.793+00:00 VCP run=1 step=0 angle=315879 target=315352 err=-527 steer=-263 m1=182/7145 i1=166 t1=28 m2=-149/-10043 i2=-202 t2=28 steerMode=-1449/-771 iSteer=-17702 driveMode=8594/10233 iDrive=183996 scale=0 wheel=25000
2026-07-07T15:21:55.800+00:00 CAN id=101 dlc=8 data=d8cf0400a8610000
2026-07-07T15:21:55.820+00:00 CAN id=101 dlc=8 data=d8cf0400a8610000
2026-07-07T15:21:55.840+00:00 CAN id=101 dlc=8 data=d8cf0400a8610000
2026-07-07T15:21:55.860+00:00 CAN id=101 dlc=8 data=d8cf0400a8610000
2026-07-07T15:21:55.880+00:00 CAN id=101 dlc=8 data=d8cf0400a8610000
2026-07-07T15:21:55.898+00:00 VCP run=1 step=0 angle=315615 target=315352 err=-263 steer=0 m1=200/8594 i1=173 t1=28 m2=-178/-8594 i2=-177 t2=28 steerMode=0/347 iSteer=-2003 driveMode=8594/10490 iDrive=175365 scale=0 wheel=25000
2026-07-07T15:21:55.900+00:00 CAN id=101 dlc=8 data=d8cf0400a8610000
2026-07-07T15:21:55.920+00:00 CAN id=101 dlc=8 data=d8cf0400a8610000
2026-07-07T15:21:55.940+00:00 CAN id=101 dlc=8 data=d8cf0400a8610000
2026-07-07T15:21:55.960+00:00 CAN id=101 dlc=8 data=d8cf0400a8610000
2026-07-07T15:21:55.980+00:00 CAN id=101 dlc=8 data=d8cf0400a8610000
2026-07-07T15:21:56.000+00:00 CAN id=101 dlc=8 data=d8cf0400a8610000
2026-07-07T15:21:56.020+00:00 CAN id=101 dlc=8 data=d8cf0400a8610000
2026-07-07T15:21:56.040+00:00 CAN id=101 dlc=8 data=d8cf0400a8610000
2026-07-07T15:21:56.060+00:00 CAN id=101 dlc=8 data=d8cf0400a8610000
2026-07-07T15:21:56.080+00:00 CAN id=101 dlc=8 data=d8cf0400a8610000
2026-07-07T15:21:56.083+00:00 VCP run=1 step=0 angle=315615 target=315352 err=-263 steer=0 m1=194/8594 i1=153 t1=28 m2=-183/-8594 i2=-209 t2=28 steerMode=0/806 iSteer=-27838 driveMode=8594/10047 iDrive=181309 scale=0 wheel=25000
2026-07-07T15:21:56.083+00:00 VCP run=1 step=0 angle=315703 target=315352 err=-351 steer=0 m1=207/8594 i1=161 t1=28 m2=-216/-8594 i2=-197 t2=28 steerMode=0/592 iSteer=-18092 driveMode=8594/10017 iDrive=179257 scale=0 wheel=25000
2026-07-07T15:21:56.100+00:00 CAN id=101 dlc=8 data=d8cf0400a8610000
2026-07-07T15:21:56.120+00:00 CAN id=101 dlc=8 data=d8cf0400a8610000
2026-07-07T15:21:56.140+00:00 CAN id=101 dlc=8 data=d8cf0400a8610000
2026-07-07T15:21:56.160+00:00 CAN id=101 dlc=8 data=d8cf0400a8610000
2026-07-07T15:21:56.180+00:00 CAN id=101 dlc=8 data=d8cf0400a8610000
2026-07-07T15:21:56.187+00:00 VCP SET_TARGET_RX steer=315352 wheel=25000
2026-07-07T15:21:56.187+00:00 VCP run=1 step=0 angle=316055 target=315352 err=-703 steer=-351 m1=127/6661 i1=138 t1=28 m2=-164/-10526 i2=-266 t2=28 steerMode=-1932/-512 iSteer=-63983 driveMode=8594/8813 iDrive=201822 scale=0 wheel=25000
2026-07-07T15:21:56.200+00:00 CAN id=101 dlc=8 data=d8cf0400a8610000
2026-07-07T15:21:56.220+00:00 CAN id=101 dlc=8 data=d8cf0400a8610000
2026-07-07T15:21:56.240+00:00 CAN id=101 dlc=8 data=d8cf0400a8610000
2026-07-07T15:21:56.260+00:00 CAN id=101 dlc=8 data=d8cf0400a8610000
2026-07-07T15:21:56.280+00:00 CAN id=101 dlc=8 data=d8cf0400a8610000
2026-07-07T15:21:56.293+00:00 VCP run=1 step=0 angle=315791 target=315352 err=-439 steer=0 m1=173/8594 i1=207 t1=28 m2=-203/-8594 i2=-225 t2=28 steerMode=0/313 iSteer=-8639 driveMode=8594/8091 iDrive=216040 scale=0 wheel=25000
2026-07-07T15:21:56.300+00:00 CAN id=101 dlc=8 data=d8cf0400a8610000
2026-07-07T15:21:56.320+00:00 CAN id=101 dlc=8 data=d8cf0400a8610000
2026-07-07T15:21:56.340+00:00 CAN id=101 dlc=8 data=d8cf0400a8610000
2026-07-07T15:21:56.360+00:00 CAN id=101 dlc=8 data=d8cf0400a8610000
2026-07-07T15:21:56.380+00:00 CAN id=101 dlc=8 data=d8cf0400a8610000
2026-07-07T15:21:56.397+00:00 VCP run=1 step=0 angle=315879 target=315352 err=-527 steer=-263 m1=131/7145 i1=185 t1=28 m2=-185/-10043 i2=-224 t2=28 steerMode=-1449/-977 iSteer=-19739 driveMode=8594/8639 iDrive=204480 scale=0 wheel=25000
2026-07-07T15:21:56.400+00:00 CAN id=101 dlc=8 data=d8cf0400a8610000
2026-07-07T15:21:56.420+00:00 CAN id=101 dlc=8 data=d8cf0400a8610000
2026-07-07T15:21:56.440+00:00 CAN id=101 dlc=8 data=d8cf0400a8610000
2026-07-07T15:21:56.460+00:00 CAN id=101 dlc=8 data=d8cf0400a8610000
2026-07-07T15:21:56.480+00:00 CAN id=101 dlc=8 data=d8cf0400a8610000
2026-07-07T15:21:56.500+00:00 CAN id=101 dlc=8 data=d8cf0400a8610000
2026-07-07T15:21:56.520+00:00 CAN id=101 dlc=8 data=d8cf0400a8610000
2026-07-07T15:21:56.540+00:00 CAN id=101 dlc=8 data=d8cf0400a8610000
2026-07-07T15:21:56.560+00:00 CAN id=101 dlc=8 data=d8cf0400a8610000
2026-07-07T15:21:56.580+00:00 CAN id=101 dlc=8 data=d8cf0400a8610000
2026-07-07T15:21:56.582+00:00 VCP run=1 step=0 angle=315879 target=315352 err=-527 steer=-263 m1=182/7145 i1=98 t1=28 m2=-170/-10043 i2=-312 t2=28 steerMode=-1449/775 iSteer=-107321 driveMode=8594/8591 iDrive=205119 scale=0 wheel=25000
2026-07-07T15:21:56.582+00:00 VCP run=1 step=0 angle=315791 target=315352 err=-439 steer=0 m1=138/8594 i1=256 t1=28 m2=-233/-8594 i2=-138 t2=28 steerMode=0/-1130 iSteer=58942 driveMode=8594/8954 iDrive=197300 scale=0 wheel=25000
2026-07-07T15:21:56.600+00:00 CAN id=101 dlc=8 data=d8cf0400a8610000
2026-07-07T15:21:56.620+00:00 CAN id=101 dlc=8 data=d8cf0400a8610000
2026-07-07T15:21:56.640+00:00 CAN id=101 dlc=8 data=d8cf0400a8610000
2026-07-07T15:21:56.660+00:00 CAN id=101 dlc=8 data=d8cf0400a8610000
2026-07-07T15:21:56.680+00:00 CAN id=101 dlc=8 data=d8cf0400a8610000
2026-07-07T15:21:56.685+00:00 VCP SET_TARGET_RX steer=315352 wheel=25000
2026-07-07T15:21:56.685+00:00 VCP run=1 step=0 angle=315967 target=315352 err=-615 steer=-307 m1=131/6903 i1=131 t1=28 m2=-139/-10284 i2=-294 t2=28 steerMode=-1691/-85 iSteer=-81552 driveMode=8594/8207 iDrive=212405 scale=0 wheel=25000
2026-07-07T15:21:56.700+00:00 CAN id=101 dlc=8 data=d8cf0400a8610000
2026-07-07T15:21:56.720+00:00 CAN id=101 dlc=8 data=d8cf0400a8610000
2026-07-07T15:21:56.740+00:00 CAN id=101 dlc=8 data=d8cf0400a8610000
2026-07-07T15:21:56.760+00:00 CAN id=101 dlc=8 data=d8cf0400a8610000
2026-07-07T15:21:56.780+00:00 CAN id=101 dlc=8 data=d8cf0400a8610000
2026-07-07T15:21:56.791+00:00 VCP run=1 step=0 angle=315703 target=315352 err=-351 steer=0 m1=209/8594 i1=178 t1=28 m2=-105/-8594 i2=-227 t2=28 steerMode=0/494 iSteer=-24910 driveMode=8594/8701 iDrive=202464 scale=0 wheel=25000
2026-07-07T15:21:56.800+00:00 CAN id=101 dlc=8 data=d8cf0400a8610000
2026-07-07T15:21:56.820+00:00 CAN id=101 dlc=8 data=d8cf0400a8610000
2026-07-07T15:21:56.840+00:00 CAN id=101 dlc=8 data=d8cf0400a8610000
2026-07-07T15:21:56.860+00:00 CAN id=101 dlc=8 data=d8cf0400a8610000
2026-07-07T15:21:56.880+00:00 CAN id=101 dlc=8 data=d8cf0400a8610000
2026-07-07T15:21:56.896+00:00 VCP run=1 step=0 angle=315791 target=315352 err=-439 steer=0 m1=138/8594 i1=194 t1=28 m2=-147/-8594 i2=-197 t2=28 steerMode=0/-19 iSteer=-1580 driveMode=8594/9080 iDrive=195142 scale=0 wheel=25000
2026-07-07T15:21:56.900+00:00 CAN id=101 dlc=8 data=d8cf0400a8610000
2026-07-07T15:21:56.920+00:00 CAN id=101 dlc=8 data=d8cf0400a8610000
2026-07-07T15:21:56.940+00:00 CAN id=101 dlc=8 data=d8cf0400a8610000
2026-07-07T15:21:56.960+00:00 CAN id=101 dlc=8 data=d8cf0400a8610000
2026-07-07T15:21:56.980+00:00 CAN id=101 dlc=8 data=d8cf0400a8610000
2026-07-07T15:21:57.000+00:00 CAN id=101 dlc=8 data=d8cf0400a8610000
2026-07-07T15:21:57.020+00:00 CAN id=101 dlc=8 data=d8cf0400a8610000
2026-07-07T15:21:57.040+00:00 CAN id=101 dlc=8 data=d8cf0400a8610000
2026-07-07T15:21:57.060+00:00 CAN id=101 dlc=8 data=d8cf0400a8610000
2026-07-07T15:21:57.080+00:00 CAN id=101 dlc=8 data=d8cf0400a8610000
2026-07-07T15:21:57.081+00:00 VCP run=1 step=0 angle=315967 target=315352 err=-615 steer=-307 m1=123/6903 i1=115 t1=28 m2=-126/-10284 i2=-286 t2=28 steerMode=-1691/-61 iSteer=-85913 driveMode=8594/8780 iDrive=200520 scale=0 wheel=25000
2026-07-07T15:21:57.081+00:00 VCP run=1 step=0 angle=315791 target=315352 err=-439 steer=0 m1=146/8594 i1=236 t1=28 m2=-189/-8594 i2=-216 t2=28 steerMode=0/-295 iSteer=9759 driveMode=8594/7578 iDrive=225908 scale=0 wheel=25000
2026-07-07T15:21:57.100+00:00 CAN id=101 dlc=8 data=d8cf0400a8610000
2026-07-07T15:21:57.120+00:00 CAN id=101 dlc=8 data=d8cf0400a8610000
2026-07-07T15:21:57.140+00:00 CAN id=101 dlc=8 data=d8cf0400a8610000
2026-07-07T15:21:57.160+00:00 CAN id=101 dlc=8 data=d8cf0400a8610000
2026-07-07T15:21:57.180+00:00 CAN id=101 dlc=8 data=d8cf0400a8610000
2026-07-07T15:21:57.186+00:00 VCP SET_TARGET_RX steer=315352 wheel=25000
2026-07-07T15:21:57.186+00:00 VCP run=1 step=0 angle=316055 target=315352 err=-703 steer=-351 m1=163/6661 i1=130 t1=28 m2=-174/-10526 i2=-300 t2=28 steerMode=-1932/-424 iSteer=-84779 driveMode=8594/8213 iDrive=214975 scale=0 wheel=25000
2026-07-07T15:21:57.200+00:00 CAN id=101 dlc=8 data=d8cf0400a8610000
2026-07-07T15:21:57.220+00:00 CAN id=101 dlc=8 data=d8cf0400a8610000
2026-07-07T15:21:57.240+00:00 CAN id=101 dlc=8 data=d8cf0400a8610000
2026-07-07T15:21:57.260+00:00 CAN id=101 dlc=8 data=d8cf0400a8610000
2026-07-07T15:21:57.280+00:00 CAN id=101 dlc=8 data=d8cf0400a8610000
2026-07-07T15:21:57.291+00:00 VCP run=1 step=0 angle=315527 target=315352 err=-175 steer=0 m1=221/8594 i1=223 t1=28 m2=-111/-8594 i2=-197 t2=28 steerMode=0/-390 iSteer=13180 driveMode=8594/8487 iDrive=210252 scale=0 wheel=25000
2026-07-07T15:21:57.300+00:00 CAN id=101 dlc=8 data=d8cf0400a8610000
2026-07-07T15:21:57.320+00:00 CAN id=101 dlc=8 data=d8cf0400a8610000
2026-07-07T15:21:57.340+00:00 CAN id=101 dlc=8 data=d8cf0400a8610000
2026-07-07T15:21:57.360+00:00 CAN id=101 dlc=8 data=d8cf0400a8610000
2026-07-07T15:21:57.380+00:00 CAN id=101 dlc=8 data=d8cf0400a8610000
2026-07-07T15:21:57.396+00:00 VCP run=1 step=0 angle=315527 target=315352 err=-175 steer=0 m1=171/8594 i1=162 t1=28 m2=-153/-8594 i2=-221 t2=28 steerMode=0/426 iSteer=-29633 driveMode=8594/9371 iDrive=191383 scale=0 wheel=25000
2026-07-07T15:21:57.400+00:00 CAN id=101 dlc=8 data=d8cf0400a8610000
2026-07-07T15:21:57.420+00:00 CAN id=101 dlc=8 data=d8cf0400a8610000
2026-07-07T15:21:57.440+00:00 CAN id=101 dlc=8 data=d8cf0400a8610000
2026-07-07T15:21:57.460+00:00 CAN id=101 dlc=8 data=d8cf0400a8610000
2026-07-07T15:21:57.480+00:00 CAN id=101 dlc=8 data=d8cf0400a8610000
2026-07-07T15:21:57.500+00:00 CAN id=101 dlc=8 data=d8cf0400a8610000
2026-07-07T15:21:57.520+00:00 CAN id=101 dlc=8 data=d8cf0400a8610000
2026-07-07T15:21:57.540+00:00 CAN id=101 dlc=8 data=d8cf0400a8610000
2026-07-07T15:21:57.560+00:00 CAN id=101 dlc=8 data=d8cf0400a8610000
2026-07-07T15:21:57.580+00:00 CAN id=101 dlc=8 data=d8cf0400a8610000
2026-07-07T15:21:57.582+00:00 VCP run=1 step=0 angle=315527 target=315352 err=-175 steer=0 m1=177/8594 i1=187 t1=28 m2=-130/-8594 i2=-199 t2=28 steerMode=0/-50 iSteer=-6139 driveMode=8594/9253 iDrive=192734 scale=0 wheel=25000
2026-07-07T15:21:57.582+00:00 VCP run=1 step=0 angle=315615 target=315352 err=-263 steer=0 m1=217/8594 i1=162 t1=28 m2=-134/-8594 i2=-229 t2=28 steerMode=0/480 iSteer=-33503 driveMode=8594/9035 iDrive=195951 scale=0 wheel=25000
2026-07-07T15:21:57.600+00:00 CAN id=101 dlc=8 data=d8cf0400a8610000
2026-07-07T15:21:57.620+00:00 CAN id=101 dlc=8 data=d8cf0400a8610000
2026-07-07T15:21:57.640+00:00 CAN id=101 dlc=8 data=d8cf0400a8610000
2026-07-07T15:21:57.660+00:00 CAN id=101 dlc=8 data=d8cf0400a8610000
2026-07-07T15:21:57.680+00:00 CAN id=101 dlc=8 data=d8cf0400a8610000
2026-07-07T15:21:57.686+00:00 VCP SET_TARGET_RX steer=315352 wheel=25000
2026-07-07T15:21:57.686+00:00 VCP run=1 step=0 angle=315615 target=315352 err=-263 steer=0 m1=163/8594 i1=161 t1=28 m2=-170/-8594 i2=-211 t2=28 steerMode=0/288 iSteer=-24953 driveMode=8594/9466 iDrive=185749 scale=0 wheel=25000
2026-07-07T15:21:57.700+00:00 CAN id=101 dlc=8 data=d8cf0400a8610000
2026-07-07T15:21:57.720+00:00 CAN id=101 dlc=8 data=d8cf0400a8610000
2026-07-07T15:21:57.740+00:00 CAN id=101 dlc=8 data=d8cf0400a8610000
2026-07-07T15:21:57.760+00:00 CAN id=101 dlc=8 data=d8cf0400a8610000
2026-07-07T15:21:57.780+00:00 CAN id=101 dlc=8 data=d8cf0400a8610000
2026-07-07T15:21:57.791+00:00 VCP run=1 step=0 angle=315791 target=315352 err=-439 steer=0 m1=186/8594 i1=180 t1=28 m2=-231/-8594 i2=-190 t2=28 steerMode=0/-98 iSteer=-5057 driveMode=8594/9449 iDrive=184564 scale=0 wheel=25000
2026-07-07T15:21:57.800+00:00 CAN id=101 dlc=8 data=d8cf0400a8610000
2026-07-07T15:21:57.820+00:00 CAN id=101 dlc=8 data=d8cf0400a8610000
2026-07-07T15:21:57.840+00:00 CAN id=101 dlc=8 data=d8cf0400a8610000
2026-07-07T15:21:57.860+00:00 CAN id=101 dlc=8 data=d8cf0400a8610000
2026-07-07T15:21:57.880+00:00 CAN id=101 dlc=8 data=d8cf0400a8610000
2026-07-07T15:21:57.896+00:00 VCP run=1 step=0 angle=315879 target=315352 err=-527 steer=-263 m1=156/7145 i1=114 t1=28 m2=-149/-10043 i2=-291 t2=28 steerMode=-1449/81 iSteer=-88673 driveMode=8594/8502 iDrive=202329 scale=0 wheel=25000
2026-07-07T15:21:57.900+00:00 CAN id=101 dlc=8 data=d8cf0400a8610000
2026-07-07T15:21:57.920+00:00 CAN id=101 dlc=8 data=d8cf0400a8610000
2026-07-07T15:21:57.940+00:00 CAN id=101 dlc=8 data=d8cf0400a8610000
2026-07-07T15:21:57.960+00:00 CAN id=101 dlc=8 data=d8cf0400a8610000
2026-07-07T15:21:57.980+00:00 CAN id=101 dlc=8 data=d8cf0400a8610000
2026-07-07T15:21:58.000+00:00 CAN id=101 dlc=8 data=d8cf0400a8610000
2026-07-07T15:21:58.020+00:00 CAN id=101 dlc=8 data=d8cf0400a8610000
2026-07-07T15:21:58.040+00:00 CAN id=101 dlc=8 data=d8cf0400a8610000
2026-07-07T15:21:58.060+00:00 CAN id=101 dlc=8 data=d8cf0400a8610000
2026-07-07T15:21:58.080+00:00 CAN id=101 dlc=8 data=d8cf0400a8610000
2026-07-07T15:21:58.082+00:00 VCP run=1 step=0 angle=315703 target=315352 err=-351 steer=0 m1=156/8594 i1=170 t1=28 m2=-109/-8594 i2=-245 t2=28 steerMode=0/514 iSteer=-37645 driveMode=8594/8262 iDrive=207225 scale=0 wheel=25000
2026-07-07T15:21:58.082+00:00 VCP run=1 step=0 angle=315791 target=315352 err=-439 steer=0 m1=144/8594 i1=197 t1=28 m2=-168/-8594 i2=-201 t2=28 steerMode=0/-205 iSteer=-2325 driveMode=8594/8684 iDrive=198942 scale=0 wheel=25000
2026-07-07T15:21:58.100+00:00 CAN id=101 dlc=8 data=d8cf0400a8610000
2026-07-07T15:21:58.120+00:00 CAN id=101 dlc=8 data=d8cf0400a8610000
2026-07-07T15:21:58.140+00:00 CAN id=101 dlc=8 data=d8cf0400a8610000
2026-07-07T15:21:58.160+00:00 CAN id=101 dlc=8 data=d8cf0400a8610000
2026-07-07T15:21:58.180+00:00 CAN id=101 dlc=8 data=d8cf0400a8610000
2026-07-07T15:21:58.186+00:00 VCP SET_TARGET_RX steer=315352 wheel=25000
2026-07-07T15:21:58.186+00:00 VCP run=1 step=0 angle=315879 target=315352 err=-527 steer=-263 m1=142/7145 i1=119 t1=28 m2=-227/-10043 i2=-293 t2=28 steerMode=-1449/-23 iSteer=-86837 driveMode=8594/8366 iDrive=206189 scale=0 wheel=25000
2026-07-07T15:21:58.200+00:00 CAN id=101 dlc=8 data=d8cf0400a8610000
2026-07-07T15:21:58.220+00:00 CAN id=101 dlc=8 data=d8cf0400a8610000
2026-07-07T15:21:58.240+00:00 CAN id=101 dlc=8 data=d8cf0400a8610000
2026-07-07T15:21:58.260+00:00 CAN id=101 dlc=8 data=d8cf0400a8610000
2026-07-07T15:21:58.280+00:00 CAN id=101 dlc=8 data=d8cf0400a8610000
2026-07-07T15:21:58.292+00:00 VCP run=1 step=0 angle=315703 target=315352 err=-351 steer=0 m1=175/8594 i1=192 t1=28 m2=-201/-8594 i2=-229 t2=28 steerMode=0/65 iSteer=-18092 driveMode=8594/8190 iDrive=210571 scale=0 wheel=25000
2026-07-07T15:21:58.300+00:00 CAN id=101 dlc=8 data=d8cf0400a8610000
2026-07-07T15:21:58.320+00:00 CAN id=101 dlc=8 data=d8cf0400a8610000
2026-07-07T15:21:58.340+00:00 CAN id=101 dlc=8 data=d8cf0400a8610000
2026-07-07T15:21:58.360+00:00 CAN id=101 dlc=8 data=d8cf0400a8610000
2026-07-07T15:21:58.380+00:00 CAN id=101 dlc=8 data=d8cf0400a8610000
2026-07-07T15:21:58.396+00:00 VCP run=1 step=0 angle=316055 target=315352 err=-703 steer=-351 m1=69/6661 i1=138 t1=28 m2=-224/-10526 i2=-322 t2=28 steerMode=-1932/-490 iSteer=-92227 driveMode=8594/7299 iDrive=229971 scale=0 wheel=25000
2026-07-07T15:21:58.400+00:00 CAN id=101 dlc=8 data=d8cf0400a8610000
2026-07-07T15:21:58.420+00:00 CAN id=101 dlc=8 data=d8cf0400a8610000
2026-07-07T15:21:58.440+00:00 CAN id=101 dlc=8 data=d8cf0400a8610000
2026-07-07T15:21:58.460+00:00 CAN id=101 dlc=8 data=d8cf0400a8610000
2026-07-07T15:21:58.480+00:00 CAN id=101 dlc=8 data=d8cf0400a8610000
2026-07-07T15:21:58.500+00:00 CAN id=101 dlc=8 data=d8cf0400a8610000
2026-07-07T15:21:58.501+00:00 VCP run=1 step=0 angle=315879 target=315352 err=-527 steer=-263 m1=159/7145 i1=102 t1=28 m2=-197/-10043 i2=-382 t2=28 steerMode=-1449/941 iSteer=-139588 driveMode=8594/6856 iDrive=241975 scale=0 wheel=25000
2026-07-07T15:21:58.520+00:00 CAN id=101 dlc=8 data=d8cf0400a8610000
2026-07-07T15:21:58.540+00:00 CAN id=101 dlc=8 data=d8cf0400a8610000
2026-07-07T15:21:58.560+00:00 CAN id=101 dlc=8 data=d8cf0400a8610000
2026-07-07T15:21:58.580+00:00 CAN id=101 dlc=8 data=d8cf0400a8610000
2026-07-07T15:21:58.600+00:00 CAN id=101 dlc=8 data=d8cf0400a8610000
2026-07-07T15:21:58.620+00:00 CAN id=101 dlc=8 data=d8cf0400a8610000
2026-07-07T15:21:58.640+00:00 CAN id=101 dlc=8 data=d8cf0400a8610000
2026-07-07T15:21:58.660+00:00 CAN id=101 dlc=8 data=d8cf0400a8610000
2026-07-07T15:21:58.680+00:00 CAN id=101 dlc=8 data=d8cf0400a8610000
2026-07-07T15:21:58.684+00:00 VCP run=1 step=0 angle=315879 target=315352 err=-527 steer=-263 m1=138/7145 i1=122 t1=28 m2=-107/-10043 i2=-335 t2=28 steerMode=-1449/246 iSteer=-106249 driveMode=8594/7660 iDrive=228551 scale=0 wheel=25000
2026-07-07T15:21:58.685+00:00 VCP SET_TARGET_RX steer=315352 wheel=25000
2026-07-07T15:21:58.685+00:00 VCP run=1 step=0 angle=315791 target=315352 err=-439 steer=0 m1=163/8594 i1=237 t1=28 m2=-216/-8594 i2=-193 t2=28 steerMode=0/-911 iSteer=22079 driveMode=8594/8424 iDrive=214596 scale=0 wheel=25000
2026-07-07T15:21:58.700+00:00 CAN id=101 dlc=8 data=d8cf0400a8610000
2026-07-07T15:21:58.720+00:00 CAN id=101 dlc=8 data=d8cf0400a8610000
2026-07-07T15:21:58.740+00:00 CAN id=101 dlc=8 data=d8cf0400a8610000
2026-07-07T15:21:58.760+00:00 CAN id=101 dlc=8 data=d8cf0400a8610000
2026-07-07T15:21:58.780+00:00 CAN id=101 dlc=8 data=d8cf0400a8610000
2026-07-07T15:21:58.789+00:00 VCP run=1 step=0 angle=316143 target=315352 err=-791 steer=-395 m1=131/6420 i1=87 t1=28 m2=-166/-10768 i2=-366 t2=28 steerMode=-2174/67 iSteer=-139656 driveMode=8594/7867 iDrive=226294 scale=0 wheel=25000
2026-07-07T15:21:58.800+00:00 CAN id=101 dlc=8 data=d8cf0400a8610000
2026-07-07T15:21:58.820+00:00 CAN id=101 dlc=8 data=d8cf0400a8610000
2026-07-07T15:21:58.840+00:00 CAN id=101 dlc=8 data=d8cf0400a8610000
2026-07-07T15:21:58.860+00:00 CAN id=101 dlc=8 data=d8cf0400a8610000
2026-07-07T15:21:58.880+00:00 CAN id=101 dlc=8 data=d8cf0400a8610000
2026-07-07T15:21:58.894+00:00 VCP run=1 step=0 angle=315879 target=315352 err=-527 steer=-263 m1=98/7145 i1=177 t1=28 m2=-218/-10043 i2=-309 t2=28 steerMode=-1449/-730 iSteer=-65690 driveMode=8594/7167 iDrive=242929 scale=0 wheel=25000
2026-07-07T15:21:58.900+00:00 CAN id=101 dlc=8 data=d8cf0400a8610000
2026-07-07T15:21:58.920+00:00 CAN id=101 dlc=8 data=d8cf0400a8610000
2026-07-07T15:21:58.940+00:00 CAN id=101 dlc=8 data=d8cf0400a8610000
2026-07-07T15:21:58.960+00:00 CAN id=101 dlc=8 data=d8cf0400a8610000
2026-07-07T15:21:58.980+00:00 CAN id=101 dlc=8 data=d8cf0400a8610000
2026-07-07T15:21:58.998+00:00 VCP run=1 step=0 angle=315967 target=315352 err=-615 steer=-307 m1=131/6903 i1=103 t1=28 m2=-176/-10284 i2=-373 t2=28 steerMode=-1691/381 iSteer=-134900 driveMode=8594/7520 iDrive=238284 scale=0 wheel=25000
2026-07-07T15:21:59.000+00:00 CAN id=101 dlc=8 data=d8cf0400a8610000
2026-07-07T15:21:59.020+00:00 CAN id=101 dlc=8 data=d8cf0400a8610000
2026-07-07T15:21:59.040+00:00 CAN id=101 dlc=8 data=d8cf0400a8610000
2026-07-07T15:21:59.060+00:00 CAN id=101 dlc=8 data=d8cf0400a8610000
2026-07-07T15:21:59.080+00:00 CAN id=101 dlc=8 data=d8cf0400a8610000
2026-07-07T15:21:59.100+00:00 CAN id=101 dlc=8 data=d8cf0400a8610000
2026-07-07T15:21:59.120+00:00 CAN id=101 dlc=8 data=d8cf0400a8610000
2026-07-07T15:21:59.140+00:00 CAN id=101 dlc=8 data=d8cf0400a8610000
2026-07-07T15:21:59.160+00:00 CAN id=101 dlc=8 data=d8cf0400a8610000
2026-07-07T15:21:59.180+00:00 CAN id=101 dlc=8 data=d8cf0400a8610000
2026-07-07T15:21:59.183+00:00 VCP run=1 step=0 angle=315703 target=315352 err=-351 steer=0 m1=186/8594 i1=257 t1=28 m2=-195/-8594 i2=-153 t2=28 steerMode=0/-1663 iSteer=51918 driveMode=8594/9220 iDrive=204986 scale=0 wheel=25000
2026-07-07T15:21:59.183+00:00 VCP SET_TARGET_RX steer=315352 wheel=25000
2026-07-07T15:21:59.183+00:00 VCP run=1 step=0 angle=315703 target=315352 err=-351 steer=0 m1=163/8594 i1=142 t1=28 m2=-185/-8594 i2=-262 t2=28 steerMode=0/549 iSteer=-59718 driveMode=8594/9304 iDrive=201864 scale=0 wheel=25000
2026-07-07T15:21:59.200+00:00 CAN id=101 dlc=8 data=d8cf0400a8610000
2026-07-07T15:21:59.220+00:00 CAN id=101 dlc=8 data=d8cf0400a8610000
2026-07-07T15:21:59.240+00:00 CAN id=101 dlc=8 data=d8cf0400a8610000
2026-07-07T15:21:59.260+00:00 CAN id=101 dlc=8 data=d8cf0400a8610000
2026-07-07T15:21:59.280+00:00 CAN id=101 dlc=8 data=d8cf0400a8610000
2026-07-07T15:21:59.288+00:00 VCP run=1 step=0 angle=315703 target=315352 err=-351 steer=0 m1=190/8594 i1=169 t1=28 m2=-147/-8594 i2=-223 t2=28 steerMode=0/-96 iSteer=-27062 driveMode=8594/9510 iDrive=195981 scale=0 wheel=25000
2026-07-07T15:21:59.300+00:00 CAN id=101 dlc=8 data=d8cf0400a8610000
2026-07-07T15:21:59.320+00:00 CAN id=101 dlc=8 data=d8cf0400a8610000
2026-07-07T15:21:59.340+00:00 CAN id=101 dlc=8 data=d8cf0400a8610000
2026-07-07T15:21:59.360+00:00 CAN id=101 dlc=8 data=d8cf0400a8610000
2026-07-07T15:21:59.380+00:00 CAN id=101 dlc=8 data=d8cf0400a8610000
2026-07-07T15:21:59.393+00:00 VCP run=1 step=0 angle=315703 target=315352 err=-351 steer=0 m1=198/8594 i1=135 t1=28 m2=-170/-8594 i2=-233 t2=28 steerMode=0/337 iSteer=-48782 driveMode=8594/9988 iDrive=183926 scale=0 wheel=25000
2026-07-07T15:21:59.400+00:00 CAN id=101 dlc=8 data=d8cf0400a8610000
2026-07-07T15:21:59.420+00:00 CAN id=101 dlc=8 data=d8cf0400a8610000
2026-07-07T15:21:59.440+00:00 CAN id=101 dlc=8 data=d8cf0400a8610000
2026-07-07T15:21:59.460+00:00 CAN id=101 dlc=8 data=d8cf0400a8610000
2026-07-07T15:21:59.480+00:00 CAN id=101 dlc=8 data=d8cf0400a8610000
2026-07-07T15:21:59.498+00:00 VCP run=1 step=0 angle=315703 target=315352 err=-351 steer=0 m1=177/8594 i1=187 t1=28 m2=-273/-8594 i2=-141 t2=28 steerMode=0/-1077 iSteer=23141 driveMode=8594/10835 iDrive=164112 scale=0 wheel=25000
2026-07-07T15:21:59.500+00:00 CAN id=101 dlc=8 data=d8cf0400a8610000
2026-07-07T15:21:59.520+00:00 CAN id=101 dlc=8 data=d8cf0400a8610000
2026-07-07T15:21:59.540+00:00 CAN id=101 dlc=8 data=d8cf0400a8610000
2026-07-07T15:21:59.560+00:00 CAN id=101 dlc=8 data=d8cf0400a8610000
2026-07-07T15:21:59.580+00:00 CAN id=101 dlc=8 data=d8cf0400a8610000
2026-07-07T15:21:59.600+00:00 CAN id=101 dlc=8 data=d8cf0400a8610000
2026-07-07T15:21:59.620+00:00 CAN id=101 dlc=8 data=d8cf0400a8610000
2026-07-07T15:21:59.640+00:00 CAN id=101 dlc=8 data=d8cf0400a8610000
2026-07-07T15:21:59.660+00:00 CAN id=101 dlc=8 data=d8cf0400a8610000
2026-07-07T15:21:59.680+00:00 CAN id=101 dlc=8 data=d8cf0400a8610000
2026-07-07T15:21:59.684+00:00 VCP run=1 step=0 angle=315703 target=315352 err=-351 steer=0 m1=192/8594 i1=150 t1=28 m2=-185/-8594 i2=-157 t2=28 steerMode=0/-503 iSteer=-3603 driveMode=8594/11131 iDrive=153819 scale=0 wheel=25000
2026-07-07T15:21:59.684+00:00 VCP SET_TARGET_RX steer=315352 wheel=25000
2026-07-07T15:21:59.684+00:00 VCP run=1 step=0 angle=315703 target=315352 err=-351 steer=0 m1=215/8594 i1=131 t1=28 m2=-224/-8594 i2=-193 t2=28 steerMode=0/59 iSteer=-31239 driveMode=8594/10530 iDrive=161980 scale=0 wheel=25000
2026-07-07T15:21:59.700+00:00 CAN id=101 dlc=8 data=d8cf0400a8610000
2026-07-07T15:21:59.720+00:00 CAN id=101 dlc=8 data=d8cf0400a8610000
2026-07-07T15:21:59.740+00:00 CAN id=101 dlc=8 data=d8cf0400a8610000
2026-07-07T15:21:59.760+00:00 CAN id=101 dlc=8 data=d8cf0400a8610000
2026-07-07T15:21:59.780+00:00 CAN id=101 dlc=8 data=d8cf0400a8610000
2026-07-07T15:21:59.789+00:00 VCP run=1 step=0 angle=315615 target=315352 err=-263 steer=0 m1=194/8594 i1=145 t1=28 m2=-155/-8594 i2=-184 t2=28 steerMode=0/-172 iSteer=-19585 driveMode=8594/10380 iDrive=164277 scale=0 wheel=25000
2026-07-07T15:21:59.800+00:00 CAN id=101 dlc=8 data=d8cf0400a8610000
2026-07-07T15:21:59.820+00:00 CAN id=101 dlc=8 data=d8cf0400a8610000
2026-07-07T15:21:59.840+00:00 CAN id=101 dlc=8 data=d8cf0400a8610000
2026-07-07T15:21:59.860+00:00 CAN id=101 dlc=8 data=d8cf0400a8610000
2026-07-07T15:21:59.880+00:00 CAN id=101 dlc=8 data=d8cf0400a8610000
2026-07-07T15:21:59.894+00:00 VCP run=1 step=0 angle=315615 target=315352 err=-263 steer=0 m1=182/8594 i1=147 t1=28 m2=-180/-8594 i2=-173 t2=28 steerMode=0/-292 iSteer=-13045 driveMode=8594/10585 iDrive=160175 scale=0 wheel=25000
2026-07-07T15:21:59.900+00:00 CAN id=101 dlc=8 data=d8cf0400a8610000
2026-07-07T15:21:59.920+00:00 CAN id=101 dlc=8 data=d8cf0400a8610000
2026-07-07T15:21:59.940+00:00 CAN id=101 dlc=8 data=d8cf0400a8610000
2026-07-07T15:21:59.960+00:00 CAN id=101 dlc=8 data=d8cf0400a8610000
2026-07-07T15:21:59.980+00:00 CAN id=101 dlc=8 data=d8cf0400a8610000
2026-07-07T15:21:59.999+00:00 VCP run=1 step=0 angle=315615 target=315352 err=-263 steer=0 m1=215/8594 i1=125 t1=28 m2=-245/-8594 i2=-184 t2=28 steerMode=0/44 iSteer=-29633 driveMode=8594/10863 iDrive=154617 scale=0 wheel=25000
2026-07-07T15:22:00.000+00:00 CAN id=101 dlc=8 data=d8cf0400a8610000
2026-07-07T15:22:00.020+00:00 CAN id=101 dlc=8 data=d8cf0400a8610000
2026-07-07T15:22:00.040+00:00 CAN id=101 dlc=8 data=d8cf0400a8610000
2026-07-07T15:22:00.060+00:00 CAN id=101 dlc=8 data=d8cf0400a8610000
2026-07-07T15:22:00.080+00:00 CAN id=101 dlc=8 data=d8cf0400a8610000
2026-07-07T15:22:00.100+00:00 CAN id=101 dlc=8 data=d8cf0400a8610000
2026-07-07T15:22:00.120+00:00 CAN id=101 dlc=8 data=d8cf0400a8610000
2026-07-07T15:22:00.140+00:00 CAN id=101 dlc=8 data=d8cf0400a8610000
2026-07-07T15:22:00.160+00:00 CAN id=101 dlc=8 data=d8cf0400a8610000
2026-07-07T15:22:00.180+00:00 CAN id=101 dlc=8 data=d8cf0400a8610000
2026-07-07T15:22:00.183+00:00 VCP run=1 step=0 angle=315527 target=315352 err=-175 steer=0 m1=242/8594 i1=134 t1=28 m2=-239/-8594 i2=-162 t2=28 steerMode=0/-258 iSteer=-13924 driveMode=8594/11189 iDrive=148091 scale=0 wheel=25000
2026-07-07T15:22:00.183+00:00 VCP SET_TARGET_RX steer=315352 wheel=25000
2026-07-07T15:22:00.183+00:00 VCP run=1 step=0 angle=315527 target=315352 err=-175 steer=0 m1=188/8594 i1=139 t1=28 m2=-235/-8594 i2=-178 t2=28 steerMode=0/-149 iSteer=-19325 driveMode=8594/10666 iDrive=158554 scale=0 wheel=25000
2026-07-07T15:22:00.200+00:00 CAN id=101 dlc=8 data=d8cf0400a8610000
2026-07-07T15:22:00.220+00:00 CAN id=101 dlc=8 data=d8cf0400a8610000
2026-07-07T15:22:00.240+00:00 CAN id=101 dlc=8 data=d8cf0400a8610000
2026-07-07T15:22:00.260+00:00 CAN id=101 dlc=8 data=d8cf0400a8610000
2026-07-07T15:22:00.280+00:00 CAN id=101 dlc=8 data=d8cf0400a8610000
2026-07-07T15:22:00.289+00:00 VCP run=1 step=0 angle=315439 target=315352 err=-87 steer=0 m1=202/8594 i1=164 t1=28 m2=-191/-8594 i2=-146 t2=28 steerMode=0/-704 iSteer=8875 driveMode=8594/10837 iDrive=155134 scale=0 wheel=25000
2026-07-07T15:22:00.300+00:00 CAN id=101 dlc=8 data=d8cf0400a8610000
2026-07-07T15:22:00.320+00:00 CAN id=101 dlc=8 data=d8cf0400a8610000
2026-07-07T15:22:00.340+00:00 CAN id=101 dlc=8 data=d8cf0400a8610000
2026-07-07T15:22:00.360+00:00 CAN id=101 dlc=8 data=d8cf0400a8610000
2026-07-07T15:22:00.380+00:00 CAN id=101 dlc=8 data=d8cf0400a8610000
2026-07-07T15:22:00.394+00:00 VCP run=1 step=0 angle=315439 target=315352 err=-87 steer=0 m1=182/8594 i1=130 t1=28 m2=-254/-8594 i2=-187 t2=28 steerMode=0/51 iSteer=-28800 driveMode=8594/10668 iDrive=158522 scale=0 wheel=25000
2026-07-07T15:22:00.400+00:00 CAN id=101 dlc=8 data=d8cf0400a8610000
2026-07-07T15:22:00.420+00:00 CAN id=101 dlc=8 data=d8cf0400a8610000
2026-07-07T15:22:00.440+00:00 CAN id=101 dlc=8 data=d8cf0400a8610000
2026-07-07T15:22:00.460+00:00 CAN id=101 dlc=8 data=d8cf0400a8610000
2026-07-07T15:22:00.480+00:00 CAN id=101 dlc=8 data=d8cf0400a8610000
2026-07-07T15:22:00.500+00:00 CAN id=101 dlc=8 data=d8cf0400a8610000
2026-07-07T15:22:00.520+00:00 CAN id=101 dlc=8 data=d8cf0400a8610000
2026-07-07T15:22:00.540+00:00 CAN id=101 dlc=8 data=d8cf0400a8610000
2026-07-07T15:22:00.560+00:00 CAN id=101 dlc=8 data=d8cf0400a8610000
2026-07-07T15:22:00.580+00:00 CAN id=101 dlc=8 data=d8cf0400a8610000
2026-07-07T15:22:00.580+00:00 VCP run=1 step=0 angle=315352 target=315352 err=0 steer=0 m1=230/8594 i1=127 t1=28 m2=-149/-8594 i2=-191 t2=28 steerMode=0/126 iSteer=-31573 driveMode=8594/10642 iDrive=159028 scale=0 wheel=25000
2026-07-07T15:22:00.580+00:00 VCP run=1 step=0 angle=315352 target=315352 err=0 steer=0 m1=200/8594 i1=169 t1=28 m2=-218/-8594 i2=-169 t2=28 steerMode=0/-502 iSteer=-49 driveMode=8594/10138 iDrive=169112 scale=0 wheel=25000
2026-07-07T15:22:00.600+00:00 CAN id=101 dlc=8 data=d8cf0400a8610000
2026-07-07T15:22:00.620+00:00 CAN id=101 dlc=8 data=d8cf0400a8610000
2026-07-07T15:22:00.640+00:00 CAN id=101 dlc=8 data=d8cf0400a8610000
2026-07-07T15:22:00.660+00:00 CAN id=101 dlc=8 data=d8cf0400a8610000
2026-07-07T15:22:00.680+00:00 CAN id=101 dlc=8 data=d8cf0400a8610000
2026-07-07T15:22:00.686+00:00 VCP SET_TARGET_RX steer=315352 wheel=25000
2026-07-07T15:22:00.686+00:00 VCP run=1 step=0 angle=315264 target=315352 err=88 steer=0 m1=184/8594 i1=124 t1=28 m2=-212/-8594 i2=-206 t2=28 steerMode=0/315 iSteer=-41077 driveMode=8594/10363 iDrive=164605 scale=0 wheel=25000
2026-07-07T15:22:00.700+00:00 CAN id=101 dlc=8 data=d8cf0400a8610000
2026-07-07T15:22:00.720+00:00 CAN id=101 dlc=8 data=d8cf0400a8610000
2026-07-07T15:22:00.740+00:00 CAN id=101 dlc=8 data=d8cf0400a8610000
2026-07-07T15:22:00.760+00:00 CAN id=101 dlc=8 data=d8cf0400a8610000
2026-07-07T15:22:00.780+00:00 CAN id=101 dlc=8 data=d8cf0400a8610000
2026-07-07T15:22:00.791+00:00 VCP run=1 step=0 angle=315176 target=315352 err=176 steer=0 m1=234/8594 i1=128 t1=28 m2=-208/-8594 i2=-199 t2=28 steerMode=0/211 iSteer=-35454 driveMode=8594/10415 iDrive=163566 scale=0 wheel=25000
2026-07-07T15:22:00.800+00:00 CAN id=101 dlc=8 data=d8cf0400a8610000
2026-07-07T15:22:00.820+00:00 CAN id=101 dlc=8 data=d8cf0400a8610000
2026-07-07T15:22:00.840+00:00 CAN id=101 dlc=8 data=d8cf0400a8610000
2026-07-07T15:22:00.860+00:00 CAN id=101 dlc=8 data=d8cf0400a8610000
2026-07-07T15:22:00.880+00:00 CAN id=101 dlc=8 data=d8cf0400a8610000
2026-07-07T15:22:00.896+00:00 VCP run=1 step=0 angle=315176 target=315352 err=176 steer=0 m1=196/8594 i1=158 t1=28 m2=-216/-8594 i2=-194 t2=28 steerMode=0/-152 iSteer=-17955 driveMode=8594/9789 iDrive=176093 scale=0 wheel=25000
2026-07-07T15:22:00.900+00:00 CAN id=101 dlc=8 data=d8cf0400a8610000
2026-07-07T15:22:00.920+00:00 CAN id=101 dlc=8 data=d8cf0400a8610000
2026-07-07T15:22:00.940+00:00 CAN id=101 dlc=8 data=d8cf0400a8610000
2026-07-07T15:22:00.960+00:00 CAN id=101 dlc=8 data=d8cf0400a8610000
2026-07-07T15:22:00.980+00:00 CAN id=101 dlc=8 data=d8cf0400a8610000
2026-07-07T15:22:01.000+00:00 CAN id=101 dlc=8 data=d8cf0400a8610000
2026-07-07T15:22:01.020+00:00 CAN id=101 dlc=8 data=d8cf0400a8610000
2026-07-07T15:22:01.040+00:00 CAN id=101 dlc=8 data=d8cf0400a8610000
2026-07-07T15:22:01.060+00:00 CAN id=101 dlc=8 data=d8cf0400a8610000
2026-07-07T15:22:01.080+00:00 BENCH disable sent
2026-07-07T15:22:01.080+00:00 CAN id=121 dlc=2 data=0100
2026-07-07T15:22:01.080+00:00 CAN id=121 dlc=2 data=0100
2026-07-07T15:22:01.081+00:00 VCP run=1 step=0 angle=315088 target=315352 err=264 steer=0 m1=173/8594 i1=121 t1=28 m2=-206/-8594 i2=-210 t2=28 steerMode=0/373 iSteer=-44455 driveMode=8594/10300 iDrive=165883 scale=0 wheel=25000
2026-07-07T15:22:01.081+00:00 VCP run=1 step=0 angle=315088 target=315352 err=264 steer=0 m1=177/8594 i1=149 t1=28 m2=-185/-8594 i2=-222 t2=28 steerMode=0/224 iSteer=-36322 driveMode=8594/9312 iDrive=185634 scale=0 wheel=25000
2026-07-07T15:22:01.282+00:00 VCP UNIT_CTRL enable=0
2026-07-07T15:22:01.282+00:00 VCP UNIT_CTRL enable=0
2026-07-07T15:22:01.282+00:00 VCP STOP: disabled
2026-07-07T15:22:01.483+00:00 BENCH log closed
