2026-07-07T14:54:01.578+00:00 BENCH log opened: firmware/logs/lowrpm-ff150floor150-rpm25.log
2026-07-07T14:54:01.579+00:00 BENCH run: steer=315.352deg (315352mdeg) wheel=25.0rpm (25000milli-rpm) rate=50.0Hz duration=10.0s
2026-07-07T14:54:01.580+00:00 BENCH enable sent
2026-07-07T14:54:01.580+00:00 CAN id=121 dlc=2 data=0101
2026-07-07T14:54:01.580+00:00 CAN id=101 dlc=8 data=d8cf0400a8610000
2026-07-07T14:54:01.600+00:00 CAN id=101 dlc=8 data=d8cf0400a8610000
2026-07-07T14:54:01.605+00:00 VCP r=315352 wheel=25000
2026-07-07T14:54:01.605+00:00 VCP START_CAN: angle=317373 target=315352 wheelTarget=25000
2026-07-07T14:54:01.620+00:00 CAN id=101 dlc=8 data=d8cf0400a8610000
2026-07-07T14:54:01.640+00:00 CAN id=101 dlc=8 data=d8cf0400a8610000
2026-07-07T14:54:01.660+00:00 CAN id=101 dlc=8 data=d8cf0400a8610000
2026-07-07T14:54:01.680+00:00 CAN id=101 dlc=8 data=d8cf0400a8610000
2026-07-07T14:54:01.700+00:00 CAN id=101 dlc=8 data=d8cf0400a8610000
2026-07-07T14:54:01.720+00:00 CAN id=101 dlc=8 data=d8cf0400a8610000
2026-07-07T14:54:01.740+00:00 CAN id=101 dlc=8 data=d8cf0400a8610000
2026-07-07T14:54:01.760+00:00 CAN id=101 dlc=8 data=d8cf0400a8610000
2026-07-07T14:54:01.780+00:00 CAN id=101 dlc=8 data=d8cf0400a8610000
2026-07-07T14:54:01.789+00:00 VCP run=1 step=0 angle=317373 target=315352 err=-2021 steer=-300 m1=0/-1238 i1=-81 t1=28 m2=0/-2063 i2=-85 t2=27 steerMode=-1650/0 iSteer=-82797 driveMode=413/0 iDrive=2112 scale=0 wheel=1200
2026-07-07T14:54:01.789+00:00 VCP run=1 step=0 angle=317285 target=315352 err=-1933 steer=-967 m1=0/1215 i1=-238 t1=28 m2=0/-11847 i2=-316 t2=27 steerMode=-5316/-61 iSteer=-276942 driveMode=6531/-39 iDrive=39345 scale=0 wheel=19000
2026-07-07T14:54:01.800+00:00 CAN id=101 dlc=8 data=d8cf0400a8610000
2026-07-07T14:54:01.820+00:00 CAN id=101 dlc=8 data=d8cf0400a8610000
2026-07-07T14:54:01.840+00:00 CAN id=101 dlc=8 data=d8cf0400a8610000
2026-07-07T14:54:01.860+00:00 CAN id=101 dlc=8 data=d8cf0400a8610000
2026-07-07T14:54:01.880+00:00 CAN id=101 dlc=8 data=d8cf0400a8610000
2026-07-07T14:54:01.894+00:00 VCP run=1 step=0 angle=317285 target=315352 err=-1933 steer=-967 m1=0/3278 i1=-230 t1=28 m2=0/-13910 i2=-360 t2=27 steerMode=-5316/-4 iSteer=-295207 driveMode=8594/3 iDrive=64888 scale=0 wheel=25000
2026-07-07T14:54:01.900+00:00 CAN id=101 dlc=8 data=d8cf0400a8610000
2026-07-07T14:54:01.920+00:00 CAN id=101 dlc=8 data=d8cf0400a8610000
2026-07-07T14:54:01.940+00:00 CAN id=101 dlc=8 data=d8cf0400a8610000
2026-07-07T14:54:01.960+00:00 CAN id=101 dlc=8 data=d8cf0400a8610000
2026-07-07T14:54:01.980+00:00 CAN id=101 dlc=8 data=d8cf0400a8610000
2026-07-07T14:54:01.999+00:00 VCP run=1 step=0 angle=317373 target=315352 err=-2021 steer=-1011 m1=0/3036 i1=-242 t1=28 m2=0/-14152 i2=-404 t2=27 steerMode=-5558/-5 iSteer=-322699 driveMode=8594/5 iDrive=80839 scale=0 wheel=25000
2026-07-07T14:54:02.000+00:00 CAN id=101 dlc=8 data=d8cf0400a8610000
2026-07-07T14:54:02.021+00:00 CAN id=101 dlc=8 data=d8cf0400a8610000
2026-07-07T14:54:02.040+00:00 CAN id=101 dlc=8 data=d8cf0400a8610000
2026-07-07T14:54:02.060+00:00 CAN id=101 dlc=8 data=d8cf0400a8610000
2026-07-07T14:54:02.080+00:00 CAN id=101 dlc=8 data=d8cf0400a8610000
2026-07-07T14:54:02.100+00:00 CAN id=101 dlc=8 data=d8cf0400a8610000
2026-07-07T14:54:02.101+00:00 VCP run=1 step=0 angle=317373 target=315352 err=-2021 steer=-1011 m1=0/3036 i1=-241 t1=28 m2=0/-14152 i2=-435 t2=27 steerMode=-5558/-9 iSteer=-337838 driveMode=8594/9 iDrive=96778 scale=0 wheel=25000
2026-07-07T14:54:02.101+00:00 VCP SET_TARGET_RX steer=315352 wheel=25000
2026-07-07T14:54:02.120+00:00 CAN id=101 dlc=8 data=d8cf0400a8610000
2026-07-07T14:54:02.140+00:00 CAN id=101 dlc=8 data=d8cf0400a8610000
2026-07-07T14:54:02.160+00:00 CAN id=101 dlc=8 data=d8cf0400a8610000
2026-07-07T14:54:02.180+00:00 CAN id=101 dlc=8 data=d8cf0400a8610000
2026-07-07T14:54:02.200+00:00 CAN id=101 dlc=8 data=d8cf0400a8610000
2026-07-07T14:54:02.220+00:00 CAN id=101 dlc=8 data=d8cf0400a8610000
2026-07-07T14:54:02.240+00:00 CAN id=101 dlc=8 data=d8cf0400a8610000
2026-07-07T14:54:02.260+00:00 CAN id=101 dlc=8 data=d8cf0400a8610000
2026-07-07T14:54:02.280+00:00 CAN id=101 dlc=8 data=d8cf0400a8610000
2026-07-07T14:54:02.288+00:00 VCP run=1 step=0 angle=317373 target=315352 err=-2021 steer=-1011 m1=0/3036 i1=-238 t1=28 m2=-3/-14152 i2=-463 t2=27 steerMode=-5558/-55 iSteer=-350938 driveMode=8594/55 iDrive=112499 scale=0 wheel=25000
2026-07-07T14:54:02.288+00:00 VCP run=1 step=0 angle=317109 target=315352 err=-1757 steer=-879 m1=0/3761 i1=-80 t1=28 m2=-153/-13426 i2=-305 t2=27 steerMode=-4833/-2739 iSteer=-192466 driveMode=8594/2753 iDrive=112873 scale=0 wheel=25000
2026-07-07T14:54:02.300+00:00 CAN id=101 dlc=8 data=d8cf0400a8610000
2026-07-07T14:54:02.320+00:00 CAN id=101 dlc=8 data=d8cf0400a8610000
2026-07-07T14:54:02.340+00:00 CAN id=101 dlc=8 data=d8cf0400a8610000
2026-07-07T14:54:02.360+00:00 CAN id=101 dlc=8 data=d8cf0400a8610000
2026-07-07T14:54:02.381+00:00 CAN id=101 dlc=8 data=d8cf0400a8610000
2026-07-07T14:54:02.392+00:00 VCP run=1 step=0 angle=316055 target=315352 err=-703 steer=-351 m1=2/6661 i1=71 t1=28 m2=-80/-10526 i2=-176 t2=27 steerMode=-1932/-2627 iSteer=-52540 driveMode=8594/2661 iDrive=123286 scale=0 wheel=25000
2026-07-07T14:54:02.400+00:00 CAN id=101 dlc=8 data=d8cf0400a8610000
2026-07-07T14:54:02.420+00:00 CAN id=101 dlc=8 data=d8cf0400a8610000
2026-07-07T14:54:02.440+00:00 CAN id=101 dlc=8 data=d8cf0400a8610000
2026-07-07T14:54:02.460+00:00 CAN id=101 dlc=8 data=d8cf0400a8610000
2026-07-07T14:54:02.480+00:00 CAN id=101 dlc=8 data=d8cf0400a8610000
2026-07-07T14:54:02.498+00:00 VCP run=1 step=0 angle=315703 target=315352 err=-351 steer=0 m1=-3/8594 i1=73 t1=28 m2=-5/-8594 i2=-225 t2=27 steerMode=0/-181 iSteer=-75933 driveMode=8594/216 iDrive=148940 scale=0 wheel=25000
2026-07-07T14:54:02.500+00:00 CAN id=101 dlc=8 data=d8cf0400a8610000
2026-07-07T14:54:02.520+00:00 CAN id=101 dlc=8 data=d8cf0400a8610000
2026-07-07T14:54:02.540+00:00 CAN id=101 dlc=8 data=d8cf0400a8610000
2026-07-07T14:54:02.560+00:00 CAN id=101 dlc=8 data=d8cf0400a8610000
2026-07-07T14:54:02.580+00:00 CAN id=101 dlc=8 data=d8cf0400a8610000
2026-07-07T14:54:02.600+00:00 CAN id=101 dlc=8 data=d8cf0400a8610000
2026-07-07T14:54:02.601+00:00 VCP run=1 step=0 angle=315615 target=315352 err=-263 steer=0 m1=0/8594 i1=81 t1=28 m2=0/-8594 i2=-251 t2=27 steerMode=0/-4 iSteer=-84603 driveMode=8594/2 iDrive=166082 scale=0 wheel=25000
2026-07-07T14:54:02.601+00:00 VCP SET_TARGET_RX steer=315352 wheel=25000
2026-07-07T14:54:02.601+00:00 VCP run=1 step=0 angle=315703 target=315352 err=-351 steer=0 m1=0/8594 i1=97 t1=28 m2=0/-8594 i2=-267 t2=27 steerMode=0/0 iSteer=-84784 driveMode=8594/0 iDrive=182249 scale=0 wheel=25000
2026-07-07T14:54:02.621+00:00 CAN id=101 dlc=8 data=d8cf0400a8610000
2026-07-07T14:54:02.640+00:00 CAN id=101 dlc=8 data=d8cf0400a8610000
2026-07-07T14:54:02.660+00:00 CAN id=101 dlc=8 data=d8cf0400a8610000
2026-07-07T14:54:02.680+00:00 CAN id=101 dlc=8 data=d8cf0400a8610000
2026-07-07T14:54:02.700+00:00 CAN id=101 dlc=8 data=d8cf0400a8610000
2026-07-07T14:54:02.720+00:00 CAN id=101 dlc=8 data=d8cf0400a8610000
2026-07-07T14:54:02.740+00:00 CAN id=101 dlc=8 data=d8cf0400a8610000
2026-07-07T14:54:02.760+00:00 CAN id=101 dlc=8 data=d8cf0400a8610000
2026-07-07T14:54:02.780+00:00 CAN id=101 dlc=8 data=d8cf0400a8610000
2026-07-07T14:54:02.790+00:00 VCP run=1 step=0 angle=315615 target=315352 err=-263 steer=0 m1=0/8594 i1=114 t1=28 m2=0/-8594 i2=-283 t2=27 steerMode=0/-13 iSteer=-84108 driveMode=8594/13 iDrive=198503 scale=0 wheel=25000
2026-07-07T14:54:02.800+00:00 CAN id=101 dlc=8 data=d8cf0400a8610000
2026-07-07T14:54:02.820+00:00 CAN id=101 dlc=8 data=d8cf0400a8610000
2026-07-07T14:54:02.840+00:00 CAN id=101 dlc=8 data=d8cf0400a8610000
2026-07-07T14:54:02.860+00:00 CAN id=101 dlc=8 data=d8cf0400a8610000
2026-07-07T14:54:02.880+00:00 CAN id=101 dlc=8 data=d8cf0400a8610000
2026-07-07T14:54:02.897+00:00 VCP run=1 step=0 angle=315615 target=315352 err=-263 steer=0 m1=0/8594 i1=130 t1=28 m2=0/-8594 i2=-299 t2=27 steerMode=0/0 iSteer=-84760 driveMode=8594/0 iDrive=214720 scale=0 wheel=25000
2026-07-07T14:54:02.900+00:00 CAN id=101 dlc=8 data=d8cf0400a8610000
2026-07-07T14:54:02.921+00:00 CAN id=101 dlc=8 data=d8cf0400a8610000
2026-07-07T14:54:02.941+00:00 CAN id=101 dlc=8 data=d8cf0400a8610000
2026-07-07T14:54:02.960+00:00 CAN id=101 dlc=8 data=d8cf0400a8610000
2026-07-07T14:54:02.980+00:00 CAN id=101 dlc=8 data=d8cf0400a8610000
2026-07-07T14:54:03.000+00:00 CAN id=101 dlc=8 data=d8cf0400a8610000
2026-07-07T14:54:03.020+00:00 CAN id=101 dlc=8 data=d8cf0400a8610000
2026-07-07T14:54:03.040+00:00 CAN id=101 dlc=8 data=d8cf0400a8610000
2026-07-07T14:54:03.060+00:00 CAN id=101 dlc=8 data=d8cf0400a8610000
2026-07-07T14:54:03.080+00:00 CAN id=101 dlc=8 data=d8cf0400a8610000
2026-07-07T14:54:03.082+00:00 VCP run=1 step=0 angle=315703 target=315352 err=-351 steer=0 m1=0/8594 i1=147 t1=28 m2=0/-8594 i2=-315 t2=27 steerMode=0/-9 iSteer=-84284 driveMode=8594/9 iDrive=230816 scale=0 wheel=25000
2026-07-07T14:54:03.082+00:00 VCP run=1 step=0 angle=315703 target=315352 err=-351 steer=0 m1=0/8594 i1=162 t1=28 m2=0/-8594 i2=-332 t2=27 steerMode=0/0 iSteer=-84734 driveMode=8594/0 iDrive=247014 scale=0 wheel=25000
2026-07-07T14:54:03.100+00:00 CAN id=101 dlc=8 data=d8cf0400a8610000
2026-07-07T14:54:03.120+00:00 CAN id=101 dlc=8 data=d8cf0400a8610000
2026-07-07T14:54:03.140+00:00 CAN id=101 dlc=8 data=d8cf0400a8610000
2026-07-07T14:54:03.160+00:00 CAN id=101 dlc=8 data=d8cf0400a8610000
2026-07-07T14:54:03.180+00:00 CAN id=101 dlc=8 data=d8cf0400a8610000
2026-07-07T14:54:03.190+00:00 VCP SET_TARGET_RX steer=315352 wheel=25000
2026-07-07T14:54:03.190+00:00 VCP run=1 step=0 angle=315703 target=315352 err=-351 steer=0 m1=0/8594 i1=179 t1=28 m2=0/-8594 i2=-348 t2=27 steerMode=0/-4 iSteer=-84517 driveMode=8594/2 iDrive=263153 scale=0 wheel=25000
2026-07-07T14:54:03.200+00:00 CAN id=101 dlc=8 data=d8cf0400a8610000
2026-07-07T14:54:03.220+00:00 CAN id=101 dlc=8 data=d8cf0400a8610000
2026-07-07T14:54:03.240+00:00 CAN id=101 dlc=8 data=d8cf0400a8610000
2026-07-07T14:54:03.261+00:00 CAN id=101 dlc=8 data=d8cf0400a8610000
2026-07-07T14:54:03.280+00:00 CAN id=101 dlc=8 data=d8cf0400a8610000
2026-07-07T14:54:03.295+00:00 VCP run=1 step=0 angle=315703 target=315352 err=-351 steer=0 m1=0/8594 i1=196 t1=28 m2=0/-8594 i2=-363 t2=27 steerMode=0/-22 iSteer=-83611 driveMode=8594/22 iDrive=279193 scale=0 wheel=25000
2026-07-07T14:54:03.300+00:00 CAN id=101 dlc=8 data=d8cf0400a8610000
2026-07-07T14:54:03.320+00:00 CAN id=101 dlc=8 data=d8cf0400a8610000
2026-07-07T14:54:03.340+00:00 CAN id=101 dlc=8 data=d8cf0400a8610000
2026-07-07T14:54:03.363+00:00 CAN id=101 dlc=8 data=d8cf0400a8610000
2026-07-07T14:54:03.380+00:00 CAN id=101 dlc=8 data=d8cf0400a8610000
2026-07-07T14:54:03.400+00:00 CAN id=101 dlc=8 data=d8cf0400a8610000
2026-07-07T14:54:03.420+00:00 CAN id=101 dlc=8 data=d8cf0400a8610000
2026-07-07T14:54:03.440+00:00 CAN id=101 dlc=8 data=d8cf0400a8610000
2026-07-07T14:54:03.460+00:00 CAN id=101 dlc=8 data=d8cf0400a8610000
2026-07-07T14:54:03.480+00:00 CAN id=101 dlc=8 data=d8cf0400a8610000
2026-07-07T14:54:03.485+00:00 VCP run=1 step=0 angle=315703 target=315352 err=-351 steer=0 m1=0/8594 i1=212 t1=28 m2=0/-8594 i2=-379 t2=27 steerMode=0/-18 iSteer=-83780 driveMode=8594/18 iDrive=295350 scale=0 wheel=25000
2026-07-07T14:54:03.485+00:00 VCP run=1 step=0 angle=315703 target=315352 err=-351 steer=0 m1=0/8594 i1=227 t1=28 m2=0/-8594 i2=-396 t2=27 steerMode=0/-11 iSteer=-84096 driveMode=8594/12 iDrive=311502 scale=0 wheel=25000
2026-07-07T14:54:03.500+00:00 CAN id=101 dlc=8 data=d8cf0400a8610000
2026-07-07T14:54:03.520+00:00 CAN id=101 dlc=8 data=d8cf0400a8610000
2026-07-07T14:54:03.540+00:00 CAN id=101 dlc=8 data=d8cf0400a8610000
2026-07-07T14:54:03.561+00:00 CAN id=101 dlc=8 data=d8cf0400a8610000
2026-07-07T14:54:03.580+00:00 CAN id=101 dlc=8 data=d8cf0400a8610000
2026-07-07T14:54:03.587+00:00 VCP run=1 step=0 angle=315615 target=315352 err=-263 steer=0 m1=0/8594 i1=250 t1=28 m2=-17/-8594 i2=-403 t2=27 steerMode=0/-158 iSteer=-76596 driveMode=8594/158 iDrive=326849 scale=0 wheel=25000
2026-07-07T14:54:03.587+00:00 VCP SET_TARGET_RX steer=315352 wheel=25000
2026-07-07T14:54:03.600+00:00 CAN id=101 dlc=8 data=d8cf0400a8610000
2026-07-07T14:54:03.621+00:00 CAN id=101 dlc=8 data=d8cf0400a8610000
2026-07-07T14:54:03.640+00:00 CAN id=101 dlc=8 data=d8cf0400a8610000
2026-07-07T14:54:03.660+00:00 CAN id=101 dlc=8 data=d8cf0400a8610000
2026-07-07T14:54:03.680+00:00 CAN id=101 dlc=8 data=d8cf0400a8610000
2026-07-07T14:54:03.692+00:00 VCP run=1 step=0 angle=314648 target=315352 err=704 steer=352 m1=2/10529 i1=485 t1=28 m2=-72/-6659 i2=-167 t2=27 steerMode=1935/-2807 iSteer=158934 driveMode=8594/2835 iDrive=325825 scale=0 wheel=25000
2026-07-07T14:54:03.700+00:00 CAN id=101 dlc=8 data=d8cf0400a8610000
2026-07-07T14:54:03.720+00:00 CAN id=101 dlc=8 data=d8cf0400a8610000
2026-07-07T14:54:03.740+00:00 CAN id=101 dlc=8 data=d8cf0400a8610000
2026-07-07T14:54:03.760+00:00 CAN id=101 dlc=8 data=d8cf0400a8610000
2026-07-07T14:54:03.780+00:00 CAN id=101 dlc=8 data=d8cf0400a8610000
2026-07-07T14:54:03.797+00:00 VCP run=1 step=0 angle=314209 target=315352 err=1143 steer=572 m1=0/11737 i1=454 t1=28 m2=0/-5450 i2=-251 t2=27 steerMode=3143/-209 iSteer=101584 driveMode=8594/209 iDrive=352434 scale=0 wheel=25000
2026-07-07T14:54:03.800+00:00 CAN id=101 dlc=8 data=d8cf0400a8610000
2026-07-07T14:54:03.820+00:00 CAN id=101 dlc=8 data=d8cf0400a8610000
2026-07-07T14:54:03.840+00:00 CAN id=101 dlc=8 data=d8cf0400a8610000
2026-07-07T14:54:03.860+00:00 CAN id=101 dlc=8 data=d8cf0400a8610000
2026-07-07T14:54:03.880+00:00 CAN id=101 dlc=8 data=d8cf0400a8610000
2026-07-07T14:54:03.900+00:00 CAN id=101 dlc=8 data=d8cf0400a8610000
2026-07-07T14:54:03.920+00:00 CAN id=101 dlc=8 data=d8cf0400a8610000
2026-07-07T14:54:03.940+00:00 CAN id=101 dlc=8 data=d8cf0400a8610000
2026-07-07T14:54:03.960+00:00 CAN id=101 dlc=8 data=d8cf0400a8610000
2026-07-07T14:54:03.980+00:00 CAN id=101 dlc=8 data=d8cf0400a8610000
2026-07-07T14:54:03.986+00:00 VCP run=1 step=0 angle=314121 target=315352 err=1231 steer=615 m1=0/11979 i1=482 t1=28 m2=0/-5209 i2=-257 t2=27 steerMode=3385/-2 iSteer=112755 driveMode=8594/2 iDrive=369380 scale=0 wheel=25000
2026-07-07T14:54:03.986+00:00 VCP run=1 step=0 angle=314121 target=315352 err=1231 steer=615 m1=0/11979 i1=508 t1=28 m2=0/-5209 i2=-264 t2=27 steerMode=3385/0 iSteer=122037 driveMode=8594/0 iDrive=385546 scale=0 wheel=25000
2026-07-07T14:54:04.000+00:00 CAN id=101 dlc=8 data=d8cf0400a8610000
2026-07-07T14:54:04.020+00:00 CAN id=101 dlc=8 data=d8cf0400a8610000
2026-07-07T14:54:04.040+00:00 CAN id=101 dlc=8 data=d8cf0400a8610000
2026-07-07T14:54:04.060+00:00 CAN id=101 dlc=8 data=d8cf0400a8610000
2026-07-07T14:54:04.080+00:00 CAN id=101 dlc=8 data=d8cf0400a8610000
2026-07-07T14:54:04.088+00:00 VCP run=1 step=0 angle=314121 target=315352 err=1231 steer=615 m1=2/11979 i1=533 t1=28 m2=0/-5209 i2=-270 t2=27 steerMode=3385/5 iSteer=131272 driveMode=8594/5 iDrive=401678 scale=0 wheel=25000
2026-07-07T14:54:04.088+00:00 VCP SET_TARGET_RX steer=315352 wheel=25000
2026-07-07T14:54:04.100+00:00 CAN id=101 dlc=8 data=d8cf0400a8610000
2026-07-07T14:54:04.120+00:00 CAN id=101 dlc=8 data=d8cf0400a8610000
2026-07-07T14:54:04.140+00:00 CAN id=101 dlc=8 data=d8cf0400a8610000
2026-07-07T14:54:04.160+00:00 CAN id=101 dlc=8 data=d8cf0400a8610000
2026-07-07T14:54:04.180+00:00 CAN id=101 dlc=8 data=d8cf0400a8610000
2026-07-07T14:54:04.193+00:00 VCP run=1 step=0 angle=314121 target=315352 err=1231 steer=615 m1=0/11979 i1=559 t1=28 m2=0/-5209 i2=-277 t2=27 steerMode=3385/0 iSteer=140914 driveMode=8594/0 iDrive=417843 scale=0 wheel=25000
2026-07-07T14:54:04.200+00:00 CAN id=101 dlc=8 data=d8cf0400a8610000
2026-07-07T14:54:04.220+00:00 CAN id=101 dlc=8 data=d8cf0400a8610000
2026-07-07T14:54:04.240+00:00 CAN id=101 dlc=8 data=d8cf0400a8610000
2026-07-07T14:54:04.260+00:00 CAN id=101 dlc=8 data=d8cf0400a8610000
2026-07-07T14:54:04.280+00:00 CAN id=101 dlc=8 data=d8cf0400a8610000
2026-07-07T14:54:04.299+00:00 VCP run=1 step=0 angle=314121 target=315352 err=1231 steer=615 m1=2/11979 i1=584 t1=28 m2=0/-5209 i2=-284 t2=27 steerMode=3385/11 iSteer=149807 driveMode=8594/11 iDrive=433943 scale=0 wheel=25000
2026-07-07T14:54:04.300+00:00 CAN id=101 dlc=8 data=d8cf0400a8610000
2026-07-07T14:54:04.320+00:00 CAN id=101 dlc=8 data=d8cf0400a8610000
2026-07-07T14:54:04.340+00:00 CAN id=101 dlc=8 data=d8cf0400a8610000
2026-07-07T14:54:04.360+00:00 CAN id=101 dlc=8 data=d8cf0400a8610000
2026-07-07T14:54:04.380+00:00 CAN id=101 dlc=8 data=d8cf0400a8610000
2026-07-07T14:54:04.400+00:00 CAN id=101 dlc=8 data=d8cf0400a8610000
2026-07-07T14:54:04.420+00:00 CAN id=101 dlc=8 data=d8cf0400a8610000
2026-07-07T14:54:04.440+00:00 CAN id=101 dlc=8 data=d8cf0400a8610000
2026-07-07T14:54:04.460+00:00 CAN id=101 dlc=8 data=d8cf0400a8610000
2026-07-07T14:54:04.480+00:00 CAN id=101 dlc=8 data=d8cf0400a8610000
2026-07-07T14:54:04.487+00:00 VCP run=1 step=0 angle=314209 target=315352 err=1143 steer=572 m1=0/11737 i1=598 t1=28 m2=0/-5450 i2=-302 t2=27 steerMode=3143/-2 iSteer=147801 driveMode=8594/2 iDrive=450136 scale=0 wheel=25000
2026-07-07T14:54:04.487+00:00 VCP run=1 step=0 angle=314121 target=315352 err=1231 steer=615 m1=-3/11979 i1=636 t1=28 m2=0/-5209 i2=-297 t2=27 steerMode=3385/-12 iSteer=169821 driveMode=8594/-12 iDrive=466362 scale=0 wheel=25000
2026-07-07T14:54:04.500+00:00 CAN id=101 dlc=8 data=d8cf0400a8610000
2026-07-07T14:54:04.520+00:00 CAN id=101 dlc=8 data=d8cf0400a8610000
2026-07-07T14:54:04.540+00:00 CAN id=101 dlc=8 data=d8cf0400a8610000
2026-07-07T14:54:04.560+00:00 CAN id=101 dlc=8 data=d8cf0400a8610000
2026-07-07T14:54:04.580+00:00 CAN id=101 dlc=8 data=d8cf0400a8610000
2026-07-07T14:54:04.589+00:00 VCP run=1 step=0 angle=314121 target=315352 err=1231 steer=615 m1=0/11979 i1=661 t1=28 m2=0/-5209 i2=-304 t2=27 steerMode=3385/0 iSteer=178608 driveMode=8594/0 iDrive=482290 scale=0 wheel=25000
2026-07-07T14:54:04.589+00:00 VCP SET_TARGET_RX steer=315352 wheel=25000
2026-07-07T14:54:04.600+00:00 CAN id=101 dlc=8 data=d8cf0400a8610000
2026-07-07T14:54:04.620+00:00 CAN id=101 dlc=8 data=d8cf0400a8610000
2026-07-07T14:54:04.640+00:00 CAN id=101 dlc=8 data=d8cf0400a8610000
2026-07-07T14:54:04.660+00:00 CAN id=101 dlc=8 data=d8cf0400a8610000
2026-07-07T14:54:04.680+00:00 CAN id=101 dlc=8 data=d8cf0400a8610000
2026-07-07T14:54:04.695+00:00 VCP run=1 step=0 angle=314209 target=315352 err=1143 steer=572 m1=0/11737 i1=674 t1=28 m2=0/-5450 i2=-323 t2=27 steerMode=3143/4 iSteer=175758 driveMode=8594/4 iDrive=498421 scale=0 wheel=25000
2026-07-07T14:54:04.700+00:00 CAN id=101 dlc=8 data=d8cf0400a8610000
2026-07-07T14:54:04.720+00:00 CAN id=101 dlc=8 data=d8cf0400a8610000
2026-07-07T14:54:04.740+00:00 CAN id=101 dlc=8 data=d8cf0400a8610000
2026-07-07T14:54:04.760+00:00 CAN id=101 dlc=8 data=d8cf0400a8610000
2026-07-07T14:54:04.780+00:00 CAN id=101 dlc=8 data=d8cf0400a8610000
2026-07-07T14:54:04.800+00:00 CAN id=101 dlc=8 data=d8cf0400a8610000
2026-07-07T14:54:04.800+00:00 VCP run=1 step=0 angle=314121 target=315352 err=1231 steer=615 m1=0/11979 i1=713 t1=28 m2=0/-5209 i2=-316 t2=27 steerMode=3385/-13 iSteer=198098 driveMode=8594/13 iDrive=514512 scale=0 wheel=25000
2026-07-07T14:54:04.820+00:00 CAN id=101 dlc=8 data=d8cf0400a8610000
2026-07-07T14:54:04.840+00:00 CAN id=101 dlc=8 data=d8cf0400a8610000
2026-07-07T14:54:04.860+00:00 CAN id=101 dlc=8 data=d8cf0400a8610000
2026-07-07T14:54:04.880+00:00 CAN id=101 dlc=8 data=d8cf0400a8610000
2026-07-07T14:54:04.900+00:00 CAN id=101 dlc=8 data=d8cf0400a8610000
2026-07-07T14:54:04.920+00:00 CAN id=101 dlc=8 data=d8cf0400a8610000
2026-07-07T14:54:04.940+00:00 CAN id=101 dlc=8 data=d8cf0400a8610000
2026-07-07T14:54:04.960+00:00 CAN id=101 dlc=8 data=d8cf0400a8610000
2026-07-07T14:54:04.980+00:00 CAN id=101 dlc=8 data=d8cf0400a8610000
2026-07-07T14:54:04.989+00:00 VCP run=1 step=0 angle=314121 target=315352 err=1231 steer=615 m1=0/11979 i1=737 t1=28 m2=0/-5209 i2=-324 t2=27 steerMode=3385/0 iSteer=206723 driveMode=8594/0 iDrive=530732 scale=0 wheel=25000
2026-07-07T14:54:04.989+00:00 VCP run=1 step=0 angle=314121 target=315352 err=1231 steer=615 m1=0/11979 i1=762 t1=28 m2=0/-5209 i2=-331 t2=27 steerMode=3385/12 iSteer=215400 driveMode=8594/12 iDrive=546826 scale=0 wheel=25000
2026-07-07T14:54:05.000+00:00 CAN id=101 dlc=8 data=d8cf0400a8610000
2026-07-07T14:54:05.020+00:00 CAN id=101 dlc=8 data=d8cf0400a8610000
2026-07-07T14:54:05.040+00:00 CAN id=101 dlc=8 data=d8cf0400a8610000
2026-07-07T14:54:05.060+00:00 CAN id=101 dlc=8 data=d8cf0400a8610000
2026-07-07T14:54:05.080+00:00 CAN id=101 dlc=8 data=d8cf0400a8610000
2026-07-07T14:54:05.091+00:00 VCP run=1 step=0 angle=314121 target=315352 err=1231 steer=615 m1=0/11979 i1=789 t1=28 m2=0/-5209 i2=-338 t2=27 steerMode=3385/0 iSteer=225487 driveMode=8594/0 iDrive=563057 scale=0 wheel=25000
2026-07-07T14:54:05.091+00:00 VCP SET_TARGET_RX steer=315352 wheel=25000
2026-07-07T14:54:05.100+00:00 CAN id=101 dlc=8 data=d8cf0400a8610000
2026-07-07T14:54:05.120+00:00 CAN id=101 dlc=8 data=d8cf0400a8610000
2026-07-07T14:54:05.140+00:00 CAN id=101 dlc=8 data=d8cf0400a8610000
2026-07-07T14:54:05.160+00:00 CAN id=101 dlc=8 data=d8cf0400a8610000
2026-07-07T14:54:05.180+00:00 CAN id=101 dlc=8 data=d8cf0400a8610000
2026-07-07T14:54:05.197+00:00 VCP run=1 step=0 angle=314209 target=315352 err=1143 steer=572 m1=0/11737 i1=802 t1=28 m2=0/-5450 i2=-356 t2=27 steerMode=3143/0 iSteer=222818 driveMode=8594/0 iDrive=579208 scale=0 wheel=25000
2026-07-07T14:54:05.200+00:00 CAN id=101 dlc=8 data=d8cf0400a8610000
2026-07-07T14:54:05.220+00:00 CAN id=101 dlc=8 data=d8cf0400a8610000
2026-07-07T14:54:05.240+00:00 CAN id=101 dlc=8 data=d8cf0400a8610000
2026-07-07T14:54:05.260+00:00 CAN id=101 dlc=8 data=d8cf0400a8610000
2026-07-07T14:54:05.280+00:00 CAN id=101 dlc=8 data=d8cf0400a8610000
2026-07-07T14:54:05.300+00:00 CAN id=101 dlc=8 data=d8cf0400a8610000
2026-07-07T14:54:05.320+00:00 CAN id=101 dlc=8 data=d8cf0400a8610000
2026-07-07T14:54:05.340+00:00 CAN id=101 dlc=8 data=d8cf0400a8610000
2026-07-07T14:54:05.360+00:00 CAN id=101 dlc=8 data=d8cf0400a8610000
2026-07-07T14:54:05.380+00:00 CAN id=101 dlc=8 data=d8cf0400a8610000
2026-07-07T14:54:05.386+00:00 VCP run=1 step=0 angle=314121 target=315352 err=1231 steer=615 m1=0/11979 i1=840 t1=28 m2=0/-5209 i2=-351 t2=27 steerMode=3385/3 iSteer=244222 driveMode=8594/3 iDrive=595350 scale=0 wheel=25000
2026-07-07T14:54:05.386+00:00 VCP run=1 step=0 angle=314121 target=315352 err=1231 steer=615 m1=0/11979 i1=865 t1=28 m2=0/-5209 i2=-358 t2=27 steerMode=3385/0 iSteer=253792 driveMode=8594/0 iDrive=611519 scale=0 wheel=25000
2026-07-07T14:54:05.400+00:00 CAN id=101 dlc=8 data=d8cf0400a8610000
2026-07-07T14:54:05.420+00:00 CAN id=101 dlc=8 data=d8cf0400a8610000
2026-07-07T14:54:05.440+00:00 CAN id=101 dlc=8 data=d8cf0400a8610000
2026-07-07T14:54:05.460+00:00 CAN id=101 dlc=8 data=d8cf0400a8610000
2026-07-07T14:54:05.480+00:00 CAN id=101 dlc=8 data=d8cf0400a8610000
2026-07-07T14:54:05.491+00:00 VCP run=1 step=0 angle=314121 target=315352 err=1231 steer=615 m1=0/11979 i1=891 t1=28 m2=0/-5209 i2=-364 t2=27 steerMode=3385/-5 iSteer=263317 driveMode=8594/-4 iDrive=627686 scale=0 wheel=25000
2026-07-07T14:54:05.500+00:00 CAN id=101 dlc=8 data=d8cf0400a8610000
2026-07-07T14:54:05.520+00:00 CAN id=101 dlc=8 data=d8cf0400a8610000
2026-07-07T14:54:05.540+00:00 CAN id=101 dlc=8 data=d8cf0400a8610000
2026-07-07T14:54:05.560+00:00 CAN id=101 dlc=8 data=d8cf0400a8610000
2026-07-07T14:54:05.580+00:00 CAN id=101 dlc=8 data=d8cf0400a8610000
2026-07-07T14:54:05.593+00:00 VCP run=1 step=0 angle=314121 target=315352 err=1231 steer=615 m1=0/11979 i1=916 t1=28 m2=0/-5209 i2=-371 t2=27 steerMode=3385/3 iSteer=272317 driveMode=8594/3 iDrive=643809 scale=0 wheel=25000
2026-07-07T14:54:05.594+00:00 VCP SET_TARGET_RX steer=315352 wheel=25000
2026-07-07T14:54:05.600+00:00 CAN id=101 dlc=8 data=d8cf0400a8610000
2026-07-07T14:54:05.620+00:00 CAN id=101 dlc=8 data=d8cf0400a8610000
2026-07-07T14:54:05.640+00:00 CAN id=101 dlc=8 data=d8cf0400a8610000
2026-07-07T14:54:05.660+00:00 CAN id=101 dlc=8 data=d8cf0400a8610000
2026-07-07T14:54:05.680+00:00 CAN id=101 dlc=8 data=d8cf0400a8610000
2026-07-07T14:54:05.699+00:00 VCP run=1 step=0 angle=314121 target=315352 err=1231 steer=615 m1=0/11979 i1=942 t1=28 m2=0/-5209 i2=-378 t2=27 steerMode=3385/0 iSteer=281864 driveMode=8594/0 iDrive=659974 scale=0 wheel=25000
2026-07-07T14:54:05.700+00:00 CAN id=101 dlc=8 data=d8cf0400a8610000
2026-07-07T14:54:05.720+00:00 CAN id=101 dlc=8 data=d8cf0400a8610000
2026-07-07T14:54:05.740+00:00 CAN id=101 dlc=8 data=d8cf0400a8610000
2026-07-07T14:54:05.760+00:00 CAN id=101 dlc=8 data=d8cf0400a8610000
2026-07-07T14:54:05.780+00:00 CAN id=101 dlc=8 data=d8cf0400a8610000
2026-07-07T14:54:05.800+00:00 CAN id=101 dlc=8 data=d8cf0400a8610000
2026-07-07T14:54:05.820+00:00 CAN id=101 dlc=8 data=d8cf0400a8610000
2026-07-07T14:54:05.840+00:00 CAN id=101 dlc=8 data=d8cf0400a8610000
2026-07-07T14:54:05.860+00:00 CAN id=101 dlc=8 data=d8cf0400a8610000
2026-07-07T14:54:05.880+00:00 CAN id=101 dlc=8 data=d8cf0400a8610000
2026-07-07T14:54:05.887+00:00 VCP run=1 step=0 angle=314121 target=315352 err=1231 steer=615 m1=0/11979 i1=968 t1=28 m2=0/-5209 i2=-384 t2=27 steerMode=3385/-20 iSteer=292124 driveMode=8594/17 iDrive=676044 scale=0 wheel=25000
2026-07-07T14:54:05.888+00:00 VCP run=1 step=0 angle=314121 target=315352 err=1231 steer=615 m1=0/11979 i1=993 t1=28 m2=0/-5209 i2=-392 t2=27 steerMode=3385/-1 iSteer=300673 driveMode=8594/-1 iDrive=692278 scale=0 wheel=25000
2026-07-07T14:54:05.900+00:00 CAN id=101 dlc=8 data=d8cf0400a8610000
2026-07-07T14:54:05.920+00:00 CAN id=101 dlc=8 data=d8cf0400a8610000
2026-07-07T14:54:05.940+00:00 CAN id=101 dlc=8 data=d8cf0400a8610000
2026-07-07T14:54:05.960+00:00 CAN id=101 dlc=8 data=d8cf0400a8610000
2026-07-07T14:54:05.980+00:00 CAN id=101 dlc=8 data=d8cf0400a8610000
2026-07-07T14:54:05.993+00:00 VCP run=1 step=0 angle=314121 target=315352 err=1231 steer=615 m1=4/11979 i1=1016 t1=28 m2=0/-5209 i2=-400 t2=27 steerMode=3385/47 iSteer=307744 driveMode=8594/47 iDrive=708184 scale=0 wheel=25000
2026-07-07T14:54:06.000+00:00 CAN id=101 dlc=8 data=d8cf0400a8610000
2026-07-07T14:54:06.020+00:00 CAN id=101 dlc=8 data=d8cf0400a8610000
2026-07-07T14:54:06.040+00:00 CAN id=101 dlc=8 data=d8cf0400a8610000
2026-07-07T14:54:06.060+00:00 CAN id=101 dlc=8 data=d8cf0400a8610000
2026-07-07T14:54:06.080+00:00 CAN id=101 dlc=8 data=d8cf0400a8610000
2026-07-07T14:54:06.095+00:00 VCP run=1 step=0 angle=315703 target=315352 err=-351 steer=0 m1=598/8594 i1=591 t1=28 m2=-423/-8594 i2=-921 t2=27 steerMode=0/5964 iSteer=-165056 driveMode=8594/20730 iDrive=756344 scale=0 wheel=25000
2026-07-07T14:54:06.095+00:00 VCP SET_TARGET_RX steer=315352 wheel=25000
2026-07-07T14:54:06.100+00:00 CAN id=101 dlc=8 data=d8cf0400a8610000
2026-07-07T14:54:06.120+00:00 CAN id=101 dlc=8 data=d8cf0400a8610000
2026-07-07T14:54:06.140+00:00 CAN id=101 dlc=8 data=d8cf0400a8610000
2026-07-07T14:54:06.160+00:00 CAN id=101 dlc=8 data=d8cf0400a8610000
2026-07-07T14:54:06.180+00:00 CAN id=101 dlc=8 data=d8cf0400a8610000
2026-07-07T14:54:06.199+00:00 VCP run=1 step=0 angle=316143 target=315352 err=-791 steer=-395 m1=1004/6420 i1=580 t1=28 m2=-1015/-10768 i2=-546 t2=27 steerMode=-2174/-89 iSteer=16702 driveMode=8594/49100 iDrive=563028 scale=0 wheel=25000
2026-07-07T14:54:06.200+00:00 CAN id=101 dlc=8 data=d8cf0400a8610000
2026-07-07T14:54:06.220+00:00 CAN id=101 dlc=8 data=d8cf0400a8610000
2026-07-07T14:54:06.240+00:00 CAN id=101 dlc=8 data=d8cf0400a8610000
2026-07-07T14:54:06.260+00:00 CAN id=101 dlc=8 data=d8cf0400a8610000
2026-07-07T14:54:06.280+00:00 CAN id=101 dlc=8 data=d8cf0400a8610000
2026-07-07T14:54:06.300+00:00 CAN id=101 dlc=8 data=d8cf0400a8610000
2026-07-07T14:54:06.320+00:00 CAN id=101 dlc=8 data=d8cf0400a8610000
2026-07-07T14:54:06.340+00:00 CAN id=101 dlc=8 data=d8cf0400a8610000
2026-07-07T14:54:06.360+00:00 CAN id=101 dlc=8 data=d8cf0400a8610000
2026-07-07T14:54:06.380+00:00 CAN id=101 dlc=8 data=d8cf0400a8610000
2026-07-07T14:54:06.385+00:00 VCP run=1 step=0 angle=316318 target=315352 err=-966 steer=-483 m1=1339/5936 i1=323 t1=28 m2=-1292/-11251 i2=-440 t2=27 steerMode=-2657/776 iSteer=-58627 driveMode=8594/66843 iDrive=381145 scale=0 wheel=25000
2026-07-07T14:54:06.385+00:00 VCP run=1 step=0 angle=316670 target=315352 err=-1318 steer=-659 m1=1406/4970 i1=161 t1=28 m2=-1396/-12218 i2=-300 t2=27 steerMode=-3624/-166 iSteer=-69380 driveMode=8594/73573 iDrive=230869 scale=0 wheel=25000
2026-07-07T14:54:06.400+00:00 CAN id=101 dlc=8 data=d8cf0400a8610000
2026-07-07T14:54:06.420+00:00 CAN id=101 dlc=8 data=d8cf0400a8610000
2026-07-07T14:54:06.440+00:00 CAN id=101 dlc=8 data=d8cf0400a8610000
2026-07-07T14:54:06.460+00:00 CAN id=101 dlc=8 data=d8cf0400a8610000
2026-07-07T14:54:06.480+00:00 CAN id=101 dlc=8 data=d8cf0400a8610000
2026-07-07T14:54:06.489+00:00 VCP run=1 step=0 angle=316230 target=315352 err=-878 steer=-439 m1=1358/6178 i1=132 t1=28 m2=-1331/-11009 i2=-99 t2=27 steerMode=-2416/-828 iSteer=16728 driveMode=8594/72725 iDrive=115602 scale=0 wheel=25000
2026-07-07T14:54:06.500+00:00 CAN id=101 dlc=8 data=d8cf0400a8610000
2026-07-07T14:54:06.520+00:00 CAN id=101 dlc=8 data=d8cf0400a8610000
2026-07-07T14:54:06.540+00:00 CAN id=101 dlc=8 data=d8cf0400a8610000
2026-07-07T14:54:06.560+00:00 CAN id=101 dlc=8 data=d8cf0400a8610000
2026-07-07T14:54:06.580+00:00 CAN id=101 dlc=8 data=d8cf0400a8610000
2026-07-07T14:54:06.591+00:00 VCP run=1 step=0 angle=316143 target=315352 err=-791 steer=-395 m1=1253/6420 i1=-1 t1=28 m2=-1241/-10768 i2=-64 t2=27 steerMode=-2174/276 iSteer=-32534 driveMode=8594/66616 iDrive=31560 scale=0 wheel=25000
2026-07-07T14:54:06.591+00:00 VCP SET_TARGET_RX steer=315352 wheel=25000
2026-07-07T14:54:06.600+00:00 CAN id=101 dlc=8 data=d8cf0400a8610000
2026-07-07T14:54:06.620+00:00 CAN id=101 dlc=8 data=d8cf0400a8610000
2026-07-07T14:54:06.640+00:00 CAN id=101 dlc=8 data=d8cf0400a8610000
2026-07-07T14:54:06.660+00:00 CAN id=101 dlc=8 data=d8cf0400a8610000
2026-07-07T14:54:06.680+00:00 CAN id=101 dlc=8 data=d8cf0400a8610000
2026-07-07T14:54:06.695+00:00 VCP run=1 step=0 angle=316406 target=315352 err=-1054 steer=-527 m1=1031/5695 i1=10 t1=28 m2=-1057/-11493 i2=-114 t2=27 steerMode=-2899/-236 iSteer=-51967 driveMode=8594/56274 iDrive=61599 scale=0 wheel=25000
2026-07-07T14:54:06.700+00:00 CAN id=101 dlc=8 data=d8cf0400a8610000
2026-07-07T14:54:06.720+00:00 CAN id=101 dlc=8 data=d8cf0400a8610000
2026-07-07T14:54:06.740+00:00 CAN id=101 dlc=8 data=d8cf0400a8610000
2026-07-07T14:54:06.760+00:00 CAN id=101 dlc=8 data=d8cf0400a8610000
2026-07-07T14:54:06.780+00:00 CAN id=101 dlc=8 data=d8cf0400a8610000
2026-07-07T14:54:06.799+00:00 VCP run=1 step=0 angle=316318 target=315352 err=-966 steer=-483 m1=897/5936 i1=69 t1=28 m2=-898/-11251 i2=-133 t2=27 steerMode=-2657/-518 iSteer=-31564 driveMode=8594/48401 iDrive=100961 scale=0 wheel=25000
2026-07-07T14:54:06.800+00:00 CAN id=101 dlc=8 data=d8cf0400a8610000
2026-07-07T14:54:06.820+00:00 CAN id=101 dlc=8 data=d8cf0400a8610000
2026-07-07T14:54:06.840+00:00 CAN id=101 dlc=8 data=d8cf0400a8610000
2026-07-07T14:54:06.860+00:00 CAN id=101 dlc=8 data=d8cf0400a8610000
2026-07-07T14:54:06.880+00:00 CAN id=101 dlc=8 data=d8cf0400a8610000
2026-07-07T14:54:06.900+00:00 CAN id=101 dlc=8 data=d8cf0400a8610000
2026-07-07T14:54:06.920+00:00 CAN id=101 dlc=8 data=d8cf0400a8610000
2026-07-07T14:54:06.940+00:00 CAN id=101 dlc=8 data=d8cf0400a8610000
2026-07-07T14:54:06.960+00:00 CAN id=101 dlc=8 data=d8cf0400a8610000
2026-07-07T14:54:06.980+00:00 CAN id=101 dlc=8 data=d8cf0400a8610000
2026-07-07T14:54:06.986+00:00 VCP run=1 step=0 angle=316055 target=315352 err=-703 steer=-351 m1=818/6661 i1=69 t1=28 m2=-796/-10526 i2=-187 t2=27 steerMode=-1932/637 iSteer=-58944 driveMode=8594/42932 iDrive=128310 scale=0 wheel=25000
2026-07-07T14:54:06.986+00:00 VCP run=1 step=0 angle=316230 target=315352 err=-878 steer=-439 m1=657/6178 i1=105 t1=28 m2=-685/-11009 i2=-206 t2=27 steerMode=-2416/-166 iSteer=-50519 driveMode=8594/37562 iDrive=155160 scale=0 wheel=25000
2026-07-07T14:54:07.000+00:00 CAN id=101 dlc=8 data=d8cf0400a8610000
2026-07-07T14:54:07.020+00:00 CAN id=101 dlc=8 data=d8cf0400a8610000
2026-07-07T14:54:07.040+00:00 CAN id=101 dlc=8 data=d8cf0400a8610000
2026-07-07T14:54:07.060+00:00 CAN id=101 dlc=8 data=d8cf0400a8610000
2026-07-07T14:54:07.080+00:00 CAN id=101 dlc=8 data=d8cf0400a8610000
2026-07-07T14:54:07.088+00:00 VCP run=1 step=0 angle=316143 target=315352 err=-791 steer=-395 m1=648/6420 i1=131 t1=28 m2=-670/-10768 i2=-213 t2=27 steerMode=-2174/-216 iSteer=-41274 driveMode=8594/34208 iDrive=171926 scale=0 wheel=25000
2026-07-07T14:54:07.088+00:00 VCP SET_TARGET_RX steer=315352 wheel=25000
2026-07-07T14:54:07.100+00:00 CAN id=101 dlc=8 data=d8cf0400a8610000
2026-07-07T14:54:07.120+00:00 CAN id=101 dlc=8 data=d8cf0400a8610000
2026-07-07T14:54:07.140+00:00 CAN id=101 dlc=8 data=d8cf0400a8610000
2026-07-07T14:54:07.160+00:00 CAN id=101 dlc=8 data=d8cf0400a8610000
2026-07-07T14:54:07.180+00:00 CAN id=101 dlc=8 data=d8cf0400a8610000
2026-07-07T14:54:07.191+00:00 VCP run=1 step=0 angle=316143 target=315352 err=-791 steer=-395 m1=581/6420 i1=147 t1=28 m2=-605/-10768 i2=-212 t2=27 steerMode=-2174/-504 iSteer=-32195 driveMode=8594/32711 iDrive=179413 scale=0 wheel=25000
2026-07-07T14:54:07.200+00:00 CAN id=101 dlc=8 data=d8cf0400a8610000
2026-07-07T14:54:07.220+00:00 CAN id=101 dlc=8 data=d8cf0400a8610000
2026-07-07T14:54:07.240+00:00 CAN id=101 dlc=8 data=d8cf0400a8610000
2026-07-07T14:54:07.260+00:00 CAN id=101 dlc=8 data=d8cf0400a8610000
2026-07-07T14:54:07.280+00:00 CAN id=101 dlc=8 data=d8cf0400a8610000
2026-07-07T14:54:07.296+00:00 VCP run=1 step=0 angle=315967 target=315352 err=-615 steer=-307 m1=592/6903 i1=171 t1=28 m2=-628/-10284 i2=-197 t2=27 steerMode=-1691/-472 iSteer=-13205 driveMode=8594/31739 iDrive=184274 scale=0 wheel=25000
2026-07-07T14:54:07.300+00:00 CAN id=101 dlc=8 data=d8cf0400a8610000
2026-07-07T14:54:07.320+00:00 CAN id=101 dlc=8 data=d8cf0400a8610000
2026-07-07T14:54:07.340+00:00 CAN id=101 dlc=8 data=d8cf0400a8610000
2026-07-07T14:54:07.360+00:00 CAN id=101 dlc=8 data=d8cf0400a8610000
2026-07-07T14:54:07.380+00:00 CAN id=101 dlc=8 data=d8cf0400a8610000
2026-07-07T14:54:07.400+00:00 CAN id=101 dlc=8 data=d8cf0400a8610000
2026-07-07T14:54:07.420+00:00 CAN id=101 dlc=8 data=d8cf0400a8610000
2026-07-07T14:54:07.440+00:00 CAN id=101 dlc=8 data=d8cf0400a8610000
2026-07-07T14:54:07.460+00:00 CAN id=101 dlc=8 data=d8cf0400a8610000
2026-07-07T14:54:07.480+00:00 CAN id=101 dlc=8 data=d8cf0400a8610000
2026-07-07T14:54:07.483+00:00 VCP run=1 step=0 angle=315879 target=315352 err=-527 steer=-263 m1=567/7145 i1=154 t1=28 m2=-591/-10043 i2=-230 t2=27 steerMode=-1449/185 iSteer=-38345 driveMode=8594/30189 iDrive=192024 scale=0 wheel=25000
2026-07-07T14:54:07.483+00:00 VCP run=1 step=0 angle=315791 target=315352 err=-439 steer=0 m1=602/8594 i1=195 t1=28 m2=-551/-8594 i2=-192 t2=27 steerMode=0/800 iSteer=1640 driveMode=8594/29845 iDrive=193744 scale=0 wheel=25000
2026-07-07T14:54:07.500+00:00 CAN id=101 dlc=8 data=d8cf0400a8610000
2026-07-07T14:54:07.520+00:00 CAN id=101 dlc=8 data=d8cf0400a8610000
2026-07-07T14:54:07.540+00:00 CAN id=101 dlc=8 data=d8cf0400a8610000
2026-07-07T14:54:07.560+00:00 CAN id=101 dlc=8 data=d8cf0400a8610000
2026-07-07T14:54:07.580+00:00 CAN id=101 dlc=8 data=d8cf0400a8610000
2026-07-07T14:54:07.585+00:00 VCP run=1 step=0 angle=315967 target=315352 err=-615 steer=-307 m1=525/6903 i1=195 t1=28 m2=-599/-10284 i2=-198 t2=27 steerMode=-1691/-951 iSteer=-1346 driveMode=8594/29327 iDrive=196335 scale=0 wheel=25000
2026-07-07T14:54:07.585+00:00 VCP SET_TARGET_RX steer=315352 wheel=25000
2026-07-07T14:54:07.600+00:00 CAN id=101 dlc=8 data=d8cf0400a8610000
2026-07-07T14:54:07.620+00:00 CAN id=101 dlc=8 data=d8cf0400a8610000
2026-07-07T14:54:07.640+00:00 CAN id=101 dlc=8 data=d8cf0400a8610000
2026-07-07T14:54:07.660+00:00 CAN id=101 dlc=8 data=d8cf0400a8610000
2026-07-07T14:54:07.680+00:00 CAN id=101 dlc=8 data=d8cf0400a8610000
2026-07-07T14:54:07.689+00:00 VCP run=1 step=0 angle=315879 target=315352 err=-527 steer=-263 m1=579/7145 i1=145 t1=28 m2=-526/-10043 i2=-257 t2=27 steerMode=-1449/322 iSteer=-55927 driveMode=8594/28425 iDrive=200842 scale=0 wheel=25000
2026-07-07T14:54:07.700+00:00 CAN id=101 dlc=8 data=d8cf0400a8610000
2026-07-07T14:54:07.720+00:00 CAN id=101 dlc=8 data=d8cf0400a8610000
2026-07-07T14:54:07.740+00:00 CAN id=101 dlc=8 data=d8cf0400a8610000
2026-07-07T14:54:07.760+00:00 CAN id=101 dlc=8 data=d8cf0400a8610000
2026-07-07T14:54:07.780+00:00 CAN id=101 dlc=8 data=d8cf0400a8610000
2026-07-07T14:54:07.793+00:00 VCP run=1 step=0 angle=316055 target=315352 err=-703 steer=-351 m1=512/6661 i1=153 t1=28 m2=-478/-10526 i2=-270 t2=27 steerMode=-1932/-214 iSteer=-58597 driveMode=8594/26273 iDrive=211605 scale=0 wheel=25000
2026-07-07T14:54:07.800+00:00 CAN id=101 dlc=8 data=d8cf0400a8610000
2026-07-07T14:54:07.820+00:00 CAN id=101 dlc=8 data=d8cf0400a8610000
2026-07-07T14:54:07.840+00:00 CAN id=101 dlc=8 data=d8cf0400a8610000
2026-07-07T14:54:07.860+00:00 CAN id=101 dlc=8 data=d8cf0400a8610000
2026-07-07T14:54:07.880+00:00 CAN id=101 dlc=8 data=d8cf0400a8610000
2026-07-07T14:54:07.898+00:00 VCP run=1 step=0 angle=316055 target=315352 err=-703 steer=-351 m1=439/6661 i1=148 t1=28 m2=-461/-10526 i2=-294 t2=27 steerMode=-1932/-21 iSteer=-72916 driveMode=8594/24459 iDrive=220676 scale=0 wheel=25000
2026-07-07T14:54:07.900+00:00 CAN id=101 dlc=8 data=d8cf0400a8610000
2026-07-07T14:54:07.920+00:00 CAN id=101 dlc=8 data=d8cf0400a8610000
2026-07-07T14:54:07.940+00:00 CAN id=101 dlc=8 data=d8cf0400a8610000
2026-07-07T14:54:07.960+00:00 CAN id=101 dlc=8 data=d8cf0400a8610000
2026-07-07T14:54:07.980+00:00 CAN id=101 dlc=8 data=d8cf0400a8610000
2026-07-07T14:54:08.000+00:00 CAN id=101 dlc=8 data=d8cf0400a8610000
2026-07-07T14:54:08.020+00:00 CAN id=101 dlc=8 data=d8cf0400a8610000
2026-07-07T14:54:08.040+00:00 CAN id=101 dlc=8 data=d8cf0400a8610000
2026-07-07T14:54:08.060+00:00 CAN id=101 dlc=8 data=d8cf0400a8610000
2026-07-07T14:54:08.080+00:00 CAN id=101 dlc=8 data=d8cf0400a8610000
2026-07-07T14:54:08.082+00:00 VCP run=1 step=0 angle=316055 target=315352 err=-703 steer=-351 m1=437/6661 i1=183 t1=28 m2=-471/-10526 i2=-267 t2=27 steerMode=-1932/-737 iSteer=-42230 driveMode=8594/23549 iDrive=225224 scale=0 wheel=25000
2026-07-07T14:54:08.082+00:00 VCP run=1 step=0 angle=315791 target=315352 err=-439 steer=0 m1=460/8594 i1=242 t1=28 m2=-494/-8594 i2=-199 t2=27 steerMode=0/-127 iSteer=21245 driveMode=8594/24534 iDrive=220300 scale=0 wheel=25000
2026-07-07T14:54:08.100+00:00 CAN id=101 dlc=8 data=d8cf0400a8610000
2026-07-07T14:54:08.120+00:00 CAN id=101 dlc=8 data=d8cf0400a8610000
2026-07-07T14:54:08.140+00:00 CAN id=101 dlc=8 data=d8cf0400a8610000
2026-07-07T14:54:08.160+00:00 CAN id=101 dlc=8 data=d8cf0400a8610000
2026-07-07T14:54:08.180+00:00 CAN id=101 dlc=8 data=d8cf0400a8610000
2026-07-07T14:54:08.186+00:00 VCP SET_TARGET_RX steer=315352 wheel=25000
2026-07-07T14:54:08.186+00:00 VCP run=1 step=0 angle=315879 target=315352 err=-527 steer=-263 m1=504/7145 i1=158 t1=28 m2=-515/-10043 i2=-265 t2=27 steerMode=-1449/-137 iSteer=-53840 driveMode=8594/26310 iDrive=211421 scale=0 wheel=25000
2026-07-07T14:54:08.200+00:00 CAN id=101 dlc=8 data=d8cf0400a8610000
2026-07-07T14:54:08.220+00:00 CAN id=101 dlc=8 data=d8cf0400a8610000
2026-07-07T14:54:08.240+00:00 CAN id=101 dlc=8 data=d8cf0400a8610000
2026-07-07T14:54:08.260+00:00 CAN id=101 dlc=8 data=d8cf0400a8610000
2026-07-07T14:54:08.280+00:00 CAN id=101 dlc=8 data=d8cf0400a8610000
2026-07-07T14:54:08.291+00:00 VCP run=1 step=0 angle=315791 target=315352 err=-439 steer=0 m1=554/8594 i1=206 t1=28 m2=-507/-8594 i2=-207 t2=27 steerMode=0/214 iSteer=-36 driveMode=8594/27288 iDrive=206531 scale=0 wheel=25000
2026-07-07T14:54:08.300+00:00 CAN id=101 dlc=8 data=d8cf0400a8610000
2026-07-07T14:54:08.320+00:00 CAN id=101 dlc=8 data=d8cf0400a8610000
2026-07-07T14:54:08.340+00:00 CAN id=101 dlc=8 data=d8cf0400a8610000
2026-07-07T14:54:08.360+00:00 CAN id=101 dlc=8 data=d8cf0400a8610000
2026-07-07T14:54:08.380+00:00 CAN id=101 dlc=8 data=d8cf0400a8610000
2026-07-07T14:54:08.396+00:00 VCP run=1 step=0 angle=315879 target=315352 err=-527 steer=-263 m1=527/7145 i1=181 t1=28 m2=-605/-10043 i2=-216 t2=27 steerMode=-1449/-972 iSteer=-17491 driveMode=8594/28867 iDrive=198632 scale=0 wheel=25000
2026-07-07T14:54:08.400+00:00 CAN id=101 dlc=8 data=d8cf0400a8610000
2026-07-07T14:54:08.420+00:00 CAN id=101 dlc=8 data=d8cf0400a8610000
2026-07-07T14:54:08.440+00:00 CAN id=101 dlc=8 data=d8cf0400a8610000
2026-07-07T14:54:08.460+00:00 CAN id=101 dlc=8 data=d8cf0400a8610000
2026-07-07T14:54:08.480+00:00 CAN id=101 dlc=8 data=d8cf0400a8610000
2026-07-07T14:54:08.500+00:00 CAN id=101 dlc=8 data=d8cf0400a8610000
2026-07-07T14:54:08.520+00:00 CAN id=101 dlc=8 data=d8cf0400a8610000
2026-07-07T14:54:08.540+00:00 CAN id=101 dlc=8 data=d8cf0400a8610000
2026-07-07T14:54:08.560+00:00 CAN id=101 dlc=8 data=d8cf0400a8610000
2026-07-07T14:54:08.580+00:00 CAN id=101 dlc=8 data=d8cf0400a8610000
2026-07-07T14:54:08.581+00:00 VCP run=1 step=0 angle=315791 target=315352 err=-439 steer=0 m1=602/8594 i1=158 t1=28 m2=-540/-8594 i2=-226 t2=27 steerMode=0/824 iSteer=-33968 driveMode=8594/30151 iDrive=192215 scale=0 wheel=25000
2026-07-07T14:54:08.581+00:00 VCP run=1 step=0 angle=315791 target=315352 err=-439 steer=-113 m1=617/7970 i1=169 t1=28 m2=-601/-9218 i2=-205 t2=27 steerMode=-624/-175 iSteer=-17820 driveMode=8594/31191 iDrive=187016 scale=0 wheel=25000
2026-07-07T14:54:08.600+00:00 CAN id=101 dlc=8 data=d8cf0400a8610000
2026-07-07T14:54:08.620+00:00 CAN id=101 dlc=8 data=d8cf0400a8610000
2026-07-07T14:54:08.640+00:00 CAN id=101 dlc=8 data=d8cf0400a8610000
2026-07-07T14:54:08.660+00:00 CAN id=101 dlc=8 data=d8cf0400a8610000
2026-07-07T14:54:08.680+00:00 CAN id=101 dlc=8 data=d8cf0400a8610000
2026-07-07T14:54:08.686+00:00 VCP SET_TARGET_RX steer=315352 wheel=25000
2026-07-07T14:54:08.686+00:00 VCP run=1 step=0 angle=315791 target=315352 err=-439 steer=0 m1=636/8594 i1=159 t1=28 m2=-570/-8594 i2=-208 t2=27 steerMode=0/585 iSteer=-24635 driveMode=8594/31849 iDrive=183723 scale=0 wheel=25000
2026-07-07T14:54:08.700+00:00 CAN id=101 dlc=8 data=d8cf0400a8610000
2026-07-07T14:54:08.720+00:00 CAN id=101 dlc=8 data=d8cf0400a8610000
2026-07-07T14:54:08.740+00:00 CAN id=101 dlc=8 data=d8cf0400a8610000
2026-07-07T14:54:08.760+00:00 CAN id=101 dlc=8 data=d8cf0400a8610000
2026-07-07T14:54:08.780+00:00 CAN id=101 dlc=8 data=d8cf0400a8610000
2026-07-07T14:54:08.790+00:00 VCP run=1 step=0 angle=315879 target=315352 err=-527 steer=-263 m1=577/7145 i1=170 t1=28 m2=-660/-10043 i2=-189 t2=27 steerMode=-1449/-1225 iSteer=-9820 driveMode=8594/32663 iDrive=179654 scale=0 wheel=25000
2026-07-07T14:54:08.800+00:00 CAN id=101 dlc=8 data=d8cf0400a8610000
2026-07-07T14:54:08.820+00:00 CAN id=101 dlc=8 data=d8cf0400a8610000
2026-07-07T14:54:08.840+00:00 CAN id=101 dlc=8 data=d8cf0400a8610000
2026-07-07T14:54:08.860+00:00 CAN id=101 dlc=8 data=d8cf0400a8610000
2026-07-07T14:54:08.880+00:00 CAN id=101 dlc=8 data=d8cf0400a8610000
2026-07-07T14:54:08.896+00:00 VCP run=1 step=0 angle=315615 target=315352 err=-263 steer=0 m1=646/8594 i1=146 t1=28 m2=-582/-8594 i2=-211 t2=27 steerMode=0/676 iSteer=-32153 driveMode=8594/32873 iDrive=178603 scale=0 wheel=25000
2026-07-07T14:54:08.900+00:00 CAN id=101 dlc=8 data=d8cf0400a8610000
2026-07-07T14:54:08.920+00:00 CAN id=101 dlc=8 data=d8cf0400a8610000
2026-07-07T14:54:08.940+00:00 CAN id=101 dlc=8 data=d8cf0400a8610000
2026-07-07T14:54:08.960+00:00 CAN id=101 dlc=8 data=d8cf0400a8610000
2026-07-07T14:54:08.980+00:00 CAN id=101 dlc=8 data=d8cf0400a8610000
2026-07-07T14:54:09.000+00:00 CAN id=101 dlc=8 data=d8cf0400a8610000
2026-07-07T14:54:09.000+00:00 VCP run=1 step=0 angle=315879 target=315352 err=-527 steer=-263 m1=608/7145 i1=64 t1=28 m2=-561/-10043 i2=-311 t2=27 steerMode=-1449/968 iSteer=-123332 driveMode=8594/31050 iDrive=187719 scale=0 wheel=25000
2026-07-07T14:54:09.020+00:00 CAN id=101 dlc=8 data=d8cf0400a8610000
2026-07-07T14:54:09.040+00:00 CAN id=101 dlc=8 data=d8cf0400a8610000
2026-07-07T14:54:09.060+00:00 CAN id=101 dlc=8 data=d8cf0400a8610000
2026-07-07T14:54:09.080+00:00 CAN id=101 dlc=8 data=d8cf0400a8610000
2026-07-07T14:54:09.100+00:00 CAN id=101 dlc=8 data=d8cf0400a8610000
2026-07-07T14:54:09.120+00:00 CAN id=101 dlc=8 data=d8cf0400a8610000
2026-07-07T14:54:09.140+00:00 CAN id=101 dlc=8 data=d8cf0400a8610000
2026-07-07T14:54:09.160+00:00 CAN id=101 dlc=8 data=d8cf0400a8610000
2026-07-07T14:54:09.180+00:00 CAN id=101 dlc=8 data=d8cf0400a8610000
2026-07-07T14:54:09.184+00:00 VCP run=1 step=0 angle=315879 target=315352 err=-527 steer=-263 m1=527/7145 i1=154 t1=28 m2=-568/-10043 i2=-248 t2=27 steerMode=-1449/-631 iSteer=-47016 driveMode=8594/28483 iDrive=200555 scale=0 wheel=25000
2026-07-07T14:54:09.184+00:00 VCP SET_TARGET_RX steer=315352 wheel=25000
2026-07-07T14:54:09.184+00:00 VCP run=1 step=0 angle=315791 target=315352 err=-439 steer=0 m1=552/8594 i1=175 t1=28 m2=-524/-8594 i2=-235 t2=27 steerMode=0/457 iSteer=-30321 driveMode=8594/27621 iDrive=204865 scale=0 wheel=25000
2026-07-07T14:54:09.200+00:00 CAN id=101 dlc=8 data=d8cf0400a8610000
2026-07-07T14:54:09.220+00:00 CAN id=101 dlc=8 data=d8cf0400a8610000
2026-07-07T14:54:09.240+00:00 CAN id=101 dlc=8 data=d8cf0400a8610000
2026-07-07T14:54:09.260+00:00 CAN id=101 dlc=8 data=d8cf0400a8610000
2026-07-07T14:54:09.280+00:00 CAN id=101 dlc=8 data=d8cf0400a8610000
2026-07-07T14:54:09.288+00:00 VCP run=1 step=0 angle=315879 target=315352 err=-527 steer=-263 m1=479/7145 i1=167 t1=28 m2=-576/-10043 i2=-249 t2=27 steerMode=-1449/-853 iSteer=-41218 driveMode=8594/27008 iDrive=207928 scale=0 wheel=25000
2026-07-07T14:54:09.300+00:00 CAN id=101 dlc=8 data=d8cf0400a8610000
2026-07-07T14:54:09.320+00:00 CAN id=101 dlc=8 data=d8cf0400a8610000
2026-07-07T14:54:09.340+00:00 CAN id=101 dlc=8 data=d8cf0400a8610000
2026-07-07T14:54:09.360+00:00 CAN id=101 dlc=8 data=d8cf0400a8610000
2026-07-07T14:54:09.380+00:00 CAN id=101 dlc=8 data=d8cf0400a8610000
2026-07-07T14:54:09.394+00:00 VCP run=1 step=0 angle=315791 target=315352 err=-439 steer=0 m1=521/8594 i1=174 t1=28 m2=-515/-8594 i2=-245 t2=27 steerMode=0/486 iSteer=-35846 driveMode=8594/26680 iDrive=209571 scale=0 wheel=25000
2026-07-07T14:54:09.400+00:00 CAN id=101 dlc=8 data=d8cf0400a8610000
2026-07-07T14:54:09.420+00:00 CAN id=101 dlc=8 data=d8cf0400a8610000
2026-07-07T14:54:09.440+00:00 CAN id=101 dlc=8 data=d8cf0400a8610000
2026-07-07T14:54:09.460+00:00 CAN id=101 dlc=8 data=d8cf0400a8610000
2026-07-07T14:54:09.480+00:00 CAN id=101 dlc=8 data=d8cf0400a8610000
2026-07-07T14:54:09.498+00:00 VCP run=1 step=0 angle=315879 target=315352 err=-527 steer=-263 m1=493/7145 i1=175 t1=28 m2=-509/-10043 i2=-245 t2=27 steerMode=-1449/-1062 iSteer=-34722 driveMode=8594/26628 iDrive=209828 scale=0 wheel=25000
2026-07-07T14:54:09.500+00:00 CAN id=101 dlc=8 data=d8cf0400a8610000
2026-07-07T14:54:09.520+00:00 CAN id=101 dlc=8 data=d8cf0400a8610000
2026-07-07T14:54:09.540+00:00 CAN id=101 dlc=8 data=d8cf0400a8610000
2026-07-07T14:54:09.560+00:00 CAN id=101 dlc=8 data=d8cf0400a8610000
2026-07-07T14:54:09.580+00:00 CAN id=101 dlc=8 data=d8cf0400a8610000
2026-07-07T14:54:09.600+00:00 CAN id=101 dlc=8 data=d8cf0400a8610000
2026-07-07T14:54:09.600+00:00 VCP run=1 step=0 angle=315703 target=315352 err=-351 steer=0 m1=537/8594 i1=185 t1=28 m2=-536/-8594 i2=-226 t2=27 steerMode=0/133 iSteer=-20572 driveMode=8594/27465 iDrive=205643 scale=0 wheel=25000
2026-07-07T14:54:09.600+00:00 VCP SET_TARGET_RX steer=315352 wheel=25000
2026-07-07T14:54:09.620+00:00 CAN id=101 dlc=8 data=d8cf0400a8610000
2026-07-07T14:54:09.640+00:00 CAN id=101 dlc=8 data=d8cf0400a8610000
2026-07-07T14:54:09.660+00:00 CAN id=101 dlc=8 data=d8cf0400a8610000
2026-07-07T14:54:09.680+00:00 CAN id=101 dlc=8 data=d8cf0400a8610000
2026-07-07T14:54:09.700+00:00 CAN id=101 dlc=8 data=d8cf0400a8610000
2026-07-07T14:54:09.720+00:00 CAN id=101 dlc=8 data=d8cf0400a8610000
2026-07-07T14:54:09.740+00:00 CAN id=101 dlc=8 data=d8cf0400a8610000
2026-07-07T14:54:09.760+00:00 CAN id=101 dlc=8 data=d8cf0400a8610000
2026-07-07T14:54:09.780+00:00 CAN id=101 dlc=8 data=d8cf0400a8610000
2026-07-07T14:54:09.788+00:00 VCP run=1 step=0 angle=315615 target=315352 err=-263 steer=0 m1=514/8594 i1=175 t1=28 m2=-528/-8594 i2=-232 t2=27 steerMode=0/267 iSteer=-28424 driveMode=8594/27936 iDrive=203286 scale=0 wheel=25000
2026-07-07T14:54:09.788+00:00 VCP run=1 step=0 angle=315791 target=315352 err=-439 steer=0 m1=546/8594 i1=177 t1=28 m2=-511/-8594 i2=-232 t2=27 steerMode=0/236 iSteer=-27387 driveMode=8594/27730 iDrive=204320 scale=0 wheel=25000
2026-07-07T14:54:09.800+00:00 CAN id=101 dlc=8 data=d8cf0400a8610000
2026-07-07T14:54:09.820+00:00 CAN id=101 dlc=8 data=d8cf0400a8610000
2026-07-07T14:54:09.840+00:00 CAN id=101 dlc=8 data=d8cf0400a8610000
2026-07-07T14:54:09.860+00:00 CAN id=101 dlc=8 data=d8cf0400a8610000
2026-07-07T14:54:09.880+00:00 CAN id=101 dlc=8 data=d8cf0400a8610000
2026-07-07T14:54:09.892+00:00 VCP run=1 step=0 angle=315879 target=315352 err=-527 steer=-263 m1=495/7145 i1=145 t1=28 m2=-496/-10043 i2=-278 t2=27 steerMode=-1449/-501 iSteer=-66429 driveMode=8594/26266 iDrive=211641 scale=0 wheel=25000
2026-07-07T14:54:09.900+00:00 CAN id=101 dlc=8 data=d8cf0400a8610000
2026-07-07T14:54:09.920+00:00 CAN id=101 dlc=8 data=d8cf0400a8610000
2026-07-07T14:54:09.940+00:00 CAN id=101 dlc=8 data=d8cf0400a8610000
2026-07-07T14:54:09.960+00:00 CAN id=101 dlc=8 data=d8cf0400a8610000
2026-07-07T14:54:09.980+00:00 CAN id=101 dlc=8 data=d8cf0400a8610000
2026-07-07T14:54:09.996+00:00 VCP run=1 step=0 angle=315879 target=315352 err=-527 steer=-263 m1=428/7145 i1=139 t1=28 m2=-469/-10043 i2=-296 t2=27 steerMode=-1449/-311 iSteer=-78451 driveMode=8594/25012 iDrive=217909 scale=0 wheel=25000
2026-07-07T14:54:10.000+00:00 CAN id=101 dlc=8 data=d8cf0400a8610000
2026-07-07T14:54:10.020+00:00 CAN id=101 dlc=8 data=d8cf0400a8610000
2026-07-07T14:54:10.040+00:00 CAN id=101 dlc=8 data=d8cf0400a8610000
2026-07-07T14:54:10.060+00:00 CAN id=101 dlc=8 data=d8cf0400a8610000
2026-07-07T14:54:10.080+00:00 CAN id=101 dlc=8 data=d8cf0400a8610000
2026-07-07T14:54:10.098+00:00 VCP run=1 step=0 angle=315879 target=315352 err=-527 steer=-263 m1=456/7145 i1=107 t1=28 m2=-480/-10043 i2=-334 t2=27 steerMode=-1449/368 iSteer=-113561 driveMode=8594/24476 iDrive=220591 scale=0 wheel=25000
2026-07-07T14:54:10.098+00:00 VCP SET_TARGET_RX steer=315352 wheel=25000
2026-07-07T14:54:10.100+00:00 CAN id=101 dlc=8 data=d8cf0400a8610000
2026-07-07T14:54:10.120+00:00 CAN id=101 dlc=8 data=d8cf0400a8610000
2026-07-07T14:54:10.140+00:00 CAN id=101 dlc=8 data=d8cf0400a8610000
2026-07-07T14:54:10.160+00:00 CAN id=101 dlc=8 data=d8cf0400a8610000
2026-07-07T14:54:10.180+00:00 CAN id=101 dlc=8 data=d8cf0400a8610000
2026-07-07T14:54:10.200+00:00 CAN id=101 dlc=8 data=d8cf0400a8610000
2026-07-07T14:54:10.220+00:00 CAN id=101 dlc=8 data=d8cf0400a8610000
2026-07-07T14:54:10.240+00:00 CAN id=101 dlc=8 data=d8cf0400a8610000
2026-07-07T14:54:10.260+00:00 CAN id=101 dlc=8 data=d8cf0400a8610000
2026-07-07T14:54:10.280+00:00 CAN id=101 dlc=8 data=d8cf0400a8610000
2026-07-07T14:54:10.286+00:00 VCP run=1 step=0 angle=315703 target=315352 err=-351 steer=0 m1=491/8594 i1=189 t1=28 m2=-478/-8594 i2=-240 t2=27 steerMode=0/54 iSteer=-25451 driveMode=8594/25670 iDrive=214619 scale=0 wheel=25000
2026-07-07T14:54:10.286+00:00 VCP run=1 step=0 angle=315703 target=315352 err=-351 steer=0 m1=506/8594 i1=199 t1=28 m2=-526/-8594 i2=-211 t2=27 steerMode=0/-344 iSteer=-5966 driveMode=8594/27520 iDrive=205367 scale=0 wheel=25000
2026-07-07T14:54:10.300+00:00 CAN id=101 dlc=8 data=d8cf0400a8610000
2026-07-07T14:54:10.320+00:00 CAN id=101 dlc=8 data=d8cf0400a8610000
2026-07-07T14:54:10.340+00:00 CAN id=101 dlc=8 data=d8cf0400a8610000
2026-07-07T14:54:10.360+00:00 CAN id=101 dlc=8 data=d8cf0400a8610000
2026-07-07T14:54:10.380+00:00 CAN id=101 dlc=8 data=d8cf0400a8610000
2026-07-07T14:54:10.391+00:00 VCP run=1 step=0 angle=315615 target=315352 err=-263 steer=0 m1=541/8594 i1=166 t1=28 m2=-582/-8594 i2=-228 t2=27 steerMode=0/155 iSteer=-31030 driveMode=8594/29190 iDrive=197019 scale=0 wheel=25000
2026-07-07T14:54:10.400+00:00 CAN id=101 dlc=8 data=d8cf0400a8610000
2026-07-07T14:54:10.420+00:00 CAN id=101 dlc=8 data=d8cf0400a8610000
2026-07-07T14:54:10.440+00:00 CAN id=101 dlc=8 data=d8cf0400a8610000
2026-07-07T14:54:10.460+00:00 CAN id=101 dlc=8 data=d8cf0400a8610000
2026-07-07T14:54:10.480+00:00 CAN id=101 dlc=8 data=d8cf0400a8610000
2026-07-07T14:54:10.496+00:00 VCP run=1 step=0 angle=315527 target=315352 err=-175 steer=0 m1=594/8594 i1=173 t1=28 m2=-555/-8594 i2=-212 t2=27 steerMode=0/-66 iSteer=-19765 driveMode=8594/30082 iDrive=192557 scale=0 wheel=25000
2026-07-07T14:54:10.500+00:00 CAN id=101 dlc=8 data=d8cf0400a8610000
2026-07-07T14:54:10.520+00:00 CAN id=101 dlc=8 data=d8cf0400a8610000
2026-07-07T14:54:10.540+00:00 CAN id=101 dlc=8 data=d8cf0400a8610000
2026-07-07T14:54:10.560+00:00 CAN id=101 dlc=8 data=d8cf0400a8610000
2026-07-07T14:54:10.580+00:00 CAN id=101 dlc=8 data=d8cf0400a8610000
2026-07-07T14:54:10.598+00:00 VCP run=1 step=0 angle=315703 target=315352 err=-351 steer=0 m1=573/8594 i1=185 t1=28 m2=-597/-8594 i2=-192 t2=27 steerMode=0/-388 iSteer=-3404 driveMode=8594/30863 iDrive=188655 scale=0 wheel=25000
2026-07-07T14:54:10.598+00:00 VCP SET_TARGET_RX steer=315352 wheel=25000
2026-07-07T14:54:10.600+00:00 CAN id=101 dlc=8 data=d8cf0400a8610000
2026-07-07T14:54:10.620+00:00 CAN id=101 dlc=8 data=d8cf0400a8610000
2026-07-07T14:54:10.640+00:00 CAN id=101 dlc=8 data=d8cf0400a8610000
2026-07-07T14:54:10.660+00:00 CAN id=101 dlc=8 data=d8cf0400a8610000
2026-07-07T14:54:10.680+00:00 CAN id=101 dlc=8 data=d8cf0400a8610000
2026-07-07T14:54:10.700+00:00 CAN id=101 dlc=8 data=d8cf0400a8610000
2026-07-07T14:54:10.720+00:00 CAN id=101 dlc=8 data=d8cf0400a8610000
2026-07-07T14:54:10.740+00:00 CAN id=101 dlc=8 data=d8cf0400a8610000
2026-07-07T14:54:10.760+00:00 CAN id=101 dlc=8 data=d8cf0400a8610000
2026-07-07T14:54:10.780+00:00 CAN id=101 dlc=8 data=d8cf0400a8610000
2026-07-07T14:54:10.786+00:00 VCP run=1 step=0 angle=315703 target=315352 err=-351 steer=0 m1=581/8594 i1=166 t1=28 m2=-591/-8594 i2=-205 t2=27 steerMode=0/-69 iSteer=-19266 driveMode=8594/31502 iDrive=185460 scale=0 wheel=25000
2026-07-07T14:54:10.786+00:00 VCP run=1 step=0 angle=315703 target=315352 err=-351 steer=0 m1=621/8594 i1=164 t1=28 m2=-597/-8594 i2=-206 t2=27 steerMode=0/-30 iSteer=-21145 driveMode=8594/31654 iDrive=184701 scale=0 wheel=25000
2026-07-07T14:54:10.800+00:00 CAN id=101 dlc=8 data=d8cf0400a8610000
2026-07-07T14:54:10.820+00:00 CAN id=101 dlc=8 data=d8cf0400a8610000
2026-07-07T14:54:10.840+00:00 CAN id=101 dlc=8 data=d8cf0400a8610000
2026-07-07T14:54:10.860+00:00 CAN id=101 dlc=8 data=d8cf0400a8610000
2026-07-07T14:54:10.880+00:00 CAN id=101 dlc=8 data=d8cf0400a8610000
2026-07-07T14:54:10.891+00:00 VCP run=1 step=0 angle=315791 target=315352 err=-439 steer=0 m1=623/8594 i1=158 t1=28 m2=-591/-8594 i2=-214 t2=27 steerMode=0/102 iSteer=-27987 driveMode=8594/31416 iDrive=185888 scale=0 wheel=25000
2026-07-07T14:54:10.900+00:00 CAN id=101 dlc=8 data=d8cf0400a8610000
2026-07-07T14:54:10.920+00:00 CAN id=101 dlc=8 data=d8cf0400a8610000
2026-07-07T14:54:10.940+00:00 CAN id=101 dlc=8 data=d8cf0400a8610000
2026-07-07T14:54:10.960+00:00 CAN id=101 dlc=8 data=d8cf0400a8610000
2026-07-07T14:54:10.980+00:00 CAN id=101 dlc=8 data=d8cf0400a8610000
2026-07-07T14:54:10.996+00:00 VCP run=1 step=0 angle=315791 target=315352 err=-439 steer=0 m1=619/8594 i1=125 t1=28 m2=-553/-8594 i2=-253 t2=27 steerMode=0/798 iSteer=-63867 driveMode=8594/30812 iDrive=188908 scale=0 wheel=25000
2026-07-07T14:54:11.000+00:00 CAN id=101 dlc=8 data=d8cf0400a8610000
2026-07-07T14:54:11.020+00:00 CAN id=101 dlc=8 data=d8cf0400a8610000
2026-07-07T14:54:11.040+00:00 CAN id=101 dlc=8 data=d8cf0400a8610000
2026-07-07T14:54:11.060+00:00 CAN id=101 dlc=8 data=d8cf0400a8610000
2026-07-07T14:54:11.080+00:00 CAN id=101 dlc=8 data=d8cf0400a8610000
2026-07-07T14:54:11.098+00:00 VCP run=1 step=0 angle=315879 target=315352 err=-527 steer=-263 m1=516/7145 i1=80 t1=28 m2=-542/-10043 i2=-322 t2=27 steerMode=-1449/412 iSteer=-120589 driveMode=8594/28389 iDrive=201024 scale=0 wheel=25000
2026-07-07T14:54:11.098+00:00 VCP SET_TARGET_RX steer=315352 wheel=25000
2026-07-07T14:54:11.100+00:00 CAN id=101 dlc=8 data=d8cf0400a8610000
2026-07-07T14:54:11.120+00:00 CAN id=101 dlc=8 data=d8cf0400a8610000
2026-07-07T14:54:11.140+00:00 CAN id=101 dlc=8 data=d8cf0400a8610000
2026-07-07T14:54:11.160+00:00 CAN id=101 dlc=8 data=d8cf0400a8610000
2026-07-07T14:54:11.180+00:00 CAN id=101 dlc=8 data=d8cf0400a8610000
2026-07-07T14:54:11.200+00:00 CAN id=101 dlc=8 data=d8cf0400a8610000
2026-07-07T14:54:11.220+00:00 CAN id=101 dlc=8 data=d8cf0400a8610000
2026-07-07T14:54:11.240+00:00 CAN id=101 dlc=8 data=d8cf0400a8610000
2026-07-07T14:54:11.260+00:00 CAN id=101 dlc=8 data=d8cf0400a8610000
2026-07-07T14:54:11.280+00:00 CAN id=101 dlc=8 data=d8cf0400a8610000
2026-07-07T14:54:11.285+00:00 VCP run=1 step=0 angle=315791 target=315352 err=-439 steer=0 m1=508/8594 i1=181 t1=28 m2=-484/-8594 i2=-239 t2=27 steerMode=0/7 iSteer=-28691 driveMode=8594/26596 iDrive=209988 scale=0 wheel=25000
2026-07-07T14:54:11.285+00:00 VCP run=1 step=0 angle=315879 target=315352 err=-527 steer=-263 m1=470/7145 i1=156 t1=28 m2=-494/-10043 i2=-276 t2=27 steerMode=-1449/-893 iSteer=-59911 driveMode=8594/25406 iDrive=215937 scale=0 wheel=25000
2026-07-07T14:54:11.300+00:00 CAN id=101 dlc=8 data=d8cf0400a8610000
2026-07-07T14:54:11.320+00:00 CAN id=101 dlc=8 data=d8cf0400a8610000
2026-07-07T14:54:11.340+00:00 CAN id=101 dlc=8 data=d8cf0400a8610000
2026-07-07T14:54:11.360+00:00 CAN id=101 dlc=8 data=d8cf0400a8610000
2026-07-07T14:54:11.380+00:00 CAN id=101 dlc=8 data=d8cf0400a8610000
2026-07-07T14:54:11.390+00:00 VCP run=1 step=0 angle=315791 target=315352 err=-439 steer=0 m1=506/8594 i1=162 t1=28 m2=-478/-8594 i2=-269 t2=27 steerMode=0/460 iSteer=-53388 driveMode=8594/25488 iDrive=215531 scale=0 wheel=25000
2026-07-07T14:54:11.400+00:00 CAN id=101 dlc=8 data=d8cf0400a8610000
2026-07-07T14:54:11.420+00:00 CAN id=101 dlc=8 data=d8cf0400a8610000
2026-07-07T14:54:11.440+00:00 CAN id=101 dlc=8 data=d8cf0400a8610000
2026-07-07T14:54:11.460+00:00 CAN id=101 dlc=8 data=d8cf0400a8610000
2026-07-07T14:54:11.480+00:00 CAN id=101 dlc=8 data=d8cf0400a8610000
2026-07-07T14:54:11.495+00:00 VCP run=1 step=0 angle=315791 target=315352 err=-439 steer=0 m1=489/8594 i1=193 t1=28 m2=-522/-8594 i2=-234 t2=27 steerMode=0/-205 iSteer=-20158 driveMode=8594/25919 iDrive=213375 scale=0 wheel=25000
2026-07-07T14:54:11.500+00:00 CAN id=101 dlc=8 data=d8cf0400a8610000
2026-07-07T14:54:11.520+00:00 CAN id=101 dlc=8 data=d8cf0400a8610000
2026-07-07T14:54:11.540+00:00 CAN id=101 dlc=8 data=d8cf0400a8610000
2026-07-07T14:54:11.560+00:00 CAN id=101 dlc=8 data=d8cf0400a8610000
2026-07-07T14:54:11.580+00:00 BENCH disable sent
2026-07-07T14:54:11.580+00:00 CAN id=121 dlc=2 data=0100
2026-07-07T14:54:11.580+00:00 CAN id=121 dlc=2 data=0100
2026-07-07T14:54:11.696+00:00 VCP run=1 step=0 angle=315791 target=315352 err=-439 steer=0 m1=489/8594 i1=186 t1=28 m2=-499/-8594 i2=-234 t2=27 steerMode=0/-128 iSteer=-24021 driveMode=8594/26614 iDrive=209898 scale=0 wheel=25000
2026-07-07T14:54:11.696+00:00 VCP UNIT_CTRL enable=0
2026-07-07T14:54:11.696+00:00 VCP UNIT_CTRL enable=0
2026-07-07T14:54:11.696+00:00 VCP STOP: disabled
2026-07-07T14:54:11.980+00:00 BENCH log closed
