2026-07-07T14:56:01.798+00:00 BENCH log opened: firmware/logs/lowrpm-floor175-rpm25.log
2026-07-07T14:56:01.798+00:00 BENCH run: steer=315.352deg (315352mdeg) wheel=25.0rpm (25000milli-rpm) rate=50.0Hz duration=10.0s
2026-07-07T14:56:01.798+00:00 CAN id=121 dlc=2 data=0101
2026-07-07T14:56:01.798+00:00 BENCH enable sent
2026-07-07T14:56:01.799+00:00 CAN id=101 dlc=8 data=d8cf0400a8610000
2026-07-07T14:56:01.819+00:00 CAN id=101 dlc=8 data=d8cf0400a8610000
2026-07-07T14:56:01.823+00:00 VCP ET_TARGET_RX steer=315352 wheel=25000
2026-07-07T14:56:01.823+00:00 VCP START_CAN: angle=316318 target=315352 wheelTarget=25000
2026-07-07T14:56:01.839+00:00 CAN id=101 dlc=8 data=d8cf0400a8610000
2026-07-07T14:56:01.859+00:00 CAN id=101 dlc=8 data=d8cf0400a8610000
2026-07-07T14:56:01.879+00:00 CAN id=101 dlc=8 data=d8cf0400a8610000
2026-07-07T14:56:01.899+00:00 CAN id=101 dlc=8 data=d8cf0400a8610000
2026-07-07T14:56:01.919+00:00 CAN id=101 dlc=8 data=d8cf0400a8610000
2026-07-07T14:56:01.939+00:00 CAN id=101 dlc=8 data=d8cf0400a8610000
2026-07-07T14:56:01.959+00:00 CAN id=101 dlc=8 data=d8cf0400a8610000
2026-07-07T14:56:01.979+00:00 CAN id=101 dlc=8 data=d8cf0400a8610000
2026-07-07T14:56:01.999+00:00 CAN id=101 dlc=8 data=d8cf0400a8610000
2026-07-07T14:56:02.005+00:00 VCP run=1 step=0 angle=316318 target=315352 err=-966 steer=-250 m1=0/-1031 i1=-67 t1=28 m2=0/-1719 i2=-71 t2=27 steerMode=-1375/0 iSteer=-68956 driveMode=344/0 iDrive=1753 scale=0 wheel=1000
2026-07-07T14:56:02.005+00:00 VCP run=1 step=0 angle=316318 target=315352 err=-966 steer=-483 m1=0/3736 i1=-96 t1=28 m2=-9/-9051 i2=-171 t2=27 steerMode=-2657/-115 iSteer=-133582 driveMode=6394/106 iDrive=37293 scale=0 wheel=18600
2026-07-07T14:56:02.019+00:00 CAN id=101 dlc=8 data=d8cf0400a8610000
2026-07-07T14:56:02.039+00:00 CAN id=101 dlc=8 data=d8cf0400a8610000
2026-07-07T14:56:02.059+00:00 CAN id=101 dlc=8 data=d8cf0400a8610000
2026-07-07T14:56:02.079+00:00 CAN id=101 dlc=8 data=d8cf0400a8610000
2026-07-07T14:56:02.099+00:00 CAN id=101 dlc=8 data=d8cf0400a8610000
2026-07-07T14:56:02.111+00:00 VCP run=1 step=0 angle=316230 target=315352 err=-878 steer=-439 m1=0/6178 i1=-69 t1=28 m2=0/-11009 i2=-197 t2=27 steerMode=-2416/-25 iSteer=-132956 driveMode=8594/25 iDrive=63946 scale=0 wheel=25000
2026-07-07T14:56:02.119+00:00 CAN id=101 dlc=8 data=d8cf0400a8610000
2026-07-07T14:56:02.139+00:00 CAN id=101 dlc=8 data=d8cf0400a8610000
2026-07-07T14:56:02.159+00:00 CAN id=101 dlc=8 data=d8cf0400a8610000
2026-07-07T14:56:02.179+00:00 CAN id=101 dlc=8 data=d8cf0400a8610000
2026-07-07T14:56:02.199+00:00 CAN id=101 dlc=8 data=d8cf0400a8610000
2026-07-07T14:56:02.216+00:00 VCP run=1 step=0 angle=316318 target=315352 err=-966 steer=-483 m1=0/5936 i1=-73 t1=28 m2=0/-11251 i2=-233 t2=27 steerMode=-2657/-2 iSteer=-153397 driveMode=8594/2 iDrive=80031 scale=0 wheel=25000
2026-07-07T14:56:02.219+00:00 CAN id=101 dlc=8 data=d8cf0400a8610000
2026-07-07T14:56:02.239+00:00 CAN id=101 dlc=8 data=d8cf0400a8610000
2026-07-07T14:56:02.259+00:00 CAN id=101 dlc=8 data=d8cf0400a8610000
2026-07-07T14:56:02.279+00:00 CAN id=101 dlc=8 data=d8cf0400a8610000
2026-07-07T14:56:02.299+00:00 CAN id=101 dlc=8 data=d8cf0400a8610000
2026-07-07T14:56:02.318+00:00 VCP run=1 step=0 angle=316318 target=315352 err=-966 steer=-483 m1=0/5936 i1=-63 t1=28 m2=0/-11251 i2=-255 t2=27 steerMode=-2657/-35 iSteer=-159040 driveMode=8594/35 iDrive=96018 scale=0 wheel=25000
2026-07-07T14:56:02.318+00:00 VCP SET_TARGET_RX steer=315352 wheel=25000
2026-07-07T14:56:02.319+00:00 CAN id=101 dlc=8 data=d8cf0400a8610000
2026-07-07T14:56:02.339+00:00 CAN id=101 dlc=8 data=d8cf0400a8610000
2026-07-07T14:56:02.359+00:00 CAN id=101 dlc=8 data=d8cf0400a8610000
2026-07-07T14:56:02.379+00:00 CAN id=101 dlc=8 data=d8cf0400a8610000
2026-07-07T14:56:02.399+00:00 CAN id=101 dlc=8 data=d8cf0400a8610000
2026-07-07T14:56:02.419+00:00 CAN id=101 dlc=8 data=d8cf0400a8610000
2026-07-07T14:56:02.439+00:00 CAN id=101 dlc=8 data=d8cf0400a8610000
2026-07-07T14:56:02.459+00:00 CAN id=101 dlc=8 data=d8cf0400a8610000
2026-07-07T14:56:02.479+00:00 CAN id=101 dlc=8 data=d8cf0400a8610000
2026-07-07T14:56:02.499+00:00 CAN id=101 dlc=8 data=d8cf0400a8610000
2026-07-07T14:56:02.506+00:00 VCP run=1 step=0 angle=316230 target=315352 err=-878 steer=-439 m1=0/6178 i1=-43 t1=28 m2=0/-11009 i2=-267 t2=27 steerMode=-2416/-9 iSteer=-155344 driveMode=8594/9 iDrive=112107 scale=0 wheel=25000
2026-07-07T14:56:02.506+00:00 VCP run=1 step=0 angle=316318 target=315352 err=-966 steer=-483 m1=0/5936 i1=-47 t1=28 m2=0/-11251 i2=-303 t2=27 steerMode=-2657/0 iSteer=-175145 driveMode=8594/0 iDrive=128304 scale=0 wheel=25000
2026-07-07T14:56:02.519+00:00 CAN id=101 dlc=8 data=d8cf0400a8610000
2026-07-07T14:56:02.539+00:00 CAN id=101 dlc=8 data=d8cf0400a8610000
2026-07-07T14:56:02.559+00:00 CAN id=101 dlc=8 data=d8cf0400a8610000
2026-07-07T14:56:02.579+00:00 CAN id=101 dlc=8 data=d8cf0400a8610000
2026-07-07T14:56:02.599+00:00 CAN id=101 dlc=8 data=d8cf0400a8610000
2026-07-07T14:56:02.611+00:00 VCP run=1 step=0 angle=316318 target=315352 err=-966 steer=-483 m1=0/5936 i1=-38 t1=28 m2=0/-11251 i2=-327 t2=27 steerMode=-2657/0 iSteer=-182513 driveMode=8594/0 iDrive=144461 scale=0 wheel=25000
2026-07-07T14:56:02.619+00:00 CAN id=101 dlc=8 data=d8cf0400a8610000
2026-07-07T14:56:02.639+00:00 CAN id=101 dlc=8 data=d8cf0400a8610000
2026-07-07T14:56:02.659+00:00 CAN id=101 dlc=8 data=d8cf0400a8610000
2026-07-07T14:56:02.679+00:00 CAN id=101 dlc=8 data=d8cf0400a8610000
2026-07-07T14:56:02.699+00:00 CAN id=101 dlc=8 data=d8cf0400a8610000
2026-07-07T14:56:02.717+00:00 VCP run=1 step=0 angle=316230 target=315352 err=-878 steer=-439 m1=0/6178 i1=-17 t1=28 m2=0/-11009 i2=-338 t2=27 steerMode=-2416/0 iSteer=-177719 driveMode=8594/0 iDrive=160617 scale=0 wheel=25000
2026-07-07T14:56:02.719+00:00 CAN id=101 dlc=8 data=d8cf0400a8610000
2026-07-07T14:56:02.739+00:00 CAN id=101 dlc=8 data=d8cf0400a8610000
2026-07-07T14:56:02.759+00:00 CAN id=101 dlc=8 data=d8cf0400a8610000
2026-07-07T14:56:02.779+00:00 CAN id=101 dlc=8 data=d8cf0400a8610000
2026-07-07T14:56:02.799+00:00 CAN id=101 dlc=8 data=d8cf0400a8610000
2026-07-07T14:56:02.819+00:00 CAN id=101 dlc=8 data=d8cf0400a8610000
2026-07-07T14:56:02.819+00:00 VCP run=1 step=0 angle=316318 target=315352 err=-966 steer=-483 m1=0/5936 i1=-20 t1=28 m2=0/-11251 i2=-374 t2=27 steerMode=-2657/-1 iSteer=-197001 driveMode=8594/1 iDrive=176753 scale=0 wheel=25000
2026-07-07T14:56:02.819+00:00 VCP SET_TARGET_RX steer=315352 wheel=25000
2026-07-07T14:56:02.839+00:00 CAN id=101 dlc=8 data=d8cf0400a8610000
2026-07-07T14:56:02.859+00:00 CAN id=101 dlc=8 data=d8cf0400a8610000
2026-07-07T14:56:02.879+00:00 CAN id=101 dlc=8 data=d8cf0400a8610000
2026-07-07T14:56:02.899+00:00 CAN id=101 dlc=8 data=d8cf0400a8610000
2026-07-07T14:56:02.919+00:00 CAN id=101 dlc=8 data=d8cf0400a8610000
2026-07-07T14:56:02.939+00:00 CAN id=101 dlc=8 data=d8cf0400a8610000
2026-07-07T14:56:02.959+00:00 CAN id=101 dlc=8 data=d8cf0400a8610000
2026-07-07T14:56:02.979+00:00 CAN id=101 dlc=8 data=d8cf0400a8610000
2026-07-07T14:56:02.999+00:00 CAN id=101 dlc=8 data=d8cf0400a8610000
2026-07-07T14:56:03.007+00:00 VCP run=1 step=0 angle=316318 target=315352 err=-966 steer=-483 m1=0/5936 i1=-11 t1=28 m2=0/-11251 i2=-397 t2=27 steerMode=-2657/-8 iSteer=-203937 driveMode=8594/9 iDrive=192862 scale=0 wheel=25000
2026-07-07T14:56:03.007+00:00 VCP run=1 step=0 angle=316230 target=315352 err=-878 steer=-439 m1=0/6178 i1=11 t1=28 m2=0/-11009 i2=-407 t2=27 steerMode=-2416/-31 iSteer=-197988 driveMode=8594/29 iDrive=208906 scale=0 wheel=25000
2026-07-07T14:56:03.019+00:00 CAN id=101 dlc=8 data=d8cf0400a8610000
2026-07-07T14:56:03.039+00:00 CAN id=101 dlc=8 data=d8cf0400a8610000
2026-07-07T14:56:03.059+00:00 CAN id=101 dlc=8 data=d8cf0400a8610000
2026-07-07T14:56:03.079+00:00 CAN id=101 dlc=8 data=d8cf0400a8610000
2026-07-07T14:56:03.099+00:00 CAN id=101 dlc=8 data=d8cf0400a8610000
2026-07-07T14:56:03.112+00:00 VCP run=1 step=0 angle=316318 target=315352 err=-966 steer=-483 m1=0/5936 i1=6 t1=28 m2=0/-11251 i2=-444 t2=27 steerMode=-2657/0 iSteer=-218850 driveMode=8594/0 iDrive=225023 scale=0 wheel=25000
2026-07-07T14:56:03.119+00:00 CAN id=101 dlc=8 data=d8cf0400a8610000
2026-07-07T14:56:03.139+00:00 CAN id=101 dlc=8 data=d8cf0400a8610000
2026-07-07T14:56:03.159+00:00 CAN id=101 dlc=8 data=d8cf0400a8610000
2026-07-07T14:56:03.179+00:00 CAN id=101 dlc=8 data=d8cf0400a8610000
2026-07-07T14:56:03.199+00:00 CAN id=101 dlc=8 data=d8cf0400a8610000
2026-07-07T14:56:03.217+00:00 VCP run=1 step=0 angle=316318 target=315352 err=-966 steer=-483 m1=0/5936 i1=16 t1=28 m2=-3/-11251 i2=-466 t2=27 steerMode=-2657/-34 iSteer=-224510 driveMode=8594/34 iDrive=241006 scale=0 wheel=25000
2026-07-07T14:56:03.219+00:00 CAN id=101 dlc=8 data=d8cf0400a8610000
2026-07-07T14:56:03.239+00:00 CAN id=101 dlc=8 data=d8cf0400a8610000
2026-07-07T14:56:03.259+00:00 CAN id=101 dlc=8 data=d8cf0400a8610000
2026-07-07T14:56:03.279+00:00 CAN id=101 dlc=8 data=d8cf0400a8610000
2026-07-07T14:56:03.299+00:00 CAN id=101 dlc=8 data=d8cf0400a8610000
2026-07-07T14:56:03.319+00:00 CAN id=101 dlc=8 data=d8cf0400a8610000
2026-07-07T14:56:03.320+00:00 VCP run=1 step=0 angle=316318 target=315352 err=-966 steer=-483 m1=0/5936 i1=24 t1=28 m2=0/-11251 i2=-491 t2=27 steerMode=-2657/0 iSteer=-233403 driveMode=8594/0 iDrive=257146 scale=0 wheel=25000
2026-07-07T14:56:03.320+00:00 VCP SET_TARGET_RX steer=315352 wheel=25000
2026-07-07T14:56:03.320+00:00 VCP run=1 step=0 angle=316230 target=315352 err=-878 steer=-439 m1=0/6178 i1=45 t1=28 m2=0/-11009 i2=-502 t2=27 steerMode=-2416/-7 iSteer=-228224 driveMode=8594/-7 iDrive=273339 scale=0 wheel=25000
2026-07-07T14:56:03.339+00:00 CAN id=101 dlc=8 data=d8cf0400a8610000
2026-07-07T14:56:03.359+00:00 CAN id=101 dlc=8 data=d8cf0400a8610000
2026-07-07T14:56:03.379+00:00 CAN id=101 dlc=8 data=d8cf0400a8610000
2026-07-07T14:56:03.399+00:00 CAN id=101 dlc=8 data=d8cf0400a8610000
2026-07-07T14:56:03.419+00:00 CAN id=101 dlc=8 data=d8cf0400a8610000
2026-07-07T14:56:03.439+00:00 CAN id=101 dlc=8 data=d8cf0400a8610000
2026-07-07T14:56:03.459+00:00 CAN id=101 dlc=8 data=d8cf0400a8610000
2026-07-07T14:56:03.479+00:00 CAN id=101 dlc=8 data=d8cf0400a8610000
2026-07-07T14:56:03.499+00:00 CAN id=101 dlc=8 data=d8cf0400a8610000
2026-07-07T14:56:03.508+00:00 VCP run=1 step=0 angle=316318 target=315352 err=-966 steer=-483 m1=0/5936 i1=42 t1=28 m2=0/-11251 i2=-537 t2=27 steerMode=-2657/-5 iSteer=-247467 driveMode=8594/5 iDrive=289259 scale=0 wheel=25000
2026-07-07T14:56:03.519+00:00 CAN id=101 dlc=8 data=d8cf0400a8610000
2026-07-07T14:56:03.539+00:00 CAN id=101 dlc=8 data=d8cf0400a8610000
2026-07-07T14:56:03.559+00:00 CAN id=101 dlc=8 data=d8cf0400a8610000
2026-07-07T14:56:03.579+00:00 CAN id=101 dlc=8 data=d8cf0400a8610000
2026-07-07T14:56:03.599+00:00 CAN id=101 dlc=8 data=d8cf0400a8610000
2026-07-07T14:56:03.613+00:00 VCP run=1 step=0 angle=316230 target=315352 err=-878 steer=-439 m1=0/6178 i1=63 t1=28 m2=0/-11009 i2=-548 t2=27 steerMode=-2416/0 iSteer=-242876 driveMode=8594/0 iDrive=305436 scale=0 wheel=25000
2026-07-07T14:56:03.619+00:00 CAN id=101 dlc=8 data=d8cf0400a8610000
2026-07-07T14:56:03.639+00:00 CAN id=101 dlc=8 data=d8cf0400a8610000
2026-07-07T14:56:03.659+00:00 CAN id=101 dlc=8 data=d8cf0400a8610000
2026-07-07T14:56:03.679+00:00 CAN id=101 dlc=8 data=d8cf0400a8610000
2026-07-07T14:56:03.699+00:00 CAN id=101 dlc=8 data=d8cf0400a8610000
2026-07-07T14:56:03.719+00:00 CAN id=101 dlc=8 data=d8cf0400a8610000
2026-07-07T14:56:03.719+00:00 VCP run=1 step=0 angle=316318 target=315352 err=-966 steer=-483 m1=0/5936 i1=59 t1=28 m2=0/-11251 i2=-584 t2=27 steerMode=-2657/0 iSteer=-262247 driveMode=8594/0 iDrive=321593 scale=0 wheel=25000
2026-07-07T14:56:03.739+00:00 CAN id=101 dlc=8 data=d8cf0400a8610000
2026-07-07T14:56:03.759+00:00 CAN id=101 dlc=8 data=d8cf0400a8610000
2026-07-07T14:56:03.779+00:00 CAN id=101 dlc=8 data=d8cf0400a8610000
2026-07-07T14:56:03.799+00:00 CAN id=101 dlc=8 data=d8cf0400a8610000
2026-07-07T14:56:03.819+00:00 CAN id=101 dlc=8 data=d8cf0400a8610000
2026-07-07T14:56:03.839+00:00 CAN id=101 dlc=8 data=d8cf0400a8610000
2026-07-07T14:56:03.859+00:00 CAN id=101 dlc=8 data=d8cf0400a8610000
2026-07-07T14:56:03.879+00:00 CAN id=101 dlc=8 data=d8cf0400a8610000
2026-07-07T14:56:03.899+00:00 CAN id=101 dlc=8 data=d8cf0400a8610000
2026-07-07T14:56:03.904+00:00 VCP run=1 step=0 angle=316318 target=315352 err=-966 steer=-483 m1=0/5936 i1=68 t1=28 m2=0/-11251 i2=-607 t2=27 steerMode=-2657/0 iSteer=-269557 driveMode=8594/0 iDrive=337743 scale=0 wheel=25000
2026-07-07T14:56:03.904+00:00 VCP SET_TARGET_RX steer=315352 wheel=25000
2026-07-07T14:56:03.904+00:00 VCP run=1 step=0 angle=316230 target=315352 err=-878 steer=-439 m1=0/6178 i1=89 t1=28 m2=0/-11009 i2=-619 t2=27 steerMode=-2416/0 iSteer=-264719 driveMode=8594/0 iDrive=353903 scale=0 wheel=25000
2026-07-07T14:56:03.919+00:00 CAN id=101 dlc=8 data=d8cf0400a8610000
2026-07-07T14:56:03.939+00:00 CAN id=101 dlc=8 data=d8cf0400a8610000
2026-07-07T14:56:03.959+00:00 CAN id=101 dlc=8 data=d8cf0400a8610000
2026-07-07T14:56:03.979+00:00 CAN id=101 dlc=8 data=d8cf0400a8610000
2026-07-07T14:56:03.999+00:00 CAN id=101 dlc=8 data=d8cf0400a8610000
2026-07-07T14:56:04.009+00:00 VCP run=1 step=0 angle=316230 target=315352 err=-878 steer=-439 m1=0/6178 i1=98 t1=28 m2=0/-11009 i2=-642 t2=27 steerMode=-2416/-4 iSteer=-271807 driveMode=8594/4 iDrive=370033 scale=0 wheel=25000
2026-07-07T14:56:04.019+00:00 CAN id=101 dlc=8 data=d8cf0400a8610000
2026-07-07T14:56:04.039+00:00 CAN id=101 dlc=8 data=d8cf0400a8610000
2026-07-07T14:56:04.059+00:00 CAN id=101 dlc=8 data=d8cf0400a8610000
2026-07-07T14:56:04.079+00:00 CAN id=101 dlc=8 data=d8cf0400a8610000
2026-07-07T14:56:04.099+00:00 CAN id=101 dlc=8 data=d8cf0400a8610000
2026-07-07T14:56:04.114+00:00 VCP run=1 step=0 angle=316230 target=315352 err=-878 steer=-439 m1=0/6178 i1=108 t1=28 m2=0/-11009 i2=-665 t2=27 steerMode=-2416/-13 iSteer=-278424 driveMode=8594/11 iDrive=386139 scale=0 wheel=25000
2026-07-07T14:56:04.119+00:00 CAN id=101 dlc=8 data=d8cf0400a8610000
2026-07-07T14:56:04.139+00:00 CAN id=101 dlc=8 data=d8cf0400a8610000
2026-07-07T14:56:04.159+00:00 CAN id=101 dlc=8 data=d8cf0400a8610000
2026-07-07T14:56:04.179+00:00 CAN id=101 dlc=8 data=d8cf0400a8610000
2026-07-07T14:56:04.199+00:00 CAN id=101 dlc=8 data=d8cf0400a8610000
2026-07-07T14:56:04.219+00:00 CAN id=101 dlc=8 data=d8cf0400a8610000
2026-07-07T14:56:04.239+00:00 CAN id=101 dlc=8 data=d8cf0400a8610000
2026-07-07T14:56:04.259+00:00 CAN id=101 dlc=8 data=d8cf0400a8610000
2026-07-07T14:56:04.279+00:00 CAN id=101 dlc=8 data=d8cf0400a8610000
2026-07-07T14:56:04.299+00:00 CAN id=101 dlc=8 data=d8cf0400a8610000
2026-07-07T14:56:04.299+00:00 VCP run=1 step=0 angle=316230 target=315352 err=-878 steer=-439 m1=0/6178 i1=117 t1=28 m2=0/-11009 i2=-688 t2=27 steerMode=-2416/-15 iSteer=-285465 driveMode=8594/15 iDrive=402089 scale=0 wheel=25000
2026-07-07T14:56:04.299+00:00 VCP run=1 step=0 angle=316230 target=315352 err=-878 steer=-439 m1=0/6178 i1=125 t1=28 m2=0/-11009 i2=-712 t2=27 steerMode=-2416/0 iSteer=-293399 driveMode=8594/0 iDrive=418142 scale=0 wheel=25000
2026-07-07T14:56:04.319+00:00 CAN id=101 dlc=8 data=d8cf0400a8610000
2026-07-07T14:56:04.339+00:00 CAN id=101 dlc=8 data=d8cf0400a8610000
2026-07-07T14:56:04.359+00:00 CAN id=101 dlc=8 data=d8cf0400a8610000
2026-07-07T14:56:04.379+00:00 CAN id=101 dlc=8 data=d8cf0400a8610000
2026-07-07T14:56:04.399+00:00 CAN id=101 dlc=8 data=d8cf0400a8610000
2026-07-07T14:56:04.404+00:00 VCP SET_TARGET_RX steer=315352 wheel=25000
2026-07-07T14:56:04.404+00:00 VCP run=1 step=0 angle=316318 target=315352 err=-966 steer=-483 m1=0/5936 i1=122 t1=28 m2=0/-11251 i2=-747 t2=27 steerMode=-2657/-6 iSteer=-312347 driveMode=8594/6 iDrive=434249 scale=0 wheel=25000
2026-07-07T14:56:04.419+00:00 CAN id=101 dlc=8 data=d8cf0400a8610000
2026-07-07T14:56:04.439+00:00 CAN id=101 dlc=8 data=d8cf0400a8610000
2026-07-07T14:56:04.459+00:00 CAN id=101 dlc=8 data=d8cf0400a8610000
2026-07-07T14:56:04.479+00:00 CAN id=101 dlc=8 data=d8cf0400a8610000
2026-07-07T14:56:04.499+00:00 CAN id=101 dlc=8 data=d8cf0400a8610000
2026-07-07T14:56:04.509+00:00 VCP run=1 step=0 angle=316318 target=315352 err=-966 steer=-483 m1=0/5936 i1=130 t1=28 m2=0/-11251 i2=-770 t2=27 steerMode=-2657/2 iSteer=-319942 driveMode=8594/26 iDrive=450112 scale=0 wheel=25000
2026-07-07T14:56:04.519+00:00 CAN id=101 dlc=8 data=d8cf0400a8610000
2026-07-07T14:56:04.539+00:00 CAN id=101 dlc=8 data=d8cf0400a8610000
2026-07-07T14:56:04.559+00:00 CAN id=101 dlc=8 data=d8cf0400a8610000
2026-07-07T14:56:04.579+00:00 CAN id=101 dlc=8 data=d8cf0400a8610000
2026-07-07T14:56:04.599+00:00 CAN id=101 dlc=8 data=d8cf0400a8610000
2026-07-07T14:56:04.614+00:00 VCP run=1 step=0 angle=316143 target=315352 err=-791 steer=-395 m1=4/6420 i1=371 t1=28 m2=-224/-10768 i2=-511 t2=27 steerMode=-2174/-4605 iSteer=-69919 driveMode=8594/4708 iDrive=441052 scale=0 wheel=25000
2026-07-07T14:56:04.619+00:00 CAN id=101 dlc=8 data=d8cf0400a8610000
2026-07-07T14:56:04.639+00:00 CAN id=101 dlc=8 data=d8cf0400a8610000
2026-07-07T14:56:04.659+00:00 CAN id=101 dlc=8 data=d8cf0400a8610000
2026-07-07T14:56:04.679+00:00 CAN id=101 dlc=8 data=d8cf0400a8610000
2026-07-07T14:56:04.699+00:00 CAN id=101 dlc=8 data=d8cf0400a8610000
2026-07-07T14:56:04.719+00:00 CAN id=101 dlc=8 data=d8cf0400a8610000
2026-07-07T14:56:04.719+00:00 VCP run=1 step=0 angle=312275 target=315352 err=3077 steer=1538 m1=4/17054 i1=1063 t1=28 m2=-216/-133 i2=208 t2=27 steerMode=8461/-7478 iSteer=635887 driveMode=8594/7644 iDrive=427595 scale=0 wheel=25000
2026-07-07T14:56:04.739+00:00 CAN id=101 dlc=8 data=d8cf0400a8610000
2026-07-07T14:56:04.759+00:00 CAN id=101 dlc=8 data=d8cf0400a8610000
2026-07-07T14:56:04.779+00:00 CAN id=101 dlc=8 data=d8cf0400a8610000
2026-07-07T14:56:04.799+00:00 CAN id=101 dlc=8 data=d8cf0400a8610000
2026-07-07T14:56:04.819+00:00 CAN id=101 dlc=8 data=d8cf0400a8610000
2026-07-07T14:56:04.839+00:00 CAN id=101 dlc=8 data=d8cf0400a8610000
2026-07-07T14:56:04.859+00:00 CAN id=101 dlc=8 data=d8cf0400a8610000
2026-07-07T14:56:04.879+00:00 CAN id=101 dlc=8 data=d8cf0400a8610000
2026-07-07T14:56:04.899+00:00 CAN id=101 dlc=8 data=d8cf0400a8610000
2026-07-07T14:56:04.902+00:00 VCP run=1 step=0 angle=313857 target=315352 err=1495 steer=747 m1=389/12704 i1=114 t1=28 m2=-164/-4484 i2=-679 t2=27 steerMode=4110/6866 iSteer=-282606 driveMode=8594/13716 iDrive=396787 scale=0 wheel=25000
2026-07-07T14:56:04.902+00:00 VCP SET_TARGET_RX steer=315352 wheel=25000
2026-07-07T14:56:04.902+00:00 VCP run=1 step=0 angle=314033 target=315352 err=1319 steer=659 m1=506/12220 i1=392 t1=28 m2=-538/-4967 i2=-243 t2=27 steerMode=3627/-680 iSteer=74445 driveMode=8594/25394 iDrive=317444 scale=0 wheel=25000
2026-07-07T14:56:04.919+00:00 CAN id=101 dlc=8 data=d8cf0400a8610000
2026-07-07T14:56:04.939+00:00 CAN id=101 dlc=8 data=d8cf0400a8610000
2026-07-07T14:56:04.959+00:00 CAN id=101 dlc=8 data=d8cf0400a8610000
2026-07-07T14:56:04.979+00:00 CAN id=101 dlc=8 data=d8cf0400a8610000
2026-07-07T14:56:04.999+00:00 CAN id=101 dlc=8 data=d8cf0400a8610000
2026-07-07T14:56:05.007+00:00 VCP run=1 step=0 angle=314561 target=315352 err=791 steer=396 m1=644/10770 i1=188 t1=28 m2=-655/-6417 i2=-301 t2=27 steerMode=2177/610 iSteer=-56789 driveMode=8594/32307 iDrive=244524 scale=0 wheel=25000
2026-07-07T14:56:05.019+00:00 CAN id=101 dlc=8 data=d8cf0400a8610000
2026-07-07T14:56:05.039+00:00 CAN id=101 dlc=8 data=d8cf0400a8610000
2026-07-07T14:56:05.059+00:00 CAN id=101 dlc=8 data=d8cf0400a8610000
2026-07-07T14:56:05.079+00:00 CAN id=101 dlc=8 data=d8cf0400a8610000
2026-07-07T14:56:05.099+00:00 CAN id=101 dlc=8 data=d8cf0400a8610000
2026-07-07T14:56:05.112+00:00 VCP run=1 step=0 angle=314473 target=315352 err=879 steer=440 m1=671/11012 i1=200 t1=28 m2=-647/-6175 i2=-165 t2=27 steerMode=2418/-509 iSteer=17413 driveMode=8594/35250 iDrive=182383 scale=0 wheel=25000
2026-07-07T14:56:05.119+00:00 CAN id=101 dlc=8 data=d8cf0400a8610000
2026-07-07T14:56:05.139+00:00 CAN id=101 dlc=8 data=d8cf0400a8610000
2026-07-07T14:56:05.159+00:00 CAN id=101 dlc=8 data=d8cf0400a8610000
2026-07-07T14:56:05.179+00:00 CAN id=101 dlc=8 data=d8cf0400a8610000
2026-07-07T14:56:05.199+00:00 CAN id=101 dlc=8 data=d8cf0400a8610000
2026-07-07T14:56:05.216+00:00 VCP run=1 step=0 angle=314561 target=315352 err=791 steer=396 m1=684/10770 i1=75 t1=28 m2=-609/-6417 i2=-197 t2=27 steerMode=2177/939 iSteer=-60816 driveMode=8594/34641 iDrive=135755 scale=0 wheel=25000
2026-07-07T14:56:05.219+00:00 CAN id=101 dlc=8 data=d8cf0400a8610000
2026-07-07T14:56:05.239+00:00 CAN id=101 dlc=8 data=d8cf0400a8610000
2026-07-07T14:56:05.259+00:00 CAN id=101 dlc=8 data=d8cf0400a8610000
2026-07-07T14:56:05.279+00:00 CAN id=101 dlc=8 data=d8cf0400a8610000
2026-07-07T14:56:05.299+00:00 CAN id=101 dlc=8 data=d8cf0400a8610000
2026-07-07T14:56:05.319+00:00 VCP run=1 step=0 angle=314648 target=315352 err=704 steer=352 m1=567/10529 i1=65 t1=28 m2=-555/-6659 i2=-153 t2=27 steerMode=1935/452 iSteer=-44067 driveMode=8594/30895 iDrive=109136 scale=0 wheel=25000
2026-07-07T14:56:05.319+00:00 VCP SET_TARGET_RX steer=315352 wheel=25000
2026-07-07T14:56:05.319+00:00 CAN id=101 dlc=8 data=d8cf0400a8610000
2026-07-07T14:56:05.339+00:00 CAN id=101 dlc=8 data=d8cf0400a8610000
2026-07-07T14:56:05.359+00:00 CAN id=101 dlc=8 data=d8cf0400a8610000
2026-07-07T14:56:05.379+00:00 CAN id=101 dlc=8 data=d8cf0400a8610000
2026-07-07T14:56:05.399+00:00 CAN id=101 dlc=8 data=d8cf0400a8610000
2026-07-07T14:56:05.419+00:00 CAN id=101 dlc=8 data=d8cf0400a8610000
2026-07-07T14:56:05.439+00:00 CAN id=101 dlc=8 data=d8cf0400a8610000
2026-07-07T14:56:05.459+00:00 CAN id=101 dlc=8 data=d8cf0400a8610000
2026-07-07T14:56:05.479+00:00 CAN id=101 dlc=8 data=d8cf0400a8610000
2026-07-07T14:56:05.499+00:00 CAN id=101 dlc=8 data=d8cf0400a8610000
2026-07-07T14:56:05.506+00:00 VCP run=1 step=0 angle=314824 target=315352 err=528 steer=200 m1=452/9694 i1=43 t1=28 m2=-455/-7494 i2=-167 t2=27 steerMode=1100/-1 iSteer=-61735 driveMode=8594/24628 iDrive=104975 scale=0 wheel=25000
2026-07-07T14:56:05.506+00:00 VCP run=1 step=0 angle=314912 target=315352 err=440 steer=0 m1=311/8594 i1=-9 t1=28 m2=-314/-8594 i2=-269 t2=27 steerMode=0/505 iSteer=-138915 driveMode=8594/17642 iDrive=129760 scale=0 wheel=25000
2026-07-07T14:56:05.519+00:00 CAN id=101 dlc=8 data=d8cf0400a8610000
2026-07-07T14:56:05.539+00:00 CAN id=101 dlc=8 data=d8cf0400a8610000
2026-07-07T14:56:05.559+00:00 CAN id=101 dlc=8 data=d8cf0400a8610000
2026-07-07T14:56:05.579+00:00 CAN id=101 dlc=8 data=d8cf0400a8610000
2026-07-07T14:56:05.599+00:00 CAN id=101 dlc=8 data=d8cf0400a8610000
2026-07-07T14:56:05.611+00:00 VCP run=1 step=0 angle=314736 target=315352 err=616 steer=308 m1=255/10287 i1=138 t1=28 m2=-212/-6901 i2=-163 t2=27 steerMode=1693/-244 iSteer=-12304 driveMode=8594/13542 iDrive=150260 scale=0 wheel=25000
2026-07-07T14:56:05.619+00:00 CAN id=101 dlc=8 data=d8cf0400a8610000
2026-07-07T14:56:05.639+00:00 CAN id=101 dlc=8 data=d8cf0400a8610000
2026-07-07T14:56:05.659+00:00 CAN id=101 dlc=8 data=d8cf0400a8610000
2026-07-07T14:56:05.679+00:00 CAN id=101 dlc=8 data=d8cf0400a8610000
2026-07-07T14:56:05.699+00:00 CAN id=101 dlc=8 data=d8cf0400a8610000
2026-07-07T14:56:05.715+00:00 VCP run=1 step=0 angle=314824 target=315352 err=528 steer=264 m1=202/10045 i1=114 t1=28 m2=-222/-7142 i2=-210 t2=27 steerMode=1451/301 iSteer=-48029 driveMode=8594/11286 iDrive=161541 scale=0 wheel=25000
2026-07-07T14:56:05.719+00:00 CAN id=101 dlc=8 data=d8cf0400a8610000
2026-07-07T14:56:05.739+00:00 CAN id=101 dlc=8 data=d8cf0400a8610000
2026-07-07T14:56:05.759+00:00 CAN id=101 dlc=8 data=d8cf0400a8610000
2026-07-07T14:56:05.779+00:00 CAN id=101 dlc=8 data=d8cf0400a8610000
2026-07-07T14:56:05.799+00:00 CAN id=101 dlc=8 data=d8cf0400a8610000
2026-07-07T14:56:05.818+00:00 VCP run=1 step=0 angle=314912 target=315352 err=440 steer=0 m1=211/8594 i1=53 t1=28 m2=-222/-8594 i2=-288 t2=27 steerMode=0/308 iSteer=-117247 driveMode=8594/9485 iDrive=170543 scale=0 wheel=25000
2026-07-07T14:56:05.818+00:00 VCP SET_TARGET_RX steer=315352 wheel=25000
2026-07-07T14:56:05.819+00:00 CAN id=101 dlc=8 data=d8cf0400a8610000
2026-07-07T14:56:05.839+00:00 CAN id=101 dlc=8 data=d8cf0400a8610000
2026-07-07T14:56:05.859+00:00 CAN id=101 dlc=8 data=d8cf0400a8610000
2026-07-07T14:56:05.879+00:00 CAN id=101 dlc=8 data=d8cf0400a8610000
2026-07-07T14:56:05.899+00:00 CAN id=101 dlc=8 data=d8cf0400a8610000
2026-07-07T14:56:05.919+00:00 CAN id=101 dlc=8 data=d8cf0400a8610000
2026-07-07T14:56:05.939+00:00 CAN id=101 dlc=8 data=d8cf0400a8610000
2026-07-07T14:56:05.959+00:00 CAN id=101 dlc=8 data=d8cf0400a8610000
2026-07-07T14:56:05.979+00:00 CAN id=101 dlc=8 data=d8cf0400a8610000
2026-07-07T14:56:05.999+00:00 CAN id=101 dlc=8 data=d8cf0400a8610000
2026-07-07T14:56:06.005+00:00 VCP run=1 step=0 angle=314824 target=315352 err=528 steer=250 m1=92/9969 i1=225 t1=28 m2=-187/-7219 i2=-128 t2=27 steerMode=1375/-1581 iSteer=48386 driveMode=8594/8413 iDrive=176212 scale=0 wheel=25000
2026-07-07T14:56:06.005+00:00 VCP run=1 step=0 angle=314648 target=315352 err=704 steer=352 m1=207/10529 i1=115 t1=28 m2=-141/-6659 i2=-241 t2=27 steerMode=1935/1325 iSteer=-63209 driveMode=8594/8192 iDrive=177903 scale=0 wheel=25000
2026-07-07T14:56:06.019+00:00 CAN id=101 dlc=8 data=d8cf0400a8610000
2026-07-07T14:56:06.039+00:00 CAN id=101 dlc=8 data=d8cf0400a8610000
2026-07-07T14:56:06.059+00:00 CAN id=101 dlc=8 data=d8cf0400a8610000
2026-07-07T14:56:06.079+00:00 CAN id=101 dlc=8 data=d8cf0400a8610000
2026-07-07T14:56:06.099+00:00 CAN id=101 dlc=8 data=d8cf0400a8610000
2026-07-07T14:56:06.110+00:00 VCP run=1 step=0 angle=314736 target=315352 err=616 steer=308 m1=140/10287 i1=179 t1=28 m2=-187/-6901 i2=-181 t2=27 steerMode=1693/-101 iSteer=-737 driveMode=8594/8025 iDrive=180025 scale=0 wheel=25000
2026-07-07T14:56:06.119+00:00 CAN id=101 dlc=8 data=d8cf0400a8610000
2026-07-07T14:56:06.139+00:00 CAN id=101 dlc=8 data=d8cf0400a8610000
2026-07-07T14:56:06.159+00:00 CAN id=101 dlc=8 data=d8cf0400a8610000
2026-07-07T14:56:06.179+00:00 CAN id=101 dlc=8 data=d8cf0400a8610000
2026-07-07T14:56:06.199+00:00 CAN id=101 dlc=8 data=d8cf0400a8610000
2026-07-07T14:56:06.215+00:00 VCP run=1 step=0 angle=314912 target=315352 err=440 steer=0 m1=163/8594 i1=142 t1=28 m2=-132/-8594 i2=-224 t2=27 steerMode=0/-933 iSteer=-41326 driveMode=8594/7768 iDrive=182993 scale=0 wheel=25000
2026-07-07T14:56:06.219+00:00 CAN id=101 dlc=8 data=d8cf0400a8610000
2026-07-07T14:56:06.239+00:00 CAN id=101 dlc=8 data=d8cf0400a8610000
2026-07-07T14:56:06.259+00:00 CAN id=101 dlc=8 data=d8cf0400a8610000
2026-07-07T14:56:06.279+00:00 CAN id=101 dlc=8 data=d8cf0400a8610000
2026-07-07T14:56:06.299+00:00 CAN id=101 dlc=8 data=d8cf0400a8610000
2026-07-07T14:56:06.317+00:00 VCP run=1 step=0 angle=314824 target=315352 err=528 steer=264 m1=196/10045 i1=197 t1=28 m2=-166/-7142 i2=-167 t2=27 steerMode=1451/-508 iSteer=15071 driveMode=8594/8338 iDrive=181936 scale=0 wheel=25000
2026-07-07T14:56:06.317+00:00 VCP SET_TARGET_RX steer=315352 wheel=25000
2026-07-07T14:56:06.319+00:00 CAN id=101 dlc=8 data=d8cf0400a8610000
2026-07-07T14:56:06.339+00:00 CAN id=101 dlc=8 data=d8cf0400a8610000
2026-07-07T14:56:06.359+00:00 CAN id=101 dlc=8 data=d8cf0400a8610000
2026-07-07T14:56:06.379+00:00 CAN id=101 dlc=8 data=d8cf0400a8610000
2026-07-07T14:56:06.399+00:00 CAN id=101 dlc=8 data=d8cf0400a8610000
2026-07-07T14:56:06.419+00:00 CAN id=101 dlc=8 data=d8cf0400a8610000
2026-07-07T14:56:06.439+00:00 CAN id=101 dlc=8 data=d8cf0400a8610000
2026-07-07T14:56:06.459+00:00 CAN id=101 dlc=8 data=d8cf0400a8610000
2026-07-07T14:56:06.479+00:00 CAN id=101 dlc=8 data=d8cf0400a8610000
2026-07-07T14:56:06.499+00:00 CAN id=101 dlc=8 data=d8cf0400a8610000
2026-07-07T14:56:06.504+00:00 VCP run=1 step=0 angle=314736 target=315352 err=616 steer=308 m1=161/10287 i1=157 t1=28 m2=-201/-6901 i2=-211 t2=27 steerMode=1693/659 iSteer=-27400 driveMode=8594/8046 iDrive=184050 scale=0 wheel=25000
2026-07-07T14:56:06.504+00:00 VCP run=1 step=0 angle=314736 target=315352 err=616 steer=308 m1=200/10287 i1=171 t1=28 m2=-174/-6901 i2=-190 t2=27 steerMode=1693/365 iSteer=-9317 driveMode=8594/8696 iDrive=180739 scale=0 wheel=25000
2026-07-07T14:56:06.519+00:00 CAN id=101 dlc=8 data=d8cf0400a8610000
2026-07-07T14:56:06.539+00:00 CAN id=101 dlc=8 data=d8cf0400a8610000
2026-07-07T14:56:06.559+00:00 CAN id=101 dlc=8 data=d8cf0400a8610000
2026-07-07T14:56:06.579+00:00 CAN id=101 dlc=8 data=d8cf0400a8610000
2026-07-07T14:56:06.599+00:00 CAN id=101 dlc=8 data=d8cf0400a8610000
2026-07-07T14:56:06.609+00:00 VCP run=1 step=0 angle=314736 target=315352 err=616 steer=308 m1=217/10287 i1=169 t1=28 m2=-151/-6901 i2=-188 t2=27 steerMode=1693/445 iSteer=-9440 driveMode=8594/9009 iDrive=178464 scale=0 wheel=25000
2026-07-07T14:56:06.619+00:00 CAN id=101 dlc=8 data=d8cf0400a8610000
2026-07-07T14:56:06.639+00:00 CAN id=101 dlc=8 data=d8cf0400a8610000
2026-07-07T14:56:06.659+00:00 CAN id=101 dlc=8 data=d8cf0400a8610000
2026-07-07T14:56:06.679+00:00 CAN id=101 dlc=8 data=d8cf0400a8610000
2026-07-07T14:56:06.699+00:00 CAN id=101 dlc=8 data=d8cf0400a8610000
2026-07-07T14:56:06.714+00:00 VCP run=1 step=0 angle=314912 target=315352 err=440 steer=0 m1=148/8594 i1=102 t1=28 m2=-201/-8594 i2=-248 t2=27 steerMode=0/75 iSteer=-72768 driveMode=8594/9363 iDrive=174849 scale=0 wheel=25000
2026-07-07T14:56:06.719+00:00 CAN id=101 dlc=8 data=d8cf0400a8610000
2026-07-07T14:56:06.739+00:00 CAN id=101 dlc=8 data=d8cf0400a8610000
2026-07-07T14:56:06.759+00:00 CAN id=101 dlc=8 data=d8cf0400a8610000
2026-07-07T14:56:06.779+00:00 CAN id=101 dlc=8 data=d8cf0400a8610000
2026-07-07T14:56:06.799+00:00 CAN id=101 dlc=8 data=d8cf0400a8610000
2026-07-07T14:56:06.817+00:00 VCP run=1 step=0 angle=314824 target=315352 err=528 steer=264 m1=186/10045 i1=164 t1=28 m2=-126/-7142 i2=-184 t2=27 steerMode=1451/358 iSteer=-10277 driveMode=8594/9301 iDrive=173854 scale=0 wheel=25000
2026-07-07T14:56:06.817+00:00 VCP SET_TARGET_RX steer=315352 wheel=25000
2026-07-07T14:56:06.819+00:00 CAN id=101 dlc=8 data=d8cf0400a8610000
2026-07-07T14:56:06.839+00:00 CAN id=101 dlc=8 data=d8cf0400a8610000
2026-07-07T14:56:06.859+00:00 CAN id=101 dlc=8 data=d8cf0400a8610000
2026-07-07T14:56:06.879+00:00 CAN id=101 dlc=8 data=d8cf0400a8610000
2026-07-07T14:56:06.899+00:00 CAN id=101 dlc=8 data=d8cf0400a8610000
2026-07-07T14:56:06.919+00:00 CAN id=101 dlc=8 data=d8cf0400a8610000
2026-07-07T14:56:06.939+00:00 CAN id=101 dlc=8 data=d8cf0400a8610000
2026-07-07T14:56:06.959+00:00 CAN id=101 dlc=8 data=d8cf0400a8610000
2026-07-07T14:56:06.979+00:00 CAN id=101 dlc=8 data=d8cf0400a8610000
2026-07-07T14:56:06.999+00:00 CAN id=101 dlc=8 data=d8cf0400a8610000
2026-07-07T14:56:07.005+00:00 VCP run=1 step=0 angle=314824 target=315352 err=528 steer=264 m1=165/10045 i1=170 t1=28 m2=-141/-7142 i2=-181 t2=27 steerMode=1451/320 iSteer=-5454 driveMode=8594/8806 iDrive=175327 scale=0 wheel=25000
2026-07-07T14:56:07.005+00:00 VCP run=1 step=0 angle=315000 target=315352 err=352 steer=0 m1=123/8594 i1=169 t1=28 m2=-130/-8594 i2=-195 t2=27 steerMode=0/-984 iSteer=-13003 driveMode=8594/7617 iDrive=181722 scale=0 wheel=25000
2026-07-07T14:56:07.019+00:00 CAN id=101 dlc=8 data=d8cf0400a8610000
2026-07-07T14:56:07.039+00:00 CAN id=101 dlc=8 data=d8cf0400a8610000
2026-07-07T14:56:07.059+00:00 CAN id=101 dlc=8 data=d8cf0400a8610000
2026-07-07T14:56:07.079+00:00 CAN id=101 dlc=8 data=d8cf0400a8610000
2026-07-07T14:56:07.099+00:00 CAN id=101 dlc=8 data=d8cf0400a8610000
2026-07-07T14:56:07.110+00:00 VCP run=1 step=0 angle=314912 target=315352 err=440 steer=0 m1=104/8594 i1=144 t1=28 m2=-143/-8594 i2=-237 t2=27 steerMode=0/-293 iSteer=-46061 driveMode=8594/6490 iDrive=190515 scale=0 wheel=25000
2026-07-07T14:56:07.119+00:00 CAN id=101 dlc=8 data=d8cf0400a8610000
2026-07-07T14:56:07.139+00:00 CAN id=101 dlc=8 data=d8cf0400a8610000
2026-07-07T14:56:07.159+00:00 CAN id=101 dlc=8 data=d8cf0400a8610000
2026-07-07T14:56:07.179+00:00 CAN id=101 dlc=8 data=d8cf0400a8610000
2026-07-07T14:56:07.199+00:00 CAN id=101 dlc=8 data=d8cf0400a8610000
2026-07-07T14:56:07.215+00:00 VCP run=1 step=0 angle=314912 target=315352 err=440 steer=0 m1=104/8594 i1=109 t1=28 m2=-166/-8594 i2=-280 t2=27 steerMode=0/556 iSteer=-85395 driveMode=8594/6484 iDrive=194847 scale=0 wheel=25000
2026-07-07T14:56:07.219+00:00 CAN id=101 dlc=8 data=d8cf0400a8610000
2026-07-07T14:56:07.239+00:00 CAN id=101 dlc=8 data=d8cf0400a8610000
2026-07-07T14:56:07.259+00:00 CAN id=101 dlc=8 data=d8cf0400a8610000
2026-07-07T14:56:07.279+00:00 CAN id=101 dlc=8 data=d8cf0400a8610000
2026-07-07T14:56:07.299+00:00 CAN id=101 dlc=8 data=d8cf0400a8610000
2026-07-07T14:56:07.317+00:00 VCP run=1 step=0 angle=314736 target=315352 err=616 steer=308 m1=184/10287 i1=253 t1=28 m2=-116/-6901 i2=-143 t2=27 steerMode=1693/-472 iSteer=54727 driveMode=8594/6609 iDrive=197946 scale=0 wheel=25000
2026-07-07T14:56:07.317+00:00 VCP SET_TARGET_RX steer=315352 wheel=25000
2026-07-07T14:56:07.319+00:00 CAN id=101 dlc=8 data=d8cf0400a8610000
2026-07-07T14:56:07.339+00:00 CAN id=101 dlc=8 data=d8cf0400a8610000
2026-07-07T14:56:07.359+00:00 CAN id=101 dlc=8 data=d8cf0400a8610000
2026-07-07T14:56:07.379+00:00 CAN id=101 dlc=8 data=d8cf0400a8610000
2026-07-07T14:56:07.399+00:00 CAN id=101 dlc=8 data=d8cf0400a8610000
2026-07-07T14:56:07.419+00:00 CAN id=101 dlc=8 data=d8cf0400a8610000
2026-07-07T14:56:07.439+00:00 CAN id=101 dlc=8 data=d8cf0400a8610000
2026-07-07T14:56:07.459+00:00 CAN id=101 dlc=8 data=d8cf0400a8610000
2026-07-07T14:56:07.479+00:00 CAN id=101 dlc=8 data=d8cf0400a8610000
2026-07-07T14:56:07.499+00:00 CAN id=101 dlc=8 data=d8cf0400a8610000
2026-07-07T14:56:07.505+00:00 VCP run=1 step=0 angle=315000 target=315352 err=352 steer=0 m1=140/8594 i1=138 t1=28 m2=-153/-8594 i2=-252 t2=27 steerMode=0/80 iSteer=-57344 driveMode=8594/7621 iDrive=195100 scale=0 wheel=25000
2026-07-07T14:56:07.505+00:00 VCP run=1 step=0 angle=314736 target=315352 err=616 steer=308 m1=154/10287 i1=232 t1=28 m2=-107/-6901 i2=-167 t2=27 steerMode=1693/54 iSteer=32418 driveMode=8594/7156 iDrive=199738 scale=0 wheel=25000
2026-07-07T14:56:07.519+00:00 CAN id=101 dlc=8 data=d8cf0400a8610000
2026-07-07T14:56:07.539+00:00 CAN id=101 dlc=8 data=d8cf0400a8610000
2026-07-07T14:56:07.559+00:00 CAN id=101 dlc=8 data=d8cf0400a8610000
2026-07-07T14:56:07.579+00:00 CAN id=101 dlc=8 data=d8cf0400a8610000
2026-07-07T14:56:07.599+00:00 CAN id=101 dlc=8 data=d8cf0400a8610000
2026-07-07T14:56:07.610+00:00 VCP run=1 step=0 angle=315000 target=315352 err=352 steer=0 m1=144/8594 i1=159 t1=28 m2=-128/-8594 i2=-231 t2=27 steerMode=0/-269 iSteer=-36013 driveMode=8594/8404 iDrive=194606 scale=0 wheel=25000
2026-07-07T14:56:07.619+00:00 CAN id=101 dlc=8 data=d8cf0400a8610000
2026-07-07T14:56:07.639+00:00 CAN id=101 dlc=8 data=d8cf0400a8610000
2026-07-07T14:56:07.659+00:00 CAN id=101 dlc=8 data=d8cf0400a8610000
2026-07-07T14:56:07.679+00:00 CAN id=101 dlc=8 data=d8cf0400a8610000
2026-07-07T14:56:07.699+00:00 CAN id=101 dlc=8 data=d8cf0400a8610000
2026-07-07T14:56:07.715+00:00 VCP run=1 step=0 angle=314824 target=315352 err=528 steer=264 m1=198/10045 i1=211 t1=28 m2=-199/-7142 i2=-184 t2=27 steerMode=1451/250 iSteer=13455 driveMode=8594/8001 iDrive=197751 scale=0 wheel=25000
2026-07-07T14:56:07.719+00:00 CAN id=101 dlc=8 data=d8cf0400a8610000
2026-07-07T14:56:07.739+00:00 CAN id=101 dlc=8 data=d8cf0400a8610000
2026-07-07T14:56:07.759+00:00 CAN id=101 dlc=8 data=d8cf0400a8610000
2026-07-07T14:56:07.779+00:00 CAN id=101 dlc=8 data=d8cf0400a8610000
2026-07-07T14:56:07.799+00:00 CAN id=101 dlc=8 data=d8cf0400a8610000
2026-07-07T14:56:07.817+00:00 VCP run=1 step=0 angle=315000 target=315352 err=352 steer=0 m1=186/8594 i1=167 t1=28 m2=-155/-8594 i2=-223 t2=27 steerMode=0/-364 iSteer=-28348 driveMode=8594/8598 iDrive=194971 scale=0 wheel=25000
2026-07-07T14:56:07.817+00:00 VCP SET_TARGET_RX steer=315352 wheel=25000
2026-07-07T14:56:07.819+00:00 CAN id=101 dlc=8 data=d8cf0400a8610000
2026-07-07T14:56:07.839+00:00 CAN id=101 dlc=8 data=d8cf0400a8610000
2026-07-07T14:56:07.859+00:00 CAN id=101 dlc=8 data=d8cf0400a8610000
2026-07-07T14:56:07.879+00:00 CAN id=101 dlc=8 data=d8cf0400a8610000
2026-07-07T14:56:07.899+00:00 CAN id=101 dlc=8 data=d8cf0400a8610000
2026-07-07T14:56:07.919+00:00 CAN id=101 dlc=8 data=d8cf0400a8610000
2026-07-07T14:56:07.939+00:00 CAN id=101 dlc=8 data=d8cf0400a8610000
2026-07-07T14:56:07.959+00:00 CAN id=101 dlc=8 data=d8cf0400a8610000
2026-07-07T14:56:07.979+00:00 CAN id=101 dlc=8 data=d8cf0400a8610000
2026-07-07T14:56:07.999+00:00 CAN id=101 dlc=8 data=d8cf0400a8610000
2026-07-07T14:56:08.005+00:00 VCP run=1 step=0 angle=314824 target=315352 err=528 steer=264 m1=186/10045 i1=190 t1=28 m2=-141/-7142 i2=-199 t2=27 steerMode=1451/686 iSteer=-4614 driveMode=8594/8679 iDrive=194360 scale=0 wheel=25000
2026-07-07T14:56:08.005+00:00 VCP run=1 step=0 angle=315088 target=315352 err=264 steer=0 m1=121/8594 i1=192 t1=28 m2=-128/-8594 i2=-207 t2=27 steerMode=0/-745 iSteer=-7552 driveMode=8594/7835 iDrive=199159 scale=0 wheel=25000
2026-07-07T14:56:08.019+00:00 CAN id=101 dlc=8 data=d8cf0400a8610000
2026-07-07T14:56:08.039+00:00 CAN id=101 dlc=8 data=d8cf0400a8610000
2026-07-07T14:56:08.059+00:00 CAN id=101 dlc=8 data=d8cf0400a8610000
2026-07-07T14:56:08.079+00:00 CAN id=101 dlc=8 data=d8cf0400a8610000
2026-07-07T14:56:08.099+00:00 CAN id=101 dlc=8 data=d8cf0400a8610000
2026-07-07T14:56:08.110+00:00 VCP run=1 step=0 angle=315088 target=315352 err=264 steer=0 m1=154/8594 i1=176 t1=28 m2=-166/-8594 i2=-233 t2=27 steerMode=0/-316 iSteer=-28207 driveMode=8594/7252 iDrive=204639 scale=0 wheel=25000
2026-07-07T14:56:08.119+00:00 CAN id=101 dlc=8 data=d8cf0400a8610000
2026-07-07T14:56:08.139+00:00 CAN id=101 dlc=8 data=d8cf0400a8610000
2026-07-07T14:56:08.159+00:00 CAN id=101 dlc=8 data=d8cf0400a8610000
2026-07-07T14:56:08.179+00:00 CAN id=101 dlc=8 data=d8cf0400a8610000
2026-07-07T14:56:08.199+00:00 CAN id=101 dlc=8 data=d8cf0400a8610000
2026-07-07T14:56:08.216+00:00 VCP run=1 step=0 angle=315000 target=315352 err=352 steer=0 m1=171/8594 i1=168 t1=28 m2=-126/-8594 i2=-247 t2=27 steerMode=0/-82 iSteer=-39345 driveMode=8594/7101 iDrive=207755 scale=0 wheel=25000
2026-07-07T14:56:08.219+00:00 CAN id=101 dlc=8 data=d8cf0400a8610000
2026-07-07T14:56:08.239+00:00 CAN id=101 dlc=8 data=d8cf0400a8610000
2026-07-07T14:56:08.259+00:00 CAN id=101 dlc=8 data=d8cf0400a8610000
2026-07-07T14:56:08.279+00:00 CAN id=101 dlc=8 data=d8cf0400a8610000
2026-07-07T14:56:08.299+00:00 CAN id=101 dlc=8 data=d8cf0400a8610000
2026-07-07T14:56:08.318+00:00 VCP run=1 step=0 angle=315176 target=315352 err=176 steer=0 m1=117/8594 i1=175 t1=28 m2=-107/-8594 i2=-260 t2=27 steerMode=0/-21 iSteer=-42549 driveMode=8594/5923 iDrive=217237 scale=0 wheel=25000
2026-07-07T14:56:08.318+00:00 VCP SET_TARGET_RX steer=315352 wheel=25000
2026-07-07T14:56:08.319+00:00 CAN id=101 dlc=8 data=d8cf0400a8610000
2026-07-07T14:56:08.339+00:00 CAN id=101 dlc=8 data=d8cf0400a8610000
2026-07-07T14:56:08.359+00:00 CAN id=101 dlc=8 data=d8cf0400a8610000
2026-07-07T14:56:08.379+00:00 CAN id=101 dlc=8 data=d8cf0400a8610000
2026-07-07T14:56:08.399+00:00 CAN id=101 dlc=8 data=d8cf0400a8610000
2026-07-07T14:56:08.419+00:00 CAN id=101 dlc=8 data=d8cf0400a8610000
2026-07-07T14:56:08.439+00:00 CAN id=101 dlc=8 data=d8cf0400a8610000
2026-07-07T14:56:08.459+00:00 CAN id=101 dlc=8 data=d8cf0400a8610000
2026-07-07T14:56:08.479+00:00 CAN id=101 dlc=8 data=d8cf0400a8610000
2026-07-07T14:56:08.499+00:00 CAN id=101 dlc=8 data=d8cf0400a8610000
2026-07-07T14:56:08.506+00:00 VCP run=1 step=0 angle=315088 target=315352 err=264 steer=0 m1=125/8594 i1=180 t1=28 m2=-139/-8594 i2=-256 t2=27 steerMode=0/-94 iSteer=-38392 driveMode=8594/6620 iDrive=217934 scale=0 wheel=25000
2026-07-07T14:56:08.506+00:00 VCP run=1 step=0 angle=315176 target=315352 err=176 steer=0 m1=127/8594 i1=169 t1=28 m2=-78/-8594 i2=-281 t2=27 steerMode=0/257 iSteer=-55830 driveMode=8594/6026 iDrive=224930 scale=0 wheel=25000
2026-07-07T14:56:08.519+00:00 CAN id=101 dlc=8 data=d8cf0400a8610000
2026-07-07T14:56:08.539+00:00 CAN id=101 dlc=8 data=d8cf0400a8610000
2026-07-07T14:56:08.559+00:00 CAN id=101 dlc=8 data=d8cf0400a8610000
2026-07-07T14:56:08.579+00:00 CAN id=101 dlc=8 data=d8cf0400a8610000
2026-07-07T14:56:08.599+00:00 CAN id=101 dlc=8 data=d8cf0400a8610000
2026-07-07T14:56:08.611+00:00 VCP run=1 step=0 angle=315527 target=315352 err=-175 steer=0 m1=133/8594 i1=163 t1=28 m2=-155/-8594 i2=-312 t2=27 steerMode=0/595 iSteer=-74738 driveMode=8594/4891 iDrive=237718 scale=0 wheel=25000
2026-07-07T14:56:08.619+00:00 CAN id=101 dlc=8 data=d8cf0400a8610000
2026-07-07T14:56:08.639+00:00 CAN id=101 dlc=8 data=d8cf0400a8610000
2026-07-07T14:56:08.659+00:00 CAN id=101 dlc=8 data=d8cf0400a8610000
2026-07-07T14:56:08.679+00:00 CAN id=101 dlc=8 data=d8cf0400a8610000
2026-07-07T14:56:08.699+00:00 CAN id=101 dlc=8 data=d8cf0400a8610000
2026-07-07T14:56:08.717+00:00 VCP run=1 step=0 angle=315791 target=315352 err=-439 steer=0 m1=77/8594 i1=145 t1=28 m2=-36/-8594 i2=-353 t2=27 steerMode=0/1139 iSteer=-103593 driveMode=8594/4133 iDrive=249072 scale=0 wheel=25000
2026-07-07T14:56:08.719+00:00 CAN id=101 dlc=8 data=d8cf0400a8610000
2026-07-07T14:56:08.739+00:00 CAN id=101 dlc=8 data=d8cf0400a8610000
2026-07-07T14:56:08.759+00:00 CAN id=101 dlc=8 data=d8cf0400a8610000
2026-07-07T14:56:08.779+00:00 CAN id=101 dlc=8 data=d8cf0400a8610000
2026-07-07T14:56:08.799+00:00 CAN id=101 dlc=8 data=d8cf0400a8610000
2026-07-07T14:56:08.818+00:00 VCP run=1 step=0 angle=316143 target=315352 err=-791 steer=-395 m1=-28/6420 i1=140 t1=28 m2=0/-10768 i2=-428 t2=27 steerMode=-2174/-358 iSteer=-144326 driveMode=8594/-314 iDrive=283927 scale=0 wheel=25000
2026-07-07T14:56:08.818+00:00 VCP SET_TARGET_RX steer=315352 wheel=25000
2026-07-07T14:56:08.819+00:00 CAN id=101 dlc=8 data=d8cf0400a8610000
2026-07-07T14:56:08.839+00:00 CAN id=101 dlc=8 data=d8cf0400a8610000
2026-07-07T14:56:08.859+00:00 CAN id=101 dlc=8 data=d8cf0400a8610000
2026-07-07T14:56:08.879+00:00 CAN id=101 dlc=8 data=d8cf0400a8610000
2026-07-07T14:56:08.899+00:00 CAN id=101 dlc=8 data=d8cf0400a8610000
2026-07-07T14:56:08.919+00:00 CAN id=101 dlc=8 data=d8cf0400a8610000
2026-07-07T14:56:08.939+00:00 CAN id=101 dlc=8 data=d8cf0400a8610000
2026-07-07T14:56:08.959+00:00 CAN id=101 dlc=8 data=d8cf0400a8610000
2026-07-07T14:56:08.979+00:00 CAN id=101 dlc=8 data=d8cf0400a8610000
2026-07-07T14:56:08.999+00:00 CAN id=101 dlc=8 data=d8cf0400a8610000
2026-07-07T14:56:09.006+00:00 VCP run=1 step=0 angle=316143 target=315352 err=-791 steer=-395 m1=0/6420 i1=132 t1=28 m2=0/-10768 i2=-466 t2=27 steerMode=-2174/-23 iSteer=-166917 driveMode=8594/-23 iDrive=298584 scale=0 wheel=25000
2026-07-07T14:56:09.006+00:00 VCP run=1 step=0 angle=316143 target=315352 err=-791 steer=-395 m1=0/6420 i1=140 t1=28 m2=0/-10768 i2=-489 t2=27 steerMode=-2174/0 iSteer=-174127 driveMode=8594/0 iDrive=314465 scale=0 wheel=25000
2026-07-07T14:56:09.019+00:00 CAN id=101 dlc=8 data=d8cf0400a8610000
2026-07-07T14:56:09.039+00:00 CAN id=101 dlc=8 data=d8cf0400a8610000
2026-07-07T14:56:09.059+00:00 CAN id=101 dlc=8 data=d8cf0400a8610000
2026-07-07T14:56:09.079+00:00 CAN id=101 dlc=8 data=d8cf0400a8610000
2026-07-07T14:56:09.099+00:00 CAN id=101 dlc=8 data=d8cf0400a8610000
2026-07-07T14:56:09.111+00:00 VCP run=1 step=0 angle=316143 target=315352 err=-791 steer=-395 m1=0/6420 i1=150 t1=28 m2=0/-10768 i2=-511 t2=27 steerMode=-2174/0 iSteer=-180271 driveMode=8594/0 iDrive=330620 scale=0 wheel=25000
2026-07-07T14:56:09.119+00:00 CAN id=101 dlc=8 data=d8cf0400a8610000
2026-07-07T14:56:09.139+00:00 CAN id=101 dlc=8 data=d8cf0400a8610000
2026-07-07T14:56:09.159+00:00 CAN id=101 dlc=8 data=d8cf0400a8610000
2026-07-07T14:56:09.179+00:00 CAN id=101 dlc=8 data=d8cf0400a8610000
2026-07-07T14:56:09.199+00:00 CAN id=101 dlc=8 data=d8cf0400a8610000
2026-07-07T14:56:09.217+00:00 VCP run=1 step=0 angle=316143 target=315352 err=-791 steer=-395 m1=0/6420 i1=160 t1=28 m2=0/-10768 i2=-533 t2=27 steerMode=-2174/0 iSteer=-186402 driveMode=8594/0 iDrive=346776 scale=0 wheel=25000
2026-07-07T14:56:09.219+00:00 CAN id=101 dlc=8 data=d8cf0400a8610000
2026-07-07T14:56:09.239+00:00 CAN id=101 dlc=8 data=d8cf0400a8610000
2026-07-07T14:56:09.259+00:00 CAN id=101 dlc=8 data=d8cf0400a8610000
2026-07-07T14:56:09.279+00:00 CAN id=101 dlc=8 data=d8cf0400a8610000
2026-07-07T14:56:09.299+00:00 CAN id=101 dlc=8 data=d8cf0400a8610000
2026-07-07T14:56:09.319+00:00 CAN id=101 dlc=8 data=d8cf0400a8610000
2026-07-07T14:56:09.319+00:00 VCP run=1 step=0 angle=316143 target=315352 err=-791 steer=-395 m1=0/6420 i1=171 t1=28 m2=0/-10768 i2=-555 t2=27 steerMode=-2174/-5 iSteer=-192275 driveMode=8594/5 iDrive=362903 scale=0 wheel=25000
2026-07-07T14:56:09.319+00:00 VCP SET_TARGET_RX steer=315352 wheel=25000
2026-07-07T14:56:09.339+00:00 CAN id=101 dlc=8 data=d8cf0400a8610000
2026-07-07T14:56:09.359+00:00 CAN id=101 dlc=8 data=d8cf0400a8610000
2026-07-07T14:56:09.379+00:00 CAN id=101 dlc=8 data=d8cf0400a8610000
2026-07-07T14:56:09.399+00:00 CAN id=101 dlc=8 data=d8cf0400a8610000
2026-07-07T14:56:09.419+00:00 CAN id=101 dlc=8 data=d8cf0400a8610000
2026-07-07T14:56:09.439+00:00 CAN id=101 dlc=8 data=d8cf0400a8610000
2026-07-07T14:56:09.459+00:00 CAN id=101 dlc=8 data=d8cf0400a8610000
2026-07-07T14:56:09.479+00:00 CAN id=101 dlc=8 data=d8cf0400a8610000
2026-07-07T14:56:09.499+00:00 CAN id=101 dlc=8 data=d8cf0400a8610000
2026-07-07T14:56:09.507+00:00 VCP run=1 step=0 angle=316143 target=315352 err=-791 steer=-395 m1=0/6420 i1=181 t1=28 m2=0/-10768 i2=-577 t2=27 steerMode=-2174/-8 iSteer=-198235 driveMode=8594/8 iDrive=379038 scale=0 wheel=25000
2026-07-07T14:56:09.507+00:00 VCP run=1 step=0 angle=316143 target=315352 err=-791 steer=-395 m1=0/6420 i1=190 t1=28 m2=0/-10768 i2=-600 t2=27 steerMode=-2174/0 iSteer=-204705 driveMode=8594/0 iDrive=395060 scale=0 wheel=25000
2026-07-07T14:56:09.519+00:00 CAN id=101 dlc=8 data=d8cf0400a8610000
2026-07-07T14:56:09.539+00:00 CAN id=101 dlc=8 data=d8cf0400a8610000
2026-07-07T14:56:09.559+00:00 CAN id=101 dlc=8 data=d8cf0400a8610000
2026-07-07T14:56:09.579+00:00 CAN id=101 dlc=8 data=d8cf0400a8610000
2026-07-07T14:56:09.599+00:00 CAN id=101 dlc=8 data=d8cf0400a8610000
2026-07-07T14:56:09.612+00:00 VCP run=1 step=0 angle=316143 target=315352 err=-791 steer=-395 m1=0/6420 i1=201 t1=28 m2=0/-10768 i2=-622 t2=27 steerMode=-2174/-7 iSteer=-210458 driveMode=8594/7 iDrive=411160 scale=0 wheel=25000
2026-07-07T14:56:09.619+00:00 CAN id=101 dlc=8 data=d8cf0400a8610000
2026-07-07T14:56:09.639+00:00 CAN id=101 dlc=8 data=d8cf0400a8610000
2026-07-07T14:56:09.659+00:00 CAN id=101 dlc=8 data=d8cf0400a8610000
2026-07-07T14:56:09.679+00:00 CAN id=101 dlc=8 data=d8cf0400a8610000
2026-07-07T14:56:09.699+00:00 CAN id=101 dlc=8 data=d8cf0400a8610000
2026-07-07T14:56:09.718+00:00 VCP run=1 step=0 angle=316143 target=315352 err=-791 steer=-395 m1=0/6420 i1=210 t1=28 m2=0/-10768 i2=-644 t2=27 steerMode=-2174/0 iSteer=-216959 driveMode=8594/0 iDrive=427350 scale=0 wheel=25000
2026-07-07T14:56:09.719+00:00 CAN id=101 dlc=8 data=d8cf0400a8610000
2026-07-07T14:56:09.739+00:00 CAN id=101 dlc=8 data=d8cf0400a8610000
2026-07-07T14:56:09.759+00:00 CAN id=101 dlc=8 data=d8cf0400a8610000
2026-07-07T14:56:09.779+00:00 CAN id=101 dlc=8 data=d8cf0400a8610000
2026-07-07T14:56:09.799+00:00 CAN id=101 dlc=8 data=d8cf0400a8610000
2026-07-07T14:56:09.819+00:00 CAN id=101 dlc=8 data=d8cf0400a8610000
2026-07-07T14:56:09.839+00:00 CAN id=101 dlc=8 data=d8cf0400a8610000
2026-07-07T14:56:09.859+00:00 CAN id=101 dlc=8 data=d8cf0400a8610000
2026-07-07T14:56:09.879+00:00 CAN id=101 dlc=8 data=d8cf0400a8610000
2026-07-07T14:56:09.899+00:00 CAN id=101 dlc=8 data=d8cf0400a8610000
2026-07-07T14:56:09.903+00:00 VCP run=1 step=0 angle=316143 target=315352 err=-791 steer=-395 m1=0/6420 i1=220 t1=28 m2=0/-10768 i2=-667 t2=27 steerMode=-2174/0 iSteer=-223094 driveMode=8594/0 iDrive=443507 scale=0 wheel=25000
2026-07-07T14:56:09.903+00:00 VCP SET_TARGET_RX steer=315352 wheel=25000
2026-07-07T14:56:09.903+00:00 VCP run=1 step=0 angle=316143 target=315352 err=-791 steer=-395 m1=0/6420 i1=230 t1=28 m2=0/-10768 i2=-689 t2=27 steerMode=-2174/0 iSteer=-229225 driveMode=8594/0 iDrive=459663 scale=0 wheel=25000
2026-07-07T14:56:09.919+00:00 CAN id=101 dlc=8 data=d8cf0400a8610000
2026-07-07T14:56:09.939+00:00 CAN id=101 dlc=8 data=d8cf0400a8610000
2026-07-07T14:56:09.959+00:00 CAN id=101 dlc=8 data=d8cf0400a8610000
2026-07-07T14:56:09.979+00:00 CAN id=101 dlc=8 data=d8cf0400a8610000
2026-07-07T14:56:09.999+00:00 CAN id=101 dlc=8 data=d8cf0400a8610000
2026-07-07T14:56:10.008+00:00 VCP run=1 step=0 angle=316143 target=315352 err=-791 steer=-395 m1=0/6420 i1=241 t1=28 m2=-5/-10768 i2=-710 t2=27 steerMode=-2174/-21 iSteer=-234227 driveMode=8594/21 iDrive=475536 scale=0 wheel=25000
2026-07-07T14:56:10.019+00:00 CAN id=101 dlc=8 data=d8cf0400a8610000
2026-07-07T14:56:10.039+00:00 CAN id=101 dlc=8 data=d8cf0400a8610000
2026-07-07T14:56:10.059+00:00 CAN id=101 dlc=8 data=d8cf0400a8610000
2026-07-07T14:56:10.079+00:00 CAN id=101 dlc=8 data=d8cf0400a8610000
2026-07-07T14:56:10.099+00:00 CAN id=101 dlc=8 data=d8cf0400a8610000
2026-07-07T14:56:10.113+00:00 VCP run=1 step=0 angle=316143 target=315352 err=-791 steer=-395 m1=0/6420 i1=250 t1=28 m2=0/-10768 i2=-733 t2=27 steerMode=-2174/1 iSteer=-241372 driveMode=8594/3 iDrive=491586 scale=0 wheel=25000
2026-07-07T14:56:10.119+00:00 CAN id=101 dlc=8 data=d8cf0400a8610000
2026-07-07T14:56:10.139+00:00 CAN id=101 dlc=8 data=d8cf0400a8610000
2026-07-07T14:56:10.159+00:00 CAN id=101 dlc=8 data=d8cf0400a8610000
2026-07-07T14:56:10.179+00:00 CAN id=101 dlc=8 data=d8cf0400a8610000
2026-07-07T14:56:10.199+00:00 CAN id=101 dlc=8 data=d8cf0400a8610000
2026-07-07T14:56:10.218+00:00 VCP run=1 step=0 angle=316143 target=315352 err=-791 steer=-395 m1=0/6420 i1=263 t1=28 m2=-3/-10768 i2=-752 t2=27 steerMode=-2174/-57 iSteer=-244555 driveMode=8594/57 iDrive=507445 scale=0 wheel=25000
2026-07-07T14:56:10.219+00:00 CAN id=101 dlc=8 data=d8cf0400a8610000
2026-07-07T14:56:10.239+00:00 CAN id=101 dlc=8 data=d8cf0400a8610000
2026-07-07T14:56:10.259+00:00 CAN id=101 dlc=8 data=d8cf0400a8610000
2026-07-07T14:56:10.279+00:00 CAN id=101 dlc=8 data=d8cf0400a8610000
2026-07-07T14:56:10.299+00:00 CAN id=101 dlc=8 data=d8cf0400a8610000
2026-07-07T14:56:10.319+00:00 CAN id=101 dlc=8 data=d8cf0400a8610000
2026-07-07T14:56:10.339+00:00 CAN id=101 dlc=8 data=d8cf0400a8610000
2026-07-07T14:56:10.359+00:00 CAN id=101 dlc=8 data=d8cf0400a8610000
2026-07-07T14:56:10.379+00:00 CAN id=101 dlc=8 data=d8cf0400a8610000
2026-07-07T14:56:10.399+00:00 CAN id=101 dlc=8 data=d8cf0400a8610000
2026-07-07T14:56:10.402+00:00 VCP run=1 step=0 angle=314912 target=315352 err=440 steer=0 m1=0/8594 i1=620 t1=28 m2=-206/-8594 i2=-365 t2=27 steerMode=0/-5233 iSteer=127533 driveMode=8594/5258 iDrive=492331 scale=0 wheel=25000
2026-07-07T14:56:10.402+00:00 VCP SET_TARGET_RX steer=315352 wheel=25000
2026-07-07T14:56:10.402+00:00 VCP run=1 step=0 angle=313330 target=315352 err=2022 steer=1011 m1=230/14154 i1=644 t1=28 m2=-120/-3033 i2=-324 t2=27 steerMode=5560/194 iSteer=159692 driveMode=8594/7908 iDrive=484078 scale=0 wheel=25000
2026-07-07T14:56:10.419+00:00 CAN id=101 dlc=8 data=d8cf0400a8610000
2026-07-07T14:56:10.439+00:00 CAN id=101 dlc=8 data=d8cf0400a8610000
2026-07-07T14:56:10.459+00:00 CAN id=101 dlc=8 data=d8cf0400a8610000
2026-07-07T14:56:10.479+00:00 CAN id=101 dlc=8 data=d8cf0400a8610000
2026-07-07T14:56:10.499+00:00 CAN id=101 dlc=8 data=d8cf0400a8610000
2026-07-07T14:56:10.507+00:00 VCP run=1 step=0 angle=315000 target=315352 err=352 steer=0 m1=418/8594 i1=249 t1=28 m2=-484/-8594 i2=-562 t2=27 steerMode=0/870 iSteer=-156447 driveMode=8594/21201 iDrive=405734 scale=0 wheel=25000
2026-07-07T14:56:10.519+00:00 CAN id=101 dlc=8 data=d8cf0400a8610000
2026-07-07T14:56:10.539+00:00 CAN id=101 dlc=8 data=d8cf0400a8610000
2026-07-07T14:56:10.559+00:00 CAN id=101 dlc=8 data=d8cf0400a8610000
2026-07-07T14:56:10.579+00:00 CAN id=101 dlc=8 data=d8cf0400a8610000
2026-07-07T14:56:10.599+00:00 CAN id=101 dlc=8 data=d8cf0400a8610000
2026-07-07T14:56:10.612+00:00 VCP run=1 step=0 angle=314561 target=315352 err=791 steer=396 m1=644/10770 i1=306 t1=28 m2=-601/-6417 i2=-349 t2=27 steerMode=2177/467 iSteer=-21330 driveMode=8594/30265 iDrive=327585 scale=0 wheel=25000
2026-07-07T14:56:10.619+00:00 CAN id=101 dlc=8 data=d8cf0400a8610000
2026-07-07T14:56:10.639+00:00 CAN id=101 dlc=8 data=d8cf0400a8610000
2026-07-07T14:56:10.659+00:00 CAN id=101 dlc=8 data=d8cf0400a8610000
2026-07-07T14:56:10.679+00:00 CAN id=101 dlc=8 data=d8cf0400a8610000
2026-07-07T14:56:10.699+00:00 CAN id=101 dlc=8 data=d8cf0400a8610000
2026-07-07T14:56:10.717+00:00 VCP run=1 step=0 angle=314912 target=315352 err=440 steer=64 m1=696/8945 i1=166 t1=28 m2=-773/-8242 i2=-336 t2=27 steerMode=351/-63 iSteer=-84870 driveMode=8594/36213 iDrive=251008 scale=0 wheel=25000
2026-07-07T14:56:10.719+00:00 CAN id=101 dlc=8 data=d8cf0400a8610000
2026-07-07T14:56:10.739+00:00 CAN id=101 dlc=8 data=d8cf0400a8610000
2026-07-07T14:56:10.759+00:00 CAN id=101 dlc=8 data=d8cf0400a8610000
2026-07-07T14:56:10.779+00:00 CAN id=101 dlc=8 data=d8cf0400a8610000
2026-07-07T14:56:10.799+00:00 CAN id=101 dlc=8 data=d8cf0400a8610000
2026-07-07T14:56:10.819+00:00 CAN id=101 dlc=8 data=d8cf0400a8610000
2026-07-07T14:56:10.820+00:00 VCP run=1 step=0 angle=314648 target=315352 err=704 steer=352 m1=744/10529 i1=176 t1=28 m2=-760/-6659 i2=-191 t2=27 steerMode=1935/97 iSteer=-7531 driveMode=8594/38865 iDrive=183475 scale=0 wheel=25000
2026-07-07T14:56:10.820+00:00 VCP SET_TARGET_RX steer=315352 wheel=25000
2026-07-07T14:56:10.839+00:00 CAN id=101 dlc=8 data=d8cf0400a8610000
2026-07-07T14:56:10.859+00:00 CAN id=101 dlc=8 data=d8cf0400a8610000
2026-07-07T14:56:10.879+00:00 CAN id=101 dlc=8 data=d8cf0400a8610000
2026-07-07T14:56:10.899+00:00 CAN id=101 dlc=8 data=d8cf0400a8610000
2026-07-07T14:56:10.919+00:00 CAN id=101 dlc=8 data=d8cf0400a8610000
2026-07-07T14:56:10.939+00:00 CAN id=101 dlc=8 data=d8cf0400a8610000
2026-07-07T14:56:10.959+00:00 CAN id=101 dlc=8 data=d8cf0400a8610000
2026-07-07T14:56:10.979+00:00 CAN id=101 dlc=8 data=d8cf0400a8610000
2026-07-07T14:56:10.999+00:00 CAN id=101 dlc=8 data=d8cf0400a8610000
2026-07-07T14:56:11.006+00:00 VCP run=1 step=0 angle=314736 target=315352 err=616 steer=308 m1=728/10287 i1=104 t1=28 m2=-720/-6901 i2=-156 t2=27 steerMode=1693/305 iSteer=-25994 driveMode=8594/38377 iDrive=129800 scale=0 wheel=25000
2026-07-07T14:56:11.006+00:00 VCP run=1 step=0 angle=314824 target=315352 err=528 steer=264 m1=652/10045 i1=75 t1=28 m2=-637/-7142 i2=-109 t2=27 steerMode=1451/-41 iSteer=-16870 driveMode=8594/35452 iDrive=91900 scale=0 wheel=25000
2026-07-07T14:56:11.019+00:00 CAN id=101 dlc=8 data=d8cf0400a8610000
2026-07-07T14:56:11.039+00:00 CAN id=101 dlc=8 data=d8cf0400a8610000
2026-07-07T14:56:11.059+00:00 CAN id=101 dlc=8 data=d8cf0400a8610000
2026-07-07T14:56:11.079+00:00 CAN id=101 dlc=8 data=d8cf0400a8610000
2026-07-07T14:56:11.099+00:00 CAN id=101 dlc=8 data=d8cf0400a8610000
2026-07-07T14:56:11.111+00:00 VCP run=1 step=0 angle=314824 target=315352 err=528 steer=264 m1=541/10045 i1=89 t1=28 m2=-589/-7142 i2=-56 t2=27 steerMode=1451/-661 iSteer=16831 driveMode=8594/30375 iDrive=72365 scale=0 wheel=25000
2026-07-07T14:56:11.119+00:00 CAN id=101 dlc=8 data=d8cf0400a8610000
2026-07-07T14:56:11.139+00:00 CAN id=101 dlc=8 data=d8cf0400a8610000
2026-07-07T14:56:11.159+00:00 CAN id=101 dlc=8 data=d8cf0400a8610000
2026-07-07T14:56:11.179+00:00 CAN id=101 dlc=8 data=d8cf0400a8610000
2026-07-07T14:56:11.199+00:00 CAN id=101 dlc=8 data=d8cf0400a8610000
2026-07-07T14:56:11.216+00:00 VCP run=1 step=0 angle=314736 target=315352 err=616 steer=308 m1=470/10287 i1=50 t1=28 m2=-453/-6901 i2=-140 t2=27 steerMode=1693/924 iSteer=-45214 driveMode=8594/24629 iDrive=94824 scale=0 wheel=25000
2026-07-07T14:56:11.219+00:00 CAN id=101 dlc=8 data=d8cf0400a8610000
2026-07-07T14:56:11.239+00:00 CAN id=101 dlc=8 data=d8cf0400a8610000
2026-07-07T14:56:11.259+00:00 CAN id=101 dlc=8 data=d8cf0400a8610000
2026-07-07T14:56:11.279+00:00 CAN id=101 dlc=8 data=d8cf0400a8610000
2026-07-07T14:56:11.299+00:00 CAN id=101 dlc=8 data=d8cf0400a8610000
2026-07-07T14:56:11.318+00:00 VCP run=1 step=0 angle=314824 target=315352 err=528 steer=264 m1=393/10045 i1=108 t1=28 m2=-423/-7142 i2=-122 t2=27 steerMode=1451/-19 iSteer=-6871 driveMode=8594/20632 iDrive=114809 scale=0 wheel=25000
2026-07-07T14:56:11.319+00:00 VCP SET_TARGET_RX steer=315352 wheel=25000
2026-07-07T14:56:11.319+00:00 CAN id=101 dlc=8 data=d8cf0400a8610000
2026-07-07T14:56:11.339+00:00 CAN id=101 dlc=8 data=d8cf0400a8610000
2026-07-07T14:56:11.359+00:00 CAN id=101 dlc=8 data=d8cf0400a8610000
2026-07-07T14:56:11.379+00:00 CAN id=101 dlc=8 data=d8cf0400a8610000
2026-07-07T14:56:11.399+00:00 CAN id=101 dlc=8 data=d8cf0400a8610000
2026-07-07T14:56:11.419+00:00 CAN id=101 dlc=8 data=d8cf0400a8610000
2026-07-07T14:56:11.439+00:00 CAN id=101 dlc=8 data=d8cf0400a8610000
2026-07-07T14:56:11.459+00:00 CAN id=101 dlc=8 data=d8cf0400a8610000
2026-07-07T14:56:11.479+00:00 CAN id=101 dlc=8 data=d8cf0400a8610000
2026-07-07T14:56:11.499+00:00 CAN id=101 dlc=8 data=d8cf0400a8610000
2026-07-07T14:56:11.506+00:00 VCP run=1 step=0 angle=314912 target=315352 err=440 steer=0 m1=274/8594 i1=93 t1=28 m2=-400/-8594 i2=-170 t2=27 steerMode=0/-813 iSteer=-38383 driveMode=8594/17310 iDrive=131420 scale=0 wheel=25000
2026-07-07T14:56:11.506+00:00 VCP run=1 step=0 angle=314824 target=315352 err=528 steer=264 m1=259/10045 i1=133 t1=28 m2=-270/-7142 i2=-163 t2=27 steerMode=1451/243 iSteer=-15062 driveMode=8594/14072 iDrive=147610 scale=0 wheel=25000
2026-07-07T14:56:11.519+00:00 CAN id=101 dlc=8 data=d8cf0400a8610000
2026-07-07T14:56:11.539+00:00 CAN id=101 dlc=8 data=d8cf0400a8610000
2026-07-07T14:56:11.559+00:00 CAN id=101 dlc=8 data=d8cf0400a8610000
2026-07-07T14:56:11.579+00:00 CAN id=101 dlc=8 data=d8cf0400a8610000
2026-07-07T14:56:11.599+00:00 CAN id=101 dlc=8 data=d8cf0400a8610000
2026-07-07T14:56:11.611+00:00 VCP run=1 step=0 angle=314912 target=315352 err=440 steer=0 m1=192/8594 i1=107 t1=28 m2=-237/-8594 i2=-204 t2=27 steerMode=0/-538 iSteer=-48443 driveMode=8594/12433 iDrive=155804 scale=0 wheel=25000
2026-07-07T14:56:11.619+00:00 CAN id=101 dlc=8 data=d8cf0400a8610000
2026-07-07T14:56:11.639+00:00 CAN id=101 dlc=8 data=d8cf0400a8610000
2026-07-07T14:56:11.659+00:00 CAN id=101 dlc=8 data=d8cf0400a8610000
2026-07-07T14:56:11.679+00:00 CAN id=101 dlc=8 data=d8cf0400a8610000
2026-07-07T14:56:11.699+00:00 CAN id=101 dlc=8 data=d8cf0400a8610000
2026-07-07T14:56:11.717+00:00 VCP run=1 step=0 angle=314912 target=315352 err=440 steer=0 m1=182/8594 i1=107 t1=28 m2=-222/-8594 i2=-232 t2=27 steerMode=0/-229 iSteer=-62842 driveMode=8594/9722 iDrive=169358 scale=0 wheel=25000
2026-07-07T14:56:11.719+00:00 CAN id=101 dlc=8 data=d8cf0400a8610000
2026-07-07T14:56:11.739+00:00 CAN id=101 dlc=8 data=d8cf0400a8610000
2026-07-07T14:56:11.759+00:00 CAN id=101 dlc=8 data=d8cf0400a8610000
2026-07-07T14:56:11.779+00:00 CAN id=101 dlc=8 data=d8cf0400a8610000
2026-07-07T14:56:11.799+00:00 BENCH disable sent
2026-07-07T14:56:11.799+00:00 CAN id=121 dlc=2 data=0100
2026-07-07T14:56:11.799+00:00 CAN id=121 dlc=2 data=0100
2026-07-07T14:56:11.917+00:00 VCP run=1 step=0 angle=314824 target=315352 err=528 steer=264 m1=169/10045 i1=133 t1=28 m2=-97/-7142 i2=-211 t2=27 steerMode=1451/816 iSteer=-38838 driveMode=8594/9230 iDrive=171821 scale=0 wheel=25000
2026-07-07T14:56:11.917+00:00 VCP UNIT_CTRL enable=0
2026-07-07T14:56:11.917+00:00 VCP UNIT_CTRL enable=0
2026-07-07T14:56:11.917+00:00 VCP STOP: disabled
2026-07-07T14:56:12.200+00:00 BENCH log closed
