2026-07-07T14:51:52.417+00:00 BENCH log opened: firmware/logs/lowrpm-baseline-rpm40.log
2026-07-07T14:51:52.418+00:00 BENCH run: steer=315.352deg (315352mdeg) wheel=40.0rpm (40000milli-rpm) rate=50.0Hz duration=10.0s
2026-07-07T14:51:52.418+00:00 BENCH enable sent
2026-07-07T14:51:52.418+00:00 CAN id=121 dlc=2 data=0101
2026-07-07T14:51:52.418+00:00 CAN id=101 dlc=8 data=d8cf0400409c0000
2026-07-07T14:51:52.430+00:00 VCP IT_CTRL enable=0
2026-07-07T14:51:52.430+00:00 VCP UNIT_CTRL enable=0
2026-07-07T14:51:52.430+00:00 VCP SET_CONFIG idx=14 val=0
2026-07-07T14:51:52.430+00:00 VCP SET_CONFIG idx=15 val=0
2026-07-07T14:51:52.430+00:00 VCP SET_CONFIG idx=16 val=5000
2026-07-07T14:51:52.430+00:00 VCP UNIT_CTRL enable=1
2026-07-07T14:51:52.430+00:00 VCP SET_TARGET_RX steer=315352 wheel=40000
2026-07-07T14:51:52.430+00:00 VCP START_CAN: angle=270703 target=315352 wheelTarget=40000
2026-07-07T14:51:52.438+00:00 CAN id=101 dlc=8 data=d8cf0400409c0000
2026-07-07T14:51:52.458+00:00 CAN id=101 dlc=8 data=d8cf0400409c0000
2026-07-07T14:51:52.478+00:00 CAN id=101 dlc=8 data=d8cf0400409c0000
2026-07-07T14:51:52.498+00:00 CAN id=101 dlc=8 data=d8cf0400409c0000
2026-07-07T14:51:52.518+00:00 CAN id=101 dlc=8 data=d8cf0400409c0000
2026-07-07T14:51:52.531+00:00 VCP run=1 step=0 angle=270703 target=315352 err=44649 steer=250 m1=0/1719 i1=71 t1=28 m2=0/1031 i2=67 t2=27 steerMode=1375/0 iSteer=68956 driveMode=344/0 iDrive=1753 scale=0 wheel=1000
2026-07-07T14:51:52.538+00:00 CAN id=101 dlc=8 data=d8cf0400409c0000
2026-07-07T14:51:52.558+00:00 CAN id=101 dlc=8 data=d8cf0400409c0000
2026-07-07T14:51:52.578+00:00 CAN id=101 dlc=8 data=d8cf0400409c0000
2026-07-07T14:51:52.598+00:00 CAN id=101 dlc=8 data=d8cf0400409c0000
2026-07-07T14:51:52.618+00:00 CAN id=101 dlc=8 data=d8cf0400409c0000
2026-07-07T14:51:52.636+00:00 VCP run=1 step=0 angle=270791 target=315352 err=44561 steer=4700 m1=207/32313 i1=1232 t1=28 m2=73/19387 i2=1168 t2=27 steerMode=25850/2569 iSteer=1200224 driveMode=6462/1238 iDrive=32125 scale=0 wheel=18800
2026-07-07T14:51:52.638+00:00 CAN id=101 dlc=8 data=d8cf0400409c0000
2026-07-07T14:51:52.658+00:00 CAN id=101 dlc=8 data=d8cf0400409c0000
2026-07-07T14:51:52.678+00:00 CAN id=101 dlc=8 data=d8cf0400409c0000
2026-07-07T14:51:52.698+00:00 CAN id=101 dlc=8 data=d8cf0400409c0000
2026-07-07T14:51:52.718+00:00 CAN id=101 dlc=8 data=d8cf0400409c0000
2026-07-07T14:51:52.738+00:00 CAN id=101 dlc=8 data=d8cf0400409c0000
2026-07-07T14:51:52.740+00:00 VCP run=1 step=0 angle=281162 target=315352 err=34190 steer=5000 m1=659/40356 i1=59 t1=28 m2=393/14644 i2=-42 t2=27 steerMode=27500/28465 iSteer=8330 driveMode=12856/6104 iDrive=50292 scale=0 wheel=37400
2026-07-07T14:51:52.741+00:00 VCP run=1 step=0 angle=291270 target=315352 err=24082 steer=5000 m1=671/41250 i1=317 t1=28 m2=259/13750 i2=224 t2=27 steerMode=27500/23347 iSteer=270605 driveMode=13750/9928 iDrive=46465 scale=0 wheel=40000
2026-07-07T14:51:52.758+00:00 CAN id=101 dlc=8 data=d8cf0400409c0000
2026-07-07T14:51:52.778+00:00 CAN id=101 dlc=8 data=d8cf0400409c0000
2026-07-07T14:51:52.798+00:00 CAN id=101 dlc=8 data=d8cf0400409c0000
2026-07-07T14:51:52.818+00:00 CAN id=101 dlc=8 data=d8cf0400409c0000
2026-07-07T14:51:52.838+00:00 CAN id=101 dlc=8 data=d8cf0400409c0000
2026-07-07T14:51:52.858+00:00 CAN id=101 dlc=8 data=d8cf0400409c0000
2026-07-07T14:51:52.878+00:00 CAN id=101 dlc=8 data=d8cf0400409c0000
2026-07-07T14:51:52.898+00:00 CAN id=101 dlc=8 data=d8cf0400409c0000
2026-07-07T14:51:52.918+00:00 CAN id=101 dlc=8 data=d8cf0400409c0000
2026-07-07T14:51:52.924+00:00 VCP run=1 step=0 angle=301641 target=315352 err=13711 steer=5000 m1=753/41250 i1=242 t1=28 m2=184/13750 i2=165 t2=27 steerMode=27500/24849 iSteer=203260 driveMode=13750/12573 iDrive=38242 scale=0 wheel=40000
2026-07-07T14:51:52.924+00:00 VCP SET_TARGET_RX steer=315352 wheel=40000
2026-07-07T14:51:52.938+00:00 CAN id=101 dlc=8 data=d8cf0400409c0000
2026-07-07T14:51:52.958+00:00 CAN id=101 dlc=8 data=d8cf0400409c0000
2026-07-07T14:51:52.978+00:00 CAN id=101 dlc=8 data=d8cf0400409c0000
2026-07-07T14:51:52.998+00:00 CAN id=101 dlc=8 data=d8cf0400409c0000
2026-07-07T14:51:53.018+00:00 CAN id=101 dlc=8 data=d8cf0400409c0000
2026-07-07T14:51:53.028+00:00 VCP run=1 step=0 angle=311572 target=315352 err=3780 steer=1890 m1=527/24144 i1=-326 t1=28 m2=-17/-3356 i2=-383 t2=27 steerMode=10394/18758 iSteer=-354877 driveMode=13750/14594 iDrive=28618 scale=0 wheel=40000
2026-07-07T14:51:53.038+00:00 CAN id=101 dlc=8 data=d8cf0400409c0000
2026-07-07T14:51:53.058+00:00 CAN id=101 dlc=8 data=d8cf0400409c0000
2026-07-07T14:51:53.078+00:00 CAN id=101 dlc=8 data=d8cf0400409c0000
2026-07-07T14:51:53.098+00:00 CAN id=101 dlc=8 data=d8cf0400409c0000
2026-07-07T14:51:53.118+00:00 CAN id=101 dlc=8 data=d8cf0400409c0000
2026-07-07T14:51:53.133+00:00 VCP run=1 step=0 angle=314209 target=315352 err=1143 steer=572 m1=192/16893 i1=90 t1=28 m2=-26/-10607 i2=-34 t2=27 steerMode=3143/3662 iSteer=28057 driveMode=13750/8400 iDrive=62251 scale=0 wheel=40000
2026-07-07T14:51:53.138+00:00 CAN id=101 dlc=8 data=d8cf0400409c0000
2026-07-07T14:51:53.158+00:00 CAN id=101 dlc=8 data=d8cf0400409c0000
2026-07-07T14:51:53.178+00:00 CAN id=101 dlc=8 data=d8cf0400409c0000
2026-07-07T14:51:53.198+00:00 CAN id=101 dlc=8 data=d8cf0400409c0000
2026-07-07T14:51:53.218+00:00 CAN id=101 dlc=8 data=d8cf0400409c0000
2026-07-07T14:51:53.238+00:00 CAN id=101 dlc=8 data=d8cf0400409c0000
2026-07-07T14:51:53.238+00:00 VCP run=1 step=0 angle=315264 target=315352 err=88 steer=0 m1=-78/13750 i1=207 t1=28 m2=-13/-13750 i2=-46 t2=27 steerMode=0/-654 iSteer=80334 driveMode=13750/-681 iDrive=126764 scale=0 wheel=40000
2026-07-07T14:51:53.258+00:00 CAN id=101 dlc=8 data=d8cf0400409c0000
2026-07-07T14:51:53.278+00:00 CAN id=101 dlc=8 data=d8cf0400409c0000
2026-07-07T14:51:53.298+00:00 CAN id=101 dlc=8 data=d8cf0400409c0000
2026-07-07T14:51:53.318+00:00 CAN id=101 dlc=8 data=d8cf0400409c0000
2026-07-07T14:51:53.338+00:00 CAN id=101 dlc=8 data=d8cf0400409c0000
2026-07-07T14:51:53.358+00:00 CAN id=101 dlc=8 data=d8cf0400409c0000
2026-07-07T14:51:53.378+00:00 CAN id=101 dlc=8 data=d8cf0400409c0000
2026-07-07T14:51:53.398+00:00 CAN id=101 dlc=8 data=d8cf0400409c0000
2026-07-07T14:51:53.418+00:00 CAN id=101 dlc=8 data=d8cf0400409c0000
2026-07-07T14:51:53.424+00:00 VCP run=1 step=0 angle=315264 target=315352 err=88 steer=0 m1=-3/13750 i1=200 t1=28 m2=0/-13750 i2=-99 t2=27 steerMode=0/-46 iSteer=50768 driveMode=13750/-35 iDrive=149732 scale=0 wheel=40000
2026-07-07T14:51:53.424+00:00 VCP run=1 step=0 angle=315264 target=315352 err=88 steer=0 m1=0/13750 i1=224 t1=28 m2=0/-13750 i2=-127 t2=27 steerMode=0/-1 iSteer=48543 driveMode=13750/-1 iDrive=175442 scale=0 wheel=40000
2026-07-07T14:51:53.424+00:00 VCP SET_TARGET_RX steer=315352 wheel=40000
2026-07-07T14:51:53.438+00:00 CAN id=101 dlc=8 data=d8cf0400409c0000
2026-07-07T14:51:53.458+00:00 CAN id=101 dlc=8 data=d8cf0400409c0000
2026-07-07T14:51:53.478+00:00 CAN id=101 dlc=8 data=d8cf0400409c0000
2026-07-07T14:51:53.498+00:00 CAN id=101 dlc=8 data=d8cf0400409c0000
2026-07-07T14:51:53.518+00:00 CAN id=101 dlc=8 data=d8cf0400409c0000
2026-07-07T14:51:53.530+00:00 VCP run=1 step=0 angle=315264 target=315352 err=88 steer=0 m1=0/13750 i1=250 t1=28 m2=0/-13750 i2=-153 t2=27 steerMode=0/0 iSteer=48497 driveMode=13750/0 iDrive=201288 scale=0 wheel=40000
2026-07-07T14:51:53.538+00:00 CAN id=101 dlc=8 data=d8cf0400409c0000
2026-07-07T14:51:53.558+00:00 CAN id=101 dlc=8 data=d8cf0400409c0000
2026-07-07T14:51:53.578+00:00 CAN id=101 dlc=8 data=d8cf0400409c0000
2026-07-07T14:51:53.598+00:00 CAN id=101 dlc=8 data=d8cf0400409c0000
2026-07-07T14:51:53.618+00:00 CAN id=101 dlc=8 data=d8cf0400409c0000
2026-07-07T14:51:53.636+00:00 VCP run=1 step=0 angle=315264 target=315352 err=88 steer=0 m1=0/13750 i1=277 t1=28 m2=0/-13750 i2=-177 t2=27 steerMode=0/-27 iSteer=49838 driveMode=13750/27 iDrive=226997 scale=0 wheel=40000
2026-07-07T14:51:53.638+00:00 CAN id=101 dlc=8 data=d8cf0400409c0000
2026-07-07T14:51:53.658+00:00 CAN id=101 dlc=8 data=d8cf0400409c0000
2026-07-07T14:51:53.678+00:00 CAN id=101 dlc=8 data=d8cf0400409c0000
2026-07-07T14:51:53.698+00:00 CAN id=101 dlc=8 data=d8cf0400409c0000
2026-07-07T14:51:53.718+00:00 CAN id=101 dlc=8 data=d8cf0400409c0000
2026-07-07T14:51:53.738+00:00 CAN id=101 dlc=8 data=d8cf0400409c0000
2026-07-07T14:51:53.758+00:00 CAN id=101 dlc=8 data=d8cf0400409c0000
2026-07-07T14:51:53.778+00:00 CAN id=101 dlc=8 data=d8cf0400409c0000
2026-07-07T14:51:53.798+00:00 CAN id=101 dlc=8 data=d8cf0400409c0000
2026-07-07T14:51:53.818+00:00 CAN id=101 dlc=8 data=d8cf0400409c0000
2026-07-07T14:51:53.826+00:00 VCP run=1 step=0 angle=315264 target=315352 err=88 steer=0 m1=2/13750 i1=301 t1=28 m2=-3/-13750 i2=-204 t2=27 steerMode=0/2 iSteer=48438 driveMode=13750/17 iDrive=252884 scale=0 wheel=40000
2026-07-07T14:51:53.826+00:00 VCP run=1 step=0 angle=315264 target=315352 err=88 steer=0 m1=0/13750 i1=327 t1=28 m2=0/-13750 i2=-230 t2=27 steerMode=0/0 iSteer=48566 driveMode=13750/1 iDrive=278770 scale=0 wheel=40000
2026-07-07T14:51:53.838+00:00 CAN id=101 dlc=8 data=d8cf0400409c0000
2026-07-07T14:51:53.858+00:00 CAN id=101 dlc=8 data=d8cf0400409c0000
2026-07-07T14:51:53.878+00:00 CAN id=101 dlc=8 data=d8cf0400409c0000
2026-07-07T14:51:53.898+00:00 CAN id=101 dlc=8 data=d8cf0400409c0000
2026-07-07T14:51:53.918+00:00 CAN id=101 dlc=8 data=d8cf0400409c0000
2026-07-07T14:51:53.928+00:00 VCP run=1 step=0 angle=315264 target=315352 err=88 steer=0 m1=0/13750 i1=353 t1=28 m2=0/-13750 i2=-256 t2=27 steerMode=0/-2 iSteer=48690 driveMode=13750/2 iDrive=304596 scale=0 wheel=40000
2026-07-07T14:51:53.928+00:00 VCP SET_TARGET_RX steer=315352 wheel=40000
2026-07-07T14:51:53.938+00:00 CAN id=101 dlc=8 data=d8cf0400409c0000
2026-07-07T14:51:53.958+00:00 CAN id=101 dlc=8 data=d8cf0400409c0000
2026-07-07T14:51:53.978+00:00 CAN id=101 dlc=8 data=d8cf0400409c0000
2026-07-07T14:51:53.998+00:00 CAN id=101 dlc=8 data=d8cf0400409c0000
2026-07-07T14:51:54.018+00:00 CAN id=101 dlc=8 data=d8cf0400409c0000
2026-07-07T14:51:54.034+00:00 VCP run=1 step=0 angle=315264 target=315352 err=88 steer=0 m1=0/13750 i1=379 t1=28 m2=0/-13750 i2=-281 t2=27 steerMode=0/-9 iSteer=49051 driveMode=13750/7 iDrive=330409 scale=0 wheel=40000
2026-07-07T14:51:54.038+00:00 CAN id=101 dlc=8 data=d8cf0400409c0000
2026-07-07T14:51:54.058+00:00 CAN id=101 dlc=8 data=d8cf0400409c0000
2026-07-07T14:51:54.078+00:00 CAN id=101 dlc=8 data=d8cf0400409c0000
2026-07-07T14:51:54.098+00:00 CAN id=101 dlc=8 data=d8cf0400409c0000
2026-07-07T14:51:54.118+00:00 CAN id=101 dlc=8 data=d8cf0400409c0000
2026-07-07T14:51:54.138+00:00 CAN id=101 dlc=8 data=d8cf0400409c0000
2026-07-07T14:51:54.158+00:00 CAN id=101 dlc=8 data=d8cf0400409c0000
2026-07-07T14:51:54.178+00:00 CAN id=101 dlc=8 data=d8cf0400409c0000
2026-07-07T14:51:54.198+00:00 CAN id=101 dlc=8 data=d8cf0400409c0000
2026-07-07T14:51:54.218+00:00 CAN id=101 dlc=8 data=d8cf0400409c0000
2026-07-07T14:51:54.224+00:00 VCP run=1 step=0 angle=315264 target=315352 err=88 steer=0 m1=0/13750 i1=405 t1=28 m2=0/-13750 i2=-308 t2=27 steerMode=0/0 iSteer=48606 driveMode=13750/0 iDrive=356290 scale=0 wheel=40000
2026-07-07T14:51:54.224+00:00 VCP run=1 step=0 angle=315264 target=315352 err=88 steer=0 m1=0/13750 i1=431 t1=28 m2=0/-13750 i2=-333 t2=27 steerMode=0/-2 iSteer=48725 driveMode=13750/2 iDrive=382109 scale=0 wheel=40000
2026-07-07T14:51:54.238+00:00 CAN id=101 dlc=8 data=d8cf0400409c0000
2026-07-07T14:51:54.258+00:00 CAN id=101 dlc=8 data=d8cf0400409c0000
2026-07-07T14:51:54.278+00:00 CAN id=101 dlc=8 data=d8cf0400409c0000
2026-07-07T14:51:54.298+00:00 CAN id=101 dlc=8 data=d8cf0400409c0000
2026-07-07T14:51:54.318+00:00 CAN id=101 dlc=8 data=d8cf0400409c0000
2026-07-07T14:51:54.330+00:00 VCP run=1 step=0 angle=315264 target=315352 err=88 steer=0 m1=0/13750 i1=457 t1=28 m2=0/-13750 i2=-359 t2=27 steerMode=0/-9 iSteer=49101 driveMode=13750/8 iDrive=407920 scale=0 wheel=40000
2026-07-07T14:51:54.338+00:00 CAN id=101 dlc=8 data=d8cf0400409c0000
2026-07-07T14:51:54.358+00:00 CAN id=101 dlc=8 data=d8cf0400409c0000
2026-07-07T14:51:54.378+00:00 CAN id=101 dlc=8 data=d8cf0400409c0000
2026-07-07T14:51:54.398+00:00 CAN id=101 dlc=8 data=d8cf0400409c0000
2026-07-07T14:51:54.418+00:00 CAN id=101 dlc=8 data=d8cf0400409c0000
2026-07-07T14:51:54.433+00:00 VCP run=1 step=0 angle=315264 target=315352 err=88 steer=0 m1=0/13750 i1=482 t1=28 m2=0/-13750 i2=-385 t2=27 steerMode=0/0 iSteer=48656 driveMode=13750/0 iDrive=433807 scale=0 wheel=40000
2026-07-07T14:51:54.433+00:00 VCP SET_TARGET_RX steer=315352 wheel=40000
2026-07-07T14:51:54.438+00:00 CAN id=101 dlc=8 data=d8cf0400409c0000
2026-07-07T14:51:54.458+00:00 CAN id=101 dlc=8 data=d8cf0400409c0000
2026-07-07T14:51:54.478+00:00 CAN id=101 dlc=8 data=d8cf0400409c0000
2026-07-07T14:51:54.498+00:00 CAN id=101 dlc=8 data=d8cf0400409c0000
2026-07-07T14:51:54.518+00:00 CAN id=101 dlc=8 data=d8cf0400409c0000
2026-07-07T14:51:54.538+00:00 CAN id=101 dlc=8 data=d8cf0400409c0000
2026-07-07T14:51:54.558+00:00 CAN id=101 dlc=8 data=d8cf0400409c0000
2026-07-07T14:51:54.578+00:00 CAN id=101 dlc=8 data=d8cf0400409c0000
2026-07-07T14:51:54.598+00:00 CAN id=101 dlc=8 data=d8cf0400409c0000
2026-07-07T14:51:54.618+00:00 CAN id=101 dlc=8 data=d8cf0400409c0000
2026-07-07T14:51:54.623+00:00 VCP run=1 step=0 angle=315264 target=315352 err=88 steer=0 m1=0/13750 i1=508 t1=28 m2=0/-13750 i2=-411 t2=27 steerMode=0/-2 iSteer=48761 driveMode=13750/3 iDrive=459623 scale=0 wheel=40000
2026-07-07T14:51:54.623+00:00 VCP run=1 step=0 angle=315264 target=315352 err=88 steer=0 m1=2/13750 i1=535 t1=28 m2=0/-13750 i2=-436 t2=27 steerMode=0/-17 iSteer=49542 driveMode=13750/32 iDrive=485319 scale=0 wheel=40000
2026-07-07T14:51:54.638+00:00 CAN id=101 dlc=8 data=d8cf0400409c0000
2026-07-07T14:51:54.658+00:00 CAN id=101 dlc=8 data=d8cf0400409c0000
2026-07-07T14:51:54.678+00:00 CAN id=101 dlc=8 data=d8cf0400409c0000
2026-07-07T14:51:54.698+00:00 CAN id=101 dlc=8 data=d8cf0400409c0000
2026-07-07T14:51:54.718+00:00 CAN id=101 dlc=8 data=d8cf0400409c0000
2026-07-07T14:51:54.729+00:00 VCP run=1 step=0 angle=315264 target=315352 err=88 steer=0 m1=0/13750 i1=560 t1=28 m2=0/-13750 i2=-463 t2=27 steerMode=0/0 iSteer=48666 driveMode=13750/1 iDrive=511299 scale=0 wheel=40000
2026-07-07T14:51:54.738+00:00 CAN id=101 dlc=8 data=d8cf0400409c0000
2026-07-07T14:51:54.758+00:00 CAN id=101 dlc=8 data=d8cf0400409c0000
2026-07-07T14:51:54.778+00:00 CAN id=101 dlc=8 data=d8cf0400409c0000
2026-07-07T14:51:54.798+00:00 CAN id=101 dlc=8 data=d8cf0400409c0000
2026-07-07T14:51:54.818+00:00 CAN id=101 dlc=8 data=d8cf0400409c0000
2026-07-07T14:51:54.835+00:00 VCP run=1 step=0 angle=315264 target=315352 err=88 steer=0 m1=0/13750 i1=587 t1=28 m2=0/-13750 i2=-488 t2=27 steerMode=0/-14 iSteer=49417 driveMode=13750/-3 iDrive=537153 scale=0 wheel=40000
2026-07-07T14:51:54.838+00:00 CAN id=101 dlc=8 data=d8cf0400409c0000
2026-07-07T14:51:54.858+00:00 CAN id=101 dlc=8 data=d8cf0400409c0000
2026-07-07T14:51:54.878+00:00 CAN id=101 dlc=8 data=d8cf0400409c0000
2026-07-07T14:51:54.898+00:00 CAN id=101 dlc=8 data=d8cf0400409c0000
2026-07-07T14:51:54.918+00:00 CAN id=101 dlc=8 data=d8cf0400409c0000
2026-07-07T14:51:54.938+00:00 VCP run=1 step=0 angle=315264 target=315352 err=88 steer=0 m1=0/13750 i1=612 t1=28 m2=0/-13750 i2=-514 t2=27 steerMode=0/0 iSteer=48717 driveMode=13750/0 iDrive=562990 scale=0 wheel=40000
2026-07-07T14:51:54.938+00:00 VCP SET_TARGET_RX steer=315352 wheel=40000
2026-07-07T14:51:54.938+00:00 CAN id=101 dlc=8 data=d8cf0400409c0000
2026-07-07T14:51:54.958+00:00 CAN id=101 dlc=8 data=d8cf0400409c0000
2026-07-07T14:51:54.978+00:00 CAN id=101 dlc=8 data=d8cf0400409c0000
2026-07-07T14:51:54.998+00:00 CAN id=101 dlc=8 data=d8cf0400409c0000
2026-07-07T14:51:55.018+00:00 CAN id=101 dlc=8 data=d8cf0400409c0000
2026-07-07T14:51:55.038+00:00 CAN id=101 dlc=8 data=d8cf0400409c0000
2026-07-07T14:51:55.058+00:00 CAN id=101 dlc=8 data=d8cf0400409c0000
2026-07-07T14:51:55.078+00:00 CAN id=101 dlc=8 data=d8cf0400409c0000
2026-07-07T14:51:55.098+00:00 CAN id=101 dlc=8 data=d8cf0400409c0000
2026-07-07T14:51:55.118+00:00 CAN id=101 dlc=8 data=d8cf0400409c0000
2026-07-07T14:51:55.127+00:00 VCP run=1 step=0 angle=315264 target=315352 err=88 steer=0 m1=0/13750 i1=638 t1=28 m2=0/-13750 i2=-540 t2=27 steerMode=0/0 iSteer=48747 driveMode=13750/1 iDrive=588815 scale=0 wheel=40000
2026-07-07T14:51:55.127+00:00 VCP run=1 step=0 angle=315264 target=315352 err=88 steer=0 m1=0/13750 i1=663 t1=28 m2=0/-13750 i2=-566 t2=27 steerMode=0/8 iSteer=48338 driveMode=13750/11 iDrive=614595 scale=0 wheel=40000
2026-07-07T14:51:55.138+00:00 CAN id=101 dlc=8 data=d8cf0400409c0000
2026-07-07T14:51:55.158+00:00 CAN id=101 dlc=8 data=d8cf0400409c0000
2026-07-07T14:51:55.178+00:00 CAN id=101 dlc=8 data=d8cf0400409c0000
2026-07-07T14:51:55.198+00:00 CAN id=101 dlc=8 data=d8cf0400409c0000
2026-07-07T14:51:55.218+00:00 CAN id=101 dlc=8 data=d8cf0400409c0000
2026-07-07T14:51:55.233+00:00 VCP run=1 step=0 angle=315264 target=315352 err=88 steer=0 m1=0/13750 i1=689 t1=28 m2=0/-13750 i2=-592 t2=27 steerMode=0/-1 iSteer=48822 driveMode=13750/2 iDrive=640484 scale=0 wheel=40000
2026-07-07T14:51:55.238+00:00 CAN id=101 dlc=8 data=d8cf0400409c0000
2026-07-07T14:51:55.258+00:00 CAN id=101 dlc=8 data=d8cf0400409c0000
2026-07-07T14:51:55.278+00:00 CAN id=101 dlc=8 data=d8cf0400409c0000
2026-07-07T14:51:55.298+00:00 CAN id=101 dlc=8 data=d8cf0400409c0000
2026-07-07T14:51:55.318+00:00 CAN id=101 dlc=8 data=d8cf0400409c0000
2026-07-07T14:51:55.338+00:00 CAN id=101 dlc=8 data=d8cf0400409c0000
2026-07-07T14:51:55.358+00:00 CAN id=101 dlc=8 data=d8cf0400409c0000
2026-07-07T14:51:55.378+00:00 CAN id=101 dlc=8 data=d8cf0400409c0000
2026-07-07T14:51:55.398+00:00 CAN id=101 dlc=8 data=d8cf0400409c0000
2026-07-07T14:51:55.418+00:00 CAN id=101 dlc=8 data=d8cf0400409c0000
2026-07-07T14:51:55.420+00:00 VCP run=1 step=0 angle=315264 target=315352 err=88 steer=0 m1=0/13750 i1=716 t1=28 m2=0/-13750 i2=-617 t2=27 steerMode=0/-11 iSteer=49359 driveMode=13750/11 iDrive=666264 scale=0 wheel=40000
2026-07-07T14:51:55.420+00:00 VCP run=1 step=0 angle=315264 target=315352 err=88 steer=0 m1=0/13750 i1=741 t1=28 m2=0/-13750 i2=-643 t2=27 steerMode=0/0 iSteer=48786 driveMode=13750/0 iDrive=692158 scale=0 wheel=40000
2026-07-07T14:51:55.438+00:00 CAN id=101 dlc=8 data=d8cf0400409c0000
2026-07-07T14:51:55.458+00:00 CAN id=101 dlc=8 data=d8cf0400409c0000
2026-07-07T14:51:55.478+00:00 CAN id=101 dlc=8 data=d8cf0400409c0000
2026-07-07T14:51:55.498+00:00 CAN id=101 dlc=8 data=d8cf0400409c0000
2026-07-07T14:51:55.518+00:00 CAN id=101 dlc=8 data=d8cf0400409c0000
2026-07-07T14:51:55.525+00:00 VCP SET_TARGET_RX steer=315352 wheel=40000
2026-07-07T14:51:55.525+00:00 VCP run=1 step=0 angle=315264 target=315352 err=88 steer=0 m1=0/13750 i1=767 t1=28 m2=0/-13750 i2=-669 t2=27 steerMode=0/-4 iSteer=49004 driveMode=13750/-1 iDrive=718001 scale=0 wheel=40000
2026-07-07T14:51:55.538+00:00 CAN id=101 dlc=8 data=d8cf0400409c0000
2026-07-07T14:51:55.558+00:00 CAN id=101 dlc=8 data=d8cf0400409c0000
2026-07-07T14:51:55.578+00:00 CAN id=101 dlc=8 data=d8cf0400409c0000
2026-07-07T14:51:55.598+00:00 CAN id=101 dlc=8 data=d8cf0400409c0000
2026-07-07T14:51:55.618+00:00 CAN id=101 dlc=8 data=d8cf0400409c0000
2026-07-07T14:51:55.631+00:00 VCP run=1 step=0 angle=315264 target=315352 err=88 steer=0 m1=2/13750 i1=792 t1=28 m2=0/-13750 i2=-696 t2=27 steerMode=0/11 iSteer=48258 driveMode=13750/11 iDrive=743791 scale=0 wheel=40000
2026-07-07T14:51:55.638+00:00 CAN id=101 dlc=8 data=d8cf0400409c0000
2026-07-07T14:51:55.658+00:00 CAN id=101 dlc=8 data=d8cf0400409c0000
2026-07-07T14:51:55.678+00:00 CAN id=101 dlc=8 data=d8cf0400409c0000
2026-07-07T14:51:55.698+00:00 CAN id=101 dlc=8 data=d8cf0400409c0000
2026-07-07T14:51:55.718+00:00 CAN id=101 dlc=8 data=d8cf0400409c0000
2026-07-07T14:51:55.738+00:00 CAN id=101 dlc=8 data=d8cf0400409c0000
2026-07-07T14:51:55.758+00:00 CAN id=101 dlc=8 data=d8cf0400409c0000
2026-07-07T14:51:55.778+00:00 CAN id=101 dlc=8 data=d8cf0400409c0000
2026-07-07T14:51:55.798+00:00 CAN id=101 dlc=8 data=d8cf0400409c0000
2026-07-07T14:51:55.818+00:00 CAN id=101 dlc=8 data=d8cf0400409c0000
2026-07-07T14:51:55.821+00:00 VCP run=1 step=0 angle=315264 target=315352 err=88 steer=0 m1=0/13750 i1=819 t1=28 m2=0/-13750 i2=-721 t2=27 steerMode=0/0 iSteer=48860 driveMode=13750/1 iDrive=769678 scale=0 wheel=40000
2026-07-07T14:51:55.821+00:00 VCP run=1 step=0 angle=315264 target=315352 err=88 steer=0 m1=0/13750 i1=844 t1=28 m2=0/-13750 i2=-747 t2=27 steerMode=0/-1 iSteer=48905 driveMode=13750/1 iDrive=795504 scale=0 wheel=40000
2026-07-07T14:51:55.838+00:00 CAN id=101 dlc=8 data=d8cf0400409c0000
2026-07-07T14:51:55.858+00:00 CAN id=101 dlc=8 data=d8cf0400409c0000
2026-07-07T14:51:55.878+00:00 CAN id=101 dlc=8 data=d8cf0400409c0000
2026-07-07T14:51:55.898+00:00 CAN id=101 dlc=8 data=d8cf0400409c0000
2026-07-07T14:51:55.918+00:00 CAN id=101 dlc=8 data=d8cf0400409c0000
2026-07-07T14:51:55.924+00:00 VCP run=1 step=0 angle=315264 target=315352 err=88 steer=0 m1=0/13750 i1=871 t1=28 m2=0/-13750 i2=-772 t2=27 steerMode=0/-13 iSteer=49518 driveMode=13750/14 iDrive=821274 scale=0 wheel=40000
2026-07-07T14:51:55.924+00:00 VCP SET_TARGET_RX steer=315352 wheel=40000
2026-07-07T14:51:55.938+00:00 CAN id=101 dlc=8 data=d8cf0400409c0000
2026-07-07T14:51:55.958+00:00 CAN id=101 dlc=8 data=d8cf0400409c0000
2026-07-07T14:51:55.978+00:00 CAN id=101 dlc=8 data=d8cf0400409c0000
2026-07-07T14:51:55.998+00:00 CAN id=101 dlc=8 data=d8cf0400409c0000
2026-07-07T14:51:56.018+00:00 CAN id=101 dlc=8 data=d8cf0400409c0000
2026-07-07T14:51:56.030+00:00 VCP run=1 step=0 angle=315264 target=315352 err=88 steer=0 m1=0/13750 i1=896 t1=28 m2=0/-13750 i2=-798 t2=27 steerMode=0/-2 iSteer=48977 driveMode=13750/2 iDrive=847170 scale=0 wheel=40000
2026-07-07T14:51:56.038+00:00 CAN id=101 dlc=8 data=d8cf0400409c0000
2026-07-07T14:51:56.058+00:00 CAN id=101 dlc=8 data=d8cf0400409c0000
2026-07-07T14:51:56.078+00:00 CAN id=101 dlc=8 data=d8cf0400409c0000
2026-07-07T14:51:56.098+00:00 CAN id=101 dlc=8 data=d8cf0400409c0000
2026-07-07T14:51:56.118+00:00 CAN id=101 dlc=8 data=d8cf0400409c0000
2026-07-07T14:51:56.136+00:00 VCP run=1 step=0 angle=315264 target=315352 err=88 steer=0 m1=0/13750 i1=922 t1=28 m2=0/-13750 i2=-824 t2=27 steerMode=0/0 iSteer=48874 driveMode=13750/1 iDrive=873020 scale=0 wheel=40000
2026-07-07T14:51:56.138+00:00 CAN id=101 dlc=8 data=d8cf0400409c0000
2026-07-07T14:51:56.158+00:00 CAN id=101 dlc=8 data=d8cf0400409c0000
2026-07-07T14:51:56.178+00:00 CAN id=101 dlc=8 data=d8cf0400409c0000
2026-07-07T14:51:56.198+00:00 CAN id=101 dlc=8 data=d8cf0400409c0000
2026-07-07T14:51:56.218+00:00 CAN id=101 dlc=8 data=d8cf0400409c0000
2026-07-07T14:51:56.238+00:00 CAN id=101 dlc=8 data=d8cf0400409c0000
2026-07-07T14:51:56.258+00:00 CAN id=101 dlc=8 data=d8cf0400409c0000
2026-07-07T14:51:56.278+00:00 CAN id=101 dlc=8 data=d8cf0400409c0000
2026-07-07T14:51:56.298+00:00 CAN id=101 dlc=8 data=d8cf0400409c0000
2026-07-07T14:51:56.318+00:00 CAN id=101 dlc=8 data=d8cf0400409c0000
2026-07-07T14:51:56.325+00:00 VCP run=1 step=0 angle=315264 target=315352 err=88 steer=0 m1=2/13750 i1=947 t1=28 m2=0/-13750 i2=-851 t2=27 steerMode=0/13 iSteer=48271 driveMode=13750/16 iDrive=898772 scale=0 wheel=40000
2026-07-07T14:51:56.325+00:00 VCP run=1 step=0 angle=315264 target=315352 err=88 steer=0 m1=2/13750 i1=973 t1=28 m2=0/-13750 i2=-876 t2=27 steerMode=0/9 iSteer=48482 driveMode=13750/32 iDrive=924503 scale=0 wheel=40000
2026-07-07T14:51:56.338+00:00 CAN id=101 dlc=8 data=d8cf0400409c0000
2026-07-07T14:51:56.358+00:00 CAN id=101 dlc=8 data=d8cf0400409c0000
2026-07-07T14:51:56.378+00:00 CAN id=101 dlc=8 data=d8cf0400409c0000
2026-07-07T14:51:56.398+00:00 CAN id=101 dlc=8 data=d8cf0400409c0000
2026-07-07T14:51:56.418+00:00 CAN id=101 dlc=8 data=d8cf0400409c0000
2026-07-07T14:51:56.427+00:00 VCP run=1 step=0 angle=316494 target=315352 err=-1142 steer=-571 m1=443/10609 i1=573 t1=28 m2=-463/-16891 i2=-1157 t2=27 steerMode=-3141/3501 iSteer=-292227 driveMode=13750/15547 iDrive=864735 scale=0 wheel=40000
2026-07-07T14:51:56.427+00:00 VCP SET_TARGET_RX steer=315352 wheel=40000
2026-07-07T14:51:56.438+00:00 CAN id=101 dlc=8 data=d8cf0400409c0000
2026-07-07T14:51:56.458+00:00 CAN id=101 dlc=8 data=d8cf0400409c0000
2026-07-07T14:51:56.478+00:00 CAN id=101 dlc=8 data=d8cf0400409c0000
2026-07-07T14:51:56.498+00:00 CAN id=101 dlc=8 data=d8cf0400409c0000
2026-07-07T14:51:56.518+00:00 CAN id=101 dlc=8 data=d8cf0400409c0000
2026-07-07T14:51:56.531+00:00 VCP run=1 step=0 angle=315967 target=315352 err=-615 steer=-307 m1=989/12059 i1=703 t1=28 m2=-1057/-15441 i2=-626 t2=27 steerMode=-1691/-1762 iSteer=38819 driveMode=13750/48361 iDrive=664655 scale=0 wheel=40000
2026-07-07T14:51:56.538+00:00 CAN id=101 dlc=8 data=d8cf0400409c0000
2026-07-07T14:51:56.558+00:00 CAN id=101 dlc=8 data=d8cf0400409c0000
2026-07-07T14:51:56.578+00:00 CAN id=101 dlc=8 data=d8cf0400409c0000
2026-07-07T14:51:56.598+00:00 CAN id=101 dlc=8 data=d8cf0400409c0000
2026-07-07T14:51:56.618+00:00 CAN id=101 dlc=8 data=d8cf0400409c0000
2026-07-07T14:51:56.635+00:00 VCP run=1 step=0 angle=315967 target=315352 err=-615 steer=-307 m1=1416/12059 i1=416 t1=28 m2=-1411/-15441 i2=-515 t2=27 steerMode=-1691/-62 iSteer=-49510 driveMode=13750/70816 iDrive=465420 scale=0 wheel=40000
2026-07-07T14:51:56.638+00:00 CAN id=101 dlc=8 data=d8cf0400409c0000
2026-07-07T14:51:56.658+00:00 CAN id=101 dlc=8 data=d8cf0400409c0000
2026-07-07T14:51:56.678+00:00 CAN id=101 dlc=8 data=d8cf0400409c0000
2026-07-07T14:51:56.698+00:00 CAN id=101 dlc=8 data=d8cf0400409c0000
2026-07-07T14:51:56.718+00:00 CAN id=101 dlc=8 data=d8cf0400409c0000
2026-07-07T14:51:56.738+00:00 CAN id=101 dlc=8 data=d8cf0400409c0000
2026-07-07T14:51:56.739+00:00 VCP run=1 step=0 angle=316143 target=315352 err=-791 steer=-395 m1=1561/11576 i1=225 t1=28 m2=-1560/-15924 i2=-384 t2=27 steerMode=-2174/-59 iSteer=-79591 driveMode=13750/80039 iDrive=304191 scale=0 wheel=40000
2026-07-07T14:51:56.758+00:00 CAN id=101 dlc=8 data=d8cf0400409c0000
2026-07-07T14:51:56.778+00:00 CAN id=101 dlc=8 data=d8cf0400409c0000
2026-07-07T14:51:56.798+00:00 CAN id=101 dlc=8 data=d8cf0400409c0000
2026-07-07T14:51:56.818+00:00 CAN id=101 dlc=8 data=d8cf0400409c0000
2026-07-07T14:51:56.838+00:00 CAN id=101 dlc=8 data=d8cf0400409c0000
2026-07-07T14:51:56.858+00:00 CAN id=101 dlc=8 data=d8cf0400409c0000
2026-07-07T14:51:56.878+00:00 CAN id=101 dlc=8 data=d8cf0400409c0000
2026-07-07T14:51:56.898+00:00 CAN id=101 dlc=8 data=d8cf0400409c0000
2026-07-07T14:51:56.918+00:00 CAN id=101 dlc=8 data=d8cf0400409c0000
2026-07-07T14:51:56.923+00:00 VCP run=1 step=0 angle=315967 target=315352 err=-615 steer=-307 m1=1584/12059 i1=138 t1=28 m2=-1580/-15441 i2=-190 t2=27 steerMode=-1691/-736 iSteer=-25556 driveMode=13750/82977 iDrive=163989 scale=0 wheel=40000
2026-07-07T14:51:56.923+00:00 VCP run=1 step=0 angle=315967 target=315352 err=-615 steer=-307 m1=1498/12059 i1=-37 t1=28 m2=-1518/-15441 i2=-141 t2=27 steerMode=-1691/494 iSteer=-88880 driveMode=13750/80333 iDrive=51626 scale=0 wheel=40000
2026-07-07T14:51:56.923+00:00 VCP SET_TARGET_RX steer=315352 wheel=40000
2026-07-07T14:51:56.938+00:00 CAN id=101 dlc=8 data=d8cf0400409c0000
2026-07-07T14:51:56.958+00:00 CAN id=101 dlc=8 data=d8cf0400409c0000
2026-07-07T14:51:56.978+00:00 CAN id=101 dlc=8 data=d8cf0400409c0000
2026-07-07T14:51:56.998+00:00 CAN id=101 dlc=8 data=d8cf0400409c0000
2026-07-07T14:51:57.018+00:00 CAN id=101 dlc=8 data=d8cf0400409c0000
2026-07-07T14:51:57.026+00:00 VCP run=1 step=0 angle=315791 target=315352 err=-439 steer=-113 m1=1330/13126 i1=-77 t1=28 m2=-1264/-14374 i2=-37 t2=27 steerMode=-624/892 iSteer=-56804 driveMode=13750/71420 iDrive=-20188 scale=0 wheel=40000
2026-07-07T14:51:57.038+00:00 CAN id=101 dlc=8 data=d8cf0400409c0000
2026-07-07T14:51:57.058+00:00 CAN id=101 dlc=8 data=d8cf0400409c0000
2026-07-07T14:51:57.078+00:00 CAN id=101 dlc=8 data=d8cf0400409c0000
2026-07-07T14:51:57.098+00:00 CAN id=101 dlc=8 data=d8cf0400409c0000
2026-07-07T14:51:57.118+00:00 CAN id=101 dlc=8 data=d8cf0400409c0000
2026-07-07T14:51:57.130+00:00 VCP run=1 step=0 angle=315967 target=315352 err=-615 steer=-307 m1=1031/12059 i1=-114 t1=28 m2=-984/-15441 i2=-29 t2=27 steerMode=-1691/6 iSteer=-71353 driveMode=13750/57149 iDrive=-42419 scale=0 wheel=40000
2026-07-07T14:51:57.138+00:00 CAN id=101 dlc=8 data=d8cf0400409c0000
2026-07-07T14:51:57.158+00:00 CAN id=101 dlc=8 data=d8cf0400409c0000
2026-07-07T14:51:57.178+00:00 CAN id=101 dlc=8 data=d8cf0400409c0000
2026-07-07T14:51:57.198+00:00 CAN id=101 dlc=8 data=d8cf0400409c0000
2026-07-07T14:51:57.218+00:00 CAN id=101 dlc=8 data=d8cf0400409c0000
2026-07-07T14:51:57.235+00:00 VCP run=1 step=0 angle=315879 target=315352 err=-527 steer=-263 m1=682/12301 i1=-93 t1=28 m2=-681/-15199 i2=-43 t2=27 steerMode=-1449/97 iSteer=-67917 driveMode=13750/40664 iDrive=-24837 scale=0 wheel=40000
2026-07-07T14:51:57.238+00:00 CAN id=101 dlc=8 data=d8cf0400409c0000
2026-07-07T14:51:57.258+00:00 CAN id=101 dlc=8 data=d8cf0400409c0000
2026-07-07T14:51:57.278+00:00 CAN id=101 dlc=8 data=d8cf0400409c0000
2026-07-07T14:51:57.298+00:00 CAN id=101 dlc=8 data=d8cf0400409c0000
2026-07-07T14:51:57.318+00:00 CAN id=101 dlc=8 data=d8cf0400409c0000
2026-07-07T14:51:57.338+00:00 CAN id=101 dlc=8 data=d8cf0400409c0000
2026-07-07T14:51:57.358+00:00 CAN id=101 dlc=8 data=d8cf0400409c0000
2026-07-07T14:51:57.378+00:00 CAN id=101 dlc=8 data=d8cf0400409c0000
2026-07-07T14:51:57.398+00:00 CAN id=101 dlc=8 data=d8cf0400409c0000
2026-07-07T14:51:57.418+00:00 CAN id=101 dlc=8 data=d8cf0400409c0000
2026-07-07T14:51:57.419+00:00 VCP run=1 step=0 angle=315879 target=315352 err=-527 steer=-263 m1=487/12301 i1=-38 t1=28 m2=-444/-15199 i2=-57 t2=27 steerMode=-1449/-384 iSteer=-47555 driveMode=13750/26556 iDrive=9707 scale=0 wheel=40000
2026-07-07T14:51:57.419+00:00 VCP run=1 step=0 angle=315791 target=315352 err=-439 steer=0 m1=244/13750 i1=65 t1=28 m2=-329/-13750 i2=-33 t2=27 steerMode=0/-242 iSteer=15885 driveMode=13750/15995 iDrive=49334 scale=0 wheel=40000
2026-07-07T14:51:57.438+00:00 CAN id=101 dlc=8 data=d8cf0400409c0000
2026-07-07T14:51:57.458+00:00 CAN id=101 dlc=8 data=d8cf0400409c0000
2026-07-07T14:51:57.478+00:00 CAN id=101 dlc=8 data=d8cf0400409c0000
2026-07-07T14:51:57.498+00:00 CAN id=101 dlc=8 data=d8cf0400409c0000
2026-07-07T14:51:57.518+00:00 CAN id=101 dlc=8 data=d8cf0400409c0000
2026-07-07T14:51:57.523+00:00 VCP SET_TARGET_RX steer=315352 wheel=40000
2026-07-07T14:51:57.523+00:00 VCP run=1 step=0 angle=315967 target=315352 err=-615 steer=-307 m1=102/12059 i1=-16 t1=28 m2=-193/-15441 i2=-204 t2=27 steerMode=-1691/516 iSteer=-109978 driveMode=13750/7833 iDrive=93802 scale=0 wheel=40000
2026-07-07T14:51:57.538+00:00 CAN id=101 dlc=8 data=d8cf0400409c0000
2026-07-07T14:51:57.558+00:00 CAN id=101 dlc=8 data=d8cf0400409c0000
2026-07-07T14:51:57.578+00:00 CAN id=101 dlc=8 data=d8cf0400409c0000
2026-07-07T14:51:57.598+00:00 CAN id=101 dlc=8 data=d8cf0400409c0000
2026-07-07T14:51:57.618+00:00 CAN id=101 dlc=8 data=d8cf0400409c0000
2026-07-07T14:51:57.628+00:00 VCP run=1 step=0 angle=315791 target=315352 err=-439 steer=0 m1=16/13750 i1=187 t1=28 m2=8/-13750 i2=-96 t2=27 steerMode=0/-870 iSteer=45622 driveMode=13750/1645 iDrive=141678 scale=0 wheel=40000
2026-07-07T14:51:57.638+00:00 CAN id=101 dlc=8 data=d8cf0400409c0000
2026-07-07T14:51:57.658+00:00 CAN id=101 dlc=8 data=d8cf0400409c0000
2026-07-07T14:51:57.678+00:00 CAN id=101 dlc=8 data=d8cf0400409c0000
2026-07-07T14:51:57.698+00:00 CAN id=101 dlc=8 data=d8cf0400409c0000
2026-07-07T14:51:57.718+00:00 CAN id=101 dlc=8 data=d8cf0400409c0000
2026-07-07T14:51:57.734+00:00 VCP run=1 step=0 angle=315791 target=315352 err=-439 steer=0 m1=0/13750 i1=180 t1=28 m2=4/-13750 i2=-170 t2=27 steerMode=0/-46 iSteer=4787 driveMode=13750/56 iDrive=174778 scale=0 wheel=40000
2026-07-07T14:51:57.738+00:00 CAN id=101 dlc=8 data=d8cf0400409c0000
2026-07-07T14:51:57.758+00:00 CAN id=101 dlc=8 data=d8cf0400409c0000
2026-07-07T14:51:57.778+00:00 CAN id=101 dlc=8 data=d8cf0400409c0000
2026-07-07T14:51:57.798+00:00 CAN id=101 dlc=8 data=d8cf0400409c0000
2026-07-07T14:51:57.818+00:00 CAN id=101 dlc=8 data=d8cf0400409c0000
2026-07-07T14:51:57.838+00:00 CAN id=101 dlc=8 data=d8cf0400409c0000
2026-07-07T14:51:57.858+00:00 CAN id=101 dlc=8 data=d8cf0400409c0000
2026-07-07T14:51:57.878+00:00 CAN id=101 dlc=8 data=d8cf0400409c0000
2026-07-07T14:51:57.898+00:00 CAN id=101 dlc=8 data=d8cf0400409c0000
2026-07-07T14:51:57.918+00:00 CAN id=101 dlc=8 data=d8cf0400409c0000
2026-07-07T14:51:57.921+00:00 VCP run=1 step=0 angle=315791 target=315352 err=-439 steer=0 m1=0/13750 i1=203 t1=28 m2=0/-13750 i2=-198 t2=27 steerMode=0/0 iSteer=2503 driveMode=13750/0 iDrive=200897 scale=0 wheel=40000
2026-07-07T14:51:57.921+00:00 VCP run=1 step=0 angle=315791 target=315352 err=-439 steer=0 m1=0/13750 i1=229 t1=28 m2=0/-13750 i2=-224 t2=27 steerMode=0/-3 iSteer=2657 driveMode=13750/3 iDrive=226727 scale=0 wheel=40000
2026-07-07T14:51:57.938+00:00 CAN id=101 dlc=8 data=d8cf0400409c0000
2026-07-07T14:51:57.958+00:00 CAN id=101 dlc=8 data=d8cf0400409c0000
2026-07-07T14:51:57.978+00:00 CAN id=101 dlc=8 data=d8cf0400409c0000
2026-07-07T14:51:57.998+00:00 CAN id=101 dlc=8 data=d8cf0400409c0000
2026-07-07T14:51:58.018+00:00 CAN id=101 dlc=8 data=d8cf0400409c0000
2026-07-07T14:51:58.027+00:00 VCP SET_TARGET_RX steer=315352 wheel=40000
2026-07-07T14:51:58.027+00:00 VCP run=1 step=0 angle=315791 target=315352 err=-439 steer=0 m1=0/13750 i1=255 t1=28 m2=0/-13750 i2=-250 t2=27 steerMode=0/4 iSteer=2292 driveMode=13750/4 iDrive=252568 scale=0 wheel=40000
2026-07-07T14:51:58.038+00:00 CAN id=101 dlc=8 data=d8cf0400409c0000
2026-07-07T14:51:58.058+00:00 CAN id=101 dlc=8 data=d8cf0400409c0000
2026-07-07T14:51:58.078+00:00 CAN id=101 dlc=8 data=d8cf0400409c0000
2026-07-07T14:51:58.098+00:00 CAN id=101 dlc=8 data=d8cf0400409c0000
2026-07-07T14:51:58.118+00:00 CAN id=101 dlc=8 data=d8cf0400409c0000
2026-07-07T14:51:58.133+00:00 VCP run=1 step=0 angle=315791 target=315352 err=-439 steer=0 m1=0/13750 i1=281 t1=28 m2=0/-13750 i2=-276 t2=27 steerMode=0/0 iSteer=2514 driveMode=13750/0 iDrive=278157 scale=0 wheel=40000
2026-07-07T14:51:58.138+00:00 CAN id=101 dlc=8 data=d8cf0400409c0000
2026-07-07T14:51:58.158+00:00 CAN id=101 dlc=8 data=d8cf0400409c0000
2026-07-07T14:51:58.178+00:00 CAN id=101 dlc=8 data=d8cf0400409c0000
2026-07-07T14:51:58.198+00:00 CAN id=101 dlc=8 data=d8cf0400409c0000
2026-07-07T14:51:58.218+00:00 CAN id=101 dlc=8 data=d8cf0400409c0000
2026-07-07T14:51:58.238+00:00 CAN id=101 dlc=8 data=d8cf0400409c0000
2026-07-07T14:51:58.258+00:00 CAN id=101 dlc=8 data=d8cf0400409c0000
2026-07-07T14:51:58.278+00:00 CAN id=101 dlc=8 data=d8cf0400409c0000
2026-07-07T14:51:58.298+00:00 CAN id=101 dlc=8 data=d8cf0400409c0000
2026-07-07T14:51:58.318+00:00 CAN id=101 dlc=8 data=d8cf0400409c0000
2026-07-07T14:51:58.322+00:00 VCP run=1 step=0 angle=315791 target=315352 err=-439 steer=0 m1=0/13750 i1=306 t1=28 m2=0/-13750 i2=-302 t2=27 steerMode=0/2 iSteer=2408 driveMode=13750/2 iDrive=303994 scale=0 wheel=40000
2026-07-07T14:51:58.322+00:00 VCP run=1 step=0 angle=315791 target=315352 err=-439 steer=0 m1=0/13750 i1=332 t1=28 m2=0/-13750 i2=-327 t2=27 steerMode=0/-1 iSteer=2570 driveMode=13750/1 iDrive=329831 scale=0 wheel=40000
2026-07-07T14:51:58.338+00:00 CAN id=101 dlc=8 data=d8cf0400409c0000
2026-07-07T14:51:58.358+00:00 CAN id=101 dlc=8 data=d8cf0400409c0000
2026-07-07T14:51:58.378+00:00 CAN id=101 dlc=8 data=d8cf0400409c0000
2026-07-07T14:51:58.398+00:00 CAN id=101 dlc=8 data=d8cf0400409c0000
2026-07-07T14:51:58.418+00:00 CAN id=101 dlc=8 data=d8cf0400409c0000
2026-07-07T14:51:58.426+00:00 VCP run=1 step=0 angle=315791 target=315352 err=-439 steer=0 m1=0/13750 i1=358 t1=28 m2=0/-13750 i2=-353 t2=27 steerMode=0/-5 iSteer=2774 driveMode=13750/7 iDrive=355630 scale=0 wheel=40000
2026-07-07T14:51:58.426+00:00 VCP SET_TARGET_RX steer=315352 wheel=40000
2026-07-07T14:51:58.438+00:00 CAN id=101 dlc=8 data=d8cf0400409c0000
2026-07-07T14:51:58.458+00:00 CAN id=101 dlc=8 data=d8cf0400409c0000
2026-07-07T14:51:58.478+00:00 CAN id=101 dlc=8 data=d8cf0400409c0000
2026-07-07T14:51:58.498+00:00 CAN id=101 dlc=8 data=d8cf0400409c0000
2026-07-07T14:51:58.518+00:00 CAN id=101 dlc=8 data=d8cf0400409c0000
2026-07-07T14:51:58.532+00:00 VCP run=1 step=0 angle=315791 target=315352 err=-439 steer=0 m1=0/13750 i1=384 t1=28 m2=0/-13750 i2=-379 t2=27 steerMode=0/0 iSteer=2551 driveMode=13750/0 iDrive=381788 scale=0 wheel=40000
2026-07-07T14:51:58.538+00:00 CAN id=101 dlc=8 data=d8cf0400409c0000
2026-07-07T14:51:58.558+00:00 CAN id=101 dlc=8 data=d8cf0400409c0000
2026-07-07T14:51:58.578+00:00 CAN id=101 dlc=8 data=d8cf0400409c0000
2026-07-07T14:51:58.598+00:00 CAN id=101 dlc=8 data=d8cf0400409c0000
2026-07-07T14:51:58.618+00:00 CAN id=101 dlc=8 data=d8cf0400409c0000
2026-07-07T14:51:58.638+00:00 VCP run=1 step=0 angle=315791 target=315352 err=-439 steer=0 m1=0/13750 i1=410 t1=28 m2=0/-13750 i2=-405 t2=27 steerMode=0/-2 iSteer=2677 driveMode=13750/2 iDrive=407611 scale=0 wheel=40000
2026-07-07T14:51:58.638+00:00 CAN id=101 dlc=8 data=d8cf0400409c0000
2026-07-07T14:51:58.658+00:00 CAN id=101 dlc=8 data=d8cf0400409c0000
2026-07-07T14:51:58.678+00:00 CAN id=101 dlc=8 data=d8cf0400409c0000
2026-07-07T14:51:58.698+00:00 CAN id=101 dlc=8 data=d8cf0400409c0000
2026-07-07T14:51:58.718+00:00 CAN id=101 dlc=8 data=d8cf0400409c0000
2026-07-07T14:51:58.738+00:00 CAN id=101 dlc=8 data=d8cf0400409c0000
2026-07-07T14:51:58.758+00:00 CAN id=101 dlc=8 data=d8cf0400409c0000
2026-07-07T14:51:58.778+00:00 CAN id=101 dlc=8 data=d8cf0400409c0000
2026-07-07T14:51:58.798+00:00 CAN id=101 dlc=8 data=d8cf0400409c0000
2026-07-07T14:51:58.818+00:00 CAN id=101 dlc=8 data=d8cf0400409c0000
2026-07-07T14:51:58.827+00:00 VCP run=1 step=0 angle=315791 target=315352 err=-439 steer=0 m1=0/13750 i1=437 t1=28 m2=0/-13750 i2=-430 t2=27 steerMode=0/-14 iSteer=3293 driveMode=13750/14 iDrive=433385 scale=0 wheel=40000
2026-07-07T14:51:58.827+00:00 VCP run=1 step=0 angle=315791 target=315352 err=-439 steer=0 m1=0/13750 i1=462 t1=28 m2=0/-13750 i2=-457 t2=27 steerMode=0/0 iSteer=2607 driveMode=13750/0 iDrive=459301 scale=0 wheel=40000
2026-07-07T14:51:58.838+00:00 CAN id=101 dlc=8 data=d8cf0400409c0000
2026-07-07T14:51:58.858+00:00 CAN id=101 dlc=8 data=d8cf0400409c0000
2026-07-07T14:51:58.878+00:00 CAN id=101 dlc=8 data=d8cf0400409c0000
2026-07-07T14:51:58.898+00:00 CAN id=101 dlc=8 data=d8cf0400409c0000
2026-07-07T14:51:58.918+00:00 CAN id=101 dlc=8 data=d8cf0400409c0000
2026-07-07T14:51:58.930+00:00 VCP run=1 step=0 angle=315791 target=315352 err=-439 steer=0 m1=0/13750 i1=488 t1=28 m2=0/-13750 i2=-482 t2=27 steerMode=0/-9 iSteer=3084 driveMode=13750/8 iDrive=485109 scale=0 wheel=40000
2026-07-07T14:51:58.930+00:00 VCP SET_TARGET_RX steer=315352 wheel=40000
2026-07-07T14:51:58.938+00:00 CAN id=101 dlc=8 data=d8cf0400409c0000
2026-07-07T14:51:58.958+00:00 CAN id=101 dlc=8 data=d8cf0400409c0000
2026-07-07T14:51:58.978+00:00 CAN id=101 dlc=8 data=d8cf0400409c0000
2026-07-07T14:51:58.998+00:00 CAN id=101 dlc=8 data=d8cf0400409c0000
2026-07-07T14:51:59.018+00:00 CAN id=101 dlc=8 data=d8cf0400409c0000
2026-07-07T14:51:59.036+00:00 VCP run=1 step=0 angle=315791 target=315352 err=-439 steer=0 m1=0/13750 i1=514 t1=28 m2=0/-13750 i2=-508 t2=27 steerMode=0/1 iSteer=2608 driveMode=13750/1 iDrive=510989 scale=0 wheel=40000
2026-07-07T14:51:59.038+00:00 CAN id=101 dlc=8 data=d8cf0400409c0000
2026-07-07T14:51:59.058+00:00 CAN id=101 dlc=8 data=d8cf0400409c0000
2026-07-07T14:51:59.078+00:00 CAN id=101 dlc=8 data=d8cf0400409c0000
2026-07-07T14:51:59.098+00:00 CAN id=101 dlc=8 data=d8cf0400409c0000
2026-07-07T14:51:59.118+00:00 CAN id=101 dlc=8 data=d8cf0400409c0000
2026-07-07T14:51:59.138+00:00 CAN id=101 dlc=8 data=d8cf0400409c0000
2026-07-07T14:51:59.158+00:00 CAN id=101 dlc=8 data=d8cf0400409c0000
2026-07-07T14:51:59.178+00:00 CAN id=101 dlc=8 data=d8cf0400409c0000
2026-07-07T14:51:59.198+00:00 CAN id=101 dlc=8 data=d8cf0400409c0000
2026-07-07T14:51:59.218+00:00 CAN id=101 dlc=8 data=d8cf0400409c0000
2026-07-07T14:51:59.225+00:00 VCP run=1 step=0 angle=315791 target=315352 err=-439 steer=0 m1=0/13750 i1=540 t1=28 m2=0/-13750 i2=-534 t2=27 steerMode=0/-12 iSteer=3261 driveMode=13750/8 iDrive=536785 scale=0 wheel=40000
2026-07-07T14:51:59.225+00:00 VCP run=1 step=0 angle=315791 target=315352 err=-439 steer=0 m1=0/13750 i1=565 t1=28 m2=-3/-13750 i2=-560 t2=27 steerMode=0/-3 iSteer=2840 driveMode=13750/4 iDrive=562650 scale=0 wheel=40000
2026-07-07T14:51:59.238+00:00 CAN id=101 dlc=8 data=d8cf0400409c0000
2026-07-07T14:51:59.258+00:00 CAN id=101 dlc=8 data=d8cf0400409c0000
2026-07-07T14:51:59.278+00:00 CAN id=101 dlc=8 data=d8cf0400409c0000
2026-07-07T14:51:59.298+00:00 CAN id=101 dlc=8 data=d8cf0400409c0000
2026-07-07T14:51:59.318+00:00 CAN id=101 dlc=8 data=d8cf0400409c0000
2026-07-07T14:51:59.331+00:00 VCP run=1 step=0 angle=315791 target=315352 err=-439 steer=0 m1=0/13750 i1=591 t1=28 m2=0/-13750 i2=-586 t2=27 steerMode=0/0 iSteer=2717 driveMode=13750/0 iDrive=588502 scale=0 wheel=40000
2026-07-07T14:51:59.338+00:00 CAN id=101 dlc=8 data=d8cf0400409c0000
2026-07-07T14:51:59.358+00:00 CAN id=101 dlc=8 data=d8cf0400409c0000
2026-07-07T14:51:59.378+00:00 CAN id=101 dlc=8 data=d8cf0400409c0000
2026-07-07T14:51:59.398+00:00 CAN id=101 dlc=8 data=d8cf0400409c0000
2026-07-07T14:51:59.418+00:00 CAN id=101 dlc=8 data=d8cf0400409c0000
2026-07-07T14:51:59.435+00:00 VCP run=1 step=0 angle=315791 target=315352 err=-439 steer=0 m1=0/13750 i1=617 t1=28 m2=0/-13750 i2=-612 t2=27 steerMode=0/2 iSteer=2572 driveMode=13750/2 iDrive=614338 scale=0 wheel=40000
2026-07-07T14:51:59.435+00:00 VCP SET_TARGET_RX steer=315352 wheel=40000
2026-07-07T14:51:59.438+00:00 CAN id=101 dlc=8 data=d8cf0400409c0000
2026-07-07T14:51:59.458+00:00 CAN id=101 dlc=8 data=d8cf0400409c0000
2026-07-07T14:51:59.478+00:00 CAN id=101 dlc=8 data=d8cf0400409c0000
2026-07-07T14:51:59.498+00:00 CAN id=101 dlc=8 data=d8cf0400409c0000
2026-07-07T14:51:59.518+00:00 CAN id=101 dlc=8 data=d8cf0400409c0000
2026-07-07T14:51:59.538+00:00 CAN id=101 dlc=8 data=d8cf0400409c0000
2026-07-07T14:51:59.558+00:00 CAN id=101 dlc=8 data=d8cf0400409c0000
2026-07-07T14:51:59.578+00:00 CAN id=101 dlc=8 data=d8cf0400409c0000
2026-07-07T14:51:59.598+00:00 CAN id=101 dlc=8 data=d8cf0400409c0000
2026-07-07T14:51:59.618+00:00 CAN id=101 dlc=8 data=d8cf0400409c0000
2026-07-07T14:51:59.623+00:00 VCP run=1 step=0 angle=315791 target=315352 err=-439 steer=0 m1=0/13750 i1=643 t1=28 m2=0/-13750 i2=-638 t2=27 steerMode=0/0 iSteer=2674 driveMode=13750/0 iDrive=640198 scale=0 wheel=40000
2026-07-07T14:51:59.623+00:00 VCP run=1 step=0 angle=315791 target=315352 err=-439 steer=0 m1=0/13750 i1=670 t1=28 m2=0/-13750 i2=-662 t2=27 steerMode=0/-23 iSteer=3824 driveMode=13750/24 iDrive=665915 scale=0 wheel=40000
2026-07-07T14:51:59.638+00:00 CAN id=101 dlc=8 data=d8cf0400409c0000
2026-07-07T14:51:59.658+00:00 CAN id=101 dlc=8 data=d8cf0400409c0000
2026-07-07T14:51:59.678+00:00 CAN id=101 dlc=8 data=d8cf0400409c0000
2026-07-07T14:51:59.698+00:00 CAN id=101 dlc=8 data=d8cf0400409c0000
2026-07-07T14:51:59.718+00:00 CAN id=101 dlc=8 data=d8cf0400409c0000
2026-07-07T14:51:59.729+00:00 VCP run=1 step=0 angle=315791 target=315352 err=-439 steer=0 m1=0/13750 i1=695 t1=28 m2=0/-13750 i2=-689 t2=27 steerMode=0/0 iSteer=2728 driveMode=13750/0 iDrive=691877 scale=0 wheel=40000
2026-07-07T14:51:59.738+00:00 CAN id=101 dlc=8 data=d8cf0400409c0000
2026-07-07T14:51:59.758+00:00 CAN id=101 dlc=8 data=d8cf0400409c0000
2026-07-07T14:51:59.778+00:00 CAN id=101 dlc=8 data=d8cf0400409c0000
2026-07-07T14:51:59.798+00:00 CAN id=101 dlc=8 data=d8cf0400409c0000
2026-07-07T14:51:59.818+00:00 CAN id=101 dlc=8 data=d8cf0400409c0000
2026-07-07T14:51:59.835+00:00 VCP run=1 step=0 angle=315791 target=315352 err=-439 steer=0 m1=0/13750 i1=721 t1=28 m2=0/-13750 i2=-715 t2=27 steerMode=0/-2 iSteer=2829 driveMode=13750/3 iDrive=717695 scale=0 wheel=40000
2026-07-07T14:51:59.838+00:00 CAN id=101 dlc=8 data=d8cf0400409c0000
2026-07-07T14:51:59.858+00:00 CAN id=101 dlc=8 data=d8cf0400409c0000
2026-07-07T14:51:59.878+00:00 CAN id=101 dlc=8 data=d8cf0400409c0000
2026-07-07T14:51:59.898+00:00 CAN id=101 dlc=8 data=d8cf0400409c0000
2026-07-07T14:51:59.918+00:00 CAN id=101 dlc=8 data=d8cf0400409c0000
2026-07-07T14:51:59.938+00:00 CAN id=101 dlc=8 data=d8cf0400409c0000
2026-07-07T14:51:59.958+00:00 CAN id=101 dlc=8 data=d8cf0400409c0000
2026-07-07T14:51:59.978+00:00 CAN id=101 dlc=8 data=d8cf0400409c0000
2026-07-07T14:51:59.998+00:00 CAN id=101 dlc=8 data=d8cf0400409c0000
2026-07-07T14:52:00.018+00:00 CAN id=101 dlc=8 data=d8cf0400409c0000
2026-07-07T14:52:00.022+00:00 VCP run=1 step=0 angle=315791 target=315352 err=-439 steer=0 m1=0/13750 i1=747 t1=28 m2=0/-13750 i2=-741 t2=27 steerMode=0/-5 iSteer=3000 driveMode=13750/8 iDrive=743501 scale=0 wheel=40000
2026-07-07T14:52:00.022+00:00 VCP SET_TARGET_RX steer=315352 wheel=40000
2026-07-07T14:52:00.022+00:00 VCP run=1 step=0 angle=315791 target=315352 err=-439 steer=0 m1=0/13750 i1=773 t1=28 m2=0/-13750 i2=-766 t2=27 steerMode=0/-16 iSteer=3585 driveMode=13750/24 iDrive=769526 scale=0 wheel=40000
2026-07-07T14:52:00.038+00:00 CAN id=101 dlc=8 data=d8cf0400409c0000
2026-07-07T14:52:00.058+00:00 CAN id=101 dlc=8 data=d8cf0400409c0000
2026-07-07T14:52:00.078+00:00 CAN id=101 dlc=8 data=d8cf0400409c0000
2026-07-07T14:52:00.098+00:00 CAN id=101 dlc=8 data=d8cf0400409c0000
2026-07-07T14:52:00.118+00:00 CAN id=101 dlc=8 data=d8cf0400409c0000
2026-07-07T14:52:00.128+00:00 VCP run=1 step=0 angle=315791 target=315352 err=-439 steer=0 m1=0/13750 i1=799 t1=28 m2=-3/-13750 i2=-791 t2=27 steerMode=0/-27 iSteer=4141 driveMode=13750/33 iDrive=795311 scale=0 wheel=40000
2026-07-07T14:52:00.138+00:00 CAN id=101 dlc=8 data=d8cf0400409c0000
2026-07-07T14:52:00.158+00:00 CAN id=101 dlc=8 data=d8cf0400409c0000
2026-07-07T14:52:00.178+00:00 CAN id=101 dlc=8 data=d8cf0400409c0000
2026-07-07T14:52:00.198+00:00 CAN id=101 dlc=8 data=d8cf0400409c0000
2026-07-07T14:52:00.218+00:00 CAN id=101 dlc=8 data=d8cf0400409c0000
2026-07-07T14:52:00.233+00:00 VCP run=1 step=0 angle=315791 target=315352 err=-439 steer=0 m1=2/13750 i1=832 t1=28 m2=-19/-13750 i2=-809 t2=27 steerMode=0/-169 iSteer=11326 driveMode=13750/178 iDrive=820355 scale=0 wheel=40000
2026-07-07T14:52:00.238+00:00 CAN id=101 dlc=8 data=d8cf0400409c0000
2026-07-07T14:52:00.258+00:00 CAN id=101 dlc=8 data=d8cf0400409c0000
2026-07-07T14:52:00.278+00:00 CAN id=101 dlc=8 data=d8cf0400409c0000
2026-07-07T14:52:00.298+00:00 CAN id=101 dlc=8 data=d8cf0400409c0000
2026-07-07T14:52:00.318+00:00 CAN id=101 dlc=8 data=d8cf0400409c0000
2026-07-07T14:52:00.338+00:00 VCP run=1 step=0 angle=314209 target=315352 err=1143 steer=572 m1=533/16893 i1=948 t1=28 m2=-413/-10607 i2=-540 t2=27 steerMode=3143/-645 iSteer=203812 driveMode=13750/18103 iDrive=743723 scale=0 wheel=40000
2026-07-07T14:52:00.338+00:00 CAN id=101 dlc=8 data=d8cf0400409c0000
2026-07-07T14:52:00.358+00:00 CAN id=101 dlc=8 data=d8cf0400409c0000
2026-07-07T14:52:00.378+00:00 CAN id=101 dlc=8 data=d8cf0400409c0000
2026-07-07T14:52:00.398+00:00 CAN id=101 dlc=8 data=d8cf0400409c0000
2026-07-07T14:52:00.418+00:00 CAN id=101 dlc=8 data=d8cf0400409c0000
2026-07-07T14:52:00.438+00:00 CAN id=101 dlc=8 data=d8cf0400409c0000
2026-07-07T14:52:00.458+00:00 CAN id=101 dlc=8 data=d8cf0400409c0000
2026-07-07T14:52:00.478+00:00 CAN id=101 dlc=8 data=d8cf0400409c0000
2026-07-07T14:52:00.498+00:00 CAN id=101 dlc=8 data=d8cf0400409c0000
2026-07-07T14:52:00.518+00:00 CAN id=101 dlc=8 data=d8cf0400409c0000
2026-07-07T14:52:00.522+00:00 VCP run=1 step=0 angle=315615 target=315352 err=-263 steer=0 m1=977/13750 i1=481 t1=28 m2=-963/-13750 i2=-651 t2=27 steerMode=0/1858 iSteer=-84957 driveMode=13750/46304 iDrive=565957 scale=0 wheel=40000
2026-07-07T14:52:00.522+00:00 VCP SET_TARGET_RX steer=315352 wheel=40000
2026-07-07T14:52:00.522+00:00 VCP run=1 step=0 angle=315703 target=315352 err=-351 steer=0 m1=1295/13750 i1=399 t1=28 m2=-1308/-13750 i2=-383 t2=27 steerMode=0/-18 iSteer=8450 driveMode=13750/65266 iDrive=391005 scale=0 wheel=40000
2026-07-07T14:52:00.538+00:00 CAN id=101 dlc=8 data=d8cf0400409c0000
2026-07-07T14:52:00.558+00:00 CAN id=101 dlc=8 data=d8cf0400409c0000
2026-07-07T14:52:00.578+00:00 CAN id=101 dlc=8 data=d8cf0400409c0000
2026-07-07T14:52:00.598+00:00 CAN id=101 dlc=8 data=d8cf0400409c0000
2026-07-07T14:52:00.618+00:00 CAN id=101 dlc=8 data=d8cf0400409c0000
2026-07-07T14:52:00.626+00:00 VCP run=1 step=0 angle=315967 target=315352 err=-615 steer=-307 m1=1364/12059 i1=174 t1=28 m2=-1413/-15441 i2=-326 t2=27 steerMode=-1691/-118 iSteer=-76046 driveMode=13750/72601 iDrive=250133 scale=0 wheel=40000
2026-07-07T14:52:00.638+00:00 CAN id=101 dlc=8 data=d8cf0400409c0000
2026-07-07T14:52:00.658+00:00 CAN id=101 dlc=8 data=d8cf0400409c0000
2026-07-07T14:52:00.678+00:00 CAN id=101 dlc=8 data=d8cf0400409c0000
2026-07-07T14:52:00.698+00:00 CAN id=101 dlc=8 data=d8cf0400409c0000
2026-07-07T14:52:00.718+00:00 CAN id=101 dlc=8 data=d8cf0400409c0000
2026-07-07T14:52:00.730+00:00 VCP run=1 step=0 angle=315791 target=315352 err=-439 steer=0 m1=1408/13750 i1=111 t1=28 m2=-1359/-13750 i2=-163 t2=27 steerMode=0/583 iSteer=-26385 driveMode=13750/73309 iDrive=136886 scale=0 wheel=40000
2026-07-07T14:52:00.738+00:00 CAN id=101 dlc=8 data=d8cf0400409c0000
2026-07-07T14:52:00.758+00:00 CAN id=101 dlc=8 data=d8cf0400409c0000
2026-07-07T14:52:00.778+00:00 CAN id=101 dlc=8 data=d8cf0400409c0000
2026-07-07T14:52:00.798+00:00 CAN id=101 dlc=8 data=d8cf0400409c0000
2026-07-07T14:52:00.818+00:00 CAN id=101 dlc=8 data=d8cf0400409c0000
2026-07-07T14:52:00.835+00:00 VCP run=1 step=0 angle=315791 target=315352 err=-439 steer=0 m1=1251/13750 i1=118 t1=28 m2=-1292/-13750 i2=14 t2=27 steerMode=0/-1358 iSteer=66011 driveMode=13750/68835 iDrive=51815 scale=0 wheel=40000
2026-07-07T14:52:00.838+00:00 CAN id=101 dlc=8 data=d8cf0400409c0000
2026-07-07T14:52:00.858+00:00 CAN id=101 dlc=8 data=d8cf0400409c0000
2026-07-07T14:52:00.878+00:00 CAN id=101 dlc=8 data=d8cf0400409c0000
2026-07-07T14:52:00.898+00:00 CAN id=101 dlc=8 data=d8cf0400409c0000
2026-07-07T14:52:00.918+00:00 CAN id=101 dlc=8 data=d8cf0400409c0000
2026-07-07T14:52:00.937+00:00 VCP run=1 step=0 angle=315879 target=315352 err=-527 steer=-263 m1=1094/12301 i1=-94 t1=28 m2=-1078/-15199 i2=-105 t2=27 steerMode=-1449/466 iSteer=-99229 driveMode=13750/59379 iDrive=5540 scale=0 wheel=40000
2026-07-07T14:52:00.937+00:00 VCP SET_TARGET_RX steer=315352 wheel=40000
2026-07-07T14:52:00.938+00:00 CAN id=101 dlc=8 data=d8cf0400409c0000
2026-07-07T14:52:00.958+00:00 CAN id=101 dlc=8 data=d8cf0400409c0000
2026-07-07T14:52:00.978+00:00 CAN id=101 dlc=8 data=d8cf0400409c0000
2026-07-07T14:52:00.998+00:00 CAN id=101 dlc=8 data=d8cf0400409c0000
2026-07-07T14:52:01.018+00:00 CAN id=101 dlc=8 data=d8cf0400409c0000
2026-07-07T14:52:01.038+00:00 CAN id=101 dlc=8 data=d8cf0400409c0000
2026-07-07T14:52:01.058+00:00 CAN id=101 dlc=8 data=d8cf0400409c0000
2026-07-07T14:52:01.078+00:00 CAN id=101 dlc=8 data=d8cf0400409c0000
2026-07-07T14:52:01.098+00:00 CAN id=101 dlc=8 data=d8cf0400409c0000
2026-07-07T14:52:01.118+00:00 CAN id=101 dlc=8 data=d8cf0400409c0000
2026-07-07T14:52:01.123+00:00 VCP run=1 step=0 angle=315879 target=315352 err=-527 steer=-150 m1=895/12925 i1=-86 t1=28 m2=-888/-14575 i2=-62 t2=27 steerMode=-825/564 iSteer=-73790 driveMode=13750/48080 iDrive=-12048 scale=0 wheel=40000
2026-07-07T14:52:01.123+00:00 VCP run=1 step=0 angle=316055 target=315352 err=-703 steer=-351 m1=581/11818 i1=-58 t1=28 m2=-624/-15682 i2=-70 t2=27 steerMode=-1932/-865 iSteer=-63805 driveMode=13750/34438 iDrive=5997 scale=0 wheel=40000
2026-07-07T14:52:01.138+00:00 CAN id=101 dlc=8 data=d8cf0400409c0000
2026-07-07T14:52:01.158+00:00 CAN id=101 dlc=8 data=d8cf0400409c0000
2026-07-07T14:52:01.178+00:00 CAN id=101 dlc=8 data=d8cf0400409c0000
2026-07-07T14:52:01.198+00:00 CAN id=101 dlc=8 data=d8cf0400409c0000
2026-07-07T14:52:01.218+00:00 CAN id=101 dlc=8 data=d8cf0400409c0000
2026-07-07T14:52:01.227+00:00 VCP run=1 step=0 angle=315879 target=315352 err=-527 steer=-263 m1=385/12301 i1=-31 t1=28 m2=-360/-15199 i2=-114 t2=27 steerMode=-1449/-256 iSteer=-72294 driveMode=13750/22099 iDrive=41583 scale=0 wheel=40000
2026-07-07T14:52:01.238+00:00 CAN id=101 dlc=8 data=d8cf0400409c0000
2026-07-07T14:52:01.258+00:00 CAN id=101 dlc=8 data=d8cf0400409c0000
2026-07-07T14:52:01.278+00:00 CAN id=101 dlc=8 data=d8cf0400409c0000
2026-07-07T14:52:01.298+00:00 CAN id=101 dlc=8 data=d8cf0400409c0000
2026-07-07T14:52:01.318+00:00 CAN id=101 dlc=8 data=d8cf0400409c0000
2026-07-07T14:52:01.332+00:00 VCP run=1 step=0 angle=315791 target=315352 err=-439 steer=0 m1=259/13750 i1=77 t1=28 m2=-185/-13750 i2=-83 t2=27 steerMode=0/-214 iSteer=-3356 driveMode=13750/13231 iDrive=79877 scale=0 wheel=40000
2026-07-07T14:52:01.338+00:00 CAN id=101 dlc=8 data=d8cf0400409c0000
2026-07-07T14:52:01.358+00:00 CAN id=101 dlc=8 data=d8cf0400409c0000
2026-07-07T14:52:01.378+00:00 CAN id=101 dlc=8 data=d8cf0400409c0000
2026-07-07T14:52:01.398+00:00 CAN id=101 dlc=8 data=d8cf0400409c0000
2026-07-07T14:52:01.418+00:00 CAN id=101 dlc=8 data=d8cf0400409c0000
2026-07-07T14:52:01.435+00:00 VCP run=1 step=0 angle=315791 target=315352 err=-439 steer=0 m1=100/13750 i1=74 t1=28 m2=-124/-13750 i2=-157 t2=27 steerMode=0/514 iSteer=-41543 driveMode=13750/7539 iDrive=115050 scale=0 wheel=40000
2026-07-07T14:52:01.435+00:00 VCP SET_TARGET_RX steer=315352 wheel=40000
2026-07-07T14:52:01.438+00:00 CAN id=101 dlc=8 data=d8cf0400409c0000
2026-07-07T14:52:01.458+00:00 CAN id=101 dlc=8 data=d8cf0400409c0000
2026-07-07T14:52:01.479+00:00 CAN id=101 dlc=8 data=d8cf0400409c0000
2026-07-07T14:52:01.498+00:00 CAN id=101 dlc=8 data=d8cf0400409c0000
2026-07-07T14:52:01.518+00:00 CAN id=101 dlc=8 data=d8cf0400409c0000
2026-07-07T14:52:01.538+00:00 CAN id=101 dlc=8 data=d8cf0400409c0000
2026-07-07T14:52:01.558+00:00 CAN id=101 dlc=8 data=d8cf0400409c0000
2026-07-07T14:52:01.578+00:00 CAN id=101 dlc=8 data=d8cf0400409c0000
2026-07-07T14:52:01.598+00:00 CAN id=101 dlc=8 data=d8cf0400409c0000
2026-07-07T14:52:01.618+00:00 CAN id=101 dlc=8 data=d8cf0400409c0000
2026-07-07T14:52:01.621+00:00 VCP run=1 step=0 angle=316055 target=315352 err=-703 steer=-351 m1=-53/11818 i1=39 t1=28 m2=2/-15682 i2=-292 t2=27 steerMode=-1932/211 iSteer=-126658 driveMode=13750/906 iDrive=165204 scale=0 wheel=40000
2026-07-07T14:52:01.621+00:00 VCP run=1 step=0 angle=316055 target=315352 err=-703 steer=-351 m1=0/11818 i1=75 t1=28 m2=0/-15682 i2=-315 t2=27 steerMode=-1932/-30 iSteer=-119748 driveMode=13750/-2 iDrive=194938 scale=0 wheel=40000
2026-07-07T14:52:01.638+00:00 CAN id=101 dlc=8 data=d8cf0400409c0000
2026-07-07T14:52:01.658+00:00 CAN id=101 dlc=8 data=d8cf0400409c0000
2026-07-07T14:52:01.678+00:00 CAN id=101 dlc=8 data=d8cf0400409c0000
2026-07-07T14:52:01.698+00:00 CAN id=101 dlc=8 data=d8cf0400409c0000
2026-07-07T14:52:01.718+00:00 CAN id=101 dlc=8 data=d8cf0400409c0000
2026-07-07T14:52:01.727+00:00 VCP run=1 step=0 angle=316055 target=315352 err=-703 steer=-351 m1=0/11818 i1=94 t1=28 m2=0/-15682 i2=-347 t2=27 steerMode=-1932/-4 iSteer=-126380 driveMode=13750/4 iDrive=220474 scale=0 wheel=40000
2026-07-07T14:52:01.738+00:00 CAN id=101 dlc=8 data=d8cf0400409c0000
2026-07-07T14:52:01.758+00:00 CAN id=101 dlc=8 data=d8cf0400409c0000
2026-07-07T14:52:01.778+00:00 CAN id=101 dlc=8 data=d8cf0400409c0000
2026-07-07T14:52:01.798+00:00 CAN id=101 dlc=8 data=d8cf0400409c0000
2026-07-07T14:52:01.818+00:00 CAN id=101 dlc=8 data=d8cf0400409c0000
2026-07-07T14:52:01.832+00:00 VCP run=1 step=0 angle=316055 target=315352 err=-703 steer=-351 m1=0/11818 i1=114 t1=28 m2=0/-15682 i2=-378 t2=27 steerMode=-1932/-3 iSteer=-131810 driveMode=13750/3 iDrive=246032 scale=0 wheel=40000
2026-07-07T14:52:01.838+00:00 CAN id=101 dlc=8 data=d8cf0400409c0000
2026-07-07T14:52:01.858+00:00 CAN id=101 dlc=8 data=d8cf0400409c0000
2026-07-07T14:52:01.878+00:00 CAN id=101 dlc=8 data=d8cf0400409c0000
2026-07-07T14:52:01.898+00:00 CAN id=101 dlc=8 data=d8cf0400409c0000
2026-07-07T14:52:01.918+00:00 CAN id=101 dlc=8 data=d8cf0400409c0000
2026-07-07T14:52:01.934+00:00 VCP run=1 step=0 angle=316055 target=315352 err=-703 steer=-351 m1=0/11818 i1=136 t1=28 m2=-3/-15682 i2=-407 t2=27 steerMode=-1932/-30 iSteer=-135824 driveMode=13750/30 iDrive=271466 scale=0 wheel=40000
2026-07-07T14:52:01.934+00:00 VCP SET_TARGET_RX steer=315352 wheel=40000
2026-07-07T14:52:01.938+00:00 CAN id=101 dlc=8 data=d8cf0400409c0000
2026-07-07T14:52:01.958+00:00 CAN id=101 dlc=8 data=d8cf0400409c0000
2026-07-07T14:52:01.978+00:00 CAN id=101 dlc=8 data=d8cf0400409c0000
2026-07-07T14:52:01.998+00:00 CAN id=101 dlc=8 data=d8cf0400409c0000
2026-07-07T14:52:02.018+00:00 CAN id=101 dlc=8 data=d8cf0400409c0000
2026-07-07T14:52:02.038+00:00 CAN id=101 dlc=8 data=d8cf0400409c0000
2026-07-07T14:52:02.039+00:00 VCP run=1 step=0 angle=316055 target=315352 err=-703 steer=-351 m1=0/11818 i1=156 t1=28 m2=-3/-15682 i2=-438 t2=27 steerMode=-1932/-40 iSteer=-140743 driveMode=13750/42 iDrive=297229 scale=0 wheel=40000
2026-07-07T14:52:02.058+00:00 CAN id=101 dlc=8 data=d8cf0400409c0000
2026-07-07T14:52:02.078+00:00 CAN id=101 dlc=8 data=d8cf0400409c0000
2026-07-07T14:52:02.098+00:00 CAN id=101 dlc=8 data=d8cf0400409c0000
2026-07-07T14:52:02.118+00:00 CAN id=101 dlc=8 data=d8cf0400409c0000
2026-07-07T14:52:02.138+00:00 CAN id=101 dlc=8 data=d8cf0400409c0000
2026-07-07T14:52:02.158+00:00 CAN id=101 dlc=8 data=d8cf0400409c0000
2026-07-07T14:52:02.178+00:00 CAN id=101 dlc=8 data=d8cf0400409c0000
2026-07-07T14:52:02.198+00:00 CAN id=101 dlc=8 data=d8cf0400409c0000
2026-07-07T14:52:02.218+00:00 CAN id=101 dlc=8 data=d8cf0400409c0000
2026-07-07T14:52:02.226+00:00 VCP run=1 step=0 angle=316055 target=315352 err=-703 steer=-351 m1=0/11818 i1=175 t1=28 m2=0/-15682 i2=-470 t2=27 steerMode=-1932/-12 iSteer=-147492 driveMode=13750/12 iDrive=322924 scale=0 wheel=40000
2026-07-07T14:52:02.226+00:00 VCP run=1 step=0 angle=315967 target=315352 err=-615 steer=-307 m1=2/12059 i1=363 t1=28 m2=-145/-15441 i2=-294 t2=27 steerMode=-1691/-3441 iSteer=34545 driveMode=13750/3482 iDrive=328596 scale=0 wheel=40000
2026-07-07T14:52:02.238+00:00 CAN id=101 dlc=8 data=d8cf0400409c0000
2026-07-07T14:52:02.258+00:00 CAN id=101 dlc=8 data=d8cf0400409c0000
2026-07-07T14:52:02.278+00:00 CAN id=101 dlc=8 data=d8cf0400409c0000
2026-07-07T14:52:02.298+00:00 CAN id=101 dlc=8 data=d8cf0400409c0000
2026-07-07T14:52:02.318+00:00 CAN id=101 dlc=8 data=d8cf0400409c0000
2026-07-07T14:52:02.331+00:00 VCP run=1 step=0 angle=314648 target=315352 err=704 steer=352 m1=0/15685 i1=588 t1=28 m2=-191/-11815 i2=-104 t2=27 steerMode=1935/-3745 iSteer=242110 driveMode=13750/3690 iDrive=345675 scale=0 wheel=40000
2026-07-07T14:52:02.339+00:00 CAN id=101 dlc=8 data=d8cf0400409c0000
2026-07-07T14:52:02.358+00:00 CAN id=101 dlc=8 data=d8cf0400409c0000
2026-07-07T14:52:02.378+00:00 CAN id=101 dlc=8 data=d8cf0400409c0000
2026-07-07T14:52:02.398+00:00 CAN id=101 dlc=8 data=d8cf0400409c0000
2026-07-07T14:52:02.418+00:00 BENCH disable sent
2026-07-07T14:52:02.418+00:00 CAN id=121 dlc=2 data=0100
2026-07-07T14:52:02.418+00:00 CAN id=121 dlc=2 data=0100
2026-07-07T14:52:02.531+00:00 VCP run=1 step=0 angle=313682 target=315352 err=1670 steer=835 m1=0/18344 i1=603 t1=28 m2=2/-9156 i2=-165 t2=27 steerMode=4594/-272 iSteer=219249 driveMode=13750/243 iDrive=383948 scale=0 wheel=40000
2026-07-07T14:52:02.531+00:00 VCP UNIT_CTRL enable=0
2026-07-07T14:52:02.531+00:00 VCP UNIT_CTRL enable=0
2026-07-07T14:52:02.531+00:00 VCP STOP: disabled
2026-07-07T14:52:02.819+00:00 BENCH log closed
