2026-07-07T14:53:27.152+00:00 BENCH log opened: firmware/logs/lowrpm-floor150-rpm40.log
2026-07-07T14:53:27.152+00:00 BENCH run: steer=315.352deg (315352mdeg) wheel=40.0rpm (40000milli-rpm) rate=50.0Hz duration=10.0s
2026-07-07T14:53:27.153+00:00 BENCH enable sent
2026-07-07T14:53:27.153+00:00 CAN id=121 dlc=2 data=0101
2026-07-07T14:53:27.153+00:00 CAN id=101 dlc=8 data=d8cf0400409c0000
2026-07-07T14:53:27.167+00:00 VCP NIT_CTRL enable=0
2026-07-07T14:53:27.167+00:00 VCP UNIT_CTRL enable=0
2026-07-07T14:53:27.167+00:00 VCP SET_CONFIG idx=14 val=0
2026-07-07T14:53:27.167+00:00 VCP SET_CONFIG idx=15 val=150000
2026-07-07T14:53:27.167+00:00 VCP UNIT_CTRL enable=1
2026-07-07T14:53:27.167+00:00 VCP SET_TARGET_RX steer=315352 wheel=40000
2026-07-07T14:53:27.167+00:00 VCP START_CAN: angle=314824 target=315352 wheelTarget=40000
2026-07-07T14:53:27.173+00:00 CAN id=101 dlc=8 data=d8cf0400409c0000
2026-07-07T14:53:27.193+00:00 CAN id=101 dlc=8 data=d8cf0400409c0000
2026-07-07T14:53:27.213+00:00 CAN id=101 dlc=8 data=d8cf0400409c0000
2026-07-07T14:53:27.233+00:00 CAN id=101 dlc=8 data=d8cf0400409c0000
2026-07-07T14:53:27.253+00:00 CAN id=101 dlc=8 data=d8cf0400409c0000
2026-07-07T14:53:27.269+00:00 VCP run=1 step=0 angle=314824 target=315352 err=528 steer=250 m1=0/1719 i1=71 t1=28 m2=0/1031 i2=67 t2=27 steerMode=1375/0 iSteer=68956 driveMode=344/0 iDrive=1753 scale=0 wheel=1000
2026-07-07T14:53:27.273+00:00 CAN id=101 dlc=8 data=d8cf0400409c0000
2026-07-07T14:53:27.293+00:00 CAN id=101 dlc=8 data=d8cf0400409c0000
2026-07-07T14:53:27.313+00:00 CAN id=101 dlc=8 data=d8cf0400409c0000
2026-07-07T14:53:27.333+00:00 CAN id=101 dlc=8 data=d8cf0400409c0000
2026-07-07T14:53:27.353+00:00 CAN id=101 dlc=8 data=d8cf0400409c0000
2026-07-07T14:53:27.373+00:00 CAN id=101 dlc=8 data=d8cf0400409c0000
2026-07-07T14:53:27.375+00:00 VCP run=1 step=0 angle=314824 target=315352 err=528 steer=264 m1=-3/7983 i1=115 t1=28 m2=0/-5080 i2=37 t2=27 steerMode=1451/6 iSteer=76382 driveMode=6531/6 iDrive=38966 scale=0 wheel=19000
2026-07-07T14:53:27.375+00:00 VCP run=1 step=0 angle=314824 target=315352 err=528 steer=264 m1=0/14445 i1=171 t1=28 m2=0/-11542 i2=-8 t2=27 steerMode=1451/-11 iSteer=81362 driveMode=12994/12 iDrive=89740 scale=0 wheel=37800
2026-07-07T14:53:27.393+00:00 CAN id=101 dlc=8 data=d8cf0400409c0000
2026-07-07T14:53:27.413+00:00 CAN id=101 dlc=8 data=d8cf0400409c0000
2026-07-07T14:53:27.433+00:00 CAN id=101 dlc=8 data=d8cf0400409c0000
2026-07-07T14:53:27.453+00:00 CAN id=101 dlc=8 data=d8cf0400409c0000
2026-07-07T14:53:27.473+00:00 CAN id=101 dlc=8 data=d8cf0400409c0000
2026-07-07T14:53:27.493+00:00 CAN id=101 dlc=8 data=d8cf0400409c0000
2026-07-07T14:53:27.513+00:00 CAN id=101 dlc=8 data=d8cf0400409c0000
2026-07-07T14:53:27.533+00:00 CAN id=101 dlc=8 data=d8cf0400409c0000
2026-07-07T14:53:27.553+00:00 CAN id=101 dlc=8 data=d8cf0400409c0000
2026-07-07T14:53:27.564+00:00 VCP run=1 step=0 angle=314824 target=315352 err=528 steer=264 m1=2/15201 i1=204 t1=28 m2=0/-12299 i2=-35 t2=27 steerMode=1451/9 iSteer=84439 driveMode=13750/10 iDrive=119363 scale=0 wheel=40000
2026-07-07T14:53:27.573+00:00 CAN id=101 dlc=8 data=d8cf0400409c0000
2026-07-07T14:53:27.593+00:00 CAN id=101 dlc=8 data=d8cf0400409c0000
2026-07-07T14:53:27.613+00:00 CAN id=101 dlc=8 data=d8cf0400409c0000
2026-07-07T14:53:27.633+00:00 CAN id=101 dlc=8 data=d8cf0400409c0000
2026-07-07T14:53:27.653+00:00 CAN id=101 dlc=8 data=d8cf0400409c0000
2026-07-07T14:53:27.666+00:00 VCP run=1 step=0 angle=314824 target=315352 err=528 steer=264 m1=0/15201 i1=234 t1=28 m2=0/-12299 i2=-57 t2=27 steerMode=1451/9 iSteer=88564 driveMode=13750/17 iDrive=145161 scale=0 wheel=40000
2026-07-07T14:53:27.666+00:00 VCP SET_TARGET_RX steer=315352 wheel=40000
2026-07-07T14:53:27.673+00:00 CAN id=101 dlc=8 data=d8cf0400409c0000
2026-07-07T14:53:27.693+00:00 CAN id=101 dlc=8 data=d8cf0400409c0000
2026-07-07T14:53:27.713+00:00 CAN id=101 dlc=8 data=d8cf0400409c0000
2026-07-07T14:53:27.733+00:00 CAN id=101 dlc=8 data=d8cf0400409c0000
2026-07-07T14:53:27.753+00:00 CAN id=101 dlc=8 data=d8cf0400409c0000
2026-07-07T14:53:27.771+00:00 VCP run=1 step=0 angle=314824 target=315352 err=528 steer=264 m1=0/15201 i1=264 t1=28 m2=0/-12299 i2=-78 t2=27 steerMode=1451/0 iSteer=93087 driveMode=13750/0 iDrive=171087 scale=0 wheel=40000
2026-07-07T14:53:27.773+00:00 CAN id=101 dlc=8 data=d8cf0400409c0000
2026-07-07T14:53:27.793+00:00 CAN id=101 dlc=8 data=d8cf0400409c0000
2026-07-07T14:53:27.813+00:00 CAN id=101 dlc=8 data=d8cf0400409c0000
2026-07-07T14:53:27.833+00:00 CAN id=101 dlc=8 data=d8cf0400409c0000
2026-07-07T14:53:27.853+00:00 CAN id=101 dlc=8 data=d8cf0400409c0000
2026-07-07T14:53:27.873+00:00 CAN id=101 dlc=8 data=d8cf0400409c0000
2026-07-07T14:53:27.893+00:00 CAN id=101 dlc=8 data=d8cf0400409c0000
2026-07-07T14:53:27.913+00:00 CAN id=101 dlc=8 data=d8cf0400409c0000
2026-07-07T14:53:27.933+00:00 CAN id=101 dlc=8 data=d8cf0400409c0000
2026-07-07T14:53:27.953+00:00 CAN id=101 dlc=8 data=d8cf0400409c0000
2026-07-07T14:53:27.960+00:00 VCP run=1 step=0 angle=314824 target=315352 err=528 steer=264 m1=0/15201 i1=294 t1=28 m2=0/-12299 i2=-99 t2=27 steerMode=1451/-4 iSteer=97431 driveMode=13750/1 iDrive=196922 scale=0 wheel=40000
2026-07-07T14:53:27.960+00:00 VCP run=1 step=0 angle=314824 target=315352 err=528 steer=264 m1=0/15201 i1=324 t1=28 m2=0/-12299 i2=-121 t2=27 steerMode=1451/-3 iSteer=101470 driveMode=13750/5 iDrive=222743 scale=0 wheel=40000
2026-07-07T14:53:27.973+00:00 CAN id=101 dlc=8 data=d8cf0400409c0000
2026-07-07T14:53:27.993+00:00 CAN id=101 dlc=8 data=d8cf0400409c0000
2026-07-07T14:53:28.013+00:00 CAN id=101 dlc=8 data=d8cf0400409c0000
2026-07-07T14:53:28.033+00:00 CAN id=101 dlc=8 data=d8cf0400409c0000
2026-07-07T14:53:28.053+00:00 CAN id=101 dlc=8 data=d8cf0400409c0000
2026-07-07T14:53:28.066+00:00 VCP run=1 step=0 angle=314824 target=315352 err=528 steer=264 m1=0/15201 i1=354 t1=28 m2=0/-12299 i2=-143 t2=27 steerMode=1451/-1 iSteer=105442 driveMode=13750/0 iDrive=248617 scale=0 wheel=40000
2026-07-07T14:53:28.073+00:00 CAN id=101 dlc=8 data=d8cf0400409c0000
2026-07-07T14:53:28.093+00:00 CAN id=101 dlc=8 data=d8cf0400409c0000
2026-07-07T14:53:28.113+00:00 CAN id=101 dlc=8 data=d8cf0400409c0000
2026-07-07T14:53:28.133+00:00 CAN id=101 dlc=8 data=d8cf0400409c0000
2026-07-07T14:53:28.153+00:00 CAN id=101 dlc=8 data=d8cf0400409c0000
2026-07-07T14:53:28.168+00:00 VCP run=1 step=0 angle=314824 target=315352 err=528 steer=264 m1=0/15201 i1=384 t1=28 m2=0/-12299 i2=-165 t2=27 steerMode=1451/0 iSteer=109529 driveMode=13750/1 iDrive=274443 scale=0 wheel=40000
2026-07-07T14:53:28.168+00:00 VCP SET_TARGET_RX steer=315352 wheel=40000
2026-07-07T14:53:28.173+00:00 CAN id=101 dlc=8 data=d8cf0400409c0000
2026-07-07T14:53:28.193+00:00 CAN id=101 dlc=8 data=d8cf0400409c0000
2026-07-07T14:53:28.213+00:00 CAN id=101 dlc=8 data=d8cf0400409c0000
2026-07-07T14:53:28.233+00:00 CAN id=101 dlc=8 data=d8cf0400409c0000
2026-07-07T14:53:28.255+00:00 CAN id=101 dlc=8 data=d8cf0400409c0000
2026-07-07T14:53:28.273+00:00 CAN id=101 dlc=8 data=d8cf0400409c0000
2026-07-07T14:53:28.273+00:00 VCP run=1 step=0 angle=314824 target=315352 err=528 steer=264 m1=2/15201 i1=414 t1=28 m2=0/-12299 i2=-187 t2=27 steerMode=1451/3 iSteer=113497 driveMode=13750/3 iDrive=300286 scale=0 wheel=40000
2026-07-07T14:53:28.293+00:00 CAN id=101 dlc=8 data=d8cf0400409c0000
2026-07-07T14:53:28.313+00:00 CAN id=101 dlc=8 data=d8cf0400409c0000
2026-07-07T14:53:28.333+00:00 CAN id=101 dlc=8 data=d8cf0400409c0000
2026-07-07T14:53:28.353+00:00 CAN id=101 dlc=8 data=d8cf0400409c0000
2026-07-07T14:53:28.373+00:00 CAN id=101 dlc=8 data=d8cf0400409c0000
2026-07-07T14:53:28.393+00:00 CAN id=101 dlc=8 data=d8cf0400409c0000
2026-07-07T14:53:28.413+00:00 CAN id=101 dlc=8 data=d8cf0400409c0000
2026-07-07T14:53:28.433+00:00 CAN id=101 dlc=8 data=d8cf0400409c0000
2026-07-07T14:53:28.453+00:00 CAN id=101 dlc=8 data=d8cf0400409c0000
2026-07-07T14:53:28.462+00:00 VCP run=1 step=0 angle=314824 target=315352 err=528 steer=264 m1=0/15201 i1=444 t1=28 m2=0/-12299 i2=-208 t2=27 steerMode=1451/-4 iSteer=117903 driveMode=13750/4 iDrive=326098 scale=0 wheel=40000
2026-07-07T14:53:28.462+00:00 VCP run=1 step=0 angle=314824 target=315352 err=528 steer=264 m1=0/15201 i1=474 t1=28 m2=0/-12299 i2=-230 t2=27 steerMode=1451/-2 iSteer=121903 driveMode=13750/-2 iDrive=351980 scale=0 wheel=40000
2026-07-07T14:53:28.473+00:00 CAN id=101 dlc=8 data=d8cf0400409c0000
2026-07-07T14:53:28.493+00:00 CAN id=101 dlc=8 data=d8cf0400409c0000
2026-07-07T14:53:28.513+00:00 CAN id=101 dlc=8 data=d8cf0400409c0000
2026-07-07T14:53:28.533+00:00 CAN id=101 dlc=8 data=d8cf0400409c0000
2026-07-07T14:53:28.553+00:00 CAN id=101 dlc=8 data=d8cf0400409c0000
2026-07-07T14:53:28.567+00:00 VCP run=1 step=0 angle=314824 target=315352 err=528 steer=264 m1=0/15201 i1=504 t1=28 m2=0/-12299 i2=-252 t2=27 steerMode=1451/1 iSteer=125847 driveMode=13750/1 iDrive=377813 scale=0 wheel=40000
2026-07-07T14:53:28.573+00:00 CAN id=101 dlc=8 data=d8cf0400409c0000
2026-07-07T14:53:28.593+00:00 CAN id=101 dlc=8 data=d8cf0400409c0000
2026-07-07T14:53:28.613+00:00 CAN id=101 dlc=8 data=d8cf0400409c0000
2026-07-07T14:53:28.633+00:00 CAN id=101 dlc=8 data=d8cf0400409c0000
2026-07-07T14:53:28.653+00:00 CAN id=101 dlc=8 data=d8cf0400409c0000
2026-07-07T14:53:28.669+00:00 VCP run=1 step=0 angle=314824 target=315352 err=528 steer=264 m1=0/15201 i1=534 t1=28 m2=0/-12299 i2=-274 t2=27 steerMode=1451/0 iSteer=130003 driveMode=13750/0 iDrive=403669 scale=0 wheel=40000
2026-07-07T14:53:28.670+00:00 VCP SET_TARGET_RX steer=315352 wheel=40000
2026-07-07T14:53:28.673+00:00 CAN id=101 dlc=8 data=d8cf0400409c0000
2026-07-07T14:53:28.693+00:00 CAN id=101 dlc=8 data=d8cf0400409c0000
2026-07-07T14:53:28.713+00:00 CAN id=101 dlc=8 data=d8cf0400409c0000
2026-07-07T14:53:28.733+00:00 CAN id=101 dlc=8 data=d8cf0400409c0000
2026-07-07T14:53:28.753+00:00 CAN id=101 dlc=8 data=d8cf0400409c0000
2026-07-07T14:53:28.773+00:00 CAN id=101 dlc=8 data=d8cf0400409c0000
2026-07-07T14:53:28.793+00:00 CAN id=101 dlc=8 data=d8cf0400409c0000
2026-07-07T14:53:28.813+00:00 CAN id=101 dlc=8 data=d8cf0400409c0000
2026-07-07T14:53:28.833+00:00 CAN id=101 dlc=8 data=d8cf0400409c0000
2026-07-07T14:53:28.853+00:00 CAN id=101 dlc=8 data=d8cf0400409c0000
2026-07-07T14:53:28.858+00:00 VCP run=1 step=0 angle=314824 target=315352 err=528 steer=264 m1=0/15201 i1=564 t1=28 m2=0/-12299 i2=-295 t2=27 steerMode=1451/0 iSteer=134095 driveMode=13750/0 iDrive=429518 scale=0 wheel=40000
2026-07-07T14:53:28.858+00:00 VCP run=1 step=0 angle=314824 target=315352 err=528 steer=264 m1=0/15201 i1=594 t1=28 m2=0/-12299 i2=-317 t2=27 steerMode=1451/-9 iSteer=138634 driveMode=13750/10 iDrive=455312 scale=0 wheel=40000
2026-07-07T14:53:28.873+00:00 CAN id=101 dlc=8 data=d8cf0400409c0000
2026-07-07T14:53:28.893+00:00 CAN id=101 dlc=8 data=d8cf0400409c0000
2026-07-07T14:53:28.913+00:00 CAN id=101 dlc=8 data=d8cf0400409c0000
2026-07-07T14:53:28.933+00:00 CAN id=101 dlc=8 data=d8cf0400409c0000
2026-07-07T14:53:28.953+00:00 CAN id=101 dlc=8 data=d8cf0400409c0000
2026-07-07T14:53:28.964+00:00 VCP run=1 step=0 angle=314824 target=315352 err=528 steer=264 m1=0/15201 i1=624 t1=28 m2=0/-12299 i2=-339 t2=27 steerMode=1451/-3 iSteer=142428 driveMode=13750/-3 iDrive=481220 scale=0 wheel=40000
2026-07-07T14:53:28.973+00:00 CAN id=101 dlc=8 data=d8cf0400409c0000
2026-07-07T14:53:28.993+00:00 CAN id=101 dlc=8 data=d8cf0400409c0000
2026-07-07T14:53:29.013+00:00 CAN id=101 dlc=8 data=d8cf0400409c0000
2026-07-07T14:53:29.033+00:00 CAN id=101 dlc=8 data=d8cf0400409c0000
2026-07-07T14:53:29.053+00:00 CAN id=101 dlc=8 data=d8cf0400409c0000
2026-07-07T14:53:29.069+00:00 VCP run=1 step=0 angle=314824 target=315352 err=528 steer=264 m1=0/15201 i1=653 t1=28 m2=0/-12299 i2=-361 t2=27 steerMode=1451/0 iSteer=146412 driveMode=13750/0 iDrive=507049 scale=0 wheel=40000
2026-07-07T14:53:29.073+00:00 CAN id=101 dlc=8 data=d8cf0400409c0000
2026-07-07T14:53:29.093+00:00 CAN id=101 dlc=8 data=d8cf0400409c0000
2026-07-07T14:53:29.113+00:00 CAN id=101 dlc=8 data=d8cf0400409c0000
2026-07-07T14:53:29.133+00:00 CAN id=101 dlc=8 data=d8cf0400409c0000
2026-07-07T14:53:29.153+00:00 CAN id=101 dlc=8 data=d8cf0400409c0000
2026-07-07T14:53:29.171+00:00 VCP run=1 step=0 angle=314824 target=315352 err=528 steer=264 m1=0/15201 i1=683 t1=28 m2=0/-12299 i2=-382 t2=27 steerMode=1451/0 iSteer=150462 driveMode=13750/0 iDrive=532895 scale=0 wheel=40000
2026-07-07T14:53:29.171+00:00 VCP SET_TARGET_RX steer=315352 wheel=40000
2026-07-07T14:53:29.173+00:00 CAN id=101 dlc=8 data=d8cf0400409c0000
2026-07-07T14:53:29.193+00:00 CAN id=101 dlc=8 data=d8cf0400409c0000
2026-07-07T14:53:29.213+00:00 CAN id=101 dlc=8 data=d8cf0400409c0000
2026-07-07T14:53:29.233+00:00 CAN id=101 dlc=8 data=d8cf0400409c0000
2026-07-07T14:53:29.253+00:00 CAN id=101 dlc=8 data=d8cf0400409c0000
2026-07-07T14:53:29.273+00:00 CAN id=101 dlc=8 data=d8cf0400409c0000
2026-07-07T14:53:29.293+00:00 CAN id=101 dlc=8 data=d8cf0400409c0000
2026-07-07T14:53:29.313+00:00 CAN id=101 dlc=8 data=d8cf0400409c0000
2026-07-07T14:53:29.333+00:00 CAN id=101 dlc=8 data=d8cf0400409c0000
2026-07-07T14:53:29.353+00:00 CAN id=101 dlc=8 data=d8cf0400409c0000
2026-07-07T14:53:29.360+00:00 VCP run=1 step=0 angle=314824 target=315352 err=528 steer=264 m1=0/15201 i1=713 t1=28 m2=0/-12299 i2=-404 t2=27 steerMode=1451/1 iSteer=154514 driveMode=13750/1 iDrive=558739 scale=0 wheel=40000
2026-07-07T14:53:29.360+00:00 VCP run=1 step=0 angle=314824 target=315352 err=528 steer=264 m1=0/15201 i1=743 t1=28 m2=0/-12299 i2=-426 t2=27 steerMode=1451/0 iSteer=158660 driveMode=13750/0 iDrive=584594 scale=0 wheel=40000
2026-07-07T14:53:29.373+00:00 CAN id=101 dlc=8 data=d8cf0400409c0000
2026-07-07T14:53:29.393+00:00 CAN id=101 dlc=8 data=d8cf0400409c0000
2026-07-07T14:53:29.413+00:00 CAN id=101 dlc=8 data=d8cf0400409c0000
2026-07-07T14:53:29.433+00:00 CAN id=101 dlc=8 data=d8cf0400409c0000
2026-07-07T14:53:29.453+00:00 CAN id=101 dlc=8 data=d8cf0400409c0000
2026-07-07T14:53:29.466+00:00 VCP run=1 step=0 angle=314824 target=315352 err=528 steer=264 m1=0/15201 i1=773 t1=28 m2=0/-12299 i2=-448 t2=27 steerMode=1451/0 iSteer=162773 driveMode=13750/0 iDrive=610450 scale=0 wheel=40000
2026-07-07T14:53:29.473+00:00 CAN id=101 dlc=8 data=d8cf0400409c0000
2026-07-07T14:53:29.493+00:00 CAN id=101 dlc=8 data=d8cf0400409c0000
2026-07-07T14:53:29.513+00:00 CAN id=101 dlc=8 data=d8cf0400409c0000
2026-07-07T14:53:29.533+00:00 CAN id=101 dlc=8 data=d8cf0400409c0000
2026-07-07T14:53:29.553+00:00 CAN id=101 dlc=8 data=d8cf0400409c0000
2026-07-07T14:53:29.571+00:00 VCP run=1 step=0 angle=314824 target=315352 err=528 steer=264 m1=0/15201 i1=803 t1=28 m2=0/-12299 i2=-469 t2=27 steerMode=1451/-4 iSteer=167067 driveMode=13750/5 iDrive=636266 scale=0 wheel=40000
2026-07-07T14:53:29.573+00:00 CAN id=101 dlc=8 data=d8cf0400409c0000
2026-07-07T14:53:29.593+00:00 CAN id=101 dlc=8 data=d8cf0400409c0000
2026-07-07T14:53:29.613+00:00 CAN id=101 dlc=8 data=d8cf0400409c0000
2026-07-07T14:53:29.633+00:00 CAN id=101 dlc=8 data=d8cf0400409c0000
2026-07-07T14:53:29.653+00:00 CAN id=101 dlc=8 data=d8cf0400409c0000
2026-07-07T14:53:29.673+00:00 CAN id=101 dlc=8 data=d8cf0400409c0000
2026-07-07T14:53:29.673+00:00 VCP run=1 step=0 angle=314824 target=315352 err=528 steer=264 m1=0/15201 i1=833 t1=28 m2=0/-12299 i2=-491 t2=27 steerMode=1451/-1 iSteer=171018 driveMode=13750/1 iDrive=662113 scale=0 wheel=40000
2026-07-07T14:53:29.673+00:00 VCP SET_TARGET_RX steer=315352 wheel=40000
2026-07-07T14:53:29.693+00:00 CAN id=101 dlc=8 data=d8cf0400409c0000
2026-07-07T14:53:29.713+00:00 CAN id=101 dlc=8 data=d8cf0400409c0000
2026-07-07T14:53:29.733+00:00 CAN id=101 dlc=8 data=d8cf0400409c0000
2026-07-07T14:53:29.753+00:00 CAN id=101 dlc=8 data=d8cf0400409c0000
2026-07-07T14:53:29.773+00:00 CAN id=101 dlc=8 data=d8cf0400409c0000
2026-07-07T14:53:29.793+00:00 CAN id=101 dlc=8 data=d8cf0400409c0000
2026-07-07T14:53:29.813+00:00 CAN id=101 dlc=8 data=d8cf0400409c0000
2026-07-07T14:53:29.833+00:00 CAN id=101 dlc=8 data=d8cf0400409c0000
2026-07-07T14:53:29.853+00:00 CAN id=101 dlc=8 data=d8cf0400409c0000
2026-07-07T14:53:29.861+00:00 VCP run=1 step=0 angle=314824 target=315352 err=528 steer=264 m1=0/15201 i1=863 t1=28 m2=0/-12299 i2=-513 t2=27 steerMode=1451/-1 iSteer=175107 driveMode=13750/-1 iDrive=687972 scale=0 wheel=40000
2026-07-07T14:53:29.861+00:00 VCP run=1 step=0 angle=314824 target=315352 err=528 steer=264 m1=0/15201 i1=893 t1=28 m2=0/-12299 i2=-534 t2=27 steerMode=1451/-10 iSteer=179655 driveMode=13750/24 iDrive=713686 scale=0 wheel=40000
2026-07-07T14:53:29.873+00:00 CAN id=101 dlc=8 data=d8cf0400409c0000
2026-07-07T14:53:29.893+00:00 CAN id=101 dlc=8 data=d8cf0400409c0000
2026-07-07T14:53:29.913+00:00 CAN id=101 dlc=8 data=d8cf0400409c0000
2026-07-07T14:53:29.933+00:00 CAN id=101 dlc=8 data=d8cf0400409c0000
2026-07-07T14:53:29.953+00:00 CAN id=101 dlc=8 data=d8cf0400409c0000
2026-07-07T14:53:29.967+00:00 VCP run=1 step=0 angle=314824 target=315352 err=528 steer=264 m1=0/15201 i1=923 t1=28 m2=0/-12299 i2=-556 t2=27 steerMode=1451/0 iSteer=183272 driveMode=13750/0 iDrive=739644 scale=0 wheel=40000
2026-07-07T14:53:29.973+00:00 CAN id=101 dlc=8 data=d8cf0400409c0000
2026-07-07T14:53:29.993+00:00 CAN id=101 dlc=8 data=d8cf0400409c0000
2026-07-07T14:53:30.013+00:00 CAN id=101 dlc=8 data=d8cf0400409c0000
2026-07-07T14:53:30.033+00:00 CAN id=101 dlc=8 data=d8cf0400409c0000
2026-07-07T14:53:30.053+00:00 CAN id=101 dlc=8 data=d8cf0400409c0000
2026-07-07T14:53:30.072+00:00 VCP run=1 step=0 angle=314824 target=315352 err=528 steer=264 m1=0/15201 i1=953 t1=28 m2=0/-12299 i2=-578 t2=27 steerMode=1451/5 iSteer=187119 driveMode=13750/5 iDrive=765463 scale=0 wheel=40000
2026-07-07T14:53:30.074+00:00 CAN id=101 dlc=8 data=d8cf0400409c0000
2026-07-07T14:53:30.093+00:00 CAN id=101 dlc=8 data=d8cf0400409c0000
2026-07-07T14:53:30.113+00:00 CAN id=101 dlc=8 data=d8cf0400409c0000
2026-07-07T14:53:30.133+00:00 CAN id=101 dlc=8 data=d8cf0400409c0000
2026-07-07T14:53:30.153+00:00 CAN id=101 dlc=8 data=d8cf0400409c0000
2026-07-07T14:53:30.173+00:00 CAN id=101 dlc=8 data=d8cf0400409c0000
2026-07-07T14:53:30.174+00:00 VCP run=1 step=0 angle=314824 target=315352 err=528 steer=264 m1=4/15201 i1=981 t1=28 m2=0/-12299 i2=-602 t2=27 steerMode=1451/38 iSteer=189529 driveMode=13750/40 iDrive=791102 scale=0 wheel=40000
2026-07-07T14:53:30.174+00:00 VCP SET_TARGET_RX steer=315352 wheel=40000
2026-07-07T14:53:30.193+00:00 CAN id=101 dlc=8 data=d8cf0400409c0000
2026-07-07T14:53:30.213+00:00 CAN id=101 dlc=8 data=d8cf0400409c0000
2026-07-07T14:53:30.233+00:00 CAN id=101 dlc=8 data=d8cf0400409c0000
2026-07-07T14:53:30.253+00:00 CAN id=101 dlc=8 data=d8cf0400409c0000
2026-07-07T14:53:30.273+00:00 CAN id=101 dlc=8 data=d8cf0400409c0000
2026-07-07T14:53:30.293+00:00 CAN id=101 dlc=8 data=d8cf0400409c0000
2026-07-07T14:53:30.313+00:00 CAN id=101 dlc=8 data=d8cf0400409c0000
2026-07-07T14:53:30.333+00:00 CAN id=101 dlc=8 data=d8cf0400409c0000
2026-07-07T14:53:30.353+00:00 CAN id=101 dlc=8 data=d8cf0400409c0000
2026-07-07T14:53:30.360+00:00 VCP run=1 step=0 angle=317109 target=315352 err=-1757 steer=-879 m1=422/8917 i1=322 t1=28 m2=-356/-18583 i2=-1135 t2=27 steerMode=-4833/5359 iSteer=-406780 driveMode=13750/15534 iDrive=728378 scale=0 wheel=40000
2026-07-07T14:53:30.360+00:00 VCP run=1 step=0 angle=316143 target=315352 err=-791 steer=-395 m1=895/11576 i1=642 t1=28 m2=-911/-15924 i2=-484 t2=27 steerMode=-2174/-1840 iSteer=78882 driveMode=13750/42569 iDrive=563113 scale=0 wheel=40000
2026-07-07T14:53:30.373+00:00 CAN id=101 dlc=8 data=d8cf0400409c0000
2026-07-07T14:53:30.393+00:00 CAN id=101 dlc=8 data=d8cf0400409c0000
2026-07-07T14:53:30.413+00:00 CAN id=101 dlc=8 data=d8cf0400409c0000
2026-07-07T14:53:30.433+00:00 CAN id=101 dlc=8 data=d8cf0400409c0000
2026-07-07T14:53:30.453+00:00 CAN id=101 dlc=8 data=d8cf0400409c0000
2026-07-07T14:53:30.464+00:00 VCP run=1 step=0 angle=316406 target=315352 err=-1054 steer=-527 m1=1201/10851 i1=351 t1=28 m2=-1256/-16649 i2=-447 t2=27 steerMode=-2899/-185 iSteer=-47969 driveMode=13750/60872 iDrive=399442 scale=0 wheel=40000
2026-07-07T14:53:30.473+00:00 CAN id=101 dlc=8 data=d8cf0400409c0000
2026-07-07T14:53:30.493+00:00 CAN id=101 dlc=8 data=d8cf0400409c0000
2026-07-07T14:53:30.513+00:00 CAN id=101 dlc=8 data=d8cf0400409c0000
2026-07-07T14:53:30.533+00:00 CAN id=101 dlc=8 data=d8cf0400409c0000
2026-07-07T14:53:30.553+00:00 CAN id=101 dlc=8 data=d8cf0400409c0000
2026-07-07T14:53:30.568+00:00 VCP run=1 step=0 angle=316230 target=315352 err=-878 steer=-439 m1=1339/11334 i1=261 t1=28 m2=-1400/-16166 i2=-248 t2=27 steerMode=-2416/-898 iSteer=6667 driveMode=13750/70583 iDrive=254178 scale=0 wheel=40000
2026-07-07T14:53:30.573+00:00 CAN id=101 dlc=8 data=d8cf0400409c0000
2026-07-07T14:53:30.593+00:00 CAN id=101 dlc=8 data=d8cf0400409c0000
2026-07-07T14:53:30.613+00:00 CAN id=101 dlc=8 data=d8cf0400409c0000
2026-07-07T14:53:30.633+00:00 CAN id=101 dlc=8 data=d8cf0400409c0000
2026-07-07T14:53:30.653+00:00 CAN id=101 dlc=8 data=d8cf0400409c0000
2026-07-07T14:53:30.669+00:00 VCP run=1 step=0 angle=316143 target=315352 err=-791 steer=-395 m1=1337/11576 i1=61 t1=28 m2=-1319/-15924 i2=-224 t2=27 steerMode=-2174/1000 iSteer=-81565 driveMode=13750/71353 iDrive=142245 scale=0 wheel=40000
2026-07-07T14:53:30.669+00:00 VCP SET_TARGET_RX steer=315352 wheel=40000
2026-07-07T14:53:30.673+00:00 CAN id=101 dlc=8 data=d8cf0400409c0000
2026-07-07T14:53:30.693+00:00 CAN id=101 dlc=8 data=d8cf0400409c0000
2026-07-07T14:53:30.713+00:00 CAN id=101 dlc=8 data=d8cf0400409c0000
2026-07-07T14:53:30.733+00:00 CAN id=101 dlc=8 data=d8cf0400409c0000
2026-07-07T14:53:30.753+00:00 CAN id=101 dlc=8 data=d8cf0400409c0000
2026-07-07T14:53:30.773+00:00 CAN id=101 dlc=8 data=d8cf0400409c0000
2026-07-07T14:53:30.773+00:00 VCP run=1 step=0 angle=316494 target=315352 err=-1142 steer=-571 m1=1155/10609 i1=13 t1=28 m2=-1191/-16891 i2=-151 t2=27 steerMode=-3141/-424 iSteer=-68792 driveMode=13750/63592 iDrive=81851 scale=0 wheel=40000
2026-07-07T14:53:30.793+00:00 CAN id=101 dlc=8 data=d8cf0400409c0000
2026-07-07T14:53:30.813+00:00 CAN id=101 dlc=8 data=d8cf0400409c0000
2026-07-07T14:53:30.833+00:00 CAN id=101 dlc=8 data=d8cf0400409c0000
2026-07-07T14:53:30.853+00:00 CAN id=101 dlc=8 data=d8cf0400409c0000
2026-07-07T14:53:30.873+00:00 CAN id=101 dlc=8 data=d8cf0400409c0000
2026-07-07T14:53:30.893+00:00 CAN id=101 dlc=8 data=d8cf0400409c0000
2026-07-07T14:53:30.913+00:00 CAN id=101 dlc=8 data=d8cf0400409c0000
2026-07-07T14:53:30.933+00:00 CAN id=101 dlc=8 data=d8cf0400409c0000
2026-07-07T14:53:30.953+00:00 CAN id=101 dlc=8 data=d8cf0400409c0000
2026-07-07T14:53:30.960+00:00 VCP run=1 step=0 angle=316143 target=315352 err=-791 steer=-395 m1=1019/11576 i1=23 t1=28 m2=-1011/-15924 i2=-61 t2=27 steerMode=-2174/-560 iSteer=-18950 driveMode=13750/54846 iDrive=42387 scale=0 wheel=40000
2026-07-07T14:53:30.960+00:00 VCP run=1 step=0 angle=315967 target=315352 err=-615 steer=-307 m1=855/12059 i1=1 t1=28 m2=-838/-15441 i2=-37 t2=27 steerMode=-1691/-195 iSteer=-17978 driveMode=13750/45993 iDrive=18611 scale=0 wheel=40000
2026-07-07T14:53:30.973+00:00 CAN id=101 dlc=8 data=d8cf0400409c0000
2026-07-07T14:53:30.993+00:00 CAN id=101 dlc=8 data=d8cf0400409c0000
2026-07-07T14:53:31.013+00:00 CAN id=101 dlc=8 data=d8cf0400409c0000
2026-07-07T14:53:31.033+00:00 CAN id=101 dlc=8 data=d8cf0400409c0000
2026-07-07T14:53:31.053+00:00 CAN id=101 dlc=8 data=d8cf0400409c0000
2026-07-07T14:53:31.065+00:00 VCP run=1 step=0 angle=315967 target=315352 err=-615 steer=-307 m1=650/12059 i1=24 t1=28 m2=-708/-15441 i2=-49 t2=27 steerMode=-1691/-390 iSteer=-12775 driveMode=13750/36445 iDrive=36523 scale=0 wheel=40000
2026-07-07T14:53:31.073+00:00 CAN id=101 dlc=8 data=d8cf0400409c0000
2026-07-07T14:53:31.093+00:00 CAN id=101 dlc=8 data=d8cf0400409c0000
2026-07-07T14:53:31.113+00:00 CAN id=101 dlc=8 data=d8cf0400409c0000
2026-07-07T14:53:31.133+00:00 CAN id=101 dlc=8 data=d8cf0400409c0000
2026-07-07T14:53:31.153+00:00 CAN id=101 dlc=8 data=d8cf0400409c0000
2026-07-07T14:53:31.165+00:00 VCP run=1 step=0 angle=315967 target=315352 err=-615 steer=-307 m1=523/12059 i1=49 t1=28 m2=-549/-15441 i2=-103 t2=27 steerMode=-1691/-192 iSteer=-26763 driveMode=13750/28587 iDrive=75817 scale=0 wheel=40000
2026-07-07T14:53:31.165+00:00 VCP SET_TARGET_RX steer=315352 wheel=40000
2026-07-07T14:53:31.173+00:00 CAN id=101 dlc=8 data=d8cf0400409c0000
2026-07-07T14:53:31.193+00:00 CAN id=101 dlc=8 data=d8cf0400409c0000
2026-07-07T14:53:31.213+00:00 CAN id=101 dlc=8 data=d8cf0400409c0000
2026-07-07T14:53:31.233+00:00 CAN id=101 dlc=8 data=d8cf0400409c0000
2026-07-07T14:53:31.253+00:00 CAN id=101 dlc=8 data=d8cf0400409c0000
2026-07-07T14:53:31.270+00:00 VCP run=1 step=0 angle=315879 target=315352 err=-527 steer=-263 m1=426/12301 i1=79 t1=28 m2=-398/-15199 i2=-124 t2=27 steerMode=-1449/-96 iSteer=-22690 driveMode=13750/23484 iDrive=101330 scale=0 wheel=40000
2026-07-07T14:53:31.273+00:00 CAN id=101 dlc=8 data=d8cf0400409c0000
2026-07-07T14:53:31.293+00:00 CAN id=101 dlc=8 data=d8cf0400409c0000
2026-07-07T14:53:31.313+00:00 CAN id=101 dlc=8 data=d8cf0400409c0000
2026-07-07T14:53:31.333+00:00 CAN id=101 dlc=8 data=d8cf0400409c0000
2026-07-07T14:53:31.353+00:00 CAN id=101 dlc=8 data=d8cf0400409c0000
2026-07-07T14:53:31.373+00:00 CAN id=101 dlc=8 data=d8cf0400409c0000
2026-07-07T14:53:31.374+00:00 VCP run=1 step=0 angle=315879 target=315352 err=-527 steer=-263 m1=355/12301 i1=98 t1=28 m2=-400/-15199 i2=-137 t2=27 steerMode=-1449/-235 iSteer=-19660 driveMode=13750/20262 iDrive=117440 scale=0 wheel=40000
2026-07-07T14:53:31.393+00:00 CAN id=101 dlc=8 data=d8cf0400409c0000
2026-07-07T14:53:31.413+00:00 CAN id=101 dlc=8 data=d8cf0400409c0000
2026-07-07T14:53:31.433+00:00 CAN id=101 dlc=8 data=d8cf0400409c0000
2026-07-07T14:53:31.453+00:00 CAN id=101 dlc=8 data=d8cf0400409c0000
2026-07-07T14:53:31.473+00:00 CAN id=101 dlc=8 data=d8cf0400409c0000
2026-07-07T14:53:31.493+00:00 CAN id=101 dlc=8 data=d8cf0400409c0000
2026-07-07T14:53:31.513+00:00 CAN id=101 dlc=8 data=d8cf0400409c0000
2026-07-07T14:53:31.533+00:00 CAN id=101 dlc=8 data=d8cf0400409c0000
2026-07-07T14:53:31.553+00:00 CAN id=101 dlc=8 data=d8cf0400409c0000
2026-07-07T14:53:31.560+00:00 VCP run=1 step=0 angle=316055 target=315352 err=-703 steer=-351 m1=326/11818 i1=30 t1=28 m2=-254/-15682 i2=-237 t2=27 steerMode=-1932/895 iSteer=-103599 driveMode=13750/17107 iDrive=133217 scale=0 wheel=40000
2026-07-07T14:53:31.560+00:00 VCP run=1 step=0 angle=315967 target=315352 err=-615 steer=-307 m1=232/12059 i1=119 t1=28 m2=-252/-15441 i2=-173 t2=27 steerMode=-1691/-495 iSteer=-26941 driveMode=13750/14482 iDrive=146342 scale=0 wheel=40000
2026-07-07T14:53:31.573+00:00 CAN id=101 dlc=8 data=d8cf0400409c0000
2026-07-07T14:53:31.593+00:00 CAN id=101 dlc=8 data=d8cf0400409c0000
2026-07-07T14:53:31.613+00:00 CAN id=101 dlc=8 data=d8cf0400409c0000
2026-07-07T14:53:31.633+00:00 CAN id=101 dlc=8 data=d8cf0400409c0000
2026-07-07T14:53:31.653+00:00 CAN id=101 dlc=8 data=d8cf0400409c0000
2026-07-07T14:53:31.662+00:00 VCP run=1 step=0 angle=315791 target=315352 err=-439 steer=0 m1=236/13750 i1=136 t1=28 m2=-199/-13750 i2=-178 t2=27 steerMode=0/1039 iSteer=-21004 driveMode=13750/12591 iDrive=156622 scale=0 wheel=40000
2026-07-07T14:53:31.662+00:00 VCP SET_TARGET_RX steer=315352 wheel=40000
2026-07-07T14:53:31.673+00:00 CAN id=101 dlc=8 data=d8cf0400409c0000
2026-07-07T14:53:31.693+00:00 CAN id=101 dlc=8 data=d8cf0400409c0000
2026-07-07T14:53:31.713+00:00 CAN id=101 dlc=8 data=d8cf0400409c0000
2026-07-07T14:53:31.733+00:00 CAN id=101 dlc=8 data=d8cf0400409c0000
2026-07-07T14:53:31.753+00:00 CAN id=101 dlc=8 data=d8cf0400409c0000
2026-07-07T14:53:31.766+00:00 VCP run=1 step=0 angle=315967 target=315352 err=-615 steer=-307 m1=184/12059 i1=140 t1=28 m2=-220/-15441 i2=-198 t2=27 steerMode=-1691/-614 iSteer=-29148 driveMode=13750/10876 iDrive=168959 scale=0 wheel=40000
2026-07-07T14:53:31.773+00:00 CAN id=101 dlc=8 data=d8cf0400409c0000
2026-07-07T14:53:31.793+00:00 CAN id=101 dlc=8 data=d8cf0400409c0000
2026-07-07T14:53:31.813+00:00 CAN id=101 dlc=8 data=d8cf0400409c0000
2026-07-07T14:53:31.833+00:00 CAN id=101 dlc=8 data=d8cf0400409c0000
2026-07-07T14:53:31.853+00:00 CAN id=101 dlc=8 data=d8cf0400409c0000
2026-07-07T14:53:31.870+00:00 VCP run=1 step=0 angle=315879 target=315352 err=-527 steer=-263 m1=221/12301 i1=140 t1=28 m2=-160/-15199 i2=-212 t2=27 steerMode=-1449/-284 iSteer=-36003 driveMode=13750/10738 iDrive=175508 scale=0 wheel=40000
2026-07-07T14:53:31.873+00:00 CAN id=101 dlc=8 data=d8cf0400409c0000
2026-07-07T14:53:31.893+00:00 CAN id=101 dlc=8 data=d8cf0400409c0000
2026-07-07T14:53:31.913+00:00 CAN id=101 dlc=8 data=d8cf0400409c0000
2026-07-07T14:53:31.933+00:00 CAN id=101 dlc=8 data=d8cf0400409c0000
2026-07-07T14:53:31.953+00:00 CAN id=101 dlc=8 data=d8cf0400409c0000
2026-07-07T14:53:31.973+00:00 CAN id=101 dlc=8 data=d8cf0400409c0000
2026-07-07T14:53:31.993+00:00 CAN id=101 dlc=8 data=d8cf0400409c0000
2026-07-07T14:53:32.013+00:00 CAN id=101 dlc=8 data=d8cf0400409c0000
2026-07-07T14:53:32.033+00:00 CAN id=101 dlc=8 data=d8cf0400409c0000
2026-07-07T14:53:32.053+00:00 CAN id=101 dlc=8 data=d8cf0400409c0000
2026-07-07T14:53:32.057+00:00 VCP run=1 step=0 angle=315791 target=315352 err=-439 steer=0 m1=202/13750 i1=185 t1=28 m2=-130/-13750 i2=-187 t2=27 steerMode=0/410 iSteer=-1192 driveMode=13750/9960 iDrive=186096 scale=0 wheel=40000
2026-07-07T14:53:32.057+00:00 VCP run=1 step=0 angle=315879 target=315352 err=-527 steer=-263 m1=190/12301 i1=151 t1=28 m2=-176/-15199 i2=-228 t2=27 steerMode=-1449/-364 iSteer=-38614 driveMode=13750/10588 iDrive=189436 scale=0 wheel=40000
2026-07-07T14:53:32.073+00:00 CAN id=101 dlc=8 data=d8cf0400409c0000
2026-07-07T14:53:32.093+00:00 CAN id=101 dlc=8 data=d8cf0400409c0000
2026-07-07T14:53:32.113+00:00 CAN id=101 dlc=8 data=d8cf0400409c0000
2026-07-07T14:53:32.133+00:00 CAN id=101 dlc=8 data=d8cf0400409c0000
2026-07-07T14:53:32.153+00:00 CAN id=101 dlc=8 data=d8cf0400409c0000
2026-07-07T14:53:32.158+00:00 VCP run=1 step=0 angle=315879 target=315352 err=-527 steer=-263 m1=190/12301 i1=157 t1=28 m2=-185/-15199 i2=-230 t2=27 steerMode=-1449/-455 iSteer=-36399 driveMode=13750/10859 iDrive=193872 scale=0 wheel=40000
2026-07-07T14:53:32.158+00:00 VCP SET_TARGET_RX steer=315352 wheel=40000
2026-07-07T14:53:32.173+00:00 CAN id=101 dlc=8 data=d8cf0400409c0000
2026-07-07T14:53:32.193+00:00 CAN id=101 dlc=8 data=d8cf0400409c0000
2026-07-07T14:53:32.213+00:00 CAN id=101 dlc=8 data=d8cf0400409c0000
2026-07-07T14:53:32.233+00:00 CAN id=101 dlc=8 data=d8cf0400409c0000
2026-07-07T14:53:32.253+00:00 CAN id=101 dlc=8 data=d8cf0400409c0000
2026-07-07T14:53:32.262+00:00 VCP run=1 step=0 angle=315879 target=315352 err=-527 steer=-100 m1=246/13200 i1=149 t1=28 m2=-252/-14300 i2=-246 t2=27 steerMode=-550/628 iSteer=-48207 driveMode=13750/11229 iDrive=197560 scale=0 wheel=40000
2026-07-07T14:53:32.273+00:00 CAN id=101 dlc=8 data=d8cf0400409c0000
2026-07-07T14:53:32.293+00:00 CAN id=101 dlc=8 data=d8cf0400409c0000
2026-07-07T14:53:32.313+00:00 CAN id=101 dlc=8 data=d8cf0400409c0000
2026-07-07T14:53:32.333+00:00 CAN id=101 dlc=8 data=d8cf0400409c0000
2026-07-07T14:53:32.353+00:00 CAN id=101 dlc=8 data=d8cf0400409c0000
2026-07-07T14:53:32.367+00:00 VCP run=1 step=0 angle=315879 target=315352 err=-527 steer=-263 m1=192/12301 i1=138 t1=28 m2=-195/-15199 i2=-261 t2=27 steerMode=-1449/-56 iSteer=-61611 driveMode=13750/11679 iDrive=199681 scale=0 wheel=40000
2026-07-07T14:53:32.373+00:00 CAN id=101 dlc=8 data=d8cf0400409c0000
2026-07-07T14:53:32.393+00:00 CAN id=101 dlc=8 data=d8cf0400409c0000
2026-07-07T14:53:32.413+00:00 CAN id=101 dlc=8 data=d8cf0400409c0000
2026-07-07T14:53:32.433+00:00 CAN id=101 dlc=8 data=d8cf0400409c0000
2026-07-07T14:53:32.453+00:00 CAN id=101 dlc=8 data=d8cf0400409c0000
2026-07-07T14:53:32.472+00:00 VCP run=1 step=0 angle=315791 target=315352 err=-439 steer=0 m1=263/13750 i1=179 t1=28 m2=-160/-13750 i2=-226 t2=27 steerMode=0/621 iSteer=-23391 driveMode=13750/11835 iDrive=202697 scale=0 wheel=40000
2026-07-07T14:53:32.473+00:00 CAN id=101 dlc=8 data=d8cf0400409c0000
2026-07-07T14:53:32.493+00:00 CAN id=101 dlc=8 data=d8cf0400409c0000
2026-07-07T14:53:32.513+00:00 CAN id=101 dlc=8 data=d8cf0400409c0000
2026-07-07T14:53:32.533+00:00 CAN id=101 dlc=8 data=d8cf0400409c0000
2026-07-07T14:53:32.553+00:00 CAN id=101 dlc=8 data=d8cf0400409c0000
2026-07-07T14:53:32.573+00:00 CAN id=101 dlc=8 data=d8cf0400409c0000
2026-07-07T14:53:32.593+00:00 CAN id=101 dlc=8 data=d8cf0400409c0000
2026-07-07T14:53:32.613+00:00 CAN id=101 dlc=8 data=d8cf0400409c0000
2026-07-07T14:53:32.633+00:00 CAN id=101 dlc=8 data=d8cf0400409c0000
2026-07-07T14:53:32.653+00:00 CAN id=101 dlc=8 data=d8cf0400409c0000
2026-07-07T14:53:32.654+00:00 VCP run=1 step=0 angle=315879 target=315352 err=-527 steer=-263 m1=244/12301 i1=192 t1=28 m2=-245/-15199 i2=-213 t2=27 steerMode=-1449/-1159 iSteer=-10643 driveMode=13750/12548 iDrive=202289 scale=0 wheel=40000
2026-07-07T14:53:32.654+00:00 VCP run=1 step=0 angle=315879 target=315352 err=-527 steer=-263 m1=228/12301 i1=159 t1=28 m2=-298/-15199 i2=-244 t2=27 steerMode=-1449/-579 iSteer=-42396 driveMode=13750/12978 iDrive=201852 scale=0 wheel=40000
2026-07-07T14:53:32.673+00:00 CAN id=101 dlc=8 data=d8cf0400409c0000
2026-07-07T14:53:32.693+00:00 CAN id=101 dlc=8 data=d8cf0400409c0000
2026-07-07T14:53:32.713+00:00 CAN id=101 dlc=8 data=d8cf0400409c0000
2026-07-07T14:53:32.733+00:00 CAN id=101 dlc=8 data=d8cf0400409c0000
2026-07-07T14:53:32.753+00:00 CAN id=101 dlc=8 data=d8cf0400409c0000
2026-07-07T14:53:32.759+00:00 VCP SET_TARGET_RX steer=315352 wheel=40000
2026-07-07T14:53:32.759+00:00 VCP run=1 step=0 angle=315791 target=315352 err=-439 steer=0 m1=242/13750 i1=181 t1=28 m2=-216/-13750 i2=-224 t2=27 steerMode=0/450 iSteer=-21114 driveMode=13750/13134 iDrive=202493 scale=0 wheel=40000
2026-07-07T14:53:32.773+00:00 CAN id=101 dlc=8 data=d8cf0400409c0000
2026-07-07T14:53:32.793+00:00 CAN id=101 dlc=8 data=d8cf0400409c0000
2026-07-07T14:53:32.813+00:00 CAN id=101 dlc=8 data=d8cf0400409c0000
2026-07-07T14:53:32.833+00:00 CAN id=101 dlc=8 data=d8cf0400409c0000
2026-07-07T14:53:32.853+00:00 CAN id=101 dlc=8 data=d8cf0400409c0000
2026-07-07T14:53:32.863+00:00 VCP run=1 step=0 angle=315879 target=315352 err=-527 steer=-263 m1=223/12301 i1=155 t1=28 m2=-273/-15199 i2=-252 t2=27 steerMode=-1449/-504 iSteer=-48567 driveMode=13750/13040 iDrive=203697 scale=0 wheel=40000
2026-07-07T14:53:32.873+00:00 CAN id=101 dlc=8 data=d8cf0400409c0000
2026-07-07T14:53:32.893+00:00 CAN id=101 dlc=8 data=d8cf0400409c0000
2026-07-07T14:53:32.913+00:00 CAN id=101 dlc=8 data=d8cf0400409c0000
2026-07-07T14:53:32.933+00:00 CAN id=101 dlc=8 data=d8cf0400409c0000
2026-07-07T14:53:32.953+00:00 CAN id=101 dlc=8 data=d8cf0400409c0000
2026-07-07T14:53:32.968+00:00 VCP run=1 step=0 angle=315879 target=315352 err=-527 steer=-263 m1=257/12301 i1=161 t1=28 m2=-308/-15199 i2=-241 t2=27 steerMode=-1449/-714 iSteer=-39814 driveMode=13750/13734 iDrive=201009 scale=0 wheel=40000
2026-07-07T14:53:32.973+00:00 CAN id=101 dlc=8 data=d8cf0400409c0000
2026-07-07T14:53:32.993+00:00 CAN id=101 dlc=8 data=d8cf0400409c0000
2026-07-07T14:53:33.013+00:00 CAN id=101 dlc=8 data=d8cf0400409c0000
2026-07-07T14:53:33.033+00:00 CAN id=101 dlc=8 data=d8cf0400409c0000
2026-07-07T14:53:33.053+00:00 CAN id=101 dlc=8 data=d8cf0400409c0000
2026-07-07T14:53:33.073+00:00 VCP run=1 step=0 angle=315703 target=315352 err=-351 steer=0 m1=246/13750 i1=147 t1=28 m2=-239/-13750 i2=-262 t2=27 steerMode=0/1093 iSteer=-57746 driveMode=13750/13190 iDrive=204645 scale=0 wheel=40000
2026-07-07T14:53:33.073+00:00 CAN id=101 dlc=8 data=d8cf0400409c0000
2026-07-07T14:53:33.093+00:00 CAN id=101 dlc=8 data=d8cf0400409c0000
2026-07-07T14:53:33.113+00:00 CAN id=101 dlc=8 data=d8cf0400409c0000
2026-07-07T14:53:33.133+00:00 CAN id=101 dlc=8 data=d8cf0400409c0000
2026-07-07T14:53:33.153+00:00 CAN id=101 dlc=8 data=d8cf0400409c0000
2026-07-07T14:53:33.173+00:00 CAN id=101 dlc=8 data=d8cf0400409c0000
2026-07-07T14:53:33.174+00:00 VCP run=1 step=0 angle=315791 target=315352 err=-439 steer=0 m1=263/13750 i1=196 t1=28 m2=-344/-13750 i2=-200 t2=27 steerMode=0/-26 iSteer=-2307 driveMode=13750/14495 iDrive=197820 scale=0 wheel=40000
2026-07-07T14:53:33.174+00:00 VCP SET_TARGET_RX steer=315352 wheel=40000
2026-07-07T14:53:33.193+00:00 CAN id=101 dlc=8 data=d8cf0400409c0000
2026-07-07T14:53:33.213+00:00 CAN id=101 dlc=8 data=d8cf0400409c0000
2026-07-07T14:53:33.233+00:00 CAN id=101 dlc=8 data=d8cf0400409c0000
2026-07-07T14:53:33.253+00:00 CAN id=101 dlc=8 data=d8cf0400409c0000
2026-07-07T14:53:33.273+00:00 CAN id=101 dlc=8 data=d8cf0400409c0000
2026-07-07T14:53:33.293+00:00 CAN id=101 dlc=8 data=d8cf0400409c0000
2026-07-07T14:53:33.313+00:00 CAN id=101 dlc=8 data=d8cf0400409c0000
2026-07-07T14:53:33.333+00:00 CAN id=101 dlc=8 data=d8cf0400409c0000
2026-07-07T14:53:33.353+00:00 CAN id=101 dlc=8 data=d8cf0400409c0000
2026-07-07T14:53:33.361+00:00 VCP run=1 step=0 angle=315879 target=315352 err=-527 steer=-263 m1=280/12301 i1=165 t1=28 m2=-367/-15199 i2=-222 t2=27 steerMode=-1449/-994 iSteer=-28542 driveMode=13750/15050 iDrive=193676 scale=0 wheel=40000
2026-07-07T14:53:33.361+00:00 VCP run=1 step=0 angle=315703 target=315352 err=-351 steer=0 m1=282/13750 i1=161 t1=28 m2=-268/-13750 i2=-224 t2=27 steerMode=0/528 iSteer=-31456 driveMode=13750/14997 iDrive=192127 scale=0 wheel=40000
2026-07-07T14:53:33.373+00:00 CAN id=101 dlc=8 data=d8cf0400409c0000
2026-07-07T14:53:33.393+00:00 CAN id=101 dlc=8 data=d8cf0400409c0000
2026-07-07T14:53:33.413+00:00 CAN id=101 dlc=8 data=d8cf0400409c0000
2026-07-07T14:53:33.433+00:00 CAN id=101 dlc=8 data=d8cf0400409c0000
2026-07-07T14:53:33.453+00:00 CAN id=101 dlc=8 data=d8cf0400409c0000
2026-07-07T14:53:33.466+00:00 VCP run=1 step=0 angle=315703 target=315352 err=-351 steer=0 m1=307/13750 i1=160 t1=28 m2=-314/-13750 i2=-214 t2=27 steerMode=0/421 iSteer=-27077 driveMode=13750/15374 iDrive=187218 scale=0 wheel=40000
2026-07-07T14:53:33.473+00:00 CAN id=101 dlc=8 data=d8cf0400409c0000
2026-07-07T14:53:33.493+00:00 CAN id=101 dlc=8 data=d8cf0400409c0000
2026-07-07T14:53:33.513+00:00 CAN id=101 dlc=8 data=d8cf0400409c0000
2026-07-07T14:53:33.533+00:00 CAN id=101 dlc=8 data=d8cf0400409c0000
2026-07-07T14:53:33.553+00:00 CAN id=101 dlc=8 data=d8cf0400409c0000
2026-07-07T14:53:33.571+00:00 VCP run=1 step=0 angle=315791 target=315352 err=-439 steer=0 m1=255/13750 i1=202 t1=28 m2=-266/-13750 i2=-174 t2=27 steerMode=0/-460 iSteer=14144 driveMode=13750/14676 iDrive=188184 scale=0 wheel=40000
2026-07-07T14:53:33.573+00:00 CAN id=101 dlc=8 data=d8cf0400409c0000
2026-07-07T14:53:33.593+00:00 CAN id=101 dlc=8 data=d8cf0400409c0000
2026-07-07T14:53:33.613+00:00 CAN id=101 dlc=8 data=d8cf0400409c0000
2026-07-07T14:53:33.633+00:00 CAN id=101 dlc=8 data=d8cf0400409c0000
2026-07-07T14:53:33.653+00:00 CAN id=101 dlc=8 data=d8cf0400409c0000
2026-07-07T14:53:33.672+00:00 VCP run=1 step=0 angle=315879 target=315352 err=-527 steer=-263 m1=261/12301 i1=77 t1=28 m2=-193/-15199 i2=-312 t2=27 steerMode=-1449/702 iSteer=-117130 driveMode=13750/13366 iDrive=194473 scale=0 wheel=40000
2026-07-07T14:53:33.672+00:00 VCP SET_TARGET_RX steer=315352 wheel=40000
2026-07-07T14:53:33.673+00:00 CAN id=101 dlc=8 data=d8cf0400409c0000
2026-07-07T14:53:33.693+00:00 CAN id=101 dlc=8 data=d8cf0400409c0000
2026-07-07T14:53:33.713+00:00 CAN id=101 dlc=8 data=d8cf0400409c0000
2026-07-07T14:53:33.733+00:00 CAN id=101 dlc=8 data=d8cf0400409c0000
2026-07-07T14:53:33.753+00:00 CAN id=101 dlc=8 data=d8cf0400409c0000
2026-07-07T14:53:33.773+00:00 CAN id=101 dlc=8 data=d8cf0400409c0000
2026-07-07T14:53:33.793+00:00 CAN id=101 dlc=8 data=d8cf0400409c0000
2026-07-07T14:53:33.813+00:00 CAN id=101 dlc=8 data=d8cf0400409c0000
2026-07-07T14:53:33.833+00:00 CAN id=101 dlc=8 data=d8cf0400409c0000
2026-07-07T14:53:33.853+00:00 CAN id=101 dlc=8 data=d8cf0400409c0000
2026-07-07T14:53:33.859+00:00 VCP run=1 step=0 angle=315791 target=315352 err=-439 steer=0 m1=202/13750 i1=245 t1=28 m2=-214/-13750 i2=-167 t2=27 steerMode=0/-1038 iSteer=39435 driveMode=13750/11584 iDrive=205965 scale=0 wheel=40000
2026-07-07T14:53:33.859+00:00 VCP run=1 step=0 angle=316143 target=315352 err=-791 steer=-395 m1=192/11576 i1=79 t1=28 m2=-187/-15924 i2=-367 t2=27 steerMode=-2174/350 iSteer=-144009 driveMode=13750/9409 iDrive=222560 scale=0 wheel=40000
2026-07-07T14:53:33.873+00:00 CAN id=101 dlc=8 data=d8cf0400409c0000
2026-07-07T14:53:33.893+00:00 CAN id=101 dlc=8 data=d8cf0400409c0000
2026-07-07T14:53:33.913+00:00 CAN id=101 dlc=8 data=d8cf0400409c0000
2026-07-07T14:53:33.933+00:00 CAN id=101 dlc=8 data=d8cf0400409c0000
2026-07-07T14:53:33.953+00:00 CAN id=101 dlc=8 data=d8cf0400409c0000
2026-07-07T14:53:33.964+00:00 VCP run=1 step=0 angle=315703 target=315352 err=-351 steer=0 m1=142/13750 i1=240 t1=28 m2=-132/-13750 i2=-233 t2=27 steerMode=0/-455 iSteer=3700 driveMode=13750/8499 iDrive=236245 scale=0 wheel=40000
2026-07-07T14:53:33.973+00:00 CAN id=101 dlc=8 data=d8cf0400409c0000
2026-07-07T14:53:33.993+00:00 CAN id=101 dlc=8 data=d8cf0400409c0000
2026-07-07T14:53:34.013+00:00 CAN id=101 dlc=8 data=d8cf0400409c0000
2026-07-07T14:53:34.033+00:00 CAN id=101 dlc=8 data=d8cf0400409c0000
2026-07-07T14:53:34.053+00:00 CAN id=101 dlc=8 data=d8cf0400409c0000
2026-07-07T14:53:34.068+00:00 VCP run=1 step=0 angle=315879 target=315352 err=-527 steer=-263 m1=173/12301 i1=192 t1=28 m2=-287/-15199 i2=-282 t2=27 steerMode=-1449/-996 iSteer=-45286 driveMode=13750/10097 iDrive=236901 scale=0 wheel=40000
2026-07-07T14:53:34.073+00:00 CAN id=101 dlc=8 data=d8cf0400409c0000
2026-07-07T14:53:34.093+00:00 CAN id=101 dlc=8 data=d8cf0400409c0000
2026-07-07T14:53:34.113+00:00 CAN id=101 dlc=8 data=d8cf0400409c0000
2026-07-07T14:53:34.133+00:00 CAN id=101 dlc=8 data=d8cf0400409c0000
2026-07-07T14:53:34.153+00:00 CAN id=101 dlc=8 data=d8cf0400409c0000
2026-07-07T14:53:34.169+00:00 VCP run=1 step=0 angle=315967 target=315352 err=-615 steer=-307 m1=194/12059 i1=87 t1=28 m2=-155/-15441 i2=-394 t2=27 steerMode=-1691/927 iSteer=-153577 driveMode=13750/10620 iDrive=240085 scale=0 wheel=40000
2026-07-07T14:53:34.169+00:00 VCP SET_TARGET_RX steer=315352 wheel=40000
2026-07-07T14:53:34.173+00:00 CAN id=101 dlc=8 data=d8cf0400409c0000
2026-07-07T14:53:34.193+00:00 CAN id=101 dlc=8 data=d8cf0400409c0000
2026-07-07T14:53:34.213+00:00 CAN id=101 dlc=8 data=d8cf0400409c0000
2026-07-07T14:53:34.233+00:00 CAN id=101 dlc=8 data=d8cf0400409c0000
2026-07-07T14:53:34.253+00:00 CAN id=101 dlc=8 data=d8cf0400409c0000
2026-07-07T14:53:34.273+00:00 CAN id=101 dlc=8 data=d8cf0400409c0000
2026-07-07T14:53:34.274+00:00 VCP run=1 step=0 angle=315791 target=315352 err=-439 steer=0 m1=226/13750 i1=257 t1=28 m2=-237/-13750 i2=-227 t2=27 steerMode=0/-802 iSteer=15092 driveMode=13750/11347 iDrive=242120 scale=0 wheel=40000
2026-07-07T14:53:34.293+00:00 CAN id=101 dlc=8 data=d8cf0400409c0000
2026-07-07T14:53:34.313+00:00 CAN id=101 dlc=8 data=d8cf0400409c0000
2026-07-07T14:53:34.333+00:00 CAN id=101 dlc=8 data=d8cf0400409c0000
2026-07-07T14:53:34.353+00:00 CAN id=101 dlc=8 data=d8cf0400409c0000
2026-07-07T14:53:34.373+00:00 CAN id=101 dlc=8 data=d8cf0400409c0000
2026-07-07T14:53:34.393+00:00 CAN id=101 dlc=8 data=d8cf0400409c0000
2026-07-07T14:53:34.413+00:00 CAN id=101 dlc=8 data=d8cf0400409c0000
2026-07-07T14:53:34.433+00:00 CAN id=101 dlc=8 data=d8cf0400409c0000
2026-07-07T14:53:34.453+00:00 CAN id=101 dlc=8 data=d8cf0400409c0000
2026-07-07T14:53:34.461+00:00 VCP run=1 step=0 angle=315879 target=315352 err=-527 steer=-263 m1=295/12301 i1=114 t1=28 m2=-231/-15199 i2=-346 t2=27 steerMode=-1449/348 iSteer=-115909 driveMode=13750/14031 iDrive=230314 scale=0 wheel=40000
2026-07-07T14:53:34.461+00:00 VCP run=1 step=0 angle=315615 target=315352 err=-263 steer=0 m1=328/13750 i1=213 t1=28 m2=-363/-13750 i2=-224 t2=27 steerMode=0/-397 iSteer=-5446 driveMode=13750/15982 iDrive=218212 scale=0 wheel=40000
2026-07-07T14:53:34.473+00:00 CAN id=101 dlc=8 data=d8cf0400409c0000
2026-07-07T14:53:34.493+00:00 CAN id=101 dlc=8 data=d8cf0400409c0000
2026-07-07T14:53:34.513+00:00 CAN id=101 dlc=8 data=d8cf0400409c0000
2026-07-07T14:53:34.533+00:00 CAN id=101 dlc=8 data=d8cf0400409c0000
2026-07-07T14:53:34.553+00:00 CAN id=101 dlc=8 data=d8cf0400409c0000
2026-07-07T14:53:34.566+00:00 VCP run=1 step=0 angle=315703 target=315352 err=-351 steer=0 m1=318/13750 i1=184 t1=28 m2=-375/-13750 i2=-223 t2=27 steerMode=0/-115 iSteer=-19896 driveMode=13750/17743 iDrive=203485 scale=0 wheel=40000
2026-07-07T14:53:34.573+00:00 CAN id=101 dlc=8 data=d8cf0400409c0000
2026-07-07T14:53:34.593+00:00 CAN id=101 dlc=8 data=d8cf0400409c0000
2026-07-07T14:53:34.613+00:00 CAN id=101 dlc=8 data=d8cf0400409c0000
2026-07-07T14:53:34.633+00:00 CAN id=101 dlc=8 data=d8cf0400409c0000
2026-07-07T14:53:34.653+00:00 CAN id=101 dlc=8 data=d8cf0400409c0000
2026-07-07T14:53:34.668+00:00 VCP run=1 step=0 angle=315615 target=315352 err=-263 steer=0 m1=378/13750 i1=176 t1=28 m2=-390/-13750 i2=-194 t2=27 steerMode=0/-314 iSteer=-8745 driveMode=13750/19568 iDrive=185090 scale=0 wheel=40000
2026-07-07T14:53:34.668+00:00 VCP SET_TARGET_RX steer=315352 wheel=40000
2026-07-07T14:53:34.673+00:00 CAN id=101 dlc=8 data=d8cf0400409c0000
2026-07-07T14:53:34.693+00:00 CAN id=101 dlc=8 data=d8cf0400409c0000
2026-07-07T14:53:34.713+00:00 CAN id=101 dlc=8 data=d8cf0400409c0000
2026-07-07T14:53:34.733+00:00 CAN id=101 dlc=8 data=d8cf0400409c0000
2026-07-07T14:53:34.753+00:00 CAN id=101 dlc=8 data=d8cf0400409c0000
2026-07-07T14:53:34.772+00:00 VCP run=1 step=0 angle=315615 target=315352 err=-263 steer=0 m1=362/13750 i1=167 t1=28 m2=-409/-13750 i2=-171 t2=27 steerMode=0/-435 iSteer=-2058 driveMode=13750/20341 iDrive=169401 scale=0 wheel=40000
2026-07-07T14:53:34.773+00:00 CAN id=101 dlc=8 data=d8cf0400409c0000
2026-07-07T14:53:34.793+00:00 CAN id=101 dlc=8 data=d8cf0400409c0000
2026-07-07T14:53:34.813+00:00 CAN id=101 dlc=8 data=d8cf0400409c0000
2026-07-07T14:53:34.833+00:00 CAN id=101 dlc=8 data=d8cf0400409c0000
2026-07-07T14:53:34.853+00:00 CAN id=101 dlc=8 data=d8cf0400409c0000
2026-07-07T14:53:34.873+00:00 CAN id=101 dlc=8 data=d8cf0400409c0000
2026-07-07T14:53:34.893+00:00 CAN id=101 dlc=8 data=d8cf0400409c0000
2026-07-07T14:53:34.913+00:00 CAN id=101 dlc=8 data=d8cf0400409c0000
2026-07-07T14:53:34.933+00:00 CAN id=101 dlc=8 data=d8cf0400409c0000
2026-07-07T14:53:34.953+00:00 CAN id=101 dlc=8 data=d8cf0400409c0000
2026-07-07T14:53:34.959+00:00 VCP run=1 step=0 angle=315527 target=315352 err=-175 steer=0 m1=414/13750 i1=142 t1=28 m2=-367/-13750 i2=-165 t2=27 steerMode=0/-222 iSteer=-11374 driveMode=13750/20908 iDrive=153742 scale=0 wheel=40000
2026-07-07T14:53:34.959+00:00 VCP run=1 step=0 angle=315439 target=315352 err=-87 steer=0 m1=393/13750 i1=132 t1=28 m2=-398/-13750 i2=-153 t2=27 steerMode=0/-231 iSteer=-10529 driveMode=13750/20491 iDrive=142588 scale=0 wheel=40000
2026-07-07T14:53:34.973+00:00 CAN id=101 dlc=8 data=d8cf0400409c0000
2026-07-07T14:53:34.993+00:00 CAN id=101 dlc=8 data=d8cf0400409c0000
2026-07-07T14:53:35.013+00:00 CAN id=101 dlc=8 data=d8cf0400409c0000
2026-07-07T14:53:35.033+00:00 CAN id=101 dlc=8 data=d8cf0400409c0000
2026-07-07T14:53:35.053+00:00 CAN id=101 dlc=8 data=d8cf0400409c0000
2026-07-07T14:53:35.064+00:00 VCP run=1 step=0 angle=315088 target=315352 err=264 steer=0 m1=378/13750 i1=107 t1=28 m2=-316/-13750 i2=-173 t2=27 steerMode=0/219 iSteer=-33114 driveMode=13750/18795 iDrive=139944 scale=0 wheel=40000
2026-07-07T14:53:35.073+00:00 CAN id=101 dlc=8 data=d8cf0400409c0000
2026-07-07T14:53:35.093+00:00 CAN id=101 dlc=8 data=d8cf0400409c0000
2026-07-07T14:53:35.113+00:00 CAN id=101 dlc=8 data=d8cf0400409c0000
2026-07-07T14:53:35.133+00:00 CAN id=101 dlc=8 data=d8cf0400409c0000
2026-07-07T14:53:35.153+00:00 CAN id=101 dlc=8 data=d8cf0400409c0000
2026-07-07T14:53:35.167+00:00 VCP run=1 step=0 angle=314912 target=315352 err=440 steer=0 m1=318/13750 i1=133 t1=28 m2=-331/-13750 i2=-155 t2=27 steerMode=0/-230 iSteer=-11129 driveMode=13750/16557 iDrive=143662 scale=0 wheel=40000
2026-07-07T14:53:35.167+00:00 VCP SET_TARGET_RX steer=315352 wheel=40000
2026-07-07T14:53:35.173+00:00 CAN id=101 dlc=8 data=d8cf0400409c0000
2026-07-07T14:53:35.193+00:00 CAN id=101 dlc=8 data=d8cf0400409c0000
2026-07-07T14:53:35.213+00:00 CAN id=101 dlc=8 data=d8cf0400409c0000
2026-07-07T14:53:35.233+00:00 CAN id=101 dlc=8 data=d8cf0400409c0000
2026-07-07T14:53:35.253+00:00 CAN id=101 dlc=8 data=d8cf0400409c0000
2026-07-07T14:53:35.271+00:00 VCP run=1 step=0 angle=315088 target=315352 err=264 steer=0 m1=244/13750 i1=129 t1=28 m2=-337/-13750 i2=-173 t2=27 steerMode=0/-6 iSteer=-22382 driveMode=13750/14409 iDrive=151106 scale=0 wheel=40000
2026-07-07T14:53:35.273+00:00 CAN id=101 dlc=8 data=d8cf0400409c0000
2026-07-07T14:53:35.293+00:00 CAN id=101 dlc=8 data=d8cf0400409c0000
2026-07-07T14:53:35.313+00:00 CAN id=101 dlc=8 data=d8cf0400409c0000
2026-07-07T14:53:35.333+00:00 CAN id=101 dlc=8 data=d8cf0400409c0000
2026-07-07T14:53:35.353+00:00 CAN id=101 dlc=8 data=d8cf0400409c0000
2026-07-07T14:53:35.373+00:00 CAN id=101 dlc=8 data=d8cf0400409c0000
2026-07-07T14:53:35.393+00:00 CAN id=101 dlc=8 data=d8cf0400409c0000
2026-07-07T14:53:35.413+00:00 CAN id=101 dlc=8 data=d8cf0400409c0000
2026-07-07T14:53:35.433+00:00 CAN id=101 dlc=8 data=d8cf0400409c0000
2026-07-07T14:53:35.453+00:00 CAN id=101 dlc=8 data=d8cf0400409c0000
2026-07-07T14:53:35.459+00:00 VCP run=1 step=0 angle=315176 target=315352 err=176 steer=0 m1=221/13750 i1=128 t1=28 m2=-164/-13750 i2=-200 t2=27 steerMode=0/260 iSteer=-35951 driveMode=13750/12070 iDrive=164237 scale=0 wheel=40000
2026-07-07T14:53:35.459+00:00 VCP run=1 step=0 angle=315176 target=315352 err=176 steer=0 m1=228/13750 i1=152 t1=28 m2=-199/-13750 i2=-183 t2=27 steerMode=0/-140 iSteer=-15421 driveMode=13750/12100 iDrive=167366 scale=0 wheel=40000
2026-07-07T14:53:35.473+00:00 CAN id=101 dlc=8 data=d8cf0400409c0000
2026-07-07T14:53:35.493+00:00 CAN id=101 dlc=8 data=d8cf0400409c0000
2026-07-07T14:53:35.513+00:00 CAN id=101 dlc=8 data=d8cf0400409c0000
2026-07-07T14:53:35.533+00:00 CAN id=101 dlc=8 data=d8cf0400409c0000
2026-07-07T14:53:35.553+00:00 CAN id=101 dlc=8 data=d8cf0400409c0000
2026-07-07T14:53:35.564+00:00 VCP run=1 step=0 angle=315176 target=315352 err=176 steer=0 m1=202/13750 i1=151 t1=28 m2=-218/-13750 i2=-201 t2=27 steerMode=0/56 iSteer=-24825 driveMode=13750/11115 iDrive=175773 scale=0 wheel=40000
2026-07-07T14:53:35.573+00:00 CAN id=101 dlc=8 data=d8cf0400409c0000
2026-07-07T14:53:35.593+00:00 CAN id=101 dlc=8 data=d8cf0400409c0000
2026-07-07T14:53:35.613+00:00 CAN id=101 dlc=8 data=d8cf0400409c0000
2026-07-07T14:53:35.633+00:00 CAN id=101 dlc=8 data=d8cf0400409c0000
2026-07-07T14:53:35.653+00:00 CAN id=101 dlc=8 data=d8cf0400409c0000
2026-07-07T14:53:35.666+00:00 VCP run=1 step=0 angle=315264 target=315352 err=88 steer=0 m1=194/13750 i1=187 t1=28 m2=-197/-13750 i2=-179 t2=27 steerMode=0/-512 iSteer=3778 driveMode=13750/10817 iDrive=183016 scale=0 wheel=40000
2026-07-07T14:53:35.666+00:00 VCP SET_TARGET_RX steer=315352 wheel=40000
2026-07-07T14:53:35.673+00:00 CAN id=101 dlc=8 data=d8cf0400409c0000
2026-07-07T14:53:35.693+00:00 CAN id=101 dlc=8 data=d8cf0400409c0000
2026-07-07T14:53:35.713+00:00 CAN id=101 dlc=8 data=d8cf0400409c0000
2026-07-07T14:53:35.733+00:00 CAN id=101 dlc=8 data=d8cf0400409c0000
2026-07-07T14:53:35.753+00:00 CAN id=101 dlc=8 data=d8cf0400409c0000
2026-07-07T14:53:35.770+00:00 VCP run=1 step=0 angle=315439 target=315352 err=-87 steer=0 m1=207/13750 i1=152 t1=28 m2=-235/-13750 i2=-222 t2=27 steerMode=0/248 iSteer=-34900 driveMode=13750/11115 iDrive=186792 scale=0 wheel=40000
2026-07-07T14:53:35.773+00:00 CAN id=101 dlc=8 data=d8cf0400409c0000
2026-07-07T14:53:35.793+00:00 CAN id=101 dlc=8 data=d8cf0400409c0000
2026-07-07T14:53:35.813+00:00 CAN id=101 dlc=8 data=d8cf0400409c0000
2026-07-07T14:53:35.833+00:00 CAN id=101 dlc=8 data=d8cf0400409c0000
2026-07-07T14:53:35.853+00:00 CAN id=101 dlc=8 data=d8cf0400409c0000
2026-07-07T14:53:35.873+00:00 CAN id=101 dlc=8 data=d8cf0400409c0000
2026-07-07T14:53:35.893+00:00 CAN id=101 dlc=8 data=d8cf0400409c0000
2026-07-07T14:53:35.913+00:00 CAN id=101 dlc=8 data=d8cf0400409c0000
2026-07-07T14:53:35.933+00:00 CAN id=101 dlc=8 data=d8cf0400409c0000
2026-07-07T14:53:35.953+00:00 CAN id=101 dlc=8 data=d8cf0400409c0000
2026-07-07T14:53:35.958+00:00 VCP run=1 step=0 angle=315439 target=315352 err=-87 steer=0 m1=207/13750 i1=154 t1=28 m2=-191/-13750 i2=-223 t2=27 steerMode=0/238 iSteer=-34108 driveMode=13750/11545 iDrive=188569 scale=0 wheel=40000
2026-07-07T14:53:35.958+00:00 VCP run=1 step=0 angle=315527 target=315352 err=-175 steer=0 m1=259/13750 i1=150 t1=28 m2=-191/-13750 i2=-235 t2=27 steerMode=0/388 iSteer=-42592 driveMode=13750/11688 iDrive=192175 scale=0 wheel=40000
2026-07-07T14:53:35.973+00:00 CAN id=101 dlc=8 data=d8cf0400409c0000
2026-07-07T14:53:35.993+00:00 CAN id=101 dlc=8 data=d8cf0400409c0000
2026-07-07T14:53:36.013+00:00 CAN id=101 dlc=8 data=d8cf0400409c0000
2026-07-07T14:53:36.033+00:00 CAN id=101 dlc=8 data=d8cf0400409c0000
2026-07-07T14:53:36.053+00:00 CAN id=101 dlc=8 data=d8cf0400409c0000
2026-07-07T14:53:36.063+00:00 VCP run=1 step=0 angle=315703 target=315352 err=-351 steer=0 m1=192/13750 i1=153 t1=28 m2=-247/-13750 i2=-246 t2=27 steerMode=0/444 iSteer=-46783 driveMode=13750/11166 iDrive=199714 scale=0 wheel=40000
2026-07-07T14:53:36.073+00:00 CAN id=101 dlc=8 data=d8cf0400409c0000
2026-07-07T14:53:36.093+00:00 CAN id=101 dlc=8 data=d8cf0400409c0000
2026-07-07T14:53:36.113+00:00 CAN id=101 dlc=8 data=d8cf0400409c0000
2026-07-07T14:53:36.133+00:00 CAN id=101 dlc=8 data=d8cf0400409c0000
2026-07-07T14:53:36.153+00:00 CAN id=101 dlc=8 data=d8cf0400409c0000
2026-07-07T14:53:36.166+00:00 VCP run=1 step=0 angle=315791 target=315352 err=-439 steer=0 m1=244/13750 i1=151 t1=28 m2=-243/-13750 i2=-254 t2=27 steerMode=0/540 iSteer=-51142 driveMode=13750/11412 iDrive=202556 scale=0 wheel=40000
2026-07-07T14:53:36.166+00:00 VCP SET_TARGET_RX steer=315352 wheel=40000
2026-07-07T14:53:36.173+00:00 CAN id=101 dlc=8 data=d8cf0400409c0000
2026-07-07T14:53:36.193+00:00 CAN id=101 dlc=8 data=d8cf0400409c0000
2026-07-07T14:53:36.213+00:00 CAN id=101 dlc=8 data=d8cf0400409c0000
2026-07-07T14:53:36.233+00:00 CAN id=101 dlc=8 data=d8cf0400409c0000
2026-07-07T14:53:36.253+00:00 CAN id=101 dlc=8 data=d8cf0400409c0000
2026-07-07T14:53:36.270+00:00 VCP run=1 step=0 angle=315879 target=315352 err=-527 steer=-263 m1=186/12301 i1=116 t1=28 m2=-178/-15199 i2=-304 t2=27 steerMode=-1449/-120 iSteer=-94103 driveMode=13750/10787 iDrive=209713 scale=0 wheel=40000
2026-07-07T14:53:36.273+00:00 CAN id=101 dlc=8 data=d8cf0400409c0000
2026-07-07T14:53:36.293+00:00 CAN id=101 dlc=8 data=d8cf0400409c0000
2026-07-07T14:53:36.313+00:00 CAN id=101 dlc=8 data=d8cf0400409c0000
2026-07-07T14:53:36.333+00:00 CAN id=101 dlc=8 data=d8cf0400409c0000
2026-07-07T14:53:36.353+00:00 CAN id=101 dlc=8 data=d8cf0400409c0000
2026-07-07T14:53:36.373+00:00 CAN id=101 dlc=8 data=d8cf0400409c0000
2026-07-07T14:53:36.393+00:00 CAN id=101 dlc=8 data=d8cf0400409c0000
2026-07-07T14:53:36.413+00:00 CAN id=101 dlc=8 data=d8cf0400409c0000
2026-07-07T14:53:36.433+00:00 CAN id=101 dlc=8 data=d8cf0400409c0000
2026-07-07T14:53:36.453+00:00 CAN id=101 dlc=8 data=d8cf0400409c0000
2026-07-07T14:53:36.457+00:00 VCP run=1 step=0 angle=315791 target=315352 err=-439 steer=0 m1=219/13750 i1=167 t1=28 m2=-199/-13750 i2=-259 t2=27 steerMode=0/365 iSteer=-45638 driveMode=13750/11064 iDrive=213050 scale=0 wheel=40000
2026-07-07T14:53:36.457+00:00 VCP run=1 step=0 angle=315879 target=315352 err=-527 steer=-263 m1=200/12301 i1=79 t1=28 m2=-166/-15199 i2=-349 t2=27 steerMode=-1449/658 iSteer=-134690 driveMode=13750/11626 iDrive=214137 scale=0 wheel=40000
2026-07-07T14:53:36.473+00:00 CAN id=101 dlc=8 data=d8cf0400409c0000
2026-07-07T14:53:36.493+00:00 CAN id=101 dlc=8 data=d8cf0400409c0000
2026-07-07T14:53:36.513+00:00 CAN id=101 dlc=8 data=d8cf0400409c0000
2026-07-07T14:53:36.533+00:00 CAN id=101 dlc=8 data=d8cf0400409c0000
2026-07-07T14:53:36.553+00:00 CAN id=101 dlc=8 data=d8cf0400409c0000
2026-07-07T14:53:36.562+00:00 VCP run=1 step=0 angle=315615 target=315352 err=-263 steer=0 m1=234/13750 i1=175 t1=28 m2=-185/-13750 i2=-251 t2=27 steerMode=0/187 iSteer=-38100 driveMode=13750/12480 iDrive=213063 scale=0 wheel=40000
2026-07-07T14:53:36.573+00:00 CAN id=101 dlc=8 data=d8cf0400409c0000
2026-07-07T14:53:36.593+00:00 CAN id=101 dlc=8 data=d8cf0400409c0000
2026-07-07T14:53:36.613+00:00 CAN id=101 dlc=8 data=d8cf0400409c0000
2026-07-07T14:53:36.633+00:00 CAN id=101 dlc=8 data=d8cf0400409c0000
2026-07-07T14:53:36.653+00:00 CAN id=101 dlc=8 data=d8cf0400409c0000
2026-07-07T14:53:36.663+00:00 VCP run=1 step=0 angle=315791 target=315352 err=-439 steer=0 m1=228/13750 i1=153 t1=28 m2=-266/-13750 i2=-280 t2=27 steerMode=0/664 iSteer=-63858 driveMode=13750/12344 iDrive=216396 scale=0 wheel=40000
2026-07-07T14:53:36.663+00:00 VCP SET_TARGET_RX steer=315352 wheel=40000
2026-07-07T14:53:36.673+00:00 CAN id=101 dlc=8 data=d8cf0400409c0000
2026-07-07T14:53:36.693+00:00 CAN id=101 dlc=8 data=d8cf0400409c0000
2026-07-07T14:53:36.713+00:00 CAN id=101 dlc=8 data=d8cf0400409c0000
2026-07-07T14:53:36.733+00:00 CAN id=101 dlc=8 data=d8cf0400409c0000
2026-07-07T14:53:36.753+00:00 CAN id=101 dlc=8 data=d8cf0400409c0000
2026-07-07T14:53:36.767+00:00 VCP run=1 step=0 angle=315791 target=315352 err=-439 steer=-63 m1=219/13401 i1=236 t1=28 m2=-308/-14099 i2=-196 t2=27 steerMode=-349/-1403 iSteer=20080 driveMode=13750/12863 iDrive=216093 scale=0 wheel=40000
2026-07-07T14:53:36.773+00:00 CAN id=101 dlc=8 data=d8cf0400409c0000
2026-07-07T14:53:36.793+00:00 CAN id=101 dlc=8 data=d8cf0400409c0000
2026-07-07T14:53:36.813+00:00 CAN id=101 dlc=8 data=d8cf0400409c0000
2026-07-07T14:53:36.833+00:00 CAN id=101 dlc=8 data=d8cf0400409c0000
2026-07-07T14:53:36.853+00:00 CAN id=101 dlc=8 data=d8cf0400409c0000
2026-07-07T14:53:36.872+00:00 VCP run=1 step=0 angle=315791 target=315352 err=-439 steer=0 m1=257/13750 i1=170 t1=28 m2=-224/-13750 i2=-264 t2=27 steerMode=0/298 iSteer=-47240 driveMode=13750/13019 iDrive=217031 scale=0 wheel=40000
2026-07-07T14:53:36.873+00:00 CAN id=101 dlc=8 data=d8cf0400409c0000
2026-07-07T14:53:36.893+00:00 CAN id=101 dlc=8 data=d8cf0400409c0000
2026-07-07T14:53:36.913+00:00 CAN id=101 dlc=8 data=d8cf0400409c0000
2026-07-07T14:53:36.933+00:00 CAN id=101 dlc=8 data=d8cf0400409c0000
2026-07-07T14:53:36.953+00:00 CAN id=101 dlc=8 data=d8cf0400409c0000
2026-07-07T14:53:36.973+00:00 CAN id=101 dlc=8 data=d8cf0400409c0000
2026-07-07T14:53:36.993+00:00 CAN id=101 dlc=8 data=d8cf0400409c0000
2026-07-07T14:53:37.013+00:00 CAN id=101 dlc=8 data=d8cf0400409c0000
2026-07-07T14:53:37.033+00:00 CAN id=101 dlc=8 data=d8cf0400409c0000
2026-07-07T14:53:37.053+00:00 CAN id=101 dlc=8 data=d8cf0400409c0000
2026-07-07T14:53:37.060+00:00 VCP run=1 step=0 angle=315791 target=315352 err=-439 steer=0 m1=207/13750 i1=220 t1=28 m2=-293/-13750 i2=-213 t2=27 steerMode=0/-738 iSteer=3739 driveMode=13750/13376 iDrive=216349 scale=0 wheel=40000
2026-07-07T14:53:37.060+00:00 VCP run=1 step=0 angle=315791 target=315352 err=-439 steer=0 m1=267/13750 i1=176 t1=28 m2=-264/-13750 i2=-247 t2=27 steerMode=0/68 iSteer=-35561 driveMode=13750/14337 iDrive=211145 scale=0 wheel=40000
2026-07-07T14:53:37.073+00:00 CAN id=101 dlc=8 data=d8cf0400409c0000
2026-07-07T14:53:37.093+00:00 CAN id=101 dlc=8 data=d8cf0400409c0000
2026-07-07T14:53:37.113+00:00 CAN id=101 dlc=8 data=d8cf0400409c0000
2026-07-07T14:53:37.133+00:00 CAN id=101 dlc=8 data=d8cf0400409c0000
2026-07-07T14:53:37.153+00:00 BENCH disable sent
2026-07-07T14:53:37.153+00:00 CAN id=121 dlc=2 data=0100
2026-07-07T14:53:37.153+00:00 CAN id=121 dlc=2 data=0100
2026-07-07T14:53:37.260+00:00 VCP run=1 step=0 angle=315791 target=315352 err=-439 steer=0 m1=263/13750 i1=178 t1=28 m2=-310/-13750 i2=-233 t2=27 steerMode=0/-80 iSteer=-27841 driveMode=13750/15126 iDrive=205619 scale=0 wheel=40000
2026-07-07T14:53:37.260+00:00 VCP UNIT_CTRL enable=0
2026-07-07T14:53:37.260+00:00 VCP UNIT_CTRL enable=0
2026-07-07T14:53:37.260+00:00 VCP STOP: disabled
2026-07-07T14:53:37.554+00:00 BENCH log closed
