2026-07-07T14:55:15.444+00:00 BENCH log opened: firmware/logs/lowrpm-floor200-rpm25.log
2026-07-07T14:55:15.445+00:00 BENCH run: steer=315.352deg (315352mdeg) wheel=25.0rpm (25000milli-rpm) rate=50.0Hz duration=10.0s
2026-07-07T14:55:15.445+00:00 BENCH enable sent
2026-07-07T14:55:15.445+00:00 CAN id=121 dlc=2 data=0101
2026-07-07T14:55:15.445+00:00 CAN id=101 dlc=8 data=d8cf0400a8610000
2026-07-07T14:55:15.464+00:00 VCP IT_CTRL enable=0
2026-07-07T14:55:15.464+00:00 VCP UNIT_CTRL enable=0
2026-07-07T14:55:15.464+00:00 VCP UNIT_CTRL enable=1
2026-07-07T14:55:15.464+00:00 VCP SET_TARGET_RX steer=315352 wheel=25000
2026-07-07T14:55:15.464+00:00 VCP START_CAN: angle=315527 target=315352 wheelTarget=25000
2026-07-07T14:55:15.465+00:00 CAN id=101 dlc=8 data=d8cf0400a8610000
2026-07-07T14:55:15.485+00:00 CAN id=101 dlc=8 data=d8cf0400a8610000
2026-07-07T14:55:15.505+00:00 CAN id=101 dlc=8 data=d8cf0400a8610000
2026-07-07T14:55:15.525+00:00 CAN id=101 dlc=8 data=d8cf0400a8610000
2026-07-07T14:55:15.545+00:00 CAN id=101 dlc=8 data=d8cf0400a8610000
2026-07-07T14:55:15.565+00:00 CAN id=101 dlc=8 data=d8cf0400a8610000
2026-07-07T14:55:15.585+00:00 CAN id=101 dlc=8 data=d8cf0400a8610000
2026-07-07T14:55:15.605+00:00 CAN id=101 dlc=8 data=d8cf0400a8610000
2026-07-07T14:55:15.625+00:00 CAN id=101 dlc=8 data=d8cf0400a8610000
2026-07-07T14:55:15.645+00:00 CAN id=101 dlc=8 data=d8cf0400a8610000
2026-07-07T14:55:15.650+00:00 VCP run=1 step=0 angle=315527 target=315352 err=-175 steer=0 m1=0/344 i1=2 t1=28 m2=0/-344 i2=-2 t2=27 steerMode=0/0 iSteer=0 driveMode=344/0 iDrive=1753 scale=0 wheel=1000
2026-07-07T14:55:15.650+00:00 VCP run=1 step=0 angle=315527 target=315352 err=-175 steer=0 m1=0/6531 i1=41 t1=28 m2=0/-6531 i2=-37 t2=27 steerMode=0/-44 iSteer=2253 driveMode=6531/44 iDrive=38754 scale=0 wheel=19000
2026-07-07T14:55:15.665+00:00 CAN id=101 dlc=8 data=d8cf0400a8610000
2026-07-07T14:55:15.685+00:00 CAN id=101 dlc=8 data=d8cf0400a8610000
2026-07-07T14:55:15.705+00:00 CAN id=101 dlc=8 data=d8cf0400a8610000
2026-07-07T14:55:15.725+00:00 CAN id=101 dlc=8 data=d8cf0400a8610000
2026-07-07T14:55:15.745+00:00 CAN id=101 dlc=8 data=d8cf0400a8610000
2026-07-07T14:55:15.756+00:00 VCP run=1 step=0 angle=315527 target=315352 err=-175 steer=0 m1=0/8594 i1=65 t1=28 m2=0/-8594 i2=-65 t2=27 steerMode=0/-3 iSteer=231 driveMode=8594/3 iDrive=65025 scale=0 wheel=25000
2026-07-07T14:55:15.765+00:00 CAN id=101 dlc=8 data=d8cf0400a8610000
2026-07-07T14:55:15.785+00:00 CAN id=101 dlc=8 data=d8cf0400a8610000
2026-07-07T14:55:15.805+00:00 CAN id=101 dlc=8 data=d8cf0400a8610000
2026-07-07T14:55:15.825+00:00 CAN id=101 dlc=8 data=d8cf0400a8610000
2026-07-07T14:55:15.845+00:00 CAN id=101 dlc=8 data=d8cf0400a8610000
2026-07-07T14:55:15.863+00:00 VCP run=1 step=0 angle=315527 target=315352 err=-175 steer=0 m1=0/8594 i1=82 t1=28 m2=0/-8594 i2=-81 t2=27 steerMode=0/-4 iSteer=318 driveMode=8594/4 iDrive=81340 scale=0 wheel=25000
2026-07-07T14:55:15.865+00:00 CAN id=101 dlc=8 data=d8cf0400a8610000
2026-07-07T14:55:15.885+00:00 CAN id=101 dlc=8 data=d8cf0400a8610000
2026-07-07T14:55:15.905+00:00 CAN id=101 dlc=8 data=d8cf0400a8610000
2026-07-07T14:55:15.925+00:00 CAN id=101 dlc=8 data=d8cf0400a8610000
2026-07-07T14:55:15.945+00:00 CAN id=101 dlc=8 data=d8cf0400a8610000
2026-07-07T14:55:15.965+00:00 CAN id=101 dlc=8 data=d8cf0400a8610000
2026-07-07T14:55:15.985+00:00 CAN id=101 dlc=8 data=d8cf0400a8610000
2026-07-07T14:55:16.005+00:00 CAN id=101 dlc=8 data=d8cf0400a8610000
2026-07-07T14:55:16.025+00:00 CAN id=101 dlc=8 data=d8cf0400a8610000
2026-07-07T14:55:16.045+00:00 CAN id=101 dlc=8 data=d8cf0400a8610000
2026-07-07T14:55:16.050+00:00 VCP run=1 step=0 angle=315527 target=315352 err=-175 steer=0 m1=0/8594 i1=98 t1=28 m2=0/-8594 i2=-97 t2=27 steerMode=0/-4 iSteer=335 driveMode=8594/4 iDrive=97650 scale=0 wheel=25000
2026-07-07T14:55:16.050+00:00 VCP SET_TARGET_RX steer=315352 wheel=25000
2026-07-07T14:55:16.050+00:00 VCP run=1 step=0 angle=315527 target=315352 err=-175 steer=0 m1=0/8594 i1=114 t1=28 m2=0/-8594 i2=-114 t2=27 steerMode=0/-1 iSteer=210 driveMode=8594/-1 iDrive=114005 scale=0 wheel=25000
2026-07-07T14:55:16.065+00:00 CAN id=101 dlc=8 data=d8cf0400a8610000
2026-07-07T14:55:16.085+00:00 CAN id=101 dlc=8 data=d8cf0400a8610000
2026-07-07T14:55:16.105+00:00 CAN id=101 dlc=8 data=d8cf0400a8610000
2026-07-07T14:55:16.125+00:00 CAN id=101 dlc=8 data=d8cf0400a8610000
2026-07-07T14:55:16.145+00:00 CAN id=101 dlc=8 data=d8cf0400a8610000
2026-07-07T14:55:16.156+00:00 VCP run=1 step=0 angle=315527 target=315352 err=-175 steer=0 m1=0/8594 i1=130 t1=28 m2=0/-8594 i2=-130 t2=27 steerMode=0/0 iSteer=179 driveMode=8594/0 iDrive=130319 scale=0 wheel=25000
2026-07-07T14:55:16.165+00:00 CAN id=101 dlc=8 data=d8cf0400a8610000
2026-07-07T14:55:16.185+00:00 CAN id=101 dlc=8 data=d8cf0400a8610000
2026-07-07T14:55:16.205+00:00 CAN id=101 dlc=8 data=d8cf0400a8610000
2026-07-07T14:55:16.225+00:00 CAN id=101 dlc=8 data=d8cf0400a8610000
2026-07-07T14:55:16.245+00:00 CAN id=101 dlc=8 data=d8cf0400a8610000
2026-07-07T14:55:16.262+00:00 VCP run=1 step=0 angle=315527 target=315352 err=-175 steer=0 m1=0/8594 i1=148 t1=28 m2=-3/-8594 i2=-145 t2=27 steerMode=0/-22 iSteer=1250 driveMode=8594/22 iDrive=146538 scale=0 wheel=25000
2026-07-07T14:55:16.265+00:00 CAN id=101 dlc=8 data=d8cf0400a8610000
2026-07-07T14:55:16.285+00:00 CAN id=101 dlc=8 data=d8cf0400a8610000
2026-07-07T14:55:16.305+00:00 CAN id=101 dlc=8 data=d8cf0400a8610000
2026-07-07T14:55:16.325+00:00 CAN id=101 dlc=8 data=d8cf0400a8610000
2026-07-07T14:55:16.345+00:00 CAN id=101 dlc=8 data=d8cf0400a8610000
2026-07-07T14:55:16.365+00:00 CAN id=101 dlc=8 data=d8cf0400a8610000
2026-07-07T14:55:16.385+00:00 CAN id=101 dlc=8 data=d8cf0400a8610000
2026-07-07T14:55:16.405+00:00 CAN id=101 dlc=8 data=d8cf0400a8610000
2026-07-07T14:55:16.425+00:00 CAN id=101 dlc=8 data=d8cf0400a8610000
2026-07-07T14:55:16.445+00:00 CAN id=101 dlc=8 data=d8cf0400a8610000
2026-07-07T14:55:16.449+00:00 VCP run=1 step=0 angle=315527 target=315352 err=-175 steer=0 m1=0/8594 i1=163 t1=28 m2=0/-8594 i2=-162 t2=27 steerMode=0/-2 iSteer=288 driveMode=8594/0 iDrive=162782 scale=0 wheel=25000
2026-07-07T14:55:16.449+00:00 VCP run=1 step=0 angle=315527 target=315352 err=-175 steer=0 m1=0/8594 i1=179 t1=28 m2=0/-8594 i2=-179 t2=27 steerMode=0/-2 iSteer=325 driveMode=8594/2 iDrive=179089 scale=0 wheel=25000
2026-07-07T14:55:16.449+00:00 VCP SET_TARGET_RX steer=315352 wheel=25000
2026-07-07T14:55:16.465+00:00 CAN id=101 dlc=8 data=d8cf0400a8610000
2026-07-07T14:55:16.485+00:00 CAN id=101 dlc=8 data=d8cf0400a8610000
2026-07-07T14:55:16.505+00:00 CAN id=101 dlc=8 data=d8cf0400a8610000
2026-07-07T14:55:16.525+00:00 CAN id=101 dlc=8 data=d8cf0400a8610000
2026-07-07T14:55:16.545+00:00 CAN id=101 dlc=8 data=d8cf0400a8610000
2026-07-07T14:55:16.556+00:00 VCP run=1 step=0 angle=315527 target=315352 err=-175 steer=0 m1=0/8594 i1=195 t1=28 m2=0/-8594 i2=-195 t2=27 steerMode=0/3 iSteer=49 driveMode=8594/3 iDrive=195407 scale=0 wheel=25000
2026-07-07T14:55:16.565+00:00 CAN id=101 dlc=8 data=d8cf0400a8610000
2026-07-07T14:55:16.585+00:00 CAN id=101 dlc=8 data=d8cf0400a8610000
2026-07-07T14:55:16.605+00:00 CAN id=101 dlc=8 data=d8cf0400a8610000
2026-07-07T14:55:16.625+00:00 CAN id=101 dlc=8 data=d8cf0400a8610000
2026-07-07T14:55:16.645+00:00 CAN id=101 dlc=8 data=d8cf0400a8610000
2026-07-07T14:55:16.662+00:00 VCP run=1 step=0 angle=315527 target=315352 err=-175 steer=0 m1=0/8594 i1=213 t1=28 m2=0/-8594 i2=-210 t2=27 steerMode=0/-29 iSteer=1700 driveMode=8594/27 iDrive=211625 scale=0 wheel=25000
2026-07-07T14:55:16.665+00:00 CAN id=101 dlc=8 data=d8cf0400a8610000
2026-07-07T14:55:16.685+00:00 CAN id=101 dlc=8 data=d8cf0400a8610000
2026-07-07T14:55:16.705+00:00 CAN id=101 dlc=8 data=d8cf0400a8610000
2026-07-07T14:55:16.725+00:00 CAN id=101 dlc=8 data=d8cf0400a8610000
2026-07-07T14:55:16.745+00:00 CAN id=101 dlc=8 data=d8cf0400a8610000
2026-07-07T14:55:16.765+00:00 CAN id=101 dlc=8 data=d8cf0400a8610000
2026-07-07T14:55:16.785+00:00 CAN id=101 dlc=8 data=d8cf0400a8610000
2026-07-07T14:55:16.805+00:00 CAN id=101 dlc=8 data=d8cf0400a8610000
2026-07-07T14:55:16.825+00:00 CAN id=101 dlc=8 data=d8cf0400a8610000
2026-07-07T14:55:16.845+00:00 CAN id=101 dlc=8 data=d8cf0400a8610000
2026-07-07T14:55:16.852+00:00 VCP run=1 step=0 angle=315527 target=315352 err=-175 steer=0 m1=0/8594 i1=228 t1=28 m2=0/-8594 i2=-228 t2=27 steerMode=0/-1 iSteer=317 driveMode=8594/0 iDrive=227904 scale=0 wheel=25000
2026-07-07T14:55:16.852+00:00 VCP run=1 step=0 angle=315527 target=315352 err=-175 steer=0 m1=0/8594 i1=245 t1=28 m2=0/-8594 i2=-244 t2=27 steerMode=0/0 iSteer=290 driveMode=8594/0 iDrive=244233 scale=0 wheel=25000
2026-07-07T14:55:16.865+00:00 CAN id=101 dlc=8 data=d8cf0400a8610000
2026-07-07T14:55:16.885+00:00 CAN id=101 dlc=8 data=d8cf0400a8610000
2026-07-07T14:55:16.905+00:00 CAN id=101 dlc=8 data=d8cf0400a8610000
2026-07-07T14:55:16.925+00:00 CAN id=101 dlc=8 data=d8cf0400a8610000
2026-07-07T14:55:16.945+00:00 CAN id=101 dlc=8 data=d8cf0400a8610000
2026-07-07T14:55:16.955+00:00 VCP run=1 step=0 angle=315527 target=315352 err=-175 steer=0 m1=0/8594 i1=261 t1=28 m2=0/-8594 i2=-260 t2=27 steerMode=0/-1 iSteer=371 driveMode=8594/1 iDrive=260543 scale=0 wheel=25000
2026-07-07T14:55:16.955+00:00 VCP SET_TARGET_RX steer=315352 wheel=25000
2026-07-07T14:55:16.965+00:00 CAN id=101 dlc=8 data=d8cf0400a8610000
2026-07-07T14:55:16.985+00:00 CAN id=101 dlc=8 data=d8cf0400a8610000
2026-07-07T14:55:17.005+00:00 CAN id=101 dlc=8 data=d8cf0400a8610000
2026-07-07T14:55:17.025+00:00 CAN id=101 dlc=8 data=d8cf0400a8610000
2026-07-07T14:55:17.045+00:00 CAN id=101 dlc=8 data=d8cf0400a8610000
2026-07-07T14:55:17.061+00:00 VCP run=1 step=0 angle=315527 target=315352 err=-175 steer=0 m1=0/8594 i1=277 t1=28 m2=0/-8594 i2=-277 t2=27 steerMode=0/0 iSteer=314 driveMode=8594/0 iDrive=276875 scale=0 wheel=25000
2026-07-07T14:55:17.065+00:00 CAN id=101 dlc=8 data=d8cf0400a8610000
2026-07-07T14:55:17.085+00:00 CAN id=101 dlc=8 data=d8cf0400a8610000
2026-07-07T14:55:17.105+00:00 CAN id=101 dlc=8 data=d8cf0400a8610000
2026-07-07T14:55:17.125+00:00 CAN id=101 dlc=8 data=d8cf0400a8610000
2026-07-07T14:55:17.145+00:00 CAN id=101 dlc=8 data=d8cf0400a8610000
2026-07-07T14:55:17.165+00:00 CAN id=101 dlc=8 data=d8cf0400a8610000
2026-07-07T14:55:17.185+00:00 CAN id=101 dlc=8 data=d8cf0400a8610000
2026-07-07T14:55:17.205+00:00 CAN id=101 dlc=8 data=d8cf0400a8610000
2026-07-07T14:55:17.225+00:00 CAN id=101 dlc=8 data=d8cf0400a8610000
2026-07-07T14:55:17.245+00:00 CAN id=101 dlc=8 data=d8cf0400a8610000
2026-07-07T14:55:17.251+00:00 VCP run=1 step=0 angle=315527 target=315352 err=-175 steer=0 m1=0/8594 i1=294 t1=28 m2=0/-8594 i2=-293 t2=27 steerMode=0/-4 iSteer=541 driveMode=8594/4 iDrive=293165 scale=0 wheel=25000
2026-07-07T14:55:17.251+00:00 VCP run=1 step=0 angle=315615 target=315352 err=-263 steer=0 m1=0/8594 i1=310 t1=28 m2=0/-8594 i2=-309 t2=27 steerMode=0/-3 iSteer=489 driveMode=8594/-3 iDrive=309526 scale=0 wheel=25000
2026-07-07T14:55:17.265+00:00 CAN id=101 dlc=8 data=d8cf0400a8610000
2026-07-07T14:55:17.285+00:00 CAN id=101 dlc=8 data=d8cf0400a8610000
2026-07-07T14:55:17.305+00:00 CAN id=101 dlc=8 data=d8cf0400a8610000
2026-07-07T14:55:17.325+00:00 CAN id=101 dlc=8 data=d8cf0400a8610000
2026-07-07T14:55:17.345+00:00 CAN id=101 dlc=8 data=d8cf0400a8610000
2026-07-07T14:55:17.358+00:00 VCP run=1 step=0 angle=315527 target=315352 err=-175 steer=0 m1=0/8594 i1=327 t1=28 m2=0/-8594 i2=-325 t2=27 steerMode=0/-8 iSteer=779 driveMode=8594/8 iDrive=325787 scale=0 wheel=25000
2026-07-07T14:55:17.365+00:00 CAN id=101 dlc=8 data=d8cf0400a8610000
2026-07-07T14:55:17.385+00:00 CAN id=101 dlc=8 data=d8cf0400a8610000
2026-07-07T14:55:17.405+00:00 CAN id=101 dlc=8 data=d8cf0400a8610000
2026-07-07T14:55:17.425+00:00 CAN id=101 dlc=8 data=d8cf0400a8610000
2026-07-07T14:55:17.445+00:00 CAN id=101 dlc=8 data=d8cf0400a8610000
2026-07-07T14:55:17.461+00:00 VCP run=1 step=0 angle=315527 target=315352 err=-175 steer=0 m1=0/8594 i1=343 t1=28 m2=0/-8594 i2=-342 t2=27 steerMode=0/-3 iSteer=497 driveMode=8594/-2 iDrive=342164 scale=0 wheel=25000
2026-07-07T14:55:17.461+00:00 VCP SET_TARGET_RX steer=315352 wheel=25000
2026-07-07T14:55:17.465+00:00 CAN id=101 dlc=8 data=d8cf0400a8610000
2026-07-07T14:55:17.485+00:00 CAN id=101 dlc=8 data=d8cf0400a8610000
2026-07-07T14:55:17.505+00:00 CAN id=101 dlc=8 data=d8cf0400a8610000
2026-07-07T14:55:17.525+00:00 CAN id=101 dlc=8 data=d8cf0400a8610000
2026-07-07T14:55:17.545+00:00 CAN id=101 dlc=8 data=d8cf0400a8610000
2026-07-07T14:55:17.565+00:00 CAN id=101 dlc=8 data=d8cf0400a8610000
2026-07-07T14:55:17.585+00:00 CAN id=101 dlc=8 data=d8cf0400a8610000
2026-07-07T14:55:17.605+00:00 CAN id=101 dlc=8 data=d8cf0400a8610000
2026-07-07T14:55:17.625+00:00 CAN id=101 dlc=8 data=d8cf0400a8610000
2026-07-07T14:55:17.645+00:00 CAN id=101 dlc=8 data=d8cf0400a8610000
2026-07-07T14:55:17.651+00:00 VCP run=1 step=0 angle=315615 target=315352 err=-263 steer=0 m1=0/8594 i1=359 t1=28 m2=0/-8594 i2=-358 t2=27 steerMode=0/0 iSteer=352 driveMode=8594/0 iDrive=358479 scale=0 wheel=25000
2026-07-07T14:55:17.651+00:00 VCP run=1 step=0 angle=315527 target=315352 err=-175 steer=0 m1=0/8594 i1=375 t1=28 m2=-3/-8594 i2=-374 t2=27 steerMode=0/-4 iSteer=562 driveMode=8594/4 iDrive=374790 scale=0 wheel=25000
2026-07-07T14:55:17.665+00:00 CAN id=101 dlc=8 data=d8cf0400a8610000
2026-07-07T14:55:17.685+00:00 CAN id=101 dlc=8 data=d8cf0400a8610000
2026-07-07T14:55:17.705+00:00 CAN id=101 dlc=8 data=d8cf0400a8610000
2026-07-07T14:55:17.725+00:00 CAN id=101 dlc=8 data=d8cf0400a8610000
2026-07-07T14:55:17.745+00:00 CAN id=101 dlc=8 data=d8cf0400a8610000
2026-07-07T14:55:17.757+00:00 VCP run=1 step=0 angle=315615 target=315352 err=-263 steer=0 m1=0/8594 i1=392 t1=28 m2=0/-8594 i2=-391 t2=27 steerMode=0/-1 iSteer=466 driveMode=8594/1 iDrive=391104 scale=0 wheel=25000
2026-07-07T14:55:17.765+00:00 CAN id=101 dlc=8 data=d8cf0400a8610000
2026-07-07T14:55:17.785+00:00 CAN id=101 dlc=8 data=d8cf0400a8610000
2026-07-07T14:55:17.805+00:00 CAN id=101 dlc=8 data=d8cf0400a8610000
2026-07-07T14:55:17.825+00:00 CAN id=101 dlc=8 data=d8cf0400a8610000
2026-07-07T14:55:17.845+00:00 CAN id=101 dlc=8 data=d8cf0400a8610000
2026-07-07T14:55:17.863+00:00 VCP run=1 step=0 angle=315527 target=315352 err=-175 steer=0 m1=0/8594 i1=408 t1=28 m2=0/-8594 i2=-407 t2=27 steerMode=0/1 iSteer=381 driveMode=8594/1 iDrive=407429 scale=0 wheel=25000
2026-07-07T14:55:17.865+00:00 CAN id=101 dlc=8 data=d8cf0400a8610000
2026-07-07T14:55:17.885+00:00 CAN id=101 dlc=8 data=d8cf0400a8610000
2026-07-07T14:55:17.905+00:00 CAN id=101 dlc=8 data=d8cf0400a8610000
2026-07-07T14:55:17.925+00:00 CAN id=101 dlc=8 data=d8cf0400a8610000
2026-07-07T14:55:17.945+00:00 CAN id=101 dlc=8 data=d8cf0400a8610000
2026-07-07T14:55:17.965+00:00 CAN id=101 dlc=8 data=d8cf0400a8610000
2026-07-07T14:55:17.985+00:00 CAN id=101 dlc=8 data=d8cf0400a8610000
2026-07-07T14:55:18.005+00:00 CAN id=101 dlc=8 data=d8cf0400a8610000
2026-07-07T14:55:18.025+00:00 CAN id=101 dlc=8 data=d8cf0400a8610000
2026-07-07T14:55:18.045+00:00 CAN id=101 dlc=8 data=d8cf0400a8610000
2026-07-07T14:55:18.049+00:00 VCP run=1 step=0 angle=315527 target=315352 err=-175 steer=0 m1=0/8594 i1=426 t1=28 m2=-5/-8594 i2=-421 t2=27 steerMode=0/-35 iSteer=2153 driveMode=8594/26 iDrive=423621 scale=0 wheel=25000
2026-07-07T14:55:18.049+00:00 VCP SET_TARGET_RX steer=315352 wheel=25000
2026-07-07T14:55:18.049+00:00 VCP run=1 step=0 angle=315879 target=315352 err=-527 steer=-150 m1=131/7769 i1=300 t1=28 m2=0/-9419 i2=-561 t2=27 steerMode=-825/1782 iSteer=-130597 driveMode=8594/1783 iDrive=430535 scale=0 wheel=25000
2026-07-07T14:55:18.065+00:00 CAN id=101 dlc=8 data=d8cf0400a8610000
2026-07-07T14:55:18.085+00:00 CAN id=101 dlc=8 data=d8cf0400a8610000
2026-07-07T14:55:18.105+00:00 CAN id=101 dlc=8 data=d8cf0400a8610000
2026-07-07T14:55:18.125+00:00 CAN id=101 dlc=8 data=d8cf0400a8610000
2026-07-07T14:55:18.145+00:00 CAN id=101 dlc=8 data=d8cf0400a8610000
2026-07-07T14:55:18.153+00:00 VCP run=1 step=0 angle=317197 target=315352 err=-1845 steer=-923 m1=104/3519 i1=18 t1=28 m2=-34/-13668 i2=-847 t2=27 steerMode=-5074/2846 iSteer=-414402 driveMode=8594/3396 iDrive=432532 scale=0 wheel=25000
2026-07-07T14:55:18.165+00:00 CAN id=101 dlc=8 data=d8cf0400a8610000
2026-07-07T14:55:18.185+00:00 CAN id=101 dlc=8 data=d8cf0400a8610000
2026-07-07T14:55:18.205+00:00 CAN id=101 dlc=8 data=d8cf0400a8610000
2026-07-07T14:55:18.225+00:00 CAN id=101 dlc=8 data=d8cf0400a8610000
2026-07-07T14:55:18.245+00:00 CAN id=101 dlc=8 data=d8cf0400a8610000
2026-07-07T14:55:18.258+00:00 VCP run=1 step=0 angle=315439 target=315352 err=-87 steer=0 m1=265/8594 i1=595 t1=28 m2=-337/-8594 i2=-171 t2=27 steerMode=0/-4587 iSteer=212097 driveMode=8594/13559 iDrive=382946 scale=0 wheel=25000
2026-07-07T14:55:18.265+00:00 CAN id=101 dlc=8 data=d8cf0400a8610000
2026-07-07T14:55:18.285+00:00 CAN id=101 dlc=8 data=d8cf0400a8610000
2026-07-07T14:55:18.305+00:00 CAN id=101 dlc=8 data=d8cf0400a8610000
2026-07-07T14:55:18.325+00:00 CAN id=101 dlc=8 data=d8cf0400a8610000
2026-07-07T14:55:18.345+00:00 CAN id=101 dlc=8 data=d8cf0400a8610000
2026-07-07T14:55:18.363+00:00 VCP run=1 step=0 angle=315615 target=315352 err=-263 steer=0 m1=479/8594 i1=244 t1=28 m2=-465/-8594 i2=-371 t2=27 steerMode=0/943 iSteer=-63404 driveMode=8594/24521 iDrive=307102 scale=0 wheel=25000
2026-07-07T14:55:18.365+00:00 CAN id=101 dlc=8 data=d8cf0400a8610000
2026-07-07T14:55:18.385+00:00 CAN id=101 dlc=8 data=d8cf0400a8610000
2026-07-07T14:55:18.405+00:00 CAN id=101 dlc=8 data=d8cf0400a8610000
2026-07-07T14:55:18.425+00:00 CAN id=101 dlc=8 data=d8cf0400a8610000
2026-07-07T14:55:18.445+00:00 CAN id=101 dlc=8 data=d8cf0400a8610000
2026-07-07T14:55:18.465+00:00 CAN id=101 dlc=8 data=d8cf0400a8610000
2026-07-07T14:55:18.466+00:00 VCP run=1 step=0 angle=315615 target=315352 err=-263 steer=0 m1=592/8594 i1=226 t1=28 m2=-622/-8594 i2=-254 t2=27 steerMode=0/-53 iSteer=-14045 driveMode=8594/30877 iDrive=239573 scale=0 wheel=25000
2026-07-07T14:55:18.466+00:00 VCP SET_TARGET_RX steer=315352 wheel=25000
2026-07-07T14:55:18.485+00:00 CAN id=101 dlc=8 data=d8cf0400a8610000
2026-07-07T14:55:18.505+00:00 CAN id=101 dlc=8 data=d8cf0400a8610000
2026-07-07T14:55:18.525+00:00 CAN id=101 dlc=8 data=d8cf0400a8610000
2026-07-07T14:55:18.545+00:00 CAN id=101 dlc=8 data=d8cf0400a8610000
2026-07-07T14:55:18.565+00:00 CAN id=101 dlc=8 data=d8cf0400a8610000
2026-07-07T14:55:18.585+00:00 CAN id=101 dlc=8 data=d8cf0400a8610000
2026-07-07T14:55:18.605+00:00 CAN id=101 dlc=8 data=d8cf0400a8610000
2026-07-07T14:55:18.625+00:00 CAN id=101 dlc=8 data=d8cf0400a8610000
2026-07-07T14:55:18.645+00:00 CAN id=101 dlc=8 data=d8cf0400a8610000
2026-07-07T14:55:18.652+00:00 VCP run=1 step=0 angle=315703 target=315352 err=-351 steer=0 m1=638/8594 i1=145 t1=28 m2=-601/-8594 i2=-224 t2=27 steerMode=0/443 iSteer=-39636 driveMode=8594/33078 iDrive=184441 scale=0 wheel=25000
2026-07-07T14:55:18.652+00:00 VCP run=1 step=0 angle=315879 target=315352 err=-527 steer=-263 m1=579/7145 i1=86 t1=28 m2=-603/-10043 i2=-209 t2=27 steerMode=-1449/-632 iSteer=-61376 driveMode=8594/31607 iDrive=147372 scale=0 wheel=25000
2026-07-07T14:55:18.665+00:00 CAN id=101 dlc=8 data=d8cf0400a8610000
2026-07-07T14:55:18.685+00:00 CAN id=101 dlc=8 data=d8cf0400a8610000
2026-07-07T14:55:18.705+00:00 CAN id=101 dlc=8 data=d8cf0400a8610000
2026-07-07T14:55:18.725+00:00 CAN id=101 dlc=8 data=d8cf0400a8610000
2026-07-07T14:55:18.745+00:00 CAN id=101 dlc=8 data=d8cf0400a8610000
2026-07-07T14:55:18.758+00:00 VCP run=1 step=0 angle=315703 target=315352 err=-351 steer=0 m1=525/8594 i1=105 t1=28 m2=-496/-8594 i2=-143 t2=27 steerMode=0/-22 iSteer=-18664 driveMode=8594/28238 iDrive=124115 scale=0 wheel=25000
2026-07-07T14:55:18.765+00:00 CAN id=101 dlc=8 data=d8cf0400a8610000
2026-07-07T14:55:18.785+00:00 CAN id=101 dlc=8 data=d8cf0400a8610000
2026-07-07T14:55:18.805+00:00 CAN id=101 dlc=8 data=d8cf0400a8610000
2026-07-07T14:55:18.825+00:00 CAN id=101 dlc=8 data=d8cf0400a8610000
2026-07-07T14:55:18.845+00:00 CAN id=101 dlc=8 data=d8cf0400a8610000
2026-07-07T14:55:18.863+00:00 VCP run=1 step=0 angle=315703 target=315352 err=-351 steer=0 m1=418/8594 i1=66 t1=28 m2=-457/-8594 i2=-183 t2=27 steerMode=0/728 iSteer=-58525 driveMode=8594/23727 iDrive=124332 scale=0 wheel=25000
2026-07-07T14:55:18.865+00:00 CAN id=101 dlc=8 data=d8cf0400a8610000
2026-07-07T14:55:18.885+00:00 CAN id=101 dlc=8 data=d8cf0400a8610000
2026-07-07T14:55:18.905+00:00 CAN id=101 dlc=8 data=d8cf0400a8610000
2026-07-07T14:55:18.925+00:00 CAN id=101 dlc=8 data=d8cf0400a8610000
2026-07-07T14:55:18.945+00:00 CAN id=101 dlc=8 data=d8cf0400a8610000
2026-07-07T14:55:18.965+00:00 VCP run=1 step=0 angle=315879 target=315352 err=-527 steer=-263 m1=315/7145 i1=72 t1=28 m2=-358/-10043 i2=-224 t2=27 steerMode=-1449/-405 iSteer=-76022 driveMode=8594/19050 iDrive=147720 scale=0 wheel=25000
2026-07-07T14:55:18.965+00:00 VCP SET_TARGET_RX steer=315352 wheel=25000
2026-07-07T14:55:18.965+00:00 CAN id=101 dlc=8 data=d8cf0400a8610000
2026-07-07T14:55:18.985+00:00 CAN id=101 dlc=8 data=d8cf0400a8610000
2026-07-07T14:55:19.005+00:00 CAN id=101 dlc=8 data=d8cf0400a8610000
2026-07-07T14:55:19.025+00:00 CAN id=101 dlc=8 data=d8cf0400a8610000
2026-07-07T14:55:19.045+00:00 CAN id=101 dlc=8 data=d8cf0400a8610000
2026-07-07T14:55:19.065+00:00 CAN id=101 dlc=8 data=d8cf0400a8610000
2026-07-07T14:55:19.085+00:00 CAN id=101 dlc=8 data=d8cf0400a8610000
2026-07-07T14:55:19.105+00:00 CAN id=101 dlc=8 data=d8cf0400a8610000
2026-07-07T14:55:19.125+00:00 CAN id=101 dlc=8 data=d8cf0400a8610000
2026-07-07T14:55:19.145+00:00 CAN id=101 dlc=8 data=d8cf0400a8610000
2026-07-07T14:55:19.152+00:00 VCP run=1 step=0 angle=315791 target=315352 err=-439 steer=0 m1=303/8594 i1=129 t1=28 m2=-258/-8594 i2=-202 t2=27 steerMode=0/269 iSteer=-36221 driveMode=8594/15508 iDrive=165427 scale=0 wheel=25000
2026-07-07T14:55:19.152+00:00 VCP run=1 step=0 angle=315791 target=315352 err=-439 steer=0 m1=267/8594 i1=163 t1=28 m2=-314/-8594 i2=-185 t2=27 steerMode=0/-241 iSteer=-11060 driveMode=8594/13761 iDrive=174164 scale=0 wheel=25000
2026-07-07T14:55:19.165+00:00 CAN id=101 dlc=8 data=d8cf0400a8610000
2026-07-07T14:55:19.185+00:00 CAN id=101 dlc=8 data=d8cf0400a8610000
2026-07-07T14:55:19.205+00:00 CAN id=101 dlc=8 data=d8cf0400a8610000
2026-07-07T14:55:19.225+00:00 CAN id=101 dlc=8 data=d8cf0400a8610000
2026-07-07T14:55:19.245+00:00 CAN id=101 dlc=8 data=d8cf0400a8610000
2026-07-07T14:55:19.257+00:00 VCP run=1 step=0 angle=315791 target=315352 err=-439 steer=0 m1=200/8594 i1=224 t1=28 m2=-256/-8594 i2=-142 t2=27 steerMode=0/-1324 iSteer=41444 driveMode=8594/11986 iDrive=183041 scale=0 wheel=25000
2026-07-07T14:55:19.265+00:00 CAN id=101 dlc=8 data=d8cf0400a8610000
2026-07-07T14:55:19.285+00:00 CAN id=101 dlc=8 data=d8cf0400a8610000
2026-07-07T14:55:19.305+00:00 CAN id=101 dlc=8 data=d8cf0400a8610000
2026-07-07T14:55:19.325+00:00 CAN id=101 dlc=8 data=d8cf0400a8610000
2026-07-07T14:55:19.345+00:00 CAN id=101 dlc=8 data=d8cf0400a8610000
2026-07-07T14:55:19.362+00:00 VCP run=1 step=0 angle=315703 target=315352 err=-351 steer=0 m1=213/8594 i1=141 t1=28 m2=-157/-8594 i2=-235 t2=27 steerMode=0/460 iSteer=-47382 driveMode=8594/11006 iDrive=187937 scale=0 wheel=25000
2026-07-07T14:55:19.365+00:00 CAN id=101 dlc=8 data=d8cf0400a8610000
2026-07-07T14:55:19.385+00:00 CAN id=101 dlc=8 data=d8cf0400a8610000
2026-07-07T14:55:19.405+00:00 CAN id=101 dlc=8 data=d8cf0400a8610000
2026-07-07T14:55:19.425+00:00 CAN id=101 dlc=8 data=d8cf0400a8610000
2026-07-07T14:55:19.445+00:00 CAN id=101 dlc=8 data=d8cf0400a8610000
2026-07-07T14:55:19.465+00:00 CAN id=101 dlc=8 data=d8cf0400a8610000
2026-07-07T14:55:19.465+00:00 VCP run=1 step=0 angle=315791 target=315352 err=-439 steer=0 m1=169/8594 i1=159 t1=28 m2=-134/-8594 i2=-228 t2=27 steerMode=0/188 iSteer=-34339 driveMode=8594/9835 iDrive=193795 scale=0 wheel=25000
2026-07-07T14:55:19.465+00:00 VCP SET_TARGET_RX steer=315352 wheel=25000
2026-07-07T14:55:19.485+00:00 CAN id=101 dlc=8 data=d8cf0400a8610000
2026-07-07T14:55:19.505+00:00 CAN id=101 dlc=8 data=d8cf0400a8610000
2026-07-07T14:55:19.525+00:00 CAN id=101 dlc=8 data=d8cf0400a8610000
2026-07-07T14:55:19.545+00:00 CAN id=101 dlc=8 data=d8cf0400a8610000
2026-07-07T14:55:19.565+00:00 CAN id=101 dlc=8 data=d8cf0400a8610000
2026-07-07T14:55:19.585+00:00 CAN id=101 dlc=8 data=d8cf0400a8610000
2026-07-07T14:55:19.605+00:00 CAN id=101 dlc=8 data=d8cf0400a8610000
2026-07-07T14:55:19.625+00:00 CAN id=101 dlc=8 data=d8cf0400a8610000
2026-07-07T14:55:19.645+00:00 CAN id=101 dlc=8 data=d8cf0400a8610000
2026-07-07T14:55:19.653+00:00 VCP run=1 step=0 angle=315791 target=315352 err=-439 steer=0 m1=144/8594 i1=189 t1=28 m2=-208/-8594 i2=-202 t2=27 steerMode=0/-366 iSteer=-6327 driveMode=8594/9496 iDrive=195487 scale=0 wheel=25000
2026-07-07T14:55:19.653+00:00 VCP run=1 step=0 angle=315791 target=315352 err=-439 steer=0 m1=179/8594 i1=168 t1=28 m2=-166/-8594 i2=-220 t2=27 steerMode=0/28 iSteer=-25728 driveMode=8594/9797 iDrive=193983 scale=0 wheel=25000
2026-07-07T14:55:19.665+00:00 CAN id=101 dlc=8 data=d8cf0400a8610000
2026-07-07T14:55:19.685+00:00 CAN id=101 dlc=8 data=d8cf0400a8610000
2026-07-07T14:55:19.705+00:00 CAN id=101 dlc=8 data=d8cf0400a8610000
2026-07-07T14:55:19.725+00:00 CAN id=101 dlc=8 data=d8cf0400a8610000
2026-07-07T14:55:19.745+00:00 CAN id=101 dlc=8 data=d8cf0400a8610000
2026-07-07T14:55:19.758+00:00 VCP run=1 step=0 angle=315791 target=315352 err=-439 steer=0 m1=175/8594 i1=176 t1=28 m2=-212/-8594 i2=-206 t2=27 steerMode=0/-182 iSteer=-14733 driveMode=8594/10435 iDrive=190796 scale=0 wheel=25000
2026-07-07T14:55:19.765+00:00 CAN id=101 dlc=8 data=d8cf0400a8610000
2026-07-07T14:55:19.785+00:00 CAN id=101 dlc=8 data=d8cf0400a8610000
2026-07-07T14:55:19.805+00:00 CAN id=101 dlc=8 data=d8cf0400a8610000
2026-07-07T14:55:19.825+00:00 CAN id=101 dlc=8 data=d8cf0400a8610000
2026-07-07T14:55:19.845+00:00 CAN id=101 dlc=8 data=d8cf0400a8610000
2026-07-07T14:55:19.863+00:00 VCP run=1 step=0 angle=315879 target=315352 err=-527 steer=-263 m1=196/7145 i1=91 t1=28 m2=-250/-10043 i2=-289 t2=27 steerMode=-1449/28 iSteer=-99014 driveMode=8594/10497 iDrive=190484 scale=0 wheel=25000
2026-07-07T14:55:19.865+00:00 CAN id=101 dlc=8 data=d8cf0400a8610000
2026-07-07T14:55:19.885+00:00 CAN id=101 dlc=8 data=d8cf0400a8610000
2026-07-07T14:55:19.905+00:00 CAN id=101 dlc=8 data=d8cf0400a8610000
2026-07-07T14:55:19.925+00:00 CAN id=101 dlc=8 data=d8cf0400a8610000
2026-07-07T14:55:19.945+00:00 CAN id=101 dlc=8 data=d8cf0400a8610000
2026-07-07T14:55:19.965+00:00 CAN id=101 dlc=8 data=d8cf0400a8610000
2026-07-07T14:55:19.965+00:00 VCP run=1 step=0 angle=315615 target=315352 err=-263 steer=0 m1=171/8594 i1=197 t1=28 m2=-268/-8594 i2=-185 t2=27 steerMode=0/-604 iSteer=5891 driveMode=8594/10460 iDrive=190669 scale=0 wheel=25000
2026-07-07T14:55:19.965+00:00 VCP SET_TARGET_RX steer=315352 wheel=25000
2026-07-07T14:55:19.985+00:00 CAN id=101 dlc=8 data=d8cf0400a8610000
2026-07-07T14:55:20.005+00:00 CAN id=101 dlc=8 data=d8cf0400a8610000
2026-07-07T14:55:20.025+00:00 CAN id=101 dlc=8 data=d8cf0400a8610000
2026-07-07T14:55:20.045+00:00 CAN id=101 dlc=8 data=d8cf0400a8610000
2026-07-07T14:55:20.065+00:00 CAN id=101 dlc=8 data=d8cf0400a8610000
2026-07-07T14:55:20.085+00:00 CAN id=101 dlc=8 data=d8cf0400a8610000
2026-07-07T14:55:20.105+00:00 CAN id=101 dlc=8 data=d8cf0400a8610000
2026-07-07T14:55:20.125+00:00 CAN id=101 dlc=8 data=d8cf0400a8610000
2026-07-07T14:55:20.145+00:00 CAN id=101 dlc=8 data=d8cf0400a8610000
2026-07-07T14:55:20.153+00:00 VCP run=1 step=0 angle=315703 target=315352 err=-351 steer=0 m1=234/8594 i1=142 t1=28 m2=-164/-8594 i2=-239 t2=27 steerMode=0/491 iSteer=-48273 driveMode=8594/10531 iDrive=190313 scale=0 wheel=25000
2026-07-07T14:55:20.153+00:00 VCP run=1 step=0 angle=315703 target=315352 err=-351 steer=0 m1=182/8594 i1=167 t1=28 m2=-191/-8594 i2=-219 t2=27 steerMode=0/38 iSteer=-26194 driveMode=8594/9970 iDrive=193117 scale=0 wheel=25000
2026-07-07T14:55:20.165+00:00 CAN id=101 dlc=8 data=d8cf0400a8610000
2026-07-07T14:55:20.185+00:00 CAN id=101 dlc=8 data=d8cf0400a8610000
2026-07-07T14:55:20.205+00:00 CAN id=101 dlc=8 data=d8cf0400a8610000
2026-07-07T14:55:20.225+00:00 CAN id=101 dlc=8 data=d8cf0400a8610000
2026-07-07T14:55:20.245+00:00 CAN id=101 dlc=8 data=d8cf0400a8610000
2026-07-07T14:55:20.258+00:00 VCP run=1 step=0 angle=315879 target=315352 err=-527 steer=-263 m1=138/7145 i1=102 t1=28 m2=-157/-10043 i2=-288 t2=27 steerMode=-1449/-92 iSteer=-93341 driveMode=8594/9600 iDrive=194967 scale=0 wheel=25000
2026-07-07T14:55:20.265+00:00 CAN id=101 dlc=8 data=d8cf0400a8610000
2026-07-07T14:55:20.285+00:00 CAN id=101 dlc=8 data=d8cf0400a8610000
2026-07-07T14:55:20.305+00:00 CAN id=101 dlc=8 data=d8cf0400a8610000
2026-07-07T14:55:20.325+00:00 CAN id=101 dlc=8 data=d8cf0400a8610000
2026-07-07T14:55:20.345+00:00 CAN id=101 dlc=8 data=d8cf0400a8610000
2026-07-07T14:55:20.363+00:00 VCP run=1 step=0 angle=315615 target=315352 err=-263 steer=0 m1=169/8594 i1=146 t1=28 m2=-130/-8594 i2=-250 t2=27 steerMode=0/549 iSteer=-52075 driveMode=8594/8959 iDrive=198176 scale=0 wheel=25000
2026-07-07T14:55:20.365+00:00 CAN id=101 dlc=8 data=d8cf0400a8610000
2026-07-07T14:55:20.385+00:00 CAN id=101 dlc=8 data=d8cf0400a8610000
2026-07-07T14:55:20.405+00:00 CAN id=101 dlc=8 data=d8cf0400a8610000
2026-07-07T14:55:20.425+00:00 CAN id=101 dlc=8 data=d8cf0400a8610000
2026-07-07T14:55:20.445+00:00 CAN id=101 dlc=8 data=d8cf0400a8610000
2026-07-07T14:55:20.465+00:00 VCP run=1 step=0 angle=315879 target=315352 err=-527 steer=-263 m1=169/7145 i1=102 t1=28 m2=-141/-10043 i2=-301 t2=27 steerMode=-1449/2 iSteer=-99365 driveMode=8594/8453 iDrive=201319 scale=0 wheel=25000
2026-07-07T14:55:20.465+00:00 VCP SET_TARGET_RX steer=315352 wheel=25000
2026-07-07T14:55:20.465+00:00 CAN id=101 dlc=8 data=d8cf0400a8610000
2026-07-07T14:55:20.485+00:00 CAN id=101 dlc=8 data=d8cf0400a8610000
2026-07-07T14:55:20.505+00:00 CAN id=101 dlc=8 data=d8cf0400a8610000
2026-07-07T14:55:20.525+00:00 CAN id=101 dlc=8 data=d8cf0400a8610000
2026-07-07T14:55:20.545+00:00 CAN id=101 dlc=8 data=d8cf0400a8610000
2026-07-07T14:55:20.565+00:00 CAN id=101 dlc=8 data=d8cf0400a8610000
2026-07-07T14:55:20.585+00:00 CAN id=101 dlc=8 data=d8cf0400a8610000
2026-07-07T14:55:20.605+00:00 CAN id=101 dlc=8 data=d8cf0400a8610000
2026-07-07T14:55:20.625+00:00 CAN id=101 dlc=8 data=d8cf0400a8610000
2026-07-07T14:55:20.645+00:00 CAN id=101 dlc=8 data=d8cf0400a8610000
2026-07-07T14:55:20.651+00:00 VCP run=1 step=0 angle=315879 target=315352 err=-527 steer=-263 m1=144/7145 i1=88 t1=28 m2=-141/-10043 i2=-330 t2=27 steerMode=-1449/420 iSteer=-120807 driveMode=8594/7196 iDrive=209244 scale=0 wheel=25000
2026-07-07T14:55:20.651+00:00 VCP run=1 step=0 angle=315879 target=315352 err=-527 steer=-263 m1=89/7145 i1=124 t1=28 m2=-116/-10043 i2=-316 t2=27 steerMode=-1449/-143 iSteer=-96331 driveMode=8594/5837 iDrive=220101 scale=0 wheel=25000
2026-07-07T14:55:20.665+00:00 CAN id=101 dlc=8 data=d8cf0400a8610000
2026-07-07T14:55:20.685+00:00 CAN id=101 dlc=8 data=d8cf0400a8610000
2026-07-07T14:55:20.705+00:00 CAN id=101 dlc=8 data=d8cf0400a8610000
2026-07-07T14:55:20.725+00:00 CAN id=101 dlc=8 data=d8cf0400a8610000
2026-07-07T14:55:20.745+00:00 CAN id=101 dlc=8 data=d8cf0400a8610000
2026-07-07T14:55:20.757+00:00 VCP run=1 step=0 angle=315791 target=315352 err=-439 steer=0 m1=56/8594 i1=176 t1=28 m2=-93/-8594 i2=-290 t2=27 steerMode=0/510 iSteer=-56773 driveMode=8594/4644 iDrive=232799 scale=0 wheel=25000
2026-07-07T14:55:20.765+00:00 CAN id=101 dlc=8 data=d8cf0400a8610000
2026-07-07T14:55:20.785+00:00 CAN id=101 dlc=8 data=d8cf0400a8610000
2026-07-07T14:55:20.805+00:00 CAN id=101 dlc=8 data=d8cf0400a8610000
2026-07-07T14:55:20.825+00:00 CAN id=101 dlc=8 data=d8cf0400a8610000
2026-07-07T14:55:20.845+00:00 CAN id=101 dlc=8 data=d8cf0400a8610000
2026-07-07T14:55:20.862+00:00 VCP run=1 step=0 angle=315791 target=315352 err=-439 steer=0 m1=60/8594 i1=285 t1=28 m2=-227/-8594 i2=-185 t2=27 steerMode=0/-1686 iSteer=50054 driveMode=8594/5477 iDrive=235086 scale=0 wheel=25000
2026-07-07T14:55:20.865+00:00 CAN id=101 dlc=8 data=d8cf0400a8610000
2026-07-07T14:55:20.885+00:00 CAN id=101 dlc=8 data=d8cf0400a8610000
2026-07-07T14:55:20.905+00:00 CAN id=101 dlc=8 data=d8cf0400a8610000
2026-07-07T14:55:20.925+00:00 CAN id=101 dlc=8 data=d8cf0400a8610000
2026-07-07T14:55:20.945+00:00 CAN id=101 dlc=8 data=d8cf0400a8610000
2026-07-07T14:55:20.963+00:00 VCP run=1 step=0 angle=315879 target=315352 err=-527 steer=-263 m1=106/7145 i1=119 t1=28 m2=-107/-10043 i2=-347 t2=27 steerMode=-1449/134 iSteer=-114128 driveMode=8594/6742 iDrive=233303 scale=0 wheel=25000
2026-07-07T14:55:20.963+00:00 VCP SET_TARGET_RX steer=315352 wheel=25000
2026-07-07T14:55:20.965+00:00 CAN id=101 dlc=8 data=d8cf0400a8610000
2026-07-07T14:55:20.985+00:00 CAN id=101 dlc=8 data=d8cf0400a8610000
2026-07-07T14:55:21.005+00:00 CAN id=101 dlc=8 data=d8cf0400a8610000
2026-07-07T14:55:21.025+00:00 CAN id=101 dlc=8 data=d8cf0400a8610000
2026-07-07T14:55:21.045+00:00 CAN id=101 dlc=8 data=d8cf0400a8610000
2026-07-07T14:55:21.065+00:00 CAN id=101 dlc=8 data=d8cf0400a8610000
2026-07-07T14:55:21.085+00:00 CAN id=101 dlc=8 data=d8cf0400a8610000
2026-07-07T14:55:21.105+00:00 CAN id=101 dlc=8 data=d8cf0400a8610000
2026-07-07T14:55:21.125+00:00 CAN id=101 dlc=8 data=d8cf0400a8610000
2026-07-07T14:55:21.145+00:00 CAN id=101 dlc=8 data=d8cf0400a8610000
2026-07-07T14:55:21.150+00:00 VCP run=1 step=0 angle=315703 target=315352 err=-351 steer=0 m1=131/8594 i1=179 t1=28 m2=-99/-8594 i2=-287 t2=27 steerMode=0/407 iSteer=-54221 driveMode=8594/7339 iDrive=233021 scale=0 wheel=25000
2026-07-07T14:55:21.150+00:00 VCP run=1 step=0 angle=315879 target=315352 err=-527 steer=-263 m1=113/7145 i1=160 t1=28 m2=-120/-10043 i2=-315 t2=27 steerMode=-1449/-680 iSteer=-77289 driveMode=8594/6958 iDrive=237589 scale=0 wheel=25000
2026-07-07T14:55:21.165+00:00 CAN id=101 dlc=8 data=d8cf0400a8610000
2026-07-07T14:55:21.185+00:00 CAN id=101 dlc=8 data=d8cf0400a8610000
2026-07-07T14:55:21.205+00:00 CAN id=101 dlc=8 data=d8cf0400a8610000
2026-07-07T14:55:21.225+00:00 CAN id=101 dlc=8 data=d8cf0400a8610000
2026-07-07T14:55:21.245+00:00 CAN id=101 dlc=8 data=d8cf0400a8610000
2026-07-07T14:55:21.256+00:00 VCP run=1 step=0 angle=315791 target=315352 err=-439 steer=0 m1=140/8594 i1=181 t1=28 m2=-124/-8594 i2=-300 t2=27 steerMode=0/432 iSteer=-59785 driveMode=8594/6990 iDrive=240537 scale=0 wheel=25000
2026-07-07T14:55:21.265+00:00 CAN id=101 dlc=8 data=d8cf0400a8610000
2026-07-07T14:55:21.285+00:00 CAN id=101 dlc=8 data=d8cf0400a8610000
2026-07-07T14:55:21.305+00:00 CAN id=101 dlc=8 data=d8cf0400a8610000
2026-07-07T14:55:21.325+00:00 CAN id=101 dlc=8 data=d8cf0400a8610000
2026-07-07T14:55:21.345+00:00 CAN id=101 dlc=8 data=d8cf0400a8610000
2026-07-07T14:55:21.360+00:00 VCP run=1 step=0 angle=315791 target=315352 err=-439 steer=-213 m1=108/7420 i1=206 t1=28 m2=-275/-9768 i2=-263 t2=27 steerMode=-1174/-1458 iSteer=-28384 driveMode=8594/8629 iDrive=234441 scale=0 wheel=25000
2026-07-07T14:55:21.365+00:00 CAN id=101 dlc=8 data=d8cf0400a8610000
2026-07-07T14:55:21.385+00:00 CAN id=101 dlc=8 data=d8cf0400a8610000
2026-07-07T14:55:21.405+00:00 CAN id=101 dlc=8 data=d8cf0400a8610000
2026-07-07T14:55:21.425+00:00 CAN id=101 dlc=8 data=d8cf0400a8610000
2026-07-07T14:55:21.445+00:00 CAN id=101 dlc=8 data=d8cf0400a8610000
2026-07-07T14:55:21.463+00:00 VCP run=1 step=0 angle=315527 target=315352 err=-175 steer=0 m1=217/8594 i1=151 t1=28 m2=-145/-8594 i2=-307 t2=27 steerMode=0/756 iSteer=-78039 driveMode=8594/9488 iDrive=229239 scale=0 wheel=25000
2026-07-07T14:55:21.463+00:00 VCP SET_TARGET_RX steer=315352 wheel=25000
2026-07-07T14:55:21.465+00:00 CAN id=101 dlc=8 data=d8cf0400a8610000
2026-07-07T14:55:21.485+00:00 CAN id=101 dlc=8 data=d8cf0400a8610000
2026-07-07T14:55:21.505+00:00 CAN id=101 dlc=8 data=d8cf0400a8610000
2026-07-07T14:55:21.525+00:00 CAN id=101 dlc=8 data=d8cf0400a8610000
2026-07-07T14:55:21.545+00:00 CAN id=101 dlc=8 data=d8cf0400a8610000
2026-07-07T14:55:21.565+00:00 CAN id=101 dlc=8 data=d8cf0400a8610000
2026-07-07T14:55:21.585+00:00 CAN id=101 dlc=8 data=d8cf0400a8610000
2026-07-07T14:55:21.605+00:00 CAN id=101 dlc=8 data=d8cf0400a8610000
2026-07-07T14:55:21.625+00:00 CAN id=101 dlc=8 data=d8cf0400a8610000
2026-07-07T14:55:21.645+00:00 CAN id=101 dlc=8 data=d8cf0400a8610000
2026-07-07T14:55:21.650+00:00 VCP run=1 step=0 angle=315703 target=315352 err=-351 steer=0 m1=192/8594 i1=202 t1=28 m2=-227/-8594 i2=-245 t2=27 steerMode=0/-391 iSteer=-21575 driveMode=8594/10272 iDrive=223221 scale=0 wheel=25000
2026-07-07T14:55:21.650+00:00 VCP run=1 step=0 angle=315703 target=315352 err=-351 steer=0 m1=226/8594 i1=153 t1=28 m2=-222/-8594 i2=-276 t2=27 steerMode=0/402 iSteer=-61319 driveMode=8594/11201 iDrive=214571 scale=0 wheel=25000
2026-07-07T14:55:21.665+00:00 CAN id=101 dlc=8 data=d8cf0400a8610000
2026-07-07T14:55:21.685+00:00 CAN id=101 dlc=8 data=d8cf0400a8610000
2026-07-07T14:55:21.705+00:00 CAN id=101 dlc=8 data=d8cf0400a8610000
2026-07-07T14:55:21.725+00:00 CAN id=101 dlc=8 data=d8cf0400a8610000
2026-07-07T14:55:21.745+00:00 CAN id=101 dlc=8 data=d8cf0400a8610000
2026-07-07T14:55:21.755+00:00 VCP run=1 step=0 angle=315703 target=315352 err=-351 steer=0 m1=255/8594 i1=176 t1=28 m2=-296/-8594 i2=-220 t2=27 steerMode=0/-376 iSteer=-22093 driveMode=8594/13183 iDrive=198327 scale=0 wheel=25000
2026-07-07T14:55:21.765+00:00 CAN id=101 dlc=8 data=d8cf0400a8610000
2026-07-07T14:55:21.785+00:00 CAN id=101 dlc=8 data=d8cf0400a8610000
2026-07-07T14:55:21.805+00:00 CAN id=101 dlc=8 data=d8cf0400a8610000
2026-07-07T14:55:21.825+00:00 CAN id=101 dlc=8 data=d8cf0400a8610000
2026-07-07T14:55:21.845+00:00 CAN id=101 dlc=8 data=d8cf0400a8610000
2026-07-07T14:55:21.860+00:00 VCP run=1 step=0 angle=315703 target=315352 err=-351 steer=0 m1=263/8594 i1=159 t1=28 m2=-250/-8594 i2=-201 t2=27 steerMode=0/-366 iSteer=-20822 driveMode=8594/14845 iDrive=179830 scale=0 wheel=25000
2026-07-07T14:55:21.865+00:00 CAN id=101 dlc=8 data=d8cf0400a8610000
2026-07-07T14:55:21.885+00:00 CAN id=101 dlc=8 data=d8cf0400a8610000
2026-07-07T14:55:21.905+00:00 CAN id=101 dlc=8 data=d8cf0400a8610000
2026-07-07T14:55:21.925+00:00 CAN id=101 dlc=8 data=d8cf0400a8610000
2026-07-07T14:55:21.945+00:00 CAN id=101 dlc=8 data=d8cf0400a8610000
2026-07-07T14:55:21.963+00:00 VCP run=1 step=0 angle=315615 target=315352 err=-263 steer=0 m1=303/8594 i1=148 t1=28 m2=-352/-8594 i2=-185 t2=27 steerMode=0/-395 iSteer=-18814 driveMode=8594/15323 iDrive=166351 scale=0 wheel=25000
2026-07-07T14:55:21.963+00:00 VCP SET_TARGET_RX steer=315352 wheel=25000
2026-07-07T14:55:21.965+00:00 CAN id=101 dlc=8 data=d8cf0400a8610000
2026-07-07T14:55:21.985+00:00 CAN id=101 dlc=8 data=d8cf0400a8610000
2026-07-07T14:55:22.005+00:00 CAN id=101 dlc=8 data=d8cf0400a8610000
2026-07-07T14:55:22.025+00:00 CAN id=101 dlc=8 data=d8cf0400a8610000
2026-07-07T14:55:22.045+00:00 CAN id=101 dlc=8 data=d8cf0400a8610000
2026-07-07T14:55:22.065+00:00 CAN id=101 dlc=8 data=d8cf0400a8610000
2026-07-07T14:55:22.085+00:00 CAN id=101 dlc=8 data=d8cf0400a8610000
2026-07-07T14:55:22.105+00:00 CAN id=101 dlc=8 data=d8cf0400a8610000
2026-07-07T14:55:22.125+00:00 CAN id=101 dlc=8 data=d8cf0400a8610000
2026-07-07T14:55:22.145+00:00 CAN id=101 dlc=8 data=d8cf0400a8610000
2026-07-07T14:55:22.151+00:00 VCP run=1 step=0 angle=315527 target=315352 err=-175 steer=0 m1=278/8594 i1=156 t1=28 m2=-329/-8594 i2=-173 t2=27 steerMode=0/-574 iSteer=-8433 driveMode=8594/15691 iDrive=164515 scale=0 wheel=25000
2026-07-07T14:55:22.151+00:00 VCP run=1 step=0 angle=315264 target=315352 err=88 steer=0 m1=301/8594 i1=144 t1=28 m2=-304/-8594 i2=-183 t2=27 steerMode=0/-332 iSteer=-19720 driveMode=8594/15908 iDrive=163429 scale=0 wheel=25000
2026-07-07T14:55:22.165+00:00 CAN id=101 dlc=8 data=d8cf0400a8610000
2026-07-07T14:55:22.185+00:00 CAN id=101 dlc=8 data=d8cf0400a8610000
2026-07-07T14:55:22.205+00:00 CAN id=101 dlc=8 data=d8cf0400a8610000
2026-07-07T14:55:22.225+00:00 CAN id=101 dlc=8 data=d8cf0400a8610000
2026-07-07T14:55:22.245+00:00 CAN id=101 dlc=8 data=d8cf0400a8610000
2026-07-07T14:55:22.256+00:00 VCP run=1 step=0 angle=315000 target=315352 err=352 steer=0 m1=320/8594 i1=145 t1=28 m2=-277/-8594 i2=-177 t2=27 steerMode=0/-383 iSteer=-16120 driveMode=8594/16323 iDrive=161351 scale=0 wheel=25000
2026-07-07T14:55:22.265+00:00 CAN id=101 dlc=8 data=d8cf0400a8610000
2026-07-07T14:55:22.285+00:00 CAN id=101 dlc=8 data=d8cf0400a8610000
2026-07-07T14:55:22.305+00:00 CAN id=101 dlc=8 data=d8cf0400a8610000
2026-07-07T14:55:22.325+00:00 CAN id=101 dlc=8 data=d8cf0400a8610000
2026-07-07T14:55:22.345+00:00 CAN id=101 dlc=8 data=d8cf0400a8610000
2026-07-07T14:55:22.361+00:00 VCP run=1 step=0 angle=314912 target=315352 err=440 steer=0 m1=301/8594 i1=136 t1=28 m2=-291/-8594 i2=-187 t2=27 steerMode=0/-183 iSteer=-25411 driveMode=8594/16376 iDrive=161090 scale=0 wheel=25000
2026-07-07T14:55:22.365+00:00 CAN id=101 dlc=8 data=d8cf0400a8610000
2026-07-07T14:55:22.385+00:00 CAN id=101 dlc=8 data=d8cf0400a8610000
2026-07-07T14:55:22.405+00:00 CAN id=101 dlc=8 data=d8cf0400a8610000
2026-07-07T14:55:22.425+00:00 CAN id=101 dlc=8 data=d8cf0400a8610000
2026-07-07T14:55:22.445+00:00 CAN id=101 dlc=8 data=d8cf0400a8610000
2026-07-07T14:55:22.463+00:00 VCP run=1 step=0 angle=314824 target=315352 err=528 steer=264 m1=324/10045 i1=146 t1=28 m2=-268/-7142 i2=-179 t2=27 steerMode=1451/1138 iSteer=-16202 driveMode=8594/16101 iDrive=162466 scale=0 wheel=25000
2026-07-07T14:55:22.463+00:00 VCP SET_TARGET_RX steer=315352 wheel=25000
2026-07-07T14:55:22.465+00:00 CAN id=101 dlc=8 data=d8cf0400a8610000
2026-07-07T14:55:22.485+00:00 CAN id=101 dlc=8 data=d8cf0400a8610000
2026-07-07T14:55:22.505+00:00 CAN id=101 dlc=8 data=d8cf0400a8610000
2026-07-07T14:55:22.525+00:00 CAN id=101 dlc=8 data=d8cf0400a8610000
2026-07-07T14:55:22.545+00:00 CAN id=101 dlc=8 data=d8cf0400a8610000
2026-07-07T14:55:22.565+00:00 CAN id=101 dlc=8 data=d8cf0400a8610000
2026-07-07T14:55:22.585+00:00 CAN id=101 dlc=8 data=d8cf0400a8610000
2026-07-07T14:55:22.605+00:00 CAN id=101 dlc=8 data=d8cf0400a8610000
2026-07-07T14:55:22.625+00:00 CAN id=101 dlc=8 data=d8cf0400a8610000
2026-07-07T14:55:22.645+00:00 CAN id=101 dlc=8 data=d8cf0400a8610000
2026-07-07T14:55:22.651+00:00 VCP run=1 step=0 angle=315088 target=315352 err=264 steer=0 m1=322/8594 i1=129 t1=28 m2=-285/-8594 i2=-194 t2=27 steerMode=0/-7 iSteer=-32337 driveMode=8594/16259 iDrive=161672 scale=0 wheel=25000
2026-07-07T14:55:22.651+00:00 VCP run=1 step=0 angle=314912 target=315352 err=440 steer=0 m1=334/8594 i1=138 t1=28 m2=-250/-8594 i2=-188 t2=27 steerMode=0/-115 iSteer=-24842 driveMode=8594/16020 iDrive=162871 scale=0 wheel=25000
2026-07-07T14:55:22.665+00:00 CAN id=101 dlc=8 data=d8cf0400a8610000
2026-07-07T14:55:22.685+00:00 CAN id=101 dlc=8 data=d8cf0400a8610000
2026-07-07T14:55:22.705+00:00 CAN id=101 dlc=8 data=d8cf0400a8610000
2026-07-07T14:55:22.725+00:00 CAN id=101 dlc=8 data=d8cf0400a8610000
2026-07-07T14:55:22.745+00:00 CAN id=101 dlc=8 data=d8cf0400a8610000
2026-07-07T14:55:22.756+00:00 VCP run=1 step=0 angle=315000 target=315352 err=352 steer=0 m1=286/8594 i1=139 t1=28 m2=-321/-8594 i2=-189 t2=27 steerMode=0/-103 iSteer=-24945 driveMode=8594/15773 iDrive=164101 scale=0 wheel=25000
2026-07-07T14:55:22.765+00:00 CAN id=101 dlc=8 data=d8cf0400a8610000
2026-07-07T14:55:22.785+00:00 CAN id=101 dlc=8 data=d8cf0400a8610000
2026-07-07T14:55:22.805+00:00 CAN id=101 dlc=8 data=d8cf0400a8610000
2026-07-07T14:55:22.825+00:00 CAN id=101 dlc=8 data=d8cf0400a8610000
2026-07-07T14:55:22.845+00:00 CAN id=101 dlc=8 data=d8cf0400a8610000
2026-07-07T14:55:22.861+00:00 VCP run=1 step=0 angle=315000 target=315352 err=352 steer=0 m1=305/8594 i1=139 t1=28 m2=-233/-8594 i2=-200 t2=27 steerMode=0/11 iSteer=-30417 driveMode=8594/14743 iDrive=169253 scale=0 wheel=25000
2026-07-07T14:55:22.865+00:00 CAN id=101 dlc=8 data=d8cf0400a8610000
2026-07-07T14:55:22.885+00:00 CAN id=101 dlc=8 data=d8cf0400a8610000
2026-07-07T14:55:22.905+00:00 CAN id=101 dlc=8 data=d8cf0400a8610000
2026-07-07T14:55:22.925+00:00 CAN id=101 dlc=8 data=d8cf0400a8610000
2026-07-07T14:55:22.945+00:00 CAN id=101 dlc=8 data=d8cf0400a8610000
2026-07-07T14:55:22.963+00:00 VCP run=1 step=0 angle=314912 target=315352 err=440 steer=0 m1=257/8594 i1=139 t1=28 m2=-302/-8594 i2=-202 t2=27 steerMode=0/31 iSteer=-31321 driveMode=8594/14520 iDrive=170368 scale=0 wheel=25000
2026-07-07T14:55:22.963+00:00 VCP SET_TARGET_RX steer=315352 wheel=25000
2026-07-07T14:55:22.965+00:00 CAN id=101 dlc=8 data=d8cf0400a8610000
2026-07-07T14:55:22.985+00:00 CAN id=101 dlc=8 data=d8cf0400a8610000
2026-07-07T14:55:23.005+00:00 CAN id=101 dlc=8 data=d8cf0400a8610000
2026-07-07T14:55:23.025+00:00 CAN id=101 dlc=8 data=d8cf0400a8610000
2026-07-07T14:55:23.045+00:00 CAN id=101 dlc=8 data=d8cf0400a8610000
2026-07-07T14:55:23.065+00:00 CAN id=101 dlc=8 data=d8cf0400a8610000
2026-07-07T14:55:23.085+00:00 CAN id=101 dlc=8 data=d8cf0400a8610000
2026-07-07T14:55:23.105+00:00 CAN id=101 dlc=8 data=d8cf0400a8610000
2026-07-07T14:55:23.125+00:00 CAN id=101 dlc=8 data=d8cf0400a8610000
2026-07-07T14:55:23.145+00:00 CAN id=101 dlc=8 data=d8cf0400a8610000
2026-07-07T14:55:23.151+00:00 VCP run=1 step=0 angle=315000 target=315352 err=352 steer=0 m1=303/8594 i1=127 t1=28 m2=-231/-8594 i2=-214 t2=27 steerMode=0/263 iSteer=-43235 driveMode=8594/14511 iDrive=170412 scale=0 wheel=25000
2026-07-07T14:55:23.152+00:00 VCP run=1 step=0 angle=315088 target=315352 err=264 steer=0 m1=269/8594 i1=129 t1=28 m2=-293/-8594 i2=-222 t2=27 steerMode=0/323 iSteer=-46490 driveMode=8594/13591 iDrive=175012 scale=0 wheel=25000
2026-07-07T14:55:23.165+00:00 CAN id=101 dlc=8 data=d8cf0400a8610000
2026-07-07T14:55:23.185+00:00 CAN id=101 dlc=8 data=d8cf0400a8610000
2026-07-07T14:55:23.205+00:00 CAN id=101 dlc=8 data=d8cf0400a8610000
2026-07-07T14:55:23.225+00:00 CAN id=101 dlc=8 data=d8cf0400a8610000
2026-07-07T14:55:23.245+00:00 CAN id=101 dlc=8 data=d8cf0400a8610000
2026-07-07T14:55:23.257+00:00 VCP run=1 step=0 angle=315088 target=315352 err=264 steer=0 m1=209/8594 i1=157 t1=28 m2=-218/-8594 i2=-203 t2=27 steerMode=0/-165 iSteer=-22895 driveMode=8594/12605 iDrive=179946 scale=0 wheel=25000
2026-07-07T14:55:23.265+00:00 CAN id=101 dlc=8 data=d8cf0400a8610000
2026-07-07T14:55:23.285+00:00 CAN id=101 dlc=8 data=d8cf0400a8610000
2026-07-07T14:55:23.305+00:00 CAN id=101 dlc=8 data=d8cf0400a8610000
2026-07-07T14:55:23.325+00:00 CAN id=101 dlc=8 data=d8cf0400a8610000
2026-07-07T14:55:23.345+00:00 CAN id=101 dlc=8 data=d8cf0400a8610000
2026-07-07T14:55:23.362+00:00 VCP run=1 step=0 angle=315264 target=315352 err=88 steer=0 m1=200/8594 i1=128 t1=28 m2=-210/-8594 i2=-254 t2=27 steerMode=0/618 iSteer=-63099 driveMode=8594/10385 iDrive=191045 scale=0 wheel=25000
2026-07-07T14:55:23.365+00:00 CAN id=101 dlc=8 data=d8cf0400a8610000
2026-07-07T14:55:23.385+00:00 CAN id=101 dlc=8 data=d8cf0400a8610000
2026-07-07T14:55:23.405+00:00 CAN id=101 dlc=8 data=d8cf0400a8610000
2026-07-07T14:55:23.425+00:00 CAN id=101 dlc=8 data=d8cf0400a8610000
2026-07-07T14:55:23.445+00:00 CAN id=101 dlc=8 data=d8cf0400a8610000
2026-07-07T14:55:23.464+00:00 VCP run=1 step=0 angle=315703 target=315352 err=-351 steer=0 m1=156/8594 i1=125 t1=28 m2=-147/-8594 i2=-286 t2=27 steerMode=0/917 iSteer=-80431 driveMode=8594/7568 iDrive=205650 scale=0 wheel=25000
2026-07-07T14:55:23.464+00:00 VCP SET_TARGET_RX steer=315352 wheel=25000
2026-07-07T14:55:23.465+00:00 CAN id=101 dlc=8 data=d8cf0400a8610000
2026-07-07T14:55:23.485+00:00 CAN id=101 dlc=8 data=d8cf0400a8610000
2026-07-07T14:55:23.505+00:00 CAN id=101 dlc=8 data=d8cf0400a8610000
2026-07-07T14:55:23.525+00:00 CAN id=101 dlc=8 data=d8cf0400a8610000
2026-07-07T14:55:23.545+00:00 CAN id=101 dlc=8 data=d8cf0400a8610000
2026-07-07T14:55:23.565+00:00 CAN id=101 dlc=8 data=d8cf0400a8610000
2026-07-07T14:55:23.585+00:00 CAN id=101 dlc=8 data=d8cf0400a8610000
2026-07-07T14:55:23.605+00:00 CAN id=101 dlc=8 data=d8cf0400a8610000
2026-07-07T14:55:23.625+00:00 CAN id=101 dlc=8 data=d8cf0400a8610000
2026-07-07T14:55:23.645+00:00 CAN id=101 dlc=8 data=d8cf0400a8610000
2026-07-07T14:55:23.652+00:00 VCP run=1 step=0 angle=315791 target=315352 err=-439 steer=0 m1=102/8594 i1=244 t1=28 m2=-168/-8594 i2=-178 t2=27 steerMode=0/-1433 iSteer=33440 driveMode=8594/7074 iDrive=210961 scale=0 wheel=25000
2026-07-07T14:55:23.652+00:00 VCP run=1 step=0 angle=315791 target=315352 err=-439 steer=0 m1=142/8594 i1=138 t1=28 m2=-107/-8594 i2=-281 t2=27 steerMode=0/679 iSteer=-71350 driveMode=8594/7708 iDrive=209657 scale=0 wheel=25000
2026-07-07T14:55:23.665+00:00 CAN id=101 dlc=8 data=d8cf0400a8610000
2026-07-07T14:55:23.685+00:00 CAN id=101 dlc=8 data=d8cf0400a8610000
2026-07-07T14:55:23.705+00:00 CAN id=101 dlc=8 data=d8cf0400a8610000
2026-07-07T14:55:23.725+00:00 CAN id=101 dlc=8 data=d8cf0400a8610000
2026-07-07T14:55:23.745+00:00 CAN id=101 dlc=8 data=d8cf0400a8610000
2026-07-07T14:55:23.757+00:00 VCP run=1 step=0 angle=315879 target=315352 err=-527 steer=-263 m1=62/7145 i1=186 t1=28 m2=-264/-10043 i2=-243 t2=27 steerMode=-1449/-1714 iSteer=-28449 driveMode=8594/7310 iDrive=214394 scale=0 wheel=25000
2026-07-07T14:55:23.765+00:00 CAN id=101 dlc=8 data=d8cf0400a8610000
2026-07-07T14:55:23.785+00:00 CAN id=101 dlc=8 data=d8cf0400a8610000
2026-07-07T14:55:23.805+00:00 CAN id=101 dlc=8 data=d8cf0400a8610000
2026-07-07T14:55:23.825+00:00 CAN id=101 dlc=8 data=d8cf0400a8610000
2026-07-07T14:55:23.845+00:00 CAN id=101 dlc=8 data=d8cf0400a8610000
2026-07-07T14:55:23.862+00:00 VCP run=1 step=0 angle=315791 target=315352 err=-439 steer=0 m1=173/8594 i1=132 t1=28 m2=-124/-8594 i2=-291 t2=27 steerMode=0/807 iSteer=-79460 driveMode=8594/8093 iDrive=211881 scale=0 wheel=25000
2026-07-07T14:55:23.865+00:00 CAN id=101 dlc=8 data=d8cf0400a8610000
2026-07-07T14:55:23.885+00:00 CAN id=101 dlc=8 data=d8cf0400a8610000
2026-07-07T14:55:23.905+00:00 CAN id=101 dlc=8 data=d8cf0400a8610000
2026-07-07T14:55:23.925+00:00 CAN id=101 dlc=8 data=d8cf0400a8610000
2026-07-07T14:55:23.945+00:00 CAN id=101 dlc=8 data=d8cf0400a8610000
2026-07-07T14:55:23.964+00:00 VCP run=1 step=0 angle=315791 target=315352 err=-439 steer=0 m1=165/8594 i1=178 t1=28 m2=-151/-8594 i2=-239 t2=27 steerMode=0/-210 iSteer=-30540 driveMode=8594/8860 iDrive=208742 scale=0 wheel=25000
2026-07-07T14:55:23.964+00:00 VCP SET_TARGET_RX steer=315352 wheel=25000
2026-07-07T14:55:23.965+00:00 CAN id=101 dlc=8 data=d8cf0400a8610000
2026-07-07T14:55:23.985+00:00 CAN id=101 dlc=8 data=d8cf0400a8610000
2026-07-07T14:55:24.005+00:00 CAN id=101 dlc=8 data=d8cf0400a8610000
2026-07-07T14:55:24.025+00:00 CAN id=101 dlc=8 data=d8cf0400a8610000
2026-07-07T14:55:24.045+00:00 CAN id=101 dlc=8 data=d8cf0400a8610000
2026-07-07T14:55:24.065+00:00 CAN id=101 dlc=8 data=d8cf0400a8610000
2026-07-07T14:55:24.085+00:00 CAN id=101 dlc=8 data=d8cf0400a8610000
2026-07-07T14:55:24.105+00:00 CAN id=101 dlc=8 data=d8cf0400a8610000
2026-07-07T14:55:24.125+00:00 CAN id=101 dlc=8 data=d8cf0400a8610000
2026-07-07T14:55:24.145+00:00 CAN id=101 dlc=8 data=d8cf0400a8610000
2026-07-07T14:55:24.152+00:00 VCP run=1 step=0 angle=315791 target=315352 err=-439 steer=0 m1=165/8594 i1=156 t1=28 m2=-105/-8594 i2=-270 t2=27 steerMode=0/314 iSteer=-57321 driveMode=8594/8067 iDrive=212914 scale=0 wheel=25000
2026-07-07T14:55:24.152+00:00 VCP run=1 step=0 angle=315791 target=315352 err=-439 steer=0 m1=173/8594 i1=177 t1=28 m2=-134/-8594 i2=-240 t2=27 steerMode=0/-183 iSteer=-31794 driveMode=8594/9002 iDrive=208522 scale=0 wheel=25000
2026-07-07T14:55:24.165+00:00 CAN id=101 dlc=8 data=d8cf0400a8610000
2026-07-07T14:55:24.185+00:00 CAN id=101 dlc=8 data=d8cf0400a8610000
2026-07-07T14:55:24.205+00:00 CAN id=101 dlc=8 data=d8cf0400a8610000
2026-07-07T14:55:24.225+00:00 CAN id=101 dlc=8 data=d8cf0400a8610000
2026-07-07T14:55:24.245+00:00 CAN id=101 dlc=8 data=d8cf0400a8610000
2026-07-07T14:55:24.257+00:00 VCP run=1 step=0 angle=315791 target=315352 err=-439 steer=0 m1=190/8594 i1=138 t1=28 m2=-162/-8594 i2=-273 t2=27 steerMode=0/522 iSteer=-67596 driveMode=8594/9346 iDrive=205498 scale=0 wheel=25000
2026-07-07T14:55:24.265+00:00 CAN id=101 dlc=8 data=d8cf0400a8610000
2026-07-07T14:55:24.285+00:00 CAN id=101 dlc=8 data=d8cf0400a8610000
2026-07-07T14:55:24.305+00:00 CAN id=101 dlc=8 data=d8cf0400a8610000
2026-07-07T14:55:24.325+00:00 CAN id=101 dlc=8 data=d8cf0400a8610000
2026-07-07T14:55:24.345+00:00 CAN id=101 dlc=8 data=d8cf0400a8610000
2026-07-07T14:55:24.362+00:00 VCP run=1 step=0 angle=315791 target=315352 err=-439 steer=0 m1=196/8594 i1=154 t1=28 m2=-183/-8594 i2=-247 t2=27 steerMode=0/104 iSteer=-46491 driveMode=8594/9948 iDrive=200146 scale=0 wheel=25000
2026-07-07T14:55:24.365+00:00 CAN id=101 dlc=8 data=d8cf0400a8610000
2026-07-07T14:55:24.385+00:00 CAN id=101 dlc=8 data=d8cf0400a8610000
2026-07-07T14:55:24.405+00:00 CAN id=101 dlc=8 data=d8cf0400a8610000
2026-07-07T14:55:24.425+00:00 CAN id=101 dlc=8 data=d8cf0400a8610000
2026-07-07T14:55:24.445+00:00 CAN id=101 dlc=8 data=d8cf0400a8610000
2026-07-07T14:55:24.465+00:00 VCP run=1 step=0 angle=315791 target=315352 err=-439 steer=0 m1=167/8594 i1=182 t1=28 m2=-168/-8594 i2=-217 t2=27 steerMode=0/-475 iSteer=-17661 driveMode=8594/9636 iDrive=199729 scale=0 wheel=25000
2026-07-07T14:55:24.465+00:00 VCP SET_TARGET_RX steer=315352 wheel=25000
2026-07-07T14:55:24.465+00:00 CAN id=101 dlc=8 data=d8cf0400a8610000
2026-07-07T14:55:24.485+00:00 CAN id=101 dlc=8 data=d8cf0400a8610000
2026-07-07T14:55:24.505+00:00 CAN id=101 dlc=8 data=d8cf0400a8610000
2026-07-07T14:55:24.525+00:00 CAN id=101 dlc=8 data=d8cf0400a8610000
2026-07-07T14:55:24.545+00:00 CAN id=101 dlc=8 data=d8cf0400a8610000
2026-07-07T14:55:24.565+00:00 CAN id=101 dlc=8 data=d8cf0400a8610000
2026-07-07T14:55:24.585+00:00 CAN id=101 dlc=8 data=d8cf0400a8610000
2026-07-07T14:55:24.605+00:00 CAN id=101 dlc=8 data=d8cf0400a8610000
2026-07-07T14:55:24.625+00:00 CAN id=101 dlc=8 data=d8cf0400a8610000
2026-07-07T14:55:24.645+00:00 CAN id=101 dlc=8 data=d8cf0400a8610000
2026-07-07T14:55:24.652+00:00 VCP run=1 step=0 angle=315791 target=315352 err=-439 steer=0 m1=207/8594 i1=136 t1=28 m2=-229/-8594 i2=-257 t2=27 steerMode=0/382 iSteer=-60388 driveMode=8594/9891 iDrive=196313 scale=0 wheel=25000
2026-07-07T14:55:24.652+00:00 VCP run=1 step=0 angle=315791 target=315352 err=-439 steer=0 m1=202/8594 i1=168 t1=28 m2=-145/-8594 i2=-220 t2=27 steerMode=0/-290 iSteer=-26196 driveMode=8594/9881 iDrive=193883 scale=0 wheel=25000
2026-07-07T14:55:24.665+00:00 CAN id=101 dlc=8 data=d8cf0400a8610000
2026-07-07T14:55:24.685+00:00 CAN id=101 dlc=8 data=d8cf0400a8610000
2026-07-07T14:55:24.705+00:00 CAN id=101 dlc=8 data=d8cf0400a8610000
2026-07-07T14:55:24.725+00:00 CAN id=101 dlc=8 data=d8cf0400a8610000
2026-07-07T14:55:24.745+00:00 CAN id=101 dlc=8 data=d8cf0400a8610000
2026-07-07T14:55:24.757+00:00 VCP run=1 step=0 angle=315791 target=315352 err=-439 steer=0 m1=138/8594 i1=170 t1=28 m2=-157/-8594 i2=-227 t2=27 steerMode=0/-254 iSteer=-28582 driveMode=8594/8949 iDrive=198223 scale=0 wheel=25000
2026-07-07T14:55:24.765+00:00 CAN id=101 dlc=8 data=d8cf0400a8610000
2026-07-07T14:55:24.785+00:00 CAN id=101 dlc=8 data=d8cf0400a8610000
2026-07-07T14:55:24.805+00:00 CAN id=101 dlc=8 data=d8cf0400a8610000
2026-07-07T14:55:24.825+00:00 CAN id=101 dlc=8 data=d8cf0400a8610000
2026-07-07T14:55:24.845+00:00 CAN id=101 dlc=8 data=d8cf0400a8610000
2026-07-07T14:55:24.863+00:00 VCP run=1 step=0 angle=315791 target=315352 err=-439 steer=0 m1=192/8594 i1=158 t1=28 m2=-164/-8594 i2=-251 t2=27 steerMode=0/95 iSteer=-46241 driveMode=8594/7920 iDrive=204305 scale=0 wheel=25000
2026-07-07T14:55:24.865+00:00 CAN id=101 dlc=8 data=d8cf0400a8610000
2026-07-07T14:55:24.885+00:00 CAN id=101 dlc=8 data=d8cf0400a8610000
2026-07-07T14:55:24.905+00:00 CAN id=101 dlc=8 data=d8cf0400a8610000
2026-07-07T14:55:24.925+00:00 CAN id=101 dlc=8 data=d8cf0400a8610000
2026-07-07T14:55:24.945+00:00 CAN id=101 dlc=8 data=d8cf0400a8610000
2026-07-07T14:55:24.965+00:00 CAN id=101 dlc=8 data=d8cf0400a8610000
2026-07-07T14:55:24.965+00:00 VCP run=1 step=0 angle=315791 target=315352 err=-439 steer=0 m1=108/8594 i1=214 t1=28 m2=-245/-8594 i2=-193 t2=27 steerMode=0/-1046 iSteer=10696 driveMode=8594/8295 iDrive=203482 scale=0 wheel=25000
2026-07-07T14:55:24.965+00:00 VCP SET_TARGET_RX steer=315352 wheel=25000
2026-07-07T14:55:24.985+00:00 CAN id=101 dlc=8 data=d8cf0400a8610000
2026-07-07T14:55:25.005+00:00 CAN id=101 dlc=8 data=d8cf0400a8610000
2026-07-07T14:55:25.025+00:00 CAN id=101 dlc=8 data=d8cf0400a8610000
2026-07-07T14:55:25.045+00:00 CAN id=101 dlc=8 data=d8cf0400a8610000
2026-07-07T14:55:25.065+00:00 CAN id=101 dlc=8 data=d8cf0400a8610000
2026-07-07T14:55:25.085+00:00 CAN id=101 dlc=8 data=d8cf0400a8610000
2026-07-07T14:55:25.105+00:00 CAN id=101 dlc=8 data=d8cf0400a8610000
2026-07-07T14:55:25.125+00:00 CAN id=101 dlc=8 data=d8cf0400a8610000
2026-07-07T14:55:25.145+00:00 CAN id=101 dlc=8 data=d8cf0400a8610000
2026-07-07T14:55:25.153+00:00 VCP run=1 step=0 angle=315703 target=315352 err=-351 steer=0 m1=154/8594 i1=124 t1=28 m2=-134/-8594 i2=-281 t2=27 steerMode=0/750 iSteer=-78585 driveMode=8594/8478 iDrive=202575 scale=0 wheel=25000
2026-07-07T14:55:25.153+00:00 VCP run=1 step=0 angle=315703 target=315352 err=-351 steer=0 m1=148/8594 i1=177 t1=28 m2=-172/-8594 i2=-232 t2=27 steerMode=0/-264 iSteer=-27611 driveMode=8594/8200 iDrive=204853 scale=0 wheel=25000
2026-07-07T14:55:25.165+00:00 CAN id=101 dlc=8 data=d8cf0400a8610000
2026-07-07T14:55:25.185+00:00 CAN id=101 dlc=8 data=d8cf0400a8610000
2026-07-07T14:55:25.205+00:00 CAN id=101 dlc=8 data=d8cf0400a8610000
2026-07-07T14:55:25.225+00:00 CAN id=101 dlc=8 data=d8cf0400a8610000
2026-07-07T14:55:25.245+00:00 CAN id=101 dlc=8 data=d8cf0400a8610000
2026-07-07T14:55:25.258+00:00 VCP run=1 step=0 angle=315703 target=315352 err=-351 steer=0 m1=167/8594 i1=180 t1=28 m2=-153/-8594 i2=-227 t2=27 steerMode=0/-344 iSteer=-23552 driveMode=8594/8531 iDrive=203797 scale=0 wheel=25000
2026-07-07T14:55:25.265+00:00 CAN id=101 dlc=8 data=d8cf0400a8610000
2026-07-07T14:55:25.285+00:00 CAN id=101 dlc=8 data=d8cf0400a8610000
2026-07-07T14:55:25.305+00:00 CAN id=101 dlc=8 data=d8cf0400a8610000
2026-07-07T14:55:25.325+00:00 CAN id=101 dlc=8 data=d8cf0400a8610000
2026-07-07T14:55:25.345+00:00 CAN id=101 dlc=8 data=d8cf0400a8610000
2026-07-07T14:55:25.363+00:00 VCP run=1 step=0 angle=315615 target=315352 err=-263 steer=0 m1=190/8594 i1=174 t1=28 m2=-180/-8594 i2=-219 t2=27 steerMode=0/-345 iSteer=-22039 driveMode=8594/9790 iDrive=196476 scale=0 wheel=25000
2026-07-07T14:55:25.365+00:00 CAN id=101 dlc=8 data=d8cf0400a8610000
2026-07-07T14:55:25.385+00:00 CAN id=101 dlc=8 data=d8cf0400a8610000
2026-07-07T14:55:25.405+00:00 CAN id=101 dlc=8 data=d8cf0400a8610000
2026-07-07T14:55:25.425+00:00 CAN id=101 dlc=8 data=d8cf0400a8610000
2026-07-07T14:55:25.445+00:00 BENCH disable sent
2026-07-07T14:55:25.445+00:00 CAN id=121 dlc=2 data=0100
2026-07-07T14:55:25.445+00:00 CAN id=121 dlc=2 data=0100
2026-07-07T14:55:25.563+00:00 VCP run=1 step=0 angle=315439 target=315352 err=-87 steer=0 m1=209/8594 i1=169 t1=28 m2=-195/-8594 i2=-206 t2=27 steerMode=0/-396 iSteer=-18734 driveMode=8594/11109 iDrive=187423 scale=0 wheel=25000
2026-07-07T14:55:25.563+00:00 VCP UNIT_CTRL enable=0
2026-07-07T14:55:25.564+00:00 VCP UNIT_CTRL enable=0
2026-07-07T14:55:25.564+00:00 VCP STOP: disabled
2026-07-07T14:55:25.846+00:00 BENCH log closed
