2026-07-07T14:53:50.113+00:00 BENCH log opened: firmware/logs/lowrpm-ff150floor150-rpm40.log
2026-07-07T14:53:50.115+00:00 BENCH run: steer=315.352deg (315352mdeg) wheel=40.0rpm (40000milli-rpm) rate=50.0Hz duration=10.0s
2026-07-07T14:53:50.115+00:00 BENCH enable sent
2026-07-07T14:53:50.115+00:00 CAN id=121 dlc=2 data=0101
2026-07-07T14:53:50.115+00:00 CAN id=101 dlc=8 data=d8cf0400409c0000
2026-07-07T14:53:50.135+00:00 CAN id=101 dlc=8 data=d8cf0400409c0000
2026-07-07T14:53:50.138+00:00 VCP  enable=1
2026-07-07T14:53:50.138+00:00 VCP SET_TARGET_RX steer=315352 wheel=40000
2026-07-07T14:53:50.138+00:00 VCP START_CAN: angle=316055 target=315352 wheelTarget=40000
2026-07-07T14:53:50.155+00:00 CAN id=101 dlc=8 data=d8cf0400409c0000
2026-07-07T14:53:50.175+00:00 CAN id=101 dlc=8 data=d8cf0400409c0000
2026-07-07T14:53:50.195+00:00 CAN id=101 dlc=8 data=d8cf0400409c0000
2026-07-07T14:53:50.215+00:00 CAN id=101 dlc=8 data=d8cf0400409c0000
2026-07-07T14:53:50.235+00:00 CAN id=101 dlc=8 data=d8cf0400409c0000
2026-07-07T14:53:50.255+00:00 CAN id=101 dlc=8 data=d8cf0400409c0000
2026-07-07T14:53:50.275+00:00 CAN id=101 dlc=8 data=d8cf0400409c0000
2026-07-07T14:53:50.295+00:00 CAN id=101 dlc=8 data=d8cf0400409c0000
2026-07-07T14:53:50.315+00:00 CAN id=101 dlc=8 data=d8cf0400409c0000
2026-07-07T14:53:50.322+00:00 VCP run=1 step=0 angle=316055 target=315352 err=-703 steer=-250 m1=0/-1031 i1=-67 t1=28 m2=0/-1719 i2=-71 t2=27 steerMode=-1375/0 iSteer=-68956 driveMode=344/0 iDrive=1753 scale=0 wheel=1000
2026-07-07T14:53:50.322+00:00 VCP run=1 step=0 angle=316055 target=315352 err=-703 steer=-351 m1=0/4461 i1=-63 t1=28 m2=0/-8326 i2=-139 t2=27 steerMode=-1932/-21 iSteer=-100788 driveMode=6394/16 iDrive=37959 scale=0 wheel=18600
2026-07-07T14:53:50.335+00:00 CAN id=101 dlc=8 data=d8cf0400409c0000
2026-07-07T14:53:50.355+00:00 CAN id=101 dlc=8 data=d8cf0400409c0000
2026-07-07T14:53:50.375+00:00 CAN id=101 dlc=8 data=d8cf0400409c0000
2026-07-07T14:53:50.395+00:00 CAN id=101 dlc=8 data=d8cf0400409c0000
2026-07-07T14:53:50.415+00:00 CAN id=101 dlc=8 data=d8cf0400409c0000
2026-07-07T14:53:50.427+00:00 VCP run=1 step=0 angle=316055 target=315352 err=-703 steer=-351 m1=0/10924 i1=-17 t1=28 m2=-3/-14789 i2=-194 t2=27 steerMode=-1932/-39 iSteer=-105262 driveMode=12856/39 iDrive=88344 scale=0 wheel=37400
2026-07-07T14:53:50.435+00:00 CAN id=101 dlc=8 data=d8cf0400409c0000
2026-07-07T14:53:50.455+00:00 CAN id=101 dlc=8 data=d8cf0400409c0000
2026-07-07T14:53:50.475+00:00 CAN id=101 dlc=8 data=d8cf0400409c0000
2026-07-07T14:53:50.495+00:00 CAN id=101 dlc=8 data=d8cf0400409c0000
2026-07-07T14:53:50.515+00:00 CAN id=101 dlc=8 data=d8cf0400409c0000
2026-07-07T14:53:50.532+00:00 VCP run=1 step=0 angle=316055 target=315352 err=-703 steer=-351 m1=0/11818 i1=6 t1=28 m2=0/-15682 i2=-231 t2=27 steerMode=-1932/4 iSteer=-112740 driveMode=13750/18 iDrive=118391 scale=0 wheel=40000
2026-07-07T14:53:50.535+00:00 CAN id=101 dlc=8 data=d8cf0400409c0000
2026-07-07T14:53:50.555+00:00 CAN id=101 dlc=8 data=d8cf0400409c0000
2026-07-07T14:53:50.576+00:00 CAN id=101 dlc=8 data=d8cf0400409c0000
2026-07-07T14:53:50.595+00:00 CAN id=101 dlc=8 data=d8cf0400409c0000
2026-07-07T14:53:50.615+00:00 CAN id=101 dlc=8 data=d8cf0400409c0000
2026-07-07T14:53:50.633+00:00 VCP run=1 step=0 angle=316055 target=315352 err=-703 steer=-351 m1=0/11818 i1=26 t1=28 m2=0/-15682 i2=-262 t2=27 steerMode=-1932/-2 iSteer=-117889 driveMode=13750/2 iDrive=144298 scale=0 wheel=40000
2026-07-07T14:53:50.633+00:00 VCP SET_TARGET_RX steer=315352 wheel=40000
2026-07-07T14:53:50.635+00:00 CAN id=101 dlc=8 data=d8cf0400409c0000
2026-07-07T14:53:50.655+00:00 CAN id=101 dlc=8 data=d8cf0400409c0000
2026-07-07T14:53:50.675+00:00 CAN id=101 dlc=8 data=d8cf0400409c0000
2026-07-07T14:53:50.695+00:00 CAN id=101 dlc=8 data=d8cf0400409c0000
2026-07-07T14:53:50.715+00:00 CAN id=101 dlc=8 data=d8cf0400409c0000
2026-07-07T14:53:50.735+00:00 CAN id=101 dlc=8 data=d8cf0400409c0000
2026-07-07T14:53:50.755+00:00 CAN id=101 dlc=8 data=d8cf0400409c0000
2026-07-07T14:53:50.775+00:00 CAN id=101 dlc=8 data=d8cf0400409c0000
2026-07-07T14:53:50.795+00:00 CAN id=101 dlc=8 data=d8cf0400409c0000
2026-07-07T14:53:50.815+00:00 CAN id=101 dlc=8 data=d8cf0400409c0000
2026-07-07T14:53:50.821+00:00 VCP run=1 step=0 angle=316055 target=315352 err=-703 steer=-351 m1=0/11818 i1=47 t1=28 m2=0/-15682 i2=-293 t2=27 steerMode=-1932/-2 iSteer=-123245 driveMode=13750/2 iDrive=169855 scale=0 wheel=40000
2026-07-07T14:53:50.821+00:00 VCP run=1 step=0 angle=316055 target=315352 err=-703 steer=-351 m1=0/11818 i1=67 t1=28 m2=-5/-15682 i2=-323 t2=27 steerMode=-1932/-14 iSteer=-128035 driveMode=13750/14 iDrive=195364 scale=0 wheel=40000
2026-07-07T14:53:50.835+00:00 CAN id=101 dlc=8 data=d8cf0400409c0000
2026-07-07T14:53:50.855+00:00 CAN id=101 dlc=8 data=d8cf0400409c0000
2026-07-07T14:53:50.875+00:00 CAN id=101 dlc=8 data=d8cf0400409c0000
2026-07-07T14:53:50.895+00:00 CAN id=101 dlc=8 data=d8cf0400409c0000
2026-07-07T14:53:50.915+00:00 CAN id=101 dlc=8 data=d8cf0400409c0000
2026-07-07T14:53:50.926+00:00 VCP run=1 step=0 angle=316055 target=315352 err=-703 steer=-351 m1=0/11818 i1=88 t1=28 m2=0/-15682 i2=-354 t2=27 steerMode=-1932/-19 iSteer=-133080 driveMode=13750/19 iDrive=220867 scale=0 wheel=40000
2026-07-07T14:53:50.935+00:00 CAN id=101 dlc=8 data=d8cf0400409c0000
2026-07-07T14:53:50.955+00:00 CAN id=101 dlc=8 data=d8cf0400409c0000
2026-07-07T14:53:50.975+00:00 CAN id=101 dlc=8 data=d8cf0400409c0000
2026-07-07T14:53:50.995+00:00 CAN id=101 dlc=8 data=d8cf0400409c0000
2026-07-07T14:53:51.015+00:00 CAN id=101 dlc=8 data=d8cf0400409c0000
2026-07-07T14:53:51.031+00:00 VCP run=1 step=0 angle=316055 target=315352 err=-703 steer=-351 m1=0/11818 i1=110 t1=28 m2=-3/-15682 i2=-383 t2=27 steerMode=-1932/-56 iSteer=-136529 driveMode=13750/56 iDrive=246203 scale=0 wheel=40000
2026-07-07T14:53:51.035+00:00 CAN id=101 dlc=8 data=d8cf0400409c0000
2026-07-07T14:53:51.055+00:00 CAN id=101 dlc=8 data=d8cf0400409c0000
2026-07-07T14:53:51.075+00:00 CAN id=101 dlc=8 data=d8cf0400409c0000
2026-07-07T14:53:51.095+00:00 CAN id=101 dlc=8 data=d8cf0400409c0000
2026-07-07T14:53:51.115+00:00 CAN id=101 dlc=8 data=d8cf0400409c0000
2026-07-07T14:53:51.133+00:00 VCP run=1 step=0 angle=315703 target=315352 err=-351 steer=0 m1=2/13750 i1=321 t1=28 m2=-99/-13750 i2=-199 t2=27 steerMode=0/-2113 iSteer=60728 driveMode=13750/2162 iDrive=259832 scale=0 wheel=40000
2026-07-07T14:53:51.133+00:00 VCP SET_TARGET_RX steer=315352 wheel=40000
2026-07-07T14:53:51.135+00:00 CAN id=101 dlc=8 data=d8cf0400409c0000
2026-07-07T14:53:51.156+00:00 CAN id=101 dlc=8 data=d8cf0400409c0000
2026-07-07T14:53:51.176+00:00 CAN id=101 dlc=8 data=d8cf0400409c0000
2026-07-07T14:53:51.195+00:00 CAN id=101 dlc=8 data=d8cf0400409c0000
2026-07-07T14:53:51.216+00:00 CAN id=101 dlc=8 data=d8cf0400409c0000
2026-07-07T14:53:51.235+00:00 CAN id=101 dlc=8 data=d8cf0400409c0000
2026-07-07T14:53:51.255+00:00 CAN id=101 dlc=8 data=d8cf0400409c0000
2026-07-07T14:53:51.275+00:00 CAN id=101 dlc=8 data=d8cf0400409c0000
2026-07-07T14:53:51.295+00:00 CAN id=101 dlc=8 data=d8cf0400409c0000
2026-07-07T14:53:51.315+00:00 CAN id=101 dlc=8 data=d8cf0400409c0000
2026-07-07T14:53:51.321+00:00 VCP run=1 step=0 angle=315176 target=315352 err=176 steer=0 m1=0/13750 i1=311 t1=28 m2=-80/-13750 i2=-261 t2=27 steerMode=0/-1307 iSteer=25272 driveMode=13750/1273 iDrive=286210 scale=0 wheel=40000
2026-07-07T14:53:51.321+00:00 VCP run=1 step=0 angle=314736 target=315352 err=616 steer=308 m1=0/15443 i1=374 t1=28 m2=0/-12057 i2=-257 t2=27 steerMode=1693/-153 iSteer=58559 driveMode=13750/153 iDrive=315545 scale=0 wheel=40000
2026-07-07T14:53:51.335+00:00 CAN id=101 dlc=8 data=d8cf0400409c0000
2026-07-07T14:53:51.355+00:00 CAN id=101 dlc=8 data=d8cf0400409c0000
2026-07-07T14:53:51.375+00:00 CAN id=101 dlc=8 data=d8cf0400409c0000
2026-07-07T14:53:51.395+00:00 CAN id=101 dlc=8 data=d8cf0400409c0000
2026-07-07T14:53:51.415+00:00 CAN id=101 dlc=8 data=d8cf0400409c0000
2026-07-07T14:53:51.427+00:00 VCP run=1 step=0 angle=314736 target=315352 err=616 steer=308 m1=0/15443 i1=398 t1=28 m2=0/-12057 i2=-286 t2=27 steerMode=1693/-2 iSteer=55811 driveMode=13750/2 iDrive=341817 scale=0 wheel=40000
2026-07-07T14:53:51.435+00:00 CAN id=101 dlc=8 data=d8cf0400409c0000
2026-07-07T14:53:51.455+00:00 CAN id=101 dlc=8 data=d8cf0400409c0000
2026-07-07T14:53:51.476+00:00 CAN id=101 dlc=8 data=d8cf0400409c0000
2026-07-07T14:53:51.495+00:00 CAN id=101 dlc=8 data=d8cf0400409c0000
2026-07-07T14:53:51.515+00:00 CAN id=101 dlc=8 data=d8cf0400409c0000
2026-07-07T14:53:51.532+00:00 VCP run=1 step=0 angle=314736 target=315352 err=616 steer=308 m1=0/15443 i1=430 t1=28 m2=-3/-12057 i2=-305 t2=27 steerMode=1693/-31 iSteer=62056 driveMode=13750/31 iDrive=367511 scale=0 wheel=40000
2026-07-07T14:53:51.535+00:00 CAN id=101 dlc=8 data=d8cf0400409c0000
2026-07-07T14:53:51.555+00:00 CAN id=101 dlc=8 data=d8cf0400409c0000
2026-07-07T14:53:51.576+00:00 CAN id=101 dlc=8 data=d8cf0400409c0000
2026-07-07T14:53:51.595+00:00 CAN id=101 dlc=8 data=d8cf0400409c0000
2026-07-07T14:53:51.615+00:00 CAN id=101 dlc=8 data=d8cf0400409c0000
2026-07-07T14:53:51.634+00:00 VCP run=1 step=0 angle=314736 target=315352 err=616 steer=308 m1=0/15443 i1=459 t1=28 m2=0/-12057 i2=-328 t2=27 steerMode=1693/-1 iSteer=65348 driveMode=13750/0 iDrive=393509 scale=0 wheel=40000
2026-07-07T14:53:51.634+00:00 VCP SET_TARGET_RX steer=315352 wheel=40000
2026-07-07T14:53:51.635+00:00 CAN id=101 dlc=8 data=d8cf0400409c0000
2026-07-07T14:53:51.655+00:00 CAN id=101 dlc=8 data=d8cf0400409c0000
2026-07-07T14:53:51.676+00:00 CAN id=101 dlc=8 data=d8cf0400409c0000
2026-07-07T14:53:51.696+00:00 CAN id=101 dlc=8 data=d8cf0400409c0000
2026-07-07T14:53:51.715+00:00 CAN id=101 dlc=8 data=d8cf0400409c0000
2026-07-07T14:53:51.735+00:00 CAN id=101 dlc=8 data=d8cf0400409c0000
2026-07-07T14:53:51.756+00:00 CAN id=101 dlc=8 data=d8cf0400409c0000
2026-07-07T14:53:51.776+00:00 CAN id=101 dlc=8 data=d8cf0400409c0000
2026-07-07T14:53:51.796+00:00 CAN id=101 dlc=8 data=d8cf0400409c0000
2026-07-07T14:53:51.816+00:00 CAN id=101 dlc=8 data=d8cf0400409c0000
2026-07-07T14:53:51.823+00:00 VCP run=1 step=0 angle=314736 target=315352 err=616 steer=308 m1=0/15443 i1=489 t1=28 m2=0/-12057 i2=-349 t2=27 steerMode=1693/2 iSteer=69983 driveMode=13750/2 iDrive=419345 scale=0 wheel=40000
2026-07-07T14:53:51.823+00:00 VCP run=1 step=0 angle=314736 target=315352 err=616 steer=308 m1=0/15443 i1=520 t1=28 m2=0/-12057 i2=-370 t2=27 steerMode=1693/-3 iSteer=75042 driveMode=13750/3 iDrive=445174 scale=0 wheel=40000
2026-07-07T14:53:51.835+00:00 CAN id=101 dlc=8 data=d8cf0400409c0000
2026-07-07T14:53:51.855+00:00 CAN id=101 dlc=8 data=d8cf0400409c0000
2026-07-07T14:53:51.876+00:00 CAN id=101 dlc=8 data=d8cf0400409c0000
2026-07-07T14:53:51.895+00:00 CAN id=101 dlc=8 data=d8cf0400409c0000
2026-07-07T14:53:51.916+00:00 CAN id=101 dlc=8 data=d8cf0400409c0000
2026-07-07T14:53:51.928+00:00 VCP run=1 step=0 angle=314736 target=315352 err=616 steer=308 m1=-3/15443 i1=552 t1=28 m2=0/-12057 i2=-390 t2=27 steerMode=1693/-26 iSteer=80977 driveMode=13750/-4 iDrive=471046 scale=0 wheel=40000
2026-07-07T14:53:51.935+00:00 CAN id=101 dlc=8 data=d8cf0400409c0000
2026-07-07T14:53:51.956+00:00 CAN id=101 dlc=8 data=d8cf0400409c0000
2026-07-07T14:53:51.976+00:00 CAN id=101 dlc=8 data=d8cf0400409c0000
2026-07-07T14:53:51.995+00:00 CAN id=101 dlc=8 data=d8cf0400409c0000
2026-07-07T14:53:52.015+00:00 CAN id=101 dlc=8 data=d8cf0400409c0000
2026-07-07T14:53:52.034+00:00 VCP run=1 step=0 angle=314736 target=315352 err=616 steer=308 m1=0/15443 i1=581 t1=28 m2=0/-12057 i2=-412 t2=27 steerMode=1693/0 iSteer=84479 driveMode=13750/0 iDrive=496877 scale=0 wheel=40000
2026-07-07T14:53:52.035+00:00 CAN id=101 dlc=8 data=d8cf0400409c0000
2026-07-07T14:53:52.056+00:00 CAN id=101 dlc=8 data=d8cf0400409c0000
2026-07-07T14:53:52.075+00:00 CAN id=101 dlc=8 data=d8cf0400409c0000
2026-07-07T14:53:52.095+00:00 CAN id=101 dlc=8 data=d8cf0400409c0000
2026-07-07T14:53:52.115+00:00 CAN id=101 dlc=8 data=d8cf0400409c0000
2026-07-07T14:53:52.135+00:00 CAN id=101 dlc=8 data=d8cf0400409c0000
2026-07-07T14:53:52.136+00:00 VCP run=1 step=0 angle=314736 target=315352 err=616 steer=308 m1=0/15443 i1=613 t1=28 m2=0/-12057 i2=-433 t2=27 steerMode=1693/-13 iSteer=89900 driveMode=13750/14 iDrive=522639 scale=0 wheel=40000
2026-07-07T14:53:52.136+00:00 VCP SET_TARGET_RX steer=315352 wheel=40000
2026-07-07T14:53:52.155+00:00 CAN id=101 dlc=8 data=d8cf0400409c0000
2026-07-07T14:53:52.176+00:00 CAN id=101 dlc=8 data=d8cf0400409c0000
2026-07-07T14:53:52.196+00:00 CAN id=101 dlc=8 data=d8cf0400409c0000
2026-07-07T14:53:52.215+00:00 CAN id=101 dlc=8 data=d8cf0400409c0000
2026-07-07T14:53:52.235+00:00 CAN id=101 dlc=8 data=d8cf0400409c0000
2026-07-07T14:53:52.256+00:00 CAN id=101 dlc=8 data=d8cf0400409c0000
2026-07-07T14:53:52.276+00:00 CAN id=101 dlc=8 data=d8cf0400409c0000
2026-07-07T14:53:52.296+00:00 CAN id=101 dlc=8 data=d8cf0400409c0000
2026-07-07T14:53:52.315+00:00 CAN id=101 dlc=8 data=d8cf0400409c0000
2026-07-07T14:53:52.324+00:00 VCP run=1 step=0 angle=314736 target=315352 err=616 steer=308 m1=0/15443 i1=643 t1=28 m2=0/-12057 i2=-455 t2=27 steerMode=1693/0 iSteer=94045 driveMode=13750/0 iDrive=548551 scale=0 wheel=40000
2026-07-07T14:53:52.325+00:00 VCP run=1 step=0 angle=314736 target=315352 err=616 steer=308 m1=0/15443 i1=674 t1=28 m2=0/-12057 i2=-475 t2=27 steerMode=1693/-16 iSteer=99658 driveMode=13750/16 iDrive=574289 scale=0 wheel=40000
2026-07-07T14:53:52.335+00:00 CAN id=101 dlc=8 data=d8cf0400409c0000
2026-07-07T14:53:52.355+00:00 CAN id=101 dlc=8 data=d8cf0400409c0000
2026-07-07T14:53:52.376+00:00 CAN id=101 dlc=8 data=d8cf0400409c0000
2026-07-07T14:53:52.395+00:00 CAN id=101 dlc=8 data=d8cf0400409c0000
2026-07-07T14:53:52.415+00:00 CAN id=101 dlc=8 data=d8cf0400409c0000
2026-07-07T14:53:52.429+00:00 VCP run=1 step=0 angle=314648 target=315352 err=704 steer=352 m1=0/15685 i1=726 t1=28 m2=-24/-11815 i2=-472 t2=27 steerMode=1935/-214 iSteer=126591 driveMode=13750/211 iDrive=599087 scale=0 wheel=40000
2026-07-07T14:53:52.435+00:00 CAN id=101 dlc=8 data=d8cf0400409c0000
2026-07-07T14:53:52.455+00:00 CAN id=101 dlc=8 data=d8cf0400409c0000
2026-07-07T14:53:52.475+00:00 CAN id=101 dlc=8 data=d8cf0400409c0000
2026-07-07T14:53:52.495+00:00 CAN id=101 dlc=8 data=d8cf0400409c0000
2026-07-07T14:53:52.515+00:00 CAN id=101 dlc=8 data=d8cf0400409c0000
2026-07-07T14:53:52.534+00:00 VCP run=1 step=0 angle=313594 target=315352 err=1758 steer=879 m1=387/18585 i1=945 t1=28 m2=-187/-8915 i2=-487 t2=27 steerMode=4835/962 iSteer=229021 driveMode=13750/10449 iDrive=716067 scale=0 wheel=40000
2026-07-07T14:53:52.535+00:00 CAN id=101 dlc=8 data=d8cf0400409c0000
2026-07-07T14:53:52.555+00:00 CAN id=101 dlc=8 data=d8cf0400409c0000
2026-07-07T14:53:52.576+00:00 CAN id=101 dlc=8 data=d8cf0400409c0000
2026-07-07T14:53:52.596+00:00 CAN id=101 dlc=8 data=d8cf0400409c0000
2026-07-07T14:53:52.615+00:00 CAN id=101 dlc=8 data=d8cf0400409c0000
2026-07-07T14:53:52.635+00:00 CAN id=101 dlc=8 data=d8cf0400409c0000
2026-07-07T14:53:52.635+00:00 VCP run=1 step=0 angle=315791 target=315352 err=-439 steer=0 m1=818/13750 i1=465 t1=28 m2=-856/-13750 i2=-653 t2=27 steerMode=0/2373 iSteer=-93807 driveMode=13750/37761 iDrive=558882 scale=0 wheel=40000
2026-07-07T14:53:52.636+00:00 VCP SET_TARGET_RX steer=315352 wheel=40000
2026-07-07T14:53:52.655+00:00 CAN id=101 dlc=8 data=d8cf0400409c0000
2026-07-07T14:53:52.676+00:00 CAN id=101 dlc=8 data=d8cf0400409c0000
2026-07-07T14:53:52.695+00:00 CAN id=101 dlc=8 data=d8cf0400409c0000
2026-07-07T14:53:52.716+00:00 CAN id=101 dlc=8 data=d8cf0400409c0000
2026-07-07T14:53:52.735+00:00 CAN id=101 dlc=8 data=d8cf0400409c0000
2026-07-07T14:53:52.756+00:00 CAN id=101 dlc=8 data=d8cf0400409c0000
2026-07-07T14:53:52.776+00:00 CAN id=101 dlc=8 data=d8cf0400409c0000
2026-07-07T14:53:52.796+00:00 CAN id=101 dlc=8 data=d8cf0400409c0000
2026-07-07T14:53:52.816+00:00 CAN id=101 dlc=8 data=d8cf0400409c0000
2026-07-07T14:53:52.822+00:00 VCP run=1 step=0 angle=315879 target=315352 err=-527 steer=-200 m1=1176/12650 i1=347 t1=28 m2=-1158/-14850 i2=-437 t2=27 steerMode=-1100/288 iSteer=-45408 driveMode=13750/58093 iDrive=391967 scale=0 wheel=40000
2026-07-07T14:53:52.822+00:00 VCP run=1 step=0 angle=315703 target=315352 err=-351 steer=0 m1=1349/13750 i1=272 t1=28 m2=-1386/-13750 i2=-214 t2=27 steerMode=0/-157 iSteer=28932 driveMode=13750/69249 iDrive=242845 scale=0 wheel=40000
2026-07-07T14:53:52.835+00:00 CAN id=101 dlc=8 data=d8cf0400409c0000
2026-07-07T14:53:52.855+00:00 CAN id=101 dlc=8 data=d8cf0400409c0000
2026-07-07T14:53:52.876+00:00 CAN id=101 dlc=8 data=d8cf0400409c0000
2026-07-07T14:53:52.895+00:00 CAN id=101 dlc=8 data=d8cf0400409c0000
2026-07-07T14:53:52.916+00:00 CAN id=101 dlc=8 data=d8cf0400409c0000
2026-07-07T14:53:52.926+00:00 VCP run=1 step=0 angle=315967 target=315352 err=-615 steer=-307 m1=1332/12059 i1=44 t1=28 m2=-1400/-15441 i2=-214 t2=27 steerMode=-1691/340 iSteer=-85147 driveMode=13750/70819 iDrive=128935 scale=0 wheel=40000
2026-07-07T14:53:52.935+00:00 CAN id=101 dlc=8 data=d8cf0400409c0000
2026-07-07T14:53:52.955+00:00 CAN id=101 dlc=8 data=d8cf0400409c0000
2026-07-07T14:53:52.976+00:00 CAN id=101 dlc=8 data=d8cf0400409c0000
2026-07-07T14:53:52.996+00:00 CAN id=101 dlc=8 data=d8cf0400409c0000
2026-07-07T14:53:53.016+00:00 CAN id=101 dlc=8 data=d8cf0400409c0000
2026-07-07T14:53:53.030+00:00 VCP run=1 step=0 angle=315879 target=315352 err=-527 steer=-263 m1=1192/12301 i1=-14 t1=28 m2=-1170/-15199 i2=-131 t2=27 steerMode=-1449/266 iSteer=-72640 driveMode=13750/64575 iDrive=58570 scale=0 wheel=40000
2026-07-07T14:53:53.035+00:00 CAN id=101 dlc=8 data=d8cf0400409c0000
2026-07-07T14:53:53.056+00:00 CAN id=101 dlc=8 data=d8cf0400409c0000
2026-07-07T14:53:53.076+00:00 CAN id=101 dlc=8 data=d8cf0400409c0000
2026-07-07T14:53:53.095+00:00 CAN id=101 dlc=8 data=d8cf0400409c0000
2026-07-07T14:53:53.115+00:00 CAN id=101 dlc=8 data=d8cf0400409c0000
2026-07-07T14:53:53.131+00:00 VCP run=1 step=0 angle=315967 target=315352 err=-615 steer=-307 m1=1004/12059 i1=25 t1=28 m2=-1003/-15441 i2=-168 t2=27 steerMode=-1691/-102 iSteer=-71356 driveMode=13750/54490 iDrive=96302 scale=0 wheel=40000
2026-07-07T14:53:53.131+00:00 VCP SET_TARGET_RX steer=315352 wheel=40000
2026-07-07T14:53:53.135+00:00 CAN id=101 dlc=8 data=d8cf0400409c0000
2026-07-07T14:53:53.156+00:00 CAN id=101 dlc=8 data=d8cf0400409c0000
2026-07-07T14:53:53.176+00:00 CAN id=101 dlc=8 data=d8cf0400409c0000
2026-07-07T14:53:53.195+00:00 CAN id=101 dlc=8 data=d8cf0400409c0000
2026-07-07T14:53:53.216+00:00 CAN id=101 dlc=8 data=d8cf0400409c0000
2026-07-07T14:53:53.235+00:00 CAN id=101 dlc=8 data=d8cf0400409c0000
2026-07-07T14:53:53.236+00:00 VCP run=1 step=0 angle=315879 target=315352 err=-527 steer=-263 m1=872/12301 i1=69 t1=28 m2=-829/-15199 i2=-202 t2=27 steerMode=-1449/-25 iSteer=-66567 driveMode=13750/46733 iDrive=135087 scale=0 wheel=40000
2026-07-07T14:53:53.255+00:00 CAN id=101 dlc=8 data=d8cf0400409c0000
2026-07-07T14:53:53.276+00:00 CAN id=101 dlc=8 data=d8cf0400409c0000
2026-07-07T14:53:53.295+00:00 CAN id=101 dlc=8 data=d8cf0400409c0000
2026-07-07T14:53:53.316+00:00 CAN id=101 dlc=8 data=d8cf0400409c0000
2026-07-07T14:53:53.335+00:00 CAN id=101 dlc=8 data=d8cf0400409c0000
2026-07-07T14:53:53.356+00:00 CAN id=101 dlc=8 data=d8cf0400409c0000
2026-07-07T14:53:53.376+00:00 CAN id=101 dlc=8 data=d8cf0400409c0000
2026-07-07T14:53:53.395+00:00 CAN id=101 dlc=8 data=d8cf0400409c0000
2026-07-07T14:53:53.416+00:00 CAN id=101 dlc=8 data=d8cf0400409c0000
2026-07-07T14:53:53.423+00:00 VCP run=1 step=0 angle=315791 target=315352 err=-439 steer=0 m1=797/13750 i1=127 t1=28 m2=-735/-13750 i2=-193 t2=27 steerMode=0/734 iSteer=-32756 driveMode=13750/41707 iDrive=160216 scale=0 wheel=40000
2026-07-07T14:53:53.423+00:00 VCP run=1 step=0 angle=315879 target=315352 err=-527 steer=-213 m1=744/12576 i1=163 t1=28 m2=-731/-14924 i2=-176 t2=27 steerMode=-1174/-1026 iSteer=-6628 driveMode=13750/39856 iDrive=169471 scale=0 wheel=40000
2026-07-07T14:53:53.435+00:00 CAN id=101 dlc=8 data=d8cf0400409c0000
2026-07-07T14:53:53.456+00:00 CAN id=101 dlc=8 data=d8cf0400409c0000
2026-07-07T14:53:53.476+00:00 CAN id=101 dlc=8 data=d8cf0400409c0000
2026-07-07T14:53:53.496+00:00 CAN id=101 dlc=8 data=d8cf0400409c0000
2026-07-07T14:53:53.515+00:00 CAN id=101 dlc=8 data=d8cf0400409c0000
2026-07-07T14:53:53.527+00:00 VCP run=1 step=0 angle=315879 target=315352 err=-527 steer=-263 m1=715/12301 i1=86 t1=28 m2=-687/-15199 i2=-272 t2=27 steerMode=-1449/432 iSteer=-92850 driveMode=13750/37932 iDrive=179091 scale=0 wheel=40000
2026-07-07T14:53:53.535+00:00 CAN id=101 dlc=8 data=d8cf0400409c0000
2026-07-07T14:53:53.556+00:00 CAN id=101 dlc=8 data=d8cf0400409c0000
2026-07-07T14:53:53.576+00:00 CAN id=101 dlc=8 data=d8cf0400409c0000
2026-07-07T14:53:53.596+00:00 CAN id=101 dlc=8 data=d8cf0400409c0000
2026-07-07T14:53:53.615+00:00 CAN id=101 dlc=8 data=d8cf0400409c0000
2026-07-07T14:53:53.629+00:00 VCP run=1 step=0 angle=315791 target=315352 err=-439 steer=0 m1=665/13750 i1=176 t1=28 m2=-595/-13750 i2=-211 t2=27 steerMode=0/335 iSteer=-17742 driveMode=13750/35037 iDrive=193565 scale=0 wheel=40000
2026-07-07T14:53:53.629+00:00 VCP SET_TARGET_RX steer=315352 wheel=40000
2026-07-07T14:53:53.635+00:00 CAN id=101 dlc=8 data=d8cf0400409c0000
2026-07-07T14:53:53.655+00:00 CAN id=101 dlc=8 data=d8cf0400409c0000
2026-07-07T14:53:53.676+00:00 CAN id=101 dlc=8 data=d8cf0400409c0000
2026-07-07T14:53:53.696+00:00 CAN id=101 dlc=8 data=d8cf0400409c0000
2026-07-07T14:53:53.715+00:00 CAN id=101 dlc=8 data=d8cf0400409c0000
2026-07-07T14:53:53.733+00:00 VCP run=1 step=0 angle=316055 target=315352 err=-703 steer=-351 m1=600/11818 i1=133 t1=28 m2=-630/-15682 i2=-283 t2=27 steerMode=-1932/-571 iSteer=-74798 driveMode=13750/32196 iDrive=207771 scale=0 wheel=40000
2026-07-07T14:53:53.735+00:00 CAN id=101 dlc=8 data=d8cf0400409c0000
2026-07-07T14:53:53.756+00:00 CAN id=101 dlc=8 data=d8cf0400409c0000
2026-07-07T14:53:53.775+00:00 CAN id=101 dlc=8 data=d8cf0400409c0000
2026-07-07T14:53:53.795+00:00 CAN id=101 dlc=8 data=d8cf0400409c0000
2026-07-07T14:53:53.815+00:00 CAN id=101 dlc=8 data=d8cf0400409c0000
2026-07-07T14:53:53.835+00:00 CAN id=101 dlc=8 data=d8cf0400409c0000
2026-07-07T14:53:53.855+00:00 CAN id=101 dlc=8 data=d8cf0400409c0000
2026-07-07T14:53:53.875+00:00 CAN id=101 dlc=8 data=d8cf0400409c0000
2026-07-07T14:53:53.895+00:00 CAN id=101 dlc=8 data=d8cf0400409c0000
2026-07-07T14:53:53.915+00:00 CAN id=101 dlc=8 data=d8cf0400409c0000
2026-07-07T14:53:53.920+00:00 VCP run=1 step=0 angle=315703 target=315352 err=-351 steer=0 m1=623/13750 i1=187 t1=28 m2=-540/-13750 i2=-240 t2=27 steerMode=0/402 iSteer=-26826 driveMode=13750/31045 iDrive=213526 scale=0 wheel=40000
2026-07-07T14:53:53.920+00:00 VCP run=1 step=0 angle=315791 target=315352 err=-439 steer=0 m1=617/13750 i1=239 t1=28 m2=-618/-13750 i2=-178 t2=27 steerMode=0/-806 iSteer=30700 driveMode=13750/32066 iDrive=208418 scale=0 wheel=40000
2026-07-07T14:53:53.935+00:00 CAN id=101 dlc=8 data=d8cf0400409c0000
2026-07-07T14:53:53.956+00:00 CAN id=101 dlc=8 data=d8cf0400409c0000
2026-07-07T14:53:53.975+00:00 CAN id=101 dlc=8 data=d8cf0400409c0000
2026-07-07T14:53:53.995+00:00 CAN id=101 dlc=8 data=d8cf0400409c0000
2026-07-07T14:53:54.015+00:00 CAN id=101 dlc=8 data=d8cf0400409c0000
2026-07-07T14:53:54.024+00:00 VCP run=1 step=0 angle=315967 target=315352 err=-615 steer=-307 m1=592/12059 i1=116 t1=28 m2=-666/-15441 i2=-299 t2=27 steerMode=-1691/-111 iSteer=-91657 driveMode=13750/32213 iDrive=207685 scale=0 wheel=40000
2026-07-07T14:53:54.035+00:00 CAN id=101 dlc=8 data=d8cf0400409c0000
2026-07-07T14:53:54.055+00:00 CAN id=101 dlc=8 data=d8cf0400409c0000
2026-07-07T14:53:54.075+00:00 CAN id=101 dlc=8 data=d8cf0400409c0000
2026-07-07T14:53:54.095+00:00 CAN id=101 dlc=8 data=d8cf0400409c0000
2026-07-07T14:53:54.116+00:00 CAN id=101 dlc=8 data=d8cf0400409c0000
2026-07-07T14:53:54.126+00:00 VCP run=1 step=0 angle=315703 target=315352 err=-351 steer=0 m1=606/13750 i1=203 t1=28 m2=-605/-13750 i2=-206 t2=27 steerMode=0/-199 iSteer=-1742 driveMode=13750/32895 iDrive=204273 scale=0 wheel=40000
2026-07-07T14:53:54.126+00:00 VCP SET_TARGET_RX steer=315352 wheel=40000
2026-07-07T14:53:54.135+00:00 CAN id=101 dlc=8 data=d8cf0400409c0000
2026-07-07T14:53:54.155+00:00 CAN id=101 dlc=8 data=d8cf0400409c0000
2026-07-07T14:53:54.176+00:00 CAN id=101 dlc=8 data=d8cf0400409c0000
2026-07-07T14:53:54.195+00:00 CAN id=101 dlc=8 data=d8cf0400409c0000
2026-07-07T14:53:54.216+00:00 CAN id=101 dlc=8 data=d8cf0400409c0000
2026-07-07T14:53:54.231+00:00 VCP run=1 step=0 angle=315703 target=315352 err=-351 steer=0 m1=669/13750 i1=166 t1=28 m2=-624/-13750 i2=-225 t2=27 steerMode=0/338 iSteer=-29637 driveMode=13750/34605 iDrive=195725 scale=0 wheel=40000
2026-07-07T14:53:54.235+00:00 CAN id=101 dlc=8 data=d8cf0400409c0000
2026-07-07T14:53:54.255+00:00 CAN id=101 dlc=8 data=d8cf0400409c0000
2026-07-07T14:53:54.275+00:00 CAN id=101 dlc=8 data=d8cf0400409c0000
2026-07-07T14:53:54.295+00:00 CAN id=101 dlc=8 data=d8cf0400409c0000
2026-07-07T14:53:54.315+00:00 CAN id=101 dlc=8 data=d8cf0400409c0000
2026-07-07T14:53:54.335+00:00 CAN id=101 dlc=8 data=d8cf0400409c0000
2026-07-07T14:53:54.336+00:00 VCP run=1 step=0 angle=315791 target=315352 err=-439 steer=0 m1=678/13750 i1=166 t1=28 m2=-655/-13750 i2=-215 t2=27 steerMode=0/233 iSteer=-24767 driveMode=13750/35638 iDrive=190562 scale=0 wheel=40000
2026-07-07T14:53:54.356+00:00 CAN id=101 dlc=8 data=d8cf0400409c0000
2026-07-07T14:53:54.375+00:00 CAN id=101 dlc=8 data=d8cf0400409c0000
2026-07-07T14:53:54.396+00:00 CAN id=101 dlc=8 data=d8cf0400409c0000
2026-07-07T14:53:54.415+00:00 CAN id=101 dlc=8 data=d8cf0400409c0000
2026-07-07T14:53:54.435+00:00 CAN id=101 dlc=8 data=d8cf0400409c0000
2026-07-07T14:53:54.455+00:00 CAN id=101 dlc=8 data=d8cf0400409c0000
2026-07-07T14:53:54.475+00:00 CAN id=101 dlc=8 data=d8cf0400409c0000
2026-07-07T14:53:54.496+00:00 CAN id=101 dlc=8 data=d8cf0400409c0000
2026-07-07T14:53:54.516+00:00 CAN id=101 dlc=8 data=d8cf0400409c0000
2026-07-07T14:53:54.523+00:00 VCP run=1 step=0 angle=315879 target=315352 err=-527 steer=-263 m1=678/12301 i1=97 t1=28 m2=-697/-15199 i2=-284 t2=27 steerMode=-1449/117 iSteer=-93449 driveMode=13750/35634 iDrive=190579 scale=0 wheel=40000
2026-07-07T14:53:54.523+00:00 VCP run=1 step=0 angle=315703 target=315352 err=-351 steer=0 m1=703/13750 i1=168 t1=28 m2=-647/-13750 i2=-213 t2=27 steerMode=0/140 iSteer=-22380 driveMode=13750/35599 iDrive=190757 scale=0 wheel=40000
2026-07-07T14:53:54.535+00:00 CAN id=101 dlc=8 data=d8cf0400409c0000
2026-07-07T14:53:54.555+00:00 CAN id=101 dlc=8 data=d8cf0400409c0000
2026-07-07T14:53:54.576+00:00 CAN id=101 dlc=8 data=d8cf0400409c0000
2026-07-07T14:53:54.596+00:00 CAN id=101 dlc=8 data=d8cf0400409c0000
2026-07-07T14:53:54.616+00:00 CAN id=101 dlc=8 data=d8cf0400409c0000
2026-07-07T14:53:54.624+00:00 VCP run=1 step=0 angle=315967 target=315352 err=-615 steer=-307 m1=690/12059 i1=65 t1=28 m2=-670/-15441 i2=-319 t2=27 steerMode=-1691/504 iSteer=-127173 driveMode=13750/35329 iDrive=192103 scale=0 wheel=40000
2026-07-07T14:53:54.624+00:00 VCP SET_TARGET_RX steer=315352 wheel=40000
2026-07-07T14:53:54.635+00:00 CAN id=101 dlc=8 data=d8cf0400409c0000
2026-07-07T14:53:54.655+00:00 CAN id=101 dlc=8 data=d8cf0400409c0000
2026-07-07T14:53:54.676+00:00 CAN id=101 dlc=8 data=d8cf0400409c0000
2026-07-07T14:53:54.695+00:00 CAN id=101 dlc=8 data=d8cf0400409c0000
2026-07-07T14:53:54.715+00:00 CAN id=101 dlc=8 data=d8cf0400409c0000
2026-07-07T14:53:54.729+00:00 VCP run=1 step=0 angle=315791 target=315352 err=-439 steer=0 m1=648/13750 i1=219 t1=28 m2=-626/-13750 i2=-175 t2=27 steerMode=0/-811 iSteer=22047 driveMode=13750/34390 iDrive=196800 scale=0 wheel=40000
2026-07-07T14:53:54.735+00:00 CAN id=101 dlc=8 data=d8cf0400409c0000
2026-07-07T14:53:54.755+00:00 CAN id=101 dlc=8 data=d8cf0400409c0000
2026-07-07T14:53:54.775+00:00 CAN id=101 dlc=8 data=d8cf0400409c0000
2026-07-07T14:53:54.795+00:00 CAN id=101 dlc=8 data=d8cf0400409c0000
2026-07-07T14:53:54.815+00:00 CAN id=101 dlc=8 data=d8cf0400409c0000
2026-07-07T14:53:54.834+00:00 VCP run=1 step=0 angle=315703 target=315352 err=-351 steer=0 m1=654/13750 i1=165 t1=28 m2=-676/-13750 i2=-226 t2=27 steerMode=0/218 iSteer=-30439 driveMode=13750/34685 iDrive=195323 scale=0 wheel=40000
2026-07-07T14:53:54.835+00:00 CAN id=101 dlc=8 data=d8cf0400409c0000
2026-07-07T14:53:54.855+00:00 CAN id=101 dlc=8 data=d8cf0400409c0000
2026-07-07T14:53:54.876+00:00 CAN id=101 dlc=8 data=d8cf0400409c0000
2026-07-07T14:53:54.895+00:00 CAN id=101 dlc=8 data=d8cf0400409c0000
2026-07-07T14:53:54.915+00:00 CAN id=101 dlc=8 data=d8cf0400409c0000
2026-07-07T14:53:54.935+00:00 CAN id=101 dlc=8 data=d8cf0400409c0000
2026-07-07T14:53:54.955+00:00 CAN id=101 dlc=8 data=d8cf0400409c0000
2026-07-07T14:53:54.976+00:00 CAN id=101 dlc=8 data=d8cf0400409c0000
2026-07-07T14:53:54.996+00:00 CAN id=101 dlc=8 data=d8cf0400409c0000
2026-07-07T14:53:55.015+00:00 CAN id=101 dlc=8 data=d8cf0400409c0000
2026-07-07T14:53:55.021+00:00 VCP run=1 step=0 angle=315703 target=315352 err=-351 steer=0 m1=654/13750 i1=171 t1=28 m2=-649/-13750 i2=-227 t2=27 steerMode=0/164 iSteer=-28136 driveMode=13750/34005 iDrive=198726 scale=0 wheel=40000
2026-07-07T14:53:55.021+00:00 VCP run=1 step=0 angle=315879 target=315352 err=-527 steer=-263 m1=634/12301 i1=97 t1=28 m2=-645/-15199 i2=-314 t2=27 steerMode=-1449/292 iSteer=-108473 driveMode=13750/32617 iDrive=205667 scale=0 wheel=40000
2026-07-07T14:53:55.035+00:00 CAN id=101 dlc=8 data=d8cf0400409c0000
2026-07-07T14:53:55.056+00:00 CAN id=101 dlc=8 data=d8cf0400409c0000
2026-07-07T14:53:55.076+00:00 CAN id=101 dlc=8 data=d8cf0400409c0000
2026-07-07T14:53:55.095+00:00 CAN id=101 dlc=8 data=d8cf0400409c0000
2026-07-07T14:53:55.116+00:00 CAN id=101 dlc=8 data=d8cf0400409c0000
2026-07-07T14:53:55.123+00:00 VCP run=1 step=0 angle=315791 target=315352 err=-439 steer=0 m1=598/13750 i1=253 t1=28 m2=-620/-13750 i2=-166 t2=27 steerMode=0/-1314 iSteer=43392 driveMode=13750/31851 iDrive=209497 scale=0 wheel=40000
2026-07-07T14:53:55.123+00:00 VCP SET_TARGET_RX steer=315352 wheel=40000
2026-07-07T14:53:55.135+00:00 CAN id=101 dlc=8 data=d8cf0400409c0000
2026-07-07T14:53:55.156+00:00 CAN id=101 dlc=8 data=d8cf0400409c0000
2026-07-07T14:53:55.175+00:00 CAN id=101 dlc=8 data=d8cf0400409c0000
2026-07-07T14:53:55.195+00:00 CAN id=101 dlc=8 data=d8cf0400409c0000
2026-07-07T14:53:55.216+00:00 CAN id=101 dlc=8 data=d8cf0400409c0000
2026-07-07T14:53:55.227+00:00 VCP run=1 step=0 angle=315615 target=315352 err=-263 steer=0 m1=611/13750 i1=172 t1=28 m2=-616/-13750 i2=-244 t2=27 steerMode=0/275 iSteer=-36051 driveMode=13750/32138 iDrive=208059 scale=0 wheel=40000
2026-07-07T14:53:55.235+00:00 CAN id=101 dlc=8 data=d8cf0400409c0000
2026-07-07T14:53:55.255+00:00 CAN id=101 dlc=8 data=d8cf0400409c0000
2026-07-07T14:53:55.275+00:00 CAN id=101 dlc=8 data=d8cf0400409c0000
2026-07-07T14:53:55.295+00:00 CAN id=101 dlc=8 data=d8cf0400409c0000
2026-07-07T14:53:55.316+00:00 CAN id=101 dlc=8 data=d8cf0400409c0000
2026-07-07T14:53:55.331+00:00 VCP run=1 step=0 angle=315967 target=315352 err=-615 steer=-307 m1=594/12059 i1=94 t1=28 m2=-599/-15441 i2=-332 t2=27 steerMode=-1691/213 iSteer=-119012 driveMode=13750/31083 iDrive=213333 scale=0 wheel=40000
2026-07-07T14:53:55.335+00:00 CAN id=101 dlc=8 data=d8cf0400409c0000
2026-07-07T14:53:55.356+00:00 CAN id=101 dlc=8 data=d8cf0400409c0000
2026-07-07T14:53:55.375+00:00 CAN id=101 dlc=8 data=d8cf0400409c0000
2026-07-07T14:53:55.395+00:00 CAN id=101 dlc=8 data=d8cf0400409c0000
2026-07-07T14:53:55.415+00:00 CAN id=101 dlc=8 data=d8cf0400409c0000
2026-07-07T14:53:55.435+00:00 CAN id=101 dlc=8 data=d8cf0400409c0000
2026-07-07T14:53:55.436+00:00 VCP run=1 step=0 angle=315879 target=315352 err=-527 steer=-213 m1=548/12576 i1=137 t1=28 m2=-519/-14924 i2=-313 t2=27 steerMode=-1174/55 iSteer=-87943 driveMode=13750/28811 iDrive=224696 scale=0 wheel=40000
2026-07-07T14:53:55.455+00:00 CAN id=101 dlc=8 data=d8cf0400409c0000
2026-07-07T14:53:55.476+00:00 CAN id=101 dlc=8 data=d8cf0400409c0000
2026-07-07T14:53:55.496+00:00 CAN id=101 dlc=8 data=d8cf0400409c0000
2026-07-07T14:53:55.515+00:00 CAN id=101 dlc=8 data=d8cf0400409c0000
2026-07-07T14:53:55.535+00:00 CAN id=101 dlc=8 data=d8cf0400409c0000
2026-07-07T14:53:55.555+00:00 CAN id=101 dlc=8 data=d8cf0400409c0000
2026-07-07T14:53:55.575+00:00 CAN id=101 dlc=8 data=d8cf0400409c0000
2026-07-07T14:53:55.595+00:00 CAN id=101 dlc=8 data=d8cf0400409c0000
2026-07-07T14:53:55.615+00:00 CAN id=101 dlc=8 data=d8cf0400409c0000
2026-07-07T14:53:55.620+00:00 VCP run=1 step=0 angle=315879 target=315352 err=-527 steer=-263 m1=535/12301 i1=104 t1=28 m2=-534/-15199 i2=-354 t2=27 steerMode=-1449/485 iSteer=-125077 driveMode=13750/28021 iDrive=228647 scale=0 wheel=40000
2026-07-07T14:53:55.620+00:00 VCP run=1 step=0 angle=315791 target=315352 err=-439 steer=0 m1=571/13750 i1=210 t1=28 m2=-563/-13750 i2=-246 t2=27 steerMode=0/-228 iSteer=-17976 driveMode=13750/28119 iDrive=228155 scale=0 wheel=40000
2026-07-07T14:53:55.620+00:00 VCP SET_TARGET_RX steer=315352 wheel=40000
2026-07-07T14:53:55.635+00:00 CAN id=101 dlc=8 data=d8cf0400409c0000
2026-07-07T14:53:55.655+00:00 CAN id=101 dlc=8 data=d8cf0400409c0000
2026-07-07T14:53:55.675+00:00 CAN id=101 dlc=8 data=d8cf0400409c0000
2026-07-07T14:53:55.695+00:00 CAN id=101 dlc=8 data=d8cf0400409c0000
2026-07-07T14:53:55.715+00:00 CAN id=101 dlc=8 data=d8cf0400409c0000
2026-07-07T14:53:55.723+00:00 VCP run=1 step=0 angle=315879 target=315352 err=-527 steer=-263 m1=556/12301 i1=142 t1=28 m2=-586/-15199 i2=-298 t2=27 steerMode=-1449/-512 iSteer=-78071 driveMode=13750/29809 iDrive=219703 scale=0 wheel=40000
2026-07-07T14:53:55.735+00:00 CAN id=101 dlc=8 data=d8cf0400409c0000
2026-07-07T14:53:55.755+00:00 CAN id=101 dlc=8 data=d8cf0400409c0000
2026-07-07T14:53:55.775+00:00 CAN id=101 dlc=8 data=d8cf0400409c0000
2026-07-07T14:53:55.795+00:00 CAN id=101 dlc=8 data=d8cf0400409c0000
2026-07-07T14:53:55.815+00:00 CAN id=101 dlc=8 data=d8cf0400409c0000
2026-07-07T14:53:55.828+00:00 VCP run=1 step=0 angle=315703 target=315352 err=-351 steer=0 m1=585/13750 i1=187 t1=28 m2=-605/-13750 i2=-239 t2=27 steerMode=0/-67 iSteer=-26035 driveMode=13750/31183 iDrive=212835 scale=0 wheel=40000
2026-07-07T14:53:55.835+00:00 CAN id=101 dlc=8 data=d8cf0400409c0000
2026-07-07T14:53:55.855+00:00 CAN id=101 dlc=8 data=d8cf0400409c0000
2026-07-07T14:53:55.875+00:00 CAN id=101 dlc=8 data=d8cf0400409c0000
2026-07-07T14:53:55.895+00:00 CAN id=101 dlc=8 data=d8cf0400409c0000
2026-07-07T14:53:55.915+00:00 CAN id=101 dlc=8 data=d8cf0400409c0000
2026-07-07T14:53:55.933+00:00 VCP run=1 step=0 angle=315615 target=315352 err=-263 steer=0 m1=623/13750 i1=187 t1=28 m2=-647/-13750 i2=-221 t2=27 steerMode=0/-251 iSteer=-16793 driveMode=13750/32934 iDrive=204079 scale=0 wheel=40000
2026-07-07T14:53:55.935+00:00 CAN id=101 dlc=8 data=d8cf0400409c0000
2026-07-07T14:53:55.955+00:00 CAN id=101 dlc=8 data=d8cf0400409c0000
2026-07-07T14:53:55.975+00:00 CAN id=101 dlc=8 data=d8cf0400409c0000
2026-07-07T14:53:55.995+00:00 CAN id=101 dlc=8 data=d8cf0400409c0000
2026-07-07T14:53:56.016+00:00 CAN id=101 dlc=8 data=d8cf0400409c0000
2026-07-07T14:53:56.035+00:00 CAN id=101 dlc=8 data=d8cf0400409c0000
2026-07-07T14:53:56.055+00:00 CAN id=101 dlc=8 data=d8cf0400409c0000
2026-07-07T14:53:56.076+00:00 CAN id=101 dlc=8 data=d8cf0400409c0000
2026-07-07T14:53:56.095+00:00 CAN id=101 dlc=8 data=d8cf0400409c0000
2026-07-07T14:53:56.115+00:00 CAN id=101 dlc=8 data=d8cf0400409c0000
2026-07-07T14:53:56.118+00:00 VCP run=1 step=0 angle=315615 target=315352 err=-263 steer=0 m1=688/13750 i1=187 t1=28 m2=-689/-13750 i2=-203 t2=27 steerMode=0/-415 iSteer=-7944 driveMode=13750/34829 iDrive=194605 scale=0 wheel=40000
2026-07-07T14:53:56.118+00:00 VCP run=1 step=0 angle=315352 target=315352 err=0 steer=0 m1=703/13750 i1=158 t1=28 m2=-693/-13750 i2=-220 t2=27 steerMode=0/63 iSteer=-30985 driveMode=13750/35953 iDrive=188986 scale=0 wheel=40000
2026-07-07T14:53:56.135+00:00 CAN id=101 dlc=8 data=d8cf0400409c0000
2026-07-07T14:53:56.156+00:00 CAN id=101 dlc=8 data=d8cf0400409c0000
2026-07-07T14:53:56.176+00:00 CAN id=101 dlc=8 data=d8cf0400409c0000
2026-07-07T14:53:56.195+00:00 CAN id=101 dlc=8 data=d8cf0400409c0000
2026-07-07T14:53:56.215+00:00 CAN id=101 dlc=8 data=d8cf0400409c0000
2026-07-07T14:53:56.222+00:00 VCP SET_TARGET_RX steer=315352 wheel=40000
2026-07-07T14:53:56.222+00:00 VCP run=1 step=0 angle=315088 target=315352 err=264 steer=0 m1=673/13750 i1=178 t1=28 m2=-708/-13750 i2=-198 t2=27 steerMode=0/-362 iSteer=-9996 driveMode=13750/36070 iDrive=188398 scale=0 wheel=40000
2026-07-07T14:53:56.235+00:00 CAN id=101 dlc=8 data=d8cf0400409c0000
2026-07-07T14:53:56.256+00:00 CAN id=101 dlc=8 data=d8cf0400409c0000
2026-07-07T14:53:56.276+00:00 CAN id=101 dlc=8 data=d8cf0400409c0000
2026-07-07T14:53:56.295+00:00 CAN id=101 dlc=8 data=d8cf0400409c0000
2026-07-07T14:53:56.315+00:00 CAN id=101 dlc=8 data=d8cf0400409c0000
2026-07-07T14:53:56.327+00:00 VCP run=1 step=0 angle=315264 target=315352 err=88 steer=0 m1=673/13750 i1=153 t1=28 m2=-624/-13750 i2=-227 t2=27 steerMode=0/186 iSteer=-36990 driveMode=13750/35730 iDrive=190101 scale=0 wheel=40000
2026-07-07T14:53:56.335+00:00 CAN id=101 dlc=8 data=d8cf0400409c0000
2026-07-07T14:53:56.355+00:00 CAN id=101 dlc=8 data=d8cf0400409c0000
2026-07-07T14:53:56.375+00:00 CAN id=101 dlc=8 data=d8cf0400409c0000
2026-07-07T14:53:56.395+00:00 CAN id=101 dlc=8 data=d8cf0400409c0000
2026-07-07T14:53:56.416+00:00 CAN id=101 dlc=8 data=d8cf0400409c0000
2026-07-07T14:53:56.433+00:00 VCP run=1 step=0 angle=315352 target=315352 err=0 steer=0 m1=652/13750 i1=148 t1=28 m2=-628/-13750 i2=-246 t2=27 steerMode=0/417 iSteer=-49498 driveMode=13750/34350 iDrive=196999 scale=0 wheel=40000
2026-07-07T14:53:56.435+00:00 CAN id=101 dlc=8 data=d8cf0400409c0000
2026-07-07T14:53:56.455+00:00 CAN id=101 dlc=8 data=d8cf0400409c0000
2026-07-07T14:53:56.475+00:00 CAN id=101 dlc=8 data=d8cf0400409c0000
2026-07-07T14:53:56.496+00:00 CAN id=101 dlc=8 data=d8cf0400409c0000
2026-07-07T14:53:56.515+00:00 CAN id=101 dlc=8 data=d8cf0400409c0000
2026-07-07T14:53:56.535+00:00 CAN id=101 dlc=8 data=d8cf0400409c0000
2026-07-07T14:53:56.555+00:00 CAN id=101 dlc=8 data=d8cf0400409c0000
2026-07-07T14:53:56.575+00:00 CAN id=101 dlc=8 data=d8cf0400409c0000
2026-07-07T14:53:56.595+00:00 CAN id=101 dlc=8 data=d8cf0400409c0000
2026-07-07T14:53:56.616+00:00 CAN id=101 dlc=8 data=d8cf0400409c0000
2026-07-07T14:53:56.618+00:00 VCP run=1 step=0 angle=315527 target=315352 err=-175 steer=0 m1=611/13750 i1=157 t1=28 m2=-595/-13750 i2=-251 t2=27 steerMode=0/346 iSteer=-47209 driveMode=13750/32896 iDrive=204270 scale=0 wheel=40000
2026-07-07T14:53:56.618+00:00 VCP run=1 step=0 angle=315791 target=315352 err=-439 steer=0 m1=644/13750 i1=162 t1=28 m2=-582/-13750 i2=-254 t2=27 steerMode=0/303 iSteer=-46091 driveMode=13750/32138 iDrive=208059 scale=0 wheel=40000
2026-07-07T14:53:56.635+00:00 CAN id=101 dlc=8 data=d8cf0400409c0000
2026-07-07T14:53:56.655+00:00 CAN id=101 dlc=8 data=d8cf0400409c0000
2026-07-07T14:53:56.675+00:00 CAN id=101 dlc=8 data=d8cf0400409c0000
2026-07-07T14:53:56.695+00:00 CAN id=101 dlc=8 data=d8cf0400409c0000
2026-07-07T14:53:56.716+00:00 CAN id=101 dlc=8 data=d8cf0400409c0000
2026-07-07T14:53:56.723+00:00 VCP SET_TARGET_RX steer=315352 wheel=40000
2026-07-07T14:53:56.723+00:00 VCP run=1 step=0 angle=315791 target=315352 err=-439 steer=0 m1=600/13750 i1=177 t1=28 m2=-576/-13750 i2=-243 t2=27 steerMode=0/14 iSteer=-32779 driveMode=13750/31781 iDrive=209847 scale=0 wheel=40000
2026-07-07T14:53:56.735+00:00 CAN id=101 dlc=8 data=d8cf0400409c0000
2026-07-07T14:53:56.756+00:00 CAN id=101 dlc=8 data=d8cf0400409c0000
2026-07-07T14:53:56.776+00:00 CAN id=101 dlc=8 data=d8cf0400409c0000
2026-07-07T14:53:56.795+00:00 CAN id=101 dlc=8 data=d8cf0400409c0000
2026-07-07T14:53:56.816+00:00 CAN id=101 dlc=8 data=d8cf0400409c0000
2026-07-07T14:53:56.828+00:00 VCP run=1 step=0 angle=315791 target=315352 err=-439 steer=0 m1=621/13750 i1=170 t1=28 m2=-624/-13750 i2=-246 t2=27 steerMode=0/114 iSteer=-37939 driveMode=13750/32086 iDrive=208319 scale=0 wheel=40000
2026-07-07T14:53:56.835+00:00 CAN id=101 dlc=8 data=d8cf0400409c0000
2026-07-07T14:53:56.855+00:00 CAN id=101 dlc=8 data=d8cf0400409c0000
2026-07-07T14:53:56.875+00:00 CAN id=101 dlc=8 data=d8cf0400409c0000
2026-07-07T14:53:56.895+00:00 CAN id=101 dlc=8 data=d8cf0400409c0000
2026-07-07T14:53:56.915+00:00 CAN id=101 dlc=8 data=d8cf0400409c0000
2026-07-07T14:53:56.932+00:00 VCP run=1 step=0 angle=315791 target=315352 err=-439 steer=0 m1=611/13750 i1=194 t1=28 m2=-641/-13750 i2=-225 t2=27 steerMode=0/-335 iSteer=-15090 driveMode=13750/31847 iDrive=209513 scale=0 wheel=40000
2026-07-07T14:53:56.935+00:00 CAN id=101 dlc=8 data=d8cf0400409c0000
2026-07-07T14:53:56.955+00:00 CAN id=101 dlc=8 data=d8cf0400409c0000
2026-07-07T14:53:56.975+00:00 CAN id=101 dlc=8 data=d8cf0400409c0000
2026-07-07T14:53:56.995+00:00 CAN id=101 dlc=8 data=d8cf0400409c0000
2026-07-07T14:53:57.015+00:00 CAN id=101 dlc=8 data=d8cf0400409c0000
2026-07-07T14:53:57.035+00:00 CAN id=101 dlc=8 data=d8cf0400409c0000
2026-07-07T14:53:57.055+00:00 CAN id=101 dlc=8 data=d8cf0400409c0000
2026-07-07T14:53:57.076+00:00 CAN id=101 dlc=8 data=d8cf0400409c0000
2026-07-07T14:53:57.095+00:00 CAN id=101 dlc=8 data=d8cf0400409c0000
2026-07-07T14:53:57.115+00:00 CAN id=101 dlc=8 data=d8cf0400409c0000
2026-07-07T14:53:57.116+00:00 VCP run=1 step=0 angle=315791 target=315352 err=-439 steer=0 m1=617/13750 i1=192 t1=28 m2=-620/-13750 i2=-221 t2=27 steerMode=0/-329 iSteer=-14514 driveMode=13750/32519 iDrive=206157 scale=0 wheel=40000
2026-07-07T14:53:57.116+00:00 VCP run=1 step=0 angle=315791 target=315352 err=-439 steer=-213 m1=648/12576 i1=104 t1=28 m2=-591/-14924 i2=-304 t2=27 steerMode=-1174/203 iSteer=-99964 driveMode=13750/32916 iDrive=204170 scale=0 wheel=40000
2026-07-07T14:53:57.135+00:00 CAN id=101 dlc=8 data=d8cf0400409c0000
2026-07-07T14:53:57.155+00:00 CAN id=101 dlc=8 data=d8cf0400409c0000
2026-07-07T14:53:57.176+00:00 CAN id=101 dlc=8 data=d8cf0400409c0000
2026-07-07T14:53:57.196+00:00 CAN id=101 dlc=8 data=d8cf0400409c0000
2026-07-07T14:53:57.215+00:00 CAN id=101 dlc=8 data=d8cf0400409c0000
2026-07-07T14:53:57.220+00:00 VCP SET_TARGET_RX steer=315352 wheel=40000
2026-07-07T14:53:57.220+00:00 VCP run=1 step=0 angle=315879 target=315352 err=-527 steer=-263 m1=606/12301 i1=93 t1=28 m2=-555/-15199 i2=-335 t2=27 steerMode=-1449/303 iSteer=-120922 driveMode=13750/30893 iDrive=214286 scale=0 wheel=40000
2026-07-07T14:53:57.235+00:00 CAN id=101 dlc=8 data=d8cf0400409c0000
2026-07-07T14:53:57.255+00:00 CAN id=101 dlc=8 data=d8cf0400409c0000
2026-07-07T14:53:57.276+00:00 CAN id=101 dlc=8 data=d8cf0400409c0000
2026-07-07T14:53:57.295+00:00 CAN id=101 dlc=8 data=d8cf0400409c0000
2026-07-07T14:53:57.316+00:00 CAN id=101 dlc=8 data=d8cf0400409c0000
2026-07-07T14:53:57.325+00:00 VCP run=1 step=0 angle=315615 target=315352 err=-263 steer=0 m1=556/13750 i1=212 t1=28 m2=-545/-13750 i2=-234 t2=27 steerMode=0/-473 iSteer=-11117 driveMode=13750/29108 iDrive=223211 scale=0 wheel=40000
2026-07-07T14:53:57.335+00:00 CAN id=101 dlc=8 data=d8cf0400409c0000
2026-07-07T14:53:57.356+00:00 CAN id=101 dlc=8 data=d8cf0400409c0000
2026-07-07T14:53:57.375+00:00 CAN id=101 dlc=8 data=d8cf0400409c0000
2026-07-07T14:53:57.395+00:00 CAN id=101 dlc=8 data=d8cf0400409c0000
2026-07-07T14:53:57.416+00:00 CAN id=101 dlc=8 data=d8cf0400409c0000
2026-07-07T14:53:57.430+00:00 VCP run=1 step=0 angle=315703 target=315352 err=-351 steer=0 m1=539/13750 i1=173 t1=28 m2=-570/-13750 i2=-272 t2=27 steerMode=0/283 iSteer=-49812 driveMode=13750/29227 iDrive=222616 scale=0 wheel=40000
2026-07-07T14:53:57.435+00:00 CAN id=101 dlc=8 data=d8cf0400409c0000
2026-07-07T14:53:57.455+00:00 CAN id=101 dlc=8 data=d8cf0400409c0000
2026-07-07T14:53:57.475+00:00 CAN id=101 dlc=8 data=d8cf0400409c0000
2026-07-07T14:53:57.495+00:00 CAN id=101 dlc=8 data=d8cf0400409c0000
2026-07-07T14:53:57.515+00:00 CAN id=101 dlc=8 data=d8cf0400409c0000
2026-07-07T14:53:57.535+00:00 VCP run=1 step=0 angle=315703 target=315352 err=-351 steer=0 m1=604/13750 i1=175 t1=28 m2=-570/-13750 i2=-259 t2=27 steerMode=0/133 iSteer=-42239 driveMode=13750/30385 iDrive=216827 scale=0 wheel=40000
2026-07-07T14:53:57.535+00:00 CAN id=101 dlc=8 data=d8cf0400409c0000
2026-07-07T14:53:57.555+00:00 CAN id=101 dlc=8 data=d8cf0400409c0000
2026-07-07T14:53:57.575+00:00 CAN id=101 dlc=8 data=d8cf0400409c0000
2026-07-07T14:53:57.595+00:00 CAN id=101 dlc=8 data=d8cf0400409c0000
2026-07-07T14:53:57.615+00:00 CAN id=101 dlc=8 data=d8cf0400409c0000
2026-07-07T14:53:57.635+00:00 CAN id=101 dlc=8 data=d8cf0400409c0000
2026-07-07T14:53:57.655+00:00 CAN id=101 dlc=8 data=d8cf0400409c0000
2026-07-07T14:53:57.675+00:00 CAN id=101 dlc=8 data=d8cf0400409c0000
2026-07-07T14:53:57.695+00:00 CAN id=101 dlc=8 data=d8cf0400409c0000
2026-07-07T14:53:57.715+00:00 CAN id=101 dlc=8 data=d8cf0400409c0000
2026-07-07T14:53:57.719+00:00 VCP run=1 step=0 angle=315703 target=315352 err=-351 steer=0 m1=627/13750 i1=188 t1=28 m2=-576/-13750 i2=-232 t2=27 steerMode=0/-262 iSteer=-22057 driveMode=13750/31772 iDrive=209890 scale=0 wheel=40000
2026-07-07T14:53:57.719+00:00 VCP SET_TARGET_RX steer=315352 wheel=40000
2026-07-07T14:53:57.719+00:00 VCP run=1 step=0 angle=315791 target=315352 err=-439 steer=0 m1=619/13750 i1=182 t1=28 m2=-651/-13750 i2=-223 t2=27 steerMode=0/-280 iSteer=-20487 driveMode=13750/33230 iDrive=202601 scale=0 wheel=40000
2026-07-07T14:53:57.735+00:00 CAN id=101 dlc=8 data=d8cf0400409c0000
2026-07-07T14:53:57.755+00:00 CAN id=101 dlc=8 data=d8cf0400409c0000
2026-07-07T14:53:57.776+00:00 CAN id=101 dlc=8 data=d8cf0400409c0000
2026-07-07T14:53:57.795+00:00 CAN id=101 dlc=8 data=d8cf0400409c0000
2026-07-07T14:53:57.815+00:00 CAN id=101 dlc=8 data=d8cf0400409c0000
2026-07-07T14:53:57.824+00:00 VCP run=1 step=0 angle=315703 target=315352 err=-351 steer=0 m1=638/13750 i1=179 t1=28 m2=-666/-13750 i2=-215 t2=27 steerMode=0/-315 iSteer=-18027 driveMode=13750/34440 iDrive=196552 scale=0 wheel=40000
2026-07-07T14:53:57.835+00:00 CAN id=101 dlc=8 data=d8cf0400409c0000
2026-07-07T14:53:57.855+00:00 CAN id=101 dlc=8 data=d8cf0400409c0000
2026-07-07T14:53:57.875+00:00 CAN id=101 dlc=8 data=d8cf0400409c0000
2026-07-07T14:53:57.895+00:00 CAN id=101 dlc=8 data=d8cf0400409c0000
2026-07-07T14:53:57.915+00:00 CAN id=101 dlc=8 data=d8cf0400409c0000
2026-07-07T14:53:57.929+00:00 VCP run=1 step=0 angle=315703 target=315352 err=-351 steer=0 m1=669/13750 i1=176 t1=28 m2=-672/-13750 i2=-210 t2=27 steerMode=0/-334 iSteer=-16541 driveMode=13750/35147 iDrive=193017 scale=0 wheel=40000
2026-07-07T14:53:57.935+00:00 CAN id=101 dlc=8 data=d8cf0400409c0000
2026-07-07T14:53:57.956+00:00 CAN id=101 dlc=8 data=d8cf0400409c0000
2026-07-07T14:53:57.976+00:00 CAN id=101 dlc=8 data=d8cf0400409c0000
2026-07-07T14:53:57.996+00:00 CAN id=101 dlc=8 data=d8cf0400409c0000
2026-07-07T14:53:58.015+00:00 CAN id=101 dlc=8 data=d8cf0400409c0000
2026-07-07T14:53:58.034+00:00 VCP run=1 step=0 angle=315439 target=315352 err=-87 steer=0 m1=684/13750 i1=158 t1=28 m2=-670/-13750 i2=-220 t2=27 steerMode=0/-34 iSteer=-30892 driveMode=13750/35901 iDrive=189247 scale=0 wheel=40000
2026-07-07T14:53:58.035+00:00 CAN id=101 dlc=8 data=d8cf0400409c0000
2026-07-07T14:53:58.055+00:00 CAN id=101 dlc=8 data=d8cf0400409c0000
2026-07-07T14:53:58.076+00:00 CAN id=101 dlc=8 data=d8cf0400409c0000
2026-07-07T14:53:58.095+00:00 CAN id=101 dlc=8 data=d8cf0400409c0000
2026-07-07T14:53:58.115+00:00 CAN id=101 dlc=8 data=d8cf0400409c0000
2026-07-07T14:53:58.135+00:00 CAN id=101 dlc=8 data=d8cf0400409c0000
2026-07-07T14:53:58.136+00:00 VCP run=1 step=0 angle=315439 target=315352 err=-87 steer=0 m1=682/13750 i1=150 t1=28 m2=-704/-13750 i2=-229 t2=27 steerMode=0/135 iSteer=-39425 driveMode=13750/35829 iDrive=189603 scale=0 wheel=40000
2026-07-07T14:53:58.136+00:00 VCP SET_TARGET_RX steer=315352 wheel=40000
2026-07-07T14:53:58.155+00:00 CAN id=101 dlc=8 data=d8cf0400409c0000
2026-07-07T14:53:58.176+00:00 CAN id=101 dlc=8 data=d8cf0400409c0000
2026-07-07T14:53:58.195+00:00 CAN id=101 dlc=8 data=d8cf0400409c0000
2026-07-07T14:53:58.215+00:00 CAN id=101 dlc=8 data=d8cf0400409c0000
2026-07-07T14:53:58.235+00:00 CAN id=101 dlc=8 data=d8cf0400409c0000
2026-07-07T14:53:58.255+00:00 CAN id=101 dlc=8 data=d8cf0400409c0000
2026-07-07T14:53:58.275+00:00 CAN id=101 dlc=8 data=d8cf0400409c0000
2026-07-07T14:53:58.295+00:00 CAN id=101 dlc=8 data=d8cf0400409c0000
2026-07-07T14:53:58.316+00:00 CAN id=101 dlc=8 data=d8cf0400409c0000
2026-07-07T14:53:58.323+00:00 VCP run=1 step=0 angle=315615 target=315352 err=-263 steer=0 m1=650/13750 i1=148 t1=28 m2=-670/-13750 i2=-244 t2=27 steerMode=0/269 iSteer=-47544 driveMode=13750/34555 iDrive=195973 scale=0 wheel=40000
2026-07-07T14:53:58.323+00:00 VCP run=1 step=0 angle=315791 target=315352 err=-439 steer=0 m1=608/13750 i1=157 t1=28 m2=-649/-13750 i2=-253 t2=27 steerMode=0/241 iSteer=-47688 driveMode=13750/32736 iDrive=205069 scale=0 wheel=40000
2026-07-07T14:53:58.335+00:00 CAN id=101 dlc=8 data=d8cf0400409c0000
2026-07-07T14:53:58.355+00:00 CAN id=101 dlc=8 data=d8cf0400409c0000
2026-07-07T14:53:58.376+00:00 CAN id=101 dlc=8 data=d8cf0400409c0000
2026-07-07T14:53:58.395+00:00 CAN id=101 dlc=8 data=d8cf0400409c0000
2026-07-07T14:53:58.416+00:00 CAN id=101 dlc=8 data=d8cf0400409c0000
2026-07-07T14:53:58.427+00:00 VCP run=1 step=0 angle=315879 target=315352 err=-527 steer=-263 m1=608/12301 i1=111 t1=28 m2=-624/-15199 i2=-303 t2=27 steerMode=-1449/-255 iSteer=-96009 driveMode=13750/32408 iDrive=206708 scale=0 wheel=40000
2026-07-07T14:53:58.435+00:00 CAN id=101 dlc=8 data=d8cf0400409c0000
2026-07-07T14:53:58.456+00:00 CAN id=101 dlc=8 data=d8cf0400409c0000
2026-07-07T14:53:58.476+00:00 CAN id=101 dlc=8 data=d8cf0400409c0000
2026-07-07T14:53:58.495+00:00 CAN id=101 dlc=8 data=d8cf0400409c0000
2026-07-07T14:53:58.516+00:00 CAN id=101 dlc=8 data=d8cf0400409c0000
2026-07-07T14:53:58.532+00:00 VCP run=1 step=0 angle=315791 target=315352 err=-439 steer=0 m1=625/13750 i1=216 t1=28 m2=-578/-13750 i2=-194 t2=27 steerMode=0/-929 iSteer=11044 driveMode=13750/32714 iDrive=205180 scale=0 wheel=40000
2026-07-07T14:53:58.535+00:00 CAN id=101 dlc=8 data=d8cf0400409c0000
2026-07-07T14:53:58.556+00:00 CAN id=101 dlc=8 data=d8cf0400409c0000
2026-07-07T14:53:58.575+00:00 CAN id=101 dlc=8 data=d8cf0400409c0000
2026-07-07T14:53:58.595+00:00 CAN id=101 dlc=8 data=d8cf0400409c0000
2026-07-07T14:53:58.616+00:00 CAN id=101 dlc=8 data=d8cf0400409c0000
2026-07-07T14:53:58.634+00:00 VCP run=1 step=0 angle=315615 target=315352 err=-263 steer=0 m1=608/13750 i1=180 t1=28 m2=-639/-13750 i2=-224 t2=27 steerMode=0/-256 iSteer=-21967 driveMode=13750/33274 iDrive=202381 scale=0 wheel=40000
2026-07-07T14:53:58.634+00:00 VCP SET_TARGET_RX steer=315352 wheel=40000
2026-07-07T14:53:58.635+00:00 CAN id=101 dlc=8 data=d8cf0400409c0000
2026-07-07T14:53:58.655+00:00 CAN id=101 dlc=8 data=d8cf0400409c0000
2026-07-07T14:53:58.676+00:00 CAN id=101 dlc=8 data=d8cf0400409c0000
2026-07-07T14:53:58.696+00:00 CAN id=101 dlc=8 data=d8cf0400409c0000
2026-07-07T14:53:58.716+00:00 CAN id=101 dlc=8 data=d8cf0400409c0000
2026-07-07T14:53:58.735+00:00 CAN id=101 dlc=8 data=d8cf0400409c0000
2026-07-07T14:53:58.755+00:00 CAN id=101 dlc=8 data=d8cf0400409c0000
2026-07-07T14:53:58.776+00:00 CAN id=101 dlc=8 data=d8cf0400409c0000
2026-07-07T14:53:58.795+00:00 CAN id=101 dlc=8 data=d8cf0400409c0000
2026-07-07T14:53:58.816+00:00 CAN id=101 dlc=8 data=d8cf0400409c0000
2026-07-07T14:53:58.822+00:00 VCP run=1 step=0 angle=315176 target=315352 err=176 steer=0 m1=623/13750 i1=159 t1=28 m2=-639/-13750 i2=-246 t2=27 steerMode=0/186 iSteer=-43477 driveMode=13750/33337 iDrive=202064 scale=0 wheel=40000
2026-07-07T14:53:58.822+00:00 VCP run=1 step=0 angle=315000 target=315352 err=352 steer=0 m1=613/13750 i1=193 t1=28 m2=-645/-13750 i2=-215 t2=27 steerMode=0/-452 iSteer=-11185 driveMode=13750/32911 iDrive=204194 scale=0 wheel=40000
2026-07-07T14:53:58.835+00:00 CAN id=101 dlc=8 data=d8cf0400409c0000
2026-07-07T14:53:58.856+00:00 CAN id=101 dlc=8 data=d8cf0400409c0000
2026-07-07T14:53:58.875+00:00 CAN id=101 dlc=8 data=d8cf0400409c0000
2026-07-07T14:53:58.895+00:00 CAN id=101 dlc=8 data=d8cf0400409c0000
2026-07-07T14:53:58.916+00:00 CAN id=101 dlc=8 data=d8cf0400409c0000
2026-07-07T14:53:58.927+00:00 VCP run=1 step=0 angle=315000 target=315352 err=352 steer=0 m1=648/13750 i1=175 t1=28 m2=-595/-13750 i2=-236 t2=27 steerMode=0/-58 iSteer=-30253 driveMode=13750/32676 iDrive=205372 scale=0 wheel=40000
2026-07-07T14:53:58.935+00:00 CAN id=101 dlc=8 data=d8cf0400409c0000
2026-07-07T14:53:58.956+00:00 CAN id=101 dlc=8 data=d8cf0400409c0000
2026-07-07T14:53:58.976+00:00 CAN id=101 dlc=8 data=d8cf0400409c0000
2026-07-07T14:53:58.996+00:00 CAN id=101 dlc=8 data=d8cf0400409c0000
2026-07-07T14:53:59.016+00:00 CAN id=101 dlc=8 data=d8cf0400409c0000
2026-07-07T14:53:59.032+00:00 VCP run=1 step=0 angle=315264 target=315352 err=88 steer=0 m1=600/13750 i1=169 t1=28 m2=-593/-13750 i2=-254 t2=27 steerMode=0/174 iSteer=-42155 driveMode=13750/31481 iDrive=211346 scale=0 wheel=40000
2026-07-07T14:53:59.035+00:00 CAN id=101 dlc=8 data=d8cf0400409c0000
2026-07-07T14:53:59.056+00:00 CAN id=101 dlc=8 data=d8cf0400409c0000
2026-07-07T14:53:59.075+00:00 CAN id=101 dlc=8 data=d8cf0400409c0000
2026-07-07T14:53:59.096+00:00 CAN id=101 dlc=8 data=d8cf0400409c0000
2026-07-07T14:53:59.115+00:00 CAN id=101 dlc=8 data=d8cf0400409c0000
2026-07-07T14:53:59.133+00:00 VCP run=1 step=0 angle=315615 target=315352 err=-263 steer=0 m1=554/13750 i1=161 t1=28 m2=-561/-13750 i2=-286 t2=27 steerMode=0/548 iSteer=-62371 driveMode=13750/29080 iDrive=223352 scale=0 wheel=40000
2026-07-07T14:53:59.133+00:00 VCP SET_TARGET_RX steer=315352 wheel=40000
2026-07-07T14:53:59.135+00:00 CAN id=101 dlc=8 data=d8cf0400409c0000
2026-07-07T14:53:59.156+00:00 CAN id=101 dlc=8 data=d8cf0400409c0000
2026-07-07T14:53:59.176+00:00 CAN id=101 dlc=8 data=d8cf0400409c0000
2026-07-07T14:53:59.196+00:00 CAN id=101 dlc=8 data=d8cf0400409c0000
2026-07-07T14:53:59.215+00:00 CAN id=101 dlc=8 data=d8cf0400409c0000
2026-07-07T14:53:59.235+00:00 CAN id=101 dlc=8 data=d8cf0400409c0000
2026-07-07T14:53:59.255+00:00 CAN id=101 dlc=8 data=d8cf0400409c0000
2026-07-07T14:53:59.276+00:00 CAN id=101 dlc=8 data=d8cf0400409c0000
2026-07-07T14:53:59.296+00:00 CAN id=101 dlc=8 data=d8cf0400409c0000
2026-07-07T14:53:59.316+00:00 CAN id=101 dlc=8 data=d8cf0400409c0000
2026-07-07T14:53:59.321+00:00 VCP run=1 step=0 angle=315791 target=315352 err=-439 steer=0 m1=531/13750 i1=164 t1=28 m2=-538/-13750 i2=-292 t2=27 steerMode=0/555 iSteer=-63685 driveMode=13750/28155 iDrive=227974 scale=0 wheel=40000
2026-07-07T14:53:59.321+00:00 VCP run=1 step=0 angle=315703 target=315352 err=-351 steer=0 m1=548/13750 i1=178 t1=28 m2=-505/-13750 i2=-274 t2=27 steerMode=0/221 iSteer=-47616 driveMode=13750/28551 iDrive=225995 scale=0 wheel=40000
2026-07-07T14:53:59.335+00:00 CAN id=101 dlc=8 data=d8cf0400409c0000
2026-07-07T14:53:59.356+00:00 CAN id=101 dlc=8 data=d8cf0400409c0000
2026-07-07T14:53:59.376+00:00 CAN id=101 dlc=8 data=d8cf0400409c0000
2026-07-07T14:53:59.396+00:00 CAN id=101 dlc=8 data=d8cf0400409c0000
2026-07-07T14:53:59.416+00:00 CAN id=101 dlc=8 data=d8cf0400409c0000
2026-07-07T14:53:59.426+00:00 VCP run=1 step=0 angle=315791 target=315352 err=-439 steer=0 m1=573/13750 i1=196 t1=28 m2=-553/-13750 i2=-244 t2=27 steerMode=0/-269 iSteer=-23834 driveMode=13750/29779 iDrive=219855 scale=0 wheel=40000
2026-07-07T14:53:59.435+00:00 CAN id=101 dlc=8 data=d8cf0400409c0000
2026-07-07T14:53:59.455+00:00 CAN id=101 dlc=8 data=d8cf0400409c0000
2026-07-07T14:53:59.476+00:00 CAN id=101 dlc=8 data=d8cf0400409c0000
2026-07-07T14:53:59.495+00:00 CAN id=101 dlc=8 data=d8cf0400409c0000
2026-07-07T14:53:59.515+00:00 CAN id=101 dlc=8 data=d8cf0400409c0000
2026-07-07T14:53:59.530+00:00 VCP run=1 step=0 angle=315791 target=315352 err=-439 steer=0 m1=585/13750 i1=189 t1=28 m2=-595/-13750 i2=-237 t2=27 steerMode=0/-258 iSteer=-23838 driveMode=13750/31215 iDrive=212677 scale=0 wheel=40000
2026-07-07T14:53:59.535+00:00 CAN id=101 dlc=8 data=d8cf0400409c0000
2026-07-07T14:53:59.555+00:00 CAN id=101 dlc=8 data=d8cf0400409c0000
2026-07-07T14:53:59.575+00:00 CAN id=101 dlc=8 data=d8cf0400409c0000
2026-07-07T14:53:59.598+00:00 CAN id=101 dlc=8 data=d8cf0400409c0000
2026-07-07T14:53:59.615+00:00 CAN id=101 dlc=8 data=d8cf0400409c0000
2026-07-07T14:53:59.633+00:00 VCP run=1 step=0 angle=315703 target=315352 err=-351 steer=0 m1=659/13750 i1=186 t1=28 m2=-647/-13750 i2=-215 t2=27 steerMode=0/-424 iSteer=-14427 driveMode=13750/33568 iDrive=200910 scale=0 wheel=40000
2026-07-07T14:53:59.633+00:00 VCP SET_TARGET_RX steer=315352 wheel=40000
2026-07-07T14:53:59.635+00:00 CAN id=101 dlc=8 data=d8cf0400409c0000
2026-07-07T14:53:59.655+00:00 CAN id=101 dlc=8 data=d8cf0400409c0000
2026-07-07T14:53:59.676+00:00 CAN id=101 dlc=8 data=d8cf0400409c0000
2026-07-07T14:53:59.695+00:00 CAN id=101 dlc=8 data=d8cf0400409c0000
2026-07-07T14:53:59.716+00:00 CAN id=101 dlc=8 data=d8cf0400409c0000
2026-07-07T14:53:59.735+00:00 CAN id=101 dlc=8 data=d8cf0400409c0000
2026-07-07T14:53:59.756+00:00 CAN id=101 dlc=8 data=d8cf0400409c0000
2026-07-07T14:53:59.775+00:00 CAN id=101 dlc=8 data=d8cf0400409c0000
2026-07-07T14:53:59.795+00:00 CAN id=101 dlc=8 data=d8cf0400409c0000
2026-07-07T14:53:59.815+00:00 CAN id=101 dlc=8 data=d8cf0400409c0000
2026-07-07T14:53:59.819+00:00 VCP run=1 step=0 angle=315703 target=315352 err=-351 steer=0 m1=678/13750 i1=170 t1=28 m2=-662/-13750 i2=-218 t2=27 steerMode=0/-228 iSteer=-23681 driveMode=13750/34974 iDrive=193882 scale=0 wheel=40000
2026-07-07T14:53:59.819+00:00 VCP run=1 step=0 angle=315527 target=315352 err=-175 steer=0 m1=688/13750 i1=175 t1=28 m2=-664/-13750 i2=-200 t2=27 steerMode=0/-430 iSteer=-12549 driveMode=13750/36168 iDrive=187909 scale=0 wheel=40000
2026-07-07T14:53:59.835+00:00 CAN id=101 dlc=8 data=d8cf0400409c0000
2026-07-07T14:53:59.855+00:00 CAN id=101 dlc=8 data=d8cf0400409c0000
2026-07-07T14:53:59.876+00:00 CAN id=101 dlc=8 data=d8cf0400409c0000
2026-07-07T14:53:59.895+00:00 CAN id=101 dlc=8 data=d8cf0400409c0000
2026-07-07T14:53:59.916+00:00 CAN id=101 dlc=8 data=d8cf0400409c0000
2026-07-07T14:53:59.924+00:00 VCP run=1 step=0 angle=315439 target=315352 err=-87 steer=0 m1=705/13750 i1=163 t1=28 m2=-676/-13750 i2=-207 t2=27 steerMode=0/-218 iSteer=-21964 driveMode=13750/36783 iDrive=184834 scale=0 wheel=40000
2026-07-07T14:53:59.935+00:00 CAN id=101 dlc=8 data=d8cf0400409c0000
2026-07-07T14:53:59.956+00:00 CAN id=101 dlc=8 data=d8cf0400409c0000
2026-07-07T14:53:59.975+00:00 CAN id=101 dlc=8 data=d8cf0400409c0000
2026-07-07T14:53:59.996+00:00 CAN id=101 dlc=8 data=d8cf0400409c0000
2026-07-07T14:54:00.015+00:00 CAN id=101 dlc=8 data=d8cf0400409c0000
2026-07-07T14:54:00.029+00:00 VCP run=1 step=0 angle=315264 target=315352 err=88 steer=0 m1=684/13750 i1=133 t1=28 m2=-653/-13750 i2=-239 t2=27 steerMode=0/405 iSteer=-53228 driveMode=13750/36551 iDrive=185996 scale=0 wheel=40000
2026-07-07T14:54:00.035+00:00 CAN id=101 dlc=8 data=d8cf0400409c0000
2026-07-07T14:54:00.056+00:00 CAN id=101 dlc=8 data=d8cf0400409c0000
2026-07-07T14:54:00.076+00:00 CAN id=101 dlc=8 data=d8cf0400409c0000
2026-07-07T14:54:00.096+00:00 CAN id=101 dlc=8 data=d8cf0400409c0000
2026-07-07T14:54:00.115+00:00 BENCH disable sent
2026-07-07T14:54:00.116+00:00 CAN id=121 dlc=2 data=0100
2026-07-07T14:54:00.116+00:00 CAN id=121 dlc=2 data=0100
2026-07-07T14:54:00.229+00:00 VCP run=1 step=0 angle=315176 target=315352 err=176 steer=0 m1=673/13750 i1=144 t1=28 m2=-672/-13750 i2=-239 t2=27 steerMode=0/283 iSteer=-47542 driveMode=13750/35536 iDrive=191068 scale=0 wheel=40000
2026-07-07T14:54:00.229+00:00 VCP UNIT_CTRL enable=0
2026-07-07T14:54:00.229+00:00 VCP UNIT_CTRL enable=0
2026-07-07T14:54:00.229+00:00 VCP STOP: disabled
2026-07-07T14:54:00.516+00:00 BENCH log closed
