2026-07-07T14:55:03.994+00:00 BENCH log opened: firmware/logs/lowrpm-floor200-rpm40.log
2026-07-07T14:55:03.994+00:00 BENCH run: steer=315.352deg (315352mdeg) wheel=40.0rpm (40000milli-rpm) rate=50.0Hz duration=10.0s
2026-07-07T14:55:03.994+00:00 BENCH enable sent
2026-07-07T14:55:03.995+00:00 CAN id=121 dlc=2 data=0101
2026-07-07T14:55:03.995+00:00 CAN id=101 dlc=8 data=d8cf0400409c0000
2026-07-07T14:55:04.015+00:00 CAN id=101 dlc=8 data=d8cf0400409c0000
2026-07-07T14:55:04.019+00:00 VCP SET_TARGET_RX steer=315352 wheel=40000
2026-07-07T14:55:04.019+00:00 VCP START_CAN: angle=314473 target=315352 wheelTarget=40000
2026-07-07T14:55:04.035+00:00 CAN id=101 dlc=8 data=d8cf0400409c0000
2026-07-07T14:55:04.055+00:00 CAN id=101 dlc=8 data=d8cf0400409c0000
2026-07-07T14:55:04.075+00:00 CAN id=101 dlc=8 data=d8cf0400409c0000
2026-07-07T14:55:04.095+00:00 CAN id=101 dlc=8 data=d8cf0400409c0000
2026-07-07T14:55:04.115+00:00 CAN id=101 dlc=8 data=d8cf0400409c0000
2026-07-07T14:55:04.135+00:00 CAN id=101 dlc=8 data=d8cf0400409c0000
2026-07-07T14:55:04.155+00:00 CAN id=101 dlc=8 data=d8cf0400409c0000
2026-07-07T14:55:04.175+00:00 CAN id=101 dlc=8 data=d8cf0400409c0000
2026-07-07T14:55:04.195+00:00 CAN id=101 dlc=8 data=d8cf0400409c0000
2026-07-07T14:55:04.204+00:00 VCP run=1 step=0 angle=314473 target=315352 err=879 steer=250 m1=0/1719 i1=71 t1=28 m2=0/1031 i2=67 t2=27 steerMode=1375/0 iSteer=68956 driveMode=344/0 iDrive=1753 scale=0 wheel=1000
2026-07-07T14:55:04.204+00:00 VCP run=1 step=0 angle=314473 target=315352 err=879 steer=440 m1=0/8950 i1=167 t1=28 m2=0/-4113 i2=89 t2=27 steerMode=2418/-5 iSteer=127887 driveMode=6531/5 iDrive=38993 scale=0 wheel=19000
2026-07-07T14:55:04.215+00:00 CAN id=101 dlc=8 data=d8cf0400409c0000
2026-07-07T14:55:04.235+00:00 CAN id=101 dlc=8 data=d8cf0400409c0000
2026-07-07T14:55:04.255+00:00 CAN id=101 dlc=8 data=d8cf0400409c0000
2026-07-07T14:55:04.275+00:00 CAN id=101 dlc=8 data=d8cf0400409c0000
2026-07-07T14:55:04.295+00:00 CAN id=101 dlc=8 data=d8cf0400409c0000
2026-07-07T14:55:04.309+00:00 VCP run=1 step=0 angle=314473 target=315352 err=879 steer=440 m1=2/15412 i1=225 t1=28 m2=0/-10576 i2=45 t2=27 steerMode=2418/-12 iSteer=135041 driveMode=12994/39 iDrive=89603 scale=0 wheel=37800
2026-07-07T14:55:04.315+00:00 CAN id=101 dlc=8 data=d8cf0400409c0000
2026-07-07T14:55:04.335+00:00 CAN id=101 dlc=8 data=d8cf0400409c0000
2026-07-07T14:55:04.355+00:00 CAN id=101 dlc=8 data=d8cf0400409c0000
2026-07-07T14:55:04.375+00:00 CAN id=101 dlc=8 data=d8cf0400409c0000
2026-07-07T14:55:04.395+00:00 CAN id=101 dlc=8 data=d8cf0400409c0000
2026-07-07T14:55:04.415+00:00 VCP run=1 step=0 angle=314473 target=315352 err=879 steer=440 m1=0/16168 i1=261 t1=28 m2=0/-11332 i2=22 t2=27 steerMode=2418/1 iSteer=141203 driveMode=13750/2 iDrive=119390 scale=0 wheel=40000
2026-07-07T14:55:04.415+00:00 CAN id=101 dlc=8 data=d8cf0400409c0000
2026-07-07T14:55:04.435+00:00 CAN id=101 dlc=8 data=d8cf0400409c0000
2026-07-07T14:55:04.455+00:00 CAN id=101 dlc=8 data=d8cf0400409c0000
2026-07-07T14:55:04.475+00:00 CAN id=101 dlc=8 data=d8cf0400409c0000
2026-07-07T14:55:04.495+00:00 CAN id=101 dlc=8 data=d8cf0400409c0000
2026-07-07T14:55:04.515+00:00 CAN id=101 dlc=8 data=d8cf0400409c0000
2026-07-07T14:55:04.535+00:00 CAN id=101 dlc=8 data=d8cf0400409c0000
2026-07-07T14:55:04.555+00:00 CAN id=101 dlc=8 data=d8cf0400409c0000
2026-07-07T14:55:04.575+00:00 CAN id=101 dlc=8 data=d8cf0400409c0000
2026-07-07T14:55:04.595+00:00 CAN id=101 dlc=8 data=d8cf0400409c0000
2026-07-07T14:55:04.600+00:00 VCP run=1 step=0 angle=314473 target=315352 err=879 steer=440 m1=0/16168 i1=293 t1=28 m2=0/-11332 i2=3 t2=27 steerMode=2418/-4 iSteer=148286 driveMode=13750/8 iDrive=145189 scale=0 wheel=40000
2026-07-07T14:55:04.600+00:00 VCP SET_TARGET_RX steer=315352 wheel=40000
2026-07-07T14:55:04.600+00:00 VCP run=1 step=0 angle=314473 target=315352 err=879 steer=440 m1=2/16168 i1=324 t1=28 m2=0/-11332 i2=-17 t2=27 steerMode=2418/25 iSteer=153645 driveMode=13750/54 iDrive=170775 scale=0 wheel=40000
2026-07-07T14:55:04.615+00:00 CAN id=101 dlc=8 data=d8cf0400409c0000
2026-07-07T14:55:04.635+00:00 CAN id=101 dlc=8 data=d8cf0400409c0000
2026-07-07T14:55:04.655+00:00 CAN id=101 dlc=8 data=d8cf0400409c0000
2026-07-07T14:55:04.675+00:00 CAN id=101 dlc=8 data=d8cf0400409c0000
2026-07-07T14:55:04.695+00:00 CAN id=101 dlc=8 data=d8cf0400409c0000
2026-07-07T14:55:04.705+00:00 VCP run=1 step=0 angle=314473 target=315352 err=879 steer=440 m1=0/16168 i1=359 t1=28 m2=0/-11332 i2=-35 t2=27 steerMode=2418/-9 iSteer=161969 driveMode=13750/0 iDrive=196714 scale=0 wheel=40000
2026-07-07T14:55:04.715+00:00 CAN id=101 dlc=8 data=d8cf0400409c0000
2026-07-07T14:55:04.735+00:00 CAN id=101 dlc=8 data=d8cf0400409c0000
2026-07-07T14:55:04.755+00:00 CAN id=101 dlc=8 data=d8cf0400409c0000
2026-07-07T14:55:04.775+00:00 CAN id=101 dlc=8 data=d8cf0400409c0000
2026-07-07T14:55:04.795+00:00 CAN id=101 dlc=8 data=d8cf0400409c0000
2026-07-07T14:55:04.811+00:00 VCP run=1 step=0 angle=314473 target=315352 err=879 steer=440 m1=0/16168 i1=391 t1=28 m2=0/-11332 i2=-54 t2=27 steerMode=2418/0 iSteer=168350 driveMode=13750/0 iDrive=222563 scale=0 wheel=40000
2026-07-07T14:55:04.815+00:00 CAN id=101 dlc=8 data=d8cf0400409c0000
2026-07-07T14:55:04.835+00:00 CAN id=101 dlc=8 data=d8cf0400409c0000
2026-07-07T14:55:04.855+00:00 CAN id=101 dlc=8 data=d8cf0400409c0000
2026-07-07T14:55:04.875+00:00 CAN id=101 dlc=8 data=d8cf0400409c0000
2026-07-07T14:55:04.895+00:00 CAN id=101 dlc=8 data=d8cf0400409c0000
2026-07-07T14:55:04.915+00:00 CAN id=101 dlc=8 data=d8cf0400409c0000
2026-07-07T14:55:04.935+00:00 CAN id=101 dlc=8 data=d8cf0400409c0000
2026-07-07T14:55:04.955+00:00 CAN id=101 dlc=8 data=d8cf0400409c0000
2026-07-07T14:55:04.975+00:00 CAN id=101 dlc=8 data=d8cf0400409c0000
2026-07-07T14:55:04.995+00:00 CAN id=101 dlc=8 data=d8cf0400409c0000
2026-07-07T14:55:04.996+00:00 VCP run=1 step=0 angle=314473 target=315352 err=879 steer=440 m1=0/16168 i1=424 t1=28 m2=0/-11332 i2=-73 t2=27 steerMode=2418/-10 iSteer=175686 driveMode=13750/10 iDrive=248338 scale=0 wheel=40000
2026-07-07T14:55:04.996+00:00 VCP run=1 step=0 angle=314473 target=315352 err=879 steer=440 m1=0/16168 i1=456 t1=28 m2=0/-11332 i2=-92 t2=27 steerMode=2418/0 iSteer=182035 driveMode=13750/0 iDrive=274231 scale=0 wheel=40000
2026-07-07T14:55:05.015+00:00 CAN id=101 dlc=8 data=d8cf0400409c0000
2026-07-07T14:55:05.035+00:00 CAN id=101 dlc=8 data=d8cf0400409c0000
2026-07-07T14:55:05.055+00:00 CAN id=101 dlc=8 data=d8cf0400409c0000
2026-07-07T14:55:05.075+00:00 CAN id=101 dlc=8 data=d8cf0400409c0000
2026-07-07T14:55:05.095+00:00 CAN id=101 dlc=8 data=d8cf0400409c0000
2026-07-07T14:55:05.102+00:00 VCP SET_TARGET_RX steer=315352 wheel=40000
2026-07-07T14:55:05.102+00:00 VCP run=1 step=0 angle=314473 target=315352 err=879 steer=440 m1=0/16168 i1=489 t1=28 m2=0/-11332 i2=-111 t2=27 steerMode=2418/-7 iSteer=189215 driveMode=13750/7 iDrive=300032 scale=0 wheel=40000
2026-07-07T14:55:05.115+00:00 CAN id=101 dlc=8 data=d8cf0400409c0000
2026-07-07T14:55:05.135+00:00 CAN id=101 dlc=8 data=d8cf0400409c0000
2026-07-07T14:55:05.155+00:00 CAN id=101 dlc=8 data=d8cf0400409c0000
2026-07-07T14:55:05.175+00:00 CAN id=101 dlc=8 data=d8cf0400409c0000
2026-07-07T14:55:05.195+00:00 CAN id=101 dlc=8 data=d8cf0400409c0000
2026-07-07T14:55:05.207+00:00 VCP run=1 step=0 angle=314473 target=315352 err=879 steer=440 m1=0/16168 i1=522 t1=28 m2=0/-11332 i2=-130 t2=27 steerMode=2418/-9 iSteer=196158 driveMode=13750/10 iDrive=325845 scale=0 wheel=40000
2026-07-07T14:55:05.215+00:00 CAN id=101 dlc=8 data=d8cf0400409c0000
2026-07-07T14:55:05.235+00:00 CAN id=101 dlc=8 data=d8cf0400409c0000
2026-07-07T14:55:05.255+00:00 CAN id=101 dlc=8 data=d8cf0400409c0000
2026-07-07T14:55:05.275+00:00 CAN id=101 dlc=8 data=d8cf0400409c0000
2026-07-07T14:55:05.295+00:00 CAN id=101 dlc=8 data=d8cf0400409c0000
2026-07-07T14:55:05.313+00:00 VCP run=1 step=0 angle=314473 target=315352 err=879 steer=440 m1=2/16168 i1=554 t1=28 m2=0/-11332 i2=-149 t2=27 steerMode=2418/2 iSteer=202416 driveMode=13750/3 iDrive=351730 scale=0 wheel=40000
2026-07-07T14:55:05.315+00:00 CAN id=101 dlc=8 data=d8cf0400409c0000
2026-07-07T14:55:05.335+00:00 CAN id=101 dlc=8 data=d8cf0400409c0000
2026-07-07T14:55:05.355+00:00 CAN id=101 dlc=8 data=d8cf0400409c0000
2026-07-07T14:55:05.375+00:00 CAN id=101 dlc=8 data=d8cf0400409c0000
2026-07-07T14:55:05.395+00:00 CAN id=101 dlc=8 data=d8cf0400409c0000
2026-07-07T14:55:05.415+00:00 CAN id=101 dlc=8 data=d8cf0400409c0000
2026-07-07T14:55:05.435+00:00 CAN id=101 dlc=8 data=d8cf0400409c0000
2026-07-07T14:55:05.455+00:00 CAN id=101 dlc=8 data=d8cf0400409c0000
2026-07-07T14:55:05.475+00:00 CAN id=101 dlc=8 data=d8cf0400409c0000
2026-07-07T14:55:05.495+00:00 CAN id=101 dlc=8 data=d8cf0400409c0000
2026-07-07T14:55:05.498+00:00 VCP run=1 step=0 angle=314473 target=315352 err=879 steer=440 m1=0/16168 i1=587 t1=28 m2=0/-11332 i2=-168 t2=27 steerMode=2418/-7 iSteer=209697 driveMode=13750/8 iDrive=377525 scale=0 wheel=40000
2026-07-07T14:55:05.498+00:00 VCP run=1 step=0 angle=314473 target=315352 err=879 steer=440 m1=0/16168 i1=620 t1=28 m2=0/-11332 i2=-187 t2=27 steerMode=2418/2 iSteer=216103 driveMode=13750/2 iDrive=403400 scale=0 wheel=40000
2026-07-07T14:55:05.515+00:00 CAN id=101 dlc=8 data=d8cf0400409c0000
2026-07-07T14:55:05.535+00:00 CAN id=101 dlc=8 data=d8cf0400409c0000
2026-07-07T14:55:05.555+00:00 CAN id=101 dlc=8 data=d8cf0400409c0000
2026-07-07T14:55:05.575+00:00 CAN id=101 dlc=8 data=d8cf0400409c0000
2026-07-07T14:55:05.595+00:00 CAN id=101 dlc=8 data=d8cf0400409c0000
2026-07-07T14:55:05.603+00:00 VCP SET_TARGET_RX steer=315352 wheel=40000
2026-07-07T14:55:05.603+00:00 VCP run=1 step=0 angle=314473 target=315352 err=879 steer=440 m1=0/16168 i1=652 t1=28 m2=0/-11332 i2=-206 t2=27 steerMode=2418/-4 iSteer=223214 driveMode=13750/5 iDrive=429213 scale=0 wheel=40000
2026-07-07T14:55:05.615+00:00 CAN id=101 dlc=8 data=d8cf0400409c0000
2026-07-07T14:55:05.635+00:00 CAN id=101 dlc=8 data=d8cf0400409c0000
2026-07-07T14:55:05.655+00:00 CAN id=101 dlc=8 data=d8cf0400409c0000
2026-07-07T14:55:05.675+00:00 CAN id=101 dlc=8 data=d8cf0400409c0000
2026-07-07T14:55:05.695+00:00 CAN id=101 dlc=8 data=d8cf0400409c0000
2026-07-07T14:55:05.709+00:00 VCP run=1 step=0 angle=314473 target=315352 err=879 steer=440 m1=0/16168 i1=685 t1=28 m2=0/-11332 i2=-225 t2=27 steerMode=2418/0 iSteer=229849 driveMode=13750/0 iDrive=455086 scale=0 wheel=40000
2026-07-07T14:55:05.715+00:00 CAN id=101 dlc=8 data=d8cf0400409c0000
2026-07-07T14:55:05.735+00:00 CAN id=101 dlc=8 data=d8cf0400409c0000
2026-07-07T14:55:05.755+00:00 CAN id=101 dlc=8 data=d8cf0400409c0000
2026-07-07T14:55:05.775+00:00 CAN id=101 dlc=8 data=d8cf0400409c0000
2026-07-07T14:55:05.795+00:00 CAN id=101 dlc=8 data=d8cf0400409c0000
2026-07-07T14:55:05.814+00:00 VCP run=1 step=0 angle=314473 target=315352 err=879 steer=440 m1=0/16168 i1=718 t1=28 m2=0/-11332 i2=-244 t2=27 steerMode=2418/1 iSteer=236620 driveMode=13750/1 iDrive=480930 scale=0 wheel=40000
2026-07-07T14:55:05.815+00:00 CAN id=101 dlc=8 data=d8cf0400409c0000
2026-07-07T14:55:05.835+00:00 CAN id=101 dlc=8 data=d8cf0400409c0000
2026-07-07T14:55:05.855+00:00 CAN id=101 dlc=8 data=d8cf0400409c0000
2026-07-07T14:55:05.875+00:00 CAN id=101 dlc=8 data=d8cf0400409c0000
2026-07-07T14:55:05.895+00:00 CAN id=101 dlc=8 data=d8cf0400409c0000
2026-07-07T14:55:05.915+00:00 CAN id=101 dlc=8 data=d8cf0400409c0000
2026-07-07T14:55:05.935+00:00 CAN id=101 dlc=8 data=d8cf0400409c0000
2026-07-07T14:55:05.955+00:00 CAN id=101 dlc=8 data=d8cf0400409c0000
2026-07-07T14:55:05.975+00:00 CAN id=101 dlc=8 data=d8cf0400409c0000
2026-07-07T14:55:05.995+00:00 CAN id=101 dlc=8 data=d8cf0400409c0000
2026-07-07T14:55:05.999+00:00 VCP run=1 step=0 angle=314473 target=315352 err=879 steer=440 m1=0/16168 i1=751 t1=28 m2=0/-11332 i2=-262 t2=27 steerMode=2418/-15 iSteer=244237 driveMode=13750/23 iDrive=506655 scale=0 wheel=40000
2026-07-07T14:55:05.999+00:00 VCP run=1 step=0 angle=314473 target=315352 err=879 steer=440 m1=0/16168 i1=783 t1=28 m2=0/-11332 i2=-282 t2=27 steerMode=2418/2 iSteer=250204 driveMode=13750/3 iDrive=532595 scale=0 wheel=40000
2026-07-07T14:55:05.999+00:00 VCP SET_TARGET_RX steer=315352 wheel=40000
2026-07-07T14:55:06.015+00:00 CAN id=101 dlc=8 data=d8cf0400409c0000
2026-07-07T14:55:06.035+00:00 CAN id=101 dlc=8 data=d8cf0400409c0000
2026-07-07T14:55:06.055+00:00 CAN id=101 dlc=8 data=d8cf0400409c0000
2026-07-07T14:55:06.075+00:00 CAN id=101 dlc=8 data=d8cf0400409c0000
2026-07-07T14:55:06.095+00:00 CAN id=101 dlc=8 data=d8cf0400409c0000
2026-07-07T14:55:06.105+00:00 VCP run=1 step=0 angle=314473 target=315352 err=879 steer=440 m1=0/16168 i1=815 t1=28 m2=0/-11332 i2=-302 t2=27 steerMode=2418/12 iSteer=256553 driveMode=13750/12 iDrive=558396 scale=0 wheel=40000
2026-07-07T14:55:06.115+00:00 CAN id=101 dlc=8 data=d8cf0400409c0000
2026-07-07T14:55:06.135+00:00 CAN id=101 dlc=8 data=d8cf0400409c0000
2026-07-07T14:55:06.155+00:00 CAN id=101 dlc=8 data=d8cf0400409c0000
2026-07-07T14:55:06.175+00:00 CAN id=101 dlc=8 data=d8cf0400409c0000
2026-07-07T14:55:06.195+00:00 CAN id=101 dlc=8 data=d8cf0400409c0000
2026-07-07T14:55:06.210+00:00 VCP run=1 step=0 angle=314473 target=315352 err=879 steer=440 m1=2/16168 i1=848 t1=28 m2=0/-11332 i2=-321 t2=27 steerMode=2418/12 iSteer=263365 driveMode=13750/12 iDrive=584241 scale=0 wheel=40000
2026-07-07T14:55:06.215+00:00 CAN id=101 dlc=8 data=d8cf0400409c0000
2026-07-07T14:55:06.235+00:00 CAN id=101 dlc=8 data=d8cf0400409c0000
2026-07-07T14:55:06.255+00:00 CAN id=101 dlc=8 data=d8cf0400409c0000
2026-07-07T14:55:06.275+00:00 CAN id=101 dlc=8 data=d8cf0400409c0000
2026-07-07T14:55:06.295+00:00 CAN id=101 dlc=8 data=d8cf0400409c0000
2026-07-07T14:55:06.315+00:00 CAN id=101 dlc=8 data=d8cf0400409c0000
2026-07-07T14:55:06.335+00:00 CAN id=101 dlc=8 data=d8cf0400409c0000
2026-07-07T14:55:06.355+00:00 CAN id=101 dlc=8 data=d8cf0400409c0000
2026-07-07T14:55:06.375+00:00 CAN id=101 dlc=8 data=d8cf0400409c0000
2026-07-07T14:55:06.395+00:00 CAN id=101 dlc=8 data=d8cf0400409c0000
2026-07-07T14:55:06.398+00:00 VCP run=1 step=0 angle=314473 target=315352 err=879 steer=440 m1=0/16168 i1=881 t1=28 m2=0/-11332 i2=-339 t2=27 steerMode=2418/3 iSteer=270599 driveMode=13750/15 iDrive=610034 scale=0 wheel=40000
2026-07-07T14:55:06.398+00:00 VCP run=1 step=0 angle=314473 target=315352 err=879 steer=440 m1=2/16168 i1=912 t1=28 m2=0/-11332 i2=-359 t2=27 steerMode=2418/19 iSteer=276614 driveMode=13750/19 iDrive=635862 scale=0 wheel=40000
2026-07-07T14:55:06.415+00:00 CAN id=101 dlc=8 data=d8cf0400409c0000
2026-07-07T14:55:06.435+00:00 CAN id=101 dlc=8 data=d8cf0400409c0000
2026-07-07T14:55:06.455+00:00 CAN id=101 dlc=8 data=d8cf0400409c0000
2026-07-07T14:55:06.475+00:00 CAN id=101 dlc=8 data=d8cf0400409c0000
2026-07-07T14:55:06.495+00:00 CAN id=101 dlc=8 data=d8cf0400409c0000
2026-07-07T14:55:06.500+00:00 VCP run=1 step=0 angle=314473 target=315352 err=879 steer=440 m1=179/16168 i1=838 t1=28 m2=0/-11332 i2=-466 t2=27 steerMode=2418/1955 iSteer=185997 driveMode=13750/1955 iDrive=651599 scale=0 wheel=40000
2026-07-07T14:55:06.500+00:00 VCP SET_TARGET_RX steer=315352 wheel=40000
2026-07-07T14:55:06.515+00:00 CAN id=101 dlc=8 data=d8cf0400409c0000
2026-07-07T14:55:06.535+00:00 CAN id=101 dlc=8 data=d8cf0400409c0000
2026-07-07T14:55:06.555+00:00 CAN id=101 dlc=8 data=d8cf0400409c0000
2026-07-07T14:55:06.575+00:00 CAN id=101 dlc=8 data=d8cf0400409c0000
2026-07-07T14:55:06.595+00:00 CAN id=101 dlc=8 data=d8cf0400409c0000
2026-07-07T14:55:06.604+00:00 VCP run=1 step=0 angle=317637 target=315352 err=-2285 steer=-1142 m1=355/7467 i1=225 t1=28 m2=-434/-20033 i2=-941 t2=27 steerMode=-6283/3583 iSteer=-358167 driveMode=13750/17328 iDrive=582673 scale=0 wheel=40000
2026-07-07T14:55:06.615+00:00 CAN id=101 dlc=8 data=d8cf0400409c0000
2026-07-07T14:55:06.635+00:00 CAN id=101 dlc=8 data=d8cf0400409c0000
2026-07-07T14:55:06.655+00:00 CAN id=101 dlc=8 data=d8cf0400409c0000
2026-07-07T14:55:06.675+00:00 CAN id=101 dlc=8 data=d8cf0400409c0000
2026-07-07T14:55:06.695+00:00 CAN id=101 dlc=8 data=d8cf0400409c0000
2026-07-07T14:55:06.708+00:00 VCP run=1 step=0 angle=316230 target=315352 err=-878 steer=-439 m1=803/11334 i1=533 t1=28 m2=-798/-16166 i2=-386 t2=27 steerMode=-2416/-1243 iSteer=73489 driveMode=13750/36751 iDrive=459347 scale=0 wheel=40000
2026-07-07T14:55:06.715+00:00 CAN id=101 dlc=8 data=d8cf0400409c0000
2026-07-07T14:55:06.735+00:00 CAN id=101 dlc=8 data=d8cf0400409c0000
2026-07-07T14:55:06.755+00:00 CAN id=101 dlc=8 data=d8cf0400409c0000
2026-07-07T14:55:06.775+00:00 CAN id=101 dlc=8 data=d8cf0400409c0000
2026-07-07T14:55:06.795+00:00 CAN id=101 dlc=8 data=d8cf0400409c0000
2026-07-07T14:55:06.812+00:00 VCP run=1 step=0 angle=317022 target=315352 err=-1669 steer=-835 m1=901/9159 i1=235 t1=28 m2=-925/-18341 i2=-466 t2=27 steerMode=-4591/84 iSteer=-115622 driveMode=13750/47623 iDrive=350675 scale=0 wheel=40000
2026-07-07T14:55:06.815+00:00 CAN id=101 dlc=8 data=d8cf0400409c0000
2026-07-07T14:55:06.835+00:00 CAN id=101 dlc=8 data=d8cf0400409c0000
2026-07-07T14:55:06.855+00:00 CAN id=101 dlc=8 data=d8cf0400409c0000
2026-07-07T14:55:06.875+00:00 CAN id=101 dlc=8 data=d8cf0400409c0000
2026-07-07T14:55:06.895+00:00 CAN id=101 dlc=8 data=d8cf0400409c0000
2026-07-07T14:55:06.915+00:00 CAN id=101 dlc=8 data=d8cf0400409c0000
2026-07-07T14:55:06.935+00:00 CAN id=101 dlc=8 data=d8cf0400409c0000
2026-07-07T14:55:06.955+00:00 CAN id=101 dlc=8 data=d8cf0400409c0000
2026-07-07T14:55:06.975+00:00 CAN id=101 dlc=8 data=d8cf0400409c0000
2026-07-07T14:55:06.995+00:00 CAN id=101 dlc=8 data=d8cf0400409c0000
2026-07-07T14:55:06.995+00:00 VCP run=1 step=0 angle=316758 target=315352 err=-1406 steer=-703 m1=996/9884 i1=213 t1=28 m2=-999/-17616 i2=-301 t2=27 steerMode=-3866/-802 iSteer=-43991 driveMode=13750/52704 iDrive=256837 scale=0 wheel=40000
2026-07-07T14:55:06.995+00:00 VCP run=1 step=0 angle=316582 target=315352 err=-1230 steer=-615 m1=1029/10367 i1=128 t1=28 m2=-1036/-17133 i2=-217 t2=27 steerMode=-3383/-482 iSteer=-44367 driveMode=13750/54653 iDrive=172141 scale=0 wheel=40000
2026-07-07T14:55:07.015+00:00 CAN id=101 dlc=8 data=d8cf0400409c0000
2026-07-07T14:55:07.035+00:00 CAN id=101 dlc=8 data=d8cf0400409c0000
2026-07-07T14:55:07.055+00:00 CAN id=101 dlc=8 data=d8cf0400409c0000
2026-07-07T14:55:07.075+00:00 CAN id=101 dlc=8 data=d8cf0400409c0000
2026-07-07T14:55:07.095+00:00 CAN id=101 dlc=8 data=d8cf0400409c0000
2026-07-07T14:55:07.099+00:00 VCP SET_TARGET_RX steer=315352 wheel=40000
2026-07-07T14:55:07.099+00:00 VCP run=1 step=0 angle=316055 target=315352 err=-703 steer=-351 m1=985/11818 i1=130 t1=28 m2=-1032/-15682 i2=-77 t2=27 steerMode=-1932/-552 iSteer=26232 driveMode=13750/53404 iDrive=103678 scale=0 wheel=40000
2026-07-07T14:55:07.115+00:00 CAN id=101 dlc=8 data=d8cf0400409c0000
2026-07-07T14:55:07.135+00:00 CAN id=101 dlc=8 data=d8cf0400409c0000
2026-07-07T14:55:07.155+00:00 CAN id=101 dlc=8 data=d8cf0400409c0000
2026-07-07T14:55:07.175+00:00 CAN id=101 dlc=8 data=d8cf0400409c0000
2026-07-07T14:55:07.195+00:00 CAN id=101 dlc=8 data=d8cf0400409c0000
2026-07-07T14:55:07.204+00:00 VCP run=1 step=0 angle=316230 target=315352 err=-878 steer=-439 m1=895/11334 i1=16 t1=28 m2=-917/-16166 i2=-107 t2=27 steerMode=-2416/250 iSteer=-45065 driveMode=13750/48141 iDrive=61510 scale=0 wheel=40000
2026-07-07T14:55:07.215+00:00 CAN id=101 dlc=8 data=d8cf0400409c0000
2026-07-07T14:55:07.235+00:00 CAN id=101 dlc=8 data=d8cf0400409c0000
2026-07-07T14:55:07.255+00:00 CAN id=101 dlc=8 data=d8cf0400409c0000
2026-07-07T14:55:07.275+00:00 CAN id=101 dlc=8 data=d8cf0400409c0000
2026-07-07T14:55:07.295+00:00 CAN id=101 dlc=8 data=d8cf0400409c0000
2026-07-07T14:55:07.308+00:00 VCP run=1 step=0 angle=316230 target=315352 err=-878 steer=-439 m1=747/11334 i1=64 t1=28 m2=-737/-16166 i2=-60 t2=27 steerMode=-2416/-804 iSteer=2000 driveMode=13750/41376 iDrive=61871 scale=0 wheel=40000
2026-07-07T14:55:07.315+00:00 CAN id=101 dlc=8 data=d8cf0400409c0000
2026-07-07T14:55:07.335+00:00 CAN id=101 dlc=8 data=d8cf0400409c0000
2026-07-07T14:55:07.355+00:00 CAN id=101 dlc=8 data=d8cf0400409c0000
2026-07-07T14:55:07.375+00:00 CAN id=101 dlc=8 data=d8cf0400409c0000
2026-07-07T14:55:07.395+00:00 CAN id=101 dlc=8 data=d8cf0400409c0000
2026-07-07T14:55:07.413+00:00 VCP run=1 step=0 angle=316055 target=315352 err=-703 steer=-351 m1=650/11818 i1=55 t1=28 m2=-597/-15682 i2=-136 t2=27 steerMode=-1932/405 iSteer=-40938 driveMode=13750/34657 iDrive=95465 scale=0 wheel=40000
2026-07-07T14:55:07.415+00:00 CAN id=101 dlc=8 data=d8cf0400409c0000
2026-07-07T14:55:07.435+00:00 CAN id=101 dlc=8 data=d8cf0400409c0000
2026-07-07T14:55:07.455+00:00 CAN id=101 dlc=8 data=d8cf0400409c0000
2026-07-07T14:55:07.475+00:00 CAN id=101 dlc=8 data=d8cf0400409c0000
2026-07-07T14:55:07.495+00:00 CAN id=101 dlc=8 data=d8cf0400409c0000
2026-07-07T14:55:07.514+00:00 VCP run=1 step=0 angle=315967 target=315352 err=-615 steer=-307 m1=548/12059 i1=82 t1=28 m2=-555/-15441 i2=-165 t2=27 steerMode=-1691/533 iSteer=-41433 driveMode=13750/29043 iDrive=123534 scale=0 wheel=40000
2026-07-07T14:55:07.514+00:00 VCP SET_TARGET_RX steer=315352 wheel=40000
2026-07-07T14:55:07.515+00:00 CAN id=101 dlc=8 data=d8cf0400409c0000
2026-07-07T14:55:07.535+00:00 CAN id=101 dlc=8 data=d8cf0400409c0000
2026-07-07T14:55:07.555+00:00 CAN id=101 dlc=8 data=d8cf0400409c0000
2026-07-07T14:55:07.575+00:00 CAN id=101 dlc=8 data=d8cf0400409c0000
2026-07-07T14:55:07.595+00:00 CAN id=101 dlc=8 data=d8cf0400409c0000
2026-07-07T14:55:07.615+00:00 CAN id=101 dlc=8 data=d8cf0400409c0000
2026-07-07T14:55:07.635+00:00 CAN id=101 dlc=8 data=d8cf0400409c0000
2026-07-07T14:55:07.655+00:00 CAN id=101 dlc=8 data=d8cf0400409c0000
2026-07-07T14:55:07.675+00:00 CAN id=101 dlc=8 data=d8cf0400409c0000
2026-07-07T14:55:07.695+00:00 CAN id=101 dlc=8 data=d8cf0400409c0000
2026-07-07T14:55:07.700+00:00 VCP run=1 step=0 angle=315967 target=315352 err=-615 steer=-307 m1=472/12059 i1=119 t1=28 m2=-436/-15441 i2=-170 t2=27 steerMode=-1691/116 iSteer=-25687 driveMode=13750/24826 iDrive=144619 scale=0 wheel=40000
2026-07-07T14:55:07.700+00:00 VCP run=1 step=0 angle=315967 target=315352 err=-615 steer=-307 m1=401/12059 i1=138 t1=28 m2=-415/-15441 i2=-183 t2=27 steerMode=-1691/-46 iSteer=-22594 driveMode=13750/21680 iDrive=160351 scale=0 wheel=40000
2026-07-07T14:55:07.715+00:00 CAN id=101 dlc=8 data=d8cf0400409c0000
2026-07-07T14:55:07.735+00:00 CAN id=101 dlc=8 data=d8cf0400409c0000
2026-07-07T14:55:07.755+00:00 CAN id=101 dlc=8 data=d8cf0400409c0000
2026-07-07T14:55:07.775+00:00 CAN id=101 dlc=8 data=d8cf0400409c0000
2026-07-07T14:55:07.795+00:00 CAN id=101 dlc=8 data=d8cf0400409c0000
2026-07-07T14:55:07.804+00:00 VCP run=1 step=0 angle=316055 target=315352 err=-703 steer=-351 m1=370/11818 i1=135 t1=28 m2=-404/-15682 i2=-208 t2=27 steerMode=-1932/-98 iSteer=-36395 driveMode=13750/19492 iDrive=171291 scale=0 wheel=40000
2026-07-07T14:55:07.815+00:00 CAN id=101 dlc=8 data=d8cf0400409c0000
2026-07-07T14:55:07.835+00:00 CAN id=101 dlc=8 data=d8cf0400409c0000
2026-07-07T14:55:07.855+00:00 CAN id=101 dlc=8 data=d8cf0400409c0000
2026-07-07T14:55:07.875+00:00 CAN id=101 dlc=8 data=d8cf0400409c0000
2026-07-07T14:55:07.895+00:00 CAN id=101 dlc=8 data=d8cf0400409c0000
2026-07-07T14:55:07.909+00:00 VCP run=1 step=0 angle=316055 target=315352 err=-703 steer=-351 m1=359/11818 i1=131 t1=28 m2=-296/-15682 i2=-227 t2=27 steerMode=-1932/43 iSteer=-47954 driveMode=13750/17861 iDrive=179445 scale=0 wheel=40000
2026-07-07T14:55:07.915+00:00 CAN id=101 dlc=8 data=d8cf0400409c0000
2026-07-07T14:55:07.935+00:00 CAN id=101 dlc=8 data=d8cf0400409c0000
2026-07-07T14:55:07.955+00:00 CAN id=101 dlc=8 data=d8cf0400409c0000
2026-07-07T14:55:07.975+00:00 CAN id=101 dlc=8 data=d8cf0400409c0000
2026-07-07T14:55:07.995+00:00 CAN id=101 dlc=8 data=d8cf0400409c0000
2026-07-07T14:55:08.010+00:00 VCP run=1 step=0 angle=316055 target=315352 err=-703 steer=-351 m1=305/11818 i1=172 t1=28 m2=-388/-15682 i2=-199 t2=27 steerMode=-1932/-736 iSteer=-13457 driveMode=13750/16672 iDrive=185388 scale=0 wheel=40000
2026-07-07T14:55:08.010+00:00 VCP SET_TARGET_RX steer=315352 wheel=40000
2026-07-07T14:55:08.015+00:00 CAN id=101 dlc=8 data=d8cf0400409c0000
2026-07-07T14:55:08.035+00:00 CAN id=101 dlc=8 data=d8cf0400409c0000
2026-07-07T14:55:08.055+00:00 CAN id=101 dlc=8 data=d8cf0400409c0000
2026-07-07T14:55:08.075+00:00 CAN id=101 dlc=8 data=d8cf0400409c0000
2026-07-07T14:55:08.095+00:00 CAN id=101 dlc=8 data=d8cf0400409c0000
2026-07-07T14:55:08.114+00:00 VCP run=1 step=0 angle=316055 target=315352 err=-703 steer=-351 m1=265/11818 i1=166 t1=28 m2=-335/-15682 i2=-216 t2=27 steerMode=-1932/-591 iSteer=-25311 driveMode=13750/15540 iDrive=191051 scale=0 wheel=40000
2026-07-07T14:55:08.115+00:00 CAN id=101 dlc=8 data=d8cf0400409c0000
2026-07-07T14:55:08.135+00:00 CAN id=101 dlc=8 data=d8cf0400409c0000
2026-07-07T14:55:08.155+00:00 CAN id=101 dlc=8 data=d8cf0400409c0000
2026-07-07T14:55:08.175+00:00 CAN id=101 dlc=8 data=d8cf0400409c0000
2026-07-07T14:55:08.195+00:00 CAN id=101 dlc=8 data=d8cf0400409c0000
2026-07-07T14:55:08.215+00:00 CAN id=101 dlc=8 data=d8cf0400409c0000
2026-07-07T14:55:08.235+00:00 CAN id=101 dlc=8 data=d8cf0400409c0000
2026-07-07T14:55:08.255+00:00 CAN id=101 dlc=8 data=d8cf0400409c0000
2026-07-07T14:55:08.275+00:00 CAN id=101 dlc=8 data=d8cf0400409c0000
2026-07-07T14:55:08.295+00:00 CAN id=101 dlc=8 data=d8cf0400409c0000
2026-07-07T14:55:08.301+00:00 VCP run=1 step=0 angle=316055 target=315352 err=-703 steer=-351 m1=230/11818 i1=151 t1=28 m2=-323/-15682 i2=-240 t2=27 steerMode=-1932/-304 iSteer=-44462 driveMode=13750/14581 iDrive=195845 scale=0 wheel=40000
2026-07-07T14:55:08.301+00:00 VCP run=1 step=0 angle=315967 target=315352 err=-615 steer=-307 m1=255/12059 i1=164 t1=28 m2=-245/-15441 i2=-233 t2=27 steerMode=-1691/-344 iSteer=-34347 driveMode=13750/14060 iDrive=198452 scale=0 wheel=40000
2026-07-07T14:55:08.315+00:00 CAN id=101 dlc=8 data=d8cf0400409c0000
2026-07-07T14:55:08.335+00:00 CAN id=101 dlc=8 data=d8cf0400409c0000
2026-07-07T14:55:08.355+00:00 CAN id=101 dlc=8 data=d8cf0400409c0000
2026-07-07T14:55:08.375+00:00 CAN id=101 dlc=8 data=d8cf0400409c0000
2026-07-07T14:55:08.395+00:00 CAN id=101 dlc=8 data=d8cf0400409c0000
2026-07-07T14:55:08.405+00:00 VCP run=1 step=0 angle=315967 target=315352 err=-615 steer=-307 m1=303/12059 i1=156 t1=28 m2=-308/-15441 i2=-232 t2=27 steerMode=-1691/-333 iSteer=-38064 driveMode=13750/15027 iDrive=193613 scale=0 wheel=40000
2026-07-07T14:55:08.415+00:00 CAN id=101 dlc=8 data=d8cf0400409c0000
2026-07-07T14:55:08.435+00:00 CAN id=101 dlc=8 data=d8cf0400409c0000
2026-07-07T14:55:08.455+00:00 CAN id=101 dlc=8 data=d8cf0400409c0000
2026-07-07T14:55:08.475+00:00 CAN id=101 dlc=8 data=d8cf0400409c0000
2026-07-07T14:55:08.495+00:00 CAN id=101 dlc=8 data=d8cf0400409c0000
2026-07-07T14:55:08.506+00:00 VCP run=1 step=0 angle=315967 target=315352 err=-615 steer=-307 m1=272/12059 i1=161 t1=28 m2=-260/-15441 i2=-219 t2=27 steerMode=-1691/-582 iSteer=-29028 driveMode=13750/15669 iDrive=190404 scale=0 wheel=40000
2026-07-07T14:55:08.506+00:00 VCP SET_TARGET_RX steer=315352 wheel=40000
2026-07-07T14:55:08.515+00:00 CAN id=101 dlc=8 data=d8cf0400409c0000
2026-07-07T14:55:08.535+00:00 CAN id=101 dlc=8 data=d8cf0400409c0000
2026-07-07T14:55:08.555+00:00 CAN id=101 dlc=8 data=d8cf0400409c0000
2026-07-07T14:55:08.575+00:00 CAN id=101 dlc=8 data=d8cf0400409c0000
2026-07-07T14:55:08.595+00:00 CAN id=101 dlc=8 data=d8cf0400409c0000
2026-07-07T14:55:08.610+00:00 VCP run=1 step=0 angle=315791 target=315352 err=-439 steer=-63 m1=313/13401 i1=231 t1=28 m2=-358/-14099 i2=-143 t2=27 steerMode=-349/-748 iSteer=43647 driveMode=13750/16346 iDrive=187020 scale=0 wheel=40000
2026-07-07T14:55:08.615+00:00 CAN id=101 dlc=8 data=d8cf0400409c0000
2026-07-07T14:55:08.635+00:00 CAN id=101 dlc=8 data=d8cf0400409c0000
2026-07-07T14:55:08.655+00:00 CAN id=101 dlc=8 data=d8cf0400409c0000
2026-07-07T14:55:08.675+00:00 CAN id=101 dlc=8 data=d8cf0400409c0000
2026-07-07T14:55:08.695+00:00 CAN id=101 dlc=8 data=d8cf0400409c0000
2026-07-07T14:55:08.715+00:00 CAN id=101 dlc=8 data=d8cf0400409c0000
2026-07-07T14:55:08.715+00:00 VCP run=1 step=0 angle=315703 target=315352 err=-351 steer=0 m1=313/13750 i1=127 t1=28 m2=-216/-13750 i2=-253 t2=27 steerMode=0/1694 iSteer=-62999 driveMode=13750/15732 iDrive=190091 scale=0 wheel=40000
2026-07-07T14:55:08.735+00:00 CAN id=101 dlc=8 data=d8cf0400409c0000
2026-07-07T14:55:08.755+00:00 CAN id=101 dlc=8 data=d8cf0400409c0000
2026-07-07T14:55:08.775+00:00 CAN id=101 dlc=8 data=d8cf0400409c0000
2026-07-07T14:55:08.795+00:00 CAN id=101 dlc=8 data=d8cf0400409c0000
2026-07-07T14:55:08.815+00:00 CAN id=101 dlc=8 data=d8cf0400409c0000
2026-07-07T14:55:08.835+00:00 CAN id=101 dlc=8 data=d8cf0400409c0000
2026-07-07T14:55:08.855+00:00 CAN id=101 dlc=8 data=d8cf0400409c0000
2026-07-07T14:55:08.875+00:00 CAN id=101 dlc=8 data=d8cf0400409c0000
2026-07-07T14:55:08.895+00:00 CAN id=101 dlc=8 data=d8cf0400409c0000
2026-07-07T14:55:08.901+00:00 VCP run=1 step=0 angle=315879 target=315352 err=-527 steer=-263 m1=230/12301 i1=161 t1=28 m2=-268/-15199 i2=-229 t2=27 steerMode=-1449/-442 iSteer=-33965 driveMode=13750/14735 iDrive=195074 scale=0 wheel=40000
2026-07-07T14:55:08.901+00:00 VCP run=1 step=0 angle=315967 target=315352 err=-615 steer=-307 m1=232/12059 i1=123 t1=28 m2=-203/-15441 i2=-283 t2=27 steerMode=-1691/160 iSteer=-79971 driveMode=13750/13130 iDrive=203330 scale=0 wheel=40000
2026-07-07T14:55:08.915+00:00 CAN id=101 dlc=8 data=d8cf0400409c0000
2026-07-07T14:55:08.935+00:00 CAN id=101 dlc=8 data=d8cf0400409c0000
2026-07-07T14:55:08.955+00:00 CAN id=101 dlc=8 data=d8cf0400409c0000
2026-07-07T14:55:08.975+00:00 CAN id=101 dlc=8 data=d8cf0400409c0000
2026-07-07T14:55:08.995+00:00 CAN id=101 dlc=8 data=d8cf0400409c0000
2026-07-07T14:55:09.003+00:00 VCP run=1 step=0 angle=315967 target=315352 err=-615 steer=-307 m1=184/12059 i1=134 t1=28 m2=-210/-15441 i2=-300 t2=27 steerMode=-1691/124 iSteer=-83026 driveMode=13750/11007 iDrive=217004 scale=0 wheel=40000
2026-07-07T14:55:09.003+00:00 VCP SET_TARGET_RX steer=315352 wheel=40000
2026-07-07T14:55:09.015+00:00 CAN id=101 dlc=8 data=d8cf0400409c0000
2026-07-07T14:55:09.035+00:00 CAN id=101 dlc=8 data=d8cf0400409c0000
2026-07-07T14:55:09.055+00:00 CAN id=101 dlc=8 data=d8cf0400409c0000
2026-07-07T14:55:09.075+00:00 CAN id=101 dlc=8 data=d8cf0400409c0000
2026-07-07T14:55:09.095+00:00 CAN id=101 dlc=8 data=d8cf0400409c0000
2026-07-07T14:55:09.106+00:00 VCP run=1 step=0 angle=316055 target=315352 err=-703 steer=-351 m1=184/11818 i1=153 t1=28 m2=-203/-15682 i2=-317 t2=27 steerMode=-1932/-256 iSteer=-81795 driveMode=13750/9041 iDrive=234716 scale=0 wheel=40000
2026-07-07T14:55:09.115+00:00 CAN id=101 dlc=8 data=d8cf0400409c0000
2026-07-07T14:55:09.135+00:00 CAN id=101 dlc=8 data=d8cf0400409c0000
2026-07-07T14:55:09.155+00:00 CAN id=101 dlc=8 data=d8cf0400409c0000
2026-07-07T14:55:09.175+00:00 CAN id=101 dlc=8 data=d8cf0400409c0000
2026-07-07T14:55:09.195+00:00 CAN id=101 dlc=8 data=d8cf0400409c0000
2026-07-07T14:55:09.211+00:00 VCP run=1 step=0 angle=315967 target=315352 err=-615 steer=-307 m1=154/12059 i1=197 t1=28 m2=-218/-15441 i2=-286 t2=27 steerMode=-1691/-840 iSteer=-44311 driveMode=13750/9337 iDrive=241646 scale=0 wheel=40000
2026-07-07T14:55:09.215+00:00 CAN id=101 dlc=8 data=d8cf0400409c0000
2026-07-07T14:55:09.235+00:00 CAN id=101 dlc=8 data=d8cf0400409c0000
2026-07-07T14:55:09.255+00:00 CAN id=101 dlc=8 data=d8cf0400409c0000
2026-07-07T14:55:09.275+00:00 CAN id=101 dlc=8 data=d8cf0400409c0000
2026-07-07T14:55:09.295+00:00 CAN id=101 dlc=8 data=d8cf0400409c0000
2026-07-07T14:55:09.315+00:00 CAN id=101 dlc=8 data=d8cf0400409c0000
2026-07-07T14:55:09.315+00:00 VCP run=1 step=0 angle=316055 target=315352 err=-703 steer=-351 m1=211/11818 i1=85 t1=28 m2=-149/-15682 i2=-402 t2=27 steerMode=-1932/1156 iSteer=-158283 driveMode=13750/10305 iDrive=243416 scale=0 wheel=40000
2026-07-07T14:55:09.335+00:00 CAN id=101 dlc=8 data=d8cf0400409c0000
2026-07-07T14:55:09.355+00:00 CAN id=101 dlc=8 data=d8cf0400409c0000
2026-07-07T14:55:09.375+00:00 CAN id=101 dlc=8 data=d8cf0400409c0000
2026-07-07T14:55:09.395+00:00 CAN id=101 dlc=8 data=d8cf0400409c0000
2026-07-07T14:55:09.415+00:00 CAN id=101 dlc=8 data=d8cf0400409c0000
2026-07-07T14:55:09.435+00:00 CAN id=101 dlc=8 data=d8cf0400409c0000
2026-07-07T14:55:09.455+00:00 CAN id=101 dlc=8 data=d8cf0400409c0000
2026-07-07T14:55:09.475+00:00 CAN id=101 dlc=8 data=d8cf0400409c0000
2026-07-07T14:55:09.495+00:00 CAN id=101 dlc=8 data=d8cf0400409c0000
2026-07-07T14:55:09.498+00:00 VCP run=1 step=0 angle=315879 target=315352 err=-527 steer=-263 m1=230/12301 i1=212 t1=28 m2=-273/-15199 i2=-275 t2=27 steerMode=-1449/-981 iSteer=-31776 driveMode=13750/11373 iDrive=243715 scale=0 wheel=40000
2026-07-07T14:55:09.498+00:00 VCP run=1 step=0 angle=315879 target=315352 err=-527 steer=-263 m1=244/12301 i1=180 t1=28 m2=-289/-15199 i2=-295 t2=27 steerMode=-1449/-530 iSteer=-57115 driveMode=13750/13234 iDrive=237572 scale=0 wheel=40000
2026-07-07T14:55:09.515+00:00 CAN id=101 dlc=8 data=d8cf0400409c0000
2026-07-07T14:55:09.535+00:00 CAN id=101 dlc=8 data=d8cf0400409c0000
2026-07-07T14:55:09.555+00:00 CAN id=101 dlc=8 data=d8cf0400409c0000
2026-07-07T14:55:09.575+00:00 CAN id=101 dlc=8 data=d8cf0400409c0000
2026-07-07T14:55:09.595+00:00 CAN id=101 dlc=8 data=d8cf0400409c0000
2026-07-07T14:55:09.603+00:00 VCP SET_TARGET_RX steer=315352 wheel=40000
2026-07-07T14:55:09.603+00:00 VCP run=1 step=0 angle=315791 target=315352 err=-439 steer=0 m1=324/13750 i1=198 t1=28 m2=-319/-13750 i2=-256 t2=27 steerMode=0/356 iSteer=-29158 driveMode=13750/15227 iDrive=226983 scale=0 wheel=40000
2026-07-07T14:55:09.615+00:00 CAN id=101 dlc=8 data=d8cf0400409c0000
2026-07-07T14:55:09.635+00:00 CAN id=101 dlc=8 data=d8cf0400409c0000
2026-07-07T14:55:09.655+00:00 CAN id=101 dlc=8 data=d8cf0400409c0000
2026-07-07T14:55:09.675+00:00 CAN id=101 dlc=8 data=d8cf0400409c0000
2026-07-07T14:55:09.695+00:00 CAN id=101 dlc=8 data=d8cf0400409c0000
2026-07-07T14:55:09.707+00:00 VCP run=1 step=0 angle=315791 target=315352 err=-439 steer=-63 m1=292/13401 i1=228 t1=28 m2=-348/-14099 i2=-197 t2=27 steerMode=-349/-959 iSteer=15401 driveMode=13750/17266 iDrive=212218 scale=0 wheel=40000
2026-07-07T14:55:09.715+00:00 CAN id=101 dlc=8 data=d8cf0400409c0000
2026-07-07T14:55:09.735+00:00 CAN id=101 dlc=8 data=d8cf0400409c0000
2026-07-07T14:55:09.755+00:00 CAN id=101 dlc=8 data=d8cf0400409c0000
2026-07-07T14:55:09.775+00:00 CAN id=101 dlc=8 data=d8cf0400409c0000
2026-07-07T14:55:09.795+00:00 CAN id=101 dlc=8 data=d8cf0400409c0000
2026-07-07T14:55:09.812+00:00 VCP run=1 step=0 angle=315615 target=315352 err=-263 steer=0 m1=397/13750 i1=178 t1=28 m2=-340/-13750 i2=-206 t2=27 steerMode=0/6 iSteer=-13700 driveMode=13750/19614 iDrive=191843 scale=0 wheel=40000
2026-07-07T14:55:09.815+00:00 CAN id=101 dlc=8 data=d8cf0400409c0000
2026-07-07T14:55:09.835+00:00 CAN id=101 dlc=8 data=d8cf0400409c0000
2026-07-07T14:55:09.855+00:00 CAN id=101 dlc=8 data=d8cf0400409c0000
2026-07-07T14:55:09.875+00:00 CAN id=101 dlc=8 data=d8cf0400409c0000
2026-07-07T14:55:09.895+00:00 CAN id=101 dlc=8 data=d8cf0400409c0000
2026-07-07T14:55:09.915+00:00 CAN id=101 dlc=8 data=d8cf0400409c0000
2026-07-07T14:55:09.935+00:00 CAN id=101 dlc=8 data=d8cf0400409c0000
2026-07-07T14:55:09.955+00:00 CAN id=101 dlc=8 data=d8cf0400409c0000
2026-07-07T14:55:09.975+00:00 CAN id=101 dlc=8 data=d8cf0400409c0000
2026-07-07T14:55:09.995+00:00 CAN id=101 dlc=8 data=d8cf0400409c0000
2026-07-07T14:55:09.997+00:00 VCP run=1 step=0 angle=315703 target=315352 err=-351 steer=0 m1=385/13750 i1=173 t1=28 m2=-446/-13750 i2=-176 t2=27 steerMode=0/-231 iSteer=-1933 driveMode=13750/20679 iDrive=174450 scale=0 wheel=40000
2026-07-07T14:55:09.997+00:00 VCP run=1 step=0 angle=315703 target=315352 err=-351 steer=0 m1=393/13750 i1=153 t1=28 m2=-429/-13750 i2=-170 t2=27 steerMode=0/-87 iSteer=-8325 driveMode=13750/21452 iDrive=161491 scale=0 wheel=40000
2026-07-07T14:55:10.015+00:00 CAN id=101 dlc=8 data=d8cf0400409c0000
2026-07-07T14:55:10.035+00:00 CAN id=101 dlc=8 data=d8cf0400409c0000
2026-07-07T14:55:10.055+00:00 CAN id=101 dlc=8 data=d8cf0400409c0000
2026-07-07T14:55:10.075+00:00 CAN id=101 dlc=8 data=d8cf0400409c0000
2026-07-07T14:55:10.095+00:00 CAN id=101 dlc=8 data=d8cf0400409c0000
2026-07-07T14:55:10.101+00:00 VCP SET_TARGET_RX steer=315352 wheel=40000
2026-07-07T14:55:10.101+00:00 VCP run=1 step=0 angle=315703 target=315352 err=-351 steer=0 m1=426/13750 i1=145 t1=28 m2=-383/-13750 i2=-177 t2=27 steerMode=0/74 iSteer=-16111 driveMode=13750/21598 iDrive=160760 scale=0 wheel=40000
2026-07-07T14:55:10.115+00:00 CAN id=101 dlc=8 data=d8cf0400409c0000
2026-07-07T14:55:10.135+00:00 CAN id=101 dlc=8 data=d8cf0400409c0000
2026-07-07T14:55:10.155+00:00 CAN id=101 dlc=8 data=d8cf0400409c0000
2026-07-07T14:55:10.175+00:00 CAN id=101 dlc=8 data=d8cf0400409c0000
2026-07-07T14:55:10.195+00:00 CAN id=101 dlc=8 data=d8cf0400409c0000
2026-07-07T14:55:10.206+00:00 VCP run=1 step=0 angle=315527 target=315352 err=-175 steer=0 m1=393/13750 i1=133 t1=28 m2=-365/-13750 i2=-190 t2=27 steerMode=0/322 iSteer=-28577 driveMode=13750/21440 iDrive=161552 scale=0 wheel=40000
2026-07-07T14:55:10.215+00:00 CAN id=101 dlc=8 data=d8cf0400409c0000
2026-07-07T14:55:10.235+00:00 CAN id=101 dlc=8 data=d8cf0400409c0000
2026-07-07T14:55:10.255+00:00 CAN id=101 dlc=8 data=d8cf0400409c0000
2026-07-07T14:55:10.275+00:00 CAN id=101 dlc=8 data=d8cf0400409c0000
2026-07-07T14:55:10.295+00:00 CAN id=101 dlc=8 data=d8cf0400409c0000
2026-07-07T14:55:10.311+00:00 VCP run=1 step=0 angle=315439 target=315352 err=-87 steer=0 m1=387/13750 i1=137 t1=28 m2=-425/-13750 i2=-191 t2=27 steerMode=0/284 iSteer=-27174 driveMode=13750/20969 iDrive=163906 scale=0 wheel=40000
2026-07-07T14:55:10.315+00:00 CAN id=101 dlc=8 data=d8cf0400409c0000
2026-07-07T14:55:10.335+00:00 CAN id=101 dlc=8 data=d8cf0400409c0000
2026-07-07T14:55:10.355+00:00 CAN id=101 dlc=8 data=d8cf0400409c0000
2026-07-07T14:55:10.375+00:00 CAN id=101 dlc=8 data=d8cf0400409c0000
2026-07-07T14:55:10.395+00:00 CAN id=101 dlc=8 data=d8cf0400409c0000
2026-07-07T14:55:10.415+00:00 CAN id=101 dlc=8 data=d8cf0400409c0000
2026-07-07T14:55:10.435+00:00 CAN id=101 dlc=8 data=d8cf0400409c0000
2026-07-07T14:55:10.455+00:00 CAN id=101 dlc=8 data=d8cf0400409c0000
2026-07-07T14:55:10.475+00:00 CAN id=101 dlc=8 data=d8cf0400409c0000
2026-07-07T14:55:10.495+00:00 CAN id=101 dlc=8 data=d8cf0400409c0000
2026-07-07T14:55:10.496+00:00 VCP run=1 step=0 angle=315527 target=315352 err=-175 steer=0 m1=341/13750 i1=161 t1=28 m2=-371/-13750 i2=-176 t2=27 steerMode=0/-113 iSteer=-7648 driveMode=13750/19991 iDrive=168796 scale=0 wheel=40000
2026-07-07T14:55:10.496+00:00 VCP run=1 step=0 angle=315703 target=315352 err=-351 steer=0 m1=368/13750 i1=140 t1=28 m2=-314/-13750 i2=-205 t2=27 steerMode=0/365 iSteer=-32132 driveMode=13750/19263 iDrive=172434 scale=0 wheel=40000
2026-07-07T14:55:10.515+00:00 CAN id=101 dlc=8 data=d8cf0400409c0000
2026-07-07T14:55:10.535+00:00 CAN id=101 dlc=8 data=d8cf0400409c0000
2026-07-07T14:55:10.555+00:00 CAN id=101 dlc=8 data=d8cf0400409c0000
2026-07-07T14:55:10.575+00:00 CAN id=101 dlc=8 data=d8cf0400409c0000
2026-07-07T14:55:10.595+00:00 CAN id=101 dlc=8 data=d8cf0400409c0000
2026-07-07T14:55:10.601+00:00 VCP SET_TARGET_RX steer=315352 wheel=40000
2026-07-07T14:55:10.601+00:00 VCP run=1 step=0 angle=315791 target=315352 err=-439 steer=0 m1=341/13750 i1=142 t1=28 m2=-310/-13750 i2=-219 t2=27 steerMode=0/473 iSteer=-38542 driveMode=13750/17708 iDrive=180209 scale=0 wheel=40000
2026-07-07T14:55:10.615+00:00 CAN id=101 dlc=8 data=d8cf0400409c0000
2026-07-07T14:55:10.635+00:00 CAN id=101 dlc=8 data=d8cf0400409c0000
2026-07-07T14:55:10.655+00:00 CAN id=101 dlc=8 data=d8cf0400409c0000
2026-07-07T14:55:10.675+00:00 CAN id=101 dlc=8 data=d8cf0400409c0000
2026-07-07T14:55:10.695+00:00 CAN id=101 dlc=8 data=d8cf0400409c0000
2026-07-07T14:55:10.705+00:00 VCP run=1 step=0 angle=315967 target=315352 err=-615 steer=-307 m1=309/12059 i1=111 t1=28 m2=-314/-15441 i2=-251 t2=27 steerMode=-1691/-643 iSteer=-69930 driveMode=13750/17521 iDrive=181147 scale=0 wheel=40000
2026-07-07T14:55:10.715+00:00 CAN id=101 dlc=8 data=d8cf0400409c0000
2026-07-07T14:55:10.735+00:00 CAN id=101 dlc=8 data=d8cf0400409c0000
2026-07-07T14:55:10.755+00:00 CAN id=101 dlc=8 data=d8cf0400409c0000
2026-07-07T14:55:10.775+00:00 CAN id=101 dlc=8 data=d8cf0400409c0000
2026-07-07T14:55:10.795+00:00 CAN id=101 dlc=8 data=d8cf0400409c0000
2026-07-07T14:55:10.810+00:00 VCP run=1 step=0 angle=315615 target=315352 err=-263 steer=0 m1=364/13750 i1=152 t1=28 m2=-268/-13750 i2=-217 t2=27 steerMode=0/315 iSteer=-32547 driveMode=13750/16928 iDrive=184109 scale=0 wheel=40000
2026-07-07T14:55:10.815+00:00 CAN id=101 dlc=8 data=d8cf0400409c0000
2026-07-07T14:55:10.835+00:00 CAN id=101 dlc=8 data=d8cf0400409c0000
2026-07-07T14:55:10.855+00:00 CAN id=101 dlc=8 data=d8cf0400409c0000
2026-07-07T14:55:10.875+00:00 CAN id=101 dlc=8 data=d8cf0400409c0000
2026-07-07T14:55:10.895+00:00 CAN id=101 dlc=8 data=d8cf0400409c0000
2026-07-07T14:55:10.914+00:00 VCP run=1 step=0 angle=315967 target=315352 err=-615 steer=-307 m1=269/12059 i1=122 t1=28 m2=-346/-15441 i2=-256 t2=27 steerMode=-1691/-782 iSteer=-66986 driveMode=13750/16036 iDrive=188572 scale=0 wheel=40000
2026-07-07T14:55:10.915+00:00 CAN id=101 dlc=8 data=d8cf0400409c0000
2026-07-07T14:55:10.935+00:00 CAN id=101 dlc=8 data=d8cf0400409c0000
2026-07-07T14:55:10.955+00:00 CAN id=101 dlc=8 data=d8cf0400409c0000
2026-07-07T14:55:10.975+00:00 CAN id=101 dlc=8 data=d8cf0400409c0000
2026-07-07T14:55:10.995+00:00 CAN id=101 dlc=8 data=d8cf0400409c0000
2026-07-07T14:55:11.015+00:00 CAN id=101 dlc=8 data=d8cf0400409c0000
2026-07-07T14:55:11.016+00:00 VCP run=1 step=0 angle=315703 target=315352 err=-351 steer=0 m1=299/13750 i1=130 t1=28 m2=-283/-13750 i2=-253 t2=27 steerMode=0/810 iSteer=-61266 driveMode=13750/15466 iDrive=191420 scale=0 wheel=40000
2026-07-07T14:55:11.016+00:00 VCP SET_TARGET_RX steer=315352 wheel=40000
2026-07-07T14:55:11.035+00:00 CAN id=101 dlc=8 data=d8cf0400409c0000
2026-07-07T14:55:11.055+00:00 CAN id=101 dlc=8 data=d8cf0400409c0000
2026-07-07T14:55:11.075+00:00 CAN id=101 dlc=8 data=d8cf0400409c0000
2026-07-07T14:55:11.095+00:00 CAN id=101 dlc=8 data=d8cf0400409c0000
2026-07-07T14:55:11.115+00:00 CAN id=101 dlc=8 data=d8cf0400409c0000
2026-07-07T14:55:11.135+00:00 CAN id=101 dlc=8 data=d8cf0400409c0000
2026-07-07T14:55:11.155+00:00 CAN id=101 dlc=8 data=d8cf0400409c0000
2026-07-07T14:55:11.175+00:00 CAN id=101 dlc=8 data=d8cf0400409c0000
2026-07-07T14:55:11.195+00:00 CAN id=101 dlc=8 data=d8cf0400409c0000
2026-07-07T14:55:11.203+00:00 VCP run=1 step=0 angle=315879 target=315352 err=-527 steer=-263 m1=278/12301 i1=104 t1=28 m2=-333/-15199 i2=-291 t2=27 steerMode=-1449/-84 iSteer=-93241 driveMode=13750/14225 iDrive=197627 scale=0 wheel=40000
2026-07-07T14:55:11.203+00:00 VCP run=1 step=0 angle=315703 target=315352 err=-351 steer=0 m1=274/13750 i1=149 t1=28 m2=-275/-13750 i2=-249 t2=27 steerMode=0/512 iSteer=-50250 driveMode=13750/13912 iDrive=199188 scale=0 wheel=40000
2026-07-07T14:55:11.215+00:00 CAN id=101 dlc=8 data=d8cf0400409c0000
2026-07-07T14:55:11.235+00:00 CAN id=101 dlc=8 data=d8cf0400409c0000
2026-07-07T14:55:11.255+00:00 CAN id=101 dlc=8 data=d8cf0400409c0000
2026-07-07T14:55:11.275+00:00 CAN id=101 dlc=8 data=d8cf0400409c0000
2026-07-07T14:55:11.295+00:00 CAN id=101 dlc=8 data=d8cf0400409c0000
2026-07-07T14:55:11.307+00:00 VCP run=1 step=0 angle=315879 target=315352 err=-527 steer=-263 m1=251/12301 i1=85 t1=28 m2=-277/-15199 i2=-316 t2=27 steerMode=-1449/322 iSteer=-115138 driveMode=13750/13678 iDrive=200407 scale=0 wheel=40000
2026-07-07T14:55:11.315+00:00 CAN id=101 dlc=8 data=d8cf0400409c0000
2026-07-07T14:55:11.335+00:00 CAN id=101 dlc=8 data=d8cf0400409c0000
2026-07-07T14:55:11.355+00:00 CAN id=101 dlc=8 data=d8cf0400409c0000
2026-07-07T14:55:11.375+00:00 CAN id=101 dlc=8 data=d8cf0400409c0000
2026-07-07T14:55:11.395+00:00 CAN id=101 dlc=8 data=d8cf0400409c0000
2026-07-07T14:55:11.412+00:00 VCP run=1 step=0 angle=315791 target=315352 err=-439 steer=0 m1=253/13750 i1=166 t1=28 m2=-268/-13750 i2=-241 t2=27 steerMode=0/206 iSteer=-37427 driveMode=13750/13153 iDrive=203785 scale=0 wheel=40000
2026-07-07T14:55:11.415+00:00 CAN id=101 dlc=8 data=d8cf0400409c0000
2026-07-07T14:55:11.435+00:00 CAN id=101 dlc=8 data=d8cf0400409c0000
2026-07-07T14:55:11.455+00:00 CAN id=101 dlc=8 data=d8cf0400409c0000
2026-07-07T14:55:11.475+00:00 CAN id=101 dlc=8 data=d8cf0400409c0000
2026-07-07T14:55:11.495+00:00 CAN id=101 dlc=8 data=d8cf0400409c0000
2026-07-07T14:55:11.514+00:00 VCP run=1 step=0 angle=315791 target=315352 err=-439 steer=0 m1=269/13750 i1=166 t1=28 m2=-258/-13750 i2=-238 t2=27 steerMode=0/170 iSteer=-36136 driveMode=13750/13564 iDrive=202242 scale=0 wheel=40000
2026-07-07T14:55:11.514+00:00 VCP SET_TARGET_RX steer=315352 wheel=40000
2026-07-07T14:55:11.515+00:00 CAN id=101 dlc=8 data=d8cf0400409c0000
2026-07-07T14:55:11.535+00:00 CAN id=101 dlc=8 data=d8cf0400409c0000
2026-07-07T14:55:11.555+00:00 CAN id=101 dlc=8 data=d8cf0400409c0000
2026-07-07T14:55:11.575+00:00 CAN id=101 dlc=8 data=d8cf0400409c0000
2026-07-07T14:55:11.595+00:00 CAN id=101 dlc=8 data=d8cf0400409c0000
2026-07-07T14:55:11.615+00:00 CAN id=101 dlc=8 data=d8cf0400409c0000
2026-07-07T14:55:11.635+00:00 CAN id=101 dlc=8 data=d8cf0400409c0000
2026-07-07T14:55:11.655+00:00 CAN id=101 dlc=8 data=d8cf0400409c0000
2026-07-07T14:55:11.675+00:00 CAN id=101 dlc=8 data=d8cf0400409c0000
2026-07-07T14:55:11.695+00:00 CAN id=101 dlc=8 data=d8cf0400409c0000
2026-07-07T14:55:11.701+00:00 VCP run=1 step=0 angle=315791 target=315352 err=-439 steer=0 m1=198/13750 i1=223 t1=28 m2=-268/-13750 i2=-186 t2=27 steerMode=0/-973 iSteer=18795 driveMode=13750/13220 iDrive=204564 scale=0 wheel=40000
2026-07-07T14:55:11.701+00:00 VCP run=1 step=0 angle=315791 target=315352 err=-439 steer=0 m1=249/13750 i1=181 t1=28 m2=-247/-13750 i2=-225 t2=27 steerMode=0/-146 iSteer=-22258 driveMode=13750/13711 iDrive=203154 scale=0 wheel=40000
2026-07-07T14:55:11.715+00:00 CAN id=101 dlc=8 data=d8cf0400409c0000
2026-07-07T14:55:11.735+00:00 CAN id=101 dlc=8 data=d8cf0400409c0000
2026-07-07T14:55:11.755+00:00 CAN id=101 dlc=8 data=d8cf0400409c0000
2026-07-07T14:55:11.775+00:00 CAN id=101 dlc=8 data=d8cf0400409c0000
2026-07-07T14:55:11.795+00:00 CAN id=101 dlc=8 data=d8cf0400409c0000
2026-07-07T14:55:11.806+00:00 VCP run=1 step=0 angle=315791 target=315352 err=-439 steer=0 m1=276/13750 i1=183 t1=28 m2=-212/-13750 i2=-221 t2=27 steerMode=0/-221 iSteer=-18780 driveMode=13750/13946 iDrive=202255 scale=0 wheel=40000
2026-07-07T14:55:11.815+00:00 CAN id=101 dlc=8 data=d8cf0400409c0000
2026-07-07T14:55:11.835+00:00 CAN id=101 dlc=8 data=d8cf0400409c0000
2026-07-07T14:55:11.855+00:00 CAN id=101 dlc=8 data=d8cf0400409c0000
2026-07-07T14:55:11.875+00:00 CAN id=101 dlc=8 data=d8cf0400409c0000
2026-07-07T14:55:11.895+00:00 CAN id=101 dlc=8 data=d8cf0400409c0000
2026-07-07T14:55:11.911+00:00 VCP run=1 step=0 angle=315791 target=315352 err=-439 steer=0 m1=318/13750 i1=179 t1=28 m2=-250/-13750 i2=-216 t2=27 steerMode=0/-228 iSteer=-18497 driveMode=13750/14740 iDrive=197434 scale=0 wheel=40000
2026-07-07T14:55:11.915+00:00 CAN id=101 dlc=8 data=d8cf0400409c0000
2026-07-07T14:55:11.935+00:00 CAN id=101 dlc=8 data=d8cf0400409c0000
2026-07-07T14:55:11.955+00:00 CAN id=101 dlc=8 data=d8cf0400409c0000
2026-07-07T14:55:11.975+00:00 CAN id=101 dlc=8 data=d8cf0400409c0000
2026-07-07T14:55:11.995+00:00 CAN id=101 dlc=8 data=d8cf0400409c0000
2026-07-07T14:55:12.013+00:00 VCP run=1 step=0 angle=315791 target=315352 err=-439 steer=0 m1=282/13750 i1=196 t1=28 m2=-323/-13750 i2=-187 t2=27 steerMode=0/-689 iSteer=4694 driveMode=13750/15479 iDrive=191380 scale=0 wheel=40000
2026-07-07T14:55:12.013+00:00 VCP SET_TARGET_RX steer=315352 wheel=40000
2026-07-07T14:55:12.015+00:00 CAN id=101 dlc=8 data=d8cf0400409c0000
2026-07-07T14:55:12.035+00:00 CAN id=101 dlc=8 data=d8cf0400409c0000
2026-07-07T14:55:12.055+00:00 CAN id=101 dlc=8 data=d8cf0400409c0000
2026-07-07T14:55:12.075+00:00 CAN id=101 dlc=8 data=d8cf0400409c0000
2026-07-07T14:55:12.095+00:00 CAN id=101 dlc=8 data=d8cf0400409c0000
2026-07-07T14:55:12.115+00:00 CAN id=101 dlc=8 data=d8cf0400409c0000
2026-07-07T14:55:12.135+00:00 CAN id=101 dlc=8 data=d8cf0400409c0000
2026-07-07T14:55:12.155+00:00 CAN id=101 dlc=8 data=d8cf0400409c0000
2026-07-07T14:55:12.175+00:00 CAN id=101 dlc=8 data=d8cf0400409c0000
2026-07-07T14:55:12.195+00:00 CAN id=101 dlc=8 data=d8cf0400409c0000
2026-07-07T14:55:12.200+00:00 VCP run=1 step=0 angle=315791 target=315352 err=-439 steer=0 m1=278/13750 i1=177 t1=28 m2=-346/-13750 i2=-205 t2=27 steerMode=0/-311 iSteer=-14030 driveMode=13750/15628 iDrive=190609 scale=0 wheel=40000
2026-07-07T14:55:12.200+00:00 VCP run=1 step=0 angle=315791 target=315352 err=-439 steer=0 m1=295/13750 i1=187 t1=28 m2=-314/-13750 i2=-190 t2=27 steerMode=0/-551 iSteer=-1499 driveMode=13750/16095 iDrive=188274 scale=0 wheel=40000
2026-07-07T14:55:12.215+00:00 CAN id=101 dlc=8 data=d8cf0400409c0000
2026-07-07T14:55:12.235+00:00 CAN id=101 dlc=8 data=d8cf0400409c0000
2026-07-07T14:55:12.255+00:00 CAN id=101 dlc=8 data=d8cf0400409c0000
2026-07-07T14:55:12.275+00:00 CAN id=101 dlc=8 data=d8cf0400409c0000
2026-07-07T14:55:12.295+00:00 CAN id=101 dlc=8 data=d8cf0400409c0000
2026-07-07T14:55:12.305+00:00 VCP run=1 step=0 angle=315791 target=315352 err=-439 steer=0 m1=343/13750 i1=151 t1=28 m2=-285/-13750 i2=-219 t2=27 steerMode=0/107 iSteer=-34011 driveMode=13750/16736 iDrive=185068 scale=0 wheel=40000
2026-07-07T14:55:12.315+00:00 CAN id=101 dlc=8 data=d8cf0400409c0000
2026-07-07T14:55:12.335+00:00 CAN id=101 dlc=8 data=d8cf0400409c0000
2026-07-07T14:55:12.355+00:00 CAN id=101 dlc=8 data=d8cf0400409c0000
2026-07-07T14:55:12.375+00:00 CAN id=101 dlc=8 data=d8cf0400409c0000
2026-07-07T14:55:12.395+00:00 CAN id=101 dlc=8 data=d8cf0400409c0000
2026-07-07T14:55:12.409+00:00 VCP run=1 step=0 angle=315791 target=315352 err=-439 steer=0 m1=341/13750 i1=179 t1=28 m2=-381/-13750 i2=-185 t2=27 steerMode=0/-507 iSteer=-2627 driveMode=13750/17329 iDrive=182104 scale=0 wheel=40000
2026-07-07T14:55:12.415+00:00 CAN id=101 dlc=8 data=d8cf0400409c0000
2026-07-07T14:55:12.435+00:00 CAN id=101 dlc=8 data=d8cf0400409c0000
2026-07-07T14:55:12.455+00:00 CAN id=101 dlc=8 data=d8cf0400409c0000
2026-07-07T14:55:12.475+00:00 CAN id=101 dlc=8 data=d8cf0400409c0000
2026-07-07T14:55:12.495+00:00 CAN id=101 dlc=8 data=d8cf0400409c0000
2026-07-07T14:55:12.512+00:00 VCP run=1 step=0 angle=315703 target=315352 err=-351 steer=0 m1=330/13750 i1=145 t1=28 m2=-300/-13750 i2=-218 t2=27 steerMode=0/173 iSteer=-36582 driveMode=13750/17517 iDrive=181166 scale=0 wheel=40000
2026-07-07T14:55:12.512+00:00 VCP SET_TARGET_RX steer=315352 wheel=40000
2026-07-07T14:55:12.515+00:00 CAN id=101 dlc=8 data=d8cf0400409c0000
2026-07-07T14:55:12.535+00:00 CAN id=101 dlc=8 data=d8cf0400409c0000
2026-07-07T14:55:12.555+00:00 CAN id=101 dlc=8 data=d8cf0400409c0000
2026-07-07T14:55:12.575+00:00 CAN id=101 dlc=8 data=d8cf0400409c0000
2026-07-07T14:55:12.595+00:00 CAN id=101 dlc=8 data=d8cf0400409c0000
2026-07-07T14:55:12.615+00:00 CAN id=101 dlc=8 data=d8cf0400409c0000
2026-07-07T14:55:12.635+00:00 CAN id=101 dlc=8 data=d8cf0400409c0000
2026-07-07T14:55:12.655+00:00 CAN id=101 dlc=8 data=d8cf0400409c0000
2026-07-07T14:55:12.675+00:00 CAN id=101 dlc=8 data=d8cf0400409c0000
2026-07-07T14:55:12.695+00:00 CAN id=101 dlc=8 data=d8cf0400409c0000
2026-07-07T14:55:12.699+00:00 VCP run=1 step=0 angle=315615 target=315352 err=-263 steer=0 m1=330/13750 i1=162 t1=28 m2=-312/-13750 i2=-203 t2=27 steerMode=0/-152 iSteer=-20481 driveMode=13750/17226 iDrive=182618 scale=0 wheel=40000
2026-07-07T14:55:12.699+00:00 VCP run=1 step=0 angle=315615 target=315352 err=-263 steer=0 m1=290/13750 i1=150 t1=28 m2=-256/-13750 i2=-225 t2=27 steerMode=0/185 iSteer=-37635 driveMode=13750/16213 iDrive=187685 scale=0 wheel=40000
2026-07-07T14:55:12.715+00:00 CAN id=101 dlc=8 data=d8cf0400409c0000
2026-07-07T14:55:12.735+00:00 CAN id=101 dlc=8 data=d8cf0400409c0000
2026-07-07T14:55:12.755+00:00 CAN id=101 dlc=8 data=d8cf0400409c0000
2026-07-07T14:55:12.775+00:00 CAN id=101 dlc=8 data=d8cf0400409c0000
2026-07-07T14:55:12.795+00:00 CAN id=101 dlc=8 data=d8cf0400409c0000
2026-07-07T14:55:12.804+00:00 VCP run=1 step=0 angle=315879 target=315352 err=-527 steer=-263 m1=276/12301 i1=82 t1=28 m2=-275/-15199 i2=-313 t2=27 steerMode=-1449/248 iSteer=-115583 driveMode=13750/14256 iDrive=197470 scale=0 wheel=40000
2026-07-07T14:55:12.815+00:00 CAN id=101 dlc=8 data=d8cf0400409c0000
2026-07-07T14:55:12.835+00:00 CAN id=101 dlc=8 data=d8cf0400409c0000
2026-07-07T14:55:12.855+00:00 CAN id=101 dlc=8 data=d8cf0400409c0000
2026-07-07T14:55:12.875+00:00 CAN id=101 dlc=8 data=d8cf0400409c0000
2026-07-07T14:55:12.895+00:00 CAN id=101 dlc=8 data=d8cf0400409c0000
2026-07-07T14:55:12.908+00:00 VCP run=1 step=0 angle=315703 target=315352 err=-351 steer=0 m1=230/13750 i1=190 t1=28 m2=-250/-13750 i2=-218 t2=27 steerMode=0/-350 iSteer=-14012 driveMode=13750/13095 iDrive=203786 scale=0 wheel=40000
2026-07-07T14:55:12.915+00:00 CAN id=101 dlc=8 data=d8cf0400409c0000
2026-07-07T14:55:12.935+00:00 CAN id=101 dlc=8 data=d8cf0400409c0000
2026-07-07T14:55:12.955+00:00 CAN id=101 dlc=8 data=d8cf0400409c0000
2026-07-07T14:55:12.975+00:00 CAN id=101 dlc=8 data=d8cf0400409c0000
2026-07-07T14:55:12.995+00:00 CAN id=101 dlc=8 data=d8cf0400409c0000
2026-07-07T14:55:13.010+00:00 VCP run=1 step=0 angle=315879 target=315352 err=-527 steer=-263 m1=211/12301 i1=97 t1=28 m2=-296/-15199 i2=-314 t2=27 steerMode=-1449/48 iSteer=-108247 driveMode=13750/12983 iDrive=205616 scale=0 wheel=40000
2026-07-07T14:55:13.010+00:00 VCP SET_TARGET_RX steer=315352 wheel=40000
2026-07-07T14:55:13.015+00:00 CAN id=101 dlc=8 data=d8cf0400409c0000
2026-07-07T14:55:13.035+00:00 CAN id=101 dlc=8 data=d8cf0400409c0000
2026-07-07T14:55:13.055+00:00 CAN id=101 dlc=8 data=d8cf0400409c0000
2026-07-07T14:55:13.075+00:00 CAN id=101 dlc=8 data=d8cf0400409c0000
2026-07-07T14:55:13.095+00:00 CAN id=101 dlc=8 data=d8cf0400409c0000
2026-07-07T14:55:13.114+00:00 VCP run=1 step=0 angle=315703 target=315352 err=-351 steer=0 m1=244/13750 i1=179 t1=28 m2=-183/-13750 i2=-246 t2=27 steerMode=0/9 iSteer=-33633 driveMode=13750/12129 iDrive=212187 scale=0 wheel=40000
2026-07-07T14:55:13.115+00:00 CAN id=101 dlc=8 data=d8cf0400409c0000
2026-07-07T14:55:13.135+00:00 CAN id=101 dlc=8 data=d8cf0400409c0000
2026-07-07T14:55:13.155+00:00 CAN id=101 dlc=8 data=d8cf0400409c0000
2026-07-07T14:55:13.175+00:00 CAN id=101 dlc=8 data=d8cf0400409c0000
2026-07-07T14:55:13.195+00:00 CAN id=101 dlc=8 data=d8cf0400409c0000
2026-07-07T14:55:13.215+00:00 CAN id=101 dlc=8 data=d8cf0400409c0000
2026-07-07T14:55:13.235+00:00 CAN id=101 dlc=8 data=d8cf0400409c0000
2026-07-07T14:55:13.255+00:00 CAN id=101 dlc=8 data=d8cf0400409c0000
2026-07-07T14:55:13.275+00:00 CAN id=101 dlc=8 data=d8cf0400409c0000
2026-07-07T14:55:13.295+00:00 CAN id=101 dlc=8 data=d8cf0400409c0000
2026-07-07T14:55:13.302+00:00 VCP run=1 step=0 angle=315791 target=315352 err=-439 steer=0 m1=207/13750 i1=188 t1=28 m2=-229/-13750 i2=-238 t2=27 steerMode=0/-188 iSteer=-25384 driveMode=13750/12466 iDrive=212900 scale=0 wheel=40000
2026-07-07T14:55:13.302+00:00 VCP run=1 step=0 angle=315791 target=315352 err=-439 steer=0 m1=223/13750 i1=193 t1=28 m2=-256/-13750 i2=-229 t2=27 steerMode=0/-373 iSteer=-17758 driveMode=13750/13247 iDrive=210799 scale=0 wheel=40000
2026-07-07T14:55:13.315+00:00 CAN id=101 dlc=8 data=d8cf0400409c0000
2026-07-07T14:55:13.335+00:00 CAN id=101 dlc=8 data=d8cf0400409c0000
2026-07-07T14:55:13.355+00:00 CAN id=101 dlc=8 data=d8cf0400409c0000
2026-07-07T14:55:13.375+00:00 CAN id=101 dlc=8 data=d8cf0400409c0000
2026-07-07T14:55:13.395+00:00 CAN id=101 dlc=8 data=d8cf0400409c0000
2026-07-07T14:55:13.407+00:00 VCP run=1 step=0 angle=315703 target=315352 err=-351 steer=0 m1=265/13750 i1=162 t1=28 m2=-337/-13750 i2=-250 t2=27 steerMode=0/183 iSteer=-44300 driveMode=13750/14285 iDrive=205912 scale=0 wheel=40000
2026-07-07T14:55:13.415+00:00 CAN id=101 dlc=8 data=d8cf0400409c0000
2026-07-07T14:55:13.435+00:00 CAN id=101 dlc=8 data=d8cf0400409c0000
2026-07-07T14:55:13.455+00:00 CAN id=101 dlc=8 data=d8cf0400409c0000
2026-07-07T14:55:13.475+00:00 CAN id=101 dlc=8 data=d8cf0400409c0000
2026-07-07T14:55:13.495+00:00 CAN id=101 dlc=8 data=d8cf0400409c0000
2026-07-07T14:55:13.509+00:00 VCP run=1 step=0 angle=315615 target=315352 err=-263 steer=0 m1=301/13750 i1=195 t1=28 m2=-275/-13750 i2=-201 t2=27 steerMode=0/-633 iSteer=-2883 driveMode=13750/15497 iDrive=197879 scale=0 wheel=40000
2026-07-07T14:55:13.509+00:00 VCP SET_TARGET_RX steer=315352 wheel=40000
2026-07-07T14:55:13.515+00:00 CAN id=101 dlc=8 data=d8cf0400409c0000
2026-07-07T14:55:13.535+00:00 CAN id=101 dlc=8 data=d8cf0400409c0000
2026-07-07T14:55:13.555+00:00 CAN id=101 dlc=8 data=d8cf0400409c0000
2026-07-07T14:55:13.575+00:00 CAN id=101 dlc=8 data=d8cf0400409c0000
2026-07-07T14:55:13.595+00:00 CAN id=101 dlc=8 data=d8cf0400409c0000
2026-07-07T14:55:13.613+00:00 VCP run=1 step=0 angle=315615 target=315352 err=-263 steer=0 m1=339/13750 i1=154 t1=28 m2=-363/-13750 i2=-227 t2=27 steerMode=0/51 iSteer=-36425 driveMode=13750/16089 iDrive=190599 scale=0 wheel=40000
2026-07-07T14:55:13.615+00:00 CAN id=101 dlc=8 data=d8cf0400409c0000
2026-07-07T14:55:13.635+00:00 CAN id=101 dlc=8 data=d8cf0400409c0000
2026-07-07T14:55:13.655+00:00 CAN id=101 dlc=8 data=d8cf0400409c0000
2026-07-07T14:55:13.675+00:00 CAN id=101 dlc=8 data=d8cf0400409c0000
2026-07-07T14:55:13.695+00:00 CAN id=101 dlc=8 data=d8cf0400409c0000
2026-07-07T14:55:13.715+00:00 CAN id=101 dlc=8 data=d8cf0400409c0000
2026-07-07T14:55:13.735+00:00 CAN id=101 dlc=8 data=d8cf0400409c0000
2026-07-07T14:55:13.755+00:00 CAN id=101 dlc=8 data=d8cf0400409c0000
2026-07-07T14:55:13.775+00:00 CAN id=101 dlc=8 data=d8cf0400409c0000
2026-07-07T14:55:13.795+00:00 CAN id=101 dlc=8 data=d8cf0400409c0000
2026-07-07T14:55:13.801+00:00 VCP run=1 step=0 angle=315615 target=315352 err=-263 steer=0 m1=292/13750 i1=177 t1=28 m2=-302/-13750 i2=-196 t2=27 steerMode=0/-491 iSteer=-9360 driveMode=13750/16382 iDrive=186842 scale=0 wheel=40000
2026-07-07T14:55:13.801+00:00 VCP run=1 step=0 angle=315615 target=315352 err=-263 steer=0 m1=309/13750 i1=165 t1=28 m2=-392/-13750 i2=-197 t2=27 steerMode=0/-330 iSteer=-15991 driveMode=13750/17458 iDrive=181462 scale=0 wheel=40000
2026-07-07T14:55:13.815+00:00 CAN id=101 dlc=8 data=d8cf0400409c0000
2026-07-07T14:55:13.835+00:00 CAN id=101 dlc=8 data=d8cf0400409c0000
2026-07-07T14:55:13.855+00:00 CAN id=101 dlc=8 data=d8cf0400409c0000
2026-07-07T14:55:13.875+00:00 CAN id=101 dlc=8 data=d8cf0400409c0000
2026-07-07T14:55:13.895+00:00 CAN id=101 dlc=8 data=d8cf0400409c0000
2026-07-07T14:55:13.906+00:00 VCP run=1 step=0 angle=315527 target=315352 err=-175 steer=0 m1=351/13750 i1=156 t1=28 m2=-325/-13750 i2=-200 t2=27 steerMode=0/-191 iSteer=-22106 driveMode=13750/18119 iDrive=178156 scale=0 wheel=40000
2026-07-07T14:55:13.915+00:00 CAN id=101 dlc=8 data=d8cf0400409c0000
2026-07-07T14:55:13.935+00:00 CAN id=101 dlc=8 data=d8cf0400409c0000
2026-07-07T14:55:13.955+00:00 CAN id=101 dlc=8 data=d8cf0400409c0000
2026-07-07T14:55:13.975+00:00 CAN id=101 dlc=8 data=d8cf0400409c0000
2026-07-07T14:55:13.995+00:00 BENCH disable sent
2026-07-07T14:55:13.995+00:00 CAN id=121 dlc=2 data=0100
2026-07-07T14:55:13.995+00:00 CAN id=121 dlc=2 data=0100
2026-07-07T14:55:14.106+00:00 VCP run=1 step=0 angle=315352 target=315352 err=0 steer=0 m1=343/13750 i1=161 t1=28 m2=-369/-13750 i2=-191 t2=27 steerMode=0/-330 iSteer=-14778 driveMode=13750/18601 iDrive=175743 scale=0 wheel=40000
2026-07-07T14:55:14.106+00:00 VCP UNIT_CTRL enable=0
2026-07-07T14:55:14.106+00:00 VCP UNIT_CTRL enable=0
2026-07-07T14:55:14.106+00:00 VCP STOP: disabled
2026-07-07T14:55:14.396+00:00 BENCH log closed
