2026-07-07T14:52:26.821+00:00 BENCH log opened: firmware/logs/lowrpm-ff150-rpm25.log
2026-07-07T14:52:26.821+00:00 BENCH run: steer=315.352deg (315352mdeg) wheel=25.0rpm (25000milli-rpm) rate=50.0Hz duration=10.0s
2026-07-07T14:52:26.821+00:00 BENCH enable sent
2026-07-07T14:52:26.822+00:00 CAN id=121 dlc=2 data=0101
2026-07-07T14:52:26.822+00:00 CAN id=101 dlc=8 data=d8cf0400a8610000
2026-07-07T14:52:26.840+00:00 VCP NIT_CTRL enable=0
2026-07-07T14:52:26.840+00:00 VCP UNIT_CTRL enable=0
2026-07-07T14:52:26.840+00:00 VCP UNIT_CTRL enable=1
2026-07-07T14:52:26.841+00:00 VCP SET_TARGET_RX steer=315352 wheel=25000
2026-07-07T14:52:26.841+00:00 VCP START_CAN: angle=316055 target=315352 wheelTarget=25000
2026-07-07T14:52:26.842+00:00 CAN id=101 dlc=8 data=d8cf0400a8610000
2026-07-07T14:52:26.862+00:00 CAN id=101 dlc=8 data=d8cf0400a8610000
2026-07-07T14:52:26.882+00:00 CAN id=101 dlc=8 data=d8cf0400a8610000
2026-07-07T14:52:26.902+00:00 CAN id=101 dlc=8 data=d8cf0400a8610000
2026-07-07T14:52:26.922+00:00 CAN id=101 dlc=8 data=d8cf0400a8610000
2026-07-07T14:52:26.941+00:00 VCP run=1 step=0 angle=316055 target=315352 err=-703 steer=-250 m1=0/-1031 i1=-67 t1=28 m2=0/-1719 i2=-71 t2=27 steerMode=-1375/0 iSteer=-68956 driveMode=344/0 iDrive=1753 scale=0 wheel=1000
2026-07-07T14:52:26.942+00:00 CAN id=101 dlc=8 data=d8cf0400a8610000
2026-07-07T14:52:26.962+00:00 CAN id=101 dlc=8 data=d8cf0400a8610000
2026-07-07T14:52:26.982+00:00 CAN id=101 dlc=8 data=d8cf0400a8610000
2026-07-07T14:52:27.002+00:00 CAN id=101 dlc=8 data=d8cf0400a8610000
2026-07-07T14:52:27.022+00:00 CAN id=101 dlc=8 data=d8cf0400a8610000
2026-07-07T14:52:27.042+00:00 CAN id=101 dlc=8 data=d8cf0400a8610000
2026-07-07T14:52:27.062+00:00 CAN id=101 dlc=8 data=d8cf0400a8610000
2026-07-07T14:52:27.082+00:00 CAN id=101 dlc=8 data=d8cf0400a8610000
2026-07-07T14:52:27.102+00:00 CAN id=101 dlc=8 data=d8cf0400a8610000
2026-07-07T14:52:27.122+00:00 CAN id=101 dlc=8 data=d8cf0400a8610000
2026-07-07T14:52:27.129+00:00 VCP run=1 step=0 angle=316055 target=315352 err=-703 steer=-351 m1=0/4530 i1=-62 t1=28 m2=0/-8395 i2=-139 t2=27 steerMode=-1932/-19 iSteer=-100953 driveMode=6462/11 iDrive=38482 scale=0 wheel=18800
2026-07-07T14:52:27.129+00:00 VCP run=1 step=0 angle=316055 target=315352 err=-703 steer=-351 m1=0/6661 i1=-42 t1=28 m2=0/-10526 i2=-172 t2=27 steerMode=-1932/-8 iSteer=-106907 driveMode=8594/8 iDrive=64706 scale=0 wheel=25000
2026-07-07T14:52:27.142+00:00 CAN id=101 dlc=8 data=d8cf0400a8610000
2026-07-07T14:52:27.162+00:00 CAN id=101 dlc=8 data=d8cf0400a8610000
2026-07-07T14:52:27.182+00:00 CAN id=101 dlc=8 data=d8cf0400a8610000
2026-07-07T14:52:27.202+00:00 CAN id=101 dlc=8 data=d8cf0400a8610000
2026-07-07T14:52:27.222+00:00 CAN id=101 dlc=8 data=d8cf0400a8610000
2026-07-07T14:52:27.235+00:00 VCP run=1 step=0 angle=316055 target=315352 err=-703 steer=-351 m1=2/6661 i1=-32 t1=28 m2=0/-10526 i2=-194 t2=27 steerMode=-1932/2 iSteer=-112873 driveMode=8594/3 iDrive=80885 scale=0 wheel=25000
2026-07-07T14:52:27.242+00:00 CAN id=101 dlc=8 data=d8cf0400a8610000
2026-07-07T14:52:27.262+00:00 CAN id=101 dlc=8 data=d8cf0400a8610000
2026-07-07T14:52:27.282+00:00 CAN id=101 dlc=8 data=d8cf0400a8610000
2026-07-07T14:52:27.302+00:00 CAN id=101 dlc=8 data=d8cf0400a8610000
2026-07-07T14:52:27.322+00:00 CAN id=101 dlc=8 data=d8cf0400a8610000
2026-07-07T14:52:27.336+00:00 VCP run=1 step=0 angle=316055 target=315352 err=-703 steer=-351 m1=0/6661 i1=-21 t1=28 m2=0/-10526 i2=-215 t2=27 steerMode=-1932/-9 iSteer=-117720 driveMode=8594/9 iDrive=97007 scale=0 wheel=25000
2026-07-07T14:52:27.337+00:00 VCP SET_TARGET_RX steer=315352 wheel=25000
2026-07-07T14:52:27.342+00:00 CAN id=101 dlc=8 data=d8cf0400a8610000
2026-07-07T14:52:27.362+00:00 CAN id=101 dlc=8 data=d8cf0400a8610000
2026-07-07T14:52:27.382+00:00 CAN id=101 dlc=8 data=d8cf0400a8610000
2026-07-07T14:52:27.402+00:00 CAN id=101 dlc=8 data=d8cf0400a8610000
2026-07-07T14:52:27.422+00:00 CAN id=101 dlc=8 data=d8cf0400a8610000
2026-07-07T14:52:27.442+00:00 VCP run=1 step=0 angle=316055 target=315352 err=-703 steer=-351 m1=0/6661 i1=-9 t1=28 m2=0/-10526 i2=-235 t2=27 steerMode=-1932/-30 iSteer=-122117 driveMode=8594/30 iDrive=113040 scale=0 wheel=25000
2026-07-07T14:52:27.442+00:00 CAN id=101 dlc=8 data=d8cf0400a8610000
2026-07-07T14:52:27.462+00:00 CAN id=101 dlc=8 data=d8cf0400a8610000
2026-07-07T14:52:27.482+00:00 CAN id=101 dlc=8 data=d8cf0400a8610000
2026-07-07T14:52:27.502+00:00 CAN id=101 dlc=8 data=d8cf0400a8610000
2026-07-07T14:52:27.522+00:00 CAN id=101 dlc=8 data=d8cf0400a8610000
2026-07-07T14:52:27.542+00:00 CAN id=101 dlc=8 data=d8cf0400a8610000
2026-07-07T14:52:27.562+00:00 CAN id=101 dlc=8 data=d8cf0400a8610000
2026-07-07T14:52:27.582+00:00 CAN id=101 dlc=8 data=d8cf0400a8610000
2026-07-07T14:52:27.602+00:00 CAN id=101 dlc=8 data=d8cf0400a8610000
2026-07-07T14:52:27.622+00:00 CAN id=101 dlc=8 data=d8cf0400a8610000
2026-07-07T14:52:27.630+00:00 VCP run=1 step=0 angle=316055 target=315352 err=-703 steer=-351 m1=0/6661 i1=0 t1=28 m2=0/-10526 i2=-258 t2=27 steerMode=-1932/0 iSteer=-128997 driveMode=8594/0 iDrive=129161 scale=0 wheel=25000
2026-07-07T14:52:27.630+00:00 VCP run=1 step=0 angle=316055 target=315352 err=-703 steer=-351 m1=0/6661 i1=12 t1=28 m2=0/-10526 i2=-278 t2=27 steerMode=-1932/-32 iSteer=-132870 driveMode=8594/33 iDrive=145143 scale=0 wheel=25000
2026-07-07T14:52:27.642+00:00 CAN id=101 dlc=8 data=d8cf0400a8610000
2026-07-07T14:52:27.662+00:00 CAN id=101 dlc=8 data=d8cf0400a8610000
2026-07-07T14:52:27.682+00:00 CAN id=101 dlc=8 data=d8cf0400a8610000
2026-07-07T14:52:27.702+00:00 CAN id=101 dlc=8 data=d8cf0400a8610000
2026-07-07T14:52:27.722+00:00 CAN id=101 dlc=8 data=d8cf0400a8610000
2026-07-07T14:52:27.735+00:00 VCP run=1 step=0 angle=316055 target=315352 err=-703 steer=-351 m1=0/6661 i1=21 t1=28 m2=0/-10526 i2=-301 t2=27 steerMode=-1932/0 iSteer=-139833 driveMode=8594/0 iDrive=161278 scale=0 wheel=25000
2026-07-07T14:52:27.742+00:00 CAN id=101 dlc=8 data=d8cf0400a8610000
2026-07-07T14:52:27.762+00:00 CAN id=101 dlc=8 data=d8cf0400a8610000
2026-07-07T14:52:27.782+00:00 CAN id=101 dlc=8 data=d8cf0400a8610000
2026-07-07T14:52:27.802+00:00 CAN id=101 dlc=8 data=d8cf0400a8610000
2026-07-07T14:52:27.822+00:00 CAN id=101 dlc=8 data=d8cf0400a8610000
2026-07-07T14:52:27.837+00:00 VCP run=1 step=0 angle=316055 target=315352 err=-703 steer=-351 m1=0/6661 i1=32 t1=28 m2=0/-10526 i2=-323 t2=27 steerMode=-1932/0 iSteer=-145307 driveMode=8594/0 iDrive=177436 scale=0 wheel=25000
2026-07-07T14:52:27.837+00:00 VCP SET_TARGET_RX steer=315352 wheel=25000
2026-07-07T14:52:27.842+00:00 CAN id=101 dlc=8 data=d8cf0400a8610000
2026-07-07T14:52:27.862+00:00 CAN id=101 dlc=8 data=d8cf0400a8610000
2026-07-07T14:52:27.882+00:00 CAN id=101 dlc=8 data=d8cf0400a8610000
2026-07-07T14:52:27.902+00:00 CAN id=101 dlc=8 data=d8cf0400a8610000
2026-07-07T14:52:27.922+00:00 CAN id=101 dlc=8 data=d8cf0400a8610000
2026-07-07T14:52:27.942+00:00 CAN id=101 dlc=8 data=d8cf0400a8610000
2026-07-07T14:52:27.962+00:00 CAN id=101 dlc=8 data=d8cf0400a8610000
2026-07-07T14:52:27.982+00:00 CAN id=101 dlc=8 data=d8cf0400a8610000
2026-07-07T14:52:28.002+00:00 CAN id=101 dlc=8 data=d8cf0400a8610000
2026-07-07T14:52:28.022+00:00 CAN id=101 dlc=8 data=d8cf0400a8610000
2026-07-07T14:52:28.026+00:00 VCP run=1 step=0 angle=316055 target=315352 err=-703 steer=-351 m1=0/6661 i1=43 t1=28 m2=0/-10526 i2=-344 t2=27 steerMode=-1932/-2 iSteer=-150669 driveMode=8594/2 iDrive=193561 scale=0 wheel=25000
2026-07-07T14:52:28.026+00:00 VCP run=1 step=0 angle=316055 target=315352 err=-703 steer=-351 m1=0/6661 i1=54 t1=28 m2=0/-10526 i2=-366 t2=27 steerMode=-1932/0 iSteer=-156203 driveMode=8594/0 iDrive=209728 scale=0 wheel=25000
2026-07-07T14:52:28.042+00:00 CAN id=101 dlc=8 data=d8cf0400a8610000
2026-07-07T14:52:28.062+00:00 CAN id=101 dlc=8 data=d8cf0400a8610000
2026-07-07T14:52:28.082+00:00 CAN id=101 dlc=8 data=d8cf0400a8610000
2026-07-07T14:52:28.102+00:00 CAN id=101 dlc=8 data=d8cf0400a8610000
2026-07-07T14:52:28.122+00:00 CAN id=101 dlc=8 data=d8cf0400a8610000
2026-07-07T14:52:28.131+00:00 VCP run=1 step=0 angle=316055 target=315352 err=-703 steer=-351 m1=0/6661 i1=65 t1=28 m2=0/-10526 i2=-386 t2=27 steerMode=-1932/-27 iSteer=-160278 driveMode=8594/24 iDrive=225754 scale=0 wheel=25000
2026-07-07T14:52:28.142+00:00 CAN id=101 dlc=8 data=d8cf0400a8610000
2026-07-07T14:52:28.162+00:00 CAN id=101 dlc=8 data=d8cf0400a8610000
2026-07-07T14:52:28.182+00:00 CAN id=101 dlc=8 data=d8cf0400a8610000
2026-07-07T14:52:28.202+00:00 CAN id=101 dlc=8 data=d8cf0400a8610000
2026-07-07T14:52:28.222+00:00 CAN id=101 dlc=8 data=d8cf0400a8610000
2026-07-07T14:52:28.236+00:00 VCP run=1 step=0 angle=316055 target=315352 err=-703 steer=-351 m1=0/6661 i1=75 t1=28 m2=0/-10526 i2=-409 t2=27 steerMode=-1932/0 iSteer=-167006 driveMode=8594/0 iDrive=241849 scale=0 wheel=25000
2026-07-07T14:52:28.242+00:00 CAN id=101 dlc=8 data=d8cf0400a8610000
2026-07-07T14:52:28.262+00:00 CAN id=101 dlc=8 data=d8cf0400a8610000
2026-07-07T14:52:28.282+00:00 CAN id=101 dlc=8 data=d8cf0400a8610000
2026-07-07T14:52:28.302+00:00 CAN id=101 dlc=8 data=d8cf0400a8610000
2026-07-07T14:52:28.322+00:00 CAN id=101 dlc=8 data=d8cf0400a8610000
2026-07-07T14:52:28.339+00:00 VCP run=1 step=0 angle=316055 target=315352 err=-703 steer=-351 m1=0/6661 i1=86 t1=28 m2=0/-10526 i2=-430 t2=27 steerMode=-1932/-1 iSteer=-172400 driveMode=8594/1 iDrive=257988 scale=0 wheel=25000
2026-07-07T14:52:28.339+00:00 VCP SET_TARGET_RX steer=315352 wheel=25000
2026-07-07T14:52:28.342+00:00 CAN id=101 dlc=8 data=d8cf0400a8610000
2026-07-07T14:52:28.362+00:00 CAN id=101 dlc=8 data=d8cf0400a8610000
2026-07-07T14:52:28.382+00:00 CAN id=101 dlc=8 data=d8cf0400a8610000
2026-07-07T14:52:28.402+00:00 CAN id=101 dlc=8 data=d8cf0400a8610000
2026-07-07T14:52:28.422+00:00 CAN id=101 dlc=8 data=d8cf0400a8610000
2026-07-07T14:52:28.442+00:00 CAN id=101 dlc=8 data=d8cf0400a8610000
2026-07-07T14:52:28.462+00:00 CAN id=101 dlc=8 data=d8cf0400a8610000
2026-07-07T14:52:28.482+00:00 CAN id=101 dlc=8 data=d8cf0400a8610000
2026-07-07T14:52:28.502+00:00 CAN id=101 dlc=8 data=d8cf0400a8610000
2026-07-07T14:52:28.522+00:00 CAN id=101 dlc=8 data=d8cf0400a8610000
2026-07-07T14:52:28.527+00:00 VCP run=1 step=0 angle=316055 target=315352 err=-703 steer=-351 m1=0/6661 i1=97 t1=28 m2=-3/-10526 i2=-451 t2=27 steerMode=-1932/-28 iSteer=-176564 driveMode=8594/27 iDrive=274013 scale=0 wheel=25000
2026-07-07T14:52:28.527+00:00 VCP run=1 step=0 angle=316055 target=315352 err=-703 steer=-351 m1=0/6661 i1=107 t1=28 m2=0/-10526 i2=-473 t2=27 steerMode=-1932/-1 iSteer=-183269 driveMode=8594/1 iDrive=290102 scale=0 wheel=25000
2026-07-07T14:52:28.542+00:00 CAN id=101 dlc=8 data=d8cf0400a8610000
2026-07-07T14:52:28.562+00:00 CAN id=101 dlc=8 data=d8cf0400a8610000
2026-07-07T14:52:28.582+00:00 CAN id=101 dlc=8 data=d8cf0400a8610000
2026-07-07T14:52:28.602+00:00 CAN id=101 dlc=8 data=d8cf0400a8610000
2026-07-07T14:52:28.622+00:00 CAN id=101 dlc=8 data=d8cf0400a8610000
2026-07-07T14:52:28.632+00:00 VCP run=1 step=0 angle=316055 target=315352 err=-703 steer=-351 m1=0/6661 i1=117 t1=28 m2=0/-10526 i2=-495 t2=27 steerMode=-1932/0 iSteer=-188795 driveMode=8594/0 iDrive=306262 scale=0 wheel=25000
2026-07-07T14:52:28.642+00:00 CAN id=101 dlc=8 data=d8cf0400a8610000
2026-07-07T14:52:28.663+00:00 CAN id=101 dlc=8 data=d8cf0400a8610000
2026-07-07T14:52:28.682+00:00 CAN id=101 dlc=8 data=d8cf0400a8610000
2026-07-07T14:52:28.702+00:00 CAN id=101 dlc=8 data=d8cf0400a8610000
2026-07-07T14:52:28.722+00:00 CAN id=101 dlc=8 data=d8cf0400a8610000
2026-07-07T14:52:28.737+00:00 VCP run=1 step=0 angle=316055 target=315352 err=-703 steer=-351 m1=0/6661 i1=129 t1=28 m2=0/-10526 i2=-515 t2=27 steerMode=-1932/-29 iSteer=-192766 driveMode=8594/29 iDrive=322264 scale=0 wheel=25000
2026-07-07T14:52:28.742+00:00 CAN id=101 dlc=8 data=d8cf0400a8610000
2026-07-07T14:52:28.762+00:00 CAN id=101 dlc=8 data=d8cf0400a8610000
2026-07-07T14:52:28.782+00:00 CAN id=101 dlc=8 data=d8cf0400a8610000
2026-07-07T14:52:28.802+00:00 CAN id=101 dlc=8 data=d8cf0400a8610000
2026-07-07T14:52:28.822+00:00 CAN id=101 dlc=8 data=d8cf0400a8610000
2026-07-07T14:52:28.839+00:00 VCP run=1 step=0 angle=316055 target=315352 err=-703 steer=-351 m1=0/6661 i1=139 t1=28 m2=0/-10526 i2=-538 t2=27 steerMode=-1932/0 iSteer=-199624 driveMode=8594/0 iDrive=338385 scale=0 wheel=25000
2026-07-07T14:52:28.839+00:00 VCP SET_TARGET_RX steer=315352 wheel=25000
2026-07-07T14:52:28.842+00:00 CAN id=101 dlc=8 data=d8cf0400a8610000
2026-07-07T14:52:28.862+00:00 CAN id=101 dlc=8 data=d8cf0400a8610000
2026-07-07T14:52:28.882+00:00 CAN id=101 dlc=8 data=d8cf0400a8610000
2026-07-07T14:52:28.902+00:00 CAN id=101 dlc=8 data=d8cf0400a8610000
2026-07-07T14:52:28.922+00:00 CAN id=101 dlc=8 data=d8cf0400a8610000
2026-07-07T14:52:28.942+00:00 CAN id=101 dlc=8 data=d8cf0400a8610000
2026-07-07T14:52:28.962+00:00 CAN id=101 dlc=8 data=d8cf0400a8610000
2026-07-07T14:52:28.982+00:00 CAN id=101 dlc=8 data=d8cf0400a8610000
2026-07-07T14:52:29.002+00:00 CAN id=101 dlc=8 data=d8cf0400a8610000
2026-07-07T14:52:29.022+00:00 CAN id=101 dlc=8 data=d8cf0400a8610000
2026-07-07T14:52:29.027+00:00 VCP run=1 step=0 angle=316055 target=315352 err=-703 steer=-351 m1=0/6661 i1=149 t1=28 m2=0/-10526 i2=-560 t2=27 steerMode=-1932/0 iSteer=-205103 driveMode=8594/0 iDrive=354543 scale=0 wheel=25000
2026-07-07T14:52:29.027+00:00 VCP run=1 step=0 angle=316055 target=315352 err=-703 steer=-351 m1=0/6661 i1=161 t1=28 m2=0/-10526 i2=-581 t2=27 steerMode=-1932/-9 iSteer=-210032 driveMode=8594/-6 iDrive=370542 scale=0 wheel=25000
2026-07-07T14:52:29.042+00:00 CAN id=101 dlc=8 data=d8cf0400a8610000
2026-07-07T14:52:29.062+00:00 CAN id=101 dlc=8 data=d8cf0400a8610000
2026-07-07T14:52:29.082+00:00 CAN id=101 dlc=8 data=d8cf0400a8610000
2026-07-07T14:52:29.102+00:00 CAN id=101 dlc=8 data=d8cf0400a8610000
2026-07-07T14:52:29.122+00:00 CAN id=101 dlc=8 data=d8cf0400a8610000
2026-07-07T14:52:29.132+00:00 VCP run=1 step=0 angle=316055 target=315352 err=-703 steer=-351 m1=0/6661 i1=171 t1=28 m2=0/-10526 i2=-602 t2=27 steerMode=-1932/0 iSteer=-215863 driveMode=8594/0 iDrive=386497 scale=0 wheel=25000
2026-07-07T14:52:29.142+00:00 CAN id=101 dlc=8 data=d8cf0400a8610000
2026-07-07T14:52:29.162+00:00 CAN id=101 dlc=8 data=d8cf0400a8610000
2026-07-07T14:52:29.182+00:00 CAN id=101 dlc=8 data=d8cf0400a8610000
2026-07-07T14:52:29.202+00:00 CAN id=101 dlc=8 data=d8cf0400a8610000
2026-07-07T14:52:29.222+00:00 CAN id=101 dlc=8 data=d8cf0400a8610000
2026-07-07T14:52:29.238+00:00 VCP run=1 step=0 angle=316055 target=315352 err=-703 steer=-351 m1=2/6661 i1=181 t1=28 m2=0/-10526 i2=-624 t2=27 steerMode=-1932/5 iSteer=-221533 driveMode=8594/18 iDrive=402545 scale=0 wheel=25000
2026-07-07T14:52:29.242+00:00 CAN id=101 dlc=8 data=d8cf0400a8610000
2026-07-07T14:52:29.262+00:00 CAN id=101 dlc=8 data=d8cf0400a8610000
2026-07-07T14:52:29.282+00:00 CAN id=101 dlc=8 data=d8cf0400a8610000
2026-07-07T14:52:29.302+00:00 CAN id=101 dlc=8 data=d8cf0400a8610000
2026-07-07T14:52:29.322+00:00 CAN id=101 dlc=8 data=d8cf0400a8610000
2026-07-07T14:52:29.340+00:00 VCP run=1 step=0 angle=316055 target=315352 err=-703 steer=-351 m1=0/6661 i1=192 t1=28 m2=0/-10526 i2=-646 t2=27 steerMode=-1932/0 iSteer=-226818 driveMode=8594/1 iDrive=418770 scale=0 wheel=25000
2026-07-07T14:52:29.340+00:00 VCP SET_TARGET_RX steer=315352 wheel=25000
2026-07-07T14:52:29.342+00:00 CAN id=101 dlc=8 data=d8cf0400a8610000
2026-07-07T14:52:29.362+00:00 CAN id=101 dlc=8 data=d8cf0400a8610000
2026-07-07T14:52:29.382+00:00 CAN id=101 dlc=8 data=d8cf0400a8610000
2026-07-07T14:52:29.402+00:00 CAN id=101 dlc=8 data=d8cf0400a8610000
2026-07-07T14:52:29.422+00:00 CAN id=101 dlc=8 data=d8cf0400a8610000
2026-07-07T14:52:29.442+00:00 CAN id=101 dlc=8 data=d8cf0400a8610000
2026-07-07T14:52:29.462+00:00 CAN id=101 dlc=8 data=d8cf0400a8610000
2026-07-07T14:52:29.482+00:00 CAN id=101 dlc=8 data=d8cf0400a8610000
2026-07-07T14:52:29.502+00:00 CAN id=101 dlc=8 data=d8cf0400a8610000
2026-07-07T14:52:29.522+00:00 CAN id=101 dlc=8 data=d8cf0400a8610000
2026-07-07T14:52:29.528+00:00 VCP run=1 step=0 angle=316055 target=315352 err=-703 steer=-351 m1=0/6661 i1=203 t1=28 m2=0/-10526 i2=-667 t2=27 steerMode=-1932/0 iSteer=-232284 driveMode=8594/0 iDrive=434929 scale=0 wheel=25000
2026-07-07T14:52:29.528+00:00 VCP run=1 step=0 angle=316055 target=315352 err=-703 steer=-351 m1=0/6661 i1=213 t1=28 m2=0/-10526 i2=-688 t2=27 steerMode=-1932/-2 iSteer=-237547 driveMode=8594/2 iDrive=450884 scale=0 wheel=25000
2026-07-07T14:52:29.542+00:00 CAN id=101 dlc=8 data=d8cf0400a8610000
2026-07-07T14:52:29.562+00:00 CAN id=101 dlc=8 data=d8cf0400a8610000
2026-07-07T14:52:29.582+00:00 CAN id=101 dlc=8 data=d8cf0400a8610000
2026-07-07T14:52:29.602+00:00 CAN id=101 dlc=8 data=d8cf0400a8610000
2026-07-07T14:52:29.622+00:00 CAN id=101 dlc=8 data=d8cf0400a8610000
2026-07-07T14:52:29.633+00:00 VCP run=1 step=0 angle=316055 target=315352 err=-703 steer=-351 m1=0/6661 i1=224 t1=28 m2=0/-10526 i2=-710 t2=27 steerMode=-1932/-6 iSteer=-242809 driveMode=8594/-6 iDrive=467090 scale=0 wheel=25000
2026-07-07T14:52:29.642+00:00 CAN id=101 dlc=8 data=d8cf0400a8610000
2026-07-07T14:52:29.662+00:00 CAN id=101 dlc=8 data=d8cf0400a8610000
2026-07-07T14:52:29.682+00:00 CAN id=101 dlc=8 data=d8cf0400a8610000
2026-07-07T14:52:29.702+00:00 CAN id=101 dlc=8 data=d8cf0400a8610000
2026-07-07T14:52:29.722+00:00 CAN id=101 dlc=8 data=d8cf0400a8610000
2026-07-07T14:52:29.738+00:00 VCP run=1 step=0 angle=316055 target=315352 err=-703 steer=-351 m1=0/6661 i1=235 t1=28 m2=0/-10526 i2=-732 t2=27 steerMode=-1932/0 iSteer=-248493 driveMode=8594/0 iDrive=483047 scale=0 wheel=25000
2026-07-07T14:52:29.742+00:00 CAN id=101 dlc=8 data=d8cf0400a8610000
2026-07-07T14:52:29.762+00:00 CAN id=101 dlc=8 data=d8cf0400a8610000
2026-07-07T14:52:29.782+00:00 CAN id=101 dlc=8 data=d8cf0400a8610000
2026-07-07T14:52:29.802+00:00 CAN id=101 dlc=8 data=d8cf0400a8610000
2026-07-07T14:52:29.822+00:00 CAN id=101 dlc=8 data=d8cf0400a8610000
2026-07-07T14:52:29.841+00:00 VCP run=1 step=0 angle=316055 target=315352 err=-703 steer=-351 m1=0/6661 i1=245 t1=28 m2=0/-10526 i2=-753 t2=27 steerMode=-1932/0 iSteer=-253946 driveMode=8594/0 iDrive=499203 scale=0 wheel=25000
2026-07-07T14:52:29.841+00:00 VCP SET_TARGET_RX steer=315352 wheel=25000
2026-07-07T14:52:29.842+00:00 CAN id=101 dlc=8 data=d8cf0400a8610000
2026-07-07T14:52:29.862+00:00 CAN id=101 dlc=8 data=d8cf0400a8610000
2026-07-07T14:52:29.882+00:00 CAN id=101 dlc=8 data=d8cf0400a8610000
2026-07-07T14:52:29.902+00:00 CAN id=101 dlc=8 data=d8cf0400a8610000
2026-07-07T14:52:29.922+00:00 CAN id=101 dlc=8 data=d8cf0400a8610000
2026-07-07T14:52:29.942+00:00 CAN id=101 dlc=8 data=d8cf0400a8610000
2026-07-07T14:52:29.962+00:00 CAN id=101 dlc=8 data=d8cf0400a8610000
2026-07-07T14:52:29.982+00:00 CAN id=101 dlc=8 data=d8cf0400a8610000
2026-07-07T14:52:30.002+00:00 CAN id=101 dlc=8 data=d8cf0400a8610000
2026-07-07T14:52:30.022+00:00 CAN id=101 dlc=8 data=d8cf0400a8610000
2026-07-07T14:52:30.029+00:00 VCP run=1 step=0 angle=316055 target=315352 err=-703 steer=-351 m1=0/6661 i1=256 t1=28 m2=0/-10526 i2=-775 t2=27 steerMode=-1932/0 iSteer=-259402 driveMode=8594/0 iDrive=515360 scale=0 wheel=25000
2026-07-07T14:52:30.029+00:00 VCP run=1 step=0 angle=316055 target=315352 err=-703 steer=-351 m1=0/6661 i1=267 t1=28 m2=0/-10526 i2=-796 t2=27 steerMode=-1932/-1 iSteer=-264743 driveMode=8594/2 iDrive=531307 scale=0 wheel=25000
2026-07-07T14:52:30.042+00:00 CAN id=101 dlc=8 data=d8cf0400a8610000
2026-07-07T14:52:30.062+00:00 CAN id=101 dlc=8 data=d8cf0400a8610000
2026-07-07T14:52:30.082+00:00 CAN id=101 dlc=8 data=d8cf0400a8610000
2026-07-07T14:52:30.102+00:00 CAN id=101 dlc=8 data=d8cf0400a8610000
2026-07-07T14:52:30.122+00:00 CAN id=101 dlc=8 data=d8cf0400a8610000
2026-07-07T14:52:30.134+00:00 VCP run=1 step=0 angle=316055 target=315352 err=-703 steer=-351 m1=0/6661 i1=277 t1=28 m2=0/-10526 i2=-818 t2=27 steerMode=-1932/0 iSteer=-270240 driveMode=8594/0 iDrive=547471 scale=0 wheel=25000
2026-07-07T14:52:30.142+00:00 CAN id=101 dlc=8 data=d8cf0400a8610000
2026-07-07T14:52:30.162+00:00 CAN id=101 dlc=8 data=d8cf0400a8610000
2026-07-07T14:52:30.182+00:00 CAN id=101 dlc=8 data=d8cf0400a8610000
2026-07-07T14:52:30.202+00:00 CAN id=101 dlc=8 data=d8cf0400a8610000
2026-07-07T14:52:30.222+00:00 CAN id=101 dlc=8 data=d8cf0400a8610000
2026-07-07T14:52:30.239+00:00 VCP run=1 step=0 angle=316055 target=315352 err=-703 steer=-351 m1=0/6661 i1=288 t1=28 m2=0/-10526 i2=-839 t2=27 steerMode=-1932/-1 iSteer=-275604 driveMode=8594/1 iDrive=563604 scale=0 wheel=25000
2026-07-07T14:52:30.242+00:00 CAN id=101 dlc=8 data=d8cf0400a8610000
2026-07-07T14:52:30.262+00:00 CAN id=101 dlc=8 data=d8cf0400a8610000
2026-07-07T14:52:30.282+00:00 CAN id=101 dlc=8 data=d8cf0400a8610000
2026-07-07T14:52:30.302+00:00 CAN id=101 dlc=8 data=d8cf0400a8610000
2026-07-07T14:52:30.322+00:00 CAN id=101 dlc=8 data=d8cf0400a8610000
2026-07-07T14:52:30.342+00:00 VCP run=1 step=0 angle=316055 target=315352 err=-703 steer=-351 m1=-3/6661 i1=299 t1=28 m2=0/-10526 i2=-861 t2=27 steerMode=-1932/-5 iSteer=-280866 driveMode=8594/-5 iDrive=579789 scale=0 wheel=25000
2026-07-07T14:52:30.342+00:00 CAN id=101 dlc=8 data=d8cf0400a8610000
2026-07-07T14:52:30.342+00:00 VCP SET_TARGET_RX steer=315352 wheel=25000
2026-07-07T14:52:30.362+00:00 CAN id=101 dlc=8 data=d8cf0400a8610000
2026-07-07T14:52:30.382+00:00 CAN id=101 dlc=8 data=d8cf0400a8610000
2026-07-07T14:52:30.402+00:00 CAN id=101 dlc=8 data=d8cf0400a8610000
2026-07-07T14:52:30.422+00:00 CAN id=101 dlc=8 data=d8cf0400a8610000
2026-07-07T14:52:30.442+00:00 CAN id=101 dlc=8 data=d8cf0400a8610000
2026-07-07T14:52:30.462+00:00 CAN id=101 dlc=8 data=d8cf0400a8610000
2026-07-07T14:52:30.482+00:00 CAN id=101 dlc=8 data=d8cf0400a8610000
2026-07-07T14:52:30.502+00:00 CAN id=101 dlc=8 data=d8cf0400a8610000
2026-07-07T14:52:30.522+00:00 CAN id=101 dlc=8 data=d8cf0400a8610000
2026-07-07T14:52:30.529+00:00 VCP run=1 step=0 angle=316055 target=315352 err=-703 steer=-351 m1=0/6661 i1=309 t1=28 m2=0/-10526 i2=-882 t2=27 steerMode=-1932/-1 iSteer=-286415 driveMode=8594/0 iDrive=595749 scale=0 wheel=25000
2026-07-07T14:52:30.529+00:00 VCP run=1 step=0 angle=316055 target=315352 err=-703 steer=-351 m1=0/6661 i1=320 t1=28 m2=0/-10526 i2=-903 t2=27 steerMode=-1932/-12 iSteer=-291293 driveMode=8594/12 iDrive=611676 scale=0 wheel=25000
2026-07-07T14:52:30.542+00:00 CAN id=101 dlc=8 data=d8cf0400a8610000
2026-07-07T14:52:30.562+00:00 CAN id=101 dlc=8 data=d8cf0400a8610000
2026-07-07T14:52:30.582+00:00 CAN id=101 dlc=8 data=d8cf0400a8610000
2026-07-07T14:52:30.602+00:00 CAN id=101 dlc=8 data=d8cf0400a8610000
2026-07-07T14:52:30.622+00:00 CAN id=101 dlc=8 data=d8cf0400a8610000
2026-07-07T14:52:30.634+00:00 VCP run=1 step=0 angle=316055 target=315352 err=-703 steer=-351 m1=0/6661 i1=330 t1=28 m2=0/-10526 i2=-925 t2=27 steerMode=-1932/0 iSteer=-297276 driveMode=8594/0 iDrive=627713 scale=0 wheel=25000
2026-07-07T14:52:30.642+00:00 CAN id=101 dlc=8 data=d8cf0400a8610000
2026-07-07T14:52:30.662+00:00 CAN id=101 dlc=8 data=d8cf0400a8610000
2026-07-07T14:52:30.682+00:00 CAN id=101 dlc=8 data=d8cf0400a8610000
2026-07-07T14:52:30.702+00:00 CAN id=101 dlc=8 data=d8cf0400a8610000
2026-07-07T14:52:30.722+00:00 CAN id=101 dlc=8 data=d8cf0400a8610000
2026-07-07T14:52:30.740+00:00 VCP run=1 step=0 angle=316055 target=315352 err=-703 steer=-351 m1=0/6661 i1=341 t1=28 m2=0/-10526 i2=-947 t2=27 steerMode=-1932/1 iSteer=-302773 driveMode=8594/1 iDrive=643865 scale=0 wheel=25000
2026-07-07T14:52:30.742+00:00 CAN id=101 dlc=8 data=d8cf0400a8610000
2026-07-07T14:52:30.762+00:00 CAN id=101 dlc=8 data=d8cf0400a8610000
2026-07-07T14:52:30.782+00:00 CAN id=101 dlc=8 data=d8cf0400a8610000
2026-07-07T14:52:30.802+00:00 CAN id=101 dlc=8 data=d8cf0400a8610000
2026-07-07T14:52:30.822+00:00 CAN id=101 dlc=8 data=d8cf0400a8610000
2026-07-07T14:52:30.842+00:00 CAN id=101 dlc=8 data=d8cf0400a8610000
2026-07-07T14:52:30.843+00:00 VCP run=1 step=0 angle=316055 target=315352 err=-703 steer=-351 m1=0/6661 i1=352 t1=28 m2=0/-10526 i2=-968 t2=27 steerMode=-1932/-2 iSteer=-308058 driveMode=8594/2 iDrive=659992 scale=0 wheel=25000
2026-07-07T14:52:30.843+00:00 VCP SET_TARGET_RX steer=315352 wheel=25000
2026-07-07T14:52:30.862+00:00 CAN id=101 dlc=8 data=d8cf0400a8610000
2026-07-07T14:52:30.882+00:00 CAN id=101 dlc=8 data=d8cf0400a8610000
2026-07-07T14:52:30.902+00:00 CAN id=101 dlc=8 data=d8cf0400a8610000
2026-07-07T14:52:30.922+00:00 CAN id=101 dlc=8 data=d8cf0400a8610000
2026-07-07T14:52:30.942+00:00 CAN id=101 dlc=8 data=d8cf0400a8610000
2026-07-07T14:52:30.962+00:00 CAN id=101 dlc=8 data=d8cf0400a8610000
2026-07-07T14:52:30.982+00:00 CAN id=101 dlc=8 data=d8cf0400a8610000
2026-07-07T14:52:31.002+00:00 CAN id=101 dlc=8 data=d8cf0400a8610000
2026-07-07T14:52:31.022+00:00 CAN id=101 dlc=8 data=d8cf0400a8610000
2026-07-07T14:52:31.029+00:00 VCP run=1 step=0 angle=316055 target=315352 err=-703 steer=-351 m1=0/6661 i1=367 t1=28 m2=-9/-10526 i2=-984 t2=27 steerMode=-1932/-107 iSteer=-308284 driveMode=8594/107 iDrive=675756 scale=0 wheel=25000
2026-07-07T14:52:31.029+00:00 VCP run=1 step=0 angle=313945 target=315352 err=1407 steer=703 m1=315/12462 i1=1142 t1=28 m2=-486/-4725 i2=-370 t2=27 steerMode=3868/-7927 iSteer=386110 driveMode=8594/14973 iDrive=756134 scale=0 wheel=25000
2026-07-07T14:52:31.042+00:00 CAN id=101 dlc=8 data=d8cf0400a8610000
2026-07-07T14:52:31.062+00:00 CAN id=101 dlc=8 data=d8cf0400a8610000
2026-07-07T14:52:31.082+00:00 CAN id=101 dlc=8 data=d8cf0400a8610000
2026-07-07T14:52:31.102+00:00 CAN id=101 dlc=8 data=d8cf0400a8610000
2026-07-07T14:52:31.122+00:00 CAN id=101 dlc=8 data=d8cf0400a8610000
2026-07-07T14:52:31.134+00:00 VCP run=1 step=0 angle=314121 target=315352 err=1231 steer=615 m1=973/11979 i1=395 t1=28 m2=-932/-5209 i2=-748 t2=27 steerMode=3385/3123 iSteer=-176621 driveMode=8594/43851 iDrive=571462 scale=0 wheel=25000
2026-07-07T14:52:31.142+00:00 CAN id=101 dlc=8 data=d8cf0400a8610000
2026-07-07T14:52:31.162+00:00 CAN id=101 dlc=8 data=d8cf0400a8610000
2026-07-07T14:52:31.182+00:00 CAN id=101 dlc=8 data=d8cf0400a8610000
2026-07-07T14:52:31.202+00:00 CAN id=101 dlc=8 data=d8cf0400a8610000
2026-07-07T14:52:31.222+00:00 CAN id=101 dlc=8 data=d8cf0400a8610000
2026-07-07T14:52:31.238+00:00 VCP run=1 step=0 angle=314121 target=315352 err=1231 steer=615 m1=1230/11979 i1=393 t1=28 m2=-1212/-5209 i2=-392 t2=27 steerMode=3385/-249 iSteer=240 driveMode=8594/62567 iDrive=392564 scale=0 wheel=25000
2026-07-07T14:52:31.242+00:00 CAN id=101 dlc=8 data=d8cf0400a8610000
2026-07-07T14:52:31.262+00:00 CAN id=101 dlc=8 data=d8cf0400a8610000
2026-07-07T14:52:31.282+00:00 CAN id=101 dlc=8 data=d8cf0400a8610000
2026-07-07T14:52:31.302+00:00 CAN id=101 dlc=8 data=d8cf0400a8610000
2026-07-07T14:52:31.322+00:00 CAN id=101 dlc=8 data=d8cf0400a8610000
2026-07-07T14:52:31.340+00:00 VCP run=1 step=0 angle=314561 target=315352 err=791 steer=396 m1=1341/10770 i1=160 t1=28 m2=-1348/-6417 i2=-338 t2=27 steerMode=2177/439 iSteer=-88701 driveMode=8594/69633 iDrive=248881 scale=0 wheel=25000
2026-07-07T14:52:31.340+00:00 VCP SET_TARGET_RX steer=315352 wheel=25000
2026-07-07T14:52:31.342+00:00 CAN id=101 dlc=8 data=d8cf0400a8610000
2026-07-07T14:52:31.362+00:00 CAN id=101 dlc=8 data=d8cf0400a8610000
2026-07-07T14:52:31.382+00:00 CAN id=101 dlc=8 data=d8cf0400a8610000
2026-07-07T14:52:31.402+00:00 CAN id=101 dlc=8 data=d8cf0400a8610000
2026-07-07T14:52:31.422+00:00 CAN id=101 dlc=8 data=d8cf0400a8610000
2026-07-07T14:52:31.442+00:00 CAN id=101 dlc=8 data=d8cf0400a8610000
2026-07-07T14:52:31.462+00:00 CAN id=101 dlc=8 data=d8cf0400a8610000
2026-07-07T14:52:31.482+00:00 CAN id=101 dlc=8 data=d8cf0400a8610000
2026-07-07T14:52:31.502+00:00 CAN id=101 dlc=8 data=d8cf0400a8610000
2026-07-07T14:52:31.522+00:00 CAN id=101 dlc=8 data=d8cf0400a8610000
2026-07-07T14:52:31.527+00:00 VCP run=1 step=0 angle=314209 target=315352 err=1143 steer=572 m1=1316/11737 i1=149 t1=28 m2=-1331/-5450 i2=-105 t2=27 steerMode=3143/-634 iSteer=22194 driveMode=8594/70844 iDrive=127005 scale=0 wheel=25000
2026-07-07T14:52:31.527+00:00 VCP run=1 step=0 angle=314297 target=315352 err=1055 steer=528 m1=1247/11495 i1=0 t1=28 m2=-1231/-5692 i2=-74 t2=27 steerMode=2902/468 iSteer=-37049 driveMode=8594/66508 iDrive=37283 scale=0 wheel=25000
2026-07-07T14:52:31.542+00:00 CAN id=101 dlc=8 data=d8cf0400a8610000
2026-07-07T14:52:31.562+00:00 CAN id=101 dlc=8 data=d8cf0400a8610000
2026-07-07T14:52:31.582+00:00 CAN id=101 dlc=8 data=d8cf0400a8610000
2026-07-07T14:52:31.602+00:00 CAN id=101 dlc=8 data=d8cf0400a8610000
2026-07-07T14:52:31.622+00:00 CAN id=101 dlc=8 data=d8cf0400a8610000
2026-07-07T14:52:31.631+00:00 VCP run=1 step=0 angle=314473 target=315352 err=879 steer=440 m1=1023/11012 i1=-43 t1=28 m2=-1030/-6175 i2=-19 t2=27 steerMode=2418/7 iSteer=-31212 driveMode=8594/56577 iDrive=-11971 scale=0 wheel=25000
2026-07-07T14:52:31.642+00:00 CAN id=101 dlc=8 data=d8cf0400a8610000
2026-07-07T14:52:31.662+00:00 CAN id=101 dlc=8 data=d8cf0400a8610000
2026-07-07T14:52:31.682+00:00 CAN id=101 dlc=8 data=d8cf0400a8610000
2026-07-07T14:52:31.702+00:00 CAN id=101 dlc=8 data=d8cf0400a8610000
2026-07-07T14:52:31.722+00:00 CAN id=101 dlc=8 data=d8cf0400a8610000
2026-07-07T14:52:31.736+00:00 VCP run=1 step=0 angle=314561 target=315352 err=791 steer=396 m1=795/10770 i1=-67 t1=28 m2=-815/-6417 i2=-13 t2=27 steerMode=2177/78 iSteer=-40304 driveMode=8594/44136 iDrive=-27099 scale=0 wheel=25000
2026-07-07T14:52:31.742+00:00 CAN id=101 dlc=8 data=d8cf0400a8610000
2026-07-07T14:52:31.762+00:00 CAN id=101 dlc=8 data=d8cf0400a8610000
2026-07-07T14:52:31.782+00:00 CAN id=101 dlc=8 data=d8cf0400a8610000
2026-07-07T14:52:31.802+00:00 CAN id=101 dlc=8 data=d8cf0400a8610000
2026-07-07T14:52:31.822+00:00 CAN id=101 dlc=8 data=d8cf0400a8610000
2026-07-07T14:52:31.838+00:00 VCP run=1 step=0 angle=314561 target=315352 err=791 steer=396 m1=567/10770 i1=-77 t1=28 m2=-547/-6417 i2=-54 t2=27 steerMode=2177/681 iSteer=-65525 driveMode=8594/30457 iDrive=-11560 scale=0 wheel=25000
2026-07-07T14:52:31.838+00:00 VCP SET_TARGET_RX steer=315352 wheel=25000
2026-07-07T14:52:31.842+00:00 CAN id=101 dlc=8 data=d8cf0400a8610000
2026-07-07T14:52:31.862+00:00 CAN id=101 dlc=8 data=d8cf0400a8610000
2026-07-07T14:52:31.882+00:00 CAN id=101 dlc=8 data=d8cf0400a8610000
2026-07-07T14:52:31.902+00:00 CAN id=101 dlc=8 data=d8cf0400a8610000
2026-07-07T14:52:31.922+00:00 CAN id=101 dlc=8 data=d8cf0400a8610000
2026-07-07T14:52:31.942+00:00 CAN id=101 dlc=8 data=d8cf0400a8610000
2026-07-07T14:52:31.962+00:00 CAN id=101 dlc=8 data=d8cf0400a8610000
2026-07-07T14:52:31.982+00:00 CAN id=101 dlc=8 data=d8cf0400a8610000
2026-07-07T14:52:32.002+00:00 CAN id=101 dlc=8 data=d8cf0400a8610000
2026-07-07T14:52:32.022+00:00 CAN id=101 dlc=8 data=d8cf0400a8610000
2026-07-07T14:52:32.025+00:00 VCP run=1 step=0 angle=314736 target=315352 err=616 steer=308 m1=290/10287 i1=-44 t1=28 m2=-283/-6901 i2=-104 t2=27 steerMode=1693/429 iSteer=-74154 driveMode=8594/16712 iDrive=29930 scale=0 wheel=25000
2026-07-07T14:52:32.025+00:00 VCP run=1 step=0 angle=314824 target=315352 err=528 steer=264 m1=69/10045 i1=-1 t1=28 m2=-53/-7142 i2=-161 t2=27 steerMode=1451/402 iSteer=-80818 driveMode=8594/5698 iDrive=80014 scale=0 wheel=25000
2026-07-07T14:52:32.042+00:00 CAN id=101 dlc=8 data=d8cf0400a8610000
2026-07-07T14:52:32.062+00:00 CAN id=101 dlc=8 data=d8cf0400a8610000
2026-07-07T14:52:32.082+00:00 CAN id=101 dlc=8 data=d8cf0400a8610000
2026-07-07T14:52:32.102+00:00 CAN id=101 dlc=8 data=d8cf0400a8610000
2026-07-07T14:52:32.122+00:00 CAN id=101 dlc=8 data=d8cf0400a8610000
2026-07-07T14:52:32.131+00:00 VCP run=1 step=0 angle=314824 target=315352 err=528 steer=264 m1=8/10045 i1=-82 t1=28 m2=12/-7142 i2=-26 t2=27 steerMode=1451/-52 iSteer=-53829 driveMode=8594/97 iDrive=-28225 scale=0 wheel=25000
2026-07-07T14:52:32.142+00:00 CAN id=101 dlc=8 data=d8cf0400a8610000
2026-07-07T14:52:32.162+00:00 CAN id=101 dlc=8 data=d8cf0400a8610000
2026-07-07T14:52:32.182+00:00 CAN id=101 dlc=8 data=d8cf0400a8610000
2026-07-07T14:52:32.202+00:00 CAN id=101 dlc=8 data=d8cf0400a8610000
2026-07-07T14:52:32.222+00:00 CAN id=101 dlc=8 data=d8cf0400a8610000
2026-07-07T14:52:32.236+00:00 VCP run=1 step=0 angle=314824 target=315352 err=528 steer=264 m1=0/10045 i1=-64 t1=28 m2=0/-7142 i2=-41 t2=27 steerMode=1451/-3 iSteer=-52236 driveMode=8594/3 iDrive=-11606 scale=0 wheel=25000
2026-07-07T14:52:32.242+00:00 CAN id=101 dlc=8 data=d8cf0400a8610000
2026-07-07T14:52:32.262+00:00 CAN id=101 dlc=8 data=d8cf0400a8610000
2026-07-07T14:52:32.282+00:00 CAN id=101 dlc=8 data=d8cf0400a8610000
2026-07-07T14:52:32.302+00:00 CAN id=101 dlc=8 data=d8cf0400a8610000
2026-07-07T14:52:32.322+00:00 CAN id=101 dlc=8 data=d8cf0400a8610000
2026-07-07T14:52:32.340+00:00 VCP run=1 step=0 angle=314824 target=315352 err=528 steer=264 m1=0/10045 i1=-44 t1=28 m2=0/-7142 i2=-53 t2=27 steerMode=1451/0 iSteer=-48283 driveMode=8594/0 iDrive=4564 scale=0 wheel=25000
2026-07-07T14:52:32.340+00:00 VCP SET_TARGET_RX steer=315352 wheel=25000
2026-07-07T14:52:32.342+00:00 CAN id=101 dlc=8 data=d8cf0400a8610000
2026-07-07T14:52:32.362+00:00 CAN id=101 dlc=8 data=d8cf0400a8610000
2026-07-07T14:52:32.382+00:00 CAN id=101 dlc=8 data=d8cf0400a8610000
2026-07-07T14:52:32.402+00:00 CAN id=101 dlc=8 data=d8cf0400a8610000
2026-07-07T14:52:32.422+00:00 CAN id=101 dlc=8 data=d8cf0400a8610000
2026-07-07T14:52:32.442+00:00 CAN id=101 dlc=8 data=d8cf0400a8610000
2026-07-07T14:52:32.462+00:00 CAN id=101 dlc=8 data=d8cf0400a8610000
2026-07-07T14:52:32.482+00:00 CAN id=101 dlc=8 data=d8cf0400a8610000
2026-07-07T14:52:32.502+00:00 CAN id=101 dlc=8 data=d8cf0400a8610000
2026-07-07T14:52:32.522+00:00 CAN id=101 dlc=8 data=d8cf0400a8610000
2026-07-07T14:52:32.528+00:00 VCP run=1 step=0 angle=314824 target=315352 err=528 steer=264 m1=0/10045 i1=-24 t1=28 m2=0/-7142 i2=-65 t2=27 steerMode=1451/3 iSteer=-44360 driveMode=8594/3 iDrive=20703 scale=0 wheel=25000
2026-07-07T14:52:32.528+00:00 VCP run=1 step=0 angle=314824 target=315352 err=528 steer=264 m1=0/10045 i1=-3 t1=28 m2=0/-7142 i2=-76 t2=27 steerMode=1451/-9 iSteer=-39696 driveMode=8594/7 iDrive=36662 scale=0 wheel=25000
2026-07-07T14:52:32.542+00:00 CAN id=101 dlc=8 data=d8cf0400a8610000
2026-07-07T14:52:32.562+00:00 CAN id=101 dlc=8 data=d8cf0400a8610000
2026-07-07T14:52:32.582+00:00 CAN id=101 dlc=8 data=d8cf0400a8610000
2026-07-07T14:52:32.602+00:00 CAN id=101 dlc=8 data=d8cf0400a8610000
2026-07-07T14:52:32.622+00:00 CAN id=101 dlc=8 data=d8cf0400a8610000
2026-07-07T14:52:32.634+00:00 VCP run=1 step=0 angle=314824 target=315352 err=528 steer=264 m1=0/10045 i1=17 t1=28 m2=0/-7142 i2=-89 t2=27 steerMode=1451/0 iSteer=-36012 driveMode=8594/0 iDrive=52844 scale=0 wheel=25000
2026-07-07T14:52:32.642+00:00 CAN id=101 dlc=8 data=d8cf0400a8610000
2026-07-07T14:52:32.662+00:00 CAN id=101 dlc=8 data=d8cf0400a8610000
2026-07-07T14:52:32.682+00:00 CAN id=101 dlc=8 data=d8cf0400a8610000
2026-07-07T14:52:32.702+00:00 CAN id=101 dlc=8 data=d8cf0400a8610000
2026-07-07T14:52:32.722+00:00 CAN id=101 dlc=8 data=d8cf0400a8610000
2026-07-07T14:52:32.740+00:00 VCP run=1 step=0 angle=314824 target=315352 err=528 steer=264 m1=0/10045 i1=37 t1=28 m2=0/-7142 i2=-101 t2=27 steerMode=1451/-1 iSteer=-31891 driveMode=8594/-1 iDrive=69012 scale=0 wheel=25000
2026-07-07T14:52:32.742+00:00 CAN id=101 dlc=8 data=d8cf0400a8610000
2026-07-07T14:52:32.762+00:00 CAN id=101 dlc=8 data=d8cf0400a8610000
2026-07-07T14:52:32.782+00:00 CAN id=101 dlc=8 data=d8cf0400a8610000
2026-07-07T14:52:32.802+00:00 CAN id=101 dlc=8 data=d8cf0400a8610000
2026-07-07T14:52:32.822+00:00 CAN id=101 dlc=8 data=d8cf0400a8610000
2026-07-07T14:52:32.842+00:00 CAN id=101 dlc=8 data=d8cf0400a8610000
2026-07-07T14:52:32.862+00:00 CAN id=101 dlc=8 data=d8cf0400a8610000
2026-07-07T14:52:32.882+00:00 CAN id=101 dlc=8 data=d8cf0400a8610000
2026-07-07T14:52:32.902+00:00 CAN id=101 dlc=8 data=d8cf0400a8610000
2026-07-07T14:52:32.922+00:00 CAN id=101 dlc=8 data=d8cf0400a8610000
2026-07-07T14:52:32.926+00:00 VCP run=1 step=0 angle=314824 target=315352 err=528 steer=264 m1=0/10045 i1=57 t1=28 m2=0/-7142 i2=-113 t2=27 steerMode=1451/0 iSteer=-27837 driveMode=8594/0 iDrive=85165 scale=0 wheel=25000
2026-07-07T14:52:32.927+00:00 VCP SET_TARGET_RX steer=315352 wheel=25000
2026-07-07T14:52:32.927+00:00 VCP run=1 step=0 angle=314824 target=315352 err=528 steer=264 m1=0/10045 i1=78 t1=28 m2=0/-7142 i2=-125 t2=27 steerMode=1451/-11 iSteer=-23146 driveMode=8594/12 iDrive=101423 scale=0 wheel=25000
2026-07-07T14:52:32.942+00:00 CAN id=101 dlc=8 data=d8cf0400a8610000
2026-07-07T14:52:32.962+00:00 CAN id=101 dlc=8 data=d8cf0400a8610000
2026-07-07T14:52:32.982+00:00 CAN id=101 dlc=8 data=d8cf0400a8610000
2026-07-07T14:52:33.002+00:00 CAN id=101 dlc=8 data=d8cf0400a8610000
2026-07-07T14:52:33.022+00:00 CAN id=101 dlc=8 data=d8cf0400a8610000
2026-07-07T14:52:33.032+00:00 VCP run=1 step=0 angle=314824 target=315352 err=528 steer=264 m1=-3/10045 i1=98 t1=28 m2=-3/-7142 i2=-137 t2=27 steerMode=1451/0 iSteer=-19582 driveMode=8594/15 iDrive=117556 scale=0 wheel=25000
2026-07-07T14:52:33.042+00:00 CAN id=101 dlc=8 data=d8cf0400a8610000
2026-07-07T14:52:33.062+00:00 CAN id=101 dlc=8 data=d8cf0400a8610000
2026-07-07T14:52:33.082+00:00 CAN id=101 dlc=8 data=d8cf0400a8610000
2026-07-07T14:52:33.102+00:00 CAN id=101 dlc=8 data=d8cf0400a8610000
2026-07-07T14:52:33.122+00:00 CAN id=101 dlc=8 data=d8cf0400a8610000
2026-07-07T14:52:33.138+00:00 VCP run=1 step=0 angle=314824 target=315352 err=528 steer=264 m1=0/10045 i1=118 t1=28 m2=0/-7142 i2=-149 t2=27 steerMode=1451/-1 iSteer=-15416 driveMode=8594/1 iDrive=133747 scale=0 wheel=25000
2026-07-07T14:52:33.142+00:00 CAN id=101 dlc=8 data=d8cf0400a8610000
2026-07-07T14:52:33.162+00:00 CAN id=101 dlc=8 data=d8cf0400a8610000
2026-07-07T14:52:33.182+00:00 CAN id=101 dlc=8 data=d8cf0400a8610000
2026-07-07T14:52:33.202+00:00 CAN id=101 dlc=8 data=d8cf0400a8610000
2026-07-07T14:52:33.222+00:00 CAN id=101 dlc=8 data=d8cf0400a8610000
2026-07-07T14:52:33.242+00:00 CAN id=101 dlc=8 data=d8cf0400a8610000
2026-07-07T14:52:33.262+00:00 CAN id=101 dlc=8 data=d8cf0400a8610000
2026-07-07T14:52:33.282+00:00 CAN id=101 dlc=8 data=d8cf0400a8610000
2026-07-07T14:52:33.302+00:00 CAN id=101 dlc=8 data=d8cf0400a8610000
2026-07-07T14:52:33.322+00:00 CAN id=101 dlc=8 data=d8cf0400a8610000
2026-07-07T14:52:33.324+00:00 VCP run=1 step=0 angle=314824 target=315352 err=528 steer=264 m1=0/10045 i1=139 t1=28 m2=0/-7142 i2=-161 t2=27 steerMode=1451/0 iSteer=-11358 driveMode=8594/0 iDrive=149909 scale=0 wheel=25000
2026-07-07T14:52:33.324+00:00 VCP run=1 step=0 angle=314824 target=315352 err=528 steer=264 m1=0/10045 i1=158 t1=28 m2=0/-7142 i2=-174 t2=27 steerMode=1451/10 iSteer=-7752 driveMode=8594/11 iDrive=166001 scale=0 wheel=25000
2026-07-07T14:52:33.342+00:00 CAN id=101 dlc=8 data=d8cf0400a8610000
2026-07-07T14:52:33.362+00:00 CAN id=101 dlc=8 data=d8cf0400a8610000
2026-07-07T14:52:33.382+00:00 CAN id=101 dlc=8 data=d8cf0400a8610000
2026-07-07T14:52:33.402+00:00 CAN id=101 dlc=8 data=d8cf0400a8610000
2026-07-07T14:52:33.422+00:00 CAN id=101 dlc=8 data=d8cf0400a8610000
2026-07-07T14:52:33.429+00:00 VCP SET_TARGET_RX steer=315352 wheel=25000
2026-07-07T14:52:33.429+00:00 VCP run=1 step=0 angle=314824 target=315352 err=528 steer=264 m1=-3/10045 i1=178 t1=28 m2=0/-7142 i2=-186 t2=27 steerMode=1451/12 iSteer=-3758 driveMode=8594/12 iDrive=182155 scale=0 wheel=25000
2026-07-07T14:52:33.442+00:00 CAN id=101 dlc=8 data=d8cf0400a8610000
2026-07-07T14:52:33.462+00:00 CAN id=101 dlc=8 data=d8cf0400a8610000
2026-07-07T14:52:33.482+00:00 CAN id=101 dlc=8 data=d8cf0400a8610000
2026-07-07T14:52:33.502+00:00 CAN id=101 dlc=8 data=d8cf0400a8610000
2026-07-07T14:52:33.522+00:00 CAN id=101 dlc=8 data=d8cf0400a8610000
2026-07-07T14:52:33.534+00:00 VCP run=1 step=0 angle=314824 target=315352 err=528 steer=264 m1=0/10045 i1=196 t1=28 m2=0/-7142 i2=-199 t2=27 steerMode=1451/45 iSteer=-1577 driveMode=8594/57 iDrive=197770 scale=0 wheel=25000
2026-07-07T14:52:33.542+00:00 CAN id=101 dlc=8 data=d8cf0400a8610000
2026-07-07T14:52:33.562+00:00 CAN id=101 dlc=8 data=d8cf0400a8610000
2026-07-07T14:52:33.582+00:00 CAN id=101 dlc=8 data=d8cf0400a8610000
2026-07-07T14:52:33.602+00:00 CAN id=101 dlc=8 data=d8cf0400a8610000
2026-07-07T14:52:33.622+00:00 CAN id=101 dlc=8 data=d8cf0400a8610000
2026-07-07T14:52:33.640+00:00 VCP run=1 step=0 angle=314824 target=315352 err=528 steer=264 m1=0/10045 i1=219 t1=28 m2=0/-7142 i2=-209 t2=27 steerMode=1451/-3 iSteer=4934 driveMode=8594/4 iDrive=214154 scale=0 wheel=25000
2026-07-07T14:52:33.642+00:00 CAN id=101 dlc=8 data=d8cf0400a8610000
2026-07-07T14:52:33.662+00:00 CAN id=101 dlc=8 data=d8cf0400a8610000
2026-07-07T14:52:33.682+00:00 CAN id=101 dlc=8 data=d8cf0400a8610000
2026-07-07T14:52:33.702+00:00 CAN id=101 dlc=8 data=d8cf0400a8610000
2026-07-07T14:52:33.722+00:00 CAN id=101 dlc=8 data=d8cf0400a8610000
2026-07-07T14:52:33.742+00:00 CAN id=101 dlc=8 data=d8cf0400a8610000
2026-07-07T14:52:33.762+00:00 CAN id=101 dlc=8 data=d8cf0400a8610000
2026-07-07T14:52:33.782+00:00 CAN id=101 dlc=8 data=d8cf0400a8610000
2026-07-07T14:52:33.802+00:00 CAN id=101 dlc=8 data=d8cf0400a8610000
2026-07-07T14:52:33.822+00:00 CAN id=101 dlc=8 data=d8cf0400a8610000
2026-07-07T14:52:33.827+00:00 VCP run=1 step=0 angle=314824 target=315352 err=528 steer=264 m1=0/10045 i1=239 t1=28 m2=0/-7142 i2=-221 t2=27 steerMode=1451/0 iSteer=8871 driveMode=8594/0 iDrive=230330 scale=0 wheel=25000
2026-07-07T14:52:33.827+00:00 VCP run=1 step=0 angle=314824 target=315352 err=528 steer=264 m1=0/10045 i1=259 t1=28 m2=0/-7142 i2=-234 t2=27 steerMode=1451/0 iSteer=12962 driveMode=8594/0 iDrive=246487 scale=0 wheel=25000
2026-07-07T14:52:33.827+00:00 VCP SET_TARGET_RX steer=315352 wheel=25000
2026-07-07T14:52:33.842+00:00 CAN id=101 dlc=8 data=d8cf0400a8610000
2026-07-07T14:52:33.862+00:00 CAN id=101 dlc=8 data=d8cf0400a8610000
2026-07-07T14:52:33.882+00:00 CAN id=101 dlc=8 data=d8cf0400a8610000
2026-07-07T14:52:33.902+00:00 CAN id=101 dlc=8 data=d8cf0400a8610000
2026-07-07T14:52:33.922+00:00 CAN id=101 dlc=8 data=d8cf0400a8610000
2026-07-07T14:52:33.932+00:00 VCP run=1 step=0 angle=314824 target=315352 err=528 steer=264 m1=-3/10045 i1=280 t1=28 m2=0/-7142 i2=-246 t2=27 steerMode=1451/2 iSteer=16967 driveMode=8594/2 iDrive=262632 scale=0 wheel=25000
2026-07-07T14:52:33.942+00:00 CAN id=101 dlc=8 data=d8cf0400a8610000
2026-07-07T14:52:33.962+00:00 CAN id=101 dlc=8 data=d8cf0400a8610000
2026-07-07T14:52:33.982+00:00 CAN id=101 dlc=8 data=d8cf0400a8610000
2026-07-07T14:52:34.002+00:00 CAN id=101 dlc=8 data=d8cf0400a8610000
2026-07-07T14:52:34.022+00:00 CAN id=101 dlc=8 data=d8cf0400a8610000
2026-07-07T14:52:34.037+00:00 VCP run=1 step=0 angle=314824 target=315352 err=528 steer=264 m1=0/10045 i1=300 t1=28 m2=0/-7142 i2=-257 t2=27 steerMode=1451/-2 iSteer=21199 driveMode=8594/2 iDrive=278610 scale=0 wheel=25000
2026-07-07T14:52:34.042+00:00 CAN id=101 dlc=8 data=d8cf0400a8610000
2026-07-07T14:52:34.062+00:00 CAN id=101 dlc=8 data=d8cf0400a8610000
2026-07-07T14:52:34.082+00:00 CAN id=101 dlc=8 data=d8cf0400a8610000
2026-07-07T14:52:34.102+00:00 CAN id=101 dlc=8 data=d8cf0400a8610000
2026-07-07T14:52:34.122+00:00 CAN id=101 dlc=8 data=d8cf0400a8610000
2026-07-07T14:52:34.142+00:00 CAN id=101 dlc=8 data=d8cf0400a8610000
2026-07-07T14:52:34.162+00:00 CAN id=101 dlc=8 data=d8cf0400a8610000
2026-07-07T14:52:34.182+00:00 CAN id=101 dlc=8 data=d8cf0400a8610000
2026-07-07T14:52:34.202+00:00 CAN id=101 dlc=8 data=d8cf0400a8610000
2026-07-07T14:52:34.222+00:00 CAN id=101 dlc=8 data=d8cf0400a8610000
2026-07-07T14:52:34.226+00:00 VCP run=1 step=0 angle=314824 target=315352 err=528 steer=264 m1=0/10045 i1=320 t1=28 m2=0/-7142 i2=-270 t2=27 steerMode=1451/0 iSteer=25205 driveMode=8594/0 iDrive=294775 scale=0 wheel=25000
2026-07-07T14:52:34.227+00:00 VCP run=1 step=0 angle=314824 target=315352 err=528 steer=264 m1=0/10045 i1=340 t1=28 m2=0/-7142 i2=-282 t2=27 steerMode=1451/-1 iSteer=29363 driveMode=8594/2 iDrive=310910 scale=0 wheel=25000
2026-07-07T14:52:34.242+00:00 CAN id=101 dlc=8 data=d8cf0400a8610000
2026-07-07T14:52:34.262+00:00 CAN id=101 dlc=8 data=d8cf0400a8610000
2026-07-07T14:52:34.282+00:00 CAN id=101 dlc=8 data=d8cf0400a8610000
2026-07-07T14:52:34.302+00:00 CAN id=101 dlc=8 data=d8cf0400a8610000
2026-07-07T14:52:34.322+00:00 CAN id=101 dlc=8 data=d8cf0400a8610000
2026-07-07T14:52:34.330+00:00 VCP run=1 step=0 angle=314824 target=315352 err=528 steer=264 m1=0/10045 i1=361 t1=28 m2=0/-7142 i2=-294 t2=27 steerMode=1451/-2 iSteer=33543 driveMode=8594/2 iDrive=327048 scale=0 wheel=25000
2026-07-07T14:52:34.330+00:00 VCP SET_TARGET_RX steer=315352 wheel=25000
2026-07-07T14:52:34.342+00:00 CAN id=101 dlc=8 data=d8cf0400a8610000
2026-07-07T14:52:34.362+00:00 CAN id=101 dlc=8 data=d8cf0400a8610000
2026-07-07T14:52:34.382+00:00 CAN id=101 dlc=8 data=d8cf0400a8610000
2026-07-07T14:52:34.402+00:00 CAN id=101 dlc=8 data=d8cf0400a8610000
2026-07-07T14:52:34.422+00:00 CAN id=101 dlc=8 data=d8cf0400a8610000
2026-07-07T14:52:34.435+00:00 VCP run=1 step=0 angle=314824 target=315352 err=528 steer=264 m1=0/10045 i1=381 t1=28 m2=0/-7142 i2=-306 t2=27 steerMode=1451/6 iSteer=37260 driveMode=8594/6 iDrive=343357 scale=0 wheel=25000
2026-07-07T14:52:34.442+00:00 CAN id=101 dlc=8 data=d8cf0400a8610000
2026-07-07T14:52:34.462+00:00 CAN id=101 dlc=8 data=d8cf0400a8610000
2026-07-07T14:52:34.482+00:00 CAN id=101 dlc=8 data=d8cf0400a8610000
2026-07-07T14:52:34.502+00:00 CAN id=101 dlc=8 data=d8cf0400a8610000
2026-07-07T14:52:34.522+00:00 CAN id=101 dlc=8 data=d8cf0400a8610000
2026-07-07T14:52:34.541+00:00 VCP run=1 step=0 angle=314824 target=315352 err=528 steer=264 m1=0/10045 i1=401 t1=28 m2=0/-7142 i2=-318 t2=27 steerMode=1451/-5 iSteer=41918 driveMode=8594/4 iDrive=359534 scale=0 wheel=25000
2026-07-07T14:52:34.542+00:00 CAN id=101 dlc=8 data=d8cf0400a8610000
2026-07-07T14:52:34.562+00:00 CAN id=101 dlc=8 data=d8cf0400a8610000
2026-07-07T14:52:34.582+00:00 CAN id=101 dlc=8 data=d8cf0400a8610000
2026-07-07T14:52:34.602+00:00 CAN id=101 dlc=8 data=d8cf0400a8610000
2026-07-07T14:52:34.622+00:00 CAN id=101 dlc=8 data=d8cf0400a8610000
2026-07-07T14:52:34.642+00:00 CAN id=101 dlc=8 data=d8cf0400a8610000
2026-07-07T14:52:34.662+00:00 CAN id=101 dlc=8 data=d8cf0400a8610000
2026-07-07T14:52:34.682+00:00 CAN id=101 dlc=8 data=d8cf0400a8610000
2026-07-07T14:52:34.702+00:00 CAN id=101 dlc=8 data=d8cf0400a8610000
2026-07-07T14:52:34.722+00:00 CAN id=101 dlc=8 data=d8cf0400a8610000
2026-07-07T14:52:34.730+00:00 VCP run=1 step=0 angle=314824 target=315352 err=528 steer=264 m1=0/10045 i1=421 t1=28 m2=0/-7142 i2=-330 t2=27 steerMode=1451/0 iSteer=45778 driveMode=8594/0 iDrive=375708 scale=0 wheel=25000
2026-07-07T14:52:34.730+00:00 VCP run=1 step=0 angle=314824 target=315352 err=528 steer=264 m1=0/10045 i1=442 t1=28 m2=0/-7142 i2=-342 t2=27 steerMode=1451/-6 iSteer=50186 driveMode=8594/5 iDrive=391819 scale=0 wheel=25000
2026-07-07T14:52:34.742+00:00 CAN id=101 dlc=8 data=d8cf0400a8610000
2026-07-07T14:52:34.762+00:00 CAN id=101 dlc=8 data=d8cf0400a8610000
2026-07-07T14:52:34.782+00:00 CAN id=101 dlc=8 data=d8cf0400a8610000
2026-07-07T14:52:34.802+00:00 CAN id=101 dlc=8 data=d8cf0400a8610000
2026-07-07T14:52:34.822+00:00 CAN id=101 dlc=8 data=d8cf0400a8610000
2026-07-07T14:52:34.833+00:00 VCP run=1 step=0 angle=314824 target=315352 err=528 steer=264 m1=0/10045 i1=462 t1=28 m2=0/-7142 i2=-354 t2=27 steerMode=1451/0 iSteer=54006 driveMode=8594/0 iDrive=408000 scale=0 wheel=25000
2026-07-07T14:52:34.833+00:00 VCP SET_TARGET_RX steer=315352 wheel=25000
2026-07-07T14:52:34.842+00:00 CAN id=101 dlc=8 data=d8cf0400a8610000
2026-07-07T14:52:34.862+00:00 CAN id=101 dlc=8 data=d8cf0400a8610000
2026-07-07T14:52:34.882+00:00 CAN id=101 dlc=8 data=d8cf0400a8610000
2026-07-07T14:52:34.902+00:00 CAN id=101 dlc=8 data=d8cf0400a8610000
2026-07-07T14:52:34.922+00:00 CAN id=101 dlc=8 data=d8cf0400a8610000
2026-07-07T14:52:34.938+00:00 VCP run=1 step=0 angle=314824 target=315352 err=528 steer=264 m1=0/10045 i1=482 t1=28 m2=0/-7142 i2=-366 t2=27 steerMode=1451/0 iSteer=58096 driveMode=8594/0 iDrive=424156 scale=0 wheel=25000
2026-07-07T14:52:34.942+00:00 CAN id=101 dlc=8 data=d8cf0400a8610000
2026-07-07T14:52:34.962+00:00 CAN id=101 dlc=8 data=d8cf0400a8610000
2026-07-07T14:52:34.982+00:00 CAN id=101 dlc=8 data=d8cf0400a8610000
2026-07-07T14:52:35.002+00:00 CAN id=101 dlc=8 data=d8cf0400a8610000
2026-07-07T14:52:35.022+00:00 CAN id=101 dlc=8 data=d8cf0400a8610000
2026-07-07T14:52:35.042+00:00 CAN id=101 dlc=8 data=d8cf0400a8610000
2026-07-07T14:52:35.062+00:00 CAN id=101 dlc=8 data=d8cf0400a8610000
2026-07-07T14:52:35.082+00:00 CAN id=101 dlc=8 data=d8cf0400a8610000
2026-07-07T14:52:35.102+00:00 CAN id=101 dlc=8 data=d8cf0400a8610000
2026-07-07T14:52:35.122+00:00 CAN id=101 dlc=8 data=d8cf0400a8610000
2026-07-07T14:52:35.128+00:00 VCP run=1 step=0 angle=314824 target=315352 err=528 steer=264 m1=0/10045 i1=503 t1=28 m2=0/-7142 i2=-378 t2=27 steerMode=1451/0 iSteer=62189 driveMode=8594/0 iDrive=440313 scale=0 wheel=25000
2026-07-07T14:52:35.128+00:00 VCP run=1 step=0 angle=314824 target=315352 err=528 steer=264 m1=0/10045 i1=523 t1=28 m2=0/-7142 i2=-390 t2=27 steerMode=1451/0 iSteer=66282 driveMode=8594/0 iDrive=456469 scale=0 wheel=25000
2026-07-07T14:52:35.142+00:00 CAN id=101 dlc=8 data=d8cf0400a8610000
2026-07-07T14:52:35.162+00:00 CAN id=101 dlc=8 data=d8cf0400a8610000
2026-07-07T14:52:35.182+00:00 CAN id=101 dlc=8 data=d8cf0400a8610000
2026-07-07T14:52:35.202+00:00 CAN id=101 dlc=8 data=d8cf0400a8610000
2026-07-07T14:52:35.222+00:00 CAN id=101 dlc=8 data=d8cf0400a8610000
2026-07-07T14:52:35.233+00:00 VCP run=1 step=0 angle=314824 target=315352 err=528 steer=264 m1=0/10045 i1=544 t1=28 m2=0/-7142 i2=-401 t2=27 steerMode=1451/-17 iSteer=71266 driveMode=8594/17 iDrive=472538 scale=0 wheel=25000
2026-07-07T14:52:35.242+00:00 CAN id=101 dlc=8 data=d8cf0400a8610000
2026-07-07T14:52:35.262+00:00 CAN id=101 dlc=8 data=d8cf0400a8610000
2026-07-07T14:52:35.282+00:00 CAN id=101 dlc=8 data=d8cf0400a8610000
2026-07-07T14:52:35.302+00:00 CAN id=101 dlc=8 data=d8cf0400a8610000
2026-07-07T14:52:35.322+00:00 CAN id=101 dlc=8 data=d8cf0400a8610000
2026-07-07T14:52:35.336+00:00 VCP run=1 step=0 angle=314824 target=315352 err=528 steer=264 m1=0/10045 i1=563 t1=28 m2=0/-7142 i2=-414 t2=27 steerMode=1451/0 iSteer=74512 driveMode=8594/0 iDrive=488770 scale=0 wheel=25000
2026-07-07T14:52:35.336+00:00 VCP SET_TARGET_RX steer=315352 wheel=25000
2026-07-07T14:52:35.342+00:00 CAN id=101 dlc=8 data=d8cf0400a8610000
2026-07-07T14:52:35.362+00:00 CAN id=101 dlc=8 data=d8cf0400a8610000
2026-07-07T14:52:35.382+00:00 CAN id=101 dlc=8 data=d8cf0400a8610000
2026-07-07T14:52:35.402+00:00 CAN id=101 dlc=8 data=d8cf0400a8610000
2026-07-07T14:52:35.422+00:00 CAN id=101 dlc=8 data=d8cf0400a8610000
2026-07-07T14:52:35.441+00:00 VCP run=1 step=0 angle=314824 target=315352 err=528 steer=264 m1=0/10045 i1=584 t1=28 m2=0/-7142 i2=-426 t2=27 steerMode=1451/0 iSteer=78595 driveMode=8594/0 iDrive=504926 scale=0 wheel=25000
2026-07-07T14:52:35.442+00:00 CAN id=101 dlc=8 data=d8cf0400a8610000
2026-07-07T14:52:35.462+00:00 CAN id=101 dlc=8 data=d8cf0400a8610000
2026-07-07T14:52:35.482+00:00 CAN id=101 dlc=8 data=d8cf0400a8610000
2026-07-07T14:52:35.502+00:00 CAN id=101 dlc=8 data=d8cf0400a8610000
2026-07-07T14:52:35.522+00:00 CAN id=101 dlc=8 data=d8cf0400a8610000
2026-07-07T14:52:35.542+00:00 CAN id=101 dlc=8 data=d8cf0400a8610000
2026-07-07T14:52:35.562+00:00 CAN id=101 dlc=8 data=d8cf0400a8610000
2026-07-07T14:52:35.582+00:00 CAN id=101 dlc=8 data=d8cf0400a8610000
2026-07-07T14:52:35.602+00:00 CAN id=101 dlc=8 data=d8cf0400a8610000
2026-07-07T14:52:35.622+00:00 CAN id=101 dlc=8 data=d8cf0400a8610000
2026-07-07T14:52:35.631+00:00 VCP run=1 step=0 angle=314824 target=315352 err=528 steer=264 m1=0/10045 i1=604 t1=28 m2=0/-7142 i2=-438 t2=27 steerMode=1451/-2 iSteer=82789 driveMode=8594/2 iDrive=521059 scale=0 wheel=25000
2026-07-07T14:52:35.631+00:00 VCP run=1 step=0 angle=314824 target=315352 err=528 steer=264 m1=0/10045 i1=624 t1=28 m2=0/-7142 i2=-450 t2=27 steerMode=1451/0 iSteer=86778 driveMode=8594/0 iDrive=537217 scale=0 wheel=25000
2026-07-07T14:52:35.642+00:00 CAN id=101 dlc=8 data=d8cf0400a8610000
2026-07-07T14:52:35.662+00:00 CAN id=101 dlc=8 data=d8cf0400a8610000
2026-07-07T14:52:35.682+00:00 CAN id=101 dlc=8 data=d8cf0400a8610000
2026-07-07T14:52:35.702+00:00 CAN id=101 dlc=8 data=d8cf0400a8610000
2026-07-07T14:52:35.722+00:00 CAN id=101 dlc=8 data=d8cf0400a8610000
2026-07-07T14:52:35.736+00:00 VCP run=1 step=0 angle=314824 target=315352 err=528 steer=264 m1=2/10045 i1=644 t1=28 m2=0/-7142 i2=-463 t2=27 steerMode=1451/3 iSteer=90731 driveMode=8594/6 iDrive=553337 scale=0 wheel=25000
2026-07-07T14:52:35.742+00:00 CAN id=101 dlc=8 data=d8cf0400a8610000
2026-07-07T14:52:35.762+00:00 CAN id=101 dlc=8 data=d8cf0400a8610000
2026-07-07T14:52:35.782+00:00 CAN id=101 dlc=8 data=d8cf0400a8610000
2026-07-07T14:52:35.802+00:00 CAN id=101 dlc=8 data=d8cf0400a8610000
2026-07-07T14:52:35.822+00:00 CAN id=101 dlc=8 data=d8cf0400a8610000
2026-07-07T14:52:35.839+00:00 VCP run=1 step=0 angle=314824 target=315352 err=528 steer=264 m1=0/10045 i1=664 t1=28 m2=0/-7142 i2=-475 t2=27 steerMode=1451/0 iSteer=94957 driveMode=8594/0 iDrive=569511 scale=0 wheel=25000
2026-07-07T14:52:35.839+00:00 VCP SET_TARGET_RX steer=315352 wheel=25000
2026-07-07T14:52:35.842+00:00 CAN id=101 dlc=8 data=d8cf0400a8610000
2026-07-07T14:52:35.862+00:00 CAN id=101 dlc=8 data=d8cf0400a8610000
2026-07-07T14:52:35.882+00:00 CAN id=101 dlc=8 data=d8cf0400a8610000
2026-07-07T14:52:35.902+00:00 CAN id=101 dlc=8 data=d8cf0400a8610000
2026-07-07T14:52:35.922+00:00 CAN id=101 dlc=8 data=d8cf0400a8610000
2026-07-07T14:52:35.942+00:00 CAN id=101 dlc=8 data=d8cf0400a8610000
2026-07-07T14:52:35.962+00:00 CAN id=101 dlc=8 data=d8cf0400a8610000
2026-07-07T14:52:35.982+00:00 CAN id=101 dlc=8 data=d8cf0400a8610000
2026-07-07T14:52:36.002+00:00 CAN id=101 dlc=8 data=d8cf0400a8610000
2026-07-07T14:52:36.022+00:00 CAN id=101 dlc=8 data=d8cf0400a8610000
2026-07-07T14:52:36.028+00:00 VCP run=1 step=0 angle=314824 target=315352 err=528 steer=264 m1=0/10045 i1=685 t1=28 m2=0/-7142 i2=-487 t2=27 steerMode=1451/0 iSteer=99043 driveMode=8594/0 iDrive=585665 scale=0 wheel=25000
2026-07-07T14:52:36.028+00:00 VCP run=1 step=0 angle=314824 target=315352 err=528 steer=264 m1=0/10045 i1=705 t1=28 m2=0/-7142 i2=-498 t2=27 steerMode=1451/-3 iSteer=103272 driveMode=8594/3 iDrive=601616 scale=0 wheel=25000
2026-07-07T14:52:36.042+00:00 CAN id=101 dlc=8 data=d8cf0400a8610000
2026-07-07T14:52:36.062+00:00 CAN id=101 dlc=8 data=d8cf0400a8610000
2026-07-07T14:52:36.082+00:00 CAN id=101 dlc=8 data=d8cf0400a8610000
2026-07-07T14:52:36.102+00:00 CAN id=101 dlc=8 data=d8cf0400a8610000
2026-07-07T14:52:36.122+00:00 CAN id=101 dlc=8 data=d8cf0400a8610000
2026-07-07T14:52:36.133+00:00 VCP run=1 step=0 angle=314824 target=315352 err=528 steer=264 m1=0/10045 i1=725 t1=28 m2=0/-7142 i2=-511 t2=27 steerMode=1451/0 iSteer=107241 driveMode=8594/0 iDrive=617785 scale=0 wheel=25000
2026-07-07T14:52:36.142+00:00 CAN id=101 dlc=8 data=d8cf0400a8610000
2026-07-07T14:52:36.162+00:00 CAN id=101 dlc=8 data=d8cf0400a8610000
2026-07-07T14:52:36.182+00:00 CAN id=101 dlc=8 data=d8cf0400a8610000
2026-07-07T14:52:36.202+00:00 CAN id=101 dlc=8 data=d8cf0400a8610000
2026-07-07T14:52:36.222+00:00 CAN id=101 dlc=8 data=d8cf0400a8610000
2026-07-07T14:52:36.239+00:00 VCP run=1 step=0 angle=314824 target=315352 err=528 steer=264 m1=0/10045 i1=745 t1=28 m2=0/-7142 i2=-523 t2=27 steerMode=1451/0 iSteer=111333 driveMode=8594/0 iDrive=633941 scale=0 wheel=25000
2026-07-07T14:52:36.242+00:00 CAN id=101 dlc=8 data=d8cf0400a8610000
2026-07-07T14:52:36.262+00:00 CAN id=101 dlc=8 data=d8cf0400a8610000
2026-07-07T14:52:36.282+00:00 CAN id=101 dlc=8 data=d8cf0400a8610000
2026-07-07T14:52:36.302+00:00 CAN id=101 dlc=8 data=d8cf0400a8610000
2026-07-07T14:52:36.322+00:00 CAN id=101 dlc=8 data=d8cf0400a8610000
2026-07-07T14:52:36.342+00:00 CAN id=101 dlc=8 data=d8cf0400a8610000
2026-07-07T14:52:36.362+00:00 CAN id=101 dlc=8 data=d8cf0400a8610000
2026-07-07T14:52:36.382+00:00 CAN id=101 dlc=8 data=d8cf0400a8610000
2026-07-07T14:52:36.402+00:00 CAN id=101 dlc=8 data=d8cf0400a8610000
2026-07-07T14:52:36.422+00:00 CAN id=101 dlc=8 data=d8cf0400a8610000
2026-07-07T14:52:36.426+00:00 VCP run=1 step=0 angle=314824 target=315352 err=528 steer=264 m1=2/10045 i1=765 t1=28 m2=0/-7142 i2=-535 t2=27 steerMode=1451/7 iSteer=115067 driveMode=8594/7 iDrive=650061 scale=0 wheel=25000
2026-07-07T14:52:36.426+00:00 VCP SET_TARGET_RX steer=315352 wheel=25000
2026-07-07T14:52:36.426+00:00 VCP run=1 step=0 angle=314824 target=315352 err=528 steer=264 m1=0/10045 i1=786 t1=28 m2=0/-7142 i2=-547 t2=27 steerMode=1451/0 iSteer=119554 driveMode=8594/0 iDrive=666422 scale=0 wheel=25000
2026-07-07T14:52:36.442+00:00 CAN id=101 dlc=8 data=d8cf0400a8610000
2026-07-07T14:52:36.462+00:00 CAN id=101 dlc=8 data=d8cf0400a8610000
2026-07-07T14:52:36.482+00:00 CAN id=101 dlc=8 data=d8cf0400a8610000
2026-07-07T14:52:36.502+00:00 CAN id=101 dlc=8 data=d8cf0400a8610000
2026-07-07T14:52:36.522+00:00 CAN id=101 dlc=8 data=d8cf0400a8610000
2026-07-07T14:52:36.531+00:00 VCP run=1 step=0 angle=314824 target=315352 err=528 steer=264 m1=0/10045 i1=806 t1=28 m2=0/-7142 i2=-559 t2=27 steerMode=1451/-3 iSteer=123832 driveMode=8594/3 iDrive=682547 scale=0 wheel=25000
2026-07-07T14:52:36.542+00:00 CAN id=101 dlc=8 data=d8cf0400a8610000
2026-07-07T14:52:36.562+00:00 CAN id=101 dlc=8 data=d8cf0400a8610000
2026-07-07T14:52:36.582+00:00 CAN id=101 dlc=8 data=d8cf0400a8610000
2026-07-07T14:52:36.602+00:00 CAN id=101 dlc=8 data=d8cf0400a8610000
2026-07-07T14:52:36.622+00:00 CAN id=101 dlc=8 data=d8cf0400a8610000
2026-07-07T14:52:36.637+00:00 VCP run=1 step=0 angle=314824 target=315352 err=528 steer=264 m1=0/10045 i1=827 t1=28 m2=0/-7142 i2=-571 t2=27 steerMode=1451/0 iSteer=127799 driveMode=8594/0 iDrive=698725 scale=0 wheel=25000
2026-07-07T14:52:36.642+00:00 CAN id=101 dlc=8 data=d8cf0400a8610000
2026-07-07T14:52:36.662+00:00 CAN id=101 dlc=8 data=d8cf0400a8610000
2026-07-07T14:52:36.682+00:00 CAN id=101 dlc=8 data=d8cf0400a8610000
2026-07-07T14:52:36.702+00:00 CAN id=101 dlc=8 data=d8cf0400a8610000
2026-07-07T14:52:36.722+00:00 CAN id=101 dlc=8 data=d8cf0400a8610000
2026-07-07T14:52:36.742+00:00 CAN id=101 dlc=8 data=d8cf0400a8610000
2026-07-07T14:52:36.762+00:00 CAN id=101 dlc=8 data=d8cf0400a8610000
2026-07-07T14:52:36.782+00:00 CAN id=101 dlc=8 data=d8cf0400a8610000
2026-07-07T14:52:36.802+00:00 CAN id=101 dlc=8 data=d8cf0400a8610000
2026-07-07T14:52:36.822+00:00 BENCH disable sent
2026-07-07T14:52:36.822+00:00 CAN id=121 dlc=2 data=0100
2026-07-07T14:52:36.822+00:00 CAN id=121 dlc=2 data=0100
2026-07-07T14:52:36.823+00:00 VCP run=1 step=0 angle=314824 target=315352 err=528 steer=264 m1=0/10045 i1=847 t1=28 m2=0/-7142 i2=-583 t2=27 steerMode=1451/1 iSteer=131842 driveMode=8594/1 iDrive=714874 scale=0 wheel=25000
2026-07-07T14:52:36.823+00:00 VCP run=1 step=0 angle=314824 target=315352 err=528 steer=264 m1=0/10045 i1=867 t1=28 m2=0/-7142 i2=-595 t2=27 steerMode=1451/-3 iSteer=136119 driveMode=8594/3 iDrive=731009 scale=0 wheel=25000
2026-07-07T14:52:37.024+00:00 VCP UNIT_CTRL enable=0
2026-07-07T14:52:37.024+00:00 VCP UNIT_CTRL enable=0
2026-07-07T14:52:37.024+00:00 VCP STOP: disabled
2026-07-07T14:52:37.225+00:00 BENCH log closed
