2026-07-07T14:56:59.823+00:00 BENCH log opened: firmware/logs/lowrpm-floor200kp10-rpm25.log
2026-07-07T14:56:59.823+00:00 BENCH run: steer=315.352deg (315352mdeg) wheel=25.0rpm (25000milli-rpm) rate=50.0Hz duration=10.0s
2026-07-07T14:56:59.823+00:00 CAN id=121 dlc=2 data=0101
2026-07-07T14:56:59.823+00:00 BENCH enable sent
2026-07-07T14:56:59.823+00:00 CAN id=101 dlc=8 data=d8cf0400a8610000
2026-07-07T14:56:59.842+00:00 VCP NIT_CTRL enable=0
2026-07-07T14:56:59.842+00:00 VCP UNIT_CTRL enable=0
2026-07-07T14:56:59.842+00:00 VCP UNIT_CTRL enable=1
2026-07-07T14:56:59.842+00:00 VCP SET_TARGET_RX steer=315352 wheel=25000
2026-07-07T14:56:59.842+00:00 VCP START_CAN: angle=315879 target=315352 wheelTarget=25000
2026-07-07T14:56:59.843+00:00 CAN id=101 dlc=8 data=d8cf0400a8610000
2026-07-07T14:56:59.864+00:00 CAN id=101 dlc=8 data=d8cf0400a8610000
2026-07-07T14:56:59.884+00:00 CAN id=101 dlc=8 data=d8cf0400a8610000
2026-07-07T14:56:59.904+00:00 CAN id=101 dlc=8 data=d8cf0400a8610000
2026-07-07T14:56:59.924+00:00 CAN id=101 dlc=8 data=d8cf0400a8610000
2026-07-07T14:56:59.943+00:00 VCP run=1 step=0 angle=315879 target=315352 err=-527 steer=-250 m1=0/-1031 i1=-65 t1=28 m2=0/-1719 i2=-72 t2=27 steerMode=-1375/0 iSteer=-68956 driveMode=344/0 iDrive=3472 scale=0 wheel=1000
2026-07-07T14:56:59.943+00:00 CAN id=101 dlc=8 data=d8cf0400a8610000
2026-07-07T14:56:59.964+00:00 CAN id=101 dlc=8 data=d8cf0400a8610000
2026-07-07T14:56:59.984+00:00 CAN id=101 dlc=8 data=d8cf0400a8610000
2026-07-07T14:57:00.004+00:00 CAN id=101 dlc=8 data=d8cf0400a8610000
2026-07-07T14:57:00.024+00:00 CAN id=101 dlc=8 data=d8cf0400a8610000
2026-07-07T14:57:00.044+00:00 CAN id=101 dlc=8 data=d8cf0400a8610000
2026-07-07T14:57:00.064+00:00 CAN id=101 dlc=8 data=d8cf0400a8610000
2026-07-07T14:57:00.084+00:00 CAN id=101 dlc=8 data=d8cf0400a8610000
2026-07-07T14:57:00.104+00:00 CAN id=101 dlc=8 data=d8cf0400a8610000
2026-07-07T14:57:00.124+00:00 CAN id=101 dlc=8 data=d8cf0400a8610000
2026-07-07T14:57:00.131+00:00 VCP run=1 step=0 angle=315879 target=315352 err=-527 steer=-263 m1=0/5014 i1=-5 t1=28 m2=0/-7911 i2=-146 t2=27 steerMode=-1449/-24 iSteer=-75248 driveMode=6462/15 iDrive=70711 scale=0 wheel=18800
2026-07-07T14:57:00.131+00:00 VCP run=1 step=0 angle=315879 target=315352 err=-527 steer=-263 m1=0/7145 i1=27 t1=28 m2=0/-10043 i2=-188 t2=27 steerMode=-1449/-3 iSteer=-80317 driveMode=8594/10 iDrive=107616 scale=0 wheel=25000
2026-07-07T14:57:00.144+00:00 CAN id=101 dlc=8 data=d8cf0400a8610000
2026-07-07T14:57:00.164+00:00 CAN id=101 dlc=8 data=d8cf0400a8610000
2026-07-07T14:57:00.184+00:00 CAN id=101 dlc=8 data=d8cf0400a8610000
2026-07-07T14:57:00.204+00:00 CAN id=101 dlc=8 data=d8cf0400a8610000
2026-07-07T14:57:00.224+00:00 CAN id=101 dlc=8 data=d8cf0400a8610000
2026-07-07T14:57:00.237+00:00 VCP run=1 step=0 angle=315879 target=315352 err=-527 steer=-263 m1=0/7145 i1=39 t1=28 m2=0/-10043 i2=-208 t2=27 steerMode=-1449/0 iSteer=-84545 driveMode=8594/0 iDrive=123864 scale=0 wheel=25000
2026-07-07T14:57:00.244+00:00 CAN id=101 dlc=8 data=d8cf0400a8610000
2026-07-07T14:57:00.264+00:00 CAN id=101 dlc=8 data=d8cf0400a8610000
2026-07-07T14:57:00.284+00:00 CAN id=101 dlc=8 data=d8cf0400a8610000
2026-07-07T14:57:00.304+00:00 CAN id=101 dlc=8 data=d8cf0400a8610000
2026-07-07T14:57:00.324+00:00 CAN id=101 dlc=8 data=d8cf0400a8610000
2026-07-07T14:57:00.339+00:00 VCP run=1 step=0 angle=315879 target=315352 err=-527 steer=-263 m1=0/7145 i1=52 t1=28 m2=0/-10043 i2=-228 t2=27 steerMode=-1449/-13 iSteer=-87916 driveMode=8594/14 iDrive=139855 scale=0 wheel=25000
2026-07-07T14:57:00.339+00:00 VCP SET_TARGET_RX steer=315352 wheel=25000
2026-07-07T14:57:00.344+00:00 CAN id=101 dlc=8 data=d8cf0400a8610000
2026-07-07T14:57:00.364+00:00 CAN id=101 dlc=8 data=d8cf0400a8610000
2026-07-07T14:57:00.384+00:00 CAN id=101 dlc=8 data=d8cf0400a8610000
2026-07-07T14:57:00.404+00:00 CAN id=101 dlc=8 data=d8cf0400a8610000
2026-07-07T14:57:00.424+00:00 CAN id=101 dlc=8 data=d8cf0400a8610000
2026-07-07T14:57:00.444+00:00 CAN id=101 dlc=8 data=d8cf0400a8610000
2026-07-07T14:57:00.444+00:00 VCP run=1 step=0 angle=315879 target=315352 err=-527 steer=-263 m1=0/7145 i1=64 t1=28 m2=0/-10043 i2=-248 t2=27 steerMode=-1449/-8 iSteer=-92254 driveMode=8594/9 iDrive=156035 scale=0 wheel=25000
2026-07-07T14:57:00.464+00:00 CAN id=101 dlc=8 data=d8cf0400a8610000
2026-07-07T14:57:00.484+00:00 CAN id=101 dlc=8 data=d8cf0400a8610000
2026-07-07T14:57:00.504+00:00 CAN id=101 dlc=8 data=d8cf0400a8610000
2026-07-07T14:57:00.524+00:00 CAN id=101 dlc=8 data=d8cf0400a8610000
2026-07-07T14:57:00.543+00:00 CAN id=101 dlc=8 data=d8cf0400a8610000
2026-07-07T14:57:00.564+00:00 CAN id=101 dlc=8 data=d8cf0400a8610000
2026-07-07T14:57:00.584+00:00 CAN id=101 dlc=8 data=d8cf0400a8610000
2026-07-07T14:57:00.604+00:00 CAN id=101 dlc=8 data=d8cf0400a8610000
2026-07-07T14:57:00.624+00:00 CAN id=101 dlc=8 data=d8cf0400a8610000
2026-07-07T14:57:00.633+00:00 VCP run=1 step=0 angle=315879 target=315352 err=-527 steer=-263 m1=0/7145 i1=76 t1=28 m2=0/-10043 i2=-269 t2=27 steerMode=-1449/0 iSteer=-96722 driveMode=8594/0 iDrive=172275 scale=0 wheel=25000
2026-07-07T14:57:00.633+00:00 VCP run=1 step=0 angle=315879 target=315352 err=-527 steer=-263 m1=0/7145 i1=88 t1=28 m2=0/-10043 i2=-289 t2=27 steerMode=-1449/-5 iSteer=-100555 driveMode=8594/3 iDrive=188383 scale=0 wheel=25000
2026-07-07T14:57:00.644+00:00 CAN id=101 dlc=8 data=d8cf0400a8610000
2026-07-07T14:57:00.664+00:00 CAN id=101 dlc=8 data=d8cf0400a8610000
2026-07-07T14:57:00.684+00:00 CAN id=101 dlc=8 data=d8cf0400a8610000
2026-07-07T14:57:00.704+00:00 CAN id=101 dlc=8 data=d8cf0400a8610000
2026-07-07T14:57:00.724+00:00 CAN id=101 dlc=8 data=d8cf0400a8610000
2026-07-07T14:57:00.738+00:00 VCP run=1 step=0 angle=315879 target=315352 err=-527 steer=-263 m1=0/7145 i1=100 t1=28 m2=0/-10043 i2=-309 t2=27 steerMode=-1449/0 iSteer=-104868 driveMode=8594/0 iDrive=204571 scale=0 wheel=25000
2026-07-07T14:57:00.743+00:00 CAN id=101 dlc=8 data=d8cf0400a8610000
2026-07-07T14:57:00.764+00:00 CAN id=101 dlc=8 data=d8cf0400a8610000
2026-07-07T14:57:00.784+00:00 CAN id=101 dlc=8 data=d8cf0400a8610000
2026-07-07T14:57:00.804+00:00 CAN id=101 dlc=8 data=d8cf0400a8610000
2026-07-07T14:57:00.824+00:00 CAN id=101 dlc=8 data=d8cf0400a8610000
2026-07-07T14:57:00.840+00:00 VCP run=1 step=0 angle=315879 target=315352 err=-527 steer=-263 m1=0/7145 i1=112 t1=28 m2=0/-10043 i2=-330 t2=27 steerMode=-1449/0 iSteer=-108926 driveMode=8594/0 iDrive=220716 scale=0 wheel=25000
2026-07-07T14:57:00.840+00:00 VCP SET_TARGET_RX steer=315352 wheel=25000
2026-07-07T14:57:00.844+00:00 CAN id=101 dlc=8 data=d8cf0400a8610000
2026-07-07T14:57:00.864+00:00 CAN id=101 dlc=8 data=d8cf0400a8610000
2026-07-07T14:57:00.884+00:00 CAN id=101 dlc=8 data=d8cf0400a8610000
2026-07-07T14:57:00.904+00:00 CAN id=101 dlc=8 data=d8cf0400a8610000
2026-07-07T14:57:00.924+00:00 CAN id=101 dlc=8 data=d8cf0400a8610000
2026-07-07T14:57:00.944+00:00 CAN id=101 dlc=8 data=d8cf0400a8610000
2026-07-07T14:57:00.964+00:00 CAN id=101 dlc=8 data=d8cf0400a8610000
2026-07-07T14:57:00.984+00:00 CAN id=101 dlc=8 data=d8cf0400a8610000
2026-07-07T14:57:01.004+00:00 CAN id=101 dlc=8 data=d8cf0400a8610000
2026-07-07T14:57:01.024+00:00 CAN id=101 dlc=8 data=d8cf0400a8610000
2026-07-07T14:57:01.028+00:00 VCP run=1 step=0 angle=315879 target=315352 err=-527 steer=-263 m1=0/7145 i1=125 t1=28 m2=-3/-10043 i2=-348 t2=27 steerMode=-1449/-36 iSteer=-111235 driveMode=8594/36 iDrive=236507 scale=0 wheel=25000
2026-07-07T14:57:01.028+00:00 VCP run=1 step=0 angle=315879 target=315352 err=-527 steer=-263 m1=2/7145 i1=136 t1=28 m2=0/-10043 i2=-370 t2=27 steerMode=-1449/2 iSteer=-117152 driveMode=8594/3 iDrive=252810 scale=0 wheel=25000
2026-07-07T14:57:01.043+00:00 CAN id=101 dlc=8 data=d8cf0400a8610000
2026-07-07T14:57:01.064+00:00 CAN id=101 dlc=8 data=d8cf0400a8610000
2026-07-07T14:57:01.084+00:00 CAN id=101 dlc=8 data=d8cf0400a8610000
2026-07-07T14:57:01.104+00:00 CAN id=101 dlc=8 data=d8cf0400a8610000
2026-07-07T14:57:01.124+00:00 CAN id=101 dlc=8 data=d8cf0400a8610000
2026-07-07T14:57:01.133+00:00 VCP run=1 step=0 angle=315879 target=315352 err=-527 steer=-263 m1=0/7145 i1=148 t1=28 m2=0/-10043 i2=-390 t2=27 steerMode=-1449/-2 iSteer=-121008 driveMode=8594/1 iDrive=268964 scale=0 wheel=25000
2026-07-07T14:57:01.144+00:00 CAN id=101 dlc=8 data=d8cf0400a8610000
2026-07-07T14:57:01.164+00:00 CAN id=101 dlc=8 data=d8cf0400a8610000
2026-07-07T14:57:01.184+00:00 CAN id=101 dlc=8 data=d8cf0400a8610000
2026-07-07T14:57:01.204+00:00 CAN id=101 dlc=8 data=d8cf0400a8610000
2026-07-07T14:57:01.224+00:00 CAN id=101 dlc=8 data=d8cf0400a8610000
2026-07-07T14:57:01.239+00:00 VCP run=1 step=0 angle=315879 target=315352 err=-527 steer=-263 m1=0/7145 i1=163 t1=28 m2=-7/-10043 i2=-405 t2=27 steerMode=-1449/-83 iSteer=-120959 driveMode=8594/83 iDrive=284246 scale=0 wheel=25000
2026-07-07T14:57:01.244+00:00 CAN id=101 dlc=8 data=d8cf0400a8610000
2026-07-07T14:57:01.264+00:00 CAN id=101 dlc=8 data=d8cf0400a8610000
2026-07-07T14:57:01.284+00:00 CAN id=101 dlc=8 data=d8cf0400a8610000
2026-07-07T14:57:01.304+00:00 CAN id=101 dlc=8 data=d8cf0400a8610000
2026-07-07T14:57:01.324+00:00 CAN id=101 dlc=8 data=d8cf0400a8610000
2026-07-07T14:57:01.341+00:00 VCP run=1 step=0 angle=315439 target=315352 err=-87 steer=0 m1=0/8594 i1=385 t1=28 m2=-90/-8594 i2=-140 t2=27 steerMode=0/-3431 iSteer=122738 driveMode=8594/3454 iDrive=262295 scale=0 wheel=25000
2026-07-07T14:57:01.341+00:00 VCP SET_TARGET_RX steer=315352 wheel=25000
2026-07-07T14:57:01.343+00:00 CAN id=101 dlc=8 data=d8cf0400a8610000
2026-07-07T14:57:01.364+00:00 CAN id=101 dlc=8 data=d8cf0400a8610000
2026-07-07T14:57:01.384+00:00 CAN id=101 dlc=8 data=d8cf0400a8610000
2026-07-07T14:57:01.404+00:00 CAN id=101 dlc=8 data=d8cf0400a8610000
2026-07-07T14:57:01.424+00:00 CAN id=101 dlc=8 data=d8cf0400a8610000
2026-07-07T14:57:01.444+00:00 CAN id=101 dlc=8 data=d8cf0400a8610000
2026-07-07T14:57:01.464+00:00 CAN id=101 dlc=8 data=d8cf0400a8610000
2026-07-07T14:57:01.484+00:00 CAN id=101 dlc=8 data=d8cf0400a8610000
2026-07-07T14:57:01.504+00:00 CAN id=101 dlc=8 data=d8cf0400a8610000
2026-07-07T14:57:01.524+00:00 CAN id=101 dlc=8 data=d8cf0400a8610000
2026-07-07T14:57:01.529+00:00 VCP run=1 step=0 angle=314385 target=315352 err=967 steer=484 m1=0/11254 i1=461 t1=28 m2=-5/-5934 i2=-126 t2=27 steerMode=2660/-1446 iSteer=167825 driveMode=8594/1463 iDrive=293410 scale=0 wheel=25000
2026-07-07T14:57:01.529+00:00 VCP run=1 step=0 angle=314385 target=315352 err=967 steer=484 m1=0/11254 i1=434 t1=28 m2=4/-5934 i2=-210 t2=27 steerMode=2660/-170 iSteer=111977 driveMode=8594/164 iDrive=322065 scale=0 wheel=25000
2026-07-07T14:57:01.543+00:00 CAN id=101 dlc=8 data=d8cf0400a8610000
2026-07-07T14:57:01.564+00:00 CAN id=101 dlc=8 data=d8cf0400a8610000
2026-07-07T14:57:01.584+00:00 CAN id=101 dlc=8 data=d8cf0400a8610000
2026-07-07T14:57:01.604+00:00 CAN id=101 dlc=8 data=d8cf0400a8610000
2026-07-07T14:57:01.624+00:00 CAN id=101 dlc=8 data=d8cf0400a8610000
2026-07-07T14:57:01.634+00:00 VCP run=1 step=0 angle=314385 target=315352 err=967 steer=484 m1=0/11254 i1=451 t1=28 m2=0/-5934 i2=-229 t2=27 steerMode=2660/-2 iSteer=111172 driveMode=8594/2 iDrive=339787 scale=0 wheel=25000
2026-07-07T14:57:01.643+00:00 CAN id=101 dlc=8 data=d8cf0400a8610000
2026-07-07T14:57:01.664+00:00 CAN id=101 dlc=8 data=d8cf0400a8610000
2026-07-07T14:57:01.684+00:00 CAN id=101 dlc=8 data=d8cf0400a8610000
2026-07-07T14:57:01.704+00:00 CAN id=101 dlc=8 data=d8cf0400a8610000
2026-07-07T14:57:01.724+00:00 CAN id=101 dlc=8 data=d8cf0400a8610000
2026-07-07T14:57:01.740+00:00 VCP run=1 step=0 angle=314385 target=315352 err=967 steer=484 m1=0/11254 i1=475 t1=28 m2=0/-5934 i2=-237 t2=27 steerMode=2660/0 iSteer=118579 driveMode=8594/0 iDrive=355961 scale=0 wheel=25000
2026-07-07T14:57:01.744+00:00 CAN id=101 dlc=8 data=d8cf0400a8610000
2026-07-07T14:57:01.764+00:00 CAN id=101 dlc=8 data=d8cf0400a8610000
2026-07-07T14:57:01.784+00:00 CAN id=101 dlc=8 data=d8cf0400a8610000
2026-07-07T14:57:01.804+00:00 CAN id=101 dlc=8 data=d8cf0400a8610000
2026-07-07T14:57:01.824+00:00 CAN id=101 dlc=8 data=d8cf0400a8610000
2026-07-07T14:57:01.842+00:00 VCP run=1 step=0 angle=314385 target=315352 err=967 steer=484 m1=0/11254 i1=498 t1=28 m2=0/-5934 i2=-246 t2=27 steerMode=2660/0 iSteer=126079 driveMode=8594/0 iDrive=372118 scale=0 wheel=25000
2026-07-07T14:57:01.842+00:00 VCP SET_TARGET_RX steer=315352 wheel=25000
2026-07-07T14:57:01.843+00:00 CAN id=101 dlc=8 data=d8cf0400a8610000
2026-07-07T14:57:01.864+00:00 CAN id=101 dlc=8 data=d8cf0400a8610000
2026-07-07T14:57:01.884+00:00 CAN id=101 dlc=8 data=d8cf0400a8610000
2026-07-07T14:57:01.904+00:00 CAN id=101 dlc=8 data=d8cf0400a8610000
2026-07-07T14:57:01.924+00:00 CAN id=101 dlc=8 data=d8cf0400a8610000
2026-07-07T14:57:01.943+00:00 CAN id=101 dlc=8 data=d8cf0400a8610000
2026-07-07T14:57:01.964+00:00 CAN id=101 dlc=8 data=d8cf0400a8610000
2026-07-07T14:57:01.984+00:00 CAN id=101 dlc=8 data=d8cf0400a8610000
2026-07-07T14:57:02.004+00:00 CAN id=101 dlc=8 data=d8cf0400a8610000
2026-07-07T14:57:02.024+00:00 CAN id=101 dlc=8 data=d8cf0400a8610000
2026-07-07T14:57:02.032+00:00 VCP run=1 step=0 angle=314385 target=315352 err=967 steer=484 m1=0/11254 i1=522 t1=28 m2=0/-5934 i2=-255 t2=27 steerMode=2660/0 iSteer=133580 driveMode=8594/0 iDrive=388274 scale=0 wheel=25000
2026-07-07T14:57:02.032+00:00 VCP run=1 step=0 angle=314385 target=315352 err=967 steer=484 m1=0/11254 i1=545 t1=28 m2=0/-5934 i2=-263 t2=27 steerMode=2660/0 iSteer=141047 driveMode=8594/0 iDrive=404416 scale=0 wheel=25000
2026-07-07T14:57:02.043+00:00 CAN id=101 dlc=8 data=d8cf0400a8610000
2026-07-07T14:57:02.064+00:00 CAN id=101 dlc=8 data=d8cf0400a8610000
2026-07-07T14:57:02.084+00:00 CAN id=101 dlc=8 data=d8cf0400a8610000
2026-07-07T14:57:02.104+00:00 CAN id=101 dlc=8 data=d8cf0400a8610000
2026-07-07T14:57:02.124+00:00 CAN id=101 dlc=8 data=d8cf0400a8610000
2026-07-07T14:57:02.137+00:00 VCP run=1 step=0 angle=314385 target=315352 err=967 steer=484 m1=0/11254 i1=569 t1=28 m2=0/-5934 i2=-272 t2=27 steerMode=2660/0 iSteer=148558 driveMode=8594/0 iDrive=420573 scale=0 wheel=25000
2026-07-07T14:57:02.143+00:00 CAN id=101 dlc=8 data=d8cf0400a8610000
2026-07-07T14:57:02.164+00:00 CAN id=101 dlc=8 data=d8cf0400a8610000
2026-07-07T14:57:02.184+00:00 CAN id=101 dlc=8 data=d8cf0400a8610000
2026-07-07T14:57:02.204+00:00 CAN id=101 dlc=8 data=d8cf0400a8610000
2026-07-07T14:57:02.224+00:00 CAN id=101 dlc=8 data=d8cf0400a8610000
2026-07-07T14:57:02.243+00:00 VCP run=1 step=0 angle=314385 target=315352 err=967 steer=484 m1=0/11254 i1=593 t1=28 m2=0/-5934 i2=-281 t2=27 steerMode=2660/0 iSteer=156064 driveMode=8594/0 iDrive=436730 scale=0 wheel=25000
2026-07-07T14:57:02.243+00:00 CAN id=101 dlc=8 data=d8cf0400a8610000
2026-07-07T14:57:02.264+00:00 CAN id=101 dlc=8 data=d8cf0400a8610000
2026-07-07T14:57:02.284+00:00 CAN id=101 dlc=8 data=d8cf0400a8610000
2026-07-07T14:57:02.304+00:00 CAN id=101 dlc=8 data=d8cf0400a8610000
2026-07-07T14:57:02.324+00:00 CAN id=101 dlc=8 data=d8cf0400a8610000
2026-07-07T14:57:02.343+00:00 CAN id=101 dlc=8 data=d8cf0400a8610000
2026-07-07T14:57:02.364+00:00 CAN id=101 dlc=8 data=d8cf0400a8610000
2026-07-07T14:57:02.384+00:00 CAN id=101 dlc=8 data=d8cf0400a8610000
2026-07-07T14:57:02.404+00:00 CAN id=101 dlc=8 data=d8cf0400a8610000
2026-07-07T14:57:02.424+00:00 CAN id=101 dlc=8 data=d8cf0400a8610000
2026-07-07T14:57:02.429+00:00 VCP run=1 step=0 angle=314385 target=315352 err=967 steer=484 m1=0/11254 i1=616 t1=28 m2=0/-5934 i2=-289 t2=27 steerMode=2660/0 iSteer=163565 driveMode=8594/0 iDrive=452887 scale=0 wheel=25000
2026-07-07T14:57:02.429+00:00 VCP run=1 step=0 angle=314385 target=315352 err=967 steer=484 m1=0/11254 i1=640 t1=28 m2=0/-5934 i2=-298 t2=27 steerMode=2660/0 iSteer=171101 driveMode=8594/0 iDrive=469055 scale=0 wheel=25000
2026-07-07T14:57:02.429+00:00 VCP SET_TARGET_RX steer=315352 wheel=25000
2026-07-07T14:57:02.444+00:00 CAN id=101 dlc=8 data=d8cf0400a8610000
2026-07-07T14:57:02.464+00:00 CAN id=101 dlc=8 data=d8cf0400a8610000
2026-07-07T14:57:02.484+00:00 CAN id=101 dlc=8 data=d8cf0400a8610000
2026-07-07T14:57:02.504+00:00 CAN id=101 dlc=8 data=d8cf0400a8610000
2026-07-07T14:57:02.524+00:00 CAN id=101 dlc=8 data=d8cf0400a8610000
2026-07-07T14:57:02.534+00:00 VCP run=1 step=0 angle=314385 target=315352 err=967 steer=484 m1=0/11254 i1=664 t1=28 m2=0/-5934 i2=-306 t2=27 steerMode=2660/-16 iSteer=179368 driveMode=8594/16 iDrive=485046 scale=0 wheel=25000
2026-07-07T14:57:02.543+00:00 CAN id=101 dlc=8 data=d8cf0400a8610000
2026-07-07T14:57:02.564+00:00 CAN id=101 dlc=8 data=d8cf0400a8610000
2026-07-07T14:57:02.584+00:00 CAN id=101 dlc=8 data=d8cf0400a8610000
2026-07-07T14:57:02.604+00:00 CAN id=101 dlc=8 data=d8cf0400a8610000
2026-07-07T14:57:02.624+00:00 CAN id=101 dlc=8 data=d8cf0400a8610000
2026-07-07T14:57:02.640+00:00 VCP run=1 step=0 angle=314385 target=315352 err=967 steer=484 m1=0/11254 i1=687 t1=28 m2=0/-5934 i2=-315 t2=27 steerMode=2660/0 iSteer=186102 driveMode=8594/0 iDrive=501352 scale=0 wheel=25000
2026-07-07T14:57:02.644+00:00 CAN id=101 dlc=8 data=d8cf0400a8610000
2026-07-07T14:57:02.664+00:00 CAN id=101 dlc=8 data=d8cf0400a8610000
2026-07-07T14:57:02.684+00:00 CAN id=101 dlc=8 data=d8cf0400a8610000
2026-07-07T14:57:02.704+00:00 CAN id=101 dlc=8 data=d8cf0400a8610000
2026-07-07T14:57:02.724+00:00 CAN id=101 dlc=8 data=d8cf0400a8610000
2026-07-07T14:57:02.743+00:00 CAN id=101 dlc=8 data=d8cf0400a8610000
2026-07-07T14:57:02.764+00:00 CAN id=101 dlc=8 data=d8cf0400a8610000
2026-07-07T14:57:02.784+00:00 CAN id=101 dlc=8 data=d8cf0400a8610000
2026-07-07T14:57:02.804+00:00 CAN id=101 dlc=8 data=d8cf0400a8610000
2026-07-07T14:57:02.824+00:00 CAN id=101 dlc=8 data=d8cf0400a8610000
2026-07-07T14:57:02.829+00:00 VCP run=1 step=0 angle=314385 target=315352 err=967 steer=484 m1=0/11254 i1=711 t1=28 m2=0/-5934 i2=-324 t2=27 steerMode=2660/3 iSteer=193449 driveMode=8594/3 iDrive=517478 scale=0 wheel=25000
2026-07-07T14:57:02.829+00:00 VCP run=1 step=0 angle=314385 target=315352 err=967 steer=484 m1=0/11254 i1=735 t1=28 m2=0/-5934 i2=-333 t2=27 steerMode=2660/0 iSteer=201096 driveMode=8594/0 iDrive=533663 scale=0 wheel=25000
2026-07-07T14:57:02.843+00:00 CAN id=101 dlc=8 data=d8cf0400a8610000
2026-07-07T14:57:02.864+00:00 CAN id=101 dlc=8 data=d8cf0400a8610000
2026-07-07T14:57:02.884+00:00 CAN id=101 dlc=8 data=d8cf0400a8610000
2026-07-07T14:57:02.904+00:00 CAN id=101 dlc=8 data=d8cf0400a8610000
2026-07-07T14:57:02.924+00:00 CAN id=101 dlc=8 data=d8cf0400a8610000
2026-07-07T14:57:02.931+00:00 VCP run=1 step=0 angle=314385 target=315352 err=967 steer=484 m1=0/11254 i1=758 t1=28 m2=0/-5934 i2=-341 t2=27 steerMode=2660/0 iSteer=208606 driveMode=8594/0 iDrive=549820 scale=0 wheel=25000
2026-07-07T14:57:02.931+00:00 VCP SET_TARGET_RX steer=315352 wheel=25000
2026-07-07T14:57:02.944+00:00 CAN id=101 dlc=8 data=d8cf0400a8610000
2026-07-07T14:57:02.964+00:00 CAN id=101 dlc=8 data=d8cf0400a8610000
2026-07-07T14:57:02.984+00:00 CAN id=101 dlc=8 data=d8cf0400a8610000
2026-07-07T14:57:03.004+00:00 CAN id=101 dlc=8 data=d8cf0400a8610000
2026-07-07T14:57:03.024+00:00 CAN id=101 dlc=8 data=d8cf0400a8610000
2026-07-07T14:57:03.037+00:00 VCP run=1 step=0 angle=314385 target=315352 err=967 steer=484 m1=0/11254 i1=782 t1=28 m2=0/-5934 i2=-350 t2=27 steerMode=2660/-5 iSteer=216392 driveMode=8594/4 iDrive=565926 scale=0 wheel=25000
2026-07-07T14:57:03.044+00:00 CAN id=101 dlc=8 data=d8cf0400a8610000
2026-07-07T14:57:03.064+00:00 CAN id=101 dlc=8 data=d8cf0400a8610000
2026-07-07T14:57:03.084+00:00 CAN id=101 dlc=8 data=d8cf0400a8610000
2026-07-07T14:57:03.104+00:00 CAN id=101 dlc=8 data=d8cf0400a8610000
2026-07-07T14:57:03.124+00:00 CAN id=101 dlc=8 data=d8cf0400a8610000
2026-07-07T14:57:03.143+00:00 VCP run=1 step=0 angle=314385 target=315352 err=967 steer=484 m1=0/11254 i1=806 t1=28 m2=0/-5934 i2=-358 t2=27 steerMode=2660/0 iSteer=223643 driveMode=8594/0 iDrive=582118 scale=0 wheel=25000
2026-07-07T14:57:03.144+00:00 CAN id=101 dlc=8 data=d8cf0400a8610000
2026-07-07T14:57:03.164+00:00 CAN id=101 dlc=8 data=d8cf0400a8610000
2026-07-07T14:57:03.184+00:00 CAN id=101 dlc=8 data=d8cf0400a8610000
2026-07-07T14:57:03.204+00:00 CAN id=101 dlc=8 data=d8cf0400a8610000
2026-07-07T14:57:03.224+00:00 CAN id=101 dlc=8 data=d8cf0400a8610000
2026-07-07T14:57:03.244+00:00 CAN id=101 dlc=8 data=d8cf0400a8610000
2026-07-07T14:57:03.264+00:00 CAN id=101 dlc=8 data=d8cf0400a8610000
2026-07-07T14:57:03.284+00:00 CAN id=101 dlc=8 data=d8cf0400a8610000
2026-07-07T14:57:03.304+00:00 CAN id=101 dlc=8 data=d8cf0400a8610000
2026-07-07T14:57:03.324+00:00 CAN id=101 dlc=8 data=d8cf0400a8610000
2026-07-07T14:57:03.332+00:00 VCP run=1 step=0 angle=314385 target=315352 err=967 steer=484 m1=0/11254 i1=829 t1=28 m2=0/-5934 i2=-367 t2=27 steerMode=2660/-1 iSteer=231186 driveMode=8594/-1 iDrive=598289 scale=0 wheel=25000
2026-07-07T14:57:03.332+00:00 VCP run=1 step=0 angle=314385 target=315352 err=967 steer=484 m1=2/11254 i1=852 t1=28 m2=0/-5934 i2=-376 t2=27 steerMode=2660/17 iSteer=237808 driveMode=8594/17 iDrive=614267 scale=0 wheel=25000
2026-07-07T14:57:03.343+00:00 CAN id=101 dlc=8 data=d8cf0400a8610000
2026-07-07T14:57:03.364+00:00 CAN id=101 dlc=8 data=d8cf0400a8610000
2026-07-07T14:57:03.384+00:00 CAN id=101 dlc=8 data=d8cf0400a8610000
2026-07-07T14:57:03.404+00:00 CAN id=101 dlc=8 data=d8cf0400a8610000
2026-07-07T14:57:03.424+00:00 CAN id=101 dlc=8 data=d8cf0400a8610000
2026-07-07T14:57:03.434+00:00 VCP run=1 step=0 angle=314385 target=315352 err=967 steer=484 m1=0/11254 i1=877 t1=28 m2=0/-5934 i2=-384 t2=27 steerMode=2660/0 iSteer=246139 driveMode=8594/0 iDrive=630585 scale=0 wheel=25000
2026-07-07T14:57:03.434+00:00 VCP SET_TARGET_RX steer=315352 wheel=25000
2026-07-07T14:57:03.444+00:00 CAN id=101 dlc=8 data=d8cf0400a8610000
2026-07-07T14:57:03.464+00:00 CAN id=101 dlc=8 data=d8cf0400a8610000
2026-07-07T14:57:03.484+00:00 CAN id=101 dlc=8 data=d8cf0400a8610000
2026-07-07T14:57:03.504+00:00 CAN id=101 dlc=8 data=d8cf0400a8610000
2026-07-07T14:57:03.524+00:00 CAN id=101 dlc=8 data=d8cf0400a8610000
2026-07-07T14:57:03.540+00:00 VCP run=1 step=0 angle=314385 target=315352 err=967 steer=484 m1=0/11254 i1=900 t1=28 m2=0/-5934 i2=-393 t2=27 steerMode=2660/-1 iSteer=253716 driveMode=8594/1 iDrive=646724 scale=0 wheel=25000
2026-07-07T14:57:03.544+00:00 CAN id=101 dlc=8 data=d8cf0400a8610000
2026-07-07T14:57:03.564+00:00 CAN id=101 dlc=8 data=d8cf0400a8610000
2026-07-07T14:57:03.584+00:00 CAN id=101 dlc=8 data=d8cf0400a8610000
2026-07-07T14:57:03.604+00:00 CAN id=101 dlc=8 data=d8cf0400a8610000
2026-07-07T14:57:03.624+00:00 CAN id=101 dlc=8 data=d8cf0400a8610000
2026-07-07T14:57:03.644+00:00 CAN id=101 dlc=8 data=d8cf0400a8610000
2026-07-07T14:57:03.664+00:00 CAN id=101 dlc=8 data=d8cf0400a8610000
2026-07-07T14:57:03.684+00:00 CAN id=101 dlc=8 data=d8cf0400a8610000
2026-07-07T14:57:03.704+00:00 CAN id=101 dlc=8 data=d8cf0400a8610000
2026-07-07T14:57:03.724+00:00 CAN id=101 dlc=8 data=d8cf0400a8610000
2026-07-07T14:57:03.729+00:00 VCP run=1 step=0 angle=314385 target=315352 err=967 steer=484 m1=2/11254 i1=924 t1=28 m2=0/-5934 i2=-402 t2=27 steerMode=2660/2 iSteer=261034 driveMode=8594/3 iDrive=662867 scale=0 wheel=25000
2026-07-07T14:57:03.729+00:00 VCP run=1 step=0 angle=314385 target=315352 err=967 steer=484 m1=0/11254 i1=948 t1=28 m2=0/-5934 i2=-410 t2=27 steerMode=2660/0 iSteer=268623 driveMode=8594/0 iDrive=679032 scale=0 wheel=25000
2026-07-07T14:57:03.744+00:00 CAN id=101 dlc=8 data=d8cf0400a8610000
2026-07-07T14:57:03.764+00:00 CAN id=101 dlc=8 data=d8cf0400a8610000
2026-07-07T14:57:03.784+00:00 CAN id=101 dlc=8 data=d8cf0400a8610000
2026-07-07T14:57:03.804+00:00 CAN id=101 dlc=8 data=d8cf0400a8610000
2026-07-07T14:57:03.824+00:00 CAN id=101 dlc=8 data=d8cf0400a8610000
2026-07-07T14:57:03.835+00:00 VCP run=1 step=0 angle=314385 target=315352 err=967 steer=484 m1=0/11254 i1=971 t1=28 m2=0/-5934 i2=-419 t2=27 steerMode=2660/0 iSteer=276132 driveMode=8594/0 iDrive=695188 scale=0 wheel=25000
2026-07-07T14:57:03.844+00:00 CAN id=101 dlc=8 data=d8cf0400a8610000
2026-07-07T14:57:03.864+00:00 CAN id=101 dlc=8 data=d8cf0400a8610000
2026-07-07T14:57:03.884+00:00 CAN id=101 dlc=8 data=d8cf0400a8610000
2026-07-07T14:57:03.904+00:00 CAN id=101 dlc=8 data=d8cf0400a8610000
2026-07-07T14:57:03.924+00:00 CAN id=101 dlc=8 data=d8cf0400a8610000
2026-07-07T14:57:03.937+00:00 VCP run=1 step=0 angle=314385 target=315352 err=967 steer=484 m1=-3/11254 i1=995 t1=28 m2=0/-5934 i2=-428 t2=27 steerMode=2660/0 iSteer=283617 driveMode=8594/0 iDrive=711340 scale=0 wheel=25000
2026-07-07T14:57:03.937+00:00 VCP SET_TARGET_RX steer=315352 wheel=25000
2026-07-07T14:57:03.944+00:00 CAN id=101 dlc=8 data=d8cf0400a8610000
2026-07-07T14:57:03.964+00:00 CAN id=101 dlc=8 data=d8cf0400a8610000
2026-07-07T14:57:03.984+00:00 CAN id=101 dlc=8 data=d8cf0400a8610000
2026-07-07T14:57:04.004+00:00 CAN id=101 dlc=8 data=d8cf0400a8610000
2026-07-07T14:57:04.024+00:00 CAN id=101 dlc=8 data=d8cf0400a8610000
2026-07-07T14:57:04.043+00:00 VCP run=1 step=0 angle=314385 target=315352 err=967 steer=484 m1=0/11254 i1=1019 t1=28 m2=0/-5934 i2=-436 t2=27 steerMode=2660/1 iSteer=291087 driveMode=8594/1 iDrive=727486 scale=0 wheel=25000
2026-07-07T14:57:04.044+00:00 CAN id=101 dlc=8 data=d8cf0400a8610000
2026-07-07T14:57:04.064+00:00 CAN id=101 dlc=8 data=d8cf0400a8610000
2026-07-07T14:57:04.084+00:00 CAN id=101 dlc=8 data=d8cf0400a8610000
2026-07-07T14:57:04.104+00:00 CAN id=101 dlc=8 data=d8cf0400a8610000
2026-07-07T14:57:04.124+00:00 CAN id=101 dlc=8 data=d8cf0400a8610000
2026-07-07T14:57:04.143+00:00 CAN id=101 dlc=8 data=d8cf0400a8610000
2026-07-07T14:57:04.164+00:00 CAN id=101 dlc=8 data=d8cf0400a8610000
2026-07-07T14:57:04.184+00:00 CAN id=101 dlc=8 data=d8cf0400a8610000
2026-07-07T14:57:04.204+00:00 CAN id=101 dlc=8 data=d8cf0400a8610000
2026-07-07T14:57:04.224+00:00 CAN id=101 dlc=8 data=d8cf0400a8610000
2026-07-07T14:57:04.230+00:00 VCP run=1 step=0 angle=314561 target=315352 err=791 steer=396 m1=309/10770 i1=709 t1=28 m2=-7/-6417 i2=-671 t2=27 steerMode=2177/5060 iSteer=18814 driveMode=8594/5199 iDrive=689924 scale=0 wheel=25000
2026-07-07T14:57:04.230+00:00 VCP run=1 step=0 angle=317373 target=315352 err=-2021 steer=-1011 m1=435/3036 i1=344 t1=28 m2=-595/-14152 i2=-650 t2=27 steerMode=-5558/158 iSteer=-153113 driveMode=8594/23472 iDrive=497142 scale=0 wheel=25000
2026-07-07T14:57:04.244+00:00 CAN id=101 dlc=8 data=d8cf0400a8610000
2026-07-07T14:57:04.264+00:00 CAN id=101 dlc=8 data=d8cf0400a8610000
2026-07-07T14:57:04.284+00:00 CAN id=101 dlc=8 data=d8cf0400a8610000
2026-07-07T14:57:04.304+00:00 CAN id=101 dlc=8 data=d8cf0400a8610000
2026-07-07T14:57:04.324+00:00 CAN id=101 dlc=8 data=d8cf0400a8610000
2026-07-07T14:57:04.334+00:00 VCP run=1 step=0 angle=316406 target=315352 err=-1054 steer=-527 m1=736/5695 i1=313 t1=28 m2=-681/-11493 i2=-316 t2=27 steerMode=-2899/-248 iSteer=-1592 driveMode=8594/37423 iDrive=314785 scale=0 wheel=25000
2026-07-07T14:57:04.343+00:00 CAN id=101 dlc=8 data=d8cf0400a8610000
2026-07-07T14:57:04.364+00:00 CAN id=101 dlc=8 data=d8cf0400a8610000
2026-07-07T14:57:04.384+00:00 CAN id=101 dlc=8 data=d8cf0400a8610000
2026-07-07T14:57:04.404+00:00 CAN id=101 dlc=8 data=d8cf0400a8610000
2026-07-07T14:57:04.424+00:00 CAN id=101 dlc=8 data=d8cf0400a8610000
2026-07-07T14:57:04.435+00:00 VCP run=1 step=0 angle=316934 target=315352 err=-1582 steer=-791 m1=770/4244 i1=116 t1=28 m2=-741/-12943 i2=-331 t2=27 steerMode=-4349/155 iSteer=-107418 driveMode=8594/40708 iDrive=223483 scale=0 wheel=25000
2026-07-07T14:57:04.435+00:00 VCP SET_TARGET_RX steer=315352 wheel=25000
2026-07-07T14:57:04.444+00:00 CAN id=101 dlc=8 data=d8cf0400a8610000
2026-07-07T14:57:04.464+00:00 CAN id=101 dlc=8 data=d8cf0400a8610000
2026-07-07T14:57:04.484+00:00 CAN id=101 dlc=8 data=d8cf0400a8610000
2026-07-07T14:57:04.504+00:00 CAN id=101 dlc=8 data=d8cf0400a8610000
2026-07-07T14:57:04.524+00:00 CAN id=101 dlc=8 data=d8cf0400a8610000
2026-07-07T14:57:04.539+00:00 VCP run=1 step=0 angle=316758 target=315352 err=-1406 steer=-703 m1=755/4728 i1=128 t1=28 m2=-735/-12460 i2=-234 t2=27 steerMode=-3866/-641 iSteer=-53060 driveMode=8594/39150 iDrive=180801 scale=0 wheel=25000
2026-07-07T14:57:04.543+00:00 CAN id=101 dlc=8 data=d8cf0400a8610000
2026-07-07T14:57:04.564+00:00 CAN id=101 dlc=8 data=d8cf0400a8610000
2026-07-07T14:57:04.584+00:00 CAN id=101 dlc=8 data=d8cf0400a8610000
2026-07-07T14:57:04.606+00:00 CAN id=101 dlc=8 data=d8cf0400a8610000
2026-07-07T14:57:04.624+00:00 CAN id=101 dlc=8 data=d8cf0400a8610000
2026-07-07T14:57:04.644+00:00 CAN id=101 dlc=8 data=d8cf0400a8610000
2026-07-07T14:57:04.644+00:00 VCP run=1 step=0 angle=316582 target=315352 err=-1230 steer=-615 m1=665/5211 i1=116 t1=28 m2=-704/-11976 i2=-173 t2=27 steerMode=-3383/-818 iSteer=-28525 driveMode=8594/37256 iDrive=144673 scale=0 wheel=25000
2026-07-07T14:57:04.664+00:00 CAN id=101 dlc=8 data=d8cf0400a8610000
2026-07-07T14:57:04.684+00:00 CAN id=101 dlc=8 data=d8cf0400a8610000
2026-07-07T14:57:04.704+00:00 CAN id=101 dlc=8 data=d8cf0400a8610000
2026-07-07T14:57:04.724+00:00 CAN id=101 dlc=8 data=d8cf0400a8610000
2026-07-07T14:57:04.744+00:00 CAN id=101 dlc=8 data=d8cf0400a8610000
2026-07-07T14:57:04.764+00:00 CAN id=101 dlc=8 data=d8cf0400a8610000
2026-07-07T14:57:04.784+00:00 CAN id=101 dlc=8 data=d8cf0400a8610000
2026-07-07T14:57:04.804+00:00 CAN id=101 dlc=8 data=d8cf0400a8610000
2026-07-07T14:57:04.824+00:00 CAN id=101 dlc=8 data=d8cf0400a8610000
2026-07-07T14:57:04.831+00:00 VCP run=1 step=0 angle=316143 target=315352 err=-791 steer=-395 m1=682/6420 i1=82 t1=28 m2=-624/-10768 i2=-156 t2=27 steerMode=-2174/454 iSteer=-36961 driveMode=8594/34729 iDrive=118748 scale=0 wheel=25000
2026-07-07T14:57:04.831+00:00 VCP run=1 step=0 angle=316055 target=315352 err=-703 steer=-351 m1=556/6661 i1=105 t1=28 m2=-566/-10526 i2=-120 t2=27 steerMode=-1932/-20 iSteer=-7641 driveMode=8594/30890 iDrive=112287 scale=0 wheel=25000
2026-07-07T14:57:04.844+00:00 CAN id=101 dlc=8 data=d8cf0400a8610000
2026-07-07T14:57:04.863+00:00 CAN id=101 dlc=8 data=d8cf0400a8610000
2026-07-07T14:57:04.884+00:00 CAN id=101 dlc=8 data=d8cf0400a8610000
2026-07-07T14:57:04.904+00:00 CAN id=101 dlc=8 data=d8cf0400a8610000
2026-07-07T14:57:04.924+00:00 CAN id=101 dlc=8 data=d8cf0400a8610000
2026-07-07T14:57:04.932+00:00 VCP run=1 step=0 angle=316055 target=315352 err=-703 steer=-351 m1=487/6661 i1=106 t1=28 m2=-503/-10526 i2=-122 t2=27 steerMode=-1932/-129 iSteer=-7544 driveMode=8594/26952 iDrive=114019 scale=0 wheel=25000
2026-07-07T14:57:04.932+00:00 VCP SET_TARGET_RX steer=315352 wheel=25000
2026-07-07T14:57:04.944+00:00 CAN id=101 dlc=8 data=d8cf0400a8610000
2026-07-07T14:57:04.964+00:00 CAN id=101 dlc=8 data=d8cf0400a8610000
2026-07-07T14:57:04.984+00:00 CAN id=101 dlc=8 data=d8cf0400a8610000
2026-07-07T14:57:05.004+00:00 CAN id=101 dlc=8 data=d8cf0400a8610000
2026-07-07T14:57:05.024+00:00 CAN id=101 dlc=8 data=d8cf0400a8610000
2026-07-07T14:57:05.036+00:00 VCP run=1 step=0 angle=316055 target=315352 err=-703 steer=-351 m1=418/6661 i1=101 t1=28 m2=-388/-10526 i2=-132 t2=27 steerMode=-1932/-64 iSteer=-15325 driveMode=8594/23618 iDrive=116299 scale=0 wheel=25000
2026-07-07T14:57:05.044+00:00 CAN id=101 dlc=8 data=d8cf0400a8610000
2026-07-07T14:57:05.064+00:00 CAN id=101 dlc=8 data=d8cf0400a8610000
2026-07-07T14:57:05.084+00:00 CAN id=101 dlc=8 data=d8cf0400a8610000
2026-07-07T14:57:05.104+00:00 CAN id=101 dlc=8 data=d8cf0400a8610000
2026-07-07T14:57:05.124+00:00 CAN id=101 dlc=8 data=d8cf0400a8610000
2026-07-07T14:57:05.141+00:00 VCP run=1 step=0 angle=316143 target=315352 err=-791 steer=-395 m1=357/6420 i1=99 t1=28 m2=-371/-10768 i2=-148 t2=27 steerMode=-2174/-231 iSteer=-24210 driveMode=8594/20412 iDrive=123667 scale=0 wheel=25000
2026-07-07T14:57:05.143+00:00 CAN id=101 dlc=8 data=d8cf0400a8610000
2026-07-07T14:57:05.164+00:00 CAN id=101 dlc=8 data=d8cf0400a8610000
2026-07-07T14:57:05.184+00:00 CAN id=101 dlc=8 data=d8cf0400a8610000
2026-07-07T14:57:05.204+00:00 CAN id=101 dlc=8 data=d8cf0400a8610000
2026-07-07T14:57:05.224+00:00 CAN id=101 dlc=8 data=d8cf0400a8610000
2026-07-07T14:57:05.244+00:00 CAN id=101 dlc=8 data=d8cf0400a8610000
2026-07-07T14:57:05.245+00:00 VCP run=1 step=0 angle=316143 target=315352 err=-791 steer=-395 m1=320/6420 i1=113 t1=28 m2=-298/-10768 i2=-151 t2=27 steerMode=-2174/-443 iSteer=-18686 driveMode=8594/17628 iDrive=132139 scale=0 wheel=25000
2026-07-07T14:57:05.264+00:00 CAN id=101 dlc=8 data=d8cf0400a8610000
2026-07-07T14:57:05.284+00:00 CAN id=101 dlc=8 data=d8cf0400a8610000
2026-07-07T14:57:05.304+00:00 CAN id=101 dlc=8 data=d8cf0400a8610000
2026-07-07T14:57:05.324+00:00 CAN id=101 dlc=8 data=d8cf0400a8610000
2026-07-07T14:57:05.343+00:00 CAN id=101 dlc=8 data=d8cf0400a8610000
2026-07-07T14:57:05.364+00:00 CAN id=101 dlc=8 data=d8cf0400a8610000
2026-07-07T14:57:05.384+00:00 CAN id=101 dlc=8 data=d8cf0400a8610000
2026-07-07T14:57:05.404+00:00 CAN id=101 dlc=8 data=d8cf0400a8610000
2026-07-07T14:57:05.424+00:00 CAN id=101 dlc=8 data=d8cf0400a8610000
2026-07-07T14:57:05.429+00:00 VCP run=1 step=0 angle=316055 target=315352 err=-703 steer=-351 m1=269/6661 i1=124 t1=28 m2=-323/-10526 i2=-164 t2=27 steerMode=-1932/-265 iSteer=-20245 driveMode=8594/14967 iDrive=144050 scale=0 wheel=25000
2026-07-07T14:57:05.429+00:00 VCP run=1 step=0 angle=316055 target=315352 err=-703 steer=-351 m1=230/6661 i1=131 t1=28 m2=-285/-10526 i2=-189 t2=27 steerMode=-1932/-195 iSteer=-29245 driveMode=8594/12602 iDrive=159918 scale=0 wheel=25000
2026-07-07T14:57:05.429+00:00 VCP SET_TARGET_RX steer=315352 wheel=25000
2026-07-07T14:57:05.444+00:00 CAN id=101 dlc=8 data=d8cf0400a8610000
2026-07-07T14:57:05.464+00:00 CAN id=101 dlc=8 data=d8cf0400a8610000
2026-07-07T14:57:05.484+00:00 CAN id=101 dlc=8 data=d8cf0400a8610000
2026-07-07T14:57:05.504+00:00 CAN id=101 dlc=8 data=d8cf0400a8610000
2026-07-07T14:57:05.524+00:00 CAN id=101 dlc=8 data=d8cf0400a8610000
2026-07-07T14:57:05.533+00:00 VCP run=1 step=0 angle=316143 target=315352 err=-791 steer=-395 m1=194/6420 i1=122 t1=28 m2=-252/-10768 i2=-210 t2=27 steerMode=-2174/-246 iSteer=-43618 driveMode=8594/11995 iDrive=165983 scale=0 wheel=25000
2026-07-07T14:57:05.543+00:00 CAN id=101 dlc=8 data=d8cf0400a8610000
2026-07-07T14:57:05.564+00:00 CAN id=101 dlc=8 data=d8cf0400a8610000
2026-07-07T14:57:05.584+00:00 CAN id=101 dlc=8 data=d8cf0400a8610000
2026-07-07T14:57:05.604+00:00 CAN id=101 dlc=8 data=d8cf0400a8610000
2026-07-07T14:57:05.624+00:00 CAN id=101 dlc=8 data=d8cf0400a8610000
2026-07-07T14:57:05.637+00:00 VCP run=1 step=0 angle=316055 target=315352 err=-703 steer=-351 m1=184/6661 i1=132 t1=28 m2=-176/-10526 i2=-210 t2=27 steerMode=-1932/-186 iSteer=-39312 driveMode=8594/11500 iDrive=170940 scale=0 wheel=25000
2026-07-07T14:57:05.644+00:00 CAN id=101 dlc=8 data=d8cf0400a8610000
2026-07-07T14:57:05.664+00:00 CAN id=101 dlc=8 data=d8cf0400a8610000
2026-07-07T14:57:05.684+00:00 CAN id=101 dlc=8 data=d8cf0400a8610000
2026-07-07T14:57:05.704+00:00 CAN id=101 dlc=8 data=d8cf0400a8610000
2026-07-07T14:57:05.724+00:00 CAN id=101 dlc=8 data=d8cf0400a8610000
2026-07-07T14:57:05.742+00:00 VCP run=1 step=0 angle=316055 target=315352 err=-703 steer=-351 m1=192/6661 i1=96 t1=28 m2=-189/-10526 i2=-266 t2=27 steerMode=-1932/614 iSteer=-85223 driveMode=8594/10467 iDrive=181266 scale=0 wheel=25000
2026-07-07T14:57:05.744+00:00 CAN id=101 dlc=8 data=d8cf0400a8610000
2026-07-07T14:57:05.764+00:00 CAN id=101 dlc=8 data=d8cf0400a8610000
2026-07-07T14:57:05.784+00:00 CAN id=101 dlc=8 data=d8cf0400a8610000
2026-07-07T14:57:05.804+00:00 CAN id=101 dlc=8 data=d8cf0400a8610000
2026-07-07T14:57:05.824+00:00 CAN id=101 dlc=8 data=d8cf0400a8610000
2026-07-07T14:57:05.844+00:00 CAN id=101 dlc=8 data=d8cf0400a8610000
2026-07-07T14:57:05.846+00:00 VCP run=1 step=0 angle=315967 target=315352 err=-615 steer=-307 m1=165/6903 i1=167 t1=28 m2=-268/-10284 i2=-211 t2=27 steerMode=-1691/-512 iSteer=-21921 driveMode=8594/9720 iDrive=188737 scale=0 wheel=25000
2026-07-07T14:57:05.846+00:00 VCP run=1 step=0 angle=316055 target=315352 err=-703 steer=-351 m1=156/6661 i1=90 t1=28 m2=-109/-10526 i2=-307 t2=27 steerMode=-1932/886 iSteer=-108947 driveMode=8594/8746 iDrive=198477 scale=0 wheel=25000
2026-07-07T14:57:05.864+00:00 CAN id=101 dlc=8 data=d8cf0400a8610000
2026-07-07T14:57:05.884+00:00 CAN id=101 dlc=8 data=d8cf0400a8610000
2026-07-07T14:57:05.904+00:00 CAN id=101 dlc=8 data=d8cf0400a8610000
2026-07-07T14:57:05.924+00:00 CAN id=101 dlc=8 data=d8cf0400a8610000
2026-07-07T14:57:05.944+00:00 CAN id=101 dlc=8 data=d8cf0400a8610000
2026-07-07T14:57:05.964+00:00 CAN id=101 dlc=8 data=d8cf0400a8610000
2026-07-07T14:57:05.984+00:00 CAN id=101 dlc=8 data=d8cf0400a8610000
2026-07-07T14:57:06.004+00:00 CAN id=101 dlc=8 data=d8cf0400a8610000
2026-07-07T14:57:06.024+00:00 CAN id=101 dlc=8 data=d8cf0400a8610000
2026-07-07T14:57:06.030+00:00 VCP SET_TARGET_RX steer=315352 wheel=25000
2026-07-07T14:57:06.030+00:00 VCP run=1 step=0 angle=316055 target=315352 err=-703 steer=-351 m1=136/6661 i1=126 t1=28 m2=-101/-10526 i2=-304 t2=27 steerMode=-1932/384 iSteer=-89118 driveMode=8594/7212 iDrive=214821 scale=0 wheel=25000
2026-07-07T14:57:06.044+00:00 CAN id=101 dlc=8 data=d8cf0400a8610000
2026-07-07T14:57:06.064+00:00 CAN id=101 dlc=8 data=d8cf0400a8610000
2026-07-07T14:57:06.084+00:00 CAN id=101 dlc=8 data=d8cf0400a8610000
2026-07-07T14:57:06.104+00:00 CAN id=101 dlc=8 data=d8cf0400a8610000
2026-07-07T14:57:06.124+00:00 CAN id=101 dlc=8 data=d8cf0400a8610000
2026-07-07T14:57:06.134+00:00 VCP run=1 step=0 angle=316143 target=315352 err=-791 steer=-395 m1=94/6420 i1=148 t1=28 m2=-174/-10768 i2=-312 t2=27 steerMode=-2174/-131 iSteer=-82114 driveMode=8594/6054 iDrive=230121 scale=0 wheel=25000
2026-07-07T14:57:06.144+00:00 CAN id=101 dlc=8 data=d8cf0400a8610000
2026-07-07T14:57:06.164+00:00 CAN id=101 dlc=8 data=d8cf0400a8610000
2026-07-07T14:57:06.184+00:00 CAN id=101 dlc=8 data=d8cf0400a8610000
2026-07-07T14:57:06.204+00:00 CAN id=101 dlc=8 data=d8cf0400a8610000
2026-07-07T14:57:06.224+00:00 CAN id=101 dlc=8 data=d8cf0400a8610000
2026-07-07T14:57:06.239+00:00 VCP run=1 step=0 angle=316143 target=315352 err=-791 steer=-395 m1=62/6420 i1=168 t1=28 m2=-122/-10768 i2=-303 t2=27 steerMode=-2174/-532 iSteer=-67556 driveMode=8594/6013 iDrive=235899 scale=0 wheel=25000
2026-07-07T14:57:06.243+00:00 CAN id=101 dlc=8 data=d8cf0400a8610000
2026-07-07T14:57:06.264+00:00 CAN id=101 dlc=8 data=d8cf0400a8610000
2026-07-07T14:57:06.284+00:00 CAN id=101 dlc=8 data=d8cf0400a8610000
2026-07-07T14:57:06.304+00:00 CAN id=101 dlc=8 data=d8cf0400a8610000
2026-07-07T14:57:06.324+00:00 CAN id=101 dlc=8 data=d8cf0400a8610000
2026-07-07T14:57:06.343+00:00 VCP run=1 step=0 angle=315967 target=315352 err=-615 steer=-307 m1=142/6903 i1=160 t1=28 m2=-118/-10284 i2=-285 t2=27 steerMode=-1691/-204 iSteer=-62510 driveMode=8594/7707 iDrive=222325 scale=0 wheel=25000
2026-07-07T14:57:06.343+00:00 CAN id=101 dlc=8 data=d8cf0400a8610000
2026-07-07T14:57:06.364+00:00 CAN id=101 dlc=8 data=d8cf0400a8610000
2026-07-07T14:57:06.384+00:00 CAN id=101 dlc=8 data=d8cf0400a8610000
2026-07-07T14:57:06.404+00:00 CAN id=101 dlc=8 data=d8cf0400a8610000
2026-07-07T14:57:06.424+00:00 CAN id=101 dlc=8 data=d8cf0400a8610000
2026-07-07T14:57:06.444+00:00 CAN id=101 dlc=8 data=d8cf0400a8610000
2026-07-07T14:57:06.444+00:00 VCP run=1 step=0 angle=315967 target=315352 err=-615 steer=-307 m1=129/6903 i1=173 t1=28 m2=-132/-10284 i2=-284 t2=27 steerMode=-1691/-464 iSteer=-55255 driveMode=8594/7361 iDrive=228341 scale=0 wheel=25000
2026-07-07T14:57:06.444+00:00 VCP SET_TARGET_RX steer=315352 wheel=25000
2026-07-07T14:57:06.464+00:00 CAN id=101 dlc=8 data=d8cf0400a8610000
2026-07-07T14:57:06.484+00:00 CAN id=101 dlc=8 data=d8cf0400a8610000
2026-07-07T14:57:06.504+00:00 CAN id=101 dlc=8 data=d8cf0400a8610000
2026-07-07T14:57:06.524+00:00 CAN id=101 dlc=8 data=d8cf0400a8610000
2026-07-07T14:57:06.543+00:00 CAN id=101 dlc=8 data=d8cf0400a8610000
2026-07-07T14:57:06.564+00:00 CAN id=101 dlc=8 data=d8cf0400a8610000
2026-07-07T14:57:06.584+00:00 CAN id=101 dlc=8 data=d8cf0400a8610000
2026-07-07T14:57:06.604+00:00 CAN id=101 dlc=8 data=d8cf0400a8610000
2026-07-07T14:57:06.624+00:00 CAN id=101 dlc=8 data=d8cf0400a8610000
2026-07-07T14:57:06.631+00:00 VCP run=1 step=0 angle=315879 target=315352 err=-527 steer=-263 m1=163/7145 i1=153 t1=28 m2=-130/-10043 i2=-277 t2=27 steerMode=-1449/-141 iSteer=-62365 driveMode=8594/8810 iDrive=215080 scale=0 wheel=25000
2026-07-07T14:57:06.631+00:00 VCP run=1 step=0 angle=315879 target=315352 err=-527 steer=-263 m1=188/7145 i1=149 t1=28 m2=-118/-10043 i2=-297 t2=27 steerMode=-1449/-5 iSteer=-73785 driveMode=8594/8093 iDrive=222917 scale=0 wheel=25000
2026-07-07T14:57:06.643+00:00 CAN id=101 dlc=8 data=d8cf0400a8610000
2026-07-07T14:57:06.664+00:00 CAN id=101 dlc=8 data=d8cf0400a8610000
2026-07-07T14:57:06.684+00:00 CAN id=101 dlc=8 data=d8cf0400a8610000
2026-07-07T14:57:06.704+00:00 CAN id=101 dlc=8 data=d8cf0400a8610000
2026-07-07T14:57:06.724+00:00 CAN id=101 dlc=8 data=d8cf0400a8610000
2026-07-07T14:57:06.736+00:00 VCP run=1 step=0 angle=315879 target=315352 err=-527 steer=-263 m1=129/7145 i1=160 t1=28 m2=-124/-10043 i2=-295 t2=27 steerMode=-1449/-207 iSteer=-67622 driveMode=8594/7761 iDrive=227834 scale=0 wheel=25000
2026-07-07T14:57:06.744+00:00 CAN id=101 dlc=8 data=d8cf0400a8610000
2026-07-07T14:57:06.764+00:00 CAN id=101 dlc=8 data=d8cf0400a8610000
2026-07-07T14:57:06.784+00:00 CAN id=101 dlc=8 data=d8cf0400a8610000
2026-07-07T14:57:06.804+00:00 CAN id=101 dlc=8 data=d8cf0400a8610000
2026-07-07T14:57:06.824+00:00 CAN id=101 dlc=8 data=d8cf0400a8610000
2026-07-07T14:57:06.840+00:00 VCP run=1 step=0 angle=315879 target=315352 err=-527 steer=-263 m1=163/7145 i1=188 t1=28 m2=-229/-10043 i2=-243 t2=27 steerMode=-1449/-1068 iSteer=-27703 driveMode=8594/9084 iDrive=215554 scale=0 wheel=25000
2026-07-07T14:57:06.844+00:00 CAN id=101 dlc=8 data=d8cf0400a8610000
2026-07-07T14:57:06.864+00:00 CAN id=101 dlc=8 data=d8cf0400a8610000
2026-07-07T14:57:06.884+00:00 CAN id=101 dlc=8 data=d8cf0400a8610000
2026-07-07T14:57:06.904+00:00 CAN id=101 dlc=8 data=d8cf0400a8610000
2026-07-07T14:57:06.924+00:00 CAN id=101 dlc=8 data=d8cf0400a8610000
2026-07-07T14:57:06.942+00:00 VCP run=1 step=0 angle=315791 target=315352 err=-439 steer=0 m1=200/8594 i1=139 t1=28 m2=-137/-8594 i2=-276 t2=27 steerMode=0/1194 iSteer=-68481 driveMode=8594/9655 iDrive=207565 scale=0 wheel=25000
2026-07-07T14:57:06.942+00:00 VCP SET_TARGET_RX steer=315352 wheel=25000
2026-07-07T14:57:06.943+00:00 CAN id=101 dlc=8 data=d8cf0400a8610000
2026-07-07T14:57:06.964+00:00 CAN id=101 dlc=8 data=d8cf0400a8610000
2026-07-07T14:57:06.984+00:00 CAN id=101 dlc=8 data=d8cf0400a8610000
2026-07-07T14:57:07.004+00:00 CAN id=101 dlc=8 data=d8cf0400a8610000
2026-07-07T14:57:07.024+00:00 CAN id=101 dlc=8 data=d8cf0400a8610000
2026-07-07T14:57:07.044+00:00 CAN id=101 dlc=8 data=d8cf0400a8610000
2026-07-07T14:57:07.064+00:00 CAN id=101 dlc=8 data=d8cf0400a8610000
2026-07-07T14:57:07.084+00:00 CAN id=101 dlc=8 data=d8cf0400a8610000
2026-07-07T14:57:07.104+00:00 CAN id=101 dlc=8 data=d8cf0400a8610000
2026-07-07T14:57:07.124+00:00 CAN id=101 dlc=8 data=d8cf0400a8610000
2026-07-07T14:57:07.129+00:00 VCP run=1 step=0 angle=315791 target=315352 err=-439 steer=0 m1=167/8594 i1=249 t1=28 m2=-155/-8594 i2=-169 t2=27 steerMode=0/-1059 iSteer=39852 driveMode=8594/9317 iDrive=209228 scale=0 wheel=25000
2026-07-07T14:57:07.129+00:00 VCP run=1 step=0 angle=315879 target=315352 err=-527 steer=-263 m1=192/7145 i1=109 t1=28 m2=-172/-10043 i2=-300 t2=27 steerMode=-1449/179 iSteer=-95835 driveMode=8594/9648 iDrive=204550 scale=0 wheel=25000
2026-07-07T14:57:07.143+00:00 CAN id=101 dlc=8 data=d8cf0400a8610000
2026-07-07T14:57:07.164+00:00 CAN id=101 dlc=8 data=d8cf0400a8610000
2026-07-07T14:57:07.184+00:00 CAN id=101 dlc=8 data=d8cf0400a8610000
2026-07-07T14:57:07.204+00:00 CAN id=101 dlc=8 data=d8cf0400a8610000
2026-07-07T14:57:07.224+00:00 CAN id=101 dlc=8 data=d8cf0400a8610000
2026-07-07T14:57:07.234+00:00 VCP run=1 step=0 angle=315703 target=315352 err=-351 steer=0 m1=213/8594 i1=155 t1=28 m2=-128/-8594 i2=-239 t2=27 steerMode=0/572 iSteer=-42386 driveMode=8594/10095 iDrive=196902 scale=0 wheel=25000
2026-07-07T14:57:07.244+00:00 CAN id=101 dlc=8 data=d8cf0400a8610000
2026-07-07T14:57:07.264+00:00 CAN id=101 dlc=8 data=d8cf0400a8610000
2026-07-07T14:57:07.284+00:00 CAN id=101 dlc=8 data=d8cf0400a8610000
2026-07-07T14:57:07.304+00:00 CAN id=101 dlc=8 data=d8cf0400a8610000
2026-07-07T14:57:07.324+00:00 CAN id=101 dlc=8 data=d8cf0400a8610000
2026-07-07T14:57:07.340+00:00 VCP run=1 step=0 angle=315703 target=315352 err=-351 steer=0 m1=194/8594 i1=185 t1=28 m2=-168/-8594 i2=-197 t2=27 steerMode=0/-175 iSteer=-5803 driveMode=8594/10414 iDrive=190785 scale=0 wheel=25000
2026-07-07T14:57:07.344+00:00 CAN id=101 dlc=8 data=d8cf0400a8610000
2026-07-07T14:57:07.364+00:00 CAN id=101 dlc=8 data=d8cf0400a8610000
2026-07-07T14:57:07.384+00:00 CAN id=101 dlc=8 data=d8cf0400a8610000
2026-07-07T14:57:07.404+00:00 CAN id=101 dlc=8 data=d8cf0400a8610000
2026-07-07T14:57:07.424+00:00 CAN id=101 dlc=8 data=d8cf0400a8610000
2026-07-07T14:57:07.441+00:00 VCP run=1 step=0 angle=315791 target=315352 err=-439 steer=0 m1=215/8594 i1=174 t1=28 m2=-229/-8594 i2=-187 t2=27 steerMode=0/-166 iSteer=-6564 driveMode=8594/11084 iDrive=180271 scale=0 wheel=25000
2026-07-07T14:57:07.441+00:00 VCP SET_TARGET_RX steer=315352 wheel=25000
2026-07-07T14:57:07.443+00:00 CAN id=101 dlc=8 data=d8cf0400a8610000
2026-07-07T14:57:07.464+00:00 CAN id=101 dlc=8 data=d8cf0400a8610000
2026-07-07T14:57:07.484+00:00 CAN id=101 dlc=8 data=d8cf0400a8610000
2026-07-07T14:57:07.504+00:00 CAN id=101 dlc=8 data=d8cf0400a8610000
2026-07-07T14:57:07.524+00:00 CAN id=101 dlc=8 data=d8cf0400a8610000
2026-07-07T14:57:07.543+00:00 CAN id=101 dlc=8 data=d8cf0400a8610000
2026-07-07T14:57:07.564+00:00 CAN id=101 dlc=8 data=d8cf0400a8610000
2026-07-07T14:57:07.584+00:00 CAN id=101 dlc=8 data=d8cf0400a8610000
2026-07-07T14:57:07.604+00:00 CAN id=101 dlc=8 data=d8cf0400a8610000
2026-07-07T14:57:07.624+00:00 CAN id=101 dlc=8 data=d8cf0400a8610000
2026-07-07T14:57:07.629+00:00 VCP run=1 step=0 angle=315879 target=315352 err=-527 steer=-263 m1=167/7145 i1=144 t1=28 m2=-287/-10043 i2=-215 t2=27 steerMode=-1449/-1075 iSteer=-35881 driveMode=8594/10732 iDrive=179472 scale=0 wheel=25000
2026-07-07T14:57:07.629+00:00 VCP run=1 step=0 angle=315703 target=315352 err=-351 steer=0 m1=251/8594 i1=147 t1=28 m2=-245/-8594 i2=-217 t2=27 steerMode=0/390 iSteer=-34649 driveMode=8594/10390 iDrive=182034 scale=0 wheel=25000
2026-07-07T14:57:07.644+00:00 CAN id=101 dlc=8 data=d8cf0400a8610000
2026-07-07T14:57:07.664+00:00 CAN id=101 dlc=8 data=d8cf0400a8610000
2026-07-07T14:57:07.684+00:00 CAN id=101 dlc=8 data=d8cf0400a8610000
2026-07-07T14:57:07.704+00:00 CAN id=101 dlc=8 data=d8cf0400a8610000
2026-07-07T14:57:07.724+00:00 CAN id=101 dlc=8 data=d8cf0400a8610000
2026-07-07T14:57:07.734+00:00 VCP run=1 step=0 angle=315791 target=315352 err=-439 steer=0 m1=192/8594 i1=173 t1=28 m2=-153/-8594 i2=-205 t2=27 steerMode=0/5 iSteer=-16332 driveMode=8594/9707 iDrive=188867 scale=0 wheel=25000
2026-07-07T14:57:07.744+00:00 CAN id=101 dlc=8 data=d8cf0400a8610000
2026-07-07T14:57:07.764+00:00 CAN id=101 dlc=8 data=d8cf0400a8610000
2026-07-07T14:57:07.784+00:00 CAN id=101 dlc=8 data=d8cf0400a8610000
2026-07-07T14:57:07.804+00:00 CAN id=101 dlc=8 data=d8cf0400a8610000
2026-07-07T14:57:07.824+00:00 CAN id=101 dlc=8 data=d8cf0400a8610000
2026-07-07T14:57:07.839+00:00 VCP run=1 step=0 angle=315791 target=315352 err=-439 steer=0 m1=186/8594 i1=193 t1=28 m2=-172/-8594 i2=-186 t2=27 steerMode=0/-388 iSteer=3522 driveMode=8594/9631 iDrive=189624 scale=0 wheel=25000
2026-07-07T14:57:07.843+00:00 CAN id=101 dlc=8 data=d8cf0400a8610000
2026-07-07T14:57:07.864+00:00 CAN id=101 dlc=8 data=d8cf0400a8610000
2026-07-07T14:57:07.884+00:00 CAN id=101 dlc=8 data=d8cf0400a8610000
2026-07-07T14:57:07.904+00:00 CAN id=101 dlc=8 data=d8cf0400a8610000
2026-07-07T14:57:07.924+00:00 CAN id=101 dlc=8 data=d8cf0400a8610000
2026-07-07T14:57:07.941+00:00 VCP run=1 step=0 angle=315791 target=315352 err=-439 steer=0 m1=188/8594 i1=176 t1=28 m2=-203/-8594 i2=-184 t2=27 steerMode=0/-229 iSteer=-3674 driveMode=8594/10586 iDrive=180078 scale=0 wheel=25000
2026-07-07T14:57:07.941+00:00 VCP SET_TARGET_RX steer=315352 wheel=25000
2026-07-07T14:57:07.943+00:00 CAN id=101 dlc=8 data=d8cf0400a8610000
2026-07-07T14:57:07.964+00:00 CAN id=101 dlc=8 data=d8cf0400a8610000
2026-07-07T14:57:07.984+00:00 CAN id=101 dlc=8 data=d8cf0400a8610000
2026-07-07T14:57:08.004+00:00 CAN id=101 dlc=8 data=d8cf0400a8610000
2026-07-07T14:57:08.024+00:00 CAN id=101 dlc=8 data=d8cf0400a8610000
2026-07-07T14:57:08.044+00:00 CAN id=101 dlc=8 data=d8cf0400a8610000
2026-07-07T14:57:08.064+00:00 CAN id=101 dlc=8 data=d8cf0400a8610000
2026-07-07T14:57:08.084+00:00 CAN id=101 dlc=8 data=d8cf0400a8610000
2026-07-07T14:57:08.104+00:00 CAN id=101 dlc=8 data=d8cf0400a8610000
2026-07-07T14:57:08.124+00:00 CAN id=101 dlc=8 data=d8cf0400a8610000
2026-07-07T14:57:08.130+00:00 VCP run=1 step=0 angle=315791 target=315352 err=-439 steer=0 m1=244/8594 i1=161 t1=28 m2=-178/-8594 i2=-191 t2=27 steerMode=0/22 iSteer=-15119 driveMode=8594/10975 iDrive=176188 scale=0 wheel=25000
2026-07-07T14:57:08.130+00:00 VCP run=1 step=0 angle=315352 target=315352 err=0 steer=0 m1=259/8594 i1=155 t1=28 m2=-197/-8594 i2=-191 t2=27 steerMode=0/78 iSteer=-17767 driveMode=8594/11276 iDrive=173175 scale=0 wheel=25000
2026-07-07T14:57:08.144+00:00 CAN id=101 dlc=8 data=d8cf0400a8610000
2026-07-07T14:57:08.164+00:00 CAN id=101 dlc=8 data=d8cf0400a8610000
2026-07-07T14:57:08.184+00:00 CAN id=101 dlc=8 data=d8cf0400a8610000
2026-07-07T14:57:08.204+00:00 CAN id=101 dlc=8 data=d8cf0400a8610000
2026-07-07T14:57:08.224+00:00 CAN id=101 dlc=8 data=d8cf0400a8610000
2026-07-07T14:57:08.235+00:00 VCP run=1 step=0 angle=315088 target=315352 err=264 steer=0 m1=240/8594 i1=174 t1=28 m2=-203/-8594 i2=-172 t2=27 steerMode=0/-305 iSteer=1211 driveMode=8594/11272 iDrive=173219 scale=0 wheel=25000
2026-07-07T14:57:08.244+00:00 CAN id=101 dlc=8 data=d8cf0400a8610000
2026-07-07T14:57:08.264+00:00 CAN id=101 dlc=8 data=d8cf0400a8610000
2026-07-07T14:57:08.284+00:00 CAN id=101 dlc=8 data=d8cf0400a8610000
2026-07-07T14:57:08.304+00:00 CAN id=101 dlc=8 data=d8cf0400a8610000
2026-07-07T14:57:08.324+00:00 CAN id=101 dlc=8 data=d8cf0400a8610000
2026-07-07T14:57:08.340+00:00 VCP run=1 step=0 angle=315000 target=315352 err=352 steer=0 m1=238/8594 i1=161 t1=28 m2=-203/-8594 i2=-190 t2=27 steerMode=0/19 iSteer=-14475 driveMode=8594/11026 iDrive=175675 scale=0 wheel=25000
2026-07-07T14:57:08.343+00:00 CAN id=101 dlc=8 data=d8cf0400a8610000
2026-07-07T14:57:08.364+00:00 CAN id=101 dlc=8 data=d8cf0400a8610000
2026-07-07T14:57:08.384+00:00 CAN id=101 dlc=8 data=d8cf0400a8610000
2026-07-07T14:57:08.404+00:00 CAN id=101 dlc=8 data=d8cf0400a8610000
2026-07-07T14:57:08.424+00:00 CAN id=101 dlc=8 data=d8cf0400a8610000
2026-07-07T14:57:08.442+00:00 VCP run=1 step=0 angle=315088 target=315352 err=264 steer=0 m1=175/8594 i1=193 t1=28 m2=-191/-8594 i2=-177 t2=27 steerMode=0/-431 iSteer=7926 driveMode=8594/10086 iDrive=185080 scale=0 wheel=25000
2026-07-07T14:57:08.442+00:00 VCP SET_TARGET_RX steer=315352 wheel=25000
2026-07-07T14:57:08.443+00:00 CAN id=101 dlc=8 data=d8cf0400a8610000
2026-07-07T14:57:08.464+00:00 CAN id=101 dlc=8 data=d8cf0400a8610000
2026-07-07T14:57:08.484+00:00 CAN id=101 dlc=8 data=d8cf0400a8610000
2026-07-07T14:57:08.504+00:00 CAN id=101 dlc=8 data=d8cf0400a8610000
2026-07-07T14:57:08.524+00:00 CAN id=101 dlc=8 data=d8cf0400a8610000
2026-07-07T14:57:08.543+00:00 CAN id=101 dlc=8 data=d8cf0400a8610000
2026-07-07T14:57:08.564+00:00 CAN id=101 dlc=8 data=d8cf0400a8610000
2026-07-07T14:57:08.584+00:00 CAN id=101 dlc=8 data=d8cf0400a8610000
2026-07-07T14:57:08.604+00:00 CAN id=101 dlc=8 data=d8cf0400a8610000
2026-07-07T14:57:08.624+00:00 CAN id=101 dlc=8 data=d8cf0400a8610000
2026-07-07T14:57:08.631+00:00 VCP run=1 step=0 angle=315176 target=315352 err=176 steer=0 m1=165/8594 i1=188 t1=28 m2=-197/-8594 i2=-199 t2=27 steerMode=0/-169 iSteer=-5539 driveMode=8594/9220 iDrive=193738 scale=0 wheel=25000
2026-07-07T14:57:08.631+00:00 VCP run=1 step=0 angle=315352 target=315352 err=0 steer=0 m1=156/8594 i1=167 t1=28 m2=-84/-8594 i2=-246 t2=27 steerMode=0/504 iSteer=-39595 driveMode=8594/7977 iDrive=206288 scale=0 wheel=25000
2026-07-07T14:57:08.643+00:00 CAN id=101 dlc=8 data=d8cf0400a8610000
2026-07-07T14:57:08.664+00:00 CAN id=101 dlc=8 data=d8cf0400a8610000
2026-07-07T14:57:08.684+00:00 CAN id=101 dlc=8 data=d8cf0400a8610000
2026-07-07T14:57:08.704+00:00 CAN id=101 dlc=8 data=d8cf0400a8610000
2026-07-07T14:57:08.724+00:00 CAN id=101 dlc=8 data=d8cf0400a8610000
2026-07-07T14:57:08.736+00:00 VCP run=1 step=0 angle=315615 target=315352 err=-263 steer=0 m1=138/8594 i1=173 t1=28 m2=-97/-8594 i2=-258 t2=27 steerMode=0/516 iSteer=-42652 driveMode=8594/7207 iDrive=215825 scale=0 wheel=25000
2026-07-07T14:57:08.743+00:00 CAN id=101 dlc=8 data=d8cf0400a8610000
2026-07-07T14:57:08.764+00:00 CAN id=101 dlc=8 data=d8cf0400a8610000
2026-07-07T14:57:08.784+00:00 CAN id=101 dlc=8 data=d8cf0400a8610000
2026-07-07T14:57:08.804+00:00 CAN id=101 dlc=8 data=d8cf0400a8610000
2026-07-07T14:57:08.824+00:00 CAN id=101 dlc=8 data=d8cf0400a8610000
2026-07-07T14:57:08.841+00:00 VCP run=1 step=0 angle=315879 target=315352 err=-527 steer=-263 m1=100/7145 i1=133 t1=28 m2=-147/-10043 i2=-318 t2=27 steerMode=-1449/6 iSteer=-92316 driveMode=8594/6579 iDrive=225814 scale=0 wheel=25000
2026-07-07T14:57:08.843+00:00 CAN id=101 dlc=8 data=d8cf0400a8610000
2026-07-07T14:57:08.864+00:00 CAN id=101 dlc=8 data=d8cf0400a8610000
2026-07-07T14:57:08.884+00:00 CAN id=101 dlc=8 data=d8cf0400a8610000
2026-07-07T14:57:08.904+00:00 CAN id=101 dlc=8 data=d8cf0400a8610000
2026-07-07T14:57:08.924+00:00 CAN id=101 dlc=8 data=d8cf0400a8610000
2026-07-07T14:57:08.943+00:00 VCP run=1 step=0 angle=315791 target=315352 err=-439 steer=0 m1=73/8594 i1=228 t1=28 m2=-118/-8594 i2=-244 t2=27 steerMode=0/-287 iSteer=-7625 driveMode=8594/6025 iDrive=235933 scale=0 wheel=25000
2026-07-07T14:57:08.943+00:00 VCP SET_TARGET_RX steer=315352 wheel=25000
2026-07-07T14:57:08.943+00:00 CAN id=101 dlc=8 data=d8cf0400a8610000
2026-07-07T14:57:08.964+00:00 CAN id=101 dlc=8 data=d8cf0400a8610000
2026-07-07T14:57:08.984+00:00 CAN id=101 dlc=8 data=d8cf0400a8610000
2026-07-07T14:57:09.004+00:00 CAN id=101 dlc=8 data=d8cf0400a8610000
2026-07-07T14:57:09.024+00:00 CAN id=101 dlc=8 data=d8cf0400a8610000
2026-07-07T14:57:09.044+00:00 CAN id=101 dlc=8 data=d8cf0400a8610000
2026-07-07T14:57:09.064+00:00 CAN id=101 dlc=8 data=d8cf0400a8610000
2026-07-07T14:57:09.084+00:00 CAN id=101 dlc=8 data=d8cf0400a8610000
2026-07-07T14:57:09.104+00:00 CAN id=101 dlc=8 data=d8cf0400a8610000
2026-07-07T14:57:09.124+00:00 CAN id=101 dlc=8 data=d8cf0400a8610000
2026-07-07T14:57:09.131+00:00 VCP run=1 step=0 angle=316055 target=315352 err=-703 steer=-351 m1=119/6661 i1=103 t1=28 m2=-84/-10526 i2=-389 t2=27 steerMode=-1932/398 iSteer=-142951 driveMode=8594/5561 iDrive=245993 scale=0 wheel=25000
2026-07-07T14:57:09.131+00:00 VCP run=1 step=0 angle=315527 target=315352 err=-175 steer=0 m1=104/8594 i1=300 t1=28 m2=-93/-8594 i2=-217 t2=27 steerMode=0/-1338 iSteer=41434 driveMode=8594/4982 iDrive=258293 scale=0 wheel=25000
2026-07-07T14:57:09.144+00:00 CAN id=101 dlc=8 data=d8cf0400a8610000
2026-07-07T14:57:09.164+00:00 CAN id=101 dlc=8 data=d8cf0400a8610000
2026-07-07T14:57:09.184+00:00 CAN id=101 dlc=8 data=d8cf0400a8610000
2026-07-07T14:57:09.204+00:00 CAN id=101 dlc=8 data=d8cf0400a8610000
2026-07-07T14:57:09.224+00:00 CAN id=101 dlc=8 data=d8cf0400a8610000
2026-07-07T14:57:09.235+00:00 VCP run=1 step=0 angle=316055 target=315352 err=-703 steer=-351 m1=127/6661 i1=106 t1=28 m2=-206/-10526 i2=-361 t2=27 steerMode=-1932/23 iSteer=-127857 driveMode=8594/7920 iDrive=233456 scale=0 wheel=25000
2026-07-07T14:57:09.243+00:00 CAN id=101 dlc=8 data=d8cf0400a8610000
2026-07-07T14:57:09.264+00:00 CAN id=101 dlc=8 data=d8cf0400a8610000
2026-07-07T14:57:09.284+00:00 CAN id=101 dlc=8 data=d8cf0400a8610000
2026-07-07T14:57:09.304+00:00 CAN id=101 dlc=8 data=d8cf0400a8610000
2026-07-07T14:57:09.324+00:00 CAN id=101 dlc=8 data=d8cf0400a8610000
2026-07-07T14:57:09.340+00:00 VCP run=1 step=0 angle=315615 target=315352 err=-263 steer=0 m1=173/8594 i1=199 t1=28 m2=-126/-8594 i2=-255 t2=27 steerMode=0/-3 iSteer=-27754 driveMode=8594/8624 iDrive=226773 scale=0 wheel=25000
2026-07-07T14:57:09.343+00:00 CAN id=101 dlc=8 data=d8cf0400a8610000
2026-07-07T14:57:09.364+00:00 CAN id=101 dlc=8 data=d8cf0400a8610000
2026-07-07T14:57:09.384+00:00 CAN id=101 dlc=8 data=d8cf0400a8610000
2026-07-07T14:57:09.404+00:00 CAN id=101 dlc=8 data=d8cf0400a8610000
2026-07-07T14:57:09.424+00:00 CAN id=101 dlc=8 data=d8cf0400a8610000
2026-07-07T14:57:09.442+00:00 VCP run=1 step=0 angle=315967 target=315352 err=-615 steer=-307 m1=138/6903 i1=117 t1=28 m2=-155/-10284 i2=-353 t2=27 steerMode=-1691/4 iSteer=-118105 driveMode=8594/7859 iDrive=235004 scale=0 wheel=25000
2026-07-07T14:57:09.442+00:00 VCP SET_TARGET_RX steer=315352 wheel=25000
2026-07-07T14:57:09.443+00:00 CAN id=101 dlc=8 data=d8cf0400a8610000
2026-07-07T14:57:09.464+00:00 CAN id=101 dlc=8 data=d8cf0400a8610000
2026-07-07T14:57:09.484+00:00 CAN id=101 dlc=8 data=d8cf0400a8610000
2026-07-07T14:57:09.504+00:00 CAN id=101 dlc=8 data=d8cf0400a8610000
2026-07-07T14:57:09.524+00:00 CAN id=101 dlc=8 data=d8cf0400a8610000
2026-07-07T14:57:09.544+00:00 CAN id=101 dlc=8 data=d8cf0400a8610000
2026-07-07T14:57:09.564+00:00 CAN id=101 dlc=8 data=d8cf0400a8610000
2026-07-07T14:57:09.584+00:00 CAN id=101 dlc=8 data=d8cf0400a8610000
2026-07-07T14:57:09.604+00:00 CAN id=101 dlc=8 data=d8cf0400a8610000
2026-07-07T14:57:09.624+00:00 CAN id=101 dlc=8 data=d8cf0400a8610000
2026-07-07T14:57:09.628+00:00 VCP run=1 step=0 angle=315879 target=315352 err=-527 steer=-263 m1=77/7145 i1=183 t1=28 m2=-178/-10043 i2=-321 t2=27 steerMode=-1449/-806 iSteer=-68742 driveMode=8594/6435 iDrive=252194 scale=0 wheel=25000
2026-07-07T14:57:09.628+00:00 VCP run=1 step=0 angle=315879 target=315352 err=-527 steer=-263 m1=133/7145 i1=128 t1=28 m2=-147/-10043 i2=-371 t2=27 steerMode=-1449/212 iSteer=-121436 driveMode=8594/7009 iDrive=249826 scale=0 wheel=25000
2026-07-07T14:57:09.644+00:00 CAN id=101 dlc=8 data=d8cf0400a8610000
2026-07-07T14:57:09.664+00:00 CAN id=101 dlc=8 data=d8cf0400a8610000
2026-07-07T14:57:09.684+00:00 CAN id=101 dlc=8 data=d8cf0400a8610000
2026-07-07T14:57:09.704+00:00 CAN id=101 dlc=8 data=d8cf0400a8610000
2026-07-07T14:57:09.724+00:00 CAN id=101 dlc=8 data=d8cf0400a8610000
2026-07-07T14:57:09.734+00:00 VCP run=1 step=0 angle=315703 target=315352 err=-351 steer=0 m1=213/8594 i1=204 t1=28 m2=-174/-8594 i2=-249 t2=27 steerMode=0/-295 iSteer=-22536 driveMode=8594/9374 iDrive=226624 scale=0 wheel=25000
2026-07-07T14:57:09.744+00:00 CAN id=101 dlc=8 data=d8cf0400a8610000
2026-07-07T14:57:09.764+00:00 CAN id=101 dlc=8 data=d8cf0400a8610000
2026-07-07T14:57:09.784+00:00 CAN id=101 dlc=8 data=d8cf0400a8610000
2026-07-07T14:57:09.804+00:00 CAN id=101 dlc=8 data=d8cf0400a8610000
2026-07-07T14:57:09.824+00:00 BENCH disable sent
2026-07-07T14:57:09.824+00:00 CAN id=121 dlc=2 data=0100
2026-07-07T14:57:09.824+00:00 CAN id=121 dlc=2 data=0100
2026-07-07T14:57:09.934+00:00 VCP run=1 step=0 angle=315879 target=315352 err=-527 steer=-263 m1=186/7145 i1=101 t1=28 m2=-222/-10043 i2=-337 t2=27 steerMode=-1449/123 iSteer=-117872 driveMode=8594/9936 iDrive=219320 scale=0 wheel=25000
2026-07-07T14:57:09.934+00:00 VCP UNIT_CTRL enable=0
2026-07-07T14:57:09.934+00:00 VCP UNIT_CTRL enable=0
2026-07-07T14:57:09.934+00:00 VCP STOP: disabled
2026-07-07T14:57:10.224+00:00 BENCH log closed
