2026-07-07T14:57:11.268+00:00 BENCH log opened: firmware/logs/lowrpm-floor200kp10-rpm150.log
2026-07-07T14:57:11.268+00:00 BENCH run: steer=315.352deg (315352mdeg) wheel=150.0rpm (150000milli-rpm) rate=50.0Hz duration=10.0s
2026-07-07T14:57:11.268+00:00 BENCH enable sent
2026-07-07T14:57:11.269+00:00 CAN id=121 dlc=2 data=0101
2026-07-07T14:57:11.269+00:00 CAN id=101 dlc=8 data=d8cf0400f0490200
2026-07-07T14:57:11.287+00:00 VCP NIT_CTRL enable=0
2026-07-07T14:57:11.287+00:00 VCP UNIT_CTRL enable=0
2026-07-07T14:57:11.288+00:00 VCP UNIT_CTRL enable=1
2026-07-07T14:57:11.288+00:00 VCP SET_TARGET_RX steer=315352 wheel=150000
2026-07-07T14:57:11.288+00:00 VCP START_CAN: angle=316318 target=315352 wheelTarget=150000
2026-07-07T14:57:11.289+00:00 CAN id=101 dlc=8 data=d8cf0400f0490200
2026-07-07T14:57:11.309+00:00 CAN id=101 dlc=8 data=d8cf0400f0490200
2026-07-07T14:57:11.329+00:00 CAN id=101 dlc=8 data=d8cf0400f0490200
2026-07-07T14:57:11.349+00:00 CAN id=101 dlc=8 data=d8cf0400f0490200
2026-07-07T14:57:11.369+00:00 CAN id=101 dlc=8 data=d8cf0400f0490200
2026-07-07T14:57:11.388+00:00 VCP run=1 step=0 angle=316318 target=315352 err=-966 steer=-250 m1=0/-1031 i1=-65 t1=28 m2=0/-1719 i2=-72 t2=27 steerMode=-1375/0 iSteer=-68956 driveMode=344/0 iDrive=3472 scale=0 wheel=1000
2026-07-07T14:57:11.389+00:00 CAN id=101 dlc=8 data=d8cf0400f0490200
2026-07-07T14:57:11.409+00:00 CAN id=101 dlc=8 data=d8cf0400f0490200
2026-07-07T14:57:11.429+00:00 CAN id=101 dlc=8 data=d8cf0400f0490200
2026-07-07T14:57:11.449+00:00 CAN id=101 dlc=8 data=d8cf0400f0490200
2026-07-07T14:57:11.469+00:00 CAN id=101 dlc=8 data=d8cf0400f0490200
2026-07-07T14:57:11.489+00:00 CAN id=101 dlc=8 data=d8cf0400f0490200
2026-07-07T14:57:11.509+00:00 CAN id=101 dlc=8 data=d8cf0400f0490200
2026-07-07T14:57:11.529+00:00 CAN id=101 dlc=8 data=d8cf0400f0490200
2026-07-07T14:57:11.549+00:00 CAN id=101 dlc=8 data=d8cf0400f0490200
2026-07-07T14:57:11.569+00:00 CAN id=101 dlc=8 data=d8cf0400f0490200
2026-07-07T14:57:11.576+00:00 VCP run=1 step=0 angle=316318 target=315352 err=-966 steer=-483 m1=0/3805 i1=-67 t1=28 m2=0/-9120 i2=-208 t2=27 steerMode=-2657/-48 iSteer=-137665 driveMode=6462/36 iDrive=70474 scale=0 wheel=18800
2026-07-07T14:57:11.576+00:00 VCP run=1 step=0 angle=316318 target=315352 err=-966 steer=-483 m1=0/10268 i1=7 t1=28 m2=0/-15582 i2=-301 t2=27 steerMode=-2657/-12 iSteer=-146857 driveMode=12925/13 iDrive=153644 scale=0 wheel=37600
2026-07-07T14:57:11.589+00:00 CAN id=101 dlc=8 data=d8cf0400f0490200
2026-07-07T14:57:11.609+00:00 CAN id=101 dlc=8 data=d8cf0400f0490200
2026-07-07T14:57:11.629+00:00 CAN id=101 dlc=8 data=d8cf0400f0490200
2026-07-07T14:57:11.651+00:00 CAN id=101 dlc=8 data=d8cf0400f0490200
2026-07-07T14:57:11.669+00:00 CAN id=101 dlc=8 data=d8cf0400f0490200
2026-07-07T14:57:11.681+00:00 VCP run=1 step=0 angle=316318 target=315352 err=-966 steer=-483 m1=0/16661 i1=92 t1=28 m2=-5/-21976 i2=-403 t2=27 steerMode=-2657/8 iSteer=-155236 driveMode=19319/31 iDrive=247479 scale=0 wheel=56200
2026-07-07T14:57:11.689+00:00 CAN id=101 dlc=8 data=d8cf0400f0490200
2026-07-07T14:57:11.709+00:00 CAN id=101 dlc=8 data=d8cf0400f0490200
2026-07-07T14:57:11.729+00:00 CAN id=101 dlc=8 data=d8cf0400f0490200
2026-07-07T14:57:11.749+00:00 CAN id=101 dlc=8 data=d8cf0400f0490200
2026-07-07T14:57:11.769+00:00 CAN id=101 dlc=8 data=d8cf0400f0490200
2026-07-07T14:57:11.783+00:00 VCP run=1 step=0 angle=316318 target=315352 err=-966 steer=-483 m1=0/23055 i1=192 t1=28 m2=0/-28370 i2=-515 t2=27 steerMode=-2657/-9 iSteer=-161712 driveMode=25712/11 iDrive=353574 scale=0 wheel=74800
2026-07-07T14:57:11.783+00:00 VCP SET_TARGET_RX steer=315352 wheel=150000
2026-07-07T14:57:11.789+00:00 CAN id=101 dlc=8 data=d8cf0400f0490200
2026-07-07T14:57:11.809+00:00 CAN id=101 dlc=8 data=d8cf0400f0490200
2026-07-07T14:57:11.829+00:00 CAN id=101 dlc=8 data=d8cf0400f0490200
2026-07-07T14:57:11.849+00:00 CAN id=101 dlc=8 data=d8cf0400f0490200
2026-07-07T14:57:11.869+00:00 CAN id=101 dlc=8 data=d8cf0400f0490200
2026-07-07T14:57:11.888+00:00 VCP run=1 step=0 angle=316318 target=315352 err=-966 steer=-483 m1=0/29449 i1=303 t1=28 m2=0/-34764 i2=-640 t2=27 steerMode=-2657/-13 iSteer=-168881 driveMode=32106/1 iDrive=471472 scale=0 wheel=93400
2026-07-07T14:57:11.889+00:00 CAN id=101 dlc=8 data=d8cf0400f0490200
2026-07-07T14:57:11.909+00:00 CAN id=101 dlc=8 data=d8cf0400f0490200
2026-07-07T14:57:11.929+00:00 CAN id=101 dlc=8 data=d8cf0400f0490200
2026-07-07T14:57:11.949+00:00 CAN id=101 dlc=8 data=d8cf0400f0490200
2026-07-07T14:57:11.969+00:00 CAN id=101 dlc=8 data=d8cf0400f0490200
2026-07-07T14:57:11.989+00:00 CAN id=101 dlc=8 data=d8cf0400f0490200
2026-07-07T14:57:12.009+00:00 CAN id=101 dlc=8 data=d8cf0400f0490200
2026-07-07T14:57:12.029+00:00 CAN id=101 dlc=8 data=d8cf0400f0490200
2026-07-07T14:57:12.049+00:00 CAN id=101 dlc=8 data=d8cf0400f0490200
2026-07-07T14:57:12.069+00:00 CAN id=101 dlc=8 data=d8cf0400f0490200
2026-07-07T14:57:12.075+00:00 VCP run=1 step=0 angle=316318 target=315352 err=-966 steer=-483 m1=2/35842 i1=426 t1=28 m2=-3/-41157 i2=-776 t2=27 steerMode=-2657/-34 iSteer=-175195 driveMode=38500/46 iDrive=600714 scale=0 wheel=111999
2026-07-07T14:57:12.075+00:00 VCP run=1 step=0 angle=316318 target=315352 err=-966 steer=-483 m1=2/42236 i1=558 t1=28 m2=-3/-47551 i2=-925 t2=27 steerMode=-2657/-17 iSteer=-183437 driveMode=44893/91 iDrive=741798 scale=0 wheel=130599
2026-07-07T14:57:12.089+00:00 CAN id=101 dlc=8 data=d8cf0400f0490200
2026-07-07T14:57:12.109+00:00 CAN id=101 dlc=8 data=d8cf0400f0490200
2026-07-07T14:57:12.129+00:00 CAN id=101 dlc=8 data=d8cf0400f0490200
2026-07-07T14:57:12.149+00:00 CAN id=101 dlc=8 data=d8cf0400f0490200
2026-07-07T14:57:12.169+00:00 CAN id=101 dlc=8 data=d8cf0400f0490200
2026-07-07T14:57:12.179+00:00 VCP run=1 step=0 angle=316230 target=315352 err=-878 steer=-439 m1=234/48871 i1=698 t1=28 m2=-352/-53703 i2=-909 t2=27 steerMode=-2416/-1469 iSteer=-105306 driveMode=51287/8923 iDrive=803773 scale=0 wheel=149199
2026-07-07T14:57:12.189+00:00 CAN id=101 dlc=8 data=d8cf0400f0490200
2026-07-07T14:57:12.209+00:00 CAN id=101 dlc=8 data=d8cf0400f0490200
2026-07-07T14:57:12.229+00:00 CAN id=101 dlc=8 data=d8cf0400f0490200
2026-07-07T14:57:12.249+00:00 CAN id=101 dlc=8 data=d8cf0400f0490200
2026-07-07T14:57:12.269+00:00 CAN id=101 dlc=8 data=d8cf0400f0490200
2026-07-07T14:57:12.285+00:00 VCP run=1 step=0 angle=315527 target=315352 err=-175 steer=0 m1=853/51563 i1=566 t1=28 m2=-823/-51563 i2=-528 t2=27 steerMode=0/-1466 iSteer=18882 driveMode=51563/39618 iDrive=546842 scale=0 wheel=150000
2026-07-07T14:57:12.285+00:00 VCP SET_TARGET_RX steer=315352 wheel=150000
2026-07-07T14:57:12.291+00:00 CAN id=101 dlc=8 data=d8cf0400f0490200
2026-07-07T14:57:12.309+00:00 CAN id=101 dlc=8 data=d8cf0400f0490200
2026-07-07T14:57:12.329+00:00 CAN id=101 dlc=8 data=d8cf0400f0490200
2026-07-07T14:57:12.349+00:00 CAN id=101 dlc=8 data=d8cf0400f0490200
2026-07-07T14:57:12.369+00:00 CAN id=101 dlc=8 data=d8cf0400f0490200
2026-07-07T14:57:12.385+00:00 VCP run=1 step=0 angle=315352 target=315352 err=0 steer=0 m1=1130/51563 i1=321 t1=28 m2=-1145/-51563 i2=-413 t2=27 steerMode=0/-158 iSteer=-46407 driveMode=51563/57909 iDrive=366987 scale=0 wheel=150000
2026-07-07T14:57:12.389+00:00 CAN id=101 dlc=8 data=d8cf0400f0490200
2026-07-07T14:57:12.409+00:00 CAN id=101 dlc=8 data=d8cf0400f0490200
2026-07-07T14:57:12.429+00:00 CAN id=101 dlc=8 data=d8cf0400f0490200
2026-07-07T14:57:12.449+00:00 CAN id=101 dlc=8 data=d8cf0400f0490200
2026-07-07T14:57:12.469+00:00 CAN id=101 dlc=8 data=d8cf0400f0490200
2026-07-07T14:57:12.489+00:00 CAN id=101 dlc=8 data=d8cf0400f0490200
2026-07-07T14:57:12.490+00:00 VCP run=1 step=0 angle=314912 target=315352 err=440 steer=0 m1=1312/51563 i1=200 t1=28 m2=-1290/-51563 i2=-311 t2=27 steerMode=0/46 iSteer=-55282 driveMode=51563/66877 iDrive=255515 scale=0 wheel=150000
2026-07-07T14:57:12.509+00:00 CAN id=101 dlc=8 data=d8cf0400f0490200
2026-07-07T14:57:12.529+00:00 CAN id=101 dlc=8 data=d8cf0400f0490200
2026-07-07T14:57:12.549+00:00 CAN id=101 dlc=8 data=d8cf0400f0490200
2026-07-07T14:57:12.569+00:00 CAN id=101 dlc=8 data=d8cf0400f0490200
2026-07-07T14:57:12.589+00:00 CAN id=101 dlc=8 data=d8cf0400f0490200
2026-07-07T14:57:12.609+00:00 CAN id=101 dlc=8 data=d8cf0400f0490200
2026-07-07T14:57:12.629+00:00 CAN id=101 dlc=8 data=d8cf0400f0490200
2026-07-07T14:57:12.649+00:00 CAN id=101 dlc=8 data=d8cf0400f0490200
2026-07-07T14:57:12.669+00:00 CAN id=101 dlc=8 data=d8cf0400f0490200
2026-07-07T14:57:12.677+00:00 VCP run=1 step=0 angle=315000 target=315352 err=352 steer=0 m1=1320/51563 i1=164 t1=28 m2=-1319/-51563 i2=-224 t2=27 steerMode=0/-450 iSteer=-30213 driveMode=51563/69856 iDrive=193762 scale=0 wheel=150000
2026-07-07T14:57:12.677+00:00 VCP run=1 step=0 angle=314824 target=315352 err=528 steer=264 m1=1295/53014 i1=178 t1=28 m2=-1315/-50111 i2=-160 t2=27 steerMode=1451/215 iSteer=8918 driveMode=51563/68950 iDrive=169313 scale=0 wheel=150000
2026-07-07T14:57:12.689+00:00 CAN id=101 dlc=8 data=d8cf0400f0490200
2026-07-07T14:57:12.709+00:00 CAN id=101 dlc=8 data=d8cf0400f0490200
2026-07-07T14:57:12.729+00:00 CAN id=101 dlc=8 data=d8cf0400f0490200
2026-07-07T14:57:12.749+00:00 CAN id=101 dlc=8 data=d8cf0400f0490200
2026-07-07T14:57:12.769+00:00 CAN id=101 dlc=8 data=d8cf0400f0490200
2026-07-07T14:57:12.778+00:00 VCP run=1 step=0 angle=315088 target=315352 err=264 steer=0 m1=1236/51563 i1=93 t1=28 m2=-1208/-51563 i2=-245 t2=27 steerMode=0/464 iSteer=-76249 driveMode=51563/66022 iDrive=169037 scale=0 wheel=150000
2026-07-07T14:57:12.778+00:00 VCP SET_TARGET_RX steer=315352 wheel=150000
2026-07-07T14:57:12.789+00:00 CAN id=101 dlc=8 data=d8cf0400f0490200
2026-07-07T14:57:12.809+00:00 CAN id=101 dlc=8 data=d8cf0400f0490200
2026-07-07T14:57:12.829+00:00 CAN id=101 dlc=8 data=d8cf0400f0490200
2026-07-07T14:57:12.849+00:00 CAN id=101 dlc=8 data=d8cf0400f0490200
2026-07-07T14:57:12.869+00:00 CAN id=101 dlc=8 data=d8cf0400f0490200
2026-07-07T14:57:12.883+00:00 VCP run=1 step=0 angle=315088 target=315352 err=264 steer=0 m1=1167/51563 i1=144 t1=28 m2=-1156/-51563 i2=-222 t2=27 steerMode=0/-258 iSteer=-39084 driveMode=51563/62285 iDrive=182943 scale=0 wheel=150000
2026-07-07T14:57:12.889+00:00 CAN id=101 dlc=8 data=d8cf0400f0490200
2026-07-07T14:57:12.909+00:00 CAN id=101 dlc=8 data=d8cf0400f0490200
2026-07-07T14:57:12.929+00:00 CAN id=101 dlc=8 data=d8cf0400f0490200
2026-07-07T14:57:12.949+00:00 CAN id=101 dlc=8 data=d8cf0400f0490200
2026-07-07T14:57:12.969+00:00 CAN id=101 dlc=8 data=d8cf0400f0490200
2026-07-07T14:57:12.987+00:00 VCP run=1 step=0 angle=315000 target=315352 err=352 steer=0 m1=1136/51563 i1=136 t1=28 m2=-1095/-51563 i2=-237 t2=27 steerMode=0/-4 iSteer=-50425 driveMode=51563/60089 iDrive=186762 scale=0 wheel=150000
2026-07-07T14:57:12.989+00:00 CAN id=101 dlc=8 data=d8cf0400f0490200
2026-07-07T14:57:13.009+00:00 CAN id=101 dlc=8 data=d8cf0400f0490200
2026-07-07T14:57:13.029+00:00 CAN id=101 dlc=8 data=d8cf0400f0490200
2026-07-07T14:57:13.049+00:00 CAN id=101 dlc=8 data=d8cf0400f0490200
2026-07-07T14:57:13.069+00:00 CAN id=101 dlc=8 data=d8cf0400f0490200
2026-07-07T14:57:13.089+00:00 CAN id=101 dlc=8 data=d8cf0400f0490200
2026-07-07T14:57:13.109+00:00 CAN id=101 dlc=8 data=d8cf0400f0490200
2026-07-07T14:57:13.129+00:00 CAN id=101 dlc=8 data=d8cf0400f0490200
2026-07-07T14:57:13.149+00:00 CAN id=101 dlc=8 data=d8cf0400f0490200
2026-07-07T14:57:13.169+00:00 CAN id=101 dlc=8 data=d8cf0400f0490200
2026-07-07T14:57:13.175+00:00 VCP run=1 step=0 angle=315439 target=315352 err=-87 steer=0 m1=1060/51563 i1=117 t1=28 m2=-1032/-51563 i2=-323 t2=27 steerMode=0/993 iSteer=-102824 driveMode=51563/55623 iDrive=219948 scale=0 wheel=150000
2026-07-07T14:57:13.175+00:00 VCP run=1 step=0 angle=315352 target=315352 err=0 steer=0 m1=1017/51563 i1=188 t1=28 m2=-1034/-51563 i2=-264 t2=27 steerMode=0/-311 iSteer=-38044 driveMode=51563/54443 iDrive=226069 scale=0 wheel=150000
2026-07-07T14:57:13.188+00:00 CAN id=101 dlc=8 data=d8cf0400f0490200
2026-07-07T14:57:13.209+00:00 CAN id=101 dlc=8 data=d8cf0400f0490200
2026-07-07T14:57:13.229+00:00 CAN id=101 dlc=8 data=d8cf0400f0490200
2026-07-07T14:57:13.249+00:00 CAN id=101 dlc=8 data=d8cf0400f0490200
2026-07-07T14:57:13.269+00:00 CAN id=101 dlc=8 data=d8cf0400f0490200
2026-07-07T14:57:13.276+00:00 VCP run=1 step=0 angle=315264 target=315352 err=88 steer=0 m1=1056/51563 i1=191 t1=28 m2=-1101/-51563 i2=-206 t2=27 steerMode=0/-884 iSteer=-7350 driveMode=51563/56457 iDrive=198749 scale=0 wheel=150000
2026-07-07T14:57:13.276+00:00 VCP SET_TARGET_RX steer=315352 wheel=150000
2026-07-07T14:57:13.289+00:00 CAN id=101 dlc=8 data=d8cf0400f0490200
2026-07-07T14:57:13.309+00:00 CAN id=101 dlc=8 data=d8cf0400f0490200
2026-07-07T14:57:13.329+00:00 CAN id=101 dlc=8 data=d8cf0400f0490200
2026-07-07T14:57:13.349+00:00 CAN id=101 dlc=8 data=d8cf0400f0490200
2026-07-07T14:57:13.369+00:00 CAN id=101 dlc=8 data=d8cf0400f0490200
2026-07-07T14:57:13.381+00:00 VCP run=1 step=0 angle=315088 target=315352 err=264 steer=0 m1=1079/51563 i1=149 t1=28 m2=-1107/-51563 i2=-201 t2=27 steerMode=0/-469 iSteer=-26012 driveMode=51563/57785 iDrive=174712 scale=0 wheel=150000
2026-07-07T14:57:13.389+00:00 CAN id=101 dlc=8 data=d8cf0400f0490200
2026-07-07T14:57:13.409+00:00 CAN id=101 dlc=8 data=d8cf0400f0490200
2026-07-07T14:57:13.429+00:00 CAN id=101 dlc=8 data=d8cf0400f0490200
2026-07-07T14:57:13.449+00:00 CAN id=101 dlc=8 data=d8cf0400f0490200
2026-07-07T14:57:13.469+00:00 CAN id=101 dlc=8 data=d8cf0400f0490200
2026-07-07T14:57:13.485+00:00 VCP run=1 step=0 angle=315000 target=315352 err=352 steer=0 m1=1104/51563 i1=61 t1=28 m2=-1070/-51563 i2=-278 t2=27 steerMode=0/1218 iSteer=-108107 driveMode=51563/57218 iDrive=169435 scale=0 wheel=150000
2026-07-07T14:57:13.489+00:00 CAN id=101 dlc=8 data=d8cf0400f0490200
2026-07-07T14:57:13.509+00:00 CAN id=101 dlc=8 data=d8cf0400f0490200
2026-07-07T14:57:13.529+00:00 CAN id=101 dlc=8 data=d8cf0400f0490200
2026-07-07T14:57:13.549+00:00 CAN id=101 dlc=8 data=d8cf0400f0490200
2026-07-07T14:57:13.569+00:00 CAN id=101 dlc=8 data=d8cf0400f0490200
2026-07-07T14:57:13.589+00:00 CAN id=101 dlc=8 data=d8cf0400f0490200
2026-07-07T14:57:13.590+00:00 VCP run=1 step=0 angle=315000 target=315352 err=352 steer=0 m1=1065/51563 i1=143 t1=28 m2=-1053/-51563 i2=-207 t2=27 steerMode=0/-315 iSteer=-31872 driveMode=51563/55729 iDrive=174976 scale=0 wheel=150000
2026-07-07T14:57:13.608+00:00 CAN id=101 dlc=8 data=d8cf0400f0490200
2026-07-07T14:57:13.629+00:00 CAN id=101 dlc=8 data=d8cf0400f0490200
2026-07-07T14:57:13.649+00:00 CAN id=101 dlc=8 data=d8cf0400f0490200
2026-07-07T14:57:13.669+00:00 CAN id=101 dlc=8 data=d8cf0400f0490200
2026-07-07T14:57:13.689+00:00 CAN id=101 dlc=8 data=d8cf0400f0490200
2026-07-07T14:57:13.709+00:00 CAN id=101 dlc=8 data=d8cf0400f0490200
2026-07-07T14:57:13.729+00:00 CAN id=101 dlc=8 data=d8cf0400f0490200
2026-07-07T14:57:13.749+00:00 CAN id=101 dlc=8 data=d8cf0400f0490200
2026-07-07T14:57:13.769+00:00 CAN id=101 dlc=8 data=d8cf0400f0490200
2026-07-07T14:57:13.774+00:00 VCP run=1 step=0 angle=315088 target=315352 err=264 steer=0 m1=1006/51563 i1=117 t1=28 m2=-971/-51563 i2=-272 t2=27 steerMode=0/579 iSteer=-77596 driveMode=51563/53204 iDrive=194871 scale=0 wheel=150000
2026-07-07T14:57:13.774+00:00 VCP run=1 step=0 angle=315088 target=315352 err=264 steer=0 m1=970/51563 i1=168 t1=28 m2=-1022/-51563 i2=-249 t2=27 steerMode=0/-166 iSteer=-40676 driveMode=51563/51704 iDrive=208455 scale=0 wheel=150000
2026-07-07T14:57:13.774+00:00 VCP SET_TARGET_RX steer=315352 wheel=150000
2026-07-07T14:57:13.789+00:00 CAN id=101 dlc=8 data=d8cf0400f0490200
2026-07-07T14:57:13.809+00:00 CAN id=101 dlc=8 data=d8cf0400f0490200
2026-07-07T14:57:13.829+00:00 CAN id=101 dlc=8 data=d8cf0400f0490200
2026-07-07T14:57:13.849+00:00 CAN id=101 dlc=8 data=d8cf0400f0490200
2026-07-07T14:57:13.869+00:00 CAN id=101 dlc=8 data=d8cf0400f0490200
2026-07-07T14:57:13.878+00:00 VCP run=1 step=0 angle=315088 target=315352 err=264 steer=0 m1=981/51563 i1=182 t1=28 m2=-984/-51563 i2=-247 t2=27 steerMode=0/-318 iSteer=-32515 driveMode=51563/51156 iDrive=214554 scale=0 wheel=150000
2026-07-07T14:57:13.889+00:00 CAN id=101 dlc=8 data=d8cf0400f0490200
2026-07-07T14:57:13.909+00:00 CAN id=101 dlc=8 data=d8cf0400f0490200
2026-07-07T14:57:13.929+00:00 CAN id=101 dlc=8 data=d8cf0400f0490200
2026-07-07T14:57:13.949+00:00 CAN id=101 dlc=8 data=d8cf0400f0490200
2026-07-07T14:57:13.969+00:00 CAN id=101 dlc=8 data=d8cf0400f0490200
2026-07-07T14:57:13.983+00:00 VCP run=1 step=0 angle=315000 target=315352 err=352 steer=0 m1=970/51563 i1=184 t1=28 m2=-1011/-51563 i2=-236 t2=27 steerMode=0/-417 iSteer=-26328 driveMode=51563/51636 iDrive=210170 scale=0 wheel=150000
2026-07-07T14:57:13.988+00:00 CAN id=101 dlc=8 data=d8cf0400f0490200
2026-07-07T14:57:14.009+00:00 CAN id=101 dlc=8 data=d8cf0400f0490200
2026-07-07T14:57:14.029+00:00 CAN id=101 dlc=8 data=d8cf0400f0490200
2026-07-07T14:57:14.049+00:00 CAN id=101 dlc=8 data=d8cf0400f0490200
2026-07-07T14:57:14.069+00:00 CAN id=101 dlc=8 data=d8cf0400f0490200
2026-07-07T14:57:14.088+00:00 VCP run=1 step=0 angle=314912 target=315352 err=440 steer=0 m1=987/51563 i1=166 t1=28 m2=-994/-51563 i2=-237 t2=27 steerMode=0/-206 iSteer=-35658 driveMode=51563/52385 iDrive=201783 scale=0 wheel=150000
2026-07-07T14:57:14.089+00:00 CAN id=101 dlc=8 data=d8cf0400f0490200
2026-07-07T14:57:14.109+00:00 CAN id=101 dlc=8 data=d8cf0400f0490200
2026-07-07T14:57:14.129+00:00 CAN id=101 dlc=8 data=d8cf0400f0490200
2026-07-07T14:57:14.149+00:00 CAN id=101 dlc=8 data=d8cf0400f0490200
2026-07-07T14:57:14.169+00:00 CAN id=101 dlc=8 data=d8cf0400f0490200
2026-07-07T14:57:14.189+00:00 CAN id=101 dlc=8 data=d8cf0400f0490200
2026-07-07T14:57:14.209+00:00 CAN id=101 dlc=8 data=d8cf0400f0490200
2026-07-07T14:57:14.229+00:00 CAN id=101 dlc=8 data=d8cf0400f0490200
2026-07-07T14:57:14.249+00:00 CAN id=101 dlc=8 data=d8cf0400f0490200
2026-07-07T14:57:14.269+00:00 CAN id=101 dlc=8 data=d8cf0400f0490200
2026-07-07T14:57:14.272+00:00 VCP run=1 step=0 angle=315176 target=315352 err=176 steer=0 m1=991/51563 i1=114 t1=28 m2=-959/-51563 i2=-309 t2=27 steerMode=0/1037 iSteer=-97376 driveMode=51563/51331 iDrive=211125 scale=0 wheel=150000
2026-07-07T14:57:14.272+00:00 VCP run=1 step=0 angle=315352 target=315352 err=0 steer=0 m1=939/51563 i1=167 t1=28 m2=-886/-51563 i2=-298 t2=27 steerMode=0/384 iSteer=-65614 driveMode=51563/49399 iDrive=232859 scale=0 wheel=150000
2026-07-07T14:57:14.289+00:00 CAN id=101 dlc=8 data=d8cf0400f0490200
2026-07-07T14:57:14.309+00:00 CAN id=101 dlc=8 data=d8cf0400f0490200
2026-07-07T14:57:14.329+00:00 CAN id=101 dlc=8 data=d8cf0400f0490200
2026-07-07T14:57:14.349+00:00 CAN id=101 dlc=8 data=d8cf0400f0490200
2026-07-07T14:57:14.369+00:00 CAN id=101 dlc=8 data=d8cf0400f0490200
2026-07-07T14:57:14.377+00:00 VCP SET_TARGET_RX steer=315352 wheel=150000
2026-07-07T14:57:14.377+00:00 VCP run=1 step=0 angle=315352 target=315352 err=0 steer=0 m1=954/51563 i1=212 t1=28 m2=-978/-51563 i2=-244 t2=27 steerMode=0/-608 iSteer=-16083 driveMode=51563/50249 iDrive=228140 scale=0 wheel=150000
2026-07-07T14:57:14.389+00:00 CAN id=101 dlc=8 data=d8cf0400f0490200
2026-07-07T14:57:14.409+00:00 CAN id=101 dlc=8 data=d8cf0400f0490200
2026-07-07T14:57:14.429+00:00 CAN id=101 dlc=8 data=d8cf0400f0490200
2026-07-07T14:57:14.449+00:00 CAN id=101 dlc=8 data=d8cf0400f0490200
2026-07-07T14:57:14.469+00:00 CAN id=101 dlc=8 data=d8cf0400f0490200
2026-07-07T14:57:14.482+00:00 VCP run=1 step=0 angle=315264 target=315352 err=88 steer=0 m1=985/51563 i1=191 t1=28 m2=-1007/-51563 i2=-231 t2=27 steerMode=0/-496 iSteer=-20353 driveMode=51563/52064 iDrive=210932 scale=0 wheel=150000
2026-07-07T14:57:14.489+00:00 CAN id=101 dlc=8 data=d8cf0400f0490200
2026-07-07T14:57:14.509+00:00 CAN id=101 dlc=8 data=d8cf0400f0490200
2026-07-07T14:57:14.529+00:00 CAN id=101 dlc=8 data=d8cf0400f0490200
2026-07-07T14:57:14.549+00:00 CAN id=101 dlc=8 data=d8cf0400f0490200
2026-07-07T14:57:14.569+00:00 CAN id=101 dlc=8 data=d8cf0400f0490200
2026-07-07T14:57:14.587+00:00 VCP run=1 step=0 angle=315176 target=315352 err=176 steer=0 m1=985/51563 i1=172 t1=28 m2=-1032/-51563 i2=-225 t2=27 steerMode=0/-366 iSteer=-26587 driveMode=51563/53124 iDrive=198317 scale=0 wheel=150000
2026-07-07T14:57:14.589+00:00 CAN id=101 dlc=8 data=d8cf0400f0490200
2026-07-07T14:57:14.609+00:00 CAN id=101 dlc=8 data=d8cf0400f0490200
2026-07-07T14:57:14.629+00:00 CAN id=101 dlc=8 data=d8cf0400f0490200
2026-07-07T14:57:14.649+00:00 CAN id=101 dlc=8 data=d8cf0400f0490200
2026-07-07T14:57:14.669+00:00 CAN id=101 dlc=8 data=d8cf0400f0490200
2026-07-07T14:57:14.689+00:00 CAN id=101 dlc=8 data=d8cf0400f0490200
2026-07-07T14:57:14.709+00:00 CAN id=101 dlc=8 data=d8cf0400f0490200
2026-07-07T14:57:14.729+00:00 CAN id=101 dlc=8 data=d8cf0400f0490200
2026-07-07T14:57:14.749+00:00 CAN id=101 dlc=8 data=d8cf0400f0490200
2026-07-07T14:57:14.769+00:00 CAN id=101 dlc=8 data=d8cf0400f0490200
2026-07-07T14:57:14.770+00:00 VCP run=1 step=0 angle=315000 target=315352 err=352 steer=0 m1=1000/51563 i1=156 t1=28 m2=-1043/-51563 i2=-232 t2=27 steerMode=0/-131 iSteer=-37515 driveMode=51563/53237 iDrive=193994 scale=0 wheel=150000
2026-07-07T14:57:14.771+00:00 VCP run=1 step=0 angle=314912 target=315352 err=440 steer=0 m1=1008/51563 i1=142 t1=28 m2=-1024/-51563 i2=-232 t2=27 steerMode=0/27 iSteer=-45242 driveMode=51563/53554 iDrive=187252 scale=0 wheel=150000
2026-07-07T14:57:14.789+00:00 CAN id=101 dlc=8 data=d8cf0400f0490200
2026-07-07T14:57:14.809+00:00 CAN id=101 dlc=8 data=d8cf0400f0490200
2026-07-07T14:57:14.829+00:00 CAN id=101 dlc=8 data=d8cf0400f0490200
2026-07-07T14:57:14.849+00:00 CAN id=101 dlc=8 data=d8cf0400f0490200
2026-07-07T14:57:14.869+00:00 CAN id=101 dlc=8 data=d8cf0400f0490200
2026-07-07T14:57:14.875+00:00 VCP SET_TARGET_RX steer=315352 wheel=150000
2026-07-07T14:57:14.875+00:00 VCP run=1 step=0 angle=314912 target=315352 err=440 steer=0 m1=1010/51563 i1=145 t1=28 m2=-997/-51563 i2=-240 t2=27 steerMode=0/58 iSteer=-47309 driveMode=51563/52752 iDrive=192623 scale=0 wheel=150000
2026-07-07T14:57:14.889+00:00 CAN id=101 dlc=8 data=d8cf0400f0490200
2026-07-07T14:57:14.909+00:00 CAN id=101 dlc=8 data=d8cf0400f0490200
2026-07-07T14:57:14.929+00:00 CAN id=101 dlc=8 data=d8cf0400f0490200
2026-07-07T14:57:14.949+00:00 CAN id=101 dlc=8 data=d8cf0400f0490200
2026-07-07T14:57:14.969+00:00 CAN id=101 dlc=8 data=d8cf0400f0490200
2026-07-07T14:57:14.980+00:00 VCP run=1 step=0 angle=314912 target=315352 err=440 steer=0 m1=981/51563 i1=151 t1=28 m2=-978/-51563 i2=-265 t2=27 steerMode=0/242 iSteer=-56965 driveMode=51563/51132 iDrive=207944 scale=0 wheel=150000
2026-07-07T14:57:14.989+00:00 CAN id=101 dlc=8 data=d8cf0400f0490200
2026-07-07T14:57:15.009+00:00 CAN id=101 dlc=8 data=d8cf0400f0490200
2026-07-07T14:57:15.029+00:00 CAN id=101 dlc=8 data=d8cf0400f0490200
2026-07-07T14:57:15.049+00:00 CAN id=101 dlc=8 data=d8cf0400f0490200
2026-07-07T14:57:15.069+00:00 CAN id=101 dlc=8 data=d8cf0400f0490200
2026-07-07T14:57:15.085+00:00 VCP run=1 step=0 angle=314912 target=315352 err=440 steer=0 m1=954/51563 i1=194 t1=28 m2=-907/-51563 i2=-254 t2=27 steerMode=0/-296 iSteer=-29799 driveMode=51563/49782 iDrive=224022 scale=0 wheel=150000
2026-07-07T14:57:15.089+00:00 CAN id=101 dlc=8 data=d8cf0400f0490200
2026-07-07T14:57:15.109+00:00 CAN id=101 dlc=8 data=d8cf0400f0490200
2026-07-07T14:57:15.129+00:00 CAN id=101 dlc=8 data=d8cf0400f0490200
2026-07-07T14:57:15.149+00:00 CAN id=101 dlc=8 data=d8cf0400f0490200
2026-07-07T14:57:15.169+00:00 CAN id=101 dlc=8 data=d8cf0400f0490200
2026-07-07T14:57:15.189+00:00 CAN id=101 dlc=8 data=d8cf0400f0490200
2026-07-07T14:57:15.209+00:00 CAN id=101 dlc=8 data=d8cf0400f0490200
2026-07-07T14:57:15.229+00:00 CAN id=101 dlc=8 data=d8cf0400f0490200
2026-07-07T14:57:15.249+00:00 CAN id=101 dlc=8 data=d8cf0400f0490200
2026-07-07T14:57:15.269+00:00 CAN id=101 dlc=8 data=d8cf0400f0490200
2026-07-07T14:57:15.269+00:00 VCP run=1 step=0 angle=314912 target=315352 err=440 steer=0 m1=937/51563 i1=195 t1=28 m2=-919/-51563 i2=-267 t2=27 steerMode=0/-170 iSteer=-36160 driveMode=51563/49464 iDrive=231105 scale=0 wheel=150000
2026-07-07T14:57:15.269+00:00 VCP run=1 step=0 angle=314824 target=315352 err=528 steer=64 m1=981/51914 i1=199 t1=28 m2=-921/-51211 i2=-254 t2=27 steerMode=351/29 iSteer=-27380 driveMode=51563/50233 iDrive=226502 scale=0 wheel=150000
2026-07-07T14:57:15.289+00:00 CAN id=101 dlc=8 data=d8cf0400f0490200
2026-07-07T14:57:15.309+00:00 CAN id=101 dlc=8 data=d8cf0400f0490200
2026-07-07T14:57:15.329+00:00 CAN id=101 dlc=8 data=d8cf0400f0490200
2026-07-07T14:57:15.349+00:00 CAN id=101 dlc=8 data=d8cf0400f0490200
2026-07-07T14:57:15.369+00:00 CAN id=101 dlc=8 data=d8cf0400f0490200
2026-07-07T14:57:15.374+00:00 VCP SET_TARGET_RX steer=315352 wheel=150000
2026-07-07T14:57:15.374+00:00 VCP run=1 step=0 angle=315352 target=315352 err=0 steer=0 m1=937/51563 i1=163 t1=28 m2=-934/-51563 i2=-311 t2=27 steerMode=0/582 iSteer=-73811 driveMode=51563/49497 iDrive=236818 scale=0 wheel=150000
2026-07-07T14:57:15.389+00:00 CAN id=101 dlc=8 data=d8cf0400f0490200
2026-07-07T14:57:15.409+00:00 CAN id=101 dlc=8 data=d8cf0400f0490200
2026-07-07T14:57:15.429+00:00 CAN id=101 dlc=8 data=d8cf0400f0490200
2026-07-07T14:57:15.449+00:00 CAN id=101 dlc=8 data=d8cf0400f0490200
2026-07-07T14:57:15.469+00:00 CAN id=101 dlc=8 data=d8cf0400f0490200
2026-07-07T14:57:15.479+00:00 VCP run=1 step=0 angle=315527 target=315352 err=-175 steer=0 m1=943/51563 i1=202 t1=28 m2=-907/-51563 i2=-284 t2=27 steerMode=0/-86 iSteer=-40820 driveMode=51563/49349 iDrive=242690 scale=0 wheel=150000
2026-07-07T14:57:15.489+00:00 CAN id=101 dlc=8 data=d8cf0400f0490200
2026-07-07T14:57:15.509+00:00 CAN id=101 dlc=8 data=d8cf0400f0490200
2026-07-07T14:57:15.529+00:00 CAN id=101 dlc=8 data=d8cf0400f0490200
2026-07-07T14:57:15.549+00:00 CAN id=101 dlc=8 data=d8cf0400f0490200
2026-07-07T14:57:15.569+00:00 CAN id=101 dlc=8 data=d8cf0400f0490200
2026-07-07T14:57:15.583+00:00 VCP run=1 step=0 angle=315527 target=315352 err=-175 steer=0 m1=1004/51563 i1=205 t1=28 m2=-1026/-51563 i2=-226 t2=27 steerMode=0/-672 iSteer=-10393 driveMode=51563/52220 iDrive=215561 scale=0 wheel=150000
2026-07-07T14:57:15.589+00:00 CAN id=101 dlc=8 data=d8cf0400f0490200
2026-07-07T14:57:15.609+00:00 CAN id=101 dlc=8 data=d8cf0400f0490200
2026-07-07T14:57:15.629+00:00 CAN id=101 dlc=8 data=d8cf0400f0490200
2026-07-07T14:57:15.649+00:00 CAN id=101 dlc=8 data=d8cf0400f0490200
2026-07-07T14:57:15.669+00:00 CAN id=101 dlc=8 data=d8cf0400f0490200
2026-07-07T14:57:15.688+00:00 VCP run=1 step=0 angle=315264 target=315352 err=88 steer=0 m1=1021/51563 i1=154 t1=28 m2=-1013/-51563 i2=-247 t2=27 steerMode=0/59 iSteer=-46409 driveMode=51563/53486 iDrive=200114 scale=0 wheel=150000
2026-07-07T14:57:15.689+00:00 CAN id=101 dlc=8 data=d8cf0400f0490200
2026-07-07T14:57:15.709+00:00 CAN id=101 dlc=8 data=d8cf0400f0490200
2026-07-07T14:57:15.729+00:00 CAN id=101 dlc=8 data=d8cf0400f0490200
2026-07-07T14:57:15.749+00:00 CAN id=101 dlc=8 data=d8cf0400f0490200
2026-07-07T14:57:15.769+00:00 CAN id=101 dlc=8 data=d8cf0400f0490200
2026-07-07T14:57:15.789+00:00 CAN id=101 dlc=8 data=d8cf0400f0490200
2026-07-07T14:57:15.790+00:00 VCP run=1 step=0 angle=314912 target=315352 err=440 steer=0 m1=1037/51563 i1=163 t1=28 m2=-1034/-51563 i2=-214 t2=27 steerMode=0/-343 iSteer=-25752 driveMode=51563/54228 iDrive=188370 scale=0 wheel=150000
2026-07-07T14:57:15.790+00:00 VCP SET_TARGET_RX steer=315352 wheel=150000
2026-07-07T14:57:15.809+00:00 CAN id=101 dlc=8 data=d8cf0400f0490200
2026-07-07T14:57:15.829+00:00 CAN id=101 dlc=8 data=d8cf0400f0490200
2026-07-07T14:57:15.849+00:00 CAN id=101 dlc=8 data=d8cf0400f0490200
2026-07-07T14:57:15.869+00:00 CAN id=101 dlc=8 data=d8cf0400f0490200
2026-07-07T14:57:15.889+00:00 CAN id=101 dlc=8 data=d8cf0400f0490200
2026-07-07T14:57:15.909+00:00 CAN id=101 dlc=8 data=d8cf0400f0490200
2026-07-07T14:57:15.929+00:00 CAN id=101 dlc=8 data=d8cf0400f0490200
2026-07-07T14:57:15.949+00:00 CAN id=101 dlc=8 data=d8cf0400f0490200
2026-07-07T14:57:15.969+00:00 CAN id=101 dlc=8 data=d8cf0400f0490200
2026-07-07T14:57:15.977+00:00 VCP run=1 step=0 angle=315000 target=315352 err=352 steer=0 m1=1010/51563 i1=150 t1=28 m2=-1020/-51563 i2=-226 t2=27 steerMode=0/-88 iSteer=-38199 driveMode=51563/53803 iDrive=188057 scale=0 wheel=150000
2026-07-07T14:57:15.977+00:00 VCP run=1 step=0 angle=315088 target=315352 err=264 steer=0 m1=1006/51563 i1=126 t1=28 m2=-953/-51563 i2=-276 t2=27 steerMode=0/637 iSteer=-75141 driveMode=51563/52166 iDrive=201266 scale=0 wheel=150000
2026-07-07T14:57:15.989+00:00 CAN id=101 dlc=8 data=d8cf0400f0490200
2026-07-07T14:57:16.009+00:00 CAN id=101 dlc=8 data=d8cf0400f0490200
2026-07-07T14:57:16.029+00:00 CAN id=101 dlc=8 data=d8cf0400f0490200
2026-07-07T14:57:16.049+00:00 CAN id=101 dlc=8 data=d8cf0400f0490200
2026-07-07T14:57:16.069+00:00 CAN id=101 dlc=8 data=d8cf0400f0490200
2026-07-07T14:57:16.082+00:00 VCP run=1 step=0 angle=315264 target=315352 err=88 steer=0 m1=952/51563 i1=159 t1=28 m2=-902/-51563 i2=-288 t2=27 steerMode=0/394 iSteer=-64177 driveMode=51563/50067 iDrive=223421 scale=0 wheel=150000
2026-07-07T14:57:16.089+00:00 CAN id=101 dlc=8 data=d8cf0400f0490200
2026-07-07T14:57:16.109+00:00 CAN id=101 dlc=8 data=d8cf0400f0490200
2026-07-07T14:57:16.129+00:00 CAN id=101 dlc=8 data=d8cf0400f0490200
2026-07-07T14:57:16.149+00:00 CAN id=101 dlc=8 data=d8cf0400f0490200
2026-07-07T14:57:16.169+00:00 CAN id=101 dlc=8 data=d8cf0400f0490200
2026-07-07T14:57:16.187+00:00 VCP run=1 step=0 angle=315264 target=315352 err=88 steer=0 m1=939/51563 i1=180 t1=28 m2=-965/-51563 i2=-272 t2=27 steerMode=0/13 iSteer=-45818 driveMode=51563/50092 iDrive=225974 scale=0 wheel=150000
2026-07-07T14:57:16.188+00:00 CAN id=101 dlc=8 data=d8cf0400f0490200
2026-07-07T14:57:16.209+00:00 CAN id=101 dlc=8 data=d8cf0400f0490200
2026-07-07T14:57:16.229+00:00 CAN id=101 dlc=8 data=d8cf0400f0490200
2026-07-07T14:57:16.249+00:00 CAN id=101 dlc=8 data=d8cf0400f0490200
2026-07-07T14:57:16.269+00:00 CAN id=101 dlc=8 data=d8cf0400f0490200
2026-07-07T14:57:16.289+00:00 CAN id=101 dlc=8 data=d8cf0400f0490200
2026-07-07T14:57:16.289+00:00 VCP run=1 step=0 angle=315352 target=315352 err=0 steer=0 m1=933/51563 i1=192 t1=28 m2=-915/-51563 i2=-278 t2=27 steerMode=0/-45 iSteer=-43003 driveMode=51563/49550 iDrive=234894 scale=0 wheel=150000
2026-07-07T14:57:16.289+00:00 VCP SET_TARGET_RX steer=315352 wheel=150000
2026-07-07T14:57:16.309+00:00 CAN id=101 dlc=8 data=d8cf0400f0490200
2026-07-07T14:57:16.329+00:00 CAN id=101 dlc=8 data=d8cf0400f0490200
2026-07-07T14:57:16.349+00:00 CAN id=101 dlc=8 data=d8cf0400f0490200
2026-07-07T14:57:16.369+00:00 CAN id=101 dlc=8 data=d8cf0400f0490200
2026-07-07T14:57:16.389+00:00 CAN id=101 dlc=8 data=d8cf0400f0490200
2026-07-07T14:57:16.409+00:00 CAN id=101 dlc=8 data=d8cf0400f0490200
2026-07-07T14:57:16.429+00:00 CAN id=101 dlc=8 data=d8cf0400f0490200
2026-07-07T14:57:16.449+00:00 CAN id=101 dlc=8 data=d8cf0400f0490200
2026-07-07T14:57:16.469+00:00 CAN id=101 dlc=8 data=d8cf0400f0490200
2026-07-07T14:57:16.476+00:00 VCP run=1 step=0 angle=315352 target=315352 err=0 steer=0 m1=973/51563 i1=206 t1=28 m2=-997/-51563 i2=-238 t2=27 steerMode=0/-560 iSteer=-16033 driveMode=51563/51101 iDrive=221648 scale=0 wheel=150000
2026-07-07T14:57:16.476+00:00 VCP run=1 step=0 angle=315176 target=315352 err=176 steer=0 m1=991/51563 i1=176 t1=28 m2=-988/-51563 i2=-245 t2=27 steerMode=0/-173 iSteer=-34311 driveMode=51563/52134 iDrive=210758 scale=0 wheel=150000
2026-07-07T14:57:16.489+00:00 CAN id=101 dlc=8 data=d8cf0400f0490200
2026-07-07T14:57:16.509+00:00 CAN id=101 dlc=8 data=d8cf0400f0490200
2026-07-07T14:57:16.529+00:00 CAN id=101 dlc=8 data=d8cf0400f0490200
2026-07-07T14:57:16.549+00:00 CAN id=101 dlc=8 data=d8cf0400f0490200
2026-07-07T14:57:16.569+00:00 CAN id=101 dlc=8 data=d8cf0400f0490200
2026-07-07T14:57:16.581+00:00 VCP run=1 step=0 angle=315264 target=315352 err=88 steer=0 m1=952/51563 i1=155 t1=28 m2=-965/-51563 i2=-302 t2=27 steerMode=0/595 iSteer=-73860 driveMode=51563/50413 iDrive=228412 scale=0 wheel=150000
2026-07-07T14:57:16.589+00:00 CAN id=101 dlc=8 data=d8cf0400f0490200
2026-07-07T14:57:16.609+00:00 CAN id=101 dlc=8 data=d8cf0400f0490200
2026-07-07T14:57:16.629+00:00 CAN id=101 dlc=8 data=d8cf0400f0490200
2026-07-07T14:57:16.649+00:00 CAN id=101 dlc=8 data=d8cf0400f0490200
2026-07-07T14:57:16.669+00:00 CAN id=101 dlc=8 data=d8cf0400f0490200
2026-07-07T14:57:16.686+00:00 VCP run=1 step=0 angle=315352 target=315352 err=0 steer=0 m1=947/51563 i1=199 t1=28 m2=-986/-51563 i2=-258 t2=27 steerMode=0/-290 iSteer=-29688 driveMode=51563/50645 iDrive=228314 scale=0 wheel=150000
2026-07-07T14:57:16.689+00:00 CAN id=101 dlc=8 data=d8cf0400f0490200
2026-07-07T14:57:16.709+00:00 CAN id=101 dlc=8 data=d8cf0400f0490200
2026-07-07T14:57:16.729+00:00 CAN id=101 dlc=8 data=d8cf0400f0490200
2026-07-07T14:57:16.749+00:00 CAN id=101 dlc=8 data=d8cf0400f0490200
2026-07-07T14:57:16.769+00:00 CAN id=101 dlc=8 data=d8cf0400f0490200
2026-07-07T14:57:16.788+00:00 VCP run=1 step=0 angle=315527 target=315352 err=-175 steer=0 m1=985/51563 i1=183 t1=28 m2=-1009/-51563 i2=-249 t2=27 steerMode=0/-202 iSteer=-33189 driveMode=51563/51947 iDrive=215760 scale=0 wheel=150000
2026-07-07T14:57:16.788+00:00 VCP SET_TARGET_RX steer=315352 wheel=150000
2026-07-07T14:57:16.789+00:00 CAN id=101 dlc=8 data=d8cf0400f0490200
2026-07-07T14:57:16.809+00:00 CAN id=101 dlc=8 data=d8cf0400f0490200
2026-07-07T14:57:16.829+00:00 CAN id=101 dlc=8 data=d8cf0400f0490200
2026-07-07T14:57:16.849+00:00 CAN id=101 dlc=8 data=d8cf0400f0490200
2026-07-07T14:57:16.869+00:00 CAN id=101 dlc=8 data=d8cf0400f0490200
2026-07-07T14:57:16.889+00:00 CAN id=101 dlc=8 data=d8cf0400f0490200
2026-07-07T14:57:16.909+00:00 CAN id=101 dlc=8 data=d8cf0400f0490200
2026-07-07T14:57:16.929+00:00 CAN id=101 dlc=8 data=d8cf0400f0490200
2026-07-07T14:57:16.949+00:00 CAN id=101 dlc=8 data=d8cf0400f0490200
2026-07-07T14:57:16.969+00:00 CAN id=101 dlc=8 data=d8cf0400f0490200
2026-07-07T14:57:16.974+00:00 VCP run=1 step=0 angle=315264 target=315352 err=88 steer=0 m1=1010/51563 i1=172 t1=28 m2=-1022/-51563 i2=-222 t2=27 steerMode=0/-350 iSteer=-24820 driveMode=51563/53550 iDrive=197313 scale=0 wheel=150000
2026-07-07T14:57:16.974+00:00 VCP run=1 step=0 angle=315000 target=315352 err=352 steer=0 m1=1025/51563 i1=136 t1=28 m2=-1028/-51563 i2=-242 t2=27 steerMode=0/215 iSteer=-52795 driveMode=51563/53939 iDrive=188921 scale=0 wheel=150000
2026-07-07T14:57:16.988+00:00 CAN id=101 dlc=8 data=d8cf0400f0490200
2026-07-07T14:57:17.009+00:00 CAN id=101 dlc=8 data=d8cf0400f0490200
2026-07-07T14:57:17.029+00:00 CAN id=101 dlc=8 data=d8cf0400f0490200
2026-07-07T14:57:17.049+00:00 CAN id=101 dlc=8 data=d8cf0400f0490200
2026-07-07T14:57:17.069+00:00 CAN id=101 dlc=8 data=d8cf0400f0490200
2026-07-07T14:57:17.079+00:00 VCP run=1 step=0 angle=315088 target=315352 err=264 steer=0 m1=1004/51563 i1=160 t1=28 m2=-1015/-51563 i2=-221 t2=27 steerMode=0/-226 iSteer=-30568 driveMode=51563/53428 iDrive=190216 scale=0 wheel=150000
2026-07-07T14:57:17.089+00:00 CAN id=101 dlc=8 data=d8cf0400f0490200
2026-07-07T14:57:17.109+00:00 CAN id=101 dlc=8 data=d8cf0400f0490200
2026-07-07T14:57:17.129+00:00 CAN id=101 dlc=8 data=d8cf0400f0490200
2026-07-07T14:57:17.149+00:00 CAN id=101 dlc=8 data=d8cf0400f0490200
2026-07-07T14:57:17.169+00:00 CAN id=101 dlc=8 data=d8cf0400f0490200
2026-07-07T14:57:17.184+00:00 VCP run=1 step=0 angle=315088 target=315352 err=264 steer=0 m1=1002/51563 i1=141 t1=28 m2=-984/-51563 i2=-255 t2=27 steerMode=0/299 iSteer=-57121 driveMode=51563/52352 iDrive=198365 scale=0 wheel=150000
2026-07-07T14:57:17.188+00:00 CAN id=101 dlc=8 data=d8cf0400f0490200
2026-07-07T14:57:17.209+00:00 CAN id=101 dlc=8 data=d8cf0400f0490200
2026-07-07T14:57:17.229+00:00 CAN id=101 dlc=8 data=d8cf0400f0490200
2026-07-07T14:57:17.249+00:00 CAN id=101 dlc=8 data=d8cf0400f0490200
2026-07-07T14:57:17.269+00:00 CAN id=101 dlc=8 data=d8cf0400f0490200
2026-07-07T14:57:17.286+00:00 VCP run=1 step=0 angle=315176 target=315352 err=176 steer=0 m1=1000/51563 i1=164 t1=28 m2=-992/-51563 i2=-243 t2=27 steerMode=0/-56 iSteer=-39123 driveMode=51563/51773 iDrive=203457 scale=0 wheel=150000
2026-07-07T14:57:17.286+00:00 VCP SET_TARGET_RX steer=315352 wheel=150000
2026-07-07T14:57:17.289+00:00 CAN id=101 dlc=8 data=d8cf0400f0490200
2026-07-07T14:57:17.309+00:00 CAN id=101 dlc=8 data=d8cf0400f0490200
2026-07-07T14:57:17.329+00:00 CAN id=101 dlc=8 data=d8cf0400f0490200
2026-07-07T14:57:17.349+00:00 CAN id=101 dlc=8 data=d8cf0400f0490200
2026-07-07T14:57:17.369+00:00 CAN id=101 dlc=8 data=d8cf0400f0490200
2026-07-07T14:57:17.388+00:00 CAN id=101 dlc=8 data=d8cf0400f0490200
2026-07-07T14:57:17.409+00:00 CAN id=101 dlc=8 data=d8cf0400f0490200
2026-07-07T14:57:17.429+00:00 CAN id=101 dlc=8 data=d8cf0400f0490200
2026-07-07T14:57:17.449+00:00 CAN id=101 dlc=8 data=d8cf0400f0490200
2026-07-07T14:57:17.469+00:00 CAN id=101 dlc=8 data=d8cf0400f0490200
2026-07-07T14:57:17.473+00:00 VCP run=1 step=0 angle=315000 target=315352 err=352 steer=0 m1=952/51563 i1=178 t1=28 m2=-992/-51563 i2=-234 t2=27 steerMode=0/-263 iSteer=-28340 driveMode=51563/51498 iDrive=205875 scale=0 wheel=150000
2026-07-07T14:57:17.473+00:00 VCP run=1 step=0 angle=314912 target=315352 err=440 steer=0 m1=970/51563 i1=183 t1=28 m2=-986/-51563 i2=-245 t2=27 steerMode=0/-214 iSteer=-30899 driveMode=51563/50803 iDrive=213924 scale=0 wheel=150000
2026-07-07T14:57:17.489+00:00 CAN id=101 dlc=8 data=d8cf0400f0490200
2026-07-07T14:57:17.509+00:00 CAN id=101 dlc=8 data=d8cf0400f0490200
2026-07-07T14:57:17.529+00:00 CAN id=101 dlc=8 data=d8cf0400f0490200
2026-07-07T14:57:17.549+00:00 CAN id=101 dlc=8 data=d8cf0400f0490200
2026-07-07T14:57:17.569+00:00 CAN id=101 dlc=8 data=d8cf0400f0490200
2026-07-07T14:57:17.578+00:00 VCP run=1 step=0 angle=314912 target=315352 err=440 steer=0 m1=975/51563 i1=185 t1=28 m2=-971/-51563 i2=-239 t2=27 steerMode=0/-260 iSteer=-27254 driveMode=51563/51114 iDrive=212083 scale=0 wheel=150000
2026-07-07T14:57:17.589+00:00 CAN id=101 dlc=8 data=d8cf0400f0490200
2026-07-07T14:57:17.609+00:00 CAN id=101 dlc=8 data=d8cf0400f0490200
2026-07-07T14:57:17.629+00:00 CAN id=101 dlc=8 data=d8cf0400f0490200
2026-07-07T14:57:17.649+00:00 CAN id=101 dlc=8 data=d8cf0400f0490200
2026-07-07T14:57:17.669+00:00 CAN id=101 dlc=8 data=d8cf0400f0490200
2026-07-07T14:57:17.682+00:00 VCP run=1 step=0 angle=315352 target=315352 err=0 steer=0 m1=937/51563 i1=139 t1=28 m2=-911/-51563 i2=-328 t2=27 steerMode=0/1071 iSteer=-94915 driveMode=51563/49199 iDrive=233475 scale=0 wheel=150000
2026-07-07T14:57:17.689+00:00 CAN id=101 dlc=8 data=d8cf0400f0490200
2026-07-07T14:57:17.709+00:00 CAN id=101 dlc=8 data=d8cf0400f0490200
2026-07-07T14:57:17.729+00:00 CAN id=101 dlc=8 data=d8cf0400f0490200
2026-07-07T14:57:17.749+00:00 CAN id=101 dlc=8 data=d8cf0400f0490200
2026-07-07T14:57:17.769+00:00 CAN id=101 dlc=8 data=d8cf0400f0490200
2026-07-07T14:57:17.785+00:00 VCP run=1 step=0 angle=315439 target=315352 err=-87 steer=0 m1=916/51563 i1=183 t1=28 m2=-936/-51563 i2=-319 t2=27 steerMode=0/493 iSteer=-67680 driveMode=51563/47992 iDrive=251161 scale=0 wheel=150000
2026-07-07T14:57:17.785+00:00 VCP SET_TARGET_RX steer=315352 wheel=150000
2026-07-07T14:57:17.789+00:00 CAN id=101 dlc=8 data=d8cf0400f0490200
2026-07-07T14:57:17.809+00:00 CAN id=101 dlc=8 data=d8cf0400f0490200
2026-07-07T14:57:17.829+00:00 CAN id=101 dlc=8 data=d8cf0400f0490200
2026-07-07T14:57:17.849+00:00 CAN id=101 dlc=8 data=d8cf0400f0490200
2026-07-07T14:57:17.869+00:00 CAN id=101 dlc=8 data=d8cf0400f0490200
2026-07-07T14:57:17.888+00:00 CAN id=101 dlc=8 data=d8cf0400f0490200
2026-07-07T14:57:17.889+00:00 VCP run=1 step=0 angle=315439 target=315352 err=-87 steer=0 m1=937/51563 i1=221 t1=28 m2=-965/-51563 i2=-250 t2=27 steerMode=0/-577 iSteer=-14280 driveMode=51563/50100 iDrive=235417 scale=0 wheel=150000
2026-07-07T14:57:17.909+00:00 CAN id=101 dlc=8 data=d8cf0400f0490200
2026-07-07T14:57:17.928+00:00 CAN id=101 dlc=8 data=d8cf0400f0490200
2026-07-07T14:57:17.949+00:00 CAN id=101 dlc=8 data=d8cf0400f0490200
2026-07-07T14:57:17.969+00:00 CAN id=101 dlc=8 data=d8cf0400f0490200
2026-07-07T14:57:17.989+00:00 CAN id=101 dlc=8 data=d8cf0400f0490200
2026-07-07T14:57:18.009+00:00 CAN id=101 dlc=8 data=d8cf0400f0490200
2026-07-07T14:57:18.029+00:00 CAN id=101 dlc=8 data=d8cf0400f0490200
2026-07-07T14:57:18.049+00:00 CAN id=101 dlc=8 data=d8cf0400f0490200
2026-07-07T14:57:18.069+00:00 CAN id=101 dlc=8 data=d8cf0400f0490200
2026-07-07T14:57:18.076+00:00 VCP run=1 step=0 angle=315352 target=315352 err=0 steer=0 m1=1006/51563 i1=190 t1=28 m2=-1036/-51563 i2=-222 t2=27 steerMode=0/-512 iSteer=-16048 driveMode=51563/53044 iDrive=205830 scale=0 wheel=150000
2026-07-07T14:57:18.076+00:00 VCP run=1 step=0 angle=315352 target=315352 err=0 steer=0 m1=1042/51563 i1=170 t1=28 m2=-1049/-51563 i2=-195 t2=27 steerMode=0/-556 iSteer=-12228 driveMode=51563/54906 iDrive=182644 scale=0 wheel=150000
2026-07-07T14:57:18.089+00:00 CAN id=101 dlc=8 data=d8cf0400f0490200
2026-07-07T14:57:18.109+00:00 CAN id=101 dlc=8 data=d8cf0400f0490200
2026-07-07T14:57:18.129+00:00 CAN id=101 dlc=8 data=d8cf0400f0490200
2026-07-07T14:57:18.149+00:00 CAN id=101 dlc=8 data=d8cf0400f0490200
2026-07-07T14:57:18.169+00:00 CAN id=101 dlc=8 data=d8cf0400f0490200
2026-07-07T14:57:18.181+00:00 VCP run=1 step=0 angle=314912 target=315352 err=440 steer=0 m1=1035/51563 i1=133 t1=28 m2=-1051/-51563 i2=-215 t2=27 steerMode=0/27 iSteer=-41064 driveMode=51563/55134 iDrive=173748 scale=0 wheel=150000
2026-07-07T14:57:18.188+00:00 CAN id=101 dlc=8 data=d8cf0400f0490200
2026-07-07T14:57:18.209+00:00 CAN id=101 dlc=8 data=d8cf0400f0490200
2026-07-07T14:57:18.229+00:00 CAN id=101 dlc=8 data=d8cf0400f0490200
2026-07-07T14:57:18.249+00:00 CAN id=101 dlc=8 data=d8cf0400f0490200
2026-07-07T14:57:18.269+00:00 CAN id=101 dlc=8 data=d8cf0400f0490200
2026-07-07T14:57:18.283+00:00 VCP run=1 step=0 angle=315000 target=315352 err=352 steer=0 m1=1012/51563 i1=105 t1=28 m2=-1015/-51563 i2=-262 t2=27 steerMode=0/782 iSteer=-78555 driveMode=51563/53638 iDrive=183301 scale=0 wheel=150000
2026-07-07T14:57:18.283+00:00 VCP SET_TARGET_RX steer=315352 wheel=150000
2026-07-07T14:57:18.289+00:00 CAN id=101 dlc=8 data=d8cf0400f0490200
2026-07-07T14:57:18.309+00:00 CAN id=101 dlc=8 data=d8cf0400f0490200
2026-07-07T14:57:18.329+00:00 CAN id=101 dlc=8 data=d8cf0400f0490200
2026-07-07T14:57:18.349+00:00 CAN id=101 dlc=8 data=d8cf0400f0490200
2026-07-07T14:57:18.369+00:00 CAN id=101 dlc=8 data=d8cf0400f0490200
2026-07-07T14:57:18.388+00:00 VCP run=1 step=0 angle=315264 target=315352 err=88 steer=0 m1=973/51563 i1=154 t1=28 m2=-938/-51563 i2=-265 t2=27 steerMode=0/298 iSteer=-55360 driveMode=51563/50896 iDrive=209416 scale=0 wheel=150000
2026-07-07T14:57:18.389+00:00 CAN id=101 dlc=8 data=d8cf0400f0490200
2026-07-07T14:57:18.409+00:00 CAN id=101 dlc=8 data=d8cf0400f0490200
2026-07-07T14:57:18.429+00:00 CAN id=101 dlc=8 data=d8cf0400f0490200
2026-07-07T14:57:18.449+00:00 CAN id=101 dlc=8 data=d8cf0400f0490200
2026-07-07T14:57:18.469+00:00 CAN id=101 dlc=8 data=d8cf0400f0490200
2026-07-07T14:57:18.489+00:00 CAN id=101 dlc=8 data=d8cf0400f0490200
2026-07-07T14:57:18.509+00:00 CAN id=101 dlc=8 data=d8cf0400f0490200
2026-07-07T14:57:18.529+00:00 CAN id=101 dlc=8 data=d8cf0400f0490200
2026-07-07T14:57:18.549+00:00 CAN id=101 dlc=8 data=d8cf0400f0490200
2026-07-07T14:57:18.569+00:00 CAN id=101 dlc=8 data=d8cf0400f0490200
2026-07-07T14:57:18.576+00:00 VCP run=1 step=0 angle=315352 target=315352 err=0 steer=0 m1=947/51563 i1=180 t1=28 m2=-974/-51563 i2=-262 t2=27 steerMode=0/4 iSteer=-41059 driveMode=51563/49997 iDrive=220999 scale=0 wheel=150000
2026-07-07T14:57:18.576+00:00 VCP run=1 step=0 angle=315352 target=315352 err=0 steer=0 m1=970/51563 i1=177 t1=28 m2=-944/-51563 i2=-270 t2=27 steerMode=0/111 iSteer=-46659 driveMode=51563/50027 iDrive=223684 scale=0 wheel=150000
2026-07-07T14:57:18.589+00:00 CAN id=101 dlc=8 data=d8cf0400f0490200
2026-07-07T14:57:18.609+00:00 CAN id=101 dlc=8 data=d8cf0400f0490200
2026-07-07T14:57:18.629+00:00 CAN id=101 dlc=8 data=d8cf0400f0490200
2026-07-07T14:57:18.649+00:00 CAN id=101 dlc=8 data=d8cf0400f0490200
2026-07-07T14:57:18.669+00:00 CAN id=101 dlc=8 data=d8cf0400f0490200
2026-07-07T14:57:18.681+00:00 VCP run=1 step=0 angle=315352 target=315352 err=0 steer=0 m1=964/51563 i1=203 t1=28 m2=-959/-51563 i2=-235 t2=27 steerMode=0/-492 iSteer=-15703 driveMode=51563/50718 iDrive=219171 scale=0 wheel=150000
2026-07-07T14:57:18.689+00:00 CAN id=101 dlc=8 data=d8cf0400f0490200
2026-07-07T14:57:18.709+00:00 CAN id=101 dlc=8 data=d8cf0400f0490200
2026-07-07T14:57:18.729+00:00 CAN id=101 dlc=8 data=d8cf0400f0490200
2026-07-07T14:57:18.749+00:00 CAN id=101 dlc=8 data=d8cf0400f0490200
2026-07-07T14:57:18.769+00:00 CAN id=101 dlc=8 data=d8cf0400f0490200
2026-07-07T14:57:18.783+00:00 VCP run=1 step=0 angle=315264 target=315352 err=88 steer=0 m1=975/51563 i1=176 t1=28 m2=-984/-51563 i2=-248 t2=27 steerMode=0/-67 iSteer=-35818 driveMode=51563/51498 iDrive=212051 scale=0 wheel=150000
2026-07-07T14:57:18.783+00:00 VCP SET_TARGET_RX steer=315352 wheel=150000
2026-07-07T14:57:18.789+00:00 CAN id=101 dlc=8 data=d8cf0400f0490200
2026-07-07T14:57:18.809+00:00 CAN id=101 dlc=8 data=d8cf0400f0490200
2026-07-07T14:57:18.829+00:00 CAN id=101 dlc=8 data=d8cf0400f0490200
2026-07-07T14:57:18.849+00:00 CAN id=101 dlc=8 data=d8cf0400f0490200
2026-07-07T14:57:18.869+00:00 CAN id=101 dlc=8 data=d8cf0400f0490200
2026-07-07T14:57:18.887+00:00 VCP run=1 step=0 angle=315527 target=315352 err=-175 steer=0 m1=973/51563 i1=164 t1=28 m2=-959/-51563 i2=-279 t2=27 steerMode=0/351 iSteer=-57556 driveMode=51563/50662 iDrive=221394 scale=0 wheel=150000
2026-07-07T14:57:18.889+00:00 CAN id=101 dlc=8 data=d8cf0400f0490200
2026-07-07T14:57:18.909+00:00 CAN id=101 dlc=8 data=d8cf0400f0490200
2026-07-07T14:57:18.929+00:00 CAN id=101 dlc=8 data=d8cf0400f0490200
2026-07-07T14:57:18.949+00:00 CAN id=101 dlc=8 data=d8cf0400f0490200
2026-07-07T14:57:18.969+00:00 CAN id=101 dlc=8 data=d8cf0400f0490200
2026-07-07T14:57:18.989+00:00 CAN id=101 dlc=8 data=d8cf0400f0490200
2026-07-07T14:57:19.009+00:00 CAN id=101 dlc=8 data=d8cf0400f0490200
2026-07-07T14:57:19.029+00:00 CAN id=101 dlc=8 data=d8cf0400f0490200
2026-07-07T14:57:19.049+00:00 CAN id=101 dlc=8 data=d8cf0400f0490200
2026-07-07T14:57:19.069+00:00 CAN id=101 dlc=8 data=d8cf0400f0490200
2026-07-07T14:57:19.075+00:00 VCP run=1 step=0 angle=315439 target=315352 err=-87 steer=0 m1=958/51563 i1=190 t1=28 m2=-957/-51563 i2=-247 t2=27 steerMode=0/-224 iSteer=-28674 driveMode=51563/51115 iDrive=218178 scale=0 wheel=150000
2026-07-07T14:57:19.075+00:00 VCP run=1 step=0 angle=315439 target=315352 err=-87 steer=0 m1=1000/51563 i1=171 t1=28 m2=-1009/-51563 i2=-250 t2=27 steerMode=0/4 iSteer=-39810 driveMode=51563/51907 iDrive=210448 scale=0 wheel=150000
2026-07-07T14:57:19.088+00:00 CAN id=101 dlc=8 data=d8cf0400f0490200
2026-07-07T14:57:19.109+00:00 CAN id=101 dlc=8 data=d8cf0400f0490200
2026-07-07T14:57:19.129+00:00 CAN id=101 dlc=8 data=d8cf0400f0490200
2026-07-07T14:57:19.149+00:00 CAN id=101 dlc=8 data=d8cf0400f0490200
2026-07-07T14:57:19.169+00:00 CAN id=101 dlc=8 data=d8cf0400f0490200
2026-07-07T14:57:19.180+00:00 VCP run=1 step=0 angle=315352 target=315352 err=0 steer=0 m1=1012/51563 i1=179 t1=28 m2=-1015/-51563 i2=-215 t2=27 steerMode=0/-414 iSteer=-18043 driveMode=51563/53077 iDrive=196854 scale=0 wheel=150000
2026-07-07T14:57:19.189+00:00 CAN id=101 dlc=8 data=d8cf0400f0490200
2026-07-07T14:57:19.209+00:00 CAN id=101 dlc=8 data=d8cf0400f0490200
2026-07-07T14:57:19.229+00:00 CAN id=101 dlc=8 data=d8cf0400f0490200
2026-07-07T14:57:19.249+00:00 CAN id=101 dlc=8 data=d8cf0400f0490200
2026-07-07T14:57:19.269+00:00 CAN id=101 dlc=8 data=d8cf0400f0490200
2026-07-07T14:57:19.282+00:00 VCP run=1 step=0 angle=315264 target=315352 err=88 steer=0 m1=1000/51563 i1=154 t1=28 m2=-1018/-51563 i2=-225 t2=27 steerMode=0/-49 iSteer=-35558 driveMode=51563/53481 iDrive=189427 scale=0 wheel=150000
2026-07-07T14:57:19.282+00:00 VCP SET_TARGET_RX steer=315352 wheel=150000
2026-07-07T14:57:19.289+00:00 CAN id=101 dlc=8 data=d8cf0400f0490200
2026-07-07T14:57:19.309+00:00 CAN id=101 dlc=8 data=d8cf0400f0490200
2026-07-07T14:57:19.329+00:00 CAN id=101 dlc=8 data=d8cf0400f0490200
2026-07-07T14:57:19.349+00:00 CAN id=101 dlc=8 data=d8cf0400f0490200
2026-07-07T14:57:19.369+00:00 CAN id=101 dlc=8 data=d8cf0400f0490200
2026-07-07T14:57:19.386+00:00 VCP run=1 step=0 angle=315264 target=315352 err=88 steer=0 m1=1008/51563 i1=140 t1=28 m2=-999/-51563 i2=-238 t2=27 steerMode=0/230 iSteer=-49161 driveMode=51563/53139 iDrive=189253 scale=0 wheel=150000
2026-07-07T14:57:19.389+00:00 CAN id=101 dlc=8 data=d8cf0400f0490200
2026-07-07T14:57:19.409+00:00 CAN id=101 dlc=8 data=d8cf0400f0490200
2026-07-07T14:57:19.429+00:00 CAN id=101 dlc=8 data=d8cf0400f0490200
2026-07-07T14:57:19.449+00:00 CAN id=101 dlc=8 data=d8cf0400f0490200
2026-07-07T14:57:19.469+00:00 CAN id=101 dlc=8 data=d8cf0400f0490200
2026-07-07T14:57:19.489+00:00 CAN id=101 dlc=8 data=d8cf0400f0490200
2026-07-07T14:57:19.509+00:00 CAN id=101 dlc=8 data=d8cf0400f0490200
2026-07-07T14:57:19.529+00:00 CAN id=101 dlc=8 data=d8cf0400f0490200
2026-07-07T14:57:19.549+00:00 CAN id=101 dlc=8 data=d8cf0400f0490200
2026-07-07T14:57:19.569+00:00 CAN id=101 dlc=8 data=d8cf0400f0490200
2026-07-07T14:57:19.573+00:00 VCP run=1 step=0 angle=315439 target=315352 err=-87 steer=0 m1=979/51563 i1=125 t1=28 m2=-994/-51563 i2=-293 t2=27 steerMode=0/895 iSteer=-84061 driveMode=51563/51041 iDrive=209127 scale=0 wheel=150000
2026-07-07T14:57:19.573+00:00 VCP run=1 step=0 angle=315527 target=315352 err=-175 steer=0 m1=962/51563 i1=187 t1=28 m2=-936/-51563 i2=-249 t2=27 steerMode=0/-186 iSteer=-30700 driveMode=51563/50337 iDrive=217931 scale=0 wheel=150000
2026-07-07T14:57:19.589+00:00 CAN id=101 dlc=8 data=d8cf0400f0490200
2026-07-07T14:57:19.609+00:00 CAN id=101 dlc=8 data=d8cf0400f0490200
2026-07-07T14:57:19.629+00:00 CAN id=101 dlc=8 data=d8cf0400f0490200
2026-07-07T14:57:19.649+00:00 CAN id=101 dlc=8 data=d8cf0400f0490200
2026-07-07T14:57:19.669+00:00 CAN id=101 dlc=8 data=d8cf0400f0490200
2026-07-07T14:57:19.678+00:00 VCP run=1 step=0 angle=315527 target=315352 err=-175 steer=0 m1=962/51563 i1=199 t1=28 m2=-1011/-51563 i2=-229 t2=27 steerMode=0/-488 iSteer=-14708 driveMode=51563/50951 iDrive=213809 scale=0 wheel=150000
2026-07-07T14:57:19.689+00:00 CAN id=101 dlc=8 data=d8cf0400f0490200
2026-07-07T14:57:19.709+00:00 CAN id=101 dlc=8 data=d8cf0400f0490200
2026-07-07T14:57:19.729+00:00 CAN id=101 dlc=8 data=d8cf0400f0490200
2026-07-07T14:57:19.749+00:00 CAN id=101 dlc=8 data=d8cf0400f0490200
2026-07-07T14:57:19.769+00:00 CAN id=101 dlc=8 data=d8cf0400f0490200
2026-07-07T14:57:19.780+00:00 VCP run=1 step=0 angle=315439 target=315352 err=-87 steer=0 m1=964/51563 i1=156 t1=28 m2=-971/-51563 i2=-272 t2=27 steerMode=0/377 iSteer=-57729 driveMode=51563/50980 iDrive=214052 scale=0 wheel=150000
2026-07-07T14:57:19.780+00:00 VCP SET_TARGET_RX steer=315352 wheel=150000
2026-07-07T14:57:19.789+00:00 CAN id=101 dlc=8 data=d8cf0400f0490200
2026-07-07T14:57:19.809+00:00 CAN id=101 dlc=8 data=d8cf0400f0490200
2026-07-07T14:57:19.829+00:00 CAN id=101 dlc=8 data=d8cf0400f0490200
2026-07-07T14:57:19.849+00:00 CAN id=101 dlc=8 data=d8cf0400f0490200
2026-07-07T14:57:19.869+00:00 CAN id=101 dlc=8 data=d8cf0400f0490200
2026-07-07T14:57:19.884+00:00 VCP run=1 step=0 angle=315264 target=315352 err=88 steer=0 m1=956/51563 i1=199 t1=28 m2=-963/-51563 i2=-236 t2=27 steerMode=0/-395 iSteer=-18695 driveMode=51563/50806 iDrive=217288 scale=0 wheel=150000
2026-07-07T14:57:19.889+00:00 CAN id=101 dlc=8 data=d8cf0400f0490200
2026-07-07T14:57:19.909+00:00 CAN id=101 dlc=8 data=d8cf0400f0490200
2026-07-07T14:57:19.929+00:00 CAN id=101 dlc=8 data=d8cf0400f0490200
2026-07-07T14:57:19.949+00:00 CAN id=101 dlc=8 data=d8cf0400f0490200
2026-07-07T14:57:19.969+00:00 CAN id=101 dlc=8 data=d8cf0400f0490200
2026-07-07T14:57:19.988+00:00 CAN id=101 dlc=8 data=d8cf0400f0490200
2026-07-07T14:57:20.009+00:00 CAN id=101 dlc=8 data=d8cf0400f0490200
2026-07-07T14:57:20.029+00:00 CAN id=101 dlc=8 data=d8cf0400f0490200
2026-07-07T14:57:20.049+00:00 CAN id=101 dlc=8 data=d8cf0400f0490200
2026-07-07T14:57:20.069+00:00 CAN id=101 dlc=8 data=d8cf0400f0490200
2026-07-07T14:57:20.072+00:00 VCP run=1 step=0 angle=315439 target=315352 err=-87 steer=0 m1=956/51563 i1=172 t1=28 m2=-915/-51563 i2=-289 t2=27 steerMode=0/398 iSteer=-58493 driveMode=51563/49685 iDrive=230475 scale=0 wheel=150000
2026-07-07T14:57:20.072+00:00 VCP run=1 step=0 angle=315791 target=315352 err=-439 steer=0 m1=958/51563 i1=171 t1=28 m2=-871/-51563 i2=-322 t2=27 steerMode=0/709 iSteer=-75492 driveMode=51563/48559 iDrive=246479 scale=0 wheel=150000
2026-07-07T14:57:20.089+00:00 CAN id=101 dlc=8 data=d8cf0400f0490200
2026-07-07T14:57:20.109+00:00 CAN id=101 dlc=8 data=d8cf0400f0490200
2026-07-07T14:57:20.129+00:00 CAN id=101 dlc=8 data=d8cf0400f0490200
2026-07-07T14:57:20.149+00:00 CAN id=101 dlc=8 data=d8cf0400f0490200
2026-07-07T14:57:20.169+00:00 CAN id=101 dlc=8 data=d8cf0400f0490200
2026-07-07T14:57:20.176+00:00 VCP run=1 step=0 angle=315879 target=315352 err=-527 steer=-100 m1=960/51013 i1=170 t1=28 m2=-971/-52113 i2=-300 t2=27 steerMode=-550/-73 iSteer=-64982 driveMode=51563/50138 iDrive=234787 scale=0 wheel=150000
2026-07-07T14:57:20.189+00:00 CAN id=101 dlc=8 data=d8cf0400f0490200
2026-07-07T14:57:20.209+00:00 CAN id=101 dlc=8 data=d8cf0400f0490200
2026-07-07T14:57:20.229+00:00 CAN id=101 dlc=8 data=d8cf0400f0490200
2026-07-07T14:57:20.249+00:00 CAN id=101 dlc=8 data=d8cf0400f0490200
2026-07-07T14:57:20.269+00:00 CAN id=101 dlc=8 data=d8cf0400f0490200
2026-07-07T14:57:20.278+00:00 VCP run=1 step=0 angle=315791 target=315352 err=-439 steer=0 m1=977/51563 i1=205 t1=28 m2=-1001/-51563 i2=-229 t2=27 steerMode=0/-571 iSteer=-11870 driveMode=51563/51999 iDrive=216818 scale=0 wheel=150000
2026-07-07T14:57:20.278+00:00 VCP SET_TARGET_RX steer=315352 wheel=150000
2026-07-07T14:57:20.289+00:00 CAN id=101 dlc=8 data=d8cf0400f0490200
2026-07-07T14:57:20.309+00:00 CAN id=101 dlc=8 data=d8cf0400f0490200
2026-07-07T14:57:20.329+00:00 CAN id=101 dlc=8 data=d8cf0400f0490200
2026-07-07T14:57:20.349+00:00 CAN id=101 dlc=8 data=d8cf0400f0490200
2026-07-07T14:57:20.369+00:00 CAN id=101 dlc=8 data=d8cf0400f0490200
2026-07-07T14:57:20.383+00:00 VCP run=1 step=0 angle=315703 target=315352 err=-351 steer=0 m1=1021/51563 i1=168 t1=28 m2=-1043/-51563 i2=-225 t2=27 steerMode=0/-241 iSteer=-28224 driveMode=51563/53818 iDrive=196281 scale=0 wheel=150000
2026-07-07T14:57:20.389+00:00 CAN id=101 dlc=8 data=d8cf0400f0490200
2026-07-07T14:57:20.409+00:00 CAN id=101 dlc=8 data=d8cf0400f0490200
2026-07-07T14:57:20.429+00:00 CAN id=101 dlc=8 data=d8cf0400f0490200
2026-07-07T14:57:20.449+00:00 CAN id=101 dlc=8 data=d8cf0400f0490200
2026-07-07T14:57:20.469+00:00 CAN id=101 dlc=8 data=d8cf0400f0490200
2026-07-07T14:57:20.487+00:00 VCP run=1 step=0 angle=315615 target=315352 err=-263 steer=0 m1=1035/51563 i1=164 t1=28 m2=-1045/-51563 i2=-193 t2=27 steerMode=0/-493 iSteer=-14500 driveMode=51563/55075 iDrive=178239 scale=0 wheel=150000
2026-07-07T14:57:20.489+00:00 CAN id=101 dlc=8 data=d8cf0400f0490200
2026-07-07T14:57:20.509+00:00 CAN id=101 dlc=8 data=d8cf0400f0490200
2026-07-07T14:57:20.529+00:00 CAN id=101 dlc=8 data=d8cf0400f0490200
2026-07-07T14:57:20.549+00:00 CAN id=101 dlc=8 data=d8cf0400f0490200
2026-07-07T14:57:20.569+00:00 CAN id=101 dlc=8 data=d8cf0400f0490200
2026-07-07T14:57:20.589+00:00 CAN id=101 dlc=8 data=d8cf0400f0490200
2026-07-07T14:57:20.609+00:00 CAN id=101 dlc=8 data=d8cf0400f0490200
2026-07-07T14:57:20.629+00:00 CAN id=101 dlc=8 data=d8cf0400f0490200
2026-07-07T14:57:20.649+00:00 CAN id=101 dlc=8 data=d8cf0400f0490200
2026-07-07T14:57:20.669+00:00 CAN id=101 dlc=8 data=d8cf0400f0490200
2026-07-07T14:57:20.674+00:00 VCP run=1 step=0 angle=315527 target=315352 err=-175 steer=0 m1=1050/51563 i1=125 t1=28 m2=-1022/-51563 i2=-230 t2=27 steerMode=0/282 iSteer=-52528 driveMode=51563/54514 iDrive=177579 scale=0 wheel=150000
2026-07-07T14:57:20.674+00:00 VCP run=1 step=0 angle=315439 target=315352 err=-87 steer=0 m1=1012/51563 i1=129 t1=28 m2=-982/-51563 i2=-258 t2=27 steerMode=0/495 iSteer=-64307 driveMode=51563/52535 iDrive=193547 scale=0 wheel=150000
2026-07-07T14:57:20.689+00:00 CAN id=101 dlc=8 data=d8cf0400f0490200
2026-07-07T14:57:20.709+00:00 CAN id=101 dlc=8 data=d8cf0400f0490200
2026-07-07T14:57:20.729+00:00 CAN id=101 dlc=8 data=d8cf0400f0490200
2026-07-07T14:57:20.749+00:00 CAN id=101 dlc=8 data=d8cf0400f0490200
2026-07-07T14:57:20.769+00:00 CAN id=101 dlc=8 data=d8cf0400f0490200
2026-07-07T14:57:20.776+00:00 VCP run=1 step=0 angle=315527 target=315352 err=-175 steer=0 m1=947/51563 i1=163 t1=28 m2=-932/-51563 i2=-266 t2=27 steerMode=0/222 iSteer=-51350 driveMode=51563/50480 iDrive=214372 scale=0 wheel=150000
2026-07-07T14:57:20.776+00:00 VCP SET_TARGET_RX steer=315352 wheel=150000
2026-07-07T14:57:20.789+00:00 CAN id=101 dlc=8 data=d8cf0400f0490200
2026-07-07T14:57:20.809+00:00 CAN id=101 dlc=8 data=d8cf0400f0490200
2026-07-07T14:57:20.829+00:00 CAN id=101 dlc=8 data=d8cf0400f0490200
2026-07-07T14:57:20.849+00:00 CAN id=101 dlc=8 data=d8cf0400f0490200
2026-07-07T14:57:20.869+00:00 CAN id=101 dlc=8 data=d8cf0400f0490200
2026-07-07T14:57:20.881+00:00 VCP run=1 step=0 angle=315615 target=315352 err=-263 steer=0 m1=962/51563 i1=180 t1=28 m2=-967/-51563 i2=-260 t2=27 steerMode=0/2 iSteer=-40087 driveMode=51563/50155 iDrive=220249 scale=0 wheel=150000
2026-07-07T14:57:20.889+00:00 CAN id=101 dlc=8 data=d8cf0400f0490200
2026-07-07T14:57:20.909+00:00 CAN id=101 dlc=8 data=d8cf0400f0490200
2026-07-07T14:57:20.929+00:00 CAN id=101 dlc=8 data=d8cf0400f0490200
2026-07-07T14:57:20.949+00:00 CAN id=101 dlc=8 data=d8cf0400f0490200
2026-07-07T14:57:20.969+00:00 CAN id=101 dlc=8 data=d8cf0400f0490200
2026-07-07T14:57:20.985+00:00 VCP run=1 step=0 angle=315615 target=315352 err=-263 steer=0 m1=970/51563 i1=183 t1=28 m2=-961/-51563 i2=-257 t2=27 steerMode=0/-60 iSteer=-37105 driveMode=51563/50401 iDrive=220259 scale=0 wheel=150000
2026-07-07T14:57:20.989+00:00 CAN id=101 dlc=8 data=d8cf0400f0490200
2026-07-07T14:57:21.009+00:00 CAN id=101 dlc=8 data=d8cf0400f0490200
2026-07-07T14:57:21.029+00:00 CAN id=101 dlc=8 data=d8cf0400f0490200
2026-07-07T14:57:21.049+00:00 CAN id=101 dlc=8 data=d8cf0400f0490200
2026-07-07T14:57:21.069+00:00 CAN id=101 dlc=8 data=d8cf0400f0490200
2026-07-07T14:57:21.089+00:00 CAN id=101 dlc=8 data=d8cf0400f0490200
2026-07-07T14:57:21.109+00:00 CAN id=101 dlc=8 data=d8cf0400f0490200
2026-07-07T14:57:21.129+00:00 CAN id=101 dlc=8 data=d8cf0400f0490200
2026-07-07T14:57:21.149+00:00 CAN id=101 dlc=8 data=d8cf0400f0490200
2026-07-07T14:57:21.169+00:00 CAN id=101 dlc=8 data=d8cf0400f0490200
2026-07-07T14:57:21.172+00:00 VCP run=1 step=0 angle=315615 target=315352 err=-263 steer=0 m1=970/51563 i1=181 t1=28 m2=-974/-51563 i2=-254 t2=27 steerMode=0/-67 iSteer=-36254 driveMode=51563/50816 iDrive=217682 scale=0 wheel=150000
2026-07-07T14:57:21.172+00:00 VCP run=1 step=0 angle=315879 target=315352 err=-527 steer=-100 m1=947/51013 i1=131 t1=28 m2=-930/-52113 i2=-321 t2=27 steerMode=-550/560 iSteer=-95428 driveMode=51563/50136 iDrive=226041 scale=0 wheel=150000
2026-07-07T14:57:21.188+00:00 CAN id=101 dlc=8 data=d8cf0400f0490200
2026-07-07T14:57:21.209+00:00 CAN id=101 dlc=8 data=d8cf0400f0490200
2026-07-07T14:57:21.229+00:00 CAN id=101 dlc=8 data=d8cf0400f0490200
2026-07-07T14:57:21.249+00:00 CAN id=101 dlc=8 data=d8cf0400f0490200
2026-07-07T14:57:21.269+00:00 BENCH disable sent
2026-07-07T14:57:21.269+00:00 CAN id=121 dlc=2 data=0100
2026-07-07T14:57:21.269+00:00 CAN id=121 dlc=2 data=0100
2026-07-07T14:57:21.373+00:00 VCP run=1 step=0 angle=315703 target=315352 err=-351 steer=0 m1=922/51563 i1=249 t1=28 m2=-976/-51563 i2=-207 t2=27 steerMode=0/-1264 iSteer=21390 driveMode=51563/50229 iDrive=227921 scale=0 wheel=150000
2026-07-07T14:57:21.373+00:00 VCP UNIT_CTRL enable=0
2026-07-07T14:57:21.373+00:00 VCP UNIT_CTRL enable=0
2026-07-07T14:57:21.373+00:00 VCP STOP: disabled
2026-07-07T14:57:21.669+00:00 BENCH log closed
