2026-07-07T14:56:48.378+00:00 BENCH log opened: firmware/logs/lowrpm-floor200kp10-rpm40.log
2026-07-07T14:56:48.378+00:00 BENCH run: steer=315.352deg (315352mdeg) wheel=40.0rpm (40000milli-rpm) rate=50.0Hz duration=10.0s
2026-07-07T14:56:48.378+00:00 BENCH enable sent
2026-07-07T14:56:48.378+00:00 CAN id=121 dlc=2 data=0101
2026-07-07T14:56:48.378+00:00 CAN id=101 dlc=8 data=d8cf0400409c0000
2026-07-07T14:56:48.392+00:00 VCP NIT_CTRL enable=0
2026-07-07T14:56:48.392+00:00 VCP UNIT_CTRL enable=0
2026-07-07T14:56:48.392+00:00 VCP SET_CONFIG idx=15 val=200000
2026-07-07T14:56:48.392+00:00 VCP SET_CONFIG idx=1 val=10000
2026-07-07T14:56:48.392+00:00 VCP UNIT_CTRL enable=1
2026-07-07T14:56:48.392+00:00 VCP SET_TARGET_RX steer=315352 wheel=40000
2026-07-07T14:56:48.392+00:00 VCP START_CAN: angle=315439 target=315352 wheelTarget=40000
2026-07-07T14:56:48.398+00:00 CAN id=101 dlc=8 data=d8cf0400409c0000
2026-07-07T14:56:48.418+00:00 CAN id=101 dlc=8 data=d8cf0400409c0000
2026-07-07T14:56:48.438+00:00 CAN id=101 dlc=8 data=d8cf0400409c0000
2026-07-07T14:56:48.458+00:00 CAN id=101 dlc=8 data=d8cf0400409c0000
2026-07-07T14:56:48.478+00:00 CAN id=101 dlc=8 data=d8cf0400409c0000
2026-07-07T14:56:48.494+00:00 VCP run=1 step=0 angle=315439 target=315352 err=-87 steer=0 m1=0/344 i1=3 t1=28 m2=0/-344 i2=-3 t2=27 steerMode=0/0 iSteer=0 driveMode=344/0 iDrive=3472 scale=0 wheel=1000
2026-07-07T14:56:48.498+00:00 CAN id=101 dlc=8 data=d8cf0400409c0000
2026-07-07T14:56:48.518+00:00 CAN id=101 dlc=8 data=d8cf0400409c0000
2026-07-07T14:56:48.538+00:00 CAN id=101 dlc=8 data=d8cf0400409c0000
2026-07-07T14:56:48.558+00:00 CAN id=101 dlc=8 data=d8cf0400409c0000
2026-07-07T14:56:48.578+00:00 CAN id=101 dlc=8 data=d8cf0400409c0000
2026-07-07T14:56:48.598+00:00 CAN id=101 dlc=8 data=d8cf0400409c0000
2026-07-07T14:56:48.618+00:00 CAN id=101 dlc=8 data=d8cf0400409c0000
2026-07-07T14:56:48.638+00:00 CAN id=101 dlc=8 data=d8cf0400409c0000
2026-07-07T14:56:48.658+00:00 CAN id=101 dlc=8 data=d8cf0400409c0000
2026-07-07T14:56:48.678+00:00 CAN id=101 dlc=8 data=d8cf0400409c0000
2026-07-07T14:56:48.685+00:00 VCP run=1 step=0 angle=315439 target=315352 err=-87 steer=0 m1=2/6531 i1=72 t1=28 m2=0/-6531 i2=-70 t2=27 steerMode=0/-19 iSteer=936 driveMode=6531/24 iDrive=71419 scale=0 wheel=19000
2026-07-07T14:56:48.685+00:00 VCP run=1 step=0 angle=315439 target=315352 err=-87 steer=0 m1=0/13063 i1=156 t1=28 m2=0/-13063 i2=-155 t2=27 steerMode=0/-7 iSteer=354 driveMode=13063/14 iDrive=155532 scale=0 wheel=38000
2026-07-07T14:56:48.698+00:00 CAN id=101 dlc=8 data=d8cf0400409c0000
2026-07-07T14:56:48.718+00:00 CAN id=101 dlc=8 data=d8cf0400409c0000
2026-07-07T14:56:48.738+00:00 CAN id=101 dlc=8 data=d8cf0400409c0000
2026-07-07T14:56:48.758+00:00 CAN id=101 dlc=8 data=d8cf0400409c0000
2026-07-07T14:56:48.778+00:00 CAN id=101 dlc=8 data=d8cf0400409c0000
2026-07-07T14:56:48.791+00:00 VCP run=1 step=0 angle=315439 target=315352 err=-87 steer=0 m1=0/13750 i1=188 t1=28 m2=0/-13750 i2=-188 t2=27 steerMode=0/1 iSteer=-27 driveMode=13750/6 iDrive=188318 scale=0 wheel=40000
2026-07-07T14:56:48.798+00:00 CAN id=101 dlc=8 data=d8cf0400409c0000
2026-07-07T14:56:48.818+00:00 CAN id=101 dlc=8 data=d8cf0400409c0000
2026-07-07T14:56:48.838+00:00 CAN id=101 dlc=8 data=d8cf0400409c0000
2026-07-07T14:56:48.858+00:00 CAN id=101 dlc=8 data=d8cf0400409c0000
2026-07-07T14:56:48.878+00:00 CAN id=101 dlc=8 data=d8cf0400409c0000
2026-07-07T14:56:48.894+00:00 VCP run=1 step=0 angle=315439 target=315352 err=-87 steer=0 m1=0/13750 i1=214 t1=28 m2=0/-13750 i2=-215 t2=27 steerMode=0/4 iSteer=-153 driveMode=13750/7 iDrive=214404 scale=0 wheel=40000
2026-07-07T14:56:48.894+00:00 VCP SET_TARGET_RX steer=315352 wheel=40000
2026-07-07T14:56:48.898+00:00 CAN id=101 dlc=8 data=d8cf0400409c0000
2026-07-07T14:56:48.918+00:00 CAN id=101 dlc=8 data=d8cf0400409c0000
2026-07-07T14:56:48.938+00:00 CAN id=101 dlc=8 data=d8cf0400409c0000
2026-07-07T14:56:48.958+00:00 CAN id=101 dlc=8 data=d8cf0400409c0000
2026-07-07T14:56:48.978+00:00 CAN id=101 dlc=8 data=d8cf0400409c0000
2026-07-07T14:56:48.998+00:00 CAN id=101 dlc=8 data=d8cf0400409c0000
2026-07-07T14:56:49.019+00:00 CAN id=101 dlc=8 data=d8cf0400409c0000
2026-07-07T14:56:49.038+00:00 CAN id=101 dlc=8 data=d8cf0400409c0000
2026-07-07T14:56:49.058+00:00 CAN id=101 dlc=8 data=d8cf0400409c0000
2026-07-07T14:56:49.079+00:00 CAN id=101 dlc=8 data=d8cf0400409c0000
2026-07-07T14:56:49.084+00:00 VCP run=1 step=0 angle=315439 target=315352 err=-87 steer=0 m1=0/13750 i1=241 t1=28 m2=0/-13750 i2=-239 t2=27 steerMode=0/-18 iSteer=984 driveMode=13750/19 iDrive=240123 scale=0 wheel=40000
2026-07-07T14:56:49.084+00:00 VCP run=1 step=0 angle=315439 target=315352 err=-87 steer=0 m1=0/13750 i1=266 t1=28 m2=0/-13750 i2=-266 t2=27 steerMode=0/-4 iSteer=299 driveMode=13750/4 iDrive=266101 scale=0 wheel=40000
2026-07-07T14:56:49.098+00:00 CAN id=101 dlc=8 data=d8cf0400409c0000
2026-07-07T14:56:49.118+00:00 CAN id=101 dlc=8 data=d8cf0400409c0000
2026-07-07T14:56:49.138+00:00 CAN id=101 dlc=8 data=d8cf0400409c0000
2026-07-07T14:56:49.158+00:00 CAN id=101 dlc=8 data=d8cf0400409c0000
2026-07-07T14:56:49.179+00:00 CAN id=101 dlc=8 data=d8cf0400409c0000
2026-07-07T14:56:49.190+00:00 VCP run=1 step=0 angle=315439 target=315352 err=-87 steer=0 m1=0/13750 i1=292 t1=28 m2=0/-13750 i2=-292 t2=27 steerMode=0/-6 iSteer=446 driveMode=13750/-1 iDrive=291992 scale=0 wheel=40000
2026-07-07T14:56:49.198+00:00 CAN id=101 dlc=8 data=d8cf0400409c0000
2026-07-07T14:56:49.218+00:00 CAN id=101 dlc=8 data=d8cf0400409c0000
2026-07-07T14:56:49.239+00:00 CAN id=101 dlc=8 data=d8cf0400409c0000
2026-07-07T14:56:49.258+00:00 CAN id=101 dlc=8 data=d8cf0400409c0000
2026-07-07T14:56:49.279+00:00 CAN id=101 dlc=8 data=d8cf0400409c0000
2026-07-07T14:56:49.295+00:00 VCP run=1 step=0 angle=315439 target=315352 err=-87 steer=0 m1=0/13750 i1=319 t1=28 m2=-3/-13750 i2=-316 t2=27 steerMode=0/-22 iSteer=1293 driveMode=13750/22 iDrive=317578 scale=0 wheel=40000
2026-07-07T14:56:49.298+00:00 CAN id=101 dlc=8 data=d8cf0400409c0000
2026-07-07T14:56:49.318+00:00 CAN id=101 dlc=8 data=d8cf0400409c0000
2026-07-07T14:56:49.338+00:00 CAN id=101 dlc=8 data=d8cf0400409c0000
2026-07-07T14:56:49.358+00:00 CAN id=101 dlc=8 data=d8cf0400409c0000
2026-07-07T14:56:49.378+00:00 CAN id=101 dlc=8 data=d8cf0400409c0000
2026-07-07T14:56:49.398+00:00 VCP run=1 step=0 angle=315439 target=315352 err=-87 steer=0 m1=0/13750 i1=346 t1=28 m2=-3/-13750 i2=-340 t2=27 steerMode=0/-51 iSteer=2812 driveMode=13750/54 iDrive=343050 scale=0 wheel=40000
2026-07-07T14:56:49.398+00:00 VCP SET_TARGET_RX steer=315352 wheel=40000
2026-07-07T14:56:49.398+00:00 CAN id=101 dlc=8 data=d8cf0400409c0000
2026-07-07T14:56:49.418+00:00 CAN id=101 dlc=8 data=d8cf0400409c0000
2026-07-07T14:56:49.438+00:00 CAN id=101 dlc=8 data=d8cf0400409c0000
2026-07-07T14:56:49.458+00:00 CAN id=101 dlc=8 data=d8cf0400409c0000
2026-07-07T14:56:49.478+00:00 CAN id=101 dlc=8 data=d8cf0400409c0000
2026-07-07T14:56:49.498+00:00 CAN id=101 dlc=8 data=d8cf0400409c0000
2026-07-07T14:56:49.519+00:00 CAN id=101 dlc=8 data=d8cf0400409c0000
2026-07-07T14:56:49.538+00:00 CAN id=101 dlc=8 data=d8cf0400409c0000
2026-07-07T14:56:49.558+00:00 CAN id=101 dlc=8 data=d8cf0400409c0000
2026-07-07T14:56:49.579+00:00 CAN id=101 dlc=8 data=d8cf0400409c0000
2026-07-07T14:56:49.586+00:00 VCP run=1 step=0 angle=315352 target=315352 err=0 steer=0 m1=0/13750 i1=476 t1=28 m2=-109/-13750 i2=-206 t2=27 steerMode=0/-2615 iSteer=134614 driveMode=13750/2599 iDrive=340999 scale=0 wheel=40000
2026-07-07T14:56:49.586+00:00 VCP run=1 step=0 angle=314736 target=315352 err=616 steer=308 m1=0/15443 i1=510 t1=28 m2=8/-12057 i2=-255 t2=27 steerMode=1693/-647 iSteer=127822 driveMode=13750/675 iDrive=382420 scale=0 wheel=40000
2026-07-07T14:56:49.598+00:00 CAN id=101 dlc=8 data=d8cf0400409c0000
2026-07-07T14:56:49.619+00:00 CAN id=101 dlc=8 data=d8cf0400409c0000
2026-07-07T14:56:49.638+00:00 CAN id=101 dlc=8 data=d8cf0400409c0000
2026-07-07T14:56:49.658+00:00 CAN id=101 dlc=8 data=d8cf0400409c0000
2026-07-07T14:56:49.678+00:00 CAN id=101 dlc=8 data=d8cf0400409c0000
2026-07-07T14:56:49.691+00:00 VCP run=1 step=0 angle=314736 target=315352 err=616 steer=308 m1=0/15443 i1=515 t1=28 m2=0/-12057 i2=-313 t2=27 steerMode=1693/-8 iSteer=100982 driveMode=13750/7 iDrive=414445 scale=0 wheel=40000
2026-07-07T14:56:49.698+00:00 CAN id=101 dlc=8 data=d8cf0400409c0000
2026-07-07T14:56:49.718+00:00 CAN id=101 dlc=8 data=d8cf0400409c0000
2026-07-07T14:56:49.738+00:00 CAN id=101 dlc=8 data=d8cf0400409c0000
2026-07-07T14:56:49.758+00:00 CAN id=101 dlc=8 data=d8cf0400409c0000
2026-07-07T14:56:49.778+00:00 CAN id=101 dlc=8 data=d8cf0400409c0000
2026-07-07T14:56:49.797+00:00 VCP run=1 step=0 angle=314736 target=315352 err=616 steer=308 m1=0/15443 i1=546 t1=28 m2=0/-12057 i2=-335 t2=27 steerMode=1693/-5 iSteer=105606 driveMode=13750/5 iDrive=440298 scale=0 wheel=40000
2026-07-07T14:56:49.798+00:00 CAN id=101 dlc=8 data=d8cf0400409c0000
2026-07-07T14:56:49.818+00:00 CAN id=101 dlc=8 data=d8cf0400409c0000
2026-07-07T14:56:49.839+00:00 CAN id=101 dlc=8 data=d8cf0400409c0000
2026-07-07T14:56:49.859+00:00 CAN id=101 dlc=8 data=d8cf0400409c0000
2026-07-07T14:56:49.878+00:00 CAN id=101 dlc=8 data=d8cf0400409c0000
2026-07-07T14:56:49.898+00:00 CAN id=101 dlc=8 data=d8cf0400409c0000
2026-07-07T14:56:49.899+00:00 VCP run=1 step=0 angle=314736 target=315352 err=616 steer=308 m1=0/15443 i1=576 t1=28 m2=0/-12057 i2=-356 t2=27 steerMode=1693/-4 iSteer=110358 driveMode=13750/15 iDrive=466022 scale=0 wheel=40000
2026-07-07T14:56:49.899+00:00 VCP SET_TARGET_RX steer=315352 wheel=40000
2026-07-07T14:56:49.919+00:00 CAN id=101 dlc=8 data=d8cf0400409c0000
2026-07-07T14:56:49.938+00:00 CAN id=101 dlc=8 data=d8cf0400409c0000
2026-07-07T14:56:49.958+00:00 CAN id=101 dlc=8 data=d8cf0400409c0000
2026-07-07T14:56:49.978+00:00 CAN id=101 dlc=8 data=d8cf0400409c0000
2026-07-07T14:56:49.998+00:00 CAN id=101 dlc=8 data=d8cf0400409c0000
2026-07-07T14:56:50.019+00:00 CAN id=101 dlc=8 data=d8cf0400409c0000
2026-07-07T14:56:50.038+00:00 CAN id=101 dlc=8 data=d8cf0400409c0000
2026-07-07T14:56:50.058+00:00 CAN id=101 dlc=8 data=d8cf0400409c0000
2026-07-07T14:56:50.078+00:00 CAN id=101 dlc=8 data=d8cf0400409c0000
2026-07-07T14:56:50.087+00:00 VCP run=1 step=0 angle=314736 target=315352 err=616 steer=308 m1=0/15443 i1=607 t1=28 m2=0/-12057 i2=-377 t2=27 steerMode=1693/0 iSteer=114951 driveMode=13750/0 iDrive=492014 scale=0 wheel=40000
2026-07-07T14:56:50.087+00:00 VCP run=1 step=0 angle=314736 target=315352 err=616 steer=308 m1=0/15443 i1=638 t1=28 m2=0/-12057 i2=-397 t2=27 steerMode=1693/-12 iSteer=120314 driveMode=13750/12 iDrive=517711 scale=0 wheel=40000
2026-07-07T14:56:50.098+00:00 CAN id=101 dlc=8 data=d8cf0400409c0000
2026-07-07T14:56:50.119+00:00 CAN id=101 dlc=8 data=d8cf0400409c0000
2026-07-07T14:56:50.138+00:00 CAN id=101 dlc=8 data=d8cf0400409c0000
2026-07-07T14:56:50.158+00:00 CAN id=101 dlc=8 data=d8cf0400409c0000
2026-07-07T14:56:50.178+00:00 CAN id=101 dlc=8 data=d8cf0400409c0000
2026-07-07T14:56:50.193+00:00 VCP run=1 step=0 angle=314736 target=315352 err=616 steer=308 m1=0/15443 i1=669 t1=28 m2=0/-12057 i2=-418 t2=27 steerMode=1693/-20 iSteer=125529 driveMode=13750/18 iDrive=543503 scale=0 wheel=40000
2026-07-07T14:56:50.198+00:00 CAN id=101 dlc=8 data=d8cf0400409c0000
2026-07-07T14:56:50.218+00:00 CAN id=101 dlc=8 data=d8cf0400409c0000
2026-07-07T14:56:50.238+00:00 CAN id=101 dlc=8 data=d8cf0400409c0000
2026-07-07T14:56:50.258+00:00 CAN id=101 dlc=8 data=d8cf0400409c0000
2026-07-07T14:56:50.278+00:00 CAN id=101 dlc=8 data=d8cf0400409c0000
2026-07-07T14:56:50.298+00:00 VCP run=1 step=0 angle=314736 target=315352 err=616 steer=308 m1=0/15443 i1=699 t1=28 m2=0/-12057 i2=-440 t2=27 steerMode=1693/-8 iSteer=129758 driveMode=13750/9 iDrive=569420 scale=0 wheel=40000
2026-07-07T14:56:50.298+00:00 CAN id=101 dlc=8 data=d8cf0400409c0000
2026-07-07T14:56:50.319+00:00 CAN id=101 dlc=8 data=d8cf0400409c0000
2026-07-07T14:56:50.339+00:00 CAN id=101 dlc=8 data=d8cf0400409c0000
2026-07-07T14:56:50.358+00:00 CAN id=101 dlc=8 data=d8cf0400409c0000
2026-07-07T14:56:50.378+00:00 CAN id=101 dlc=8 data=d8cf0400409c0000
2026-07-07T14:56:50.398+00:00 CAN id=101 dlc=8 data=d8cf0400409c0000
2026-07-07T14:56:50.419+00:00 CAN id=101 dlc=8 data=d8cf0400409c0000
2026-07-07T14:56:50.438+00:00 CAN id=101 dlc=8 data=d8cf0400409c0000
2026-07-07T14:56:50.459+00:00 CAN id=101 dlc=8 data=d8cf0400409c0000
2026-07-07T14:56:50.479+00:00 CAN id=101 dlc=8 data=d8cf0400409c0000
2026-07-07T14:56:50.483+00:00 VCP run=1 step=0 angle=314736 target=315352 err=616 steer=308 m1=0/15443 i1=730 t1=28 m2=0/-12057 i2=-461 t2=27 steerMode=1693/-6 iSteer=134459 driveMode=13750/7 iDrive=595267 scale=0 wheel=40000
2026-07-07T14:56:50.483+00:00 VCP SET_TARGET_RX steer=315352 wheel=40000
2026-07-07T14:56:50.483+00:00 VCP run=1 step=0 angle=314736 target=315352 err=616 steer=308 m1=0/15443 i1=762 t1=28 m2=-3/-12057 i2=-480 t2=27 steerMode=1693/-45 iSteer=141205 driveMode=13750/44 iDrive=620718 scale=0 wheel=40000
2026-07-07T14:56:50.498+00:00 CAN id=101 dlc=8 data=d8cf0400409c0000
2026-07-07T14:56:50.519+00:00 CAN id=101 dlc=8 data=d8cf0400409c0000
2026-07-07T14:56:50.538+00:00 CAN id=101 dlc=8 data=d8cf0400409c0000
2026-07-07T14:56:50.559+00:00 CAN id=101 dlc=8 data=d8cf0400409c0000
2026-07-07T14:56:50.578+00:00 CAN id=101 dlc=8 data=d8cf0400409c0000
2026-07-07T14:56:50.588+00:00 VCP run=1 step=0 angle=314561 target=315352 err=791 steer=396 m1=2/15927 i1=879 t1=28 m2=-172/-11573 i2=-381 t2=27 steerMode=2177/-1597 iSteer=248828 driveMode=13750/1650 iDrive=629677 scale=0 wheel=40000
2026-07-07T14:56:50.598+00:00 CAN id=101 dlc=8 data=d8cf0400409c0000
2026-07-07T14:56:50.619+00:00 CAN id=101 dlc=8 data=d8cf0400409c0000
2026-07-07T14:56:50.638+00:00 CAN id=101 dlc=8 data=d8cf0400409c0000
2026-07-07T14:56:50.658+00:00 CAN id=101 dlc=8 data=d8cf0400409c0000
2026-07-07T14:56:50.678+00:00 CAN id=101 dlc=8 data=d8cf0400409c0000
2026-07-07T14:56:50.692+00:00 VCP run=1 step=0 angle=314033 target=315352 err=1319 steer=659 m1=498/17377 i1=466 t1=28 m2=-189/-10123 i2=-560 t2=27 steerMode=3627/5955 iSteer=-46842 driveMode=13750/14655 iDrive=512708 scale=0 wheel=40000
2026-07-07T14:56:50.698+00:00 CAN id=101 dlc=8 data=d8cf0400409c0000
2026-07-07T14:56:50.719+00:00 CAN id=101 dlc=8 data=d8cf0400409c0000
2026-07-07T14:56:50.738+00:00 CAN id=101 dlc=8 data=d8cf0400409c0000
2026-07-07T14:56:50.758+00:00 CAN id=101 dlc=8 data=d8cf0400409c0000
2026-07-07T14:56:50.778+00:00 CAN id=101 dlc=8 data=d8cf0400409c0000
2026-07-07T14:56:50.796+00:00 VCP run=1 step=0 angle=315879 target=315352 err=-527 steer=-263 m1=592/12301 i1=261 t1=28 m2=-566/-15199 i2=-450 t2=27 steerMode=-1449/1552 iSteer=-94598 driveMode=13750/28728 iDrive=355185 scale=0 wheel=40000
2026-07-07T14:56:50.798+00:00 CAN id=101 dlc=8 data=d8cf0400409c0000
2026-07-07T14:56:50.819+00:00 CAN id=101 dlc=8 data=d8cf0400409c0000
2026-07-07T14:56:50.838+00:00 CAN id=101 dlc=8 data=d8cf0400409c0000
2026-07-07T14:56:50.858+00:00 CAN id=101 dlc=8 data=d8cf0400409c0000
2026-07-07T14:56:50.878+00:00 CAN id=101 dlc=8 data=d8cf0400409c0000
2026-07-07T14:56:50.897+00:00 VCP run=1 step=0 angle=315967 target=315352 err=-615 steer=-307 m1=682/12059 i1=236 t1=28 m2=-693/-15441 i2=-278 t2=27 steerMode=-1691/-247 iSteer=-21110 driveMode=13750/35060 iDrive=256972 scale=0 wheel=40000
2026-07-07T14:56:50.897+00:00 VCP SET_TARGET_RX steer=315352 wheel=40000
2026-07-07T14:56:50.898+00:00 CAN id=101 dlc=8 data=d8cf0400409c0000
2026-07-07T14:56:50.918+00:00 CAN id=101 dlc=8 data=d8cf0400409c0000
2026-07-07T14:56:50.938+00:00 CAN id=101 dlc=8 data=d8cf0400409c0000
2026-07-07T14:56:50.958+00:00 CAN id=101 dlc=8 data=d8cf0400409c0000
2026-07-07T14:56:50.978+00:00 CAN id=101 dlc=8 data=d8cf0400409c0000
2026-07-07T14:56:50.998+00:00 CAN id=101 dlc=8 data=d8cf0400409c0000
2026-07-07T14:56:51.019+00:00 CAN id=101 dlc=8 data=d8cf0400409c0000
2026-07-07T14:56:51.039+00:00 CAN id=101 dlc=8 data=d8cf0400409c0000
2026-07-07T14:56:51.059+00:00 CAN id=101 dlc=8 data=d8cf0400409c0000
2026-07-07T14:56:51.078+00:00 CAN id=101 dlc=8 data=d8cf0400409c0000
2026-07-07T14:56:51.084+00:00 VCP run=1 step=0 angle=315967 target=315352 err=-615 steer=-307 m1=694/12059 i1=161 t1=28 m2=-752/-15441 i2=-228 t2=27 steerMode=-1691/-88 iSteer=-33392 driveMode=13750/37085 iDrive=194492 scale=0 wheel=40000
2026-07-07T14:56:51.084+00:00 VCP run=1 step=0 angle=315967 target=315352 err=-615 steer=-307 m1=650/12059 i1=136 t1=28 m2=-666/-15441 i2=-200 t2=27 steerMode=-1691/-212 iSteer=-31901 driveMode=13750/35507 iDrive=168306 scale=0 wheel=40000
2026-07-07T14:56:51.098+00:00 CAN id=101 dlc=8 data=d8cf0400409c0000
2026-07-07T14:56:51.119+00:00 CAN id=101 dlc=8 data=d8cf0400409c0000
2026-07-07T14:56:51.138+00:00 CAN id=101 dlc=8 data=d8cf0400409c0000
2026-07-07T14:56:51.158+00:00 CAN id=101 dlc=8 data=d8cf0400409c0000
2026-07-07T14:56:51.178+00:00 CAN id=101 dlc=8 data=d8cf0400409c0000
2026-07-07T14:56:51.188+00:00 VCP run=1 step=0 angle=315967 target=315352 err=-615 steer=-307 m1=631/12059 i1=118 t1=28 m2=-645/-15441 i2=-186 t2=27 steerMode=-1691/-249 iSteer=-34145 driveMode=13750/33268 iDrive=152282 scale=0 wheel=40000
2026-07-07T14:56:51.198+00:00 CAN id=101 dlc=8 data=d8cf0400409c0000
2026-07-07T14:56:51.219+00:00 CAN id=101 dlc=8 data=d8cf0400409c0000
2026-07-07T14:56:51.239+00:00 CAN id=101 dlc=8 data=d8cf0400409c0000
2026-07-07T14:56:51.259+00:00 CAN id=101 dlc=8 data=d8cf0400409c0000
2026-07-07T14:56:51.278+00:00 CAN id=101 dlc=8 data=d8cf0400409c0000
2026-07-07T14:56:51.292+00:00 VCP run=1 step=0 angle=315879 target=315352 err=-527 steer=-263 m1=579/12301 i1=111 t1=28 m2=-563/-15199 i2=-184 t2=27 steerMode=-1449/-41 iSteer=-36532 driveMode=13750/30377 iDrive=147357 scale=0 wheel=40000
2026-07-07T14:56:51.298+00:00 CAN id=101 dlc=8 data=d8cf0400409c0000
2026-07-07T14:56:51.318+00:00 CAN id=101 dlc=8 data=d8cf0400409c0000
2026-07-07T14:56:51.338+00:00 CAN id=101 dlc=8 data=d8cf0400409c0000
2026-07-07T14:56:51.358+00:00 CAN id=101 dlc=8 data=d8cf0400409c0000
2026-07-07T14:56:51.378+00:00 CAN id=101 dlc=8 data=d8cf0400409c0000
2026-07-07T14:56:51.393+00:00 VCP run=1 step=0 angle=315879 target=315352 err=-527 steer=-263 m1=498/12301 i1=100 t1=28 m2=-490/-15199 i2=-216 t2=27 steerMode=-1449/296 iSteer=-57923 driveMode=13750/26556 iDrive=158018 scale=0 wheel=40000
2026-07-07T14:56:51.393+00:00 VCP SET_TARGET_RX steer=315352 wheel=40000
2026-07-07T14:56:51.398+00:00 CAN id=101 dlc=8 data=d8cf0400409c0000
2026-07-07T14:56:51.418+00:00 CAN id=101 dlc=8 data=d8cf0400409c0000
2026-07-07T14:56:51.438+00:00 CAN id=101 dlc=8 data=d8cf0400409c0000
2026-07-07T14:56:51.458+00:00 CAN id=101 dlc=8 data=d8cf0400409c0000
2026-07-07T14:56:51.478+00:00 CAN id=101 dlc=8 data=d8cf0400409c0000
2026-07-07T14:56:51.497+00:00 VCP run=1 step=0 angle=316055 target=315352 err=-703 steer=-351 m1=410/11818 i1=125 t1=28 m2=-427/-15682 i2=-227 t2=27 steerMode=-1932/-425 iSteer=-51166 driveMode=13750/22752 iDrive=176269 scale=0 wheel=40000
2026-07-07T14:56:51.498+00:00 CAN id=101 dlc=8 data=d8cf0400409c0000
2026-07-07T14:56:51.518+00:00 CAN id=101 dlc=8 data=d8cf0400409c0000
2026-07-07T14:56:51.538+00:00 CAN id=101 dlc=8 data=d8cf0400409c0000
2026-07-07T14:56:51.558+00:00 CAN id=101 dlc=8 data=d8cf0400409c0000
2026-07-07T14:56:51.578+00:00 CAN id=101 dlc=8 data=d8cf0400409c0000
2026-07-07T14:56:51.598+00:00 CAN id=101 dlc=8 data=d8cf0400409c0000
2026-07-07T14:56:51.618+00:00 CAN id=101 dlc=8 data=d8cf0400409c0000
2026-07-07T14:56:51.638+00:00 CAN id=101 dlc=8 data=d8cf0400409c0000
2026-07-07T14:56:51.658+00:00 CAN id=101 dlc=8 data=d8cf0400409c0000
2026-07-07T14:56:51.678+00:00 CAN id=101 dlc=8 data=d8cf0400409c0000
2026-07-07T14:56:51.684+00:00 VCP run=1 step=0 angle=316055 target=315352 err=-703 steer=-351 m1=412/11818 i1=117 t1=28 m2=-350/-15682 i2=-259 t2=27 steerMode=-1932/-113 iSteer=-70930 driveMode=13750/20151 iDrive=187876 scale=0 wheel=40000
2026-07-07T14:56:51.684+00:00 VCP run=1 step=0 angle=315703 target=315352 err=-351 steer=0 m1=391/13750 i1=189 t1=28 m2=-340/-13750 i2=-172 t2=27 steerMode=0/207 iSteer=8629 driveMode=13750/19777 iDrive=180257 scale=0 wheel=40000
2026-07-07T14:56:51.698+00:00 CAN id=101 dlc=8 data=d8cf0400409c0000
2026-07-07T14:56:51.718+00:00 CAN id=101 dlc=8 data=d8cf0400409c0000
2026-07-07T14:56:51.738+00:00 CAN id=101 dlc=8 data=d8cf0400409c0000
2026-07-07T14:56:51.758+00:00 CAN id=101 dlc=8 data=d8cf0400409c0000
2026-07-07T14:56:51.779+00:00 CAN id=101 dlc=8 data=d8cf0400409c0000
2026-07-07T14:56:51.789+00:00 VCP run=1 step=0 angle=315879 target=315352 err=-527 steer=-263 m1=359/12301 i1=113 t1=28 m2=-396/-15199 i2=-227 t2=27 steerMode=-1449/-3 iSteer=-56991 driveMode=13750/19688 iDrive=169620 scale=0 wheel=40000
2026-07-07T14:56:51.798+00:00 CAN id=101 dlc=8 data=d8cf0400409c0000
2026-07-07T14:56:51.818+00:00 CAN id=101 dlc=8 data=d8cf0400409c0000
2026-07-07T14:56:51.839+00:00 CAN id=101 dlc=8 data=d8cf0400409c0000
2026-07-07T14:56:51.859+00:00 CAN id=101 dlc=8 data=d8cf0400409c0000
2026-07-07T14:56:51.879+00:00 CAN id=101 dlc=8 data=d8cf0400409c0000
2026-07-07T14:56:51.890+00:00 VCP run=1 step=0 angle=315703 target=315352 err=-351 steer=0 m1=382/13750 i1=147 t1=28 m2=-354/-13750 i2=-169 t2=27 steerMode=0/530 iSteer=-10959 driveMode=13750/19714 iDrive=157747 scale=0 wheel=40000
2026-07-07T14:56:51.890+00:00 VCP SET_TARGET_RX steer=315352 wheel=40000
2026-07-07T14:56:51.898+00:00 CAN id=101 dlc=8 data=d8cf0400409c0000
2026-07-07T14:56:51.919+00:00 CAN id=101 dlc=8 data=d8cf0400409c0000
2026-07-07T14:56:51.938+00:00 CAN id=101 dlc=8 data=d8cf0400409c0000
2026-07-07T14:56:51.959+00:00 CAN id=101 dlc=8 data=d8cf0400409c0000
2026-07-07T14:56:51.978+00:00 CAN id=101 dlc=8 data=d8cf0400409c0000
2026-07-07T14:56:51.994+00:00 VCP run=1 step=0 angle=315967 target=315352 err=-615 steer=-307 m1=349/12059 i1=115 t1=28 m2=-390/-15441 i2=-201 t2=27 steerMode=-1691/-601 iSteer=-43195 driveMode=13750/18682 iDrive=157820 scale=0 wheel=40000
2026-07-07T14:56:51.998+00:00 CAN id=101 dlc=8 data=d8cf0400409c0000
2026-07-07T14:56:52.019+00:00 CAN id=101 dlc=8 data=d8cf0400409c0000
2026-07-07T14:56:52.038+00:00 CAN id=101 dlc=8 data=d8cf0400409c0000
2026-07-07T14:56:52.059+00:00 CAN id=101 dlc=8 data=d8cf0400409c0000
2026-07-07T14:56:52.079+00:00 CAN id=101 dlc=8 data=d8cf0400409c0000
2026-07-07T14:56:52.098+00:00 CAN id=101 dlc=8 data=d8cf0400409c0000
2026-07-07T14:56:52.099+00:00 VCP run=1 step=0 angle=315791 target=315352 err=-439 steer=0 m1=376/13750 i1=150 t1=28 m2=-331/-13750 i2=-169 t2=27 steerMode=0/427 iSteer=-9337 driveMode=13750/17767 iDrive=159827 scale=0 wheel=40000
2026-07-07T14:56:52.119+00:00 CAN id=101 dlc=8 data=d8cf0400409c0000
2026-07-07T14:56:52.138+00:00 CAN id=101 dlc=8 data=d8cf0400409c0000
2026-07-07T14:56:52.159+00:00 CAN id=101 dlc=8 data=d8cf0400409c0000
2026-07-07T14:56:52.179+00:00 CAN id=101 dlc=8 data=d8cf0400409c0000
2026-07-07T14:56:52.198+00:00 CAN id=101 dlc=8 data=d8cf0400409c0000
2026-07-07T14:56:52.219+00:00 CAN id=101 dlc=8 data=d8cf0400409c0000
2026-07-07T14:56:52.238+00:00 CAN id=101 dlc=8 data=d8cf0400409c0000
2026-07-07T14:56:52.258+00:00 CAN id=101 dlc=8 data=d8cf0400409c0000
2026-07-07T14:56:52.278+00:00 CAN id=101 dlc=8 data=d8cf0400409c0000
2026-07-07T14:56:52.286+00:00 VCP run=1 step=0 angle=315791 target=315352 err=-439 steer=-63 m1=295/13401 i1=212 t1=28 m2=-323/-14099 i2=-118 t2=27 steerMode=-349/-1139 iSteer=47105 driveMode=13750/17257 iDrive=164927 scale=0 wheel=40000
2026-07-07T14:56:52.286+00:00 VCP run=1 step=0 angle=315791 target=315352 err=-439 steer=-100 m1=332/13200 i1=113 t1=28 m2=-279/-14300 i2=-222 t2=27 steerMode=-550/696 iSteer=-54468 driveMode=13750/17022 iDrive=167283 scale=0 wheel=40000
2026-07-07T14:56:52.298+00:00 CAN id=101 dlc=8 data=d8cf0400409c0000
2026-07-07T14:56:52.318+00:00 CAN id=101 dlc=8 data=d8cf0400409c0000
2026-07-07T14:56:52.338+00:00 CAN id=101 dlc=8 data=d8cf0400409c0000
2026-07-07T14:56:52.358+00:00 CAN id=101 dlc=8 data=d8cf0400409c0000
2026-07-07T14:56:52.379+00:00 CAN id=101 dlc=8 data=d8cf0400409c0000
2026-07-07T14:56:52.387+00:00 VCP run=1 step=0 angle=315791 target=315352 err=-439 steer=-13 m1=341/13676 i1=206 t1=28 m2=-348/-13824 i2=-130 t2=27 steerMode=-74/-730 iSteer=37764 driveMode=13750/16934 iDrive=168164 scale=0 wheel=40000
2026-07-07T14:56:52.387+00:00 VCP SET_TARGET_RX steer=315352 wheel=40000
2026-07-07T14:56:52.398+00:00 CAN id=101 dlc=8 data=d8cf0400409c0000
2026-07-07T14:56:52.419+00:00 CAN id=101 dlc=8 data=d8cf0400409c0000
2026-07-07T14:56:52.438+00:00 CAN id=101 dlc=8 data=d8cf0400409c0000
2026-07-07T14:56:52.458+00:00 CAN id=101 dlc=8 data=d8cf0400409c0000
2026-07-07T14:56:52.478+00:00 CAN id=101 dlc=8 data=d8cf0400409c0000
2026-07-07T14:56:52.492+00:00 VCP run=1 step=0 angle=315791 target=315352 err=-439 steer=0 m1=334/13750 i1=140 t1=28 m2=-252/-13750 i2=-210 t2=27 steerMode=0/792 iSteer=-34913 driveMode=13750/16257 iDrive=174933 scale=0 wheel=40000
2026-07-07T14:56:52.498+00:00 CAN id=101 dlc=8 data=d8cf0400409c0000
2026-07-07T14:56:52.518+00:00 CAN id=101 dlc=8 data=d8cf0400409c0000
2026-07-07T14:56:52.538+00:00 CAN id=101 dlc=8 data=d8cf0400409c0000
2026-07-07T14:56:52.558+00:00 CAN id=101 dlc=8 data=d8cf0400409c0000
2026-07-07T14:56:52.578+00:00 CAN id=101 dlc=8 data=d8cf0400409c0000
2026-07-07T14:56:52.596+00:00 VCP run=1 step=0 angle=315879 target=315352 err=-527 steer=-263 m1=322/12301 i1=134 t1=28 m2=-314/-15199 i2=-206 t2=27 steerMode=-1449/-704 iSteer=-35726 driveMode=13750/16748 iDrive=170022 scale=0 wheel=40000
2026-07-07T14:56:52.598+00:00 CAN id=101 dlc=8 data=d8cf0400409c0000
2026-07-07T14:56:52.618+00:00 CAN id=101 dlc=8 data=d8cf0400409c0000
2026-07-07T14:56:52.638+00:00 CAN id=101 dlc=8 data=d8cf0400409c0000
2026-07-07T14:56:52.658+00:00 CAN id=101 dlc=8 data=d8cf0400409c0000
2026-07-07T14:56:52.678+00:00 CAN id=101 dlc=8 data=d8cf0400409c0000
2026-07-07T14:56:52.698+00:00 CAN id=101 dlc=8 data=d8cf0400409c0000
2026-07-07T14:56:52.718+00:00 CAN id=101 dlc=8 data=d8cf0400409c0000
2026-07-07T14:56:52.738+00:00 CAN id=101 dlc=8 data=d8cf0400409c0000
2026-07-07T14:56:52.758+00:00 CAN id=101 dlc=8 data=d8cf0400409c0000
2026-07-07T14:56:52.778+00:00 CAN id=101 dlc=8 data=d8cf0400409c0000
2026-07-07T14:56:52.783+00:00 VCP run=1 step=0 angle=315703 target=315352 err=-351 steer=0 m1=309/13750 i1=149 t1=28 m2=-354/-13750 i2=-190 t2=27 steerMode=0/446 iSteer=-20306 driveMode=13750/16793 iDrive=169571 scale=0 wheel=40000
2026-07-07T14:56:52.783+00:00 VCP run=1 step=0 angle=315791 target=315352 err=-439 steer=-213 m1=339/12576 i1=141 t1=28 m2=-327/-14924 i2=-198 t2=27 steerMode=-1174/-632 iSteer=-28486 driveMode=13750/16822 iDrive=169284 scale=0 wheel=40000
2026-07-07T14:56:52.798+00:00 CAN id=101 dlc=8 data=d8cf0400409c0000
2026-07-07T14:56:52.818+00:00 CAN id=101 dlc=8 data=d8cf0400409c0000
2026-07-07T14:56:52.838+00:00 CAN id=101 dlc=8 data=d8cf0400409c0000
2026-07-07T14:56:52.858+00:00 CAN id=101 dlc=8 data=d8cf0400409c0000
2026-07-07T14:56:52.878+00:00 CAN id=101 dlc=8 data=d8cf0400409c0000
2026-07-07T14:56:52.885+00:00 VCP run=1 step=0 angle=315791 target=315352 err=-439 steer=0 m1=324/13750 i1=152 t1=28 m2=-235/-13750 i2=-204 t2=27 steerMode=0/486 iSteer=-25757 driveMode=13750/15950 iDrive=178000 scale=0 wheel=40000
2026-07-07T14:56:52.885+00:00 VCP SET_TARGET_RX steer=315352 wheel=40000
2026-07-07T14:56:52.898+00:00 CAN id=101 dlc=8 data=d8cf0400409c0000
2026-07-07T14:56:52.918+00:00 CAN id=101 dlc=8 data=d8cf0400409c0000
2026-07-07T14:56:52.938+00:00 CAN id=101 dlc=8 data=d8cf0400409c0000
2026-07-07T14:56:52.958+00:00 CAN id=101 dlc=8 data=d8cf0400409c0000
2026-07-07T14:56:52.979+00:00 CAN id=101 dlc=8 data=d8cf0400409c0000
2026-07-07T14:56:52.990+00:00 VCP run=1 step=0 angle=315791 target=315352 err=-439 steer=0 m1=315/13750 i1=146 t1=28 m2=-337/-13750 i2=-196 t2=27 steerMode=0/433 iSteer=-24954 driveMode=13750/16658 iDrive=170916 scale=0 wheel=40000
2026-07-07T14:56:52.998+00:00 CAN id=101 dlc=8 data=d8cf0400409c0000
2026-07-07T14:56:53.019+00:00 CAN id=101 dlc=8 data=d8cf0400409c0000
2026-07-07T14:56:53.038+00:00 CAN id=101 dlc=8 data=d8cf0400409c0000
2026-07-07T14:56:53.058+00:00 CAN id=101 dlc=8 data=d8cf0400409c0000
2026-07-07T14:56:53.078+00:00 CAN id=101 dlc=8 data=d8cf0400409c0000
2026-07-07T14:56:53.095+00:00 VCP run=1 step=0 angle=315791 target=315352 err=-439 steer=0 m1=311/13750 i1=206 t1=28 m2=-283/-13750 i2=-147 t2=27 steerMode=0/-721 iSteer=29444 driveMode=13750/16104 iDrive=176456 scale=0 wheel=40000
2026-07-07T14:56:53.098+00:00 CAN id=101 dlc=8 data=d8cf0400409c0000
2026-07-07T14:56:53.118+00:00 CAN id=101 dlc=8 data=d8cf0400409c0000
2026-07-07T14:56:53.138+00:00 CAN id=101 dlc=8 data=d8cf0400409c0000
2026-07-07T14:56:53.158+00:00 CAN id=101 dlc=8 data=d8cf0400409c0000
2026-07-07T14:56:53.178+00:00 CAN id=101 dlc=8 data=d8cf0400409c0000
2026-07-07T14:56:53.198+00:00 CAN id=101 dlc=8 data=d8cf0400409c0000
2026-07-07T14:56:53.199+00:00 VCP run=1 step=0 angle=315967 target=315352 err=-615 steer=-307 m1=301/12059 i1=92 t1=28 m2=-302/-15441 i2=-277 t2=27 steerMode=-1691/-32 iSteer=-92605 driveMode=13750/15311 iDrive=184386 scale=0 wheel=40000
2026-07-07T14:56:53.218+00:00 CAN id=101 dlc=8 data=d8cf0400409c0000
2026-07-07T14:56:53.238+00:00 CAN id=101 dlc=8 data=d8cf0400409c0000
2026-07-07T14:56:53.258+00:00 CAN id=101 dlc=8 data=d8cf0400409c0000
2026-07-07T14:56:53.278+00:00 CAN id=101 dlc=8 data=d8cf0400409c0000
2026-07-07T14:56:53.298+00:00 CAN id=101 dlc=8 data=d8cf0400409c0000
2026-07-07T14:56:53.318+00:00 CAN id=101 dlc=8 data=d8cf0400409c0000
2026-07-07T14:56:53.338+00:00 CAN id=101 dlc=8 data=d8cf0400409c0000
2026-07-07T14:56:53.358+00:00 CAN id=101 dlc=8 data=d8cf0400409c0000
2026-07-07T14:56:53.378+00:00 CAN id=101 dlc=8 data=d8cf0400409c0000
2026-07-07T14:56:53.382+00:00 VCP run=1 step=0 angle=315791 target=315352 err=-439 steer=0 m1=280/13750 i1=170 t1=28 m2=-195/-13750 i2=-227 t2=27 steerMode=0/361 iSteer=-28401 driveMode=13750/13926 iDrive=198237 scale=0 wheel=40000
2026-07-07T14:56:53.382+00:00 VCP run=1 step=0 angle=315967 target=315352 err=-615 steer=-307 m1=200/12059 i1=180 t1=28 m2=-316/-15441 i2=-229 t2=27 steerMode=-1691/-1525 iSteer=-24709 driveMode=13750/13417 iDrive=204548 scale=0 wheel=40000
2026-07-07T14:56:53.398+00:00 CAN id=101 dlc=8 data=d8cf0400409c0000
2026-07-07T14:56:53.418+00:00 CAN id=101 dlc=8 data=d8cf0400409c0000
2026-07-07T14:56:53.438+00:00 CAN id=101 dlc=8 data=d8cf0400409c0000
2026-07-07T14:56:53.458+00:00 CAN id=101 dlc=8 data=d8cf0400409c0000
2026-07-07T14:56:53.478+00:00 CAN id=101 dlc=8 data=d8cf0400409c0000
2026-07-07T14:56:53.487+00:00 VCP SET_TARGET_RX steer=315352 wheel=40000
2026-07-07T14:56:53.488+00:00 VCP run=1 step=0 angle=315791 target=315352 err=-439 steer=0 m1=305/13750 i1=153 t1=28 m2=-224/-13750 i2=-255 t2=27 steerMode=0/709 iSteer=-50879 driveMode=13750/13583 iDrive=203700 scale=0 wheel=40000
2026-07-07T14:56:53.498+00:00 CAN id=101 dlc=8 data=d8cf0400409c0000
2026-07-07T14:56:53.518+00:00 CAN id=101 dlc=8 data=d8cf0400409c0000
2026-07-07T14:56:53.538+00:00 CAN id=101 dlc=8 data=d8cf0400409c0000
2026-07-07T14:56:53.558+00:00 CAN id=101 dlc=8 data=d8cf0400409c0000
2026-07-07T14:56:53.578+00:00 CAN id=101 dlc=8 data=d8cf0400409c0000
2026-07-07T14:56:53.592+00:00 VCP run=1 step=0 angle=315879 target=315352 err=-527 steer=-263 m1=215/12301 i1=140 t1=28 m2=-235/-15199 i2=-267 t2=27 steerMode=-1449/-548 iSteer=-63853 driveMode=13750/13631 iDrive=203632 scale=0 wheel=40000
2026-07-07T14:56:53.598+00:00 CAN id=101 dlc=8 data=d8cf0400409c0000
2026-07-07T14:56:53.618+00:00 CAN id=101 dlc=8 data=d8cf0400409c0000
2026-07-07T14:56:53.638+00:00 CAN id=101 dlc=8 data=d8cf0400409c0000
2026-07-07T14:56:53.658+00:00 CAN id=101 dlc=8 data=d8cf0400409c0000
2026-07-07T14:56:53.678+00:00 CAN id=101 dlc=8 data=d8cf0400409c0000
2026-07-07T14:56:53.697+00:00 VCP run=1 step=0 angle=315791 target=315352 err=-439 steer=0 m1=249/13750 i1=179 t1=28 m2=-321/-13750 i2=-226 t2=27 steerMode=0/84 iSteer=-23805 driveMode=13750/13765 iDrive=202575 scale=0 wheel=40000
2026-07-07T14:56:53.698+00:00 CAN id=101 dlc=8 data=d8cf0400409c0000
2026-07-07T14:56:53.718+00:00 CAN id=101 dlc=8 data=d8cf0400409c0000
2026-07-07T14:56:53.738+00:00 CAN id=101 dlc=8 data=d8cf0400409c0000
2026-07-07T14:56:53.758+00:00 CAN id=101 dlc=8 data=d8cf0400409c0000
2026-07-07T14:56:53.778+00:00 CAN id=101 dlc=8 data=d8cf0400409c0000
2026-07-07T14:56:53.798+00:00 CAN id=101 dlc=8 data=d8cf0400409c0000
2026-07-07T14:56:53.818+00:00 CAN id=101 dlc=8 data=d8cf0400409c0000
2026-07-07T14:56:53.838+00:00 CAN id=101 dlc=8 data=d8cf0400409c0000
2026-07-07T14:56:53.858+00:00 CAN id=101 dlc=8 data=d8cf0400409c0000
2026-07-07T14:56:53.878+00:00 CAN id=101 dlc=8 data=d8cf0400409c0000
2026-07-07T14:56:53.880+00:00 VCP run=1 step=0 angle=315791 target=315352 err=-439 steer=0 m1=309/13750 i1=142 t1=28 m2=-239/-13750 i2=-247 t2=27 steerMode=0/636 iSteer=-52309 driveMode=13750/14505 iDrive=194517 scale=0 wheel=40000
2026-07-07T14:56:53.880+00:00 VCP run=1 step=0 angle=315791 target=315352 err=-439 steer=0 m1=278/13750 i1=154 t1=28 m2=-266/-13750 i2=-226 t2=27 steerMode=0/296 iSteer=-36007 driveMode=13750/14724 iDrive=190437 scale=0 wheel=40000
2026-07-07T14:56:53.898+00:00 CAN id=101 dlc=8 data=d8cf0400409c0000
2026-07-07T14:56:53.918+00:00 CAN id=101 dlc=8 data=d8cf0400409c0000
2026-07-07T14:56:53.938+00:00 CAN id=101 dlc=8 data=d8cf0400409c0000
2026-07-07T14:56:53.958+00:00 CAN id=101 dlc=8 data=d8cf0400409c0000
2026-07-07T14:56:53.978+00:00 CAN id=101 dlc=8 data=d8cf0400409c0000
2026-07-07T14:56:53.986+00:00 VCP SET_TARGET_RX steer=315352 wheel=40000
2026-07-07T14:56:53.986+00:00 VCP run=1 step=0 angle=315791 target=315352 err=-439 steer=0 m1=259/13750 i1=162 t1=28 m2=-308/-13750 i2=-212 t2=27 steerMode=0/83 iSteer=-24806 driveMode=13750/15056 iDrive=186943 scale=0 wheel=40000
2026-07-07T14:56:53.998+00:00 CAN id=101 dlc=8 data=d8cf0400409c0000
2026-07-07T14:56:54.018+00:00 CAN id=101 dlc=8 data=d8cf0400409c0000
2026-07-07T14:56:54.038+00:00 CAN id=101 dlc=8 data=d8cf0400409c0000
2026-07-07T14:56:54.058+00:00 CAN id=101 dlc=8 data=d8cf0400409c0000
2026-07-07T14:56:54.078+00:00 CAN id=101 dlc=8 data=d8cf0400409c0000
2026-07-07T14:56:54.090+00:00 VCP run=1 step=0 angle=315879 target=315352 err=-527 steer=-263 m1=318/12301 i1=98 t1=28 m2=-268/-15199 i2=-275 t2=27 steerMode=-1449/-96 iSteer=-88725 driveMode=13750/15079 iDrive=186713 scale=0 wheel=40000
2026-07-07T14:56:54.098+00:00 CAN id=101 dlc=8 data=d8cf0400409c0000
2026-07-07T14:56:54.118+00:00 CAN id=101 dlc=8 data=d8cf0400409c0000
2026-07-07T14:56:54.138+00:00 CAN id=101 dlc=8 data=d8cf0400409c0000
2026-07-07T14:56:54.158+00:00 CAN id=101 dlc=8 data=d8cf0400409c0000
2026-07-07T14:56:54.178+00:00 CAN id=101 dlc=8 data=d8cf0400409c0000
2026-07-07T14:56:54.195+00:00 VCP run=1 step=0 angle=315703 target=315352 err=-351 steer=0 m1=259/13750 i1=200 t1=28 m2=-346/-13750 i2=-173 t2=27 steerMode=0/-680 iSteer=13665 driveMode=13750/15099 iDrive=186515 scale=0 wheel=40000
2026-07-07T14:56:54.198+00:00 CAN id=101 dlc=8 data=d8cf0400409c0000
2026-07-07T14:56:54.218+00:00 CAN id=101 dlc=8 data=d8cf0400409c0000
2026-07-07T14:56:54.238+00:00 CAN id=101 dlc=8 data=d8cf0400409c0000
2026-07-07T14:56:54.258+00:00 CAN id=101 dlc=8 data=d8cf0400409c0000
2026-07-07T14:56:54.278+00:00 CAN id=101 dlc=8 data=d8cf0400409c0000
2026-07-07T14:56:54.298+00:00 CAN id=101 dlc=8 data=d8cf0400409c0000
2026-07-07T14:56:54.318+00:00 CAN id=101 dlc=8 data=d8cf0400409c0000
2026-07-07T14:56:54.338+00:00 CAN id=101 dlc=8 data=d8cf0400409c0000
2026-07-07T14:56:54.358+00:00 CAN id=101 dlc=8 data=d8cf0400409c0000
2026-07-07T14:56:54.378+00:00 CAN id=101 dlc=8 data=d8cf0400409c0000
2026-07-07T14:56:54.379+00:00 VCP run=1 step=0 angle=315527 target=315352 err=-175 steer=0 m1=284/13750 i1=146 t1=28 m2=-306/-13750 i2=-227 t2=27 steerMode=0/396 iSteer=-40453 driveMode=13750/15055 iDrive=186951 scale=0 wheel=40000
2026-07-07T14:56:54.379+00:00 VCP run=1 step=0 angle=315527 target=315352 err=-175 steer=0 m1=288/13750 i1=169 t1=28 m2=-233/-13750 i2=-205 t2=27 steerMode=0/-53 iSteer=-18006 driveMode=13750/15075 iDrive=186753 scale=0 wheel=40000
2026-07-07T14:56:54.398+00:00 CAN id=101 dlc=8 data=d8cf0400409c0000
2026-07-07T14:56:54.418+00:00 CAN id=101 dlc=8 data=d8cf0400409c0000
2026-07-07T14:56:54.438+00:00 CAN id=101 dlc=8 data=d8cf0400409c0000
2026-07-07T14:56:54.458+00:00 CAN id=101 dlc=8 data=d8cf0400409c0000
2026-07-07T14:56:54.478+00:00 CAN id=101 dlc=8 data=d8cf0400409c0000
2026-07-07T14:56:54.485+00:00 VCP SET_TARGET_RX steer=315352 wheel=40000
2026-07-07T14:56:54.485+00:00 VCP run=1 step=0 angle=315527 target=315352 err=-175 steer=0 m1=311/13750 i1=172 t1=28 m2=-329/-13750 i2=-192 t2=27 steerMode=0/-211 iSteer=-9756 driveMode=13750/15539 iDrive=182107 scale=0 wheel=40000
2026-07-07T14:56:54.498+00:00 CAN id=101 dlc=8 data=d8cf0400409c0000
2026-07-07T14:56:54.518+00:00 CAN id=101 dlc=8 data=d8cf0400409c0000
2026-07-07T14:56:54.538+00:00 CAN id=101 dlc=8 data=d8cf0400409c0000
2026-07-07T14:56:54.558+00:00 CAN id=101 dlc=8 data=d8cf0400409c0000
2026-07-07T14:56:54.578+00:00 CAN id=101 dlc=8 data=d8cf0400409c0000
2026-07-07T14:56:54.590+00:00 VCP run=1 step=0 angle=315439 target=315352 err=-87 steer=0 m1=286/13750 i1=178 t1=28 m2=-340/-13750 i2=-190 t2=27 steerMode=0/-287 iSteer=-6025 driveMode=13750/15319 iDrive=184313 scale=0 wheel=40000
2026-07-07T14:56:54.598+00:00 CAN id=101 dlc=8 data=d8cf0400409c0000
2026-07-07T14:56:54.618+00:00 CAN id=101 dlc=8 data=d8cf0400409c0000
2026-07-07T14:56:54.638+00:00 CAN id=101 dlc=8 data=d8cf0400409c0000
2026-07-07T14:56:54.658+00:00 CAN id=101 dlc=8 data=d8cf0400409c0000
2026-07-07T14:56:54.678+00:00 CAN id=101 dlc=8 data=d8cf0400409c0000
2026-07-07T14:56:54.694+00:00 VCP run=1 step=0 angle=315527 target=315352 err=-175 steer=0 m1=284/13750 i1=166 t1=28 m2=-264/-13750 i2=-204 t2=27 steerMode=0/-26 iSteer=-19178 driveMode=13750/15272 iDrive=184784 scale=0 wheel=40000
2026-07-07T14:56:54.698+00:00 CAN id=101 dlc=8 data=d8cf0400409c0000
2026-07-07T14:56:54.718+00:00 CAN id=101 dlc=8 data=d8cf0400409c0000
2026-07-07T14:56:54.738+00:00 CAN id=101 dlc=8 data=d8cf0400409c0000
2026-07-07T14:56:54.758+00:00 CAN id=101 dlc=8 data=d8cf0400409c0000
2026-07-07T14:56:54.778+00:00 CAN id=101 dlc=8 data=d8cf0400409c0000
2026-07-07T14:56:54.798+00:00 CAN id=101 dlc=8 data=d8cf0400409c0000
2026-07-07T14:56:54.799+00:00 VCP run=1 step=0 angle=315527 target=315352 err=-175 steer=0 m1=259/13750 i1=161 t1=28 m2=-250/-13750 i2=-222 t2=27 steerMode=0/199 iSteer=-30191 driveMode=13750/14615 iDrive=191348 scale=0 wheel=40000
2026-07-07T14:56:54.818+00:00 CAN id=101 dlc=8 data=d8cf0400409c0000
2026-07-07T14:56:54.838+00:00 CAN id=101 dlc=8 data=d8cf0400409c0000
2026-07-07T14:56:54.858+00:00 CAN id=101 dlc=8 data=d8cf0400409c0000
2026-07-07T14:56:54.878+00:00 CAN id=101 dlc=8 data=d8cf0400409c0000
2026-07-07T14:56:54.898+00:00 CAN id=101 dlc=8 data=d8cf0400409c0000
2026-07-07T14:56:54.918+00:00 CAN id=101 dlc=8 data=d8cf0400409c0000
2026-07-07T14:56:54.938+00:00 CAN id=101 dlc=8 data=d8cf0400409c0000
2026-07-07T14:56:54.958+00:00 CAN id=101 dlc=8 data=d8cf0400409c0000
2026-07-07T14:56:54.978+00:00 CAN id=101 dlc=8 data=d8cf0400409c0000
2026-07-07T14:56:54.984+00:00 VCP run=1 step=0 angle=315615 target=315352 err=-263 steer=0 m1=259/13750 i1=168 t1=28 m2=-302/-13750 i2=-227 t2=27 steerMode=0/179 iSteer=-29210 driveMode=13750/14014 iDrive=197364 scale=0 wheel=40000
2026-07-07T14:56:54.984+00:00 VCP SET_TARGET_RX steer=315352 wheel=40000
2026-07-07T14:56:54.984+00:00 VCP run=1 step=0 angle=315791 target=315352 err=-439 steer=0 m1=246/13750 i1=152 t1=28 m2=-201/-13750 i2=-266 t2=27 steerMode=0/725 iSteer=-57196 driveMode=13750/12891 iDrive=208971 scale=0 wheel=40000
2026-07-07T14:56:54.998+00:00 CAN id=101 dlc=8 data=d8cf0400409c0000
2026-07-07T14:56:55.018+00:00 CAN id=101 dlc=8 data=d8cf0400409c0000
2026-07-07T14:56:55.038+00:00 CAN id=101 dlc=8 data=d8cf0400409c0000
2026-07-07T14:56:55.058+00:00 CAN id=101 dlc=8 data=d8cf0400409c0000
2026-07-07T14:56:55.078+00:00 CAN id=101 dlc=8 data=d8cf0400409c0000
2026-07-07T14:56:55.088+00:00 VCP run=1 step=0 angle=315879 target=315352 err=-527 steer=-263 m1=184/12301 i1=162 t1=28 m2=-214/-15199 i2=-270 t2=27 steerMode=-1449/-865 iSteer=-53699 driveMode=13750/12318 iDrive=216120 scale=0 wheel=40000
2026-07-07T14:56:55.098+00:00 CAN id=101 dlc=8 data=d8cf0400409c0000
2026-07-07T14:56:55.118+00:00 CAN id=101 dlc=8 data=d8cf0400409c0000
2026-07-07T14:56:55.138+00:00 CAN id=101 dlc=8 data=d8cf0400409c0000
2026-07-07T14:56:55.158+00:00 CAN id=101 dlc=8 data=d8cf0400409c0000
2026-07-07T14:56:55.178+00:00 CAN id=101 dlc=8 data=d8cf0400409c0000
2026-07-07T14:56:55.192+00:00 VCP run=1 step=0 angle=315967 target=315352 err=-615 steer=-307 m1=198/12059 i1=113 t1=28 m2=-296/-15441 i2=-344 t2=27 steerMode=-1691/101 iSteer=-115606 driveMode=13750/11434 iDrive=228408 scale=0 wheel=40000
2026-07-07T14:56:55.198+00:00 CAN id=101 dlc=8 data=d8cf0400409c0000
2026-07-07T14:56:55.218+00:00 CAN id=101 dlc=8 data=d8cf0400409c0000
2026-07-07T14:56:55.238+00:00 CAN id=101 dlc=8 data=d8cf0400409c0000
2026-07-07T14:56:55.258+00:00 CAN id=101 dlc=8 data=d8cf0400409c0000
2026-07-07T14:56:55.278+00:00 CAN id=101 dlc=8 data=d8cf0400409c0000
2026-07-07T14:56:55.297+00:00 VCP run=1 step=0 angle=315879 target=315352 err=-527 steer=-263 m1=221/12301 i1=142 t1=28 m2=-233/-15199 i2=-332 t2=27 steerMode=-1449/-90 iSteer=-94778 driveMode=13750/11026 iDrive=237028 scale=0 wheel=40000
2026-07-07T14:56:55.298+00:00 CAN id=101 dlc=8 data=d8cf0400409c0000
2026-07-07T14:56:55.318+00:00 CAN id=101 dlc=8 data=d8cf0400409c0000
2026-07-07T14:56:55.338+00:00 CAN id=101 dlc=8 data=d8cf0400409c0000
2026-07-07T14:56:55.358+00:00 CAN id=101 dlc=8 data=d8cf0400409c0000
2026-07-07T14:56:55.378+00:00 CAN id=101 dlc=8 data=d8cf0400409c0000
2026-07-07T14:56:55.397+00:00 VCP run=1 step=0 angle=315879 target=315352 err=-527 steer=-263 m1=232/12301 i1=107 t1=28 m2=-210/-15199 i2=-361 t2=27 steerMode=-1449/518 iSteer=-126942 driveMode=13750/11721 iDrive=234001 scale=0 wheel=40000
2026-07-07T14:56:55.397+00:00 VCP SET_TARGET_RX steer=315352 wheel=40000
2026-07-07T14:56:55.398+00:00 CAN id=101 dlc=8 data=d8cf0400409c0000
2026-07-07T14:56:55.418+00:00 CAN id=101 dlc=8 data=d8cf0400409c0000
2026-07-07T14:56:55.438+00:00 CAN id=101 dlc=8 data=d8cf0400409c0000
2026-07-07T14:56:55.458+00:00 CAN id=101 dlc=8 data=d8cf0400409c0000
2026-07-07T14:56:55.478+00:00 CAN id=101 dlc=8 data=d8cf0400409c0000
2026-07-07T14:56:55.498+00:00 CAN id=101 dlc=8 data=d8cf0400409c0000
2026-07-07T14:56:55.518+00:00 CAN id=101 dlc=8 data=d8cf0400409c0000
2026-07-07T14:56:55.538+00:00 CAN id=101 dlc=8 data=d8cf0400409c0000
2026-07-07T14:56:55.558+00:00 CAN id=101 dlc=8 data=d8cf0400409c0000
2026-07-07T14:56:55.578+00:00 CAN id=101 dlc=8 data=d8cf0400409c0000
2026-07-07T14:56:55.584+00:00 VCP run=1 step=0 angle=315791 target=315352 err=-439 steer=-63 m1=209/13401 i1=222 t1=28 m2=-247/-14099 i2=-259 t2=27 steerMode=-349/-627 iSteer=-18329 driveMode=13750/11472 iDrive=240419 scale=0 wheel=40000
2026-07-07T14:56:55.584+00:00 VCP run=1 step=0 angle=315879 target=315352 err=-527 steer=-263 m1=228/12301 i1=131 t1=28 m2=-287/-15199 i2=-332 t2=27 steerMode=-1449/-107 iSteer=-100510 driveMode=13750/12786 iDrive=231196 scale=0 wheel=40000
2026-07-07T14:56:55.598+00:00 CAN id=101 dlc=8 data=d8cf0400409c0000
2026-07-07T14:56:55.618+00:00 CAN id=101 dlc=8 data=d8cf0400409c0000
2026-07-07T14:56:55.638+00:00 CAN id=101 dlc=8 data=d8cf0400409c0000
2026-07-07T14:56:55.658+00:00 CAN id=101 dlc=8 data=d8cf0400409c0000
2026-07-07T14:56:55.678+00:00 CAN id=101 dlc=8 data=d8cf0400409c0000
2026-07-07T14:56:55.689+00:00 VCP run=1 step=0 angle=315791 target=315352 err=-439 steer=0 m1=297/13750 i1=184 t1=28 m2=-220/-13750 i2=-257 t2=27 steerMode=0/63 iSteer=-36326 driveMode=13750/13980 iDrive=220194 scale=0 wheel=40000
2026-07-07T14:56:55.698+00:00 CAN id=101 dlc=8 data=d8cf0400409c0000
2026-07-07T14:56:55.718+00:00 CAN id=101 dlc=8 data=d8cf0400409c0000
2026-07-07T14:56:55.738+00:00 CAN id=101 dlc=8 data=d8cf0400409c0000
2026-07-07T14:56:55.758+00:00 CAN id=101 dlc=8 data=d8cf0400409c0000
2026-07-07T14:56:55.778+00:00 CAN id=101 dlc=8 data=d8cf0400409c0000
2026-07-07T14:56:55.793+00:00 VCP run=1 step=0 angle=315703 target=315352 err=-351 steer=0 m1=295/13750 i1=151 t1=28 m2=-220/-13750 i2=-267 t2=27 steerMode=0/483 iSteer=-58105 driveMode=13750/14949 iDrive=208958 scale=0 wheel=40000
2026-07-07T14:56:55.798+00:00 CAN id=101 dlc=8 data=d8cf0400409c0000
2026-07-07T14:56:55.819+00:00 CAN id=101 dlc=8 data=d8cf0400409c0000
2026-07-07T14:56:55.838+00:00 CAN id=101 dlc=8 data=d8cf0400409c0000
2026-07-07T14:56:55.858+00:00 CAN id=101 dlc=8 data=d8cf0400409c0000
2026-07-07T14:56:55.878+00:00 CAN id=101 dlc=8 data=d8cf0400409c0000
2026-07-07T14:56:55.895+00:00 VCP run=1 step=0 angle=315527 target=315352 err=-175 steer=0 m1=295/13750 i1=197 t1=28 m2=-373/-13750 i2=-183 t2=27 steerMode=0/-821 iSteer=7122 driveMode=13750/16532 iDrive=189770 scale=0 wheel=40000
2026-07-07T14:56:55.895+00:00 VCP SET_TARGET_RX steer=315352 wheel=40000
2026-07-07T14:56:55.898+00:00 CAN id=101 dlc=8 data=d8cf0400409c0000
2026-07-07T14:56:55.918+00:00 CAN id=101 dlc=8 data=d8cf0400409c0000
2026-07-07T14:56:55.938+00:00 CAN id=101 dlc=8 data=d8cf0400409c0000
2026-07-07T14:56:55.958+00:00 CAN id=101 dlc=8 data=d8cf0400409c0000
2026-07-07T14:56:55.978+00:00 CAN id=101 dlc=8 data=d8cf0400409c0000
2026-07-07T14:56:55.998+00:00 CAN id=101 dlc=8 data=d8cf0400409c0000
2026-07-07T14:56:56.018+00:00 CAN id=101 dlc=8 data=d8cf0400409c0000
2026-07-07T14:56:56.038+00:00 CAN id=101 dlc=8 data=d8cf0400409c0000
2026-07-07T14:56:56.058+00:00 CAN id=101 dlc=8 data=d8cf0400409c0000
2026-07-07T14:56:56.078+00:00 CAN id=101 dlc=8 data=d8cf0400409c0000
2026-07-07T14:56:56.083+00:00 VCP run=1 step=0 angle=315527 target=315352 err=-175 steer=0 m1=290/13750 i1=143 t1=28 m2=-369/-13750 i2=-224 t2=27 steerMode=0/147 iSteer=-40861 driveMode=13750/16587 iDrive=183385 scale=0 wheel=40000
2026-07-07T14:56:56.083+00:00 VCP run=1 step=0 angle=315527 target=315352 err=-175 steer=0 m1=288/13750 i1=158 t1=28 m2=-314/-13750 i2=-204 t2=27 steerMode=0/-209 iSteer=-22900 driveMode=13750/16327 iDrive=180669 scale=0 wheel=40000
2026-07-07T14:56:56.098+00:00 CAN id=101 dlc=8 data=d8cf0400409c0000
2026-07-07T14:56:56.118+00:00 CAN id=101 dlc=8 data=d8cf0400409c0000
2026-07-07T14:56:56.138+00:00 CAN id=101 dlc=8 data=d8cf0400409c0000
2026-07-07T14:56:56.158+00:00 CAN id=101 dlc=8 data=d8cf0400409c0000
2026-07-07T14:56:56.178+00:00 CAN id=101 dlc=8 data=d8cf0400409c0000
2026-07-07T14:56:56.188+00:00 VCP run=1 step=0 angle=315527 target=315352 err=-175 steer=0 m1=288/13750 i1=135 t1=28 m2=-281/-13750 i2=-210 t2=27 steerMode=0/96 iSteer=-37518 driveMode=13750/16568 iDrive=172746 scale=0 wheel=40000
2026-07-07T14:56:56.198+00:00 CAN id=101 dlc=8 data=d8cf0400409c0000
2026-07-07T14:56:56.218+00:00 CAN id=101 dlc=8 data=d8cf0400409c0000
2026-07-07T14:56:56.238+00:00 CAN id=101 dlc=8 data=d8cf0400409c0000
2026-07-07T14:56:56.258+00:00 CAN id=101 dlc=8 data=d8cf0400409c0000
2026-07-07T14:56:56.278+00:00 CAN id=101 dlc=8 data=d8cf0400409c0000
2026-07-07T14:56:56.293+00:00 VCP run=1 step=0 angle=315439 target=315352 err=-87 steer=0 m1=301/13750 i1=144 t1=28 m2=-287/-13750 i2=-202 t2=27 steerMode=0/-59 iSteer=-28878 driveMode=13750/16471 iDrive=172788 scale=0 wheel=40000
2026-07-07T14:56:56.298+00:00 CAN id=101 dlc=8 data=d8cf0400409c0000
2026-07-07T14:56:56.318+00:00 CAN id=101 dlc=8 data=d8cf0400409c0000
2026-07-07T14:56:56.338+00:00 CAN id=101 dlc=8 data=d8cf0400409c0000
2026-07-07T14:56:56.358+00:00 CAN id=101 dlc=8 data=d8cf0400409c0000
2026-07-07T14:56:56.378+00:00 CAN id=101 dlc=8 data=d8cf0400409c0000
2026-07-07T14:56:56.394+00:00 VCP run=1 step=0 angle=315439 target=315352 err=-87 steer=0 m1=341/13750 i1=149 t1=28 m2=-350/-13750 i2=-185 t2=27 steerMode=0/-256 iSteer=-17815 driveMode=13750/17046 iDrive=167041 scale=0 wheel=40000
2026-07-07T14:56:56.394+00:00 VCP SET_TARGET_RX steer=315352 wheel=40000
2026-07-07T14:56:56.398+00:00 CAN id=101 dlc=8 data=d8cf0400409c0000
2026-07-07T14:56:56.418+00:00 CAN id=101 dlc=8 data=d8cf0400409c0000
2026-07-07T14:56:56.438+00:00 CAN id=101 dlc=8 data=d8cf0400409c0000
2026-07-07T14:56:56.458+00:00 CAN id=101 dlc=8 data=d8cf0400409c0000
2026-07-07T14:56:56.478+00:00 CAN id=101 dlc=8 data=d8cf0400409c0000
2026-07-07T14:56:56.498+00:00 CAN id=101 dlc=8 data=d8cf0400409c0000
2026-07-07T14:56:56.499+00:00 VCP run=1 step=0 angle=315352 target=315352 err=0 steer=0 m1=305/13750 i1=170 t1=28 m2=-390/-13750 i2=-159 t2=27 steerMode=0/-701 iSteer=5535 driveMode=13750/17312 iDrive=164383 scale=0 wheel=40000
2026-07-07T14:56:56.518+00:00 CAN id=101 dlc=8 data=d8cf0400409c0000
2026-07-07T14:56:56.538+00:00 CAN id=101 dlc=8 data=d8cf0400409c0000
2026-07-07T14:56:56.558+00:00 CAN id=101 dlc=8 data=d8cf0400409c0000
2026-07-07T14:56:56.579+00:00 CAN id=101 dlc=8 data=d8cf0400409c0000
2026-07-07T14:56:56.598+00:00 CAN id=101 dlc=8 data=d8cf0400409c0000
2026-07-07T14:56:56.619+00:00 CAN id=101 dlc=8 data=d8cf0400409c0000
2026-07-07T14:56:56.638+00:00 CAN id=101 dlc=8 data=d8cf0400409c0000
2026-07-07T14:56:56.659+00:00 CAN id=101 dlc=8 data=d8cf0400409c0000
2026-07-07T14:56:56.678+00:00 CAN id=101 dlc=8 data=d8cf0400409c0000
2026-07-07T14:56:56.687+00:00 VCP run=1 step=0 angle=315264 target=315352 err=88 steer=0 m1=347/13750 i1=157 t1=28 m2=-373/-13750 i2=-168 t2=27 steerMode=0/-461 iSteer=-5659 driveMode=13750/17489 iDrive=162606 scale=0 wheel=40000
2026-07-07T14:56:56.687+00:00 VCP run=1 step=0 angle=315176 target=315352 err=176 steer=0 m1=305/13750 i1=147 t1=28 m2=-285/-13750 i2=-190 t2=27 steerMode=0/-135 iSteer=-21504 driveMode=13750/16924 iDrive=168257 scale=0 wheel=40000
2026-07-07T14:56:56.698+00:00 CAN id=101 dlc=8 data=d8cf0400409c0000
2026-07-07T14:56:56.718+00:00 CAN id=101 dlc=8 data=d8cf0400409c0000
2026-07-07T14:56:56.738+00:00 CAN id=101 dlc=8 data=d8cf0400409c0000
2026-07-07T14:56:56.758+00:00 CAN id=101 dlc=8 data=d8cf0400409c0000
2026-07-07T14:56:56.779+00:00 CAN id=101 dlc=8 data=d8cf0400409c0000
2026-07-07T14:56:56.792+00:00 VCP run=1 step=0 angle=315088 target=315352 err=264 steer=0 m1=313/13750 i1=139 t1=28 m2=-302/-13750 i2=-189 t2=27 steerMode=0/-47 iSteer=-24749 driveMode=13750/17353 iDrive=163970 scale=0 wheel=40000
2026-07-07T14:56:56.798+00:00 CAN id=101 dlc=8 data=d8cf0400409c0000
2026-07-07T14:56:56.818+00:00 CAN id=101 dlc=8 data=d8cf0400409c0000
2026-07-07T14:56:56.838+00:00 CAN id=101 dlc=8 data=d8cf0400409c0000
2026-07-07T14:56:56.858+00:00 CAN id=101 dlc=8 data=d8cf0400409c0000
2026-07-07T14:56:56.878+00:00 CAN id=101 dlc=8 data=d8cf0400409c0000
2026-07-07T14:56:56.894+00:00 VCP run=1 step=0 angle=315000 target=315352 err=352 steer=0 m1=320/13750 i1=163 t1=28 m2=-369/-13750 i2=-174 t2=27 steerMode=0/-433 iSteer=-5141 driveMode=13750/16911 iDrive=168388 scale=0 wheel=40000
2026-07-07T14:56:56.894+00:00 VCP SET_TARGET_RX steer=315352 wheel=40000
2026-07-07T14:56:56.898+00:00 CAN id=101 dlc=8 data=d8cf0400409c0000
2026-07-07T14:56:56.918+00:00 CAN id=101 dlc=8 data=d8cf0400409c0000
2026-07-07T14:56:56.938+00:00 CAN id=101 dlc=8 data=d8cf0400409c0000
2026-07-07T14:56:56.958+00:00 CAN id=101 dlc=8 data=d8cf0400409c0000
2026-07-07T14:56:56.978+00:00 CAN id=101 dlc=8 data=d8cf0400409c0000
2026-07-07T14:56:56.998+00:00 CAN id=101 dlc=8 data=d8cf0400409c0000
2026-07-07T14:56:56.999+00:00 VCP run=1 step=0 angle=315000 target=315352 err=352 steer=0 m1=334/13750 i1=140 t1=28 m2=-316/-13750 i2=-180 t2=27 steerMode=0/-113 iSteer=-20202 driveMode=13750/17764 iDrive=159863 scale=0 wheel=40000
2026-07-07T14:56:57.018+00:00 CAN id=101 dlc=8 data=d8cf0400409c0000
2026-07-07T14:56:57.038+00:00 CAN id=101 dlc=8 data=d8cf0400409c0000
2026-07-07T14:56:57.058+00:00 CAN id=101 dlc=8 data=d8cf0400409c0000
2026-07-07T14:56:57.078+00:00 CAN id=101 dlc=8 data=d8cf0400409c0000
2026-07-07T14:56:57.098+00:00 CAN id=101 dlc=8 data=d8cf0400409c0000
2026-07-07T14:56:57.118+00:00 CAN id=101 dlc=8 data=d8cf0400409c0000
2026-07-07T14:56:57.138+00:00 CAN id=101 dlc=8 data=d8cf0400409c0000
2026-07-07T14:56:57.158+00:00 CAN id=101 dlc=8 data=d8cf0400409c0000
2026-07-07T14:56:57.178+00:00 CAN id=101 dlc=8 data=d8cf0400409c0000
2026-07-07T14:56:57.186+00:00 VCP run=1 step=0 angle=314824 target=315352 err=528 steer=100 m1=345/14300 i1=158 t1=28 m2=-323/-13200 i2=-164 t2=27 steerMode=550/105 iSteer=-3163 driveMode=13750/17638 iDrive=161119 scale=0 wheel=40000
2026-07-07T14:56:57.186+00:00 VCP run=1 step=0 angle=315088 target=315352 err=264 steer=0 m1=376/13750 i1=65 t1=28 m2=-262/-13750 i2=-270 t2=27 steerMode=0/1562 iSteer=-102797 driveMode=13750/16980 iDrive=167699 scale=0 wheel=40000
2026-07-07T14:56:57.198+00:00 CAN id=101 dlc=8 data=d8cf0400409c0000
2026-07-07T14:56:57.218+00:00 CAN id=101 dlc=8 data=d8cf0400409c0000
2026-07-07T14:56:57.239+00:00 CAN id=101 dlc=8 data=d8cf0400409c0000
2026-07-07T14:56:57.258+00:00 CAN id=101 dlc=8 data=d8cf0400409c0000
2026-07-07T14:56:57.278+00:00 CAN id=101 dlc=8 data=d8cf0400409c0000
2026-07-07T14:56:57.291+00:00 VCP run=1 step=0 angle=315176 target=315352 err=176 steer=0 m1=272/13750 i1=141 t1=28 m2=-302/-13750 i2=-227 t2=27 steerMode=0/343 iSteer=-43227 driveMode=13750/15335 iDrive=184152 scale=0 wheel=40000
2026-07-07T14:56:57.298+00:00 CAN id=101 dlc=8 data=d8cf0400409c0000
2026-07-07T14:56:57.318+00:00 CAN id=101 dlc=8 data=d8cf0400409c0000
2026-07-07T14:56:57.338+00:00 CAN id=101 dlc=8 data=d8cf0400409c0000
2026-07-07T14:56:57.358+00:00 CAN id=101 dlc=8 data=d8cf0400409c0000
2026-07-07T14:56:57.378+00:00 CAN id=101 dlc=8 data=d8cf0400409c0000
2026-07-07T14:56:57.393+00:00 VCP run=1 step=0 angle=315439 target=315352 err=-87 steer=0 m1=249/13750 i1=155 t1=28 m2=-250/-13750 i2=-247 t2=27 steerMode=0/372 iSteer=-45751 driveMode=13750/13648 iDrive=201021 scale=0 wheel=40000
2026-07-07T14:56:57.393+00:00 VCP SET_TARGET_RX steer=315352 wheel=40000
2026-07-07T14:56:57.398+00:00 CAN id=101 dlc=8 data=d8cf0400409c0000
2026-07-07T14:56:57.419+00:00 CAN id=101 dlc=8 data=d8cf0400409c0000
2026-07-07T14:56:57.438+00:00 CAN id=101 dlc=8 data=d8cf0400409c0000
2026-07-07T14:56:57.458+00:00 CAN id=101 dlc=8 data=d8cf0400409c0000
2026-07-07T14:56:57.478+00:00 CAN id=101 dlc=8 data=d8cf0400409c0000
2026-07-07T14:56:57.498+00:00 VCP run=1 step=0 angle=315527 target=315352 err=-175 steer=0 m1=238/13750 i1=168 t1=28 m2=-237/-13750 i2=-255 t2=27 steerMode=0/305 iSteer=-43579 driveMode=13750/12673 iDrive=211610 scale=0 wheel=40000
2026-07-07T14:56:57.498+00:00 CAN id=101 dlc=8 data=d8cf0400409c0000
2026-07-07T14:56:57.518+00:00 CAN id=101 dlc=8 data=d8cf0400409c0000
2026-07-07T14:56:57.538+00:00 CAN id=101 dlc=8 data=d8cf0400409c0000
2026-07-07T14:56:57.558+00:00 CAN id=101 dlc=8 data=d8cf0400409c0000
2026-07-07T14:56:57.578+00:00 CAN id=101 dlc=8 data=d8cf0400409c0000
2026-07-07T14:56:57.598+00:00 CAN id=101 dlc=8 data=d8cf0400409c0000
2026-07-07T14:56:57.618+00:00 CAN id=101 dlc=8 data=d8cf0400409c0000
2026-07-07T14:56:57.638+00:00 CAN id=101 dlc=8 data=d8cf0400409c0000
2026-07-07T14:56:57.658+00:00 CAN id=101 dlc=8 data=d8cf0400409c0000
2026-07-07T14:56:57.679+00:00 CAN id=101 dlc=8 data=d8cf0400409c0000
2026-07-07T14:56:57.685+00:00 VCP run=1 step=0 angle=315703 target=315352 err=-351 steer=0 m1=240/13750 i1=182 t1=28 m2=-252/-13750 i2=-248 t2=27 steerMode=0/84 iSteer=-32998 driveMode=13750/12522 iDrive=215146 scale=0 wheel=40000
2026-07-07T14:56:57.685+00:00 VCP run=1 step=0 angle=315879 target=315352 err=-527 steer=-263 m1=265/12301 i1=101 t1=28 m2=-216/-15199 i2=-350 t2=27 steerMode=-1449/430 iSteer=-124264 driveMode=13750/11798 iDrive=225438 scale=0 wheel=40000
2026-07-07T14:56:57.698+00:00 CAN id=101 dlc=8 data=d8cf0400409c0000
2026-07-07T14:56:57.718+00:00 CAN id=101 dlc=8 data=d8cf0400409c0000
2026-07-07T14:56:57.739+00:00 CAN id=101 dlc=8 data=d8cf0400409c0000
2026-07-07T14:56:57.758+00:00 CAN id=101 dlc=8 data=d8cf0400409c0000
2026-07-07T14:56:57.779+00:00 CAN id=101 dlc=8 data=d8cf0400409c0000
2026-07-07T14:56:57.790+00:00 VCP run=1 step=0 angle=315703 target=315352 err=-351 steer=0 m1=234/13750 i1=208 t1=28 m2=-300/-13750 i2=-219 t2=27 steerMode=0/-486 iSteer=-5491 driveMode=13750/13170 iDrive=213678 scale=0 wheel=40000
2026-07-07T14:56:57.798+00:00 CAN id=101 dlc=8 data=d8cf0400409c0000
2026-07-07T14:56:57.818+00:00 CAN id=101 dlc=8 data=d8cf0400409c0000
2026-07-07T14:56:57.839+00:00 CAN id=101 dlc=8 data=d8cf0400409c0000
2026-07-07T14:56:57.858+00:00 CAN id=101 dlc=8 data=d8cf0400409c0000
2026-07-07T14:56:57.878+00:00 CAN id=101 dlc=8 data=d8cf0400409c0000
2026-07-07T14:56:57.891+00:00 VCP run=1 step=0 angle=315879 target=315352 err=-527 steer=-263 m1=223/12301 i1=128 t1=28 m2=-291/-15199 i2=-300 t2=27 steerMode=-1449/-382 iSteer=-85851 driveMode=13750/13202 iDrive=214070 scale=0 wheel=40000
2026-07-07T14:56:57.891+00:00 VCP SET_TARGET_RX steer=315352 wheel=40000
2026-07-07T14:56:57.898+00:00 CAN id=101 dlc=8 data=d8cf0400409c0000
2026-07-07T14:56:57.918+00:00 CAN id=101 dlc=8 data=d8cf0400409c0000
2026-07-07T14:56:57.938+00:00 CAN id=101 dlc=8 data=d8cf0400409c0000
2026-07-07T14:56:57.958+00:00 CAN id=101 dlc=8 data=d8cf0400409c0000
2026-07-07T14:56:57.978+00:00 CAN id=101 dlc=8 data=d8cf0400409c0000
2026-07-07T14:56:57.995+00:00 VCP run=1 step=0 angle=315791 target=315352 err=-439 steer=0 m1=276/13750 i1=212 t1=28 m2=-235/-13750 i2=-213 t2=27 steerMode=0/-643 iSteer=-504 driveMode=13750/13529 iDrive=212075 scale=0 wheel=40000
2026-07-07T14:56:57.998+00:00 CAN id=101 dlc=8 data=d8cf0400409c0000
2026-07-07T14:56:58.018+00:00 CAN id=101 dlc=8 data=d8cf0400409c0000
2026-07-07T14:56:58.038+00:00 CAN id=101 dlc=8 data=d8cf0400409c0000
2026-07-07T14:56:58.058+00:00 CAN id=101 dlc=8 data=d8cf0400409c0000
2026-07-07T14:56:58.078+00:00 CAN id=101 dlc=8 data=d8cf0400409c0000
2026-07-07T14:56:58.098+00:00 CAN id=101 dlc=8 data=d8cf0400409c0000
2026-07-07T14:56:58.119+00:00 CAN id=101 dlc=8 data=d8cf0400409c0000
2026-07-07T14:56:58.138+00:00 CAN id=101 dlc=8 data=d8cf0400409c0000
2026-07-07T14:56:58.158+00:00 CAN id=101 dlc=8 data=d8cf0400409c0000
2026-07-07T14:56:58.178+00:00 CAN id=101 dlc=8 data=d8cf0400409c0000
2026-07-07T14:56:58.183+00:00 VCP run=1 step=0 angle=315791 target=315352 err=-439 steer=0 m1=253/13750 i1=164 t1=28 m2=-229/-13750 i2=-254 t2=27 steerMode=0/231 iSteer=-44808 driveMode=13750/13878 iDrive=208756 scale=0 wheel=40000
2026-07-07T14:56:58.183+00:00 VCP run=1 step=0 angle=315791 target=315352 err=-439 steer=0 m1=265/13750 i1=169 t1=28 m2=-264/-13750 i2=-254 t2=27 steerMode=0/189 iSteer=-42909 driveMode=13750/13622 iDrive=211464 scale=0 wheel=40000
2026-07-07T14:56:58.198+00:00 CAN id=101 dlc=8 data=d8cf0400409c0000
2026-07-07T14:56:58.218+00:00 CAN id=101 dlc=8 data=d8cf0400409c0000
2026-07-07T14:56:58.239+00:00 CAN id=101 dlc=8 data=d8cf0400409c0000
2026-07-07T14:56:58.258+00:00 CAN id=101 dlc=8 data=d8cf0400409c0000
2026-07-07T14:56:58.278+00:00 CAN id=101 dlc=8 data=d8cf0400409c0000
2026-07-07T14:56:58.287+00:00 VCP run=1 step=0 angle=315879 target=315352 err=-527 steer=-263 m1=284/12301 i1=106 t1=28 m2=-304/-15199 i2=-304 t2=27 steerMode=-1449/-145 iSteer=-98665 driveMode=13750/14218 iDrive=204919 scale=0 wheel=40000
2026-07-07T14:56:58.298+00:00 CAN id=101 dlc=8 data=d8cf0400409c0000
2026-07-07T14:56:58.318+00:00 CAN id=101 dlc=8 data=d8cf0400409c0000
2026-07-07T14:56:58.338+00:00 CAN id=101 dlc=8 data=d8cf0400409c0000
2026-07-07T14:56:58.358+00:00 CAN id=101 dlc=8 data=d8cf0400409c0000
2026-07-07T14:56:58.378+00:00 BENCH disable sent
2026-07-07T14:56:58.379+00:00 CAN id=121 dlc=2 data=0100
2026-07-07T14:56:58.379+00:00 CAN id=121 dlc=2 data=0100
2026-07-07T14:56:58.488+00:00 VCP run=1 step=0 angle=315615 target=315352 err=-263 steer=0 m1=290/13750 i1=180 t1=28 m2=-291/-13750 i2=-235 t2=27 steerMode=0/-112 iSteer=-27637 driveMode=13750/13848 iDrive=207775 scale=0 wheel=40000
2026-07-07T14:56:58.488+00:00 VCP UNIT_CTRL enable=0
2026-07-07T14:56:58.488+00:00 VCP UNIT_CTRL enable=0
2026-07-07T14:56:58.488+00:00 VCP STOP: disabled
2026-07-07T14:56:58.779+00:00 BENCH log closed
