2026-07-07T14:55:50.345+00:00 BENCH log opened: firmware/logs/lowrpm-floor175-rpm40.log
2026-07-07T14:55:50.346+00:00 BENCH run: steer=315.352deg (315352mdeg) wheel=40.0rpm (40000milli-rpm) rate=50.0Hz duration=10.0s
2026-07-07T14:55:50.346+00:00 BENCH enable sent
2026-07-07T14:55:50.346+00:00 CAN id=121 dlc=2 data=0101
2026-07-07T14:55:50.346+00:00 CAN id=101 dlc=8 data=d8cf0400409c0000
2026-07-07T14:55:50.362+00:00 VCP NIT_CTRL enable=0
2026-07-07T14:55:50.362+00:00 VCP UNIT_CTRL enable=0
2026-07-07T14:55:50.362+00:00 VCP SET_CONFIG idx=15 val=175000
2026-07-07T14:55:50.362+00:00 VCP UNIT_CTRL enable=1
2026-07-07T14:55:50.362+00:00 VCP SET_TARGET_RX steer=315352 wheel=40000
2026-07-07T14:55:50.362+00:00 VCP START_CAN: angle=315352 target=315352 wheelTarget=40000
2026-07-07T14:55:50.366+00:00 CAN id=101 dlc=8 data=d8cf0400409c0000
2026-07-07T14:55:50.386+00:00 CAN id=101 dlc=8 data=d8cf0400409c0000
2026-07-07T14:55:50.406+00:00 CAN id=101 dlc=8 data=d8cf0400409c0000
2026-07-07T14:55:50.426+00:00 CAN id=101 dlc=8 data=d8cf0400409c0000
2026-07-07T14:55:50.446+00:00 CAN id=101 dlc=8 data=d8cf0400409c0000
2026-07-07T14:55:50.465+00:00 VCP run=1 step=0 angle=315352 target=315352 err=0 steer=0 m1=0/344 i1=2 t1=28 m2=0/-344 i2=-2 t2=27 steerMode=0/0 iSteer=0 driveMode=344/0 iDrive=1753 scale=0 wheel=1000
2026-07-07T14:55:50.466+00:00 CAN id=101 dlc=8 data=d8cf0400409c0000
2026-07-07T14:55:50.486+00:00 CAN id=101 dlc=8 data=d8cf0400409c0000
2026-07-07T14:55:50.506+00:00 CAN id=101 dlc=8 data=d8cf0400409c0000
2026-07-07T14:55:50.526+00:00 CAN id=101 dlc=8 data=d8cf0400409c0000
2026-07-07T14:55:50.546+00:00 CAN id=101 dlc=8 data=d8cf0400409c0000
2026-07-07T14:55:50.566+00:00 CAN id=101 dlc=8 data=d8cf0400409c0000
2026-07-07T14:55:50.586+00:00 CAN id=101 dlc=8 data=d8cf0400409c0000
2026-07-07T14:55:50.606+00:00 CAN id=101 dlc=8 data=d8cf0400409c0000
2026-07-07T14:55:50.626+00:00 CAN id=101 dlc=8 data=d8cf0400409c0000
2026-07-07T14:55:50.646+00:00 CAN id=101 dlc=8 data=d8cf0400409c0000
2026-07-07T14:55:50.656+00:00 VCP run=1 step=0 angle=315439 target=315352 err=-87 steer=0 m1=0/6600 i1=39 t1=28 m2=0/-6600 i2=-39 t2=27 steerMode=0/0 iSteer=0 driveMode=6600/0 iDrive=39478 scale=0 wheel=19200
2026-07-07T14:55:50.656+00:00 VCP run=1 step=0 angle=315439 target=315352 err=-87 steer=0 m1=0/13131 i1=91 t1=28 m2=0/-13131 i2=-91 t2=27 steerMode=0/0 iSteer=-18 driveMode=13131/6 iDrive=90967 scale=0 wheel=38200
2026-07-07T14:55:50.666+00:00 CAN id=101 dlc=8 data=d8cf0400409c0000
2026-07-07T14:55:50.686+00:00 CAN id=101 dlc=8 data=d8cf0400409c0000
2026-07-07T14:55:50.706+00:00 CAN id=101 dlc=8 data=d8cf0400409c0000
2026-07-07T14:55:50.726+00:00 CAN id=101 dlc=8 data=d8cf0400409c0000
2026-07-07T14:55:50.746+00:00 CAN id=101 dlc=8 data=d8cf0400409c0000
2026-07-07T14:55:50.762+00:00 VCP run=1 step=0 angle=315439 target=315352 err=-87 steer=0 m1=0/13750 i1=120 t1=28 m2=0/-13750 i2=-120 t2=27 steerMode=0/-3 iSteer=182 driveMode=13750/3 iDrive=120194 scale=0 wheel=40000
2026-07-07T14:55:50.766+00:00 CAN id=101 dlc=8 data=d8cf0400409c0000
2026-07-07T14:55:50.786+00:00 CAN id=101 dlc=8 data=d8cf0400409c0000
2026-07-07T14:55:50.806+00:00 CAN id=101 dlc=8 data=d8cf0400409c0000
2026-07-07T14:55:50.826+00:00 CAN id=101 dlc=8 data=d8cf0400409c0000
2026-07-07T14:55:50.846+00:00 CAN id=101 dlc=8 data=d8cf0400409c0000
2026-07-07T14:55:50.865+00:00 VCP run=1 step=0 angle=315352 target=315352 err=0 steer=0 m1=-3/13750 i1=146 t1=28 m2=0/-13750 i2=-146 t2=27 steerMode=0/7 iSteer=-357 driveMode=13750/7 iDrive=146018 scale=0 wheel=40000
2026-07-07T14:55:50.865+00:00 VCP SET_TARGET_RX steer=315352 wheel=40000
2026-07-07T14:55:50.866+00:00 CAN id=101 dlc=8 data=d8cf0400409c0000
2026-07-07T14:55:50.886+00:00 CAN id=101 dlc=8 data=d8cf0400409c0000
2026-07-07T14:55:50.906+00:00 CAN id=101 dlc=8 data=d8cf0400409c0000
2026-07-07T14:55:50.926+00:00 CAN id=101 dlc=8 data=d8cf0400409c0000
2026-07-07T14:55:50.946+00:00 CAN id=101 dlc=8 data=d8cf0400409c0000
2026-07-07T14:55:50.966+00:00 CAN id=101 dlc=8 data=d8cf0400409c0000
2026-07-07T14:55:50.986+00:00 CAN id=101 dlc=8 data=d8cf0400409c0000
2026-07-07T14:55:51.006+00:00 CAN id=101 dlc=8 data=d8cf0400409c0000
2026-07-07T14:55:51.026+00:00 CAN id=101 dlc=8 data=d8cf0400409c0000
2026-07-07T14:55:51.046+00:00 CAN id=101 dlc=8 data=d8cf0400409c0000
2026-07-07T14:55:51.054+00:00 VCP run=1 step=0 angle=315439 target=315352 err=-87 steer=0 m1=8/13750 i1=160 t1=28 m2=0/-13750 i2=-182 t2=27 steerMode=0/217 iSteer=-10925 driveMode=13750/217 iDrive=171020 scale=0 wheel=40000
2026-07-07T14:55:51.054+00:00 VCP run=1 step=0 angle=315439 target=315352 err=-87 steer=0 m1=0/13750 i1=197 t1=28 m2=0/-13750 i2=-198 t2=27 steerMode=0/3 iSteer=-382 driveMode=13750/4 iDrive=197802 scale=0 wheel=40000
2026-07-07T14:55:51.066+00:00 CAN id=101 dlc=8 data=d8cf0400409c0000
2026-07-07T14:55:51.086+00:00 CAN id=101 dlc=8 data=d8cf0400409c0000
2026-07-07T14:55:51.106+00:00 CAN id=101 dlc=8 data=d8cf0400409c0000
2026-07-07T14:55:51.126+00:00 CAN id=101 dlc=8 data=d8cf0400409c0000
2026-07-07T14:55:51.146+00:00 CAN id=101 dlc=8 data=d8cf0400409c0000
2026-07-07T14:55:51.161+00:00 VCP run=1 step=0 angle=315352 target=315352 err=0 steer=0 m1=0/13750 i1=223 t1=28 m2=0/-13750 i2=-224 t2=27 steerMode=0/0 iSteer=-248 driveMode=13750/0 iDrive=223669 scale=0 wheel=40000
2026-07-07T14:55:51.166+00:00 CAN id=101 dlc=8 data=d8cf0400409c0000
2026-07-07T14:55:51.186+00:00 CAN id=101 dlc=8 data=d8cf0400409c0000
2026-07-07T14:55:51.206+00:00 CAN id=101 dlc=8 data=d8cf0400409c0000
2026-07-07T14:55:51.226+00:00 CAN id=101 dlc=8 data=d8cf0400409c0000
2026-07-07T14:55:51.246+00:00 CAN id=101 dlc=8 data=d8cf0400409c0000
2026-07-07T14:55:51.266+00:00 CAN id=101 dlc=8 data=d8cf0400409c0000
2026-07-07T14:55:51.267+00:00 VCP run=1 step=0 angle=315439 target=315352 err=-87 steer=0 m1=0/13750 i1=250 t1=28 m2=0/-13750 i2=-250 t2=27 steerMode=0/-10 iSteer=258 driveMode=13750/-10 iDrive=249838 scale=0 wheel=40000
2026-07-07T14:55:51.286+00:00 CAN id=101 dlc=8 data=d8cf0400409c0000
2026-07-07T14:55:51.306+00:00 CAN id=101 dlc=8 data=d8cf0400409c0000
2026-07-07T14:55:51.326+00:00 CAN id=101 dlc=8 data=d8cf0400409c0000
2026-07-07T14:55:51.346+00:00 CAN id=101 dlc=8 data=d8cf0400409c0000
2026-07-07T14:55:51.366+00:00 CAN id=101 dlc=8 data=d8cf0400409c0000
2026-07-07T14:55:51.386+00:00 CAN id=101 dlc=8 data=d8cf0400409c0000
2026-07-07T14:55:51.406+00:00 CAN id=101 dlc=8 data=d8cf0400409c0000
2026-07-07T14:55:51.426+00:00 CAN id=101 dlc=8 data=d8cf0400409c0000
2026-07-07T14:55:51.446+00:00 CAN id=101 dlc=8 data=d8cf0400409c0000
2026-07-07T14:55:51.453+00:00 VCP run=1 step=0 angle=315439 target=315352 err=-87 steer=0 m1=0/13750 i1=277 t1=28 m2=0/-13750 i2=-274 t2=27 steerMode=0/-27 iSteer=1116 driveMode=13750/27 iDrive=275503 scale=0 wheel=40000
2026-07-07T14:55:51.453+00:00 VCP SET_TARGET_RX steer=315352 wheel=40000
2026-07-07T14:55:51.453+00:00 VCP run=1 step=0 angle=315352 target=315352 err=0 steer=0 m1=0/13750 i1=301 t1=28 m2=0/-13750 i2=-302 t2=27 steerMode=0/-1 iSteer=-165 driveMode=13750/0 iDrive=301476 scale=0 wheel=40000
2026-07-07T14:55:51.466+00:00 CAN id=101 dlc=8 data=d8cf0400409c0000
2026-07-07T14:55:51.486+00:00 CAN id=101 dlc=8 data=d8cf0400409c0000
2026-07-07T14:55:51.506+00:00 CAN id=101 dlc=8 data=d8cf0400409c0000
2026-07-07T14:55:51.526+00:00 CAN id=101 dlc=8 data=d8cf0400409c0000
2026-07-07T14:55:51.546+00:00 CAN id=101 dlc=8 data=d8cf0400409c0000
2026-07-07T14:55:51.559+00:00 VCP run=1 step=0 angle=315439 target=315352 err=-87 steer=0 m1=2/13750 i1=327 t1=28 m2=0/-13750 i2=-328 t2=27 steerMode=0/8 iSteer=-577 driveMode=13750/19 iDrive=327488 scale=0 wheel=40000
2026-07-07T14:55:51.566+00:00 CAN id=101 dlc=8 data=d8cf0400409c0000
2026-07-07T14:55:51.586+00:00 CAN id=101 dlc=8 data=d8cf0400409c0000
2026-07-07T14:55:51.606+00:00 CAN id=101 dlc=8 data=d8cf0400409c0000
2026-07-07T14:55:51.626+00:00 CAN id=101 dlc=8 data=d8cf0400409c0000
2026-07-07T14:55:51.646+00:00 CAN id=101 dlc=8 data=d8cf0400409c0000
2026-07-07T14:55:51.665+00:00 VCP run=1 step=0 angle=315352 target=315352 err=0 steer=0 m1=0/13750 i1=353 t1=28 m2=0/-13750 i2=-354 t2=27 steerMode=0/0 iSteer=-198 driveMode=13750/0 iDrive=353424 scale=0 wheel=40000
2026-07-07T14:55:51.666+00:00 CAN id=101 dlc=8 data=d8cf0400409c0000
2026-07-07T14:55:51.686+00:00 CAN id=101 dlc=8 data=d8cf0400409c0000
2026-07-07T14:55:51.706+00:00 CAN id=101 dlc=8 data=d8cf0400409c0000
2026-07-07T14:55:51.726+00:00 CAN id=101 dlc=8 data=d8cf0400409c0000
2026-07-07T14:55:51.746+00:00 CAN id=101 dlc=8 data=d8cf0400409c0000
2026-07-07T14:55:51.766+00:00 CAN id=101 dlc=8 data=d8cf0400409c0000
2026-07-07T14:55:51.786+00:00 CAN id=101 dlc=8 data=d8cf0400409c0000
2026-07-07T14:55:51.806+00:00 CAN id=101 dlc=8 data=d8cf0400409c0000
2026-07-07T14:55:51.826+00:00 CAN id=101 dlc=8 data=d8cf0400409c0000
2026-07-07T14:55:51.846+00:00 CAN id=101 dlc=8 data=d8cf0400409c0000
2026-07-07T14:55:51.852+00:00 VCP run=1 step=0 angle=315439 target=315352 err=-87 steer=0 m1=0/13750 i1=379 t1=28 m2=0/-13750 i2=-380 t2=27 steerMode=0/-1 iSteer=-106 driveMode=13750/2 iDrive=379521 scale=0 wheel=40000
2026-07-07T14:55:51.852+00:00 VCP run=1 step=0 angle=315352 target=315352 err=0 steer=0 m1=0/13750 i1=405 t1=28 m2=0/-13750 i2=-406 t2=27 steerMode=0/0 iSteer=-160 driveMode=13750/0 iDrive=405379 scale=0 wheel=40000
2026-07-07T14:55:51.852+00:00 VCP SET_TARGET_RX steer=315352 wheel=40000
2026-07-07T14:55:51.866+00:00 CAN id=101 dlc=8 data=d8cf0400409c0000
2026-07-07T14:55:51.886+00:00 CAN id=101 dlc=8 data=d8cf0400409c0000
2026-07-07T14:55:51.906+00:00 CAN id=101 dlc=8 data=d8cf0400409c0000
2026-07-07T14:55:51.926+00:00 CAN id=101 dlc=8 data=d8cf0400409c0000
2026-07-07T14:55:51.946+00:00 CAN id=101 dlc=8 data=d8cf0400409c0000
2026-07-07T14:55:51.958+00:00 VCP run=1 step=0 angle=315439 target=315352 err=-87 steer=0 m1=0/13750 i1=432 t1=28 m2=0/-13750 i2=-431 t2=27 steerMode=0/-8 iSteer=269 driveMode=13750/1 iDrive=431484 scale=0 wheel=40000
2026-07-07T14:55:51.966+00:00 CAN id=101 dlc=8 data=d8cf0400409c0000
2026-07-07T14:55:51.986+00:00 CAN id=101 dlc=8 data=d8cf0400409c0000
2026-07-07T14:55:52.006+00:00 CAN id=101 dlc=8 data=d8cf0400409c0000
2026-07-07T14:55:52.026+00:00 CAN id=101 dlc=8 data=d8cf0400409c0000
2026-07-07T14:55:52.046+00:00 CAN id=101 dlc=8 data=d8cf0400409c0000
2026-07-07T14:55:52.064+00:00 VCP run=1 step=0 angle=315439 target=315352 err=-87 steer=0 m1=0/13750 i1=458 t1=28 m2=-3/-13750 i2=-456 t2=27 steerMode=0/-27 iSteer=1234 driveMode=13750/27 iDrive=457201 scale=0 wheel=40000
2026-07-07T14:55:52.066+00:00 CAN id=101 dlc=8 data=d8cf0400409c0000
2026-07-07T14:55:52.086+00:00 CAN id=101 dlc=8 data=d8cf0400409c0000
2026-07-07T14:55:52.106+00:00 CAN id=101 dlc=8 data=d8cf0400409c0000
2026-07-07T14:55:52.126+00:00 CAN id=101 dlc=8 data=d8cf0400409c0000
2026-07-07T14:55:52.146+00:00 CAN id=101 dlc=8 data=d8cf0400409c0000
2026-07-07T14:55:52.166+00:00 CAN id=101 dlc=8 data=d8cf0400409c0000
2026-07-07T14:55:52.186+00:00 CAN id=101 dlc=8 data=d8cf0400409c0000
2026-07-07T14:55:52.206+00:00 CAN id=101 dlc=8 data=d8cf0400409c0000
2026-07-07T14:55:52.226+00:00 CAN id=101 dlc=8 data=d8cf0400409c0000
2026-07-07T14:55:52.246+00:00 CAN id=101 dlc=8 data=d8cf0400409c0000
2026-07-07T14:55:52.254+00:00 VCP run=1 step=0 angle=315352 target=315352 err=0 steer=0 m1=0/13750 i1=483 t1=28 m2=0/-13750 i2=-483 t2=27 steerMode=0/-1 iSteer=-41 driveMode=13750/1 iDrive=483159 scale=0 wheel=40000
2026-07-07T14:55:52.254+00:00 VCP run=1 step=0 angle=315439 target=315352 err=-87 steer=0 m1=0/13750 i1=510 t1=28 m2=0/-13750 i2=-509 t2=27 steerMode=0/-14 iSteer=641 driveMode=13750/0 iDrive=509288 scale=0 wheel=40000
2026-07-07T14:55:52.266+00:00 CAN id=101 dlc=8 data=d8cf0400409c0000
2026-07-07T14:55:52.286+00:00 CAN id=101 dlc=8 data=d8cf0400409c0000
2026-07-07T14:55:52.306+00:00 CAN id=101 dlc=8 data=d8cf0400409c0000
2026-07-07T14:55:52.326+00:00 CAN id=101 dlc=8 data=d8cf0400409c0000
2026-07-07T14:55:52.346+00:00 CAN id=101 dlc=8 data=d8cf0400409c0000
2026-07-07T14:55:52.356+00:00 VCP run=1 step=0 angle=315439 target=315352 err=-87 steer=0 m1=0/13750 i1=535 t1=28 m2=0/-13750 i2=-535 t2=27 steerMode=0/-6 iSteer=272 driveMode=13750/6 iDrive=535104 scale=0 wheel=40000
2026-07-07T14:55:52.356+00:00 VCP SET_TARGET_RX steer=315352 wheel=40000
2026-07-07T14:55:52.366+00:00 CAN id=101 dlc=8 data=d8cf0400409c0000
2026-07-07T14:55:52.386+00:00 CAN id=101 dlc=8 data=d8cf0400409c0000
2026-07-07T14:55:52.406+00:00 CAN id=101 dlc=8 data=d8cf0400409c0000
2026-07-07T14:55:52.426+00:00 CAN id=101 dlc=8 data=d8cf0400409c0000
2026-07-07T14:55:52.446+00:00 CAN id=101 dlc=8 data=d8cf0400409c0000
2026-07-07T14:55:52.462+00:00 VCP run=1 step=0 angle=315439 target=315352 err=-87 steer=0 m1=0/13750 i1=561 t1=28 m2=0/-13750 i2=-561 t2=27 steerMode=0/1 iSteer=-113 driveMode=13750/2 iDrive=560971 scale=0 wheel=40000
2026-07-07T14:55:52.466+00:00 CAN id=101 dlc=8 data=d8cf0400409c0000
2026-07-07T14:55:52.486+00:00 CAN id=101 dlc=8 data=d8cf0400409c0000
2026-07-07T14:55:52.506+00:00 CAN id=101 dlc=8 data=d8cf0400409c0000
2026-07-07T14:55:52.526+00:00 CAN id=101 dlc=8 data=d8cf0400409c0000
2026-07-07T14:55:52.546+00:00 CAN id=101 dlc=8 data=d8cf0400409c0000
2026-07-07T14:55:52.566+00:00 CAN id=101 dlc=8 data=d8cf0400409c0000
2026-07-07T14:55:52.586+00:00 CAN id=101 dlc=8 data=d8cf0400409c0000
2026-07-07T14:55:52.606+00:00 CAN id=101 dlc=8 data=d8cf0400409c0000
2026-07-07T14:55:52.626+00:00 CAN id=101 dlc=8 data=d8cf0400409c0000
2026-07-07T14:55:52.646+00:00 CAN id=101 dlc=8 data=d8cf0400409c0000
2026-07-07T14:55:52.653+00:00 VCP run=1 step=0 angle=315439 target=315352 err=-87 steer=0 m1=0/13750 i1=587 t1=28 m2=0/-13750 i2=-587 t2=27 steerMode=0/3 iSteer=-178 driveMode=13750/3 iDrive=586813 scale=0 wheel=40000
2026-07-07T14:55:52.653+00:00 VCP run=1 step=0 angle=315352 target=315352 err=0 steer=0 m1=2/13750 i1=612 t1=28 m2=0/-13750 i2=-613 t2=27 steerMode=0/3 iSteer=-183 driveMode=13750/6 iDrive=612617 scale=0 wheel=40000
2026-07-07T14:55:52.666+00:00 CAN id=101 dlc=8 data=d8cf0400409c0000
2026-07-07T14:55:52.686+00:00 CAN id=101 dlc=8 data=d8cf0400409c0000
2026-07-07T14:55:52.706+00:00 CAN id=101 dlc=8 data=d8cf0400409c0000
2026-07-07T14:55:52.726+00:00 CAN id=101 dlc=8 data=d8cf0400409c0000
2026-07-07T14:55:52.746+00:00 CAN id=101 dlc=8 data=d8cf0400409c0000
2026-07-07T14:55:52.759+00:00 VCP run=1 step=0 angle=315439 target=315352 err=-87 steer=0 m1=0/13750 i1=639 t1=28 m2=0/-13750 i2=-639 t2=27 steerMode=0/-1 iSteer=28 driveMode=13750/2 iDrive=638746 scale=0 wheel=40000
2026-07-07T14:55:52.766+00:00 CAN id=101 dlc=8 data=d8cf0400409c0000
2026-07-07T14:55:52.786+00:00 CAN id=101 dlc=8 data=d8cf0400409c0000
2026-07-07T14:55:52.806+00:00 CAN id=101 dlc=8 data=d8cf0400409c0000
2026-07-07T14:55:52.826+00:00 CAN id=101 dlc=8 data=d8cf0400409c0000
2026-07-07T14:55:52.846+00:00 CAN id=101 dlc=8 data=d8cf0400409c0000
2026-07-07T14:55:52.861+00:00 VCP run=1 step=0 angle=315439 target=315352 err=-87 steer=0 m1=0/13750 i1=665 t1=28 m2=0/-13750 i2=-665 t2=27 steerMode=0/-2 iSteer=103 driveMode=13750/3 iDrive=664844 scale=0 wheel=40000
2026-07-07T14:55:52.862+00:00 VCP SET_TARGET_RX steer=315352 wheel=40000
2026-07-07T14:55:52.866+00:00 CAN id=101 dlc=8 data=d8cf0400409c0000
2026-07-07T14:55:52.886+00:00 CAN id=101 dlc=8 data=d8cf0400409c0000
2026-07-07T14:55:52.906+00:00 CAN id=101 dlc=8 data=d8cf0400409c0000
2026-07-07T14:55:52.926+00:00 CAN id=101 dlc=8 data=d8cf0400409c0000
2026-07-07T14:55:52.946+00:00 CAN id=101 dlc=8 data=d8cf0400409c0000
2026-07-07T14:55:52.966+00:00 CAN id=101 dlc=8 data=d8cf0400409c0000
2026-07-07T14:55:52.986+00:00 CAN id=101 dlc=8 data=d8cf0400409c0000
2026-07-07T14:55:53.006+00:00 CAN id=101 dlc=8 data=d8cf0400409c0000
2026-07-07T14:55:53.026+00:00 CAN id=101 dlc=8 data=d8cf0400409c0000
2026-07-07T14:55:53.046+00:00 CAN id=101 dlc=8 data=d8cf0400409c0000
2026-07-07T14:55:53.052+00:00 VCP run=1 step=0 angle=315352 target=315352 err=0 steer=0 m1=0/13750 i1=691 t1=28 m2=0/-13750 i2=-691 t2=27 steerMode=0/1 iSteer=-46 driveMode=13750/1 iDrive=690699 scale=0 wheel=40000
2026-07-07T14:55:53.052+00:00 VCP run=1 step=0 angle=315439 target=315352 err=-87 steer=0 m1=0/13750 i1=717 t1=28 m2=0/-13750 i2=-717 t2=27 steerMode=0/-1 iSteer=58 driveMode=13750/1 iDrive=716799 scale=0 wheel=40000
2026-07-07T14:55:53.066+00:00 CAN id=101 dlc=8 data=d8cf0400409c0000
2026-07-07T14:55:53.086+00:00 CAN id=101 dlc=8 data=d8cf0400409c0000
2026-07-07T14:55:53.106+00:00 CAN id=101 dlc=8 data=d8cf0400409c0000
2026-07-07T14:55:53.126+00:00 CAN id=101 dlc=8 data=d8cf0400409c0000
2026-07-07T14:55:53.146+00:00 CAN id=101 dlc=8 data=d8cf0400409c0000
2026-07-07T14:55:53.158+00:00 VCP run=1 step=0 angle=315439 target=315352 err=-87 steer=0 m1=0/13750 i1=744 t1=28 m2=0/-13750 i2=-742 t2=27 steerMode=0/-14 iSteer=768 driveMode=13750/12 iDrive=742856 scale=0 wheel=40000
2026-07-07T14:55:53.166+00:00 CAN id=101 dlc=8 data=d8cf0400409c0000
2026-07-07T14:55:53.186+00:00 CAN id=101 dlc=8 data=d8cf0400409c0000
2026-07-07T14:55:53.206+00:00 CAN id=101 dlc=8 data=d8cf0400409c0000
2026-07-07T14:55:53.226+00:00 CAN id=101 dlc=8 data=d8cf0400409c0000
2026-07-07T14:55:53.246+00:00 CAN id=101 dlc=8 data=d8cf0400409c0000
2026-07-07T14:55:53.264+00:00 VCP run=1 step=0 angle=315439 target=315352 err=-87 steer=0 m1=0/13750 i1=769 t1=28 m2=0/-13750 i2=-768 t2=27 steerMode=0/-11 iSteer=634 driveMode=13750/11 iDrive=768698 scale=0 wheel=40000
2026-07-07T14:55:53.266+00:00 CAN id=101 dlc=8 data=d8cf0400409c0000
2026-07-07T14:55:53.286+00:00 CAN id=101 dlc=8 data=d8cf0400409c0000
2026-07-07T14:55:53.306+00:00 CAN id=101 dlc=8 data=d8cf0400409c0000
2026-07-07T14:55:53.326+00:00 CAN id=101 dlc=8 data=d8cf0400409c0000
2026-07-07T14:55:53.346+00:00 CAN id=101 dlc=8 data=d8cf0400409c0000
2026-07-07T14:55:53.366+00:00 CAN id=101 dlc=8 data=d8cf0400409c0000
2026-07-07T14:55:53.386+00:00 CAN id=101 dlc=8 data=d8cf0400409c0000
2026-07-07T14:55:53.406+00:00 CAN id=101 dlc=8 data=d8cf0400409c0000
2026-07-07T14:55:53.426+00:00 CAN id=101 dlc=8 data=d8cf0400409c0000
2026-07-07T14:55:53.446+00:00 CAN id=101 dlc=8 data=d8cf0400409c0000
2026-07-07T14:55:53.450+00:00 VCP run=1 step=0 angle=315439 target=315352 err=-87 steer=0 m1=0/13750 i1=795 t1=28 m2=0/-13750 i2=-794 t2=27 steerMode=0/-15 iSteer=797 driveMode=13750/35 iDrive=794405 scale=0 wheel=40000
2026-07-07T14:55:53.450+00:00 VCP SET_TARGET_RX steer=315352 wheel=40000
2026-07-07T14:55:53.450+00:00 VCP run=1 step=0 angle=315439 target=315352 err=-87 steer=0 m1=0/13750 i1=822 t1=28 m2=-3/-13750 i2=-819 t2=27 steerMode=0/-31 iSteer=1652 driveMode=13750/18 iDrive=820342 scale=0 wheel=40000
2026-07-07T14:55:53.466+00:00 CAN id=101 dlc=8 data=d8cf0400409c0000
2026-07-07T14:55:53.486+00:00 CAN id=101 dlc=8 data=d8cf0400409c0000
2026-07-07T14:55:53.506+00:00 CAN id=101 dlc=8 data=d8cf0400409c0000
2026-07-07T14:55:53.526+00:00 CAN id=101 dlc=8 data=d8cf0400409c0000
2026-07-07T14:55:53.546+00:00 CAN id=101 dlc=8 data=d8cf0400409c0000
2026-07-07T14:55:53.556+00:00 VCP run=1 step=0 angle=315439 target=315352 err=-87 steer=0 m1=0/13750 i1=847 t1=28 m2=-3/-13750 i2=-846 t2=27 steerMode=0/-6 iSteer=437 driveMode=13750/10 iDrive=846201 scale=0 wheel=40000
2026-07-07T14:55:53.566+00:00 CAN id=101 dlc=8 data=d8cf0400409c0000
2026-07-07T14:55:53.586+00:00 CAN id=101 dlc=8 data=d8cf0400409c0000
2026-07-07T14:55:53.606+00:00 CAN id=101 dlc=8 data=d8cf0400409c0000
2026-07-07T14:55:53.626+00:00 CAN id=101 dlc=8 data=d8cf0400409c0000
2026-07-07T14:55:53.646+00:00 CAN id=101 dlc=8 data=d8cf0400409c0000
2026-07-07T14:55:53.661+00:00 VCP run=1 step=0 angle=315439 target=315352 err=-87 steer=0 m1=4/13750 i1=889 t1=28 m2=-57/-13750 i2=-850 t2=27 steerMode=0/-393 iSteer=19787 driveMode=13750/478 iDrive=869689 scale=0 wheel=40000
2026-07-07T14:55:53.666+00:00 CAN id=101 dlc=8 data=d8cf0400409c0000
2026-07-07T14:55:53.686+00:00 CAN id=101 dlc=8 data=d8cf0400409c0000
2026-07-07T14:55:53.706+00:00 CAN id=101 dlc=8 data=d8cf0400409c0000
2026-07-07T14:55:53.726+00:00 CAN id=101 dlc=8 data=d8cf0400409c0000
2026-07-07T14:55:53.746+00:00 CAN id=101 dlc=8 data=d8cf0400409c0000
2026-07-07T14:55:53.766+00:00 CAN id=101 dlc=8 data=d8cf0400409c0000
2026-07-07T14:55:53.766+00:00 VCP run=1 step=0 angle=315000 target=315352 err=352 steer=0 m1=753/13750 i1=711 t1=28 m2=-651/-13750 i2=-726 t2=27 steerMode=0/237 iSteer=-7297 driveMode=13750/30608 iDrive=718216 scale=0 wheel=40000
2026-07-07T14:55:53.786+00:00 CAN id=101 dlc=8 data=d8cf0400409c0000
2026-07-07T14:55:53.806+00:00 CAN id=101 dlc=8 data=d8cf0400409c0000
2026-07-07T14:55:53.826+00:00 CAN id=101 dlc=8 data=d8cf0400409c0000
2026-07-07T14:55:53.846+00:00 CAN id=101 dlc=8 data=d8cf0400409c0000
2026-07-07T14:55:53.866+00:00 CAN id=101 dlc=8 data=d8cf0400409c0000
2026-07-07T14:55:53.886+00:00 CAN id=101 dlc=8 data=d8cf0400409c0000
2026-07-07T14:55:53.906+00:00 CAN id=101 dlc=8 data=d8cf0400409c0000
2026-07-07T14:55:53.926+00:00 CAN id=101 dlc=8 data=d8cf0400409c0000
2026-07-07T14:55:53.946+00:00 CAN id=101 dlc=8 data=d8cf0400409c0000
2026-07-07T14:55:53.950+00:00 VCP run=1 step=0 angle=315088 target=315352 err=264 steer=0 m1=1192/13750 i1=487 t1=28 m2=-1133/-13750 i2=-564 t2=27 steerMode=0/808 iSteer=-38226 driveMode=13750/57371 iDrive=525559 scale=0 wheel=40000
2026-07-07T14:55:53.950+00:00 VCP SET_TARGET_RX steer=315352 wheel=40000
2026-07-07T14:55:53.950+00:00 VCP run=1 step=0 angle=315527 target=315352 err=-175 steer=0 m1=1418/13750 i1=318 t1=28 m2=-1415/-13750 i2=-396 t2=27 steerMode=0/772 iSteer=-39113 driveMode=13750/71773 iDrive=357311 scale=0 wheel=40000
2026-07-07T14:55:53.966+00:00 CAN id=101 dlc=8 data=d8cf0400409c0000
2026-07-07T14:55:53.986+00:00 CAN id=101 dlc=8 data=d8cf0400409c0000
2026-07-07T14:55:54.006+00:00 CAN id=101 dlc=8 data=d8cf0400409c0000
2026-07-07T14:55:54.026+00:00 CAN id=101 dlc=8 data=d8cf0400409c0000
2026-07-07T14:55:54.046+00:00 CAN id=101 dlc=8 data=d8cf0400409c0000
2026-07-07T14:55:54.054+00:00 VCP run=1 step=0 angle=315967 target=315352 err=-615 steer=-307 m1=1469/12059 i1=107 t1=28 m2=-1522/-15441 i2=-311 t2=27 steerMode=-1691/276 iSteer=-102079 driveMode=13750/78300 iDrive=208981 scale=0 wheel=40000
2026-07-07T14:55:54.066+00:00 CAN id=101 dlc=8 data=d8cf0400409c0000
2026-07-07T14:55:54.086+00:00 CAN id=101 dlc=8 data=d8cf0400409c0000
2026-07-07T14:55:54.106+00:00 CAN id=101 dlc=8 data=d8cf0400409c0000
2026-07-07T14:55:54.126+00:00 CAN id=101 dlc=8 data=d8cf0400409c0000
2026-07-07T14:55:54.146+00:00 CAN id=101 dlc=8 data=d8cf0400409c0000
2026-07-07T14:55:54.159+00:00 VCP run=1 step=0 angle=315615 target=315352 err=-263 steer=0 m1=1494/13750 i1=113 t1=28 m2=-1428/-13750 i2=-67 t2=27 steerMode=0/-528 iSteer=22690 driveMode=13750/78196 iDrive=89992 scale=0 wheel=40000
2026-07-07T14:55:54.166+00:00 CAN id=101 dlc=8 data=d8cf0400409c0000
2026-07-07T14:55:54.186+00:00 CAN id=101 dlc=8 data=d8cf0400409c0000
2026-07-07T14:55:54.206+00:00 CAN id=101 dlc=8 data=d8cf0400409c0000
2026-07-07T14:55:54.226+00:00 CAN id=101 dlc=8 data=d8cf0400409c0000
2026-07-07T14:55:54.246+00:00 CAN id=101 dlc=8 data=d8cf0400409c0000
2026-07-07T14:55:54.263+00:00 VCP run=1 step=0 angle=315967 target=315352 err=-615 steer=-307 m1=1295/12059 i1=-114 t1=28 m2=-1310/-15441 i2=-138 t2=27 steerMode=-1691/683 iSteer=-125826 driveMode=13750/70990 iDrive=12222 scale=0 wheel=40000
2026-07-07T14:55:54.266+00:00 CAN id=101 dlc=8 data=d8cf0400409c0000
2026-07-07T14:55:54.286+00:00 CAN id=101 dlc=8 data=d8cf0400409c0000
2026-07-07T14:55:54.306+00:00 CAN id=101 dlc=8 data=d8cf0400409c0000
2026-07-07T14:55:54.326+00:00 CAN id=101 dlc=8 data=d8cf0400409c0000
2026-07-07T14:55:54.346+00:00 CAN id=101 dlc=8 data=d8cf0400409c0000
2026-07-07T14:55:54.365+00:00 VCP run=1 step=0 angle=315703 target=315352 err=-351 steer=0 m1=1086/13750 i1=-30 t1=28 m2=-1036/-13750 i2=13 t2=27 steerMode=0/-6 iSteer=-8112 driveMode=13750/58828 iDrive=-21466 scale=0 wheel=40000
2026-07-07T14:55:54.365+00:00 VCP SET_TARGET_RX steer=315352 wheel=40000
2026-07-07T14:55:54.366+00:00 CAN id=101 dlc=8 data=d8cf0400409c0000
2026-07-07T14:55:54.386+00:00 CAN id=101 dlc=8 data=d8cf0400409c0000
2026-07-07T14:55:54.406+00:00 CAN id=101 dlc=8 data=d8cf0400409c0000
2026-07-07T14:55:54.426+00:00 CAN id=101 dlc=8 data=d8cf0400409c0000
2026-07-07T14:55:54.446+00:00 CAN id=101 dlc=8 data=d8cf0400409c0000
2026-07-07T14:55:54.466+00:00 CAN id=101 dlc=8 data=d8cf0400409c0000
2026-07-07T14:55:54.486+00:00 CAN id=101 dlc=8 data=d8cf0400409c0000
2026-07-07T14:55:54.506+00:00 CAN id=101 dlc=8 data=d8cf0400409c0000
2026-07-07T14:55:54.526+00:00 CAN id=101 dlc=8 data=d8cf0400409c0000
2026-07-07T14:55:54.546+00:00 CAN id=101 dlc=8 data=d8cf0400409c0000
2026-07-07T14:55:54.553+00:00 VCP run=1 step=0 angle=315791 target=315352 err=-439 steer=0 m1=845/13750 i1=-33 t1=28 m2=-781/-13750 i2=-65 t2=27 steerMode=0/753 iSteer=-48722 driveMode=13750/45533 iDrive=16084 scale=0 wheel=40000
2026-07-07T14:55:54.553+00:00 VCP run=1 step=0 angle=315791 target=315352 err=-439 steer=0 m1=661/13750 i1=50 t1=28 m2=-635/-13750 i2=-85 t2=27 steerMode=0/126 iSteer=-17591 driveMode=13750/35287 iDrive=67314 scale=0 wheel=40000
2026-07-07T14:55:54.566+00:00 CAN id=101 dlc=8 data=d8cf0400409c0000
2026-07-07T14:55:54.586+00:00 CAN id=101 dlc=8 data=d8cf0400409c0000
2026-07-07T14:55:54.606+00:00 CAN id=101 dlc=8 data=d8cf0400409c0000
2026-07-07T14:55:54.626+00:00 CAN id=101 dlc=8 data=d8cf0400409c0000
2026-07-07T14:55:54.646+00:00 CAN id=101 dlc=8 data=d8cf0400409c0000
2026-07-07T14:55:54.658+00:00 VCP run=1 step=0 angle=315791 target=315352 err=-439 steer=0 m1=472/13750 i1=91 t1=28 m2=-476/-13750 i2=-126 t2=27 steerMode=0/112 iSteer=-17396 driveMode=13750/27071 iDrive=108394 scale=0 wheel=40000
2026-07-07T14:55:54.666+00:00 CAN id=101 dlc=8 data=d8cf0400409c0000
2026-07-07T14:55:54.686+00:00 CAN id=101 dlc=8 data=d8cf0400409c0000
2026-07-07T14:55:54.706+00:00 CAN id=101 dlc=8 data=d8cf0400409c0000
2026-07-07T14:55:54.726+00:00 CAN id=101 dlc=8 data=d8cf0400409c0000
2026-07-07T14:55:54.746+00:00 CAN id=101 dlc=8 data=d8cf0400409c0000
2026-07-07T14:55:54.762+00:00 VCP run=1 step=0 angle=315879 target=315352 err=-527 steer=-263 m1=355/12301 i1=113 t1=28 m2=-457/-15199 i2=-157 t2=27 steerMode=-1449/-1304 iSteer=-21934 driveMode=13750/21703 iDrive=135235 scale=0 wheel=40000
2026-07-07T14:55:54.766+00:00 CAN id=101 dlc=8 data=d8cf0400409c0000
2026-07-07T14:55:54.786+00:00 CAN id=101 dlc=8 data=d8cf0400409c0000
2026-07-07T14:55:54.806+00:00 CAN id=101 dlc=8 data=d8cf0400409c0000
2026-07-07T14:55:54.826+00:00 CAN id=101 dlc=8 data=d8cf0400409c0000
2026-07-07T14:55:54.846+00:00 CAN id=101 dlc=8 data=d8cf0400409c0000
2026-07-07T14:55:54.864+00:00 VCP run=1 step=0 angle=315703 target=315352 err=-351 steer=0 m1=326/13750 i1=109 t1=28 m2=-270/-13750 i2=-193 t2=27 steerMode=0/565 iSteer=-41964 driveMode=13750/18505 iDrive=151225 scale=0 wheel=40000
2026-07-07T14:55:54.864+00:00 VCP SET_TARGET_RX steer=315352 wheel=40000
2026-07-07T14:55:54.866+00:00 CAN id=101 dlc=8 data=d8cf0400409c0000
2026-07-07T14:55:54.886+00:00 CAN id=101 dlc=8 data=d8cf0400409c0000
2026-07-07T14:55:54.906+00:00 CAN id=101 dlc=8 data=d8cf0400409c0000
2026-07-07T14:55:54.926+00:00 CAN id=101 dlc=8 data=d8cf0400409c0000
2026-07-07T14:55:54.946+00:00 CAN id=101 dlc=8 data=d8cf0400409c0000
2026-07-07T14:55:54.966+00:00 CAN id=101 dlc=8 data=d8cf0400409c0000
2026-07-07T14:55:54.986+00:00 CAN id=101 dlc=8 data=d8cf0400409c0000
2026-07-07T14:55:55.006+00:00 CAN id=101 dlc=8 data=d8cf0400409c0000
2026-07-07T14:55:55.026+00:00 CAN id=101 dlc=8 data=d8cf0400409c0000
2026-07-07T14:55:55.046+00:00 CAN id=101 dlc=8 data=d8cf0400409c0000
2026-07-07T14:55:55.051+00:00 VCP run=1 step=0 angle=315791 target=315352 err=-439 steer=0 m1=324/13750 i1=136 t1=28 m2=-264/-13750 i2=-186 t2=27 steerMode=0/211 iSteer=-25015 driveMode=13750/16605 iDrive=160727 scale=0 wheel=40000
2026-07-07T14:55:55.051+00:00 VCP run=1 step=0 angle=315879 target=315352 err=-527 steer=-200 m1=309/12650 i1=85 t1=28 m2=-235/-14850 i2=-251 t2=27 steerMode=-1100/271 iSteer=-82927 driveMode=13750/15109 iDrive=168207 scale=0 wheel=40000
2026-07-07T14:55:55.066+00:00 CAN id=101 dlc=8 data=d8cf0400409c0000
2026-07-07T14:55:55.086+00:00 CAN id=101 dlc=8 data=d8cf0400409c0000
2026-07-07T14:55:55.106+00:00 CAN id=101 dlc=8 data=d8cf0400409c0000
2026-07-07T14:55:55.126+00:00 CAN id=101 dlc=8 data=d8cf0400409c0000
2026-07-07T14:55:55.146+00:00 CAN id=101 dlc=8 data=d8cf0400409c0000
2026-07-07T14:55:55.155+00:00 VCP run=1 step=0 angle=315791 target=315352 err=-439 steer=0 m1=297/13750 i1=170 t1=28 m2=-222/-13750 i2=-182 t2=27 steerMode=0/-192 iSteer=-5942 driveMode=13750/13500 iDrive=176310 scale=0 wheel=40000
2026-07-07T14:55:55.166+00:00 CAN id=101 dlc=8 data=d8cf0400409c0000
2026-07-07T14:55:55.186+00:00 CAN id=101 dlc=8 data=d8cf0400409c0000
2026-07-07T14:55:55.206+00:00 CAN id=101 dlc=8 data=d8cf0400409c0000
2026-07-07T14:55:55.226+00:00 CAN id=101 dlc=8 data=d8cf0400409c0000
2026-07-07T14:55:55.246+00:00 CAN id=101 dlc=8 data=d8cf0400409c0000
2026-07-07T14:55:55.260+00:00 VCP run=1 step=0 angle=315879 target=315352 err=-527 steer=-263 m1=221/12301 i1=113 t1=28 m2=-201/-15199 i2=-257 t2=27 steerMode=-1449/-379 iSteer=-72045 driveMode=13750/12138 iDrive=184939 scale=0 wheel=40000
2026-07-07T14:55:55.266+00:00 CAN id=101 dlc=8 data=d8cf0400409c0000
2026-07-07T14:55:55.286+00:00 CAN id=101 dlc=8 data=d8cf0400409c0000
2026-07-07T14:55:55.306+00:00 CAN id=101 dlc=8 data=d8cf0400409c0000
2026-07-07T14:55:55.326+00:00 CAN id=101 dlc=8 data=d8cf0400409c0000
2026-07-07T14:55:55.346+00:00 CAN id=101 dlc=8 data=d8cf0400409c0000
2026-07-07T14:55:55.362+00:00 VCP run=1 step=0 angle=315791 target=315352 err=-439 steer=0 m1=148/13750 i1=209 t1=28 m2=-206/-13750 i2=-186 t2=27 steerMode=0/-639 iSteer=11162 driveMode=13750/10632 iDrive=197354 scale=0 wheel=40000
2026-07-07T14:55:55.362+00:00 VCP SET_TARGET_RX steer=315352 wheel=40000
2026-07-07T14:55:55.366+00:00 CAN id=101 dlc=8 data=d8cf0400409c0000
2026-07-07T14:55:55.386+00:00 CAN id=101 dlc=8 data=d8cf0400409c0000
2026-07-07T14:55:55.406+00:00 CAN id=101 dlc=8 data=d8cf0400409c0000
2026-07-07T14:55:55.426+00:00 CAN id=101 dlc=8 data=d8cf0400409c0000
2026-07-07T14:55:55.446+00:00 CAN id=101 dlc=8 data=d8cf0400409c0000
2026-07-07T14:55:55.466+00:00 VCP run=1 step=0 angle=315879 target=315352 err=-527 steer=-263 m1=159/12301 i1=93 t1=28 m2=-143/-15199 i2=-332 t2=27 steerMode=-1449/473 iSteer=-119425 driveMode=13750/9130 iDrive=212435 scale=0 wheel=40000
2026-07-07T14:55:55.466+00:00 CAN id=101 dlc=8 data=d8cf0400409c0000
2026-07-07T14:55:55.486+00:00 CAN id=101 dlc=8 data=d8cf0400409c0000
2026-07-07T14:55:55.506+00:00 CAN id=101 dlc=8 data=d8cf0400409c0000
2026-07-07T14:55:55.526+00:00 CAN id=101 dlc=8 data=d8cf0400409c0000
2026-07-07T14:55:55.546+00:00 CAN id=101 dlc=8 data=d8cf0400409c0000
2026-07-07T14:55:55.566+00:00 CAN id=101 dlc=8 data=d8cf0400409c0000
2026-07-07T14:55:55.586+00:00 CAN id=101 dlc=8 data=d8cf0400409c0000
2026-07-07T14:55:55.606+00:00 CAN id=101 dlc=8 data=d8cf0400409c0000
2026-07-07T14:55:55.626+00:00 CAN id=101 dlc=8 data=d8cf0400409c0000
2026-07-07T14:55:55.646+00:00 CAN id=101 dlc=8 data=d8cf0400409c0000
2026-07-07T14:55:55.653+00:00 VCP run=1 step=0 angle=315879 target=315352 err=-527 steer=-263 m1=131/12301 i1=148 t1=28 m2=-101/-15199 i2=-318 t2=27 steerMode=-1449/-302 iSteer=-85001 driveMode=13750/7234 iDrive=232535 scale=0 wheel=40000
2026-07-07T14:55:55.653+00:00 VCP run=1 step=0 angle=315791 target=315352 err=-439 steer=0 m1=175/13750 i1=194 t1=28 m2=-130/-13750 i2=-286 t2=27 steerMode=0/366 iSteer=-45932 driveMode=13750/8020 iDrive=240375 scale=0 wheel=40000
2026-07-07T14:55:55.666+00:00 CAN id=101 dlc=8 data=d8cf0400409c0000
2026-07-07T14:55:55.686+00:00 CAN id=101 dlc=8 data=d8cf0400409c0000
2026-07-07T14:55:55.706+00:00 CAN id=101 dlc=8 data=d8cf0400409c0000
2026-07-07T14:55:55.726+00:00 CAN id=101 dlc=8 data=d8cf0400409c0000
2026-07-07T14:55:55.746+00:00 CAN id=101 dlc=8 data=d8cf0400409c0000
2026-07-07T14:55:55.758+00:00 VCP run=1 step=0 angle=315791 target=315352 err=-439 steer=0 m1=169/13750 i1=228 t1=28 m2=-170/-13750 i2=-256 t2=27 steerMode=0/-318 iSteer=-14163 driveMode=13750/9498 iDrive=241871 scale=0 wheel=40000
2026-07-07T14:55:55.766+00:00 CAN id=101 dlc=8 data=d8cf0400409c0000
2026-07-07T14:55:55.786+00:00 CAN id=101 dlc=8 data=d8cf0400409c0000
2026-07-07T14:55:55.806+00:00 CAN id=101 dlc=8 data=d8cf0400409c0000
2026-07-07T14:55:55.826+00:00 CAN id=101 dlc=8 data=d8cf0400409c0000
2026-07-07T14:55:55.846+00:00 CAN id=101 dlc=8 data=d8cf0400409c0000
2026-07-07T14:55:55.859+00:00 VCP run=1 step=0 angle=315967 target=315352 err=-615 steer=-307 m1=165/12059 i1=111 t1=28 m2=-216/-15441 i2=-384 t2=27 steerMode=-1691/369 iSteer=-136186 driveMode=13750/9868 iDrive=247422 scale=0 wheel=40000
2026-07-07T14:55:55.859+00:00 VCP SET_TARGET_RX steer=315352 wheel=40000
2026-07-07T14:55:55.866+00:00 CAN id=101 dlc=8 data=d8cf0400409c0000
2026-07-07T14:55:55.886+00:00 CAN id=101 dlc=8 data=d8cf0400409c0000
2026-07-07T14:55:55.906+00:00 CAN id=101 dlc=8 data=d8cf0400409c0000
2026-07-07T14:55:55.926+00:00 CAN id=101 dlc=8 data=d8cf0400409c0000
2026-07-07T14:55:55.946+00:00 CAN id=101 dlc=8 data=d8cf0400409c0000
2026-07-07T14:55:55.963+00:00 VCP run=1 step=0 angle=315791 target=315352 err=-439 steer=0 m1=213/13750 i1=212 t1=28 m2=-178/-13750 i2=-291 t2=27 steerMode=0/104 iSteer=-39516 driveMode=13750/10435 iDrive=251238 scale=0 wheel=40000
2026-07-07T14:55:55.966+00:00 CAN id=101 dlc=8 data=d8cf0400409c0000
2026-07-07T14:55:55.986+00:00 CAN id=101 dlc=8 data=d8cf0400409c0000
2026-07-07T14:55:56.006+00:00 CAN id=101 dlc=8 data=d8cf0400409c0000
2026-07-07T14:55:56.026+00:00 CAN id=101 dlc=8 data=d8cf0400409c0000
2026-07-07T14:55:56.046+00:00 CAN id=101 dlc=8 data=d8cf0400409c0000
2026-07-07T14:55:56.066+00:00 CAN id=101 dlc=8 data=d8cf0400409c0000
2026-07-07T14:55:56.086+00:00 CAN id=101 dlc=8 data=d8cf0400409c0000
2026-07-07T14:55:56.106+00:00 CAN id=101 dlc=8 data=d8cf0400409c0000
2026-07-07T14:55:56.126+00:00 CAN id=101 dlc=8 data=d8cf0400409c0000
2026-07-07T14:55:56.146+00:00 CAN id=101 dlc=8 data=d8cf0400409c0000
2026-07-07T14:55:56.151+00:00 VCP run=1 step=0 angle=315791 target=315352 err=-439 steer=0 m1=244/13750 i1=214 t1=28 m2=-195/-13750 i2=-272 t2=27 steerMode=0/-134 iSteer=-29281 driveMode=13750/12753 iDrive=242896 scale=0 wheel=40000
2026-07-07T14:55:56.151+00:00 VCP run=1 step=0 angle=315791 target=315352 err=-439 steer=0 m1=280/13750 i1=226 t1=28 m2=-331/-13750 i2=-239 t2=27 steerMode=0/-615 iSteer=-6469 driveMode=13750/14835 iDrive=232764 scale=0 wheel=40000
2026-07-07T14:55:56.166+00:00 CAN id=101 dlc=8 data=d8cf0400409c0000
2026-07-07T14:55:56.186+00:00 CAN id=101 dlc=8 data=d8cf0400409c0000
2026-07-07T14:55:56.206+00:00 CAN id=101 dlc=8 data=d8cf0400409c0000
2026-07-07T14:55:56.226+00:00 CAN id=101 dlc=8 data=d8cf0400409c0000
2026-07-07T14:55:56.246+00:00 CAN id=101 dlc=8 data=d8cf0400409c0000
2026-07-07T14:55:56.256+00:00 VCP run=1 step=0 angle=315791 target=315352 err=-439 steer=0 m1=341/13750 i1=174 t1=28 m2=-298/-13750 i2=-264 t2=27 steerMode=0/157 iSteer=-45199 driveMode=13750/16804 iDrive=219156 scale=0 wheel=40000
2026-07-07T14:55:56.266+00:00 CAN id=101 dlc=8 data=d8cf0400409c0000
2026-07-07T14:55:56.286+00:00 CAN id=101 dlc=8 data=d8cf0400409c0000
2026-07-07T14:55:56.306+00:00 CAN id=101 dlc=8 data=d8cf0400409c0000
2026-07-07T14:55:56.326+00:00 CAN id=101 dlc=8 data=d8cf0400409c0000
2026-07-07T14:55:56.346+00:00 CAN id=101 dlc=8 data=d8cf0400409c0000
2026-07-07T14:55:56.358+00:00 VCP run=1 step=0 angle=315703 target=315352 err=-351 steer=0 m1=389/13750 i1=173 t1=28 m2=-319/-13750 i2=-224 t2=27 steerMode=0/-210 iSteer=-25877 driveMode=13750/19252 iDrive=198496 scale=0 wheel=40000
2026-07-07T14:55:56.358+00:00 VCP SET_TARGET_RX steer=315352 wheel=40000
2026-07-07T14:55:56.366+00:00 CAN id=101 dlc=8 data=d8cf0400409c0000
2026-07-07T14:55:56.386+00:00 CAN id=101 dlc=8 data=d8cf0400409c0000
2026-07-07T14:55:56.406+00:00 CAN id=101 dlc=8 data=d8cf0400409c0000
2026-07-07T14:55:56.426+00:00 CAN id=101 dlc=8 data=d8cf0400409c0000
2026-07-07T14:55:56.446+00:00 CAN id=101 dlc=8 data=d8cf0400409c0000
2026-07-07T14:55:56.462+00:00 VCP run=1 step=0 angle=315791 target=315352 err=-439 steer=0 m1=349/13750 i1=173 t1=28 m2=-394/-13750 i2=-195 t2=27 steerMode=0/-510 iSteer=-10765 driveMode=13750/19974 iDrive=183862 scale=0 wheel=40000
2026-07-07T14:55:56.466+00:00 CAN id=101 dlc=8 data=d8cf0400409c0000
2026-07-07T14:55:56.486+00:00 CAN id=101 dlc=8 data=d8cf0400409c0000
2026-07-07T14:55:56.506+00:00 CAN id=101 dlc=8 data=d8cf0400409c0000
2026-07-07T14:55:56.526+00:00 CAN id=101 dlc=8 data=d8cf0400409c0000
2026-07-07T14:55:56.546+00:00 CAN id=101 dlc=8 data=d8cf0400409c0000
2026-07-07T14:55:56.566+00:00 CAN id=101 dlc=8 data=d8cf0400409c0000
2026-07-07T14:55:56.586+00:00 CAN id=101 dlc=8 data=d8cf0400409c0000
2026-07-07T14:55:56.606+00:00 CAN id=101 dlc=8 data=d8cf0400409c0000
2026-07-07T14:55:56.626+00:00 CAN id=101 dlc=8 data=d8cf0400409c0000
2026-07-07T14:55:56.646+00:00 CAN id=101 dlc=8 data=d8cf0400409c0000
2026-07-07T14:55:56.650+00:00 VCP run=1 step=0 angle=315791 target=315352 err=-439 steer=0 m1=403/13750 i1=168 t1=28 m2=-461/-13750 i2=-166 t2=27 steerMode=0/-722 iSteer=1040 driveMode=13750/20946 iDrive=166708 scale=0 wheel=40000
2026-07-07T14:55:56.650+00:00 VCP run=1 step=0 angle=315615 target=315352 err=-263 steer=0 m1=389/13750 i1=145 t1=28 m2=-383/-13750 i2=-161 t2=27 steerMode=0/-512 iSteer=-8099 driveMode=13750/20977 iDrive=152719 scale=0 wheel=40000
2026-07-07T14:55:56.666+00:00 CAN id=101 dlc=8 data=d8cf0400409c0000
2026-07-07T14:55:56.686+00:00 CAN id=101 dlc=8 data=d8cf0400409c0000
2026-07-07T14:55:56.706+00:00 CAN id=101 dlc=8 data=d8cf0400409c0000
2026-07-07T14:55:56.726+00:00 CAN id=101 dlc=8 data=d8cf0400409c0000
2026-07-07T14:55:56.746+00:00 CAN id=101 dlc=8 data=d8cf0400409c0000
2026-07-07T14:55:56.755+00:00 VCP run=1 step=0 angle=315527 target=315352 err=-175 steer=0 m1=401/13750 i1=129 t1=28 m2=-367/-13750 i2=-156 t2=27 steerMode=0/-382 iSteer=-13400 driveMode=13750/20449 iDrive=142788 scale=0 wheel=40000
2026-07-07T14:55:56.766+00:00 CAN id=101 dlc=8 data=d8cf0400409c0000
2026-07-07T14:55:56.786+00:00 CAN id=101 dlc=8 data=d8cf0400409c0000
2026-07-07T14:55:56.806+00:00 CAN id=101 dlc=8 data=d8cf0400409c0000
2026-07-07T14:55:56.826+00:00 CAN id=101 dlc=8 data=d8cf0400409c0000
2026-07-07T14:55:56.846+00:00 CAN id=101 dlc=8 data=d8cf0400409c0000
2026-07-07T14:55:56.857+00:00 VCP run=1 step=0 angle=315527 target=315352 err=-175 steer=0 m1=357/13750 i1=141 t1=28 m2=-415/-13750 i2=-152 t2=27 steerMode=0/-529 iSteer=-5245 driveMode=13750/19498 iDrive=146258 scale=0 wheel=40000
2026-07-07T14:55:56.857+00:00 VCP SET_TARGET_RX steer=315352 wheel=40000
2026-07-07T14:55:56.866+00:00 CAN id=101 dlc=8 data=d8cf0400409c0000
2026-07-07T14:55:56.886+00:00 CAN id=101 dlc=8 data=d8cf0400409c0000
2026-07-07T14:55:56.906+00:00 CAN id=101 dlc=8 data=d8cf0400409c0000
2026-07-07T14:55:56.926+00:00 CAN id=101 dlc=8 data=d8cf0400409c0000
2026-07-07T14:55:56.946+00:00 CAN id=101 dlc=8 data=d8cf0400409c0000
2026-07-07T14:55:56.961+00:00 VCP run=1 step=0 angle=315264 target=315352 err=88 steer=0 m1=372/13750 i1=133 t1=28 m2=-369/-13750 i2=-165 t2=27 steerMode=0/-294 iSteer=-16412 driveMode=13750/18941 iDrive=149047 scale=0 wheel=40000
2026-07-07T14:55:56.966+00:00 CAN id=101 dlc=8 data=d8cf0400409c0000
2026-07-07T14:55:56.986+00:00 CAN id=101 dlc=8 data=d8cf0400409c0000
2026-07-07T14:55:57.006+00:00 CAN id=101 dlc=8 data=d8cf0400409c0000
2026-07-07T14:55:57.026+00:00 CAN id=101 dlc=8 data=d8cf0400409c0000
2026-07-07T14:55:57.046+00:00 CAN id=101 dlc=8 data=d8cf0400409c0000
2026-07-07T14:55:57.066+00:00 CAN id=101 dlc=8 data=d8cf0400409c0000
2026-07-07T14:55:57.086+00:00 CAN id=101 dlc=8 data=d8cf0400409c0000
2026-07-07T14:55:57.106+00:00 CAN id=101 dlc=8 data=d8cf0400409c0000
2026-07-07T14:55:57.126+00:00 CAN id=101 dlc=8 data=d8cf0400409c0000
2026-07-07T14:55:57.146+00:00 CAN id=101 dlc=8 data=d8cf0400409c0000
2026-07-07T14:55:57.149+00:00 VCP run=1 step=0 angle=315088 target=315352 err=264 steer=0 m1=324/13750 i1=132 t1=28 m2=-373/-13750 i2=-173 t2=27 steerMode=0/-206 iSteer=-20608 driveMode=13750/18241 iDrive=152547 scale=0 wheel=40000
2026-07-07T14:55:57.149+00:00 VCP run=1 step=0 angle=314912 target=315352 err=440 steer=0 m1=307/13750 i1=113 t1=28 m2=-323/-13750 i2=-205 t2=27 steerMode=0/296 iSteer=-45845 driveMode=13750/16956 iDrive=158969 scale=0 wheel=40000
2026-07-07T14:55:57.166+00:00 CAN id=101 dlc=8 data=d8cf0400409c0000
2026-07-07T14:55:57.186+00:00 CAN id=101 dlc=8 data=d8cf0400409c0000
2026-07-07T14:55:57.206+00:00 CAN id=101 dlc=8 data=d8cf0400409c0000
2026-07-07T14:55:57.226+00:00 CAN id=101 dlc=8 data=d8cf0400409c0000
2026-07-07T14:55:57.246+00:00 CAN id=101 dlc=8 data=d8cf0400409c0000
2026-07-07T14:55:57.254+00:00 VCP run=1 step=0 angle=314824 target=315352 err=528 steer=100 m1=299/14300 i1=153 t1=28 m2=-327/-13200 i2=-174 t2=27 steerMode=550/125 iSteer=-10086 driveMode=13750/16052 iDrive=163491 scale=0 wheel=40000
2026-07-07T14:55:57.266+00:00 CAN id=101 dlc=8 data=d8cf0400409c0000
2026-07-07T14:55:57.286+00:00 CAN id=101 dlc=8 data=d8cf0400409c0000
2026-07-07T14:55:57.306+00:00 CAN id=101 dlc=8 data=d8cf0400409c0000
2026-07-07T14:55:57.326+00:00 CAN id=101 dlc=8 data=d8cf0400409c0000
2026-07-07T14:55:57.346+00:00 CAN id=101 dlc=8 data=d8cf0400409c0000
2026-07-07T14:55:57.356+00:00 VCP run=1 step=0 angle=315088 target=315352 err=264 steer=0 m1=305/13750 i1=94 t1=28 m2=-321/-13750 i2=-244 t2=27 steerMode=0/887 iSteer=-75096 driveMode=13750/15002 iDrive=168741 scale=0 wheel=40000
2026-07-07T14:55:57.356+00:00 VCP SET_TARGET_RX steer=315352 wheel=40000
2026-07-07T14:55:57.366+00:00 CAN id=101 dlc=8 data=d8cf0400409c0000
2026-07-07T14:55:57.386+00:00 CAN id=101 dlc=8 data=d8cf0400409c0000
2026-07-07T14:55:57.406+00:00 CAN id=101 dlc=8 data=d8cf0400409c0000
2026-07-07T14:55:57.426+00:00 CAN id=101 dlc=8 data=d8cf0400409c0000
2026-07-07T14:55:57.446+00:00 CAN id=101 dlc=8 data=d8cf0400409c0000
2026-07-07T14:55:57.460+00:00 VCP run=1 step=0 angle=315176 target=315352 err=176 steer=0 m1=234/13750 i1=130 t1=28 m2=-214/-13750 i2=-221 t2=27 steerMode=0/306 iSteer=-45875 driveMode=13750/13675 iDrive=175380 scale=0 wheel=40000
2026-07-07T14:55:57.466+00:00 CAN id=101 dlc=8 data=d8cf0400409c0000
2026-07-07T14:55:57.486+00:00 CAN id=101 dlc=8 data=d8cf0400409c0000
2026-07-07T14:55:57.506+00:00 CAN id=101 dlc=8 data=d8cf0400409c0000
2026-07-07T14:55:57.526+00:00 CAN id=101 dlc=8 data=d8cf0400409c0000
2026-07-07T14:55:57.546+00:00 CAN id=101 dlc=8 data=d8cf0400409c0000
2026-07-07T14:55:57.565+00:00 VCP run=1 step=0 angle=315264 target=315352 err=88 steer=0 m1=221/13750 i1=141 t1=28 m2=-191/-13750 i2=-217 t2=27 steerMode=0/155 iSteer=-38059 driveMode=13750/13017 iDrive=179110 scale=0 wheel=40000
2026-07-07T14:55:57.566+00:00 CAN id=101 dlc=8 data=d8cf0400409c0000
2026-07-07T14:55:57.586+00:00 CAN id=101 dlc=8 data=d8cf0400409c0000
2026-07-07T14:55:57.606+00:00 CAN id=101 dlc=8 data=d8cf0400409c0000
2026-07-07T14:55:57.626+00:00 CAN id=101 dlc=8 data=d8cf0400409c0000
2026-07-07T14:55:57.646+00:00 CAN id=101 dlc=8 data=d8cf0400409c0000
2026-07-07T14:55:57.666+00:00 CAN id=101 dlc=8 data=d8cf0400409c0000
2026-07-07T14:55:57.686+00:00 CAN id=101 dlc=8 data=d8cf0400409c0000
2026-07-07T14:55:57.706+00:00 CAN id=101 dlc=8 data=d8cf0400409c0000
2026-07-07T14:55:57.726+00:00 CAN id=101 dlc=8 data=d8cf0400409c0000
2026-07-07T14:55:57.746+00:00 CAN id=101 dlc=8 data=d8cf0400409c0000
2026-07-07T14:55:57.753+00:00 VCP run=1 step=0 angle=315439 target=315352 err=-87 steer=0 m1=211/13750 i1=122 t1=28 m2=-149/-13750 i2=-267 t2=27 steerMode=0/813 iSteer=-72202 driveMode=13750/10609 iDrive=194671 scale=0 wheel=40000
2026-07-07T14:55:57.753+00:00 VCP run=1 step=0 angle=315703 target=315352 err=-351 steer=0 m1=179/13750 i1=148 t1=28 m2=-170/-13750 i2=-276 t2=27 steerMode=0/606 iSteer=-64183 driveMode=13750/8776 iDrive=212096 scale=0 wheel=40000
2026-07-07T14:55:57.766+00:00 CAN id=101 dlc=8 data=d8cf0400409c0000
2026-07-07T14:55:57.786+00:00 CAN id=101 dlc=8 data=d8cf0400409c0000
2026-07-07T14:55:57.806+00:00 CAN id=101 dlc=8 data=d8cf0400409c0000
2026-07-07T14:55:57.826+00:00 CAN id=101 dlc=8 data=d8cf0400409c0000
2026-07-07T14:55:57.846+00:00 CAN id=101 dlc=8 data=d8cf0400409c0000
2026-07-07T14:55:57.856+00:00 VCP run=1 step=0 angle=315791 target=315352 err=-439 steer=0 m1=161/13750 i1=173 t1=28 m2=-164/-13750 i2=-266 t2=27 steerMode=0/245 iSteer=-46572 driveMode=13750/9085 iDrive=219543 scale=0 wheel=40000
2026-07-07T14:55:57.856+00:00 VCP SET_TARGET_RX steer=315352 wheel=40000
2026-07-07T14:55:57.866+00:00 CAN id=101 dlc=8 data=d8cf0400409c0000
2026-07-07T14:55:57.886+00:00 CAN id=101 dlc=8 data=d8cf0400409c0000
2026-07-07T14:55:57.906+00:00 CAN id=101 dlc=8 data=d8cf0400409c0000
2026-07-07T14:55:57.926+00:00 CAN id=101 dlc=8 data=d8cf0400409c0000
2026-07-07T14:55:57.946+00:00 CAN id=101 dlc=8 data=d8cf0400409c0000
2026-07-07T14:55:57.960+00:00 VCP run=1 step=0 angle=315879 target=315352 err=-527 steer=-263 m1=133/12301 i1=168 t1=28 m2=-250/-15199 i2=-281 t2=27 steerMode=-1449/-1070 iSteer=-56266 driveMode=13750/9801 iDrive=224622 scale=0 wheel=40000
2026-07-07T14:55:57.966+00:00 CAN id=101 dlc=8 data=d8cf0400409c0000
2026-07-07T14:55:57.986+00:00 CAN id=101 dlc=8 data=d8cf0400409c0000
2026-07-07T14:55:58.006+00:00 CAN id=101 dlc=8 data=d8cf0400409c0000
2026-07-07T14:55:58.026+00:00 CAN id=101 dlc=8 data=d8cf0400409c0000
2026-07-07T14:55:58.046+00:00 CAN id=101 dlc=8 data=d8cf0400409c0000
2026-07-07T14:55:58.065+00:00 VCP run=1 step=0 angle=315791 target=315352 err=-439 steer=0 m1=198/13750 i1=153 t1=28 m2=-132/-13750 i2=-307 t2=27 steerMode=0/818 iSteer=-77092 driveMode=13750/10125 iDrive=230063 scale=0 wheel=40000
2026-07-07T14:55:58.066+00:00 CAN id=101 dlc=8 data=d8cf0400409c0000
2026-07-07T14:55:58.086+00:00 CAN id=101 dlc=8 data=d8cf0400409c0000
2026-07-07T14:55:58.106+00:00 CAN id=101 dlc=8 data=d8cf0400409c0000
2026-07-07T14:55:58.126+00:00 CAN id=101 dlc=8 data=d8cf0400409c0000
2026-07-07T14:55:58.146+00:00 CAN id=101 dlc=8 data=d8cf0400409c0000
2026-07-07T14:55:58.166+00:00 CAN id=101 dlc=8 data=d8cf0400409c0000
2026-07-07T14:55:58.186+00:00 CAN id=101 dlc=8 data=d8cf0400409c0000
2026-07-07T14:55:58.206+00:00 CAN id=101 dlc=8 data=d8cf0400409c0000
2026-07-07T14:55:58.226+00:00 CAN id=101 dlc=8 data=d8cf0400409c0000
2026-07-07T14:55:58.246+00:00 CAN id=101 dlc=8 data=d8cf0400409c0000
2026-07-07T14:55:58.252+00:00 VCP run=1 step=0 angle=315879 target=315352 err=-527 steer=-263 m1=159/12301 i1=172 t1=28 m2=-172/-15199 i2=-301 t2=27 steerMode=-1449/-966 iSteer=-64350 driveMode=13750/10143 iDrive=236700 scale=0 wheel=40000
2026-07-07T14:55:58.252+00:00 VCP run=1 step=0 angle=315791 target=315352 err=-439 steer=0 m1=213/13750 i1=180 t1=28 m2=-187/-13750 i2=-290 t2=27 steerMode=0/300 iSteer=-54896 driveMode=13750/11661 iDrive=234855 scale=0 wheel=40000
2026-07-07T14:55:58.266+00:00 CAN id=101 dlc=8 data=d8cf0400409c0000
2026-07-07T14:55:58.286+00:00 CAN id=101 dlc=8 data=d8cf0400409c0000
2026-07-07T14:55:58.306+00:00 CAN id=101 dlc=8 data=d8cf0400409c0000
2026-07-07T14:55:58.326+00:00 CAN id=101 dlc=8 data=d8cf0400409c0000
2026-07-07T14:55:58.346+00:00 CAN id=101 dlc=8 data=d8cf0400409c0000
2026-07-07T14:55:58.354+00:00 VCP run=1 step=0 angle=315791 target=315352 err=-439 steer=0 m1=307/13750 i1=165 t1=28 m2=-275/-13750 i2=-294 t2=27 steerMode=0/483 iSteer=-64789 driveMode=13750/13240 iDrive=229393 scale=0 wheel=40000
2026-07-07T14:55:58.354+00:00 VCP SET_TARGET_RX steer=315352 wheel=40000
2026-07-07T14:55:58.366+00:00 CAN id=101 dlc=8 data=d8cf0400409c0000
2026-07-07T14:55:58.386+00:00 CAN id=101 dlc=8 data=d8cf0400409c0000
2026-07-07T14:55:58.406+00:00 CAN id=101 dlc=8 data=d8cf0400409c0000
2026-07-07T14:55:58.426+00:00 CAN id=101 dlc=8 data=d8cf0400409c0000
2026-07-07T14:55:58.446+00:00 CAN id=101 dlc=8 data=d8cf0400409c0000
2026-07-07T14:55:58.458+00:00 VCP run=1 step=0 angle=315791 target=315352 err=-439 steer=0 m1=265/13750 i1=177 t1=28 m2=-306/-13750 i2=-267 t2=27 steerMode=0/76 iSteer=-45214 driveMode=13750/14597 iDrive=222023 scale=0 wheel=40000
2026-07-07T14:55:58.466+00:00 CAN id=101 dlc=8 data=d8cf0400409c0000
2026-07-07T14:55:58.486+00:00 CAN id=101 dlc=8 data=d8cf0400409c0000
2026-07-07T14:55:58.506+00:00 CAN id=101 dlc=8 data=d8cf0400409c0000
2026-07-07T14:55:58.526+00:00 CAN id=101 dlc=8 data=d8cf0400409c0000
2026-07-07T14:55:58.546+00:00 CAN id=101 dlc=8 data=d8cf0400409c0000
2026-07-07T14:55:58.563+00:00 VCP run=1 step=0 angle=315791 target=315352 err=-439 steer=0 m1=292/13750 i1=177 t1=28 m2=-348/-13750 i2=-246 t2=27 steerMode=0/-125 iSteer=-34773 driveMode=13750/16085 iDrive=211644 scale=0 wheel=40000
2026-07-07T14:55:58.566+00:00 CAN id=101 dlc=8 data=d8cf0400409c0000
2026-07-07T14:55:58.586+00:00 CAN id=101 dlc=8 data=d8cf0400409c0000
2026-07-07T14:55:58.606+00:00 CAN id=101 dlc=8 data=d8cf0400409c0000
2026-07-07T14:55:58.626+00:00 CAN id=101 dlc=8 data=d8cf0400409c0000
2026-07-07T14:55:58.646+00:00 CAN id=101 dlc=8 data=d8cf0400409c0000
2026-07-07T14:55:58.666+00:00 CAN id=101 dlc=8 data=d8cf0400409c0000
2026-07-07T14:55:58.686+00:00 CAN id=101 dlc=8 data=d8cf0400409c0000
2026-07-07T14:55:58.706+00:00 CAN id=101 dlc=8 data=d8cf0400409c0000
2026-07-07T14:55:58.726+00:00 CAN id=101 dlc=8 data=d8cf0400409c0000
2026-07-07T14:55:58.746+00:00 CAN id=101 dlc=8 data=d8cf0400409c0000
2026-07-07T14:55:58.751+00:00 VCP run=1 step=0 angle=315703 target=315352 err=-351 steer=0 m1=322/13750 i1=136 t1=28 m2=-316/-13750 i2=-272 t2=27 steerMode=0/520 iSteer=-67602 driveMode=13750/16537 iDrive=204062 scale=0 wheel=40000
2026-07-07T14:55:58.751+00:00 VCP run=1 step=0 angle=315703 target=315352 err=-351 steer=0 m1=290/13750 i1=173 t1=28 m2=-344/-13750 i2=-226 t2=27 steerMode=0/-299 iSteer=-26664 driveMode=13750/16446 iDrive=199759 scale=0 wheel=40000
2026-07-07T14:55:58.766+00:00 CAN id=101 dlc=8 data=d8cf0400409c0000
2026-07-07T14:55:58.786+00:00 CAN id=101 dlc=8 data=d8cf0400409c0000
2026-07-07T14:55:58.806+00:00 CAN id=101 dlc=8 data=d8cf0400409c0000
2026-07-07T14:55:58.826+00:00 CAN id=101 dlc=8 data=d8cf0400409c0000
2026-07-07T14:55:58.846+00:00 CAN id=101 dlc=8 data=d8cf0400409c0000
2026-07-07T14:55:58.852+00:00 VCP run=1 step=0 angle=315703 target=315352 err=-351 steer=0 m1=320/13750 i1=158 t1=28 m2=-310/-13750 i2=-235 t2=27 steerMode=0/-51 iSteer=-38512 driveMode=13750/16182 iDrive=196130 scale=0 wheel=40000
2026-07-07T14:55:58.852+00:00 VCP SET_TARGET_RX steer=315352 wheel=40000
2026-07-07T14:55:58.866+00:00 CAN id=101 dlc=8 data=d8cf0400409c0000
2026-07-07T14:55:58.886+00:00 CAN id=101 dlc=8 data=d8cf0400409c0000
2026-07-07T14:55:58.906+00:00 CAN id=101 dlc=8 data=d8cf0400409c0000
2026-07-07T14:55:58.926+00:00 CAN id=101 dlc=8 data=d8cf0400409c0000
2026-07-07T14:55:58.946+00:00 CAN id=101 dlc=8 data=d8cf0400409c0000
2026-07-07T14:55:58.957+00:00 VCP run=1 step=0 angle=315703 target=315352 err=-351 steer=0 m1=288/13750 i1=194 t1=28 m2=-400/-13750 i2=-188 t2=27 steerMode=0/-867 iSteer=2922 driveMode=13750/16316 iDrive=191218 scale=0 wheel=40000
2026-07-07T14:55:58.966+00:00 CAN id=101 dlc=8 data=d8cf0400409c0000
2026-07-07T14:55:58.986+00:00 CAN id=101 dlc=8 data=d8cf0400409c0000
2026-07-07T14:55:59.006+00:00 CAN id=101 dlc=8 data=d8cf0400409c0000
2026-07-07T14:55:59.026+00:00 CAN id=101 dlc=8 data=d8cf0400409c0000
2026-07-07T14:55:59.046+00:00 CAN id=101 dlc=8 data=d8cf0400409c0000
2026-07-07T14:55:59.062+00:00 VCP run=1 step=0 angle=315703 target=315352 err=-351 steer=0 m1=326/13750 i1=155 t1=28 m2=-358/-13750 i2=-219 t2=27 steerMode=0/-149 iSteer=-32140 driveMode=13750/16304 iDrive=186881 scale=0 wheel=40000
2026-07-07T14:55:59.066+00:00 CAN id=101 dlc=8 data=d8cf0400409c0000
2026-07-07T14:55:59.086+00:00 CAN id=101 dlc=8 data=d8cf0400409c0000
2026-07-07T14:55:59.106+00:00 CAN id=101 dlc=8 data=d8cf0400409c0000
2026-07-07T14:55:59.126+00:00 CAN id=101 dlc=8 data=d8cf0400409c0000
2026-07-07T14:55:59.146+00:00 CAN id=101 dlc=8 data=d8cf0400409c0000
2026-07-07T14:55:59.166+00:00 CAN id=101 dlc=8 data=d8cf0400409c0000
2026-07-07T14:55:59.167+00:00 VCP run=1 step=0 angle=315703 target=315352 err=-351 steer=0 m1=339/13750 i1=162 t1=28 m2=-379/-13750 i2=-198 t2=27 steerMode=0/-408 iSteer=-18043 driveMode=13750/16665 iDrive=179716 scale=0 wheel=40000
2026-07-07T14:55:59.167+00:00 VCP run=1 step=0 angle=315615 target=315352 err=-263 steer=0 m1=311/13750 i1=156 t1=28 m2=-289/-13750 i2=-190 t2=27 steerMode=0/-400 iSteer=-17043 driveMode=13750/16822 iDrive=173194 scale=0 wheel=40000
2026-07-07T14:55:59.186+00:00 CAN id=101 dlc=8 data=d8cf0400409c0000
2026-07-07T14:55:59.206+00:00 CAN id=101 dlc=8 data=d8cf0400409c0000
2026-07-07T14:55:59.226+00:00 CAN id=101 dlc=8 data=d8cf0400409c0000
2026-07-07T14:55:59.246+00:00 CAN id=101 dlc=8 data=d8cf0400409c0000
2026-07-07T14:55:59.266+00:00 CAN id=101 dlc=8 data=d8cf0400409c0000
2026-07-07T14:55:59.286+00:00 CAN id=101 dlc=8 data=d8cf0400409c0000
2026-07-07T14:55:59.306+00:00 CAN id=101 dlc=8 data=d8cf0400409c0000
2026-07-07T14:55:59.326+00:00 CAN id=101 dlc=8 data=d8cf0400409c0000
2026-07-07T14:55:59.346+00:00 CAN id=101 dlc=8 data=d8cf0400409c0000
2026-07-07T14:55:59.351+00:00 VCP run=1 step=0 angle=315439 target=315352 err=-87 steer=0 m1=295/13750 i1=137 t1=28 m2=-373/-13750 i2=-209 t2=27 steerMode=0/-7 iSteer=-36453 driveMode=13750/15863 iDrive=173018 scale=0 wheel=40000
2026-07-07T14:55:59.351+00:00 VCP SET_TARGET_RX steer=315352 wheel=40000
2026-07-07T14:55:59.366+00:00 CAN id=101 dlc=8 data=d8cf0400409c0000
2026-07-07T14:55:59.386+00:00 CAN id=101 dlc=8 data=d8cf0400409c0000
2026-07-07T14:55:59.406+00:00 CAN id=101 dlc=8 data=d8cf0400409c0000
2026-07-07T14:55:59.426+00:00 CAN id=101 dlc=8 data=d8cf0400409c0000
2026-07-07T14:55:59.446+00:00 CAN id=101 dlc=8 data=d8cf0400409c0000
2026-07-07T14:55:59.456+00:00 VCP run=1 step=0 angle=315439 target=315352 err=-87 steer=0 m1=265/13750 i1=130 t1=28 m2=-264/-13750 i2=-225 t2=27 steerMode=0/214 iSteer=-47340 driveMode=13750/14408 iDrive=177283 scale=0 wheel=40000
2026-07-07T14:55:59.466+00:00 CAN id=101 dlc=8 data=d8cf0400409c0000
2026-07-07T14:55:59.486+00:00 CAN id=101 dlc=8 data=d8cf0400409c0000
2026-07-07T14:55:59.506+00:00 CAN id=101 dlc=8 data=d8cf0400409c0000
2026-07-07T14:55:59.526+00:00 CAN id=101 dlc=8 data=d8cf0400409c0000
2026-07-07T14:55:59.546+00:00 CAN id=101 dlc=8 data=d8cf0400409c0000
2026-07-07T14:55:59.561+00:00 VCP run=1 step=0 angle=315615 target=315352 err=-263 steer=0 m1=230/13750 i1=139 t1=28 m2=-218/-13750 i2=-237 t2=27 steerMode=0/226 iSteer=-48627 driveMode=13750/12420 iDrive=187904 scale=0 wheel=40000
2026-07-07T14:55:59.566+00:00 CAN id=101 dlc=8 data=d8cf0400409c0000
2026-07-07T14:55:59.586+00:00 CAN id=101 dlc=8 data=d8cf0400409c0000
2026-07-07T14:55:59.606+00:00 CAN id=101 dlc=8 data=d8cf0400409c0000
2026-07-07T14:55:59.626+00:00 CAN id=101 dlc=8 data=d8cf0400409c0000
2026-07-07T14:55:59.646+00:00 CAN id=101 dlc=8 data=d8cf0400409c0000
2026-07-07T14:55:59.665+00:00 VCP run=1 step=0 angle=315879 target=315352 err=-527 steer=-263 m1=173/12301 i1=108 t1=28 m2=-218/-15199 i2=-302 t2=27 steerMode=-1449/-313 iSteer=-96985 driveMode=13750/9956 iDrive=204832 scale=0 wheel=40000
2026-07-07T14:55:59.666+00:00 CAN id=101 dlc=8 data=d8cf0400409c0000
2026-07-07T14:55:59.686+00:00 CAN id=101 dlc=8 data=d8cf0400409c0000
2026-07-07T14:55:59.706+00:00 CAN id=101 dlc=8 data=d8cf0400409c0000
2026-07-07T14:55:59.726+00:00 CAN id=101 dlc=8 data=d8cf0400409c0000
2026-07-07T14:55:59.746+00:00 CAN id=101 dlc=8 data=d8cf0400409c0000
2026-07-07T14:55:59.766+00:00 CAN id=101 dlc=8 data=d8cf0400409c0000
2026-07-07T14:55:59.786+00:00 CAN id=101 dlc=8 data=d8cf0400409c0000
2026-07-07T14:55:59.806+00:00 CAN id=101 dlc=8 data=d8cf0400409c0000
2026-07-07T14:55:59.826+00:00 CAN id=101 dlc=8 data=d8cf0400409c0000
2026-07-07T14:55:59.846+00:00 CAN id=101 dlc=8 data=d8cf0400409c0000
2026-07-07T14:55:59.850+00:00 VCP run=1 step=0 angle=315703 target=315352 err=-351 steer=0 m1=190/13750 i1=163 t1=28 m2=-170/-13750 i2=-270 t2=27 steerMode=0/266 iSteer=-53116 driveMode=13750/9233 iDrive=216547 scale=0 wheel=40000
2026-07-07T14:55:59.850+00:00 VCP run=1 step=0 angle=315703 target=315352 err=-351 steer=0 m1=230/13750 i1=159 t1=28 m2=-189/-13750 i2=-278 t2=27 steerMode=0/384 iSteer=-59239 driveMode=13750/10229 iDrive=218738 scale=0 wheel=40000
2026-07-07T14:55:59.850+00:00 VCP SET_TARGET_RX steer=315352 wheel=40000
2026-07-07T14:55:59.866+00:00 CAN id=101 dlc=8 data=d8cf0400409c0000
2026-07-07T14:55:59.886+00:00 CAN id=101 dlc=8 data=d8cf0400409c0000
2026-07-07T14:55:59.906+00:00 CAN id=101 dlc=8 data=d8cf0400409c0000
2026-07-07T14:55:59.926+00:00 CAN id=101 dlc=8 data=d8cf0400409c0000
2026-07-07T14:55:59.946+00:00 CAN id=101 dlc=8 data=d8cf0400409c0000
2026-07-07T14:55:59.955+00:00 VCP run=1 step=0 angle=315791 target=315352 err=-439 steer=0 m1=228/13750 i1=157 t1=28 m2=-172/-13750 i2=-289 t2=27 steerMode=0/509 iSteer=-66155 driveMode=13750/10521 iDrive=222995 scale=0 wheel=40000
2026-07-07T14:55:59.966+00:00 CAN id=101 dlc=8 data=d8cf0400409c0000
2026-07-07T14:55:59.986+00:00 CAN id=101 dlc=8 data=d8cf0400409c0000
2026-07-07T14:56:00.006+00:00 CAN id=101 dlc=8 data=d8cf0400409c0000
2026-07-07T14:56:00.026+00:00 CAN id=101 dlc=8 data=d8cf0400409c0000
2026-07-07T14:56:00.046+00:00 CAN id=101 dlc=8 data=d8cf0400409c0000
2026-07-07T14:56:00.060+00:00 VCP run=1 step=0 angle=315791 target=315352 err=-439 steer=0 m1=242/13750 i1=224 t1=28 m2=-268/-13750 i2=-219 t2=27 steerMode=0/-878 iSteer=2247 driveMode=13750/11817 iDrive=221394 scale=0 wheel=40000
2026-07-07T14:56:00.066+00:00 CAN id=101 dlc=8 data=d8cf0400409c0000
2026-07-07T14:56:00.086+00:00 CAN id=101 dlc=8 data=d8cf0400409c0000
2026-07-07T14:56:00.106+00:00 CAN id=101 dlc=8 data=d8cf0400409c0000
2026-07-07T14:56:00.126+00:00 CAN id=101 dlc=8 data=d8cf0400409c0000
2026-07-07T14:56:00.146+00:00 CAN id=101 dlc=8 data=d8cf0400409c0000
2026-07-07T14:56:00.165+00:00 VCP run=1 step=0 angle=315615 target=315352 err=-263 steer=0 m1=253/13750 i1=173 t1=28 m2=-279/-13750 i2=-256 t2=27 steerMode=0/9 iSteer=-41428 driveMode=13750/13546 iDrive=214126 scale=0 wheel=40000
2026-07-07T14:56:00.166+00:00 CAN id=101 dlc=8 data=d8cf0400409c0000
2026-07-07T14:56:00.186+00:00 CAN id=101 dlc=8 data=d8cf0400409c0000
2026-07-07T14:56:00.206+00:00 CAN id=101 dlc=8 data=d8cf0400409c0000
2026-07-07T14:56:00.226+00:00 CAN id=101 dlc=8 data=d8cf0400409c0000
2026-07-07T14:56:00.246+00:00 CAN id=101 dlc=8 data=d8cf0400409c0000
2026-07-07T14:56:00.266+00:00 CAN id=101 dlc=8 data=d8cf0400409c0000
2026-07-07T14:56:00.286+00:00 CAN id=101 dlc=8 data=d8cf0400409c0000
2026-07-07T14:56:00.306+00:00 CAN id=101 dlc=8 data=d8cf0400409c0000
2026-07-07T14:56:00.327+00:00 CAN id=101 dlc=8 data=d8cf0400409c0000
2026-07-07T14:56:00.346+00:00 BENCH disable sent
2026-07-07T14:56:00.346+00:00 CAN id=121 dlc=2 data=0100
2026-07-07T14:56:00.346+00:00 CAN id=121 dlc=2 data=0100
2026-07-07T14:56:00.349+00:00 VCP run=1 step=0 angle=315527 target=315352 err=-175 steer=0 m1=267/13750 i1=173 t1=28 m2=-346/-13750 i2=-235 t2=27 steerMode=0/-187 iSteer=-31184 driveMode=13750/15306 iDrive=204195 scale=0 wheel=40000
2026-07-07T14:56:00.349+00:00 VCP run=1 step=0 angle=315615 target=315352 err=-263 steer=0 m1=288/13750 i1=160 t1=28 m2=-346/-13750 i2=-239 t2=27 steerMode=0/-24 iSteer=-39493 driveMode=13750/15739 iDrive=199215 scale=0 wheel=40000
2026-07-07T14:56:00.349+00:00 VCP UNIT_CTRL enable=0
2026-07-07T14:56:00.550+00:00 VCP UNIT_CTRL enable=0
2026-07-07T14:56:00.550+00:00 VCP STOP: disabled
2026-07-07T14:56:00.752+00:00 BENCH log closed
