2026-07-07T14:52:15.364+00:00 BENCH log opened: firmware/logs/lowrpm-ff150-rpm40.log
2026-07-07T14:52:15.365+00:00 BENCH run: steer=315.352deg (315352mdeg) wheel=40.0rpm (40000milli-rpm) rate=50.0Hz duration=10.0s
2026-07-07T14:52:15.365+00:00 BENCH enable sent
2026-07-07T14:52:15.365+00:00 CAN id=121 dlc=2 data=0101
2026-07-07T14:52:15.365+00:00 CAN id=101 dlc=8 data=d8cf0400409c0000
2026-07-07T14:52:15.385+00:00 CAN id=101 dlc=8 data=d8cf0400409c0000
2026-07-07T14:52:15.389+00:00 VCP _TARGET_RX steer=315352 wheel=40000
2026-07-07T14:52:15.389+00:00 VCP START_CAN: angle=316143 target=315352 wheelTarget=40000
2026-07-07T14:52:15.405+00:00 CAN id=101 dlc=8 data=d8cf0400409c0000
2026-07-07T14:52:15.425+00:00 CAN id=101 dlc=8 data=d8cf0400409c0000
2026-07-07T14:52:15.445+00:00 CAN id=101 dlc=8 data=d8cf0400409c0000
2026-07-07T14:52:15.465+00:00 CAN id=101 dlc=8 data=d8cf0400409c0000
2026-07-07T14:52:15.485+00:00 CAN id=101 dlc=8 data=d8cf0400409c0000
2026-07-07T14:52:15.505+00:00 CAN id=101 dlc=8 data=d8cf0400409c0000
2026-07-07T14:52:15.525+00:00 CAN id=101 dlc=8 data=d8cf0400409c0000
2026-07-07T14:52:15.545+00:00 CAN id=101 dlc=8 data=d8cf0400409c0000
2026-07-07T14:52:15.565+00:00 CAN id=101 dlc=8 data=d8cf0400409c0000
2026-07-07T14:52:15.573+00:00 VCP run=1 step=0 angle=316143 target=315352 err=-791 steer=-250 m1=0/-1031 i1=-67 t1=28 m2=0/-1719 i2=-71 t2=27 steerMode=-1375/0 iSteer=-68956 driveMode=344/0 iDrive=1753 scale=0 wheel=1000
2026-07-07T14:52:15.573+00:00 VCP run=1 step=0 angle=316143 target=315352 err=-791 steer=-395 m1=0/4288 i1=-73 t1=28 m2=0/-8637 i2=-151 t2=27 steerMode=-2174/-45 iSteer=-112108 driveMode=6462/-37 iDrive=38885 scale=0 wheel=18800
2026-07-07T14:52:15.585+00:00 CAN id=101 dlc=8 data=d8cf0400409c0000
2026-07-07T14:52:15.605+00:00 CAN id=101 dlc=8 data=d8cf0400409c0000
2026-07-07T14:52:15.625+00:00 CAN id=101 dlc=8 data=d8cf0400409c0000
2026-07-07T14:52:15.645+00:00 CAN id=101 dlc=8 data=d8cf0400409c0000
2026-07-07T14:52:15.665+00:00 CAN id=101 dlc=8 data=d8cf0400409c0000
2026-07-07T14:52:15.679+00:00 VCP run=1 step=0 angle=316143 target=315352 err=-791 steer=-395 m1=0/10682 i1=-31 t1=28 m2=0/-15030 i2=-209 t2=27 steerMode=-2174/-3 iSteer=-120183 driveMode=12856/2 iDrive=88747 scale=0 wheel=37400
2026-07-07T14:52:15.685+00:00 CAN id=101 dlc=8 data=d8cf0400409c0000
2026-07-07T14:52:15.705+00:00 CAN id=101 dlc=8 data=d8cf0400409c0000
2026-07-07T14:52:15.725+00:00 CAN id=101 dlc=8 data=d8cf0400409c0000
2026-07-07T14:52:15.745+00:00 CAN id=101 dlc=8 data=d8cf0400409c0000
2026-07-07T14:52:15.765+00:00 CAN id=101 dlc=8 data=d8cf0400409c0000
2026-07-07T14:52:15.783+00:00 VCP run=1 step=0 angle=316143 target=315352 err=-791 steer=-395 m1=0/11576 i1=-8 t1=28 m2=0/-15924 i2=-245 t2=27 steerMode=-2174/1 iSteer=-126403 driveMode=13750/3 iDrive=118720 scale=0 wheel=40000
2026-07-07T14:52:15.785+00:00 CAN id=101 dlc=8 data=d8cf0400409c0000
2026-07-07T14:52:15.805+00:00 CAN id=101 dlc=8 data=d8cf0400409c0000
2026-07-07T14:52:15.825+00:00 CAN id=101 dlc=8 data=d8cf0400409c0000
2026-07-07T14:52:15.845+00:00 CAN id=101 dlc=8 data=d8cf0400409c0000
2026-07-07T14:52:15.865+00:00 CAN id=101 dlc=8 data=d8cf0400409c0000
2026-07-07T14:52:15.885+00:00 VCP run=1 step=0 angle=316143 target=315352 err=-791 steer=-395 m1=0/11576 i1=13 t1=28 m2=0/-15924 i2=-276 t2=27 steerMode=-2174/-22 iSteer=-131389 driveMode=13750/22 iDrive=144463 scale=0 wheel=40000
2026-07-07T14:52:15.885+00:00 VCP SET_TARGET_RX steer=315352 wheel=40000
2026-07-07T14:52:15.885+00:00 CAN id=101 dlc=8 data=d8cf0400409c0000
2026-07-07T14:52:15.905+00:00 CAN id=101 dlc=8 data=d8cf0400409c0000
2026-07-07T14:52:15.925+00:00 CAN id=101 dlc=8 data=d8cf0400409c0000
2026-07-07T14:52:15.945+00:00 CAN id=101 dlc=8 data=d8cf0400409c0000
2026-07-07T14:52:15.965+00:00 CAN id=101 dlc=8 data=d8cf0400409c0000
2026-07-07T14:52:15.985+00:00 CAN id=101 dlc=8 data=d8cf0400409c0000
2026-07-07T14:52:16.005+00:00 CAN id=101 dlc=8 data=d8cf0400409c0000
2026-07-07T14:52:16.025+00:00 CAN id=101 dlc=8 data=d8cf0400409c0000
2026-07-07T14:52:16.045+00:00 CAN id=101 dlc=8 data=d8cf0400409c0000
2026-07-07T14:52:16.065+00:00 CAN id=101 dlc=8 data=d8cf0400409c0000
2026-07-07T14:52:16.073+00:00 VCP run=1 step=0 angle=316143 target=315352 err=-791 steer=-395 m1=0/11576 i1=32 t1=28 m2=0/-15924 i2=-309 t2=27 steerMode=-2174/1 iSteer=-138550 driveMode=13750/1 iDrive=170130 scale=0 wheel=40000
2026-07-07T14:52:16.073+00:00 VCP run=1 step=0 angle=316143 target=315352 err=-791 steer=-395 m1=0/11576 i1=51 t1=28 m2=0/-15924 i2=-341 t2=27 steerMode=-2174/0 iSteer=-144633 driveMode=13750/0 iDrive=195987 scale=0 wheel=40000
2026-07-07T14:52:16.085+00:00 CAN id=101 dlc=8 data=d8cf0400409c0000
2026-07-07T14:52:16.105+00:00 CAN id=101 dlc=8 data=d8cf0400409c0000
2026-07-07T14:52:16.125+00:00 CAN id=101 dlc=8 data=d8cf0400409c0000
2026-07-07T14:52:16.145+00:00 CAN id=101 dlc=8 data=d8cf0400409c0000
2026-07-07T14:52:16.165+00:00 CAN id=101 dlc=8 data=d8cf0400409c0000
2026-07-07T14:52:16.178+00:00 VCP run=1 step=0 angle=316143 target=315352 err=-791 steer=-395 m1=0/11576 i1=71 t1=28 m2=0/-15924 i2=-372 t2=27 steerMode=-2174/-8 iSteer=-150339 driveMode=13750/7 iDrive=221788 scale=0 wheel=40000
2026-07-07T14:52:16.185+00:00 CAN id=101 dlc=8 data=d8cf0400409c0000
2026-07-07T14:52:16.205+00:00 CAN id=101 dlc=8 data=d8cf0400409c0000
2026-07-07T14:52:16.225+00:00 CAN id=101 dlc=8 data=d8cf0400409c0000
2026-07-07T14:52:16.245+00:00 CAN id=101 dlc=8 data=d8cf0400409c0000
2026-07-07T14:52:16.265+00:00 CAN id=101 dlc=8 data=d8cf0400409c0000
2026-07-07T14:52:16.283+00:00 VCP run=1 step=0 angle=316143 target=315352 err=-791 steer=-395 m1=0/11576 i1=90 t1=28 m2=0/-15924 i2=-404 t2=27 steerMode=-2174/3 iSteer=-156877 driveMode=13750/7 iDrive=247354 scale=0 wheel=40000
2026-07-07T14:52:16.285+00:00 CAN id=101 dlc=8 data=d8cf0400409c0000
2026-07-07T14:52:16.305+00:00 CAN id=101 dlc=8 data=d8cf0400409c0000
2026-07-07T14:52:16.325+00:00 CAN id=101 dlc=8 data=d8cf0400409c0000
2026-07-07T14:52:16.345+00:00 CAN id=101 dlc=8 data=d8cf0400409c0000
2026-07-07T14:52:16.365+00:00 CAN id=101 dlc=8 data=d8cf0400409c0000
2026-07-07T14:52:16.385+00:00 CAN id=101 dlc=8 data=d8cf0400409c0000
2026-07-07T14:52:16.385+00:00 VCP run=1 step=0 angle=316143 target=315352 err=-791 steer=-395 m1=0/11576 i1=111 t1=28 m2=0/-15924 i2=-435 t2=27 steerMode=-2174/-12 iSteer=-162257 driveMode=13750/3 iDrive=273199 scale=0 wheel=40000
2026-07-07T14:52:16.385+00:00 VCP SET_TARGET_RX steer=315352 wheel=40000
2026-07-07T14:52:16.405+00:00 CAN id=101 dlc=8 data=d8cf0400409c0000
2026-07-07T14:52:16.425+00:00 CAN id=101 dlc=8 data=d8cf0400409c0000
2026-07-07T14:52:16.445+00:00 CAN id=101 dlc=8 data=d8cf0400409c0000
2026-07-07T14:52:16.465+00:00 CAN id=101 dlc=8 data=d8cf0400409c0000
2026-07-07T14:52:16.485+00:00 CAN id=101 dlc=8 data=d8cf0400409c0000
2026-07-07T14:52:16.505+00:00 CAN id=101 dlc=8 data=d8cf0400409c0000
2026-07-07T14:52:16.525+00:00 CAN id=101 dlc=8 data=d8cf0400409c0000
2026-07-07T14:52:16.545+00:00 CAN id=101 dlc=8 data=d8cf0400409c0000
2026-07-07T14:52:16.565+00:00 CAN id=101 dlc=8 data=d8cf0400409c0000
2026-07-07T14:52:16.573+00:00 VCP run=1 step=0 angle=316143 target=315352 err=-791 steer=-395 m1=0/11576 i1=130 t1=28 m2=0/-15924 i2=-467 t2=27 steerMode=-2174/-4 iSteer=-168668 driveMode=13750/6 iDrive=298744 scale=0 wheel=40000
2026-07-07T14:52:16.573+00:00 VCP run=1 step=0 angle=316143 target=315352 err=-791 steer=-395 m1=0/11576 i1=149 t1=28 m2=0/-15924 i2=-499 t2=27 steerMode=-2174/-1 iSteer=-174884 driveMode=13750/2 iDrive=324327 scale=0 wheel=40000
2026-07-07T14:52:16.585+00:00 CAN id=101 dlc=8 data=d8cf0400409c0000
2026-07-07T14:52:16.605+00:00 CAN id=101 dlc=8 data=d8cf0400409c0000
2026-07-07T14:52:16.625+00:00 CAN id=101 dlc=8 data=d8cf0400409c0000
2026-07-07T14:52:16.645+00:00 CAN id=101 dlc=8 data=d8cf0400409c0000
2026-07-07T14:52:16.665+00:00 CAN id=101 dlc=8 data=d8cf0400409c0000
2026-07-07T14:52:16.678+00:00 VCP run=1 step=0 angle=316143 target=315352 err=-791 steer=-395 m1=2/11576 i1=169 t1=28 m2=0/-15924 i2=-530 t2=27 steerMode=-2174/-9 iSteer=-180496 driveMode=13750/20 iDrive=349795 scale=0 wheel=40000
2026-07-07T14:52:16.685+00:00 CAN id=101 dlc=8 data=d8cf0400409c0000
2026-07-07T14:52:16.705+00:00 CAN id=101 dlc=8 data=d8cf0400409c0000
2026-07-07T14:52:16.725+00:00 CAN id=101 dlc=8 data=d8cf0400409c0000
2026-07-07T14:52:16.745+00:00 CAN id=101 dlc=8 data=d8cf0400409c0000
2026-07-07T14:52:16.765+00:00 CAN id=101 dlc=8 data=d8cf0400409c0000
2026-07-07T14:52:16.783+00:00 VCP run=1 step=0 angle=316143 target=315352 err=-791 steer=-395 m1=8/11576 i1=183 t1=28 m2=0/-15924 i2=-567 t2=27 steerMode=-2174/90 iSteer=-191551 driveMode=13750/90 iDrive=374963 scale=0 wheel=40000
2026-07-07T14:52:16.785+00:00 CAN id=101 dlc=8 data=d8cf0400409c0000
2026-07-07T14:52:16.805+00:00 CAN id=101 dlc=8 data=d8cf0400409c0000
2026-07-07T14:52:16.825+00:00 CAN id=101 dlc=8 data=d8cf0400409c0000
2026-07-07T14:52:16.845+00:00 CAN id=101 dlc=8 data=d8cf0400409c0000
2026-07-07T14:52:16.865+00:00 CAN id=101 dlc=8 data=d8cf0400409c0000
2026-07-07T14:52:16.885+00:00 VCP run=1 step=0 angle=316143 target=315352 err=-791 steer=-395 m1=0/11576 i1=208 t1=28 m2=0/-15924 i2=-594 t2=27 steerMode=-2174/0 iSteer=-193191 driveMode=13750/2 iDrive=400901 scale=0 wheel=40000
2026-07-07T14:52:16.885+00:00 VCP SET_TARGET_RX steer=315352 wheel=40000
2026-07-07T14:52:16.885+00:00 CAN id=101 dlc=8 data=d8cf0400409c0000
2026-07-07T14:52:16.905+00:00 CAN id=101 dlc=8 data=d8cf0400409c0000
2026-07-07T14:52:16.925+00:00 CAN id=101 dlc=8 data=d8cf0400409c0000
2026-07-07T14:52:16.945+00:00 CAN id=101 dlc=8 data=d8cf0400409c0000
2026-07-07T14:52:16.965+00:00 CAN id=101 dlc=8 data=d8cf0400409c0000
2026-07-07T14:52:16.985+00:00 CAN id=101 dlc=8 data=d8cf0400409c0000
2026-07-07T14:52:17.005+00:00 CAN id=101 dlc=8 data=d8cf0400409c0000
2026-07-07T14:52:17.025+00:00 CAN id=101 dlc=8 data=d8cf0400409c0000
2026-07-07T14:52:17.045+00:00 CAN id=101 dlc=8 data=d8cf0400409c0000
2026-07-07T14:52:17.065+00:00 CAN id=101 dlc=8 data=d8cf0400409c0000
2026-07-07T14:52:17.072+00:00 VCP run=1 step=0 angle=316143 target=315352 err=-791 steer=-395 m1=0/11576 i1=227 t1=28 m2=0/-15924 i2=-626 t2=27 steerMode=-2174/-3 iSteer=-199070 driveMode=13750/3 iDrive=426458 scale=0 wheel=40000
2026-07-07T14:52:17.073+00:00 VCP run=1 step=0 angle=316143 target=315352 err=-791 steer=-395 m1=0/11576 i1=247 t1=28 m2=0/-15924 i2=-657 t2=27 steerMode=-2174/-3 iSteer=-205100 driveMode=13750/3 iDrive=452015 scale=0 wheel=40000
2026-07-07T14:52:17.085+00:00 CAN id=101 dlc=8 data=d8cf0400409c0000
2026-07-07T14:52:17.105+00:00 CAN id=101 dlc=8 data=d8cf0400409c0000
2026-07-07T14:52:17.125+00:00 CAN id=101 dlc=8 data=d8cf0400409c0000
2026-07-07T14:52:17.145+00:00 CAN id=101 dlc=8 data=d8cf0400409c0000
2026-07-07T14:52:17.165+00:00 CAN id=101 dlc=8 data=d8cf0400409c0000
2026-07-07T14:52:17.178+00:00 VCP run=1 step=0 angle=316143 target=315352 err=-791 steer=-395 m1=0/11576 i1=267 t1=28 m2=0/-15924 i2=-689 t2=27 steerMode=-2174/-6 iSteer=-211026 driveMode=13750/6 iDrive=477563 scale=0 wheel=40000
2026-07-07T14:52:17.185+00:00 CAN id=101 dlc=8 data=d8cf0400409c0000
2026-07-07T14:52:17.205+00:00 CAN id=101 dlc=8 data=d8cf0400409c0000
2026-07-07T14:52:17.225+00:00 CAN id=101 dlc=8 data=d8cf0400409c0000
2026-07-07T14:52:17.245+00:00 CAN id=101 dlc=8 data=d8cf0400409c0000
2026-07-07T14:52:17.265+00:00 CAN id=101 dlc=8 data=d8cf0400409c0000
2026-07-07T14:52:17.283+00:00 VCP run=1 step=0 angle=316143 target=315352 err=-791 steer=-395 m1=0/11576 i1=286 t1=28 m2=0/-15924 i2=-720 t2=27 steerMode=-2174/0 iSteer=-217313 driveMode=13750/0 iDrive=503160 scale=0 wheel=40000
2026-07-07T14:52:17.285+00:00 CAN id=101 dlc=8 data=d8cf0400409c0000
2026-07-07T14:52:17.305+00:00 CAN id=101 dlc=8 data=d8cf0400409c0000
2026-07-07T14:52:17.325+00:00 CAN id=101 dlc=8 data=d8cf0400409c0000
2026-07-07T14:52:17.345+00:00 CAN id=101 dlc=8 data=d8cf0400409c0000
2026-07-07T14:52:17.365+00:00 CAN id=101 dlc=8 data=d8cf0400409c0000
2026-07-07T14:52:17.384+00:00 VCP run=1 step=0 angle=316143 target=315352 err=-791 steer=-395 m1=0/11576 i1=306 t1=28 m2=0/-15924 i2=-752 t2=27 steerMode=-2174/-5 iSteer=-223096 driveMode=13750/4 iDrive=528700 scale=0 wheel=40000
2026-07-07T14:52:17.384+00:00 VCP SET_TARGET_RX steer=315352 wheel=40000
2026-07-07T14:52:17.385+00:00 CAN id=101 dlc=8 data=d8cf0400409c0000
2026-07-07T14:52:17.405+00:00 CAN id=101 dlc=8 data=d8cf0400409c0000
2026-07-07T14:52:17.425+00:00 CAN id=101 dlc=8 data=d8cf0400409c0000
2026-07-07T14:52:17.445+00:00 CAN id=101 dlc=8 data=d8cf0400409c0000
2026-07-07T14:52:17.465+00:00 CAN id=101 dlc=8 data=d8cf0400409c0000
2026-07-07T14:52:17.485+00:00 CAN id=101 dlc=8 data=d8cf0400409c0000
2026-07-07T14:52:17.505+00:00 CAN id=101 dlc=8 data=d8cf0400409c0000
2026-07-07T14:52:17.525+00:00 CAN id=101 dlc=8 data=d8cf0400409c0000
2026-07-07T14:52:17.545+00:00 CAN id=101 dlc=8 data=d8cf0400409c0000
2026-07-07T14:52:17.565+00:00 CAN id=101 dlc=8 data=d8cf0400409c0000
2026-07-07T14:52:17.572+00:00 VCP run=1 step=0 angle=316143 target=315352 err=-791 steer=-395 m1=0/11576 i1=326 t1=28 m2=-3/-15924 i2=-783 t2=27 steerMode=-2174/-14 iSteer=-228691 driveMode=13750/13 iDrive=554224 scale=0 wheel=40000
2026-07-07T14:52:17.572+00:00 VCP run=1 step=0 angle=316055 target=315352 err=-703 steer=-351 m1=0/11818 i1=357 t1=28 m2=0/-15682 i2=-802 t2=27 steerMode=-1932/-17 iSteer=-222463 driveMode=13750/17 iDrive=579745 scale=0 wheel=40000
2026-07-07T14:52:17.585+00:00 CAN id=101 dlc=8 data=d8cf0400409c0000
2026-07-07T14:52:17.605+00:00 CAN id=101 dlc=8 data=d8cf0400409c0000
2026-07-07T14:52:17.625+00:00 CAN id=101 dlc=8 data=d8cf0400409c0000
2026-07-07T14:52:17.645+00:00 CAN id=101 dlc=8 data=d8cf0400409c0000
2026-07-07T14:52:17.665+00:00 CAN id=101 dlc=8 data=d8cf0400409c0000
2026-07-07T14:52:17.677+00:00 VCP run=1 step=0 angle=316143 target=315352 err=-791 steer=-395 m1=0/11576 i1=365 t1=28 m2=0/-15924 i2=-846 t2=27 steerMode=-2174/-24 iSteer=-240187 driveMode=13750/-8 iDrive=605425 scale=0 wheel=40000
2026-07-07T14:52:17.685+00:00 CAN id=101 dlc=8 data=d8cf0400409c0000
2026-07-07T14:52:17.705+00:00 CAN id=101 dlc=8 data=d8cf0400409c0000
2026-07-07T14:52:17.725+00:00 CAN id=101 dlc=8 data=d8cf0400409c0000
2026-07-07T14:52:17.745+00:00 CAN id=101 dlc=8 data=d8cf0400409c0000
2026-07-07T14:52:17.765+00:00 CAN id=101 dlc=8 data=d8cf0400409c0000
2026-07-07T14:52:17.781+00:00 VCP run=1 step=0 angle=316143 target=315352 err=-791 steer=-395 m1=0/11576 i1=385 t1=28 m2=-3/-15924 i2=-877 t2=27 steerMode=-2174/-23 iSteer=-246329 driveMode=13750/22 iDrive=630851 scale=0 wheel=40000
2026-07-07T14:52:17.785+00:00 CAN id=101 dlc=8 data=d8cf0400409c0000
2026-07-07T14:52:17.805+00:00 CAN id=101 dlc=8 data=d8cf0400409c0000
2026-07-07T14:52:17.825+00:00 CAN id=101 dlc=8 data=d8cf0400409c0000
2026-07-07T14:52:17.845+00:00 CAN id=101 dlc=8 data=d8cf0400409c0000
2026-07-07T14:52:17.865+00:00 CAN id=101 dlc=8 data=d8cf0400409c0000
2026-07-07T14:52:17.883+00:00 VCP run=1 step=0 angle=316143 target=315352 err=-791 steer=-395 m1=0/11576 i1=404 t1=28 m2=0/-15924 i2=-909 t2=27 steerMode=-2174/-11 iSteer=-252912 driveMode=13750/11 iDrive=656442 scale=0 wheel=40000
2026-07-07T14:52:17.883+00:00 VCP SET_TARGET_RX steer=315352 wheel=40000
2026-07-07T14:52:17.885+00:00 CAN id=101 dlc=8 data=d8cf0400409c0000
2026-07-07T14:52:17.905+00:00 CAN id=101 dlc=8 data=d8cf0400409c0000
2026-07-07T14:52:17.925+00:00 CAN id=101 dlc=8 data=d8cf0400409c0000
2026-07-07T14:52:17.946+00:00 CAN id=101 dlc=8 data=d8cf0400409c0000
2026-07-07T14:52:17.965+00:00 CAN id=101 dlc=8 data=d8cf0400409c0000
2026-07-07T14:52:17.985+00:00 CAN id=101 dlc=8 data=d8cf0400409c0000
2026-07-07T14:52:18.005+00:00 CAN id=101 dlc=8 data=d8cf0400409c0000
2026-07-07T14:52:18.025+00:00 CAN id=101 dlc=8 data=d8cf0400409c0000
2026-07-07T14:52:18.045+00:00 CAN id=101 dlc=8 data=d8cf0400409c0000
2026-07-07T14:52:18.065+00:00 CAN id=101 dlc=8 data=d8cf0400409c0000
2026-07-07T14:52:18.069+00:00 VCP run=1 step=0 angle=316143 target=315352 err=-791 steer=-395 m1=0/11576 i1=435 t1=28 m2=-26/-15924 i2=-927 t2=27 steerMode=-2174/-269 iSteer=-245906 driveMode=13750/270 iDrive=680627 scale=0 wheel=40000
2026-07-07T14:52:18.069+00:00 VCP run=1 step=0 angle=313945 target=315352 err=1407 steer=703 m1=343/17618 i1=1209 t1=28 m2=-465/-9882 i2=-333 t2=27 steerMode=3868/-7598 iSteer=437813 driveMode=13750/14873 iDrive=770915 scale=0 wheel=40000
2026-07-07T14:52:18.085+00:00 CAN id=101 dlc=8 data=d8cf0400409c0000
2026-07-07T14:52:18.105+00:00 CAN id=101 dlc=8 data=d8cf0400409c0000
2026-07-07T14:52:18.125+00:00 CAN id=101 dlc=8 data=d8cf0400409c0000
2026-07-07T14:52:18.145+00:00 CAN id=101 dlc=8 data=d8cf0400409c0000
2026-07-07T14:52:18.165+00:00 CAN id=101 dlc=8 data=d8cf0400409c0000
2026-07-07T14:52:18.174+00:00 VCP run=1 step=0 angle=314736 target=315352 err=616 steer=308 m1=973/15443 i1=359 t1=28 m2=-894/-12057 i2=-839 t2=27 steerMode=1693/3926 iSteer=-239670 driveMode=13750/43256 iDrive=598919 scale=0 wheel=40000
2026-07-07T14:52:18.185+00:00 CAN id=101 dlc=8 data=d8cf0400409c0000
2026-07-07T14:52:18.205+00:00 CAN id=101 dlc=8 data=d8cf0400409c0000
2026-07-07T14:52:18.225+00:00 CAN id=101 dlc=8 data=d8cf0400409c0000
2026-07-07T14:52:18.245+00:00 CAN id=101 dlc=8 data=d8cf0400409c0000
2026-07-07T14:52:18.265+00:00 CAN id=101 dlc=8 data=d8cf0400409c0000
2026-07-07T14:52:18.278+00:00 VCP run=1 step=0 angle=314736 target=315352 err=616 steer=308 m1=1236/15443 i1=453 t1=28 m2=-1225/-12057 i2=-408 t2=27 steerMode=1693/-1267 iSteer=22676 driveMode=13750/62052 iDrive=430321 scale=0 wheel=40000
2026-07-07T14:52:18.285+00:00 CAN id=101 dlc=8 data=d8cf0400409c0000
2026-07-07T14:52:18.308+00:00 CAN id=101 dlc=8 data=d8cf0400409c0000
2026-07-07T14:52:18.325+00:00 CAN id=101 dlc=8 data=d8cf0400409c0000
2026-07-07T14:52:18.345+00:00 CAN id=101 dlc=8 data=d8cf0400409c0000
2026-07-07T14:52:18.365+00:00 CAN id=101 dlc=8 data=d8cf0400409c0000
2026-07-07T14:52:18.379+00:00 VCP run=1 step=0 angle=314561 target=315352 err=791 steer=396 m1=1383/15927 i1=229 t1=28 m2=-1375/-11573 i2=-323 t2=27 steerMode=2177/708 iSteer=-47084 driveMode=13750/72583 iDrive=276151 scale=0 wheel=40000
2026-07-07T14:52:18.379+00:00 VCP SET_TARGET_RX steer=315352 wheel=40000
2026-07-07T14:52:18.385+00:00 CAN id=101 dlc=8 data=d8cf0400409c0000
2026-07-07T14:52:18.405+00:00 CAN id=101 dlc=8 data=d8cf0400409c0000
2026-07-07T14:52:18.425+00:00 CAN id=101 dlc=8 data=d8cf0400409c0000
2026-07-07T14:52:18.445+00:00 CAN id=101 dlc=8 data=d8cf0400409c0000
2026-07-07T14:52:18.465+00:00 CAN id=101 dlc=8 data=d8cf0400409c0000
2026-07-07T14:52:18.484+00:00 VCP run=1 step=0 angle=314736 target=315352 err=616 steer=308 m1=1410/15443 i1=122 t1=28 m2=-1392/-12057 i2=-185 t2=27 steerMode=1693/5 iSteer=-31577 driveMode=13750/74605 iDrive=153519 scale=0 wheel=40000
2026-07-07T14:52:18.485+00:00 CAN id=101 dlc=8 data=d8cf0400409c0000
2026-07-07T14:52:18.505+00:00 CAN id=101 dlc=8 data=d8cf0400409c0000
2026-07-07T14:52:18.525+00:00 CAN id=101 dlc=8 data=d8cf0400409c0000
2026-07-07T14:52:18.545+00:00 CAN id=101 dlc=8 data=d8cf0400409c0000
2026-07-07T14:52:18.565+00:00 CAN id=101 dlc=8 data=d8cf0400409c0000
2026-07-07T14:52:18.585+00:00 CAN id=101 dlc=8 data=d8cf0400409c0000
2026-07-07T14:52:18.605+00:00 CAN id=101 dlc=8 data=d8cf0400409c0000
2026-07-07T14:52:18.625+00:00 CAN id=101 dlc=8 data=d8cf0400409c0000
2026-07-07T14:52:18.645+00:00 CAN id=101 dlc=8 data=d8cf0400409c0000
2026-07-07T14:52:18.665+00:00 CAN id=101 dlc=8 data=d8cf0400409c0000
2026-07-07T14:52:18.671+00:00 VCP run=1 step=0 angle=314912 target=315352 err=440 steer=0 m1=1266/13750 i1=3 t1=28 m2=-1271/-13750 i2=-150 t2=27 steerMode=0/-817 iSteer=-73510 driveMode=13750/68349 iDrive=76542 scale=0 wheel=40000
2026-07-07T14:52:18.671+00:00 VCP run=1 step=0 angle=314473 target=315352 err=879 steer=440 m1=1144/16168 i1=-3 t1=28 m2=-1095/-11332 i2=-51 t2=27 steerMode=2418/838 iSteer=-27216 driveMode=13750/60042 iDrive=24148 scale=0 wheel=40000
2026-07-07T14:52:18.685+00:00 CAN id=101 dlc=8 data=d8cf0400409c0000
2026-07-07T14:52:18.705+00:00 CAN id=101 dlc=8 data=d8cf0400409c0000
2026-07-07T14:52:18.725+00:00 CAN id=101 dlc=8 data=d8cf0400409c0000
2026-07-07T14:52:18.745+00:00 CAN id=101 dlc=8 data=d8cf0400409c0000
2026-07-07T14:52:18.765+00:00 CAN id=101 dlc=8 data=d8cf0400409c0000
2026-07-07T14:52:18.776+00:00 VCP run=1 step=0 angle=314824 target=315352 err=528 steer=264 m1=887/15201 i1=-33 t1=28 m2=-873/-12299 i2=-34 t2=27 steerMode=1451/40 iSteer=-33164 driveMode=13750/49525 iDrive=653 scale=0 wheel=40000
2026-07-07T14:52:18.785+00:00 CAN id=101 dlc=8 data=d8cf0400409c0000
2026-07-07T14:52:18.805+00:00 CAN id=101 dlc=8 data=d8cf0400409c0000
2026-07-07T14:52:18.825+00:00 CAN id=101 dlc=8 data=d8cf0400409c0000
2026-07-07T14:52:18.845+00:00 CAN id=101 dlc=8 data=d8cf0400409c0000
2026-07-07T14:52:18.865+00:00 CAN id=101 dlc=8 data=d8cf0400409c0000
2026-07-07T14:52:18.878+00:00 VCP run=1 step=0 angle=314824 target=315352 err=528 steer=264 m1=690/15201 i1=-26 t1=28 m2=-718/-12299 i2=-23 t2=27 steerMode=1451/-46 iSteer=-24321 driveMode=13750/38725 iDrive=-1501 scale=0 wheel=40000
2026-07-07T14:52:18.878+00:00 VCP SET_TARGET_RX steer=315352 wheel=40000
2026-07-07T14:52:18.885+00:00 CAN id=101 dlc=8 data=d8cf0400409c0000
2026-07-07T14:52:18.905+00:00 CAN id=101 dlc=8 data=d8cf0400409c0000
2026-07-07T14:52:18.925+00:00 CAN id=101 dlc=8 data=d8cf0400409c0000
2026-07-07T14:52:18.945+00:00 CAN id=101 dlc=8 data=d8cf0400409c0000
2026-07-07T14:52:18.965+00:00 CAN id=101 dlc=8 data=d8cf0400409c0000
2026-07-07T14:52:18.982+00:00 VCP run=1 step=0 angle=314824 target=315352 err=528 steer=264 m1=456/15201 i1=42 t1=28 m2=-517/-12299 i2=8 t2=27 steerMode=1451/-980 iSteer=24873 driveMode=13750/27864 iDrive=17101 scale=0 wheel=40000
2026-07-07T14:52:18.985+00:00 CAN id=101 dlc=8 data=d8cf0400409c0000
2026-07-07T14:52:19.005+00:00 CAN id=101 dlc=8 data=d8cf0400409c0000
2026-07-07T14:52:19.026+00:00 CAN id=101 dlc=8 data=d8cf0400409c0000
2026-07-07T14:52:19.045+00:00 CAN id=101 dlc=8 data=d8cf0400409c0000
2026-07-07T14:52:19.065+00:00 CAN id=101 dlc=8 data=d8cf0400409c0000
2026-07-07T14:52:19.085+00:00 CAN id=101 dlc=8 data=d8cf0400409c0000
2026-07-07T14:52:19.105+00:00 CAN id=101 dlc=8 data=d8cf0400409c0000
2026-07-07T14:52:19.125+00:00 CAN id=101 dlc=8 data=d8cf0400409c0000
2026-07-07T14:52:19.145+00:00 CAN id=101 dlc=8 data=d8cf0400409c0000
2026-07-07T14:52:19.165+00:00 CAN id=101 dlc=8 data=d8cf0400409c0000
2026-07-07T14:52:19.170+00:00 VCP run=1 step=0 angle=314736 target=315352 err=616 steer=308 m1=353/15443 i1=10 t1=28 m2=-300/-12057 i2=-84 t2=27 steerMode=1693/607 iSteer=-37283 driveMode=13750/18472 iDrive=46961 scale=0 wheel=40000
2026-07-07T14:52:19.170+00:00 VCP run=1 step=0 angle=314736 target=315352 err=616 steer=308 m1=240/15443 i1=72 t1=28 m2=-203/-12057 i2=-89 t2=27 steerMode=1693/92 iSteer=-8189 driveMode=13750/11446 iDrive=80480 scale=0 wheel=40000
2026-07-07T14:52:19.185+00:00 CAN id=101 dlc=8 data=d8cf0400409c0000
2026-07-07T14:52:19.205+00:00 CAN id=101 dlc=8 data=d8cf0400409c0000
2026-07-07T14:52:19.225+00:00 CAN id=101 dlc=8 data=d8cf0400409c0000
2026-07-07T14:52:19.245+00:00 CAN id=101 dlc=8 data=d8cf0400409c0000
2026-07-07T14:52:19.265+00:00 CAN id=101 dlc=8 data=d8cf0400409c0000
2026-07-07T14:52:19.275+00:00 VCP run=1 step=0 angle=314824 target=315352 err=528 steer=264 m1=110/15201 i1=95 t1=28 m2=-153/-12299 i2=-126 t2=27 steerMode=1451/67 iSteer=-15606 driveMode=13750/7195 iDrive=110518 scale=0 wheel=40000
2026-07-07T14:52:19.285+00:00 CAN id=101 dlc=8 data=d8cf0400409c0000
2026-07-07T14:52:19.305+00:00 CAN id=101 dlc=8 data=d8cf0400409c0000
2026-07-07T14:52:19.325+00:00 CAN id=101 dlc=8 data=d8cf0400409c0000
2026-07-07T14:52:19.345+00:00 CAN id=101 dlc=8 data=d8cf0400409c0000
2026-07-07T14:52:19.365+00:00 CAN id=101 dlc=8 data=d8cf0400409c0000
2026-07-07T14:52:19.377+00:00 VCP run=1 step=0 angle=314912 target=315352 err=440 steer=0 m1=-30/13750 i1=-69 t1=28 m2=-55/-13750 i2=-50 t2=27 steerMode=0/-463 iSteer=-59392 driveMode=13750/4139 iDrive=-9361 scale=0 wheel=40000
2026-07-07T14:52:19.377+00:00 VCP SET_TARGET_RX steer=315352 wheel=40000
2026-07-07T14:52:19.385+00:00 CAN id=101 dlc=8 data=d8cf0400409c0000
2026-07-07T14:52:19.405+00:00 CAN id=101 dlc=8 data=d8cf0400409c0000
2026-07-07T14:52:19.425+00:00 CAN id=101 dlc=8 data=d8cf0400409c0000
2026-07-07T14:52:19.446+00:00 CAN id=101 dlc=8 data=d8cf0400409c0000
2026-07-07T14:52:19.465+00:00 CAN id=101 dlc=8 data=d8cf0400409c0000
2026-07-07T14:52:19.482+00:00 VCP run=1 step=0 angle=314912 target=315352 err=440 steer=0 m1=6/13750 i1=-41 t1=28 m2=0/-13750 i2=-111 t2=27 steerMode=0/-107 iSteer=-75836 driveMode=13750/4 iDrive=35169 scale=0 wheel=40000
2026-07-07T14:52:19.485+00:00 CAN id=101 dlc=8 data=d8cf0400409c0000
2026-07-07T14:52:19.505+00:00 CAN id=101 dlc=8 data=d8cf0400409c0000
2026-07-07T14:52:19.525+00:00 CAN id=101 dlc=8 data=d8cf0400409c0000
2026-07-07T14:52:19.545+00:00 CAN id=101 dlc=8 data=d8cf0400409c0000
2026-07-07T14:52:19.565+00:00 CAN id=101 dlc=8 data=d8cf0400409c0000
2026-07-07T14:52:19.585+00:00 CAN id=101 dlc=8 data=d8cf0400409c0000
2026-07-07T14:52:19.605+00:00 CAN id=101 dlc=8 data=d8cf0400409c0000
2026-07-07T14:52:19.625+00:00 CAN id=101 dlc=8 data=d8cf0400409c0000
2026-07-07T14:52:19.645+00:00 CAN id=101 dlc=8 data=d8cf0400409c0000
2026-07-07T14:52:19.665+00:00 CAN id=101 dlc=8 data=d8cf0400409c0000
2026-07-07T14:52:19.672+00:00 VCP run=1 step=0 angle=314912 target=315352 err=440 steer=0 m1=0/13750 i1=-20 t1=28 m2=0/-13750 i2=-142 t2=27 steerMode=0/-1 iSteer=-81085 driveMode=13750/0 iDrive=60737 scale=0 wheel=40000
2026-07-07T14:52:19.672+00:00 VCP run=1 step=0 angle=314912 target=315352 err=440 steer=0 m1=0/13750 i1=6 t1=28 m2=0/-13750 i2=-168 t2=27 steerMode=0/-1 iSteer=-81069 driveMode=13750/1 iDrive=86576 scale=0 wheel=40000
2026-07-07T14:52:19.685+00:00 CAN id=101 dlc=8 data=d8cf0400409c0000
2026-07-07T14:52:19.705+00:00 CAN id=101 dlc=8 data=d8cf0400409c0000
2026-07-07T14:52:19.725+00:00 CAN id=101 dlc=8 data=d8cf0400409c0000
2026-07-07T14:52:19.745+00:00 CAN id=101 dlc=8 data=d8cf0400409c0000
2026-07-07T14:52:19.765+00:00 CAN id=101 dlc=8 data=d8cf0400409c0000
2026-07-07T14:52:19.778+00:00 VCP run=1 step=0 angle=314912 target=315352 err=440 steer=0 m1=0/13750 i1=31 t1=28 m2=0/-13750 i2=-193 t2=27 steerMode=0/-2 iSteer=-80984 driveMode=13750/2 iDrive=112401 scale=0 wheel=40000
2026-07-07T14:52:19.785+00:00 CAN id=101 dlc=8 data=d8cf0400409c0000
2026-07-07T14:52:19.805+00:00 CAN id=101 dlc=8 data=d8cf0400409c0000
2026-07-07T14:52:19.825+00:00 CAN id=101 dlc=8 data=d8cf0400409c0000
2026-07-07T14:52:19.845+00:00 CAN id=101 dlc=8 data=d8cf0400409c0000
2026-07-07T14:52:19.865+00:00 CAN id=101 dlc=8 data=d8cf0400409c0000
2026-07-07T14:52:19.881+00:00 VCP run=1 step=0 angle=314912 target=315352 err=440 steer=0 m1=0/13750 i1=58 t1=28 m2=-3/-13750 i2=-218 t2=27 steerMode=0/-30 iSteer=-79615 driveMode=13750/30 iDrive=138111 scale=0 wheel=40000
2026-07-07T14:52:19.881+00:00 VCP SET_TARGET_RX steer=315352 wheel=40000
2026-07-07T14:52:19.885+00:00 CAN id=101 dlc=8 data=d8cf0400409c0000
2026-07-07T14:52:19.905+00:00 CAN id=101 dlc=8 data=d8cf0400409c0000
2026-07-07T14:52:19.925+00:00 CAN id=101 dlc=8 data=d8cf0400409c0000
2026-07-07T14:52:19.945+00:00 CAN id=101 dlc=8 data=d8cf0400409c0000
2026-07-07T14:52:19.965+00:00 CAN id=101 dlc=8 data=d8cf0400409c0000
2026-07-07T14:52:19.985+00:00 CAN id=101 dlc=8 data=d8cf0400409c0000
2026-07-07T14:52:20.005+00:00 CAN id=101 dlc=8 data=d8cf0400409c0000
2026-07-07T14:52:20.025+00:00 CAN id=101 dlc=8 data=d8cf0400409c0000
2026-07-07T14:52:20.045+00:00 CAN id=101 dlc=8 data=d8cf0400409c0000
2026-07-07T14:52:20.065+00:00 CAN id=101 dlc=8 data=d8cf0400409c0000
2026-07-07T14:52:20.069+00:00 VCP run=1 step=0 angle=314912 target=315352 err=440 steer=0 m1=0/13750 i1=83 t1=28 m2=0/-13750 i2=-245 t2=27 steerMode=0/-10 iSteer=-80573 driveMode=13750/10 iDrive=164041 scale=0 wheel=40000
2026-07-07T14:52:20.069+00:00 VCP run=1 step=0 angle=314912 target=315352 err=440 steer=0 m1=0/13750 i1=110 t1=28 m2=-3/-13750 i2=-269 t2=27 steerMode=0/-35 iSteer=-79305 driveMode=13750/35 iDrive=189478 scale=0 wheel=40000
2026-07-07T14:52:20.085+00:00 CAN id=101 dlc=8 data=d8cf0400409c0000
2026-07-07T14:52:20.105+00:00 CAN id=101 dlc=8 data=d8cf0400409c0000
2026-07-07T14:52:20.125+00:00 CAN id=101 dlc=8 data=d8cf0400409c0000
2026-07-07T14:52:20.145+00:00 CAN id=101 dlc=8 data=d8cf0400409c0000
2026-07-07T14:52:20.165+00:00 CAN id=101 dlc=8 data=d8cf0400409c0000
2026-07-07T14:52:20.175+00:00 VCP run=1 step=0 angle=314912 target=315352 err=440 steer=0 m1=0/13750 i1=135 t1=28 m2=0/-13750 i2=-296 t2=27 steerMode=0/-2 iSteer=-80929 driveMode=13750/2 iDrive=215473 scale=0 wheel=40000
2026-07-07T14:52:20.185+00:00 CAN id=101 dlc=8 data=d8cf0400409c0000
2026-07-07T14:52:20.205+00:00 CAN id=101 dlc=8 data=d8cf0400409c0000
2026-07-07T14:52:20.225+00:00 CAN id=101 dlc=8 data=d8cf0400409c0000
2026-07-07T14:52:20.245+00:00 CAN id=101 dlc=8 data=d8cf0400409c0000
2026-07-07T14:52:20.265+00:00 CAN id=101 dlc=8 data=d8cf0400409c0000
2026-07-07T14:52:20.281+00:00 VCP run=1 step=0 angle=314912 target=315352 err=440 steer=0 m1=0/13750 i1=161 t1=28 m2=0/-13750 i2=-321 t2=27 steerMode=0/-19 iSteer=-79995 driveMode=13750/19 iDrive=241205 scale=0 wheel=40000
2026-07-07T14:52:20.285+00:00 CAN id=101 dlc=8 data=d8cf0400409c0000
2026-07-07T14:52:20.305+00:00 CAN id=101 dlc=8 data=d8cf0400409c0000
2026-07-07T14:52:20.325+00:00 CAN id=101 dlc=8 data=d8cf0400409c0000
2026-07-07T14:52:20.345+00:00 CAN id=101 dlc=8 data=d8cf0400409c0000
2026-07-07T14:52:20.365+00:00 CAN id=101 dlc=8 data=d8cf0400409c0000
2026-07-07T14:52:20.384+00:00 VCP run=1 step=0 angle=314912 target=315352 err=440 steer=0 m1=0/13750 i1=186 t1=28 m2=0/-13750 i2=-348 t2=27 steerMode=0/-3 iSteer=-80795 driveMode=13750/2 iDrive=267117 scale=0 wheel=40000
2026-07-07T14:52:20.384+00:00 VCP SET_TARGET_RX steer=315352 wheel=40000
2026-07-07T14:52:20.385+00:00 CAN id=101 dlc=8 data=d8cf0400409c0000
2026-07-07T14:52:20.405+00:00 CAN id=101 dlc=8 data=d8cf0400409c0000
2026-07-07T14:52:20.425+00:00 CAN id=101 dlc=8 data=d8cf0400409c0000
2026-07-07T14:52:20.445+00:00 CAN id=101 dlc=8 data=d8cf0400409c0000
2026-07-07T14:52:20.465+00:00 CAN id=101 dlc=8 data=d8cf0400409c0000
2026-07-07T14:52:20.485+00:00 CAN id=101 dlc=8 data=d8cf0400409c0000
2026-07-07T14:52:20.505+00:00 CAN id=101 dlc=8 data=d8cf0400409c0000
2026-07-07T14:52:20.525+00:00 CAN id=101 dlc=8 data=d8cf0400409c0000
2026-07-07T14:52:20.545+00:00 CAN id=101 dlc=8 data=d8cf0400409c0000
2026-07-07T14:52:20.565+00:00 CAN id=101 dlc=8 data=d8cf0400409c0000
2026-07-07T14:52:20.572+00:00 VCP run=1 step=0 angle=314912 target=315352 err=440 steer=0 m1=0/13750 i1=243 t1=28 m2=-70/-13750 i2=-337 t2=27 steerMode=0/-676 iSteer=-46907 driveMode=13750/676 iDrive=289713 scale=0 wheel=40000
2026-07-07T14:52:20.572+00:00 VCP run=1 step=0 angle=314385 target=315352 err=967 steer=484 m1=-7/16410 i1=467 t1=28 m2=-30/-11090 i2=-139 t2=27 steerMode=2660/-2012 iSteer=163903 driveMode=13750/2165 iDrive=302942 scale=0 wheel=40000
2026-07-07T14:52:20.585+00:00 CAN id=101 dlc=8 data=d8cf0400409c0000
2026-07-07T14:52:20.605+00:00 CAN id=101 dlc=8 data=d8cf0400409c0000
2026-07-07T14:52:20.625+00:00 CAN id=101 dlc=8 data=d8cf0400409c0000
2026-07-07T14:52:20.645+00:00 CAN id=101 dlc=8 data=d8cf0400409c0000
2026-07-07T14:52:20.665+00:00 CAN id=101 dlc=8 data=d8cf0400409c0000
2026-07-07T14:52:20.677+00:00 VCP run=1 step=0 angle=314297 target=315352 err=1055 steer=528 m1=0/16652 i1=425 t1=28 m2=0/-10848 i2=-251 t2=27 steerMode=2902/-36 iSteer=86779 driveMode=13750/30 iDrive=338261 scale=0 wheel=40000
2026-07-07T14:52:20.685+00:00 CAN id=101 dlc=8 data=d8cf0400409c0000
2026-07-07T14:52:20.705+00:00 CAN id=101 dlc=8 data=d8cf0400409c0000
2026-07-07T14:52:20.725+00:00 CAN id=101 dlc=8 data=d8cf0400409c0000
2026-07-07T14:52:20.745+00:00 CAN id=101 dlc=8 data=d8cf0400409c0000
2026-07-07T14:52:20.765+00:00 CAN id=101 dlc=8 data=d8cf0400409c0000
2026-07-07T14:52:20.783+00:00 VCP run=1 step=0 angle=314297 target=315352 err=1055 steer=528 m1=0/16652 i1=457 t1=28 m2=0/-10848 i2=-271 t2=27 steerMode=2902/0 iSteer=93211 driveMode=13750/0 iDrive=364247 scale=0 wheel=40000
2026-07-07T14:52:20.785+00:00 CAN id=101 dlc=8 data=d8cf0400409c0000
2026-07-07T14:52:20.805+00:00 CAN id=101 dlc=8 data=d8cf0400409c0000
2026-07-07T14:52:20.825+00:00 CAN id=101 dlc=8 data=d8cf0400409c0000
2026-07-07T14:52:20.845+00:00 CAN id=101 dlc=8 data=d8cf0400409c0000
2026-07-07T14:52:20.865+00:00 CAN id=101 dlc=8 data=d8cf0400409c0000
2026-07-07T14:52:20.885+00:00 CAN id=101 dlc=8 data=d8cf0400409c0000
2026-07-07T14:52:20.885+00:00 VCP run=1 step=0 angle=314297 target=315352 err=1055 steer=528 m1=0/16652 i1=492 t1=28 m2=0/-10848 i2=-288 t2=27 steerMode=2902/-12 iSteer=101981 driveMode=13750/12 iDrive=390036 scale=0 wheel=40000
2026-07-07T14:52:20.885+00:00 VCP SET_TARGET_RX steer=315352 wheel=40000
2026-07-07T14:52:20.905+00:00 CAN id=101 dlc=8 data=d8cf0400409c0000
2026-07-07T14:52:20.925+00:00 CAN id=101 dlc=8 data=d8cf0400409c0000
2026-07-07T14:52:20.945+00:00 CAN id=101 dlc=8 data=d8cf0400409c0000
2026-07-07T14:52:20.965+00:00 CAN id=101 dlc=8 data=d8cf0400409c0000
2026-07-07T14:52:20.985+00:00 CAN id=101 dlc=8 data=d8cf0400409c0000
2026-07-07T14:52:21.005+00:00 CAN id=101 dlc=8 data=d8cf0400409c0000
2026-07-07T14:52:21.025+00:00 CAN id=101 dlc=8 data=d8cf0400409c0000
2026-07-07T14:52:21.045+00:00 CAN id=101 dlc=8 data=d8cf0400409c0000
2026-07-07T14:52:21.065+00:00 CAN id=101 dlc=8 data=d8cf0400409c0000
2026-07-07T14:52:21.073+00:00 VCP run=1 step=0 angle=314297 target=315352 err=1055 steer=528 m1=0/16652 i1=525 t1=28 m2=0/-10848 i2=-306 t2=27 steerMode=2902/0 iSteer=109486 driveMode=13750/0 iDrive=415666 scale=0 wheel=40000
2026-07-07T14:52:21.073+00:00 VCP run=1 step=0 angle=314297 target=315352 err=1055 steer=528 m1=0/16652 i1=560 t1=28 m2=0/-10848 i2=-323 t2=27 steerMode=2902/-13 iSteer=118277 driveMode=13750/-9 iDrive=441261 scale=0 wheel=40000
2026-07-07T14:52:21.085+00:00 CAN id=101 dlc=8 data=d8cf0400409c0000
2026-07-07T14:52:21.105+00:00 CAN id=101 dlc=8 data=d8cf0400409c0000
2026-07-07T14:52:21.125+00:00 CAN id=101 dlc=8 data=d8cf0400409c0000
2026-07-07T14:52:21.145+00:00 CAN id=101 dlc=8 data=d8cf0400409c0000
2026-07-07T14:52:21.165+00:00 CAN id=101 dlc=8 data=d8cf0400409c0000
2026-07-07T14:52:21.178+00:00 VCP run=1 step=0 angle=314297 target=315352 err=1055 steer=528 m1=0/16652 i1=593 t1=28 m2=0/-10848 i2=-341 t2=27 steerMode=2902/-2 iSteer=125840 driveMode=13750/2 iDrive=466778 scale=0 wheel=40000
2026-07-07T14:52:21.185+00:00 CAN id=101 dlc=8 data=d8cf0400409c0000
2026-07-07T14:52:21.205+00:00 CAN id=101 dlc=8 data=d8cf0400409c0000
2026-07-07T14:52:21.225+00:00 CAN id=101 dlc=8 data=d8cf0400409c0000
2026-07-07T14:52:21.245+00:00 CAN id=101 dlc=8 data=d8cf0400409c0000
2026-07-07T14:52:21.265+00:00 CAN id=101 dlc=8 data=d8cf0400409c0000
2026-07-07T14:52:21.283+00:00 VCP run=1 step=0 angle=314297 target=315352 err=1055 steer=528 m1=0/16652 i1=627 t1=28 m2=0/-10848 i2=-359 t2=27 steerMode=2902/-1 iSteer=133961 driveMode=13750/4 iDrive=492593 scale=0 wheel=40000
2026-07-07T14:52:21.285+00:00 CAN id=101 dlc=8 data=d8cf0400409c0000
2026-07-07T14:52:21.305+00:00 CAN id=101 dlc=8 data=d8cf0400409c0000
2026-07-07T14:52:21.325+00:00 CAN id=101 dlc=8 data=d8cf0400409c0000
2026-07-07T14:52:21.345+00:00 CAN id=101 dlc=8 data=d8cf0400409c0000
2026-07-07T14:52:21.365+00:00 CAN id=101 dlc=8 data=d8cf0400409c0000
2026-07-07T14:52:21.385+00:00 CAN id=101 dlc=8 data=d8cf0400409c0000
2026-07-07T14:52:21.405+00:00 CAN id=101 dlc=8 data=d8cf0400409c0000
2026-07-07T14:52:21.425+00:00 CAN id=101 dlc=8 data=d8cf0400409c0000
2026-07-07T14:52:21.445+00:00 CAN id=101 dlc=8 data=d8cf0400409c0000
2026-07-07T14:52:21.465+00:00 CAN id=101 dlc=8 data=d8cf0400409c0000
2026-07-07T14:52:21.468+00:00 VCP run=1 step=0 angle=314297 target=315352 err=1055 steer=528 m1=0/16652 i1=661 t1=28 m2=0/-10848 i2=-376 t2=27 steerMode=2902/-1 iSteer=142165 driveMode=13750/3 iDrive=518425 scale=0 wheel=40000
2026-07-07T14:52:21.468+00:00 VCP SET_TARGET_RX steer=315352 wheel=40000
2026-07-07T14:52:21.468+00:00 VCP run=1 step=0 angle=314297 target=315352 err=1055 steer=528 m1=0/16652 i1=696 t1=28 m2=-3/-10848 i2=-392 t2=27 steerMode=2902/-31 iSteer=151854 driveMode=13750/32 iDrive=544122 scale=0 wheel=40000
2026-07-07T14:52:21.485+00:00 CAN id=101 dlc=8 data=d8cf0400409c0000
2026-07-07T14:52:21.505+00:00 CAN id=101 dlc=8 data=d8cf0400409c0000
2026-07-07T14:52:21.525+00:00 CAN id=101 dlc=8 data=d8cf0400409c0000
2026-07-07T14:52:21.545+00:00 CAN id=101 dlc=8 data=d8cf0400409c0000
2026-07-07T14:52:21.565+00:00 CAN id=101 dlc=8 data=d8cf0400409c0000
2026-07-07T14:52:21.573+00:00 VCP run=1 step=0 angle=314297 target=315352 err=1055 steer=528 m1=2/16652 i1=729 t1=28 m2=0/-10848 i2=-411 t2=27 steerMode=2902/-10 iSteer=158960 driveMode=13750/33 iDrive=569654 scale=0 wheel=40000
2026-07-07T14:52:21.585+00:00 CAN id=101 dlc=8 data=d8cf0400409c0000
2026-07-07T14:52:21.605+00:00 CAN id=101 dlc=8 data=d8cf0400409c0000
2026-07-07T14:52:21.625+00:00 CAN id=101 dlc=8 data=d8cf0400409c0000
2026-07-07T14:52:21.645+00:00 CAN id=101 dlc=8 data=d8cf0400409c0000
2026-07-07T14:52:21.665+00:00 CAN id=101 dlc=8 data=d8cf0400409c0000
2026-07-07T14:52:21.678+00:00 VCP run=1 step=0 angle=314297 target=315352 err=1055 steer=528 m1=-3/16652 i1=764 t1=28 m2=-3/-10848 i2=-426 t2=27 steerMode=2902/-40 iSteer=168612 driveMode=13750/55 iDrive=595075 scale=0 wheel=40000
2026-07-07T14:52:21.685+00:00 CAN id=101 dlc=8 data=d8cf0400409c0000
2026-07-07T14:52:21.705+00:00 CAN id=101 dlc=8 data=d8cf0400409c0000
2026-07-07T14:52:21.725+00:00 CAN id=101 dlc=8 data=d8cf0400409c0000
2026-07-07T14:52:21.745+00:00 CAN id=101 dlc=8 data=d8cf0400409c0000
2026-07-07T14:52:21.765+00:00 CAN id=101 dlc=8 data=d8cf0400409c0000
2026-07-07T14:52:21.783+00:00 VCP run=1 step=0 angle=313945 target=315352 err=1407 steer=703 m1=2/17618 i1=934 t1=28 m2=-95/-9882 i2=-285 t2=27 steerMode=3868/-1998 iSteer=324898 driveMode=13750/2084 iDrive=609430 scale=0 wheel=40000
2026-07-07T14:52:21.785+00:00 CAN id=101 dlc=8 data=d8cf0400409c0000
2026-07-07T14:52:21.805+00:00 CAN id=101 dlc=8 data=d8cf0400409c0000
2026-07-07T14:52:21.825+00:00 CAN id=101 dlc=8 data=d8cf0400409c0000
2026-07-07T14:52:21.845+00:00 CAN id=101 dlc=8 data=d8cf0400409c0000
2026-07-07T14:52:21.865+00:00 CAN id=101 dlc=8 data=d8cf0400409c0000
2026-07-07T14:52:21.885+00:00 CAN id=101 dlc=8 data=d8cf0400409c0000
2026-07-07T14:52:21.885+00:00 VCP run=1 step=0 angle=314385 target=315352 err=967 steer=484 m1=682/16410 i1=469 t1=28 m2=-365/-11090 i2=-880 t2=27 steerMode=2660/7607 iSteer=-205315 driveMode=13750/20859 iDrive=674363 scale=0 wheel=40000
2026-07-07T14:52:21.885+00:00 VCP SET_TARGET_RX steer=315352 wheel=40000
2026-07-07T14:52:21.905+00:00 CAN id=101 dlc=8 data=d8cf0400409c0000
2026-07-07T14:52:21.925+00:00 CAN id=101 dlc=8 data=d8cf0400409c0000
2026-07-07T14:52:21.945+00:00 CAN id=101 dlc=8 data=d8cf0400409c0000
2026-07-07T14:52:21.965+00:00 CAN id=101 dlc=8 data=d8cf0400409c0000
2026-07-07T14:52:21.985+00:00 CAN id=101 dlc=8 data=d8cf0400409c0000
2026-07-07T14:52:22.005+00:00 CAN id=101 dlc=8 data=d8cf0400409c0000
2026-07-07T14:52:22.025+00:00 CAN id=101 dlc=8 data=d8cf0400409c0000
2026-07-07T14:52:22.045+00:00 CAN id=101 dlc=8 data=d8cf0400409c0000
2026-07-07T14:52:22.065+00:00 CAN id=101 dlc=8 data=d8cf0400409c0000
2026-07-07T14:52:22.071+00:00 VCP run=1 step=0 angle=315527 target=315352 err=-175 steer=0 m1=941/13750 i1=500 t1=28 m2=-892/-13750 i2=-523 t2=27 steerMode=0/845 iSteer=-11371 driveMode=13750/45665 iDrive=511452 scale=0 wheel=40000
2026-07-07T14:52:22.071+00:00 VCP run=1 step=0 angle=316055 target=315352 err=-703 steer=-351 m1=1205/11818 i1=243 t1=28 m2=-1223/-15682 i2=-480 t2=27 steerMode=-1932/976 iSteer=-118831 driveMode=13750/60745 iDrive=361576 scale=0 wheel=40000
2026-07-07T14:52:22.085+00:00 CAN id=101 dlc=8 data=d8cf0400409c0000
2026-07-07T14:52:22.105+00:00 CAN id=101 dlc=8 data=d8cf0400409c0000
2026-07-07T14:52:22.125+00:00 CAN id=101 dlc=8 data=d8cf0400409c0000
2026-07-07T14:52:22.145+00:00 CAN id=101 dlc=8 data=d8cf0400409c0000
2026-07-07T14:52:22.165+00:00 CAN id=101 dlc=8 data=d8cf0400409c0000
2026-07-07T14:52:22.175+00:00 VCP run=1 step=0 angle=315967 target=315352 err=-615 steer=-307 m1=1286/12059 i1=228 t1=28 m2=-1323/-15441 i2=-233 t2=27 steerMode=-1691/-1173 iSteer=-2521 driveMode=13750/67978 iDrive=230767 scale=0 wheel=40000
2026-07-07T14:52:22.185+00:00 CAN id=101 dlc=8 data=d8cf0400409c0000
2026-07-07T14:52:22.205+00:00 CAN id=101 dlc=8 data=d8cf0400409c0000
2026-07-07T14:52:22.225+00:00 CAN id=101 dlc=8 data=d8cf0400409c0000
2026-07-07T14:52:22.245+00:00 CAN id=101 dlc=8 data=d8cf0400409c0000
2026-07-07T14:52:22.265+00:00 CAN id=101 dlc=8 data=d8cf0400409c0000
2026-07-07T14:52:22.280+00:00 VCP run=1 step=0 angle=315615 target=315352 err=-263 steer=0 m1=1320/13750 i1=98 t1=28 m2=-1220/-13750 i2=-162 t2=27 steerMode=0/1091 iSteer=-32151 driveMode=13750/68004 iDrive=130070 scale=0 wheel=40000
2026-07-07T14:52:22.285+00:00 CAN id=101 dlc=8 data=d8cf0400409c0000
2026-07-07T14:52:22.305+00:00 CAN id=101 dlc=8 data=d8cf0400409c0000
2026-07-07T14:52:22.325+00:00 CAN id=101 dlc=8 data=d8cf0400409c0000
2026-07-07T14:52:22.345+00:00 CAN id=101 dlc=8 data=d8cf0400409c0000
2026-07-07T14:52:22.365+00:00 CAN id=101 dlc=8 data=d8cf0400409c0000
2026-07-07T14:52:22.381+00:00 VCP run=1 step=0 angle=316055 target=315352 err=-703 steer=-351 m1=1125/11818 i1=-6 t1=28 m2=-1145/-15682 i2=-137 t2=27 steerMode=-1932/-157 iSteer=-71547 driveMode=13750/61700 iDrive=65391 scale=0 wheel=40000
2026-07-07T14:52:22.381+00:00 VCP SET_TARGET_RX steer=315352 wheel=40000
2026-07-07T14:52:22.385+00:00 CAN id=101 dlc=8 data=d8cf0400409c0000
2026-07-07T14:52:22.405+00:00 CAN id=101 dlc=8 data=d8cf0400409c0000
2026-07-07T14:52:22.425+00:00 CAN id=101 dlc=8 data=d8cf0400409c0000
2026-07-07T14:52:22.445+00:00 CAN id=101 dlc=8 data=d8cf0400409c0000
2026-07-07T14:52:22.465+00:00 CAN id=101 dlc=8 data=d8cf0400409c0000
2026-07-07T14:52:22.485+00:00 CAN id=101 dlc=8 data=d8cf0400409c0000
2026-07-07T14:52:22.486+00:00 VCP run=1 step=0 angle=316143 target=315352 err=-791 steer=-395 m1=895/11576 i1=-27 t1=28 m2=-934/-15924 i2=-114 t2=27 steerMode=-2174/-507 iSteer=-70542 driveMode=13750/50224 iDrive=43410 scale=0 wheel=40000
2026-07-07T14:52:22.505+00:00 CAN id=101 dlc=8 data=d8cf0400409c0000
2026-07-07T14:52:22.525+00:00 CAN id=101 dlc=8 data=d8cf0400409c0000
2026-07-07T14:52:22.545+00:00 CAN id=101 dlc=8 data=d8cf0400409c0000
2026-07-07T14:52:22.565+00:00 CAN id=101 dlc=8 data=d8cf0400409c0000
2026-07-07T14:52:22.585+00:00 CAN id=101 dlc=8 data=d8cf0400409c0000
2026-07-07T14:52:22.605+00:00 CAN id=101 dlc=8 data=d8cf0400409c0000
2026-07-07T14:52:22.625+00:00 CAN id=101 dlc=8 data=d8cf0400409c0000
2026-07-07T14:52:22.645+00:00 CAN id=101 dlc=8 data=d8cf0400409c0000
2026-07-07T14:52:22.665+00:00 CAN id=101 dlc=8 data=d8cf0400409c0000
2026-07-07T14:52:22.673+00:00 VCP run=1 step=0 angle=315967 target=315352 err=-615 steer=-307 m1=721/12059 i1=-11 t1=28 m2=-729/-15441 i2=-88 t2=27 steerMode=-1691/-507 iSteer=-49576 driveMode=13750/39634 iDrive=38715 scale=0 wheel=40000
2026-07-07T14:52:22.673+00:00 VCP run=1 step=0 angle=315703 target=315352 err=-351 steer=0 m1=573/13750 i1=12 t1=28 m2=-503/-13750 i2=-78 t2=27 steerMode=0/847 iSteer=-33361 driveMode=13750/30537 iDrive=44954 scale=0 wheel=40000
2026-07-07T14:52:22.685+00:00 CAN id=101 dlc=8 data=d8cf0400409c0000
2026-07-07T14:52:22.705+00:00 CAN id=101 dlc=8 data=d8cf0400409c0000
2026-07-07T14:52:22.725+00:00 CAN id=101 dlc=8 data=d8cf0400409c0000
2026-07-07T14:52:22.745+00:00 CAN id=101 dlc=8 data=d8cf0400409c0000
2026-07-07T14:52:22.765+00:00 CAN id=101 dlc=8 data=d8cf0400409c0000
2026-07-07T14:52:22.777+00:00 VCP run=1 step=0 angle=315879 target=315352 err=-527 steer=-263 m1=405/12301 i1=1 t1=28 m2=-419/-15199 i2=-121 t2=27 steerMode=-1449/-148 iSteer=-60339 driveMode=13750/22678 iDrive=61095 scale=0 wheel=40000
2026-07-07T14:52:22.785+00:00 CAN id=101 dlc=8 data=d8cf0400409c0000
2026-07-07T14:52:22.805+00:00 CAN id=101 dlc=8 data=d8cf0400409c0000
2026-07-07T14:52:22.825+00:00 CAN id=101 dlc=8 data=d8cf0400409c0000
2026-07-07T14:52:22.845+00:00 CAN id=101 dlc=8 data=d8cf0400409c0000
2026-07-07T14:52:22.865+00:00 CAN id=101 dlc=8 data=d8cf0400409c0000
2026-07-07T14:52:22.879+00:00 VCP run=1 step=0 angle=315703 target=315352 err=-351 steer=0 m1=330/13750 i1=61 t1=28 m2=-304/-13750 i2=-102 t2=27 steerMode=0/517 iSteer=-20544 driveMode=13750/16480 iDrive=81920 scale=0 wheel=40000
2026-07-07T14:52:22.879+00:00 VCP SET_TARGET_RX steer=315352 wheel=40000
2026-07-07T14:52:22.885+00:00 CAN id=101 dlc=8 data=d8cf0400409c0000
2026-07-07T14:52:22.905+00:00 CAN id=101 dlc=8 data=d8cf0400409c0000
2026-07-07T14:52:22.925+00:00 CAN id=101 dlc=8 data=d8cf0400409c0000
2026-07-07T14:52:22.945+00:00 CAN id=101 dlc=8 data=d8cf0400409c0000
2026-07-07T14:52:22.965+00:00 CAN id=101 dlc=8 data=d8cf0400409c0000
2026-07-07T14:52:22.984+00:00 VCP run=1 step=0 angle=315791 target=315352 err=-439 steer=0 m1=221/13750 i1=85 t1=28 m2=-224/-13750 i2=-120 t2=27 steerMode=0/443 iSteer=-17788 driveMode=13750/12157 iDrive=102482 scale=0 wheel=40000
2026-07-07T14:52:22.985+00:00 CAN id=101 dlc=8 data=d8cf0400409c0000
2026-07-07T14:52:23.005+00:00 CAN id=101 dlc=8 data=d8cf0400409c0000
2026-07-07T14:52:23.025+00:00 CAN id=101 dlc=8 data=d8cf0400409c0000
2026-07-07T14:52:23.045+00:00 CAN id=101 dlc=8 data=d8cf0400409c0000
2026-07-07T14:52:23.065+00:00 CAN id=101 dlc=8 data=d8cf0400409c0000
2026-07-07T14:52:23.085+00:00 CAN id=101 dlc=8 data=d8cf0400409c0000
2026-07-07T14:52:23.105+00:00 CAN id=101 dlc=8 data=d8cf0400409c0000
2026-07-07T14:52:23.125+00:00 CAN id=101 dlc=8 data=d8cf0400409c0000
2026-07-07T14:52:23.145+00:00 CAN id=101 dlc=8 data=d8cf0400409c0000
2026-07-07T14:52:23.165+00:00 CAN id=101 dlc=8 data=d8cf0400409c0000
2026-07-07T14:52:23.171+00:00 VCP run=1 step=0 angle=315791 target=315352 err=-439 steer=0 m1=163/13750 i1=148 t1=28 m2=-206/-13750 i2=-106 t2=27 steerMode=0/-366 iSteer=21039 driveMode=13750/8585 iDrive=127029 scale=0 wheel=40000
2026-07-07T14:52:23.171+00:00 VCP run=1 step=0 angle=315879 target=315352 err=-527 steer=-263 m1=115/12301 i1=56 t1=28 m2=-111/-15199 i2=-227 t2=27 steerMode=-1449/291 iSteer=-85410 driveMode=13750/7803 iDrive=141544 scale=0 wheel=40000
2026-07-07T14:52:23.185+00:00 CAN id=101 dlc=8 data=d8cf0400409c0000
2026-07-07T14:52:23.205+00:00 CAN id=101 dlc=8 data=d8cf0400409c0000
2026-07-07T14:52:23.225+00:00 CAN id=101 dlc=8 data=d8cf0400409c0000
2026-07-07T14:52:23.245+00:00 CAN id=101 dlc=8 data=d8cf0400409c0000
2026-07-07T14:52:23.265+00:00 CAN id=101 dlc=8 data=d8cf0400409c0000
2026-07-07T14:52:23.276+00:00 VCP run=1 step=0 angle=315527 target=315352 err=-175 steer=0 m1=113/13750 i1=199 t1=28 m2=-90/-13750 i2=-124 t2=27 steerMode=0/-702 iSteer=37136 driveMode=13750/6328 iDrive=161558 scale=0 wheel=40000
2026-07-07T14:52:23.285+00:00 CAN id=101 dlc=8 data=d8cf0400409c0000
2026-07-07T14:52:23.305+00:00 CAN id=101 dlc=8 data=d8cf0400409c0000
2026-07-07T14:52:23.325+00:00 CAN id=101 dlc=8 data=d8cf0400409c0000
2026-07-07T14:52:23.345+00:00 CAN id=101 dlc=8 data=d8cf0400409c0000
2026-07-07T14:52:23.365+00:00 CAN id=101 dlc=8 data=d8cf0400409c0000
2026-07-07T14:52:23.378+00:00 VCP run=1 step=0 angle=315703 target=315352 err=-351 steer=0 m1=117/13750 i1=148 t1=28 m2=-105/-13750 i2=-189 t2=27 steerMode=0/434 iSteer=-20549 driveMode=13750/7454 iDrive=168744 scale=0 wheel=40000
2026-07-07T14:52:23.378+00:00 VCP SET_TARGET_RX steer=315352 wheel=40000
2026-07-07T14:52:23.385+00:00 CAN id=101 dlc=8 data=d8cf0400409c0000
2026-07-07T14:52:23.405+00:00 CAN id=101 dlc=8 data=d8cf0400409c0000
2026-07-07T14:52:23.425+00:00 CAN id=101 dlc=8 data=d8cf0400409c0000
2026-07-07T14:52:23.445+00:00 CAN id=101 dlc=8 data=d8cf0400409c0000
2026-07-07T14:52:23.465+00:00 CAN id=101 dlc=8 data=d8cf0400409c0000
2026-07-07T14:52:23.482+00:00 VCP run=1 step=0 angle=315879 target=315352 err=-527 steer=-263 m1=152/12301 i1=81 t1=28 m2=-178/-15199 i2=-278 t2=27 steerMode=-1449/511 iSteer=-98617 driveMode=13750/7649 iDrive=179407 scale=0 wheel=40000
2026-07-07T14:52:23.485+00:00 CAN id=101 dlc=8 data=d8cf0400409c0000
2026-07-07T14:52:23.505+00:00 CAN id=101 dlc=8 data=d8cf0400409c0000
2026-07-07T14:52:23.525+00:00 CAN id=101 dlc=8 data=d8cf0400409c0000
2026-07-07T14:52:23.545+00:00 CAN id=101 dlc=8 data=d8cf0400409c0000
2026-07-07T14:52:23.565+00:00 CAN id=101 dlc=8 data=d8cf0400409c0000
2026-07-07T14:52:23.585+00:00 CAN id=101 dlc=8 data=d8cf0400409c0000
2026-07-07T14:52:23.605+00:00 CAN id=101 dlc=8 data=d8cf0400409c0000
2026-07-07T14:52:23.625+00:00 CAN id=101 dlc=8 data=d8cf0400409c0000
2026-07-07T14:52:23.645+00:00 CAN id=101 dlc=8 data=d8cf0400409c0000
2026-07-07T14:52:23.665+00:00 CAN id=101 dlc=8 data=d8cf0400409c0000
2026-07-07T14:52:23.669+00:00 VCP run=1 step=0 angle=315703 target=315352 err=-351 steer=0 m1=190/13750 i1=195 t1=28 m2=-183/-13750 i2=-167 t2=27 steerMode=0/-267 iSteer=13962 driveMode=13750/9214 iDrive=180857 scale=0 wheel=40000
2026-07-07T14:52:23.669+00:00 VCP run=1 step=0 angle=315879 target=315352 err=-527 steer=-263 m1=209/12301 i1=150 t1=28 m2=-264/-15199 i2=-214 t2=27 steerMode=-1449/-861 iSteer=-31848 driveMode=13750/10493 iDrive=182036 scale=0 wheel=40000
2026-07-07T14:52:23.685+00:00 CAN id=101 dlc=8 data=d8cf0400409c0000
2026-07-07T14:52:23.705+00:00 CAN id=101 dlc=8 data=d8cf0400409c0000
2026-07-07T14:52:23.725+00:00 CAN id=101 dlc=8 data=d8cf0400409c0000
2026-07-07T14:52:23.745+00:00 CAN id=101 dlc=8 data=d8cf0400409c0000
2026-07-07T14:52:23.765+00:00 CAN id=101 dlc=8 data=d8cf0400409c0000
2026-07-07T14:52:23.774+00:00 VCP run=1 step=0 angle=315791 target=315352 err=-439 steer=0 m1=226/13750 i1=212 t1=28 m2=-245/-13750 i2=-151 t2=27 steerMode=0/-628 iSteer=30282 driveMode=13750/11583 iDrive=181424 scale=0 wheel=40000
2026-07-07T14:52:23.785+00:00 CAN id=101 dlc=8 data=d8cf0400409c0000
2026-07-07T14:52:23.805+00:00 CAN id=101 dlc=8 data=d8cf0400409c0000
2026-07-07T14:52:23.825+00:00 CAN id=101 dlc=8 data=d8cf0400409c0000
2026-07-07T14:52:23.845+00:00 CAN id=101 dlc=8 data=d8cf0400409c0000
2026-07-07T14:52:23.865+00:00 CAN id=101 dlc=8 data=d8cf0400409c0000
2026-07-07T14:52:23.876+00:00 VCP run=1 step=0 angle=315791 target=315352 err=-439 steer=0 m1=221/13750 i1=149 t1=28 m2=-216/-13750 i2=-216 t2=27 steerMode=0/628 iSteer=-33373 driveMode=13750/12054 iDrive=182644 scale=0 wheel=40000
2026-07-07T14:52:23.876+00:00 VCP SET_TARGET_RX steer=315352 wheel=40000
2026-07-07T14:52:23.885+00:00 CAN id=101 dlc=8 data=d8cf0400409c0000
2026-07-07T14:52:23.905+00:00 CAN id=101 dlc=8 data=d8cf0400409c0000
2026-07-07T14:52:23.925+00:00 CAN id=101 dlc=8 data=d8cf0400409c0000
2026-07-07T14:52:23.945+00:00 CAN id=101 dlc=8 data=d8cf0400409c0000
2026-07-07T14:52:23.965+00:00 CAN id=101 dlc=8 data=d8cf0400409c0000
2026-07-07T14:52:23.980+00:00 VCP run=1 step=0 angle=315791 target=315352 err=-439 steer=0 m1=257/13750 i1=165 t1=28 m2=-206/-13750 i2=-196 t2=27 steerMode=0/254 iSteer=-15151 driveMode=13750/13050 iDrive=180383 scale=0 wheel=40000
2026-07-07T14:52:23.985+00:00 CAN id=101 dlc=8 data=d8cf0400409c0000
2026-07-07T14:52:24.005+00:00 CAN id=101 dlc=8 data=d8cf0400409c0000
2026-07-07T14:52:24.025+00:00 CAN id=101 dlc=8 data=d8cf0400409c0000
2026-07-07T14:52:24.045+00:00 CAN id=101 dlc=8 data=d8cf0400409c0000
2026-07-07T14:52:24.065+00:00 CAN id=101 dlc=8 data=d8cf0400409c0000
2026-07-07T14:52:24.085+00:00 CAN id=101 dlc=8 data=d8cf0400409c0000
2026-07-07T14:52:24.105+00:00 CAN id=101 dlc=8 data=d8cf0400409c0000
2026-07-07T14:52:24.125+00:00 CAN id=101 dlc=8 data=d8cf0400409c0000
2026-07-07T14:52:24.145+00:00 CAN id=101 dlc=8 data=d8cf0400409c0000
2026-07-07T14:52:24.165+00:00 CAN id=101 dlc=8 data=d8cf0400409c0000
2026-07-07T14:52:24.168+00:00 VCP run=1 step=0 angle=315791 target=315352 err=-439 steer=0 m1=290/13750 i1=155 t1=28 m2=-329/-13750 i2=-186 t2=27 steerMode=0/243 iSteer=-15573 driveMode=13750/14779 iDrive=170893 scale=0 wheel=40000
2026-07-07T14:52:24.168+00:00 VCP run=1 step=0 angle=315791 target=315352 err=-439 steer=0 m1=265/13750 i1=165 t1=28 m2=-293/-13750 i2=-168 t2=27 steerMode=0/-71 iSteer=-1217 driveMode=13750/15132 iDrive=166607 scale=0 wheel=40000
2026-07-07T14:52:24.185+00:00 CAN id=101 dlc=8 data=d8cf0400409c0000
2026-07-07T14:52:24.205+00:00 CAN id=101 dlc=8 data=d8cf0400409c0000
2026-07-07T14:52:24.225+00:00 CAN id=101 dlc=8 data=d8cf0400409c0000
2026-07-07T14:52:24.245+00:00 CAN id=101 dlc=8 data=d8cf0400409c0000
2026-07-07T14:52:24.265+00:00 CAN id=101 dlc=8 data=d8cf0400409c0000
2026-07-07T14:52:24.272+00:00 VCP run=1 step=0 angle=315879 target=315352 err=-527 steer=-263 m1=303/12301 i1=81 t1=28 m2=-277/-15199 i2=-252 t2=27 steerMode=-1449/137 iSteer=-85710 driveMode=13750/14833 iDrive=166341 scale=0 wheel=40000
2026-07-07T14:52:24.285+00:00 CAN id=101 dlc=8 data=d8cf0400409c0000
2026-07-07T14:52:24.305+00:00 CAN id=101 dlc=8 data=d8cf0400409c0000
2026-07-07T14:52:24.325+00:00 CAN id=101 dlc=8 data=d8cf0400409c0000
2026-07-07T14:52:24.345+00:00 CAN id=101 dlc=8 data=d8cf0400409c0000
2026-07-07T14:52:24.365+00:00 CAN id=101 dlc=8 data=d8cf0400409c0000
2026-07-07T14:52:24.375+00:00 VCP run=1 step=0 angle=315791 target=315352 err=-439 steer=0 m1=261/13750 i1=140 t1=28 m2=-201/-13750 i2=-201 t2=27 steerMode=0/481 iSteer=-30701 driveMode=13750/13782 iDrive=170495 scale=0 wheel=40000
2026-07-07T14:52:24.375+00:00 VCP SET_TARGET_RX steer=315352 wheel=40000
2026-07-07T14:52:24.385+00:00 CAN id=101 dlc=8 data=d8cf0400409c0000
2026-07-07T14:52:24.405+00:00 CAN id=101 dlc=8 data=d8cf0400409c0000
2026-07-07T14:52:24.425+00:00 CAN id=101 dlc=8 data=d8cf0400409c0000
2026-07-07T14:52:24.445+00:00 CAN id=101 dlc=8 data=d8cf0400409c0000
2026-07-07T14:52:24.465+00:00 CAN id=101 dlc=8 data=d8cf0400409c0000
2026-07-07T14:52:24.479+00:00 VCP run=1 step=0 angle=315879 target=315352 err=-527 steer=-263 m1=200/12301 i1=140 t1=28 m2=-247/-15199 i2=-227 t2=27 steerMode=-1449/-810 iSteer=-43309 driveMode=13750/11708 iDrive=183401 scale=0 wheel=40000
2026-07-07T14:52:24.485+00:00 CAN id=101 dlc=8 data=d8cf0400409c0000
2026-07-07T14:52:24.505+00:00 CAN id=101 dlc=8 data=d8cf0400409c0000
2026-07-07T14:52:24.525+00:00 CAN id=101 dlc=8 data=d8cf0400409c0000
2026-07-07T14:52:24.545+00:00 CAN id=101 dlc=8 data=d8cf0400409c0000
2026-07-07T14:52:24.565+00:00 CAN id=101 dlc=8 data=d8cf0400409c0000
2026-07-07T14:52:24.584+00:00 VCP run=1 step=0 angle=315791 target=315352 err=-439 steer=0 m1=221/13750 i1=145 t1=28 m2=-149/-13750 i2=-245 t2=27 steerMode=0/762 iSteer=-49865 driveMode=13750/10418 iDrive=194845 scale=0 wheel=40000
2026-07-07T14:52:24.585+00:00 CAN id=101 dlc=8 data=d8cf0400409c0000
2026-07-07T14:52:24.605+00:00 CAN id=101 dlc=8 data=d8cf0400409c0000
2026-07-07T14:52:24.625+00:00 CAN id=101 dlc=8 data=d8cf0400409c0000
2026-07-07T14:52:24.645+00:00 CAN id=101 dlc=8 data=d8cf0400409c0000
2026-07-07T14:52:24.665+00:00 CAN id=101 dlc=8 data=d8cf0400409c0000
2026-07-07T14:52:24.685+00:00 CAN id=101 dlc=8 data=d8cf0400409c0000
2026-07-07T14:52:24.705+00:00 CAN id=101 dlc=8 data=d8cf0400409c0000
2026-07-07T14:52:24.725+00:00 CAN id=101 dlc=8 data=d8cf0400409c0000
2026-07-07T14:52:24.745+00:00 CAN id=101 dlc=8 data=d8cf0400409c0000
2026-07-07T14:52:24.765+00:00 CAN id=101 dlc=8 data=d8cf0400409c0000
2026-07-07T14:52:24.771+00:00 VCP run=1 step=0 angle=315791 target=315352 err=-439 steer=0 m1=194/13750 i1=233 t1=28 m2=-174/-13750 i2=-172 t2=27 steerMode=0/-913 iSteer=30468 driveMode=13750/10165 iDrive=202925 scale=0 wheel=40000
2026-07-07T14:52:24.771+00:00 VCP run=1 step=0 angle=315879 target=315352 err=-527 steer=-263 m1=194/12301 i1=103 t1=28 m2=-229/-15199 i2=-319 t2=27 steerMode=-1449/382 iSteer=-108045 driveMode=13750/10023 iDrive=211114 scale=0 wheel=40000
2026-07-07T14:52:24.785+00:00 CAN id=101 dlc=8 data=d8cf0400409c0000
2026-07-07T14:52:24.805+00:00 CAN id=101 dlc=8 data=d8cf0400409c0000
2026-07-07T14:52:24.825+00:00 CAN id=101 dlc=8 data=d8cf0400409c0000
2026-07-07T14:52:24.845+00:00 CAN id=101 dlc=8 data=d8cf0400409c0000
2026-07-07T14:52:24.865+00:00 CAN id=101 dlc=8 data=d8cf0400409c0000
2026-07-07T14:52:24.873+00:00 VCP run=1 step=0 angle=315791 target=315352 err=-439 steer=0 m1=200/13750 i1=179 t1=28 m2=-208/-13750 i2=-253 t2=27 steerMode=0/395 iSteer=-37118 driveMode=13750/10345 iDrive=216142 scale=0 wheel=40000
2026-07-07T14:52:24.873+00:00 VCP SET_TARGET_RX steer=315352 wheel=40000
2026-07-07T14:52:24.885+00:00 CAN id=101 dlc=8 data=d8cf0400409c0000
2026-07-07T14:52:24.905+00:00 CAN id=101 dlc=8 data=d8cf0400409c0000
2026-07-07T14:52:24.925+00:00 CAN id=101 dlc=8 data=d8cf0400409c0000
2026-07-07T14:52:24.945+00:00 CAN id=101 dlc=8 data=d8cf0400409c0000
2026-07-07T14:52:24.965+00:00 CAN id=101 dlc=8 data=d8cf0400409c0000
2026-07-07T14:52:24.977+00:00 VCP run=1 step=0 angle=315791 target=315352 err=-439 steer=0 m1=234/13750 i1=259 t1=28 m2=-287/-13750 i2=-168 t2=27 steerMode=0/-1312 iSteer=45798 driveMode=13750/11997 iDrive=213305 scale=0 wheel=40000
2026-07-07T14:52:24.985+00:00 CAN id=101 dlc=8 data=d8cf0400409c0000
2026-07-07T14:52:25.005+00:00 CAN id=101 dlc=8 data=d8cf0400409c0000
2026-07-07T14:52:25.025+00:00 CAN id=101 dlc=8 data=d8cf0400409c0000
2026-07-07T14:52:25.045+00:00 CAN id=101 dlc=8 data=d8cf0400409c0000
2026-07-07T14:52:25.065+00:00 CAN id=101 dlc=8 data=d8cf0400409c0000
2026-07-07T14:52:25.081+00:00 VCP run=1 step=0 angle=315791 target=315352 err=-439 steer=-213 m1=242/12576 i1=111 t1=28 m2=-222/-14924 i2=-321 t2=27 steerMode=-1174/507 iSteer=-105123 driveMode=13750/12132 iDrive=215764 scale=0 wheel=40000
2026-07-07T14:52:25.085+00:00 CAN id=101 dlc=8 data=d8cf0400409c0000
2026-07-07T14:52:25.105+00:00 CAN id=101 dlc=8 data=d8cf0400409c0000
2026-07-07T14:52:25.125+00:00 CAN id=101 dlc=8 data=d8cf0400409c0000
2026-07-07T14:52:25.145+00:00 CAN id=101 dlc=8 data=d8cf0400409c0000
2026-07-07T14:52:25.165+00:00 CAN id=101 dlc=8 data=d8cf0400409c0000
2026-07-07T14:52:25.185+00:00 CAN id=101 dlc=8 data=d8cf0400409c0000
2026-07-07T14:52:25.185+00:00 VCP run=1 step=0 angle=315879 target=315352 err=-527 steer=-263 m1=236/12301 i1=183 t1=28 m2=-231/-15199 i2=-251 t2=27 steerMode=-1449/-1236 iSteer=-34030 driveMode=13750/12426 iDrive=216795 scale=0 wheel=40000
2026-07-07T14:52:25.205+00:00 CAN id=101 dlc=8 data=d8cf0400409c0000
2026-07-07T14:52:25.225+00:00 CAN id=101 dlc=8 data=d8cf0400409c0000
2026-07-07T14:52:25.245+00:00 CAN id=101 dlc=8 data=d8cf0400409c0000
2026-07-07T14:52:25.265+00:00 CAN id=101 dlc=8 data=d8cf0400409c0000
2026-07-07T14:52:25.285+00:00 CAN id=101 dlc=8 data=d8cf0400409c0000
2026-07-07T14:52:25.305+00:00 CAN id=101 dlc=8 data=d8cf0400409c0000
2026-07-07T14:52:25.325+00:00 CAN id=101 dlc=8 data=d8cf0400409c0000
2026-07-07T14:52:25.345+00:00 CAN id=101 dlc=8 data=d8cf0400409c0000
2026-07-07T14:52:25.365+00:00 BENCH disable sent
2026-07-07T14:52:25.365+00:00 CAN id=121 dlc=2 data=0100
2026-07-07T14:52:25.365+00:00 CAN id=121 dlc=2 data=0100
2026-07-07T14:52:25.370+00:00 VCP run=1 step=0 angle=315703 target=315352 err=-351 steer=0 m1=269/13750 i1=154 t1=28 m2=-300/-13750 i2=-275 t2=27 steerMode=0/751 iSteer=-60319 driveMode=13750/13232 iDrive=214356 scale=0 wheel=40000
2026-07-07T14:52:25.370+00:00 VCP run=1 step=0 angle=315703 target=315352 err=-351 steer=0 m1=290/13750 i1=178 t1=28 m2=-306/-13750 i2=-247 t2=27 steerMode=0/222 iSteer=-34535 driveMode=13750/13658 iDrive=212651 scale=0 wheel=40000
2026-07-07T14:52:25.370+00:00 VCP UNIT_CTRL enable=0
2026-07-07T14:52:25.370+00:00 VCP UNIT_CTRL enable=0
2026-07-07T14:52:25.571+00:00 VCP STOP: disabled
2026-07-07T14:52:25.772+00:00 BENCH log closed
