2026-07-07T14:52:03.865+00:00 BENCH log opened: firmware/logs/lowrpm-baseline-rpm25.log
2026-07-07T14:52:03.865+00:00 BENCH run: steer=315.352deg (315352mdeg) wheel=25.0rpm (25000milli-rpm) rate=50.0Hz duration=10.0s
2026-07-07T14:52:03.865+00:00 BENCH enable sent
2026-07-07T14:52:03.865+00:00 CAN id=121 dlc=2 data=0101
2026-07-07T14:52:03.865+00:00 CAN id=101 dlc=8 data=d8cf0400a8610000
2026-07-07T14:52:03.885+00:00 CAN id=101 dlc=8 data=d8cf0400a8610000
2026-07-07T14:52:03.889+00:00 VCP SET_TARGET_RX steer=315352 wheel=25000
2026-07-07T14:52:03.889+00:00 VCP START_CAN: angle=313682 target=315352 wheelTarget=25000
2026-07-07T14:52:03.906+00:00 CAN id=101 dlc=8 data=d8cf0400a8610000
2026-07-07T14:52:03.926+00:00 CAN id=101 dlc=8 data=d8cf0400a8610000
2026-07-07T14:52:03.946+00:00 CAN id=101 dlc=8 data=d8cf0400a8610000
2026-07-07T14:52:03.966+00:00 CAN id=101 dlc=8 data=d8cf0400a8610000
2026-07-07T14:52:03.985+00:00 CAN id=101 dlc=8 data=d8cf0400a8610000
2026-07-07T14:52:04.006+00:00 CAN id=101 dlc=8 data=d8cf0400a8610000
2026-07-07T14:52:04.026+00:00 CAN id=101 dlc=8 data=d8cf0400a8610000
2026-07-07T14:52:04.046+00:00 CAN id=101 dlc=8 data=d8cf0400a8610000
2026-07-07T14:52:04.066+00:00 CAN id=101 dlc=8 data=d8cf0400a8610000
2026-07-07T14:52:04.075+00:00 VCP run=1 step=0 angle=313682 target=315352 err=1670 steer=300 m1=0/2063 i1=85 t1=28 m2=0/1238 i2=81 t2=27 steerMode=1650/0 iSteer=82797 driveMode=413/0 iDrive=2112 scale=0 wheel=1200
2026-07-07T14:52:04.075+00:00 VCP run=1 step=0 angle=313682 target=315352 err=1670 steer=835 m1=0/11194 i1=281 t1=28 m2=0/-2006 i2=202 t2=27 steerMode=4594/4 iSteer=241973 driveMode=6600/-3 iDrive=39523 scale=0 wheel=19200
2026-07-07T14:52:04.085+00:00 CAN id=101 dlc=8 data=d8cf0400a8610000
2026-07-07T14:52:04.105+00:00 CAN id=101 dlc=8 data=d8cf0400a8610000
2026-07-07T14:52:04.125+00:00 CAN id=101 dlc=8 data=d8cf0400a8610000
2026-07-07T14:52:04.146+00:00 CAN id=101 dlc=8 data=d8cf0400a8610000
2026-07-07T14:52:04.166+00:00 CAN id=101 dlc=8 data=d8cf0400a8610000
2026-07-07T14:52:04.180+00:00 VCP run=1 step=0 angle=313682 target=315352 err=1670 steer=835 m1=0/13187 i1=320 t1=28 m2=0/-4000 i2=190 t2=27 steerMode=4594/0 iSteer=255140 driveMode=8594/0 iDrive=65137 scale=0 wheel=25000
2026-07-07T14:52:04.185+00:00 CAN id=101 dlc=8 data=d8cf0400a8610000
2026-07-07T14:52:04.205+00:00 CAN id=101 dlc=8 data=d8cf0400a8610000
2026-07-07T14:52:04.225+00:00 CAN id=101 dlc=8 data=d8cf0400a8610000
2026-07-07T14:52:04.246+00:00 CAN id=101 dlc=8 data=d8cf0400a8610000
2026-07-07T14:52:04.265+00:00 CAN id=101 dlc=8 data=d8cf0400a8610000
2026-07-07T14:52:04.285+00:00 CAN id=101 dlc=8 data=d8cf0400a8610000
2026-07-07T14:52:04.286+00:00 VCP run=1 step=0 angle=313682 target=315352 err=1670 steer=835 m1=0/13187 i1=350 t1=28 m2=0/-4000 i2=187 t2=27 steerMode=4594/-4 iSteer=268287 driveMode=8594/4 iDrive=81267 scale=0 wheel=25000
2026-07-07T14:52:04.305+00:00 CAN id=101 dlc=8 data=d8cf0400a8610000
2026-07-07T14:52:04.325+00:00 CAN id=101 dlc=8 data=d8cf0400a8610000
2026-07-07T14:52:04.346+00:00 CAN id=101 dlc=8 data=d8cf0400a8610000
2026-07-07T14:52:04.365+00:00 CAN id=101 dlc=8 data=d8cf0400a8610000
2026-07-07T14:52:04.385+00:00 CAN id=101 dlc=8 data=d8cf0400a8610000
2026-07-07T14:52:04.406+00:00 CAN id=101 dlc=8 data=d8cf0400a8610000
2026-07-07T14:52:04.426+00:00 CAN id=101 dlc=8 data=d8cf0400a8610000
2026-07-07T14:52:04.446+00:00 CAN id=101 dlc=8 data=d8cf0400a8610000
2026-07-07T14:52:04.466+00:00 CAN id=101 dlc=8 data=d8cf0400a8610000
2026-07-07T14:52:04.472+00:00 VCP run=1 step=0 angle=313682 target=315352 err=1670 steer=835 m1=0/13187 i1=379 t1=28 m2=0/-4000 i2=184 t2=27 steerMode=4594/-6 iSteer=281366 driveMode=8594/6 iDrive=97386 scale=0 wheel=25000
2026-07-07T14:52:04.472+00:00 VCP SET_TARGET_RX steer=315352 wheel=25000
2026-07-07T14:52:04.472+00:00 VCP run=1 step=0 angle=313682 target=315352 err=1670 steer=835 m1=0/13187 i1=408 t1=28 m2=0/-4000 i2=180 t2=27 steerMode=4594/0 iSteer=294031 driveMode=8594/0 iDrive=113565 scale=0 wheel=25000
2026-07-07T14:52:04.485+00:00 CAN id=101 dlc=8 data=d8cf0400a8610000
2026-07-07T14:52:04.506+00:00 CAN id=101 dlc=8 data=d8cf0400a8610000
2026-07-07T14:52:04.526+00:00 CAN id=101 dlc=8 data=d8cf0400a8610000
2026-07-07T14:52:04.545+00:00 CAN id=101 dlc=8 data=d8cf0400a8610000
2026-07-07T14:52:04.566+00:00 CAN id=101 dlc=8 data=d8cf0400a8610000
2026-07-07T14:52:04.577+00:00 VCP run=1 step=0 angle=313682 target=315352 err=1670 steer=835 m1=0/13187 i1=437 t1=28 m2=0/-4000 i2=177 t2=27 steerMode=4594/2 iSteer=306909 driveMode=8594/2 iDrive=129712 scale=0 wheel=25000
2026-07-07T14:52:04.585+00:00 CAN id=101 dlc=8 data=d8cf0400a8610000
2026-07-07T14:52:04.606+00:00 CAN id=101 dlc=8 data=d8cf0400a8610000
2026-07-07T14:52:04.626+00:00 CAN id=101 dlc=8 data=d8cf0400a8610000
2026-07-07T14:52:04.647+00:00 CAN id=101 dlc=8 data=d8cf0400a8610000
2026-07-07T14:52:04.666+00:00 CAN id=101 dlc=8 data=d8cf0400a8610000
2026-07-07T14:52:04.683+00:00 VCP run=1 step=0 angle=313682 target=315352 err=1670 steer=835 m1=0/13187 i1=466 t1=28 m2=0/-4000 i2=175 t2=27 steerMode=4594/-11 iSteer=320480 driveMode=8594/-11 iDrive=145931 scale=0 wheel=25000
2026-07-07T14:52:04.687+00:00 CAN id=101 dlc=8 data=d8cf0400a8610000
2026-07-07T14:52:04.705+00:00 CAN id=101 dlc=8 data=d8cf0400a8610000
2026-07-07T14:52:04.725+00:00 CAN id=101 dlc=8 data=d8cf0400a8610000
2026-07-07T14:52:04.746+00:00 CAN id=101 dlc=8 data=d8cf0400a8610000
2026-07-07T14:52:04.765+00:00 CAN id=101 dlc=8 data=d8cf0400a8610000
2026-07-07T14:52:04.785+00:00 CAN id=101 dlc=8 data=d8cf0400a8610000
2026-07-07T14:52:04.805+00:00 CAN id=101 dlc=8 data=d8cf0400a8610000
2026-07-07T14:52:04.825+00:00 CAN id=101 dlc=8 data=d8cf0400a8610000
2026-07-07T14:52:04.845+00:00 CAN id=101 dlc=8 data=d8cf0400a8610000
2026-07-07T14:52:04.866+00:00 CAN id=101 dlc=8 data=d8cf0400a8610000
2026-07-07T14:52:04.867+00:00 VCP run=1 step=0 angle=313682 target=315352 err=1670 steer=835 m1=0/13187 i1=495 t1=28 m2=0/-4000 i2=171 t2=27 steerMode=4594/0 iSteer=332905 driveMode=8594/0 iDrive=162038 scale=0 wheel=25000
2026-07-07T14:52:04.867+00:00 VCP run=1 step=0 angle=313682 target=315352 err=1670 steer=835 m1=0/13187 i1=524 t1=28 m2=0/-4000 i2=168 t2=27 steerMode=4594/-2 iSteer=345939 driveMode=8594/-2 iDrive=178201 scale=0 wheel=25000
2026-07-07T14:52:04.885+00:00 CAN id=101 dlc=8 data=d8cf0400a8610000
2026-07-07T14:52:04.906+00:00 CAN id=101 dlc=8 data=d8cf0400a8610000
2026-07-07T14:52:04.925+00:00 CAN id=101 dlc=8 data=d8cf0400a8610000
2026-07-07T14:52:04.946+00:00 CAN id=101 dlc=8 data=d8cf0400a8610000
2026-07-07T14:52:04.966+00:00 CAN id=101 dlc=8 data=d8cf0400a8610000
2026-07-07T14:52:04.974+00:00 VCP SET_TARGET_RX steer=315352 wheel=25000
2026-07-07T14:52:04.974+00:00 VCP run=1 step=0 angle=313682 target=315352 err=1670 steer=835 m1=0/13187 i1=553 t1=28 m2=0/-4000 i2=164 t2=27 steerMode=4594/0 iSteer=358793 driveMode=8594/0 iDrive=194346 scale=0 wheel=25000
2026-07-07T14:52:04.985+00:00 CAN id=101 dlc=8 data=d8cf0400a8610000
2026-07-07T14:52:05.005+00:00 CAN id=101 dlc=8 data=d8cf0400a8610000
2026-07-07T14:52:05.025+00:00 CAN id=101 dlc=8 data=d8cf0400a8610000
2026-07-07T14:52:05.046+00:00 CAN id=101 dlc=8 data=d8cf0400a8610000
2026-07-07T14:52:05.066+00:00 CAN id=101 dlc=8 data=d8cf0400a8610000
2026-07-07T14:52:05.079+00:00 VCP run=1 step=0 angle=313682 target=315352 err=1670 steer=835 m1=0/13187 i1=582 t1=28 m2=0/-4000 i2=161 t2=27 steerMode=4594/1 iSteer=371699 driveMode=8594/1 iDrive=210497 scale=0 wheel=25000
2026-07-07T14:52:05.085+00:00 CAN id=101 dlc=8 data=d8cf0400a8610000
2026-07-07T14:52:05.105+00:00 CAN id=101 dlc=8 data=d8cf0400a8610000
2026-07-07T14:52:05.125+00:00 CAN id=101 dlc=8 data=d8cf0400a8610000
2026-07-07T14:52:05.145+00:00 CAN id=101 dlc=8 data=d8cf0400a8610000
2026-07-07T14:52:05.165+00:00 CAN id=101 dlc=8 data=d8cf0400a8610000
2026-07-07T14:52:05.185+00:00 VCP run=1 step=0 angle=313682 target=315352 err=1670 steer=835 m1=0/13187 i1=611 t1=28 m2=0/-4000 i2=158 t2=27 steerMode=4594/-2 iSteer=384796 driveMode=8594/-2 iDrive=226670 scale=0 wheel=25000
2026-07-07T14:52:05.185+00:00 CAN id=101 dlc=8 data=d8cf0400a8610000
2026-07-07T14:52:05.205+00:00 CAN id=101 dlc=8 data=d8cf0400a8610000
2026-07-07T14:52:05.226+00:00 CAN id=101 dlc=8 data=d8cf0400a8610000
2026-07-07T14:52:05.245+00:00 CAN id=101 dlc=8 data=d8cf0400a8610000
2026-07-07T14:52:05.265+00:00 CAN id=101 dlc=8 data=d8cf0400a8610000
2026-07-07T14:52:05.286+00:00 CAN id=101 dlc=8 data=d8cf0400a8610000
2026-07-07T14:52:05.307+00:00 CAN id=101 dlc=8 data=d8cf0400a8610000
2026-07-07T14:52:05.326+00:00 CAN id=101 dlc=8 data=d8cf0400a8610000
2026-07-07T14:52:05.346+00:00 CAN id=101 dlc=8 data=d8cf0400a8610000
2026-07-07T14:52:05.365+00:00 CAN id=101 dlc=8 data=d8cf0400a8610000
2026-07-07T14:52:05.371+00:00 VCP run=1 step=0 angle=313682 target=315352 err=1670 steer=835 m1=0/13187 i1=640 t1=28 m2=0/-4000 i2=155 t2=27 steerMode=4594/1 iSteer=397623 driveMode=8594/1 iDrive=242811 scale=0 wheel=25000
2026-07-07T14:52:05.371+00:00 VCP run=1 step=0 angle=313682 target=315352 err=1670 steer=835 m1=0/13187 i1=670 t1=28 m2=0/-4000 i2=152 t2=27 steerMode=4594/1 iSteer=410557 driveMode=8594/1 iDrive=258962 scale=0 wheel=25000
2026-07-07T14:52:05.371+00:00 VCP SET_TARGET_RX steer=315352 wheel=25000
2026-07-07T14:52:05.385+00:00 CAN id=101 dlc=8 data=d8cf0400a8610000
2026-07-07T14:52:05.405+00:00 CAN id=101 dlc=8 data=d8cf0400a8610000
2026-07-07T14:52:05.426+00:00 CAN id=101 dlc=8 data=d8cf0400a8610000
2026-07-07T14:52:05.445+00:00 CAN id=101 dlc=8 data=d8cf0400a8610000
2026-07-07T14:52:05.465+00:00 CAN id=101 dlc=8 data=d8cf0400a8610000
2026-07-07T14:52:05.476+00:00 VCP run=1 step=0 angle=313682 target=315352 err=1670 steer=835 m1=0/13187 i1=699 t1=28 m2=0/-4000 i2=148 t2=27 steerMode=4594/0 iSteer=423564 driveMode=8594/0 iDrive=275124 scale=0 wheel=25000
2026-07-07T14:52:05.485+00:00 CAN id=101 dlc=8 data=d8cf0400a8610000
2026-07-07T14:52:05.505+00:00 CAN id=101 dlc=8 data=d8cf0400a8610000
2026-07-07T14:52:05.526+00:00 CAN id=101 dlc=8 data=d8cf0400a8610000
2026-07-07T14:52:05.545+00:00 CAN id=101 dlc=8 data=d8cf0400a8610000
2026-07-07T14:52:05.565+00:00 CAN id=101 dlc=8 data=d8cf0400a8610000
2026-07-07T14:52:05.582+00:00 VCP run=1 step=0 angle=313682 target=315352 err=1670 steer=835 m1=0/13187 i1=728 t1=28 m2=0/-4000 i2=145 t2=27 steerMode=4594/3 iSteer=436366 driveMode=8594/5 iDrive=291236 scale=0 wheel=25000
2026-07-07T14:52:05.585+00:00 CAN id=101 dlc=8 data=d8cf0400a8610000
2026-07-07T14:52:05.605+00:00 CAN id=101 dlc=8 data=d8cf0400a8610000
2026-07-07T14:52:05.625+00:00 CAN id=101 dlc=8 data=d8cf0400a8610000
2026-07-07T14:52:05.645+00:00 CAN id=101 dlc=8 data=d8cf0400a8610000
2026-07-07T14:52:05.666+00:00 CAN id=101 dlc=8 data=d8cf0400a8610000
2026-07-07T14:52:05.685+00:00 CAN id=101 dlc=8 data=d8cf0400a8610000
2026-07-07T14:52:05.705+00:00 CAN id=101 dlc=8 data=d8cf0400a8610000
2026-07-07T14:52:05.725+00:00 CAN id=101 dlc=8 data=d8cf0400a8610000
2026-07-07T14:52:05.746+00:00 CAN id=101 dlc=8 data=d8cf0400a8610000
2026-07-07T14:52:05.766+00:00 CAN id=101 dlc=8 data=d8cf0400a8610000
2026-07-07T14:52:05.771+00:00 VCP run=1 step=0 angle=313682 target=315352 err=1670 steer=835 m1=0/13187 i1=757 t1=28 m2=0/-4000 i2=142 t2=27 steerMode=4594/1 iSteer=449416 driveMode=8594/1 iDrive=307407 scale=0 wheel=25000
2026-07-07T14:52:05.771+00:00 VCP run=1 step=0 angle=313682 target=315352 err=1670 steer=835 m1=-3/13187 i1=785 t1=28 m2=0/-4000 i2=138 t2=27 steerMode=4594/10 iSteer=461930 driveMode=8594/10 iDrive=323518 scale=0 wheel=25000
2026-07-07T14:52:05.785+00:00 CAN id=101 dlc=8 data=d8cf0400a8610000
2026-07-07T14:52:05.806+00:00 CAN id=101 dlc=8 data=d8cf0400a8610000
2026-07-07T14:52:05.826+00:00 CAN id=101 dlc=8 data=d8cf0400a8610000
2026-07-07T14:52:05.846+00:00 CAN id=101 dlc=8 data=d8cf0400a8610000
2026-07-07T14:52:05.866+00:00 CAN id=101 dlc=8 data=d8cf0400a8610000
2026-07-07T14:52:05.873+00:00 VCP run=1 step=0 angle=313682 target=315352 err=1670 steer=835 m1=0/13187 i1=815 t1=28 m2=0/-4000 i2=136 t2=27 steerMode=4594/-4 iSteer=475617 driveMode=8594/-4 iDrive=339757 scale=0 wheel=25000
2026-07-07T14:52:05.873+00:00 VCP SET_TARGET_RX steer=315352 wheel=25000
2026-07-07T14:52:05.885+00:00 CAN id=101 dlc=8 data=d8cf0400a8610000
2026-07-07T14:52:05.906+00:00 CAN id=101 dlc=8 data=d8cf0400a8610000
2026-07-07T14:52:05.925+00:00 CAN id=101 dlc=8 data=d8cf0400a8610000
2026-07-07T14:52:05.946+00:00 CAN id=101 dlc=8 data=d8cf0400a8610000
2026-07-07T14:52:05.966+00:00 CAN id=101 dlc=8 data=d8cf0400a8610000
2026-07-07T14:52:05.978+00:00 VCP run=1 step=0 angle=313682 target=315352 err=1670 steer=835 m1=0/13187 i1=844 t1=28 m2=0/-4000 i2=132 t2=27 steerMode=4594/4 iSteer=488142 driveMode=8594/4 iDrive=355868 scale=0 wheel=25000
2026-07-07T14:52:05.985+00:00 CAN id=101 dlc=8 data=d8cf0400a8610000
2026-07-07T14:52:06.006+00:00 CAN id=101 dlc=8 data=d8cf0400a8610000
2026-07-07T14:52:06.026+00:00 CAN id=101 dlc=8 data=d8cf0400a8610000
2026-07-07T14:52:06.046+00:00 CAN id=101 dlc=8 data=d8cf0400a8610000
2026-07-07T14:52:06.066+00:00 CAN id=101 dlc=8 data=d8cf0400a8610000
2026-07-07T14:52:06.084+00:00 VCP run=1 step=0 angle=313682 target=315352 err=1670 steer=835 m1=0/13187 i1=873 t1=28 m2=0/-4000 i2=129 t2=27 steerMode=4594/8 iSteer=500903 driveMode=8594/8 iDrive=371997 scale=0 wheel=25000
2026-07-07T14:52:06.085+00:00 CAN id=101 dlc=8 data=d8cf0400a8610000
2026-07-07T14:52:06.105+00:00 CAN id=101 dlc=8 data=d8cf0400a8610000
2026-07-07T14:52:06.126+00:00 CAN id=101 dlc=8 data=d8cf0400a8610000
2026-07-07T14:52:06.146+00:00 CAN id=101 dlc=8 data=d8cf0400a8610000
2026-07-07T14:52:06.166+00:00 CAN id=101 dlc=8 data=d8cf0400a8610000
2026-07-07T14:52:06.185+00:00 CAN id=101 dlc=8 data=d8cf0400a8610000
2026-07-07T14:52:06.205+00:00 CAN id=101 dlc=8 data=d8cf0400a8610000
2026-07-07T14:52:06.225+00:00 CAN id=101 dlc=8 data=d8cf0400a8610000
2026-07-07T14:52:06.246+00:00 CAN id=101 dlc=8 data=d8cf0400a8610000
2026-07-07T14:52:06.265+00:00 CAN id=101 dlc=8 data=d8cf0400a8610000
2026-07-07T14:52:06.272+00:00 VCP run=1 step=0 angle=313682 target=315352 err=1670 steer=835 m1=27/13187 i1=892 t1=28 m2=0/-4000 i2=118 t2=27 steerMode=4594/182 iSteer=505065 driveMode=8594/182 iDrive=387240 scale=0 wheel=25000
2026-07-07T14:52:06.272+00:00 VCP run=1 step=0 angle=316230 target=315352 err=-878 steer=-439 m1=431/6178 i1=9 t1=28 m2=-103/-11009 i2=-655 t2=27 steerMode=-2416/9530 iSteer=-323373 driveMode=8594/11962 iDrive=332005 scale=0 wheel=25000
2026-07-07T14:52:06.285+00:00 CAN id=101 dlc=8 data=d8cf0400a8610000
2026-07-07T14:52:06.305+00:00 CAN id=101 dlc=8 data=d8cf0400a8610000
2026-07-07T14:52:06.325+00:00 CAN id=101 dlc=8 data=d8cf0400a8610000
2026-07-07T14:52:06.345+00:00 CAN id=101 dlc=8 data=d8cf0400a8610000
2026-07-07T14:52:06.365+00:00 CAN id=101 dlc=8 data=d8cf0400a8610000
2026-07-07T14:52:06.373+00:00 VCP run=1 step=0 angle=316934 target=315352 err=-1582 steer=-791 m1=393/4244 i1=335 t1=28 m2=-392/-12943 i2=-222 t2=27 steerMode=-4349/-427 iSteer=56830 driveMode=8594/19798 iDrive=278468 scale=0 wheel=25000
2026-07-07T14:52:06.373+00:00 VCP SET_TARGET_RX steer=315352 wheel=25000
2026-07-07T14:52:06.385+00:00 CAN id=101 dlc=8 data=d8cf0400a8610000
2026-07-07T14:52:06.405+00:00 CAN id=101 dlc=8 data=d8cf0400a8610000
2026-07-07T14:52:06.426+00:00 CAN id=101 dlc=8 data=d8cf0400a8610000
2026-07-07T14:52:06.445+00:00 CAN id=101 dlc=8 data=d8cf0400a8610000
2026-07-07T14:52:06.466+00:00 CAN id=101 dlc=8 data=d8cf0400a8610000
2026-07-07T14:52:06.477+00:00 VCP run=1 step=0 angle=317022 target=315352 err=-1669 steer=-835 m1=462/4003 i1=210 t1=28 m2=-459/-13185 i2=-254 t2=27 steerMode=-4591/635 iSteer=-22278 driveMode=8594/24050 iDrive=232210 scale=0 wheel=25000
2026-07-07T14:52:06.485+00:00 CAN id=101 dlc=8 data=d8cf0400a8610000
2026-07-07T14:52:06.505+00:00 CAN id=101 dlc=8 data=d8cf0400a8610000
2026-07-07T14:52:06.525+00:00 CAN id=101 dlc=8 data=d8cf0400a8610000
2026-07-07T14:52:06.546+00:00 CAN id=101 dlc=8 data=d8cf0400a8610000
2026-07-07T14:52:06.565+00:00 CAN id=101 dlc=8 data=d8cf0400a8610000
2026-07-07T14:52:06.581+00:00 VCP run=1 step=0 angle=317022 target=315352 err=-1669 steer=-835 m1=485/4003 i1=185 t1=28 m2=-469/-13185 i2=-194 t2=27 steerMode=-4591/13 iSteer=-4659 driveMode=8594/26371 iDrive=189392 scale=0 wheel=25000
2026-07-07T14:52:06.585+00:00 CAN id=101 dlc=8 data=d8cf0400a8610000
2026-07-07T14:52:06.605+00:00 CAN id=101 dlc=8 data=d8cf0400a8610000
2026-07-07T14:52:06.625+00:00 CAN id=101 dlc=8 data=d8cf0400a8610000
2026-07-07T14:52:06.645+00:00 CAN id=101 dlc=8 data=d8cf0400a8610000
2026-07-07T14:52:06.665+00:00 CAN id=101 dlc=8 data=d8cf0400a8610000
2026-07-07T14:52:06.685+00:00 CAN id=101 dlc=8 data=d8cf0400a8610000
2026-07-07T14:52:06.686+00:00 VCP run=1 step=0 angle=317022 target=315352 err=-1669 steer=-835 m1=483/4003 i1=142 t1=28 m2=-482/-13185 i2=-184 t2=27 steerMode=-4591/78 iSteer=-21151 driveMode=8594/25188 iDrive=163031 scale=0 wheel=25000
2026-07-07T14:52:06.705+00:00 CAN id=101 dlc=8 data=d8cf0400a8610000
2026-07-07T14:52:06.726+00:00 CAN id=101 dlc=8 data=d8cf0400a8610000
2026-07-07T14:52:06.745+00:00 CAN id=101 dlc=8 data=d8cf0400a8610000
2026-07-07T14:52:06.766+00:00 CAN id=101 dlc=8 data=d8cf0400a8610000
2026-07-07T14:52:06.785+00:00 CAN id=101 dlc=8 data=d8cf0400a8610000
2026-07-07T14:52:06.805+00:00 CAN id=101 dlc=8 data=d8cf0400a8610000
2026-07-07T14:52:06.825+00:00 CAN id=101 dlc=8 data=d8cf0400a8610000
2026-07-07T14:52:06.846+00:00 CAN id=101 dlc=8 data=d8cf0400a8610000
2026-07-07T14:52:06.866+00:00 CAN id=101 dlc=8 data=d8cf0400a8610000
2026-07-07T14:52:06.869+00:00 VCP run=1 step=0 angle=317022 target=315352 err=-1669 steer=-835 m1=389/4003 i1=136 t1=28 m2=-390/-13185 i2=-164 t2=27 steerMode=-4591/-306 iSteer=-14336 driveMode=8594/22201 iDrive=149843 scale=0 wheel=25000
2026-07-07T14:52:06.869+00:00 VCP run=1 step=0 angle=317022 target=315352 err=-1669 steer=-835 m1=370/4003 i1=113 t1=28 m2=-325/-13185 i2=-175 t2=27 steerMode=-4591/-206 iSteer=-31230 driveMode=8594/18985 iDrive=143751 scale=0 wheel=25000
2026-07-07T14:52:06.885+00:00 CAN id=101 dlc=8 data=d8cf0400a8610000
2026-07-07T14:52:06.905+00:00 CAN id=101 dlc=8 data=d8cf0400a8610000
2026-07-07T14:52:06.925+00:00 CAN id=101 dlc=8 data=d8cf0400a8610000
2026-07-07T14:52:06.946+00:00 CAN id=101 dlc=8 data=d8cf0400a8610000
2026-07-07T14:52:06.965+00:00 CAN id=101 dlc=8 data=d8cf0400a8610000
2026-07-07T14:52:06.974+00:00 VCP SET_TARGET_RX steer=315352 wheel=25000
2026-07-07T14:52:06.974+00:00 VCP run=1 step=0 angle=316934 target=315352 err=-1582 steer=-791 m1=278/4244 i1=122 t1=28 m2=-266/-12943 i2=-164 t2=27 steerMode=-4349/-392 iSteer=-21347 driveMode=8594/15920 iDrive=142986 scale=0 wheel=25000
2026-07-07T14:52:06.985+00:00 CAN id=101 dlc=8 data=d8cf0400a8610000
2026-07-07T14:52:07.005+00:00 CAN id=101 dlc=8 data=d8cf0400a8610000
2026-07-07T14:52:07.025+00:00 CAN id=101 dlc=8 data=d8cf0400a8610000
2026-07-07T14:52:07.045+00:00 CAN id=101 dlc=8 data=d8cf0400a8610000
2026-07-07T14:52:07.066+00:00 CAN id=101 dlc=8 data=d8cf0400a8610000
2026-07-07T14:52:07.077+00:00 VCP run=1 step=0 angle=317022 target=315352 err=-1669 steer=-835 m1=219/4003 i1=78 t1=28 m2=-239/-13185 i2=-222 t2=27 steerMode=-4591/151 iSteer=-72285 driveMode=8594/12408 iDrive=149935 scale=0 wheel=25000
2026-07-07T14:52:07.085+00:00 CAN id=101 dlc=8 data=d8cf0400a8610000
2026-07-07T14:52:07.105+00:00 CAN id=101 dlc=8 data=d8cf0400a8610000
2026-07-07T14:52:07.127+00:00 CAN id=101 dlc=8 data=d8cf0400a8610000
2026-07-07T14:52:07.146+00:00 CAN id=101 dlc=8 data=d8cf0400a8610000
2026-07-07T14:52:07.165+00:00 CAN id=101 dlc=8 data=d8cf0400a8610000
2026-07-07T14:52:07.182+00:00 VCP run=1 step=0 angle=316846 target=315352 err=-1494 steer=-747 m1=175/4486 i1=149 t1=28 m2=-220/-12701 i2=-175 t2=27 steerMode=-4108/-776 iSteer=-13012 driveMode=8594/9211 iDrive=162259 scale=0 wheel=25000
2026-07-07T14:52:07.185+00:00 CAN id=101 dlc=8 data=d8cf0400a8610000
2026-07-07T14:52:07.206+00:00 CAN id=101 dlc=8 data=d8cf0400a8610000
2026-07-07T14:52:07.225+00:00 CAN id=101 dlc=8 data=d8cf0400a8610000
2026-07-07T14:52:07.246+00:00 CAN id=101 dlc=8 data=d8cf0400a8610000
2026-07-07T14:52:07.265+00:00 CAN id=101 dlc=8 data=d8cf0400a8610000
2026-07-07T14:52:07.285+00:00 CAN id=101 dlc=8 data=d8cf0400a8610000
2026-07-07T14:52:07.306+00:00 CAN id=101 dlc=8 data=d8cf0400a8610000
2026-07-07T14:52:07.325+00:00 CAN id=101 dlc=8 data=d8cf0400a8610000
2026-07-07T14:52:07.345+00:00 CAN id=101 dlc=8 data=d8cf0400a8610000
2026-07-07T14:52:07.366+00:00 CAN id=101 dlc=8 data=d8cf0400a8610000
2026-07-07T14:52:07.366+00:00 VCP run=1 step=0 angle=317109 target=315352 err=-1757 steer=-879 m1=98/3761 i1=67 t1=28 m2=-168/-13426 i2=-291 t2=27 steerMode=-4833/224 iSteer=-111882 driveMode=8594/6180 iDrive=179243 scale=0 wheel=25000
2026-07-07T14:52:07.366+00:00 VCP run=1 step=0 angle=316494 target=315352 err=-1142 steer=-571 m1=0/5453 i1=216 t1=28 m2=20/-11735 i2=-220 t2=27 steerMode=-3141/-403 iSteer=-2247 driveMode=8594/495 iDrive=217787 scale=0 wheel=25000
2026-07-07T14:52:07.385+00:00 CAN id=101 dlc=8 data=d8cf0400a8610000
2026-07-07T14:52:07.405+00:00 CAN id=101 dlc=8 data=d8cf0400a8610000
2026-07-07T14:52:07.426+00:00 CAN id=101 dlc=8 data=d8cf0400a8610000
2026-07-07T14:52:07.446+00:00 CAN id=101 dlc=8 data=d8cf0400a8610000
2026-07-07T14:52:07.466+00:00 CAN id=101 dlc=8 data=d8cf0400a8610000
2026-07-07T14:52:07.471+00:00 VCP SET_TARGET_RX steer=315352 wheel=25000
2026-07-07T14:52:07.471+00:00 VCP run=1 step=0 angle=316494 target=315352 err=-1142 steer=-571 m1=0/5453 i1=206 t1=28 m2=0/-11735 i2=-267 t2=27 steerMode=-3141/-8 iSteer=-30561 driveMode=8594/3 iDrive=236133 scale=0 wheel=25000
2026-07-07T14:52:07.485+00:00 CAN id=101 dlc=8 data=d8cf0400a8610000
2026-07-07T14:52:07.505+00:00 CAN id=101 dlc=8 data=d8cf0400a8610000
2026-07-07T14:52:07.525+00:00 CAN id=101 dlc=8 data=d8cf0400a8610000
2026-07-07T14:52:07.546+00:00 CAN id=101 dlc=8 data=d8cf0400a8610000
2026-07-07T14:52:07.565+00:00 CAN id=101 dlc=8 data=d8cf0400a8610000
2026-07-07T14:52:07.576+00:00 VCP run=1 step=0 angle=316494 target=315352 err=-1142 steer=-571 m1=0/5453 i1=212 t1=28 m2=0/-11735 i2=-292 t2=27 steerMode=-3141/-1 iSteer=-39682 driveMode=8594/1 iDrive=252120 scale=0 wheel=25000
2026-07-07T14:52:07.585+00:00 CAN id=101 dlc=8 data=d8cf0400a8610000
2026-07-07T14:52:07.605+00:00 CAN id=101 dlc=8 data=d8cf0400a8610000
2026-07-07T14:52:07.626+00:00 CAN id=101 dlc=8 data=d8cf0400a8610000
2026-07-07T14:52:07.645+00:00 CAN id=101 dlc=8 data=d8cf0400a8610000
2026-07-07T14:52:07.665+00:00 CAN id=101 dlc=8 data=d8cf0400a8610000
2026-07-07T14:52:07.681+00:00 VCP run=1 step=0 angle=316494 target=315352 err=-1142 steer=-571 m1=0/5453 i1=220 t1=28 m2=0/-11735 i2=-317 t2=27 steerMode=-3141/-4 iSteer=-48352 driveMode=8594/4 iDrive=268242 scale=0 wheel=25000
2026-07-07T14:52:07.685+00:00 CAN id=101 dlc=8 data=d8cf0400a8610000
2026-07-07T14:52:07.705+00:00 CAN id=101 dlc=8 data=d8cf0400a8610000
2026-07-07T14:52:07.725+00:00 CAN id=101 dlc=8 data=d8cf0400a8610000
2026-07-07T14:52:07.745+00:00 CAN id=101 dlc=8 data=d8cf0400a8610000
2026-07-07T14:52:07.766+00:00 CAN id=101 dlc=8 data=d8cf0400a8610000
2026-07-07T14:52:07.785+00:00 CAN id=101 dlc=8 data=d8cf0400a8610000
2026-07-07T14:52:07.806+00:00 CAN id=101 dlc=8 data=d8cf0400a8610000
2026-07-07T14:52:07.825+00:00 CAN id=101 dlc=8 data=d8cf0400a8610000
2026-07-07T14:52:07.845+00:00 CAN id=101 dlc=8 data=d8cf0400a8610000
2026-07-07T14:52:07.865+00:00 CAN id=101 dlc=8 data=d8cf0400a8610000
2026-07-07T14:52:07.867+00:00 VCP run=1 step=0 angle=316494 target=315352 err=-1142 steer=-571 m1=0/5453 i1=227 t1=28 m2=0/-11735 i2=-341 t2=27 steerMode=-3141/-7 iSteer=-57051 driveMode=8594/7 iDrive=284367 scale=0 wheel=25000
2026-07-07T14:52:07.867+00:00 VCP run=1 step=0 angle=316494 target=315352 err=-1142 steer=-571 m1=0/5453 i1=235 t1=28 m2=0/-11735 i2=-366 t2=27 steerMode=-3141/-9 iSteer=-65755 driveMode=8594/9 iDrive=300493 scale=0 wheel=25000
2026-07-07T14:52:07.885+00:00 CAN id=101 dlc=8 data=d8cf0400a8610000
2026-07-07T14:52:07.906+00:00 CAN id=101 dlc=8 data=d8cf0400a8610000
2026-07-07T14:52:07.926+00:00 CAN id=101 dlc=8 data=d8cf0400a8610000
2026-07-07T14:52:07.945+00:00 CAN id=101 dlc=8 data=d8cf0400a8610000
2026-07-07T14:52:07.965+00:00 CAN id=101 dlc=8 data=d8cf0400a8610000
2026-07-07T14:52:07.971+00:00 VCP SET_TARGET_RX steer=315352 wheel=25000
2026-07-07T14:52:07.972+00:00 VCP run=1 step=0 angle=316494 target=315352 err=-1142 steer=-571 m1=0/5453 i1=242 t1=28 m2=0/-11735 i2=-392 t2=27 steerMode=-3141/-2 iSteer=-74932 driveMode=8594/2 iDrive=316666 scale=0 wheel=25000
2026-07-07T14:52:07.985+00:00 CAN id=101 dlc=8 data=d8cf0400a8610000
2026-07-07T14:52:08.006+00:00 CAN id=101 dlc=8 data=d8cf0400a8610000
2026-07-07T14:52:08.026+00:00 CAN id=101 dlc=8 data=d8cf0400a8610000
2026-07-07T14:52:08.046+00:00 CAN id=101 dlc=8 data=d8cf0400a8610000
2026-07-07T14:52:08.066+00:00 CAN id=101 dlc=8 data=d8cf0400a8610000
2026-07-07T14:52:08.076+00:00 VCP run=1 step=0 angle=316494 target=315352 err=-1142 steer=-571 m1=0/5453 i1=250 t1=28 m2=0/-11735 i2=-415 t2=27 steerMode=-3141/-33 iSteer=-82113 driveMode=8594/33 iDrive=332467 scale=0 wheel=25000
2026-07-07T14:52:08.086+00:00 CAN id=101 dlc=8 data=d8cf0400a8610000
2026-07-07T14:52:08.106+00:00 CAN id=101 dlc=8 data=d8cf0400a8610000
2026-07-07T14:52:08.125+00:00 CAN id=101 dlc=8 data=d8cf0400a8610000
2026-07-07T14:52:08.146+00:00 CAN id=101 dlc=8 data=d8cf0400a8610000
2026-07-07T14:52:08.166+00:00 CAN id=101 dlc=8 data=d8cf0400a8610000
2026-07-07T14:52:08.182+00:00 VCP run=1 step=0 angle=316494 target=315352 err=-1142 steer=-571 m1=0/5453 i1=257 t1=28 m2=0/-11735 i2=-440 t2=27 steerMode=-3141/-22 iSteer=-91374 driveMode=8594/22 iDrive=348482 scale=0 wheel=25000
2026-07-07T14:52:08.186+00:00 CAN id=101 dlc=8 data=d8cf0400a8610000
2026-07-07T14:52:08.206+00:00 CAN id=101 dlc=8 data=d8cf0400a8610000
2026-07-07T14:52:08.226+00:00 CAN id=101 dlc=8 data=d8cf0400a8610000
2026-07-07T14:52:08.246+00:00 CAN id=101 dlc=8 data=d8cf0400a8610000
2026-07-07T14:52:08.266+00:00 CAN id=101 dlc=8 data=d8cf0400a8610000
2026-07-07T14:52:08.285+00:00 CAN id=101 dlc=8 data=d8cf0400a8610000
2026-07-07T14:52:08.306+00:00 CAN id=101 dlc=8 data=d8cf0400a8610000
2026-07-07T14:52:08.326+00:00 CAN id=101 dlc=8 data=d8cf0400a8610000
2026-07-07T14:52:08.346+00:00 CAN id=101 dlc=8 data=d8cf0400a8610000
2026-07-07T14:52:08.365+00:00 CAN id=101 dlc=8 data=d8cf0400a8610000
2026-07-07T14:52:08.366+00:00 VCP run=1 step=0 angle=316494 target=315352 err=-1142 steer=-571 m1=0/5453 i1=266 t1=28 m2=-3/-11735 i2=-463 t2=27 steerMode=-3141/-57 iSteer=-98339 driveMode=8594/57 iDrive=364258 scale=0 wheel=25000
2026-07-07T14:52:08.366+00:00 VCP run=1 step=0 angle=315879 target=315352 err=-527 steer=-263 m1=10/7145 i1=480 t1=28 m2=-139/-10043 i2=-249 t2=27 steerMode=-1449/-2754 iSteer=115403 driveMode=8594/2923 iDrive=364490 scale=0 wheel=25000
2026-07-07T14:52:08.385+00:00 CAN id=101 dlc=8 data=d8cf0400a8610000
2026-07-07T14:52:08.405+00:00 CAN id=101 dlc=8 data=d8cf0400a8610000
2026-07-07T14:52:08.426+00:00 CAN id=101 dlc=8 data=d8cf0400a8610000
2026-07-07T14:52:08.446+00:00 CAN id=101 dlc=8 data=d8cf0400a8610000
2026-07-07T14:52:08.466+00:00 CAN id=101 dlc=8 data=d8cf0400a8610000
2026-07-07T14:52:08.470+00:00 VCP SET_TARGET_RX steer=315352 wheel=25000
2026-07-07T14:52:08.470+00:00 VCP run=1 step=0 angle=316318 target=315352 err=-966 steer=-483 m1=215/5936 i1=176 t1=28 m2=-170/-11251 i2=-489 t2=27 steerMode=-2657/1391 iSteer=-156095 driveMode=8594/10071 iDrive=332468 scale=0 wheel=25000
2026-07-07T14:52:08.486+00:00 CAN id=101 dlc=8 data=d8cf0400a8610000
2026-07-07T14:52:08.505+00:00 CAN id=101 dlc=8 data=d8cf0400a8610000
2026-07-07T14:52:08.525+00:00 CAN id=101 dlc=8 data=d8cf0400a8610000
2026-07-07T14:52:08.545+00:00 CAN id=101 dlc=8 data=d8cf0400a8610000
2026-07-07T14:52:08.566+00:00 CAN id=101 dlc=8 data=d8cf0400a8610000
2026-07-07T14:52:08.574+00:00 VCP run=1 step=0 angle=316230 target=315352 err=-878 steer=-439 m1=282/6178 i1=219 t1=28 m2=-325/-11009 i2=-383 t2=27 steerMode=-2416/28 iSteer=-81573 driveMode=8594/14796 iDrive=301023 scale=0 wheel=25000
2026-07-07T14:52:08.587+00:00 CAN id=101 dlc=8 data=d8cf0400a8610000
2026-07-07T14:52:08.605+00:00 CAN id=101 dlc=8 data=d8cf0400a8610000
2026-07-07T14:52:08.625+00:00 CAN id=101 dlc=8 data=d8cf0400a8610000
2026-07-07T14:52:08.645+00:00 CAN id=101 dlc=8 data=d8cf0400a8610000
2026-07-07T14:52:08.665+00:00 CAN id=101 dlc=8 data=d8cf0400a8610000
2026-07-07T14:52:08.678+00:00 VCP run=1 step=0 angle=316230 target=315352 err=-878 steer=-439 m1=334/6178 i1=232 t1=28 m2=-383/-11009 i2=-310 t2=27 steerMode=-2416/-952 iSteer=-38684 driveMode=8594/18000 iDrive=270817 scale=0 wheel=25000
2026-07-07T14:52:08.685+00:00 CAN id=101 dlc=8 data=d8cf0400a8610000
2026-07-07T14:52:08.705+00:00 CAN id=101 dlc=8 data=d8cf0400a8610000
2026-07-07T14:52:08.725+00:00 CAN id=101 dlc=8 data=d8cf0400a8610000
2026-07-07T14:52:08.745+00:00 CAN id=101 dlc=8 data=d8cf0400a8610000
2026-07-07T14:52:08.765+00:00 CAN id=101 dlc=8 data=d8cf0400a8610000
2026-07-07T14:52:08.783+00:00 VCP run=1 step=0 angle=316055 target=315352 err=-703 steer=-351 m1=364/6661 i1=159 t1=28 m2=-363/-10526 i2=-329 t2=27 steerMode=-1932/344 iSteer=-84538 driveMode=8594/19480 iDrive=244029 scale=0 wheel=25000
2026-07-07T14:52:08.785+00:00 CAN id=101 dlc=8 data=d8cf0400a8610000
2026-07-07T14:52:08.805+00:00 CAN id=101 dlc=8 data=d8cf0400a8610000
2026-07-07T14:52:08.826+00:00 CAN id=101 dlc=8 data=d8cf0400a8610000
2026-07-07T14:52:08.845+00:00 CAN id=101 dlc=8 data=d8cf0400a8610000
2026-07-07T14:52:08.865+00:00 CAN id=101 dlc=8 data=d8cf0400a8610000
2026-07-07T14:52:08.885+00:00 VCP run=1 step=0 angle=315879 target=315352 err=-527 steer=-263 m1=395/7145 i1=178 t1=28 m2=-365/-10043 i2=-250 t2=27 steerMode=-1449/-225 iSteer=-35822 driveMode=8594/21113 iDrive=213984 scale=0 wheel=25000
2026-07-07T14:52:08.885+00:00 VCP SET_TARGET_RX steer=315352 wheel=25000
2026-07-07T14:52:08.885+00:00 CAN id=101 dlc=8 data=d8cf0400a8610000
2026-07-07T14:52:08.905+00:00 CAN id=101 dlc=8 data=d8cf0400a8610000
2026-07-07T14:52:08.925+00:00 CAN id=101 dlc=8 data=d8cf0400a8610000
2026-07-07T14:52:08.946+00:00 CAN id=101 dlc=8 data=d8cf0400a8610000
2026-07-07T14:52:08.965+00:00 CAN id=101 dlc=8 data=d8cf0400a8610000
2026-07-07T14:52:08.985+00:00 CAN id=101 dlc=8 data=d8cf0400a8610000
2026-07-07T14:52:09.006+00:00 CAN id=101 dlc=8 data=d8cf0400a8610000
2026-07-07T14:52:09.026+00:00 CAN id=101 dlc=8 data=d8cf0400a8610000
2026-07-07T14:52:09.045+00:00 CAN id=101 dlc=8 data=d8cf0400a8610000
2026-07-07T14:52:09.065+00:00 CAN id=101 dlc=8 data=d8cf0400a8610000
2026-07-07T14:52:09.073+00:00 VCP run=1 step=0 angle=315791 target=315352 err=-439 steer=-63 m1=393/8245 i1=187 t1=28 m2=-402/-8943 i2=-188 t2=27 steerMode=-349/85 iSteer=-410 driveMode=8594/21475 iDrive=187828 scale=0 wheel=25000
2026-07-07T14:52:09.073+00:00 VCP run=1 step=0 angle=315791 target=315352 err=-439 steer=0 m1=418/8594 i1=193 t1=28 m2=-406/-8594 i2=-134 t2=27 steerMode=0/-204 iSteer=29897 driveMode=8594/21507 iDrive=163567 scale=0 wheel=25000
2026-07-07T14:52:09.086+00:00 CAN id=101 dlc=8 data=d8cf0400a8610000
2026-07-07T14:52:09.105+00:00 CAN id=101 dlc=8 data=d8cf0400a8610000
2026-07-07T14:52:09.126+00:00 CAN id=101 dlc=8 data=d8cf0400a8610000
2026-07-07T14:52:09.145+00:00 CAN id=101 dlc=8 data=d8cf0400a8610000
2026-07-07T14:52:09.165+00:00 CAN id=101 dlc=8 data=d8cf0400a8610000
2026-07-07T14:52:09.178+00:00 VCP run=1 step=0 angle=316055 target=315352 err=-703 steer=-351 m1=376/6661 i1=121 t1=28 m2=-402/-10526 i2=-179 t2=27 steerMode=-1932/-1074 iSteer=-28808 driveMode=8594/19799 iDrive=149864 scale=0 wheel=25000
2026-07-07T14:52:09.185+00:00 CAN id=101 dlc=8 data=d8cf0400a8610000
2026-07-07T14:52:09.205+00:00 CAN id=101 dlc=8 data=d8cf0400a8610000
2026-07-07T14:52:09.226+00:00 CAN id=101 dlc=8 data=d8cf0400a8610000
2026-07-07T14:52:09.246+00:00 CAN id=101 dlc=8 data=d8cf0400a8610000
2026-07-07T14:52:09.266+00:00 CAN id=101 dlc=8 data=d8cf0400a8610000
2026-07-07T14:52:09.282+00:00 VCP run=1 step=0 angle=315615 target=315352 err=-263 steer=0 m1=382/8594 i1=151 t1=28 m2=-379/-8594 i2=-121 t2=27 steerMode=0/-5 iSteer=15289 driveMode=8594/18628 iDrive=135887 scale=0 wheel=25000
2026-07-07T14:52:09.285+00:00 CAN id=101 dlc=8 data=d8cf0400a8610000
2026-07-07T14:52:09.305+00:00 CAN id=101 dlc=8 data=d8cf0400a8610000
2026-07-07T14:52:09.326+00:00 CAN id=101 dlc=8 data=d8cf0400a8610000
2026-07-07T14:52:09.345+00:00 CAN id=101 dlc=8 data=d8cf0400a8610000
2026-07-07T14:52:09.366+00:00 CAN id=101 dlc=8 data=d8cf0400a8610000
2026-07-07T14:52:09.384+00:00 VCP run=1 step=0 angle=315879 target=315352 err=-527 steer=-263 m1=341/7145 i1=52 t1=28 m2=-348/-10043 i2=-202 t2=27 steerMode=-1449/290 iSteer=-75158 driveMode=8594/16977 iDrive=126812 scale=0 wheel=25000
2026-07-07T14:52:09.384+00:00 VCP SET_TARGET_RX steer=315352 wheel=25000
2026-07-07T14:52:09.385+00:00 CAN id=101 dlc=8 data=d8cf0400a8610000
2026-07-07T14:52:09.405+00:00 CAN id=101 dlc=8 data=d8cf0400a8610000
2026-07-07T14:52:09.425+00:00 CAN id=101 dlc=8 data=d8cf0400a8610000
2026-07-07T14:52:09.445+00:00 CAN id=101 dlc=8 data=d8cf0400a8610000
2026-07-07T14:52:09.465+00:00 CAN id=101 dlc=8 data=d8cf0400a8610000
2026-07-07T14:52:09.485+00:00 CAN id=101 dlc=8 data=d8cf0400a8610000
2026-07-07T14:52:09.506+00:00 CAN id=101 dlc=8 data=d8cf0400a8610000
2026-07-07T14:52:09.526+00:00 CAN id=101 dlc=8 data=d8cf0400a8610000
2026-07-07T14:52:09.545+00:00 CAN id=101 dlc=8 data=d8cf0400a8610000
2026-07-07T14:52:09.566+00:00 CAN id=101 dlc=8 data=d8cf0400a8610000
2026-07-07T14:52:09.574+00:00 VCP run=1 step=0 angle=315791 target=315352 err=-439 steer=0 m1=278/8594 i1=192 t1=28 m2=-335/-8594 i2=-51 t2=27 steerMode=0/-1183 iSteer=70610 driveMode=8594/15303 iDrive=121211 scale=0 wheel=25000
2026-07-07T14:52:09.574+00:00 VCP run=1 step=0 angle=315791 target=315352 err=-439 steer=0 m1=274/8594 i1=94 t1=28 m2=-304/-8594 i2=-145 t2=27 steerMode=0/717 iSteer=-25334 driveMode=8594/13510 iDrive=119748 scale=0 wheel=25000
2026-07-07T14:52:09.585+00:00 CAN id=101 dlc=8 data=d8cf0400a8610000
2026-07-07T14:52:09.605+00:00 CAN id=101 dlc=8 data=d8cf0400a8610000
2026-07-07T14:52:09.625+00:00 CAN id=101 dlc=8 data=d8cf0400a8610000
2026-07-07T14:52:09.645+00:00 CAN id=101 dlc=8 data=d8cf0400a8610000
2026-07-07T14:52:09.666+00:00 CAN id=101 dlc=8 data=d8cf0400a8610000
2026-07-07T14:52:09.676+00:00 VCP run=1 step=0 angle=315879 target=315352 err=-527 steer=-263 m1=200/7145 i1=80 t1=28 m2=-201/-10043 i2=-168 t2=27 steerMode=-1449/-404 iSteer=-44046 driveMode=8594/11245 iDrive=123914 scale=0 wheel=25000
2026-07-07T14:52:09.685+00:00 CAN id=101 dlc=8 data=d8cf0400a8610000
2026-07-07T14:52:09.706+00:00 CAN id=101 dlc=8 data=d8cf0400a8610000
2026-07-07T14:52:09.726+00:00 CAN id=101 dlc=8 data=d8cf0400a8610000
2026-07-07T14:52:09.746+00:00 CAN id=101 dlc=8 data=d8cf0400a8610000
2026-07-07T14:52:09.767+00:00 CAN id=101 dlc=8 data=d8cf0400a8610000
2026-07-07T14:52:09.781+00:00 VCP run=1 step=0 angle=315703 target=315352 err=-351 steer=0 m1=198/8594 i1=122 t1=28 m2=-170/-8594 i2=-140 t2=27 steerMode=0/370 iSteer=-8943 driveMode=8594/9142 iDrive=130959 scale=0 wheel=25000
2026-07-07T14:52:09.785+00:00 CAN id=101 dlc=8 data=d8cf0400a8610000
2026-07-07T14:52:09.806+00:00 CAN id=101 dlc=8 data=d8cf0400a8610000
2026-07-07T14:52:09.825+00:00 CAN id=101 dlc=8 data=d8cf0400a8610000
2026-07-07T14:52:09.845+00:00 CAN id=101 dlc=8 data=d8cf0400a8610000
2026-07-07T14:52:09.866+00:00 CAN id=101 dlc=8 data=d8cf0400a8610000
2026-07-07T14:52:09.883+00:00 VCP run=1 step=0 angle=315879 target=315352 err=-527 steer=-263 m1=113/7145 i1=90 t1=28 m2=-199/-10043 i2=-189 t2=27 steerMode=-1449/-325 iSteer=-49373 driveMode=8594/7566 iDrive=139152 scale=0 wheel=25000
2026-07-07T14:52:09.883+00:00 VCP SET_TARGET_RX steer=315352 wheel=25000
2026-07-07T14:52:09.886+00:00 CAN id=101 dlc=8 data=d8cf0400a8610000
2026-07-07T14:52:09.905+00:00 CAN id=101 dlc=8 data=d8cf0400a8610000
2026-07-07T14:52:09.925+00:00 CAN id=101 dlc=8 data=d8cf0400a8610000
2026-07-07T14:52:09.945+00:00 CAN id=101 dlc=8 data=d8cf0400a8610000
2026-07-07T14:52:09.966+00:00 CAN id=101 dlc=8 data=d8cf0400a8610000
2026-07-07T14:52:09.986+00:00 CAN id=101 dlc=8 data=d8cf0400a8610000
2026-07-07T14:52:10.006+00:00 CAN id=101 dlc=8 data=d8cf0400a8610000
2026-07-07T14:52:10.027+00:00 CAN id=101 dlc=8 data=d8cf0400a8610000
2026-07-07T14:52:10.046+00:00 CAN id=101 dlc=8 data=d8cf0400a8610000
2026-07-07T14:52:10.067+00:00 CAN id=101 dlc=8 data=d8cf0400a8610000
2026-07-07T14:52:10.070+00:00 VCP run=1 step=0 angle=315703 target=315352 err=-351 steer=0 m1=140/8594 i1=185 t1=28 m2=-105/-8594 i2=-109 t2=27 steerMode=0/-602 iSteer=38220 driveMode=8594/6617 iDrive=147262 scale=0 wheel=25000
2026-07-07T14:52:10.070+00:00 VCP run=1 step=0 angle=315879 target=315352 err=-527 steer=-263 m1=71/7145 i1=50 t1=28 m2=-72/-10043 i2=-268 t2=27 steerMode=-1449/844 iSteer=-109276 driveMode=8594/5303 iDrive=158868 scale=0 wheel=25000
2026-07-07T14:52:10.085+00:00 CAN id=101 dlc=8 data=d8cf0400a8610000
2026-07-07T14:52:10.105+00:00 CAN id=101 dlc=8 data=d8cf0400a8610000
2026-07-07T14:52:10.125+00:00 CAN id=101 dlc=8 data=d8cf0400a8610000
2026-07-07T14:52:10.145+00:00 CAN id=101 dlc=8 data=d8cf0400a8610000
2026-07-07T14:52:10.165+00:00 CAN id=101 dlc=8 data=d8cf0400a8610000
2026-07-07T14:52:10.175+00:00 VCP run=1 step=0 angle=315703 target=315352 err=-351 steer=0 m1=125/8594 i1=178 t1=28 m2=-132/-8594 i2=-143 t2=27 steerMode=0/-225 iSteer=17532 driveMode=8594/5978 iDrive=160556 scale=0 wheel=25000
2026-07-07T14:52:10.185+00:00 CAN id=101 dlc=8 data=d8cf0400a8610000
2026-07-07T14:52:10.205+00:00 CAN id=101 dlc=8 data=d8cf0400a8610000
2026-07-07T14:52:10.225+00:00 CAN id=101 dlc=8 data=d8cf0400a8610000
2026-07-07T14:52:10.245+00:00 CAN id=101 dlc=8 data=d8cf0400a8610000
2026-07-07T14:52:10.265+00:00 CAN id=101 dlc=8 data=d8cf0400a8610000
2026-07-07T14:52:10.281+00:00 VCP run=1 step=0 angle=315791 target=315352 err=-439 steer=0 m1=119/8594 i1=113 t1=28 m2=-111/-8594 i2=-206 t2=27 steerMode=0/1037 iSteer=-46637 driveMode=8594/6867 iDrive=159369 scale=0 wheel=25000
2026-07-07T14:52:10.285+00:00 CAN id=101 dlc=8 data=d8cf0400a8610000
2026-07-07T14:52:10.305+00:00 CAN id=101 dlc=8 data=d8cf0400a8610000
2026-07-07T14:52:10.327+00:00 CAN id=101 dlc=8 data=d8cf0400a8610000
2026-07-07T14:52:10.345+00:00 CAN id=101 dlc=8 data=d8cf0400a8610000
2026-07-07T14:52:10.365+00:00 CAN id=101 dlc=8 data=d8cf0400a8610000
2026-07-07T14:52:10.383+00:00 VCP run=1 step=0 angle=315791 target=315352 err=-439 steer=0 m1=159/8594 i1=234 t1=28 m2=-174/-8594 i2=-90 t2=27 steerMode=0/-1386 iSteer=71833 driveMode=8594/6985 iDrive=162214 scale=0 wheel=25000
2026-07-07T14:52:10.383+00:00 VCP SET_TARGET_RX steer=315352 wheel=25000
2026-07-07T14:52:10.385+00:00 CAN id=101 dlc=8 data=d8cf0400a8610000
2026-07-07T14:52:10.405+00:00 CAN id=101 dlc=8 data=d8cf0400a8610000
2026-07-07T14:52:10.427+00:00 CAN id=101 dlc=8 data=d8cf0400a8610000
2026-07-07T14:52:10.445+00:00 CAN id=101 dlc=8 data=d8cf0400a8610000
2026-07-07T14:52:10.465+00:00 CAN id=101 dlc=8 data=d8cf0400a8610000
2026-07-07T14:52:10.486+00:00 CAN id=101 dlc=8 data=d8cf0400a8610000
2026-07-07T14:52:10.506+00:00 CAN id=101 dlc=8 data=d8cf0400a8610000
2026-07-07T14:52:10.526+00:00 CAN id=101 dlc=8 data=d8cf0400a8610000
2026-07-07T14:52:10.546+00:00 CAN id=101 dlc=8 data=d8cf0400a8610000
2026-07-07T14:52:10.566+00:00 CAN id=101 dlc=8 data=d8cf0400a8610000
2026-07-07T14:52:10.572+00:00 VCP run=1 step=0 angle=315791 target=315352 err=-439 steer=0 m1=129/8594 i1=110 t1=28 m2=-84/-8594 i2=-227 t2=27 steerMode=0/1224 iSteer=-58544 driveMode=8594/6277 iDrive=168742 scale=0 wheel=25000
2026-07-07T14:52:10.572+00:00 VCP run=1 step=0 angle=315791 target=315352 err=-439 steer=0 m1=165/8594 i1=193 t1=28 m2=-124/-8594 i2=-153 t2=27 steerMode=0/-360 iSteer=19718 driveMode=8594/6436 iDrive=172873 scale=0 wheel=25000
2026-07-07T14:52:10.585+00:00 CAN id=101 dlc=8 data=d8cf0400a8610000
2026-07-07T14:52:10.605+00:00 CAN id=101 dlc=8 data=d8cf0400a8610000
2026-07-07T14:52:10.625+00:00 CAN id=101 dlc=8 data=d8cf0400a8610000
2026-07-07T14:52:10.645+00:00 CAN id=101 dlc=8 data=d8cf0400a8610000
2026-07-07T14:52:10.665+00:00 CAN id=101 dlc=8 data=d8cf0400a8610000
2026-07-07T14:52:10.677+00:00 VCP run=1 step=0 angle=315791 target=315352 err=-439 steer=0 m1=144/8594 i1=139 t1=28 m2=-137/-8594 i2=-201 t2=27 steerMode=0/629 iSteer=-30726 driveMode=8594/7482 iDrive=170011 scale=0 wheel=25000
2026-07-07T14:52:10.685+00:00 CAN id=101 dlc=8 data=d8cf0400a8610000
2026-07-07T14:52:10.705+00:00 CAN id=101 dlc=8 data=d8cf0400a8610000
2026-07-07T14:52:10.725+00:00 CAN id=101 dlc=8 data=d8cf0400a8610000
2026-07-07T14:52:10.745+00:00 CAN id=101 dlc=8 data=d8cf0400a8610000
2026-07-07T14:52:10.765+00:00 CAN id=101 dlc=8 data=d8cf0400a8610000
2026-07-07T14:52:10.781+00:00 VCP run=1 step=0 angle=315879 target=315352 err=-527 steer=-263 m1=177/7145 i1=145 t1=28 m2=-214/-10043 i2=-187 t2=27 steerMode=-1449/-1074 iSteer=-21019 driveMode=8594/8556 iDrive=165889 scale=0 wheel=25000
2026-07-07T14:52:10.785+00:00 CAN id=101 dlc=8 data=d8cf0400a8610000
2026-07-07T14:52:10.805+00:00 CAN id=101 dlc=8 data=d8cf0400a8610000
2026-07-07T14:52:10.825+00:00 CAN id=101 dlc=8 data=d8cf0400a8610000
2026-07-07T14:52:10.845+00:00 CAN id=101 dlc=8 data=d8cf0400a8610000
2026-07-07T14:52:10.866+00:00 CAN id=101 dlc=8 data=d8cf0400a8610000
2026-07-07T14:52:10.884+00:00 VCP run=1 step=0 angle=315703 target=315352 err=-351 steer=0 m1=184/8594 i1=145 t1=28 m2=-178/-8594 i2=-188 t2=27 steerMode=0/415 iSteer=-21523 driveMode=8594/8436 iDrive=166582 scale=0 wheel=25000
2026-07-07T14:52:10.884+00:00 VCP SET_TARGET_RX steer=315352 wheel=25000
2026-07-07T14:52:10.885+00:00 CAN id=101 dlc=8 data=d8cf0400a8610000
2026-07-07T14:52:10.905+00:00 CAN id=101 dlc=8 data=d8cf0400a8610000
2026-07-07T14:52:10.925+00:00 CAN id=101 dlc=8 data=d8cf0400a8610000
2026-07-07T14:52:10.946+00:00 CAN id=101 dlc=8 data=d8cf0400a8610000
2026-07-07T14:52:10.965+00:00 CAN id=101 dlc=8 data=d8cf0400a8610000
2026-07-07T14:52:10.985+00:00 CAN id=101 dlc=8 data=d8cf0400a8610000
2026-07-07T14:52:11.005+00:00 CAN id=101 dlc=8 data=d8cf0400a8610000
2026-07-07T14:52:11.025+00:00 CAN id=101 dlc=8 data=d8cf0400a8610000
2026-07-07T14:52:11.045+00:00 CAN id=101 dlc=8 data=d8cf0400a8610000
2026-07-07T14:52:11.065+00:00 CAN id=101 dlc=8 data=d8cf0400a8610000
2026-07-07T14:52:11.070+00:00 VCP run=1 step=0 angle=315879 target=315352 err=-527 steer=-263 m1=92/7145 i1=113 t1=28 m2=-227/-10043 i2=-232 t2=27 steerMode=-1449/-378 iSteer=-59066 driveMode=8594/7576 iDrive=172562 scale=0 wheel=25000
2026-07-07T14:52:11.071+00:00 VCP run=1 step=0 angle=315703 target=315352 err=-351 steer=0 m1=113/8594 i1=123 t1=28 m2=-86/-8594 i2=-237 t2=27 steerMode=0/1050 iSteer=-56821 driveMode=8594/6579 iDrive=179827 scale=0 wheel=25000
2026-07-07T14:52:11.085+00:00 CAN id=101 dlc=8 data=d8cf0400a8610000
2026-07-07T14:52:11.105+00:00 CAN id=101 dlc=8 data=d8cf0400a8610000
2026-07-07T14:52:11.125+00:00 CAN id=101 dlc=8 data=d8cf0400a8610000
2026-07-07T14:52:11.145+00:00 CAN id=101 dlc=8 data=d8cf0400a8610000
2026-07-07T14:52:11.165+00:00 CAN id=101 dlc=8 data=d8cf0400a8610000
2026-07-07T14:52:11.175+00:00 VCP run=1 step=0 angle=315967 target=315352 err=-615 steer=-307 m1=108/6903 i1=103 t1=28 m2=-116/-10284 i2=-276 t2=27 steerMode=-1691/-159 iSteer=-86245 driveMode=8594/5700 iDrive=189511 scale=0 wheel=25000
2026-07-07T14:52:11.187+00:00 CAN id=101 dlc=8 data=d8cf0400a8610000
2026-07-07T14:52:11.205+00:00 CAN id=101 dlc=8 data=d8cf0400a8610000
2026-07-07T14:52:11.225+00:00 CAN id=101 dlc=8 data=d8cf0400a8610000
2026-07-07T14:52:11.245+00:00 CAN id=101 dlc=8 data=d8cf0400a8610000
2026-07-07T14:52:11.265+00:00 CAN id=101 dlc=8 data=d8cf0400a8610000
2026-07-07T14:52:11.280+00:00 VCP run=1 step=0 angle=315703 target=315352 err=-351 steer=0 m1=92/8594 i1=318 t1=28 m2=-132/-8594 i2=-78 t2=27 steerMode=0/-2559 iSteer=119820 driveMode=8594/5187 iDrive=197767 scale=0 wheel=25000
2026-07-07T14:52:11.285+00:00 CAN id=101 dlc=8 data=d8cf0400a8610000
2026-07-07T14:52:11.305+00:00 CAN id=101 dlc=8 data=d8cf0400a8610000
2026-07-07T14:52:11.325+00:00 CAN id=101 dlc=8 data=d8cf0400a8610000
2026-07-07T14:52:11.345+00:00 CAN id=101 dlc=8 data=d8cf0400a8610000
2026-07-07T14:52:11.365+00:00 CAN id=101 dlc=8 data=d8cf0400a8610000
2026-07-07T14:52:11.382+00:00 VCP run=1 step=0 angle=315879 target=315352 err=-527 steer=-263 m1=79/7145 i1=77 t1=28 m2=-97/-10043 i2=-331 t2=27 steerMode=-1449/827 iSteer=-126822 driveMode=8594/5207 iDrive=204249 scale=0 wheel=25000
2026-07-07T14:52:11.382+00:00 VCP SET_TARGET_RX steer=315352 wheel=25000
2026-07-07T14:52:11.385+00:00 CAN id=101 dlc=8 data=d8cf0400a8610000
2026-07-07T14:52:11.406+00:00 CAN id=101 dlc=8 data=d8cf0400a8610000
2026-07-07T14:52:11.427+00:00 CAN id=101 dlc=8 data=d8cf0400a8610000
2026-07-07T14:52:11.445+00:00 CAN id=101 dlc=8 data=d8cf0400a8610000
2026-07-07T14:52:11.465+00:00 CAN id=101 dlc=8 data=d8cf0400a8610000
2026-07-07T14:52:11.485+00:00 CAN id=101 dlc=8 data=d8cf0400a8610000
2026-07-07T14:52:11.506+00:00 CAN id=101 dlc=8 data=d8cf0400a8610000
2026-07-07T14:52:11.525+00:00 CAN id=101 dlc=8 data=d8cf0400a8610000
2026-07-07T14:52:11.545+00:00 CAN id=101 dlc=8 data=d8cf0400a8610000
2026-07-07T14:52:11.565+00:00 CAN id=101 dlc=8 data=d8cf0400a8610000
2026-07-07T14:52:11.569+00:00 VCP run=1 step=0 angle=315791 target=315352 err=-439 steer=-113 m1=0/7970 i1=329 t1=28 m2=-153/-9218 i2=-119 t2=27 steerMode=-624/-2953 iSteer=105087 driveMode=8594/3043 iDrive=223791 scale=0 wheel=25000
2026-07-07T14:52:11.570+00:00 VCP run=1 step=0 angle=315439 target=315352 err=-87 steer=0 m1=89/8594 i1=164 t1=28 m2=10/-8594 i2=-333 t2=27 steerMode=0/1550 iSteer=-84684 driveMode=8594/590 iDrive=248550 scale=0 wheel=25000
2026-07-07T14:52:11.585+00:00 CAN id=101 dlc=8 data=d8cf0400a8610000
2026-07-07T14:52:11.606+00:00 CAN id=101 dlc=8 data=d8cf0400a8610000
2026-07-07T14:52:11.625+00:00 CAN id=101 dlc=8 data=d8cf0400a8610000
2026-07-07T14:52:11.646+00:00 CAN id=101 dlc=8 data=d8cf0400a8610000
2026-07-07T14:52:11.665+00:00 CAN id=101 dlc=8 data=d8cf0400a8610000
2026-07-07T14:52:11.675+00:00 VCP run=1 step=0 angle=315615 target=315352 err=-263 steer=0 m1=140/8594 i1=106 t1=28 m2=0/-8594 i2=-395 t2=27 steerMode=0/2615 iSteer=-144708 driveMode=8594/2624 iDrive=250422 scale=0 wheel=25000
2026-07-07T14:52:11.685+00:00 CAN id=101 dlc=8 data=d8cf0400a8610000
2026-07-07T14:52:11.705+00:00 CAN id=101 dlc=8 data=d8cf0400a8610000
2026-07-07T14:52:11.725+00:00 CAN id=101 dlc=8 data=d8cf0400a8610000
2026-07-07T14:52:11.745+00:00 CAN id=101 dlc=8 data=d8cf0400a8610000
2026-07-07T14:52:11.766+00:00 CAN id=101 dlc=8 data=d8cf0400a8610000
2026-07-07T14:52:11.780+00:00 VCP run=1 step=0 angle=316055 target=315352 err=-703 steer=-351 m1=23/6661 i1=154 t1=28 m2=0/-10526 i2=-399 t2=27 steerMode=-1932/66 iSteer=-122465 driveMode=8594/71 iDrive=276208 scale=0 wheel=25000
2026-07-07T14:52:11.786+00:00 CAN id=101 dlc=8 data=d8cf0400a8610000
2026-07-07T14:52:11.806+00:00 CAN id=101 dlc=8 data=d8cf0400a8610000
2026-07-07T14:52:11.826+00:00 CAN id=101 dlc=8 data=d8cf0400a8610000
2026-07-07T14:52:11.846+00:00 CAN id=101 dlc=8 data=d8cf0400a8610000
2026-07-07T14:52:11.866+00:00 CAN id=101 dlc=8 data=d8cf0400a8610000
2026-07-07T14:52:11.883+00:00 VCP run=1 step=0 angle=316143 target=315352 err=-791 steer=-395 m1=0/6420 i1=155 t1=28 m2=0/-10768 i2=-430 t2=27 steerMode=-2174/-6 iSteer=-137176 driveMode=8594/-6 iDrive=292456 scale=0 wheel=25000
2026-07-07T14:52:11.883+00:00 VCP SET_TARGET_RX steer=315352 wheel=25000
2026-07-07T14:52:11.885+00:00 CAN id=101 dlc=8 data=d8cf0400a8610000
2026-07-07T14:52:11.905+00:00 CAN id=101 dlc=8 data=d8cf0400a8610000
2026-07-07T14:52:11.925+00:00 CAN id=101 dlc=8 data=d8cf0400a8610000
2026-07-07T14:52:11.946+00:00 CAN id=101 dlc=8 data=d8cf0400a8610000
2026-07-07T14:52:11.966+00:00 CAN id=101 dlc=8 data=d8cf0400a8610000
2026-07-07T14:52:11.985+00:00 CAN id=101 dlc=8 data=d8cf0400a8610000
2026-07-07T14:52:12.005+00:00 CAN id=101 dlc=8 data=d8cf0400a8610000
2026-07-07T14:52:12.026+00:00 CAN id=101 dlc=8 data=d8cf0400a8610000
2026-07-07T14:52:12.046+00:00 CAN id=101 dlc=8 data=d8cf0400a8610000
2026-07-07T14:52:12.066+00:00 CAN id=101 dlc=8 data=d8cf0400a8610000
2026-07-07T14:52:12.071+00:00 VCP run=1 step=0 angle=316143 target=315352 err=-791 steer=-395 m1=0/6420 i1=165 t1=28 m2=0/-10768 i2=-452 t2=27 steerMode=-2174/0 iSteer=-143576 driveMode=8594/0 iDrive=308586 scale=0 wheel=25000
2026-07-07T14:52:12.071+00:00 VCP run=1 step=0 angle=316143 target=315352 err=-791 steer=-395 m1=0/6420 i1=175 t1=28 m2=0/-10768 i2=-474 t2=27 steerMode=-2174/0 iSteer=-149667 driveMode=8594/0 iDrive=324742 scale=0 wheel=25000
2026-07-07T14:52:12.085+00:00 CAN id=101 dlc=8 data=d8cf0400a8610000
2026-07-07T14:52:12.105+00:00 CAN id=101 dlc=8 data=d8cf0400a8610000
2026-07-07T14:52:12.126+00:00 CAN id=101 dlc=8 data=d8cf0400a8610000
2026-07-07T14:52:12.145+00:00 CAN id=101 dlc=8 data=d8cf0400a8610000
2026-07-07T14:52:12.165+00:00 CAN id=101 dlc=8 data=d8cf0400a8610000
2026-07-07T14:52:12.176+00:00 VCP run=1 step=0 angle=316143 target=315352 err=-791 steer=-395 m1=0/6420 i1=186 t1=28 m2=-3/-10768 i2=-496 t2=27 steerMode=-2174/-11 iSteer=-155219 driveMode=8594/11 iDrive=340837 scale=0 wheel=25000
2026-07-07T14:52:12.185+00:00 CAN id=101 dlc=8 data=d8cf0400a8610000
2026-07-07T14:52:12.205+00:00 CAN id=101 dlc=8 data=d8cf0400a8610000
2026-07-07T14:52:12.226+00:00 CAN id=101 dlc=8 data=d8cf0400a8610000
2026-07-07T14:52:12.245+00:00 CAN id=101 dlc=8 data=d8cf0400a8610000
2026-07-07T14:52:12.265+00:00 CAN id=101 dlc=8 data=d8cf0400a8610000
2026-07-07T14:52:12.282+00:00 VCP run=1 step=0 angle=316143 target=315352 err=-791 steer=-395 m1=0/6420 i1=195 t1=28 m2=0/-10768 i2=-519 t2=27 steerMode=-2174/-1 iSteer=-161758 driveMode=8594/1 iDrive=356843 scale=0 wheel=25000
2026-07-07T14:52:12.286+00:00 CAN id=101 dlc=8 data=d8cf0400a8610000
2026-07-07T14:52:12.307+00:00 CAN id=101 dlc=8 data=d8cf0400a8610000
2026-07-07T14:52:12.325+00:00 CAN id=101 dlc=8 data=d8cf0400a8610000
2026-07-07T14:52:12.346+00:00 CAN id=101 dlc=8 data=d8cf0400a8610000
2026-07-07T14:52:12.365+00:00 CAN id=101 dlc=8 data=d8cf0400a8610000
2026-07-07T14:52:12.383+00:00 VCP run=1 step=0 angle=316143 target=315352 err=-791 steer=-395 m1=0/6420 i1=205 t1=28 m2=0/-10768 i2=-541 t2=27 steerMode=-2174/0 iSteer=-167903 driveMode=8594/0 iDrive=373003 scale=0 wheel=25000
2026-07-07T14:52:12.383+00:00 VCP SET_TARGET_RX steer=315352 wheel=25000
2026-07-07T14:52:12.385+00:00 CAN id=101 dlc=8 data=d8cf0400a8610000
2026-07-07T14:52:12.406+00:00 CAN id=101 dlc=8 data=d8cf0400a8610000
2026-07-07T14:52:12.425+00:00 CAN id=101 dlc=8 data=d8cf0400a8610000
2026-07-07T14:52:12.446+00:00 CAN id=101 dlc=8 data=d8cf0400a8610000
2026-07-07T14:52:12.465+00:00 CAN id=101 dlc=8 data=d8cf0400a8610000
2026-07-07T14:52:12.485+00:00 CAN id=101 dlc=8 data=d8cf0400a8610000
2026-07-07T14:52:12.505+00:00 CAN id=101 dlc=8 data=d8cf0400a8610000
2026-07-07T14:52:12.525+00:00 CAN id=101 dlc=8 data=d8cf0400a8610000
2026-07-07T14:52:12.545+00:00 CAN id=101 dlc=8 data=d8cf0400a8610000
2026-07-07T14:52:12.566+00:00 CAN id=101 dlc=8 data=d8cf0400a8610000
2026-07-07T14:52:12.571+00:00 VCP run=1 step=0 angle=316143 target=315352 err=-791 steer=-395 m1=0/6420 i1=215 t1=28 m2=0/-10768 i2=-563 t2=27 steerMode=-2174/-2 iSteer=-173906 driveMode=8594/2 iDrive=389134 scale=0 wheel=25000
2026-07-07T14:52:12.572+00:00 VCP run=1 step=0 angle=316143 target=315352 err=-791 steer=-395 m1=0/6420 i1=225 t1=28 m2=0/-10768 i2=-585 t2=27 steerMode=-2174/0 iSteer=-180043 driveMode=8594/0 iDrive=405126 scale=0 wheel=25000
2026-07-07T14:52:12.585+00:00 CAN id=101 dlc=8 data=d8cf0400a8610000
2026-07-07T14:52:12.605+00:00 CAN id=101 dlc=8 data=d8cf0400a8610000
2026-07-07T14:52:12.625+00:00 CAN id=101 dlc=8 data=d8cf0400a8610000
2026-07-07T14:52:12.645+00:00 CAN id=101 dlc=8 data=d8cf0400a8610000
2026-07-07T14:52:12.666+00:00 CAN id=101 dlc=8 data=d8cf0400a8610000
2026-07-07T14:52:12.677+00:00 VCP run=1 step=0 angle=316143 target=315352 err=-791 steer=-395 m1=0/6420 i1=236 t1=28 m2=0/-10768 i2=-606 t2=27 steerMode=-2174/-25 iSteer=-184885 driveMode=8594/25 iDrive=421147 scale=0 wheel=25000
2026-07-07T14:52:12.685+00:00 CAN id=101 dlc=8 data=d8cf0400a8610000
2026-07-07T14:52:12.705+00:00 CAN id=101 dlc=8 data=d8cf0400a8610000
2026-07-07T14:52:12.726+00:00 CAN id=101 dlc=8 data=d8cf0400a8610000
2026-07-07T14:52:12.746+00:00 CAN id=101 dlc=8 data=d8cf0400a8610000
2026-07-07T14:52:12.766+00:00 CAN id=101 dlc=8 data=d8cf0400a8610000
2026-07-07T14:52:12.782+00:00 VCP run=1 step=0 angle=316143 target=315352 err=-791 steer=-395 m1=0/6420 i1=245 t1=28 m2=0/-10768 i2=-629 t2=27 steerMode=-2174/0 iSteer=-192186 driveMode=8594/0 iDrive=437247 scale=0 wheel=25000
2026-07-07T14:52:12.785+00:00 CAN id=101 dlc=8 data=d8cf0400a8610000
2026-07-07T14:52:12.805+00:00 CAN id=101 dlc=8 data=d8cf0400a8610000
2026-07-07T14:52:12.825+00:00 CAN id=101 dlc=8 data=d8cf0400a8610000
2026-07-07T14:52:12.846+00:00 CAN id=101 dlc=8 data=d8cf0400a8610000
2026-07-07T14:52:12.867+00:00 CAN id=101 dlc=8 data=d8cf0400a8610000
2026-07-07T14:52:12.885+00:00 CAN id=101 dlc=8 data=d8cf0400a8610000
2026-07-07T14:52:12.886+00:00 VCP run=1 step=0 angle=316143 target=315352 err=-791 steer=-395 m1=0/6420 i1=257 t1=28 m2=-3/-10768 i2=-650 t2=27 steerMode=-2174/-32 iSteer=-196729 driveMode=8594/32 iDrive=453242 scale=0 wheel=25000
2026-07-07T14:52:12.886+00:00 VCP SET_TARGET_RX steer=315352 wheel=25000
2026-07-07T14:52:12.905+00:00 CAN id=101 dlc=8 data=d8cf0400a8610000
2026-07-07T14:52:12.925+00:00 CAN id=101 dlc=8 data=d8cf0400a8610000
2026-07-07T14:52:12.945+00:00 CAN id=101 dlc=8 data=d8cf0400a8610000
2026-07-07T14:52:12.966+00:00 CAN id=101 dlc=8 data=d8cf0400a8610000
2026-07-07T14:52:12.985+00:00 CAN id=101 dlc=8 data=d8cf0400a8610000
2026-07-07T14:52:13.006+00:00 CAN id=101 dlc=8 data=d8cf0400a8610000
2026-07-07T14:52:13.025+00:00 CAN id=101 dlc=8 data=d8cf0400a8610000
2026-07-07T14:52:13.045+00:00 CAN id=101 dlc=8 data=d8cf0400a8610000
2026-07-07T14:52:13.065+00:00 CAN id=101 dlc=8 data=d8cf0400a8610000
2026-07-07T14:52:13.074+00:00 VCP run=1 step=0 angle=316143 target=315352 err=-791 steer=-395 m1=0/6420 i1=265 t1=28 m2=0/-10768 i2=-674 t2=27 steerMode=-2174/-1 iSteer=-204414 driveMode=8594/1 iDrive=469695 scale=0 wheel=25000
2026-07-07T14:52:13.074+00:00 VCP run=1 step=0 angle=316143 target=315352 err=-791 steer=-395 m1=0/6420 i1=275 t1=28 m2=0/-10768 i2=-696 t2=27 steerMode=-2174/-5 iSteer=-210287 driveMode=8594/-5 iDrive=485706 scale=0 wheel=25000
2026-07-07T14:52:13.085+00:00 CAN id=101 dlc=8 data=d8cf0400a8610000
2026-07-07T14:52:13.106+00:00 CAN id=101 dlc=8 data=d8cf0400a8610000
2026-07-07T14:52:13.125+00:00 CAN id=101 dlc=8 data=d8cf0400a8610000
2026-07-07T14:52:13.146+00:00 CAN id=101 dlc=8 data=d8cf0400a8610000
2026-07-07T14:52:13.165+00:00 CAN id=101 dlc=8 data=d8cf0400a8610000
2026-07-07T14:52:13.179+00:00 VCP run=1 step=0 angle=316143 target=315352 err=-791 steer=-395 m1=0/6420 i1=285 t1=28 m2=0/-10768 i2=-718 t2=27 steerMode=-2174/-8 iSteer=-216133 driveMode=8594/8 iDrive=501610 scale=0 wheel=25000
2026-07-07T14:52:13.185+00:00 CAN id=101 dlc=8 data=d8cf0400a8610000
2026-07-07T14:52:13.205+00:00 CAN id=101 dlc=8 data=d8cf0400a8610000
2026-07-07T14:52:13.226+00:00 CAN id=101 dlc=8 data=d8cf0400a8610000
2026-07-07T14:52:13.247+00:00 CAN id=101 dlc=8 data=d8cf0400a8610000
2026-07-07T14:52:13.265+00:00 CAN id=101 dlc=8 data=d8cf0400a8610000
2026-07-07T14:52:13.284+00:00 VCP run=1 step=0 angle=316143 target=315352 err=-791 steer=-395 m1=0/6420 i1=295 t1=28 m2=0/-10768 i2=-740 t2=27 steerMode=-2174/-1 iSteer=-222639 driveMode=8594/0 iDrive=517809 scale=0 wheel=25000
2026-07-07T14:52:13.285+00:00 CAN id=101 dlc=8 data=d8cf0400a8610000
2026-07-07T14:52:13.306+00:00 CAN id=101 dlc=8 data=d8cf0400a8610000
2026-07-07T14:52:13.325+00:00 CAN id=101 dlc=8 data=d8cf0400a8610000
2026-07-07T14:52:13.345+00:00 CAN id=101 dlc=8 data=d8cf0400a8610000
2026-07-07T14:52:13.365+00:00 CAN id=101 dlc=8 data=d8cf0400a8610000
2026-07-07T14:52:13.385+00:00 CAN id=101 dlc=8 data=d8cf0400a8610000
2026-07-07T14:52:13.389+00:00 VCP run=1 step=0 angle=316143 target=315352 err=-791 steer=-395 m1=0/6420 i1=305 t1=28 m2=0/-10768 i2=-763 t2=27 steerMode=-2174/-3 iSteer=-228642 driveMode=8594/3 iDrive=533933 scale=0 wheel=25000
2026-07-07T14:52:13.390+00:00 VCP run=1 step=0 angle=316143 target=315352 err=-791 steer=-395 m1=2/6420 i1=315 t1=28 m2=0/-10768 i2=-785 t2=27 steerMode=-2174/2 iSteer=-234965 driveMode=8594/17 iDrive=550001 scale=0 wheel=25000
2026-07-07T14:52:13.405+00:00 CAN id=101 dlc=8 data=d8cf0400a8610000
2026-07-07T14:52:13.425+00:00 CAN id=101 dlc=8 data=d8cf0400a8610000
2026-07-07T14:52:13.445+00:00 CAN id=101 dlc=8 data=d8cf0400a8610000
2026-07-07T14:52:13.465+00:00 CAN id=101 dlc=8 data=d8cf0400a8610000
2026-07-07T14:52:13.485+00:00 CAN id=101 dlc=8 data=d8cf0400a8610000
2026-07-07T14:52:13.505+00:00 CAN id=101 dlc=8 data=d8cf0400a8610000
2026-07-07T14:52:13.526+00:00 CAN id=101 dlc=8 data=d8cf0400a8610000
2026-07-07T14:52:13.546+00:00 CAN id=101 dlc=8 data=d8cf0400a8610000
2026-07-07T14:52:13.565+00:00 CAN id=101 dlc=8 data=d8cf0400a8610000
2026-07-07T14:52:13.574+00:00 VCP SET_TARGET_RX steer=315352 wheel=25000
2026-07-07T14:52:13.574+00:00 VCP run=1 step=0 angle=316143 target=315352 err=-791 steer=-395 m1=0/6420 i1=325 t1=28 m2=0/-10768 i2=-807 t2=27 steerMode=-2174/0 iSteer=-241011 driveMode=8594/0 iDrive=566235 scale=0 wheel=25000
2026-07-07T14:52:13.586+00:00 CAN id=101 dlc=8 data=d8cf0400a8610000
2026-07-07T14:52:13.605+00:00 CAN id=101 dlc=8 data=d8cf0400a8610000
2026-07-07T14:52:13.625+00:00 CAN id=101 dlc=8 data=d8cf0400a8610000
2026-07-07T14:52:13.645+00:00 CAN id=101 dlc=8 data=d8cf0400a8610000
2026-07-07T14:52:13.665+00:00 CAN id=101 dlc=8 data=d8cf0400a8610000
2026-07-07T14:52:13.680+00:00 VCP run=1 step=0 angle=316143 target=315352 err=-791 steer=-395 m1=0/6420 i1=335 t1=28 m2=0/-10768 i2=-830 t2=27 steerMode=-2174/0 iSteer=-247126 driveMode=8594/0 iDrive=582392 scale=0 wheel=25000
2026-07-07T14:52:13.685+00:00 CAN id=101 dlc=8 data=d8cf0400a8610000
2026-07-07T14:52:13.706+00:00 CAN id=101 dlc=8 data=d8cf0400a8610000
2026-07-07T14:52:13.726+00:00 CAN id=101 dlc=8 data=d8cf0400a8610000
2026-07-07T14:52:13.745+00:00 CAN id=101 dlc=8 data=d8cf0400a8610000
2026-07-07T14:52:13.766+00:00 CAN id=101 dlc=8 data=d8cf0400a8610000
2026-07-07T14:52:13.785+00:00 VCP run=1 step=0 angle=316143 target=315352 err=-791 steer=-395 m1=0/6420 i1=347 t1=28 m2=-3/-10768 i2=-850 t2=27 steerMode=-2174/-27 iSteer=-251899 driveMode=8594/27 iDrive=598411 scale=0 wheel=25000
2026-07-07T14:52:13.785+00:00 CAN id=101 dlc=8 data=d8cf0400a8610000
2026-07-07T14:52:13.805+00:00 CAN id=101 dlc=8 data=d8cf0400a8610000
2026-07-07T14:52:13.826+00:00 CAN id=101 dlc=8 data=d8cf0400a8610000
2026-07-07T14:52:13.847+00:00 CAN id=101 dlc=8 data=d8cf0400a8610000
2026-07-07T14:52:13.865+00:00 BENCH disable sent
2026-07-07T14:52:13.866+00:00 CAN id=121 dlc=2 data=0100
2026-07-07T14:52:13.866+00:00 CAN id=121 dlc=2 data=0100
2026-07-07T14:52:13.985+00:00 VCP run=1 step=0 angle=316143 target=315352 err=-791 steer=-395 m1=0/6420 i1=355 t1=28 m2=0/-10768 i2=-874 t2=27 steerMode=-2174/-2 iSteer=-259142 driveMode=8594/-1 iDrive=614509 scale=0 wheel=25000
2026-07-07T14:52:13.985+00:00 VCP UNIT_CTRL enable=0
2026-07-07T14:52:13.985+00:00 VCP UNIT_CTRL enable=0
2026-07-07T14:52:13.985+00:00 VCP STOP: disabled
2026-07-07T14:52:14.266+00:00 BENCH log closed
