2026-07-07T14:53:38.596+00:00 BENCH log opened: firmware/logs/lowrpm-floor150-rpm25.log
2026-07-07T14:53:38.597+00:00 BENCH run: steer=315.352deg (315352mdeg) wheel=25.0rpm (25000milli-rpm) rate=50.0Hz duration=10.0s
2026-07-07T14:53:38.597+00:00 BENCH enable sent
2026-07-07T14:53:38.597+00:00 CAN id=121 dlc=2 data=0101
2026-07-07T14:53:38.597+00:00 CAN id=101 dlc=8 data=d8cf0400a8610000
2026-07-07T14:53:38.617+00:00 CAN id=101 dlc=8 data=d8cf0400a8610000
2026-07-07T14:53:38.621+00:00 VCP ET_TARGET_RX steer=315352 wheel=25000
2026-07-07T14:53:38.621+00:00 VCP START_CAN: angle=316143 target=315352 wheelTarget=25000
2026-07-07T14:53:38.637+00:00 CAN id=101 dlc=8 data=d8cf0400a8610000
2026-07-07T14:53:38.657+00:00 CAN id=101 dlc=8 data=d8cf0400a8610000
2026-07-07T14:53:38.677+00:00 CAN id=101 dlc=8 data=d8cf0400a8610000
2026-07-07T14:53:38.697+00:00 CAN id=101 dlc=8 data=d8cf0400a8610000
2026-07-07T14:53:38.717+00:00 CAN id=101 dlc=8 data=d8cf0400a8610000
2026-07-07T14:53:38.737+00:00 CAN id=101 dlc=8 data=d8cf0400a8610000
2026-07-07T14:53:38.757+00:00 CAN id=101 dlc=8 data=d8cf0400a8610000
2026-07-07T14:53:38.777+00:00 CAN id=101 dlc=8 data=d8cf0400a8610000
2026-07-07T14:53:38.797+00:00 CAN id=101 dlc=8 data=d8cf0400a8610000
2026-07-07T14:53:38.804+00:00 VCP run=1 step=0 angle=316143 target=315352 err=-791 steer=-250 m1=0/-1031 i1=-67 t1=28 m2=0/-1719 i2=-71 t2=27 steerMode=-1375/0 iSteer=-68956 driveMode=344/0 iDrive=1753 scale=0 wheel=1000
2026-07-07T14:53:38.804+00:00 VCP run=1 step=0 angle=316143 target=315352 err=-791 steer=-395 m1=0/4288 i1=-75 t1=28 m2=0/-8637 i2=-152 t2=27 steerMode=-2174/-13 iSteer=-113846 driveMode=6462/10 iDrive=38421 scale=0 wheel=18800
2026-07-07T14:53:38.817+00:00 CAN id=101 dlc=8 data=d8cf0400a8610000
2026-07-07T14:53:38.837+00:00 CAN id=101 dlc=8 data=d8cf0400a8610000
2026-07-07T14:53:38.857+00:00 CAN id=101 dlc=8 data=d8cf0400a8610000
2026-07-07T14:53:38.877+00:00 CAN id=101 dlc=8 data=d8cf0400a8610000
2026-07-07T14:53:38.897+00:00 CAN id=101 dlc=8 data=d8cf0400a8610000
2026-07-07T14:53:38.910+00:00 VCP run=1 step=0 angle=316143 target=315352 err=-791 steer=-395 m1=0/6420 i1=-56 t1=28 m2=0/-10768 i2=-185 t2=27 steerMode=-2174/-2 iSteer=-120352 driveMode=8594/2 iDrive=64673 scale=0 wheel=25000
2026-07-07T14:53:38.917+00:00 CAN id=101 dlc=8 data=d8cf0400a8610000
2026-07-07T14:53:38.937+00:00 CAN id=101 dlc=8 data=d8cf0400a8610000
2026-07-07T14:53:38.957+00:00 CAN id=101 dlc=8 data=d8cf0400a8610000
2026-07-07T14:53:38.977+00:00 CAN id=101 dlc=8 data=d8cf0400a8610000
2026-07-07T14:53:38.997+00:00 CAN id=101 dlc=8 data=d8cf0400a8610000
2026-07-07T14:53:39.015+00:00 VCP run=1 step=0 angle=316143 target=315352 err=-791 steer=-395 m1=0/6420 i1=-46 t1=28 m2=0/-10768 i2=-207 t2=27 steerMode=-2174/0 iSteer=-126569 driveMode=8594/0 iDrive=80840 scale=0 wheel=25000
2026-07-07T14:53:39.017+00:00 CAN id=101 dlc=8 data=d8cf0400a8610000
2026-07-07T14:53:39.037+00:00 CAN id=101 dlc=8 data=d8cf0400a8610000
2026-07-07T14:53:39.057+00:00 CAN id=101 dlc=8 data=d8cf0400a8610000
2026-07-07T14:53:39.077+00:00 CAN id=101 dlc=8 data=d8cf0400a8610000
2026-07-07T14:53:39.097+00:00 CAN id=101 dlc=8 data=d8cf0400a8610000
2026-07-07T14:53:39.117+00:00 VCP run=1 step=0 angle=316143 target=315352 err=-791 steer=-395 m1=0/6420 i1=-35 t1=28 m2=0/-10768 i2=-229 t2=27 steerMode=-2174/-10 iSteer=-132139 driveMode=8594/10 iDrive=96932 scale=0 wheel=25000
2026-07-07T14:53:39.117+00:00 VCP SET_TARGET_RX steer=315352 wheel=25000
2026-07-07T14:53:39.117+00:00 CAN id=101 dlc=8 data=d8cf0400a8610000
2026-07-07T14:53:39.137+00:00 CAN id=101 dlc=8 data=d8cf0400a8610000
2026-07-07T14:53:39.157+00:00 CAN id=101 dlc=8 data=d8cf0400a8610000
2026-07-07T14:53:39.177+00:00 CAN id=101 dlc=8 data=d8cf0400a8610000
2026-07-07T14:53:39.197+00:00 CAN id=101 dlc=8 data=d8cf0400a8610000
2026-07-07T14:53:39.217+00:00 CAN id=101 dlc=8 data=d8cf0400a8610000
2026-07-07T14:53:39.237+00:00 CAN id=101 dlc=8 data=d8cf0400a8610000
2026-07-07T14:53:39.257+00:00 CAN id=101 dlc=8 data=d8cf0400a8610000
2026-07-07T14:53:39.277+00:00 CAN id=101 dlc=8 data=d8cf0400a8610000
2026-07-07T14:53:39.297+00:00 CAN id=101 dlc=8 data=d8cf0400a8610000
2026-07-07T14:53:39.305+00:00 VCP run=1 step=0 angle=316143 target=315352 err=-791 steer=-395 m1=0/6420 i1=-26 t1=28 m2=0/-10768 i2=-252 t2=27 steerMode=-2174/0 iSteer=-138667 driveMode=8594/0 iDrive=112960 scale=0 wheel=25000
2026-07-07T14:53:39.305+00:00 VCP run=1 step=0 angle=316143 target=315352 err=-791 steer=-395 m1=0/6420 i1=-16 t1=28 m2=0/-10768 i2=-274 t2=27 steerMode=-2174/-1 iSteer=-144658 driveMode=8594/1 iDrive=129098 scale=0 wheel=25000
2026-07-07T14:53:39.317+00:00 CAN id=101 dlc=8 data=d8cf0400a8610000
2026-07-07T14:53:39.337+00:00 CAN id=101 dlc=8 data=d8cf0400a8610000
2026-07-07T14:53:39.357+00:00 CAN id=101 dlc=8 data=d8cf0400a8610000
2026-07-07T14:53:39.377+00:00 CAN id=101 dlc=8 data=d8cf0400a8610000
2026-07-07T14:53:39.397+00:00 CAN id=101 dlc=8 data=d8cf0400a8610000
2026-07-07T14:53:39.411+00:00 VCP run=1 step=0 angle=316143 target=315352 err=-791 steer=-395 m1=0/6420 i1=-5 t1=28 m2=0/-10768 i2=-296 t2=27 steerMode=-2174/-4 iSteer=-150526 driveMode=8594/4 iDrive=145218 scale=0 wheel=25000
2026-07-07T14:53:39.417+00:00 CAN id=101 dlc=8 data=d8cf0400a8610000
2026-07-07T14:53:39.437+00:00 CAN id=101 dlc=8 data=d8cf0400a8610000
2026-07-07T14:53:39.457+00:00 CAN id=101 dlc=8 data=d8cf0400a8610000
2026-07-07T14:53:39.477+00:00 CAN id=101 dlc=8 data=d8cf0400a8610000
2026-07-07T14:53:39.497+00:00 CAN id=101 dlc=8 data=d8cf0400a8610000
2026-07-07T14:53:39.516+00:00 VCP run=1 step=0 angle=316143 target=315352 err=-791 steer=-395 m1=0/6420 i1=5 t1=28 m2=0/-10768 i2=-317 t2=27 steerMode=-2174/-15 iSteer=-156069 driveMode=8594/15 iDrive=161300 scale=0 wheel=25000
2026-07-07T14:53:39.517+00:00 CAN id=101 dlc=8 data=d8cf0400a8610000
2026-07-07T14:53:39.537+00:00 CAN id=101 dlc=8 data=d8cf0400a8610000
2026-07-07T14:53:39.557+00:00 CAN id=101 dlc=8 data=d8cf0400a8610000
2026-07-07T14:53:39.577+00:00 CAN id=101 dlc=8 data=d8cf0400a8610000
2026-07-07T14:53:39.597+00:00 CAN id=101 dlc=8 data=d8cf0400a8610000
2026-07-07T14:53:39.617+00:00 CAN id=101 dlc=8 data=d8cf0400a8610000
2026-07-07T14:53:39.618+00:00 VCP run=1 step=0 angle=316143 target=315352 err=-791 steer=-395 m1=0/6420 i1=14 t1=28 m2=0/-10768 i2=-341 t2=27 steerMode=-2174/4 iSteer=-163038 driveMode=8594/4 iDrive=177501 scale=0 wheel=25000
2026-07-07T14:53:39.618+00:00 VCP SET_TARGET_RX steer=315352 wheel=25000
2026-07-07T14:53:39.637+00:00 CAN id=101 dlc=8 data=d8cf0400a8610000
2026-07-07T14:53:39.657+00:00 CAN id=101 dlc=8 data=d8cf0400a8610000
2026-07-07T14:53:39.677+00:00 CAN id=101 dlc=8 data=d8cf0400a8610000
2026-07-07T14:53:39.697+00:00 CAN id=101 dlc=8 data=d8cf0400a8610000
2026-07-07T14:53:39.717+00:00 CAN id=101 dlc=8 data=d8cf0400a8610000
2026-07-07T14:53:39.737+00:00 CAN id=101 dlc=8 data=d8cf0400a8610000
2026-07-07T14:53:39.757+00:00 CAN id=101 dlc=8 data=d8cf0400a8610000
2026-07-07T14:53:39.777+00:00 CAN id=101 dlc=8 data=d8cf0400a8610000
2026-07-07T14:53:39.797+00:00 CAN id=101 dlc=8 data=d8cf0400a8610000
2026-07-07T14:53:39.806+00:00 VCP run=1 step=0 angle=316143 target=315352 err=-791 steer=-395 m1=0/6420 i1=25 t1=28 m2=0/-10768 i2=-362 t2=27 steerMode=-2174/-5 iSteer=-168666 driveMode=8594/5 iDrive=193628 scale=0 wheel=25000
2026-07-07T14:53:39.806+00:00 VCP run=1 step=0 angle=316143 target=315352 err=-791 steer=-395 m1=0/6420 i1=35 t1=28 m2=0/-10768 i2=-385 t2=27 steerMode=-2174/-1 iSteer=-174908 driveMode=8594/1 iDrive=209781 scale=0 wheel=25000
2026-07-07T14:53:39.817+00:00 CAN id=101 dlc=8 data=d8cf0400a8610000
2026-07-07T14:53:39.837+00:00 CAN id=101 dlc=8 data=d8cf0400a8610000
2026-07-07T14:53:39.857+00:00 CAN id=101 dlc=8 data=d8cf0400a8610000
2026-07-07T14:53:39.877+00:00 CAN id=101 dlc=8 data=d8cf0400a8610000
2026-07-07T14:53:39.897+00:00 CAN id=101 dlc=8 data=d8cf0400a8610000
2026-07-07T14:53:39.911+00:00 VCP run=1 step=0 angle=316143 target=315352 err=-791 steer=-395 m1=0/6420 i1=45 t1=28 m2=0/-10768 i2=-407 t2=27 steerMode=-2174/-4 iSteer=-180855 driveMode=8594/4 iDrive=225902 scale=0 wheel=25000
2026-07-07T14:53:39.917+00:00 CAN id=101 dlc=8 data=d8cf0400a8610000
2026-07-07T14:53:39.937+00:00 CAN id=101 dlc=8 data=d8cf0400a8610000
2026-07-07T14:53:39.957+00:00 CAN id=101 dlc=8 data=d8cf0400a8610000
2026-07-07T14:53:39.977+00:00 CAN id=101 dlc=8 data=d8cf0400a8610000
2026-07-07T14:53:39.997+00:00 CAN id=101 dlc=8 data=d8cf0400a8610000
2026-07-07T14:53:40.017+00:00 VCP run=1 step=0 angle=316143 target=315352 err=-791 steer=-395 m1=0/6420 i1=56 t1=28 m2=-3/-10768 i2=-427 t2=27 steerMode=-2174/-31 iSteer=-185534 driveMode=8594/31 iDrive=241902 scale=0 wheel=25000
2026-07-07T14:53:40.017+00:00 CAN id=101 dlc=8 data=d8cf0400a8610000
2026-07-07T14:53:40.037+00:00 CAN id=101 dlc=8 data=d8cf0400a8610000
2026-07-07T14:53:40.057+00:00 CAN id=101 dlc=8 data=d8cf0400a8610000
2026-07-07T14:53:40.077+00:00 CAN id=101 dlc=8 data=d8cf0400a8610000
2026-07-07T14:53:40.097+00:00 CAN id=101 dlc=8 data=d8cf0400a8610000
2026-07-07T14:53:40.117+00:00 CAN id=101 dlc=8 data=d8cf0400a8610000
2026-07-07T14:53:40.118+00:00 VCP run=1 step=0 angle=316143 target=315352 err=-791 steer=-395 m1=0/6420 i1=67 t1=28 m2=-3/-10768 i2=-448 t2=27 steerMode=-2174/-52 iSteer=-190373 driveMode=8594/50 iDrive=257748 scale=0 wheel=25000
2026-07-07T14:53:40.118+00:00 VCP SET_TARGET_RX steer=315352 wheel=25000
2026-07-07T14:53:40.137+00:00 CAN id=101 dlc=8 data=d8cf0400a8610000
2026-07-07T14:53:40.157+00:00 CAN id=101 dlc=8 data=d8cf0400a8610000
2026-07-07T14:53:40.177+00:00 CAN id=101 dlc=8 data=d8cf0400a8610000
2026-07-07T14:53:40.197+00:00 CAN id=101 dlc=8 data=d8cf0400a8610000
2026-07-07T14:53:40.217+00:00 CAN id=101 dlc=8 data=d8cf0400a8610000
2026-07-07T14:53:40.237+00:00 CAN id=101 dlc=8 data=d8cf0400a8610000
2026-07-07T14:53:40.257+00:00 CAN id=101 dlc=8 data=d8cf0400a8610000
2026-07-07T14:53:40.277+00:00 CAN id=101 dlc=8 data=d8cf0400a8610000
2026-07-07T14:53:40.297+00:00 CAN id=101 dlc=8 data=d8cf0400a8610000
2026-07-07T14:53:40.305+00:00 VCP run=1 step=0 angle=315879 target=315352 err=-527 steer=-263 m1=14/7145 i1=288 t1=28 m2=-176/-10043 i2=-207 t2=27 steerMode=-1449/-3943 iSteer=40637 driveMode=8594/4510 iDrive=247424 scale=0 wheel=25000
2026-07-07T14:53:40.306+00:00 VCP run=1 step=0 angle=314473 target=315352 err=879 steer=440 m1=0/11012 i1=469 t1=28 m2=-76/-6175 i2=-58 t2=27 steerMode=2418/-3132 iSteer=205205 driveMode=8594/3137 iDrive=263309 scale=0 wheel=25000
2026-07-07T14:53:40.317+00:00 CAN id=101 dlc=8 data=d8cf0400a8610000
2026-07-07T14:53:40.337+00:00 CAN id=101 dlc=8 data=d8cf0400a8610000
2026-07-07T14:53:40.357+00:00 CAN id=101 dlc=8 data=d8cf0400a8610000
2026-07-07T14:53:40.377+00:00 CAN id=101 dlc=8 data=d8cf0400a8610000
2026-07-07T14:53:40.397+00:00 CAN id=101 dlc=8 data=d8cf0400a8610000
2026-07-07T14:53:40.411+00:00 VCP run=1 step=0 angle=314385 target=315352 err=967 steer=484 m1=0/11254 i1=368 t1=28 m2=0/-5934 i2=-218 t2=27 steerMode=2660/-70 iSteer=74770 driveMode=8594/63 iDrive=292942 scale=0 wheel=25000
2026-07-07T14:53:40.417+00:00 CAN id=101 dlc=8 data=d8cf0400a8610000
2026-07-07T14:53:40.437+00:00 CAN id=101 dlc=8 data=d8cf0400a8610000
2026-07-07T14:53:40.457+00:00 CAN id=101 dlc=8 data=d8cf0400a8610000
2026-07-07T14:53:40.477+00:00 CAN id=101 dlc=8 data=d8cf0400a8610000
2026-07-07T14:53:40.497+00:00 CAN id=101 dlc=8 data=d8cf0400a8610000
2026-07-07T14:53:40.517+00:00 VCP run=1 step=0 angle=314297 target=315352 err=1055 steer=528 m1=0/11495 i1=401 t1=28 m2=0/-5692 i2=-218 t2=27 steerMode=2902/-2 iSteer=91651 driveMode=8594/1 iDrive=309372 scale=0 wheel=25000
2026-07-07T14:53:40.517+00:00 CAN id=101 dlc=8 data=d8cf0400a8610000
2026-07-07T14:53:40.537+00:00 CAN id=101 dlc=8 data=d8cf0400a8610000
2026-07-07T14:53:40.557+00:00 CAN id=101 dlc=8 data=d8cf0400a8610000
2026-07-07T14:53:40.577+00:00 CAN id=101 dlc=8 data=d8cf0400a8610000
2026-07-07T14:53:40.597+00:00 CAN id=101 dlc=8 data=d8cf0400a8610000
2026-07-07T14:53:40.617+00:00 CAN id=101 dlc=8 data=d8cf0400a8610000
2026-07-07T14:53:40.637+00:00 CAN id=101 dlc=8 data=d8cf0400a8610000
2026-07-07T14:53:40.657+00:00 CAN id=101 dlc=8 data=d8cf0400a8610000
2026-07-07T14:53:40.677+00:00 CAN id=101 dlc=8 data=d8cf0400a8610000
2026-07-07T14:53:40.697+00:00 CAN id=101 dlc=8 data=d8cf0400a8610000
2026-07-07T14:53:40.702+00:00 VCP run=1 step=0 angle=314297 target=315352 err=1055 steer=528 m1=0/11495 i1=425 t1=28 m2=0/-5692 i2=-226 t2=27 steerMode=2902/0 iSteer=99661 driveMode=8594/0 iDrive=325527 scale=0 wheel=25000
2026-07-07T14:53:40.702+00:00 VCP SET_TARGET_RX steer=315352 wheel=25000
2026-07-07T14:53:40.702+00:00 VCP run=1 step=0 angle=314385 target=315352 err=967 steer=484 m1=0/11254 i1=437 t1=28 m2=0/-5934 i2=-246 t2=27 steerMode=2660/0 iSteer=95684 driveMode=8594/0 iDrive=341685 scale=0 wheel=25000
2026-07-07T14:53:40.717+00:00 CAN id=101 dlc=8 data=d8cf0400a8610000
2026-07-07T14:53:40.737+00:00 CAN id=101 dlc=8 data=d8cf0400a8610000
2026-07-07T14:53:40.757+00:00 CAN id=101 dlc=8 data=d8cf0400a8610000
2026-07-07T14:53:40.777+00:00 CAN id=101 dlc=8 data=d8cf0400a8610000
2026-07-07T14:53:40.797+00:00 CAN id=101 dlc=8 data=d8cf0400a8610000
2026-07-07T14:53:40.808+00:00 VCP run=1 step=0 angle=314297 target=315352 err=1055 steer=528 m1=0/11495 i1=475 t1=28 m2=0/-5692 i2=-241 t2=27 steerMode=2902/-20 iSteer=116929 driveMode=8594/20 iDrive=357727 scale=0 wheel=25000
2026-07-07T14:53:40.817+00:00 CAN id=101 dlc=8 data=d8cf0400a8610000
2026-07-07T14:53:40.837+00:00 CAN id=101 dlc=8 data=d8cf0400a8610000
2026-07-07T14:53:40.857+00:00 CAN id=101 dlc=8 data=d8cf0400a8610000
2026-07-07T14:53:40.877+00:00 CAN id=101 dlc=8 data=d8cf0400a8610000
2026-07-07T14:53:40.897+00:00 CAN id=101 dlc=8 data=d8cf0400a8610000
2026-07-07T14:53:40.913+00:00 VCP run=1 step=0 angle=314297 target=315352 err=1055 steer=528 m1=0/11495 i1=498 t1=28 m2=0/-5692 i2=-250 t2=27 steerMode=2902/0 iSteer=124105 driveMode=8594/0 iDrive=373976 scale=0 wheel=25000
2026-07-07T14:53:40.917+00:00 CAN id=101 dlc=8 data=d8cf0400a8610000
2026-07-07T14:53:40.937+00:00 CAN id=101 dlc=8 data=d8cf0400a8610000
2026-07-07T14:53:40.957+00:00 CAN id=101 dlc=8 data=d8cf0400a8610000
2026-07-07T14:53:40.977+00:00 CAN id=101 dlc=8 data=d8cf0400a8610000
2026-07-07T14:53:40.997+00:00 CAN id=101 dlc=8 data=d8cf0400a8610000
2026-07-07T14:53:41.017+00:00 CAN id=101 dlc=8 data=d8cf0400a8610000
2026-07-07T14:53:41.037+00:00 CAN id=101 dlc=8 data=d8cf0400a8610000
2026-07-07T14:53:41.057+00:00 CAN id=101 dlc=8 data=d8cf0400a8610000
2026-07-07T14:53:41.077+00:00 CAN id=101 dlc=8 data=d8cf0400a8610000
2026-07-07T14:53:41.097+00:00 CAN id=101 dlc=8 data=d8cf0400a8610000
2026-07-07T14:53:41.099+00:00 VCP run=1 step=0 angle=314297 target=315352 err=1055 steer=528 m1=0/11495 i1=522 t1=28 m2=0/-5692 i2=-258 t2=27 steerMode=2902/4 iSteer=132080 driveMode=8594/4 iDrive=390111 scale=0 wheel=25000
2026-07-07T14:53:41.099+00:00 VCP run=1 step=0 angle=314297 target=315352 err=1055 steer=528 m1=0/11495 i1=547 t1=28 m2=0/-5692 i2=-266 t2=27 steerMode=2902/0 iSteer=140355 driveMode=8594/0 iDrive=406284 scale=0 wheel=25000
2026-07-07T14:53:41.117+00:00 CAN id=101 dlc=8 data=d8cf0400a8610000
2026-07-07T14:53:41.137+00:00 CAN id=101 dlc=8 data=d8cf0400a8610000
2026-07-07T14:53:41.157+00:00 CAN id=101 dlc=8 data=d8cf0400a8610000
2026-07-07T14:53:41.177+00:00 CAN id=101 dlc=8 data=d8cf0400a8610000
2026-07-07T14:53:41.197+00:00 CAN id=101 dlc=8 data=d8cf0400a8610000
2026-07-07T14:53:41.204+00:00 VCP SET_TARGET_RX steer=315352 wheel=25000
2026-07-07T14:53:41.204+00:00 VCP run=1 step=0 angle=314297 target=315352 err=1055 steer=528 m1=0/11495 i1=571 t1=28 m2=0/-5692 i2=-274 t2=27 steerMode=2902/0 iSteer=148510 driveMode=8594/0 iDrive=422441 scale=0 wheel=25000
2026-07-07T14:53:41.217+00:00 CAN id=101 dlc=8 data=d8cf0400a8610000
2026-07-07T14:53:41.237+00:00 CAN id=101 dlc=8 data=d8cf0400a8610000
2026-07-07T14:53:41.257+00:00 CAN id=101 dlc=8 data=d8cf0400a8610000
2026-07-07T14:53:41.277+00:00 CAN id=101 dlc=8 data=d8cf0400a8610000
2026-07-07T14:53:41.297+00:00 CAN id=101 dlc=8 data=d8cf0400a8610000
2026-07-07T14:53:41.310+00:00 VCP run=1 step=0 angle=314297 target=315352 err=1055 steer=528 m1=0/11495 i1=596 t1=28 m2=0/-5692 i2=-281 t2=27 steerMode=2902/-10 iSteer=157163 driveMode=8594/-10 iDrive=438646 scale=0 wheel=25000
2026-07-07T14:53:41.317+00:00 CAN id=101 dlc=8 data=d8cf0400a8610000
2026-07-07T14:53:41.337+00:00 CAN id=101 dlc=8 data=d8cf0400a8610000
2026-07-07T14:53:41.357+00:00 CAN id=101 dlc=8 data=d8cf0400a8610000
2026-07-07T14:53:41.377+00:00 CAN id=101 dlc=8 data=d8cf0400a8610000
2026-07-07T14:53:41.397+00:00 CAN id=101 dlc=8 data=d8cf0400a8610000
2026-07-07T14:53:41.415+00:00 VCP run=1 step=0 angle=314297 target=315352 err=1055 steer=528 m1=0/11495 i1=620 t1=28 m2=0/-5692 i2=-290 t2=27 steerMode=2902/-4 iSteer=165008 driveMode=8594/3 iDrive=454717 scale=0 wheel=25000
2026-07-07T14:53:41.417+00:00 CAN id=101 dlc=8 data=d8cf0400a8610000
2026-07-07T14:53:41.437+00:00 CAN id=101 dlc=8 data=d8cf0400a8610000
2026-07-07T14:53:41.457+00:00 CAN id=101 dlc=8 data=d8cf0400a8610000
2026-07-07T14:53:41.477+00:00 CAN id=101 dlc=8 data=d8cf0400a8610000
2026-07-07T14:53:41.497+00:00 CAN id=101 dlc=8 data=d8cf0400a8610000
2026-07-07T14:53:41.517+00:00 CAN id=101 dlc=8 data=d8cf0400a8610000
2026-07-07T14:53:41.537+00:00 CAN id=101 dlc=8 data=d8cf0400a8610000
2026-07-07T14:53:41.557+00:00 CAN id=101 dlc=8 data=d8cf0400a8610000
2026-07-07T14:53:41.577+00:00 CAN id=101 dlc=8 data=d8cf0400a8610000
2026-07-07T14:53:41.597+00:00 CAN id=101 dlc=8 data=d8cf0400a8610000
2026-07-07T14:53:41.601+00:00 VCP run=1 step=0 angle=314297 target=315352 err=1055 steer=528 m1=0/11495 i1=644 t1=28 m2=0/-5692 i2=-298 t2=27 steerMode=2902/-5 iSteer=173250 driveMode=8594/-5 iDrive=470913 scale=0 wheel=25000
2026-07-07T14:53:41.601+00:00 VCP run=1 step=0 angle=314297 target=315352 err=1055 steer=528 m1=-3/11495 i1=668 t1=28 m2=0/-5692 i2=-306 t2=27 steerMode=2902/11 iSteer=180629 driveMode=8594/11 iDrive=486990 scale=0 wheel=25000
2026-07-07T14:53:41.601+00:00 VCP SET_TARGET_RX steer=315352 wheel=25000
2026-07-07T14:53:41.617+00:00 CAN id=101 dlc=8 data=d8cf0400a8610000
2026-07-07T14:53:41.637+00:00 CAN id=101 dlc=8 data=d8cf0400a8610000
2026-07-07T14:53:41.657+00:00 CAN id=101 dlc=8 data=d8cf0400a8610000
2026-07-07T14:53:41.677+00:00 CAN id=101 dlc=8 data=d8cf0400a8610000
2026-07-07T14:53:41.697+00:00 CAN id=101 dlc=8 data=d8cf0400a8610000
2026-07-07T14:53:41.706+00:00 VCP run=1 step=0 angle=314385 target=315352 err=967 steer=484 m1=0/11254 i1=680 t1=28 m2=0/-5934 i2=-326 t2=27 steerMode=2660/0 iSteer=177244 driveMode=8594/0 iDrive=503215 scale=0 wheel=25000
2026-07-07T14:53:41.717+00:00 CAN id=101 dlc=8 data=d8cf0400a8610000
2026-07-07T14:53:41.737+00:00 CAN id=101 dlc=8 data=d8cf0400a8610000
2026-07-07T14:53:41.757+00:00 CAN id=101 dlc=8 data=d8cf0400a8610000
2026-07-07T14:53:41.777+00:00 CAN id=101 dlc=8 data=d8cf0400a8610000
2026-07-07T14:53:41.797+00:00 CAN id=101 dlc=8 data=d8cf0400a8610000
2026-07-07T14:53:41.813+00:00 VCP run=1 step=0 angle=314297 target=315352 err=1055 steer=528 m1=0/11495 i1=717 t1=28 m2=0/-5692 i2=-321 t2=27 steerMode=2902/-8 iSteer=197823 driveMode=8594/7 iDrive=519142 scale=0 wheel=25000
2026-07-07T14:53:41.817+00:00 CAN id=101 dlc=8 data=d8cf0400a8610000
2026-07-07T14:53:41.837+00:00 CAN id=101 dlc=8 data=d8cf0400a8610000
2026-07-07T14:53:41.857+00:00 CAN id=101 dlc=8 data=d8cf0400a8610000
2026-07-07T14:53:41.877+00:00 CAN id=101 dlc=8 data=d8cf0400a8610000
2026-07-07T14:53:41.897+00:00 CAN id=101 dlc=8 data=d8cf0400a8610000
2026-07-07T14:53:41.917+00:00 VCP run=1 step=0 angle=314297 target=315352 err=1055 steer=528 m1=0/11495 i1=741 t1=28 m2=0/-5692 i2=-330 t2=27 steerMode=2902/-2 iSteer=205660 driveMode=8594/-1 iDrive=535345 scale=0 wheel=25000
2026-07-07T14:53:41.917+00:00 VCP run=1 step=0 angle=314297 target=315352 err=1055 steer=528 m1=0/11495 i1=765 t1=28 m2=0/-5692 i2=-338 t2=27 steerMode=2902/-3 iSteer=213907 driveMode=8594/-3 iDrive=551511 scale=0 wheel=25000
2026-07-07T14:53:41.917+00:00 CAN id=101 dlc=8 data=d8cf0400a8610000
2026-07-07T14:53:41.937+00:00 CAN id=101 dlc=8 data=d8cf0400a8610000
2026-07-07T14:53:41.957+00:00 CAN id=101 dlc=8 data=d8cf0400a8610000
2026-07-07T14:53:41.977+00:00 CAN id=101 dlc=8 data=d8cf0400a8610000
2026-07-07T14:53:41.997+00:00 CAN id=101 dlc=8 data=d8cf0400a8610000
2026-07-07T14:53:42.017+00:00 CAN id=101 dlc=8 data=d8cf0400a8610000
2026-07-07T14:53:42.037+00:00 CAN id=101 dlc=8 data=d8cf0400a8610000
2026-07-07T14:53:42.057+00:00 CAN id=101 dlc=8 data=d8cf0400a8610000
2026-07-07T14:53:42.077+00:00 CAN id=101 dlc=8 data=d8cf0400a8610000
2026-07-07T14:53:42.097+00:00 CAN id=101 dlc=8 data=d8cf0400a8610000
2026-07-07T14:53:42.103+00:00 VCP run=1 step=0 angle=314297 target=315352 err=1055 steer=528 m1=0/11495 i1=791 t1=28 m2=0/-5692 i2=-344 t2=27 steerMode=2902/-29 iSteer=223385 driveMode=8594/20 iDrive=567549 scale=0 wheel=25000
2026-07-07T14:53:42.103+00:00 VCP SET_TARGET_RX steer=315352 wheel=25000
2026-07-07T14:53:42.117+00:00 CAN id=101 dlc=8 data=d8cf0400a8610000
2026-07-07T14:53:42.137+00:00 CAN id=101 dlc=8 data=d8cf0400a8610000
2026-07-07T14:53:42.157+00:00 CAN id=101 dlc=8 data=d8cf0400a8610000
2026-07-07T14:53:42.177+00:00 CAN id=101 dlc=8 data=d8cf0400a8610000
2026-07-07T14:53:42.197+00:00 CAN id=101 dlc=8 data=d8cf0400a8610000
2026-07-07T14:53:42.207+00:00 VCP run=1 step=0 angle=314297 target=315352 err=1055 steer=528 m1=-3/11495 i1=815 t1=28 m2=0/-5692 i2=-353 t2=27 steerMode=2902/-12 iSteer=230692 driveMode=8594/-11 iDrive=583851 scale=0 wheel=25000
2026-07-07T14:53:42.217+00:00 CAN id=101 dlc=8 data=d8cf0400a8610000
2026-07-07T14:53:42.237+00:00 CAN id=101 dlc=8 data=d8cf0400a8610000
2026-07-07T14:53:42.257+00:00 CAN id=101 dlc=8 data=d8cf0400a8610000
2026-07-07T14:53:42.277+00:00 CAN id=101 dlc=8 data=d8cf0400a8610000
2026-07-07T14:53:42.297+00:00 CAN id=101 dlc=8 data=d8cf0400a8610000
2026-07-07T14:53:42.313+00:00 VCP run=1 step=0 angle=314297 target=315352 err=1055 steer=528 m1=0/11495 i1=838 t1=28 m2=0/-5692 i2=-362 t2=27 steerMode=2902/0 iSteer=238187 driveMode=8594/0 iDrive=599783 scale=0 wheel=25000
2026-07-07T14:53:42.317+00:00 CAN id=101 dlc=8 data=d8cf0400a8610000
2026-07-07T14:53:42.337+00:00 CAN id=101 dlc=8 data=d8cf0400a8610000
2026-07-07T14:53:42.357+00:00 CAN id=101 dlc=8 data=d8cf0400a8610000
2026-07-07T14:53:42.377+00:00 CAN id=101 dlc=8 data=d8cf0400a8610000
2026-07-07T14:53:42.397+00:00 CAN id=101 dlc=8 data=d8cf0400a8610000
2026-07-07T14:53:42.417+00:00 CAN id=101 dlc=8 data=d8cf0400a8610000
2026-07-07T14:53:42.437+00:00 CAN id=101 dlc=8 data=d8cf0400a8610000
2026-07-07T14:53:42.457+00:00 CAN id=101 dlc=8 data=d8cf0400a8610000
2026-07-07T14:53:42.477+00:00 CAN id=101 dlc=8 data=d8cf0400a8610000
2026-07-07T14:53:42.497+00:00 CAN id=101 dlc=8 data=d8cf0400a8610000
2026-07-07T14:53:42.501+00:00 VCP run=1 step=0 angle=314297 target=315352 err=1055 steer=528 m1=2/11495 i1=862 t1=28 m2=0/-5692 i2=-370 t2=27 steerMode=2902/5 iSteer=246104 driveMode=8594/5 iDrive=615914 scale=0 wheel=25000
2026-07-07T14:53:42.502+00:00 VCP run=1 step=0 angle=314297 target=315352 err=1055 steer=528 m1=0/11495 i1=887 t1=28 m2=0/-5692 i2=-378 t2=27 steerMode=2902/0 iSteer=254477 driveMode=8594/0 iDrive=632080 scale=0 wheel=25000
2026-07-07T14:53:42.517+00:00 CAN id=101 dlc=8 data=d8cf0400a8610000
2026-07-07T14:53:42.537+00:00 CAN id=101 dlc=8 data=d8cf0400a8610000
2026-07-07T14:53:42.557+00:00 CAN id=101 dlc=8 data=d8cf0400a8610000
2026-07-07T14:53:42.577+00:00 CAN id=101 dlc=8 data=d8cf0400a8610000
2026-07-07T14:53:42.597+00:00 CAN id=101 dlc=8 data=d8cf0400a8610000
2026-07-07T14:53:42.605+00:00 VCP run=1 step=0 angle=314297 target=315352 err=1055 steer=528 m1=0/11495 i1=911 t1=28 m2=0/-5692 i2=-385 t2=27 steerMode=2902/-9 iSteer=263162 driveMode=8594/9 iDrive=648181 scale=0 wheel=25000
2026-07-07T14:53:42.605+00:00 VCP SET_TARGET_RX steer=315352 wheel=25000
2026-07-07T14:53:42.617+00:00 CAN id=101 dlc=8 data=d8cf0400a8610000
2026-07-07T14:53:42.637+00:00 CAN id=101 dlc=8 data=d8cf0400a8610000
2026-07-07T14:53:42.657+00:00 CAN id=101 dlc=8 data=d8cf0400a8610000
2026-07-07T14:53:42.677+00:00 CAN id=101 dlc=8 data=d8cf0400a8610000
2026-07-07T14:53:42.697+00:00 CAN id=101 dlc=8 data=d8cf0400a8610000
2026-07-07T14:53:42.710+00:00 VCP run=1 step=0 angle=314297 target=315352 err=1055 steer=528 m1=0/11495 i1=935 t1=28 m2=0/-5692 i2=-394 t2=27 steerMode=2902/10 iSteer=270446 driveMode=8594/10 iDrive=664497 scale=0 wheel=25000
2026-07-07T14:53:42.717+00:00 CAN id=101 dlc=8 data=d8cf0400a8610000
2026-07-07T14:53:42.737+00:00 CAN id=101 dlc=8 data=d8cf0400a8610000
2026-07-07T14:53:42.757+00:00 CAN id=101 dlc=8 data=d8cf0400a8610000
2026-07-07T14:53:42.777+00:00 CAN id=101 dlc=8 data=d8cf0400a8610000
2026-07-07T14:53:42.797+00:00 CAN id=101 dlc=8 data=d8cf0400a8610000
2026-07-07T14:53:42.816+00:00 VCP run=1 step=0 angle=314297 target=315352 err=1055 steer=528 m1=2/11495 i1=958 t1=28 m2=0/-5692 i2=-403 t2=27 steerMode=2902/40 iSteer=277050 driveMode=8594/41 iDrive=680465 scale=0 wheel=25000
2026-07-07T14:53:42.817+00:00 CAN id=101 dlc=8 data=d8cf0400a8610000
2026-07-07T14:53:42.837+00:00 CAN id=101 dlc=8 data=d8cf0400a8610000
2026-07-07T14:53:42.857+00:00 CAN id=101 dlc=8 data=d8cf0400a8610000
2026-07-07T14:53:42.877+00:00 CAN id=101 dlc=8 data=d8cf0400a8610000
2026-07-07T14:53:42.897+00:00 CAN id=101 dlc=8 data=d8cf0400a8610000
2026-07-07T14:53:42.917+00:00 CAN id=101 dlc=8 data=d8cf0400a8610000
2026-07-07T14:53:42.937+00:00 CAN id=101 dlc=8 data=d8cf0400a8610000
2026-07-07T14:53:42.957+00:00 CAN id=101 dlc=8 data=d8cf0400a8610000
2026-07-07T14:53:42.977+00:00 CAN id=101 dlc=8 data=d8cf0400a8610000
2026-07-07T14:53:42.997+00:00 CAN id=101 dlc=8 data=d8cf0400a8610000
2026-07-07T14:53:43.003+00:00 VCP run=1 step=0 angle=315791 target=315352 err=-439 steer=0 m1=506/8594 i1=434 t1=28 m2=-379/-8594 i2=-761 t2=27 steerMode=0/5806 iSteer=-163346 driveMode=8594/17410 iDrive=597197 scale=0 wheel=25000
2026-07-07T14:53:43.003+00:00 VCP run=1 step=0 angle=316055 target=315352 err=-703 steer=-351 m1=828/6661 i1=490 t1=28 m2=-789/-10526 i2=-412 t2=27 steerMode=-1932/-367 iSteer=39173 driveMode=8594/38948 iDrive=451006 scale=0 wheel=25000
2026-07-07T14:53:43.017+00:00 CAN id=101 dlc=8 data=d8cf0400a8610000
2026-07-07T14:53:43.037+00:00 CAN id=101 dlc=8 data=d8cf0400a8610000
2026-07-07T14:53:43.057+00:00 CAN id=101 dlc=8 data=d8cf0400a8610000
2026-07-07T14:53:43.077+00:00 CAN id=101 dlc=8 data=d8cf0400a8610000
2026-07-07T14:53:43.097+00:00 CAN id=101 dlc=8 data=d8cf0400a8610000
2026-07-07T14:53:43.104+00:00 VCP run=1 step=0 angle=316143 target=315352 err=-791 steer=-395 m1=1031/6420 i1=280 t1=28 m2=-1011/-10768 i2=-353 t2=27 steerMode=-2174/755 iSteer=-36334 driveMode=8594/51848 iDrive=316169 scale=0 wheel=25000
2026-07-07T14:53:43.104+00:00 VCP SET_TARGET_RX steer=315352 wheel=25000
2026-07-07T14:53:43.117+00:00 CAN id=101 dlc=8 data=d8cf0400a8610000
2026-07-07T14:53:43.137+00:00 CAN id=101 dlc=8 data=d8cf0400a8610000
2026-07-07T14:53:43.157+00:00 CAN id=101 dlc=8 data=d8cf0400a8610000
2026-07-07T14:53:43.177+00:00 CAN id=101 dlc=8 data=d8cf0400a8610000
2026-07-07T14:53:43.197+00:00 CAN id=101 dlc=8 data=d8cf0400a8610000
2026-07-07T14:53:43.208+00:00 VCP run=1 step=0 angle=316494 target=315352 err=-1142 steer=-571 m1=1042/5453 i1=147 t1=28 m2=-1061/-11735 i2=-283 t2=27 steerMode=-3141/240 iSteer=-67890 driveMode=8594/55176 iDrive=214781 scale=0 wheel=25000
2026-07-07T14:53:43.217+00:00 CAN id=101 dlc=8 data=d8cf0400a8610000
2026-07-07T14:53:43.237+00:00 CAN id=101 dlc=8 data=d8cf0400a8610000
2026-07-07T14:53:43.257+00:00 CAN id=101 dlc=8 data=d8cf0400a8610000
2026-07-07T14:53:43.277+00:00 CAN id=101 dlc=8 data=d8cf0400a8610000
2026-07-07T14:53:43.297+00:00 CAN id=101 dlc=8 data=d8cf0400a8610000
2026-07-07T14:53:43.312+00:00 VCP run=1 step=0 angle=316494 target=315352 err=-1142 steer=-571 m1=981/5453 i1=118 t1=28 m2=-1001/-11735 i2=-159 t2=27 steerMode=-3141/-880 iSteer=-20311 driveMode=8594/53501 iDrive=138570 scale=0 wheel=25000
2026-07-07T14:53:43.317+00:00 CAN id=101 dlc=8 data=d8cf0400a8610000
2026-07-07T14:53:43.337+00:00 CAN id=101 dlc=8 data=d8cf0400a8610000
2026-07-07T14:53:43.357+00:00 CAN id=101 dlc=8 data=d8cf0400a8610000
2026-07-07T14:53:43.377+00:00 CAN id=101 dlc=8 data=d8cf0400a8610000
2026-07-07T14:53:43.397+00:00 CAN id=101 dlc=8 data=d8cf0400a8610000
2026-07-07T14:53:43.416+00:00 VCP run=1 step=0 angle=316406 target=315352 err=-1054 steer=-527 m1=897/5695 i1=53 t1=28 m2=-928/-11493 i2=-108 t2=27 steerMode=-2899/-610 iSteer=-27827 driveMode=8594/49160 iDrive=80465 scale=0 wheel=25000
2026-07-07T14:53:43.417+00:00 CAN id=101 dlc=8 data=d8cf0400a8610000
2026-07-07T14:53:43.437+00:00 CAN id=101 dlc=8 data=d8cf0400a8610000
2026-07-07T14:53:43.457+00:00 CAN id=101 dlc=8 data=d8cf0400a8610000
2026-07-07T14:53:43.477+00:00 CAN id=101 dlc=8 data=d8cf0400a8610000
2026-07-07T14:53:43.497+00:00 CAN id=101 dlc=8 data=d8cf0400a8610000
2026-07-07T14:53:43.517+00:00 CAN id=101 dlc=8 data=d8cf0400a8610000
2026-07-07T14:53:43.537+00:00 CAN id=101 dlc=8 data=d8cf0400a8610000
2026-07-07T14:53:43.557+00:00 CAN id=101 dlc=8 data=d8cf0400a8610000
2026-07-07T14:53:43.577+00:00 CAN id=101 dlc=8 data=d8cf0400a8610000
2026-07-07T14:53:43.597+00:00 CAN id=101 dlc=8 data=d8cf0400a8610000
2026-07-07T14:53:43.601+00:00 VCP run=1 step=0 angle=315967 target=315352 err=-615 steer=-307 m1=793/6903 i1=37 t1=28 m2=-727/-10284 i2=-49 t2=27 steerMode=-1691/59 iSteer=-5975 driveMode=8594/42706 iDrive=43153 scale=0 wheel=25000
2026-07-07T14:53:43.601+00:00 VCP run=1 step=0 angle=315967 target=315352 err=-615 steer=-307 m1=625/6903 i1=7 t1=28 m2=-614/-10284 i2=-52 t2=27 steerMode=-1691/270 iSteer=-22245 driveMode=8594/34304 iDrive=29694 scale=0 wheel=25000
2026-07-07T14:53:43.601+00:00 VCP SET_TARGET_RX steer=315352 wheel=25000
2026-07-07T14:53:43.617+00:00 CAN id=101 dlc=8 data=d8cf0400a8610000
2026-07-07T14:53:43.637+00:00 CAN id=101 dlc=8 data=d8cf0400a8610000
2026-07-07T14:53:43.657+00:00 CAN id=101 dlc=8 data=d8cf0400a8610000
2026-07-07T14:53:43.677+00:00 CAN id=101 dlc=8 data=d8cf0400a8610000
2026-07-07T14:53:43.697+00:00 CAN id=101 dlc=8 data=d8cf0400a8610000
2026-07-07T14:53:43.705+00:00 VCP run=1 step=0 angle=316143 target=315352 err=-791 steer=-395 m1=443/6420 i1=13 t1=28 m2=-423/-10768 i2=-116 t2=27 steerMode=-2174/262 iSteer=-51641 driveMode=8594/25642 iDrive=64757 scale=0 wheel=25000
2026-07-07T14:53:43.718+00:00 CAN id=101 dlc=8 data=d8cf0400a8610000
2026-07-07T14:53:43.737+00:00 CAN id=101 dlc=8 data=d8cf0400a8610000
2026-07-07T14:53:43.757+00:00 CAN id=101 dlc=8 data=d8cf0400a8610000
2026-07-07T14:53:43.777+00:00 CAN id=101 dlc=8 data=d8cf0400a8610000
2026-07-07T14:53:43.797+00:00 CAN id=101 dlc=8 data=d8cf0400a8610000
2026-07-07T14:53:43.809+00:00 VCP run=1 step=0 angle=316055 target=315352 err=-703 steer=-351 m1=339/6661 i1=83 t1=28 m2=-316/-10526 i2=-117 t2=27 steerMode=-1932/-295 iSteer=-17129 driveMode=8594/18551 iDrive=100215 scale=0 wheel=25000
2026-07-07T14:53:43.817+00:00 CAN id=101 dlc=8 data=d8cf0400a8610000
2026-07-07T14:53:43.837+00:00 CAN id=101 dlc=8 data=d8cf0400a8610000
2026-07-07T14:53:43.857+00:00 CAN id=101 dlc=8 data=d8cf0400a8610000
2026-07-07T14:53:43.877+00:00 CAN id=101 dlc=8 data=d8cf0400a8610000
2026-07-07T14:53:43.897+00:00 CAN id=101 dlc=8 data=d8cf0400a8610000
2026-07-07T14:53:43.914+00:00 VCP run=1 step=0 angle=316055 target=315352 err=-703 steer=-351 m1=244/6661 i1=108 t1=28 m2=-231/-10526 i2=-133 t2=27 steerMode=-1932/-497 iSteer=-12350 driveMode=8594/14521 iDrive=120366 scale=0 wheel=25000
2026-07-07T14:53:43.918+00:00 CAN id=101 dlc=8 data=d8cf0400a8610000
2026-07-07T14:53:43.937+00:00 CAN id=101 dlc=8 data=d8cf0400a8610000
2026-07-07T14:53:43.957+00:00 CAN id=101 dlc=8 data=d8cf0400a8610000
2026-07-07T14:53:43.977+00:00 CAN id=101 dlc=8 data=d8cf0400a8610000
2026-07-07T14:53:43.997+00:00 CAN id=101 dlc=8 data=d8cf0400a8610000
2026-07-07T14:53:44.017+00:00 CAN id=101 dlc=8 data=d8cf0400a8610000
2026-07-07T14:53:44.037+00:00 CAN id=101 dlc=8 data=d8cf0400a8610000
2026-07-07T14:53:44.057+00:00 CAN id=101 dlc=8 data=d8cf0400a8610000
2026-07-07T14:53:44.077+00:00 CAN id=101 dlc=8 data=d8cf0400a8610000
2026-07-07T14:53:44.097+00:00 CAN id=101 dlc=8 data=d8cf0400a8610000
2026-07-07T14:53:44.098+00:00 VCP run=1 step=0 angle=316055 target=315352 err=-703 steer=-351 m1=200/6661 i1=101 t1=28 m2=-241/-10526 i2=-167 t2=27 steerMode=-1932/-178 iSteer=-33110 driveMode=8594/11849 iDrive=133726 scale=0 wheel=25000
2026-07-07T14:53:44.098+00:00 VCP run=1 step=0 angle=316055 target=315352 err=-703 steer=-351 m1=190/6661 i1=91 t1=28 m2=-239/-10526 i2=-198 t2=27 steerMode=-1932/137 iSteer=-53641 driveMode=8594/9644 iDrive=144747 scale=0 wheel=25000
2026-07-07T14:53:44.117+00:00 CAN id=101 dlc=8 data=d8cf0400a8610000
2026-07-07T14:53:44.137+00:00 CAN id=101 dlc=8 data=d8cf0400a8610000
2026-07-07T14:53:44.157+00:00 CAN id=101 dlc=8 data=d8cf0400a8610000
2026-07-07T14:53:44.177+00:00 CAN id=101 dlc=8 data=d8cf0400a8610000
2026-07-07T14:53:44.197+00:00 CAN id=101 dlc=8 data=d8cf0400a8610000
2026-07-07T14:53:44.202+00:00 VCP SET_TARGET_RX steer=315352 wheel=25000
2026-07-07T14:53:44.202+00:00 VCP run=1 step=0 angle=315967 target=315352 err=-615 steer=-307 m1=138/6903 i1=118 t1=28 m2=-111/-10284 i2=-193 t2=27 steerMode=-1691/-27 iSteer=-37396 driveMode=8594/7542 iDrive=155571 scale=0 wheel=25000
2026-07-07T14:53:44.217+00:00 CAN id=101 dlc=8 data=d8cf0400a8610000
2026-07-07T14:53:44.237+00:00 CAN id=101 dlc=8 data=d8cf0400a8610000
2026-07-07T14:53:44.257+00:00 CAN id=101 dlc=8 data=d8cf0400a8610000
2026-07-07T14:53:44.277+00:00 CAN id=101 dlc=8 data=d8cf0400a8610000
2026-07-07T14:53:44.297+00:00 CAN id=101 dlc=8 data=d8cf0400a8610000
2026-07-07T14:53:44.306+00:00 VCP run=1 step=0 angle=315967 target=315352 err=-615 steer=-307 m1=148/6903 i1=102 t1=28 m2=-122/-10284 i2=-227 t2=27 steerMode=-1691/396 iSteer=-62961 driveMode=8594/6286 iDrive=164465 scale=0 wheel=25000
2026-07-07T14:53:44.317+00:00 CAN id=101 dlc=8 data=d8cf0400a8610000
2026-07-07T14:53:44.337+00:00 CAN id=101 dlc=8 data=d8cf0400a8610000
2026-07-07T14:53:44.357+00:00 CAN id=101 dlc=8 data=d8cf0400a8610000
2026-07-07T14:53:44.377+00:00 CAN id=101 dlc=8 data=d8cf0400a8610000
2026-07-07T14:53:44.397+00:00 CAN id=101 dlc=8 data=d8cf0400a8610000
2026-07-07T14:53:44.411+00:00 VCP run=1 step=0 angle=315967 target=315352 err=-615 steer=-307 m1=89/6903 i1=150 t1=28 m2=-97/-10284 i2=-193 t2=27 steerMode=-1691/-515 iSteer=-21753 driveMode=8594/5635 iDrive=171666 scale=0 wheel=25000
2026-07-07T14:53:44.417+00:00 CAN id=101 dlc=8 data=d8cf0400a8610000
2026-07-07T14:53:44.437+00:00 CAN id=101 dlc=8 data=d8cf0400a8610000
2026-07-07T14:53:44.457+00:00 CAN id=101 dlc=8 data=d8cf0400a8610000
2026-07-07T14:53:44.477+00:00 CAN id=101 dlc=8 data=d8cf0400a8610000
2026-07-07T14:53:44.497+00:00 CAN id=101 dlc=8 data=d8cf0400a8610000
2026-07-07T14:53:44.516+00:00 VCP run=1 step=0 angle=316055 target=315352 err=-703 steer=-351 m1=64/6661 i1=114 t1=28 m2=-55/-10526 i2=-262 t2=27 steerMode=-1932/174 iSteer=-73755 driveMode=8594/3737 iDrive=187906 scale=0 wheel=25000
2026-07-07T14:53:44.517+00:00 CAN id=101 dlc=8 data=d8cf0400a8610000
2026-07-07T14:53:44.537+00:00 CAN id=101 dlc=8 data=d8cf0400a8610000
2026-07-07T14:53:44.557+00:00 CAN id=101 dlc=8 data=d8cf0400a8610000
2026-07-07T14:53:44.577+00:00 CAN id=101 dlc=8 data=d8cf0400a8610000
2026-07-07T14:53:44.597+00:00 CAN id=101 dlc=8 data=d8cf0400a8610000
2026-07-07T14:53:44.617+00:00 CAN id=101 dlc=8 data=d8cf0400a8610000
2026-07-07T14:53:44.618+00:00 VCP run=1 step=0 angle=315967 target=315352 err=-615 steer=-307 m1=-17/6903 i1=182 t1=28 m2=-55/-10284 i2=-221 t2=27 steerMode=-1691/-741 iSteer=-19609 driveMode=8594/2930 iDrive=201239 scale=0 wheel=25000
2026-07-07T14:53:44.618+00:00 VCP SET_TARGET_RX steer=315352 wheel=25000
2026-07-07T14:53:44.637+00:00 CAN id=101 dlc=8 data=d8cf0400a8610000
2026-07-07T14:53:44.657+00:00 CAN id=101 dlc=8 data=d8cf0400a8610000
2026-07-07T14:53:44.677+00:00 CAN id=101 dlc=8 data=d8cf0400a8610000
2026-07-07T14:53:44.697+00:00 CAN id=101 dlc=8 data=d8cf0400a8610000
2026-07-07T14:53:44.717+00:00 CAN id=101 dlc=8 data=d8cf0400a8610000
2026-07-07T14:53:44.737+00:00 CAN id=101 dlc=8 data=d8cf0400a8610000
2026-07-07T14:53:44.757+00:00 CAN id=101 dlc=8 data=d8cf0400a8610000
2026-07-07T14:53:44.777+00:00 CAN id=101 dlc=8 data=d8cf0400a8610000
2026-07-07T14:53:44.797+00:00 CAN id=101 dlc=8 data=d8cf0400a8610000
2026-07-07T14:53:44.806+00:00 VCP run=1 step=0 angle=315791 target=315352 err=-439 steer=-63 m1=-7/8245 i1=302 t1=28 m2=-26/-8943 i2=-140 t2=27 steerMode=-349/-1430 iSteer=81246 driveMode=8594/1523 iDrive=221083 scale=0 wheel=25000
2026-07-07T14:53:44.806+00:00 VCP run=1 step=0 angle=315703 target=315352 err=-351 steer=0 m1=-3/8594 i1=274 t1=28 m2=0/-8594 i2=-213 t2=27 steerMode=0/-35 iSteer=30359 driveMode=8594/19 iDrive=243689 scale=0 wheel=25000
2026-07-07T14:53:44.817+00:00 CAN id=101 dlc=8 data=d8cf0400a8610000
2026-07-07T14:53:44.837+00:00 CAN id=101 dlc=8 data=d8cf0400a8610000
2026-07-07T14:53:44.857+00:00 CAN id=101 dlc=8 data=d8cf0400a8610000
2026-07-07T14:53:44.877+00:00 CAN id=101 dlc=8 data=d8cf0400a8610000
2026-07-07T14:53:44.897+00:00 CAN id=101 dlc=8 data=d8cf0400a8610000
2026-07-07T14:53:44.912+00:00 VCP run=1 step=0 angle=315703 target=315352 err=-351 steer=0 m1=0/8594 i1=289 t1=28 m2=0/-8594 i2=-231 t2=27 steerMode=0/-3 iSteer=28806 driveMode=8594/2 iDrive=259928 scale=0 wheel=25000
2026-07-07T14:53:44.917+00:00 CAN id=101 dlc=8 data=d8cf0400a8610000
2026-07-07T14:53:44.937+00:00 CAN id=101 dlc=8 data=d8cf0400a8610000
2026-07-07T14:53:44.957+00:00 CAN id=101 dlc=8 data=d8cf0400a8610000
2026-07-07T14:53:44.977+00:00 CAN id=101 dlc=8 data=d8cf0400a8610000
2026-07-07T14:53:44.997+00:00 CAN id=101 dlc=8 data=d8cf0400a8610000
2026-07-07T14:53:45.017+00:00 CAN id=101 dlc=8 data=d8cf0400a8610000
2026-07-07T14:53:45.037+00:00 CAN id=101 dlc=8 data=d8cf0400a8610000
2026-07-07T14:53:45.057+00:00 CAN id=101 dlc=8 data=d8cf0400a8610000
2026-07-07T14:53:45.077+00:00 CAN id=101 dlc=8 data=d8cf0400a8610000
2026-07-07T14:53:45.097+00:00 CAN id=101 dlc=8 data=d8cf0400a8610000
2026-07-07T14:53:45.099+00:00 VCP run=1 step=0 angle=315703 target=315352 err=-351 steer=0 m1=0/8594 i1=305 t1=28 m2=0/-8594 i2=-247 t2=27 steerMode=0/0 iSteer=28667 driveMode=8594/0 iDrive=276093 scale=0 wheel=25000
2026-07-07T14:53:45.099+00:00 VCP run=1 step=0 angle=315703 target=315352 err=-351 steer=0 m1=0/8594 i1=322 t1=28 m2=0/-8594 i2=-263 t2=27 steerMode=0/-11 iSteer=29229 driveMode=8594/11 iDrive=292351 scale=0 wheel=25000
2026-07-07T14:53:45.117+00:00 CAN id=101 dlc=8 data=d8cf0400a8610000
2026-07-07T14:53:45.137+00:00 CAN id=101 dlc=8 data=d8cf0400a8610000
2026-07-07T14:53:45.157+00:00 CAN id=101 dlc=8 data=d8cf0400a8610000
2026-07-07T14:53:45.177+00:00 CAN id=101 dlc=8 data=d8cf0400a8610000
2026-07-07T14:53:45.197+00:00 CAN id=101 dlc=8 data=d8cf0400a8610000
2026-07-07T14:53:45.205+00:00 VCP SET_TARGET_RX steer=315352 wheel=25000
2026-07-07T14:53:45.205+00:00 VCP run=1 step=0 angle=315703 target=315352 err=-351 steer=0 m1=0/8594 i1=337 t1=28 m2=0/-8594 i2=-280 t2=27 steerMode=0/0 iSteer=28703 driveMode=8594/0 iDrive=308556 scale=0 wheel=25000
2026-07-07T14:53:45.217+00:00 CAN id=101 dlc=8 data=d8cf0400a8610000
2026-07-07T14:53:45.237+00:00 CAN id=101 dlc=8 data=d8cf0400a8610000
2026-07-07T14:53:45.257+00:00 CAN id=101 dlc=8 data=d8cf0400a8610000
2026-07-07T14:53:45.277+00:00 CAN id=101 dlc=8 data=d8cf0400a8610000
2026-07-07T14:53:45.297+00:00 CAN id=101 dlc=8 data=d8cf0400a8610000
2026-07-07T14:53:45.311+00:00 VCP run=1 step=0 angle=315703 target=315352 err=-351 steer=0 m1=0/8594 i1=354 t1=28 m2=0/-8594 i2=-296 t2=27 steerMode=0/-7 iSteer=29078 driveMode=8594/7 iDrive=324662 scale=0 wheel=25000
2026-07-07T14:53:45.317+00:00 CAN id=101 dlc=8 data=d8cf0400a8610000
2026-07-07T14:53:45.337+00:00 CAN id=101 dlc=8 data=d8cf0400a8610000
2026-07-07T14:53:45.357+00:00 CAN id=101 dlc=8 data=d8cf0400a8610000
2026-07-07T14:53:45.377+00:00 CAN id=101 dlc=8 data=d8cf0400a8610000
2026-07-07T14:53:45.397+00:00 CAN id=101 dlc=8 data=d8cf0400a8610000
2026-07-07T14:53:45.417+00:00 CAN id=101 dlc=8 data=d8cf0400a8610000
2026-07-07T14:53:45.437+00:00 CAN id=101 dlc=8 data=d8cf0400a8610000
2026-07-07T14:53:45.457+00:00 CAN id=101 dlc=8 data=d8cf0400a8610000
2026-07-07T14:53:45.477+00:00 CAN id=101 dlc=8 data=d8cf0400a8610000
2026-07-07T14:53:45.497+00:00 CAN id=101 dlc=8 data=d8cf0400a8610000
2026-07-07T14:53:45.501+00:00 VCP run=1 step=0 angle=315703 target=315352 err=-351 steer=0 m1=0/8594 i1=370 t1=28 m2=0/-8594 i2=-311 t2=27 steerMode=0/-14 iSteer=29455 driveMode=8594/14 iDrive=340768 scale=0 wheel=25000
2026-07-07T14:53:45.501+00:00 VCP run=1 step=0 angle=315703 target=315352 err=-351 steer=0 m1=0/8594 i1=386 t1=28 m2=0/-8594 i2=-328 t2=27 steerMode=0/-5 iSteer=29002 driveMode=8594/6 iDrive=356939 scale=0 wheel=25000
2026-07-07T14:53:45.517+00:00 CAN id=101 dlc=8 data=d8cf0400a8610000
2026-07-07T14:53:45.537+00:00 CAN id=101 dlc=8 data=d8cf0400a8610000
2026-07-07T14:53:45.557+00:00 CAN id=101 dlc=8 data=d8cf0400a8610000
2026-07-07T14:53:45.577+00:00 CAN id=101 dlc=8 data=d8cf0400a8610000
2026-07-07T14:53:45.597+00:00 CAN id=101 dlc=8 data=d8cf0400a8610000
2026-07-07T14:53:45.604+00:00 VCP run=1 step=0 angle=315703 target=315352 err=-351 steer=0 m1=0/8594 i1=404 t1=28 m2=-3/-8594 i2=-341 t2=27 steerMode=0/-53 iSteer=31505 driveMode=8594/53 iDrive=372815 scale=0 wheel=25000
2026-07-07T14:53:45.604+00:00 VCP SET_TARGET_RX steer=315352 wheel=25000
2026-07-07T14:53:45.617+00:00 CAN id=101 dlc=8 data=d8cf0400a8610000
2026-07-07T14:53:45.637+00:00 CAN id=101 dlc=8 data=d8cf0400a8610000
2026-07-07T14:53:45.657+00:00 CAN id=101 dlc=8 data=d8cf0400a8610000
2026-07-07T14:53:45.677+00:00 CAN id=101 dlc=8 data=d8cf0400a8610000
2026-07-07T14:53:45.697+00:00 CAN id=101 dlc=8 data=d8cf0400a8610000
2026-07-07T14:53:45.709+00:00 VCP run=1 step=0 angle=315264 target=315352 err=88 steer=0 m1=0/8594 i1=545 t1=28 m2=-174/-8594 i2=-201 t2=27 steerMode=0/-2784 iSteer=171790 driveMode=8594/2793 iDrive=372763 scale=0 wheel=25000
2026-07-07T14:53:45.717+00:00 CAN id=101 dlc=8 data=d8cf0400a8610000
2026-07-07T14:53:45.737+00:00 CAN id=101 dlc=8 data=d8cf0400a8610000
2026-07-07T14:53:45.757+00:00 CAN id=101 dlc=8 data=d8cf0400a8610000
2026-07-07T14:53:45.777+00:00 CAN id=101 dlc=8 data=d8cf0400a8610000
2026-07-07T14:53:45.797+00:00 CAN id=101 dlc=8 data=d8cf0400a8610000
2026-07-07T14:53:45.814+00:00 VCP run=1 step=0 angle=314209 target=315352 err=1143 steer=572 m1=0/11737 i1=691 t1=28 m2=-32/-5450 i2=-84 t2=27 steerMode=3143/-2042 iSteer=303616 driveMode=8594/2043 iDrive=387687 scale=0 wheel=25000
2026-07-07T14:53:45.817+00:00 CAN id=101 dlc=8 data=d8cf0400a8610000
2026-07-07T14:53:45.837+00:00 CAN id=101 dlc=8 data=d8cf0400a8610000
2026-07-07T14:53:45.857+00:00 CAN id=101 dlc=8 data=d8cf0400a8610000
2026-07-07T14:53:45.877+00:00 CAN id=101 dlc=8 data=d8cf0400a8610000
2026-07-07T14:53:45.897+00:00 CAN id=101 dlc=8 data=d8cf0400a8610000
2026-07-07T14:53:45.917+00:00 CAN id=101 dlc=8 data=d8cf0400a8610000
2026-07-07T14:53:45.937+00:00 CAN id=101 dlc=8 data=d8cf0400a8610000
2026-07-07T14:53:45.957+00:00 CAN id=101 dlc=8 data=d8cf0400a8610000
2026-07-07T14:53:45.977+00:00 CAN id=101 dlc=8 data=d8cf0400a8610000
2026-07-07T14:53:45.997+00:00 CAN id=101 dlc=8 data=d8cf0400a8610000
2026-07-07T14:53:46.003+00:00 VCP run=1 step=0 angle=314209 target=315352 err=1143 steer=572 m1=0/11737 i1=628 t1=28 m2=2/-5450 i2=-197 t2=27 steerMode=3143/-74 iSteer=215305 driveMode=8594/71 iDrive=412674 scale=0 wheel=25000
2026-07-07T14:53:46.003+00:00 VCP run=1 step=0 angle=314209 target=315352 err=1143 steer=572 m1=0/11737 i1=650 t1=28 m2=0/-5450 i2=-209 t2=27 steerMode=3143/0 iSteer=220529 driveMode=8594/0 iDrive=429164 scale=0 wheel=25000
2026-07-07T14:53:46.017+00:00 CAN id=101 dlc=8 data=d8cf0400a8610000
2026-07-07T14:53:46.037+00:00 CAN id=101 dlc=8 data=d8cf0400a8610000
2026-07-07T14:53:46.057+00:00 CAN id=101 dlc=8 data=d8cf0400a8610000
2026-07-07T14:53:46.077+00:00 CAN id=101 dlc=8 data=d8cf0400a8610000
2026-07-07T14:53:46.097+00:00 CAN id=101 dlc=8 data=d8cf0400a8610000
2026-07-07T14:53:46.105+00:00 VCP run=1 step=0 angle=314209 target=315352 err=1143 steer=572 m1=0/11737 i1=675 t1=28 m2=0/-5450 i2=-216 t2=27 steerMode=3143/0 iSteer=229370 driveMode=8594/0 iDrive=445322 scale=0 wheel=25000
2026-07-07T14:53:46.105+00:00 VCP SET_TARGET_RX steer=315352 wheel=25000
2026-07-07T14:53:46.117+00:00 CAN id=101 dlc=8 data=d8cf0400a8610000
2026-07-07T14:53:46.137+00:00 CAN id=101 dlc=8 data=d8cf0400a8610000
2026-07-07T14:53:46.157+00:00 CAN id=101 dlc=8 data=d8cf0400a8610000
2026-07-07T14:53:46.177+00:00 CAN id=101 dlc=8 data=d8cf0400a8610000
2026-07-07T14:53:46.197+00:00 CAN id=101 dlc=8 data=d8cf0400a8610000
2026-07-07T14:53:46.210+00:00 VCP run=1 step=0 angle=314209 target=315352 err=1143 steer=572 m1=0/11737 i1=700 t1=28 m2=0/-5450 i2=-223 t2=27 steerMode=3143/0 iSteer=238226 driveMode=8594/0 iDrive=461479 scale=0 wheel=25000
2026-07-07T14:53:46.217+00:00 CAN id=101 dlc=8 data=d8cf0400a8610000
2026-07-07T14:53:46.237+00:00 CAN id=101 dlc=8 data=d8cf0400a8610000
2026-07-07T14:53:46.257+00:00 CAN id=101 dlc=8 data=d8cf0400a8610000
2026-07-07T14:53:46.277+00:00 CAN id=101 dlc=8 data=d8cf0400a8610000
2026-07-07T14:53:46.297+00:00 CAN id=101 dlc=8 data=d8cf0400a8610000
2026-07-07T14:53:46.316+00:00 VCP run=1 step=0 angle=314209 target=315352 err=1143 steer=572 m1=0/11737 i1=724 t1=28 m2=0/-5450 i2=-231 t2=27 steerMode=3143/1 iSteer=246902 driveMode=8594/1 iDrive=477457 scale=0 wheel=25000
2026-07-07T14:53:46.317+00:00 CAN id=101 dlc=8 data=d8cf0400a8610000
2026-07-07T14:53:46.337+00:00 CAN id=101 dlc=8 data=d8cf0400a8610000
2026-07-07T14:53:46.357+00:00 CAN id=101 dlc=8 data=d8cf0400a8610000
2026-07-07T14:53:46.377+00:00 CAN id=101 dlc=8 data=d8cf0400a8610000
2026-07-07T14:53:46.397+00:00 CAN id=101 dlc=8 data=d8cf0400a8610000
2026-07-07T14:53:46.417+00:00 CAN id=101 dlc=8 data=d8cf0400a8610000
2026-07-07T14:53:46.437+00:00 CAN id=101 dlc=8 data=d8cf0400a8610000
2026-07-07T14:53:46.457+00:00 CAN id=101 dlc=8 data=d8cf0400a8610000
2026-07-07T14:53:46.477+00:00 CAN id=101 dlc=8 data=d8cf0400a8610000
2026-07-07T14:53:46.497+00:00 CAN id=101 dlc=8 data=d8cf0400a8610000
2026-07-07T14:53:46.505+00:00 VCP run=1 step=0 angle=314209 target=315352 err=1143 steer=572 m1=0/11737 i1=749 t1=28 m2=0/-5450 i2=-238 t2=27 steerMode=3143/3 iSteer=255661 driveMode=8594/3 iDrive=493600 scale=0 wheel=25000
2026-07-07T14:53:46.505+00:00 VCP run=1 step=0 angle=314209 target=315352 err=1143 steer=572 m1=0/11737 i1=774 t1=28 m2=0/-5450 i2=-245 t2=27 steerMode=3143/3 iSteer=264491 driveMode=8594/3 iDrive=509752 scale=0 wheel=25000
2026-07-07T14:53:46.517+00:00 CAN id=101 dlc=8 data=d8cf0400a8610000
2026-07-07T14:53:46.537+00:00 CAN id=101 dlc=8 data=d8cf0400a8610000
2026-07-07T14:53:46.557+00:00 CAN id=101 dlc=8 data=d8cf0400a8610000
2026-07-07T14:53:46.577+00:00 CAN id=101 dlc=8 data=d8cf0400a8610000
2026-07-07T14:53:46.597+00:00 CAN id=101 dlc=8 data=d8cf0400a8610000
2026-07-07T14:53:46.608+00:00 VCP run=1 step=0 angle=314209 target=315352 err=1143 steer=572 m1=0/11737 i1=799 t1=28 m2=0/-5450 i2=-252 t2=27 steerMode=3143/0 iSteer=273491 driveMode=8594/0 iDrive=525922 scale=0 wheel=25000
2026-07-07T14:53:46.608+00:00 VCP SET_TARGET_RX steer=315352 wheel=25000
2026-07-07T14:53:46.617+00:00 CAN id=101 dlc=8 data=d8cf0400a8610000
2026-07-07T14:53:46.637+00:00 CAN id=101 dlc=8 data=d8cf0400a8610000
2026-07-07T14:53:46.657+00:00 CAN id=101 dlc=8 data=d8cf0400a8610000
2026-07-07T14:53:46.677+00:00 CAN id=101 dlc=8 data=d8cf0400a8610000
2026-07-07T14:53:46.697+00:00 CAN id=101 dlc=8 data=d8cf0400a8610000
2026-07-07T14:53:46.712+00:00 VCP run=1 step=0 angle=314209 target=315352 err=1143 steer=572 m1=0/11737 i1=825 t1=28 m2=0/-5450 i2=-259 t2=27 steerMode=3143/-9 iSteer=282770 driveMode=8594/14 iDrive=541989 scale=0 wheel=25000
2026-07-07T14:53:46.717+00:00 CAN id=101 dlc=8 data=d8cf0400a8610000
2026-07-07T14:53:46.737+00:00 CAN id=101 dlc=8 data=d8cf0400a8610000
2026-07-07T14:53:46.757+00:00 CAN id=101 dlc=8 data=d8cf0400a8610000
2026-07-07T14:53:46.777+00:00 CAN id=101 dlc=8 data=d8cf0400a8610000
2026-07-07T14:53:46.797+00:00 CAN id=101 dlc=8 data=d8cf0400a8610000
2026-07-07T14:53:46.817+00:00 CAN id=101 dlc=8 data=d8cf0400a8610000
2026-07-07T14:53:46.837+00:00 CAN id=101 dlc=8 data=d8cf0400a8610000
2026-07-07T14:53:46.857+00:00 CAN id=101 dlc=8 data=d8cf0400a8610000
2026-07-07T14:53:46.877+00:00 CAN id=101 dlc=8 data=d8cf0400a8610000
2026-07-07T14:53:46.897+00:00 CAN id=101 dlc=8 data=d8cf0400a8610000
2026-07-07T14:53:46.901+00:00 VCP run=1 step=0 angle=314209 target=315352 err=1143 steer=572 m1=0/11737 i1=849 t1=28 m2=0/-5450 i2=-267 t2=27 steerMode=3143/5 iSteer=290835 driveMode=8594/5 iDrive=558004 scale=0 wheel=25000
2026-07-07T14:53:46.901+00:00 VCP run=1 step=0 angle=314209 target=315352 err=1143 steer=572 m1=2/11737 i1=873 t1=28 m2=0/-5450 i2=-275 t2=27 steerMode=3143/12 iSteer=299305 driveMode=8594/12 iDrive=574116 scale=0 wheel=25000
2026-07-07T14:53:46.917+00:00 CAN id=101 dlc=8 data=d8cf0400a8610000
2026-07-07T14:53:46.937+00:00 CAN id=101 dlc=8 data=d8cf0400a8610000
2026-07-07T14:53:46.957+00:00 CAN id=101 dlc=8 data=d8cf0400a8610000
2026-07-07T14:53:46.977+00:00 CAN id=101 dlc=8 data=d8cf0400a8610000
2026-07-07T14:53:46.997+00:00 CAN id=101 dlc=8 data=d8cf0400a8610000
2026-07-07T14:53:47.007+00:00 VCP run=1 step=0 angle=315176 target=315352 err=176 steer=0 m1=399/8594 i1=236 t1=28 m2=-5/-8594 i2=-841 t2=27 steerMode=0/8876 iSteer=-302064 driveMode=8594/9151 iDrive=538547 scale=0 wheel=25000
2026-07-07T14:53:47.017+00:00 CAN id=101 dlc=8 data=d8cf0400a8610000
2026-07-07T14:53:47.037+00:00 CAN id=101 dlc=8 data=d8cf0400a8610000
2026-07-07T14:53:47.057+00:00 CAN id=101 dlc=8 data=d8cf0400a8610000
2026-07-07T14:53:47.077+00:00 CAN id=101 dlc=8 data=d8cf0400a8610000
2026-07-07T14:53:47.097+00:00 CAN id=101 dlc=8 data=d8cf0400a8610000
2026-07-07T14:53:47.108+00:00 VCP run=1 step=0 angle=317109 target=315352 err=-1757 steer=-879 m1=366/3761 i1=449 t1=28 m2=-559/-13426 i2=-482 t2=27 steerMode=-4833/-2225 iSteer=-16445 driveMode=8594/21582 iDrive=465633 scale=0 wheel=25000
2026-07-07T14:53:47.108+00:00 VCP SET_TARGET_RX steer=315352 wheel=25000
2026-07-07T14:53:47.117+00:00 CAN id=101 dlc=8 data=d8cf0400a8610000
2026-07-07T14:53:47.137+00:00 CAN id=101 dlc=8 data=d8cf0400a8610000
2026-07-07T14:53:47.157+00:00 CAN id=101 dlc=8 data=d8cf0400a8610000
2026-07-07T14:53:47.177+00:00 CAN id=101 dlc=8 data=d8cf0400a8610000
2026-07-07T14:53:47.197+00:00 CAN id=101 dlc=8 data=d8cf0400a8610000
2026-07-07T14:53:47.212+00:00 VCP run=1 step=0 angle=316143 target=315352 err=-791 steer=-395 m1=744/6420 i1=351 t1=28 m2=-687/-10768 i2=-357 t2=27 steerMode=-2174/116 iSteer=-2838 driveMode=8594/36090 iDrive=354047 scale=0 wheel=25000
2026-07-07T14:53:47.217+00:00 CAN id=101 dlc=8 data=d8cf0400a8610000
2026-07-07T14:53:47.237+00:00 CAN id=101 dlc=8 data=d8cf0400a8610000
2026-07-07T14:53:47.257+00:00 CAN id=101 dlc=8 data=d8cf0400a8610000
2026-07-07T14:53:47.277+00:00 CAN id=101 dlc=8 data=d8cf0400a8610000
2026-07-07T14:53:47.297+00:00 CAN id=101 dlc=8 data=d8cf0400a8610000
2026-07-07T14:53:47.316+00:00 VCP run=1 step=0 angle=316230 target=315352 err=-878 steer=-439 m1=837/6178 i1=203 t1=28 m2=-842/-11009 i2=-318 t2=27 steerMode=-2416/787 iSteer=-57556 driveMode=8594/43194 iDrive=260304 scale=0 wheel=25000
2026-07-07T14:53:47.317+00:00 CAN id=101 dlc=8 data=d8cf0400a8610000
2026-07-07T14:53:47.337+00:00 CAN id=101 dlc=8 data=d8cf0400a8610000
2026-07-07T14:53:47.358+00:00 CAN id=101 dlc=8 data=d8cf0400a8610000
2026-07-07T14:53:47.377+00:00 CAN id=101 dlc=8 data=d8cf0400a8610000
2026-07-07T14:53:47.397+00:00 CAN id=101 dlc=8 data=d8cf0400a8610000
2026-07-07T14:53:47.417+00:00 CAN id=101 dlc=8 data=d8cf0400a8610000
2026-07-07T14:53:47.437+00:00 CAN id=101 dlc=8 data=d8cf0400a8610000
2026-07-07T14:53:47.457+00:00 CAN id=101 dlc=8 data=d8cf0400a8610000
2026-07-07T14:53:47.477+00:00 CAN id=101 dlc=8 data=d8cf0400a8610000
2026-07-07T14:53:47.497+00:00 CAN id=101 dlc=8 data=d8cf0400a8610000
2026-07-07T14:53:47.503+00:00 VCP run=1 step=0 angle=316318 target=315352 err=-966 steer=-483 m1=845/5936 i1=159 t1=28 m2=-879/-11251 i2=-215 t2=27 steerMode=-2657/-190 iSteer=-28033 driveMode=8594/44585 iDrive=186691 scale=0 wheel=25000
2026-07-07T14:53:47.503+00:00 VCP run=1 step=0 angle=316406 target=315352 err=-1054 steer=-527 m1=765/5695 i1=99 t1=28 m2=-766/-11493 i2=-175 t2=27 steerMode=-2899/-384 iSteer=-38105 driveMode=8594/41642 iDrive=137125 scale=0 wheel=25000
2026-07-07T14:53:47.517+00:00 CAN id=101 dlc=8 data=d8cf0400a8610000
2026-07-07T14:53:47.538+00:00 CAN id=101 dlc=8 data=d8cf0400a8610000
2026-07-07T14:53:47.557+00:00 CAN id=101 dlc=8 data=d8cf0400a8610000
2026-07-07T14:53:47.577+00:00 CAN id=101 dlc=8 data=d8cf0400a8610000
2026-07-07T14:53:47.598+00:00 CAN id=101 dlc=8 data=d8cf0400a8610000
2026-07-07T14:53:47.605+00:00 VCP run=1 step=0 angle=316318 target=315352 err=-966 steer=-483 m1=663/5936 i1=75 t1=28 m2=-695/-11251 i2=-135 t2=27 steerMode=-2657/-430 iSteer=-29979 driveMode=8594/36701 iDrive=104554 scale=0 wheel=25000
2026-07-07T14:53:47.605+00:00 VCP SET_TARGET_RX steer=315352 wheel=25000
2026-07-07T14:53:47.617+00:00 CAN id=101 dlc=8 data=d8cf0400a8610000
2026-07-07T14:53:47.637+00:00 CAN id=101 dlc=8 data=d8cf0400a8610000
2026-07-07T14:53:47.657+00:00 CAN id=101 dlc=8 data=d8cf0400a8610000
2026-07-07T14:53:47.677+00:00 CAN id=101 dlc=8 data=d8cf0400a8610000
2026-07-07T14:53:47.697+00:00 CAN id=101 dlc=8 data=d8cf0400a8610000
2026-07-07T14:53:47.710+00:00 VCP run=1 step=0 angle=316230 target=315352 err=-878 steer=-439 m1=523/6178 i1=45 t1=28 m2=-530/-11009 i2=-146 t2=27 steerMode=-2416/99 iSteer=-50563 driveMode=8594/29390 iDrive=95129 scale=0 wheel=25000
2026-07-07T14:53:47.717+00:00 CAN id=101 dlc=8 data=d8cf0400a8610000
2026-07-07T14:53:47.738+00:00 CAN id=101 dlc=8 data=d8cf0400a8610000
2026-07-07T14:53:47.757+00:00 CAN id=101 dlc=8 data=d8cf0400a8610000
2026-07-07T14:53:47.777+00:00 CAN id=101 dlc=8 data=d8cf0400a8610000
2026-07-07T14:53:47.797+00:00 CAN id=101 dlc=8 data=d8cf0400a8610000
2026-07-07T14:53:47.815+00:00 VCP run=1 step=0 angle=316406 target=315352 err=-1054 steer=-527 m1=372/5695 i1=46 t1=28 m2=-396/-11493 i2=-169 t2=27 steerMode=-2899/-336 iSteer=-61285 driveMode=8594/20863 iDrive=107469 scale=0 wheel=25000
2026-07-07T14:53:47.817+00:00 CAN id=101 dlc=8 data=d8cf0400a8610000
2026-07-07T14:53:47.837+00:00 CAN id=101 dlc=8 data=d8cf0400a8610000
2026-07-07T14:53:47.857+00:00 CAN id=101 dlc=8 data=d8cf0400a8610000
2026-07-07T14:53:47.877+00:00 CAN id=101 dlc=8 data=d8cf0400a8610000
2026-07-07T14:53:47.897+00:00 CAN id=101 dlc=8 data=d8cf0400a8610000
2026-07-07T14:53:47.917+00:00 CAN id=101 dlc=8 data=d8cf0400a8610000
2026-07-07T14:53:47.937+00:00 CAN id=101 dlc=8 data=d8cf0400a8610000
2026-07-07T14:53:47.957+00:00 CAN id=101 dlc=8 data=d8cf0400a8610000
2026-07-07T14:53:47.977+00:00 CAN id=101 dlc=8 data=d8cf0400a8610000
2026-07-07T14:53:47.997+00:00 CAN id=101 dlc=8 data=d8cf0400a8610000
2026-07-07T14:53:48.001+00:00 VCP run=1 step=0 angle=316318 target=315352 err=-966 steer=-483 m1=259/5936 i1=50 t1=28 m2=-273/-11251 i2=-206 t2=27 steerMode=-2657/104 iSteer=-77807 driveMode=8594/13693 iDrive=127721 scale=0 wheel=25000
2026-07-07T14:53:48.001+00:00 VCP run=1 step=0 angle=316318 target=315352 err=-966 steer=-483 m1=121/5936 i1=84 t1=28 m2=-153/-11251 i2=-219 t2=27 steerMode=-2657/-234 iSteer=-67573 driveMode=8594/8237 iDrive=151823 scale=0 wheel=25000
2026-07-07T14:53:48.017+00:00 CAN id=101 dlc=8 data=d8cf0400a8610000
2026-07-07T14:53:48.037+00:00 CAN id=101 dlc=8 data=d8cf0400a8610000
2026-07-07T14:53:48.057+00:00 CAN id=101 dlc=8 data=d8cf0400a8610000
2026-07-07T14:53:48.077+00:00 CAN id=101 dlc=8 data=d8cf0400a8610000
2026-07-07T14:53:48.097+00:00 CAN id=101 dlc=8 data=d8cf0400a8610000
2026-07-07T14:53:48.103+00:00 VCP run=1 step=0 angle=315967 target=315352 err=-615 steer=-307 m1=92/6903 i1=179 t1=28 m2=-189/-10284 i2=-155 t2=27 steerMode=-1691/-928 iSteer=11847 driveMode=8594/5840 iDrive=167045 scale=0 wheel=25000
2026-07-07T14:53:48.103+00:00 VCP SET_TARGET_RX steer=315352 wheel=25000
2026-07-07T14:53:48.118+00:00 CAN id=101 dlc=8 data=d8cf0400a8610000
2026-07-07T14:53:48.137+00:00 CAN id=101 dlc=8 data=d8cf0400a8610000
2026-07-07T14:53:48.157+00:00 CAN id=101 dlc=8 data=d8cf0400a8610000
2026-07-07T14:53:48.177+00:00 CAN id=101 dlc=8 data=d8cf0400a8610000
2026-07-07T14:53:48.197+00:00 CAN id=101 dlc=8 data=d8cf0400a8610000
2026-07-07T14:53:48.207+00:00 VCP run=1 step=0 angle=316055 target=315352 err=-703 steer=-351 m1=-26/6661 i1=195 t1=28 m2=-42/-10526 i2=-204 t2=27 steerMode=-1932/-938 iSteer=-4462 driveMode=8594/1098 iDrive=199075 scale=0 wheel=25000
2026-07-07T14:53:48.217+00:00 CAN id=101 dlc=8 data=d8cf0400a8610000
2026-07-07T14:53:48.237+00:00 CAN id=101 dlc=8 data=d8cf0400a8610000
2026-07-07T14:53:48.257+00:00 CAN id=101 dlc=8 data=d8cf0400a8610000
2026-07-07T14:53:48.277+00:00 CAN id=101 dlc=8 data=d8cf0400a8610000
2026-07-07T14:53:48.297+00:00 CAN id=101 dlc=8 data=d8cf0400a8610000
2026-07-07T14:53:48.312+00:00 VCP run=1 step=0 angle=316055 target=315352 err=-703 steer=-351 m1=0/6661 i1=165 t1=28 m2=0/-10526 i2=-274 t2=27 steerMode=-1932/-20 iSteer=-54738 driveMode=8594/29 iDrive=219761 scale=0 wheel=25000
2026-07-07T14:53:48.317+00:00 CAN id=101 dlc=8 data=d8cf0400a8610000
2026-07-07T14:53:48.337+00:00 CAN id=101 dlc=8 data=d8cf0400a8610000
2026-07-07T14:53:48.357+00:00 CAN id=101 dlc=8 data=d8cf0400a8610000
2026-07-07T14:53:48.377+00:00 CAN id=101 dlc=8 data=d8cf0400a8610000
2026-07-07T14:53:48.397+00:00 CAN id=101 dlc=8 data=d8cf0400a8610000
2026-07-07T14:53:48.417+00:00 CAN id=101 dlc=8 data=d8cf0400a8610000
2026-07-07T14:53:48.437+00:00 CAN id=101 dlc=8 data=d8cf0400a8610000
2026-07-07T14:53:48.457+00:00 CAN id=101 dlc=8 data=d8cf0400a8610000
2026-07-07T14:53:48.477+00:00 CAN id=101 dlc=8 data=d8cf0400a8610000
2026-07-07T14:53:48.497+00:00 CAN id=101 dlc=8 data=d8cf0400a8610000
2026-07-07T14:53:48.501+00:00 VCP run=1 step=0 angle=316055 target=315352 err=-703 steer=-351 m1=0/6661 i1=175 t1=28 m2=0/-10526 i2=-297 t2=27 steerMode=-1932/0 iSteer=-61112 driveMode=8594/0 iDrive=235875 scale=0 wheel=25000
2026-07-07T14:53:48.501+00:00 VCP run=1 step=0 angle=316055 target=315352 err=-703 steer=-351 m1=0/6661 i1=185 t1=28 m2=0/-10526 i2=-319 t2=27 steerMode=-1932/0 iSteer=-66536 driveMode=8594/0 iDrive=252021 scale=0 wheel=25000
2026-07-07T14:53:48.517+00:00 CAN id=101 dlc=8 data=d8cf0400a8610000
2026-07-07T14:53:48.537+00:00 CAN id=101 dlc=8 data=d8cf0400a8610000
2026-07-07T14:53:48.557+00:00 CAN id=101 dlc=8 data=d8cf0400a8610000
2026-07-07T14:53:48.577+00:00 CAN id=101 dlc=8 data=d8cf0400a8610000
2026-07-07T14:53:48.597+00:00 BENCH disable sent
2026-07-07T14:53:48.597+00:00 CAN id=121 dlc=2 data=0100
2026-07-07T14:53:48.597+00:00 CAN id=121 dlc=2 data=0100
2026-07-07T14:53:48.701+00:00 VCP run=1 step=0 angle=316055 target=315352 err=-703 steer=-351 m1=0/6661 i1=196 t1=28 m2=0/-10526 i2=-340 t2=27 steerMode=-1932/-4 iSteer=-71779 driveMode=8594/4 iDrive=268142 scale=0 wheel=25000
2026-07-07T14:53:48.701+00:00 VCP UNIT_CTRL enable=0
2026-07-07T14:53:48.701+00:00 VCP UNIT_CTRL enable=0
2026-07-07T14:53:48.701+00:00 VCP STOP: disabled
2026-07-07T14:53:48.998+00:00 BENCH log closed
