2026-07-07T15:17:00.053+00:00 BENCH log opened: firmware/logs/profile-reversal-fast.log
2026-07-07T15:17:00.053+00:00 BENCH profile: csv=firmware/logs/profile-reversal-fast.csv rows=6 rate=50.0Hz total_duration=11.5s
2026-07-07T15:17:00.053+00:00 CAN id=121 dlc=2 data=0101
2026-07-07T15:17:00.053+00:00 BENCH enable sent
2026-07-07T15:17:00.054+00:00 BENCH step t=0.000s -> steer=315352mdeg wheel=0milli-rpm
2026-07-07T15:17:00.054+00:00 CAN id=101 dlc=8 data=d8cf040000000000
2026-07-07T15:17:00.074+00:00 CAN id=101 dlc=8 data=d8cf040000000000
2026-07-07T15:17:00.078+00:00 VCP TARGET_RX steer=315352 wheel=0
2026-07-07T15:17:00.078+00:00 VCP START_CAN: angle=349805 target=315352 wheelTarget=0
2026-07-07T15:17:00.094+00:00 CAN id=101 dlc=8 data=d8cf040000000000
2026-07-07T15:17:00.114+00:00 CAN id=101 dlc=8 data=d8cf040000000000
2026-07-07T15:17:00.134+00:00 CAN id=101 dlc=8 data=d8cf040000000000
2026-07-07T15:17:00.154+00:00 CAN id=101 dlc=8 data=d8cf040000000000
2026-07-07T15:17:00.174+00:00 CAN id=101 dlc=8 data=d8cf040000000000
2026-07-07T15:17:00.194+00:00 CAN id=101 dlc=8 data=d8cf040000000000
2026-07-07T15:17:00.214+00:00 CAN id=101 dlc=8 data=d8cf040000000000
2026-07-07T15:17:00.234+00:00 CAN id=101 dlc=8 data=d8cf040000000000
2026-07-07T15:17:00.254+00:00 CAN id=101 dlc=8 data=d8cf040000000000
2026-07-07T15:17:00.261+00:00 VCP run=1 step=0 angle=349805 target=315352 err=-34453 steer=-250 m1=0/-1375 i1=-69 t1=28 m2=0/-1375 i2=-69 t2=28 steerMode=-1375/0 iSteer=-68956 driveMode=0/0 iDrive=0 scale=0 wheel=0
2026-07-07T15:17:00.261+00:00 VCP run=1 step=0 angle=349717 target=315352 err=-34365 steer=-4750 m1=-212/-26125 i1=-1170 t1=28 m2=-160/-26125 i2=-1190 t2=28 steerMode=-26125/-3264 iSteer=-1179873 driveMode=0/-1005 iDrive=10252 scale=0 wheel=0
2026-07-07T15:17:00.274+00:00 CAN id=101 dlc=8 data=d8cf040000000000
2026-07-07T15:17:00.294+00:00 CAN id=101 dlc=8 data=d8cf040000000000
2026-07-07T15:17:00.314+00:00 CAN id=101 dlc=8 data=d8cf040000000000
2026-07-07T15:17:00.334+00:00 CAN id=101 dlc=8 data=d8cf040000000000
2026-07-07T15:17:00.354+00:00 CAN id=101 dlc=8 data=d8cf040000000000
2026-07-07T15:17:00.366+00:00 VCP run=1 step=0 angle=339170 target=315352 err=-23818 steer=-5000 m1=-549/-27500 i1=45 t1=28 m2=-494/-27500 i2=0 t2=28 steerMode=-27500/-29016 iSteer=22483 driveMode=0/-1883 iDrive=22215 scale=0 wheel=0
2026-07-07T15:17:00.374+00:00 CAN id=101 dlc=8 data=d8cf040000000000
2026-07-07T15:17:00.394+00:00 CAN id=101 dlc=8 data=d8cf040000000000
2026-07-07T15:17:00.414+00:00 CAN id=101 dlc=8 data=d8cf040000000000
2026-07-07T15:17:00.434+00:00 CAN id=101 dlc=8 data=d8cf040000000000
2026-07-07T15:17:00.454+00:00 CAN id=101 dlc=8 data=d8cf040000000000
2026-07-07T15:17:00.470+00:00 VCP run=1 step=0 angle=328623 target=315352 err=-13271 steer=-5000 m1=-482/-27500 i1=-230 t1=28 m2=-463/-27500 i2=-257 t2=28 steerMode=-27500/-23818 iSteer=-243378 driveMode=0/-737 iDrive=13416 scale=0 wheel=0
2026-07-07T15:17:00.474+00:00 CAN id=101 dlc=8 data=d8cf040000000000
2026-07-07T15:17:00.494+00:00 CAN id=101 dlc=8 data=d8cf040000000000
2026-07-07T15:17:00.514+00:00 CAN id=101 dlc=8 data=d8cf040000000000
2026-07-07T15:17:00.534+00:00 CAN id=101 dlc=8 data=d8cf040000000000
2026-07-07T15:17:00.554+00:00 CAN id=101 dlc=8 data=d8cf040000000000
2026-07-07T15:17:00.571+00:00 VCP run=1 step=0 angle=319131 target=315352 err=-3779 steer=-1889 m1=-285/-10392 i1=349 t1=28 m2=-293/-10392 i2=311 t2=28 steerMode=-10392/-18029 iSteer=329843 driveMode=0/-1117 iDrive=19158 scale=0 wheel=0
2026-07-07T15:17:00.571+00:00 VCP SET_TARGET_RX steer=315352 wheel=0
2026-07-07T15:17:00.574+00:00 CAN id=101 dlc=8 data=d8cf040000000000
2026-07-07T15:17:00.594+00:00 CAN id=101 dlc=8 data=d8cf040000000000
2026-07-07T15:17:00.614+00:00 CAN id=101 dlc=8 data=d8cf040000000000
2026-07-07T15:17:00.634+00:00 CAN id=101 dlc=8 data=d8cf040000000000
2026-07-07T15:17:00.654+00:00 CAN id=101 dlc=8 data=d8cf040000000000
2026-07-07T15:17:00.674+00:00 CAN id=101 dlc=8 data=d8cf040000000000
2026-07-07T15:17:00.694+00:00 CAN id=101 dlc=8 data=d8cf040000000000
2026-07-07T15:17:00.714+00:00 CAN id=101 dlc=8 data=d8cf040000000000
2026-07-07T15:17:00.734+00:00 CAN id=101 dlc=8 data=d8cf040000000000
2026-07-07T15:17:00.754+00:00 CAN id=101 dlc=8 data=d8cf040000000000
2026-07-07T15:17:00.760+00:00 VCP run=1 step=0 angle=317900 target=315352 err=-2548 steer=-1274 m1=4/-7008 i1=-366 t1=28 m2=-13/-7008 i2=-386 t2=28 steerMode=-7008/-587 iSteer=-375869 driveMode=0/-82 iDrive=9966 scale=0 wheel=0
2026-07-07T15:17:00.760+00:00 VCP run=1 step=0 angle=317900 target=315352 err=-2548 steer=-1274 m1=0/-7008 i1=-414 t1=28 m2=-3/-7008 i2=-432 t2=28 steerMode=-7008/-22 iSteer=-423403 driveMode=0/5 iDrive=9054 scale=0 wheel=0
2026-07-07T15:17:00.774+00:00 CAN id=101 dlc=8 data=d8cf040000000000
2026-07-07T15:17:00.794+00:00 CAN id=101 dlc=8 data=d8cf040000000000
2026-07-07T15:17:00.814+00:00 CAN id=101 dlc=8 data=d8cf040000000000
2026-07-07T15:17:00.834+00:00 CAN id=101 dlc=8 data=d8cf040000000000
2026-07-07T15:17:00.854+00:00 CAN id=101 dlc=8 data=d8cf040000000000
2026-07-07T15:17:00.866+00:00 VCP run=1 step=0 angle=317900 target=315352 err=-2548 steer=-1274 m1=0/-7008 i1=-433 t1=28 m2=0/-7008 i2=-452 t2=28 steerMode=-7008/-28 iSteer=-442782 driveMode=0/-27 iDrive=9365 scale=0 wheel=0
2026-07-07T15:17:00.874+00:00 CAN id=101 dlc=8 data=d8cf040000000000
2026-07-07T15:17:00.894+00:00 CAN id=101 dlc=8 data=d8cf040000000000
2026-07-07T15:17:00.914+00:00 CAN id=101 dlc=8 data=d8cf040000000000
2026-07-07T15:17:00.934+00:00 CAN id=101 dlc=8 data=d8cf040000000000
2026-07-07T15:17:00.954+00:00 CAN id=101 dlc=8 data=d8cf040000000000
2026-07-07T15:17:00.971+00:00 VCP run=1 step=0 angle=317461 target=315352 err=-2109 steer=-1054 m1=-137/-5800 i1=-224 t1=28 m2=0/-5800 i2=-300 t2=28 steerMode=-5800/-2769 iSteer=-262046 driveMode=0/-2769 iDrive=38348 scale=0 wheel=0
2026-07-07T15:17:00.974+00:00 CAN id=101 dlc=8 data=d8cf040000000000
2026-07-07T15:17:00.994+00:00 CAN id=101 dlc=8 data=d8cf040000000000
2026-07-07T15:17:01.014+00:00 CAN id=101 dlc=8 data=d8cf040000000000
2026-07-07T15:17:01.034+00:00 CAN id=101 dlc=8 data=d8cf040000000000
2026-07-07T15:17:01.054+00:00 BENCH step t=1.000s -> steer=315352mdeg wheel=500000milli-rpm
2026-07-07T15:17:01.054+00:00 CAN id=101 dlc=8 data=d8cf040020a10700
2026-07-07T15:17:01.072+00:00 VCP run=1 step=0 angle=315967 target=315352 err=-615 steer=-307 m1=-139/-1691 i1=-2 t1=28 m2=0/-1691 i2=-95 t2=28 steerMode=-1691/-2910 iSteer=-48762 driveMode=0/-2912 iDrive=46329 scale=0 wheel=0
2026-07-07T15:17:01.072+00:00 VCP SET_TARGET_RX steer=315352 wheel=500000
2026-07-07T15:17:01.074+00:00 CAN id=101 dlc=8 data=d8cf040020a10700
2026-07-07T15:17:01.094+00:00 CAN id=101 dlc=8 data=d8cf040020a10700
2026-07-07T15:17:01.114+00:00 CAN id=101 dlc=8 data=d8cf040020a10700
2026-07-07T15:17:01.134+00:00 CAN id=101 dlc=8 data=d8cf040020a10700
2026-07-07T15:17:01.154+00:00 CAN id=101 dlc=8 data=d8cf040020a10700
2026-07-07T15:17:01.174+00:00 CAN id=101 dlc=8 data=d8cf040020a10700
2026-07-07T15:17:01.194+00:00 CAN id=101 dlc=8 data=d8cf040020a10700
2026-07-07T15:17:01.214+00:00 CAN id=101 dlc=8 data=d8cf040020a10700
2026-07-07T15:17:01.234+00:00 CAN id=101 dlc=8 data=d8cf040020a10700
2026-07-07T15:17:01.254+00:00 CAN id=101 dlc=8 data=d8cf040020a10700
2026-07-07T15:17:01.260+00:00 VCP run=1 step=0 angle=315879 target=315352 err=-527 steer=-263 m1=4/-74 i1=-155 t1=28 m2=0/-2824 i2=-218 t2=28 steerMode=-1449/63 iSteer=-186487 driveMode=1375/77 iDrive=31803 scale=0 wheel=4000
2026-07-07T15:17:01.260+00:00 VCP run=1 step=0 angle=315879 target=315352 err=-527 steer=-263 m1=25/32239 i1=190 t1=28 m2=0/-35136 i2=-583 t2=28 steerMode=-1449/203 iSteer=-196443 driveMode=33688/255 iDrive=386638 scale=0 wheel=98000
2026-07-07T15:17:01.274+00:00 CAN id=101 dlc=8 data=d8cf040020a10700
2026-07-07T15:17:01.294+00:00 CAN id=101 dlc=8 data=d8cf040020a10700
2026-07-07T15:17:01.314+00:00 CAN id=101 dlc=8 data=d8cf040020a10700
2026-07-07T15:17:01.334+00:00 CAN id=101 dlc=8 data=d8cf040020a10700
2026-07-07T15:17:01.354+00:00 CAN id=101 dlc=8 data=d8cf040020a10700
2026-07-07T15:17:01.366+00:00 VCP run=1 step=0 angle=315791 target=315352 err=-439 steer=0 m1=2/65656 i1=686 t1=28 m2=-3/-65656 i2=-915 t2=28 steerMode=0/-32 iSteer=-114128 driveMode=65656/113 iDrive=800428 scale=0 wheel=191000
2026-07-07T15:17:01.374+00:00 CAN id=101 dlc=8 data=d8cf040020a10700
2026-07-07T15:17:01.394+00:00 CAN id=101 dlc=8 data=d8cf040020a10700
2026-07-07T15:17:01.414+00:00 CAN id=101 dlc=8 data=d8cf040020a10700
2026-07-07T15:17:01.434+00:00 CAN id=101 dlc=8 data=d8cf040020a10700
2026-07-07T15:17:01.454+00:00 CAN id=101 dlc=8 data=d8cf040020a10700
2026-07-07T15:17:01.470+00:00 VCP run=1 step=0 angle=314033 target=315352 err=1319 steer=659 m1=368/101596 i1=1493 t1=28 m2=-503/-94342 i2=-773 t2=28 steerMode=3627/-5721 iSteer=360236 driveMode=97969/13984 iDrive=1132743 scale=0 wheel=285000
2026-07-07T15:17:01.474+00:00 CAN id=101 dlc=8 data=d8cf040020a10700
2026-07-07T15:17:01.494+00:00 CAN id=101 dlc=8 data=d8cf040020a10700
2026-07-07T15:17:01.514+00:00 CAN id=101 dlc=8 data=d8cf040020a10700
2026-07-07T15:17:01.534+00:00 CAN id=101 dlc=8 data=d8cf040020a10700
2026-07-07T15:17:01.554+00:00 CAN id=101 dlc=8 data=d8cf040020a10700
2026-07-07T15:17:01.570+00:00 VCP run=1 step=0 angle=314824 target=315352 err=528 steer=264 m1=1477/131045 i1=827 t1=28 m2=-1357/-128142 i2=-1356 t2=28 steerMode=1451/4703 iSteer=-264568 driveMode=129594/63529 iDrive=1091247 scale=0 wheel=377000
2026-07-07T15:17:01.570+00:00 VCP SET_TARGET_RX steer=315352 wheel=500000
2026-07-07T15:17:01.574+00:00 CAN id=101 dlc=8 data=d8cf040020a10700
2026-07-07T15:17:01.594+00:00 CAN id=101 dlc=8 data=d8cf040020a10700
2026-07-07T15:17:01.614+00:00 CAN id=101 dlc=8 data=d8cf040020a10700
2026-07-07T15:17:01.634+00:00 CAN id=101 dlc=8 data=d8cf040020a10700
2026-07-07T15:17:01.654+00:00 CAN id=101 dlc=8 data=d8cf040020a10700
2026-07-07T15:17:01.673+00:00 VCP run=1 step=0 angle=314824 target=315352 err=528 steer=264 m1=2287/162670 i1=1052 t1=28 m2=-2330/-159767 i2=-993 t2=28 steerMode=1451/-1146 iSteer=29680 driveMode=161219/112428 iDrive=1022771 scale=0 wheel=469000
2026-07-07T15:17:01.674+00:00 CAN id=101 dlc=8 data=d8cf040020a10700
2026-07-07T15:17:01.694+00:00 CAN id=101 dlc=8 data=d8cf040020a10700
2026-07-07T15:17:01.714+00:00 CAN id=101 dlc=8 data=d8cf040020a10700
2026-07-07T15:17:01.734+00:00 CAN id=101 dlc=8 data=d8cf040020a10700
2026-07-07T15:17:01.754+00:00 CAN id=101 dlc=8 data=d8cf040020a10700
2026-07-07T15:17:01.774+00:00 CAN id=101 dlc=8 data=d8cf040020a10700
2026-07-07T15:17:01.794+00:00 CAN id=101 dlc=8 data=d8cf040020a10700
2026-07-07T15:17:01.814+00:00 CAN id=101 dlc=8 data=d8cf040020a10700
2026-07-07T15:17:01.834+00:00 CAN id=101 dlc=8 data=d8cf040020a10700
2026-07-07T15:17:01.854+00:00 CAN id=101 dlc=8 data=d8cf040020a10700
2026-07-07T15:17:01.859+00:00 VCP run=1 step=0 angle=314385 target=315352 err=967 steer=522 m1=3147/174743 i1=767 t1=28 m2=-3093/-169007 i2=-725 t2=28 steerMode=2868/566 iSteer=21277 driveMode=171875/157039 iDrive=745844 scale=0 wheel=500000
2026-07-07T15:17:01.859+00:00 VCP run=1 step=0 angle=315088 target=315352 err=264 steer=0 m1=3576/171875 i1=420 t1=28 m2=-3644/-171875 i2=-499 t2=28 steerMode=0/-1098 iSteer=-39320 driveMode=171875/185523 iDrive=459272 scale=0 wheel=500000
2026-07-07T15:17:01.874+00:00 CAN id=101 dlc=8 data=d8cf040020a10700
2026-07-07T15:17:01.894+00:00 CAN id=101 dlc=8 data=d8cf040020a10700
2026-07-07T15:17:01.914+00:00 CAN id=101 dlc=8 data=d8cf040020a10700
2026-07-07T15:17:01.934+00:00 CAN id=101 dlc=8 data=d8cf040020a10700
2026-07-07T15:17:01.954+00:00 CAN id=101 dlc=8 data=d8cf040020a10700
2026-07-07T15:17:01.963+00:00 VCP run=1 step=0 angle=314385 target=315352 err=967 steer=484 m1=3867/174535 i1=266 t1=28 m2=-3792/-169215 i2=-282 t2=28 steerMode=2660/1076 iSteer=-8037 driveMode=171875/199888 iDrive=274336 scale=0 wheel=500000
2026-07-07T15:17:01.974+00:00 CAN id=101 dlc=8 data=d8cf040020a10700
2026-07-07T15:17:01.994+00:00 CAN id=101 dlc=8 data=d8cf040020a10700
2026-07-07T15:17:02.014+00:00 CAN id=101 dlc=8 data=d8cf040020a10700
2026-07-07T15:17:02.034+00:00 CAN id=101 dlc=8 data=d8cf040020a10700
2026-07-07T15:17:02.054+00:00 CAN id=101 dlc=8 data=d8cf040020a10700
2026-07-07T15:17:02.064+00:00 VCP run=1 step=0 angle=315264 target=315352 err=88 steer=0 m1=3848/171875 i1=103 t1=28 m2=-3866/-171875 i2=-272 t2=28 steerMode=0/-49 iSteer=-84628 driveMode=171875/203055 iDrive=187206 scale=0 wheel=500000
2026-07-07T15:17:02.064+00:00 VCP SET_TARGET_RX steer=315352 wheel=500000
2026-07-07T15:17:02.074+00:00 CAN id=101 dlc=8 data=d8cf040020a10700
2026-07-07T15:17:02.094+00:00 CAN id=101 dlc=8 data=d8cf040020a10700
2026-07-07T15:17:02.114+00:00 CAN id=101 dlc=8 data=d8cf040020a10700
2026-07-07T15:17:02.134+00:00 CAN id=101 dlc=8 data=d8cf040020a10700
2026-07-07T15:17:02.154+00:00 CAN id=101 dlc=8 data=d8cf040020a10700
2026-07-07T15:17:02.169+00:00 VCP run=1 step=0 angle=315000 target=315352 err=352 steer=0 m1=3806/171875 i1=142 t1=28 m2=-3876/-171875 i2=-135 t2=28 steerMode=0/-1753 iSteer=3056 driveMode=171875/202248 iDrive=138542 scale=0 wheel=500000
2026-07-07T15:17:02.174+00:00 CAN id=101 dlc=8 data=d8cf040020a10700
2026-07-07T15:17:02.194+00:00 CAN id=101 dlc=8 data=d8cf040020a10700
2026-07-07T15:17:02.214+00:00 CAN id=101 dlc=8 data=d8cf040020a10700
2026-07-07T15:17:02.234+00:00 CAN id=101 dlc=8 data=d8cf040020a10700
2026-07-07T15:17:02.254+00:00 CAN id=101 dlc=8 data=d8cf040020a10700
2026-07-07T15:17:02.273+00:00 VCP run=1 step=0 angle=314473 target=315352 err=879 steer=440 m1=3793/174293 i1=20 t1=28 m2=-3709/-169457 i2=-208 t2=28 steerMode=2418/2737 iSteer=-94168 driveMode=171875/199256 iDrive=113941 scale=0 wheel=500000
2026-07-07T15:17:02.274+00:00 CAN id=101 dlc=8 data=d8cf040020a10700
2026-07-07T15:17:02.294+00:00 CAN id=101 dlc=8 data=d8cf040020a10700
2026-07-07T15:17:02.314+00:00 CAN id=101 dlc=8 data=d8cf040020a10700
2026-07-07T15:17:02.334+00:00 CAN id=101 dlc=8 data=d8cf040020a10700
2026-07-07T15:17:02.354+00:00 CAN id=101 dlc=8 data=d8cf040020a10700
2026-07-07T15:17:02.374+00:00 CAN id=101 dlc=8 data=d8cf040020a10700
2026-07-07T15:17:02.394+00:00 CAN id=101 dlc=8 data=d8cf040020a10700
2026-07-07T15:17:02.414+00:00 CAN id=101 dlc=8 data=d8cf040020a10700
2026-07-07T15:17:02.434+00:00 CAN id=101 dlc=8 data=d8cf040020a10700
2026-07-07T15:17:02.454+00:00 CAN id=101 dlc=8 data=d8cf040020a10700
2026-07-07T15:17:02.459+00:00 VCP run=1 step=0 angle=315000 target=315352 err=352 steer=0 m1=3666/171875 i1=113 t1=28 m2=-3709/-171875 i2=-115 t2=28 steerMode=0/-1575 iSteer=-960 driveMode=171875/194690 iDrive=113768 scale=0 wheel=500000
2026-07-07T15:17:02.459+00:00 VCP run=1 step=0 angle=315000 target=315352 err=352 steer=0 m1=3603/171875 i1=12 t1=28 m2=-3606/-171875 i2=-236 t2=28 steerMode=0/720 iSteer=-112006 driveMode=171875/189896 iDrive=124376 scale=0 wheel=500000
2026-07-07T15:17:02.474+00:00 CAN id=101 dlc=8 data=d8cf040020a10700
2026-07-07T15:17:02.494+00:00 CAN id=101 dlc=8 data=d8cf040020a10700
2026-07-07T15:17:02.514+00:00 CAN id=101 dlc=8 data=d8cf040020a10700
2026-07-07T15:17:02.534+00:00 CAN id=101 dlc=8 data=d8cf040020a10700
2026-07-07T15:17:02.554+00:00 CAN id=101 dlc=8 data=d8cf040020a10700
2026-07-07T15:17:02.560+00:00 VCP run=1 step=0 angle=314736 target=315352 err=616 steer=308 m1=3551/173568 i1=132 t1=28 m2=-3522/-170182 i2=-114 t2=28 steerMode=1693/82 iSteer=8605 driveMode=171875/186945 iDrive=122914 scale=0 wheel=500000
2026-07-07T15:17:02.560+00:00 VCP SET_TARGET_RX steer=315352 wheel=500000
2026-07-07T15:17:02.574+00:00 CAN id=101 dlc=8 data=d8cf040020a10700
2026-07-07T15:17:02.594+00:00 CAN id=101 dlc=8 data=d8cf040020a10700
2026-07-07T15:17:02.614+00:00 CAN id=101 dlc=8 data=d8cf040020a10700
2026-07-07T15:17:02.634+00:00 CAN id=101 dlc=8 data=d8cf040020a10700
2026-07-07T15:17:02.654+00:00 CAN id=101 dlc=8 data=d8cf040020a10700
2026-07-07T15:17:02.664+00:00 VCP run=1 step=0 angle=315352 target=315352 err=0 steer=0 m1=3450/171875 i1=39 t1=28 m2=-3462/-171875 i2=-248 t2=28 steerMode=0/662 iSteer=-104798 driveMode=171875/182518 iDrive=143421 scale=0 wheel=500000
2026-07-07T15:17:02.674+00:00 CAN id=101 dlc=8 data=d8cf040020a10700
2026-07-07T15:17:02.694+00:00 CAN id=101 dlc=8 data=d8cf040020a10700
2026-07-07T15:17:02.714+00:00 CAN id=101 dlc=8 data=d8cf040020a10700
2026-07-07T15:17:02.734+00:00 CAN id=101 dlc=8 data=d8cf040020a10700
2026-07-07T15:17:02.754+00:00 CAN id=101 dlc=8 data=d8cf040020a10700
2026-07-07T15:17:02.769+00:00 VCP run=1 step=0 angle=315088 target=315352 err=264 steer=0 m1=3387/171875 i1=130 t1=28 m2=-3399/-171875 i2=-193 t2=28 steerMode=0/-777 iSteer=-31431 driveMode=171875/179079 iDrive=161922 scale=0 wheel=500000
2026-07-07T15:17:02.774+00:00 CAN id=101 dlc=8 data=d8cf040020a10700
2026-07-07T15:17:02.794+00:00 CAN id=101 dlc=8 data=d8cf040020a10700
2026-07-07T15:17:02.814+00:00 CAN id=101 dlc=8 data=d8cf040020a10700
2026-07-07T15:17:02.834+00:00 CAN id=101 dlc=8 data=d8cf040020a10700
2026-07-07T15:17:02.854+00:00 CAN id=101 dlc=8 data=d8cf040020a10700
2026-07-07T15:17:02.873+00:00 VCP run=1 step=0 angle=314473 target=315352 err=879 steer=440 m1=3421/174293 i1=181 t1=28 m2=-3355/-169457 i2=-123 t2=28 steerMode=2418/540 iSteer=29084 driveMode=171875/178713 iDrive=152392 scale=0 wheel=500000
2026-07-07T15:17:02.874+00:00 CAN id=101 dlc=8 data=d8cf040020a10700
2026-07-07T15:17:02.894+00:00 CAN id=101 dlc=8 data=d8cf040020a10700
2026-07-07T15:17:02.914+00:00 CAN id=101 dlc=8 data=d8cf040020a10700
2026-07-07T15:17:02.934+00:00 CAN id=101 dlc=8 data=d8cf040020a10700
2026-07-07T15:17:02.954+00:00 CAN id=101 dlc=8 data=d8cf040020a10700
2026-07-07T15:17:02.974+00:00 CAN id=101 dlc=8 data=d8cf040020a10700
2026-07-07T15:17:02.994+00:00 CAN id=101 dlc=8 data=d8cf040020a10700
2026-07-07T15:17:03.014+00:00 CAN id=101 dlc=8 data=d8cf040020a10700
2026-07-07T15:17:03.034+00:00 CAN id=101 dlc=8 data=d8cf040020a10700
2026-07-07T15:17:03.054+00:00 CAN id=101 dlc=8 data=d8cf040020a10700
2026-07-07T15:17:03.056+00:00 VCP run=1 step=0 angle=314912 target=315352 err=440 steer=0 m1=3316/171875 i1=91 t1=28 m2=-3345/-171875 i2=-263 t2=28 steerMode=0/358 iSteer=-85745 driveMode=171875/175327 iDrive=177135 scale=0 wheel=500000
2026-07-07T15:17:03.056+00:00 VCP run=1 step=0 angle=314736 target=315352 err=616 steer=308 m1=3308/173568 i1=234 t1=28 m2=-3282/-170182 i2=-144 t2=28 steerMode=1693/-501 iSteer=45021 driveMode=171875/173678 iDrive=188945 scale=0 wheel=500000
2026-07-07T15:17:03.074+00:00 CAN id=101 dlc=8 data=d8cf040020a10700
2026-07-07T15:17:03.094+00:00 CAN id=101 dlc=8 data=d8cf040020a10700
2026-07-07T15:17:03.114+00:00 CAN id=101 dlc=8 data=d8cf040020a10700
2026-07-07T15:17:03.134+00:00 CAN id=101 dlc=8 data=d8cf040020a10700
2026-07-07T15:17:03.154+00:00 CAN id=101 dlc=8 data=d8cf040020a10700
2026-07-07T15:17:03.160+00:00 VCP SET_TARGET_RX steer=315352 wheel=500000
2026-07-07T15:17:03.160+00:00 VCP run=1 step=0 angle=315264 target=315352 err=88 steer=0 m1=3308/171875 i1=120 t1=28 m2=-3324/-171875 i2=-243 t2=28 steerMode=0/-54 iSteer=-61493 driveMode=171875/174086 iDrive=181837 scale=0 wheel=500000
2026-07-07T15:17:03.174+00:00 CAN id=101 dlc=8 data=d8cf040020a10700
2026-07-07T15:17:03.194+00:00 CAN id=101 dlc=8 data=d8cf040020a10700
2026-07-07T15:17:03.214+00:00 CAN id=101 dlc=8 data=d8cf040020a10700
2026-07-07T15:17:03.234+00:00 CAN id=101 dlc=8 data=d8cf040020a10700
2026-07-07T15:17:03.254+00:00 CAN id=101 dlc=8 data=d8cf040020a10700
2026-07-07T15:17:03.264+00:00 VCP run=1 step=0 angle=314824 target=315352 err=528 steer=264 m1=3341/173326 i1=147 t1=28 m2=-3278/-170424 i2=-214 t2=28 steerMode=1451/912 iSteer=-33393 driveMode=171875/173853 iDrive=180219 scale=0 wheel=500000
2026-07-07T15:17:03.274+00:00 CAN id=101 dlc=8 data=d8cf040020a10700
2026-07-07T15:17:03.294+00:00 CAN id=101 dlc=8 data=d8cf040020a10700
2026-07-07T15:17:03.314+00:00 CAN id=101 dlc=8 data=d8cf040020a10700
2026-07-07T15:17:03.334+00:00 CAN id=101 dlc=8 data=d8cf040020a10700
2026-07-07T15:17:03.354+00:00 CAN id=101 dlc=8 data=d8cf040020a10700
2026-07-07T15:17:03.368+00:00 VCP run=1 step=0 angle=315088 target=315352 err=264 steer=0 m1=3266/171875 i1=146 t1=28 m2=-3286/-171875 i2=-237 t2=28 steerMode=0/-313 iSteer=-45226 driveMode=171875/172742 iDrive=191335 scale=0 wheel=500000
2026-07-07T15:17:03.374+00:00 CAN id=101 dlc=8 data=d8cf040020a10700
2026-07-07T15:17:03.394+00:00 CAN id=101 dlc=8 data=d8cf040020a10700
2026-07-07T15:17:03.414+00:00 CAN id=101 dlc=8 data=d8cf040020a10700
2026-07-07T15:17:03.434+00:00 CAN id=101 dlc=8 data=d8cf040020a10700
2026-07-07T15:17:03.454+00:00 CAN id=101 dlc=8 data=d8cf040020a10700
2026-07-07T15:17:03.472+00:00 VCP run=1 step=0 angle=315176 target=315352 err=176 steer=0 m1=3245/171875 i1=152 t1=28 m2=-3267/-171875 i2=-259 t2=28 steerMode=0/-143 iSteer=-53436 driveMode=171875/171425 iDrive=205084 scale=0 wheel=500000
2026-07-07T15:17:03.474+00:00 CAN id=101 dlc=8 data=d8cf040020a10700
2026-07-07T15:17:03.494+00:00 CAN id=101 dlc=8 data=d8cf040020a10700
2026-07-07T15:17:03.514+00:00 CAN id=101 dlc=8 data=d8cf040020a10700
2026-07-07T15:17:03.534+00:00 CAN id=101 dlc=8 data=d8cf040020a10700
2026-07-07T15:17:03.554+00:00 CAN id=101 dlc=8 data=d8cf040020a10700
2026-07-07T15:17:03.574+00:00 VCP run=1 step=0 angle=314561 target=315352 err=791 steer=396 m1=3308/174052 i1=258 t1=28 m2=-3255/-169698 i2=-113 t2=28 steerMode=2177/-418 iSteer=72517 driveMode=171875/173292 iDrive=185829 scale=0 wheel=500000
2026-07-07T15:17:03.574+00:00 VCP SET_TARGET_RX steer=315352 wheel=500000
2026-07-07T15:17:03.574+00:00 CAN id=101 dlc=8 data=d8cf040020a10700
2026-07-07T15:17:03.594+00:00 CAN id=101 dlc=8 data=d8cf040020a10700
2026-07-07T15:17:03.614+00:00 CAN id=101 dlc=8 data=d8cf040020a10700
2026-07-07T15:17:03.634+00:00 CAN id=101 dlc=8 data=d8cf040020a10700
2026-07-07T15:17:03.654+00:00 CAN id=101 dlc=8 data=d8cf040020a10700
2026-07-07T15:17:03.674+00:00 CAN id=101 dlc=8 data=d8cf040020a10700
2026-07-07T15:17:03.694+00:00 CAN id=101 dlc=8 data=d8cf040020a10700
2026-07-07T15:17:03.714+00:00 CAN id=101 dlc=8 data=d8cf040020a10700
2026-07-07T15:17:03.734+00:00 CAN id=101 dlc=8 data=d8cf040020a10700
2026-07-07T15:17:03.754+00:00 CAN id=101 dlc=8 data=d8cf040020a10700
2026-07-07T15:17:03.760+00:00 VCP run=1 step=0 angle=315088 target=315352 err=264 steer=0 m1=3241/171875 i1=99 t1=28 m2=-3259/-171875 i2=-306 t2=28 steerMode=0/894 iSteer=-103634 driveMode=171875/171612 iDrive=202670 scale=0 wheel=500000
2026-07-07T15:17:03.760+00:00 VCP run=1 step=0 angle=315088 target=315352 err=264 steer=0 m1=3264/171875 i1=168 t1=28 m2=-3267/-171875 i2=-240 t2=28 steerMode=0/-429 iSteer=-35587 driveMode=171875/171532 iDrive=204004 scale=0 wheel=500000
2026-07-07T15:17:03.774+00:00 CAN id=101 dlc=8 data=d8cf040020a10700
2026-07-07T15:17:03.794+00:00 CAN id=101 dlc=8 data=d8cf040020a10700
2026-07-07T15:17:03.814+00:00 CAN id=101 dlc=8 data=d8cf040020a10700
2026-07-07T15:17:03.834+00:00 CAN id=101 dlc=8 data=d8cf040020a10700
2026-07-07T15:17:03.854+00:00 CAN id=101 dlc=8 data=d8cf040020a10700
2026-07-07T15:17:03.864+00:00 VCP run=1 step=0 angle=315000 target=315352 err=352 steer=0 m1=3262/171875 i1=170 t1=28 m2=-3288/-171875 i2=-213 t2=28 steerMode=0/-692 iSteer=-21293 driveMode=171875/172744 iDrive=191468 scale=0 wheel=500000
2026-07-07T15:17:03.874+00:00 CAN id=101 dlc=8 data=d8cf040020a10700
2026-07-07T15:17:03.894+00:00 CAN id=101 dlc=8 data=d8cf040020a10700
2026-07-07T15:17:03.914+00:00 CAN id=101 dlc=8 data=d8cf040020a10700
2026-07-07T15:17:03.934+00:00 CAN id=101 dlc=8 data=d8cf040020a10700
2026-07-07T15:17:03.954+00:00 CAN id=101 dlc=8 data=d8cf040020a10700
2026-07-07T15:17:03.968+00:00 VCP run=1 step=0 angle=314736 target=315352 err=616 steer=308 m1=3323/173568 i1=126 t1=28 m2=-3257/-170182 i2=-262 t2=28 steerMode=1693/1991 iSteer=-68050 driveMode=171875/172483 iDrive=193922 scale=0 wheel=500000
2026-07-07T15:17:03.974+00:00 CAN id=101 dlc=8 data=d8cf040020a10700
2026-07-07T15:17:03.994+00:00 CAN id=101 dlc=8 data=d8cf040020a10700
2026-07-07T15:17:04.014+00:00 CAN id=101 dlc=8 data=d8cf040020a10700
2026-07-07T15:17:04.034+00:00 CAN id=101 dlc=8 data=d8cf040020a10700
2026-07-07T15:17:04.054+00:00 BENCH step t=4.000s -> steer=315352mdeg wheel=-500000milli-rpm
2026-07-07T15:17:04.054+00:00 CAN id=101 dlc=8 data=d8cf0400e05ef8ff
2026-07-07T15:17:04.069+00:00 VCP run=1 step=0 angle=315000 target=315352 err=352 steer=0 m1=3249/171875 i1=179 t1=28 m2=-3255/-171875 i2=-217 t2=28 steerMode=0/-707 iSteer=-19215 driveMode=171875/172078 iDrive=197967 scale=0 wheel=500000
2026-07-07T15:17:04.069+00:00 VCP SET_TARGET_RX steer=315352 wheel=-500000
2026-07-07T15:17:04.074+00:00 CAN id=101 dlc=8 data=d8cf0400e05ef8ff
2026-07-07T15:17:04.094+00:00 CAN id=101 dlc=8 data=d8cf0400e05ef8ff
2026-07-07T15:17:04.114+00:00 CAN id=101 dlc=8 data=d8cf0400e05ef8ff
2026-07-07T15:17:04.134+00:00 CAN id=101 dlc=8 data=d8cf0400e05ef8ff
2026-07-07T15:17:04.154+00:00 CAN id=101 dlc=8 data=d8cf0400e05ef8ff
2026-07-07T15:17:04.173+00:00 VCP run=1 step=0 angle=315176 target=315352 err=176 steer=0 m1=3264/170500 i1=142 t1=28 m2=-3284/-170500 i2=-235 t2=28 steerMode=0/-159 iSteer=-46562 driveMode=170500/171722 iDrive=188462 scale=0 wheel=496000
2026-07-07T15:17:04.174+00:00 CAN id=101 dlc=8 data=d8cf0400e05ef8ff
2026-07-07T15:17:04.194+00:00 CAN id=101 dlc=8 data=d8cf0400e05ef8ff
2026-07-07T15:17:04.214+00:00 CAN id=101 dlc=8 data=d8cf0400e05ef8ff
2026-07-07T15:17:04.234+00:00 CAN id=101 dlc=8 data=d8cf0400e05ef8ff
2026-07-07T15:17:04.254+00:00 CAN id=101 dlc=8 data=d8cf0400e05ef8ff
2026-07-07T15:17:04.274+00:00 CAN id=101 dlc=8 data=d8cf0400e05ef8ff
2026-07-07T15:17:04.294+00:00 CAN id=101 dlc=8 data=d8cf0400e05ef8ff
2026-07-07T15:17:04.314+00:00 CAN id=101 dlc=8 data=d8cf0400e05ef8ff
2026-07-07T15:17:04.334+00:00 CAN id=101 dlc=8 data=d8cf0400e05ef8ff
2026-07-07T15:17:04.354+00:00 CAN id=101 dlc=8 data=d8cf0400e05ef8ff
2026-07-07T15:17:04.359+00:00 VCP run=1 step=0 angle=314648 target=315352 err=704 steer=352 m1=3153/140810 i1=-30 t1=28 m2=-3156/-136940 i2=164 t2=28 steerMode=1935/-458 iSteer=67408 driveMode=138875/168581 iDrive=-97059 scale=0 wheel=404000
2026-07-07T15:17:04.359+00:00 VCP run=1 step=0 angle=315176 target=315352 err=176 steer=0 m1=2735/107250 i1=-322 t1=28 m2=-2719/-107250 i2=114 t2=28 steerMode=0/1024 iSteer=-104427 driveMode=107250/149047 iDrive=-217968 scale=0 wheel=312000
2026-07-07T15:17:04.374+00:00 CAN id=101 dlc=8 data=d8cf0400e05ef8ff
2026-07-07T15:17:04.394+00:00 CAN id=101 dlc=8 data=d8cf0400e05ef8ff
2026-07-07T15:17:04.414+00:00 CAN id=101 dlc=8 data=d8cf0400e05ef8ff
2026-07-07T15:17:04.434+00:00 CAN id=101 dlc=8 data=d8cf0400e05ef8ff
2026-07-07T15:17:04.454+00:00 CAN id=101 dlc=8 data=d8cf0400e05ef8ff
2026-07-07T15:17:04.464+00:00 VCP run=1 step=0 angle=315088 target=315352 err=264 steer=0 m1=2241/75625 i1=-313 t1=28 m2=-2223/-75625 i2=234 t2=28 steerMode=0/-258 iSteer=-39328 driveMode=75625/122957 iDrive=-273322 scale=0 wheel=220000
2026-07-07T15:17:04.474+00:00 CAN id=101 dlc=8 data=d8cf0400e05ef8ff
2026-07-07T15:17:04.494+00:00 CAN id=101 dlc=8 data=d8cf0400e05ef8ff
2026-07-07T15:17:04.514+00:00 CAN id=101 dlc=8 data=d8cf0400e05ef8ff
2026-07-07T15:17:04.534+00:00 CAN id=101 dlc=8 data=d8cf0400e05ef8ff
2026-07-07T15:17:04.554+00:00 CAN id=101 dlc=8 data=d8cf0400e05ef8ff
2026-07-07T15:17:04.565+00:00 VCP run=1 step=0 angle=315264 target=315352 err=88 steer=0 m1=1661/43656 i1=-342 t1=28 m2=-1670/-43656 i2=271 t2=28 steerMode=0/-345 iSteer=-35547 driveMode=43656/94265 iDrive=-306087 scale=0 wheel=127000
2026-07-07T15:17:04.565+00:00 VCP SET_TARGET_RX steer=315352 wheel=-500000
2026-07-07T15:17:04.574+00:00 CAN id=101 dlc=8 data=d8cf0400e05ef8ff
2026-07-07T15:17:04.594+00:00 CAN id=101 dlc=8 data=d8cf0400e05ef8ff
2026-07-07T15:17:04.614+00:00 CAN id=101 dlc=8 data=d8cf0400e05ef8ff
2026-07-07T15:17:04.634+00:00 CAN id=101 dlc=8 data=d8cf0400e05ef8ff
2026-07-07T15:17:04.654+00:00 CAN id=101 dlc=8 data=d8cf0400e05ef8ff
2026-07-07T15:17:04.669+00:00 VCP run=1 step=0 angle=315088 target=315352 err=264 steer=0 m1=1132/11688 i1=-383 t1=28 m2=-1149/-11688 i2=293 t2=28 steerMode=0/-136 iSteer=-44938 driveMode=11688/65477 iDrive=-337891 scale=0 wheel=34000
2026-07-07T15:17:04.674+00:00 CAN id=101 dlc=8 data=d8cf0400e05ef8ff
2026-07-07T15:17:04.694+00:00 CAN id=101 dlc=8 data=d8cf0400e05ef8ff
2026-07-07T15:17:04.714+00:00 CAN id=101 dlc=8 data=d8cf0400e05ef8ff
2026-07-07T15:17:04.734+00:00 CAN id=101 dlc=8 data=d8cf0400e05ef8ff
2026-07-07T15:17:04.754+00:00 CAN id=101 dlc=8 data=d8cf0400e05ef8ff
2026-07-07T15:17:04.774+00:00 CAN id=101 dlc=8 data=d8cf0400e05ef8ff
2026-07-07T15:17:04.774+00:00 VCP run=1 step=0 angle=315088 target=315352 err=264 steer=0 m1=318/-19937 i1=-773 t1=28 m2=-325/19937 i2=697 t2=28 steerMode=0/-268 iSteer=-37688 driveMode=-19937/27689 iDrive=-735086 scale=0 wheel=-58000
2026-07-07T15:17:04.794+00:00 CAN id=101 dlc=8 data=d8cf0400e05ef8ff
2026-07-07T15:17:04.814+00:00 CAN id=101 dlc=8 data=d8cf0400e05ef8ff
2026-07-07T15:17:04.834+00:00 CAN id=101 dlc=8 data=d8cf0400e05ef8ff
2026-07-07T15:17:04.854+00:00 CAN id=101 dlc=8 data=d8cf0400e05ef8ff
2026-07-07T15:17:04.874+00:00 CAN id=101 dlc=8 data=d8cf0400e05ef8ff
2026-07-07T15:17:04.894+00:00 CAN id=101 dlc=8 data=d8cf0400e05ef8ff
2026-07-07T15:17:04.914+00:00 CAN id=101 dlc=8 data=d8cf0400e05ef8ff
2026-07-07T15:17:04.934+00:00 CAN id=101 dlc=8 data=d8cf0400e05ef8ff
2026-07-07T15:17:04.954+00:00 CAN id=101 dlc=8 data=d8cf0400e05ef8ff
2026-07-07T15:17:04.960+00:00 VCP run=1 step=0 angle=315176 target=315352 err=176 steer=0 m1=-432/-51906 i1=-715 t1=28 m2=426/51906 i2=674 t2=28 steerMode=0/-607 iSteer=-20505 driveMode=-51906/-15690 iDrive=-694519 scale=0 wheel=-151000
2026-07-07T15:17:04.960+00:00 VCP run=1 step=0 angle=315176 target=315352 err=176 steer=0 m1=-1057/-83875 i1=-745 t1=28 m2=1027/83875 i2=781 t2=28 steerMode=0/-1310 iSteer=17762 driveMode=-83875/-47526 iDrive=-763192 scale=0 wheel=-244000
2026-07-07T15:17:04.974+00:00 CAN id=101 dlc=8 data=d8cf0400e05ef8ff
2026-07-07T15:17:04.994+00:00 CAN id=101 dlc=8 data=d8cf0400e05ef8ff
2026-07-07T15:17:05.014+00:00 CAN id=101 dlc=8 data=d8cf0400e05ef8ff
2026-07-07T15:17:05.034+00:00 CAN id=101 dlc=8 data=d8cf0400e05ef8ff
2026-07-07T15:17:05.054+00:00 CAN id=101 dlc=8 data=d8cf0400e05ef8ff
2026-07-07T15:17:05.061+00:00 VCP run=1 step=0 angle=314648 target=315352 err=704 steer=352 m1=-1685/-113909 i1=-764 t1=28 m2=1705/117779 i2=843 t2=28 steerMode=1935/276 iSteer=39373 driveMode=-115844/-81970 iDrive=-803736 scale=0 wheel=-337000
2026-07-07T15:17:05.061+00:00 VCP SET_TARGET_RX steer=315352 wheel=-500000
2026-07-07T15:17:05.074+00:00 CAN id=101 dlc=8 data=d8cf0400e05ef8ff
2026-07-07T15:17:05.094+00:00 CAN id=101 dlc=8 data=d8cf0400e05ef8ff
2026-07-07T15:17:05.114+00:00 CAN id=101 dlc=8 data=d8cf0400e05ef8ff
2026-07-07T15:17:05.134+00:00 CAN id=101 dlc=8 data=d8cf0400e05ef8ff
2026-07-07T15:17:05.154+00:00 CAN id=101 dlc=8 data=d8cf0400e05ef8ff
2026-07-07T15:17:05.164+00:00 VCP run=1 step=0 angle=314912 target=315352 err=440 steer=0 m1=-2384/-147469 i1=-842 t1=28 m2=2326/147469 i2=797 t2=28 steerMode=0/-376 iSteer=-22364 driveMode=-147469/-117738 iDrive=-819857 scale=0 wheel=-429000
2026-07-07T15:17:05.174+00:00 CAN id=101 dlc=8 data=d8cf0400e05ef8ff
2026-07-07T15:17:05.194+00:00 CAN id=101 dlc=8 data=d8cf0400e05ef8ff
2026-07-07T15:17:05.214+00:00 CAN id=101 dlc=8 data=d8cf0400e05ef8ff
2026-07-07T15:17:05.234+00:00 CAN id=101 dlc=8 data=d8cf0400e05ef8ff
2026-07-07T15:17:05.254+00:00 CAN id=101 dlc=8 data=d8cf0400e05ef8ff
2026-07-07T15:17:05.268+00:00 VCP run=1 step=0 angle=314209 target=315352 err=1143 steer=572 m1=-3003/-168732 i1=-688 t1=28 m2=3120/175018 i2=821 t2=28 steerMode=3143/1146 iSteer=66589 driveMode=-171875/-153514 iDrive=-754593 scale=0 wheel=-500000
2026-07-07T15:17:05.274+00:00 CAN id=101 dlc=8 data=d8cf0400e05ef8ff
2026-07-07T15:17:05.294+00:00 CAN id=101 dlc=8 data=d8cf0400e05ef8ff
2026-07-07T15:17:05.314+00:00 CAN id=101 dlc=8 data=d8cf0400e05ef8ff
2026-07-07T15:17:05.334+00:00 CAN id=101 dlc=8 data=d8cf0400e05ef8ff
2026-07-07T15:17:05.354+00:00 CAN id=101 dlc=8 data=d8cf0400e05ef8ff
2026-07-07T15:17:05.372+00:00 VCP run=1 step=0 angle=315088 target=315352 err=264 steer=0 m1=-3579/-171875 i1=-471 t1=28 m2=3496/171875 i2=468 t2=28 steerMode=0/-645 iSteer=-1555 driveMode=-171875/-182414 iDrive=-469081 scale=0 wheel=-500000
2026-07-07T15:17:05.374+00:00 CAN id=101 dlc=8 data=d8cf0400e05ef8ff
2026-07-07T15:17:05.394+00:00 CAN id=101 dlc=8 data=d8cf0400e05ef8ff
2026-07-07T15:17:05.414+00:00 CAN id=101 dlc=8 data=d8cf0400e05ef8ff
2026-07-07T15:17:05.434+00:00 CAN id=101 dlc=8 data=d8cf0400e05ef8ff
2026-07-07T15:17:05.454+00:00 CAN id=101 dlc=8 data=d8cf0400e05ef8ff
2026-07-07T15:17:05.474+00:00 CAN id=101 dlc=8 data=d8cf0400e05ef8ff
2026-07-07T15:17:05.494+00:00 CAN id=101 dlc=8 data=d8cf0400e05ef8ff
2026-07-07T15:17:05.514+00:00 CAN id=101 dlc=8 data=d8cf0400e05ef8ff
2026-07-07T15:17:05.534+00:00 CAN id=101 dlc=8 data=d8cf0400e05ef8ff
2026-07-07T15:17:05.554+00:00 CAN id=101 dlc=8 data=d8cf0400e05ef8ff
2026-07-07T15:17:05.554+00:00 VCP run=1 step=0 angle=314824 target=315352 err=528 steer=264 m1=-3813/-170424 i1=-178 t1=28 m2=3810/173326 i2=360 t2=28 steerMode=1451/-957 iSteer=90799 driveMode=-171875/-198736 iDrive=-268757 scale=0 wheel=-500000
2026-07-07T15:17:05.554+00:00 VCP run=1 step=0 angle=314561 target=315352 err=791 steer=396 m1=-3861/-169698 i1=-67 t1=28 m2=3844/174052 i2=280 t2=28 steerMode=2177/-471 iSteer=106152 driveMode=-171875/-202793 iDrive=-173638 scale=0 wheel=-500000
2026-07-07T15:17:05.574+00:00 CAN id=101 dlc=8 data=d8cf0400e05ef8ff
2026-07-07T15:17:05.594+00:00 CAN id=101 dlc=8 data=d8cf0400e05ef8ff
2026-07-07T15:17:05.614+00:00 CAN id=101 dlc=8 data=d8cf0400e05ef8ff
2026-07-07T15:17:05.634+00:00 CAN id=101 dlc=8 data=d8cf0400e05ef8ff
2026-07-07T15:17:05.654+00:00 CAN id=101 dlc=8 data=d8cf0400e05ef8ff
2026-07-07T15:17:05.658+00:00 VCP SET_TARGET_RX steer=315352 wheel=-500000
2026-07-07T15:17:05.658+00:00 VCP run=1 step=0 angle=315176 target=315352 err=176 steer=0 m1=-3840/-171875 i1=-178 t1=28 m2=3833/171875 i2=62 t2=28 steerMode=0/671 iSteer=-58036 driveMode=-171875/-202356 iDrive=-120243 scale=0 wheel=-500000
2026-07-07T15:17:05.674+00:00 CAN id=101 dlc=8 data=d8cf0400e05ef8ff
2026-07-07T15:17:05.694+00:00 CAN id=101 dlc=8 data=d8cf0400e05ef8ff
2026-07-07T15:17:05.714+00:00 CAN id=101 dlc=8 data=d8cf0400e05ef8ff
2026-07-07T15:17:05.734+00:00 CAN id=101 dlc=8 data=d8cf0400e05ef8ff
2026-07-07T15:17:05.754+00:00 CAN id=101 dlc=8 data=d8cf0400e05ef8ff
2026-07-07T15:17:05.762+00:00 VCP run=1 step=0 angle=314824 target=315352 err=528 steer=50 m1=-3797/-171600 i1=-51 t1=28 m2=3772/172150 i2=141 t2=28 steerMode=275/-1052 iSteer=44877 driveMode=-171875/-199416 iDrive=-96143 scale=0 wheel=-500000
2026-07-07T15:17:05.774+00:00 CAN id=101 dlc=8 data=d8cf0400e05ef8ff
2026-07-07T15:17:05.794+00:00 CAN id=101 dlc=8 data=d8cf0400e05ef8ff
2026-07-07T15:17:05.814+00:00 CAN id=101 dlc=8 data=d8cf0400e05ef8ff
2026-07-07T15:17:05.834+00:00 CAN id=101 dlc=8 data=d8cf0400e05ef8ff
2026-07-07T15:17:05.854+00:00 CAN id=101 dlc=8 data=d8cf0400e05ef8ff
2026-07-07T15:17:05.866+00:00 VCP run=1 step=0 angle=314561 target=315352 err=791 steer=396 m1=-3673/-169698 i1=2 t1=28 m2=3666/174052 i2=200 t2=28 steerMode=2177/-206 iSteer=101215 driveMode=-171875/-194483 iDrive=-99253 scale=0 wheel=-500000
2026-07-07T15:17:05.874+00:00 CAN id=101 dlc=8 data=d8cf0400e05ef8ff
2026-07-07T15:17:05.894+00:00 CAN id=101 dlc=8 data=d8cf0400e05ef8ff
2026-07-07T15:17:05.914+00:00 CAN id=101 dlc=8 data=d8cf0400e05ef8ff
2026-07-07T15:17:05.934+00:00 CAN id=101 dlc=8 data=d8cf0400e05ef8ff
2026-07-07T15:17:05.954+00:00 CAN id=101 dlc=8 data=d8cf0400e05ef8ff
2026-07-07T15:17:05.970+00:00 VCP run=1 step=0 angle=315264 target=315352 err=88 steer=0 m1=-3608/-171875 i1=-126 t1=28 m2=3561/171875 i2=89 t2=28 steerMode=0/29 iSteer=-18710 driveMode=-171875/-189920 iDrive=-107664 scale=0 wheel=-500000
2026-07-07T15:17:05.974+00:00 CAN id=101 dlc=8 data=d8cf0400e05ef8ff
2026-07-07T15:17:05.994+00:00 CAN id=101 dlc=8 data=d8cf0400e05ef8ff
2026-07-07T15:17:06.014+00:00 CAN id=101 dlc=8 data=d8cf0400e05ef8ff
2026-07-07T15:17:06.034+00:00 CAN id=101 dlc=8 data=d8cf0400e05ef8ff
2026-07-07T15:17:06.054+00:00 CAN id=101 dlc=8 data=d8cf0400e05ef8ff
2026-07-07T15:17:06.071+00:00 VCP run=1 step=0 angle=315088 target=315352 err=264 steer=0 m1=-3537/-171875 i1=-87 t1=28 m2=3530/171875 i2=128 t2=28 steerMode=0/-698 iSteer=20559 driveMode=-171875/-186883 iDrive=-107797 scale=0 wheel=-500000
2026-07-07T15:17:06.071+00:00 VCP SET_TARGET_RX steer=315352 wheel=-500000
2026-07-07T15:17:06.074+00:00 CAN id=101 dlc=8 data=d8cf0400e05ef8ff
2026-07-07T15:17:06.094+00:00 CAN id=101 dlc=8 data=d8cf0400e05ef8ff
2026-07-07T15:17:06.114+00:00 CAN id=101 dlc=8 data=d8cf0400e05ef8ff
2026-07-07T15:17:06.134+00:00 CAN id=101 dlc=8 data=d8cf0400e05ef8ff
2026-07-07T15:17:06.154+00:00 CAN id=101 dlc=8 data=d8cf0400e05ef8ff
2026-07-07T15:17:06.174+00:00 CAN id=101 dlc=8 data=d8cf0400e05ef8ff
2026-07-07T15:17:06.175+00:00 VCP run=1 step=0 angle=314824 target=315352 err=528 steer=200 m1=-3474/-170775 i1=-39 t1=28 m2=3438/172975 i2=217 t2=28 steerMode=1100/-926 iSteer=89100 driveMode=-171875/-182489 iDrive=-128146 scale=0 wheel=-500000
2026-07-07T15:17:06.194+00:00 CAN id=101 dlc=8 data=d8cf0400e05ef8ff
2026-07-07T15:17:06.214+00:00 CAN id=101 dlc=8 data=d8cf0400e05ef8ff
2026-07-07T15:17:06.234+00:00 CAN id=101 dlc=8 data=d8cf0400e05ef8ff
2026-07-07T15:17:06.254+00:00 CAN id=101 dlc=8 data=d8cf0400e05ef8ff
2026-07-07T15:17:06.274+00:00 CAN id=101 dlc=8 data=d8cf0400e05ef8ff
2026-07-07T15:17:06.294+00:00 CAN id=101 dlc=8 data=d8cf0400e05ef8ff
2026-07-07T15:17:06.314+00:00 CAN id=101 dlc=8 data=d8cf0400e05ef8ff
2026-07-07T15:17:06.334+00:00 CAN id=101 dlc=8 data=d8cf0400e05ef8ff
2026-07-07T15:17:06.354+00:00 CAN id=101 dlc=8 data=d8cf0400e05ef8ff
2026-07-07T15:17:06.360+00:00 VCP run=1 step=0 angle=314736 target=315352 err=616 steer=308 m1=-3378/-170182 i1=-167 t1=28 m2=3452/173568 i2=115 t2=28 steerMode=1693/2040 iSteer=-25666 driveMode=-171875/-179597 iDrive=-140848 scale=0 wheel=-500000
2026-07-07T15:17:06.360+00:00 VCP run=1 step=0 angle=315352 target=315352 err=0 steer=0 m1=-3399/-171875 i1=-106 t1=28 m2=3373/171875 i2=176 t2=28 steerMode=0/-880 iSteer=35054 driveMode=-171875/-178338 iDrive=-140567 scale=0 wheel=-500000
2026-07-07T15:17:06.374+00:00 CAN id=101 dlc=8 data=d8cf0400e05ef8ff
2026-07-07T15:17:06.394+00:00 CAN id=101 dlc=8 data=d8cf0400e05ef8ff
2026-07-07T15:17:06.414+00:00 CAN id=101 dlc=8 data=d8cf0400e05ef8ff
2026-07-07T15:17:06.434+00:00 CAN id=101 dlc=8 data=d8cf0400e05ef8ff
2026-07-07T15:17:06.454+00:00 CAN id=101 dlc=8 data=d8cf0400e05ef8ff
2026-07-07T15:17:06.464+00:00 VCP run=1 step=0 angle=315352 target=315352 err=0 steer=0 m1=-3351/-171875 i1=-111 t1=28 m2=3293/171875 i2=200 t2=28 steerMode=0/-1027 iSteer=44601 driveMode=-171875/-176333 iDrive=-155419 scale=0 wheel=-500000
2026-07-07T15:17:06.474+00:00 CAN id=101 dlc=8 data=d8cf0400e05ef8ff
2026-07-07T15:17:06.494+00:00 CAN id=101 dlc=8 data=d8cf0400e05ef8ff
2026-07-07T15:17:06.514+00:00 CAN id=101 dlc=8 data=d8cf0400e05ef8ff
2026-07-07T15:17:06.534+00:00 CAN id=101 dlc=8 data=d8cf0400e05ef8ff
2026-07-07T15:17:06.554+00:00 CAN id=101 dlc=8 data=d8cf0400e05ef8ff
2026-07-07T15:17:06.565+00:00 VCP run=1 step=0 angle=314824 target=315352 err=528 steer=264 m1=-3319/-170424 i1=-97 t1=28 m2=3314/173326 i2=246 t2=28 steerMode=1451/-122 iSteer=74436 driveMode=-171875/-174707 iDrive=-171676 scale=0 wheel=-500000
2026-07-07T15:17:06.565+00:00 VCP SET_TARGET_RX steer=315352 wheel=-500000
2026-07-07T15:17:06.574+00:00 CAN id=101 dlc=8 data=d8cf0400e05ef8ff
2026-07-07T15:17:06.594+00:00 CAN id=101 dlc=8 data=d8cf0400e05ef8ff
2026-07-07T15:17:06.614+00:00 CAN id=101 dlc=8 data=d8cf0400e05ef8ff
2026-07-07T15:17:06.634+00:00 CAN id=101 dlc=8 data=d8cf0400e05ef8ff
2026-07-07T15:17:06.654+00:00 CAN id=101 dlc=8 data=d8cf0400e05ef8ff
2026-07-07T15:17:06.668+00:00 VCP run=1 step=0 angle=314824 target=315352 err=528 steer=200 m1=-3319/-170775 i1=-87 t1=28 m2=3304/172975 i2=267 t2=28 steerMode=1100/-768 iSteer=90422 driveMode=-171875/-174168 iDrive=-177075 scale=0 wheel=-500000
2026-07-07T15:17:06.674+00:00 CAN id=101 dlc=8 data=d8cf0400e05ef8ff
2026-07-07T15:17:06.694+00:00 CAN id=101 dlc=8 data=d8cf0400e05ef8ff
2026-07-07T15:17:06.714+00:00 CAN id=101 dlc=8 data=d8cf0400e05ef8ff
2026-07-07T15:17:06.734+00:00 CAN id=101 dlc=8 data=d8cf0400e05ef8ff
2026-07-07T15:17:06.754+00:00 CAN id=101 dlc=8 data=d8cf0400e05ef8ff
2026-07-07T15:17:06.772+00:00 VCP run=1 step=0 angle=315000 target=315352 err=352 steer=0 m1=-3340/-171875 i1=-185 t1=28 m2=3331/171875 i2=146 t2=28 steerMode=0/357 iSteer=-19238 driveMode=-171875/-175327 iDrive=-165483 scale=0 wheel=-500000
2026-07-07T15:17:06.774+00:00 CAN id=101 dlc=8 data=d8cf0400e05ef8ff
2026-07-07T15:17:06.794+00:00 CAN id=101 dlc=8 data=d8cf0400e05ef8ff
2026-07-07T15:17:06.814+00:00 CAN id=101 dlc=8 data=d8cf0400e05ef8ff
2026-07-07T15:17:06.834+00:00 CAN id=101 dlc=8 data=d8cf0400e05ef8ff
2026-07-07T15:17:06.854+00:00 CAN id=101 dlc=8 data=d8cf0400e05ef8ff
2026-07-07T15:17:06.874+00:00 CAN id=101 dlc=8 data=d8cf0400e05ef8ff
2026-07-07T15:17:06.894+00:00 CAN id=101 dlc=8 data=d8cf0400e05ef8ff
2026-07-07T15:17:06.914+00:00 CAN id=101 dlc=8 data=d8cf0400e05ef8ff
2026-07-07T15:17:06.934+00:00 CAN id=101 dlc=8 data=d8cf0400e05ef8ff
2026-07-07T15:17:06.954+00:00 CAN id=101 dlc=8 data=d8cf0400e05ef8ff
2026-07-07T15:17:06.958+00:00 VCP run=1 step=0 angle=315088 target=315352 err=264 steer=0 m1=-3319/-171875 i1=-134 t1=28 m2=3289/171875 i2=224 t2=28 steerMode=0/-875 iSteer=44866 driveMode=-171875/-173949 iDrive=-179265 scale=0 wheel=-500000
2026-07-07T15:17:06.958+00:00 VCP run=1 step=0 angle=315000 target=315352 err=352 steer=14 m1=-3282/-171799 i1=-230 t1=28 m2=3310/171951 i2=132 t2=28 steerMode=76/1141 iSteer=-49438 driveMode=-171875/-173778 iDrive=-180973 scale=0 wheel=-500000
2026-07-07T15:17:06.974+00:00 CAN id=101 dlc=8 data=d8cf0400e05ef8ff
2026-07-07T15:17:06.994+00:00 CAN id=101 dlc=8 data=d8cf0400e05ef8ff
2026-07-07T15:17:07.014+00:00 CAN id=101 dlc=8 data=d8cf0400e05ef8ff
2026-07-07T15:17:07.034+00:00 CAN id=101 dlc=8 data=d8cf0400e05ef8ff
2026-07-07T15:17:07.054+00:00 BENCH step t=7.000s -> steer=315352mdeg wheel=500000milli-rpm
2026-07-07T15:17:07.054+00:00 CAN id=101 dlc=8 data=d8cf040020a10700
2026-07-07T15:17:07.059+00:00 VCP run=1 step=0 angle=315176 target=315352 err=176 steer=0 m1=-3342/-171875 i1=-129 t1=28 m2=3304/171875 i2=214 t2=28 steerMode=0/-774 iSteer=42515 driveMode=-171875/-174773 iDrive=-171019 scale=0 wheel=-500000
2026-07-07T15:17:07.059+00:00 VCP SET_TARGET_RX steer=315352 wheel=500000
2026-07-07T15:17:07.074+00:00 CAN id=101 dlc=8 data=d8cf040020a10700
2026-07-07T15:17:07.094+00:00 CAN id=101 dlc=8 data=d8cf040020a10700
2026-07-07T15:17:07.114+00:00 CAN id=101 dlc=8 data=d8cf040020a10700
2026-07-07T15:17:07.134+00:00 CAN id=101 dlc=8 data=d8cf040020a10700
2026-07-07T15:17:07.154+00:00 CAN id=101 dlc=8 data=d8cf040020a10700
2026-07-07T15:17:07.162+00:00 VCP run=1 step=0 angle=315088 target=315352 err=264 steer=0 m1=-3301/-170844 i1=-136 t1=28 m2=3304/170844 i2=197 t2=28 steerMode=0/-500 iSteer=30696 driveMode=-170844/-174204 iDrive=-166402 scale=0 wheel=-497000
2026-07-07T15:17:07.174+00:00 CAN id=101 dlc=8 data=d8cf040020a10700
2026-07-07T15:17:07.194+00:00 CAN id=101 dlc=8 data=d8cf040020a10700
2026-07-07T15:17:07.214+00:00 CAN id=101 dlc=8 data=d8cf040020a10700
2026-07-07T15:17:07.234+00:00 CAN id=101 dlc=8 data=d8cf040020a10700
2026-07-07T15:17:07.254+00:00 CAN id=101 dlc=8 data=d8cf040020a10700
2026-07-07T15:17:07.266+00:00 VCP run=1 step=0 angle=314912 target=315352 err=440 steer=0 m1=-3181/-139219 i1=116 t1=28 m2=3153/139219 i2=-82 t2=28 steerMode=0/-206 iSteer=16716 driveMode=-139219/-169136 iDrive=99174 scale=0 wheel=-405000
2026-07-07T15:17:07.274+00:00 CAN id=101 dlc=8 data=d8cf040020a10700
2026-07-07T15:17:07.294+00:00 CAN id=101 dlc=8 data=d8cf040020a10700
2026-07-07T15:17:07.314+00:00 CAN id=101 dlc=8 data=d8cf040020a10700
2026-07-07T15:17:07.334+00:00 CAN id=101 dlc=8 data=d8cf040020a10700
2026-07-07T15:17:07.354+00:00 CAN id=101 dlc=8 data=d8cf040020a10700
2026-07-07T15:17:07.371+00:00 VCP run=1 step=0 angle=315000 target=315352 err=352 steer=0 m1=-2798/-107250 i1=276 t1=28 m2=2781/107250 i2=-205 t2=28 steerMode=0/-558 iSteer=35664 driveMode=-107250/-151331 iDrive=240810 scale=0 wheel=-312000
2026-07-07T15:17:07.374+00:00 CAN id=101 dlc=8 data=d8cf040020a10700
2026-07-07T15:17:07.394+00:00 CAN id=101 dlc=8 data=d8cf040020a10700
2026-07-07T15:17:07.414+00:00 CAN id=101 dlc=8 data=d8cf040020a10700
2026-07-07T15:17:07.434+00:00 CAN id=101 dlc=8 data=d8cf040020a10700
2026-07-07T15:17:07.454+00:00 CAN id=101 dlc=8 data=d8cf040020a10700
2026-07-07T15:17:07.474+00:00 CAN id=101 dlc=8 data=d8cf040020a10700
2026-07-07T15:17:07.494+00:00 CAN id=101 dlc=8 data=d8cf040020a10700
2026-07-07T15:17:07.514+00:00 CAN id=101 dlc=8 data=d8cf040020a10700
2026-07-07T15:17:07.534+00:00 CAN id=101 dlc=8 data=d8cf040020a10700
2026-07-07T15:17:07.554+00:00 CAN id=101 dlc=8 data=d8cf040020a10700
2026-07-07T15:17:07.554+00:00 VCP run=1 step=0 angle=314912 target=315352 err=440 steer=0 m1=-2313/-75625 i1=311 t1=28 m2=2337/75625 i2=-315 t2=28 steerMode=0/197 iSteer=-1750 driveMode=-75625/-126914 iDrive=312888 scale=0 wheel=-220000
2026-07-07T15:17:07.554+00:00 VCP run=1 step=0 angle=315176 target=315352 err=176 steer=0 m1=-1733/-43656 i1=390 t1=28 m2=1715/43656 i2=-281 t2=28 steerMode=0/-912 iSteer=54709 driveMode=-43656/-97230 iDrive=335734 scale=0 wheel=-127000
2026-07-07T15:17:07.574+00:00 CAN id=101 dlc=8 data=d8cf040020a10700
2026-07-07T15:17:07.594+00:00 CAN id=101 dlc=8 data=d8cf040020a10700
2026-07-07T15:17:07.614+00:00 CAN id=101 dlc=8 data=d8cf040020a10700
2026-07-07T15:17:07.634+00:00 CAN id=101 dlc=8 data=d8cf040020a10700
2026-07-07T15:17:07.654+00:00 CAN id=101 dlc=8 data=d8cf040020a10700
2026-07-07T15:17:07.658+00:00 VCP SET_TARGET_RX steer=315352 wheel=500000
2026-07-07T15:17:07.658+00:00 VCP run=1 step=0 angle=314824 target=315352 err=528 steer=150 m1=-1101/-10863 i1=361 t1=28 m2=1125/12513 i2=-308 t2=28 steerMode=825/522 iSteer=26310 driveMode=-11688/-65121 iDrive=334333 scale=0 wheel=-34000
2026-07-07T15:17:07.674+00:00 CAN id=101 dlc=8 data=d8cf040020a10700
2026-07-07T15:17:07.694+00:00 CAN id=101 dlc=8 data=d8cf040020a10700
2026-07-07T15:17:07.714+00:00 CAN id=101 dlc=8 data=d8cf040020a10700
2026-07-07T15:17:07.734+00:00 CAN id=101 dlc=8 data=d8cf040020a10700
2026-07-07T15:17:07.754+00:00 CAN id=101 dlc=8 data=d8cf040020a10700
2026-07-07T15:17:07.763+00:00 VCP run=1 step=0 angle=314824 target=315352 err=528 steer=264 m1=-275/21389 i1=745 t1=28 m2=284/-18486 i2=-701 t2=28 steerMode=1451/1270 iSteer=21806 driveMode=19937/-26590 iDrive=723199 scale=0 wheel=58000
2026-07-07T15:17:07.774+00:00 CAN id=101 dlc=8 data=d8cf040020a10700
2026-07-07T15:17:07.794+00:00 CAN id=101 dlc=8 data=d8cf040020a10700
2026-07-07T15:17:07.814+00:00 CAN id=101 dlc=8 data=d8cf040020a10700
2026-07-07T15:17:07.834+00:00 CAN id=101 dlc=8 data=d8cf040020a10700
2026-07-07T15:17:07.854+00:00 CAN id=101 dlc=8 data=d8cf040020a10700
2026-07-07T15:17:07.867+00:00 VCP run=1 step=0 angle=314824 target=315352 err=528 steer=264 m1=470/53358 i1=748 t1=28 m2=-421/-50455 i2=-606 t2=28 steerMode=1451/259 iSteer=71005 driveMode=51906/16986 iDrive=676996 scale=0 wheel=151000
2026-07-07T15:17:07.874+00:00 CAN id=101 dlc=8 data=d8cf040020a10700
2026-07-07T15:17:07.894+00:00 CAN id=101 dlc=8 data=d8cf040020a10700
2026-07-07T15:17:07.914+00:00 CAN id=101 dlc=8 data=d8cf040020a10700
2026-07-07T15:17:07.934+00:00 CAN id=101 dlc=8 data=d8cf040020a10700
2026-07-07T15:17:07.954+00:00 CAN id=101 dlc=8 data=d8cf040020a10700
2026-07-07T15:17:07.972+00:00 VCP run=1 step=0 angle=315264 target=315352 err=88 steer=0 m1=996/83875 i1=751 t1=28 m2=-980/-83875 i2=-794 t2=28 steerMode=0/613 iSteer=-21654 driveMode=83875/46217 iDrive=772233 scale=0 wheel=244000
2026-07-07T15:17:07.974+00:00 CAN id=101 dlc=8 data=d8cf040020a10700
2026-07-07T15:17:07.994+00:00 CAN id=101 dlc=8 data=d8cf040020a10700
2026-07-07T15:17:08.014+00:00 CAN id=101 dlc=8 data=d8cf040020a10700
2026-07-07T15:17:08.034+00:00 CAN id=101 dlc=8 data=d8cf040020a10700
2026-07-07T15:17:08.054+00:00 CAN id=101 dlc=8 data=d8cf040020a10700
2026-07-07T15:17:08.074+00:00 CAN id=101 dlc=8 data=d8cf040020a10700
2026-07-07T15:17:08.074+00:00 VCP run=1 step=0 angle=315352 target=315352 err=0 steer=0 m1=1632/115844 i1=798 t1=28 m2=-1595/-115844 i2=-877 t2=28 steerMode=0/932 iSteer=-39515 driveMode=115844/78628 iDrive=837468 scale=0 wheel=337000
2026-07-07T15:17:08.074+00:00 VCP SET_TARGET_RX steer=315352 wheel=500000
2026-07-07T15:17:08.094+00:00 CAN id=101 dlc=8 data=d8cf040020a10700
2026-07-07T15:17:08.114+00:00 CAN id=101 dlc=8 data=d8cf040020a10700
2026-07-07T15:17:08.134+00:00 CAN id=101 dlc=8 data=d8cf040020a10700
2026-07-07T15:17:08.154+00:00 CAN id=101 dlc=8 data=d8cf040020a10700
2026-07-07T15:17:08.174+00:00 CAN id=101 dlc=8 data=d8cf040020a10700
2026-07-07T15:17:08.194+00:00 CAN id=101 dlc=8 data=d8cf040020a10700
2026-07-07T15:17:08.214+00:00 CAN id=101 dlc=8 data=d8cf040020a10700
2026-07-07T15:17:08.234+00:00 CAN id=101 dlc=8 data=d8cf040020a10700
2026-07-07T15:17:08.254+00:00 CAN id=101 dlc=8 data=d8cf040020a10700
2026-07-07T15:17:08.259+00:00 VCP run=1 step=0 angle=315967 target=315352 err=-615 steer=-307 m1=2291/146122 i1=789 t1=28 m2=-2346/-149503 i2=-949 t2=28 steerMode=-1691/-50 iSteer=-79812 driveMode=147812/114138 iDrive=869239 scale=0 wheel=430000
2026-07-07T15:17:08.259+00:00 VCP run=1 step=0 angle=315352 target=315352 err=0 steer=0 m1=3111/171875 i1=812 t1=28 m2=-3077/-171875 i2=-692 t2=28 steerMode=0/-1129 iSteer=60194 driveMode=171875/154915 iDrive=752076 scale=0 wheel=500000
2026-07-07T15:17:08.274+00:00 CAN id=101 dlc=8 data=d8cf040020a10700
2026-07-07T15:17:08.294+00:00 CAN id=101 dlc=8 data=d8cf040020a10700
2026-07-07T15:17:08.314+00:00 CAN id=101 dlc=8 data=d8cf040020a10700
2026-07-07T15:17:08.334+00:00 CAN id=101 dlc=8 data=d8cf040020a10700
2026-07-07T15:17:08.354+00:00 CAN id=101 dlc=8 data=d8cf040020a10700
2026-07-07T15:17:08.364+00:00 VCP run=1 step=0 angle=315615 target=315352 err=-263 steer=0 m1=3590/171875 i1=396 t1=28 m2=-3562/-171875 i2=-532 t2=28 steerMode=0/1368 iSteer=-67773 driveMode=171875/183806 iDrive=464008 scale=0 wheel=500000
2026-07-07T15:17:08.374+00:00 CAN id=101 dlc=8 data=d8cf040020a10700
2026-07-07T15:17:08.394+00:00 CAN id=101 dlc=8 data=d8cf040020a10700
2026-07-07T15:17:08.414+00:00 CAN id=101 dlc=8 data=d8cf040020a10700
2026-07-07T15:17:08.434+00:00 CAN id=101 dlc=8 data=d8cf040020a10700
2026-07-07T15:17:08.454+00:00 CAN id=101 dlc=8 data=d8cf040020a10700
2026-07-07T15:17:08.468+00:00 VCP run=1 step=0 angle=315791 target=315352 err=-439 steer=0 m1=3783/171875 i1=310 t1=28 m2=-3765/-171875 i2=-272 t2=28 steerMode=0/-413 iSteer=19021 driveMode=171875/197436 iDrive=290765 scale=0 wheel=500000
2026-07-07T15:17:08.474+00:00 CAN id=101 dlc=8 data=d8cf040020a10700
2026-07-07T15:17:08.494+00:00 CAN id=101 dlc=8 data=d8cf040020a10700
2026-07-07T15:17:08.514+00:00 CAN id=101 dlc=8 data=d8cf040020a10700
2026-07-07T15:17:08.534+00:00 CAN id=101 dlc=8 data=d8cf040020a10700
2026-07-07T15:17:08.554+00:00 CAN id=101 dlc=8 data=d8cf040020a10700
2026-07-07T15:17:08.569+00:00 VCP run=1 step=0 angle=315879 target=315352 err=-527 steer=-263 m1=3835/170426 i1=165 t1=28 m2=-3897/-173324 i2=-210 t2=28 steerMode=-1449/-1104 iSteer=-22490 driveMode=171875/202479 iDrive=187752 scale=0 wheel=500000
2026-07-07T15:17:08.569+00:00 VCP SET_TARGET_RX steer=315352 wheel=500000
2026-07-07T15:17:08.574+00:00 CAN id=101 dlc=8 data=d8cf040020a10700
2026-07-07T15:17:08.594+00:00 CAN id=101 dlc=8 data=d8cf040020a10700
2026-07-07T15:17:08.614+00:00 CAN id=101 dlc=8 data=d8cf040020a10700
2026-07-07T15:17:08.634+00:00 CAN id=101 dlc=8 data=d8cf040020a10700
2026-07-07T15:17:08.654+00:00 CAN id=101 dlc=8 data=d8cf040020a10700
2026-07-07T15:17:08.673+00:00 VCP run=1 step=0 angle=315264 target=315352 err=88 steer=0 m1=3869/171875 i1=87 t1=28 m2=-3811/-171875 i2=-172 t2=28 steerMode=0/764 iSteer=-42179 driveMode=171875/202565 iDrive=129448 scale=0 wheel=500000
2026-07-07T15:17:08.674+00:00 CAN id=101 dlc=8 data=d8cf040020a10700
2026-07-07T15:17:08.694+00:00 CAN id=101 dlc=8 data=d8cf040020a10700
2026-07-07T15:17:08.714+00:00 CAN id=101 dlc=8 data=d8cf040020a10700
2026-07-07T15:17:08.734+00:00 CAN id=101 dlc=8 data=d8cf040020a10700
2026-07-07T15:17:08.754+00:00 CAN id=101 dlc=8 data=d8cf040020a10700
2026-07-07T15:17:08.774+00:00 CAN id=101 dlc=8 data=d8cf040020a10700
2026-07-07T15:17:08.794+00:00 CAN id=101 dlc=8 data=d8cf040020a10700
2026-07-07T15:17:08.814+00:00 CAN id=101 dlc=8 data=d8cf040020a10700
2026-07-07T15:17:08.834+00:00 CAN id=101 dlc=8 data=d8cf040020a10700
2026-07-07T15:17:08.854+00:00 CAN id=101 dlc=8 data=d8cf040020a10700
2026-07-07T15:17:08.858+00:00 VCP run=1 step=0 angle=315615 target=315352 err=-263 steer=0 m1=3768/171875 i1=76 t1=28 m2=-3723/-171875 i2=-167 t2=28 steerMode=0/787 iSteer=-45526 driveMode=171875/198144 iDrive=121209 scale=0 wheel=500000
2026-07-07T15:17:08.858+00:00 VCP run=1 step=0 angle=315967 target=315352 err=-615 steer=-307 m1=3649/170184 i1=115 t1=28 m2=-3757/-173566 i2=-109 t2=28 steerMode=-1691/-1955 iSteer=2784 driveMode=171875/194566 iDrive=112231 scale=0 wheel=500000
2026-07-07T15:17:08.874+00:00 CAN id=101 dlc=8 data=d8cf040020a10700
2026-07-07T15:17:08.894+00:00 CAN id=101 dlc=8 data=d8cf040020a10700
2026-07-07T15:17:08.914+00:00 CAN id=101 dlc=8 data=d8cf040020a10700
2026-07-07T15:17:08.934+00:00 CAN id=101 dlc=8 data=d8cf040020a10700
2026-07-07T15:17:08.954+00:00 CAN id=101 dlc=8 data=d8cf040020a10700
2026-07-07T15:17:08.963+00:00 VCP run=1 step=0 angle=315439 target=315352 err=-87 steer=0 m1=3632/171875 i1=38 t1=28 m2=-3552/-171875 i2=-204 t2=28 steerMode=0/1478 iSteer=-83170 driveMode=171875/189909 iDrive=120815 scale=0 wheel=500000
2026-07-07T15:17:08.974+00:00 CAN id=101 dlc=8 data=d8cf040020a10700
2026-07-07T15:17:08.994+00:00 CAN id=101 dlc=8 data=d8cf040020a10700
2026-07-07T15:17:09.014+00:00 CAN id=101 dlc=8 data=d8cf040020a10700
2026-07-07T15:17:09.034+00:00 CAN id=101 dlc=8 data=d8cf040020a10700
2026-07-07T15:17:09.054+00:00 CAN id=101 dlc=8 data=d8cf040020a10700
2026-07-07T15:17:09.064+00:00 VCP run=1 step=0 angle=315967 target=315352 err=-615 steer=-307 m1=3490/170184 i1=54 t1=28 m2=-3518/-173566 i2=-225 t2=28 steerMode=-1691/-237 iSteer=-85216 driveMode=171875/185179 iDrive=139552 scale=0 wheel=500000
2026-07-07T15:17:09.064+00:00 VCP SET_TARGET_RX steer=315352 wheel=500000
2026-07-07T15:17:09.074+00:00 CAN id=101 dlc=8 data=d8cf040020a10700
2026-07-07T15:17:09.094+00:00 CAN id=101 dlc=8 data=d8cf040020a10700
2026-07-07T15:17:09.114+00:00 CAN id=101 dlc=8 data=d8cf040020a10700
2026-07-07T15:17:09.134+00:00 CAN id=101 dlc=8 data=d8cf040020a10700
2026-07-07T15:17:09.154+00:00 CAN id=101 dlc=8 data=d8cf040020a10700
2026-07-07T15:17:09.167+00:00 VCP run=1 step=0 angle=315879 target=315352 err=-527 steer=-150 m1=3454/171050 i1=87 t1=28 m2=-3453/-172700 i2=-214 t2=28 steerMode=-825/205 iSteer=-63707 driveMode=171875/182029 iDrive=150247 scale=0 wheel=500000
2026-07-07T15:17:09.174+00:00 CAN id=101 dlc=8 data=d8cf040020a10700
2026-07-07T15:17:09.194+00:00 CAN id=101 dlc=8 data=d8cf040020a10700
2026-07-07T15:17:09.214+00:00 CAN id=101 dlc=8 data=d8cf040020a10700
2026-07-07T15:17:09.234+00:00 CAN id=101 dlc=8 data=d8cf040020a10700
2026-07-07T15:17:09.254+00:00 CAN id=101 dlc=8 data=d8cf040020a10700
2026-07-07T15:17:09.271+00:00 VCP run=1 step=0 angle=315615 target=315352 err=-263 steer=0 m1=3442/171875 i1=107 t1=28 m2=-3407/-171875 i2=-186 t2=28 steerMode=0/530 iSteer=-39411 driveMode=171875/180648 iDrive=146389 scale=0 wheel=500000
2026-07-07T15:17:09.274+00:00 CAN id=101 dlc=8 data=d8cf040020a10700
2026-07-07T15:17:09.294+00:00 CAN id=101 dlc=8 data=d8cf040020a10700
2026-07-07T15:17:09.314+00:00 CAN id=101 dlc=8 data=d8cf040020a10700
2026-07-07T15:17:09.334+00:00 CAN id=101 dlc=8 data=d8cf040020a10700
2026-07-07T15:17:09.354+00:00 CAN id=101 dlc=8 data=d8cf040020a10700
2026-07-07T15:17:09.374+00:00 CAN id=101 dlc=8 data=d8cf040020a10700
2026-07-07T15:17:09.394+00:00 CAN id=101 dlc=8 data=d8cf040020a10700
2026-07-07T15:17:09.414+00:00 CAN id=101 dlc=8 data=d8cf040020a10700
2026-07-07T15:17:09.434+00:00 CAN id=101 dlc=8 data=d8cf040020a10700
2026-07-07T15:17:09.454+00:00 CAN id=101 dlc=8 data=d8cf040020a10700
2026-07-07T15:17:09.457+00:00 VCP run=1 step=0 angle=315703 target=315352 err=-351 steer=0 m1=3360/171875 i1=125 t1=28 m2=-3334/-171875 i2=-196 t2=28 steerMode=0/426 iSteer=-35512 driveMode=171875/177810 iDrive=160853 scale=0 wheel=500000
2026-07-07T15:17:09.457+00:00 VCP run=1 step=0 angle=315879 target=315352 err=-527 steer=-263 m1=3279/170426 i1=133 t1=28 m2=-3332/-173324 i2=-237 t2=28 steerMode=-1449/-767 iSteer=-51985 driveMode=171875/174579 iDrive=185262 scale=0 wheel=500000
2026-07-07T15:17:09.474+00:00 CAN id=101 dlc=8 data=d8cf040020a10700
2026-07-07T15:17:09.494+00:00 CAN id=101 dlc=8 data=d8cf040020a10700
2026-07-07T15:17:09.514+00:00 CAN id=101 dlc=8 data=d8cf040020a10700
2026-07-07T15:17:09.534+00:00 CAN id=101 dlc=8 data=d8cf040020a10700
2026-07-07T15:17:09.554+00:00 CAN id=101 dlc=8 data=d8cf040020a10700
2026-07-07T15:17:09.559+00:00 VCP run=1 step=0 angle=315352 target=315352 err=0 steer=0 m1=3325/171875 i1=192 t1=28 m2=-3336/-171875 i2=-150 t2=28 steerMode=0/-751 iSteer=21000 driveMode=171875/175440 iDrive=171066 scale=0 wheel=500000
2026-07-07T15:17:09.559+00:00 VCP SET_TARGET_RX steer=315352 wheel=500000
2026-07-07T15:17:09.574+00:00 CAN id=101 dlc=8 data=d8cf040020a10700
2026-07-07T15:17:09.594+00:00 CAN id=101 dlc=8 data=d8cf040020a10700
2026-07-07T15:17:09.614+00:00 CAN id=101 dlc=8 data=d8cf040020a10700
2026-07-07T15:17:09.634+00:00 CAN id=101 dlc=8 data=d8cf040020a10700
2026-07-07T15:17:09.654+00:00 CAN id=101 dlc=8 data=d8cf040020a10700
2026-07-07T15:17:09.662+00:00 VCP run=1 step=0 angle=315439 target=315352 err=-87 steer=0 m1=3281/171875 i1=129 t1=28 m2=-3273/-171875 i2=-245 t2=28 steerMode=0/767 iSteer=-57638 driveMode=171875/173374 iDrive=187074 scale=0 wheel=500000
2026-07-07T15:17:09.674+00:00 CAN id=101 dlc=8 data=d8cf040020a10700
2026-07-07T15:17:09.694+00:00 CAN id=101 dlc=8 data=d8cf040020a10700
2026-07-07T15:17:09.714+00:00 CAN id=101 dlc=8 data=d8cf040020a10700
2026-07-07T15:17:09.734+00:00 CAN id=101 dlc=8 data=d8cf040020a10700
2026-07-07T15:17:09.754+00:00 CAN id=101 dlc=8 data=d8cf040020a10700
2026-07-07T15:17:09.767+00:00 VCP run=1 step=0 angle=315615 target=315352 err=-263 steer=0 m1=3279/171875 i1=162 t1=28 m2=-3261/-171875 i2=-231 t2=28 steerMode=0/286 iSteer=-34359 driveMode=171875/172293 iDrive=196200 scale=0 wheel=500000
2026-07-07T15:17:09.774+00:00 CAN id=101 dlc=8 data=d8cf040020a10700
2026-07-07T15:17:09.794+00:00 CAN id=101 dlc=8 data=d8cf040020a10700
2026-07-07T15:17:09.814+00:00 CAN id=101 dlc=8 data=d8cf040020a10700
2026-07-07T15:17:09.834+00:00 CAN id=101 dlc=8 data=d8cf040020a10700
2026-07-07T15:17:09.854+00:00 CAN id=101 dlc=8 data=d8cf040020a10700
2026-07-07T15:17:09.871+00:00 VCP run=1 step=0 angle=315703 target=315352 err=-351 steer=0 m1=3295/171875 i1=170 t1=28 m2=-3303/-171875 i2=-211 t2=28 steerMode=0/3 iSteer=-20816 driveMode=171875/172824 iDrive=190505 scale=0 wheel=500000
2026-07-07T15:17:09.874+00:00 CAN id=101 dlc=8 data=d8cf040020a10700
2026-07-07T15:17:09.894+00:00 CAN id=101 dlc=8 data=d8cf040020a10700
2026-07-07T15:17:09.914+00:00 CAN id=101 dlc=8 data=d8cf040020a10700
2026-07-07T15:17:09.934+00:00 CAN id=101 dlc=8 data=d8cf040020a10700
2026-07-07T15:17:09.954+00:00 CAN id=101 dlc=8 data=d8cf040020a10700
2026-07-07T15:17:09.974+00:00 CAN id=101 dlc=8 data=d8cf040020a10700
2026-07-07T15:17:09.994+00:00 CAN id=101 dlc=8 data=d8cf040020a10700
2026-07-07T15:17:10.014+00:00 CAN id=101 dlc=8 data=d8cf040020a10700
2026-07-07T15:17:10.034+00:00 CAN id=101 dlc=8 data=d8cf040020a10700
2026-07-07T15:17:10.054+00:00 BENCH step t=10.000s -> steer=315352mdeg wheel=0milli-rpm
2026-07-07T15:17:10.054+00:00 CAN id=101 dlc=8 data=d8cf040000000000
2026-07-07T15:17:10.055+00:00 VCP run=1 step=0 angle=315615 target=315352 err=-263 steer=0 m1=3281/171875 i1=136 t1=28 m2=-3225/-171875 i2=-249 t2=28 steerMode=0/698 iSteer=-56455 driveMode=171875/172606 iDrive=192691 scale=0 wheel=500000
2026-07-07T15:17:10.055+00:00 VCP run=1 step=0 angle=315703 target=315352 err=-351 steer=0 m1=3268/171875 i1=179 t1=28 m2=-3248/-171875 i2=-223 t2=28 steerMode=0/-9 iSteer=-21864 driveMode=171875/171803 iDrive=200723 scale=0 wheel=500000
2026-07-07T15:17:10.074+00:00 CAN id=101 dlc=8 data=d8cf040000000000
2026-07-07T15:17:10.094+00:00 CAN id=101 dlc=8 data=d8cf040000000000
2026-07-07T15:17:10.114+00:00 CAN id=101 dlc=8 data=d8cf040000000000
2026-07-07T15:17:10.134+00:00 CAN id=101 dlc=8 data=d8cf040000000000
2026-07-07T15:17:10.154+00:00 CAN id=101 dlc=8 data=d8cf040000000000
2026-07-07T15:17:10.158+00:00 VCP SET_TARGET_RX steer=315352 wheel=0
2026-07-07T15:17:10.158+00:00 VCP run=1 step=0 angle=315879 target=315352 err=-527 steer=-263 m1=3228/169395 i1=135 t1=28 m2=-3286/-172293 i2=-265 t2=28 steerMode=-1449/-654 iSteer=-65175 driveMode=170844/171005 iDrive=199877 scale=0 wheel=497000
2026-07-07T15:17:10.174+00:00 CAN id=101 dlc=8 data=d8cf040000000000
2026-07-07T15:17:10.194+00:00 CAN id=101 dlc=8 data=d8cf040000000000
2026-07-07T15:17:10.214+00:00 CAN id=101 dlc=8 data=d8cf040000000000
2026-07-07T15:17:10.234+00:00 CAN id=101 dlc=8 data=d8cf040000000000
2026-07-07T15:17:10.254+00:00 CAN id=101 dlc=8 data=d8cf040000000000
2026-07-07T15:17:10.263+00:00 VCP run=1 step=0 angle=315527 target=315352 err=-175 steer=0 m1=3178/139563 i1=-75 t1=28 m2=-3167/-139563 i2=104 t2=28 steerMode=0/-757 iSteer=14468 driveMode=139563/168557 iDrive=-89943 scale=0 wheel=406000
2026-07-07T15:17:10.274+00:00 CAN id=101 dlc=8 data=d8cf040000000000
2026-07-07T15:17:10.294+00:00 CAN id=101 dlc=8 data=d8cf040000000000
2026-07-07T15:17:10.314+00:00 CAN id=101 dlc=8 data=d8cf040000000000
2026-07-07T15:17:10.334+00:00 CAN id=101 dlc=8 data=d8cf040000000000
2026-07-07T15:17:10.354+00:00 CAN id=101 dlc=8 data=d8cf040000000000
2026-07-07T15:17:10.367+00:00 VCP run=1 step=0 angle=315439 target=315352 err=-87 steer=0 m1=2743/107594 i1=-279 t1=28 m2=-2746/-107594 i2=168 t2=28 steerMode=0/594 iSteer=-55174 driveMode=107594/149938 iDrive=-223438 scale=0 wheel=313000
2026-07-07T15:17:10.374+00:00 CAN id=101 dlc=8 data=d8cf040000000000
2026-07-07T15:17:10.394+00:00 CAN id=101 dlc=8 data=d8cf040000000000
2026-07-07T15:17:10.414+00:00 CAN id=101 dlc=8 data=d8cf040000000000
2026-07-07T15:17:10.434+00:00 CAN id=101 dlc=8 data=d8cf040000000000
2026-07-07T15:17:10.454+00:00 CAN id=101 dlc=8 data=d8cf040000000000
2026-07-07T15:17:10.472+00:00 VCP run=1 step=0 angle=315352 target=315352 err=0 steer=0 m1=2243/75625 i1=-302 t1=28 m2=-2248/-75625 i2=260 t2=28 steerMode=0/-98 iSteer=-20835 driveMode=75625/123722 iDrive=-280972 scale=0 wheel=220000
2026-07-07T15:17:10.474+00:00 CAN id=101 dlc=8 data=d8cf040000000000
2026-07-07T15:17:10.494+00:00 CAN id=101 dlc=8 data=d8cf040000000000
2026-07-07T15:17:10.514+00:00 CAN id=101 dlc=8 data=d8cf040000000000
2026-07-07T15:17:10.534+00:00 CAN id=101 dlc=8 data=d8cf040000000000
2026-07-07T15:17:10.554+00:00 CAN id=101 dlc=8 data=d8cf040000000000
2026-07-07T15:17:10.574+00:00 CAN id=101 dlc=8 data=d8cf040000000000
2026-07-07T15:17:10.574+00:00 VCP run=1 step=0 angle=315615 target=315352 err=-263 steer=0 m1=1680/43656 i1=-351 t1=28 m2=-1660/-43656 i2=250 t2=28 steerMode=0/474 iSteer=-50621 driveMode=43656/93690 iDrive=-300337 scale=0 wheel=127000
2026-07-07T15:17:10.574+00:00 VCP SET_TARGET_RX steer=315352 wheel=0
2026-07-07T15:17:10.594+00:00 CAN id=101 dlc=8 data=d8cf040000000000
2026-07-07T15:17:10.614+00:00 CAN id=101 dlc=8 data=d8cf040000000000
2026-07-07T15:17:10.634+00:00 CAN id=101 dlc=8 data=d8cf040000000000
2026-07-07T15:17:10.654+00:00 CAN id=101 dlc=8 data=d8cf040000000000
2026-07-07T15:17:10.674+00:00 CAN id=101 dlc=8 data=d8cf040000000000
2026-07-07T15:17:10.694+00:00 CAN id=101 dlc=8 data=d8cf040000000000
2026-07-07T15:17:10.714+00:00 CAN id=101 dlc=8 data=d8cf040000000000
2026-07-07T15:17:10.734+00:00 CAN id=101 dlc=8 data=d8cf040000000000
2026-07-07T15:17:10.754+00:00 CAN id=101 dlc=8 data=d8cf040000000000
2026-07-07T15:17:10.762+00:00 VCP run=1 step=0 angle=315615 target=315352 err=-263 steer=0 m1=1134/11688 i1=-353 t1=28 m2=-1143/-11688 i2=313 t2=28 steerMode=0/-135 iSteer=-20248 driveMode=11688/65000 iDrive=-333127 scale=0 wheel=34000
2026-07-07T15:17:10.762+00:00 VCP run=1 step=0 angle=315703 target=315352 err=-351 steer=0 m1=579/0 i1=-230 t1=28 m2=-576/0 i2=186 t2=28 steerMode=0/-97 iSteer=-21761 driveMode=0/35694 iDrive=-208019 scale=0 wheel=0
2026-07-07T15:17:10.774+00:00 CAN id=101 dlc=8 data=d8cf040000000000
2026-07-07T15:17:10.794+00:00 CAN id=101 dlc=8 data=d8cf040000000000
2026-07-07T15:17:10.814+00:00 CAN id=101 dlc=8 data=d8cf040000000000
2026-07-07T15:17:10.834+00:00 CAN id=101 dlc=8 data=d8cf040000000000
2026-07-07T15:17:10.854+00:00 CAN id=101 dlc=8 data=d8cf040000000000
2026-07-07T15:17:10.869+00:00 VCP run=1 step=0 angle=315703 target=315352 err=-351 steer=0 m1=253/0 i1=-73 t1=28 m2=-210/0 i2=25 t2=28 steerMode=0/-35 iSteer=-24022 driveMode=0/15117 iDrive=-48682 scale=0 wheel=0
2026-07-07T15:17:10.874+00:00 CAN id=101 dlc=8 data=d8cf040000000000
2026-07-07T15:17:10.894+00:00 CAN id=101 dlc=8 data=d8cf040000000000
2026-07-07T15:17:10.914+00:00 CAN id=101 dlc=8 data=d8cf040000000000
2026-07-07T15:17:10.934+00:00 CAN id=101 dlc=8 data=d8cf040000000000
2026-07-07T15:17:10.954+00:00 CAN id=101 dlc=8 data=d8cf040000000000
2026-07-07T15:17:10.974+00:00 CAN id=101 dlc=8 data=d8cf040000000000
2026-07-07T15:17:10.994+00:00 CAN id=101 dlc=8 data=d8cf040000000000
2026-07-07T15:17:11.014+00:00 CAN id=101 dlc=8 data=d8cf040000000000
2026-07-07T15:17:11.034+00:00 CAN id=101 dlc=8 data=d8cf040000000000
2026-07-07T15:17:11.054+00:00 CAN id=101 dlc=8 data=d8cf040000000000
2026-07-07T15:17:11.058+00:00 VCP run=1 step=0 angle=315703 target=315352 err=-351 steer=0 m1=-26/0 i1=107 t1=28 m2=-101/0 i2=5 t2=28 steerMode=0/-1624 iSteer=56064 driveMode=0/3604 iDrive=50579 scale=0 wheel=0
2026-07-07T15:17:11.058+00:00 VCP run=1 step=0 angle=315703 target=315352 err=-351 steer=0 m1=0/0 i1=67 t1=28 m2=8/0 i2=-101 t2=28 steerMode=0/-128 iSteer=-17278 driveMode=0/117 iDrive=83951 scale=0 wheel=0
2026-07-07T15:17:11.058+00:00 VCP SET_TARGET_RX steer=315352 wheel=0
2026-07-07T15:17:11.074+00:00 CAN id=101 dlc=8 data=d8cf040000000000
2026-07-07T15:17:11.094+00:00 CAN id=101 dlc=8 data=d8cf040000000000
2026-07-07T15:17:11.114+00:00 CAN id=101 dlc=8 data=d8cf040000000000
2026-07-07T15:17:11.134+00:00 CAN id=101 dlc=8 data=d8cf040000000000
2026-07-07T15:17:11.154+00:00 CAN id=101 dlc=8 data=d8cf040000000000
2026-07-07T15:17:11.164+00:00 VCP run=1 step=0 angle=315703 target=315352 err=-351 steer=0 m1=0/0 i1=61 t1=28 m2=0/0 i2=-109 t2=28 steerMode=0/-1 iSteer=-23604 driveMode=0/1 iDrive=85088 scale=0 wheel=0
2026-07-07T15:17:11.174+00:00 CAN id=101 dlc=8 data=d8cf040000000000
2026-07-07T15:17:11.194+00:00 CAN id=101 dlc=8 data=d8cf040000000000
2026-07-07T15:17:11.214+00:00 CAN id=101 dlc=8 data=d8cf040000000000
2026-07-07T15:17:11.234+00:00 CAN id=101 dlc=8 data=d8cf040000000000
2026-07-07T15:17:11.254+00:00 CAN id=101 dlc=8 data=d8cf040000000000
2026-07-07T15:17:11.274+00:00 CAN id=101 dlc=8 data=d8cf040000000000
2026-07-07T15:17:11.294+00:00 CAN id=101 dlc=8 data=d8cf040000000000
2026-07-07T15:17:11.314+00:00 CAN id=101 dlc=8 data=d8cf040000000000
2026-07-07T15:17:11.334+00:00 CAN id=101 dlc=8 data=d8cf040000000000
2026-07-07T15:17:11.354+00:00 CAN id=101 dlc=8 data=d8cf040000000000
2026-07-07T15:17:11.357+00:00 VCP run=1 step=0 angle=315703 target=315352 err=-351 steer=0 m1=0/0 i1=61 t1=28 m2=0/0 i2=-109 t2=28 steerMode=0/0 iSteer=-23644 driveMode=0/0 iDrive=85094 scale=0 wheel=0
2026-07-07T15:17:11.357+00:00 VCP run=1 step=0 angle=315703 target=315352 err=-351 steer=0 m1=0/0 i1=61 t1=28 m2=0/0 i2=-109 t2=28 steerMode=0/0 iSteer=-23644 driveMode=0/0 iDrive=85094 scale=0 wheel=0
2026-07-07T15:17:11.374+00:00 CAN id=101 dlc=8 data=d8cf040000000000
2026-07-07T15:17:11.394+00:00 CAN id=101 dlc=8 data=d8cf040000000000
2026-07-07T15:17:11.414+00:00 CAN id=101 dlc=8 data=d8cf040000000000
2026-07-07T15:17:11.434+00:00 CAN id=101 dlc=8 data=d8cf040000000000
2026-07-07T15:17:11.454+00:00 CAN id=101 dlc=8 data=d8cf040000000000
2026-07-07T15:17:11.465+00:00 VCP run=1 step=0 angle=315703 target=315352 err=-351 steer=0 m1=0/0 i1=61 t1=28 m2=0/0 i2=-109 t2=28 steerMode=0/0 iSteer=-23644 driveMode=0/0 iDrive=85094 scale=0 wheel=0
2026-07-07T15:17:11.474+00:00 CAN id=101 dlc=8 data=d8cf040000000000
2026-07-07T15:17:11.494+00:00 CAN id=101 dlc=8 data=d8cf040000000000
2026-07-07T15:17:11.514+00:00 CAN id=101 dlc=8 data=d8cf040000000000
2026-07-07T15:17:11.534+00:00 CAN id=101 dlc=8 data=d8cf040000000000
2026-07-07T15:17:11.554+00:00 BENCH disable sent
2026-07-07T15:17:11.554+00:00 CAN id=121 dlc=2 data=0100
2026-07-07T15:17:11.554+00:00 CAN id=121 dlc=2 data=0100
2026-07-07T15:17:11.665+00:00 VCP run=1 step=0 angle=315703 target=315352 err=-351 steer=0 m1=0/0 i1=61 t1=28 m2=0/0 i2=-109 t2=28 steerMode=0/0 iSteer=-23644 driveMode=0/0 iDrive=85094 scale=0 wheel=0
2026-07-07T15:17:11.665+00:00 VCP UNIT_CTRL enable=0
2026-07-07T15:17:11.665+00:00 VCP UNIT_CTRL enable=0
2026-07-07T15:17:11.665+00:00 VCP STOP: disabled
2026-07-07T15:17:11.955+00:00 BENCH log closed
