2026-07-07T15:22:37.727+00:00 BENCH log opened: firmware/logs/profile-reversal-final.log
2026-07-07T15:22:37.730+00:00 BENCH profile: csv=firmware/logs/profile-reversal-fast.csv rows=6 rate=50.0Hz total_duration=11.5s
2026-07-07T15:22:37.730+00:00 BENCH enable sent
2026-07-07T15:22:37.730+00:00 BENCH step t=0.000s -> steer=315352mdeg wheel=0milli-rpm
2026-07-07T15:22:37.730+00:00 CAN id=121 dlc=2 data=0101
2026-07-07T15:22:37.730+00:00 CAN id=101 dlc=8 data=d8cf040000000000
2026-07-07T15:22:37.750+00:00 CAN id=101 dlc=8 data=d8cf040000000000
2026-07-07T15:22:37.753+00:00 VCP UNIT_CTRL enable=1
2026-07-07T15:22:37.753+00:00 VCP SET_TARGET_RX steer=315352 wheel=0
2026-07-07T15:22:37.753+00:00 VCP START_CAN: angle=315439 target=315352 wheelTarget=0
2026-07-07T15:22:37.771+00:00 CAN id=101 dlc=8 data=d8cf040000000000
2026-07-07T15:22:37.790+00:00 CAN id=101 dlc=8 data=d8cf040000000000
2026-07-07T15:22:37.811+00:00 CAN id=101 dlc=8 data=d8cf040000000000
2026-07-07T15:22:37.831+00:00 CAN id=101 dlc=8 data=d8cf040000000000
2026-07-07T15:22:37.850+00:00 CAN id=101 dlc=8 data=d8cf040000000000
2026-07-07T15:22:37.871+00:00 CAN id=101 dlc=8 data=d8cf040000000000
2026-07-07T15:22:37.891+00:00 CAN id=101 dlc=8 data=d8cf040000000000
2026-07-07T15:22:37.911+00:00 CAN id=101 dlc=8 data=d8cf040000000000
2026-07-07T15:22:37.931+00:00 CAN id=101 dlc=8 data=d8cf040000000000
2026-07-07T15:22:37.943+00:00 VCP run=1 step=0 angle=315439 target=315352 err=-87 steer=0 m1=0/0 i1=0 t1=28 m2=0/0 i2=0 t2=28 steerMode=0/0 iSteer=0 driveMode=0/0 iDrive=0 scale=0 wheel=0
2026-07-07T15:22:37.943+00:00 VCP run=1 step=0 angle=315439 target=315352 err=-87 steer=0 m1=0/0 i1=0 t1=28 m2=0/0 i2=0 t2=28 steerMode=0/0 iSteer=0 driveMode=0/0 iDrive=0 scale=0 wheel=0
2026-07-07T15:22:37.950+00:00 CAN id=101 dlc=8 data=d8cf040000000000
2026-07-07T15:22:37.971+00:00 CAN id=101 dlc=8 data=d8cf040000000000
2026-07-07T15:22:37.990+00:00 CAN id=101 dlc=8 data=d8cf040000000000
2026-07-07T15:22:38.011+00:00 CAN id=101 dlc=8 data=d8cf040000000000
2026-07-07T15:22:38.031+00:00 CAN id=101 dlc=8 data=d8cf040000000000
2026-07-07T15:22:38.050+00:00 CAN id=101 dlc=8 data=d8cf040000000000
2026-07-07T15:22:38.071+00:00 CAN id=101 dlc=8 data=d8cf040000000000
2026-07-07T15:22:38.090+00:00 CAN id=101 dlc=8 data=d8cf040000000000
2026-07-07T15:22:38.111+00:00 CAN id=101 dlc=8 data=d8cf040000000000
2026-07-07T15:22:38.131+00:00 CAN id=101 dlc=8 data=d8cf040000000000
2026-07-07T15:22:38.138+00:00 VCP run=1 step=0 angle=315439 target=315352 err=-87 steer=0 m1=0/0 i1=0 t1=28 m2=0/0 i2=0 t2=28 steerMode=0/0 iSteer=0 driveMode=0/0 iDrive=0 scale=0 wheel=0
2026-07-07T15:22:38.138+00:00 VCP run=1 step=0 angle=315439 target=315352 err=-87 steer=0 m1=0/0 i1=0 t1=28 m2=0/0 i2=0 t2=28 steerMode=0/0 iSteer=0 driveMode=0/0 iDrive=0 scale=0 wheel=0
2026-07-07T15:22:38.150+00:00 CAN id=101 dlc=8 data=d8cf040000000000
2026-07-07T15:22:38.171+00:00 CAN id=101 dlc=8 data=d8cf040000000000
2026-07-07T15:22:38.191+00:00 CAN id=101 dlc=8 data=d8cf040000000000
2026-07-07T15:22:38.211+00:00 CAN id=101 dlc=8 data=d8cf040000000000
2026-07-07T15:22:38.231+00:00 CAN id=101 dlc=8 data=d8cf040000000000
2026-07-07T15:22:38.244+00:00 VCP run=1 step=0 angle=315439 target=315352 err=-87 steer=0 m1=0/0 i1=0 t1=28 m2=0/0 i2=0 t2=28 steerMode=0/0 iSteer=0 driveMode=0/0 iDrive=0 scale=0 wheel=0
2026-07-07T15:22:38.244+00:00 VCP SET_TARGET_RX steer=315352 wheel=0
2026-07-07T15:22:38.250+00:00 CAN id=101 dlc=8 data=d8cf040000000000
2026-07-07T15:22:38.270+00:00 CAN id=101 dlc=8 data=d8cf040000000000
2026-07-07T15:22:38.291+00:00 CAN id=101 dlc=8 data=d8cf040000000000
2026-07-07T15:22:38.311+00:00 CAN id=101 dlc=8 data=d8cf040000000000
2026-07-07T15:22:38.331+00:00 CAN id=101 dlc=8 data=d8cf040000000000
2026-07-07T15:22:38.351+00:00 CAN id=101 dlc=8 data=d8cf040000000000
2026-07-07T15:22:38.370+00:00 CAN id=101 dlc=8 data=d8cf040000000000
2026-07-07T15:22:38.391+00:00 CAN id=101 dlc=8 data=d8cf040000000000
2026-07-07T15:22:38.411+00:00 CAN id=101 dlc=8 data=d8cf040000000000
2026-07-07T15:22:38.431+00:00 CAN id=101 dlc=8 data=d8cf040000000000
2026-07-07T15:22:38.439+00:00 VCP run=1 step=0 angle=315439 target=315352 err=-87 steer=0 m1=0/0 i1=0 t1=28 m2=0/0 i2=0 t2=28 steerMode=0/0 iSteer=0 driveMode=0/0 iDrive=0 scale=0 wheel=0
2026-07-07T15:22:38.439+00:00 VCP run=1 step=0 angle=315439 target=315352 err=-87 steer=0 m1=0/0 i1=0 t1=28 m2=0/0 i2=0 t2=28 steerMode=0/0 iSteer=0 driveMode=0/0 iDrive=0 scale=0 wheel=0
2026-07-07T15:22:38.451+00:00 CAN id=101 dlc=8 data=d8cf040000000000
2026-07-07T15:22:38.470+00:00 CAN id=101 dlc=8 data=d8cf040000000000
2026-07-07T15:22:38.491+00:00 CAN id=101 dlc=8 data=d8cf040000000000
2026-07-07T15:22:38.511+00:00 CAN id=101 dlc=8 data=d8cf040000000000
2026-07-07T15:22:38.530+00:00 CAN id=101 dlc=8 data=d8cf040000000000
2026-07-07T15:22:38.547+00:00 VCP run=1 step=0 angle=315439 target=315352 err=-87 steer=0 m1=0/0 i1=0 t1=28 m2=0/0 i2=0 t2=28 steerMode=0/0 iSteer=0 driveMode=0/0 iDrive=0 scale=0 wheel=0
2026-07-07T15:22:38.550+00:00 CAN id=101 dlc=8 data=d8cf040000000000
2026-07-07T15:22:38.571+00:00 CAN id=101 dlc=8 data=d8cf040000000000
2026-07-07T15:22:38.591+00:00 CAN id=101 dlc=8 data=d8cf040000000000
2026-07-07T15:22:38.611+00:00 CAN id=101 dlc=8 data=d8cf040000000000
2026-07-07T15:22:38.631+00:00 CAN id=101 dlc=8 data=d8cf040000000000
2026-07-07T15:22:38.651+00:00 CAN id=101 dlc=8 data=d8cf040000000000
2026-07-07T15:22:38.671+00:00 CAN id=101 dlc=8 data=d8cf040000000000
2026-07-07T15:22:38.691+00:00 CAN id=101 dlc=8 data=d8cf040000000000
2026-07-07T15:22:38.711+00:00 CAN id=101 dlc=8 data=d8cf040000000000
2026-07-07T15:22:38.730+00:00 BENCH step t=1.000s -> steer=315352mdeg wheel=500000milli-rpm
2026-07-07T15:22:38.731+00:00 CAN id=101 dlc=8 data=d8cf040020a10700
2026-07-07T15:22:38.739+00:00 VCP run=1 step=0 angle=315439 target=315352 err=-87 steer=0 m1=0/0 i1=0 t1=28 m2=0/0 i2=0 t2=28 steerMode=0/-1 iSteer=37 driveMode=0/-1 iDrive=17 scale=0 wheel=0
2026-07-07T15:22:38.739+00:00 VCP run=1 step=0 angle=315439 target=315352 err=-87 steer=0 m1=0/0 i1=0 t1=28 m2=0/0 i2=0 t2=28 steerMode=0/0 iSteer=10 driveMode=0/0 iDrive=6 scale=0 wheel=0
2026-07-07T15:22:38.739+00:00 VCP SET_TARGET_RX steer=315352 wheel=500000
2026-07-07T15:22:38.750+00:00 CAN id=101 dlc=8 data=d8cf040020a10700
2026-07-07T15:22:38.771+00:00 CAN id=101 dlc=8 data=d8cf040020a10700
2026-07-07T15:22:38.791+00:00 CAN id=101 dlc=8 data=d8cf040020a10700
2026-07-07T15:22:38.811+00:00 CAN id=101 dlc=8 data=d8cf040020a10700
2026-07-07T15:22:38.831+00:00 CAN id=101 dlc=8 data=d8cf040020a10700
2026-07-07T15:22:38.846+00:00 VCP run=1 step=0 angle=315439 target=315352 err=-87 steer=0 m1=0/2750 i1=55 t1=28 m2=0/-2750 i2=-55 t2=28 steerMode=0/0 iSteer=9 driveMode=2750/0 iDrive=55226 scale=0 wheel=8000
2026-07-07T15:22:38.850+00:00 CAN id=101 dlc=8 data=d8cf040020a10700
2026-07-07T15:22:38.871+00:00 CAN id=101 dlc=8 data=d8cf040020a10700
2026-07-07T15:22:38.891+00:00 CAN id=101 dlc=8 data=d8cf040020a10700
2026-07-07T15:22:38.911+00:00 CAN id=101 dlc=8 data=d8cf040020a10700
2026-07-07T15:22:38.931+00:00 CAN id=101 dlc=8 data=d8cf040020a10700
2026-07-07T15:22:38.950+00:00 VCP run=1 step=0 angle=315439 target=315352 err=-87 steer=0 m1=401/68063 i1=1363 t1=28 m2=-440/-68063 i2=-1299 t2=28 steerMode=0/-640 iSteer=32299 driveMode=68063/12533 iDrive=1330836 scale=0 wheel=198000
2026-07-07T15:22:38.950+00:00 CAN id=101 dlc=8 data=d8cf040020a10700
2026-07-07T15:22:38.971+00:00 CAN id=101 dlc=8 data=d8cf040020a10700
2026-07-07T15:22:38.991+00:00 CAN id=101 dlc=8 data=d8cf040020a10700
2026-07-07T15:22:39.011+00:00 CAN id=101 dlc=8 data=d8cf040020a10700
2026-07-07T15:22:39.031+00:00 CAN id=101 dlc=8 data=d8cf040020a10700
2026-07-07T15:22:39.050+00:00 CAN id=101 dlc=8 data=d8cf040020a10700
2026-07-07T15:22:39.070+00:00 CAN id=101 dlc=8 data=d8cf040020a10700
2026-07-07T15:22:39.091+00:00 CAN id=101 dlc=8 data=d8cf040020a10700
2026-07-07T15:22:39.111+00:00 CAN id=101 dlc=8 data=d8cf040020a10700
2026-07-07T15:22:39.130+00:00 CAN id=101 dlc=8 data=d8cf040020a10700
2026-07-07T15:22:39.136+00:00 VCP run=1 step=0 angle=315615 target=315352 err=-263 steer=0 m1=1728/132000 i1=1384 t1=28 m2=-1691/-132000 i2=-1470 t2=28 steerMode=0/845 iSteer=-43051 driveMode=132000/76928 iDrive=1426586 scale=0 wheel=384000
2026-07-07T15:22:39.136+00:00 VCP run=1 step=0 angle=315879 target=315352 err=-527 steer=-263 m1=2986/170426 i1=855 t1=28 m2=-3031/-173324 i2=-999 t2=28 steerMode=-1449/-70 iSteer=-72137 driveMode=171875/146093 iDrive=926715 scale=0 wheel=500000
2026-07-07T15:22:39.151+00:00 CAN id=101 dlc=8 data=d8cf040020a10700
2026-07-07T15:22:39.171+00:00 CAN id=101 dlc=8 data=d8cf040020a10700
2026-07-07T15:22:39.191+00:00 CAN id=101 dlc=8 data=d8cf040020a10700
2026-07-07T15:22:39.211+00:00 CAN id=101 dlc=8 data=d8cf040020a10700
2026-07-07T15:22:39.231+00:00 CAN id=101 dlc=8 data=d8cf040020a10700
2026-07-07T15:22:39.237+00:00 VCP run=1 step=0 angle=315352 target=315352 err=0 steer=0 m1=3517/171875 i1=211 t1=28 m2=-3437/-171875 i2=-267 t2=28 steerMode=0/515 iSteer=-27941 driveMode=171875/180823 iDrive=238774 scale=0 wheel=500000
2026-07-07T15:22:39.237+00:00 VCP SET_TARGET_RX steer=315352 wheel=500000
2026-07-07T15:22:39.250+00:00 CAN id=101 dlc=8 data=d8cf040020a10700
2026-07-07T15:22:39.271+00:00 CAN id=101 dlc=8 data=d8cf040020a10700
2026-07-07T15:22:39.291+00:00 CAN id=101 dlc=8 data=d8cf040020a10700
2026-07-07T15:22:39.311+00:00 CAN id=101 dlc=8 data=d8cf040020a10700
2026-07-07T15:22:39.331+00:00 CAN id=101 dlc=8 data=d8cf040020a10700
2026-07-07T15:22:39.341+00:00 VCP run=1 step=0 angle=315439 target=315352 err=-87 steer=0 m1=3480/171875 i1=156 t1=28 m2=-3483/-171875 i2=-181 t2=28 steerMode=0/165 iSteer=-12547 driveMode=171875/183294 iDrive=168713 scale=0 wheel=500000
2026-07-07T15:22:39.350+00:00 CAN id=101 dlc=8 data=d8cf040020a10700
2026-07-07T15:22:39.371+00:00 CAN id=101 dlc=8 data=d8cf040020a10700
2026-07-07T15:22:39.390+00:00 CAN id=101 dlc=8 data=d8cf040020a10700
2026-07-07T15:22:39.411+00:00 CAN id=101 dlc=8 data=d8cf040020a10700
2026-07-07T15:22:39.431+00:00 CAN id=101 dlc=8 data=d8cf040020a10700
2026-07-07T15:22:39.445+00:00 VCP run=1 step=0 angle=315703 target=315352 err=-351 steer=0 m1=3448/171875 i1=141 t1=28 m2=-3439/-171875 i2=-238 t2=28 steerMode=0/862 iSteer=-48613 driveMode=171875/181298 iDrive=189512 scale=0 wheel=500000
2026-07-07T15:22:39.450+00:00 CAN id=101 dlc=8 data=d8cf040020a10700
2026-07-07T15:22:39.471+00:00 CAN id=101 dlc=8 data=d8cf040020a10700
2026-07-07T15:22:39.491+00:00 CAN id=101 dlc=8 data=d8cf040020a10700
2026-07-07T15:22:39.511+00:00 CAN id=101 dlc=8 data=d8cf040020a10700
2026-07-07T15:22:39.531+00:00 CAN id=101 dlc=8 data=d8cf040020a10700
2026-07-07T15:22:39.549+00:00 VCP run=1 step=0 angle=315615 target=315352 err=-263 steer=0 m1=3427/171875 i1=229 t1=28 m2=-3508/-171875 i2=-75 t2=28 steerMode=0/-1678 iSteer=76672 driveMode=171875/182257 iDrive=151933 scale=0 wheel=500000
2026-07-07T15:22:39.550+00:00 CAN id=101 dlc=8 data=d8cf040020a10700
2026-07-07T15:22:39.571+00:00 CAN id=101 dlc=8 data=d8cf040020a10700
2026-07-07T15:22:39.591+00:00 CAN id=101 dlc=8 data=d8cf040020a10700
2026-07-07T15:22:39.611+00:00 CAN id=101 dlc=8 data=d8cf040020a10700
2026-07-07T15:22:39.631+00:00 CAN id=101 dlc=8 data=d8cf040020a10700
2026-07-07T15:22:39.650+00:00 CAN id=101 dlc=8 data=d8cf040020a10700
2026-07-07T15:22:39.671+00:00 CAN id=101 dlc=8 data=d8cf040020a10700
2026-07-07T15:22:39.691+00:00 CAN id=101 dlc=8 data=d8cf040020a10700
2026-07-07T15:22:39.710+00:00 CAN id=101 dlc=8 data=d8cf040020a10700
2026-07-07T15:22:39.731+00:00 CAN id=101 dlc=8 data=d8cf040020a10700
2026-07-07T15:22:39.733+00:00 VCP run=1 step=0 angle=315439 target=315352 err=-87 steer=0 m1=3433/171875 i1=119 t1=28 m2=-3405/-171875 i2=-239 t2=28 steerMode=0/1033 iSteer=-60151 driveMode=171875/180050 iDrive=178972 scale=0 wheel=500000
2026-07-07T15:22:39.733+00:00 VCP run=1 step=0 angle=315703 target=315352 err=-351 steer=0 m1=3417/171875 i1=170 t1=28 m2=-3374/-171875 i2=-197 t2=28 steerMode=0/86 iSteer=-13172 driveMode=171875/179107 iDrive=183518 scale=0 wheel=500000
2026-07-07T15:22:39.750+00:00 CAN id=101 dlc=8 data=d8cf040020a10700
2026-07-07T15:22:39.771+00:00 CAN id=101 dlc=8 data=d8cf040020a10700
2026-07-07T15:22:39.790+00:00 CAN id=101 dlc=8 data=d8cf040020a10700
2026-07-07T15:22:39.811+00:00 CAN id=101 dlc=8 data=d8cf040020a10700
2026-07-07T15:22:39.831+00:00 CAN id=101 dlc=8 data=d8cf040020a10700
2026-07-07T15:22:39.837+00:00 VCP SET_TARGET_RX steer=315352 wheel=500000
2026-07-07T15:22:39.837+00:00 VCP run=1 step=0 angle=315967 target=315352 err=-615 steer=-307 m1=3404/170184 i1=69 t1=28 m2=-3434/-173566 i2=-247 t2=28 steerMode=-1691/-119 iSteer=-88793 driveMode=171875/179661 iDrive=158280 scale=0 wheel=500000
2026-07-07T15:22:39.850+00:00 CAN id=101 dlc=8 data=d8cf040020a10700
2026-07-07T15:22:39.871+00:00 CAN id=101 dlc=8 data=d8cf040020a10700
2026-07-07T15:22:39.891+00:00 CAN id=101 dlc=8 data=d8cf040020a10700
2026-07-07T15:22:39.910+00:00 CAN id=101 dlc=8 data=d8cf040020a10700
2026-07-07T15:22:39.930+00:00 CAN id=101 dlc=8 data=d8cf040020a10700
2026-07-07T15:22:39.941+00:00 VCP run=1 step=0 angle=315352 target=315352 err=0 steer=0 m1=3387/171875 i1=135 t1=28 m2=-3370/-171875 i2=-215 t2=28 steerMode=0/590 iSteer=-39911 driveMode=171875/178154 iDrive=175157 scale=0 wheel=500000
2026-07-07T15:22:39.950+00:00 CAN id=101 dlc=8 data=d8cf040020a10700
2026-07-07T15:22:39.970+00:00 CAN id=101 dlc=8 data=d8cf040020a10700
2026-07-07T15:22:39.991+00:00 CAN id=101 dlc=8 data=d8cf040020a10700
2026-07-07T15:22:40.011+00:00 CAN id=101 dlc=8 data=d8cf040020a10700
2026-07-07T15:22:40.031+00:00 CAN id=101 dlc=8 data=d8cf040020a10700
2026-07-07T15:22:40.046+00:00 VCP run=1 step=0 angle=315527 target=315352 err=-175 steer=0 m1=3358/171875 i1=180 t1=28 m2=-3345/-171875 i2=-201 t2=28 steerMode=0/-14 iSteer=-10643 driveMode=171875/176881 iDrive=190163 scale=0 wheel=500000
2026-07-07T15:22:40.050+00:00 CAN id=101 dlc=8 data=d8cf040020a10700
2026-07-07T15:22:40.070+00:00 CAN id=101 dlc=8 data=d8cf040020a10700
2026-07-07T15:22:40.091+00:00 CAN id=101 dlc=8 data=d8cf040020a10700
2026-07-07T15:22:40.111+00:00 CAN id=101 dlc=8 data=d8cf040020a10700
2026-07-07T15:22:40.131+00:00 CAN id=101 dlc=8 data=d8cf040020a10700
2026-07-07T15:22:40.150+00:00 VCP run=1 step=0 angle=315791 target=315352 err=-439 steer=0 m1=3346/171875 i1=172 t1=28 m2=-3388/-171875 i2=-207 t2=28 steerMode=0/77 iSteer=-17394 driveMode=171875/176492 iDrive=189633 scale=0 wheel=500000
2026-07-07T15:22:40.150+00:00 CAN id=101 dlc=8 data=d8cf040020a10700
2026-07-07T15:22:40.171+00:00 CAN id=101 dlc=8 data=d8cf040020a10700
2026-07-07T15:22:40.190+00:00 CAN id=101 dlc=8 data=d8cf040020a10700
2026-07-07T15:22:40.211+00:00 CAN id=101 dlc=8 data=d8cf040020a10700
2026-07-07T15:22:40.231+00:00 CAN id=101 dlc=8 data=d8cf040020a10700
2026-07-07T15:22:40.250+00:00 CAN id=101 dlc=8 data=d8cf040020a10700
2026-07-07T15:22:40.252+00:00 VCP run=1 step=0 angle=315352 target=315352 err=0 steer=0 m1=3387/171875 i1=143 t1=28 m2=-3349/-171875 i2=-165 t2=28 steerMode=0/-44 iSteer=-10722 driveMode=171875/177756 iDrive=153894 scale=0 wheel=500000
2026-07-07T15:22:40.252+00:00 VCP SET_TARGET_RX steer=315352 wheel=500000
2026-07-07T15:22:40.271+00:00 CAN id=101 dlc=8 data=d8cf040020a10700
2026-07-07T15:22:40.290+00:00 CAN id=101 dlc=8 data=d8cf040020a10700
2026-07-07T15:22:40.311+00:00 CAN id=101 dlc=8 data=d8cf040020a10700
2026-07-07T15:22:40.331+00:00 CAN id=101 dlc=8 data=d8cf040020a10700
2026-07-07T15:22:40.350+00:00 CAN id=101 dlc=8 data=d8cf040020a10700
2026-07-07T15:22:40.371+00:00 CAN id=101 dlc=8 data=d8cf040020a10700
2026-07-07T15:22:40.391+00:00 CAN id=101 dlc=8 data=d8cf040020a10700
2026-07-07T15:22:40.411+00:00 CAN id=101 dlc=8 data=d8cf040020a10700
2026-07-07T15:22:40.431+00:00 CAN id=101 dlc=8 data=d8cf040020a10700
2026-07-07T15:22:40.437+00:00 VCP run=1 step=0 angle=315703 target=315352 err=-351 steer=0 m1=3346/171875 i1=148 t1=28 m2=-3330/-171875 i2=-232 t2=28 steerMode=0/539 iSteer=-42172 driveMode=171875/175533 iDrive=189739 scale=0 wheel=500000
2026-07-07T15:22:40.437+00:00 VCP run=1 step=0 angle=315791 target=315352 err=-439 steer=0 m1=3339/171875 i1=174 t1=28 m2=-3319/-171875 i2=-220 t2=28 steerMode=0/135 iSteer=-22674 driveMode=171875/174874 iDrive=197034 scale=0 wheel=500000
2026-07-07T15:22:40.450+00:00 CAN id=101 dlc=8 data=d8cf040020a10700
2026-07-07T15:22:40.471+00:00 CAN id=101 dlc=8 data=d8cf040020a10700
2026-07-07T15:22:40.491+00:00 CAN id=101 dlc=8 data=d8cf040020a10700
2026-07-07T15:22:40.511+00:00 CAN id=101 dlc=8 data=d8cf040020a10700
2026-07-07T15:22:40.531+00:00 CAN id=101 dlc=8 data=d8cf040020a10700
2026-07-07T15:22:40.541+00:00 VCP run=1 step=0 angle=315879 target=315352 err=-527 steer=-263 m1=3350/170426 i1=86 t1=28 m2=-3351/-173324 i2=-242 t2=28 steerMode=-1449/-216 iSteer=-77879 driveMode=171875/176170 iDrive=164098 scale=0 wheel=500000
2026-07-07T15:22:40.550+00:00 CAN id=101 dlc=8 data=d8cf040020a10700
2026-07-07T15:22:40.571+00:00 CAN id=101 dlc=8 data=d8cf040020a10700
2026-07-07T15:22:40.591+00:00 CAN id=101 dlc=8 data=d8cf040020a10700
2026-07-07T15:22:40.611+00:00 CAN id=101 dlc=8 data=d8cf040020a10700
2026-07-07T15:22:40.631+00:00 CAN id=101 dlc=8 data=d8cf040020a10700
2026-07-07T15:22:40.645+00:00 VCP run=1 step=0 angle=315352 target=315352 err=0 steer=0 m1=3333/171875 i1=131 t1=28 m2=-3321/-171875 i2=-222 t2=28 steerMode=0/562 iSteer=-45182 driveMode=171875/175176 iDrive=176537 scale=0 wheel=500000
2026-07-07T15:22:40.650+00:00 CAN id=101 dlc=8 data=d8cf040020a10700
2026-07-07T15:22:40.671+00:00 CAN id=101 dlc=8 data=d8cf040020a10700
2026-07-07T15:22:40.691+00:00 CAN id=101 dlc=8 data=d8cf040020a10700
2026-07-07T15:22:40.711+00:00 CAN id=101 dlc=8 data=d8cf040020a10700
2026-07-07T15:22:40.730+00:00 CAN id=101 dlc=8 data=d8cf040020a10700
2026-07-07T15:22:40.747+00:00 VCP run=1 step=0 angle=315439 target=315352 err=-87 steer=0 m1=3316/171875 i1=165 t1=28 m2=-3315/-171875 i2=-211 t2=28 steerMode=0/120 iSteer=-22866 driveMode=171875/174328 iDrive=188041 scale=0 wheel=500000
2026-07-07T15:22:40.747+00:00 VCP SET_TARGET_RX steer=315352 wheel=500000
2026-07-07T15:22:40.750+00:00 CAN id=101 dlc=8 data=d8cf040020a10700
2026-07-07T15:22:40.771+00:00 CAN id=101 dlc=8 data=d8cf040020a10700
2026-07-07T15:22:40.791+00:00 CAN id=101 dlc=8 data=d8cf040020a10700
2026-07-07T15:22:40.810+00:00 CAN id=101 dlc=8 data=d8cf040020a10700
2026-07-07T15:22:40.830+00:00 CAN id=101 dlc=8 data=d8cf040020a10700
2026-07-07T15:22:40.850+00:00 CAN id=101 dlc=8 data=d8cf040020a10700
2026-07-07T15:22:40.851+00:00 VCP run=1 step=0 angle=315703 target=315352 err=-351 steer=0 m1=3306/171875 i1=170 t1=28 m2=-3317/-171875 i2=-201 t2=28 steerMode=0/-48 iSteer=-15736 driveMode=171875/174273 iDrive=185412 scale=0 wheel=500000
2026-07-07T15:22:40.871+00:00 CAN id=101 dlc=8 data=d8cf040020a10700
2026-07-07T15:22:40.891+00:00 CAN id=101 dlc=8 data=d8cf040020a10700
2026-07-07T15:22:40.911+00:00 CAN id=101 dlc=8 data=d8cf040020a10700
2026-07-07T15:22:40.930+00:00 CAN id=101 dlc=8 data=d8cf040020a10700
2026-07-07T15:22:40.950+00:00 CAN id=101 dlc=8 data=d8cf040020a10700
2026-07-07T15:22:40.971+00:00 CAN id=101 dlc=8 data=d8cf040020a10700
2026-07-07T15:22:40.990+00:00 CAN id=101 dlc=8 data=d8cf040020a10700
2026-07-07T15:22:41.011+00:00 CAN id=101 dlc=8 data=d8cf040020a10700
2026-07-07T15:22:41.031+00:00 CAN id=101 dlc=8 data=d8cf040020a10700
2026-07-07T15:22:41.038+00:00 VCP run=1 step=0 angle=315527 target=315352 err=-175 steer=0 m1=3350/171875 i1=133 t1=28 m2=-3301/-171875 i2=-186 t2=28 steerMode=0/176 iSteer=-26295 driveMode=171875/175288 iDrive=159317 scale=0 wheel=500000
2026-07-07T15:22:41.038+00:00 VCP run=1 step=0 angle=315615 target=315352 err=-263 steer=0 m1=3293/171875 i1=167 t1=28 m2=-3319/-171875 i2=-220 t2=28 steerMode=0/139 iSteer=-26315 driveMode=171875/173390 iDrive=193483 scale=0 wheel=500000
2026-07-07T15:22:41.050+00:00 CAN id=101 dlc=8 data=d8cf040020a10700
2026-07-07T15:22:41.071+00:00 CAN id=101 dlc=8 data=d8cf040020a10700
2026-07-07T15:22:41.091+00:00 CAN id=101 dlc=8 data=d8cf040020a10700
2026-07-07T15:22:41.111+00:00 CAN id=101 dlc=8 data=d8cf040020a10700
2026-07-07T15:22:41.131+00:00 CAN id=101 dlc=8 data=d8cf040020a10700
2026-07-07T15:22:41.141+00:00 VCP run=1 step=0 angle=315879 target=315352 err=-527 steer=-263 m1=3283/170426 i1=95 t1=28 m2=-3311/-173324 i2=-300 t2=28 steerMode=-1449/195 iSteer=-102463 driveMode=171875/173052 iDrive=197714 scale=0 wheel=500000
2026-07-07T15:22:41.150+00:00 CAN id=101 dlc=8 data=d8cf040020a10700
2026-07-07T15:22:41.171+00:00 CAN id=101 dlc=8 data=d8cf040020a10700
2026-07-07T15:22:41.191+00:00 CAN id=101 dlc=8 data=d8cf040020a10700
2026-07-07T15:22:41.211+00:00 CAN id=101 dlc=8 data=d8cf040020a10700
2026-07-07T15:22:41.231+00:00 CAN id=101 dlc=8 data=d8cf040020a10700
2026-07-07T15:22:41.243+00:00 VCP run=1 step=0 angle=315703 target=315352 err=-351 steer=0 m1=3327/171875 i1=162 t1=28 m2=-3319/-171875 i2=-166 t2=28 steerMode=0/-330 iSteer=-2211 driveMode=171875/174538 iDrive=164208 scale=0 wheel=500000
2026-07-07T15:22:41.243+00:00 VCP SET_TARGET_RX steer=315352 wheel=500000
2026-07-07T15:22:41.250+00:00 CAN id=101 dlc=8 data=d8cf040020a10700
2026-07-07T15:22:41.271+00:00 CAN id=101 dlc=8 data=d8cf040020a10700
2026-07-07T15:22:41.291+00:00 CAN id=101 dlc=8 data=d8cf040020a10700
2026-07-07T15:22:41.311+00:00 CAN id=101 dlc=8 data=d8cf040020a10700
2026-07-07T15:22:41.331+00:00 CAN id=101 dlc=8 data=d8cf040020a10700
2026-07-07T15:22:41.346+00:00 VCP run=1 step=0 angle=315615 target=315352 err=-263 steer=0 m1=3285/171875 i1=141 t1=28 m2=-3271/-171875 i2=-260 t2=28 steerMode=0/773 iSteer=-59594 driveMode=171875/172582 iDrive=200105 scale=0 wheel=500000
2026-07-07T15:22:41.350+00:00 CAN id=101 dlc=8 data=d8cf040020a10700
2026-07-07T15:22:41.371+00:00 CAN id=101 dlc=8 data=d8cf040020a10700
2026-07-07T15:22:41.391+00:00 CAN id=101 dlc=8 data=d8cf040020a10700
2026-07-07T15:22:41.411+00:00 CAN id=101 dlc=8 data=d8cf040020a10700
2026-07-07T15:22:41.431+00:00 CAN id=101 dlc=8 data=d8cf040020a10700
2026-07-07T15:22:41.450+00:00 CAN id=101 dlc=8 data=d8cf040020a10700
2026-07-07T15:22:41.451+00:00 VCP run=1 step=0 angle=315439 target=315352 err=-87 steer=0 m1=3293/171875 i1=177 t1=28 m2=-3286/-171875 i2=-212 t2=28 steerMode=0/-52 iSteer=-17420 driveMode=171875/172789 iDrive=194230 scale=0 wheel=500000
2026-07-07T15:22:41.471+00:00 CAN id=101 dlc=8 data=d8cf040020a10700
2026-07-07T15:22:41.491+00:00 CAN id=101 dlc=8 data=d8cf040020a10700
2026-07-07T15:22:41.511+00:00 CAN id=101 dlc=8 data=d8cf040020a10700
2026-07-07T15:22:41.531+00:00 CAN id=101 dlc=8 data=d8cf040020a10700
2026-07-07T15:22:41.550+00:00 CAN id=101 dlc=8 data=d8cf040020a10700
2026-07-07T15:22:41.571+00:00 CAN id=101 dlc=8 data=d8cf040020a10700
2026-07-07T15:22:41.591+00:00 CAN id=101 dlc=8 data=d8cf040020a10700
2026-07-07T15:22:41.611+00:00 CAN id=101 dlc=8 data=d8cf040020a10700
2026-07-07T15:22:41.631+00:00 CAN id=101 dlc=8 data=d8cf040020a10700
2026-07-07T15:22:41.637+00:00 VCP run=1 step=0 angle=315791 target=315352 err=-439 steer=0 m1=3274/171875 i1=190 t1=28 m2=-3311/-171875 i2=-181 t2=28 steerMode=0/-526 iSteer=4517 driveMode=171875/173190 iDrive=185154 scale=0 wheel=500000
2026-07-07T15:22:41.637+00:00 VCP run=1 step=0 angle=315527 target=315352 err=-175 steer=0 m1=3304/171875 i1=129 t1=28 m2=-3301/-171875 i2=-207 t2=28 steerMode=0/358 iSteer=-39022 driveMode=171875/173874 iDrive=167761 scale=0 wheel=500000
2026-07-07T15:22:41.650+00:00 CAN id=101 dlc=8 data=d8cf040020a10700
2026-07-07T15:22:41.671+00:00 CAN id=101 dlc=8 data=d8cf040020a10700
2026-07-07T15:22:41.690+00:00 CAN id=101 dlc=8 data=d8cf040020a10700
2026-07-07T15:22:41.710+00:00 CAN id=101 dlc=8 data=d8cf040020a10700
2026-07-07T15:22:41.730+00:00 BENCH step t=4.000s -> steer=315352mdeg wheel=-500000milli-rpm
2026-07-07T15:22:41.731+00:00 CAN id=101 dlc=8 data=d8cf0400e05ef8ff
2026-07-07T15:22:41.738+00:00 VCP run=1 step=0 angle=315615 target=315352 err=-263 steer=0 m1=3281/171875 i1=181 t1=28 m2=-3271/-171875 i2=-209 t2=28 steerMode=0/-156 iSteer=-14295 driveMode=171875/172402 iDrive=194943 scale=0 wheel=500000
2026-07-07T15:22:41.739+00:00 VCP SET_TARGET_RX steer=315352 wheel=-500000
2026-07-07T15:22:41.750+00:00 CAN id=101 dlc=8 data=d8cf0400e05ef8ff
2026-07-07T15:22:41.770+00:00 CAN id=101 dlc=8 data=d8cf0400e05ef8ff
2026-07-07T15:22:41.790+00:00 CAN id=101 dlc=8 data=d8cf0400e05ef8ff
2026-07-07T15:22:41.811+00:00 CAN id=101 dlc=8 data=d8cf0400e05ef8ff
2026-07-07T15:22:41.830+00:00 CAN id=101 dlc=8 data=d8cf0400e05ef8ff
2026-07-07T15:22:41.842+00:00 VCP run=1 step=0 angle=315791 target=315352 err=-439 steer=0 m1=3270/169813 i1=127 t1=28 m2=-3269/-169813 i2=-196 t2=28 steerMode=0/231 iSteer=-34507 driveMode=169813/171986 iDrive=161654 scale=0 wheel=494000
2026-07-07T15:22:41.850+00:00 CAN id=101 dlc=8 data=d8cf0400e05ef8ff
2026-07-07T15:22:41.870+00:00 CAN id=101 dlc=8 data=d8cf0400e05ef8ff
2026-07-07T15:22:41.891+00:00 CAN id=101 dlc=8 data=d8cf0400e05ef8ff
2026-07-07T15:22:41.911+00:00 CAN id=101 dlc=8 data=d8cf0400e05ef8ff
2026-07-07T15:22:41.931+00:00 CAN id=101 dlc=8 data=d8cf0400e05ef8ff
2026-07-07T15:22:41.946+00:00 VCP run=1 step=0 angle=315527 target=315352 err=-175 steer=0 m1=2764/106563 i1=-778 t1=28 m2=-2782/-106563 i2=757 t2=28 steerMode=0/-246 iSteer=-10415 driveMode=106563/154924 iDrive=-767229 scale=0 wheel=310000
2026-07-07T15:22:41.950+00:00 CAN id=101 dlc=8 data=d8cf0400e05ef8ff
2026-07-07T15:22:41.971+00:00 CAN id=101 dlc=8 data=d8cf0400e05ef8ff
2026-07-07T15:22:41.991+00:00 CAN id=101 dlc=8 data=d8cf0400e05ef8ff
2026-07-07T15:22:42.011+00:00 CAN id=101 dlc=8 data=d8cf0400e05ef8ff
2026-07-07T15:22:42.030+00:00 CAN id=101 dlc=8 data=d8cf0400e05ef8ff
2026-07-07T15:22:42.050+00:00 VCP run=1 step=0 angle=315527 target=315352 err=-175 steer=0 m1=1625/43313 i1=-982 t1=28 m2=-1599/-43313 i2=800 t2=28 steerMode=0/1304 iSteer=-90907 driveMode=43313/97876 iDrive=-891273 scale=0 wheel=126000
2026-07-07T15:22:42.051+00:00 CAN id=101 dlc=8 data=d8cf0400e05ef8ff
2026-07-07T15:22:42.070+00:00 CAN id=101 dlc=8 data=d8cf0400e05ef8ff
2026-07-07T15:22:42.091+00:00 CAN id=101 dlc=8 data=d8cf0400e05ef8ff
2026-07-07T15:22:42.111+00:00 CAN id=101 dlc=8 data=d8cf0400e05ef8ff
2026-07-07T15:22:42.130+00:00 CAN id=101 dlc=8 data=d8cf0400e05ef8ff
2026-07-07T15:22:42.150+00:00 CAN id=101 dlc=8 data=d8cf0400e05ef8ff
2026-07-07T15:22:42.171+00:00 CAN id=101 dlc=8 data=d8cf0400e05ef8ff
2026-07-07T15:22:42.191+00:00 CAN id=101 dlc=8 data=d8cf0400e05ef8ff
2026-07-07T15:22:42.211+00:00 CAN id=101 dlc=8 data=d8cf0400e05ef8ff
2026-07-07T15:22:42.231+00:00 CAN id=101 dlc=8 data=d8cf0400e05ef8ff
2026-07-07T15:22:42.234+00:00 VCP run=1 step=0 angle=315615 target=315352 err=-263 steer=0 m1=288/-20625 i1=-1286 t1=28 m2=-262/20625 i2=1264 t2=28 steerMode=0/-318 iSteer=-10701 driveMode=-20625/31589 iDrive=-1275166 scale=0 wheel=-60000
2026-07-07T15:22:42.234+00:00 VCP run=1 step=0 angle=315439 target=315352 err=-87 steer=0 m1=-940/-84562 i1=-1245 t1=28 m2=945/84562 i2=1288 t2=28 steerMode=0/-898 iSteer=21851 driveMode=-84562/-37248 iDrive=-1266404 scale=0 wheel=-246000
2026-07-07T15:22:42.250+00:00 CAN id=101 dlc=8 data=d8cf0400e05ef8ff
2026-07-07T15:22:42.271+00:00 CAN id=101 dlc=8 data=d8cf0400e05ef8ff
2026-07-07T15:22:42.291+00:00 CAN id=101 dlc=8 data=d8cf0400e05ef8ff
2026-07-07T15:22:42.310+00:00 CAN id=101 dlc=8 data=d8cf0400e05ef8ff
2026-07-07T15:22:42.331+00:00 CAN id=101 dlc=8 data=d8cf0400e05ef8ff
2026-07-07T15:22:42.338+00:00 VCP SET_TARGET_RX steer=315352 wheel=-500000
2026-07-07T15:22:42.338+00:00 VCP run=1 step=0 angle=315439 target=315352 err=-87 steer=0 m1=-2198/-149187 i1=-1338 t1=28 m2=2161/149187 i2=1353 t2=28 steerMode=0/-590 iSteer=7907 driveMode=-149187/-102336 iDrive=-1345474 scale=0 wheel=-434000
2026-07-07T15:22:42.350+00:00 CAN id=101 dlc=8 data=d8cf0400e05ef8ff
2026-07-07T15:22:42.371+00:00 CAN id=101 dlc=8 data=d8cf0400e05ef8ff
2026-07-07T15:22:42.391+00:00 CAN id=101 dlc=8 data=d8cf0400e05ef8ff
2026-07-07T15:22:42.411+00:00 CAN id=101 dlc=8 data=d8cf0400e05ef8ff
2026-07-07T15:22:42.431+00:00 CAN id=101 dlc=8 data=d8cf0400e05ef8ff
2026-07-07T15:22:42.442+00:00 VCP run=1 step=0 angle=315176 target=315352 err=176 steer=0 m1=-3298/-171875 i1=-616 t1=28 m2=3266/171875 i2=628 t2=28 steerMode=0/-512 iSteer=6058 driveMode=-171875/-164113 iDrive=-622102 scale=0 wheel=-500000
2026-07-07T15:22:42.450+00:00 CAN id=101 dlc=8 data=d8cf0400e05ef8ff
2026-07-07T15:22:42.471+00:00 CAN id=101 dlc=8 data=d8cf0400e05ef8ff
2026-07-07T15:22:42.491+00:00 CAN id=101 dlc=8 data=d8cf0400e05ef8ff
2026-07-07T15:22:42.511+00:00 CAN id=101 dlc=8 data=d8cf0400e05ef8ff
2026-07-07T15:22:42.531+00:00 CAN id=101 dlc=8 data=d8cf0400e05ef8ff
2026-07-07T15:22:42.546+00:00 VCP run=1 step=0 angle=315527 target=315352 err=-175 steer=0 m1=-3560/-171875 i1=-167 t1=28 m2=3521/171875 i2=212 t2=28 steerMode=0/-807 iSteer=22710 driveMode=-171875/-185175 iDrive=-189403 scale=0 wheel=-500000
2026-07-07T15:22:42.550+00:00 CAN id=101 dlc=8 data=d8cf0400e05ef8ff
2026-07-07T15:22:42.571+00:00 CAN id=101 dlc=8 data=d8cf0400e05ef8ff
2026-07-07T15:22:42.591+00:00 CAN id=101 dlc=8 data=d8cf0400e05ef8ff
2026-07-07T15:22:42.611+00:00 CAN id=101 dlc=8 data=d8cf0400e05ef8ff
2026-07-07T15:22:42.631+00:00 CAN id=101 dlc=8 data=d8cf0400e05ef8ff
2026-07-07T15:22:42.650+00:00 VCP run=1 step=0 angle=315000 target=315352 err=352 steer=0 m1=-3537/-171875 i1=-145 t1=28 m2=3486/171875 i2=175 t2=28 steerMode=0/-609 iSteer=15288 driveMode=-171875/-185385 iDrive=-160036 scale=0 wheel=-500000
2026-07-07T15:22:42.650+00:00 CAN id=101 dlc=8 data=d8cf0400e05ef8ff
2026-07-07T15:22:42.670+00:00 CAN id=101 dlc=8 data=d8cf0400e05ef8ff
2026-07-07T15:22:42.690+00:00 CAN id=101 dlc=8 data=d8cf0400e05ef8ff
2026-07-07T15:22:42.711+00:00 CAN id=101 dlc=8 data=d8cf0400e05ef8ff
2026-07-07T15:22:42.731+00:00 CAN id=101 dlc=8 data=d8cf0400e05ef8ff
2026-07-07T15:22:42.750+00:00 CAN id=101 dlc=8 data=d8cf0400e05ef8ff
2026-07-07T15:22:42.751+00:00 VCP run=1 step=0 angle=314912 target=315352 err=440 steer=0 m1=-3495/-171875 i1=-199 t1=28 m2=3526/171875 i2=99 t2=28 steerMode=0/765 iSteer=-50367 driveMode=-171875/-184730 iDrive=-149051 scale=0 wheel=-500000
2026-07-07T15:22:42.751+00:00 VCP SET_TARGET_RX steer=315352 wheel=-500000
2026-07-07T15:22:42.771+00:00 CAN id=101 dlc=8 data=d8cf0400e05ef8ff
2026-07-07T15:22:42.791+00:00 CAN id=101 dlc=8 data=d8cf0400e05ef8ff
2026-07-07T15:22:42.811+00:00 CAN id=101 dlc=8 data=d8cf0400e05ef8ff
2026-07-07T15:22:42.831+00:00 CAN id=101 dlc=8 data=d8cf0400e05ef8ff
2026-07-07T15:22:42.850+00:00 CAN id=101 dlc=8 data=d8cf0400e05ef8ff
2026-07-07T15:22:42.871+00:00 CAN id=101 dlc=8 data=d8cf0400e05ef8ff
2026-07-07T15:22:42.890+00:00 CAN id=101 dlc=8 data=d8cf0400e05ef8ff
2026-07-07T15:22:42.911+00:00 CAN id=101 dlc=8 data=d8cf0400e05ef8ff
2026-07-07T15:22:42.930+00:00 CAN id=101 dlc=8 data=d8cf0400e05ef8ff
2026-07-07T15:22:42.936+00:00 VCP run=1 step=0 angle=315264 target=315352 err=88 steer=0 m1=-3514/-171875 i1=-95 t1=28 m2=3482/171875 i2=163 t2=28 steerMode=0/-900 iSteer=34248 driveMode=-171875/-184544 iDrive=-129235 scale=0 wheel=-500000
2026-07-07T15:22:42.936+00:00 VCP run=1 step=0 angle=314648 target=315352 err=704 steer=352 m1=-3422/-169940 i1=-120 t1=28 m2=3492/173810 i2=183 t2=28 steerMode=1935/1182 iSteer=31493 driveMode=-171875/-182383 iDrive=-151537 scale=0 wheel=-500000
2026-07-07T15:22:42.950+00:00 CAN id=101 dlc=8 data=d8cf0400e05ef8ff
2026-07-07T15:22:42.971+00:00 CAN id=101 dlc=8 data=d8cf0400e05ef8ff
2026-07-07T15:22:42.991+00:00 CAN id=101 dlc=8 data=d8cf0400e05ef8ff
2026-07-07T15:22:43.011+00:00 CAN id=101 dlc=8 data=d8cf0400e05ef8ff
2026-07-07T15:22:43.031+00:00 CAN id=101 dlc=8 data=d8cf0400e05ef8ff
2026-07-07T15:22:43.040+00:00 VCP run=1 step=0 angle=315264 target=315352 err=88 steer=0 m1=-3487/-171875 i1=-119 t1=28 m2=3406/171875 i2=185 t2=28 steerMode=0/-811 iSteer=32792 driveMode=-171875/-181439 iDrive=-151910 scale=0 wheel=-500000
2026-07-07T15:22:43.050+00:00 CAN id=101 dlc=8 data=d8cf0400e05ef8ff
2026-07-07T15:22:43.071+00:00 CAN id=101 dlc=8 data=d8cf0400e05ef8ff
2026-07-07T15:22:43.090+00:00 CAN id=101 dlc=8 data=d8cf0400e05ef8ff
2026-07-07T15:22:43.111+00:00 CAN id=101 dlc=8 data=d8cf0400e05ef8ff
2026-07-07T15:22:43.131+00:00 CAN id=101 dlc=8 data=d8cf0400e05ef8ff
2026-07-07T15:22:43.144+00:00 VCP run=1 step=0 angle=315264 target=315352 err=88 steer=0 m1=-3443/-171875 i1=-129 t1=28 m2=3438/171875 i2=165 t2=28 steerMode=0/-451 iSteer=17630 driveMode=-171875/-180849 iDrive=-146977 scale=0 wheel=-500000
2026-07-07T15:22:43.150+00:00 CAN id=101 dlc=8 data=d8cf0400e05ef8ff
2026-07-07T15:22:43.170+00:00 CAN id=101 dlc=8 data=d8cf0400e05ef8ff
2026-07-07T15:22:43.190+00:00 CAN id=101 dlc=8 data=d8cf0400e05ef8ff
2026-07-07T15:22:43.211+00:00 CAN id=101 dlc=8 data=d8cf0400e05ef8ff
2026-07-07T15:22:43.230+00:00 CAN id=101 dlc=8 data=d8cf0400e05ef8ff
2026-07-07T15:22:43.245+00:00 VCP run=1 step=0 angle=315176 target=315352 err=176 steer=0 m1=-3420/-171875 i1=-130 t1=28 m2=3417/171875 i2=188 t2=28 steerMode=0/-648 iSteer=28941 driveMode=-171875/-179489 iDrive=-158643 scale=0 wheel=-500000
2026-07-07T15:22:43.245+00:00 VCP SET_TARGET_RX steer=315352 wheel=-500000
2026-07-07T15:22:43.250+00:00 CAN id=101 dlc=8 data=d8cf0400e05ef8ff
2026-07-07T15:22:43.270+00:00 CAN id=101 dlc=8 data=d8cf0400e05ef8ff
2026-07-07T15:22:43.290+00:00 CAN id=101 dlc=8 data=d8cf0400e05ef8ff
2026-07-07T15:22:43.311+00:00 CAN id=101 dlc=8 data=d8cf0400e05ef8ff
2026-07-07T15:22:43.331+00:00 CAN id=101 dlc=8 data=d8cf0400e05ef8ff
2026-07-07T15:22:43.349+00:00 VCP run=1 step=0 angle=315088 target=315352 err=264 steer=0 m1=-3411/-171875 i1=-138 t1=28 m2=3385/171875 i2=184 t2=28 steerMode=0/-501 iSteer=22668 driveMode=-171875/-178721 iDrive=-160848 scale=0 wheel=-500000
2026-07-07T15:22:43.350+00:00 CAN id=101 dlc=8 data=d8cf0400e05ef8ff
2026-07-07T15:22:43.370+00:00 CAN id=101 dlc=8 data=d8cf0400e05ef8ff
2026-07-07T15:22:43.391+00:00 CAN id=101 dlc=8 data=d8cf0400e05ef8ff
2026-07-07T15:22:43.411+00:00 CAN id=101 dlc=8 data=d8cf0400e05ef8ff
2026-07-07T15:22:43.431+00:00 CAN id=101 dlc=8 data=d8cf0400e05ef8ff
2026-07-07T15:22:43.450+00:00 CAN id=101 dlc=8 data=d8cf0400e05ef8ff
2026-07-07T15:22:43.471+00:00 CAN id=101 dlc=8 data=d8cf0400e05ef8ff
2026-07-07T15:22:43.490+00:00 CAN id=101 dlc=8 data=d8cf0400e05ef8ff
2026-07-07T15:22:43.510+00:00 CAN id=101 dlc=8 data=d8cf0400e05ef8ff
2026-07-07T15:22:43.530+00:00 CAN id=101 dlc=8 data=d8cf0400e05ef8ff
2026-07-07T15:22:43.535+00:00 VCP run=1 step=0 angle=315000 target=315352 err=352 steer=0 m1=-3403/-171875 i1=-138 t1=28 m2=3400/171875 i2=159 t2=28 steerMode=0/-234 iSteer=10445 driveMode=-171875/-178737 iDrive=-148229 scale=0 wheel=-500000
2026-07-07T15:22:43.535+00:00 VCP run=1 step=0 angle=315439 target=315352 err=-87 steer=0 m1=-3393/-171875 i1=-111 t1=28 m2=3352/171875 i2=199 t2=28 steerMode=0/-879 iSteer=43832 driveMode=-171875/-177783 iDrive=-155081 scale=0 wheel=-500000
2026-07-07T15:22:43.550+00:00 CAN id=101 dlc=8 data=d8cf0400e05ef8ff
2026-07-07T15:22:43.570+00:00 CAN id=101 dlc=8 data=d8cf0400e05ef8ff
2026-07-07T15:22:43.590+00:00 CAN id=101 dlc=8 data=d8cf0400e05ef8ff
2026-07-07T15:22:43.611+00:00 CAN id=101 dlc=8 data=d8cf0400e05ef8ff
2026-07-07T15:22:43.631+00:00 CAN id=101 dlc=8 data=d8cf0400e05ef8ff
2026-07-07T15:22:43.639+00:00 VCP run=1 step=0 angle=314648 target=315352 err=704 steer=352 m1=-3307/-169940 i1=-164 t1=28 m2=3410/173810 i2=176 t2=28 steerMode=1935/1890 iSteer=5699 driveMode=-171875/-176580 iDrive=-169937 scale=0 wheel=-500000
2026-07-07T15:22:43.650+00:00 CAN id=101 dlc=8 data=d8cf0400e05ef8ff
2026-07-07T15:22:43.671+00:00 CAN id=101 dlc=8 data=d8cf0400e05ef8ff
2026-07-07T15:22:43.691+00:00 CAN id=101 dlc=8 data=d8cf0400e05ef8ff
2026-07-07T15:22:43.711+00:00 CAN id=101 dlc=8 data=d8cf0400e05ef8ff
2026-07-07T15:22:43.731+00:00 CAN id=101 dlc=8 data=d8cf0400e05ef8ff
2026-07-07T15:22:43.740+00:00 VCP run=1 step=0 angle=315176 target=315352 err=176 steer=0 m1=-3380/-171875 i1=-119 t1=28 m2=3335/171875 i2=199 t2=28 steerMode=0/-764 iSteer=40070 driveMode=-171875/-176675 iDrive=-159165 scale=0 wheel=-500000
2026-07-07T15:22:43.740+00:00 VCP SET_TARGET_RX steer=315352 wheel=-500000
2026-07-07T15:22:43.750+00:00 CAN id=101 dlc=8 data=d8cf0400e05ef8ff
2026-07-07T15:22:43.771+00:00 CAN id=101 dlc=8 data=d8cf0400e05ef8ff
2026-07-07T15:22:43.791+00:00 CAN id=101 dlc=8 data=d8cf0400e05ef8ff
2026-07-07T15:22:43.811+00:00 CAN id=101 dlc=8 data=d8cf0400e05ef8ff
2026-07-07T15:22:43.830+00:00 CAN id=101 dlc=8 data=d8cf0400e05ef8ff
2026-07-07T15:22:43.844+00:00 VCP run=1 step=0 angle=315352 target=315352 err=0 steer=0 m1=-3365/-171875 i1=-144 t1=28 m2=3385/171875 i2=142 t2=28 steerMode=0/78 iSteer=-776 driveMode=-171875/-177039 iDrive=-142830 scale=0 wheel=-500000
2026-07-07T15:22:43.850+00:00 CAN id=101 dlc=8 data=d8cf0400e05ef8ff
2026-07-07T15:22:43.870+00:00 CAN id=101 dlc=8 data=d8cf0400e05ef8ff
2026-07-07T15:22:43.891+00:00 CAN id=101 dlc=8 data=d8cf0400e05ef8ff
2026-07-07T15:22:43.911+00:00 CAN id=101 dlc=8 data=d8cf0400e05ef8ff
2026-07-07T15:22:43.931+00:00 CAN id=101 dlc=8 data=d8cf0400e05ef8ff
2026-07-07T15:22:43.948+00:00 VCP run=1 step=0 angle=315352 target=315352 err=0 steer=0 m1=-3342/-171875 i1=-144 t1=28 m2=3310/171875 i2=191 t2=28 steerMode=0/-388 iSteer=23535 driveMode=-171875/-175403 iDrive=-167708 scale=0 wheel=-500000
2026-07-07T15:22:43.950+00:00 CAN id=101 dlc=8 data=d8cf0400e05ef8ff
2026-07-07T15:22:43.970+00:00 CAN id=101 dlc=8 data=d8cf0400e05ef8ff
2026-07-07T15:22:43.991+00:00 CAN id=101 dlc=8 data=d8cf0400e05ef8ff
2026-07-07T15:22:44.011+00:00 CAN id=101 dlc=8 data=d8cf0400e05ef8ff
2026-07-07T15:22:44.031+00:00 CAN id=101 dlc=8 data=d8cf0400e05ef8ff
2026-07-07T15:22:44.050+00:00 CAN id=101 dlc=8 data=d8cf0400e05ef8ff
2026-07-07T15:22:44.071+00:00 CAN id=101 dlc=8 data=d8cf0400e05ef8ff
2026-07-07T15:22:44.091+00:00 CAN id=101 dlc=8 data=d8cf0400e05ef8ff
2026-07-07T15:22:44.110+00:00 CAN id=101 dlc=8 data=d8cf0400e05ef8ff
2026-07-07T15:22:44.131+00:00 CAN id=101 dlc=8 data=d8cf0400e05ef8ff
2026-07-07T15:22:44.134+00:00 VCP run=1 step=0 angle=315264 target=315352 err=88 steer=0 m1=-3345/-171875 i1=-138 t1=28 m2=3308/171875 i2=206 t2=28 steerMode=0/-583 iSteer=33864 driveMode=-171875/-174892 iDrive=-171762 scale=0 wheel=-500000
2026-07-07T15:22:44.134+00:00 VCP run=1 step=0 angle=315264 target=315352 err=88 steer=0 m1=-3336/-171875 i1=-144 t1=28 m2=3358/171875 i2=156 t2=28 steerMode=0/-10 iSteer=5824 driveMode=-171875/-175660 iDrive=-150320 scale=0 wheel=-500000
2026-07-07T15:22:44.150+00:00 CAN id=101 dlc=8 data=d8cf0400e05ef8ff
2026-07-07T15:22:44.171+00:00 CAN id=101 dlc=8 data=d8cf0400e05ef8ff
2026-07-07T15:22:44.191+00:00 CAN id=101 dlc=8 data=d8cf0400e05ef8ff
2026-07-07T15:22:44.211+00:00 CAN id=101 dlc=8 data=d8cf0400e05ef8ff
2026-07-07T15:22:44.231+00:00 CAN id=101 dlc=8 data=d8cf0400e05ef8ff
2026-07-07T15:22:44.235+00:00 VCP run=1 step=0 angle=315527 target=315352 err=-175 steer=0 m1=-3319/-171875 i1=-113 t1=28 m2=3289/171875 i2=217 t2=28 steerMode=0/-910 iSteer=52018 driveMode=-171875/-174601 iDrive=-164712 scale=0 wheel=-500000
2026-07-07T15:22:44.235+00:00 VCP SET_TARGET_RX steer=315352 wheel=-500000
2026-07-07T15:22:44.250+00:00 CAN id=101 dlc=8 data=d8cf0400e05ef8ff
2026-07-07T15:22:44.271+00:00 CAN id=101 dlc=8 data=d8cf0400e05ef8ff
2026-07-07T15:22:44.290+00:00 CAN id=101 dlc=8 data=d8cf0400e05ef8ff
2026-07-07T15:22:44.310+00:00 CAN id=101 dlc=8 data=d8cf0400e05ef8ff
2026-07-07T15:22:44.331+00:00 CAN id=101 dlc=8 data=d8cf0400e05ef8ff
2026-07-07T15:22:44.339+00:00 VCP run=1 step=0 angle=315088 target=315352 err=264 steer=0 m1=-3307/-171875 i1=-173 t1=28 m2=3281/171875 i2=173 t2=28 steerMode=0/141 iSteer=-94 driveMode=-171875/-174000 iDrive=-172651 scale=0 wheel=-500000
2026-07-07T15:22:44.350+00:00 CAN id=101 dlc=8 data=d8cf0400e05ef8ff
2026-07-07T15:22:44.370+00:00 CAN id=101 dlc=8 data=d8cf0400e05ef8ff
2026-07-07T15:22:44.391+00:00 CAN id=101 dlc=8 data=d8cf0400e05ef8ff
2026-07-07T15:22:44.410+00:00 CAN id=101 dlc=8 data=d8cf0400e05ef8ff
2026-07-07T15:22:44.430+00:00 CAN id=101 dlc=8 data=d8cf0400e05ef8ff
2026-07-07T15:22:44.443+00:00 VCP run=1 step=0 angle=315264 target=315352 err=88 steer=0 m1=-3324/-171875 i1=-128 t1=28 m2=3325/171875 i2=192 t2=28 steerMode=0/-482 iSteer=31776 driveMode=-171875/-174400 iDrive=-160227 scale=0 wheel=-500000
2026-07-07T15:22:44.450+00:00 CAN id=101 dlc=8 data=d8cf0400e05ef8ff
2026-07-07T15:22:44.471+00:00 CAN id=101 dlc=8 data=d8cf0400e05ef8ff
2026-07-07T15:22:44.490+00:00 CAN id=101 dlc=8 data=d8cf0400e05ef8ff
2026-07-07T15:22:44.510+00:00 CAN id=101 dlc=8 data=d8cf0400e05ef8ff
2026-07-07T15:22:44.530+00:00 CAN id=101 dlc=8 data=d8cf0400e05ef8ff
2026-07-07T15:22:44.547+00:00 VCP run=1 step=0 angle=315352 target=315352 err=0 steer=0 m1=-3328/-171875 i1=-139 t1=28 m2=3320/171875 i2=165 t2=28 steerMode=0/-92 iSteer=13002 driveMode=-171875/-174592 iDrive=-151617 scale=0 wheel=-500000
2026-07-07T15:22:44.550+00:00 CAN id=101 dlc=8 data=d8cf0400e05ef8ff
2026-07-07T15:22:44.571+00:00 CAN id=101 dlc=8 data=d8cf0400e05ef8ff
2026-07-07T15:22:44.591+00:00 CAN id=101 dlc=8 data=d8cf0400e05ef8ff
2026-07-07T15:22:44.610+00:00 CAN id=101 dlc=8 data=d8cf0400e05ef8ff
2026-07-07T15:22:44.631+00:00 CAN id=101 dlc=8 data=d8cf0400e05ef8ff
2026-07-07T15:22:44.650+00:00 CAN id=101 dlc=8 data=d8cf0400e05ef8ff
2026-07-07T15:22:44.651+00:00 VCP run=1 step=0 angle=315176 target=315352 err=176 steer=0 m1=-3288/-171875 i1=-151 t1=28 m2=3306/171875 i2=183 t2=28 steerMode=0/-137 iSteer=16241 driveMode=-171875/-173634 iDrive=-166933 scale=0 wheel=-500000
2026-07-07T15:22:44.670+00:00 CAN id=101 dlc=8 data=d8cf0400e05ef8ff
2026-07-07T15:22:44.690+00:00 CAN id=101 dlc=8 data=d8cf0400e05ef8ff
2026-07-07T15:22:44.710+00:00 CAN id=101 dlc=8 data=d8cf0400e05ef8ff
2026-07-07T15:22:44.730+00:00 BENCH step t=7.000s -> steer=315352mdeg wheel=500000milli-rpm
2026-07-07T15:22:44.731+00:00 CAN id=101 dlc=8 data=d8cf040020a10700
2026-07-07T15:22:44.750+00:00 CAN id=101 dlc=8 data=d8cf040020a10700
2026-07-07T15:22:44.770+00:00 CAN id=101 dlc=8 data=d8cf040020a10700
2026-07-07T15:22:44.790+00:00 CAN id=101 dlc=8 data=d8cf040020a10700
2026-07-07T15:22:44.810+00:00 CAN id=101 dlc=8 data=d8cf040020a10700
2026-07-07T15:22:44.831+00:00 CAN id=101 dlc=8 data=d8cf040020a10700
2026-07-07T15:22:44.835+00:00 VCP run=1 step=0 angle=315352 target=315352 err=0 steer=0 m1=-3305/-171875 i1=-133 t1=28 m2=3272/171875 i2=210 t2=28 steerMode=0/-568 iSteer=38070 driveMode=-171875/-173302 iDrive=-171456 scale=0 wheel=-500000
2026-07-07T15:22:44.835+00:00 VCP SET_TARGET_RX steer=315352 wheel=500000
2026-07-07T15:22:44.835+00:00 VCP run=1 step=0 angle=315264 target=315352 err=88 steer=0 m1=-3301/-169125 i1=-104 t1=28 m2=3325/169125 i2=98 t2=28 steerMode=0/255 iSteer=-2893 driveMode=-169125/-174067 iDrive=-101167 scale=0 wheel=-492000
2026-07-07T15:22:44.850+00:00 CAN id=101 dlc=8 data=d8cf040020a10700
2026-07-07T15:22:44.871+00:00 CAN id=101 dlc=8 data=d8cf040020a10700
2026-07-07T15:22:44.891+00:00 CAN id=101 dlc=8 data=d8cf040020a10700
2026-07-07T15:22:44.910+00:00 CAN id=101 dlc=8 data=d8cf040020a10700
2026-07-07T15:22:44.931+00:00 CAN id=101 dlc=8 data=d8cf040020a10700
2026-07-07T15:22:44.939+00:00 VCP run=1 step=0 angle=315527 target=315352 err=-175 steer=0 m1=-2771/-105875 i1=815 t1=28 m2=2714/105875 i2=-710 t2=28 steerMode=0/-839 iSteer=52723 driveMode=-105875/-153988 iDrive=762262 scale=0 wheel=-308000
2026-07-07T15:22:44.950+00:00 CAN id=101 dlc=8 data=d8cf040020a10700
2026-07-07T15:22:44.971+00:00 CAN id=101 dlc=8 data=d8cf040020a10700
2026-07-07T15:22:44.990+00:00 CAN id=101 dlc=8 data=d8cf040020a10700
2026-07-07T15:22:45.011+00:00 CAN id=101 dlc=8 data=d8cf040020a10700
2026-07-07T15:22:45.031+00:00 CAN id=101 dlc=8 data=d8cf040020a10700
2026-07-07T15:22:45.043+00:00 VCP run=1 step=0 angle=315264 target=315352 err=88 steer=0 m1=-1635/-42625 i1=902 t1=28 m2=1661/42625 i2=-915 t2=28 steerMode=0/343 iSteer=-6469 driveMode=-42625/-98035 iDrive=908194 scale=0 wheel=-124000
2026-07-07T15:22:45.050+00:00 CAN id=101 dlc=8 data=d8cf040020a10700
2026-07-07T15:22:45.071+00:00 CAN id=101 dlc=8 data=d8cf040020a10700
2026-07-07T15:22:45.091+00:00 CAN id=101 dlc=8 data=d8cf040020a10700
2026-07-07T15:22:45.111+00:00 CAN id=101 dlc=8 data=d8cf040020a10700
2026-07-07T15:22:45.131+00:00 CAN id=101 dlc=8 data=d8cf040020a10700
2026-07-07T15:22:45.148+00:00 VCP run=1 step=0 angle=315264 target=315352 err=88 steer=0 m1=-291/21312 i1=1298 t1=28 m2=370/-21312 i2=-1325 t2=28 steerMode=0/478 iSteer=-13144 driveMode=21312/-32612 iDrive=1311526 scale=0 wheel=62000
2026-07-07T15:22:45.150+00:00 CAN id=101 dlc=8 data=d8cf040020a10700
2026-07-07T15:22:45.171+00:00 CAN id=101 dlc=8 data=d8cf040020a10700
2026-07-07T15:22:45.191+00:00 CAN id=101 dlc=8 data=d8cf040020a10700
2026-07-07T15:22:45.210+00:00 CAN id=101 dlc=8 data=d8cf040020a10700
2026-07-07T15:22:45.230+00:00 CAN id=101 dlc=8 data=d8cf040020a10700
2026-07-07T15:22:45.249+00:00 VCP run=1 step=0 angle=315088 target=315352 err=264 steer=0 m1=966/85250 i1=1283 t1=28 m2=-967/-85250 i2=-1273 t2=28 steerMode=0/110 iSteer=4970 driveMode=85250/37532 iDrive=1278347 scale=0 wheel=248000
2026-07-07T15:22:45.249+00:00 VCP SET_TARGET_RX steer=315352 wheel=500000
2026-07-07T15:22:45.250+00:00 CAN id=101 dlc=8 data=d8cf040020a10700
2026-07-07T15:22:45.270+00:00 CAN id=101 dlc=8 data=d8cf040020a10700
2026-07-07T15:22:45.291+00:00 CAN id=101 dlc=8 data=d8cf040020a10700
2026-07-07T15:22:45.311+00:00 CAN id=101 dlc=8 data=d8cf040020a10700
2026-07-07T15:22:45.330+00:00 CAN id=101 dlc=8 data=d8cf040020a10700
2026-07-07T15:22:45.350+00:00 CAN id=101 dlc=8 data=d8cf040020a10700
2026-07-07T15:22:45.370+00:00 CAN id=101 dlc=8 data=d8cf040020a10700
2026-07-07T15:22:45.391+00:00 CAN id=101 dlc=8 data=d8cf040020a10700
2026-07-07T15:22:45.411+00:00 CAN id=101 dlc=8 data=d8cf040020a10700
2026-07-07T15:22:45.431+00:00 CAN id=101 dlc=8 data=d8cf040020a10700
2026-07-07T15:22:45.435+00:00 VCP run=1 step=0 angle=315176 target=315352 err=176 steer=0 m1=2195/149187 i1=1329 t1=28 m2=-2148/-149187 i2=-1370 t2=28 steerMode=0/599 iSteer=-20798 driveMode=149187/102282 iDrive=1349411 scale=0 wheel=434000
2026-07-07T15:22:45.435+00:00 VCP run=1 step=0 angle=315352 target=315352 err=0 steer=0 m1=3272/171875 i1=620 t1=28 m2=-3234/-171875 i2=-667 t2=28 steerMode=0/633 iSteer=-23409 driveMode=171875/163270 iDrive=643109 scale=0 wheel=500000
2026-07-07T15:22:45.450+00:00 CAN id=101 dlc=8 data=d8cf040020a10700
2026-07-07T15:22:45.470+00:00 CAN id=101 dlc=8 data=d8cf040020a10700
2026-07-07T15:22:45.490+00:00 CAN id=101 dlc=8 data=d8cf040020a10700
2026-07-07T15:22:45.511+00:00 CAN id=101 dlc=8 data=d8cf040020a10700
2026-07-07T15:22:45.531+00:00 CAN id=101 dlc=8 data=d8cf040020a10700
2026-07-07T15:22:45.539+00:00 VCP run=1 step=0 angle=315879 target=315352 err=-527 steer=-263 m1=3526/170426 i1=134 t1=28 m2=-3533/-173324 i2=-269 t2=28 steerMode=-1449/17 iSteer=-67179 driveMode=171875/184878 iDrive=201456 scale=0 wheel=500000
2026-07-07T15:22:45.550+00:00 CAN id=101 dlc=8 data=d8cf040020a10700
2026-07-07T15:22:45.571+00:00 CAN id=101 dlc=8 data=d8cf040020a10700
2026-07-07T15:22:45.590+00:00 CAN id=101 dlc=8 data=d8cf040020a10700
2026-07-07T15:22:45.611+00:00 CAN id=101 dlc=8 data=d8cf040020a10700
2026-07-07T15:22:45.631+00:00 CAN id=101 dlc=8 data=d8cf040020a10700
2026-07-07T15:22:45.643+00:00 VCP run=1 step=0 angle=315527 target=315352 err=-175 steer=0 m1=3528/171875 i1=108 t1=28 m2=-3510/-171875 i2=-214 t2=28 steerMode=0/1167 iSteer=-52783 driveMode=171875/185594 iDrive=160955 scale=0 wheel=500000
2026-07-07T15:22:45.650+00:00 CAN id=101 dlc=8 data=d8cf040020a10700
2026-07-07T15:22:45.670+00:00 CAN id=101 dlc=8 data=d8cf040020a10700
2026-07-07T15:22:45.691+00:00 CAN id=101 dlc=8 data=d8cf040020a10700
2026-07-07T15:22:45.710+00:00 CAN id=101 dlc=8 data=d8cf040020a10700
2026-07-07T15:22:45.731+00:00 CAN id=101 dlc=8 data=d8cf040020a10700
2026-07-07T15:22:45.744+00:00 VCP run=1 step=0 angle=315967 target=315352 err=-615 steer=-307 m1=3484/170184 i1=95 t1=28 m2=-3501/-173566 i2=-247 t2=28 steerMode=-1691/-126 iSteer=-76084 driveMode=171875/183910 iDrive=171018 scale=0 wheel=500000
2026-07-07T15:22:45.744+00:00 VCP SET_TARGET_RX steer=315352 wheel=500000
2026-07-07T15:22:45.750+00:00 CAN id=101 dlc=8 data=d8cf040020a10700
2026-07-07T15:22:45.771+00:00 CAN id=101 dlc=8 data=d8cf040020a10700
2026-07-07T15:22:45.790+00:00 CAN id=101 dlc=8 data=d8cf040020a10700
2026-07-07T15:22:45.810+00:00 CAN id=101 dlc=8 data=d8cf040020a10700
2026-07-07T15:22:45.831+00:00 CAN id=101 dlc=8 data=d8cf040020a10700
2026-07-07T15:22:45.848+00:00 VCP run=1 step=0 angle=315791 target=315352 err=-439 steer=0 m1=3477/171875 i1=212 t1=28 m2=-3497/-171875 i2=-112 t2=28 steerMode=0/-993 iSteer=50220 driveMode=171875/183316 iDrive=161767 scale=0 wheel=500000
2026-07-07T15:22:45.850+00:00 CAN id=101 dlc=8 data=d8cf040020a10700
2026-07-07T15:22:45.871+00:00 CAN id=101 dlc=8 data=d8cf040020a10700
2026-07-07T15:22:45.891+00:00 CAN id=101 dlc=8 data=d8cf040020a10700
2026-07-07T15:22:45.911+00:00 CAN id=101 dlc=8 data=d8cf040020a10700
2026-07-07T15:22:45.931+00:00 CAN id=101 dlc=8 data=d8cf040020a10700
2026-07-07T15:22:45.950+00:00 CAN id=101 dlc=8 data=d8cf040020a10700
2026-07-07T15:22:45.971+00:00 CAN id=101 dlc=8 data=d8cf040020a10700
2026-07-07T15:22:45.991+00:00 CAN id=101 dlc=8 data=d8cf040020a10700
2026-07-07T15:22:46.011+00:00 CAN id=101 dlc=8 data=d8cf040020a10700
2026-07-07T15:22:46.031+00:00 CAN id=101 dlc=8 data=d8cf040020a10700
2026-07-07T15:22:46.034+00:00 VCP run=1 step=0 angle=315527 target=315352 err=-175 steer=0 m1=3496/171875 i1=83 t1=28 m2=-3449/-171875 i2=-227 t2=28 steerMode=0/1439 iSteer=-72110 driveMode=171875/182612 iDrive=154839 scale=0 wheel=500000
2026-07-07T15:22:46.034+00:00 VCP run=1 step=0 angle=315703 target=315352 err=-351 steer=0 m1=3419/171875 i1=169 t1=28 m2=-3424/-171875 i2=-174 t2=28 steerMode=0/13 iSteer=-2808 driveMode=171875/180882 iDrive=171338 scale=0 wheel=500000
2026-07-07T15:22:46.050+00:00 CAN id=101 dlc=8 data=d8cf040020a10700
2026-07-07T15:22:46.071+00:00 CAN id=101 dlc=8 data=d8cf040020a10700
2026-07-07T15:22:46.091+00:00 CAN id=101 dlc=8 data=d8cf040020a10700
2026-07-07T15:22:46.110+00:00 CAN id=101 dlc=8 data=d8cf040020a10700
2026-07-07T15:22:46.130+00:00 CAN id=101 dlc=8 data=d8cf040020a10700
2026-07-07T15:22:46.138+00:00 VCP run=1 step=0 angle=316055 target=315352 err=-703 steer=-351 m1=3373/169943 i1=126 t1=28 m2=-3420/-173807 i2=-260 t2=28 steerMode=-1932/-730 iSteer=-66848 driveMode=171875/179066 iDrive=193007 scale=0 wheel=500000
2026-07-07T15:22:46.150+00:00 CAN id=101 dlc=8 data=d8cf040020a10700
2026-07-07T15:22:46.171+00:00 CAN id=101 dlc=8 data=d8cf040020a10700
2026-07-07T15:22:46.190+00:00 CAN id=101 dlc=8 data=d8cf040020a10700
2026-07-07T15:22:46.210+00:00 CAN id=101 dlc=8 data=d8cf040020a10700
2026-07-07T15:22:46.230+00:00 CAN id=101 dlc=8 data=d8cf040020a10700
2026-07-07T15:22:46.240+00:00 VCP run=1 step=0 angle=315439 target=315352 err=-87 steer=0 m1=3431/171875 i1=199 t1=28 m2=-3432/-171875 i2=-100 t2=28 steerMode=0/-1089 iSteer=49244 driveMode=171875/180499 iDrive=149660 scale=0 wheel=500000
2026-07-07T15:22:46.240+00:00 VCP SET_TARGET_RX steer=315352 wheel=500000
2026-07-07T15:22:46.250+00:00 CAN id=101 dlc=8 data=d8cf040020a10700
2026-07-07T15:22:46.270+00:00 CAN id=101 dlc=8 data=d8cf040020a10700
2026-07-07T15:22:46.290+00:00 CAN id=101 dlc=8 data=d8cf040020a10700
2026-07-07T15:22:46.310+00:00 CAN id=101 dlc=8 data=d8cf040020a10700
2026-07-07T15:22:46.331+00:00 CAN id=101 dlc=8 data=d8cf040020a10700
2026-07-07T15:22:46.344+00:00 VCP run=1 step=0 angle=315527 target=315352 err=-175 steer=0 m1=3406/171875 i1=124 t1=28 m2=-3376/-171875 i2=-230 t2=28 steerMode=0/904 iSteer=-53111 driveMode=171875/178409 iDrive=177199 scale=0 wheel=500000
2026-07-07T15:22:46.350+00:00 CAN id=101 dlc=8 data=d8cf040020a10700
2026-07-07T15:22:46.370+00:00 CAN id=101 dlc=8 data=d8cf040020a10700
2026-07-07T15:22:46.390+00:00 CAN id=101 dlc=8 data=d8cf040020a10700
2026-07-07T15:22:46.410+00:00 CAN id=101 dlc=8 data=d8cf040020a10700
2026-07-07T15:22:46.430+00:00 CAN id=101 dlc=8 data=d8cf040020a10700
2026-07-07T15:22:46.448+00:00 VCP run=1 step=0 angle=315703 target=315352 err=-351 steer=0 m1=3367/171875 i1=165 t1=28 m2=-3332/-171875 i2=-212 t2=28 steerMode=0/305 iSteer=-23528 driveMode=171875/177303 iDrive=188260 scale=0 wheel=500000
2026-07-07T15:22:46.450+00:00 CAN id=101 dlc=8 data=d8cf040020a10700
2026-07-07T15:22:46.470+00:00 CAN id=101 dlc=8 data=d8cf040020a10700
2026-07-07T15:22:46.490+00:00 CAN id=101 dlc=8 data=d8cf040020a10700
2026-07-07T15:22:46.511+00:00 CAN id=101 dlc=8 data=d8cf040020a10700
2026-07-07T15:22:46.531+00:00 CAN id=101 dlc=8 data=d8cf040020a10700
2026-07-07T15:22:46.550+00:00 CAN id=101 dlc=8 data=d8cf040020a10700
2026-07-07T15:22:46.571+00:00 CAN id=101 dlc=8 data=d8cf040020a10700
2026-07-07T15:22:46.590+00:00 CAN id=101 dlc=8 data=d8cf040020a10700
2026-07-07T15:22:46.611+00:00 CAN id=101 dlc=8 data=d8cf040020a10700
2026-07-07T15:22:46.630+00:00 CAN id=101 dlc=8 data=d8cf040020a10700
2026-07-07T15:22:46.634+00:00 VCP run=1 step=0 angle=315703 target=315352 err=-351 steer=0 m1=3381/171875 i1=153 t1=28 m2=-3384/-171875 i2=-167 t2=28 steerMode=0/-33 iSteer=-6937 driveMode=171875/178165 iDrive=160039 scale=0 wheel=500000
2026-07-07T15:22:46.634+00:00 VCP run=1 step=0 angle=315527 target=315352 err=-175 steer=0 m1=3375/171875 i1=120 t1=28 m2=-3317/-171875 i2=-236 t2=28 steerMode=0/949 iSteer=-58079 driveMode=171875/176753 iDrive=177599 scale=0 wheel=500000
2026-07-07T15:22:46.650+00:00 CAN id=101 dlc=8 data=d8cf040020a10700
2026-07-07T15:22:46.670+00:00 CAN id=101 dlc=8 data=d8cf040020a10700
2026-07-07T15:22:46.690+00:00 CAN id=101 dlc=8 data=d8cf040020a10700
2026-07-07T15:22:46.710+00:00 CAN id=101 dlc=8 data=d8cf040020a10700
2026-07-07T15:22:46.730+00:00 CAN id=101 dlc=8 data=d8cf040020a10700
2026-07-07T15:22:46.736+00:00 VCP run=1 step=0 angle=315703 target=315352 err=-351 steer=0 m1=3350/171875 i1=179 t1=28 m2=-3332/-171875 i2=-190 t2=28 steerMode=0/-115 iSteer=-5508 driveMode=171875/175993 iDrive=184541 scale=0 wheel=500000
2026-07-07T15:22:46.736+00:00 VCP SET_TARGET_RX steer=315352 wheel=500000
2026-07-07T15:22:46.750+00:00 CAN id=101 dlc=8 data=d8cf040020a10700
2026-07-07T15:22:46.770+00:00 CAN id=101 dlc=8 data=d8cf040020a10700
2026-07-07T15:22:46.790+00:00 CAN id=101 dlc=8 data=d8cf040020a10700
2026-07-07T15:22:46.811+00:00 CAN id=101 dlc=8 data=d8cf040020a10700
2026-07-07T15:22:46.831+00:00 CAN id=101 dlc=8 data=d8cf040020a10700
2026-07-07T15:22:46.839+00:00 VCP run=1 step=0 angle=315967 target=315352 err=-615 steer=-307 m1=3310/170184 i1=131 t1=28 m2=-3378/-173566 i2=-239 t2=28 steerMode=-1691/-906 iSteer=-53927 driveMode=171875/175642 iDrive=184988 scale=0 wheel=500000
2026-07-07T15:22:46.850+00:00 CAN id=101 dlc=8 data=d8cf040020a10700
2026-07-07T15:22:46.870+00:00 CAN id=101 dlc=8 data=d8cf040020a10700
2026-07-07T15:22:46.891+00:00 CAN id=101 dlc=8 data=d8cf040020a10700
2026-07-07T15:22:46.911+00:00 CAN id=101 dlc=8 data=d8cf040020a10700
2026-07-07T15:22:46.930+00:00 CAN id=101 dlc=8 data=d8cf040020a10700
2026-07-07T15:22:46.943+00:00 VCP run=1 step=0 angle=315527 target=315352 err=-175 steer=0 m1=3369/171875 i1=132 t1=28 m2=-3363/-171875 i2=-175 t2=28 steerMode=0/189 iSteer=-21141 driveMode=171875/176798 iDrive=153558 scale=0 wheel=500000
2026-07-07T15:22:46.950+00:00 CAN id=101 dlc=8 data=d8cf040020a10700
2026-07-07T15:22:46.971+00:00 CAN id=101 dlc=8 data=d8cf040020a10700
2026-07-07T15:22:46.991+00:00 CAN id=101 dlc=8 data=d8cf040020a10700
2026-07-07T15:22:47.010+00:00 CAN id=101 dlc=8 data=d8cf040020a10700
2026-07-07T15:22:47.031+00:00 CAN id=101 dlc=8 data=d8cf040020a10700
2026-07-07T15:22:47.047+00:00 VCP run=1 step=0 angle=315527 target=315352 err=-175 steer=0 m1=3318/171875 i1=154 t1=28 m2=-3349/-171875 i2=-219 t2=28 steerMode=0/365 iSteer=-32572 driveMode=171875/174791 iDrive=186733 scale=0 wheel=500000
2026-07-07T15:22:47.050+00:00 CAN id=101 dlc=8 data=d8cf040020a10700
2026-07-07T15:22:47.071+00:00 CAN id=101 dlc=8 data=d8cf040020a10700
2026-07-07T15:22:47.091+00:00 CAN id=101 dlc=8 data=d8cf040020a10700
2026-07-07T15:22:47.110+00:00 CAN id=101 dlc=8 data=d8cf040020a10700
2026-07-07T15:22:47.130+00:00 CAN id=101 dlc=8 data=d8cf040020a10700
2026-07-07T15:22:47.150+00:00 CAN id=101 dlc=8 data=d8cf040020a10700
2026-07-07T15:22:47.170+00:00 CAN id=101 dlc=8 data=d8cf040020a10700
2026-07-07T15:22:47.191+00:00 CAN id=101 dlc=8 data=d8cf040020a10700
2026-07-07T15:22:47.210+00:00 CAN id=101 dlc=8 data=d8cf040020a10700
2026-07-07T15:22:47.230+00:00 CAN id=101 dlc=8 data=d8cf040020a10700
2026-07-07T15:22:47.231+00:00 VCP run=1 step=0 angle=315791 target=315352 err=-439 steer=0 m1=3320/171875 i1=149 t1=28 m2=-3321/-171875 i2=-234 t2=28 steerMode=0/556 iSteer=-42613 driveMode=171875/174305 iDrive=191613 scale=0 wheel=500000
2026-07-07T15:22:47.231+00:00 VCP run=1 step=0 angle=315791 target=315352 err=-439 steer=0 m1=3344/171875 i1=150 t1=28 m2=-3351/-171875 i2=-158 t2=28 steerMode=0/-218 iSteer=-3993 driveMode=171875/175872 iDrive=154166 scale=0 wheel=500000
2026-07-07T15:22:47.250+00:00 CAN id=101 dlc=8 data=d8cf040020a10700
2026-07-07T15:22:47.270+00:00 CAN id=101 dlc=8 data=d8cf040020a10700
2026-07-07T15:22:47.291+00:00 CAN id=101 dlc=8 data=d8cf040020a10700
2026-07-07T15:22:47.311+00:00 CAN id=101 dlc=8 data=d8cf040020a10700
2026-07-07T15:22:47.330+00:00 CAN id=101 dlc=8 data=d8cf040020a10700
2026-07-07T15:22:47.334+00:00 VCP SET_TARGET_RX steer=315352 wheel=500000
2026-07-07T15:22:47.334+00:00 VCP run=1 step=0 angle=315615 target=315352 err=-263 steer=0 m1=3310/171875 i1=127 t1=28 m2=-3275/-171875 i2=-259 t2=28 steerMode=0/969 iSteer=-65776 driveMode=171875/173642 iDrive=193261 scale=0 wheel=500000
2026-07-07T15:22:47.350+00:00 CAN id=101 dlc=8 data=d8cf040020a10700
2026-07-07T15:22:47.370+00:00 CAN id=101 dlc=8 data=d8cf040020a10700
2026-07-07T15:22:47.390+00:00 CAN id=101 dlc=8 data=d8cf040020a10700
2026-07-07T15:22:47.411+00:00 CAN id=101 dlc=8 data=d8cf040020a10700
2026-07-07T15:22:47.431+00:00 CAN id=101 dlc=8 data=d8cf040020a10700
2026-07-07T15:22:47.438+00:00 VCP run=1 step=0 angle=315615 target=315352 err=-263 steer=0 m1=3293/171875 i1=226 t1=28 m2=-3298/-171875 i2=-164 t2=28 steerMode=0/-988 iSteer=31379 driveMode=171875/173403 iDrive=195101 scale=0 wheel=500000
2026-07-07T15:22:47.450+00:00 CAN id=101 dlc=8 data=d8cf040020a10700
2026-07-07T15:22:47.471+00:00 CAN id=101 dlc=8 data=d8cf040020a10700
2026-07-07T15:22:47.490+00:00 CAN id=101 dlc=8 data=d8cf040020a10700
2026-07-07T15:22:47.510+00:00 CAN id=101 dlc=8 data=d8cf040020a10700
2026-07-07T15:22:47.531+00:00 CAN id=101 dlc=8 data=d8cf040020a10700
2026-07-07T15:22:47.542+00:00 VCP run=1 step=0 angle=315879 target=315352 err=-527 steer=-263 m1=3264/170426 i1=137 t1=28 m2=-3353/-173324 i2=-236 t2=28 steerMode=-1449/-874 iSteer=-49410 driveMode=171875/173719 iDrive=186589 scale=0 wheel=500000
2026-07-07T15:22:47.550+00:00 CAN id=101 dlc=8 data=d8cf040020a10700
2026-07-07T15:22:47.570+00:00 CAN id=101 dlc=8 data=d8cf040020a10700
2026-07-07T15:22:47.590+00:00 CAN id=101 dlc=8 data=d8cf040020a10700
2026-07-07T15:22:47.611+00:00 CAN id=101 dlc=8 data=d8cf040020a10700
2026-07-07T15:22:47.630+00:00 CAN id=101 dlc=8 data=d8cf040020a10700
2026-07-07T15:22:47.646+00:00 VCP run=1 step=0 angle=315439 target=315352 err=-87 steer=0 m1=3335/171875 i1=116 t1=28 m2=-3307/-171875 i2=-211 t2=28 steerMode=0/590 iSteer=-47562 driveMode=171875/174618 iDrive=163723 scale=0 wheel=500000
2026-07-07T15:22:47.650+00:00 CAN id=101 dlc=8 data=d8cf040020a10700
2026-07-07T15:22:47.671+00:00 CAN id=101 dlc=8 data=d8cf040020a10700
2026-07-07T15:22:47.690+00:00 CAN id=101 dlc=8 data=d8cf040020a10700
2026-07-07T15:22:47.710+00:00 CAN id=101 dlc=8 data=d8cf040020a10700
2026-07-07T15:22:47.730+00:00 BENCH step t=10.000s -> steer=315352mdeg wheel=0milli-rpm
2026-07-07T15:22:47.731+00:00 CAN id=101 dlc=8 data=d8cf040000000000
2026-07-07T15:22:47.748+00:00 VCP run=1 step=0 angle=315615 target=315352 err=-263 steer=0 m1=3272/171875 i1=174 t1=28 m2=-3288/-171875 i2=-209 t2=28 steerMode=0/-51 iSteer=-17507 driveMode=171875/173062 iDrive=191357 scale=0 wheel=500000
2026-07-07T15:22:47.748+00:00 VCP SET_TARGET_RX steer=315352 wheel=0
2026-07-07T15:22:47.750+00:00 CAN id=101 dlc=8 data=d8cf040000000000
2026-07-07T15:22:47.770+00:00 CAN id=101 dlc=8 data=d8cf040000000000
2026-07-07T15:22:47.791+00:00 CAN id=101 dlc=8 data=d8cf040000000000
2026-07-07T15:22:47.811+00:00 CAN id=101 dlc=8 data=d8cf040000000000
2026-07-07T15:22:47.830+00:00 CAN id=101 dlc=8 data=d8cf040000000000
2026-07-07T15:22:47.850+00:00 CAN id=101 dlc=8 data=d8cf040000000000
2026-07-07T15:22:47.871+00:00 CAN id=101 dlc=8 data=d8cf040000000000
2026-07-07T15:22:47.891+00:00 CAN id=101 dlc=8 data=d8cf040000000000
2026-07-07T15:22:47.910+00:00 CAN id=101 dlc=8 data=d8cf040000000000
2026-07-07T15:22:47.930+00:00 CAN id=101 dlc=8 data=d8cf040000000000
2026-07-07T15:22:47.934+00:00 VCP run=1 step=0 angle=315615 target=315352 err=-263 steer=0 m1=3293/169813 i1=113 t1=28 m2=-3292/-169813 i2=-206 t2=28 steerMode=0/516 iSteer=-46662 driveMode=169813/172523 iDrive=159191 scale=0 wheel=494000
2026-07-07T15:22:47.934+00:00 VCP run=1 step=0 angle=315615 target=315352 err=-263 steer=0 m1=2776/106563 i1=-796 t1=28 m2=-2756/-106563 i2=728 t2=28 steerMode=0/262 iSteer=-33845 driveMode=106563/154671 iDrive=-762162 scale=0 wheel=310000
2026-07-07T15:22:47.950+00:00 CAN id=101 dlc=8 data=d8cf040000000000
2026-07-07T15:22:47.971+00:00 CAN id=101 dlc=8 data=d8cf040000000000
2026-07-07T15:22:47.991+00:00 CAN id=101 dlc=8 data=d8cf040000000000
2026-07-07T15:22:48.011+00:00 CAN id=101 dlc=8 data=d8cf040000000000
2026-07-07T15:22:48.030+00:00 CAN id=101 dlc=8 data=d8cf040000000000
2026-07-07T15:22:48.038+00:00 VCP run=1 step=0 angle=315615 target=315352 err=-263 steer=0 m1=1625/42625 i1=-971 t1=28 m2=-1570/-42625 i2=823 t2=28 steerMode=0/1012 iSteer=-73834 driveMode=42625/97478 iDrive=-897053 scale=0 wheel=124000
2026-07-07T15:22:48.050+00:00 CAN id=101 dlc=8 data=d8cf040000000000
2026-07-07T15:22:48.070+00:00 CAN id=101 dlc=8 data=d8cf040000000000
2026-07-07T15:22:48.091+00:00 CAN id=101 dlc=8 data=d8cf040000000000
2026-07-07T15:22:48.110+00:00 CAN id=101 dlc=8 data=d8cf040000000000
2026-07-07T15:22:48.130+00:00 CAN id=101 dlc=8 data=d8cf040000000000
2026-07-07T15:22:48.144+00:00 VCP run=1 step=0 angle=315703 target=315352 err=-351 steer=0 m1=410/0 i1=-535 t1=28 m2=-440/0 i2=495 t2=28 steerMode=0/-101 iSteer=-20121 driveMode=0/34417 iDrive=-515313 scale=0 wheel=0
2026-07-07T15:22:48.150+00:00 CAN id=101 dlc=8 data=d8cf040000000000
2026-07-07T15:22:48.170+00:00 CAN id=101 dlc=8 data=d8cf040000000000
2026-07-07T15:22:48.190+00:00 CAN id=101 dlc=8 data=d8cf040000000000
2026-07-07T15:22:48.210+00:00 CAN id=101 dlc=8 data=d8cf040000000000
2026-07-07T15:22:48.230+00:00 CAN id=101 dlc=8 data=d8cf040000000000
2026-07-07T15:22:48.250+00:00 CAN id=101 dlc=8 data=d8cf040000000000
2026-07-07T15:22:48.271+00:00 CAN id=101 dlc=8 data=d8cf040000000000
2026-07-07T15:22:48.290+00:00 CAN id=101 dlc=8 data=d8cf040000000000
2026-07-07T15:22:48.310+00:00 CAN id=101 dlc=8 data=d8cf040000000000
2026-07-07T15:22:48.330+00:00 CAN id=101 dlc=8 data=d8cf040000000000
2026-07-07T15:22:48.334+00:00 VCP run=1 step=0 angle=315703 target=315352 err=-351 steer=0 m1=-36/0 i1=65 t1=28 m2=39/0 i2=-210 t2=28 steerMode=0/932 iSteer=-72314 driveMode=0/530 iDrive=137454 scale=0 wheel=0
2026-07-07T15:22:48.334+00:00 VCP SET_TARGET_RX steer=315352 wheel=0
2026-07-07T15:22:48.334+00:00 VCP run=1 step=0 angle=315703 target=315352 err=-351 steer=0 m1=0/0 i1=123 t1=28 m2=0/0 i2=-171 t2=28 steerMode=0/-40 iSteer=-23901 driveMode=0/37 iDrive=147145 scale=0 wheel=0
2026-07-07T15:22:48.350+00:00 CAN id=101 dlc=8 data=d8cf040000000000
2026-07-07T15:22:48.370+00:00 CAN id=101 dlc=8 data=d8cf040000000000
2026-07-07T15:22:48.391+00:00 CAN id=101 dlc=8 data=d8cf040000000000
2026-07-07T15:22:48.410+00:00 CAN id=101 dlc=8 data=d8cf040000000000
2026-07-07T15:22:48.430+00:00 CAN id=101 dlc=8 data=d8cf040000000000
2026-07-07T15:22:48.441+00:00 VCP run=1 step=0 angle=315703 target=315352 err=-351 steer=0 m1=0/0 i1=122 t1=28 m2=0/0 i2=-174 t2=28 steerMode=0/0 iSteer=-25870 driveMode=0/0 iDrive=147866 scale=0 wheel=0
2026-07-07T15:22:48.450+00:00 CAN id=101 dlc=8 data=d8cf040000000000
2026-07-07T15:22:48.470+00:00 CAN id=101 dlc=8 data=d8cf040000000000
2026-07-07T15:22:48.491+00:00 CAN id=101 dlc=8 data=d8cf040000000000
2026-07-07T15:22:48.511+00:00 CAN id=101 dlc=8 data=d8cf040000000000
2026-07-07T15:22:48.531+00:00 CAN id=101 dlc=8 data=d8cf040000000000
2026-07-07T15:22:48.550+00:00 CAN id=101 dlc=8 data=d8cf040000000000
2026-07-07T15:22:48.571+00:00 CAN id=101 dlc=8 data=d8cf040000000000
2026-07-07T15:22:48.591+00:00 CAN id=101 dlc=8 data=d8cf040000000000
2026-07-07T15:22:48.610+00:00 CAN id=101 dlc=8 data=d8cf040000000000
2026-07-07T15:22:48.630+00:00 CAN id=101 dlc=8 data=d8cf040000000000
2026-07-07T15:22:48.634+00:00 VCP run=1 step=0 angle=315703 target=315352 err=-351 steer=0 m1=0/0 i1=122 t1=28 m2=0/0 i2=-174 t2=28 steerMode=0/0 iSteer=-25891 driveMode=0/0 iDrive=147874 scale=0 wheel=0
2026-07-07T15:22:48.634+00:00 VCP run=1 step=0 angle=315703 target=315352 err=-351 steer=0 m1=0/0 i1=122 t1=28 m2=0/0 i2=-174 t2=28 steerMode=0/0 iSteer=-25891 driveMode=0/0 iDrive=147874 scale=0 wheel=0
2026-07-07T15:22:48.650+00:00 CAN id=101 dlc=8 data=d8cf040000000000
2026-07-07T15:22:48.671+00:00 CAN id=101 dlc=8 data=d8cf040000000000
2026-07-07T15:22:48.691+00:00 CAN id=101 dlc=8 data=d8cf040000000000
2026-07-07T15:22:48.711+00:00 CAN id=101 dlc=8 data=d8cf040000000000
2026-07-07T15:22:48.730+00:00 CAN id=101 dlc=8 data=d8cf040000000000
2026-07-07T15:22:48.738+00:00 VCP run=1 step=0 angle=315703 target=315352 err=-351 steer=0 m1=0/0 i1=122 t1=28 m2=0/0 i2=-174 t2=28 steerMode=0/0 iSteer=-25891 driveMode=0/0 iDrive=147874 scale=0 wheel=0
2026-07-07T15:22:48.738+00:00 VCP SET_TARGET_RX steer=315352 wheel=0
2026-07-07T15:22:48.750+00:00 CAN id=101 dlc=8 data=d8cf040000000000
2026-07-07T15:22:48.771+00:00 CAN id=101 dlc=8 data=d8cf040000000000
2026-07-07T15:22:48.791+00:00 CAN id=101 dlc=8 data=d8cf040000000000
2026-07-07T15:22:48.811+00:00 CAN id=101 dlc=8 data=d8cf040000000000
2026-07-07T15:22:48.831+00:00 CAN id=101 dlc=8 data=d8cf040000000000
2026-07-07T15:22:48.845+00:00 VCP run=1 step=0 angle=315703 target=315352 err=-351 steer=0 m1=0/0 i1=122 t1=28 m2=0/0 i2=-174 t2=28 steerMode=0/0 iSteer=-25891 driveMode=0/0 iDrive=147874 scale=0 wheel=0
2026-07-07T15:22:48.850+00:00 CAN id=101 dlc=8 data=d8cf040000000000
2026-07-07T15:22:48.871+00:00 CAN id=101 dlc=8 data=d8cf040000000000
2026-07-07T15:22:48.891+00:00 CAN id=101 dlc=8 data=d8cf040000000000
2026-07-07T15:22:48.910+00:00 CAN id=101 dlc=8 data=d8cf040000000000
2026-07-07T15:22:48.930+00:00 CAN id=101 dlc=8 data=d8cf040000000000
2026-07-07T15:22:48.950+00:00 CAN id=101 dlc=8 data=d8cf040000000000
2026-07-07T15:22:48.971+00:00 CAN id=101 dlc=8 data=d8cf040000000000
2026-07-07T15:22:48.991+00:00 CAN id=101 dlc=8 data=d8cf040000000000
2026-07-07T15:22:49.011+00:00 CAN id=101 dlc=8 data=d8cf040000000000
2026-07-07T15:22:49.031+00:00 CAN id=101 dlc=8 data=d8cf040000000000
2026-07-07T15:22:49.038+00:00 VCP run=1 step=0 angle=315703 target=315352 err=-351 steer=0 m1=0/0 i1=122 t1=28 m2=0/0 i2=-174 t2=28 steerMode=0/0 iSteer=-25891 driveMode=0/0 iDrive=147874 scale=0 wheel=0
2026-07-07T15:22:49.038+00:00 VCP run=1 step=0 angle=315703 target=315352 err=-351 steer=0 m1=0/0 i1=122 t1=28 m2=0/0 i2=-174 t2=28 steerMode=0/0 iSteer=-25891 driveMode=0/0 iDrive=147874 scale=0 wheel=0
2026-07-07T15:22:49.050+00:00 CAN id=101 dlc=8 data=d8cf040000000000
2026-07-07T15:22:49.070+00:00 CAN id=101 dlc=8 data=d8cf040000000000
2026-07-07T15:22:49.091+00:00 CAN id=101 dlc=8 data=d8cf040000000000
2026-07-07T15:22:49.111+00:00 CAN id=101 dlc=8 data=d8cf040000000000
2026-07-07T15:22:49.131+00:00 CAN id=101 dlc=8 data=d8cf040000000000
2026-07-07T15:22:49.145+00:00 VCP run=1 step=0 angle=315703 target=315352 err=-351 steer=0 m1=0/0 i1=122 t1=28 m2=0/0 i2=-174 t2=28 steerMode=0/0 iSteer=-25891 driveMode=0/0 iDrive=147874 scale=0 wheel=0
2026-07-07T15:22:49.150+00:00 CAN id=101 dlc=8 data=d8cf040000000000
2026-07-07T15:22:49.171+00:00 CAN id=101 dlc=8 data=d8cf040000000000
2026-07-07T15:22:49.191+00:00 CAN id=101 dlc=8 data=d8cf040000000000
2026-07-07T15:22:49.210+00:00 CAN id=101 dlc=8 data=d8cf040000000000
2026-07-07T15:22:49.230+00:00 BENCH disable sent
2026-07-07T15:22:49.230+00:00 CAN id=121 dlc=2 data=0100
2026-07-07T15:22:49.231+00:00 CAN id=121 dlc=2 data=0100
2026-07-07T15:22:49.345+00:00 VCP run=1 step=0 angle=315703 target=315352 err=-351 steer=0 m1=0/0 i1=122 t1=28 m2=0/0 i2=-174 t2=28 steerMode=0/0 iSteer=-25891 driveMode=0/0 iDrive=147874 scale=0 wheel=0
2026-07-07T15:22:49.345+00:00 VCP UNIT_CTRL enable=0
2026-07-07T15:22:49.345+00:00 VCP UNIT_CTRL enable=0
2026-07-07T15:22:49.345+00:00 VCP STOP: disabled
2026-07-07T15:22:49.631+00:00 BENCH log closed
