2026-07-07T15:28:05.927+00:00 BENCH log opened: firmware/logs/profile-reversal-cl4000.log
2026-07-07T15:28:05.927+00:00 BENCH profile: csv=firmware/logs/profile-reversal-fast.csv rows=6 rate=50.0Hz total_duration=11.5s
2026-07-07T15:28:05.928+00:00 BENCH enable sent
2026-07-07T15:28:05.928+00:00 BENCH step t=0.000s -> steer=315352mdeg wheel=0milli-rpm
2026-07-07T15:28:05.928+00:00 CAN id=121 dlc=2 data=0101
2026-07-07T15:28:05.928+00:00 CAN id=101 dlc=8 data=d8cf040000000000
2026-07-07T15:28:05.947+00:00 VCP NIT_CTRL enable=0
2026-07-07T15:28:05.947+00:00 VCP UNIT_CTRL enable=0
2026-07-07T15:28:05.947+00:00 VCP UNIT_CTRL enable=1
2026-07-07T15:28:05.947+00:00 VCP SET_TARGET_RX steer=315352 wheel=0
2026-07-07T15:28:05.947+00:00 VCP START_CAN: angle=315703 target=315352 wheelTarget=0
2026-07-07T15:28:05.948+00:00 CAN id=101 dlc=8 data=d8cf040000000000
2026-07-07T15:28:05.968+00:00 CAN id=101 dlc=8 data=d8cf040000000000
2026-07-07T15:28:05.988+00:00 CAN id=101 dlc=8 data=d8cf040000000000
2026-07-07T15:28:06.008+00:00 CAN id=101 dlc=8 data=d8cf040000000000
2026-07-07T15:28:06.028+00:00 CAN id=101 dlc=8 data=d8cf040000000000
2026-07-07T15:28:06.048+00:00 CAN id=101 dlc=8 data=d8cf040000000000
2026-07-07T15:28:06.068+00:00 CAN id=101 dlc=8 data=d8cf040000000000
2026-07-07T15:28:06.088+00:00 CAN id=101 dlc=8 data=d8cf040000000000
2026-07-07T15:28:06.108+00:00 CAN id=101 dlc=8 data=d8cf040000000000
2026-07-07T15:28:06.128+00:00 CAN id=101 dlc=8 data=d8cf040000000000
2026-07-07T15:28:06.137+00:00 VCP run=1 step=0 angle=315703 target=315352 err=-351 steer=0 m1=0/0 i1=0 t1=29 m2=0/0 i2=0 t2=28 steerMode=0/0 iSteer=0 driveMode=0/0 iDrive=0 scale=0 wheel=0
2026-07-07T15:28:06.137+00:00 VCP run=1 step=0 angle=315703 target=315352 err=-351 steer=0 m1=0/0 i1=0 t1=29 m2=0/0 i2=0 t2=28 steerMode=0/0 iSteer=0 driveMode=0/0 iDrive=0 scale=0 wheel=0
2026-07-07T15:28:06.148+00:00 CAN id=101 dlc=8 data=d8cf040000000000
2026-07-07T15:28:06.168+00:00 CAN id=101 dlc=8 data=d8cf040000000000
2026-07-07T15:28:06.188+00:00 CAN id=101 dlc=8 data=d8cf040000000000
2026-07-07T15:28:06.208+00:00 CAN id=101 dlc=8 data=d8cf040000000000
2026-07-07T15:28:06.228+00:00 CAN id=101 dlc=8 data=d8cf040000000000
2026-07-07T15:28:06.245+00:00 VCP run=1 step=0 angle=315703 target=315352 err=-351 steer=0 m1=0/0 i1=0 t1=29 m2=0/0 i2=0 t2=28 steerMode=0/0 iSteer=0 driveMode=0/0 iDrive=0 scale=0 wheel=0
2026-07-07T15:28:06.248+00:00 CAN id=101 dlc=8 data=d8cf040000000000
2026-07-07T15:28:06.268+00:00 CAN id=101 dlc=8 data=d8cf040000000000
2026-07-07T15:28:06.288+00:00 CAN id=101 dlc=8 data=d8cf040000000000
2026-07-07T15:28:06.308+00:00 CAN id=101 dlc=8 data=d8cf040000000000
2026-07-07T15:28:06.328+00:00 CAN id=101 dlc=8 data=d8cf040000000000
2026-07-07T15:28:06.348+00:00 CAN id=101 dlc=8 data=d8cf040000000000
2026-07-07T15:28:06.368+00:00 CAN id=101 dlc=8 data=d8cf040000000000
2026-07-07T15:28:06.388+00:00 CAN id=101 dlc=8 data=d8cf040000000000
2026-07-07T15:28:06.408+00:00 CAN id=101 dlc=8 data=d8cf040000000000
2026-07-07T15:28:06.428+00:00 CAN id=101 dlc=8 data=d8cf040000000000
2026-07-07T15:28:06.437+00:00 VCP run=1 step=0 angle=315615 target=315352 err=-263 steer=0 m1=0/0 i1=0 t1=29 m2=0/0 i2=0 t2=28 steerMode=0/0 iSteer=0 driveMode=0/0 iDrive=0 scale=0 wheel=0
2026-07-07T15:28:06.438+00:00 VCP run=1 step=0 angle=315703 target=315352 err=-351 steer=0 m1=0/0 i1=0 t1=29 m2=0/0 i2=0 t2=28 steerMode=0/0 iSteer=0 driveMode=0/0 iDrive=0 scale=0 wheel=0
2026-07-07T15:28:06.438+00:00 VCP SET_TARGET_RX steer=315352 wheel=0
2026-07-07T15:28:06.448+00:00 CAN id=101 dlc=8 data=d8cf040000000000
2026-07-07T15:28:06.468+00:00 CAN id=101 dlc=8 data=d8cf040000000000
2026-07-07T15:28:06.488+00:00 CAN id=101 dlc=8 data=d8cf040000000000
2026-07-07T15:28:06.508+00:00 CAN id=101 dlc=8 data=d8cf040000000000
2026-07-07T15:28:06.528+00:00 CAN id=101 dlc=8 data=d8cf040000000000
2026-07-07T15:28:06.548+00:00 CAN id=101 dlc=8 data=d8cf040000000000
2026-07-07T15:28:06.568+00:00 CAN id=101 dlc=8 data=d8cf040000000000
2026-07-07T15:28:06.588+00:00 CAN id=101 dlc=8 data=d8cf040000000000
2026-07-07T15:28:06.608+00:00 CAN id=101 dlc=8 data=d8cf040000000000
2026-07-07T15:28:06.628+00:00 CAN id=101 dlc=8 data=d8cf040000000000
2026-07-07T15:28:06.633+00:00 VCP run=1 step=0 angle=315615 target=315352 err=-263 steer=0 m1=0/0 i1=0 t1=29 m2=0/0 i2=0 t2=28 steerMode=0/0 iSteer=0 driveMode=0/0 iDrive=0 scale=0 wheel=0
2026-07-07T15:28:06.633+00:00 VCP run=1 step=0 angle=315703 target=315352 err=-351 steer=0 m1=0/0 i1=0 t1=29 m2=0/0 i2=0 t2=28 steerMode=0/0 iSteer=0 driveMode=0/0 iDrive=0 scale=0 wheel=0
2026-07-07T15:28:06.648+00:00 CAN id=101 dlc=8 data=d8cf040000000000
2026-07-07T15:28:06.668+00:00 CAN id=101 dlc=8 data=d8cf040000000000
2026-07-07T15:28:06.688+00:00 CAN id=101 dlc=8 data=d8cf040000000000
2026-07-07T15:28:06.708+00:00 CAN id=101 dlc=8 data=d8cf040000000000
2026-07-07T15:28:06.728+00:00 CAN id=101 dlc=8 data=d8cf040000000000
2026-07-07T15:28:06.741+00:00 VCP run=1 step=0 angle=315703 target=315352 err=-351 steer=0 m1=0/0 i1=0 t1=29 m2=0/0 i2=0 t2=28 steerMode=0/0 iSteer=0 driveMode=0/0 iDrive=0 scale=0 wheel=0
2026-07-07T15:28:06.748+00:00 CAN id=101 dlc=8 data=d8cf040000000000
2026-07-07T15:28:06.768+00:00 CAN id=101 dlc=8 data=d8cf040000000000
2026-07-07T15:28:06.788+00:00 CAN id=101 dlc=8 data=d8cf040000000000
2026-07-07T15:28:06.808+00:00 CAN id=101 dlc=8 data=d8cf040000000000
2026-07-07T15:28:06.828+00:00 CAN id=101 dlc=8 data=d8cf040000000000
2026-07-07T15:28:06.848+00:00 CAN id=101 dlc=8 data=d8cf040000000000
2026-07-07T15:28:06.868+00:00 CAN id=101 dlc=8 data=d8cf040000000000
2026-07-07T15:28:06.888+00:00 CAN id=101 dlc=8 data=d8cf040000000000
2026-07-07T15:28:06.908+00:00 CAN id=101 dlc=8 data=d8cf040000000000
2026-07-07T15:28:06.928+00:00 BENCH step t=1.000s -> steer=315352mdeg wheel=500000milli-rpm
2026-07-07T15:28:06.928+00:00 CAN id=101 dlc=8 data=d8cf040020a10700
2026-07-07T15:28:06.933+00:00 VCP run=1 step=0 angle=315615 target=315352 err=-263 steer=0 m1=0/0 i1=0 t1=29 m2=0/0 i2=0 t2=28 steerMode=0/0 iSteer=0 driveMode=0/0 iDrive=0 scale=0 wheel=0
2026-07-07T15:28:06.933+00:00 VCP run=1 step=0 angle=315703 target=315352 err=-351 steer=0 m1=0/0 i1=0 t1=29 m2=0/0 i2=0 t2=28 steerMode=0/0 iSteer=0 driveMode=0/0 iDrive=0 scale=0 wheel=0
2026-07-07T15:28:06.933+00:00 VCP SET_TARGET_RX steer=315352 wheel=500000
2026-07-07T15:28:06.948+00:00 CAN id=101 dlc=8 data=d8cf040020a10700
2026-07-07T15:28:06.968+00:00 CAN id=101 dlc=8 data=d8cf040020a10700
2026-07-07T15:28:06.988+00:00 CAN id=101 dlc=8 data=d8cf040020a10700
2026-07-07T15:28:07.008+00:00 CAN id=101 dlc=8 data=d8cf040020a10700
2026-07-07T15:28:07.028+00:00 CAN id=101 dlc=8 data=d8cf040020a10700
2026-07-07T15:28:07.039+00:00 VCP run=1 step=0 angle=315703 target=315352 err=-351 steer=0 m1=0/6875 i1=207 t1=29 m2=0/-6875 i2=-207 t2=28 steerMode=0/0 iSteer=0 driveMode=6875/0 iDrive=206828 scale=0 wheel=20000
2026-07-07T15:28:07.048+00:00 CAN id=101 dlc=8 data=d8cf040020a10700
2026-07-07T15:28:07.068+00:00 CAN id=101 dlc=8 data=d8cf040020a10700
2026-07-07T15:28:07.088+00:00 CAN id=101 dlc=8 data=d8cf040020a10700
2026-07-07T15:28:07.108+00:00 CAN id=101 dlc=8 data=d8cf040020a10700
2026-07-07T15:28:07.128+00:00 CAN id=101 dlc=8 data=d8cf040020a10700
2026-07-07T15:28:07.144+00:00 VCP run=1 step=0 angle=315527 target=315352 err=-175 steer=0 m1=1433/137500 i1=2843 t1=29 m2=-1407/-137500 i2=-2909 t2=28 steerMode=0/633 iSteer=-32910 driveMode=137500/50889 iDrive=2875792 scale=0 wheel=400000
2026-07-07T15:28:07.148+00:00 CAN id=101 dlc=8 data=d8cf040020a10700
2026-07-07T15:28:07.168+00:00 CAN id=101 dlc=8 data=d8cf040020a10700
2026-07-07T15:28:07.188+00:00 CAN id=101 dlc=8 data=d8cf040020a10700
2026-07-07T15:28:07.208+00:00 CAN id=101 dlc=8 data=d8cf040020a10700
2026-07-07T15:28:07.228+00:00 CAN id=101 dlc=8 data=d8cf040020a10700
2026-07-07T15:28:07.248+00:00 CAN id=101 dlc=8 data=d8cf040020a10700
2026-07-07T15:28:07.248+00:00 VCP run=1 step=0 angle=315439 target=315352 err=-87 steer=0 m1=3172/171875 i1=883 t1=29 m2=-3217/-171875 i2=-704 t2=28 steerMode=0/-1775 iSteer=89292 driveMode=171875/158072 iDrive=793274 scale=0 wheel=500000
2026-07-07T15:28:07.268+00:00 CAN id=101 dlc=8 data=d8cf040020a10700
2026-07-07T15:28:07.288+00:00 CAN id=101 dlc=8 data=d8cf040020a10700
2026-07-07T15:28:07.308+00:00 CAN id=101 dlc=8 data=d8cf040020a10700
2026-07-07T15:28:07.328+00:00 CAN id=101 dlc=8 data=d8cf040020a10700
2026-07-07T15:28:07.348+00:00 CAN id=101 dlc=8 data=d8cf040020a10700
2026-07-07T15:28:07.368+00:00 CAN id=101 dlc=8 data=d8cf040020a10700
2026-07-07T15:28:07.388+00:00 CAN id=101 dlc=8 data=d8cf040020a10700
2026-07-07T15:28:07.408+00:00 CAN id=101 dlc=8 data=d8cf040020a10700
2026-07-07T15:28:07.428+00:00 CAN id=101 dlc=8 data=d8cf040020a10700
2026-07-07T15:28:07.430+00:00 VCP run=1 step=0 angle=315439 target=315352 err=-87 steer=0 m1=3415/171875 i1=109 t1=29 m2=-3370/-171875 i2=-236 t2=28 steerMode=0/1264 iSteer=-63154 driveMode=171875/178749 iDrive=172395 scale=0 wheel=500000
2026-07-07T15:28:07.430+00:00 VCP run=1 step=0 angle=315703 target=315352 err=-351 steer=0 m1=3367/171875 i1=212 t1=29 m2=-3428/-171875 i2=-110 t2=28 steerMode=0/-1094 iSteer=51292 driveMode=171875/178708 iDrive=160877 scale=0 wheel=500000
2026-07-07T15:28:07.448+00:00 CAN id=101 dlc=8 data=d8cf040020a10700
2026-07-07T15:28:07.468+00:00 CAN id=101 dlc=8 data=d8cf040020a10700
2026-07-07T15:28:07.488+00:00 CAN id=101 dlc=8 data=d8cf040020a10700
2026-07-07T15:28:07.508+00:00 CAN id=101 dlc=8 data=d8cf040020a10700
2026-07-07T15:28:07.528+00:00 CAN id=101 dlc=8 data=d8cf040020a10700
2026-07-07T15:28:07.535+00:00 VCP SET_TARGET_RX steer=315352 wheel=500000
2026-07-07T15:28:07.535+00:00 VCP run=1 step=0 angle=315264 target=315352 err=88 steer=0 m1=3371/171875 i1=125 t1=29 m2=-3363/-171875 i2=-245 t2=28 steerMode=0/1114 iSteer=-59872 driveMode=171875/177506 iDrive=185035 scale=0 wheel=500000
2026-07-07T15:28:07.548+00:00 CAN id=101 dlc=8 data=d8cf040020a10700
2026-07-07T15:28:07.568+00:00 CAN id=101 dlc=8 data=d8cf040020a10700
2026-07-07T15:28:07.588+00:00 CAN id=101 dlc=8 data=d8cf040020a10700
2026-07-07T15:28:07.608+00:00 CAN id=101 dlc=8 data=d8cf040020a10700
2026-07-07T15:28:07.628+00:00 CAN id=101 dlc=8 data=d8cf040020a10700
2026-07-07T15:28:07.640+00:00 VCP run=1 step=0 angle=315791 target=315352 err=-439 steer=0 m1=3350/171875 i1=211 t1=29 m2=-3359/-171875 i2=-209 t2=28 steerMode=0/-158 iSteer=725 driveMode=171875/176379 iDrive=210127 scale=0 wheel=500000
2026-07-07T15:28:07.648+00:00 CAN id=101 dlc=8 data=d8cf040020a10700
2026-07-07T15:28:07.668+00:00 CAN id=101 dlc=8 data=d8cf040020a10700
2026-07-07T15:28:07.688+00:00 CAN id=101 dlc=8 data=d8cf040020a10700
2026-07-07T15:28:07.708+00:00 CAN id=101 dlc=8 data=d8cf040020a10700
2026-07-07T15:28:07.728+00:00 CAN id=101 dlc=8 data=d8cf040020a10700
2026-07-07T15:28:07.743+00:00 VCP run=1 step=0 angle=316055 target=315352 err=-703 steer=-351 m1=3331/169943 i1=142 t1=29 m2=-3416/-173807 i2=-216 t2=28 steerMode=-1932/-1412 iSteer=-36634 driveMode=171875/177123 iDrive=178958 scale=0 wheel=500000
2026-07-07T15:28:07.748+00:00 CAN id=101 dlc=8 data=d8cf040020a10700
2026-07-07T15:28:07.768+00:00 CAN id=101 dlc=8 data=d8cf040020a10700
2026-07-07T15:28:07.788+00:00 CAN id=101 dlc=8 data=d8cf040020a10700
2026-07-07T15:28:07.808+00:00 CAN id=101 dlc=8 data=d8cf040020a10700
2026-07-07T15:28:07.828+00:00 CAN id=101 dlc=8 data=d8cf040020a10700
2026-07-07T15:28:07.847+00:00 VCP run=1 step=0 angle=315615 target=315352 err=-263 steer=0 m1=3390/171875 i1=128 t1=29 m2=-3321/-171875 i2=-229 t2=28 steerMode=0/826 iSteer=-50297 driveMode=171875/176804 iDrive=178577 scale=0 wheel=500000
2026-07-07T15:28:07.848+00:00 CAN id=101 dlc=8 data=d8cf040020a10700
2026-07-07T15:28:07.868+00:00 CAN id=101 dlc=8 data=d8cf040020a10700
2026-07-07T15:28:07.888+00:00 CAN id=101 dlc=8 data=d8cf040020a10700
2026-07-07T15:28:07.908+00:00 CAN id=101 dlc=8 data=d8cf040020a10700
2026-07-07T15:28:07.928+00:00 CAN id=101 dlc=8 data=d8cf040020a10700
2026-07-07T15:28:07.948+00:00 CAN id=101 dlc=8 data=d8cf040020a10700
2026-07-07T15:28:07.948+00:00 VCP run=1 step=0 angle=315527 target=315352 err=-175 steer=0 m1=3339/171875 i1=173 t1=29 m2=-3376/-171875 i2=-223 t2=28 steerMode=0/258 iSteer=-24691 driveMode=171875/175908 iDrive=197862 scale=0 wheel=500000
2026-07-07T15:28:07.948+00:00 VCP SET_TARGET_RX steer=315352 wheel=500000
2026-07-07T15:28:07.968+00:00 CAN id=101 dlc=8 data=d8cf040020a10700
2026-07-07T15:28:07.988+00:00 CAN id=101 dlc=8 data=d8cf040020a10700
2026-07-07T15:28:08.008+00:00 CAN id=101 dlc=8 data=d8cf040020a10700
2026-07-07T15:28:08.028+00:00 CAN id=101 dlc=8 data=d8cf040020a10700
2026-07-07T15:28:08.048+00:00 CAN id=101 dlc=8 data=d8cf040020a10700
2026-07-07T15:28:08.068+00:00 CAN id=101 dlc=8 data=d8cf040020a10700
2026-07-07T15:28:08.088+00:00 CAN id=101 dlc=8 data=d8cf040020a10700
2026-07-07T15:28:08.108+00:00 CAN id=101 dlc=8 data=d8cf040020a10700
2026-07-07T15:28:08.128+00:00 CAN id=101 dlc=8 data=d8cf040020a10700
2026-07-07T15:28:08.134+00:00 VCP run=1 step=0 angle=315791 target=315352 err=-439 steer=0 m1=3350/171875 i1=144 t1=29 m2=-3321/-171875 i2=-246 t2=28 steerMode=0/765 iSteer=-50916 driveMode=171875/175747 iDrive=195223 scale=0 wheel=500000
2026-07-07T15:28:08.135+00:00 VCP run=1 step=0 angle=315791 target=315352 err=-439 steer=0 m1=3329/171875 i1=252 t1=29 m2=-3403/-171875 i2=-74 t2=28 steerMode=0/-2096 iSteer=88847 driveMode=171875/176561 iDrive=163088 scale=0 wheel=500000
2026-07-07T15:28:08.148+00:00 CAN id=101 dlc=8 data=d8cf040020a10700
2026-07-07T15:28:08.168+00:00 CAN id=101 dlc=8 data=d8cf040020a10700
2026-07-07T15:28:08.188+00:00 CAN id=101 dlc=8 data=d8cf040020a10700
2026-07-07T15:28:08.208+00:00 CAN id=101 dlc=8 data=d8cf040020a10700
2026-07-07T15:28:08.228+00:00 CAN id=101 dlc=8 data=d8cf040020a10700
2026-07-07T15:28:08.239+00:00 VCP run=1 step=0 angle=314912 target=315352 err=440 steer=0 m1=3325/171875 i1=143 t1=29 m2=-3336/-171875 i2=-249 t2=28 steerMode=0/750 iSteer=-53124 driveMode=171875/175208 iDrive=196115 scale=0 wheel=500000
2026-07-07T15:28:08.248+00:00 CAN id=101 dlc=8 data=d8cf040020a10700
2026-07-07T15:28:08.268+00:00 CAN id=101 dlc=8 data=d8cf040020a10700
2026-07-07T15:28:08.288+00:00 CAN id=101 dlc=8 data=d8cf040020a10700
2026-07-07T15:28:08.308+00:00 CAN id=101 dlc=8 data=d8cf040020a10700
2026-07-07T15:28:08.328+00:00 CAN id=101 dlc=8 data=d8cf040020a10700
2026-07-07T15:28:08.343+00:00 VCP run=1 step=0 angle=315352 target=315352 err=0 steer=0 m1=3325/171875 i1=172 t1=29 m2=-3301/-171875 i2=-239 t2=28 steerMode=0/332 iSteer=-33527 driveMode=171875/174698 iDrive=205965 scale=0 wheel=500000
2026-07-07T15:28:08.348+00:00 CAN id=101 dlc=8 data=d8cf040020a10700
2026-07-07T15:28:08.368+00:00 CAN id=101 dlc=8 data=d8cf040020a10700
2026-07-07T15:28:08.388+00:00 CAN id=101 dlc=8 data=d8cf040020a10700
2026-07-07T15:28:08.408+00:00 CAN id=101 dlc=8 data=d8cf040020a10700
2026-07-07T15:28:08.428+00:00 CAN id=101 dlc=8 data=d8cf040020a10700
2026-07-07T15:28:08.444+00:00 VCP run=1 step=0 angle=315703 target=315352 err=-351 steer=0 m1=3320/171875 i1=164 t1=29 m2=-3338/-171875 i2=-195 t2=28 steerMode=0/-62 iSteer=-15324 driveMode=171875/175397 iDrive=179397 scale=0 wheel=500000
2026-07-07T15:28:08.444+00:00 VCP SET_TARGET_RX steer=315352 wheel=500000
2026-07-07T15:28:08.448+00:00 CAN id=101 dlc=8 data=d8cf040020a10700
2026-07-07T15:28:08.468+00:00 CAN id=101 dlc=8 data=d8cf040020a10700
2026-07-07T15:28:08.488+00:00 CAN id=101 dlc=8 data=d8cf040020a10700
2026-07-07T15:28:08.508+00:00 CAN id=101 dlc=8 data=d8cf040020a10700
2026-07-07T15:28:08.528+00:00 CAN id=101 dlc=8 data=d8cf040020a10700
2026-07-07T15:28:08.548+00:00 CAN id=101 dlc=8 data=d8cf040020a10700
2026-07-07T15:28:08.549+00:00 VCP run=1 step=0 angle=315615 target=315352 err=-263 steer=0 m1=3327/171875 i1=130 t1=29 m2=-3284/-171875 i2=-247 t2=28 steerMode=0/785 iSteer=-58188 driveMode=171875/174865 iDrive=188355 scale=0 wheel=500000
2026-07-07T15:28:08.568+00:00 CAN id=101 dlc=8 data=d8cf040020a10700
2026-07-07T15:28:08.588+00:00 CAN id=101 dlc=8 data=d8cf040020a10700
2026-07-07T15:28:08.608+00:00 CAN id=101 dlc=8 data=d8cf040020a10700
2026-07-07T15:28:08.628+00:00 CAN id=101 dlc=8 data=d8cf040020a10700
2026-07-07T15:28:08.648+00:00 CAN id=101 dlc=8 data=d8cf040020a10700
2026-07-07T15:28:08.668+00:00 CAN id=101 dlc=8 data=d8cf040020a10700
2026-07-07T15:28:08.688+00:00 CAN id=101 dlc=8 data=d8cf040020a10700
2026-07-07T15:28:08.708+00:00 CAN id=101 dlc=8 data=d8cf040020a10700
2026-07-07T15:28:08.728+00:00 CAN id=101 dlc=8 data=d8cf040020a10700
2026-07-07T15:28:08.734+00:00 VCP run=1 step=0 angle=315615 target=315352 err=-263 steer=0 m1=3316/171875 i1=182 t1=29 m2=-3303/-171875 i2=-242 t2=28 steerMode=0/183 iSteer=-29907 driveMode=171875/173959 iDrive=211802 scale=0 wheel=500000
2026-07-07T15:28:08.734+00:00 VCP run=1 step=0 angle=315879 target=315352 err=-527 steer=-150 m1=3312/171050 i1=165 t1=29 m2=-3324/-172700 i2=-204 t2=28 steerMode=-825/-883 iSteer=-19506 driveMode=171875/174712 iDrive=184572 scale=0 wheel=500000
2026-07-07T15:28:08.748+00:00 CAN id=101 dlc=8 data=d8cf040020a10700
2026-07-07T15:28:08.768+00:00 CAN id=101 dlc=8 data=d8cf040020a10700
2026-07-07T15:28:08.788+00:00 CAN id=101 dlc=8 data=d8cf040020a10700
2026-07-07T15:28:08.808+00:00 CAN id=101 dlc=8 data=d8cf040020a10700
2026-07-07T15:28:08.828+00:00 CAN id=101 dlc=8 data=d8cf040020a10700
2026-07-07T15:28:08.839+00:00 VCP run=1 step=0 angle=315615 target=315352 err=-263 steer=0 m1=3335/171875 i1=147 t1=29 m2=-3326/-171875 i2=-177 t2=28 steerMode=0/-148 iSteer=-15038 driveMode=171875/175285 iDrive=161543 scale=0 wheel=500000
2026-07-07T15:28:08.848+00:00 CAN id=101 dlc=8 data=d8cf040020a10700
2026-07-07T15:28:08.868+00:00 CAN id=101 dlc=8 data=d8cf040020a10700
2026-07-07T15:28:08.888+00:00 CAN id=101 dlc=8 data=d8cf040020a10700
2026-07-07T15:28:08.908+00:00 CAN id=101 dlc=8 data=d8cf040020a10700
2026-07-07T15:28:08.928+00:00 CAN id=101 dlc=8 data=d8cf040020a10700
2026-07-07T15:28:08.940+00:00 VCP run=1 step=0 angle=315352 target=315352 err=0 steer=0 m1=3306/171875 i1=155 t1=29 m2=-3261/-171875 i2=-241 t2=28 steerMode=0/386 iSteer=-43085 driveMode=171875/173913 iDrive=197736 scale=0 wheel=500000
2026-07-07T15:28:08.940+00:00 VCP SET_TARGET_RX steer=315352 wheel=500000
2026-07-07T15:28:08.948+00:00 CAN id=101 dlc=8 data=d8cf040020a10700
2026-07-07T15:28:08.968+00:00 CAN id=101 dlc=8 data=d8cf040020a10700
2026-07-07T15:28:08.988+00:00 CAN id=101 dlc=8 data=d8cf040020a10700
2026-07-07T15:28:09.008+00:00 CAN id=101 dlc=8 data=d8cf040020a10700
2026-07-07T15:28:09.028+00:00 CAN id=101 dlc=8 data=d8cf040020a10700
2026-07-07T15:28:09.044+00:00 VCP run=1 step=0 angle=315791 target=315352 err=-439 steer=0 m1=3291/171875 i1=181 t1=29 m2=-3259/-171875 i2=-259 t2=28 steerMode=0/275 iSteer=-38873 driveMode=171875/173061 iDrive=220159 scale=0 wheel=500000
2026-07-07T15:28:09.048+00:00 CAN id=101 dlc=8 data=d8cf040020a10700
2026-07-07T15:28:09.068+00:00 CAN id=101 dlc=8 data=d8cf040020a10700
2026-07-07T15:28:09.088+00:00 CAN id=101 dlc=8 data=d8cf040020a10700
2026-07-07T15:28:09.108+00:00 CAN id=101 dlc=8 data=d8cf040020a10700
2026-07-07T15:28:09.128+00:00 CAN id=101 dlc=8 data=d8cf040020a10700
2026-07-07T15:28:09.147+00:00 VCP run=1 step=0 angle=315967 target=315352 err=-615 steer=-307 m1=3297/170184 i1=106 t1=29 m2=-3347/-173566 i2=-238 t2=28 steerMode=-1691/-915 iSteer=-65698 driveMode=171875/174544 iDrive=172164 scale=0 wheel=500000
2026-07-07T15:28:09.148+00:00 CAN id=101 dlc=8 data=d8cf040020a10700
2026-07-07T15:28:09.168+00:00 CAN id=101 dlc=8 data=d8cf040020a10700
2026-07-07T15:28:09.188+00:00 CAN id=101 dlc=8 data=d8cf040020a10700
2026-07-07T15:28:09.208+00:00 CAN id=101 dlc=8 data=d8cf040020a10700
2026-07-07T15:28:09.228+00:00 CAN id=101 dlc=8 data=d8cf040020a10700
2026-07-07T15:28:09.248+00:00 CAN id=101 dlc=8 data=d8cf040020a10700
2026-07-07T15:28:09.268+00:00 CAN id=101 dlc=8 data=d8cf040020a10700
2026-07-07T15:28:09.288+00:00 CAN id=101 dlc=8 data=d8cf040020a10700
2026-07-07T15:28:09.308+00:00 CAN id=101 dlc=8 data=d8cf040020a10700
2026-07-07T15:28:09.328+00:00 CAN id=101 dlc=8 data=d8cf040020a10700
2026-07-07T15:28:09.334+00:00 VCP run=1 step=0 angle=315176 target=315352 err=176 steer=0 m1=3300/171875 i1=135 t1=29 m2=-3267/-171875 i2=-247 t2=28 steerMode=0/632 iSteer=-56254 driveMode=171875/173760 iDrive=190765 scale=0 wheel=500000
2026-07-07T15:28:09.334+00:00 VCP run=1 step=0 angle=315088 target=315352 err=264 steer=0 m1=3281/171875 i1=176 t1=29 m2=-3317/-171875 i2=-238 t2=28 steerMode=0/98 iSteer=-31027 driveMode=171875/173138 iDrive=207455 scale=0 wheel=500000
2026-07-07T15:28:09.348+00:00 CAN id=101 dlc=8 data=d8cf040020a10700
2026-07-07T15:28:09.368+00:00 CAN id=101 dlc=8 data=d8cf040020a10700
2026-07-07T15:28:09.388+00:00 CAN id=101 dlc=8 data=d8cf040020a10700
2026-07-07T15:28:09.408+00:00 CAN id=101 dlc=8 data=d8cf040020a10700
2026-07-07T15:28:09.428+00:00 CAN id=101 dlc=8 data=d8cf040020a10700
2026-07-07T15:28:09.435+00:00 VCP run=1 step=0 angle=315527 target=315352 err=-175 steer=0 m1=3304/171875 i1=147 t1=29 m2=-3311/-171875 i2=-216 t2=28 steerMode=0/167 iSteer=-34761 driveMode=171875/173900 iDrive=181496 scale=0 wheel=500000
2026-07-07T15:28:09.435+00:00 VCP SET_TARGET_RX steer=315352 wheel=500000
2026-07-07T15:28:09.448+00:00 CAN id=101 dlc=8 data=d8cf040020a10700
2026-07-07T15:28:09.468+00:00 CAN id=101 dlc=8 data=d8cf040020a10700
2026-07-07T15:28:09.488+00:00 CAN id=101 dlc=8 data=d8cf040020a10700
2026-07-07T15:28:09.508+00:00 CAN id=101 dlc=8 data=d8cf040020a10700
2026-07-07T15:28:09.528+00:00 CAN id=101 dlc=8 data=d8cf040020a10700
2026-07-07T15:28:09.539+00:00 VCP run=1 step=0 angle=315527 target=315352 err=-175 steer=0 m1=3316/171875 i1=149 t1=29 m2=-3290/-171875 i2=-188 t2=28 steerMode=0/-142 iSteer=-19119 driveMode=171875/174188 iDrive=168491 scale=0 wheel=500000
2026-07-07T15:28:09.548+00:00 CAN id=101 dlc=8 data=d8cf040020a10700
2026-07-07T15:28:09.568+00:00 CAN id=101 dlc=8 data=d8cf040020a10700
2026-07-07T15:28:09.588+00:00 CAN id=101 dlc=8 data=d8cf040020a10700
2026-07-07T15:28:09.608+00:00 CAN id=101 dlc=8 data=d8cf040020a10700
2026-07-07T15:28:09.628+00:00 CAN id=101 dlc=8 data=d8cf040020a10700
2026-07-07T15:28:09.643+00:00 VCP run=1 step=0 angle=315088 target=315352 err=264 steer=0 m1=3272/171875 i1=180 t1=29 m2=-3282/-171875 i2=-253 t2=28 steerMode=0/177 iSteer=-36408 driveMode=171875/172504 iDrive=216571 scale=0 wheel=500000
2026-07-07T15:28:09.648+00:00 CAN id=101 dlc=8 data=d8cf040020a10700
2026-07-07T15:28:09.668+00:00 CAN id=101 dlc=8 data=d8cf040020a10700
2026-07-07T15:28:09.688+00:00 CAN id=101 dlc=8 data=d8cf040020a10700
2026-07-07T15:28:09.708+00:00 CAN id=101 dlc=8 data=d8cf040020a10700
2026-07-07T15:28:09.728+00:00 CAN id=101 dlc=8 data=d8cf040020a10700
2026-07-07T15:28:09.748+00:00 VCP run=1 step=0 angle=315703 target=315352 err=-351 steer=0 m1=3279/171875 i1=167 t1=29 m2=-3244/-171875 i2=-258 t2=28 steerMode=0/355 iSteer=-45410 driveMode=171875/172578 iDrive=212689 scale=0 wheel=500000
2026-07-07T15:28:09.748+00:00 CAN id=101 dlc=8 data=d8cf040020a10700
2026-07-07T15:28:09.768+00:00 CAN id=101 dlc=8 data=d8cf040020a10700
2026-07-07T15:28:09.788+00:00 CAN id=101 dlc=8 data=d8cf040020a10700
2026-07-07T15:28:09.808+00:00 CAN id=101 dlc=8 data=d8cf040020a10700
2026-07-07T15:28:09.828+00:00 CAN id=101 dlc=8 data=d8cf040020a10700
2026-07-07T15:28:09.848+00:00 CAN id=101 dlc=8 data=d8cf040020a10700
2026-07-07T15:28:09.868+00:00 CAN id=101 dlc=8 data=d8cf040020a10700
2026-07-07T15:28:09.888+00:00 CAN id=101 dlc=8 data=d8cf040020a10700
2026-07-07T15:28:09.908+00:00 CAN id=101 dlc=8 data=d8cf040020a10700
2026-07-07T15:28:09.928+00:00 BENCH step t=4.000s -> steer=315352mdeg wheel=-500000milli-rpm
2026-07-07T15:28:09.928+00:00 CAN id=101 dlc=8 data=d8cf0400e05ef8ff
2026-07-07T15:28:09.931+00:00 VCP run=1 step=0 angle=315615 target=315352 err=-263 steer=0 m1=3291/171875 i1=143 t1=29 m2=-3313/-171875 i2=-205 t2=28 steerMode=0/46 iSteer=-30898 driveMode=171875/173783 iDrive=173924 scale=0 wheel=500000
2026-07-07T15:28:09.931+00:00 VCP run=1 step=0 angle=315439 target=315352 err=-87 steer=0 m1=3297/171875 i1=135 t1=29 m2=-3259/-171875 i2=-253 t2=28 steerMode=0/594 iSteer=-58913 driveMode=171875/173004 iDrive=194112 scale=0 wheel=500000
2026-07-07T15:28:09.948+00:00 CAN id=101 dlc=8 data=d8cf0400e05ef8ff
2026-07-07T15:28:09.968+00:00 CAN id=101 dlc=8 data=d8cf0400e05ef8ff
2026-07-07T15:28:09.988+00:00 CAN id=101 dlc=8 data=d8cf0400e05ef8ff
2026-07-07T15:28:10.008+00:00 CAN id=101 dlc=8 data=d8cf0400e05ef8ff
2026-07-07T15:28:10.028+00:00 CAN id=101 dlc=8 data=d8cf0400e05ef8ff
2026-07-07T15:28:10.035+00:00 VCP SET_TARGET_RX steer=315352 wheel=-500000
2026-07-07T15:28:10.035+00:00 VCP run=1 step=0 angle=315615 target=315352 err=-263 steer=0 m1=3272/167750 i1=56 t1=29 m2=-3284/-167750 i2=-126 t2=28 steerMode=0/101 iSteer=-35204 driveMode=167750/172290 iDrive=91037 scale=0 wheel=488000
2026-07-07T15:28:10.048+00:00 CAN id=101 dlc=8 data=d8cf0400e05ef8ff
2026-07-07T15:28:10.068+00:00 CAN id=101 dlc=8 data=d8cf0400e05ef8ff
2026-07-07T15:28:10.088+00:00 CAN id=101 dlc=8 data=d8cf0400e05ef8ff
2026-07-07T15:28:10.108+00:00 CAN id=101 dlc=8 data=d8cf0400e05ef8ff
2026-07-07T15:28:10.128+00:00 CAN id=101 dlc=8 data=d8cf0400e05ef8ff
2026-07-07T15:28:10.139+00:00 VCP run=1 step=0 angle=315879 target=315352 err=-527 steer=-263 m1=1816/39801 i1=-2252 t1=29 m2=-1890/-42699 i2=2140 t2=28 steerMode=-1449/-982 iSteer=-56014 driveMode=41250/121126 iDrive=-2196272 scale=0 wheel=120000
2026-07-07T15:28:10.148+00:00 CAN id=101 dlc=8 data=d8cf0400e05ef8ff
2026-07-07T15:28:10.168+00:00 CAN id=101 dlc=8 data=d8cf0400e05ef8ff
2026-07-07T15:28:10.188+00:00 CAN id=101 dlc=8 data=d8cf0400e05ef8ff
2026-07-07T15:28:10.208+00:00 CAN id=101 dlc=8 data=d8cf0400e05ef8ff
2026-07-07T15:28:10.228+00:00 CAN id=101 dlc=8 data=d8cf0400e05ef8ff
2026-07-07T15:28:10.243+00:00 VCP run=1 step=0 angle=315791 target=315352 err=-439 steer=0 m1=-888/-85250 i1=-2250 t1=29 m2=826/85250 i2=2410 t2=28 steerMode=0/-2255 iSteer=79975 driveMode=-85250/-17117 iDrive=-2329740 scale=0 wheel=-248000
2026-07-07T15:28:10.248+00:00 CAN id=101 dlc=8 data=d8cf0400e05ef8ff
2026-07-07T15:28:10.268+00:00 CAN id=101 dlc=8 data=d8cf0400e05ef8ff
2026-07-07T15:28:10.288+00:00 CAN id=101 dlc=8 data=d8cf0400e05ef8ff
2026-07-07T15:28:10.308+00:00 CAN id=101 dlc=8 data=d8cf0400e05ef8ff
2026-07-07T15:28:10.328+00:00 CAN id=101 dlc=8 data=d8cf0400e05ef8ff
2026-07-07T15:28:10.347+00:00 VCP run=1 step=0 angle=315352 target=315352 err=0 steer=0 m1=-3102/-171875 i1=-1316 t1=29 m2=3092/171875 i2=1282 t2=28 steerMode=0/-266 iSteer=-17057 driveMode=-171875/-141798 iDrive=-1298976 scale=0 wheel=-500000
2026-07-07T15:28:10.348+00:00 CAN id=101 dlc=8 data=d8cf0400e05ef8ff
2026-07-07T15:28:10.368+00:00 CAN id=101 dlc=8 data=d8cf0400e05ef8ff
2026-07-07T15:28:10.388+00:00 CAN id=101 dlc=8 data=d8cf0400e05ef8ff
2026-07-07T15:28:10.408+00:00 CAN id=101 dlc=8 data=d8cf0400e05ef8ff
2026-07-07T15:28:10.428+00:00 CAN id=101 dlc=8 data=d8cf0400e05ef8ff
2026-07-07T15:28:10.447+00:00 VCP run=1 step=0 angle=314209 target=315352 err=1143 steer=572 m1=-3493/-168732 i1=147 t1=29 m2=3496/175018 i2=193 t2=28 steerMode=3143/-781 iSteer=170344 driveMode=-171875/-184284 iDrive=-23003 scale=0 wheel=-500000
2026-07-07T15:28:10.447+00:00 VCP SET_TARGET_RX steer=315352 wheel=-500000
2026-07-07T15:28:10.448+00:00 CAN id=101 dlc=8 data=d8cf0400e05ef8ff
2026-07-07T15:28:10.468+00:00 CAN id=101 dlc=8 data=d8cf0400e05ef8ff
2026-07-07T15:28:10.488+00:00 CAN id=101 dlc=8 data=d8cf0400e05ef8ff
2026-07-07T15:28:10.508+00:00 CAN id=101 dlc=8 data=d8cf0400e05ef8ff
2026-07-07T15:28:10.528+00:00 CAN id=101 dlc=8 data=d8cf0400e05ef8ff
2026-07-07T15:28:10.548+00:00 CAN id=101 dlc=8 data=d8cf0400e05ef8ff
2026-07-07T15:28:10.568+00:00 CAN id=101 dlc=8 data=d8cf0400e05ef8ff
2026-07-07T15:28:10.588+00:00 CAN id=101 dlc=8 data=d8cf0400e05ef8ff
2026-07-07T15:28:10.608+00:00 CAN id=101 dlc=8 data=d8cf0400e05ef8ff
2026-07-07T15:28:10.628+00:00 CAN id=101 dlc=8 data=d8cf0400e05ef8ff
2026-07-07T15:28:10.632+00:00 VCP run=1 step=0 angle=314912 target=315352 err=440 steer=0 m1=-3370/-171875 i1=-258 t1=29 m2=3427/171875 i2=82 t2=28 steerMode=0/1286 iSteer=-88023 driveMode=-171875/-178820 iDrive=-169843 scale=0 wheel=-500000
2026-07-07T15:28:10.632+00:00 VCP run=1 step=0 angle=315527 target=315352 err=-175 steer=0 m1=-3443/-171875 i1=-96 t1=29 m2=3402/171875 i2=185 t2=28 steerMode=0/-1333 iSteer=44510 driveMode=-171875/-179366 iDrive=-140359 scale=0 wheel=-500000
2026-07-07T15:28:10.648+00:00 CAN id=101 dlc=8 data=d8cf0400e05ef8ff
2026-07-07T15:28:10.668+00:00 CAN id=101 dlc=8 data=d8cf0400e05ef8ff
2026-07-07T15:28:10.688+00:00 CAN id=101 dlc=8 data=d8cf0400e05ef8ff
2026-07-07T15:28:10.708+00:00 CAN id=101 dlc=8 data=d8cf0400e05ef8ff
2026-07-07T15:28:10.728+00:00 CAN id=101 dlc=8 data=d8cf0400e05ef8ff
2026-07-07T15:28:10.736+00:00 VCP run=1 step=0 angle=315088 target=315352 err=264 steer=0 m1=-3391/-171875 i1=-154 t1=29 m2=3394/171875 i2=197 t2=28 steerMode=0/-814 iSteer=21468 driveMode=-171875/-177778 iDrive=-175719 scale=0 wheel=-500000
2026-07-07T15:28:10.748+00:00 CAN id=101 dlc=8 data=d8cf0400e05ef8ff
2026-07-07T15:28:10.768+00:00 CAN id=101 dlc=8 data=d8cf0400e05ef8ff
2026-07-07T15:28:10.788+00:00 CAN id=101 dlc=8 data=d8cf0400e05ef8ff
2026-07-07T15:28:10.808+00:00 CAN id=101 dlc=8 data=d8cf0400e05ef8ff
2026-07-07T15:28:10.828+00:00 CAN id=101 dlc=8 data=d8cf0400e05ef8ff
2026-07-07T15:28:10.840+00:00 VCP run=1 step=0 angle=314736 target=315352 err=616 steer=308 m1=-3357/-170182 i1=-162 t1=29 m2=3402/173568 i2=176 t2=28 steerMode=1693/1246 iSteer=6947 driveMode=-171875/-177637 iDrive=-169248 scale=0 wheel=-500000
2026-07-07T15:28:10.848+00:00 CAN id=101 dlc=8 data=d8cf0400e05ef8ff
2026-07-07T15:28:10.868+00:00 CAN id=101 dlc=8 data=d8cf0400e05ef8ff
2026-07-07T15:28:10.888+00:00 CAN id=101 dlc=8 data=d8cf0400e05ef8ff
2026-07-07T15:28:10.908+00:00 CAN id=101 dlc=8 data=d8cf0400e05ef8ff
2026-07-07T15:28:10.928+00:00 CAN id=101 dlc=8 data=d8cf0400e05ef8ff
2026-07-07T15:28:10.941+00:00 VCP run=1 step=0 angle=315615 target=315352 err=-263 steer=0 m1=-3388/-171875 i1=-117 t1=29 m2=3358/171875 i2=202 t2=28 steerMode=0/-1152 iSteer=42149 driveMode=-171875/-177615 iDrive=-159363 scale=0 wheel=-500000
2026-07-07T15:28:10.941+00:00 VCP SET_TARGET_RX steer=315352 wheel=-500000
2026-07-07T15:28:10.948+00:00 CAN id=101 dlc=8 data=d8cf0400e05ef8ff
2026-07-07T15:28:10.968+00:00 CAN id=101 dlc=8 data=d8cf0400e05ef8ff
2026-07-07T15:28:10.988+00:00 CAN id=101 dlc=8 data=d8cf0400e05ef8ff
2026-07-07T15:28:11.008+00:00 CAN id=101 dlc=8 data=d8cf0400e05ef8ff
2026-07-07T15:28:11.028+00:00 CAN id=101 dlc=8 data=d8cf0400e05ef8ff
2026-07-07T15:28:11.044+00:00 VCP run=1 step=0 angle=315352 target=315352 err=0 steer=0 m1=-3374/-171875 i1=-143 t1=29 m2=3327/171875 i2=186 t2=28 steerMode=0/-695 iSteer=21467 driveMode=-171875/-177082 iDrive=-164645 scale=0 wheel=-500000
2026-07-07T15:28:11.048+00:00 CAN id=101 dlc=8 data=d8cf0400e05ef8ff
2026-07-07T15:28:11.068+00:00 CAN id=101 dlc=8 data=d8cf0400e05ef8ff
2026-07-07T15:28:11.088+00:00 CAN id=101 dlc=8 data=d8cf0400e05ef8ff
2026-07-07T15:28:11.108+00:00 CAN id=101 dlc=8 data=d8cf0400e05ef8ff
2026-07-07T15:28:11.128+00:00 CAN id=101 dlc=8 data=d8cf0400e05ef8ff
2026-07-07T15:28:11.148+00:00 CAN id=101 dlc=8 data=d8cf0400e05ef8ff
2026-07-07T15:28:11.148+00:00 VCP run=1 step=0 angle=314736 target=315352 err=616 steer=308 m1=-3338/-170182 i1=-126 t1=29 m2=3371/173568 i2=225 t2=28 steerMode=1693/491 iSteer=49678 driveMode=-171875/-176438 iDrive=-175334 scale=0 wheel=-500000
2026-07-07T15:28:11.168+00:00 CAN id=101 dlc=8 data=d8cf0400e05ef8ff
2026-07-07T15:28:11.188+00:00 CAN id=101 dlc=8 data=d8cf0400e05ef8ff
2026-07-07T15:28:11.208+00:00 CAN id=101 dlc=8 data=d8cf0400e05ef8ff
2026-07-07T15:28:11.228+00:00 CAN id=101 dlc=8 data=d8cf0400e05ef8ff
2026-07-07T15:28:11.248+00:00 CAN id=101 dlc=8 data=d8cf0400e05ef8ff
2026-07-07T15:28:11.268+00:00 CAN id=101 dlc=8 data=d8cf0400e05ef8ff
2026-07-07T15:28:11.288+00:00 CAN id=101 dlc=8 data=d8cf0400e05ef8ff
2026-07-07T15:28:11.308+00:00 CAN id=101 dlc=8 data=d8cf0400e05ef8ff
2026-07-07T15:28:11.328+00:00 CAN id=101 dlc=8 data=d8cf0400e05ef8ff
2026-07-07T15:28:11.334+00:00 VCP run=1 step=0 angle=315352 target=315352 err=0 steer=0 m1=-3363/-171875 i1=-141 t1=29 m2=3329/171875 i2=184 t2=28 steerMode=0/-638 iSteer=21524 driveMode=-171875/-176570 iDrive=-162797 scale=0 wheel=-500000
2026-07-07T15:28:11.334+00:00 VCP run=1 step=0 angle=315615 target=315352 err=-263 steer=0 m1=-3378/-171875 i1=-120 t1=29 m2=3341/171875 i2=159 t2=28 steerMode=0/-548 iSteer=19079 driveMode=-171875/-177041 iDrive=-139511 scale=0 wheel=-500000
2026-07-07T15:28:11.348+00:00 CAN id=101 dlc=8 data=d8cf0400e05ef8ff
2026-07-07T15:28:11.368+00:00 CAN id=101 dlc=8 data=d8cf0400e05ef8ff
2026-07-07T15:28:11.388+00:00 CAN id=101 dlc=8 data=d8cf0400e05ef8ff
2026-07-07T15:28:11.408+00:00 CAN id=101 dlc=8 data=d8cf0400e05ef8ff
2026-07-07T15:28:11.428+00:00 CAN id=101 dlc=8 data=d8cf0400e05ef8ff
2026-07-07T15:28:11.436+00:00 VCP run=1 step=0 angle=315000 target=315352 err=352 steer=0 m1=-3338/-171875 i1=-170 t1=29 m2=3327/171875 i2=205 t2=28 steerMode=0/-476 iSteer=17461 driveMode=-171875/-175203 iDrive=-187129 scale=0 wheel=-500000
2026-07-07T15:28:11.436+00:00 VCP SET_TARGET_RX steer=315352 wheel=-500000
2026-07-07T15:28:11.448+00:00 CAN id=101 dlc=8 data=d8cf0400e05ef8ff
2026-07-07T15:28:11.468+00:00 CAN id=101 dlc=8 data=d8cf0400e05ef8ff
2026-07-07T15:28:11.488+00:00 CAN id=101 dlc=8 data=d8cf0400e05ef8ff
2026-07-07T15:28:11.508+00:00 CAN id=101 dlc=8 data=d8cf0400e05ef8ff
2026-07-07T15:28:11.528+00:00 CAN id=101 dlc=8 data=d8cf0400e05ef8ff
2026-07-07T15:28:11.539+00:00 VCP run=1 step=0 angle=314824 target=315352 err=528 steer=264 m1=-3298/-170424 i1=-168 t1=29 m2=3362/173326 i2=179 t2=28 steerMode=1451/1281 iSteer=5446 driveMode=-171875/-175430 iDrive=-173914 scale=0 wheel=-500000
2026-07-07T15:28:11.548+00:00 CAN id=101 dlc=8 data=d8cf0400e05ef8ff
2026-07-07T15:28:11.568+00:00 CAN id=101 dlc=8 data=d8cf0400e05ef8ff
2026-07-07T15:28:11.588+00:00 CAN id=101 dlc=8 data=d8cf0400e05ef8ff
2026-07-07T15:28:11.608+00:00 CAN id=101 dlc=8 data=d8cf0400e05ef8ff
2026-07-07T15:28:11.628+00:00 CAN id=101 dlc=8 data=d8cf0400e05ef8ff
2026-07-07T15:28:11.643+00:00 VCP run=1 step=0 angle=315176 target=315352 err=176 steer=0 m1=-3374/-171875 i1=-103 t1=29 m2=3333/171875 i2=190 t2=28 steerMode=0/-935 iSteer=43135 driveMode=-171875/-176099 iDrive=-146592 scale=0 wheel=-500000
2026-07-07T15:28:11.648+00:00 CAN id=101 dlc=8 data=d8cf0400e05ef8ff
2026-07-07T15:28:11.668+00:00 CAN id=101 dlc=8 data=d8cf0400e05ef8ff
2026-07-07T15:28:11.688+00:00 CAN id=101 dlc=8 data=d8cf0400e05ef8ff
2026-07-07T15:28:11.708+00:00 CAN id=101 dlc=8 data=d8cf0400e05ef8ff
2026-07-07T15:28:11.728+00:00 CAN id=101 dlc=8 data=d8cf0400e05ef8ff
2026-07-07T15:28:11.747+00:00 VCP run=1 step=0 angle=315176 target=315352 err=176 steer=0 m1=-3315/-171875 i1=-148 t1=29 m2=3291/171875 i2=204 t2=28 steerMode=0/-588 iSteer=28199 driveMode=-171875/-174885 iDrive=-175881 scale=0 wheel=-500000
2026-07-07T15:28:11.748+00:00 CAN id=101 dlc=8 data=d8cf0400e05ef8ff
2026-07-07T15:28:11.768+00:00 CAN id=101 dlc=8 data=d8cf0400e05ef8ff
2026-07-07T15:28:11.788+00:00 CAN id=101 dlc=8 data=d8cf0400e05ef8ff
2026-07-07T15:28:11.808+00:00 CAN id=101 dlc=8 data=d8cf0400e05ef8ff
2026-07-07T15:28:11.828+00:00 CAN id=101 dlc=8 data=d8cf0400e05ef8ff
2026-07-07T15:28:11.848+00:00 CAN id=101 dlc=8 data=d8cf0400e05ef8ff
2026-07-07T15:28:11.868+00:00 CAN id=101 dlc=8 data=d8cf0400e05ef8ff
2026-07-07T15:28:11.888+00:00 CAN id=101 dlc=8 data=d8cf0400e05ef8ff
2026-07-07T15:28:11.908+00:00 CAN id=101 dlc=8 data=d8cf0400e05ef8ff
2026-07-07T15:28:11.928+00:00 CAN id=101 dlc=8 data=d8cf0400e05ef8ff
2026-07-07T15:28:11.930+00:00 VCP run=1 step=0 angle=314736 target=315352 err=616 steer=308 m1=-3321/-170182 i1=-75 t1=29 m2=3318/173568 i2=266 t2=28 steerMode=1693/-224 iSteer=95703 driveMode=-171875/-174893 iDrive=-170368 scale=0 wheel=-500000
2026-07-07T15:28:11.930+00:00 VCP run=1 step=0 angle=315088 target=315352 err=264 steer=0 m1=-3334/-171875 i1=-171 t1=29 m2=3308/171875 i2=159 t2=28 steerMode=0/144 iSteer=-6294 driveMode=-171875/-174895 iDrive=-165039 scale=0 wheel=-500000
2026-07-07T15:28:11.948+00:00 CAN id=101 dlc=8 data=d8cf0400e05ef8ff
2026-07-07T15:28:11.968+00:00 CAN id=101 dlc=8 data=d8cf0400e05ef8ff
2026-07-07T15:28:11.988+00:00 CAN id=101 dlc=8 data=d8cf0400e05ef8ff
2026-07-07T15:28:12.008+00:00 CAN id=101 dlc=8 data=d8cf0400e05ef8ff
2026-07-07T15:28:12.028+00:00 CAN id=101 dlc=8 data=d8cf0400e05ef8ff
2026-07-07T15:28:12.033+00:00 VCP SET_TARGET_RX steer=315352 wheel=-500000
2026-07-07T15:28:12.033+00:00 VCP run=1 step=0 angle=315703 target=315352 err=-351 steer=0 m1=-3357/-171875 i1=-93 t1=29 m2=3314/171875 i2=189 t2=28 steerMode=0/-909 iSteer=47983 driveMode=-171875/-175467 iDrive=-141364 scale=0 wheel=-500000
2026-07-07T15:28:12.048+00:00 CAN id=101 dlc=8 data=d8cf0400e05ef8ff
2026-07-07T15:28:12.068+00:00 CAN id=101 dlc=8 data=d8cf0400e05ef8ff
2026-07-07T15:28:12.088+00:00 CAN id=101 dlc=8 data=d8cf0400e05ef8ff
2026-07-07T15:28:12.108+00:00 CAN id=101 dlc=8 data=d8cf0400e05ef8ff
2026-07-07T15:28:12.128+00:00 CAN id=101 dlc=8 data=d8cf0400e05ef8ff
2026-07-07T15:28:12.137+00:00 VCP run=1 step=0 angle=314912 target=315352 err=440 steer=114 m1=-3305/-171249 i1=-163 t1=29 m2=3325/172501 i2=203 t2=28 steerMode=626/330 iSteer=19602 driveMode=-171875/-173925 iDrive=-182976 scale=0 wheel=-500000
2026-07-07T15:28:12.148+00:00 CAN id=101 dlc=8 data=d8cf0400e05ef8ff
2026-07-07T15:28:12.168+00:00 CAN id=101 dlc=8 data=d8cf0400e05ef8ff
2026-07-07T15:28:12.188+00:00 CAN id=101 dlc=8 data=d8cf0400e05ef8ff
2026-07-07T15:28:12.208+00:00 CAN id=101 dlc=8 data=d8cf0400e05ef8ff
2026-07-07T15:28:12.228+00:00 CAN id=101 dlc=8 data=d8cf0400e05ef8ff
2026-07-07T15:28:12.241+00:00 VCP run=1 step=0 angle=315088 target=315352 err=264 steer=0 m1=-3303/-171875 i1=-187 t1=29 m2=3304/171875 i2=158 t2=28 steerMode=0/384 iSteer=-14295 driveMode=-171875/-174135 iDrive=-172572 scale=0 wheel=-500000
2026-07-07T15:28:12.248+00:00 CAN id=101 dlc=8 data=d8cf0400e05ef8ff
2026-07-07T15:28:12.268+00:00 CAN id=101 dlc=8 data=d8cf0400e05ef8ff
2026-07-07T15:28:12.288+00:00 CAN id=101 dlc=8 data=d8cf0400e05ef8ff
2026-07-07T15:28:12.308+00:00 CAN id=101 dlc=8 data=d8cf0400e05ef8ff
2026-07-07T15:28:12.328+00:00 CAN id=101 dlc=8 data=d8cf0400e05ef8ff
2026-07-07T15:28:12.345+00:00 VCP run=1 step=0 angle=315264 target=315352 err=88 steer=0 m1=-3338/-171875 i1=-111 t1=29 m2=3302/171875 i2=175 t2=28 steerMode=0/-519 iSteer=32100 driveMode=-171875/-174960 iDrive=-142686 scale=0 wheel=-500000
2026-07-07T15:28:12.348+00:00 CAN id=101 dlc=8 data=d8cf0400e05ef8ff
2026-07-07T15:28:12.368+00:00 CAN id=101 dlc=8 data=d8cf0400e05ef8ff
2026-07-07T15:28:12.388+00:00 CAN id=101 dlc=8 data=d8cf0400e05ef8ff
2026-07-07T15:28:12.408+00:00 CAN id=101 dlc=8 data=d8cf0400e05ef8ff
2026-07-07T15:28:12.428+00:00 CAN id=101 dlc=8 data=d8cf0400e05ef8ff
2026-07-07T15:28:12.446+00:00 VCP run=1 step=0 angle=315088 target=315352 err=264 steer=0 m1=-3286/-171875 i1=-146 t1=29 m2=3279/171875 i2=207 t2=28 steerMode=0/-453 iSteer=30517 driveMode=-171875/-173691 iDrive=-176048 scale=0 wheel=-500000
2026-07-07T15:28:12.446+00:00 VCP SET_TARGET_RX steer=315352 wheel=-500000
2026-07-07T15:28:12.448+00:00 CAN id=101 dlc=8 data=d8cf0400e05ef8ff
2026-07-07T15:28:12.468+00:00 CAN id=101 dlc=8 data=d8cf0400e05ef8ff
2026-07-07T15:28:12.488+00:00 CAN id=101 dlc=8 data=d8cf0400e05ef8ff
2026-07-07T15:28:12.508+00:00 CAN id=101 dlc=8 data=d8cf0400e05ef8ff
2026-07-07T15:28:12.528+00:00 CAN id=101 dlc=8 data=d8cf0400e05ef8ff
2026-07-07T15:28:12.548+00:00 CAN id=101 dlc=8 data=d8cf0400e05ef8ff
2026-07-07T15:28:12.568+00:00 CAN id=101 dlc=8 data=d8cf0400e05ef8ff
2026-07-07T15:28:12.588+00:00 CAN id=101 dlc=8 data=d8cf0400e05ef8ff
2026-07-07T15:28:12.608+00:00 CAN id=101 dlc=8 data=d8cf0400e05ef8ff
2026-07-07T15:28:12.628+00:00 CAN id=101 dlc=8 data=d8cf0400e05ef8ff
2026-07-07T15:28:12.631+00:00 VCP run=1 step=0 angle=314912 target=315352 err=440 steer=0 m1=-3319/-171875 i1=-146 t1=29 m2=3308/171875 i2=193 t2=28 steerMode=0/-302 iSteer=23454 driveMode=-171875/-173819 iDrive=-169169 scale=0 wheel=-500000
2026-07-07T15:28:12.631+00:00 VCP run=1 step=0 angle=315176 target=315352 err=176 steer=0 m1=-3309/-171875 i1=-125 t1=29 m2=3289/171875 i2=196 t2=28 steerMode=0/-512 iSteer=35375 driveMode=-171875/-173987 iDrive=-160765 scale=0 wheel=-500000
2026-07-07T15:28:12.648+00:00 CAN id=101 dlc=8 data=d8cf0400e05ef8ff
2026-07-07T15:28:12.668+00:00 CAN id=101 dlc=8 data=d8cf0400e05ef8ff
2026-07-07T15:28:12.688+00:00 CAN id=101 dlc=8 data=d8cf0400e05ef8ff
2026-07-07T15:28:12.708+00:00 CAN id=101 dlc=8 data=d8cf0400e05ef8ff
2026-07-07T15:28:12.728+00:00 CAN id=101 dlc=8 data=d8cf0400e05ef8ff
2026-07-07T15:28:12.735+00:00 VCP run=1 step=0 angle=315615 target=315352 err=-263 steer=0 m1=-3319/-171875 i1=-125 t1=29 m2=3266/171875 i2=171 t2=28 steerMode=0/-260 iSteer=23449 driveMode=-171875/-174257 iDrive=-148023 scale=0 wheel=-500000
2026-07-07T15:28:12.748+00:00 CAN id=101 dlc=8 data=d8cf0400e05ef8ff
2026-07-07T15:28:12.768+00:00 CAN id=101 dlc=8 data=d8cf0400e05ef8ff
2026-07-07T15:28:12.788+00:00 CAN id=101 dlc=8 data=d8cf0400e05ef8ff
2026-07-07T15:28:12.808+00:00 CAN id=101 dlc=8 data=d8cf0400e05ef8ff
2026-07-07T15:28:12.828+00:00 CAN id=101 dlc=8 data=d8cf0400e05ef8ff
2026-07-07T15:28:12.839+00:00 VCP run=1 step=0 angle=315000 target=315352 err=352 steer=0 m1=-3278/-171875 i1=-183 t1=29 m2=3264/171875 i2=203 t2=28 steerMode=0/37 iSteer=9908 driveMode=-171875/-172659 iDrive=-193085 scale=0 wheel=-500000
2026-07-07T15:28:12.848+00:00 CAN id=101 dlc=8 data=d8cf0400e05ef8ff
2026-07-07T15:28:12.868+00:00 CAN id=101 dlc=8 data=d8cf0400e05ef8ff
2026-07-07T15:28:12.888+00:00 CAN id=101 dlc=8 data=d8cf0400e05ef8ff
2026-07-07T15:28:12.908+00:00 CAN id=101 dlc=8 data=d8cf0400e05ef8ff
2026-07-07T15:28:12.928+00:00 BENCH step t=7.000s -> steer=315352mdeg wheel=500000milli-rpm
2026-07-07T15:28:12.928+00:00 CAN id=101 dlc=8 data=d8cf040020a10700
2026-07-07T15:28:12.941+00:00 VCP run=1 step=0 angle=315352 target=315352 err=0 steer=0 m1=-3280/-171875 i1=-211 t1=29 m2=3312/171875 i2=120 t2=28 steerMode=0/1171 iSteer=-45456 driveMode=-171875/-173520 iDrive=-165202 scale=0 wheel=-500000
2026-07-07T15:28:12.941+00:00 VCP SET_TARGET_RX steer=315352 wheel=500000
2026-07-07T15:28:12.948+00:00 CAN id=101 dlc=8 data=d8cf040020a10700
2026-07-07T15:28:12.968+00:00 CAN id=101 dlc=8 data=d8cf040020a10700
2026-07-07T15:28:12.988+00:00 CAN id=101 dlc=8 data=d8cf040020a10700
2026-07-07T15:28:13.008+00:00 CAN id=101 dlc=8 data=d8cf040020a10700
2026-07-07T15:28:13.028+00:00 CAN id=101 dlc=8 data=d8cf040020a10700
2026-07-07T15:28:13.045+00:00 VCP run=1 step=0 angle=315527 target=315352 err=-175 steer=0 m1=-3328/-166375 i1=55 t1=29 m2=3314/166375 i2=1 t2=28 steerMode=0/-292 iSteer=27986 driveMode=-166375/-174287 iDrive=27108 scale=0 wheel=-484000
2026-07-07T15:28:13.048+00:00 CAN id=101 dlc=8 data=d8cf040020a10700
2026-07-07T15:28:13.068+00:00 CAN id=101 dlc=8 data=d8cf040020a10700
2026-07-07T15:28:13.088+00:00 CAN id=101 dlc=8 data=d8cf040020a10700
2026-07-07T15:28:13.108+00:00 CAN id=101 dlc=8 data=d8cf040020a10700
2026-07-07T15:28:13.128+00:00 CAN id=101 dlc=8 data=d8cf040020a10700
2026-07-07T15:28:13.148+00:00 CAN id=101 dlc=8 data=d8cf040020a10700
2026-07-07T15:28:13.168+00:00 CAN id=101 dlc=8 data=d8cf040020a10700
2026-07-07T15:28:13.188+00:00 CAN id=101 dlc=8 data=d8cf040020a10700
2026-07-07T15:28:13.208+00:00 CAN id=101 dlc=8 data=d8cf040020a10700
2026-07-07T15:28:13.228+00:00 CAN id=101 dlc=8 data=d8cf040020a10700
2026-07-07T15:28:13.232+00:00 VCP run=1 step=0 angle=315352 target=315352 err=0 steer=0 m1=-1809/-38500 i1=2293 t1=29 m2=1801/38500 i2=-2164 t2=28 steerMode=0/-999 iSteer=64505 driveMode=-38500/-119458 iDrive=2228748 scale=0 wheel=-112000
2026-07-07T15:28:13.232+00:00 VCP run=1 step=0 angle=315352 target=315352 err=0 steer=0 m1=924/89375 i1=2248 t1=29 m2=-875/-89375 i2=-2436 t2=28 steerMode=0/2113 iSteer=-94031 driveMode=89375/21007 iDrive=2341728 scale=0 wheel=260000
2026-07-07T15:28:13.248+00:00 CAN id=101 dlc=8 data=d8cf040020a10700
2026-07-07T15:28:13.268+00:00 CAN id=101 dlc=8 data=d8cf040020a10700
2026-07-07T15:28:13.288+00:00 CAN id=101 dlc=8 data=d8cf040020a10700
2026-07-07T15:28:13.308+00:00 CAN id=101 dlc=8 data=d8cf040020a10700
2026-07-07T15:28:13.328+00:00 CAN id=101 dlc=8 data=d8cf040020a10700
2026-07-07T15:28:13.337+00:00 VCP run=1 step=0 angle=315264 target=315352 err=88 steer=0 m1=3180/171875 i1=1158 t1=29 m2=-3146/-171875 i2=-1196 t2=28 steerMode=0/574 iSteer=-18897 driveMode=171875/146019 iDrive=1177378 scale=0 wheel=500000
2026-07-07T15:28:13.348+00:00 CAN id=101 dlc=8 data=d8cf040020a10700
2026-07-07T15:28:13.368+00:00 CAN id=101 dlc=8 data=d8cf040020a10700
2026-07-07T15:28:13.388+00:00 CAN id=101 dlc=8 data=d8cf040020a10700
2026-07-07T15:28:13.408+00:00 CAN id=101 dlc=8 data=d8cf040020a10700
2026-07-07T15:28:13.428+00:00 CAN id=101 dlc=8 data=d8cf040020a10700
2026-07-07T15:28:13.437+00:00 VCP run=1 step=0 angle=315967 target=315352 err=-615 steer=-307 m1=3507/170184 i1=-53 t1=29 m2=-3552/-173566 i2=-29 t2=28 steerMode=-1691/-758 iSteer=-40777 driveMode=171875/185507 iDrive=-12170 scale=0 wheel=500000
2026-07-07T15:28:13.437+00:00 VCP SET_TARGET_RX steer=315352 wheel=500000
2026-07-07T15:28:13.448+00:00 CAN id=101 dlc=8 data=d8cf040020a10700
2026-07-07T15:28:13.468+00:00 CAN id=101 dlc=8 data=d8cf040020a10700
2026-07-07T15:28:13.488+00:00 CAN id=101 dlc=8 data=d8cf040020a10700
2026-07-07T15:28:13.508+00:00 CAN id=101 dlc=8 data=d8cf040020a10700
2026-07-07T15:28:13.528+00:00 CAN id=101 dlc=8 data=d8cf040020a10700
2026-07-07T15:28:13.541+00:00 VCP run=1 step=0 angle=315352 target=315352 err=0 steer=0 m1=3421/171875 i1=104 t1=29 m2=-3359/-171875 i2=-218 t2=28 steerMode=0/1256 iSteer=-57055 driveMode=171875/179093 iDrive=161259 scale=0 wheel=500000
2026-07-07T15:28:13.548+00:00 CAN id=101 dlc=8 data=d8cf040020a10700
2026-07-07T15:28:13.568+00:00 CAN id=101 dlc=8 data=d8cf040020a10700
2026-07-07T15:28:13.588+00:00 CAN id=101 dlc=8 data=d8cf040020a10700
2026-07-07T15:28:13.608+00:00 CAN id=101 dlc=8 data=d8cf040020a10700
2026-07-07T15:28:13.628+00:00 CAN id=101 dlc=8 data=d8cf040020a10700
2026-07-07T15:28:13.645+00:00 VCP run=1 step=0 angle=315879 target=315352 err=-527 steer=-263 m1=3356/170426 i1=134 t1=29 m2=-3376/-173324 i2=-277 t2=28 steerMode=-1449/26 iSteer=-71912 driveMode=171875/177252 iDrive=205587 scale=0 wheel=500000
2026-07-07T15:28:13.648+00:00 CAN id=101 dlc=8 data=d8cf040020a10700
2026-07-07T15:28:13.668+00:00 CAN id=101 dlc=8 data=d8cf040020a10700
2026-07-07T15:28:13.688+00:00 CAN id=101 dlc=8 data=d8cf040020a10700
2026-07-07T15:28:13.708+00:00 CAN id=101 dlc=8 data=d8cf040020a10700
2026-07-07T15:28:13.728+00:00 CAN id=101 dlc=8 data=d8cf040020a10700
2026-07-07T15:28:13.748+00:00 CAN id=101 dlc=8 data=d8cf040020a10700
2026-07-07T15:28:13.748+00:00 VCP run=1 step=0 angle=316055 target=315352 err=-703 steer=-351 m1=3344/169943 i1=121 t1=29 m2=-3420/-173807 i2=-232 t2=28 steerMode=-1932/-834 iSteer=-55755 driveMode=171875/177892 iDrive=176326 scale=0 wheel=500000
2026-07-07T15:28:13.768+00:00 CAN id=101 dlc=8 data=d8cf040020a10700
2026-07-07T15:28:13.788+00:00 CAN id=101 dlc=8 data=d8cf040020a10700
2026-07-07T15:28:13.808+00:00 CAN id=101 dlc=8 data=d8cf040020a10700
2026-07-07T15:28:13.828+00:00 CAN id=101 dlc=8 data=d8cf040020a10700
2026-07-07T15:28:13.848+00:00 CAN id=101 dlc=8 data=d8cf040020a10700
2026-07-07T15:28:13.868+00:00 CAN id=101 dlc=8 data=d8cf040020a10700
2026-07-07T15:28:13.888+00:00 CAN id=101 dlc=8 data=d8cf040020a10700
2026-07-07T15:28:13.908+00:00 CAN id=101 dlc=8 data=d8cf040020a10700
2026-07-07T15:28:13.928+00:00 CAN id=101 dlc=8 data=d8cf040020a10700
2026-07-07T15:28:13.932+00:00 VCP run=1 step=0 angle=315527 target=315352 err=-175 steer=0 m1=3398/171875 i1=150 t1=29 m2=-3372/-171875 i2=-173 t2=28 steerMode=0/224 iSteer=-11668 driveMode=171875/177996 iDrive=161469 scale=0 wheel=500000
2026-07-07T15:28:13.932+00:00 VCP run=1 step=0 angle=315439 target=315352 err=-87 steer=0 m1=3356/171875 i1=150 t1=29 m2=-3363/-171875 i2=-242 t2=28 steerMode=0/842 iSteer=-46176 driveMode=171875/176527 iDrive=196254 scale=0 wheel=500000
2026-07-07T15:28:13.932+00:00 VCP SET_TARGET_RX steer=315352 wheel=500000
2026-07-07T15:28:13.948+00:00 CAN id=101 dlc=8 data=d8cf040020a10700
2026-07-07T15:28:13.968+00:00 CAN id=101 dlc=8 data=d8cf040020a10700
2026-07-07T15:28:13.988+00:00 CAN id=101 dlc=8 data=d8cf040020a10700
2026-07-07T15:28:14.008+00:00 CAN id=101 dlc=8 data=d8cf040020a10700
2026-07-07T15:28:14.028+00:00 CAN id=101 dlc=8 data=d8cf040020a10700
2026-07-07T15:28:14.036+00:00 VCP run=1 step=0 angle=315791 target=315352 err=-439 steer=0 m1=3360/171875 i1=153 t1=29 m2=-3351/-171875 i2=-230 t2=28 steerMode=0/668 iSteer=-38489 driveMode=171875/176382 iDrive=191747 scale=0 wheel=500000
2026-07-07T15:28:14.048+00:00 CAN id=101 dlc=8 data=d8cf040020a10700
2026-07-07T15:28:14.068+00:00 CAN id=101 dlc=8 data=d8cf040020a10700
2026-07-07T15:28:14.088+00:00 CAN id=101 dlc=8 data=d8cf040020a10700
2026-07-07T15:28:14.108+00:00 CAN id=101 dlc=8 data=d8cf040020a10700
2026-07-07T15:28:14.128+00:00 CAN id=101 dlc=8 data=d8cf040020a10700
2026-07-07T15:28:14.139+00:00 VCP run=1 step=0 angle=315879 target=315352 err=-527 steer=-263 m1=3308/170426 i1=192 t1=29 m2=-3409/-173324 i2=-130 t2=28 steerMode=-1449/-2250 iSteer=30917 driveMode=171875/177111 iDrive=160889 scale=0 wheel=500000
2026-07-07T15:28:14.148+00:00 CAN id=101 dlc=8 data=d8cf040020a10700
2026-07-07T15:28:14.168+00:00 CAN id=101 dlc=8 data=d8cf040020a10700
2026-07-07T15:28:14.188+00:00 CAN id=101 dlc=8 data=d8cf040020a10700
2026-07-07T15:28:14.208+00:00 CAN id=101 dlc=8 data=d8cf040020a10700
2026-07-07T15:28:14.228+00:00 CAN id=101 dlc=8 data=d8cf040020a10700
2026-07-07T15:28:14.243+00:00 VCP run=1 step=0 angle=315088 target=315352 err=264 steer=0 m1=3364/171875 i1=125 t1=29 m2=-3301/-171875 i2=-263 t2=28 steerMode=0/1225 iSteer=-69191 driveMode=171875/175721 iDrive=193883 scale=0 wheel=500000
2026-07-07T15:28:14.248+00:00 CAN id=101 dlc=8 data=d8cf040020a10700
2026-07-07T15:28:14.268+00:00 CAN id=101 dlc=8 data=d8cf040020a10700
2026-07-07T15:28:14.288+00:00 CAN id=101 dlc=8 data=d8cf040020a10700
2026-07-07T15:28:14.308+00:00 CAN id=101 dlc=8 data=d8cf040020a10700
2026-07-07T15:28:14.328+00:00 CAN id=101 dlc=8 data=d8cf040020a10700
2026-07-07T15:28:14.348+00:00 CAN id=101 dlc=8 data=d8cf040020a10700
2026-07-07T15:28:14.348+00:00 VCP run=1 step=0 angle=315703 target=315352 err=-351 steer=0 m1=3335/171875 i1=180 t1=29 m2=-3347/-171875 i2=-219 t2=28 steerMode=0/194 iSteer=-19710 driveMode=171875/175318 iDrive=199552 scale=0 wheel=500000
2026-07-07T15:28:14.368+00:00 CAN id=101 dlc=8 data=d8cf040020a10700
2026-07-07T15:28:14.388+00:00 CAN id=101 dlc=8 data=d8cf040020a10700
2026-07-07T15:28:14.408+00:00 CAN id=101 dlc=8 data=d8cf040020a10700
2026-07-07T15:28:14.428+00:00 CAN id=101 dlc=8 data=d8cf040020a10700
2026-07-07T15:28:14.448+00:00 CAN id=101 dlc=8 data=d8cf040020a10700
2026-07-07T15:28:14.449+00:00 VCP run=1 step=0 angle=316143 target=315352 err=-791 steer=-395 m1=3335/169701 i1=69 t1=29 m2=-3401/-174049 i2=-265 t2=28 steerMode=-2174/-473 iSteer=-98047 driveMode=171875/176183 iDrive=166623 scale=0 wheel=500000
2026-07-07T15:28:14.449+00:00 VCP SET_TARGET_RX steer=315352 wheel=500000
2026-07-07T15:28:14.468+00:00 CAN id=101 dlc=8 data=d8cf040020a10700
2026-07-07T15:28:14.488+00:00 CAN id=101 dlc=8 data=d8cf040020a10700
2026-07-07T15:28:14.508+00:00 CAN id=101 dlc=8 data=d8cf040020a10700
2026-07-07T15:28:14.528+00:00 CAN id=101 dlc=8 data=d8cf040020a10700
2026-07-07T15:28:14.548+00:00 CAN id=101 dlc=8 data=d8cf040020a10700
2026-07-07T15:28:14.568+00:00 CAN id=101 dlc=8 data=d8cf040020a10700
2026-07-07T15:28:14.588+00:00 CAN id=101 dlc=8 data=d8cf040020a10700
2026-07-07T15:28:14.608+00:00 CAN id=101 dlc=8 data=d8cf040020a10700
2026-07-07T15:28:14.628+00:00 CAN id=101 dlc=8 data=d8cf040020a10700
2026-07-07T15:28:14.634+00:00 VCP run=1 step=0 angle=315264 target=315352 err=88 steer=0 m1=3331/171875 i1=162 t1=29 m2=-3280/-171875 i2=-199 t2=28 steerMode=0/154 iSteer=-18706 driveMode=171875/175453 iDrive=180399 scale=0 wheel=500000
2026-07-07T15:28:14.634+00:00 VCP run=1 step=0 angle=315703 target=315352 err=-351 steer=0 m1=3323/171875 i1=161 t1=29 m2=-3332/-171875 i2=-276 t2=28 steerMode=0/864 iSteer=-57413 driveMode=171875/174036 iDrive=218405 scale=0 wheel=500000
2026-07-07T15:28:14.648+00:00 CAN id=101 dlc=8 data=d8cf040020a10700
2026-07-07T15:28:14.668+00:00 CAN id=101 dlc=8 data=d8cf040020a10700
2026-07-07T15:28:14.688+00:00 CAN id=101 dlc=8 data=d8cf040020a10700
2026-07-07T15:28:14.708+00:00 CAN id=101 dlc=8 data=d8cf040020a10700
2026-07-07T15:28:14.728+00:00 CAN id=101 dlc=8 data=d8cf040020a10700
2026-07-07T15:28:14.739+00:00 VCP run=1 step=0 angle=315791 target=315352 err=-439 steer=0 m1=3333/171875 i1=180 t1=29 m2=-3342/-171875 i2=-184 t2=28 steerMode=0/-270 iSteer=-2093 driveMode=171875/175072 iDrive=182334 scale=0 wheel=500000
2026-07-07T15:28:14.748+00:00 CAN id=101 dlc=8 data=d8cf040020a10700
2026-07-07T15:28:14.768+00:00 CAN id=101 dlc=8 data=d8cf040020a10700
2026-07-07T15:28:14.788+00:00 CAN id=101 dlc=8 data=d8cf040020a10700
2026-07-07T15:28:14.808+00:00 CAN id=101 dlc=8 data=d8cf040020a10700
2026-07-07T15:28:14.828+00:00 CAN id=101 dlc=8 data=d8cf040020a10700
2026-07-07T15:28:14.843+00:00 VCP run=1 step=0 angle=315615 target=315352 err=-263 steer=0 m1=3325/171875 i1=190 t1=29 m2=-3349/-171875 i2=-145 t2=28 steerMode=0/-798 iSteer=22519 driveMode=171875/175365 iDrive=167025 scale=0 wheel=500000
2026-07-07T15:28:14.848+00:00 CAN id=101 dlc=8 data=d8cf040020a10700
2026-07-07T15:28:14.868+00:00 CAN id=101 dlc=8 data=d8cf040020a10700
2026-07-07T15:28:14.888+00:00 CAN id=101 dlc=8 data=d8cf040020a10700
2026-07-07T15:28:14.908+00:00 CAN id=101 dlc=8 data=d8cf040020a10700
2026-07-07T15:28:14.928+00:00 CAN id=101 dlc=8 data=d8cf040020a10700
2026-07-07T15:28:14.945+00:00 VCP run=1 step=0 angle=315264 target=315352 err=88 steer=0 m1=3308/171875 i1=148 t1=29 m2=-3313/-171875 i2=-245 t2=28 steerMode=0/591 iSteer=-48136 driveMode=171875/174194 iDrive=196472 scale=0 wheel=500000
2026-07-07T15:28:14.945+00:00 VCP SET_TARGET_RX steer=315352 wheel=500000
2026-07-07T15:28:14.948+00:00 CAN id=101 dlc=8 data=d8cf040020a10700
2026-07-07T15:28:14.968+00:00 CAN id=101 dlc=8 data=d8cf040020a10700
2026-07-07T15:28:14.988+00:00 CAN id=101 dlc=8 data=d8cf040020a10700
2026-07-07T15:28:15.008+00:00 CAN id=101 dlc=8 data=d8cf040020a10700
2026-07-07T15:28:15.028+00:00 CAN id=101 dlc=8 data=d8cf040020a10700
2026-07-07T15:28:15.048+00:00 CAN id=101 dlc=8 data=d8cf040020a10700
2026-07-07T15:28:15.048+00:00 VCP run=1 step=0 angle=315791 target=315352 err=-439 steer=0 m1=3323/171875 i1=161 t1=29 m2=-3275/-171875 i2=-252 t2=28 steerMode=0/519 iSteer=-45314 driveMode=171875/173732 iDrive=206418 scale=0 wheel=500000
2026-07-07T15:28:15.068+00:00 CAN id=101 dlc=8 data=d8cf040020a10700
2026-07-07T15:28:15.088+00:00 CAN id=101 dlc=8 data=d8cf040020a10700
2026-07-07T15:28:15.108+00:00 CAN id=101 dlc=8 data=d8cf040020a10700
2026-07-07T15:28:15.128+00:00 CAN id=101 dlc=8 data=d8cf040020a10700
2026-07-07T15:28:15.148+00:00 CAN id=101 dlc=8 data=d8cf040020a10700
2026-07-07T15:28:15.168+00:00 CAN id=101 dlc=8 data=d8cf040020a10700
2026-07-07T15:28:15.188+00:00 CAN id=101 dlc=8 data=d8cf040020a10700
2026-07-07T15:28:15.208+00:00 CAN id=101 dlc=8 data=d8cf040020a10700
2026-07-07T15:28:15.228+00:00 CAN id=101 dlc=8 data=d8cf040020a10700
2026-07-07T15:28:15.234+00:00 VCP run=1 step=0 angle=316143 target=315352 err=-791 steer=-395 m1=3272/169701 i1=97 t1=29 m2=-3380/-174049 i2=-233 t2=28 steerMode=-2174/-1262 iSteer=-67889 driveMode=171875/174959 iDrive=165252 scale=0 wheel=500000
2026-07-07T15:28:15.234+00:00 VCP run=1 step=0 angle=315176 target=315352 err=176 steer=0 m1=3337/171875 i1=132 t1=29 m2=-3280/-171875 i2=-231 t2=28 steerMode=0/582 iSteer=-49197 driveMode=171875/174231 iDrive=181553 scale=0 wheel=500000
2026-07-07T15:28:15.248+00:00 CAN id=101 dlc=8 data=d8cf040020a10700
2026-07-07T15:28:15.268+00:00 CAN id=101 dlc=8 data=d8cf040020a10700
2026-07-07T15:28:15.288+00:00 CAN id=101 dlc=8 data=d8cf040020a10700
2026-07-07T15:28:15.308+00:00 CAN id=101 dlc=8 data=d8cf040020a10700
2026-07-07T15:28:15.328+00:00 CAN id=101 dlc=8 data=d8cf040020a10700
2026-07-07T15:28:15.338+00:00 VCP run=1 step=0 angle=315088 target=315352 err=264 steer=0 m1=3304/171875 i1=171 t1=29 m2=-3305/-171875 i2=-251 t2=28 steerMode=0/353 iSteer=-39975 driveMode=171875/173184 iDrive=210599 scale=0 wheel=500000
2026-07-07T15:28:15.348+00:00 CAN id=101 dlc=8 data=d8cf040020a10700
2026-07-07T15:28:15.368+00:00 CAN id=101 dlc=8 data=d8cf040020a10700
2026-07-07T15:28:15.388+00:00 CAN id=101 dlc=8 data=d8cf040020a10700
2026-07-07T15:28:15.408+00:00 CAN id=101 dlc=8 data=d8cf040020a10700
2026-07-07T15:28:15.428+00:00 CAN id=101 dlc=8 data=d8cf040020a10700
2026-07-07T15:28:15.440+00:00 VCP run=1 step=0 angle=315615 target=315352 err=-263 steer=0 m1=3314/171875 i1=142 t1=29 m2=-3298/-171875 i2=-218 t2=28 steerMode=0/296 iSteer=-37827 driveMode=171875/174094 iDrive=179855 scale=0 wheel=500000
2026-07-07T15:28:15.440+00:00 VCP SET_TARGET_RX steer=315352 wheel=500000
2026-07-07T15:28:15.448+00:00 CAN id=101 dlc=8 data=d8cf040020a10700
2026-07-07T15:28:15.468+00:00 CAN id=101 dlc=8 data=d8cf040020a10700
2026-07-07T15:28:15.488+00:00 CAN id=101 dlc=8 data=d8cf040020a10700
2026-07-07T15:28:15.508+00:00 CAN id=101 dlc=8 data=d8cf040020a10700
2026-07-07T15:28:15.528+00:00 CAN id=101 dlc=8 data=d8cf040020a10700
2026-07-07T15:28:15.544+00:00 VCP run=1 step=0 angle=315615 target=315352 err=-263 steer=0 m1=3283/171875 i1=190 t1=29 m2=-3324/-171875 i2=-147 t2=28 steerMode=0/-901 iSteer=21589 driveMode=171875/174292 iDrive=168825 scale=0 wheel=500000
2026-07-07T15:28:15.548+00:00 CAN id=101 dlc=8 data=d8cf040020a10700
2026-07-07T15:28:15.568+00:00 CAN id=101 dlc=8 data=d8cf040020a10700
2026-07-07T15:28:15.588+00:00 CAN id=101 dlc=8 data=d8cf040020a10700
2026-07-07T15:28:15.608+00:00 CAN id=101 dlc=8 data=d8cf040020a10700
2026-07-07T15:28:15.628+00:00 CAN id=101 dlc=8 data=d8cf040020a10700
2026-07-07T15:28:15.648+00:00 CAN id=101 dlc=8 data=d8cf040020a10700
2026-07-07T15:28:15.649+00:00 VCP run=1 step=0 angle=315352 target=315352 err=0 steer=0 m1=3283/171875 i1=162 t1=29 m2=-3294/-171875 i2=-253 t2=28 steerMode=0/420 iSteer=-45363 driveMode=171875/172901 iDrive=207413 scale=0 wheel=500000
2026-07-07T15:28:15.668+00:00 CAN id=101 dlc=8 data=d8cf040020a10700
2026-07-07T15:28:15.688+00:00 CAN id=101 dlc=8 data=d8cf040020a10700
2026-07-07T15:28:15.708+00:00 CAN id=101 dlc=8 data=d8cf040020a10700
2026-07-07T15:28:15.728+00:00 CAN id=101 dlc=8 data=d8cf040020a10700
2026-07-07T15:28:15.748+00:00 CAN id=101 dlc=8 data=d8cf040020a10700
2026-07-07T15:28:15.768+00:00 CAN id=101 dlc=8 data=d8cf040020a10700
2026-07-07T15:28:15.788+00:00 CAN id=101 dlc=8 data=d8cf040020a10700
2026-07-07T15:28:15.808+00:00 CAN id=101 dlc=8 data=d8cf040020a10700
2026-07-07T15:28:15.828+00:00 CAN id=101 dlc=8 data=d8cf040020a10700
2026-07-07T15:28:15.835+00:00 VCP run=1 step=0 angle=315879 target=315352 err=-527 steer=-263 m1=3295/170426 i1=88 t1=29 m2=-3252/-173324 i2=-329 t2=28 steerMode=-1449/455 iSteer=-120630 driveMode=171875/172791 iDrive=208521 scale=0 wheel=500000
2026-07-07T15:28:15.835+00:00 VCP run=1 step=0 angle=315527 target=315352 err=-175 steer=0 m1=3300/171875 i1=166 t1=29 m2=-3305/-171875 i2=-162 t2=28 steerMode=0/-546 iSteer=1621 driveMode=171875/174185 iDrive=163966 scale=0 wheel=500000
2026-07-07T15:28:15.848+00:00 CAN id=101 dlc=8 data=d8cf040020a10700
2026-07-07T15:28:15.868+00:00 CAN id=101 dlc=8 data=d8cf040020a10700
2026-07-07T15:28:15.888+00:00 CAN id=101 dlc=8 data=d8cf040020a10700
2026-07-07T15:28:15.908+00:00 CAN id=101 dlc=8 data=d8cf040020a10700
2026-07-07T15:28:15.928+00:00 BENCH step t=10.000s -> steer=315352mdeg wheel=0milli-rpm
2026-07-07T15:28:15.930+00:00 CAN id=101 dlc=8 data=d8cf040000000000
2026-07-07T15:28:15.936+00:00 VCP run=1 step=0 angle=315352 target=315352 err=0 steer=0 m1=3291/171875 i1=126 t1=29 m2=-3280/-171875 i2=-234 t2=28 steerMode=0/552 iSteer=-54066 driveMode=171875/173503 iDrive=180106 scale=0 wheel=500000
2026-07-07T15:28:15.936+00:00 VCP SET_TARGET_RX steer=315352 wheel=0
2026-07-07T15:28:15.948+00:00 CAN id=101 dlc=8 data=d8cf040000000000
2026-07-07T15:28:15.968+00:00 CAN id=101 dlc=8 data=d8cf040000000000
2026-07-07T15:28:15.988+00:00 CAN id=101 dlc=8 data=d8cf040000000000
2026-07-07T15:28:16.008+00:00 CAN id=101 dlc=8 data=d8cf040000000000
2026-07-07T15:28:16.028+00:00 CAN id=101 dlc=8 data=d8cf040000000000
2026-07-07T15:28:16.041+00:00 VCP run=1 step=0 angle=315352 target=315352 err=0 steer=0 m1=3287/167750 i1=39 t1=29 m2=-3267/-167750 i2=-118 t2=28 steerMode=0/242 iSteer=-39411 driveMode=167750/172713 iDrive=78262 scale=0 wheel=488000
2026-07-07T15:28:16.048+00:00 CAN id=101 dlc=8 data=d8cf040000000000
2026-07-07T15:28:16.068+00:00 CAN id=101 dlc=8 data=d8cf040000000000
2026-07-07T15:28:16.088+00:00 CAN id=101 dlc=8 data=d8cf040000000000
2026-07-07T15:28:16.108+00:00 CAN id=101 dlc=8 data=d8cf040000000000
2026-07-07T15:28:16.128+00:00 CAN id=101 dlc=8 data=d8cf040000000000
2026-07-07T15:28:16.145+00:00 VCP run=1 step=0 angle=315879 target=315352 err=-527 steer=-150 m1=1805/39050 i1=-2308 t1=29 m2=-1809/-40700 i2=2121 t2=28 steerMode=-825/464 iSteer=-93327 driveMode=39875/120356 iDrive=-2214432 scale=0 wheel=116000
2026-07-07T15:28:16.148+00:00 CAN id=101 dlc=8 data=d8cf040000000000
2026-07-07T15:28:16.168+00:00 CAN id=101 dlc=8 data=d8cf040000000000
2026-07-07T15:28:16.188+00:00 CAN id=101 dlc=8 data=d8cf040000000000
2026-07-07T15:28:16.208+00:00 CAN id=101 dlc=8 data=d8cf040000000000
2026-07-07T15:28:16.228+00:00 CAN id=101 dlc=8 data=d8cf040000000000
2026-07-07T15:28:16.248+00:00 CAN id=101 dlc=8 data=d8cf040000000000
2026-07-07T15:28:16.268+00:00 CAN id=101 dlc=8 data=d8cf040000000000
2026-07-07T15:28:16.288+00:00 CAN id=101 dlc=8 data=d8cf040000000000
2026-07-07T15:28:16.308+00:00 CAN id=101 dlc=8 data=d8cf040000000000
2026-07-07T15:28:16.328+00:00 CAN id=101 dlc=8 data=d8cf040000000000
2026-07-07T15:28:16.333+00:00 VCP run=1 step=0 angle=316055 target=315352 err=-703 steer=-351 m1=-72/-1932 i1=-99 t1=29 m2=121/-1932 i2=-102 t2=28 steerMode=-1932/-552 iSteer=-100861 driveMode=0/5188 iDrive=1608 scale=0 wheel=0
2026-07-07T15:28:16.333+00:00 VCP run=1 step=0 angle=316055 target=315352 err=-703 steer=-351 m1=2/-1932 i1=42 t1=29 m2=12/-1932 i2=-264 t2=28 steerMode=-1932/-401 iSteer=-111095 driveMode=0/138 iDrive=152625 scale=0 wheel=0
2026-07-07T15:28:16.348+00:00 CAN id=101 dlc=8 data=d8cf040000000000
2026-07-07T15:28:16.368+00:00 CAN id=101 dlc=8 data=d8cf040000000000
2026-07-07T15:28:16.388+00:00 CAN id=101 dlc=8 data=d8cf040000000000
2026-07-07T15:28:16.408+00:00 CAN id=101 dlc=8 data=d8cf040000000000
2026-07-07T15:28:16.428+00:00 CAN id=101 dlc=8 data=d8cf040000000000
2026-07-07T15:28:16.436+00:00 VCP run=1 step=0 angle=316055 target=315352 err=-703 steer=-351 m1=0/-1932 i1=21 t1=29 m2=0/-1932 i2=-292 t2=28 steerMode=-1932/-8 iSteer=-135858 driveMode=0/5 iDrive=156563 scale=0 wheel=0
2026-07-07T15:28:16.436+00:00 VCP SET_TARGET_RX steer=315352 wheel=0
2026-07-07T15:28:16.448+00:00 CAN id=101 dlc=8 data=d8cf040000000000
2026-07-07T15:28:16.468+00:00 CAN id=101 dlc=8 data=d8cf040000000000
2026-07-07T15:28:16.488+00:00 CAN id=101 dlc=8 data=d8cf040000000000
2026-07-07T15:28:16.508+00:00 CAN id=101 dlc=8 data=d8cf040000000000
2026-07-07T15:28:16.528+00:00 CAN id=101 dlc=8 data=d8cf040000000000
2026-07-07T15:28:16.542+00:00 VCP run=1 step=0 angle=316055 target=315352 err=-703 steer=-351 m1=0/-1932 i1=15 t1=29 m2=0/-1932 i2=-298 t2=28 steerMode=-1932/0 iSteer=-141567 driveMode=0/0 iDrive=156723 scale=0 wheel=0
2026-07-07T15:28:16.548+00:00 CAN id=101 dlc=8 data=d8cf040000000000
2026-07-07T15:28:16.568+00:00 CAN id=101 dlc=8 data=d8cf040000000000
2026-07-07T15:28:16.588+00:00 CAN id=101 dlc=8 data=d8cf040000000000
2026-07-07T15:28:16.608+00:00 CAN id=101 dlc=8 data=d8cf040000000000
2026-07-07T15:28:16.628+00:00 CAN id=101 dlc=8 data=d8cf040000000000
2026-07-07T15:28:16.648+00:00 CAN id=101 dlc=8 data=d8cf040000000000
2026-07-07T15:28:16.668+00:00 CAN id=101 dlc=8 data=d8cf040000000000
2026-07-07T15:28:16.688+00:00 CAN id=101 dlc=8 data=d8cf040000000000
2026-07-07T15:28:16.708+00:00 CAN id=101 dlc=8 data=d8cf040000000000
2026-07-07T15:28:16.728+00:00 CAN id=101 dlc=8 data=d8cf040000000000
2026-07-07T15:28:16.732+00:00 VCP run=1 step=0 angle=316055 target=315352 err=-703 steer=-351 m1=0/-1932 i1=10 t1=29 m2=0/-1932 i2=-304 t2=28 steerMode=-1932/0 iSteer=-146875 driveMode=0/0 iDrive=156724 scale=0 wheel=0
2026-07-07T15:28:16.732+00:00 VCP run=1 step=0 angle=316055 target=315352 err=-703 steer=-351 m1=0/-1932 i1=4 t1=29 m2=0/-1932 i2=-309 t2=28 steerMode=-1932/0 iSteer=-152238 driveMode=0/0 iDrive=156724 scale=0 wheel=0
2026-07-07T15:28:16.748+00:00 CAN id=101 dlc=8 data=d8cf040000000000
2026-07-07T15:28:16.768+00:00 CAN id=101 dlc=8 data=d8cf040000000000
2026-07-07T15:28:16.788+00:00 CAN id=101 dlc=8 data=d8cf040000000000
2026-07-07T15:28:16.808+00:00 CAN id=101 dlc=8 data=d8cf040000000000
2026-07-07T15:28:16.828+00:00 CAN id=101 dlc=8 data=d8cf040000000000
2026-07-07T15:28:16.837+00:00 VCP run=1 step=0 angle=316055 target=315352 err=-703 steer=-351 m1=0/-1932 i1=0 t1=29 m2=0/-1932 i2=-314 t2=28 steerMode=-1932/-13 iSteer=-156927 driveMode=0/-13 iDrive=157129 scale=0 wheel=0
2026-07-07T15:28:16.848+00:00 CAN id=101 dlc=8 data=d8cf040000000000
2026-07-07T15:28:16.868+00:00 CAN id=101 dlc=8 data=d8cf040000000000
2026-07-07T15:28:16.888+00:00 CAN id=101 dlc=8 data=d8cf040000000000
2026-07-07T15:28:16.908+00:00 CAN id=101 dlc=8 data=d8cf040000000000
2026-07-07T15:28:16.928+00:00 CAN id=101 dlc=8 data=d8cf040000000000
2026-07-07T15:28:16.941+00:00 VCP run=1 step=0 angle=316055 target=315352 err=-703 steer=-351 m1=0/-1932 i1=-6 t1=29 m2=0/-1932 i2=-320 t2=28 steerMode=-1932/0 iSteer=-162863 driveMode=0/0 iDrive=156737 scale=0 wheel=0
2026-07-07T15:28:16.941+00:00 VCP SET_TARGET_RX steer=315352 wheel=0
2026-07-07T15:28:16.948+00:00 CAN id=101 dlc=8 data=d8cf040000000000
2026-07-07T15:28:16.968+00:00 CAN id=101 dlc=8 data=d8cf040000000000
2026-07-07T15:28:16.988+00:00 CAN id=101 dlc=8 data=d8cf040000000000
2026-07-07T15:28:17.008+00:00 CAN id=101 dlc=8 data=d8cf040000000000
2026-07-07T15:28:17.028+00:00 CAN id=101 dlc=8 data=d8cf040000000000
2026-07-07T15:28:17.046+00:00 VCP run=1 step=0 angle=316055 target=315352 err=-703 steer=-351 m1=0/-1932 i1=-11 t1=29 m2=0/-1932 i2=-325 t2=28 steerMode=-1932/-4 iSteer=-168004 driveMode=0/-4 iDrive=156852 scale=0 wheel=0
2026-07-07T15:28:17.048+00:00 CAN id=101 dlc=8 data=d8cf040000000000
2026-07-07T15:28:17.068+00:00 CAN id=101 dlc=8 data=d8cf040000000000
2026-07-07T15:28:17.088+00:00 CAN id=101 dlc=8 data=d8cf040000000000
2026-07-07T15:28:17.108+00:00 CAN id=101 dlc=8 data=d8cf040000000000
2026-07-07T15:28:17.128+00:00 CAN id=101 dlc=8 data=d8cf040000000000
2026-07-07T15:28:17.148+00:00 CAN id=101 dlc=8 data=d8cf040000000000
2026-07-07T15:28:17.168+00:00 CAN id=101 dlc=8 data=d8cf040000000000
2026-07-07T15:28:17.188+00:00 CAN id=101 dlc=8 data=d8cf040000000000
2026-07-07T15:28:17.208+00:00 CAN id=101 dlc=8 data=d8cf040000000000
2026-07-07T15:28:17.228+00:00 CAN id=101 dlc=8 data=d8cf040000000000
2026-07-07T15:28:17.236+00:00 VCP run=1 step=0 angle=316055 target=315352 err=-703 steer=-351 m1=0/-1932 i1=-17 t1=29 m2=0/-1932 i2=-330 t2=28 steerMode=-1932/-2 iSteer=-173353 driveMode=0/1 iDrive=156691 scale=0 wheel=0
2026-07-07T15:28:17.236+00:00 VCP run=1 step=0 angle=316055 target=315352 err=-703 steer=-351 m1=0/-1932 i1=-22 t1=29 m2=0/-1932 i2=-335 t2=28 steerMode=-1932/-3 iSteer=-178610 driveMode=0/3 iDrive=156634 scale=0 wheel=0
2026-07-07T15:28:17.248+00:00 CAN id=101 dlc=8 data=d8cf040000000000
2026-07-07T15:28:17.268+00:00 CAN id=101 dlc=8 data=d8cf040000000000
2026-07-07T15:28:17.288+00:00 CAN id=101 dlc=8 data=d8cf040000000000
2026-07-07T15:28:17.308+00:00 CAN id=101 dlc=8 data=d8cf040000000000
2026-07-07T15:28:17.328+00:00 CAN id=101 dlc=8 data=d8cf040000000000
2026-07-07T15:28:17.341+00:00 VCP run=1 step=0 angle=316055 target=315352 err=-703 steer=-351 m1=0/-1932 i1=-27 t1=29 m2=0/-1932 i2=-341 t2=28 steerMode=-1932/0 iSteer=-183971 driveMode=0/0 iDrive=156710 scale=0 wheel=0
2026-07-07T15:28:17.348+00:00 CAN id=101 dlc=8 data=d8cf040000000000
2026-07-07T15:28:17.368+00:00 CAN id=101 dlc=8 data=d8cf040000000000
2026-07-07T15:28:17.388+00:00 CAN id=101 dlc=8 data=d8cf040000000000
2026-07-07T15:28:17.408+00:00 CAN id=101 dlc=8 data=d8cf040000000000
2026-07-07T15:28:17.428+00:00 BENCH disable sent
2026-07-07T15:28:17.428+00:00 CAN id=121 dlc=2 data=0100
2026-07-07T15:28:17.428+00:00 CAN id=121 dlc=2 data=0100
2026-07-07T15:28:17.542+00:00 VCP run=1 step=0 angle=316055 target=315352 err=-703 steer=-351 m1=0/-1932 i1=-33 t1=29 m2=0/-1932 i2=-346 t2=28 steerMode=-1932/0 iSteer=-189319 driveMode=0/0 iDrive=156719 scale=0 wheel=0
2026-07-07T15:28:17.542+00:00 VCP UNIT_CTRL enable=0
2026-07-07T15:28:17.542+00:00 VCP UNIT_CTRL enable=0
2026-07-07T15:28:17.542+00:00 VCP STOP: disabled
2026-07-07T15:28:17.829+00:00 BENCH log closed
