2026-07-07T15:52:16.725+00:00 BENCH log opened: firmware/logs/rot90-ff.log
2026-07-07T15:52:16.725+00:00 BENCH run: steer=315.352deg (315352mdeg) wheel=300.0rpm (300000milli-rpm) rate=50.0Hz duration=10.0s steer_rate=90.0dps (90000mdeg/s)
2026-07-07T15:52:16.726+00:00 BENCH enable sent
2026-07-07T15:52:16.745+00:00 VCP IT_CTRL enable=0
2026-07-07T15:52:16.745+00:00 VCP UNIT_CTRL enable=0
2026-07-07T15:52:16.745+00:00 VCP UNIT_CTRL enable=1
2026-07-07T15:52:16.745+00:00 VCP SET_TARGET_FF_RX steerRate=90000 wheelAccel=0
2026-07-07T15:52:16.745+00:00 VCP SET_TARGET_RX steer=315352 wheel=300000
2026-07-07T15:52:16.745+00:00 VCP START_CAN: angle=358418 target=315352 wheelTarget=300000
2026-07-07T15:52:16.746+00:00 CAN id=111 dlc=8 data=905f010000000000
2026-07-07T15:52:16.746+00:00 CAN id=101 dlc=8 data=e0d60400e0930400
2026-07-07T15:52:16.766+00:00 CAN id=111 dlc=8 data=905f010000000000
2026-07-07T15:52:16.766+00:00 CAN id=101 dlc=8 data=e8dd0400e0930400
2026-07-07T15:52:16.786+00:00 CAN id=111 dlc=8 data=905f010000000000
2026-07-07T15:52:16.786+00:00 CAN id=101 dlc=8 data=f0e40400e0930400
2026-07-07T15:52:16.806+00:00 CAN id=111 dlc=8 data=905f010000000000
2026-07-07T15:52:16.806+00:00 CAN id=101 dlc=8 data=f8eb0400e0930400
2026-07-07T15:52:16.826+00:00 CAN id=111 dlc=8 data=905f010000000000
2026-07-07T15:52:16.826+00:00 CAN id=101 dlc=8 data=00f30400e0930400
2026-07-07T15:52:16.844+00:00 VCP run=1 step=0 angle=358418 target=315352 err=-43066 steer=-6000 m1=0/5500 i1=0 t1=29 m2=0/-22000 i2=-830 t2=29 steerMode=-8250/0 iSteer=-414975 driveMode=13750/0 iDrive=415250 scale=0 wheel=40000 ffS=15000
2026-07-07T15:52:16.846+00:00 CAN id=111 dlc=8 data=905f010000000000
2026-07-07T15:52:16.846+00:00 CAN id=101 dlc=8 data=08fa0400e0930400
2026-07-07T15:52:16.866+00:00 CAN id=111 dlc=8 data=905f010000000000
2026-07-07T15:52:16.866+00:00 CAN id=101 dlc=8 data=10010500e0930400
2026-07-07T15:52:16.886+00:00 CAN id=111 dlc=8 data=905f010000000000
2026-07-07T15:52:16.886+00:00 CAN id=101 dlc=8 data=18080500e0930400
2026-07-07T15:52:16.906+00:00 CAN id=111 dlc=8 data=905f010000000000
2026-07-07T15:52:16.906+00:00 CAN id=101 dlc=8 data=200f0500e0930400
2026-07-07T15:52:16.926+00:00 CAN id=111 dlc=8 data=905f010000000000
2026-07-07T15:52:16.926+00:00 CAN id=101 dlc=8 data=28160500e0930400
2026-07-07T15:52:16.946+00:00 CAN id=111 dlc=8 data=905f010000000000
2026-07-07T15:52:16.946+00:00 CAN id=101 dlc=8 data=301d0500e0930400
2026-07-07T15:52:16.946+00:00 VCP run=1 step=0 angle=349453 target=324352 err=-25101 steer=-35202 m1=299/54722 i1=1534 t1=29 m2=-2545/-151528 i2=-2012 t2=29 steerMode=-48403/-44699 iSteer=-238577 driveMode=103125/52325 iDrive=1773076 scale=0 wheel=300000 ffS=15000
2026-07-07T15:52:16.966+00:00 CAN id=111 dlc=8 data=905f010000000000
2026-07-07T15:52:16.966+00:00 CAN id=101 dlc=8 data=38240500e0930400
2026-07-07T15:52:16.986+00:00 CAN id=111 dlc=8 data=905f010000000000
2026-07-07T15:52:16.986+00:00 CAN id=101 dlc=8 data=402b0500e0930400
2026-07-07T15:52:17.006+00:00 CAN id=111 dlc=8 data=905f010000000000
2026-07-07T15:52:17.006+00:00 CAN id=101 dlc=8 data=48320500e0930400
2026-07-07T15:52:17.026+00:00 CAN id=111 dlc=8 data=905f010000000000
2026-07-07T15:52:17.026+00:00 CAN id=101 dlc=8 data=50390500e0930400
2026-07-07T15:52:17.046+00:00 CAN id=111 dlc=8 data=905f010000000000
2026-07-07T15:52:17.046+00:00 CAN id=101 dlc=8 data=58400500e0930400
2026-07-07T15:52:17.049+00:00 VCP run=1 step=0 angle=332666 target=333352 err=686 steer=16372 m1=2393/125637 i1=1604 t1=29 m2=-1840/-80613 i2=1579 t2=29 steerMode=22512/-8721 iSteer=1591566 driveMode=103125/111617 iDrive=12089 scale=0 wheel=300000 ffS=15000
2026-07-07T15:52:17.066+00:00 CAN id=111 dlc=8 data=905f010000000000
2026-07-07T15:52:17.066+00:00 CAN id=101 dlc=8 data=60470500e0930400
2026-07-07T15:52:17.086+00:00 CAN id=111 dlc=8 data=905f010000000000
2026-07-07T15:52:17.086+00:00 CAN id=101 dlc=8 data=684e0500e0930400
2026-07-07T15:52:17.106+00:00 CAN id=111 dlc=8 data=905f010000000000
2026-07-07T15:52:17.106+00:00 CAN id=101 dlc=8 data=70550500e0930400
2026-07-07T15:52:17.126+00:00 CAN id=111 dlc=8 data=905f010000000000
2026-07-07T15:52:17.126+00:00 CAN id=101 dlc=8 data=785c0500e0930400
2026-07-07T15:52:17.146+00:00 CAN id=111 dlc=8 data=905f010000000000
2026-07-07T15:52:17.146+00:00 CAN id=101 dlc=8 data=80630500e0930400
2026-07-07T15:52:17.151+00:00 VCP run=1 step=0 angle=345322 target=342352 err=-2970 steer=9060 m1=2232/115582 i1=-225 t1=29 m2=-1777/-90668 i2=-636 t2=29 steerMode=12457/21221 iSteer=-430581 driveMode=103125/104880 iDrive=205905 scale=0 wheel=300000 ffS=15000
2026-07-07T15:52:17.166+00:00 CAN id=111 dlc=8 data=905f010000000000
2026-07-07T15:52:17.166+00:00 CAN id=101 dlc=8 data=886a0500e0930400
2026-07-07T15:52:17.186+00:00 CAN id=111 dlc=8 data=905f010000000000
2026-07-07T15:52:17.186+00:00 CAN id=101 dlc=8 data=90710500e0930400
2026-07-07T15:52:17.206+00:00 CAN id=111 dlc=8 data=905f010000000000
2026-07-07T15:52:17.206+00:00 CAN id=101 dlc=8 data=98780500e0930400
2026-07-07T15:52:17.226+00:00 CAN id=111 dlc=8 data=905f010000000000
2026-07-07T15:52:17.226+00:00 CAN id=101 dlc=8 data=60010000e0930400
2026-07-07T15:52:17.246+00:00 CAN id=111 dlc=8 data=905f010000000000
2026-07-07T15:52:17.246+00:00 CAN id=101 dlc=8 data=68080000e0930400
2026-07-07T15:52:17.247+00:00 VCP run=1 step=0 angle=350596 target=351352 err=756 steer=16513 m1=2400/125830 i1=478 t1=29 m2=-1528/-80420 i2=-9 t2=29 steerMode=22705/18513 iSteer=234672 driveMode=103125/103576 iDrive=243279 scale=0 wheel=300000 ffS=15000
2026-07-07T15:52:17.247+00:00 VCP SET_TARGET_FF_RX steerRate=90000 wheelAccel=0
2026-07-07T15:52:17.247+00:00 VCP SET_TARGET_RX steer=352 wheel=300000
2026-07-07T15:52:17.266+00:00 CAN id=111 dlc=8 data=905f010000000000
2026-07-07T15:52:17.266+00:00 CAN id=101 dlc=8 data=700f0000e0930400
2026-07-07T15:52:17.286+00:00 CAN id=111 dlc=8 data=905f010000000000
2026-07-07T15:52:17.286+00:00 CAN id=101 dlc=8 data=78160000e0930400
2026-07-07T15:52:17.306+00:00 CAN id=111 dlc=8 data=905f010000000000
2026-07-07T15:52:17.306+00:00 CAN id=101 dlc=8 data=801d0000e0930400
2026-07-07T15:52:17.326+00:00 CAN id=111 dlc=8 data=905f010000000000
2026-07-07T15:52:17.326+00:00 CAN id=101 dlc=8 data=88240000e0930400
2026-07-07T15:52:17.346+00:00 CAN id=111 dlc=8 data=905f010000000000
2026-07-07T15:52:17.346+00:00 CAN id=101 dlc=8 data=902b0000e0930400
2026-07-07T15:52:17.350+00:00 VCP run=1 step=0 angle=1055 target=352 err=-703 steer=13595 m1=2299/121818 i1=211 t1=29 m2=-1706/-84432 i2=-253 t2=29 steerMode=18693/19339 iSteer=-20970 driveMode=103125/103939 iDrive=231821 scale=0 wheel=300000 ffS=15000
2026-07-07T15:52:17.366+00:00 CAN id=111 dlc=8 data=905f010000000000
2026-07-07T15:52:17.366+00:00 CAN id=101 dlc=8 data=98320000e0930400
2026-07-07T15:52:17.386+00:00 CAN id=111 dlc=8 data=905f010000000000
2026-07-07T15:52:17.386+00:00 CAN id=101 dlc=8 data=a0390000e0930400
2026-07-07T15:52:17.406+00:00 CAN id=111 dlc=8 data=905f010000000000
2026-07-07T15:52:17.406+00:00 CAN id=101 dlc=8 data=a8400000e0930400
2026-07-07T15:52:17.426+00:00 CAN id=111 dlc=8 data=905f010000000000
2026-07-07T15:52:17.426+00:00 CAN id=101 dlc=8 data=b0470000e0930400
2026-07-07T15:52:17.446+00:00 CAN id=111 dlc=8 data=905f010000000000
2026-07-07T15:52:17.446+00:00 CAN id=101 dlc=8 data=b84e0000e0930400
2026-07-07T15:52:17.453+00:00 VCP run=1 step=0 angle=8965 target=9352 err=387 steer=15526 m1=2454/124473 i1=238 t1=29 m2=-1591/-81777 i2=-98 t2=29 steerMode=21348/20360 iSteer=69659 driveMode=103125/105927 iDrive=168054 scale=0 wheel=300000 ffS=15000
2026-07-07T15:52:17.466+00:00 CAN id=111 dlc=8 data=905f010000000000
2026-07-07T15:52:17.466+00:00 CAN id=101 dlc=8 data=c0550000e0930400
2026-07-07T15:52:17.486+00:00 CAN id=111 dlc=8 data=905f010000000000
2026-07-07T15:52:17.486+00:00 CAN id=101 dlc=8 data=c85c0000e0930400
2026-07-07T15:52:17.506+00:00 CAN id=111 dlc=8 data=905f010000000000
2026-07-07T15:52:17.506+00:00 CAN id=101 dlc=8 data=d0630000e0930400
2026-07-07T15:52:17.526+00:00 CAN id=111 dlc=8 data=905f010000000000
2026-07-07T15:52:17.526+00:00 CAN id=101 dlc=8 data=d86a0000e0930400
2026-07-07T15:52:17.546+00:00 CAN id=111 dlc=8 data=905f010000000000
2026-07-07T15:52:17.546+00:00 CAN id=101 dlc=8 data=e0710000e0930400
2026-07-07T15:52:17.566+00:00 CAN id=111 dlc=8 data=905f010000000000
2026-07-07T15:52:17.566+00:00 CAN id=101 dlc=8 data=e8780000e0930400
2026-07-07T15:52:17.586+00:00 CAN id=111 dlc=8 data=905f010000000000
2026-07-07T15:52:17.586+00:00 CAN id=101 dlc=8 data=f07f0000e0930400
2026-07-07T15:52:17.606+00:00 CAN id=111 dlc=8 data=905f010000000000
2026-07-07T15:52:17.606+00:00 CAN id=101 dlc=8 data=f8860000e0930400
2026-07-07T15:52:17.626+00:00 CAN id=111 dlc=8 data=905f010000000000
2026-07-07T15:52:17.626+00:00 CAN id=101 dlc=8 data=008e0000e0930400
2026-07-07T15:52:17.637+00:00 VCP run=1 step=0 angle=18545 target=18352 err=-193 steer=15000 m1=2368/123750 i1=206 t1=29 m2=-1679/-82500 i2=-134 t2=29 steerMode=20625/20220 iSteer=35975 driveMode=103125/105723 iDrive=169550 scale=0 wheel=300000 ffS=15000
2026-07-07T15:52:17.637+00:00 VCP run=1 step=0 angle=27598 target=27352 err=-246 steer=15000 m1=2379/123750 i1=240 t1=29 m2=-1622/-82500 i2=-147 t2=29 steerMode=20625/20034 iSteer=46286 driveMode=103125/104787 iDrive=193656 scale=0 wheel=300000 ffS=15000
2026-07-07T15:52:17.646+00:00 CAN id=111 dlc=8 data=905f010000000000
2026-07-07T15:52:17.646+00:00 CAN id=101 dlc=8 data=08950000e0930400
2026-07-07T15:52:17.666+00:00 CAN id=111 dlc=8 data=905f010000000000
2026-07-07T15:52:17.666+00:00 CAN id=101 dlc=8 data=109c0000e0930400
2026-07-07T15:52:17.686+00:00 CAN id=111 dlc=8 data=905f010000000000
2026-07-07T15:52:17.686+00:00 CAN id=101 dlc=8 data=18a30000e0930400
2026-07-07T15:52:17.706+00:00 CAN id=111 dlc=8 data=905f010000000000
2026-07-07T15:52:17.706+00:00 CAN id=101 dlc=8 data=20aa0000e0930400
2026-07-07T15:52:17.726+00:00 CAN id=111 dlc=8 data=905f010000000000
2026-07-07T15:52:17.726+00:00 CAN id=101 dlc=8 data=28b10000e0930400
2026-07-07T15:52:17.731+00:00 VCP run=1 step=0 angle=35859 target=36352 err=493 steer=15561 m1=2404/124521 i1=215 t1=29 m2=-1595/-81729 i2=-147 t2=29 steerMode=21396/21064 iSteer=34252 driveMode=103125/105123 iDrive=181031 scale=0 wheel=300000 ffS=15000
2026-07-07T15:52:17.731+00:00 VCP SET_TARGET_FF_RX steerRate=90000 wheelAccel=0
2026-07-07T15:52:17.746+00:00 CAN id=111 dlc=8 data=905f010000000000
2026-07-07T15:52:17.746+00:00 CAN id=101 dlc=8 data=30b80000e0930400
2026-07-07T15:52:17.766+00:00 CAN id=111 dlc=8 data=905f010000000000
2026-07-07T15:52:17.766+00:00 CAN id=101 dlc=8 data=38bf0000e0930400
2026-07-07T15:52:17.786+00:00 CAN id=111 dlc=8 data=905f010000000000
2026-07-07T15:52:17.786+00:00 CAN id=101 dlc=8 data=40c60000e0930400
2026-07-07T15:52:17.806+00:00 CAN id=111 dlc=8 data=905f010000000000
2026-07-07T15:52:17.806+00:00 CAN id=101 dlc=8 data=48cd0000e0930400
2026-07-07T15:52:17.826+00:00 CAN id=111 dlc=8 data=905f010000000000
2026-07-07T15:52:17.826+00:00 CAN id=101 dlc=8 data=50d40000e0930400
2026-07-07T15:52:17.835+00:00 VCP SET_TARGET_RX steer=45352 wheel=300000
2026-07-07T15:52:17.835+00:00 VCP run=1 step=0 angle=45703 target=45352 err=-351 steer=15000 m1=2347/123750 i1=255 t1=29 m2=-1639/-82500 i2=-120 t2=29 steerMode=20625/19571 iSteer=67714 driveMode=103125/104790 iDrive=187323 scale=0 wheel=300000 ffS=15000
2026-07-07T15:52:17.846+00:00 CAN id=111 dlc=8 data=905f010000000000
2026-07-07T15:52:17.846+00:00 CAN id=101 dlc=8 data=58db0000e0930400
2026-07-07T15:52:17.866+00:00 CAN id=111 dlc=8 data=905f010000000000
2026-07-07T15:52:17.866+00:00 CAN id=101 dlc=8 data=60e20000e0930400
2026-07-07T15:52:17.886+00:00 CAN id=111 dlc=8 data=905f010000000000
2026-07-07T15:52:17.886+00:00 CAN id=101 dlc=8 data=68e90000e0930400
2026-07-07T15:52:17.906+00:00 CAN id=111 dlc=8 data=905f010000000000
2026-07-07T15:52:17.906+00:00 CAN id=101 dlc=8 data=70f00000e0930400
2026-07-07T15:52:17.926+00:00 CAN id=111 dlc=8 data=905f010000000000
2026-07-07T15:52:17.926+00:00 CAN id=101 dlc=8 data=78f70000e0930400
2026-07-07T15:52:17.938+00:00 VCP run=1 step=0 angle=53525 target=54352 err=827 steer=16653 m1=2435/126023 i1=273 t1=29 m2=-1570/-80227 i2=-77 t2=29 steerMode=22898/21322 iSteer=98065 driveMode=103125/105085 iDrive=175257 scale=0 wheel=300000 ffS=15000
2026-07-07T15:52:17.946+00:00 CAN id=111 dlc=8 data=905f010000000000
2026-07-07T15:52:17.946+00:00 CAN id=101 dlc=8 data=80fe0000e0930400
2026-07-07T15:52:17.966+00:00 CAN id=111 dlc=8 data=905f010000000000
2026-07-07T15:52:17.966+00:00 CAN id=101 dlc=8 data=88050100e0930400
2026-07-07T15:52:17.986+00:00 CAN id=111 dlc=8 data=905f010000000000
2026-07-07T15:52:17.986+00:00 CAN id=101 dlc=8 data=900c0100e0930400
2026-07-07T15:52:18.006+00:00 CAN id=111 dlc=8 data=905f010000000000
2026-07-07T15:52:18.006+00:00 CAN id=101 dlc=8 data=98130100e0930400
2026-07-07T15:52:18.026+00:00 CAN id=111 dlc=8 data=905f010000000000
2026-07-07T15:52:18.026+00:00 CAN id=101 dlc=8 data=a01a0100e0930400
2026-07-07T15:52:18.042+00:00 VCP run=1 step=0 angle=63721 target=63352 err=-369 steer=15000 m1=2358/123750 i1=183 t1=29 m2=-1616/-82500 i2=-182 t2=29 steerMode=20625/20903 iSteer=309 driveMode=103125/104739 iDrive=182331 scale=0 wheel=300000 ffS=15000
2026-07-07T15:52:18.046+00:00 CAN id=111 dlc=8 data=905f010000000000
2026-07-07T15:52:18.046+00:00 CAN id=101 dlc=8 data=a8210100e0930400
2026-07-07T15:52:18.066+00:00 CAN id=111 dlc=8 data=905f010000000000
2026-07-07T15:52:18.066+00:00 CAN id=101 dlc=8 data=b0280100e0930400
2026-07-07T15:52:18.086+00:00 CAN id=111 dlc=8 data=905f010000000000
2026-07-07T15:52:18.086+00:00 CAN id=101 dlc=8 data=b82f0100e0930400
2026-07-07T15:52:18.106+00:00 CAN id=111 dlc=8 data=905f010000000000
2026-07-07T15:52:18.106+00:00 CAN id=101 dlc=8 data=c0360100e0930400
2026-07-07T15:52:18.126+00:00 CAN id=111 dlc=8 data=905f010000000000
2026-07-07T15:52:18.126+00:00 CAN id=101 dlc=8 data=c83d0100e0930400
2026-07-07T15:52:18.145+00:00 VCP run=1 step=0 angle=71895 target=72352 err=457 steer=15491 m1=2383/124425 i1=263 t1=29 m2=-1622/-81825 i2=-81 t2=29 steerMode=21300/19778 iSteer=90996 driveMode=103125/104975 iDrive=172061 scale=0 wheel=300000 ffS=15000
2026-07-07T15:52:18.146+00:00 CAN id=111 dlc=8 data=905f010000000000
2026-07-07T15:52:18.146+00:00 CAN id=101 dlc=8 data=d0440100e0930400
2026-07-07T15:52:18.166+00:00 CAN id=111 dlc=8 data=905f010000000000
2026-07-07T15:52:18.166+00:00 CAN id=101 dlc=8 data=d84b0100e0930400
2026-07-07T15:52:18.186+00:00 CAN id=111 dlc=8 data=905f010000000000
2026-07-07T15:52:18.186+00:00 CAN id=101 dlc=8 data=e0520100e0930400
2026-07-07T15:52:18.206+00:00 CAN id=111 dlc=8 data=905f010000000000
2026-07-07T15:52:18.206+00:00 CAN id=101 dlc=8 data=e8590100e0930400
2026-07-07T15:52:18.226+00:00 CAN id=111 dlc=8 data=905f010000000000
2026-07-07T15:52:18.226+00:00 CAN id=101 dlc=8 data=f0600100e0930400
2026-07-07T15:52:18.240+00:00 VCP run=1 step=0 angle=81563 target=81352 err=-210 steer=15000 m1=2385/123750 i1=190 t1=29 m2=-1587/-82500 i2=-168 t2=29 steerMode=20625/20683 iSteer=10766 driveMode=103125/104629 iDrive=179054 scale=0 wheel=300000 ffS=15000
2026-07-07T15:52:18.240+00:00 VCP SET_TARGET_FF_RX steerRate=90000 wheelAccel=0
2026-07-07T15:52:18.240+00:00 VCP SET_TARGET_RX steer=90352 wheel=300000
2026-07-07T15:52:18.246+00:00 CAN id=111 dlc=8 data=905f010000000000
2026-07-07T15:52:18.246+00:00 CAN id=101 dlc=8 data=f8670100e0930400
2026-07-07T15:52:18.266+00:00 CAN id=111 dlc=8 data=905f010000000000
2026-07-07T15:52:18.266+00:00 CAN id=101 dlc=8 data=006f0100e0930400
2026-07-07T15:52:18.286+00:00 CAN id=111 dlc=8 data=905f010000000000
2026-07-07T15:52:18.286+00:00 CAN id=101 dlc=8 data=08760100e0930400
2026-07-07T15:52:18.306+00:00 CAN id=111 dlc=8 data=905f010000000000
2026-07-07T15:52:18.306+00:00 CAN id=101 dlc=8 data=107d0100e0930400
2026-07-07T15:52:18.326+00:00 CAN id=111 dlc=8 data=905f010000000000
2026-07-07T15:52:18.326+00:00 CAN id=101 dlc=8 data=18840100e0930400
2026-07-07T15:52:18.343+00:00 VCP run=1 step=0 angle=90088 target=90352 err=264 steer=15000 m1=2402/123750 i1=176 t1=29 m2=-1585/-82500 i2=-161 t2=29 steerMode=20625/20759 iSteer=7420 driveMode=103125/104880 iDrive=168788 scale=0 wheel=300000 ffS=15000
2026-07-07T15:52:18.346+00:00 CAN id=111 dlc=8 data=905f010000000000
2026-07-07T15:52:18.346+00:00 CAN id=101 dlc=8 data=208b0100e0930400
2026-07-07T15:52:18.366+00:00 CAN id=111 dlc=8 data=905f010000000000
2026-07-07T15:52:18.366+00:00 CAN id=101 dlc=8 data=28920100e0930400
2026-07-07T15:52:18.386+00:00 CAN id=111 dlc=8 data=905f010000000000
2026-07-07T15:52:18.386+00:00 CAN id=101 dlc=8 data=30990100e0930400
2026-07-07T15:52:18.406+00:00 CAN id=111 dlc=8 data=905f010000000000
2026-07-07T15:52:18.406+00:00 CAN id=101 dlc=8 data=38a00100e0930400
2026-07-07T15:52:18.426+00:00 CAN id=111 dlc=8 data=905f010000000000
2026-07-07T15:52:18.426+00:00 CAN id=101 dlc=8 data=40a70100e0930400
2026-07-07T15:52:18.446+00:00 CAN id=111 dlc=8 data=905f010000000000
2026-07-07T15:52:18.446+00:00 CAN id=101 dlc=8 data=48ae0100e0930400
2026-07-07T15:52:18.446+00:00 VCP run=1 step=0 angle=98789 target=99352 err=563 steer=16126 m1=2383/125298 i1=287 t1=29 m2=-1595/-80952 i2=-89 t2=29 steerMode=22173/20484 iSteer=99057 driveMode=103125/104145 iDrive=188252 scale=0 wheel=300000 ffS=15000
2026-07-07T15:52:18.466+00:00 CAN id=111 dlc=8 data=905f010000000000
2026-07-07T15:52:18.466+00:00 CAN id=101 dlc=8 data=50b50100e0930400
2026-07-07T15:52:18.486+00:00 CAN id=111 dlc=8 data=905f010000000000
2026-07-07T15:52:18.486+00:00 CAN id=101 dlc=8 data=58bc0100e0930400
2026-07-07T15:52:18.506+00:00 CAN id=111 dlc=8 data=905f010000000000
2026-07-07T15:52:18.506+00:00 CAN id=101 dlc=8 data=60c30100e0930400
2026-07-07T15:52:18.526+00:00 CAN id=111 dlc=8 data=905f010000000000
2026-07-07T15:52:18.526+00:00 CAN id=101 dlc=8 data=68ca0100e0930400
2026-07-07T15:52:18.546+00:00 CAN id=111 dlc=8 data=905f010000000000
2026-07-07T15:52:18.546+00:00 CAN id=101 dlc=8 data=70d10100e0930400
2026-07-07T15:52:18.549+00:00 VCP run=1 step=0 angle=108193 target=108352 err=159 steer=15000 m1=2364/123750 i1=190 t1=29 m2=-1488/-82500 i2=-277 t2=29 steerMode=20625/21776 iSteer=-43784 driveMode=103125/102587 iDrive=233307 scale=0 wheel=300000 ffS=15000
2026-07-07T15:52:18.566+00:00 CAN id=111 dlc=8 data=905f010000000000
2026-07-07T15:52:18.566+00:00 CAN id=101 dlc=8 data=78d80100e0930400
2026-07-07T15:52:18.586+00:00 CAN id=111 dlc=8 data=905f010000000000
2026-07-07T15:52:18.586+00:00 CAN id=101 dlc=8 data=80df0100e0930400
2026-07-07T15:52:18.606+00:00 CAN id=111 dlc=8 data=905f010000000000
2026-07-07T15:52:18.606+00:00 CAN id=101 dlc=8 data=88e60100e0930400
2026-07-07T15:52:18.626+00:00 CAN id=111 dlc=8 data=905f010000000000
2026-07-07T15:52:18.626+00:00 CAN id=101 dlc=8 data=90ed0100e0930400
2026-07-07T15:52:18.646+00:00 CAN id=111 dlc=8 data=905f010000000000
2026-07-07T15:52:18.646+00:00 CAN id=101 dlc=8 data=98f40100e0930400
2026-07-07T15:52:18.652+00:00 VCP run=1 step=0 angle=117158 target=117352 err=194 steer=15000 m1=2324/123750 i1=263 t1=29 m2=-1578/-82500 i2=-192 t2=29 steerMode=20625/20143 iSteer=35200 driveMode=103125/102811 iDrive=227596 scale=0 wheel=300000 ffS=15000
2026-07-07T15:52:18.666+00:00 CAN id=111 dlc=8 data=905f010000000000
2026-07-07T15:52:18.666+00:00 CAN id=101 dlc=8 data=a0fb0100e0930400
2026-07-07T15:52:18.686+00:00 CAN id=111 dlc=8 data=905f010000000000
2026-07-07T15:52:18.686+00:00 CAN id=101 dlc=8 data=a8020200e0930400
2026-07-07T15:52:18.706+00:00 CAN id=111 dlc=8 data=905f010000000000
2026-07-07T15:52:18.706+00:00 CAN id=101 dlc=8 data=b0090200e0930400
2026-07-07T15:52:18.726+00:00 CAN id=111 dlc=8 data=905f010000000000
2026-07-07T15:52:18.726+00:00 CAN id=101 dlc=8 data=b8100200e0930400
2026-07-07T15:52:18.746+00:00 CAN id=111 dlc=8 data=905f010000000000
2026-07-07T15:52:18.746+00:00 CAN id=101 dlc=8 data=c0170200e0930400
2026-07-07T15:52:18.747+00:00 VCP run=1 step=0 angle=126123 target=126352 err=229 steer=15000 m1=2379/123750 i1=176 t1=29 m2=-1599/-82500 i2=-198 t2=29 steerMode=20625/21064 iSteer=-10996 driveMode=103125/104162 iDrive=186647 scale=0 wheel=300000 ffS=15000
2026-07-07T15:52:18.747+00:00 VCP SET_TARGET_FF_RX steerRate=90000 wheelAccel=0
2026-07-07T15:52:18.747+00:00 VCP SET_TARGET_RX steer=135352 wheel=300000
2026-07-07T15:52:18.766+00:00 CAN id=111 dlc=8 data=905f010000000000
2026-07-07T15:52:18.766+00:00 CAN id=101 dlc=8 data=c81e0200e0930400
2026-07-07T15:52:18.786+00:00 CAN id=111 dlc=8 data=905f010000000000
2026-07-07T15:52:18.786+00:00 CAN id=101 dlc=8 data=d0250200e0930400
2026-07-07T15:52:18.806+00:00 CAN id=111 dlc=8 data=905f010000000000
2026-07-07T15:52:18.806+00:00 CAN id=101 dlc=8 data=d82c0200e0930400
2026-07-07T15:52:18.826+00:00 CAN id=111 dlc=8 data=905f010000000000
2026-07-07T15:52:18.826+00:00 CAN id=101 dlc=8 data=e0330200e0930400
2026-07-07T15:52:18.846+00:00 CAN id=111 dlc=8 data=905f010000000000
2026-07-07T15:52:18.846+00:00 CAN id=101 dlc=8 data=e83a0200e0930400
2026-07-07T15:52:18.850+00:00 VCP run=1 step=0 angle=135000 target=135352 err=352 steer=15000 m1=2370/123750 i1=205 t1=29 m2=-1631/-82500 i2=-115 t2=29 steerMode=20625/19941 iSteer=45000 driveMode=103125/104944 iDrive=160455 scale=0 wheel=300000 ffS=15000
2026-07-07T15:52:18.866+00:00 CAN id=111 dlc=8 data=905f010000000000
2026-07-07T15:52:18.866+00:00 CAN id=101 dlc=8 data=f0410200e0930400
2026-07-07T15:52:18.886+00:00 CAN id=111 dlc=8 data=905f010000000000
2026-07-07T15:52:18.886+00:00 CAN id=101 dlc=8 data=f8480200e0930400
2026-07-07T15:52:18.906+00:00 CAN id=111 dlc=8 data=905f010000000000
2026-07-07T15:52:18.906+00:00 CAN id=101 dlc=8 data=00500200e0930400
2026-07-07T15:52:18.926+00:00 CAN id=111 dlc=8 data=905f010000000000
2026-07-07T15:52:18.926+00:00 CAN id=101 dlc=8 data=08570200e0930400
2026-07-07T15:52:18.946+00:00 CAN id=111 dlc=8 data=905f010000000000
2026-07-07T15:52:18.946+00:00 CAN id=101 dlc=8 data=105e0200e0930400
2026-07-07T15:52:18.953+00:00 VCP run=1 step=0 angle=143613 target=144352 err=739 steer=16477 m1=2412/125781 i1=248 t1=29 m2=-1576/-80469 i2=-97 t2=29 steerMode=22656/21433 iSteer=75137 driveMode=103125/104446 iDrive=172594 scale=0 wheel=300000 ffS=15000
2026-07-07T15:52:18.966+00:00 CAN id=111 dlc=8 data=905f010000000000
2026-07-07T15:52:18.966+00:00 CAN id=101 dlc=8 data=18650200e0930400
2026-07-07T15:52:18.986+00:00 CAN id=111 dlc=8 data=905f010000000000
2026-07-07T15:52:18.986+00:00 CAN id=101 dlc=8 data=206c0200e0930400
2026-07-07T15:52:19.006+00:00 CAN id=111 dlc=8 data=905f010000000000
2026-07-07T15:52:19.006+00:00 CAN id=101 dlc=8 data=28730200e0930400
2026-07-07T15:52:19.026+00:00 CAN id=111 dlc=8 data=905f010000000000
2026-07-07T15:52:19.026+00:00 CAN id=101 dlc=8 data=307a0200e0930400
2026-07-07T15:52:19.046+00:00 CAN id=111 dlc=8 data=905f010000000000
2026-07-07T15:52:19.046+00:00 CAN id=101 dlc=8 data=38810200e0930400
2026-07-07T15:52:19.066+00:00 CAN id=111 dlc=8 data=905f010000000000
2026-07-07T15:52:19.066+00:00 CAN id=101 dlc=8 data=40880200e0930400
2026-07-07T15:52:19.086+00:00 CAN id=111 dlc=8 data=905f010000000000
2026-07-07T15:52:19.086+00:00 CAN id=101 dlc=8 data=488f0200e0930400
2026-07-07T15:52:19.106+00:00 CAN id=111 dlc=8 data=905f010000000000
2026-07-07T15:52:19.106+00:00 CAN id=101 dlc=8 data=50960200e0930400
2026-07-07T15:52:19.126+00:00 CAN id=111 dlc=8 data=905f010000000000
2026-07-07T15:52:19.126+00:00 CAN id=101 dlc=8 data=589d0200e0930400
2026-07-07T15:52:19.136+00:00 VCP run=1 step=0 angle=153457 target=153352 err=-105 steer=15000 m1=2343/123750 i1=193 t1=29 m2=-1570/-82500 i2=-237 t2=29 steerMode=20625/21272 iSteer=-21776 driveMode=103125/102994 iDrive=214801 scale=0 wheel=300000 ffS=15000
2026-07-07T15:52:19.136+00:00 VCP run=1 step=0 angle=161982 target=162352 err=370 steer=15000 m1=2377/123750 i1=266 t1=29 m2=-1580/-82500 i2=-139 t2=29 steerMode=20625/19597 iSteer=63495 driveMode=103125/103419 iDrive=202116 scale=0 wheel=300000 ffS=15000
2026-07-07T15:52:19.146+00:00 CAN id=111 dlc=8 data=905f010000000000
2026-07-07T15:52:19.146+00:00 CAN id=101 dlc=8 data=60a40200e0930400
2026-07-07T15:52:19.166+00:00 CAN id=111 dlc=8 data=905f010000000000
2026-07-07T15:52:19.166+00:00 CAN id=101 dlc=8 data=68ab0200e0930400
2026-07-07T15:52:19.186+00:00 CAN id=111 dlc=8 data=905f010000000000
2026-07-07T15:52:19.186+00:00 CAN id=101 dlc=8 data=70b20200e0930400
2026-07-07T15:52:19.206+00:00 CAN id=111 dlc=8 data=905f010000000000
2026-07-07T15:52:19.206+00:00 CAN id=101 dlc=8 data=78b90200e0930400
2026-07-07T15:52:19.226+00:00 CAN id=111 dlc=8 data=905f010000000000
2026-07-07T15:52:19.226+00:00 CAN id=101 dlc=8 data=80c00200e0930400
2026-07-07T15:52:19.230+00:00 VCP run=1 step=0 angle=171299 target=171352 err=53 steer=15000 m1=2347/123750 i1=221 t1=29 m2=-1572/-82500 i2=-195 t2=29 steerMode=20625/20594 iSteer=12984 driveMode=103125/103232 iDrive=207661 scale=0 wheel=300000 ffS=15000
2026-07-07T15:52:19.230+00:00 VCP SET_TARGET_FF_RX steerRate=90000 wheelAccel=0
2026-07-07T15:52:19.246+00:00 CAN id=111 dlc=8 data=905f010000000000
2026-07-07T15:52:19.246+00:00 CAN id=101 dlc=8 data=88c70200e0930400
2026-07-07T15:52:19.254+00:00 VCP SET_TARGET_RX steer=180352 wheel=300000
2026-07-07T15:52:19.266+00:00 CAN id=111 dlc=8 data=905f010000000000
2026-07-07T15:52:19.266+00:00 CAN id=101 dlc=8 data=90ce0200e0930400
2026-07-07T15:52:19.286+00:00 CAN id=111 dlc=8 data=905f010000000000
2026-07-07T15:52:19.286+00:00 CAN id=101 dlc=8 data=98d50200e0930400
2026-07-07T15:52:19.306+00:00 CAN id=111 dlc=8 data=905f010000000000
2026-07-07T15:52:19.306+00:00 CAN id=101 dlc=8 data=a0dc0200e0930400
2026-07-07T15:52:19.326+00:00 CAN id=111 dlc=8 data=905f010000000000
2026-07-07T15:52:19.326+00:00 CAN id=101 dlc=8 data=a8e30200e0930400
2026-07-07T15:52:19.346+00:00 CAN id=111 dlc=8 data=905f010000000000
2026-07-07T15:52:19.346+00:00 CAN id=101 dlc=8 data=b0ea0200e0930400
2026-07-07T15:52:19.366+00:00 CAN id=111 dlc=8 data=905f010000000000
2026-07-07T15:52:19.366+00:00 CAN id=101 dlc=8 data=b8f10200e0930400
2026-07-07T15:52:19.386+00:00 CAN id=111 dlc=8 data=905f010000000000
2026-07-07T15:52:19.386+00:00 CAN id=101 dlc=8 data=c0f80200e0930400
2026-07-07T15:52:19.406+00:00 CAN id=111 dlc=8 data=905f010000000000
2026-07-07T15:52:19.406+00:00 CAN id=101 dlc=8 data=c8ff0200e0930400
2026-07-07T15:52:19.426+00:00 CAN id=111 dlc=8 data=905f010000000000
2026-07-07T15:52:19.426+00:00 CAN id=101 dlc=8 data=d0060300e0930400
2026-07-07T15:52:19.437+00:00 VCP run=1 step=0 angle=180088 target=180352 err=264 steer=15000 m1=2356/123750 i1=215 t1=29 m2=-1578/-82500 i2=-186 t2=29 steerMode=20625/20561 iSteer=14588 driveMode=103125/103444 iDrive=200630 scale=0 wheel=300000 ffS=15000
2026-07-07T15:52:19.437+00:00 VCP run=1 step=0 angle=189229 target=189352 err=123 steer=15000 m1=2339/123750 i1=238 t1=29 m2=-1560/-82500 i2=-174 t2=29 steerMode=20625/20196 iSteer=32044 driveMode=103125/103276 iDrive=205674 scale=0 wheel=300000 ffS=15000
2026-07-07T15:52:19.446+00:00 CAN id=111 dlc=8 data=905f010000000000
2026-07-07T15:52:19.446+00:00 CAN id=101 dlc=8 data=d80d0300e0930400
2026-07-07T15:52:19.466+00:00 CAN id=111 dlc=8 data=905f010000000000
2026-07-07T15:52:19.466+00:00 CAN id=101 dlc=8 data=e0140300e0930400
2026-07-07T15:52:19.486+00:00 CAN id=111 dlc=8 data=905f010000000000
2026-07-07T15:52:19.486+00:00 CAN id=101 dlc=8 data=e81b0300e0930400
2026-07-07T15:52:19.506+00:00 CAN id=111 dlc=8 data=905f010000000000
2026-07-07T15:52:19.506+00:00 CAN id=101 dlc=8 data=f0220300e0930400
2026-07-07T15:52:19.526+00:00 CAN id=111 dlc=8 data=905f010000000000
2026-07-07T15:52:19.526+00:00 CAN id=101 dlc=8 data=f8290300e0930400
2026-07-07T15:52:19.540+00:00 VCP run=1 step=0 angle=198193 target=198352 err=159 steer=15000 m1=2335/123750 i1=252 t1=29 m2=-1599/-82500 i2=-170 t2=29 steerMode=20625/20031 iSteer=40798 driveMode=103125/103077 iDrive=211247 scale=0 wheel=300000 ffS=15000
2026-07-07T15:52:19.546+00:00 CAN id=111 dlc=8 data=905f010000000000
2026-07-07T15:52:19.546+00:00 CAN id=101 dlc=8 data=00310300e0930400
2026-07-07T15:52:19.566+00:00 CAN id=111 dlc=8 data=905f010000000000
2026-07-07T15:52:19.566+00:00 CAN id=101 dlc=8 data=08380300e0930400
2026-07-07T15:52:19.586+00:00 CAN id=111 dlc=8 data=905f010000000000
2026-07-07T15:52:19.586+00:00 CAN id=101 dlc=8 data=103f0300e0930400
2026-07-07T15:52:19.606+00:00 CAN id=111 dlc=8 data=905f010000000000
2026-07-07T15:52:19.606+00:00 CAN id=101 dlc=8 data=18460300e0930400
2026-07-07T15:52:19.626+00:00 CAN id=111 dlc=8 data=905f010000000000
2026-07-07T15:52:19.626+00:00 CAN id=101 dlc=8 data=204d0300e0930400
2026-07-07T15:52:19.643+00:00 VCP run=1 step=0 angle=207158 target=207352 err=194 steer=15000 m1=2343/123750 i1=254 t1=29 m2=-1618/-82500 i2=-147 t2=29 steerMode=20625/19798 iSteer=53351 driveMode=103125/103441 iDrive=200168 scale=0 wheel=300000 ffS=15000
2026-07-07T15:52:19.646+00:00 CAN id=111 dlc=8 data=905f010000000000
2026-07-07T15:52:19.646+00:00 CAN id=101 dlc=8 data=28540300e0930400
2026-07-07T15:52:19.666+00:00 CAN id=111 dlc=8 data=905f010000000000
2026-07-07T15:52:19.666+00:00 CAN id=101 dlc=8 data=305b0300e0930400
2026-07-07T15:52:19.686+00:00 CAN id=111 dlc=8 data=905f010000000000
2026-07-07T15:52:19.686+00:00 CAN id=101 dlc=8 data=38620300e0930400
2026-07-07T15:52:19.706+00:00 CAN id=111 dlc=8 data=905f010000000000
2026-07-07T15:52:19.706+00:00 CAN id=101 dlc=8 data=40690300e0930400
2026-07-07T15:52:19.726+00:00 CAN id=111 dlc=8 data=905f010000000000
2026-07-07T15:52:19.726+00:00 CAN id=101 dlc=8 data=48700300e0930400
2026-07-07T15:52:19.738+00:00 VCP run=1 step=0 angle=216123 target=216352 err=229 steer=15000 m1=2379/123750 i1=148 t1=29 m2=-1541/-82500 i2=-277 t2=29 steerMode=20625/22166 iSteer=-64480 driveMode=103125/103022 iDrive=212346 scale=0 wheel=300000 ffS=15000
2026-07-07T15:52:19.738+00:00 VCP SET_TARGET_FF_RX steerRate=90000 wheelAccel=0
2026-07-07T15:52:19.738+00:00 VCP SET_TARGET_RX steer=225352 wheel=300000
2026-07-07T15:52:19.746+00:00 CAN id=111 dlc=8 data=905f010000000000
2026-07-07T15:52:19.746+00:00 CAN id=101 dlc=8 data=50770300e0930400
2026-07-07T15:52:19.766+00:00 CAN id=111 dlc=8 data=905f010000000000
2026-07-07T15:52:19.766+00:00 CAN id=101 dlc=8 data=587e0300e0930400
2026-07-07T15:52:19.786+00:00 CAN id=111 dlc=8 data=905f010000000000
2026-07-07T15:52:19.786+00:00 CAN id=101 dlc=8 data=60850300e0930400
2026-07-07T15:52:19.806+00:00 CAN id=111 dlc=8 data=905f010000000000
2026-07-07T15:52:19.806+00:00 CAN id=101 dlc=8 data=688c0300e0930400
2026-07-07T15:52:19.826+00:00 CAN id=111 dlc=8 data=905f010000000000
2026-07-07T15:52:19.826+00:00 CAN id=101 dlc=8 data=70930300e0930400
2026-07-07T15:52:19.841+00:00 VCP run=1 step=0 angle=225264 target=225352 err=88 steer=15000 m1=2320/123750 i1=275 t1=29 m2=-1626/-82500 i2=-123 t2=29 steerMode=20625/19284 iSteer=76025 driveMode=103125/103458 iDrive=199356 scale=0 wheel=300000 ffS=15000
2026-07-07T15:52:19.846+00:00 CAN id=111 dlc=8 data=905f010000000000
2026-07-07T15:52:19.846+00:00 CAN id=101 dlc=8 data=789a0300e0930400
2026-07-07T15:52:19.866+00:00 CAN id=111 dlc=8 data=905f010000000000
2026-07-07T15:52:19.866+00:00 CAN id=101 dlc=8 data=80a10300e0930400
2026-07-07T15:52:19.886+00:00 CAN id=111 dlc=8 data=905f010000000000
2026-07-07T15:52:19.886+00:00 CAN id=101 dlc=8 data=88a80300e0930400
2026-07-07T15:52:19.906+00:00 CAN id=111 dlc=8 data=905f010000000000
2026-07-07T15:52:19.906+00:00 CAN id=101 dlc=8 data=90af0300e0930400
2026-07-07T15:52:19.926+00:00 CAN id=111 dlc=8 data=905f010000000000
2026-07-07T15:52:19.926+00:00 CAN id=101 dlc=8 data=98b60300e0930400
2026-07-07T15:52:19.944+00:00 VCP run=1 step=0 angle=233701 target=234352 err=651 steer=16302 m1=2404/125540 i1=230 t1=29 m2=-1583/-80710 i2=-113 t2=29 steerMode=22415/21488 iSteer=58479 driveMode=103125/104343 iDrive=171294 scale=0 wheel=300000 ffS=15000
2026-07-07T15:52:19.946+00:00 CAN id=111 dlc=8 data=905f010000000000
2026-07-07T15:52:19.946+00:00 CAN id=101 dlc=8 data=a0bd0300e0930400
2026-07-07T15:52:19.966+00:00 CAN id=111 dlc=8 data=905f010000000000
2026-07-07T15:52:19.966+00:00 CAN id=101 dlc=8 data=a8c40300e0930400
2026-07-07T15:52:19.986+00:00 CAN id=111 dlc=8 data=905f010000000000
2026-07-07T15:52:19.986+00:00 CAN id=101 dlc=8 data=b0cb0300e0930400
2026-07-07T15:52:20.006+00:00 CAN id=111 dlc=8 data=905f010000000000
2026-07-07T15:52:20.006+00:00 CAN id=101 dlc=8 data=b8d20300e0930400
2026-07-07T15:52:20.026+00:00 CAN id=111 dlc=8 data=905f010000000000
2026-07-07T15:52:20.026+00:00 CAN id=101 dlc=8 data=c0d90300e0930400
2026-07-07T15:52:20.046+00:00 CAN id=111 dlc=8 data=905f010000000000
2026-07-07T15:52:20.046+00:00 CAN id=101 dlc=8 data=c8e00300e0930400
2026-07-07T15:52:20.047+00:00 VCP run=1 step=0 angle=243545 target=243352 err=-193 steer=15000 m1=2324/123750 i1=222 t1=29 m2=-1580/-82500 i2=-170 t2=29 steerMode=20625/20281 iSteer=25784 driveMode=103125/103467 iDrive=196147 scale=0 wheel=300000 ffS=15000
2026-07-07T15:52:20.066+00:00 CAN id=111 dlc=8 data=905f010000000000
2026-07-07T15:52:20.066+00:00 CAN id=101 dlc=8 data=d0e70300e0930400
2026-07-07T15:52:20.086+00:00 CAN id=111 dlc=8 data=905f010000000000
2026-07-07T15:52:20.086+00:00 CAN id=101 dlc=8 data=d8ee0300e0930400
2026-07-07T15:52:20.106+00:00 CAN id=111 dlc=8 data=905f010000000000
2026-07-07T15:52:20.106+00:00 CAN id=101 dlc=8 data=e0f50300e0930400
2026-07-07T15:52:20.126+00:00 CAN id=111 dlc=8 data=905f010000000000
2026-07-07T15:52:20.126+00:00 CAN id=101 dlc=8 data=e8fc0300e0930400
2026-07-07T15:52:20.146+00:00 CAN id=111 dlc=8 data=905f010000000000
2026-07-07T15:52:20.146+00:00 CAN id=101 dlc=8 data=f0030400e0930400
2026-07-07T15:52:20.150+00:00 VCP run=1 step=0 angle=251982 target=252352 err=370 steer=15000 m1=2343/123750 i1=215 t1=29 m2=-1539/-82500 i2=-216 t2=29 steerMode=20625/20831 iSteer=-425 driveMode=103125/102823 iDrive=215395 scale=0 wheel=300000 ffS=15000
2026-07-07T15:52:20.166+00:00 CAN id=111 dlc=8 data=905f010000000000
2026-07-07T15:52:20.166+00:00 CAN id=101 dlc=8 data=f80a0400e0930400
2026-07-07T15:52:20.186+00:00 CAN id=111 dlc=8 data=905f010000000000
2026-07-07T15:52:20.186+00:00 CAN id=101 dlc=8 data=00120400e0930400
2026-07-07T15:52:20.206+00:00 CAN id=111 dlc=8 data=905f010000000000
2026-07-07T15:52:20.206+00:00 CAN id=101 dlc=8 data=08190400e0930400
2026-07-07T15:52:20.226+00:00 CAN id=111 dlc=8 data=905f010000000000
2026-07-07T15:52:20.226+00:00 CAN id=101 dlc=8 data=10200400e0930400
2026-07-07T15:52:20.245+00:00 VCP run=1 step=0 angle=261299 target=261352 err=53 steer=15000 m1=2370/123750 i1=192 t1=29 m2=-1526/-82500 i2=-242 t2=29 steerMode=20625/21285 iSteer=-25016 driveMode=103125/102778 iDrive=217455 scale=0 wheel=300000 ffS=15000
2026-07-07T15:52:20.245+00:00 VCP SET_TARGET_FF_RX steerRate=90000 wheelAccel=0
2026-07-07T15:52:20.245+00:00 VCP SET_TARGET_RX steer=270352 wheel=300000
2026-07-07T15:52:20.246+00:00 CAN id=111 dlc=8 data=905f010000000000
2026-07-07T15:52:20.246+00:00 CAN id=101 dlc=8 data=18270400e0930400
2026-07-07T15:52:20.266+00:00 CAN id=111 dlc=8 data=905f010000000000
2026-07-07T15:52:20.266+00:00 CAN id=101 dlc=8 data=202e0400e0930400
2026-07-07T15:52:20.286+00:00 CAN id=111 dlc=8 data=905f010000000000
2026-07-07T15:52:20.286+00:00 CAN id=101 dlc=8 data=28350400e0930400
2026-07-07T15:52:20.306+00:00 CAN id=111 dlc=8 data=905f010000000000
2026-07-07T15:52:20.306+00:00 CAN id=101 dlc=8 data=303c0400e0930400
2026-07-07T15:52:20.326+00:00 CAN id=111 dlc=8 data=905f010000000000
2026-07-07T15:52:20.326+00:00 CAN id=101 dlc=8 data=38430400e0930400
2026-07-07T15:52:20.346+00:00 CAN id=111 dlc=8 data=905f010000000000
2026-07-07T15:52:20.346+00:00 CAN id=101 dlc=8 data=404a0400e0930400
2026-07-07T15:52:20.348+00:00 VCP run=1 step=0 angle=269736 target=270352 err=616 steer=16231 m1=2373/125443 i1=280 t1=29 m2=-1593/-80807 i2=-82 t2=29 steerMode=22318/20481 iSteer=99219 driveMode=103125/103976 iDrive=181114 scale=0 wheel=300000 ffS=15000
2026-07-07T15:52:20.366+00:00 CAN id=111 dlc=8 data=905f010000000000
2026-07-07T15:52:20.366+00:00 CAN id=101 dlc=8 data=48510400e0930400
2026-07-07T15:52:20.386+00:00 CAN id=111 dlc=8 data=905f010000000000
2026-07-07T15:52:20.386+00:00 CAN id=101 dlc=8 data=50580400e0930400
2026-07-07T15:52:20.406+00:00 CAN id=111 dlc=8 data=905f010000000000
2026-07-07T15:52:20.406+00:00 CAN id=101 dlc=8 data=585f0400e0930400
2026-07-07T15:52:20.426+00:00 CAN id=111 dlc=8 data=905f010000000000
2026-07-07T15:52:20.426+00:00 CAN id=101 dlc=8 data=60660400e0930400
2026-07-07T15:52:20.446+00:00 CAN id=111 dlc=8 data=905f010000000000
2026-07-07T15:52:20.446+00:00 CAN id=101 dlc=8 data=686d0400e0930400
2026-07-07T15:52:20.451+00:00 VCP run=1 step=0 angle=279229 target=279352 err=124 steer=15000 m1=2352/123750 i1=186 t1=29 m2=-1568/-82500 i2=-247 t2=29 steerMode=20625/21339 iSteer=-30751 driveMode=103125/102776 iDrive=216586 scale=0 wheel=300000 ffS=15000
2026-07-07T15:52:20.466+00:00 CAN id=111 dlc=8 data=905f010000000000
2026-07-07T15:52:20.466+00:00 CAN id=101 dlc=8 data=70740400e0930400
2026-07-07T15:52:20.486+00:00 CAN id=111 dlc=8 data=905f010000000000
2026-07-07T15:52:20.486+00:00 CAN id=101 dlc=8 data=787b0400e0930400
2026-07-07T15:52:20.506+00:00 CAN id=111 dlc=8 data=905f010000000000
2026-07-07T15:52:20.506+00:00 CAN id=101 dlc=8 data=80820400e0930400
2026-07-07T15:52:20.526+00:00 CAN id=111 dlc=8 data=905f010000000000
2026-07-07T15:52:20.526+00:00 CAN id=101 dlc=8 data=88890400e0930400
2026-07-07T15:52:20.546+00:00 CAN id=111 dlc=8 data=905f010000000000
2026-07-07T15:52:20.546+00:00 CAN id=101 dlc=8 data=90900400e0930400
2026-07-07T15:52:20.553+00:00 VCP run=1 step=0 angle=288018 target=288352 err=334 steer=15000 m1=2352/123750 i1=216 t1=29 m2=-1589/-82500 i2=-220 t2=29 steerMode=20625/20741 iSteer=-1562 driveMode=103125/102782 iDrive=217996 scale=0 wheel=300000 ffS=15000
2026-07-07T15:52:20.566+00:00 CAN id=111 dlc=8 data=905f010000000000
2026-07-07T15:52:20.566+00:00 CAN id=101 dlc=8 data=98970400e0930400
2026-07-07T15:52:20.586+00:00 CAN id=111 dlc=8 data=905f010000000000
2026-07-07T15:52:20.586+00:00 CAN id=101 dlc=8 data=a09e0400e0930400
2026-07-07T15:52:20.606+00:00 CAN id=111 dlc=8 data=905f010000000000
2026-07-07T15:52:20.606+00:00 CAN id=101 dlc=8 data=a8a50400e0930400
2026-07-07T15:52:20.626+00:00 CAN id=111 dlc=8 data=905f010000000000
2026-07-07T15:52:20.626+00:00 CAN id=101 dlc=8 data=b0ac0400e0930400
2026-07-07T15:52:20.646+00:00 CAN id=111 dlc=8 data=905f010000000000
2026-07-07T15:52:20.646+00:00 CAN id=101 dlc=8 data=b8b30400e0930400
2026-07-07T15:52:20.666+00:00 CAN id=111 dlc=8 data=905f010000000000
2026-07-07T15:52:20.666+00:00 CAN id=101 dlc=8 data=c0ba0400e0930400
2026-07-07T15:52:20.686+00:00 CAN id=111 dlc=8 data=905f010000000000
2026-07-07T15:52:20.686+00:00 CAN id=101 dlc=8 data=c8c10400e0930400
2026-07-07T15:52:20.706+00:00 CAN id=111 dlc=8 data=905f010000000000
2026-07-07T15:52:20.706+00:00 CAN id=101 dlc=8 data=d0c80400e0930400
2026-07-07T15:52:20.726+00:00 CAN id=111 dlc=8 data=905f010000000000
2026-07-07T15:52:20.726+00:00 CAN id=101 dlc=8 data=d8cf0400e0930400
2026-07-07T15:52:20.728+00:00 VCP run=1 step=0 angle=297510 target=297352 err=-158 steer=15000 m1=2335/123750 i1=232 t1=29 m2=-1578/-82500 i2=-198 t2=29 steerMode=20625/20315 iSteer=17167 driveMode=103125/102905 iDrive=214804 scale=0 wheel=300000 ffS=15000
2026-07-07T15:52:20.728+00:00 VCP run=1 step=0 angle=305859 target=306352 err=493 steer=15561 m1=2375/124521 i1=171 t1=29 m2=-1551/-81729 i2=-220 t2=29 steerMode=21396/21958 iSteer=-24469 driveMode=103125/103520 iDrive=195890 scale=0 wheel=300000 ffS=15000
2026-07-07T15:52:20.746+00:00 CAN id=111 dlc=8 data=905f010000000000
2026-07-07T15:52:20.746+00:00 CAN id=101 dlc=8 data=e0d60400e0930400
2026-07-07T15:52:20.751+00:00 VCP SET_TARGET_FF_RX steerRate=90000 wheelAccel=0
2026-07-07T15:52:20.751+00:00 VCP SET_TARGET_RX steer=315352 wheel=300000
2026-07-07T15:52:20.766+00:00 CAN id=111 dlc=8 data=905f010000000000
2026-07-07T15:52:20.766+00:00 CAN id=101 dlc=8 data=e8dd0400e0930400
2026-07-07T15:52:20.786+00:00 CAN id=111 dlc=8 data=905f010000000000
2026-07-07T15:52:20.786+00:00 CAN id=101 dlc=8 data=f0e40400e0930400
2026-07-07T15:52:20.806+00:00 CAN id=111 dlc=8 data=905f010000000000
2026-07-07T15:52:20.806+00:00 CAN id=101 dlc=8 data=f8eb0400e0930400
2026-07-07T15:52:20.826+00:00 CAN id=111 dlc=8 data=905f010000000000
2026-07-07T15:52:20.826+00:00 CAN id=101 dlc=8 data=00f30400e0930400
2026-07-07T15:52:20.846+00:00 CAN id=111 dlc=8 data=905f010000000000
2026-07-07T15:52:20.846+00:00 CAN id=101 dlc=8 data=08fa0400e0930400
2026-07-07T15:52:20.854+00:00 VCP run=1 step=0 angle=315176 target=315352 err=176 steer=15000 m1=2333/123750 i1=211 t1=29 m2=-1562/-82500 i2=-225 t2=29 steerMode=20625/20756 iSteer=-6741 driveMode=103125/102769 iDrive=217799 scale=0 wheel=300000 ffS=15000
2026-07-07T15:52:20.866+00:00 CAN id=111 dlc=8 data=905f010000000000
2026-07-07T15:52:20.866+00:00 CAN id=101 dlc=8 data=10010500e0930400
2026-07-07T15:52:20.886+00:00 CAN id=111 dlc=8 data=905f010000000000
2026-07-07T15:52:20.886+00:00 CAN id=101 dlc=8 data=18080500e0930400
2026-07-07T15:52:20.906+00:00 CAN id=111 dlc=8 data=905f010000000000
2026-07-07T15:52:20.906+00:00 CAN id=101 dlc=8 data=200f0500e0930400
2026-07-07T15:52:20.926+00:00 CAN id=111 dlc=8 data=905f010000000000
2026-07-07T15:52:20.926+00:00 CAN id=101 dlc=8 data=28160500e0930400
2026-07-07T15:52:20.946+00:00 CAN id=111 dlc=8 data=905f010000000000
2026-07-07T15:52:20.946+00:00 CAN id=101 dlc=8 data=301d0500e0930400
2026-07-07T15:52:20.966+00:00 CAN id=111 dlc=8 data=905f010000000000
2026-07-07T15:52:20.966+00:00 CAN id=101 dlc=8 data=38240500e0930400
2026-07-07T15:52:20.986+00:00 CAN id=111 dlc=8 data=905f010000000000
2026-07-07T15:52:20.986+00:00 CAN id=101 dlc=8 data=402b0500e0930400
2026-07-07T15:52:21.006+00:00 CAN id=111 dlc=8 data=905f010000000000
2026-07-07T15:52:21.006+00:00 CAN id=101 dlc=8 data=48320500e0930400
2026-07-07T15:52:21.026+00:00 CAN id=111 dlc=8 data=905f010000000000
2026-07-07T15:52:21.026+00:00 CAN id=101 dlc=8 data=50390500e0930400
2026-07-07T15:52:21.038+00:00 VCP run=1 step=0 angle=323613 target=324352 err=739 steer=16477 m1=2396/125782 i1=265 t1=29 m2=-1560/-80468 i2=-134 t2=29 steerMode=22657/21378 iSteer=65479 driveMode=103125/103402 iDrive=199093 scale=0 wheel=300000 ffS=15000
2026-07-07T15:52:21.038+00:00 VCP run=1 step=0 angle=333721 target=333352 err=-369 steer=15000 m1=2320/123750 i1=217 t1=29 m2=-1580/-82500 i2=-233 t2=29 steerMode=20625/20724 iSteer=-8279 driveMode=103125/102550 iDrive=224858 scale=0 wheel=300000 ffS=15000
2026-07-07T15:52:21.046+00:00 CAN id=111 dlc=8 data=905f010000000000
2026-07-07T15:52:21.046+00:00 CAN id=101 dlc=8 data=58400500e0930400
2026-07-07T15:52:21.066+00:00 CAN id=111 dlc=8 data=905f010000000000
2026-07-07T15:52:21.066+00:00 CAN id=101 dlc=8 data=60470500e0930400
2026-07-07T15:52:21.086+00:00 CAN id=111 dlc=8 data=905f010000000000
2026-07-07T15:52:21.086+00:00 CAN id=101 dlc=8 data=684e0500e0930400
2026-07-07T15:52:21.106+00:00 CAN id=111 dlc=8 data=905f010000000000
2026-07-07T15:52:21.106+00:00 CAN id=101 dlc=8 data=70550500e0930400
2026-07-07T15:52:21.126+00:00 CAN id=111 dlc=8 data=905f010000000000
2026-07-07T15:52:21.126+00:00 CAN id=101 dlc=8 data=785c0500e0930400
2026-07-07T15:52:21.141+00:00 VCP run=1 step=0 angle=342070 target=342352 err=282 steer=15000 m1=2341/123750 i1=250 t1=29 m2=-1591/-82500 i2=-144 t2=29 steerMode=20625/19522 iSteer=52796 driveMode=103125/103480 iDrive=196977 scale=0 wheel=300000 ffS=15000
2026-07-07T15:52:21.146+00:00 CAN id=111 dlc=8 data=905f010000000000
2026-07-07T15:52:21.146+00:00 CAN id=101 dlc=8 data=80630500e0930400
2026-07-07T15:52:21.166+00:00 CAN id=111 dlc=8 data=905f010000000000
2026-07-07T15:52:21.166+00:00 CAN id=101 dlc=8 data=886a0500e0930400
2026-07-07T15:52:21.186+00:00 CAN id=111 dlc=8 data=905f010000000000
2026-07-07T15:52:21.186+00:00 CAN id=101 dlc=8 data=90710500e0930400
2026-07-07T15:52:21.206+00:00 CAN id=111 dlc=8 data=905f010000000000
2026-07-07T15:52:21.206+00:00 CAN id=101 dlc=8 data=98780500e0930400
2026-07-07T15:52:21.226+00:00 CAN id=111 dlc=8 data=905f010000000000
2026-07-07T15:52:21.226+00:00 CAN id=101 dlc=8 data=60010000e0930400
2026-07-07T15:52:21.236+00:00 VCP run=1 step=0 angle=351387 target=351352 err=-35 steer=15000 m1=2333/123750 i1=224 t1=29 m2=-1606/-82500 i2=-204 t2=29 steerMode=20625/20332 iSteer=10106 driveMode=103125/102926 iDrive=213922 scale=0 wheel=300000 ffS=15000
2026-07-07T15:52:21.236+00:00 VCP SET_TARGET_FF_RX steerRate=90000 wheelAccel=0
2026-07-07T15:52:21.236+00:00 VCP SET_TARGET_RX steer=352 wheel=300000
2026-07-07T15:52:21.246+00:00 CAN id=111 dlc=8 data=905f010000000000
2026-07-07T15:52:21.246+00:00 CAN id=101 dlc=8 data=68080000e0930400
2026-07-07T15:52:21.266+00:00 CAN id=111 dlc=8 data=905f010000000000
2026-07-07T15:52:21.266+00:00 CAN id=101 dlc=8 data=700f0000e0930400
2026-07-07T15:52:21.286+00:00 CAN id=111 dlc=8 data=905f010000000000
2026-07-07T15:52:21.286+00:00 CAN id=101 dlc=8 data=78160000e0930400
2026-07-07T15:52:21.306+00:00 CAN id=111 dlc=8 data=905f010000000000
2026-07-07T15:52:21.306+00:00 CAN id=101 dlc=8 data=801d0000e0930400
2026-07-07T15:52:21.326+00:00 CAN id=111 dlc=8 data=905f010000000000
2026-07-07T15:52:21.326+00:00 CAN id=101 dlc=8 data=88240000e0930400
2026-07-07T15:52:21.339+00:00 VCP run=1 step=0 angle=88 target=352 err=264 steer=15000 m1=2366/123750 i1=227 t1=29 m2=-1612/-82500 i2=-120 t2=29 steerMode=20625/19496 iSteer=53310 driveMode=103125/104245 iDrive=173295 scale=0 wheel=300000 ffS=15000
2026-07-07T15:52:21.346+00:00 CAN id=111 dlc=8 data=905f010000000000
2026-07-07T15:52:21.346+00:00 CAN id=101 dlc=8 data=902b0000e0930400
2026-07-07T15:52:21.366+00:00 CAN id=111 dlc=8 data=905f010000000000
2026-07-07T15:52:21.366+00:00 CAN id=101 dlc=8 data=98320000e0930400
2026-07-07T15:52:21.386+00:00 CAN id=111 dlc=8 data=905f010000000000
2026-07-07T15:52:21.386+00:00 CAN id=101 dlc=8 data=a0390000e0930400
2026-07-07T15:52:21.406+00:00 CAN id=111 dlc=8 data=905f010000000000
2026-07-07T15:52:21.406+00:00 CAN id=101 dlc=8 data=a8400000e0930400
2026-07-07T15:52:21.426+00:00 CAN id=111 dlc=8 data=905f010000000000
2026-07-07T15:52:21.426+00:00 CAN id=101 dlc=8 data=b0470000e0930400
2026-07-07T15:52:21.443+00:00 VCP run=1 step=0 angle=9229 target=9352 err=123 steer=15000 m1=2373/123750 i1=172 t1=29 m2=-1593/-82500 i2=-186 t2=29 steerMode=20625/20736 iSteer=-7122 driveMode=103125/103980 iDrive=179234 scale=0 wheel=300000 ffS=15000
2026-07-07T15:52:21.446+00:00 CAN id=111 dlc=8 data=905f010000000000
2026-07-07T15:52:21.446+00:00 CAN id=101 dlc=8 data=b84e0000e0930400
2026-07-07T15:52:21.466+00:00 CAN id=111 dlc=8 data=905f010000000000
2026-07-07T15:52:21.466+00:00 CAN id=101 dlc=8 data=c0550000e0930400
2026-07-07T15:52:21.486+00:00 CAN id=111 dlc=8 data=905f010000000000
2026-07-07T15:52:21.486+00:00 CAN id=101 dlc=8 data=c85c0000e0930400
2026-07-07T15:52:21.506+00:00 CAN id=111 dlc=8 data=905f010000000000
2026-07-07T15:52:21.506+00:00 CAN id=101 dlc=8 data=d0630000e0930400
2026-07-07T15:52:21.526+00:00 CAN id=111 dlc=8 data=905f010000000000
2026-07-07T15:52:21.526+00:00 CAN id=101 dlc=8 data=d86a0000e0930400
2026-07-07T15:52:21.546+00:00 VCP run=1 step=0 angle=18018 target=18352 err=334 steer=15000 m1=2360/123750 i1=207 t1=29 m2=-1583/-82500 i2=-162 t2=29 steerMode=20625/20162 iSteer=22598 driveMode=103125/103754 iDrive=184728 scale=0 wheel=300000 ffS=15000
2026-07-07T15:52:21.546+00:00 CAN id=111 dlc=8 data=905f010000000000
2026-07-07T15:52:21.546+00:00 CAN id=101 dlc=8 data=e0710000e0930400
2026-07-07T15:52:21.566+00:00 CAN id=111 dlc=8 data=905f010000000000
2026-07-07T15:52:21.566+00:00 CAN id=101 dlc=8 data=e8780000e0930400
2026-07-07T15:52:21.586+00:00 CAN id=111 dlc=8 data=905f010000000000
2026-07-07T15:52:21.586+00:00 CAN id=101 dlc=8 data=f07f0000e0930400
2026-07-07T15:52:21.606+00:00 CAN id=111 dlc=8 data=905f010000000000
2026-07-07T15:52:21.606+00:00 CAN id=101 dlc=8 data=f8860000e0930400
2026-07-07T15:52:21.626+00:00 CAN id=111 dlc=8 data=905f010000000000
2026-07-07T15:52:21.626+00:00 CAN id=101 dlc=8 data=008e0000e0930400
2026-07-07T15:52:21.646+00:00 CAN id=111 dlc=8 data=905f010000000000
2026-07-07T15:52:21.646+00:00 CAN id=101 dlc=8 data=08950000e0930400
2026-07-07T15:52:21.649+00:00 VCP run=1 step=0 angle=27246 target=27352 err=106 steer=15000 m1=2326/123750 i1=263 t1=29 m2=-1589/-82500 i2=-159 t2=29 steerMode=20625/19552 iSteer=51839 driveMode=103125/102868 iDrive=211074 scale=0 wheel=300000 ffS=15000
2026-07-07T15:52:21.666+00:00 CAN id=111 dlc=8 data=905f010000000000
2026-07-07T15:52:21.666+00:00 CAN id=101 dlc=8 data=109c0000e0930400
2026-07-07T15:52:21.686+00:00 CAN id=111 dlc=8 data=905f010000000000
2026-07-07T15:52:21.686+00:00 CAN id=101 dlc=8 data=18a30000e0930400
2026-07-07T15:52:21.706+00:00 CAN id=111 dlc=8 data=905f010000000000
2026-07-07T15:52:21.706+00:00 CAN id=101 dlc=8 data=20aa0000e0930400
2026-07-07T15:52:21.726+00:00 CAN id=111 dlc=8 data=905f010000000000
2026-07-07T15:52:21.726+00:00 CAN id=101 dlc=8 data=28b10000e0930400
2026-07-07T15:52:21.744+00:00 VCP run=1 step=0 angle=35420 target=36352 err=932 steer=16864 m1=2402/126313 i1=263 t1=29 m2=-1587/-79937 i2=-64 t2=29 steerMode=23188/21267 iSteer=99305 driveMode=103125/104426 iDrive=163631 scale=0 wheel=300000 ffS=15000
2026-07-07T15:52:21.744+00:00 VCP SET_TARGET_FF_RX steerRate=90000 wheelAccel=0
2026-07-07T15:52:21.744+00:00 VCP SET_TARGET_RX steer=45352 wheel=300000
2026-07-07T15:52:21.746+00:00 CAN id=111 dlc=8 data=905f010000000000
2026-07-07T15:52:21.746+00:00 CAN id=101 dlc=8 data=30b80000e0930400
2026-07-07T15:52:21.766+00:00 CAN id=111 dlc=8 data=905f010000000000
2026-07-07T15:52:21.766+00:00 CAN id=101 dlc=8 data=38bf0000e0930400
2026-07-07T15:52:21.786+00:00 CAN id=111 dlc=8 data=905f010000000000
2026-07-07T15:52:21.786+00:00 CAN id=101 dlc=8 data=40c60000e0930400
2026-07-07T15:52:21.806+00:00 CAN id=111 dlc=8 data=905f010000000000
2026-07-07T15:52:21.806+00:00 CAN id=101 dlc=8 data=48cd0000e0930400
2026-07-07T15:52:21.826+00:00 CAN id=111 dlc=8 data=905f010000000000
2026-07-07T15:52:21.826+00:00 CAN id=101 dlc=8 data=50d40000e0930400
2026-07-07T15:52:21.846+00:00 CAN id=111 dlc=8 data=905f010000000000
2026-07-07T15:52:21.846+00:00 CAN id=101 dlc=8 data=58db0000e0930400
2026-07-07T15:52:21.847+00:00 VCP run=1 step=0 angle=45703 target=45352 err=-351 steer=15000 m1=2303/123750 i1=239 t1=29 m2=-1629/-82500 i2=-102 t2=29 steerMode=20625/19269 iSteer=68114 driveMode=103125/104121 iDrive=170476 scale=0 wheel=300000 ffS=15000
2026-07-07T15:52:21.866+00:00 CAN id=111 dlc=8 data=905f010000000000
2026-07-07T15:52:21.866+00:00 CAN id=101 dlc=8 data=60e20000e0930400
2026-07-07T15:52:21.886+00:00 CAN id=111 dlc=8 data=905f010000000000
2026-07-07T15:52:21.886+00:00 CAN id=101 dlc=8 data=68e90000e0930400
2026-07-07T15:52:21.906+00:00 CAN id=111 dlc=8 data=905f010000000000
2026-07-07T15:52:21.906+00:00 CAN id=101 dlc=8 data=70f00000e0930400
2026-07-07T15:52:21.926+00:00 CAN id=111 dlc=8 data=905f010000000000
2026-07-07T15:52:21.926+00:00 CAN id=101 dlc=8 data=78f70000e0930400
2026-07-07T15:52:21.946+00:00 CAN id=111 dlc=8 data=905f010000000000
2026-07-07T15:52:21.946+00:00 CAN id=101 dlc=8 data=80fe0000e0930400
2026-07-07T15:52:21.950+00:00 VCP run=1 step=0 angle=53438 target=54352 err=915 steer=16829 m1=2387/126265 i1=268 t1=29 m2=-1543/-79985 i2=-82 t2=29 steerMode=23140/21403 iSteer=92756 driveMode=103125/103956 iDrive=175083 scale=0 wheel=300000 ffS=15000
2026-07-07T15:52:21.966+00:00 CAN id=111 dlc=8 data=905f010000000000
2026-07-07T15:52:21.966+00:00 CAN id=101 dlc=8 data=88050100e0930400
2026-07-07T15:52:21.986+00:00 CAN id=111 dlc=8 data=905f010000000000
2026-07-07T15:52:21.986+00:00 CAN id=101 dlc=8 data=900c0100e0930400
2026-07-07T15:52:22.006+00:00 CAN id=111 dlc=8 data=905f010000000000
2026-07-07T15:52:22.006+00:00 CAN id=101 dlc=8 data=98130100e0930400
2026-07-07T15:52:22.026+00:00 CAN id=111 dlc=8 data=905f010000000000
2026-07-07T15:52:22.026+00:00 CAN id=101 dlc=8 data=a01a0100e0930400
2026-07-07T15:52:22.046+00:00 CAN id=111 dlc=8 data=905f010000000000
2026-07-07T15:52:22.046+00:00 CAN id=101 dlc=8 data=a8210100e0930400
2026-07-07T15:52:22.053+00:00 VCP run=1 step=0 angle=63105 target=63352 err=247 steer=15000 m1=2341/123750 i1=194 t1=29 m2=-1622/-82500 i2=-157 t2=29 steerMode=20625/20311 iSteer=18514 driveMode=103125/103932 iDrive=175799 scale=0 wheel=300000 ffS=15000
2026-07-07T15:52:22.066+00:00 CAN id=111 dlc=8 data=905f010000000000
2026-07-07T15:52:22.066+00:00 CAN id=101 dlc=8 data=b0280100e0930400
2026-07-07T15:52:22.086+00:00 CAN id=111 dlc=8 data=905f010000000000
2026-07-07T15:52:22.086+00:00 CAN id=101 dlc=8 data=b82f0100e0930400
2026-07-07T15:52:22.106+00:00 CAN id=111 dlc=8 data=905f010000000000
2026-07-07T15:52:22.106+00:00 CAN id=101 dlc=8 data=c0360100e0930400
2026-07-07T15:52:22.126+00:00 CAN id=111 dlc=8 data=905f010000000000
2026-07-07T15:52:22.126+00:00 CAN id=101 dlc=8 data=c83d0100e0930400
2026-07-07T15:52:22.146+00:00 CAN id=111 dlc=8 data=905f010000000000
2026-07-07T15:52:22.146+00:00 CAN id=101 dlc=8 data=d0440100e0930400
2026-07-07T15:52:22.166+00:00 CAN id=111 dlc=8 data=905f010000000000
2026-07-07T15:52:22.166+00:00 CAN id=101 dlc=8 data=d84b0100e0930400
2026-07-07T15:52:22.186+00:00 CAN id=111 dlc=8 data=905f010000000000
2026-07-07T15:52:22.186+00:00 CAN id=101 dlc=8 data=e0520100e0930400
2026-07-07T15:52:22.206+00:00 CAN id=111 dlc=8 data=905f010000000000
2026-07-07T15:52:22.206+00:00 CAN id=101 dlc=8 data=e8590100e0930400
2026-07-07T15:52:22.226+00:00 CAN id=111 dlc=8 data=905f010000000000
2026-07-07T15:52:22.226+00:00 CAN id=101 dlc=8 data=f0600100e0930400
2026-07-07T15:52:22.229+00:00 VCP run=1 step=0 angle=71895 target=72352 err=457 steer=15491 m1=2375/124425 i1=200 t1=29 m2=-1593/-81825 i2=-128 t2=29 steerMode=21300/20711 iSteer=36012 driveMode=103125/104339 iDrive=163568 scale=0 wheel=300000 ffS=15000
2026-07-07T15:52:22.229+00:00 VCP run=1 step=0 angle=81123 target=81352 err=229 steer=15000 m1=2333/123750 i1=196 t1=29 m2=-1572/-82500 i2=-181 t2=29 steerMode=20625/20567 iSteer=7288 driveMode=103125/103516 iDrive=188265 scale=0 wheel=300000 ffS=15000
2026-07-07T15:52:22.246+00:00 CAN id=111 dlc=8 data=905f010000000000
2026-07-07T15:52:22.246+00:00 CAN id=101 dlc=8 data=f8670100e0930400
2026-07-07T15:52:22.252+00:00 VCP SET_TARGET_FF_RX steerRate=90000 wheelAccel=0
2026-07-07T15:52:22.252+00:00 VCP SET_TARGET_RX steer=90352 wheel=300000
2026-07-07T15:52:22.266+00:00 CAN id=111 dlc=8 data=905f010000000000
2026-07-07T15:52:22.266+00:00 CAN id=101 dlc=8 data=006f0100e0930400
2026-07-07T15:52:22.286+00:00 CAN id=111 dlc=8 data=905f010000000000
2026-07-07T15:52:22.286+00:00 CAN id=101 dlc=8 data=08760100e0930400
2026-07-07T15:52:22.306+00:00 CAN id=111 dlc=8 data=905f010000000000
2026-07-07T15:52:22.306+00:00 CAN id=101 dlc=8 data=107d0100e0930400
2026-07-07T15:52:22.326+00:00 CAN id=111 dlc=8 data=905f010000000000
2026-07-07T15:52:22.326+00:00 CAN id=101 dlc=8 data=18840100e0930400
2026-07-07T15:52:22.346+00:00 CAN id=111 dlc=8 data=905f010000000000
2026-07-07T15:52:22.346+00:00 CAN id=101 dlc=8 data=208b0100e0930400
2026-07-07T15:52:22.366+00:00 CAN id=111 dlc=8 data=905f010000000000
2026-07-07T15:52:22.366+00:00 CAN id=101 dlc=8 data=28920100e0930400
2026-07-07T15:52:22.386+00:00 CAN id=111 dlc=8 data=905f010000000000
2026-07-07T15:52:22.386+00:00 CAN id=101 dlc=8 data=30990100e0930400
2026-07-07T15:52:22.406+00:00 CAN id=111 dlc=8 data=905f010000000000
2026-07-07T15:52:22.406+00:00 CAN id=101 dlc=8 data=38a00100e0930400
2026-07-07T15:52:22.426+00:00 CAN id=111 dlc=8 data=905f010000000000
2026-07-07T15:52:22.426+00:00 CAN id=101 dlc=8 data=40a70100e0930400
2026-07-07T15:52:22.436+00:00 VCP run=1 step=0 angle=90088 target=90352 err=264 steer=15000 m1=2364/123750 i1=178 t1=29 m2=-1587/-82500 i2=-199 t2=29 steerMode=20625/20924 iSteer=-10420 driveMode=103125/103519 iDrive=188195 scale=0 wheel=300000 ffS=15000
2026-07-07T15:52:22.436+00:00 VCP run=1 step=0 angle=98789 target=99352 err=563 steer=16126 m1=2385/125298 i1=210 t1=29 m2=-1572/-80952 i2=-137 t2=29 steerMode=22173/21575 iSteer=36517 driveMode=103125/103998 iDrive=173799 scale=0 wheel=300000 ffS=15000
2026-07-07T15:52:22.446+00:00 CAN id=111 dlc=8 data=905f010000000000
2026-07-07T15:52:22.446+00:00 CAN id=101 dlc=8 data=48ae0100e0930400
2026-07-07T15:52:22.466+00:00 CAN id=111 dlc=8 data=905f010000000000
2026-07-07T15:52:22.466+00:00 CAN id=101 dlc=8 data=50b50100e0930400
2026-07-07T15:52:22.486+00:00 CAN id=111 dlc=8 data=905f010000000000
2026-07-07T15:52:22.486+00:00 CAN id=101 dlc=8 data=58bc0100e0930400
2026-07-07T15:52:22.506+00:00 CAN id=111 dlc=8 data=905f010000000000
2026-07-07T15:52:22.506+00:00 CAN id=101 dlc=8 data=60c30100e0930400
2026-07-07T15:52:22.526+00:00 CAN id=111 dlc=8 data=905f010000000000
2026-07-07T15:52:22.526+00:00 CAN id=101 dlc=8 data=68ca0100e0930400
2026-07-07T15:52:22.539+00:00 VCP run=1 step=0 angle=108281 target=108352 err=71 steer=15000 m1=2326/123750 i1=229 t1=29 m2=-1547/-82500 i2=-209 t2=29 steerMode=20625/20561 iSteer=9692 driveMode=103125/102496 iDrive=219012 scale=0 wheel=300000 ffS=15000
2026-07-07T15:52:22.546+00:00 CAN id=111 dlc=8 data=905f010000000000
2026-07-07T15:52:22.546+00:00 CAN id=101 dlc=8 data=70d10100e0930400
2026-07-07T15:52:22.566+00:00 CAN id=111 dlc=8 data=905f010000000000
2026-07-07T15:52:22.566+00:00 CAN id=101 dlc=8 data=78d80100e0930400
2026-07-07T15:52:22.586+00:00 CAN id=111 dlc=8 data=905f010000000000
2026-07-07T15:52:22.586+00:00 CAN id=101 dlc=8 data=80df0100e0930400
2026-07-07T15:52:22.606+00:00 CAN id=111 dlc=8 data=905f010000000000
2026-07-07T15:52:22.606+00:00 CAN id=101 dlc=8 data=88e60100e0930400
2026-07-07T15:52:22.626+00:00 CAN id=111 dlc=8 data=905f010000000000
2026-07-07T15:52:22.626+00:00 CAN id=101 dlc=8 data=90ed0100e0930400
2026-07-07T15:52:22.642+00:00 VCP run=1 step=0 angle=116895 target=117352 err=457 steer=15000 m1=2324/123750 i1=268 t1=29 m2=-1595/-82500 i2=-160 t2=29 steerMode=20625/19646 iSteer=53675 driveMode=103125/102697 iDrive=213930 scale=0 wheel=300000 ffS=15000
2026-07-07T15:52:22.646+00:00 CAN id=111 dlc=8 data=905f010000000000
2026-07-07T15:52:22.646+00:00 CAN id=101 dlc=8 data=98f40100e0930400
2026-07-07T15:52:22.666+00:00 CAN id=111 dlc=8 data=905f010000000000
2026-07-07T15:52:22.666+00:00 CAN id=101 dlc=8 data=a0fb0100e0930400
2026-07-07T15:52:22.686+00:00 CAN id=111 dlc=8 data=905f010000000000
2026-07-07T15:52:22.686+00:00 CAN id=101 dlc=8 data=a8020200e0930400
2026-07-07T15:52:22.706+00:00 CAN id=111 dlc=8 data=905f010000000000
2026-07-07T15:52:22.706+00:00 CAN id=101 dlc=8 data=b0090200e0930400
2026-07-07T15:52:22.726+00:00 CAN id=111 dlc=8 data=905f010000000000
2026-07-07T15:52:22.726+00:00 CAN id=101 dlc=8 data=b8100200e0930400
2026-07-07T15:52:22.737+00:00 VCP run=1 step=0 angle=125947 target=126352 err=405 steer=15137 m1=2377/123938 i1=156 t1=29 m2=-1549/-82312 i2=-228 t2=29 steerMode=20813/21661 iSteer=-36263 driveMode=103125/103433 iDrive=192174 scale=0 wheel=300000 ffS=15000
2026-07-07T15:52:22.737+00:00 VCP SET_TARGET_FF_RX steerRate=90000 wheelAccel=0
2026-07-07T15:52:22.737+00:00 VCP SET_TARGET_RX steer=135352 wheel=300000
2026-07-07T15:52:22.746+00:00 CAN id=111 dlc=8 data=905f010000000000
2026-07-07T15:52:22.746+00:00 CAN id=101 dlc=8 data=c0170200e0930400
2026-07-07T15:52:22.766+00:00 CAN id=111 dlc=8 data=905f010000000000
2026-07-07T15:52:22.766+00:00 CAN id=101 dlc=8 data=c81e0200e0930400
2026-07-07T15:52:22.786+00:00 CAN id=111 dlc=8 data=905f010000000000
2026-07-07T15:52:22.786+00:00 CAN id=101 dlc=8 data=d0250200e0930400
2026-07-07T15:52:22.806+00:00 CAN id=111 dlc=8 data=905f010000000000
2026-07-07T15:52:22.806+00:00 CAN id=101 dlc=8 data=d82c0200e0930400
2026-07-07T15:52:22.826+00:00 CAN id=111 dlc=8 data=905f010000000000
2026-07-07T15:52:22.826+00:00 CAN id=101 dlc=8 data=e0330200e0930400
2026-07-07T15:52:22.840+00:00 VCP run=1 step=0 angle=135088 target=135352 err=264 steer=15000 m1=2350/123750 i1=205 t1=29 m2=-1572/-82500 i2=-210 t2=29 steerMode=20625/20760 iSteer=-2411 driveMode=103125/102912 iDrive=207322 scale=0 wheel=300000 ffS=15000
2026-07-07T15:52:22.846+00:00 CAN id=111 dlc=8 data=905f010000000000
2026-07-07T15:52:22.846+00:00 CAN id=101 dlc=8 data=e83a0200e0930400
2026-07-07T15:52:22.866+00:00 CAN id=111 dlc=8 data=905f010000000000
2026-07-07T15:52:22.866+00:00 CAN id=101 dlc=8 data=f0410200e0930400
2026-07-07T15:52:22.886+00:00 CAN id=111 dlc=8 data=905f010000000000
2026-07-07T15:52:22.886+00:00 CAN id=101 dlc=8 data=f8480200e0930400
2026-07-07T15:52:22.906+00:00 CAN id=111 dlc=8 data=905f010000000000
2026-07-07T15:52:22.906+00:00 CAN id=101 dlc=8 data=00500200e0930400
2026-07-07T15:52:22.926+00:00 CAN id=111 dlc=8 data=905f010000000000
2026-07-07T15:52:22.926+00:00 CAN id=101 dlc=8 data=08570200e0930400
2026-07-07T15:52:22.943+00:00 VCP run=1 step=0 angle=143877 target=144352 err=475 steer=15526 m1=2354/124473 i1=228 t1=29 m2=-1541/-81777 i2=-175 t2=29 steerMode=21348/20937 iSteer=26279 driveMode=103125/103125 iDrive=201394 scale=0 wheel=300000 ffS=15000
2026-07-07T15:52:22.946+00:00 CAN id=111 dlc=8 data=905f010000000000
2026-07-07T15:52:22.946+00:00 CAN id=101 dlc=8 data=105e0200e0930400
2026-07-07T15:52:22.966+00:00 CAN id=111 dlc=8 data=905f010000000000
2026-07-07T15:52:22.966+00:00 CAN id=101 dlc=8 data=18650200e0930400
2026-07-07T15:52:22.986+00:00 CAN id=111 dlc=8 data=905f010000000000
2026-07-07T15:52:22.986+00:00 CAN id=101 dlc=8 data=206c0200e0930400
2026-07-07T15:52:23.006+00:00 CAN id=111 dlc=8 data=905f010000000000
2026-07-07T15:52:23.006+00:00 CAN id=101 dlc=8 data=28730200e0930400
2026-07-07T15:52:23.026+00:00 CAN id=111 dlc=8 data=905f010000000000
2026-07-07T15:52:23.026+00:00 CAN id=101 dlc=8 data=307a0200e0930400
2026-07-07T15:52:23.045+00:00 VCP run=1 step=0 angle=153281 target=153352 err=71 steer=15000 m1=2316/123750 i1=250 t1=29 m2=-1568/-82500 i2=-210 t2=29 steerMode=20625/20312 iSteer=19832 driveMode=103125/102200 iDrive=229828 scale=0 wheel=300000 ffS=15000
2026-07-07T15:52:23.046+00:00 CAN id=111 dlc=8 data=905f010000000000
2026-07-07T15:52:23.046+00:00 CAN id=101 dlc=8 data=38810200e0930400
2026-07-07T15:52:23.066+00:00 CAN id=111 dlc=8 data=905f010000000000
2026-07-07T15:52:23.066+00:00 CAN id=101 dlc=8 data=40880200e0930400
2026-07-07T15:52:23.086+00:00 CAN id=111 dlc=8 data=905f010000000000
2026-07-07T15:52:23.086+00:00 CAN id=101 dlc=8 data=488f0200e0930400
2026-07-07T15:52:23.106+00:00 CAN id=111 dlc=8 data=905f010000000000
2026-07-07T15:52:23.106+00:00 CAN id=101 dlc=8 data=50960200e0930400
2026-07-07T15:52:23.126+00:00 CAN id=111 dlc=8 data=905f010000000000
2026-07-07T15:52:23.126+00:00 CAN id=101 dlc=8 data=589d0200e0930400
2026-07-07T15:52:23.146+00:00 CAN id=111 dlc=8 data=905f010000000000
2026-07-07T15:52:23.146+00:00 CAN id=101 dlc=8 data=60a40200e0930400
2026-07-07T15:52:23.148+00:00 VCP run=1 step=0 angle=161895 target=162352 err=457 steer=15491 m1=2387/124425 i1=222 t1=29 m2=-1566/-81825 i2=-148 t2=29 steerMode=21300/20680 iSteer=37056 driveMode=103125/103713 iDrive=184731 scale=0 wheel=300000 ffS=15000
2026-07-07T15:52:23.166+00:00 CAN id=111 dlc=8 data=905f010000000000
2026-07-07T15:52:23.166+00:00 CAN id=101 dlc=8 data=68ab0200e0930400
2026-07-07T15:52:23.186+00:00 CAN id=111 dlc=8 data=905f010000000000
2026-07-07T15:52:23.186+00:00 CAN id=101 dlc=8 data=70b20200e0930400
2026-07-07T15:52:23.206+00:00 CAN id=111 dlc=8 data=905f010000000000
2026-07-07T15:52:23.206+00:00 CAN id=101 dlc=8 data=78b90200e0930400
2026-07-07T15:52:23.226+00:00 CAN id=111 dlc=8 data=905f010000000000
2026-07-07T15:52:23.226+00:00 CAN id=101 dlc=8 data=80c00200e0930400
2026-07-07T15:52:23.244+00:00 VCP run=1 step=0 angle=171211 target=171352 err=141 steer=15000 m1=2345/123750 i1=204 t1=29 m2=-1595/-82500 i2=-171 t2=29 steerMode=20625/20393 iSteer=16261 driveMode=103125/103585 iDrive=187532 scale=0 wheel=300000 ffS=15000
2026-07-07T15:52:23.244+00:00 VCP SET_TARGET_FF_RX steerRate=90000 wheelAccel=0
2026-07-07T15:52:23.244+00:00 VCP SET_TARGET_RX steer=180352 wheel=300000
2026-07-07T15:52:23.246+00:00 CAN id=111 dlc=8 data=905f010000000000
2026-07-07T15:52:23.246+00:00 CAN id=101 dlc=8 data=88c70200e0930400
2026-07-07T15:52:23.266+00:00 CAN id=111 dlc=8 data=905f010000000000
2026-07-07T15:52:23.266+00:00 CAN id=101 dlc=8 data=90ce0200e0930400
2026-07-07T15:52:23.286+00:00 CAN id=111 dlc=8 data=905f010000000000
2026-07-07T15:52:23.286+00:00 CAN id=101 dlc=8 data=98d50200e0930400
2026-07-07T15:52:23.306+00:00 CAN id=111 dlc=8 data=905f010000000000
2026-07-07T15:52:23.306+00:00 CAN id=101 dlc=8 data=a0dc0200e0930400
2026-07-07T15:52:23.326+00:00 CAN id=111 dlc=8 data=905f010000000000
2026-07-07T15:52:23.326+00:00 CAN id=101 dlc=8 data=a8e30200e0930400
2026-07-07T15:52:23.346+00:00 CAN id=111 dlc=8 data=905f010000000000
2026-07-07T15:52:23.346+00:00 CAN id=101 dlc=8 data=b0ea0200e0930400
2026-07-07T15:52:23.347+00:00 VCP run=1 step=0 angle=179912 target=180352 err=440 steer=15456 m1=2352/124376 i1=235 t1=29 m2=-1541/-81874 i2=-152 t2=29 steerMode=21251/20553 iSteer=41876 driveMode=103125/103364 iDrive=193461 scale=0 wheel=300000 ffS=15000
2026-07-07T15:52:23.366+00:00 CAN id=111 dlc=8 data=905f010000000000
2026-07-07T15:52:23.366+00:00 CAN id=101 dlc=8 data=b8f10200e0930400
2026-07-07T15:52:23.386+00:00 CAN id=111 dlc=8 data=905f010000000000
2026-07-07T15:52:23.386+00:00 CAN id=101 dlc=8 data=c0f80200e0930400
2026-07-07T15:52:23.406+00:00 CAN id=111 dlc=8 data=905f010000000000
2026-07-07T15:52:23.406+00:00 CAN id=101 dlc=8 data=c8ff0200e0930400
2026-07-07T15:52:23.426+00:00 CAN id=111 dlc=8 data=905f010000000000
2026-07-07T15:52:23.426+00:00 CAN id=101 dlc=8 data=d0060300e0930400
2026-07-07T15:52:23.446+00:00 CAN id=111 dlc=8 data=905f010000000000
2026-07-07T15:52:23.446+00:00 CAN id=101 dlc=8 data=d80d0300e0930400
2026-07-07T15:52:23.449+00:00 VCP run=1 step=0 angle=189580 target=189352 err=-228 steer=15000 m1=2326/123750 i1=251 t1=29 m2=-1593/-82500 i2=-176 t2=29 steerMode=20625/19970 iSteer=37408 driveMode=103125/102713 iDrive=213878 scale=0 wheel=300000 ffS=15000
2026-07-07T15:52:23.466+00:00 CAN id=111 dlc=8 data=905f010000000000
2026-07-07T15:52:23.466+00:00 CAN id=101 dlc=8 data=e0140300e0930400
2026-07-07T15:52:23.486+00:00 CAN id=111 dlc=8 data=905f010000000000
2026-07-07T15:52:23.486+00:00 CAN id=101 dlc=8 data=e81b0300e0930400
2026-07-07T15:52:23.506+00:00 CAN id=111 dlc=8 data=905f010000000000
2026-07-07T15:52:23.506+00:00 CAN id=101 dlc=8 data=f0220300e0930400
2026-07-07T15:52:23.526+00:00 CAN id=111 dlc=8 data=905f010000000000
2026-07-07T15:52:23.526+00:00 CAN id=101 dlc=8 data=f8290300e0930400
2026-07-07T15:52:23.546+00:00 CAN id=111 dlc=8 data=905f010000000000
2026-07-07T15:52:23.546+00:00 CAN id=101 dlc=8 data=00310300e0930400
2026-07-07T15:52:23.552+00:00 VCP run=1 step=0 angle=197930 target=198352 err=422 steer=15420 m1=2356/124328 i1=276 t1=29 m2=-1587/-81922 i2=-144 t2=29 steerMode=21203/20035 iSteer=66101 driveMode=103125/102848 iDrive=210247 scale=0 wheel=300000 ffS=15000
2026-07-07T15:52:23.566+00:00 CAN id=111 dlc=8 data=905f010000000000
2026-07-07T15:52:23.566+00:00 CAN id=101 dlc=8 data=08380300e0930400
2026-07-07T15:52:23.586+00:00 CAN id=111 dlc=8 data=905f010000000000
2026-07-07T15:52:23.586+00:00 CAN id=101 dlc=8 data=103f0300e0930400
2026-07-07T15:52:23.606+00:00 CAN id=111 dlc=8 data=905f010000000000
2026-07-07T15:52:23.606+00:00 CAN id=101 dlc=8 data=18460300e0930400
2026-07-07T15:52:23.626+00:00 CAN id=111 dlc=8 data=905f010000000000
2026-07-07T15:52:23.626+00:00 CAN id=101 dlc=8 data=204d0300e0930400
2026-07-07T15:52:23.646+00:00 CAN id=111 dlc=8 data=905f010000000000
2026-07-07T15:52:23.646+00:00 CAN id=101 dlc=8 data=28540300e0930400
2026-07-07T15:52:23.666+00:00 CAN id=111 dlc=8 data=905f010000000000
2026-07-07T15:52:23.666+00:00 CAN id=101 dlc=8 data=305b0300e0930400
2026-07-07T15:52:23.686+00:00 CAN id=111 dlc=8 data=905f010000000000
2026-07-07T15:52:23.686+00:00 CAN id=101 dlc=8 data=38620300e0930400
2026-07-07T15:52:23.706+00:00 CAN id=111 dlc=8 data=905f010000000000
2026-07-07T15:52:23.706+00:00 CAN id=101 dlc=8 data=40690300e0930400
2026-07-07T15:52:23.726+00:00 CAN id=111 dlc=8 data=905f010000000000
2026-07-07T15:52:23.726+00:00 CAN id=101 dlc=8 data=48700300e0930400
2026-07-07T15:52:23.727+00:00 VCP run=1 step=0 angle=207422 target=207352 err=-70 steer=15000 m1=2347/123750 i1=204 t1=29 m2=-1595/-82500 i2=-168 t2=29 steerMode=20625/20370 iSteer=17916 driveMode=103125/103666 iDrive=185635 scale=0 wheel=300000 ffS=15000
2026-07-07T15:52:23.727+00:00 VCP run=1 step=0 angle=216035 target=216352 err=317 steer=15000 m1=2373/123750 i1=157 t1=29 m2=-1539/-82500 i2=-245 t2=29 steerMode=20625/21622 iSteer=-44078 driveMode=103125/103124 iDrive=201322 scale=0 wheel=300000 ffS=15000
2026-07-07T15:52:23.746+00:00 CAN id=111 dlc=8 data=905f010000000000
2026-07-07T15:52:23.746+00:00 CAN id=101 dlc=8 data=50770300e0930400
2026-07-07T15:52:23.750+00:00 VCP SET_TARGET_FF_RX steerRate=90000 wheelAccel=0
2026-07-07T15:52:23.750+00:00 VCP SET_TARGET_RX steer=225352 wheel=300000
2026-07-07T15:52:23.766+00:00 CAN id=111 dlc=8 data=905f010000000000
2026-07-07T15:52:23.766+00:00 CAN id=101 dlc=8 data=587e0300e0930400
2026-07-07T15:52:23.786+00:00 CAN id=111 dlc=8 data=905f010000000000
2026-07-07T15:52:23.786+00:00 CAN id=101 dlc=8 data=60850300e0930400
2026-07-07T15:52:23.806+00:00 CAN id=111 dlc=8 data=905f010000000000
2026-07-07T15:52:23.806+00:00 CAN id=101 dlc=8 data=688c0300e0930400
2026-07-07T15:52:23.826+00:00 CAN id=111 dlc=8 data=905f010000000000
2026-07-07T15:52:23.826+00:00 CAN id=101 dlc=8 data=70930300e0930400
2026-07-07T15:52:23.846+00:00 CAN id=111 dlc=8 data=905f010000000000
2026-07-07T15:52:23.846+00:00 CAN id=101 dlc=8 data=789a0300e0930400
2026-07-07T15:52:23.853+00:00 VCP run=1 step=0 angle=225264 target=225352 err=88 steer=15000 m1=2350/123750 i1=245 t1=29 m2=-1626/-82500 i2=-161 t2=29 steerMode=20625/19849 iSteer=41936 driveMode=103125/103083 iDrive=202679 scale=0 wheel=300000 ffS=15000
2026-07-07T15:52:23.866+00:00 CAN id=111 dlc=8 data=905f010000000000
2026-07-07T15:52:23.866+00:00 CAN id=101 dlc=8 data=80a10300e0930400
2026-07-07T15:52:23.886+00:00 CAN id=111 dlc=8 data=905f010000000000
2026-07-07T15:52:23.886+00:00 CAN id=101 dlc=8 data=88a80300e0930400
2026-07-07T15:52:23.906+00:00 CAN id=111 dlc=8 data=905f010000000000
2026-07-07T15:52:23.906+00:00 CAN id=101 dlc=8 data=90af0300e0930400
2026-07-07T15:52:23.926+00:00 CAN id=111 dlc=8 data=905f010000000000
2026-07-07T15:52:23.926+00:00 CAN id=101 dlc=8 data=98b60300e0930400
2026-07-07T15:52:23.946+00:00 CAN id=111 dlc=8 data=905f010000000000
2026-07-07T15:52:23.946+00:00 CAN id=101 dlc=8 data=a0bd0300e0930400
2026-07-07T15:52:23.966+00:00 CAN id=111 dlc=8 data=905f010000000000
2026-07-07T15:52:23.966+00:00 CAN id=101 dlc=8 data=a8c40300e0930400
2026-07-07T15:52:23.986+00:00 CAN id=111 dlc=8 data=905f010000000000
2026-07-07T15:52:23.986+00:00 CAN id=101 dlc=8 data=b0cb0300e0930400
2026-07-07T15:52:24.006+00:00 CAN id=111 dlc=8 data=905f010000000000
2026-07-07T15:52:24.006+00:00 CAN id=101 dlc=8 data=b8d20300e0930400
2026-07-07T15:52:24.026+00:00 CAN id=111 dlc=8 data=905f010000000000
2026-07-07T15:52:24.026+00:00 CAN id=101 dlc=8 data=c0d90300e0930400
2026-07-07T15:52:24.036+00:00 VCP run=1 step=0 angle=234053 target=234352 err=299 steer=15000 m1=2368/123750 i1=169 t1=29 m2=-1551/-82500 i2=-191 t2=29 steerMode=20625/20965 iSteer=-11145 driveMode=103125/103803 iDrive=180129 scale=0 wheel=300000 ffS=15000
2026-07-07T15:52:24.036+00:00 VCP run=1 step=0 angle=243018 target=243352 err=334 steer=15000 m1=2360/123750 i1=213 t1=29 m2=-1545/-82500 i2=-222 t2=29 steerMode=20625/20826 iSteer=-4838 driveMode=103125/102564 iDrive=217470 scale=0 wheel=300000 ffS=15000
2026-07-07T15:52:24.046+00:00 CAN id=111 dlc=8 data=905f010000000000
2026-07-07T15:52:24.046+00:00 CAN id=101 dlc=8 data=c8e00300e0930400
2026-07-07T15:52:24.066+00:00 CAN id=111 dlc=8 data=905f010000000000
2026-07-07T15:52:24.066+00:00 CAN id=101 dlc=8 data=d0e70300e0930400
2026-07-07T15:52:24.086+00:00 CAN id=111 dlc=8 data=905f010000000000
2026-07-07T15:52:24.086+00:00 CAN id=101 dlc=8 data=d8ee0300e0930400
2026-07-07T15:52:24.106+00:00 CAN id=111 dlc=8 data=905f010000000000
2026-07-07T15:52:24.106+00:00 CAN id=101 dlc=8 data=e0f50300e0930400
2026-07-07T15:52:24.126+00:00 CAN id=111 dlc=8 data=905f010000000000
2026-07-07T15:52:24.126+00:00 CAN id=101 dlc=8 data=e8fc0300e0930400
2026-07-07T15:52:24.139+00:00 VCP run=1 step=0 angle=252422 target=252352 err=-70 steer=15000 m1=2356/123750 i1=178 t1=29 m2=-1536/-82500 i2=-285 t2=29 steerMode=20625/21730 iSteer=-53562 driveMode=103125/102148 iDrive=231491 scale=0 wheel=300000 ffS=15000
2026-07-07T15:52:24.146+00:00 CAN id=111 dlc=8 data=905f010000000000
2026-07-07T15:52:24.146+00:00 CAN id=101 dlc=8 data=f0030400e0930400
2026-07-07T15:52:24.166+00:00 CAN id=111 dlc=8 data=905f010000000000
2026-07-07T15:52:24.166+00:00 CAN id=101 dlc=8 data=f80a0400e0930400
2026-07-07T15:52:24.186+00:00 CAN id=111 dlc=8 data=905f010000000000
2026-07-07T15:52:24.186+00:00 CAN id=101 dlc=8 data=00120400e0930400
2026-07-07T15:52:24.206+00:00 CAN id=111 dlc=8 data=905f010000000000
2026-07-07T15:52:24.206+00:00 CAN id=101 dlc=8 data=08190400e0930400
2026-07-07T15:52:24.226+00:00 CAN id=111 dlc=8 data=905f010000000000
2026-07-07T15:52:24.226+00:00 CAN id=101 dlc=8 data=10200400e0930400
2026-07-07T15:52:24.233+00:00 VCP run=1 step=0 angle=261387 target=261352 err=-35 steer=15000 m1=2322/123750 i1=232 t1=29 m2=-1589/-82500 i2=-183 t2=29 steerMode=20625/20132 iSteer=24726 driveMode=103125/102971 iDrive=207643 scale=0 wheel=300000 ffS=15000
2026-07-07T15:52:24.233+00:00 VCP SET_TARGET_FF_RX steerRate=90000 wheelAccel=0
2026-07-07T15:52:24.246+00:00 CAN id=111 dlc=8 data=905f010000000000
2026-07-07T15:52:24.246+00:00 CAN id=101 dlc=8 data=18270400e0930400
2026-07-07T15:52:24.266+00:00 CAN id=111 dlc=8 data=905f010000000000
2026-07-07T15:52:24.266+00:00 CAN id=101 dlc=8 data=202e0400e0930400
2026-07-07T15:52:24.286+00:00 CAN id=111 dlc=8 data=905f010000000000
2026-07-07T15:52:24.286+00:00 CAN id=101 dlc=8 data=28350400e0930400
2026-07-07T15:52:24.306+00:00 CAN id=111 dlc=8 data=905f010000000000
2026-07-07T15:52:24.306+00:00 CAN id=101 dlc=8 data=303c0400e0930400
2026-07-07T15:52:24.326+00:00 CAN id=111 dlc=8 data=905f010000000000
2026-07-07T15:52:24.326+00:00 CAN id=101 dlc=8 data=38430400e0930400
2026-07-07T15:52:24.337+00:00 VCP SET_TARGET_RX steer=270352 wheel=300000
2026-07-07T15:52:24.337+00:00 VCP run=1 step=0 angle=269912 target=270352 err=440 steer=15456 m1=2364/124376 i1=215 t1=29 m2=-1580/-81874 i2=-148 t2=29 steerMode=21251/20604 iSteer=33547 driveMode=103125/103826 iDrive=181423 scale=0 wheel=300000 ffS=15000
2026-07-07T15:52:24.346+00:00 CAN id=111 dlc=8 data=905f010000000000
2026-07-07T15:52:24.346+00:00 CAN id=101 dlc=8 data=404a0400e0930400
2026-07-07T15:52:24.366+00:00 CAN id=111 dlc=8 data=905f010000000000
2026-07-07T15:52:24.366+00:00 CAN id=101 dlc=8 data=48510400e0930400
2026-07-07T15:52:24.386+00:00 CAN id=111 dlc=8 data=905f010000000000
2026-07-07T15:52:24.386+00:00 CAN id=101 dlc=8 data=50580400e0930400
2026-07-07T15:52:24.406+00:00 CAN id=111 dlc=8 data=905f010000000000
2026-07-07T15:52:24.406+00:00 CAN id=101 dlc=8 data=585f0400e0930400
2026-07-07T15:52:24.426+00:00 CAN id=111 dlc=8 data=905f010000000000
2026-07-07T15:52:24.426+00:00 CAN id=101 dlc=8 data=60660400e0930400
2026-07-07T15:52:24.440+00:00 VCP run=1 step=0 angle=279141 target=279352 err=211 steer=15000 m1=2360/123750 i1=219 t1=29 m2=-1578/-82500 i2=-191 t2=29 steerMode=20625/20338 iSteer=13792 driveMode=103125/103023 iDrive=204784 scale=0 wheel=300000 ffS=15000
2026-07-07T15:52:24.446+00:00 CAN id=111 dlc=8 data=905f010000000000
2026-07-07T15:52:24.446+00:00 CAN id=101 dlc=8 data=686d0400e0930400
2026-07-07T15:52:24.466+00:00 CAN id=111 dlc=8 data=905f010000000000
2026-07-07T15:52:24.466+00:00 CAN id=101 dlc=8 data=70740400e0930400
2026-07-07T15:52:24.486+00:00 CAN id=111 dlc=8 data=905f010000000000
2026-07-07T15:52:24.486+00:00 CAN id=101 dlc=8 data=787b0400e0930400
2026-07-07T15:52:24.506+00:00 CAN id=111 dlc=8 data=905f010000000000
2026-07-07T15:52:24.506+00:00 CAN id=101 dlc=8 data=80820400e0930400
2026-07-07T15:52:24.526+00:00 CAN id=111 dlc=8 data=905f010000000000
2026-07-07T15:52:24.526+00:00 CAN id=101 dlc=8 data=88890400e0930400
2026-07-07T15:52:24.543+00:00 VCP run=1 step=0 angle=287754 target=288352 err=598 steer=16196 m1=2345/125395 i1=263 t1=29 m2=-1526/-80855 i2=-191 t2=29 steerMode=22270/21525 iSteer=36372 driveMode=103125/102321 iDrive=226998 scale=0 wheel=300000 ffS=15000
2026-07-07T15:52:24.546+00:00 CAN id=111 dlc=8 data=905f010000000000
2026-07-07T15:52:24.546+00:00 CAN id=101 dlc=8 data=90900400e0930400
2026-07-07T15:52:24.566+00:00 CAN id=111 dlc=8 data=905f010000000000
2026-07-07T15:52:24.566+00:00 CAN id=101 dlc=8 data=98970400e0930400
2026-07-07T15:52:24.586+00:00 CAN id=111 dlc=8 data=905f010000000000
2026-07-07T15:52:24.586+00:00 CAN id=101 dlc=8 data=a09e0400e0930400
2026-07-07T15:52:24.606+00:00 CAN id=111 dlc=8 data=905f010000000000
2026-07-07T15:52:24.606+00:00 CAN id=101 dlc=8 data=a8a50400e0930400
2026-07-07T15:52:24.626+00:00 CAN id=111 dlc=8 data=905f010000000000
2026-07-07T15:52:24.626+00:00 CAN id=101 dlc=8 data=b0ac0400e0930400
2026-07-07T15:52:24.646+00:00 CAN id=111 dlc=8 data=905f010000000000
2026-07-07T15:52:24.646+00:00 VCP run=1 step=0 angle=297246 target=297352 err=106 steer=15000 m1=2331/123750 i1=196 t1=29 m2=-1574/-82500 i2=-271 t2=29 steerMode=20625/21284 iSteer=-37348 driveMode=103125/102161 iDrive=233297 scale=0 wheel=300000 ffS=15000
2026-07-07T15:52:24.646+00:00 CAN id=101 dlc=8 data=b8b30400e0930400
2026-07-07T15:52:24.666+00:00 CAN id=111 dlc=8 data=905f010000000000
2026-07-07T15:52:24.666+00:00 CAN id=101 dlc=8 data=c0ba0400e0930400
2026-07-07T15:52:24.686+00:00 CAN id=111 dlc=8 data=905f010000000000
2026-07-07T15:52:24.686+00:00 CAN id=101 dlc=8 data=c8c10400e0930400
2026-07-07T15:52:24.706+00:00 CAN id=111 dlc=8 data=905f010000000000
2026-07-07T15:52:24.706+00:00 CAN id=101 dlc=8 data=d0c80400e0930400
2026-07-07T15:52:24.726+00:00 CAN id=111 dlc=8 data=905f010000000000
2026-07-07T15:52:24.726+00:00 CAN id=101 dlc=8 data=d8cf0400e0930400
2026-07-07T15:52:24.741+00:00 VCP run=1 step=0 angle=305859 target=306352 err=493 steer=15561 m1=2364/124521 i1=212 t1=29 m2=-1547/-81729 i2=-185 t2=29 steerMode=21396/21067 iSteer=13320 driveMode=103125/103348 iDrive=198571 scale=0 wheel=300000 ffS=15000
2026-07-07T15:52:24.741+00:00 VCP SET_TARGET_FF_RX steerRate=90000 wheelAccel=0
2026-07-07T15:52:24.741+00:00 VCP SET_TARGET_RX steer=315352 wheel=300000
2026-07-07T15:52:24.746+00:00 CAN id=111 dlc=8 data=905f010000000000
2026-07-07T15:52:24.746+00:00 CAN id=101 dlc=8 data=e0d60400e0930400
2026-07-07T15:52:24.766+00:00 CAN id=111 dlc=8 data=905f010000000000
2026-07-07T15:52:24.766+00:00 CAN id=101 dlc=8 data=e8dd0400e0930400
2026-07-07T15:52:24.786+00:00 CAN id=111 dlc=8 data=905f010000000000
2026-07-07T15:52:24.786+00:00 CAN id=101 dlc=8 data=f0e40400e0930400
2026-07-07T15:52:24.806+00:00 CAN id=111 dlc=8 data=905f010000000000
2026-07-07T15:52:24.806+00:00 CAN id=101 dlc=8 data=f8eb0400e0930400
2026-07-07T15:52:24.826+00:00 CAN id=111 dlc=8 data=905f010000000000
2026-07-07T15:52:24.826+00:00 CAN id=101 dlc=8 data=00f30400e0930400
2026-07-07T15:52:24.844+00:00 VCP run=1 step=0 angle=315439 target=315352 err=-87 steer=15000 m1=2297/123750 i1=239 t1=29 m2=-1591/-82500 i2=-227 t2=29 steerMode=20625/20344 iSteer=5854 driveMode=103125/102211 iDrive=233068 scale=0 wheel=300000 ffS=15000
2026-07-07T15:52:24.846+00:00 CAN id=111 dlc=8 data=905f010000000000
2026-07-07T15:52:24.846+00:00 CAN id=101 dlc=8 data=08fa0400e0930400
2026-07-07T15:52:24.866+00:00 CAN id=111 dlc=8 data=905f010000000000
2026-07-07T15:52:24.866+00:00 CAN id=101 dlc=8 data=10010500e0930400
2026-07-07T15:52:24.886+00:00 CAN id=111 dlc=8 data=905f010000000000
2026-07-07T15:52:24.886+00:00 CAN id=101 dlc=8 data=18080500e0930400
2026-07-07T15:52:24.906+00:00 CAN id=111 dlc=8 data=905f010000000000
2026-07-07T15:52:24.906+00:00 CAN id=101 dlc=8 data=200f0500e0930400
2026-07-07T15:52:24.926+00:00 CAN id=111 dlc=8 data=905f010000000000
2026-07-07T15:52:24.926+00:00 CAN id=101 dlc=8 data=28160500e0930400
2026-07-07T15:52:24.946+00:00 CAN id=111 dlc=8 data=905f010000000000
2026-07-07T15:52:24.946+00:00 CAN id=101 dlc=8 data=301d0500e0930400
2026-07-07T15:52:24.947+00:00 VCP run=1 step=0 angle=323613 target=324352 err=739 steer=16477 m1=2400/125782 i1=252 t1=29 m2=-1539/-80468 i2=-126 t2=29 steerMode=22657/21320 iSteer=62827 driveMode=103125/103688 iDrive=189032 scale=0 wheel=300000 ffS=15000
2026-07-07T15:52:24.966+00:00 CAN id=111 dlc=8 data=905f010000000000
2026-07-07T15:52:24.966+00:00 CAN id=101 dlc=8 data=38240500e0930400
2026-07-07T15:52:24.986+00:00 CAN id=111 dlc=8 data=905f010000000000
2026-07-07T15:52:24.986+00:00 CAN id=101 dlc=8 data=402b0500e0930400
2026-07-07T15:52:25.006+00:00 CAN id=111 dlc=8 data=905f010000000000
2026-07-07T15:52:25.006+00:00 CAN id=101 dlc=8 data=48320500e0930400
2026-07-07T15:52:25.026+00:00 CAN id=111 dlc=8 data=905f010000000000
2026-07-07T15:52:25.026+00:00 CAN id=101 dlc=8 data=50390500e0930400
2026-07-07T15:52:25.046+00:00 CAN id=111 dlc=8 data=905f010000000000
2026-07-07T15:52:25.046+00:00 CAN id=101 dlc=8 data=58400500e0930400
2026-07-07T15:52:25.050+00:00 VCP run=1 step=0 angle=333457 target=333352 err=-105 steer=15000 m1=2331/123750 i1=197 t1=29 m2=-1610/-82500 i2=-187 t2=29 steerMode=20625/20359 iSteer=4946 driveMode=103125/103573 iDrive=191735 scale=0 wheel=300000 ffS=15000
2026-07-07T15:52:25.066+00:00 CAN id=111 dlc=8 data=905f010000000000
2026-07-07T15:52:25.066+00:00 CAN id=101 dlc=8 data=60470500e0930400
2026-07-07T15:52:25.086+00:00 CAN id=111 dlc=8 data=905f010000000000
2026-07-07T15:52:25.086+00:00 CAN id=101 dlc=8 data=684e0500e0930400
2026-07-07T15:52:25.106+00:00 CAN id=111 dlc=8 data=905f010000000000
2026-07-07T15:52:25.106+00:00 CAN id=101 dlc=8 data=70550500e0930400
2026-07-07T15:52:25.126+00:00 CAN id=111 dlc=8 data=905f010000000000
2026-07-07T15:52:25.126+00:00 CAN id=101 dlc=8 data=785c0500e0930400
2026-07-07T15:52:25.146+00:00 CAN id=111 dlc=8 data=905f010000000000
2026-07-07T15:52:25.146+00:00 CAN id=101 dlc=8 data=80630500e0930400
2026-07-07T15:52:25.153+00:00 VCP run=1 step=0 angle=341982 target=342352 err=370 steer=15000 m1=2362/123750 i1=214 t1=29 m2=-1564/-82500 i2=-181 t2=29 steerMode=20625/20167 iSteer=16660 driveMode=103125/103359 iDrive=197366 scale=0 wheel=300000 ffS=15000
2026-07-07T15:52:25.166+00:00 CAN id=111 dlc=8 data=905f010000000000
2026-07-07T15:52:25.166+00:00 CAN id=101 dlc=8 data=886a0500e0930400
2026-07-07T15:52:25.186+00:00 CAN id=111 dlc=8 data=905f010000000000
2026-07-07T15:52:25.186+00:00 CAN id=101 dlc=8 data=90710500e0930400
2026-07-07T15:52:25.206+00:00 CAN id=111 dlc=8 data=905f010000000000
2026-07-07T15:52:25.206+00:00 CAN id=101 dlc=8 data=98780500e0930400
2026-07-07T15:52:25.226+00:00 CAN id=111 dlc=8 data=905f010000000000
2026-07-07T15:52:25.226+00:00 CAN id=101 dlc=8 data=60010000e0930400
2026-07-07T15:52:25.246+00:00 CAN id=111 dlc=8 data=905f010000000000
2026-07-07T15:52:25.246+00:00 CAN id=101 dlc=8 data=68080000e0930400
2026-07-07T15:52:25.248+00:00 VCP run=1 step=0 angle=351650 target=351352 err=-298 steer=15000 m1=2322/123750 i1=206 t1=29 m2=-1549/-82500 i2=-261 t2=29 steerMode=20625/20972 iSteer=-27202 driveMode=103125/102164 iDrive=233554 scale=0 wheel=300000 ffS=15000
2026-07-07T15:52:25.248+00:00 VCP SET_TARGET_FF_RX steerRate=90000 wheelAccel=0
2026-07-07T15:52:25.248+00:00 VCP SET_TARGET_RX steer=352 wheel=300000
2026-07-07T15:52:25.266+00:00 CAN id=111 dlc=8 data=905f010000000000
2026-07-07T15:52:25.266+00:00 CAN id=101 dlc=8 data=700f0000e0930400
2026-07-07T15:52:25.286+00:00 CAN id=111 dlc=8 data=905f010000000000
2026-07-07T15:52:25.286+00:00 CAN id=101 dlc=8 data=78160000e0930400
2026-07-07T15:52:25.306+00:00 CAN id=111 dlc=8 data=905f010000000000
2026-07-07T15:52:25.306+00:00 CAN id=101 dlc=8 data=801d0000e0930400
2026-07-07T15:52:25.326+00:00 CAN id=111 dlc=8 data=905f010000000000
2026-07-07T15:52:25.326+00:00 CAN id=101 dlc=8 data=88240000e0930400
2026-07-07T15:52:25.346+00:00 CAN id=111 dlc=8 data=905f010000000000
2026-07-07T15:52:25.346+00:00 CAN id=101 dlc=8 data=902b0000e0930400
2026-07-07T15:52:25.351+00:00 VCP run=1 step=0 angle=439 target=352 err=-87 steer=15000 m1=2322/123750 i1=278 t1=29 m2=-1585/-82500 i2=-149 t2=29 steerMode=20625/19121 iSteer=64811 driveMode=103125/102881 iDrive=213549 scale=0 wheel=300000 ffS=15000
2026-07-07T15:52:25.366+00:00 CAN id=111 dlc=8 data=905f010000000000
2026-07-07T15:52:25.366+00:00 CAN id=101 dlc=8 data=98320000e0930400
2026-07-07T15:52:25.386+00:00 CAN id=111 dlc=8 data=905f010000000000
2026-07-07T15:52:25.386+00:00 CAN id=101 dlc=8 data=a0390000e0930400
2026-07-07T15:52:25.406+00:00 CAN id=111 dlc=8 data=905f010000000000
2026-07-07T15:52:25.406+00:00 CAN id=101 dlc=8 data=a8400000e0930400
2026-07-07T15:52:25.426+00:00 CAN id=111 dlc=8 data=905f010000000000
2026-07-07T15:52:25.426+00:00 CAN id=101 dlc=8 data=b0470000e0930400
2026-07-07T15:52:25.446+00:00 CAN id=111 dlc=8 data=905f010000000000
2026-07-07T15:52:25.446+00:00 CAN id=101 dlc=8 data=b84e0000e0930400
2026-07-07T15:52:25.466+00:00 CAN id=111 dlc=8 data=905f010000000000
2026-07-07T15:52:25.466+00:00 CAN id=101 dlc=8 data=c0550000e0930400
2026-07-07T15:52:25.486+00:00 CAN id=111 dlc=8 data=905f010000000000
2026-07-07T15:52:25.486+00:00 CAN id=101 dlc=8 data=c85c0000e0930400
2026-07-07T15:52:25.506+00:00 CAN id=111 dlc=8 data=905f010000000000
2026-07-07T15:52:25.506+00:00 CAN id=101 dlc=8 data=d0630000e0930400
2026-07-07T15:52:25.526+00:00 CAN id=111 dlc=8 data=905f010000000000
2026-07-07T15:52:25.526+00:00 CAN id=101 dlc=8 data=d86a0000e0930400
2026-07-07T15:52:25.535+00:00 VCP run=1 step=0 angle=8965 target=9352 err=387 steer=15000 m1=2329/123750 i1=252 t1=29 m2=-1637/-82500 i2=-91 t2=29 steerMode=20625/18834 iSteer=80623 driveMode=103125/104236 iDrive=171765 scale=0 wheel=300000 ffS=15000
2026-07-07T15:52:25.535+00:00 VCP run=1 step=0 angle=18018 target=18352 err=334 steer=15420 m1=2381/124328 i1=148 t1=29 m2=-1543/-81922 i2=-208 t2=29 steerMode=21203/21723 iSteer=-30004 driveMode=103125/103983 iDrive=177592 scale=0 wheel=300000 ffS=15000
2026-07-07T15:52:25.546+00:00 CAN id=111 dlc=8 data=905f010000000000
2026-07-07T15:52:25.546+00:00 CAN id=101 dlc=8 data=e0710000e0930400
2026-07-07T15:52:25.566+00:00 CAN id=111 dlc=8 data=905f010000000000
2026-07-07T15:52:25.566+00:00 CAN id=101 dlc=8 data=e8780000e0930400
2026-07-07T15:52:25.586+00:00 CAN id=111 dlc=8 data=905f010000000000
2026-07-07T15:52:25.586+00:00 CAN id=101 dlc=8 data=f07f0000e0930400
2026-07-07T15:52:25.606+00:00 CAN id=111 dlc=8 data=905f010000000000
2026-07-07T15:52:25.606+00:00 CAN id=101 dlc=8 data=f8860000e0930400
2026-07-07T15:52:25.626+00:00 CAN id=111 dlc=8 data=905f010000000000
2026-07-07T15:52:25.626+00:00 CAN id=101 dlc=8 data=008e0000e0930400
2026-07-07T15:52:25.638+00:00 VCP run=1 step=0 angle=27422 target=27352 err=-70 steer=15000 m1=2318/123750 i1=274 t1=29 m2=-1591/-82500 i2=-124 t2=29 steerMode=20625/18998 iSteer=74898 driveMode=103125/103258 iDrive=199079 scale=0 wheel=300000 ffS=15000
2026-07-07T15:52:25.646+00:00 CAN id=111 dlc=8 data=905f010000000000
2026-07-07T15:52:25.646+00:00 CAN id=101 dlc=8 data=08950000e0930400
2026-07-07T15:52:25.666+00:00 CAN id=111 dlc=8 data=905f010000000000
2026-07-07T15:52:25.666+00:00 CAN id=101 dlc=8 data=109c0000e0930400
2026-07-07T15:52:25.686+00:00 CAN id=111 dlc=8 data=905f010000000000
2026-07-07T15:52:25.686+00:00 CAN id=101 dlc=8 data=18a30000e0930400
2026-07-07T15:52:25.706+00:00 CAN id=111 dlc=8 data=905f010000000000
2026-07-07T15:52:25.706+00:00 CAN id=101 dlc=8 data=20aa0000e0930400
2026-07-07T15:52:25.726+00:00 CAN id=111 dlc=8 data=905f010000000000
2026-07-07T15:52:25.726+00:00 CAN id=101 dlc=8 data=28b10000e0930400
2026-07-07T15:52:25.733+00:00 VCP run=1 step=0 angle=35771 target=36352 err=581 steer=16161 m1=2410/125346 i1=198 t1=29 m2=-1570/-80904 i2=-131 t2=29 steerMode=22221/21526 iSteer=33100 driveMode=103125/104376 iDrive=164414 scale=0 wheel=300000 ffS=15000
2026-07-07T15:52:25.733+00:00 VCP SET_TARGET_FF_RX steerRate=90000 wheelAccel=0
2026-07-07T15:52:25.746+00:00 CAN id=111 dlc=8 data=905f010000000000
2026-07-07T15:52:25.746+00:00 CAN id=101 dlc=8 data=30b80000e0930400
2026-07-07T15:52:25.766+00:00 CAN id=111 dlc=8 data=905f010000000000
2026-07-07T15:52:25.766+00:00 CAN id=101 dlc=8 data=38bf0000e0930400
2026-07-07T15:52:25.786+00:00 CAN id=111 dlc=8 data=905f010000000000
2026-07-07T15:52:25.786+00:00 CAN id=101 dlc=8 data=40c60000e0930400
2026-07-07T15:52:25.806+00:00 CAN id=111 dlc=8 data=905f010000000000
2026-07-07T15:52:25.806+00:00 CAN id=101 dlc=8 data=48cd0000e0930400
2026-07-07T15:52:25.826+00:00 CAN id=111 dlc=8 data=905f010000000000
2026-07-07T15:52:25.826+00:00 CAN id=101 dlc=8 data=50d40000e0930400
2026-07-07T15:52:25.837+00:00 VCP SET_TARGET_RX steer=45352 wheel=300000
2026-07-07T15:52:25.837+00:00 VCP run=1 step=0 angle=45527 target=45352 err=-175 steer=15000 m1=2306/123750 i1=205 t1=29 m2=-1606/-82500 i2=-157 t2=29 steerMode=20625/20041 iSteer=23989 driveMode=103125/103750 iDrive=181235 scale=0 wheel=300000 ffS=15000
2026-07-07T15:52:25.846+00:00 CAN id=111 dlc=8 data=905f010000000000
2026-07-07T15:52:25.846+00:00 CAN id=101 dlc=8 data=58db0000e0930400
2026-07-07T15:52:25.866+00:00 CAN id=111 dlc=8 data=905f010000000000
2026-07-07T15:52:25.866+00:00 CAN id=101 dlc=8 data=60e20000e0930400
2026-07-07T15:52:25.886+00:00 CAN id=111 dlc=8 data=905f010000000000
2026-07-07T15:52:25.886+00:00 CAN id=101 dlc=8 data=68e90000e0930400
2026-07-07T15:52:25.906+00:00 CAN id=111 dlc=8 data=905f010000000000
2026-07-07T15:52:25.906+00:00 CAN id=101 dlc=8 data=70f00000e0930400
2026-07-07T15:52:25.926+00:00 CAN id=111 dlc=8 data=905f010000000000
2026-07-07T15:52:25.926+00:00 CAN id=101 dlc=8 data=78f70000e0930400
2026-07-07T15:52:25.940+00:00 VCP run=1 step=0 angle=53613 target=54352 err=739 steer=16477 m1=2377/125781 i1=251 t1=29 m2=-1536/-80469 i2=-142 t2=29 steerMode=22656/21573 iSteer=54402 driveMode=103125/103253 iDrive=196174 scale=0 wheel=300000 ffS=15000
2026-07-07T15:52:25.946+00:00 CAN id=111 dlc=8 data=905f010000000000
2026-07-07T15:52:25.946+00:00 CAN id=101 dlc=8 data=80fe0000e0930400
2026-07-07T15:52:25.966+00:00 CAN id=111 dlc=8 data=905f010000000000
2026-07-07T15:52:25.966+00:00 CAN id=101 dlc=8 data=88050100e0930400
2026-07-07T15:52:25.986+00:00 CAN id=111 dlc=8 data=905f010000000000
2026-07-07T15:52:25.986+00:00 CAN id=101 dlc=8 data=900c0100e0930400
2026-07-07T15:52:26.006+00:00 CAN id=111 dlc=8 data=905f010000000000
2026-07-07T15:52:26.006+00:00 CAN id=101 dlc=8 data=98130100e0930400
2026-07-07T15:52:26.026+00:00 CAN id=111 dlc=8 data=905f010000000000
2026-07-07T15:52:26.026+00:00 CAN id=101 dlc=8 data=a01a0100e0930400
2026-07-07T15:52:26.043+00:00 VCP run=1 step=0 angle=63193 target=63352 err=159 steer=15000 m1=2314/123750 i1=217 t1=29 m2=-1614/-82500 i2=-167 t2=29 steerMode=20625/20049 iSteer=24921 driveMode=103125/103402 iDrive=191695 scale=0 wheel=300000 ffS=15000
2026-07-07T15:52:26.046+00:00 CAN id=111 dlc=8 data=905f010000000000
2026-07-07T15:52:26.046+00:00 CAN id=101 dlc=8 data=a8210100e0930400
2026-07-07T15:52:26.066+00:00 CAN id=111 dlc=8 data=905f010000000000
2026-07-07T15:52:26.066+00:00 CAN id=101 dlc=8 data=b0280100e0930400
2026-07-07T15:52:26.086+00:00 CAN id=111 dlc=8 data=905f010000000000
2026-07-07T15:52:26.086+00:00 CAN id=101 dlc=8 data=b82f0100e0930400
2026-07-07T15:52:26.106+00:00 CAN id=111 dlc=8 data=905f010000000000
2026-07-07T15:52:26.106+00:00 CAN id=101 dlc=8 data=c0360100e0930400
2026-07-07T15:52:26.126+00:00 CAN id=111 dlc=8 data=905f010000000000
2026-07-07T15:52:26.126+00:00 CAN id=101 dlc=8 data=c83d0100e0930400
2026-07-07T15:52:26.146+00:00 CAN id=111 dlc=8 data=905f010000000000
2026-07-07T15:52:26.146+00:00 VCP run=1 step=0 angle=71895 target=72352 err=457 steer=15491 m1=2373/124425 i1=199 t1=29 m2=-1595/-81825 i2=-131 t2=29 steerMode=21300/20602 iSteer=33996 driveMode=103125/104303 iDrive=164661 scale=0 wheel=300000 ffS=15000
2026-07-07T15:52:26.146+00:00 CAN id=101 dlc=8 data=d0440100e0930400
2026-07-07T15:52:26.166+00:00 CAN id=111 dlc=8 data=905f010000000000
2026-07-07T15:52:26.166+00:00 CAN id=101 dlc=8 data=d84b0100e0930400
2026-07-07T15:52:26.186+00:00 CAN id=111 dlc=8 data=905f010000000000
2026-07-07T15:52:26.186+00:00 CAN id=101 dlc=8 data=e0520100e0930400
2026-07-07T15:52:26.206+00:00 CAN id=111 dlc=8 data=905f010000000000
2026-07-07T15:52:26.206+00:00 CAN id=101 dlc=8 data=e8590100e0930400
2026-07-07T15:52:26.226+00:00 CAN id=111 dlc=8 data=905f010000000000
2026-07-07T15:52:26.226+00:00 CAN id=101 dlc=8 data=f0600100e0930400
2026-07-07T15:52:26.242+00:00 VCP run=1 step=0 angle=80771 target=81352 err=581 steer=16161 m1=2366/125346 i1=255 t1=29 m2=-1574/-80904 i2=-96 t2=29 steerMode=22221/20600 iSteer=79608 driveMode=103125/103942 iDrive=175504 scale=0 wheel=300000 ffS=15000
2026-07-07T15:52:26.242+00:00 VCP SET_TARGET_FF_RX steerRate=90000 wheelAccel=0
2026-07-07T15:52:26.242+00:00 VCP SET_TARGET_RX steer=90352 wheel=300000
2026-07-07T15:52:26.246+00:00 CAN id=111 dlc=8 data=905f010000000000
2026-07-07T15:52:26.246+00:00 CAN id=101 dlc=8 data=f8670100e0930400
2026-07-07T15:52:26.266+00:00 CAN id=111 dlc=8 data=905f010000000000
2026-07-07T15:52:26.266+00:00 CAN id=101 dlc=8 data=006f0100e0930400
2026-07-07T15:52:26.286+00:00 CAN id=111 dlc=8 data=905f010000000000
2026-07-07T15:52:26.286+00:00 CAN id=101 dlc=8 data=08760100e0930400
2026-07-07T15:52:26.306+00:00 CAN id=111 dlc=8 data=905f010000000000
2026-07-07T15:52:26.306+00:00 CAN id=101 dlc=8 data=107d0100e0930400
2026-07-07T15:52:26.326+00:00 CAN id=111 dlc=8 data=905f010000000000
2026-07-07T15:52:26.326+00:00 CAN id=101 dlc=8 data=18840100e0930400
2026-07-07T15:52:26.344+00:00 VCP run=1 step=0 angle=90000 target=90352 err=352 steer=15000 m1=2368/123750 i1=144 t1=29 m2=-1616/-82500 i2=-212 t2=29 steerMode=20625/21273 iSteer=-33793 driveMode=103125/103868 iDrive=177712 scale=0 wheel=300000 ffS=15000
2026-07-07T15:52:26.346+00:00 CAN id=111 dlc=8 data=905f010000000000
2026-07-07T15:52:26.346+00:00 CAN id=101 dlc=8 data=208b0100e0930400
2026-07-07T15:52:26.366+00:00 CAN id=111 dlc=8 data=905f010000000000
2026-07-07T15:52:26.366+00:00 CAN id=101 dlc=8 data=28920100e0930400
2026-07-07T15:52:26.386+00:00 CAN id=111 dlc=8 data=905f010000000000
2026-07-07T15:52:26.386+00:00 CAN id=101 dlc=8 data=30990100e0930400
2026-07-07T15:52:26.406+00:00 CAN id=111 dlc=8 data=905f010000000000
2026-07-07T15:52:26.406+00:00 CAN id=101 dlc=8 data=38a00100e0930400
2026-07-07T15:52:26.426+00:00 CAN id=111 dlc=8 data=905f010000000000
2026-07-07T15:52:26.426+00:00 CAN id=101 dlc=8 data=40a70100e0930400
2026-07-07T15:52:26.446+00:00 CAN id=111 dlc=8 data=905f010000000000
2026-07-07T15:52:26.446+00:00 CAN id=101 dlc=8 data=48ae0100e0930400
2026-07-07T15:52:26.448+00:00 VCP run=1 step=0 angle=98877 target=99352 err=475 steer=15102 m1=2358/123890 i1=214 t1=29 m2=-1610/-82360 i2=-144 t2=29 steerMode=20765/20070 iSteer=35117 driveMode=103125/103816 iDrive=179280 scale=0 wheel=300000 ffS=15000
2026-07-07T15:52:26.466+00:00 CAN id=111 dlc=8 data=905f010000000000
2026-07-07T15:52:26.466+00:00 CAN id=101 dlc=8 data=50b50100e0930400
2026-07-07T15:52:26.486+00:00 CAN id=111 dlc=8 data=905f010000000000
2026-07-07T15:52:26.486+00:00 CAN id=101 dlc=8 data=58bc0100e0930400
2026-07-07T15:52:26.506+00:00 CAN id=111 dlc=8 data=905f010000000000
2026-07-07T15:52:26.506+00:00 CAN id=101 dlc=8 data=60c30100e0930400
2026-07-07T15:52:26.526+00:00 CAN id=111 dlc=8 data=905f010000000000
2026-07-07T15:52:26.526+00:00 CAN id=101 dlc=8 data=68ca0100e0930400
2026-07-07T15:52:26.546+00:00 CAN id=111 dlc=8 data=905f010000000000
2026-07-07T15:52:26.546+00:00 CAN id=101 dlc=8 data=70d10100e0930400
2026-07-07T15:52:26.550+00:00 VCP run=1 step=0 angle=108105 target=108352 err=247 steer=15000 m1=2360/123750 i1=193 t1=29 m2=-1534/-82500 i2=-270 t2=29 steerMode=20625/21412 iSteer=-38447 driveMode=103125/102083 iDrive=231601 scale=0 wheel=300000 ffS=15000
2026-07-07T15:52:26.566+00:00 CAN id=111 dlc=8 data=905f010000000000
2026-07-07T15:52:26.566+00:00 CAN id=101 dlc=8 data=78d80100e0930400
2026-07-07T15:52:26.586+00:00 CAN id=111 dlc=8 data=905f010000000000
2026-07-07T15:52:26.586+00:00 CAN id=101 dlc=8 data=80df0100e0930400
2026-07-07T15:52:26.606+00:00 CAN id=111 dlc=8 data=905f010000000000
2026-07-07T15:52:26.606+00:00 CAN id=101 dlc=8 data=88e60100e0930400
2026-07-07T15:52:26.626+00:00 CAN id=111 dlc=8 data=905f010000000000
2026-07-07T15:52:26.626+00:00 CAN id=101 dlc=8 data=90ed0100e0930400
2026-07-07T15:52:26.646+00:00 CAN id=111 dlc=8 data=905f010000000000
2026-07-07T15:52:26.646+00:00 CAN id=101 dlc=8 data=98f40100e0930400
2026-07-07T15:52:26.653+00:00 VCP run=1 step=0 angle=117070 target=117352 err=282 steer=15000 m1=2343/123750 i1=200 t1=29 m2=-1511/-82500 i2=-288 t2=29 steerMode=20625/21474 iSteer=-43763 driveMode=103125/101736 iDrive=244214 scale=0 wheel=300000 ffS=15000
2026-07-07T15:52:26.666+00:00 CAN id=111 dlc=8 data=905f010000000000
2026-07-07T15:52:26.666+00:00 CAN id=101 dlc=8 data=a0fb0100e0930400
2026-07-07T15:52:26.686+00:00 CAN id=111 dlc=8 data=905f010000000000
2026-07-07T15:52:26.686+00:00 CAN id=101 dlc=8 data=a8020200e0930400
2026-07-07T15:52:26.706+00:00 CAN id=111 dlc=8 data=905f010000000000
2026-07-07T15:52:26.706+00:00 CAN id=101 dlc=8 data=b0090200e0930400
2026-07-07T15:52:26.726+00:00 BENCH disable sent
2026-07-07T15:52:26.726+00:00 CAN id=121 dlc=2 data=0100
2026-07-07T15:52:26.726+00:00 CAN id=121 dlc=2 data=0100
2026-07-07T15:52:26.853+00:00 VCP run=1 step=0 angle=125684 target=126352 err=668 steer=16337 m1=2391/125588 i1=249 t1=29 m2=-1549/-80662 i2=-129 t2=29 steerMode=22463/21259 iSteer=60193 driveMode=103125/103605 iDrive=188915 scale=0 wheel=300000 ffS=15000
2026-07-07T15:52:26.853+00:00 VCP UNIT_CTRL enable=0
2026-07-07T15:52:26.853+00:00 VCP UNIT_CTRL enable=0
2026-07-07T15:52:26.853+00:00 VCP STOP: disabled
2026-07-07T15:52:27.127+00:00 BENCH log closed
