START: angle=46494 target=46494 wheelTarget=-40 step=0 count=3
run=1 step=0 angle=46494 target=46494 err=0 steer=0 m1=0/-6875 i1=-41 m2=0/6875 i2=41 steerMode=0/0 iSteer=0 driveMode=-6875/0 iDrive=-41333 scale=0 wheel=-20000
run=1 step=0 angle=46494 target=46494 err=0 steer=0 m1=0/-13475 i1=-94 m2=0/13475 i2=94 steerMode=0/-3 iSteer=189 driveMode=-13475/-3 iDrive=-93968 scale=0 wheel=-39200
run=1 step=0 angle=46494 target=46494 err=0 steer=0 m1=0/-13750 i1=-121 m2=0/13750 i2=122 steerMode=0/-10 iSteer=554 driveMode=-13750/-12 iDrive=-121658 scale=0 wheel=-40000
run=1 step=0 angle=46494 target=46494 err=0 steer=0 m1=-3/-13750 i1=-146 m2=2/13750 i2=149 steerMode=0/-30 iSteer=1564 driveMode=-13750/-47 iDrive=-147579 scale=0 wheel=-40000
run=1 step=0 angle=46494 target=46494 err=0 steer=0 m1=2/-13750 i1=-167 m2=0/13750 i2=179 steerMode=0/-112 iSteer=5688 driveMode=-13750/-135 iDrive=-172919 scale=0 wheel=-40000
run=1 step=0 angle=46494 target=46494 err=0 steer=0 m1=-3/-13750 i1=-199 m2=0/13750 i2=200 steerMode=0/-9 iSteer=604 driveMode=-13750/-9 iDrive=-199620 scale=0 wheel=-40000
run=1 step=0 angle=46494 target=46494 err=0 steer=0 m1=0/-13750 i1=-226 m2=0/13750 i2=226 steerMode=0/-1 iSteer=237 driveMode=-13750/-1 iDrive=-225765 scale=0 wheel=-40000
run=1 step=0 angle=46494 target=46494 err=0 steer=0 m1=0/-13750 i1=-252 m2=0/13750 i2=252 steerMode=0/0 iSteer=218 driveMode=-13750/-1 iDrive=-251875 scale=0 wheel=-40000
run=1 step=0 angle=46494 target=46494 err=0 steer=0 m1=0/-13750 i1=-278 m2=2/13750 i2=278 steerMode=0/6 iSteer=-82 driveMode=-13750/-8 iDrive=-278224 scale=0 wheel=-40000
run=1 step=0 angle=46494 target=46494 err=0 steer=0 m1=0/-13750 i1=-304 m2=0/13750 i2=306 steerMode=0/-13 iSteer=920 driveMode=-13750/-14 iDrive=-304580 scale=0 wheel=-40000
run=1 step=0 angle=46494 target=46494 err=0 steer=0 m1=0/-13750 i1=-329 m2=0/13750 i2=332 steerMode=0/-24 iSteer=1442 driveMode=-13750/-24 iDrive=-330637 scale=0 wheel=-40000
run=1 step=0 angle=46494 target=46494 err=0 steer=0 m1=0/-13750 i1=-356 m2=0/13750 i2=357 steerMode=0/-6 iSteer=568 driveMode=-13750/-6 iDrive=-356834 scale=0 wheel=-40000
run=1 step=0 angle=46494 target=46494 err=0 steer=0 m1=0/-13750 i1=-382 m2=0/13750 i2=384 steerMode=0/-6 iSteer=583 driveMode=-13750/-8 iDrive=-382940 scale=0 wheel=-40000
run=1 step=0 angle=46494 target=46494 err=0 steer=0 m1=0/-13750 i1=-409 m2=2/13750 i2=409 steerMode=0/-2 iSteer=413 driveMode=-13750/-21 iDrive=-408983 scale=0 wheel=-40000
run=1 step=0 angle=46494 target=46494 err=0 steer=0 m1=-5/-13750 i1=-434 m2=0/13750 i2=436 steerMode=0/-19 iSteer=1233 driveMode=-13750/-19 iDrive=-435093 scale=0 wheel=-40000
run=1 step=0 angle=46494 target=46494 err=0 steer=0 m1=0/-13750 i1=-461 m2=0/13750 i2=461 steerMode=0/2 iSteer=213 driveMode=-13750/-4 iDrive=-461270 scale=0 wheel=-40000
run=1 step=0 angle=46494 target=46494 err=0 steer=0 m1=0/-13750 i1=-487 m2=0/13750 i2=488 steerMode=0/-8 iSteer=777 driveMode=-13750/-8 iDrive=-487630 scale=0 wheel=-40000
run=1 step=0 angle=46494 target=46494 err=0 steer=0 m1=0/-13750 i1=-513 m2=0/13750 i2=514 steerMode=0/-1 iSteer=434 driveMode=-13750/1 iDrive=-513804 scale=0 wheel=-40000
run=1 step=0 angle=46494 target=46494 err=0 steer=0 m1=0/-13750 i1=-540 m2=0/13750 i2=541 steerMode=0/-1 iSteer=465 driveMode=-13750/-1 iDrive=-540173 scale=0 wheel=-40000
run=1 step=0 angle=46494 target=46494 err=0 steer=0 m1=-3/-13750 i1=-566 m2=0/13750 i2=567 steerMode=0/-4 iSteer=600 driveMode=-13750/-4 iDrive=-566289 scale=0 wheel=-40000
run=1 step=0 angle=46494 target=46494 err=0 steer=0 m1=0/-13750 i1=-593 m2=0/13750 i2=592 steerMode=0/17 iSteer=-430 driveMode=-13750/-18 iDrive=-592318 scale=0 wheel=-40000
run=1 step=0 angle=46494 target=46494 err=0 steer=0 m1=0/-13750 i1=-618 m2=0/13750 i2=619 steerMode=0/-10 iSteer=965 driveMode=-13750/-9 iDrive=-618484 scale=0 wheel=-40000
run=1 step=0 angle=46494 target=46494 err=0 steer=0 m1=0/-13750 i1=-644 m2=0/13750 i2=645 steerMode=0/0 iSteer=473 driveMode=-13750/-4 iDrive=-644623 scale=0 wheel=-40000
run=1 step=0 angle=46494 target=46494 err=0 steer=0 m1=0/-13750 i1=-670 m2=0/13750 i2=672 steerMode=0/-10 iSteer=994 driveMode=-13750/-10 iDrive=-670973 scale=0 wheel=-40000
run=1 step=0 angle=46494 target=46494 err=0 steer=0 m1=0/-13750 i1=-697 m2=0/13750 i2=698 steerMode=0/0 iSteer=493 driveMode=-13750/-1 iDrive=-697136 scale=0 wheel=-40000
run=1 step=0 angle=46494 target=46494 err=0 steer=0 m1=0/-13750 i1=-723 m2=-3/13750 i2=724 steerMode=0/-1 iSteer=558 driveMode=-13750/-17 iDrive=-723438 scale=0 wheel=-40000
run=1 step=0 angle=46494 target=46494 err=0 steer=0 m1=0/-13750 i1=-749 m2=0/13750 i2=751 steerMode=0/-10 iSteer=1035 driveMode=-13750/-8 iDrive=-749598 scale=0 wheel=-40000
run=1 step=0 angle=46494 target=46494 err=0 steer=0 m1=0/-13750 i1=-775 m2=0/13750 i2=777 steerMode=0/-8 iSteer=948 driveMode=-13750/-8 iDrive=-775713 scale=0 wheel=-40000
run=1 step=0 angle=46494 target=46494 err=0 steer=0 m1=0/-13750 i1=-801 m2=0/13750 i2=803 steerMode=0/-7 iSteer=931 driveMode=-13750/-7 iDrive=-801820 scale=0 wheel=-40000
run=1 step=0 angle=46494 target=46494 err=0 steer=0 m1=0/-13750 i1=-826 m2=0/13750 i2=830 steerMode=0/-32 iSteer=2219 driveMode=-13750/-34 iDrive=-827799 scale=0 wheel=-40000
run=1 step=0 angle=46494 target=46494 err=0 steer=0 m1=0/-13750 i1=-853 m2=0/13750 i2=855 steerMode=0/0 iSteer=608 driveMode=-13750/-1 iDrive=-854072 scale=0 wheel=-40000
run=1 step=0 angle=46494 target=46494 err=0 steer=0 m1=0/-13750 i1=-880 m2=0/13750 i2=881 steerMode=0/-3 iSteer=771 driveMode=-13750/-3 iDrive=-880441 scale=0 wheel=-40000
run=1 step=0 angle=46494 target=46494 err=0 steer=0 m1=0/-13750 i1=-906 m2=0/13750 i2=907 steerMode=0/-2 iSteer=750 driveMode=-13750/-3 iDrive=-906545 scale=0 wheel=-40000
run=1 step=0 angle=46494 target=46494 err=0 steer=0 m1=0/-13750 i1=-932 m2=0/13750 i2=934 steerMode=0/-6 iSteer=966 driveMode=-13750/-6 iDrive=-932621 scale=0 wheel=-40000
run=1 step=0 angle=46494 target=46494 err=0 steer=0 m1=-300/-13750 i1=-714 m2=89/13750 i2=1144 steerMode=0/-4239 iSteer=215014 driveMode=-13750/-5605 iDrive=-928944 scale=0 wheel=-40000
run=1 step=0 angle=46055 target=46494 err=439 steer=0 m1=-925/-13750 i1=-738 m2=922/13750 i2=713 steerMode=0/404 iSteer=-12563 driveMode=-13750/-42285 iDrive=-725483 scale=0 wheel=-40000
run=1 step=0 angle=46143 target=46494 err=352 steer=0 m1=-1396/-13750 i1=-490 m2=1416/13750 i2=538 steerMode=0/-316 iSteer=24319 driveMode=-13750/-68430 iDrive=-514048 scale=0 wheel=-40000
run=1 step=0 angle=46143 target=46494 err=352 steer=0 m1=-1631/-13750 i1=-322 m2=1625/13750 i2=320 steerMode=0/185 iSteer=-1281 driveMode=-13750/-83295 iDrive=-321020 scale=0 wheel=-40000
run=1 step=0 angle=46055 target=46494 err=439 steer=0 m1=-1693/-13750 i1=-127 m2=1686/13750 i2=196 steerMode=0/-505 iSteer=34420 driveMode=-13750/-87841 iDrive=-161611 scale=0 wheel=-40000
run=1 step=0 angle=45967 target=46494 err=527 steer=75 m1=-1536/-13338 i1=5 m2=1523/14163 i2=111 steerMode=413/-533 iSteer=57760 driveMode=-13750/-82459 iDrive=-53096 scale=0 wheel=-40000
run=1 step=0 angle=46055 target=46494 err=439 steer=65 m1=-1296/-13390 i1=-13 m2=1362/14110 i2=-37 steerMode=360/1087 iSteer=-24998 driveMode=-13750/-71689 iDrive=12105 scale=0 wheel=-40000
run=1 step=0 angle=46055 target=46494 err=439 steer=0 m1=-1070/-13750 i1=68 m2=1052/13750 i2=-23 steerMode=0/-237 iSteer=22523 driveMode=-13750/-58968 iDrive=45236 scale=0 wheel=-40000
run=1 step=0 angle=46055 target=46494 err=439 steer=0 m1=-781/-13750 i1=54 m2=820/13750 i2=-29 steerMode=0/-24 iSteer=12751 driveMode=-13750/-44114 iDrive=41673 scale=0 wheel=-40000
run=1 step=0 angle=46143 target=46494 err=352 steer=0 m1=-536/-13750 i1=24 m2=550/13750 i2=-4 steerMode=0/33 iSteer=10275 driveMode=-13750/-29883 iDrive=13897 scale=0 wheel=-40000
run=1 step=0 angle=46143 target=46494 err=352 steer=0 m1=-302/-13750 i1=3 m2=251/13750 i2=58 steerMode=0/-360 iSteer=30729 driveMode=-13750/-17794 iDrive=-27630 scale=0 wheel=-40000
run=1 step=0 angle=46143 target=46494 err=352 steer=0 m1=-116/-13750 i1=-60 m2=129/13750 i2=90 steerMode=0/-32 iSteer=14907 driveMode=-13750/-8660 iDrive=-74614 scale=0 wheel=-40000
run=1 step=0 angle=46055 target=46494 err=439 steer=0 m1=27/-13750 i1=-95 m2=43/13750 i2=165 steerMode=0/-399 iSteer=35201 driveMode=-13750/-1000 iDrive=-129905 scale=0 wheel=-40000
run=1 step=0 angle=46055 target=46494 err=439 steer=0 m1=0/-13750 i1=-145 m2=0/13750 i2=176 steerMode=0/-1 iSteer=15113 driveMode=-13750/-11 iDrive=-160503 scale=0 wheel=-40000
run=1 step=0 angle=46055 target=46494 err=439 steer=0 m1=0/-13750 i1=-172 m2=0/13750 i2=202 steerMode=0/0 iSteer=15080 driveMode=-13750/0 iDrive=-186678 scale=0 wheel=-40000
run=1 step=0 angle=46055 target=46494 err=439 steer=0 m1=0/-13750 i1=-198 m2=0/13750 i2=228 steerMode=0/-2 iSteer=15203 driveMode=-13750/-7 iDrive=-212755 scale=0 wheel=-40000
run=1 step=0 angle=46055 target=46494 err=439 steer=0 m1=0/-13750 i1=-223 m2=0/13750 i2=254 steerMode=0/-6 iSteer=15425 driveMode=-13750/-6 iDrive=-238865 scale=0 wheel=-40000
run=1 step=0 angle=46055 target=46494 err=439 steer=0 m1=0/-13750 i1=-250 m2=0/13750 i2=280 steerMode=0/-7 iSteer=15450 driveMode=-13750/-7 iDrive=-264962 scale=0 wheel=-40000
run=1 step=0 angle=46055 target=46494 err=439 steer=0 m1=0/-13750 i1=-276 m2=0/13750 i2=306 steerMode=0/-6 iSteer=15431 driveMode=-13750/-9 iDrive=-291060 scale=0 wheel=-40000
run=1 step=0 angle=46055 target=46494 err=439 steer=0 m1=0/-13750 i1=-302 m2=-3/13750 i2=332 steerMode=0/2 iSteer=15024 driveMode=-13750/-3 iDrive=-317212 scale=0 wheel=-40000
run=1 step=0 angle=46055 target=46494 err=439 steer=0 m1=0/-13750 i1=-328 m2=0/13750 i2=359 steerMode=0/-5 iSteer=15439 driveMode=-13750/0 iDrive=-343345 scale=0 wheel=-40000
run=1 step=0 angle=46055 target=46494 err=439 steer=0 m1=0/-13750 i1=-354 m2=0/13750 i2=385 steerMode=0/-4 iSteer=15405 driveMode=-13750/-4 iDrive=-369441 scale=0 wheel=-40000
run=1 step=0 angle=46055 target=46494 err=439 steer=0 m1=0/-13750 i1=-380 m2=0/13750 i2=411 steerMode=0/-5 iSteer=15479 driveMode=-13750/-4 iDrive=-395546 scale=0 wheel=-40000
run=1 step=0 angle=46055 target=46494 err=439 steer=0 m1=-5/-13750 i1=-405 m2=0/13750 i2=438 steerMode=0/-31 iSteer=16787 driveMode=-13750/-32 iDrive=-421523 scale=0 wheel=-40000
run=1 step=0 angle=46055 target=46494 err=439 steer=0 m1=-3/-13750 i1=-431 m2=0/13750 i2=464 steerMode=0/-29 iSteer=16741 driveMode=-13750/-16 iDrive=-447700 scale=0 wheel=-40000
run=1 step=0 angle=46055 target=46494 err=439 steer=0 m1=0/-13750 i1=-458 m2=0/13750 i2=489 steerMode=0/-5 iSteer=15577 driveMode=-13750/-4 iDrive=-473855 scale=0 wheel=-40000
run=1 step=0 angle=46055 target=46494 err=439 steer=0 m1=0/-13750 i1=-484 m2=0/13750 i2=516 steerMode=0/-14 iSteer=16103 driveMode=-13750/-16 iDrive=-499897 scale=0 wheel=-40000
run=1 step=0 angle=46055 target=46494 err=439 steer=0 m1=0/-13750 i1=-510 m2=0/13750 i2=542 steerMode=0/-18 iSteer=16298 driveMode=-13750/0 iDrive=-526068 scale=0 wheel=-40000
run=1 step=0 angle=46055 target=46494 err=439 steer=0 m1=0/-13750 i1=-536 m2=0/13750 i2=568 steerMode=0/-8 iSteer=15857 driveMode=-13750/-8 iDrive=-552139 scale=0 wheel=-40000
run=1 step=0 angle=46055 target=46494 err=439 steer=0 m1=0/-13750 i1=-561 m2=0/13750 i2=595 steerMode=0/-24 iSteer=16719 driveMode=-13750/-20 iDrive=-578172 scale=0 wheel=-40000
run=1 step=0 angle=45352 target=46494 err=1143 steer=205 m1=-187/-12623 i1=-327 m2=2/14878 i2=841 steerMode=1127/-3627 iSteer=256903 driveMode=-13750/-3715 iDrive=-583790 scale=0 wheel=-40000
run=1 step=0 angle=43418 target=46494 err=3076 steer=615 m1=-224/-10366 i1=-296 m2=318/17134 i2=838 steerMode=3384/-1263 iSteer=271004 driveMode=-13750/-10116 iDrive=-566693 scale=0 wheel=-40000
run=1 step=0 angle=45176 target=46494 err=1318 steer=266 m1=-586/-12286 i1=-536 m2=667/15214 i2=383 steerMode=1464/3696 iSteer=-76722 driveMode=-13750/-29112 iDrive=-459718 scale=0 wheel=-40000
run=1 step=0 angle=45615 target=46494 err=879 steer=176 m1=-823/-12783 i1=-309 m2=891/14717 i2=392 steerMode=967/825 iSteer=41181 driveMode=-13750/-42401 iDrive=-350614 scale=0 wheel=-40000
run=1 step=0 angle=46143 target=46494 err=352 steer=0 m1=-932/-13750 i1=-266 m2=973/13750 i2=244 steerMode=0/867 iSteer=-11184 driveMode=-13750/-49327 iDrive=-254780 scale=0 wheel=-40000
run=1 step=0 angle=46230 target=46494 err=264 steer=0 m1=-982/-13750 i1=-158 m2=981/13750 i2=192 steerMode=0/275 iSteer=16984 driveMode=-13750/-51388 iDrive=-174929 scale=0 wheel=-40000
run=1 step=0 angle=46318 target=46494 err=176 steer=0 m1=-936/-13750 i1=-109 m2=941/13750 i2=120 steerMode=0/477 iSteer=5956 driveMode=-13750/-49569 iDrive=-114527 scale=0 wheel=-40000
run=1 step=0 angle=46406 target=46494 err=88 steer=0 m1=-821/-13750 i1=-25 m2=816/13750 i2=124 steerMode=0/-396 iSteer=49819 driveMode=-13750/-44913 iDrive=-74487 scale=0 wheel=-40000
run=1 step=0 angle=46494 target=46494 err=0 steer=0 m1=-670/-13750 i1=-4 m2=654/13750 i2=129 steerMode=0/-622 iSteer=62290 driveMode=-13750/-36398 iDrive=-66271 scale=0 wheel=-40000
run=1 step=0 angle=46494 target=46494 err=0 steer=0 m1=-490/-13750 i1=-41 m2=475/13750 i2=103 steerMode=0/15 iSteer=30611 driveMode=-13750/-28200 iDrive=-71979 scale=0 wheel=-40000
run=1 step=0 angle=46582 target=46494 err=-88 steer=0 m1=-375/-13750 i1=-70 m2=399/13750 i2=107 steerMode=0/250 iSteer=18497 driveMode=-13750/-20875 iDrive=-88652 scale=0 wheel=-40000
run=1 step=0 angle=46582 target=46494 err=-88 steer=0 m1=-289/-13750 i1=-54 m2=324/13750 i2=164 steerMode=0/-472 iSteer=55067 driveMode=-13750/-15324 iDrive=-108622 scale=0 wheel=-40000
run=1 step=0 angle=46670 target=46494 err=-176 steer=0 m1=-174/-13750 i1=-101 m2=169/13750 i2=167 steerMode=0/-12 iSteer=32731 driveMode=-13750/-10631 iDrive=-133802 scale=0 wheel=-40000
run=1 step=0 angle=46670 target=46494 err=-176 steer=0 m1=-174/-13750 i1=-136 m2=142/13750 i2=176 steerMode=0/227 iSteer=19833 driveMode=-13750/-8050 iDrive=-156128 scale=0 wheel=-40000
run=1 step=0 angle=46670 target=46494 err=-176 steer=0 m1=-149/-13750 i1=-126 m2=73/13750 i2=239 steerMode=0/-487 iSteer=56640 driveMode=-13750/-5405 iDrive=-182618 scale=0 wheel=-40000
run=1 step=0 angle=46670 target=46494 err=-176 steer=0 m1=-28/-13750 i1=-254 m2=50/13750 i2=155 steerMode=0/1629 iSteer=-49666 driveMode=-13750/-4325 iDrive=-204834 scale=0 wheel=-40000
run=1 step=0 angle=46670 target=46494 err=-176 steer=0 m1=-55/-13750 i1=-169 m2=71/13750 i2=280 steerMode=0/-464 iSteer=55693 driveMode=-13750/-4029 iDrive=-224751 scale=0 wheel=-40000
run=1 step=0 angle=46670 target=46494 err=-176 steer=0 m1=-157/-13750 i1=-217 m2=123/13750 i2=245 steerMode=0/360 iSteer=13896 driveMode=-13750/-6036 iDrive=-230770 scale=0 wheel=-40000
run=1 step=0 angle=46758 target=46494 err=-264 steer=0 m1=-174/-13750 i1=-185 m2=152/13750 i2=266 steerMode=0/-177 iSteer=40865 driveMode=-13750/-9297 iDrive=-225461 scale=0 wheel=-40000
run=1 step=0 angle=46758 target=46494 err=-264 steer=0 m1=-199/-13750 i1=-203 m2=207/13750 i2=233 steerMode=0/346 iSteer=15177 driveMode=-13750/-11936 iDrive=-218210 scale=0 wheel=-40000
run=1 step=0 angle=46934 target=46494 err=-439 steer=0 m1=-285/-13750 i1=-179 m2=223/13750 i2=240 steerMode=0/42 iSteer=30256 driveMode=-13750/-14069 iDrive=-209472 scale=0 wheel=-40000
run=1 step=0 angle=47021 target=46494 err=-527 steer=-105 m1=-310/-14330 i1=-172 m2=326/13170 i2=228 steerMode=-580/-505 iSteer=28174 driveMode=-13750/-15582 iDrive=-199983 scale=0 wheel=-40000
run=1 step=0 angle=47021 target=46494 err=-527 steer=-105 m1=-331/-14330 i1=-183 m2=265/13170 i2=196 steerMode=-580/-102 iSteer=6543 driveMode=-13750/-16817 iDrive=-189101 scale=0 wheel=-40000
run=1 step=0 angle=47021 target=46494 err=-527 steer=-15 m1=-310/-13833 i1=-160 m2=355/13668 i2=208 steerMode=-83/54 iSteer=23794 driveMode=-13750/-16710 iDrive=-184080 scale=0 wheel=-40000
run=1 step=0 angle=47021 target=46494 err=-527 steer=-105 m1=-302/-14330 i1=-171 m2=349/13170 i2=191 steerMode=-580/-203 iSteer=10285 driveMode=-13750/-16292 iDrive=-180985 scale=0 wheel=-40000
run=1 step=0 angle=47021 target=46494 err=-527 steer=-105 m1=-327/-14330 i1=-179 m2=309/13170 i2=180 steerMode=-580/-17 iSteer=148 driveMode=-13750/-15775 iDrive=-179413 scale=0 wheel=-40000
run=1 step=0 angle=47021 target=46494 err=-527 steer=-105 m1=-289/-14330 i1=-180 m2=318/13170 i2=178 steerMode=-580/-5 iSteer=-782 driveMode=-13750/-15264 iDrive=-178963 scale=0 wheel=-40000
run=1 step=0 angle=47021 target=46494 err=-527 steer=-105 m1=-256/-14330 i1=-173 m2=322/13170 i2=182 steerMode=-580/-133 iSteer=4321 driveMode=-13750/-14938 iDrive=-177736 scale=0 wheel=-40000
run=1 step=0 angle=47021 target=46494 err=-527 steer=-105 m1=-273/-14330 i1=-180 m2=223/13170 i2=175 steerMode=-580/-33 iSteer=-2573 driveMode=-13750/-14627 iDrive=-177763 scale=0 wheel=-40000
run=1 step=0 angle=47021 target=46494 err=-527 steer=-105 m1=-262/-14330 i1=-168 m2=192/13170 i2=198 steerMode=-580/-395 iSteer=14827 driveMode=-13750/-13560 iDrive=-182894 scale=0 wheel=-40000
run=1 step=0 angle=47021 target=46494 err=-527 steer=-10 m1=-235/-13805 i1=-189 m2=223/13695 i2=181 steerMode=-55/491 iSteer=-3559 driveMode=-13750/-13348 iDrive=-185058 scale=0 wheel=-40000
run=1 step=0 angle=47021 target=46494 err=-527 steer=-105 m1=-270/-14330 i1=-187 m2=202/13170 i2=198 steerMode=-580/-233 iSteer=5572 driveMode=-13750/-12289 iDrive=-192518 scale=0 wheel=-40000
run=1 step=0 angle=47021 target=46494 err=-527 steer=-105 m1=-220/-14330 i1=-186 m2=230/13170 i2=201 steerMode=-580/-292 iSteer=7375 driveMode=-13750/-12421 iDrive=-193848 scale=0 wheel=-40000
run=1 step=0 angle=46934 target=46494 err=-439 steer=0 m1=-262/-13750 i1=-187 m2=263/13750 i2=197 steerMode=0/308 iSteer=4957 driveMode=-13750/-13135 iDrive=-192172 scale=0 wheel=-40000
run=1 step=0 angle=47021 target=46494 err=-527 steer=-105 m1=-279/-14330 i1=-168 m2=290/13170 i2=211 steerMode=-580/-625 iSteer=21293 driveMode=-13750/-13746 iDrive=-189686 scale=0 wheel=-40000
run=1 step=0 angle=47021 target=46494 err=-527 steer=-105 m1=-283/-14330 i1=-178 m2=253/13170 i2=192 steerMode=-580/-351 iSteer=6798 driveMode=-13750/-14484 iDrive=-184907 scale=0 wheel=-40000
run=1 step=0 angle=47021 target=46494 err=-527 steer=-105 m1=-293/-14330 i1=-175 m2=313/13170 i2=189 steerMode=-580/-379 iSteer=7182 driveMode=-13750/-14710 iDrive=-181735 scale=0 wheel=-40000
run=1 step=0 angle=47021 target=46494 err=-527 steer=-105 m1=-304/-14330 i1=-189 m2=288/13170 i2=166 steerMode=-580/-40 iSteer=-11374 driveMode=-13750/-15019 iDrive=-177816 scale=0 wheel=-40000
run=1 step=0 angle=47021 target=46494 err=-527 steer=-105 m1=-275/-14330 i1=-179 m2=261/13170 i2=177 steerMode=-580/-278 iSteer=-677 driveMode=-13750/-14623 iDrive=-177964 scale=0 wheel=-40000
run=1 step=0 angle=47021 target=46494 err=-527 steer=-105 m1=-266/-14330 i1=-196 m2=278/13170 i2=158 steerMode=-580/76 iSteer=-19378 driveMode=-13750/-14513 iDrive=-177070 scale=0 wheel=-40000
run=1 step=0 angle=47021 target=46494 err=-527 steer=-105 m1=-262/-14330 i1=-180 m2=292/13170 i2=178 steerMode=-580/-305 iSteer=-1458 driveMode=-13750/-13990 iDrive=-178973 scale=0 wheel=-40000
run=1 step=0 angle=47021 target=46494 err=-527 steer=-105 m1=-264/-14330 i1=-188 m2=269/13170 i2=172 steerMode=-580/-189 iSteer=-8367 driveMode=-13750/-13715 iDrive=-179905 scale=0 wheel=-40000
run=1 step=0 angle=46934 target=46494 err=-439 steer=0 m1=-296/-13750 i1=-169 m2=207/13750 i2=192 steerMode=0/-27 iSteer=11654 driveMode=-13750/-13596 iDrive=-180553 scale=0 wheel=-40000
run=1 step=0 angle=46934 target=46494 err=-439 steer=0 m1=-224/-13750 i1=-185 m2=253/13750 i2=182 steerMode=0/232 iSteer=-1694 driveMode=-13750/-13028 iDrive=-183776 scale=0 wheel=-40000
run=1 step=0 angle=46934 target=46494 err=-439 steer=0 m1=-222/-13750 i1=-165 m2=234/13750 i2=212 steerMode=0/-265 iSteer=23460 driveMode=-13750/-12405 iDrive=-188186 scale=0 wheel=-40000
run=1 step=0 angle=46934 target=46494 err=-439 steer=0 m1=-229/-13750 i1=-188 m2=244/13750 i2=188 steerMode=0/203 iSteer=-9 driveMode=-13750/-12837 iDrive=-187978 scale=0 wheel=-40000
run=1 step=0 angle=46934 target=46494 err=-439 steer=0 m1=-245/-13750 i1=-173 m2=339/13750 i2=200 steerMode=0/-57 iSteer=13515 driveMode=-13750/-13410 iDrive=-186703 scale=0 wheel=-40000
run=1 step=0 angle=46846 target=46494 err=-352 steer=0 m1=-262/-13750 i1=-170 m2=305/13750 i2=197 steerMode=0/-70 iSteer=13782 driveMode=-13750/-14072 iDrive=-183359 scale=0 wheel=-40000
run=1 step=0 angle=46934 target=46494 err=-439 steer=0 m1=-247/-13750 i1=-186 m2=244/13750 i2=172 steerMode=0/344 iSteer=-7065 driveMode=-13750/-14735 iDrive=-179019 scale=0 wheel=-40000
run=1 step=0 angle=46846 target=46494 err=-352 steer=0 m1=-293/-13750 i1=-150 m2=299/13750 i2=199 steerMode=0/-302 iSteer=24480 driveMode=-13750/-15044 iDrive=-174971 scale=0 wheel=-40000
run=1 step=0 angle=46846 target=46494 err=-352 steer=0 m1=-293/-13750 i1=-153 m2=230/13750 i2=207 steerMode=0/-323 iSteer=27044 driveMode=-13750/-13818 iDrive=-179828 scale=0 wheel=-40000
run=1 step=0 angle=46846 target=46494 err=-352 steer=0 m1=-296/-13750 i1=-144 m2=223/13750 i2=222 steerMode=0/-547 iSteer=38742 driveMode=-13750/-13176 iDrive=-183126 scale=0 wheel=-40000
run=1 step=0 angle=46846 target=46494 err=-352 steer=0 m1=-277/-13750 i1=-160 m2=272/13750 i2=213 steerMode=0/-290 iSteer=26421 driveMode=-13750/-12732 iDrive=-186558 scale=0 wheel=-40000
run=1 step=0 angle=46758 target=46494 err=-264 steer=0 m1=-254/-13750 i1=-188 m2=200/13750 i2=188 steerMode=0/248 iSteer=105 driveMode=-13750/-12882 iDrive=-187613 scale=0 wheel=-40000
run=1 step=0 angle=46758 target=46494 err=-264 steer=0 m1=-224/-13750 i1=-190 m2=207/13750 i2=186 steerMode=0/283 iSteer=-1941 driveMode=-13750/-13161 iDrive=-187961 scale=0 wheel=-40000
run=1 step=0 angle=46758 target=46494 err=-264 steer=0 m1=-266/-13750 i1=-183 m2=234/13750 i2=195 steerMode=0/125 iSteer=6029 driveMode=-13750/-13183 iDrive=-189417 scale=0 wheel=-40000
run=1 step=0 angle=46846 target=46494 err=-352 steer=0 m1=-237/-13750 i1=-202 m2=194/13750 i2=185 steerMode=0/392 iSteer=-8484 driveMode=-13750/-12687 iDrive=-193928 scale=0 wheel=-40000
run=1 step=0 angle=46846 target=46494 err=-352 steer=0 m1=-245/-13750 i1=-159 m2=311/13750 i2=223 steerMode=0/-394 iSteer=32353 driveMode=-13750/-13583 iDrive=-191070 scale=0 wheel=-40000
run=1 step=0 angle=46846 target=46494 err=-352 steer=0 m1=-312/-13750 i1=-173 m2=276/13750 i2=199 steerMode=0/-22 iSteer=13355 driveMode=-13750/-14436 iDrive=-185940 scale=0 wheel=-40000
run=1 step=0 angle=46846 target=46494 err=-352 steer=0 m1=-277/-13750 i1=-180 m2=301/13750 i2=179 steerMode=0/255 iSteer=-490 driveMode=-13750/-15214 iDrive=-179961 scale=0 wheel=-40000
run=1 step=0 angle=46846 target=46494 err=-352 steer=0 m1=-296/-13750 i1=-164 m2=330/13750 i2=185 steerMode=0/35 iSteer=10517 driveMode=-13750/-15775 iDrive=-174284 scale=0 wheel=-40000
run=1 step=0 angle=46846 target=46494 err=-352 steer=0 m1=-285/-13750 i1=-155 m2=255/13750 i2=181 steerMode=0/-19 iSteer=13157 driveMode=-13750/-16264 iDrive=-167828 scale=0 wheel=-40000
run=1 step=0 angle=46846 target=46494 err=-352 steer=0 m1=-342/-13750 i1=-157 m2=297/13750 i2=166 steerMode=0/148 iSteer=4337 driveMode=-13750/-16564 iDrive=-161334 scale=0 wheel=-40000
run=1 step=0 angle=46934 target=46494 err=-439 steer=0 m1=-319/-13750 i1=-139 m2=269/13750 i2=169 steerMode=0/-68 iSteer=15047 driveMode=-13750/-16752 iDrive=-154338 scale=0 wheel=-40000
run=1 step=0 angle=47021 target=46494 err=-527 steer=-105 m1=-348/-14330 i1=-142 m2=280/13170 i2=156 steerMode=-580/-512 iSteer=7409 driveMode=-13750/-16653 iDrive=-149029 scale=0 wheel=-40000
run=1 step=0 angle=47021 target=46494 err=-527 steer=-105 m1=-308/-14330 i1=-131 m2=288/13170 i2=170 steerMode=-580/-746 iSteer=19233 driveMode=-13750/-15440 iDrive=-150591 scale=0 wheel=-40000
run=1 step=0 angle=46934 target=46494 err=-439 steer=-90 m1=-298/-14248 i1=-155 m2=322/13252 i2=153 steerMode=-498/-260 iSteer=-984 driveMode=-13750/-14338 iDrive=-154244 scale=0 wheel=-40000
run=1 step=0 angle=46934 target=46494 err=-439 steer=0 m1=-273/-13750 i1=-171 m2=299/13750 i2=149 steerMode=0/454 iSteer=-11177 driveMode=-13750/-13219 iDrive=-160270 scale=0 wheel=-40000
run=1 step=0 angle=46934 target=46494 err=-439 steer=0 m1=-224/-13750 i1=-164 m2=200/13750 i2=172 steerMode=0/141 iSteer=4209 driveMode=-13750/-12067 iDrive=-168160 scale=0 wheel=-40000
run=1 step=0 angle=46934 target=46494 err=-439 steer=0 m1=-203/-13750 i1=-166 m2=230/13750 i2=182 steerMode=0/63 iSteer=8015 driveMode=-13750/-11672 iDrive=-173554 scale=0 wheel=-40000
run=1 step=0 angle=46934 target=46494 err=-439 steer=0 m1=-176/-13750 i1=-177 m2=232/13750 i2=183 steerMode=0/169 iSteer=3023 driveMode=-13750/-11288 iDrive=-180411 scale=0 wheel=-40000
run=1 step=0 angle=47021 target=46494 err=-527 steer=-90 m1=-197/-14245 i1=-204 m2=263/13255 i2=169 steerMode=-495/79 iSteer=-17303 driveMode=-13750/-11130 iDrive=-186560 scale=0 wheel=-40000
run=1 step=0 angle=46934 target=46494 err=-439 steer=-100 m1=-256/-14303 i1=-163 m2=173/13197 i2=220 steerMode=-553/-913 iSteer=28786 driveMode=-13750/-11093 iDrive=-191518 scale=0 wheel=-40000
run=1 step=0 angle=46846 target=46494 err=-352 steer=0 m1=-193/-13750 i1=-195 m2=163/13750 i2=201 steerMode=0/172 iSteer=3016 driveMode=-13750/-10772 iDrive=-198043 scale=0 wheel=-40000
run=1 step=0 angle=46846 target=46494 err=-352 steer=0 m1=-193/-13750 i1=-180 m2=169/13750 i2=227 steerMode=0/-241 iSteer=23532 driveMode=-13750/-10825 iDrive=-203098 scale=0 wheel=-40000
run=1 step=0 angle=46846 target=46494 err=-352 steer=0 m1=-189/-13750 i1=-198 m2=154/13750 i2=223 steerMode=0/8 iSteer=12412 driveMode=-13750/-10612 iDrive=-210317 scale=0 wheel=-40000
run=1 step=0 angle=46934 target=46494 err=-439 steer=0 m1=-203/-13750 i1=-190 m2=219/13750 i2=232 steerMode=0/-156 iSteer=20828 driveMode=-13750/-11526 iDrive=-210829 scale=0 wheel=-40000
run=1 step=0 angle=46934 target=46494 err=-439 steer=0 m1=-237/-13750 i1=-164 m2=267/13750 i2=255 steerMode=0/-653 iSteer=45611 driveMode=-13750/-12433 iDrive=-209510 scale=0 wheel=-40000
run=1 step=0 angle=46934 target=46494 err=-439 steer=0 m1=-287/-13750 i1=-179 m2=242/13750 i2=235 steerMode=0/-299 iSteer=28062 driveMode=-13750/-13185 iDrive=-207369 scale=0 wheel=-40000
run=1 step=0 angle=46934 target=46494 err=-439 steer=0 m1=-281/-13750 i1=-213 m2=328/13750 i2=189 steerMode=0/504 iSteer=-12165 driveMode=-13750/-14494 iDrive=-200995 scale=0 wheel=-40000
run=1 step=0 angle=46934 target=46494 err=-439 steer=0 m1=-289/-13750 i1=-193 m2=351/13750 i2=192 steerMode=0/269 iSteer=-679 driveMode=-13750/-15713 iDrive=-192776 scale=0 wheel=-40000
run=1 step=0 angle=46934 target=46494 err=-439 steer=0 m1=-344/-13750 i1=-179 m2=357/13750 i2=184 steerMode=0/195 iSteer=2257 driveMode=-13750/-16949 iDrive=-181414 scale=0 wheel=-40000
run=1 step=0 angle=47021 target=46494 err=-527 steer=-105 m1=-344/-14330 i1=-172 m2=334/13170 i2=172 steerMode=-580/-369 iSteer=27 driveMode=-13750/-17477 iDrive=-171902 scale=0 wheel=-40000
run=1 step=0 angle=47021 target=46494 err=-527 steer=-105 m1=-342/-14330 i1=-177 m2=286/13170 i2=151 steerMode=-580/-127 iSteer=-12654 driveMode=-13750/-17548 iDrive=-164059 scale=0 wheel=-40000
run=1 step=0 angle=47021 target=46494 err=-527 steer=-105 m1=-312/-14330 i1=-170 m2=263/13170 i2=156 steerMode=-580/-252 iSteer=-6711 driveMode=-13750/-16546 iDrive=-162808 scale=0 wheel=-40000
run=1 step=0 angle=47021 target=46494 err=-527 steer=-105 m1=-291/-14330 i1=-167 m2=282/13170 i2=161 steerMode=-580/-332 iSteer=-3221 driveMode=-13750/-15524 iDrive=-163815 scale=0 wheel=-40000
run=1 step=0 angle=47021 target=46494 err=-527 steer=-105 m1=-252/-14330 i1=-188 m2=234/13170 i2=143 steerMode=-580/47 iSteer=-22440 driveMode=-13750/-14703 iDrive=-165435 scale=0 wheel=-40000
run=1 step=0 angle=46846 target=46494 err=-352 steer=0 m1=-252/-13750 i1=-183 m2=284/13750 i2=158 steerMode=0/412 iSteer=-12414 driveMode=-13750/-13521 iDrive=-170857 scale=0 wheel=-40000
run=1 step=0 angle=46846 target=46494 err=-352 steer=0 m1=-237/-13750 i1=-182 m2=244/13750 i2=167 steerMode=0/301 iSteer=-7370 driveMode=-13750/-13005 iDrive=-174343 scale=0 wheel=-40000
run=1 step=0 angle=46846 target=46494 err=-352 steer=0 m1=-231/-13750 i1=-146 m2=200/13750 i2=209 steerMode=0/-473 iSteer=31530 driveMode=-13750/-12848 iDrive=-177194 scale=0 wheel=-40000
run=1 step=0 angle=46846 target=46494 err=-352 steer=0 m1=-289/-13750 i1=-160 m2=190/13750 i2=194 steerMode=0/-188 iSteer=17014 driveMode=-13750/-13215 iDrive=-176900 scale=0 wheel=-40000
run=1 step=0 angle=46846 target=46494 err=-352 steer=0 m1=-254/-13750 i1=-190 m2=286/13750 i2=160 steerMode=0/452 iSteer=-15034 driveMode=-13750/-13686 iDrive=-175182 scale=0 wheel=-40000
run=1 step=0 angle=46846 target=46494 err=-352 steer=0 m1=-279/-13750 i1=-156 m2=265/13750 i2=190 steerMode=0/-187 iSteer=17151 driveMode=-13750/-14060 iDrive=-172865 scale=0 wheel=-40000
run=1 step=0 angle=46846 target=46494 err=-352 steer=0 m1=-281/-13750 i1=-148 m2=280/13750 i2=196 steerMode=0/-317 iSteer=24076 driveMode=-13750/-14129 iDrive=-172311 scale=0 wheel=-40000
run=1 step=0 angle=46846 target=46494 err=-352 steer=0 m1=-325/-13750 i1=-143 m2=211/13750 i2=194 steerMode=0/-339 iSteer=25480 driveMode=-13750/-14535 iDrive=-168703 scale=0 wheel=-40000
run=1 step=0 angle=46846 target=46494 err=-352 steer=0 m1=-275/-13750 i1=-157 m2=284/13750 i2=183 steerMode=0/-70 iSteer=12987 driveMode=-13750/-14153 iDrive=-169648 scale=0 wheel=-40000
run=1 step=0 angle=46758 target=46494 err=-264 steer=0 m1=-264/-13750 i1=-152 m2=276/13750 i2=194 steerMode=0/-212 iSteer=21015 driveMode=-13750/-13560 iDrive=-172723 scale=0 wheel=-40000
run=1 step=0 angle=46758 target=46494 err=-264 steer=0 m1=-254/-13750 i1=-155 m2=276/13750 i2=193 steerMode=0/-164 iSteer=19176 driveMode=-13750/-13424 iDrive=-174084 scale=0 wheel=-40000
run=1 step=0 angle=46758 target=46494 err=-264 steer=0 m1=-241/-13750 i1=-150 m2=230/13750 i2=208 steerMode=0/-360 iSteer=29463 driveMode=-13750/-12721 iDrive=-179026 scale=0 wheel=-40000
run=1 step=0 angle=46846 target=46494 err=-352 steer=0 m1=-206/-13750 i1=-195 m2=213/13750 i2=176 steerMode=0/400 iSteer=-9374 driveMode=-13750/-11957 iDrive=-185151 scale=0 wheel=-40000
run=1 step=0 angle=46846 target=46494 err=-352 steer=0 m1=-258/-13750 i1=-160 m2=242/13750 i2=215 steerMode=0/-329 iSteer=27773 driveMode=-13750/-12232 iDrive=-187383 scale=0 wheel=-40000
run=1 step=0 angle=46846 target=46494 err=-352 steer=0 m1=-262/-13750 i1=-178 m2=297/13750 i2=192 steerMode=0/96 iSteer=7032 driveMode=-13750/-13082 iDrive=-185207 scale=0 wheel=-40000
run=1 step=0 angle=46846 target=46494 err=-352 steer=0 m1=-245/-13750 i1=-181 m2=286/13750 i2=190 steerMode=0/160 iSteer=4709 driveMode=-13750/-13240 iDrive=-185387 scale=0 wheel=-40000
run=1 step=0 angle=46846 target=46494 err=-352 steer=0 m1=-252/-13750 i1=-181 m2=301/13750 i2=184 steerMode=0/208 iSteer=1636 driveMode=-13750/-13824 iDrive=-182533 scale=0 wheel=-40000
run=1 step=0 angle=46846 target=46494 err=-352 steer=0 m1=-239/-13750 i1=-177 m2=223/13750 i2=194 steerMode=0/82 iSteer=8109 driveMode=-13750/-13287 iDrive=-185518 scale=0 wheel=-40000
run=1 step=0 angle=46846 target=46494 err=-352 steer=0 m1=-304/-13750 i1=-177 m2=303/13750 i2=182 steerMode=0/211 iSteer=2121 driveMode=-13750/-14484 iDrive=-179555 scale=0 wheel=-40000
run=1 step=0 angle=46846 target=46494 err=-352 steer=0 m1=-275/-13750 i1=-166 m2=272/13750 i2=182 steerMode=0/94 iSteer=7985 driveMode=-13750/-15123 iDrive=-174289 scale=0 wheel=-40000
run=1 step=0 angle=46846 target=46494 err=-352 steer=0 m1=-310/-13750 i1=-164 m2=261/13750 i2=172 steerMode=0/178 iSteer=3838 driveMode=-13750/-15840 iDrive=-167922 scale=0 wheel=-40000
run=1 step=0 angle=46846 target=46494 err=-352 steer=0 m1=-291/-13750 i1=-148 m2=355/13750 i2=179 steerMode=0/-67 iSteer=15828 driveMode=-13750/-15907 iDrive=-163407 scale=0 wheel=-40000
run=1 step=0 angle=46934 target=46494 err=-439 steer=0 m1=-279/-13750 i1=-142 m2=328/13750 i2=177 steerMode=0/-95 iSteer=17305 driveMode=-13750/-15833 iDrive=-159685 scale=0 wheel=-40000
run=1 step=0 angle=46934 target=46494 err=-439 steer=0 m1=-277/-13750 i1=-150 m2=349/13750 i2=169 steerMode=0/60 iSteer=9588 driveMode=-13750/-15207 iDrive=-159279 scale=0 wheel=-40000
run=1 step=0 angle=47021 target=46494 err=-527 steer=-5 m1=-266/-13778 i1=-148 m2=349/13723 i2=175 steerMode=-28/-41 iSteer=13333 driveMode=-13750/-14396 iDrive=-161373 scale=0 wheel=-40000
run=1 step=0 angle=47021 target=46494 err=-527 steer=-105 m1=-247/-14330 i1=-141 m2=194/13170 i2=199 steerMode=-580/-910 iSteer=29002 driveMode=-13750/-12829 iDrive=-169585 scale=0 wheel=-40000
run=1 step=0 angle=46934 target=46494 err=-439 steer=0 m1=-247/-13750 i1=-171 m2=269/13750 i2=171 steerMode=0/245 iSteer=156 driveMode=-13750/-12806 iDrive=-171278 scale=0 wheel=-40000
STEP_OK: step=0 target=-40 cmd=-40000 measured=-37611 angleErr=-527
STEP_START: step=1 target=-500
run=1 step=1 angle=47021 target=46494 err=-527 steer=-105 m1=-172/-3949 i1=38 m2=219/2789 i2=-39 steerMode=-580/-564 iSteer=-639 driveMode=-3369/-9878 iDrive=38237 scale=0 wheel=-9800
run=1 step=1 angle=47021 target=46494 err=-527 steer=-105 m1=-21/-10411 i1=-123 m2=-11/9251 i2=-24 steerMode=-580/884 iSteer=-73486 driveMode=-9831/460 iDrive=-49839 scale=0 wheel=-28600
run=1 step=1 angle=47021 target=46494 err=-527 steer=-105 m1=0/-16874 i1=-135 m2=0/15714 i2=75 steerMode=-580/-19 iSteer=-30076 driveMode=-16294/-8 iDrive=-104644 scale=0 wheel=-47400
run=1 step=1 angle=47021 target=46494 err=-527 steer=-105 m1=0/-23336 i1=-206 m2=0/22176 i2=142 steerMode=-580/-9 iSteer=-32192 driveMode=-22756/-17 iDrive=-173726 scale=0 wheel=-66200
run=1 step=1 angle=47021 target=46494 err=-527 steer=-105 m1=0/-29799 i1=-288 m2=0/28639 i2=221 steerMode=-580/-14 iSteer=-33730 driveMode=-29219/-64 iDrive=-254589 scale=0 wheel=-85000
run=1 step=1 angle=47021 target=46494 err=-527 steer=-105 m1=0/-36261 i1=-383 m2=0/35101 i2=313 steerMode=-580/-17 iSteer=-35189 driveMode=-35681/-21 iDrive=-348188 scale=0 wheel=-103800
run=1 step=1 angle=47021 target=46494 err=-527 steer=-105 m1=0/-42724 i1=-490 m2=0/41563 i2=418 steerMode=-580/-32 iSteer=-35991 driveMode=-42144/-41 iDrive=-453628 scale=0 wheel=-122599
run=1 step=1 angle=47021 target=46494 err=-527 steer=-105 m1=0/-49186 i1=-610 m2=0/48026 i2=533 steerMode=-580/-19 iSteer=-38270 driveMode=-48606/-25 iDrive=-571389 scale=0 wheel=-141399
run=1 step=1 angle=47021 target=46494 err=-527 steer=-105 m1=-3/-55648 i1=-740 m2=0/54488 i2=662 steerMode=-580/-32 iSteer=-39202 driveMode=-55068/-34 iDrive=-701183 scale=0 wheel=-160199
run=1 step=1 angle=47021 target=46494 err=-527 steer=-105 m1=-5/-62111 i1=-883 m2=0/60951 i2=803 steerMode=-580/-46 iSteer=-40034 driveMode=-61531/-52 iDrive=-843055 scale=0 wheel=-178999
run=1 step=1 angle=46318 target=46494 err=176 steer=0 m1=-340/-67993 i1=-728 m2=25/67993 i2=1208 steerMode=0/-5043 iSteer=240297 driveMode=-67993/-5480 iDrive=-968072 scale=0 wheel=-197798
run=1 step=1 angle=45439 target=46494 err=1055 steer=211 m1=-976/-73295 i1=-905 m2=1040/75616 i2=883 steerMode=1160/1338 iSteer=-11076 driveMode=-74456/-44425 iDrive=-893944 scale=0 wheel=-216598
run=1 step=1 angle=45703 target=46494 err=791 steer=158 m1=-1683/-79979 i1=-745 m2=1726/81719 i2=772 steerMode=870/561 iSteer=13527 driveMode=-80849/-82716 iDrive=-758880 scale=0 wheel=-235198
run=1 step=1 angle=46143 target=46494 err=352 steer=0 m1=-2284/-87312 i1=-620 m2=2274/87312 i2=586 steerMode=0/293 iSteer=-16886 driveMode=-87312/-114560 iDrive=-602756 scale=0 wheel=-253998
run=1 step=1 angle=46055 target=46494 err=439 steer=0 m1=-2692/-93775 i1=-403 m2=2638/93775 i2=512 steerMode=0/-1086 iSteer=54161 driveMode=-93775/-136531 iDrive=-457579 scale=0 wheel=-272799
run=1 step=1 angle=46055 target=46494 err=439 steer=50 m1=-2897/-99960 i1=-330 m2=2902/100515 i2=335 steerMode=278/272 iSteer=2279 driveMode=-100237/-150293 iDrive=-332433 scale=0 wheel=-291600
run=1 step=1 angle=46230 target=46494 err=264 steer=0 m1=-3022/-106700 i1=-222 m2=2996/106700 i2=240 steerMode=0/-140 iSteer=9205 driveMode=-106700/-157718 iDrive=-231203 scale=0 wheel=-310401
run=1 step=1 angle=46230 target=46494 err=264 steer=0 m1=-3031/-113163 i1=-167 m2=3055/113163 i2=160 steerMode=0/135 iSteer=-3502 driveMode=-113163/-159344 iDrive=-163894 scale=0 wheel=-329202
run=1 step=1 angle=46143 target=46494 err=352 steer=0 m1=-2982/-119626 i1=-100 m2=2950/119626 i2=152 steerMode=0/-451 iSteer=25975 driveMode=-119626/-157462 iDrive=-126456 scale=0 wheel=-348003
run=1 step=1 angle=46230 target=46494 err=264 steer=0 m1=-2926/-126089 i1=-96 m2=2873/126089 i2=132 steerMode=0/-273 iSteer=17803 driveMode=-126089/-153999 iDrive=-114197 scale=0 wheel=-366804
run=1 step=1 angle=46406 target=46494 err=88 steer=0 m1=-2834/-132552 i1=-98 m2=2816/132552 i2=154 steerMode=0/-452 iSteer=27702 driveMode=-132552/-149651 iDrive=-125852 scale=0 wheel=-385605
run=1 step=1 angle=46318 target=46494 err=176 steer=0 m1=-2752/-139014 i1=-161 m2=2783/139014 i2=144 steerMode=0/278 iSteer=-8650 driveMode=-139014/-146331 iDrive=-152508 scale=0 wheel=-404406
run=1 step=1 angle=46143 target=46494 err=352 steer=0 m1=-2742/-145477 i1=-154 m2=2726/145477 i2=221 steerMode=0/-560 iSteer=33529 driveMode=-145477/-144581 iDrive=-187875 scale=0 wheel=-423207
run=1 step=1 angle=46230 target=46494 err=264 steer=0 m1=-2756/-151940 i1=-219 m2=2762/151940 i2=233 steerMode=0/-13 iSteer=7208 driveMode=-151940/-144986 iDrive=-225895 scale=0 wheel=-442008
run=1 step=1 angle=46494 target=46494 err=0 steer=0 m1=-2836/-158403 i1=-236 m2=2810/158403 i2=278 steerMode=0/-295 iSteer=21204 driveMode=-158403/-148421 iDrive=-257149 scale=0 wheel=-460809
run=1 step=1 angle=46494 target=46494 err=0 steer=0 m1=-2907/-164866 i1=-283 m2=2952/164866 i2=294 steerMode=0/39 iSteer=5325 driveMode=-164866/-152884 iDrive=-288351 scale=0 wheel=-479610
run=1 step=1 angle=46406 target=46494 err=88 steer=0 m1=-3085/-171329 i1=-286 m2=3074/171329 i2=332 steerMode=0/-305 iSteer=22969 driveMode=-171329/-159650 iDrive=-309150 scale=0 wheel=-498411
run=1 step=1 angle=46406 target=46494 err=88 steer=0 m1=-3215/-171875 i1=-280 m2=3210/171875 i2=298 steerMode=0/-12 iSteer=8681 driveMode=-171875/-167357 iDrive=-289072 scale=0 wheel=-500000
run=1 step=1 angle=46670 target=46494 err=-176 steer=0 m1=-3324/-171875 i1=-237 m2=3289/171875 i2=288 steerMode=0/-348 iSteer=25585 driveMode=-171875/-173214 iDrive=-262223 scale=0 wheel=-500000
run=1 step=1 angle=46582 target=46494 err=-88 steer=0 m1=-3388/-171875 i1=-229 m2=3413/171875 i2=237 steerMode=0/77 iSteer=4133 driveMode=-171875/-177662 iDrive=-232982 scale=0 wheel=-500000
run=1 step=1 angle=46582 target=46494 err=-88 steer=0 m1=-3432/-171875 i1=-185 m2=3448/171875 i2=225 steerMode=0/-226 iSteer=20073 driveMode=-171875/-180434 iDrive=-205285 scale=0 wheel=-500000
run=1 step=1 angle=46846 target=46494 err=-352 steer=0 m1=-3455/-171875 i1=-179 m2=3463/171875 i2=182 steerMode=0/145 iSteer=1499 driveMode=-171875/-181825 iDrive=-180826 scale=0 wheel=-500000
run=1 step=1 angle=46934 target=46494 err=-439 steer=0 m1=-3449/-171875 i1=-159 m2=3459/171875 i2=170 steerMode=0/54 iSteer=5892 driveMode=-171875/-181452 iDrive=-164521 scale=0 wheel=-500000
run=1 step=1 angle=46846 target=46494 err=-352 steer=0 m1=-3407/-171875 i1=-129 m2=3436/171875 i2=178 steerMode=0/-316 iSteer=24436 driveMode=-171875/-180248 iDrive=-153300 scale=0 wheel=-500000
run=1 step=1 angle=47021 target=46494 err=-527 steer=-105 m1=-3401/-172455 i1=-161 m2=3387/171295 i2=125 steerMode=-580/-54 iSteer=-17852 driveMode=-171875/-179274 iDrive=-143312 scale=0 wheel=-500000
run=1 step=1 angle=46758 target=46494 err=-264 steer=-55 m1=-3347/-172180 i1=-107 m2=3358/171570 i2=184 steerMode=-305/-893 iSteer=38377 driveMode=-171875/-176642 iDrive=-145194 scale=0 wheel=-500000
run=1 step=1 angle=46846 target=46494 err=-352 steer=0 m1=-3313/-171875 i1=-149 m2=3310/171875 i2=147 steerMode=0/202 iSteer=-1415 driveMode=-171875/-174697 iDrive=-148034 scale=0 wheel=-500000
run=1 step=1 angle=46934 target=46494 err=-439 steer=0 m1=-3265/-171875 i1=-142 m2=3277/171875 i2=164 steerMode=0/-30 iSteer=11160 driveMode=-171875/-172957 iDrive=-153220 scale=0 wheel=-500000
run=1 step=1 angle=47021 target=46494 err=-527 steer=-105 m1=-3280/-172455 i1=-148 m2=3220/171295 i2=169 steerMode=-580/-614 iSteer=10645 driveMode=-171875/-171709 iDrive=-158638 scale=0 wheel=-500000
run=1 step=1 angle=46934 target=46494 err=-439 steer=0 m1=-3234/-171875 i1=-153 m2=3239/171875 i2=176 steerMode=0/-47 iSteer=11620 driveMode=-171875/-170755 iDrive=-164466 scale=0 wheel=-500000
run=1 step=1 angle=46934 target=46494 err=-439 steer=0 m1=-3223/-171875 i1=-152 m2=3212/171875 i2=193 steerMode=0/-211 iSteer=20347 driveMode=-171875/-169790 iDrive=-172444 scale=0 wheel=-500000
run=1 step=1 angle=47021 target=46494 err=-527 steer=-105 m1=-3232/-172455 i1=-188 m2=3224/171295 i2=164 steerMode=-580/-152 iSteer=-12072 driveMode=-171875/-169830 iDrive=-176209 scale=0 wheel=-500000
run=1 step=1 angle=46934 target=46494 err=-439 steer=-100 m1=-3204/-172428 i1=-172 m2=3212/171322 i2=194 steerMode=-553/-586 iSteer=11348 driveMode=-171875/-169280 iDrive=-183097 scale=0 wheel=-500000
run=1 step=1 angle=46758 target=46494 err=-264 steer=0 m1=-3238/-171875 i1=-190 m2=3247/171875 i2=181 steerMode=0/273 iSteer=-4451 driveMode=-171875/-169821 iDrive=-185172 scale=0 wheel=-500000
run=1 step=1 angle=46846 target=46494 err=-352 steer=0 m1=-3223/-171875 i1=-165 m2=3247/171875 i2=210 steerMode=0/-246 iSteer=22371 driveMode=-171875/-170130 iDrive=-187245 scale=0 wheel=-500000
run=1 step=1 angle=47109 target=46494 err=-615 steer=-123 m1=-3259/-172552 i1=-189 m2=3220/171198 i2=192 steerMode=-677/-509 iSteer=1490 driveMode=-171875/-170200 iDrive=-190204 scale=0 wheel=-500000
run=1 step=1 angle=46934 target=46494 err=-439 steer=-5 m1=-3238/-171905 i1=-172 m2=3239/171845 i2=208 steerMode=-30/-197 iSteer=17974 driveMode=-171875/-170701 iDrive=-190380 scale=0 wheel=-500000
run=1 step=1 angle=46934 target=46494 err=-439 steer=0 m1=-3263/-171875 i1=-168 m2=3239/171875 i2=215 steerMode=0/-276 iSteer=23910 driveMode=-171875/-170874 iDrive=-191518 scale=0 wheel=-500000
run=1 step=1 angle=47021 target=46494 err=-527 steer=-15 m1=-3284/-171958 i1=-186 m2=3293/171793 i2=187 steerMode=-83/109 iSteer=314 driveMode=-171875/-172021 iDrive=-186627 scale=0 wheel=-500000
run=1 step=1 angle=47109 target=46494 err=-615 steer=-123 m1=-3296/-172552 i1=-162 m2=3268/171198 i2=211 steerMode=-677/-971 iSteer=24661 driveMode=-171875/-172010 iDrive=-186428 scale=0 wheel=-500000
run=1 step=1 angle=46846 target=46494 err=-352 steer=0 m1=-3286/-171875 i1=-182 m2=3300/171875 i2=184 steerMode=0/178 iSteer=1158 driveMode=-171875/-172546 iDrive=-182911 scale=0 wheel=-500000
run=1 step=1 angle=46934 target=46494 err=-439 steer=0 m1=-3286/-171875 i1=-158 m2=3270/171875 i2=202 steerMode=0/-238 iSteer=21987 driveMode=-171875/-172763 iDrive=-180359 scale=0 wheel=-500000
run=1 step=1 angle=47021 target=46494 err=-527 steer=-105 m1=-3288/-172455 i1=-171 m2=3266/171295 i2=185 steerMode=-580/-526 iSteer=7098 driveMode=-171875/-172822 iDrive=-177898 scale=0 wheel=-500000
run=1 step=1 angle=46934 target=46494 err=-439 steer=-95 m1=-3278/-172400 i1=-178 m2=3289/171350 i2=175 steerMode=-525/-294 iSteer=-1870 driveMode=-171875/-172820 iDrive=-176434 scale=0 wheel=-500000
run=1 step=1 angle=46934 target=46494 err=-439 steer=0 m1=-3288/-171875 i1=-149 m2=3264/171875 i2=203 steerMode=0/-327 iSteer=26861 driveMode=-171875/-172585 iDrive=-175900 scale=0 wheel=-500000
run=1 step=1 angle=46934 target=46494 err=-439 steer=0 m1=-3271/-171875 i1=-178 m2=3289/171875 i2=170 steerMode=0/292 iSteer=-4400 driveMode=-171875/-172687 iDrive=-173981 scale=0 wheel=-500000
run=1 step=1 angle=47021 target=46494 err=-527 steer=-105 m1=-3280/-172455 i1=-159 m2=3277/171295 i2=192 steerMode=-580/-716 iSteer=16823 driveMode=-171875/-172133 iDrive=-175641 scale=0 wheel=-500000
run=1 step=1 angle=46758 target=46494 err=-264 steer=0 m1=-3259/-171875 i1=-166 m2=3281/171875 i2=189 steerMode=0/-38 iSteer=11818 driveMode=-171875/-171754 iDrive=-177468 scale=0 wheel=-500000
run=1 step=1 angle=46934 target=46494 err=-439 steer=0 m1=-3273/-171875 i1=-161 m2=3283/171875 i2=189 steerMode=0/-84 iSteer=14245 driveMode=-171875/-172186 iDrive=-175158 scale=0 wheel=-500000
run=1 step=1 angle=47021 target=46494 err=-527 steer=-108 m1=-3278/-172469 i1=-158 m2=3256/171281 i2=197 steerMode=-594/-777 iSteer=19158 driveMode=-171875/-171653 iDrive=-177576 scale=0 wheel=-500000
run=1 step=1 angle=47021 target=46494 err=-527 steer=-105 m1=-3259/-172455 i1=-194 m2=3239/171295 i2=165 steerMode=-580/-94 iSteer=-14582 driveMode=-171875/-171425 iDrive=-179582 scale=0 wheel=-500000
run=1 step=1 angle=46846 target=46494 err=-352 steer=0 m1=-3246/-171875 i1=-158 m2=3264/171875 i2=204 steerMode=0/-254 iSteer=22938 driveMode=-171875/-171382 iDrive=-180562 scale=0 wheel=-500000
run=1 step=1 angle=46934 target=46494 err=-439 steer=0 m1=-3278/-171875 i1=-180 m2=3266/171875 i2=175 steerMode=0/248 iSteer=-2367 driveMode=-171875/-172016 iDrive=-177795 scale=0 wheel=-500000
run=1 step=1 angle=47021 target=46494 err=-527 steer=-105 m1=-3290/-172455 i1=-160 m2=3270/171295 i2=197 steerMode=-580/-748 iSteer=18203 driveMode=-171875/-171839 iDrive=-178468 scale=0 wheel=-500000
run=1 step=1 angle=46758 target=46494 err=-264 steer=-5 m1=-3273/-171905 i1=-142 m2=3262/171845 i2=213 steerMode=-30/-545 iSteer=35488 driveMode=-171875/-171986 iDrive=-177729 scale=0 wheel=-500000
run=1 step=1 angle=46934 target=46494 err=-439 steer=0 m1=-3280/-171875 i1=-169 m2=3291/171875 i2=182 steerMode=0/72 iSteer=6520 driveMode=-171875/-172363 iDrive=-175268 scale=0 wheel=-500000
run=1 step=1 angle=47021 target=46494 err=-527 steer=-105 m1=-3296/-172455 i1=-173 m2=3247/171295 i2=177 steerMode=-580/-423 iSteer=1894 driveMode=-171875/-172210 iDrive=-175064 scale=0 wheel=-500000
run=1 step=1 angle=46846 target=46494 err=-352 steer=0 m1=-3263/-171875 i1=-183 m2=3291/171875 i2=171 steerMode=0/316 iSteer=-5613 driveMode=-171875/-171867 iDrive=-176970 scale=0 wheel=-500000
run=1 step=1 angle=46934 target=46494 err=-439 steer=0 m1=-3265/-171875 i1=-142 m2=3266/171875 i2=211 steerMode=0/-482 iSteer=34497 driveMode=-171875/-171918 iDrive=-176500 scale=0 wheel=-500000
run=1 step=1 angle=47021 target=46494 err=-527 steer=-105 m1=-3273/-172455 i1=-191 m2=3260/171295 i2=162 steerMode=-580/-83 iSteer=-14440 driveMode=-171875/-171842 iDrive=-176831 scale=0 wheel=-500000
run=1 step=1 angle=46846 target=46494 err=-352 steer=0 m1=-3255/-171878 i1=-140 m2=3251/171872 i2=215 steerMode=-3/-535 iSteer=37193 driveMode=-171875/-171717 iDrive=-177605 scale=0 wheel=-500000
run=1 step=1 angle=46846 target=46494 err=-352 steer=0 m1=-3265/-171875 i1=-170 m2=3237/171875 i2=186 steerMode=0/38 iSteer=8344 driveMode=-171875/-171678 iDrive=-177981 scale=0 wheel=-500000
run=1 step=1 angle=46934 target=46494 err=-439 steer=0 m1=-3265/-171875 i1=-166 m2=3266/171875 i2=185 steerMode=0/22 iSteer=9600 driveMode=-171875/-172106 iDrive=-175852 scale=0 wheel=-500000
run=1 step=1 angle=47109 target=46494 err=-615 steer=-123 m1=-3298/-172552 i1=-150 m2=3212/171198 i2=203 steerMode=-677/-1004 iSteer=26752 driveMode=-171875/-171885 iDrive=-176445 scale=0 wheel=-500000
run=1 step=1 angle=46934 target=46494 err=-439 steer=0 m1=-3240/-171875 i1=-184 m2=3279/171875 i2=173 steerMode=0/332 iSteer=-5592 driveMode=-171875/-171595 iDrive=-178338 scale=0 wheel=-500000
run=1 step=1 angle=46846 target=46494 err=-352 steer=0 m1=-3278/-171875 i1=-151 m2=3247/171875 i2=205 steerMode=0/-317 iSteer=26637 driveMode=-171875/-171718 iDrive=-177879 scale=0 wheel=-500000
run=1 step=1 angle=47021 target=46494 err=-527 steer=-10 m1=-3267/-171930 i1=-164 m2=3270/171820 i2=189 steerMode=-55/-89 iSteer=12786 driveMode=-171875/-172043 iDrive=-176320 scale=0 wheel=-500000
run=1 step=1 angle=47109 target=46494 err=-615 steer=-123 m1=-3292/-172552 i1=-163 m2=3245/171198 i2=189 steerMode=-677/-721 iSteer=12864 driveMode=-171875/-172098 iDrive=-175646 scale=0 wheel=-500000
run=1 step=1 angle=46846 target=46494 err=-352 steer=0 m1=-3278/-171875 i1=-151 m2=3277/171875 i2=195 steerMode=0/-227 iSteer=22097 driveMode=-171875/-172466 iDrive=-173106 scale=0 wheel=-500000
run=1 step=1 angle=46846 target=46494 err=-352 steer=0 m1=-3280/-171875 i1=-169 m2=3291/171875 i2=174 steerMode=0/172 iSteer=2272 driveMode=-171875/-172616 iDrive=-171277 scale=0 wheel=-500000
run=1 step=1 angle=47021 target=46494 err=-527 steer=-20 m1=-3278/-171985 i1=-152 m2=3256/171765 i2=186 steerMode=-110/-235 iSteer=17066 driveMode=-171875/-172746 iDrive=-168901 scale=0 wheel=-500000
run=1 step=1 angle=46934 target=46494 err=-439 steer=-35 m1=-3284/-172070 i1=-153 m2=3270/171680 i2=188 steerMode=-195/-339 iSteer=17321 driveMode=-171875/-172276 iDrive=-170267 scale=0 wheel=-500000
run=1 step=1 angle=46934 target=46494 err=-439 steer=0 m1=-3290/-171875 i1=-145 m2=3258/171875 i2=190 steerMode=0/-242 iSteer=22766 driveMode=-171875/-172528 iDrive=-167713 scale=0 wheel=-500000
run=1 step=1 angle=47021 target=46494 err=-527 steer=-105 m1=-3278/-172455 i1=-171 m2=3274/171295 i2=165 steerMode=-580/-306 iSteer=-2733 driveMode=-171875/-172280 iDrive=-168042 scale=0 wheel=-500000
run=1 step=1 angle=47109 target=46494 err=-615 steer=-123 m1=-3263/-172552 i1=-160 m2=3274/171198 i2=176 steerMode=-677/-620 iSteer=8029 driveMode=-171875/-172083 iDrive=-168471 scale=0 wheel=-500000
run=1 step=1 angle=46846 target=46494 err=-352 steer=0 m1=-3261/-171875 i1=-159 m2=3256/171875 i2=181 steerMode=0/3 iSteer=10707 driveMode=-171875/-171831 iDrive=-169800 scale=0 wheel=-500000
run=1 step=1 angle=46846 target=46494 err=-352 steer=0 m1=-3271/-171875 i1=-165 m2=3289/171875 i2=174 steerMode=0/130 iSteer=4710 driveMode=-171875/-171880 iDrive=-169775 scale=0 wheel=-500000
run=1 step=1 angle=47021 target=46494 err=-527 steer=-25 m1=-3275/-172013 i1=-146 m2=3254/171738 i2=191 steerMode=-138/-368 iSteer=22763 driveMode=-171875/-172066 iDrive=-168435 scale=0 wheel=-500000
run=1 step=1 angle=47109 target=46494 err=-615 steer=-123 m1=-3282/-172552 i1=-169 m2=3249/171198 i2=172 steerMode=-677/-492 iSteer=1583 driveMode=-171875/-171648 iDrive=-170468 scale=0 wheel=-500000
run=1 step=1 angle=46758 target=46494 err=-264 steer=0 m1=-3257/-171875 i1=-156 m2=3254/171875 i2=195 steerMode=0/-157 iSteer=19406 driveMode=-171875/-170861 iDrive=-175597 scale=0 wheel=-500000
run=1 step=1 angle=46934 target=46494 err=-439 steer=0 m1=-3248/-171875 i1=-166 m2=3249/171875 i2=182 steerMode=0/79 iSteer=7631 driveMode=-171875/-171442 iDrive=-174001 scale=0 wheel=-500000
run=1 step=1 angle=47021 target=46494 err=-527 steer=-105 m1=-3275/-172455 i1=-175 m2=3260/171295 i2=173 steerMode=-580/-334 iSteer=-897 driveMode=-171875/-171550 iDrive=-174275 scale=0 wheel=-500000
run=1 step=1 angle=46934 target=46494 err=-439 steer=0 m1=-3267/-171875 i1=-134 m2=3258/171875 i2=211 steerMode=0/-546 iSteer=38546 driveMode=-171875/-171957 iDrive=-172311 scale=0 wheel=-500000
run=1 step=1 angle=46934 target=46494 err=-439 steer=0 m1=-3271/-171875 i1=-166 m2=3283/171875 i2=180 steerMode=0/105 iSteer=6863 driveMode=-171875/-171832 iDrive=-173174 scale=0 wheel=-500000
run=1 step=1 angle=47021 target=46494 err=-527 steer=-105 m1=-3275/-172455 i1=-160 m2=3256/171295 i2=181 steerMode=-580/-569 iSteer=10551 driveMode=-171875/-172250 iDrive=-170647 scale=0 wheel=-500000
run=1 step=1 angle=47021 target=46494 err=-527 steer=-105 m1=-3275/-172455 i1=-170 m2=3241/171295 i2=172 steerMode=-580/-378 iSteer=1026 driveMode=-171875/-172015 iDrive=-171351 scale=0 wheel=-500000
run=1 step=1 angle=46758 target=46494 err=-264 steer=0 m1=-3271/-171875 i1=-163 m2=3279/171875 i2=175 steerMode=0/107 iSteer=5887 driveMode=-171875/-172337 iDrive=-169159 scale=0 wheel=-500000
run=1 step=1 angle=46934 target=46494 err=-439 steer=0 m1=-3275/-171875 i1=-147 m2=3256/171875 i2=190 steerMode=0/-199 iSteer=21515 driveMode=-171875/-172191 iDrive=-168942 scale=0 wheel=-500000
run=1 step=1 angle=47021 target=46494 err=-527 steer=-105 m1=-3252/-172455 i1=-169 m2=3249/171295 i2=175 steerMode=-580/-417 iSteer=3231 driveMode=-171875/-171629 iDrive=-171940 scale=0 wheel=-500000
run=1 step=1 angle=46846 target=46494 err=-352 steer=0 m1=-3286/-171875 i1=-137 m2=3235/171875 i2=206 steerMode=0/-466 iSteer=34370 driveMode=-171875/-171724 iDrive=-171681 scale=0 wheel=-500000
run=1 step=1 angle=46934 target=46494 err=-439 steer=0 m1=-3267/-171875 i1=-163 m2=3283/171875 i2=178 steerMode=0/79 iSteer=7414 driveMode=-171875/-171912 iDrive=-170855 scale=0 wheel=-500000
run=1 step=1 angle=47021 target=46494 err=-527 steer=-75 m1=-3294/-172288 i1=-165 m2=3241/171463 i2=171 steerMode=-413/-251 iSteer=2787 driveMode=-171875/-172368 iDrive=-167859 scale=0 wheel=-500000
run=1 step=1 angle=47021 target=46494 err=-527 steer=-105 m1=-3286/-172455 i1=-155 m2=3254/171295 i2=181 steerMode=-580/-626 iSteer=12989 driveMode=-171875/-172241 iDrive=-167694 scale=0 wheel=-500000
run=1 step=1 angle=46758 target=46494 err=-264 steer=0 m1=-3267/-171875 i1=-164 m2=3254/171875 i2=171 steerMode=0/155 iSteer=3651 driveMode=-171875/-172207 iDrive=-167324 scale=0 wheel=-500000
run=1 step=1 angle=46934 target=46494 err=-439 steer=0 m1=-3267/-171875 i1=-156 m2=3256/171875 i2=175 steerMode=0/25 iSteer=9613 driveMode=-171875/-172435 iDrive=-165179 scale=0 wheel=-500000
run=1 step=1 angle=47021 target=46494 err=-527 steer=-105 m1=-3275/-172455 i1=-167 m2=3268/171295 i2=170 steerMode=-580/-400 iSteer=1694 driveMode=-171875/-171667 iDrive=-168727 scale=0 wheel=-500000
run=1 step=1 angle=46846 target=46494 err=-352 steer=0 m1=-3265/-171875 i1=-142 m2=3247/171875 i2=191 steerMode=0/-285 iSteer=24758 driveMode=-171875/-172080 iDrive=-166500 scale=0 wheel=-500000
run=1 step=1 angle=47021 target=46494 err=-527 steer=-105 m1=-3275/-172455 i1=-177 m2=3272/171295 i2=162 steerMode=-580/-206 iSteer=-7387 driveMode=-171875/-171528 iDrive=-169550 scale=0 wheel=-500000
run=1 step=1 angle=47109 target=46494 err=-615 steer=-123 m1=-3263/-172552 i1=-157 m2=3241/171198 i2=183 steerMode=-677/-723 iSteer=12847 driveMode=-171875/-171556 iDrive=-169982 scale=0 wheel=-500000
run=1 step=1 angle=46934 target=46494 err=-439 steer=0 m1=-3257/-171875 i1=-165 m2=3237/171875 i2=180 steerMode=0/61 iSteer=7777 driveMode=-171875/-171250 iDrive=-172511 scale=0 wheel=-500000
run=1 step=1 angle=46846 target=46494 err=-352 steer=0 m1=-3271/-171875 i1=-161 m2=3289/171875 i2=183 steerMode=0/5 iSteer=10606 driveMode=-171875/-171508 iDrive=-172102 scale=0 wheel=-500000
run=1 step=1 angle=47021 target=46494 err=-527 steer=-105 m1=-3261/-172455 i1=-178 m2=3264/171295 i2=164 steerMode=-580/-229 iSteer=-6865 driveMode=-171875/-171868 iDrive=-170650 scale=0 wheel=-500000
run=1 step=1 angle=46846 target=46494 err=-352 steer=-35 m1=-3265/-172070 i1=-137 m2=3216/171680 i2=211 steerMode=-195/-703 iSteer=36936 driveMode=-171875/-171287 iDrive=-174042 scale=0 wheel=-500000
run=1 step=1 angle=46846 target=46494 err=-352 steer=0 m1=-3261/-171875 i1=-167 m2=3254/171875 i2=180 steerMode=0/89 iSteer=6459 driveMode=-171875/-171528 iDrive=-173596 scale=0 wheel=-500000
run=1 step=1 angle=46846 target=46494 err=-352 steer=0 m1=-3271/-171875 i1=-159 m2=3283/171875 i2=186 steerMode=0/-45 iSteer=13529 driveMode=-171875/-171842 iDrive=-172462 scale=0 wheel=-500000
run=1 step=1 angle=47021 target=46494 err=-527 steer=-105 m1=-3280/-172455 i1=-173 m2=3260/171295 i2=171 steerMode=-580/-341 iSteer=-1061 driveMode=-171875/-172006 iDrive=-171571 scale=0 wheel=-500000
run=1 step=1 angle=47021 target=46494 err=-527 steer=-105 m1=-3273/-172455 i1=-160 m2=3254/171295 i2=179 steerMode=-580/-549 iSteer=9408 driveMode=-171875/-172269 iDrive=-169725 scale=0 wheel=-500000
run=1 step=1 angle=46934 target=46494 err=-439 steer=0 m1=-3265/-171875 i1=-160 m2=3254/171875 i2=184 steerMode=0/2 iSteer=12000 driveMode=-171875/-171853 iDrive=-171510 scale=0 wheel=-500000
run=1 step=1 angle=46934 target=46494 err=-439 steer=0 m1=-3269/-171875 i1=-162 m2=3268/171875 i2=177 steerMode=0/80 iSteer=7361 driveMode=-171875/-172235 iDrive=-169362 scale=0 wheel=-500000
run=1 step=1 angle=47109 target=46494 err=-615 steer=-120 m1=-3275/-172538 i1=-167 m2=3245/171212 i2=175 steerMode=-663/-518 iSteer=4039 driveMode=-171875/-171867 iDrive=-170779 scale=0 wheel=-500000
run=1 step=1 angle=46846 target=46494 err=-352 steer=0 m1=-3265/-171875 i1=-158 m2=3291/171875 i2=178 steerMode=0/21 iSteer=10093 driveMode=-171875/-172317 iDrive=-168320 scale=0 wheel=-500000
run=1 step=1 angle=46934 target=46494 err=-439 steer=0 m1=-3271/-171875 i1=-152 m2=3254/171875 i2=188 steerMode=0/-119 iSteer=17668 driveMode=-171875/-171903 iDrive=-170011 scale=0 wheel=-500000
run=1 step=1 angle=47109 target=46494 err=-615 steer=-123 m1=-3286/-172552 i1=-160 m2=3270/171198 i2=181 steerMode=-677/-659 iSteer=10239 driveMode=-171875/-171842 iDrive=-170435 scale=0 wheel=-500000
run=1 step=1 angle=46934 target=46494 err=-439 steer=-100 m1=-3261/-172428 i1=-167 m2=3256/171322 i2=174 steerMode=-553/-405 iSteer=3287 driveMode=-171875/-171818 iDrive=-170681 scale=0 wheel=-500000
run=1 step=1 angle=46846 target=46494 err=-352 steer=0 m1=-3246/-171875 i1=-158 m2=3277/171875 i2=184 steerMode=0/-29 iSteer=12872 driveMode=-171875/-171801 iDrive=-170794 scale=0 wheel=-500000
run=1 step=1 angle=46846 target=46494 err=-352 steer=0 m1=-3286/-171875 i1=-157 m2=3274/171875 i2=178 steerMode=0/-2 iSteer=10875 driveMode=-171875/-172410 iDrive=-167398 scale=0 wheel=-500000
run=1 step=1 angle=47021 target=46494 err=-527 steer=-105 m1=-3261/-172455 i1=-183 m2=3243/171295 i2=155 steerMode=-580/-82 iSteer=-13784 driveMode=-171875/-171962 iDrive=-169043 scale=0 wheel=-500000
run=1 step=1 angle=46934 target=46494 err=-439 steer=-35 m1=-3284/-172070 i1=-144 m2=3254/171680 i2=194 steerMode=-195/-490 iSteer=25181 driveMode=-171875/-171926 iDrive=-169026 scale=0 wheel=-500000
run=1 step=1 angle=46934 target=46494 err=-439 steer=0 m1=-3265/-171875 i1=-160 m2=3279/171875 i2=176 steerMode=0/60 iSteer=8097 driveMode=-171875/-172063 iDrive=-168291 scale=0 wheel=-500000
run=1 step=1 angle=47021 target=46494 err=-527 steer=-105 m1=-3271/-172455 i1=-168 m2=3247/171295 i2=171 steerMode=-580/-392 iSteer=1461 driveMode=-171875/-171758 iDrive=-169461 scale=0 wheel=-500000
STEP_OK: step=1 target=-500 cmd=-500000 measured=-500049 angleErr=-527
STEP_START: step=2 target=-1400
run=1 step=2 angle=47021 target=46494 err=-527 steer=-105 m1=-2995/-4018 i1=834 m2=2954/2857 i2=-822 steerMode=-580/-702 iSteer=6002 driveMode=-3437/-147892 iDrive=827985 scale=0 wheel=-10000
run=1 step=2 angle=46934 target=46494 err=-439 steer=0 m1=-1804/-9900 i1=858 m2=1787/9900 i2=-798 steerMode=0/-562 iSteer=30153 driveMode=-9900/-106961 iDrive=828208 scale=0 wheel=-28800
run=1 step=2 angle=46846 target=46494 err=-352 steer=0 m1=-722/-16363 i1=621 m2=797/16363 i2=-642 steerMode=0/261 iSteer=-10326 driveMode=-16363/-50046 iDrive=631228 scale=0 wheel=-47600
run=1 step=2 angle=46846 target=46494 err=-352 steer=0 m1=110/-22825 i1=340 m2=60/22825 i2=-436 steerMode=0/1011 iSteer=-48193 driveMode=-22825/-5375 iDrive=387764 scale=0 wheel=-66400
run=1 step=2 angle=47285 target=46494 err=-791 steer=-105 m1=138/-29865 i1=31 m2=0/28710 i2=-484 steerMode=-578/3816 iSteer=-226510 driveMode=-29287/3784 iDrive=257433 scale=0 wheel=-85200
run=1 step=2 angle=47813 target=46494 err=-1318 steer=-264 m1=43/-37200 i1=96 m2=0/34300 i2=-265 steerMode=-1450/-62 iSteer=-84464 driveMode=-35750/-88 iDrive=180224 scale=0 wheel=-104000
run=1 step=2 angle=47813 target=46494 err=-1318 steer=-264 m1=-3/-43662 i1=-15 m2=0/40762 i2=-164 steerMode=-1450/-42 iSteer=-89681 driveMode=-42212/-46 iDrive=74228 scale=0 wheel=-122799
run=1 step=2 angle=47813 target=46494 err=-1318 steer=-264 m1=-9/-50125 i1=-120 m2=0/47224 i2=-36 steerMode=-1450/-359 iSteer=-77639 driveMode=-48675/-362 iDrive=-41862 scale=0 wheel=-141599
run=1 step=2 angle=47813 target=46494 err=-1318 steer=-264 m1=0/-56587 i1=-272 m2=0/53687 i2=74 steerMode=-1450/-11 iSteer=-98849 driveMode=-55137/-24 iDrive=-173334 scale=0 wheel=-160399
run=1 step=2 angle=47813 target=46494 err=-1318 steer=-264 m1=0/-63050 i1=-422 m2=6/60149 i2=209 steerMode=-1450/59 iSteer=-106440 driveMode=-61600/-93 iDrive=-315064 scale=0 wheel=-179199
run=1 step=2 angle=47813 target=46494 err=-1318 steer=-264 m1=0/-69512 i1=-575 m2=0/66612 i2=364 steerMode=-1450/-37 iSteer=-105761 driveMode=-68062/-34 iDrive=-469539 scale=0 wheel=-197998
run=1 step=2 angle=47813 target=46494 err=-1318 steer=-264 m1=0/-75975 i1=-747 m2=0/73074 i2=525 steerMode=-1450/-10 iSteer=-111121 driveMode=-74524/-31 iDrive=-635966 scale=0 wheel=-216798
run=1 step=2 angle=47813 target=46494 err=-1318 steer=-264 m1=-5/-82437 i1=-929 m2=2/79537 i2=700 steerMode=-1450/-19 iSteer=-114709 driveMode=-80987/-52 iDrive=-814405 scale=0 wheel=-235598
run=1 step=2 angle=47813 target=46494 err=-1318 steer=-264 m1=-296/-88899 i1=-939 m2=12/85999 i2=1035 steerMode=-1450/-3332 iSteer=48084 driveMode=-87449/-3542 iDrive=-986773 scale=0 wheel=-254398
run=1 step=2 angle=46846 target=46494 err=-352 steer=0 m1=-1028/-93843 i1=-933 m2=1060/93843 i2=946 steerMode=0/-856 iSteer=6418 driveMode=-93843/-44724 iDrive=-939103 scale=0 wheel=-272999
run=1 step=2 angle=46758 target=46494 err=-264 steer=0 m1=-1867/-100306 i1=-825 m2=1858/100306 i2=792 steerMode=0/-404 iSteer=-16546 driveMode=-100306/-88440 iDrive=-808099 scale=0 wheel=-291800
run=1 step=2 angle=46758 target=46494 err=-264 steer=0 m1=-2495/-106700 i1=-636 m2=2446/106700 i2=677 steerMode=0/-1106 iSteer=20781 driveMode=-106700/-123672 iDrive=-656538 scale=0 wheel=-310401
run=1 step=2 angle=46582 target=46494 err=-88 steer=0 m1=-2934/-113094 i1=-514 m2=2946/113094 i2=489 steerMode=0/-406 iSteer=-12589 driveMode=-113094/-150513 iDrive=-501883 scale=0 wheel=-329002
run=1 step=2 angle=46055 target=46494 err=439 steer=0 m1=-3263/-119488 i1=-349 m2=3212/119488 i2=375 steerMode=0/-881 iSteer=12965 driveMode=-119488/-168406 iDrive=-362365 scale=0 wheel=-347603
run=1 step=2 angle=45967 target=46494 err=527 steer=105 m1=-3422/-125371 i1=-223 m2=3396/126531 i2=272 steerMode=580/-468 iSteer=24464 driveMode=-125951/-178456 iDrive=-247783 scale=0 wheel=-366404
run=1 step=2 angle=46055 target=46494 err=439 steer=0 m1=-3466/-132345 i1=-164 m2=3436/132345 i2=173 steerMode=0/-612 iSteer=4069 driveMode=-132345/-181627 iDrive=-168451 scale=0 wheel=-385005
run=1 step=2 angle=45791 target=46494 err=703 steer=128 m1=-3434/-138104 i1=-102 m2=3425/139512 i2=135 steerMode=704/-107 iSteer=16395 driveMode=-138808/-180843 iDrive=-118208 scale=0 wheel=-403806
run=1 step=2 angle=45791 target=46494 err=703 steer=141 m1=-3342/-144429 i1=-93 m2=3358/145976 i2=103 steerMode=773/233 iSteer=4859 driveMode=-145202/-177508 iDrive=-97740 scale=0 wheel=-422407
run=1 step=2 angle=45967 target=46494 err=527 steer=105 m1=-3282/-151085 i1=-81 m2=3285/152245 i2=116 steerMode=580/-189 iSteer=17769 driveMode=-151665/-173672 iDrive=-98276 scale=0 wheel=-441208
run=1 step=2 angle=46055 target=46494 err=439 steer=0 m1=-3219/-158059 i1=-114 m2=3168/158059 i2=127 steerMode=0/-512 iSteer=6367 driveMode=-158059/-169506 iDrive=-120391 scale=0 wheel=-459809
run=1 step=2 angle=45967 target=46494 err=527 steer=105 m1=-3169/-163942 i1=-141 m2=3180/165102 i2=165 steerMode=580/6 iSteer=12100 driveMode=-164522/-166951 iDrive=-152742 scale=0 wheel=-478610
run=1 step=2 angle=45967 target=46494 err=527 steer=105 m1=-3167/-170336 i1=-182 m2=3189/171496 i2=194 steerMode=580/147 iSteer=5969 driveMode=-170916/-166699 iDrive=-188118 scale=0 wheel=-497211
run=1 step=2 angle=46055 target=46494 err=439 steer=0 m1=-3200/-177310 i1=-215 m2=3191/177310 i2=241 steerMode=0/-548 iSteer=13061 driveMode=-177310/-167717 iDrive=-228219 scale=0 wheel=-515812
run=1 step=2 angle=45967 target=46494 err=527 steer=105 m1=-3301/-183193 i1=-233 m2=3258/184353 i2=286 steerMode=580/-216 iSteer=26686 driveMode=-183773/-171992 iDrive=-259542 scale=0 wheel=-534613
run=1 step=2 angle=46055 target=46494 err=439 steer=60 m1=-3395/-189835 i1=-281 m2=3396/190500 i2=299 steerMode=333/-55 iSteer=8886 driveMode=-190167/-177024 iDrive=-290128 scale=0 wheel=-553214
run=1 step=2 angle=46143 target=46494 err=352 steer=0 m1=-3537/-196561 i1=-297 m2=3526/196561 i2=319 steerMode=0/-430 iSteer=11320 driveMode=-196561/-184533 iDrive=-308058 scale=0 wheel=-571815
run=1 step=2 angle=45967 target=46494 err=527 steer=40 m1=-3696/-202804 i1=-314 m2=3710/203244 i2=326 steerMode=220/-79 iSteer=5906 driveMode=-203024/-192831 iDrive=-319912 scale=0 wheel=-590616
run=1 step=2 angle=45967 target=46494 err=527 steer=105 m1=-3874/-208838 i1=-311 m2=3885/209998 i2=334 steerMode=580/210 iSteer=11199 driveMode=-209418/-202020 iDrive=-322480 scale=0 wheel=-609217
run=1 step=2 angle=46143 target=46494 err=352 steer=0 m1=-4073/-215812 i1=-289 m2=4013/215812 i2=346 steerMode=0/-712 iSteer=28842 driveMode=-215812/-211494 iDrive=-317515 scale=0 wheel=-627818
run=1 step=2 angle=46143 target=46494 err=352 steer=0 m1=-4230/-222275 i1=-319 m2=4210/222275 i2=303 steerMode=0/49 iSteer=-7884 driveMode=-222275/-220451 iDrive=-310949 scale=0 wheel=-646619
run=1 step=2 angle=45967 target=46494 err=527 steer=105 m1=-4393/-228158 i1=-260 m2=4388/229318 i2=340 steerMode=580/-289 iSteer=39585 driveMode=-228738/-229298 iDrive=-300071 scale=0 wheel=-665420
run=1 step=2 angle=46143 target=46494 err=352 steer=0 m1=-4544/-235132 i1=-278 m2=4540/235132 i2=295 steerMode=0/-241 iSteer=8370 driveMode=-235132/-237731 iDrive=-286760 scale=0 wheel=-684021
run=1 step=2 angle=46143 target=46494 err=352 steer=0 m1=-4713/-241595 i1=-242 m2=4685/241595 i2=308 steerMode=0/-713 iSteer=33117 driveMode=-241595/-245332 iDrive=-274904 scale=0 wheel=-702822
run=1 step=2 angle=46230 target=46494 err=264 steer=0 m1=-4841/-248058 i1=-265 m2=4825/248058 i2=263 steerMode=0/-6 iSteer=-1157 driveMode=-248058/-252475 iDrive=-263730 scale=0 wheel=-721623
run=1 step=2 angle=46055 target=46494 err=439 steer=0 m1=-4941/-254521 i1=-253 m2=4934/254521 i2=264 steerMode=0/-126 iSteer=5314 driveMode=-254521/-258420 iDrive=-258461 scale=0 wheel=-740424
run=1 step=2 angle=46230 target=46494 err=264 steer=0 m1=-5058/-260984 i1=-241 m2=5045/260984 i2=265 steerMode=0/-242 iSteer=12420 driveMode=-260984/-264540 iDrive=-253045 scale=0 wheel=-759225
run=1 step=2 angle=46230 target=46494 err=264 steer=0 m1=-5159/-267446 i1=-244 m2=5170/267446 i2=257 steerMode=0/-101 iSteer=6268 driveMode=-267446/-270304 iDrive=-250539 scale=0 wheel=-778026
run=1 step=2 angle=46143 target=46494 err=352 steer=0 m1=-5284/-273909 i1=-241 m2=5275/273909 i2=254 steerMode=0/-97 iSteer=6516 driveMode=-273909/-276323 iDrive=-247945 scale=0 wheel=-796827
run=1 step=2 angle=46406 target=46494 err=88 steer=0 m1=-5385/-280372 i1=-231 m2=5396/280372 i2=264 steerMode=0/-279 iSteer=16354 driveMode=-280372/-281995 iDrive=-247790 scale=0 wheel=-815628
run=1 step=2 angle=46318 target=46494 err=176 steer=0 m1=-5502/-286835 i1=-241 m2=5482/286835 i2=257 steerMode=0/-102 iSteer=7740 driveMode=-286835/-287751 iDrive=-249103 scale=0 wheel=-834429
run=1 step=2 angle=46582 target=46494 err=-88 steer=0 m1=-5592/-293298 i1=-241 m2=5593/293298 i2=261 steerMode=0/-136 iSteer=9909 driveMode=-293298/-293590 iDrive=-251073 scale=0 wheel=-853230
run=1 step=2 angle=46758 target=46494 err=-264 steer=0 m1=-5724/-299761 i1=-229 m2=5710/299761 i2=280 steerMode=0/-441 iSteer=25793 driveMode=-299761/-299381 iDrive=-254450 scale=0 wheel=-872031
run=1 step=2 angle=46934 target=46494 err=-439 steer=0 m1=-5837/-306155 i1=-247 m2=5830/306155 i2=267 steerMode=0/-123 iSteer=10194 driveMode=-306155/-305443 iDrive=-257031 scale=0 wheel=-890632
run=1 step=2 angle=46846 target=46494 err=-352 steer=0 m1=-5958/-312549 i1=-244 m2=5943/312549 i2=273 steerMode=0/-206 iSteer=14636 driveMode=-312549/-311828 iDrive=-258282 scale=0 wheel=-909233
run=1 step=2 angle=47021 target=46494 err=-527 steer=-105 m1=-6086/-319523 i1=-255 m2=6056/318363 i2=264 steerMode=-580/-583 iSteer=4822 driveMode=-318943/-318208 iDrive=-259520 scale=0 wheel=-927834
run=1 step=2 angle=46758 target=46494 err=-264 steer=0 m1=-6190/-325337 i1=-241 m2=6204/325337 i2=280 steerMode=0/-265 iSteer=19180 driveMode=-325337/-324637 iDrive=-260612 scale=0 wheel=-946435
run=1 step=2 angle=47021 target=46494 err=-527 steer=-75 m1=-6320/-332144 i1=-269 m2=6307/331319 i2=253 steerMode=-413/-131 iSteer=-8279 driveMode=-331731/-331187 iDrive=-260854 scale=0 wheel=-965036
run=1 step=2 angle=47021 target=46494 err=-527 steer=-100 m1=-6448/-338675 i1=-263 m2=6428/337575 i2=259 steerMode=-550/-384 iSteer=-1767 driveMode=-338125/-337682 iDrive=-261184 scale=0 wheel=-983637
run=1 step=2 angle=46758 target=46494 err=-264 steer=0 m1=-6557/-344519 i1=-251 m2=6585/344519 i2=273 steerMode=0/-88 iSteer=11194 driveMode=-344519/-344166 iDrive=-261775 scale=0 wheel=-1002238
run=1 step=2 angle=46934 target=46494 err=-439 steer=0 m1=-6676/-350913 i1=-254 m2=6685/350913 i2=269 steerMode=0/-1 iSteer=7458 driveMode=-350913/-350681 iDrive=-261715 scale=0 wheel=-1020839
run=1 step=2 angle=46934 target=46494 err=-439 steer=0 m1=-6837/-357375 i1=-226 m2=6813/357375 i2=294 steerMode=0/-524 iSteer=33870 driveMode=-357375/-357468 iDrive=-260268 scale=0 wheel=-1039636
run=1 step=2 angle=47197 target=46494 err=-703 steer=-141 m1=-6944/-364541 i1=-270 m2=6928/362994 i2=247 steerMode=-773/-384 iSteer=-11705 driveMode=-363767/-364120 iDrive=-258206 scale=0 wheel=-1058232
run=1 step=2 angle=47021 target=46494 err=-527 steer=-105 m1=-7088/-370739 i1=-231 m2=7062/369579 i2=282 steerMode=-580/-928 iSteer=25627 driveMode=-370159/-370659 iDrive=-256640 scale=0 wheel=-1076827
run=1 step=2 angle=46934 target=46494 err=-439 steer=-100 m1=-7205/-377104 i1=-250 m2=7190/375999 i2=263 steerMode=-553/-520 iSteer=6647 driveMode=-376552/-376957 iDrive=-256363 scale=0 wheel=-1095423
run=1 step=2 angle=47021 target=46494 err=-527 steer=-105 m1=-7297/-383524 i1=-247 m2=7292/382364 i2=272 steerMode=-580/-651 iSteer=12286 driveMode=-382944/-382728 iDrive=-259294 scale=0 wheel=-1114019
run=1 step=2 angle=46846 target=46494 err=-352 steer=0 m1=-7417/-389337 i1=-248 m2=7395/389337 i2=274 steerMode=0/-72 iSteer=12778 driveMode=-389337/-388920 iDrive=-261022 scale=0 wheel=-1132615
run=1 step=2 angle=47021 target=46494 err=-527 steer=-105 m1=-7538/-396309 i1=-270 m2=7525/395149 i2=254 steerMode=-580/-239 iSteer=-8021 driveMode=-395729/-395209 iDrive=-262417 scale=0 wheel=-1151211
run=1 step=2 angle=47021 target=46494 err=-527 steer=-105 m1=-7672/-402701 i1=-245 m2=7638/401541 i2=286 steerMode=-580/-807 iSteer=20879 driveMode=-402121/-401238 iDrive=-265599 scale=0 wheel=-1169807
run=1 step=2 angle=47021 target=46494 err=-527 steer=-45 m1=-7781/-408761 i1=-249 m2=7765/408266 i2=286 steerMode=-248/-411 iSteer=18202 driveMode=-408514/-407600 iDrive=-267461 scale=0 wheel=-1188403
run=1 step=2 angle=46846 target=46494 err=-352 steer=0 m1=-7894/-414906 i1=-254 m2=7884/414906 i2=287 steerMode=0/-131 iSteer=16516 driveMode=-414906/-413828 iDrive=-270259 scale=0 wheel=-1206999
run=1 step=2 angle=47109 target=46494 err=-615 steer=-115 m1=-8011/-421933 i1=-264 m2=7983/420663 i2=283 steerMode=-635/-623 iSteer=9177 driveMode=-421298/-420005 iDrive=-273526 scale=0 wheel=-1225595
run=1 step=2 angle=47021 target=46494 err=-527 steer=-10 m1=-8135/-427746 i1=-250 m2=8131/427636 i2=298 steerMode=-55/-331 iSteer=24039 driveMode=-427691/-426633 iDrive=-274349 scale=0 wheel=-1244191
run=1 step=2 angle=47021 target=46494 err=-527 steer=-50 m1=-8268/-434361 i1=-246 m2=8234/433805 i2=307 steerMode=-278/-688 iSteer=30373 driveMode=-434083/-433042 iDrive=-276230 scale=0 wheel=-1262787
run=1 step=2 angle=46934 target=46494 err=-439 steer=-100 m1=-8381/-441028 i1=-265 m2=8357/439923 i2=293 steerMode=-553/-639 iSteer=14277 driveMode=-440475/-439297 iDrive=-278864 scale=0 wheel=-1281383
run=1 step=2 angle=46934 target=46494 err=-439 steer=-100 m1=-8503/-447420 i1=-255 m2=8470/446315 i2=310 steerMode=-553/-899 iSteer=27808 driveMode=-446868/-445429 iDrive=-282435 scale=0 wheel=-1299979
run=1 step=2 angle=47021 target=46494 err=-527 steer=-60 m1=-8595/-453590 i1=-265 m2=8575/452930 i2=316 steerMode=-330/-612 iSteer=25397 driveMode=-453260/-450919 iDrive=-290721 scale=0 wheel=-1318575
run=1 step=2 angle=46846 target=46494 err=-352 steer=0 m1=-8704/-459652 i1=-272 m2=8699/459652 i2=325 steerMode=0/-295 iSteer=26463 driveMode=-459652/-456673 iDrive=-298843 scale=0 wheel=-1337171
run=1 step=2 angle=46846 target=46494 err=-352 steer=-85 m1=-8817/-466512 i1=-302 m2=8799/465577 i2=311 steerMode=-468/-314 iSteer=4337 driveMode=-466045/-462632 iDrive=-306685 scale=0 wheel=-1355767
run=1 step=2 angle=47021 target=46494 err=-527 steer=-70 m1=-8944/-469000 i1=-279 m2=8920/468225 i2=303 steerMode=-388/-381 iSteer=12296 driveMode=-468612/-469136 iDrive=-291006 scale=0 wheel=-1363236
run=1 step=2 angle=47109 target=46494 err=-615 steer=-110 m1=-9039/-469000 i1=-245 m2=8994/467785 i2=278 steerMode=-608/-688 iSteer=16672 driveMode=-468392/-473687 iDrive=-261267 scale=0 wheel=-1362596
run=1 step=2 angle=47021 target=46494 err=-527 steer=-35 m1=-9070/-469000 i1=-210 m2=9054/468615 i2=266 steerMode=-193/-491 iSteer=28112 driveMode=-468808/-476319 iDrive=-237935 scale=0 wheel=-1363804
run=1 step=2 angle=47197 target=46494 err=-703 steer=-141 m1=-9087/-469000 i1=-200 m2=9061/467453 i2=228 steerMode=-773/-790 iSteer=13889 driveMode=-468227/-477319 iDrive=-213996 scale=0 wheel=-1362114
run=1 step=2 angle=47109 target=46494 err=-615 steer=-123 m1=-9070/-469000 i1=-183 m2=9038/467647 i2=215 steerMode=-677/-726 iSteer=16218 driveMode=-468323/-477125 iDrive=-198898 scale=0 wheel=-1362395
run=1 step=2 angle=46934 target=46494 err=-439 steer=-100 m1=-9055/-469000 i1=-189 m2=9035/467895 i2=188 steerMode=-553/-252 iSteer=-743 driveMode=-468447/-476377 iDrive=-188421 scale=0 wheel=-1362756
run=1 step=2 angle=47021 target=46494 err=-527 steer=-105 m1=-9036/-469000 i1=-174 m2=9004/467840 i2=188 steerMode=-580/-427 iSteer=7213 driveMode=-468420/-475187 iDrive=-181260 scale=0 wheel=-1362676
run=1 step=2 angle=47021 target=46494 err=-527 steer=-60 m1=-9007/-469000 i1=-164 m2=8994/468340 i2=193 steerMode=-330/-314 iSteer=14213 driveMode=-468670/-473813 iDrive=-178504 scale=0 wheel=-1363404
run=1 step=2 angle=47021 target=46494 err=-527 steer=-90 m1=-8982/-469000 i1=-158 m2=8958/468005 i2=195 steerMode=-498/-572 iSteer=18449 driveMode=-468502/-472335 iDrive=-176440 scale=0 wheel=-1362916
run=1 step=2 angle=46934 target=46494 err=-439 steer=-70 m1=-8940/-469000 i1=-161 m2=8929/468225 i2=198 steerMode=-388/-461 iSteer=18435 driveMode=-468612/-470746 iDrive=-179074 scale=0 wheel=-1363236
run=1 step=2 angle=47197 target=46494 err=-703 steer=-146 m1=-8932/-469000 i1=-170 m2=8912/467398 i2=188 steerMode=-801/-692 iSteer=9027 driveMode=-468199/-469729 iDrive=-178836 scale=0 wheel=-1362034
run=1 step=2 angle=47109 target=46494 err=-615 steer=-123 m1=-8898/-469000 i1=-176 m2=8874/467647 i2=193 steerMode=-677/-544 iSteer=8156 driveMode=-468323/-468531 iDrive=-184540 scale=0 wheel=-1362395
run=1 step=2 angle=46934 target=46494 err=-439 steer=0 m1=-8892/-469000 i1=-160 m2=8872/468995 i2=225 steerMode=-3/-365 iSteer=32505 driveMode=-468997/-467771 iDrive=-192306 scale=0 wheel=-1364356
run=1 step=2 angle=47197 target=46494 err=-703 steer=-141 m1=-8882/-469000 i1=-184 m2=8870/467453 i2=202 steerMode=-773/-668 iSteer=9083 driveMode=-468227/-467236 iDrive=-192822 scale=0 wheel=-1362114
run=1 step=2 angle=47021 target=46494 err=-527 steer=-105 m1=-8875/-469000 i1=-186 m2=8864/467840 i2=210 steerMode=-580/-528 iSteer=11878 driveMode=-468420/-466916 iDrive=-197954 scale=0 wheel=-1362676
run=1 step=2 angle=47109 target=46494 err=-615 steer=-123 m1=-8886/-469000 i1=-187 m2=8872/467647 i2=213 steerMode=-677/-642 iSteer=12686 driveMode=-468323/-467023 iDrive=-199928 scale=0 wheel=-1362395
run=1 step=2 angle=47197 target=46494 err=-703 steer=-128 m1=-8892/-469000 i1=-193 m2=8858/467592 i2=213 steerMode=-704/-625 iSteer=10105 driveMode=-468296/-466887 iDrive=-203084 scale=0 wheel=-1362315
run=1 step=2 angle=47021 target=46494 err=-527 steer=-105 m1=-8890/-469000 i1=-192 m2=8868/467840 i2=218 steerMode=-580/-555 iSteer=12836 driveMode=-468420/-467115 iDrive=-205085 scale=0 wheel=-1362676
run=1 step=2 angle=46934 target=46494 err=-439 steer=-5 m1=-8894/-469000 i1=-189 m2=8893/468945 i2=227 steerMode=-28/-117 iSteer=19318 driveMode=-468973/-467591 iDrive=-208000 scale=0 wheel=-1364284
run=1 step=2 angle=47373 target=46494 err=-879 steer=-163 m1=-8915/-469000 i1=-204 m2=8878/467205 i2=202 steerMode=-898/-595 iSteer=-1098 driveMode=-468102/-467980 iDrive=-203142 scale=0 wheel=-1361753
run=1 step=2 angle=47197 target=46494 err=-703 steer=-141 m1=-8915/-469000 i1=-183 m2=8881/467453 i2=225 steerMode=-773/-913 iSteer=21187 driveMode=-468227/-468072 iDrive=-203758 scale=0 wheel=-1362114
run=1 step=2 angle=47021 target=46494 err=-527 steer=-65 m1=-8909/-469000 i1=-188 m2=8897/468280 i2=224 steerMode=-360/-442 iSteer=18293 driveMode=-468640/-468152 iDrive=-205842 scale=0 wheel=-1363316
run=1 step=2 angle=47109 target=46494 err=-615 steer=-118 m1=-8907/-469000 i1=-198 m2=8902/467702 i2=210 steerMode=-649/-483 iSteer=6013 driveMode=-468351/-468395 iDrive=-203534 scale=0 wheel=-1362475
run=1 step=2 angle=47021 target=46494 err=-527 steer=-105 m1=-8907/-469000 i1=-187 m2=8908/467840 i2=218 steerMode=-580/-608 iSteer=15439 driveMode=-468420/-468530 iDrive=-202864 scale=0 wheel=-1362676
run=1 step=2 angle=47021 target=46494 err=-527 steer=-105 m1=-8915/-469000 i1=-188 m2=8904/467840 i2=213 steerMode=-580/-548 iSteer=12561 driveMode=-468420/-468822 iDrive=-200848 scale=0 wheel=-1362676
run=1 step=2 angle=47021 target=46494 err=-527 steer=-35 m1=-8909/-469000 i1=-182 m2=8902/468615 i2=222 steerMode=-193/-312 iSteer=20117 driveMode=-468808/-468833 iDrive=-202339 scale=0 wheel=-1363804
run=1 step=2 angle=46934 target=46494 err=-439 steer=-50 m1=-8913/-469000 i1=-180 m2=8899/468445 i2=221 steerMode=-278/-413 iSteer=20474 driveMode=-468722/-468930 iDrive=-200539 scale=0 wheel=-1363556
run=1 step=2 angle=47197 target=46494 err=-703 steer=-141 m1=-8921/-469000 i1=-189 m2=8904/467453 i2=206 steerMode=-773/-669 iSteer=8596 driveMode=-468227/-468923 iDrive=-197238 scale=0 wheel=-1362114
run=1 step=2 angle=47197 target=46494 err=-703 steer=-138 m1=-8930/-469000 i1=-186 m2=8912/467481 i2=205 steerMode=-759/-671 iSteer=9611 driveMode=-468241/-469069 iDrive=-195372 scale=0 wheel=-1362155
run=1 step=2 angle=47197 target=46494 err=-703 steer=-143 m1=-8926/-469000 i1=-178 m2=8897/467425 i2=210 steerMode=-788/-833 iSteer=16302 driveMode=-468212/-469065 iDrive=-193887 scale=0 wheel=-1362072
run=1 step=2 angle=46846 target=46494 err=-352 steer=0 m1=-8915/-469000 i1=-166 m2=8902/469000 i2=230 steerMode=0/-348 iSteer=31687 driveMode=-469000/-468838 iDrive=-198186 scale=0 wheel=-1364364
run=1 step=2 angle=47021 target=46494 err=-527 steer=-105 m1=-8917/-469000 i1=-192 m2=8904/467840 i2=199 steerMode=-580/-369 iSteer=3546 driveMode=-468420/-468752 iDrive=-195275 scale=0 wheel=-1362676
run=1 step=2 angle=47109 target=46494 err=-615 steer=-123 m1=-8923/-469000 i1=-188 m2=8895/467647 i2=199 steerMode=-677/-507 iSteer=5779 driveMode=-468323/-468885 iDrive=-193686 scale=0 wheel=-1362395
run=1 step=2 angle=47109 target=46494 err=-615 steer=-123 m1=-8921/-469000 i1=-180 m2=8883/467647 i2=208 steerMode=-677/-676 iSteer=13887 driveMode=-468323/-468666 iDrive=-193808 scale=0 wheel=-1362395
run=1 step=2 angle=47197 target=46494 err=-703 steer=-141 m1=-8917/-469000 i1=-177 m2=8881/467453 i2=210 steerMode=-773/-832 iSteer=16602 driveMode=-468227/-468552 iDrive=-193330 scale=0 wheel=-1362114
run=1 step=2 angle=47021 target=46494 err=-527 steer=-105 m1=-8898/-469000 i1=-184 m2=8881/467840 i2=210 steerMode=-580/-559 iSteer=12891 driveMode=-468420/-467920 iDrive=-197367 scale=0 wheel=-1362676
run=1 step=2 angle=47197 target=46494 err=-703 steer=-131 m1=-8900/-469000 i1=-177 m2=8883/467563 i2=217 steerMode=-718/-852 iSteer=20452 driveMode=-468282/-467930 iDrive=-197013 scale=0 wheel=-1362274
run=1 step=2 angle=47197 target=46494 err=-703 steer=-138 m1=-8896/-469000 i1=-197 m2=8870/467481 i2=198 steerMode=-759/-498 iSteer=397 driveMode=-468241/-467936 iDrive=-197371 scale=0 wheel=-1362155
run=1 step=2 angle=47109 target=46494 err=-615 steer=-123 m1=-8903/-469000 i1=-184 m2=8878/467647 i2=212 steerMode=-677/-695 iSteer=14071 driveMode=-468323/-468090 iDrive=-197627 scale=0 wheel=-1362395
run=1 step=2 angle=47109 target=46494 err=-615 steer=-100 m1=-8905/-469000 i1=-195 m2=8874/467895 i2=203 steerMode=-553/-383 iSteer=4254 driveMode=-468447/-468080 iDrive=-198820 scale=0 wheel=-1362756
run=1 step=2 angle=47021 target=46494 err=-527 steer=-105 m1=-8905/-469000 i1=-196 m2=8883/467840 i2=201 steerMode=-580/-381 iSteer=2489 driveMode=-468420/-468152 iDrive=-198655 scale=0 wheel=-1362676
run=1 step=2 angle=47197 target=46494 err=-703 steer=-131 m1=-8913/-469000 i1=-189 m2=8876/467563 i2=205 steerMode=-718/-635 iSteer=7980 driveMode=-468282/-468347 iDrive=-197162 scale=0 wheel=-1362274
run=1 step=2 angle=47021 target=46494 err=-527 steer=-113 m1=-8903/-469000 i1=-182 m2=8876/467756 i2=215 steerMode=-622/-715 iSteer=16805 driveMode=-468378/-468211 iDrive=-198369 scale=0 wheel=-1362555
run=1 step=2 angle=47021 target=46494 err=-527 steer=-118 m1=-8909/-469000 i1=-183 m2=8870/467702 i2=214 steerMode=-649/-723 iSteer=15417 driveMode=-468351/-468205 iDrive=-198540 scale=0 wheel=-1362475
run=1 step=2 angle=46758 target=46494 err=-264 steer=0 m1=-8892/-469000 i1=-178 m2=8883/468995 i2=226 steerMode=-3/-248 iSteer=23690 driveMode=-468997/-468213 iDrive=-202051 scale=0 wheel=-1364356
run=1 step=2 angle=47021 target=46494 err=-527 steer=-108 m1=-8898/-469000 i1=-187 m2=8881/467811 i2=211 steerMode=-594/-616 iSteer=12419 driveMode=-468406/-468308 iDrive=-198973 scale=0 wheel=-1362635
run=1 step=2 angle=47021 target=46494 err=-527 steer=-105 m1=-8896/-469000 i1=-193 m2=8899/467840 i2=203 steerMode=-580/-455 iSteer=5275 driveMode=-468420/-468553 iDrive=-197970 scale=0 wheel=-1362676
run=1 step=2 angle=47109 target=46494 err=-615 steer=-123 m1=-8909/-469000 i1=-183 m2=8897/467647 i2=209 steerMode=-677/-709 iSteer=12832 driveMode=-468323/-468728 iDrive=-196081 scale=0 wheel=-1362395
run=1 step=2 angle=47109 target=46494 err=-615 steer=-123 m1=-8905/-469000 i1=-191 m2=8885/467647 i2=203 steerMode=-677/-576 iSteer=5983 driveMode=-468323/-468467 iDrive=-197061 scale=0 wheel=-1362395
run=1 step=2 angle=46934 target=46494 err=-439 steer=-95 m1=-8896/-469000 i1=-200 m2=8899/467950 i2=195 steerMode=-525/-256 iSteer=-2774 driveMode=-468475/-468504 iDrive=-197480 scale=0 wheel=-1362836
run=1 step=2 angle=47021 target=46494 err=-527 steer=-118 m1=-8898/-469000 i1=-190 m2=8885/467702 i2=204 steerMode=-649/-578 iSteer=6909 driveMode=-468351/-468451 iDrive=-197215 scale=0 wheel=-1362475
run=1 step=2 angle=47109 target=46494 err=-615 steer=-123 m1=-8896/-469000 i1=-194 m2=8899/467647 i2=200 steerMode=-677/-523 iSteer=2786 driveMode=-468323/-468479 iDrive=-196899 scale=0 wheel=-1362395
run=1 step=2 angle=47021 target=46494 err=-527 steer=-105 m1=-8898/-469000 i1=-180 m2=8883/467840 i2=216 steerMode=-580/-736 iSteer=18152 driveMode=-468420/-468347 iDrive=-198120 scale=0 wheel=-1362676
run=1 step=2 angle=46934 target=46494 err=-439 steer=-15 m1=-8898/-469000 i1=-175 m2=8883/468830 i2=227 steerMode=-85/-399 iSteer=25921 driveMode=-468915/-468335 iDrive=-200832 scale=0 wheel=-1364116
run=1 step=2 angle=47021 target=46494 err=-527 steer=-108 m1=-8900/-469000 i1=-190 m2=8881/467811 i2=207 steerMode=-594/-567 iSteer=8513 driveMode=-468406/-468243 iDrive=-198965 scale=0 wheel=-1362635
run=1 step=2 angle=47197 target=46494 err=-703 steer=-141 m1=-8909/-469000 i1=-188 m2=8887/467453 i2=212 steerMode=-773/-814 iSteer=12146 driveMode=-468227/-467951 iDrive=-200211 scale=0 wheel=-1362114
run=1 step=2 angle=47021 target=46494 err=-527 steer=-5 m1=-8905/-469000 i1=-191 m2=8904/468945 i2=217 steerMode=-28/-72 iSteer=13069 driveMode=-468973/-468269 iDrive=-203966 scale=0 wheel=-1364284
STEP_OK: step=2 target=-1400 cmd=-1362676 measured=-1362777 angleErr=-439
STOP: staircase complete
