START: angle=259717 target=259717 wheelTarget=25 step=0 count=4
run=1 step=0 angle=259717 target=259717 err=0 steer=0 m1=0/6875 i1=41 m2=0/-6875 i2=-41 steerMode=0/0 iSteer=0 driveMode=6875/0 iDrive=41333 wheel=20000
run=1 step=0 angle=259717 target=259717 err=0 steer=0 m1=0/8594 i1=66 m2=0/-8594 i2=-66 steerMode=0/1 iSteer=-48 driveMode=8594/2 iDrive=66233 wheel=25000
run=1 step=0 angle=259717 target=259717 err=0 steer=0 m1=0/8594 i1=84 m2=0/-8594 i2=-82 steerMode=0/-13 iSteer=670 driveMode=8594/13 iDrive=82833 wheel=25000
run=1 step=0 angle=259717 target=259717 err=0 steer=0 m1=0/8594 i1=100 m2=0/-8594 i2=-100 steerMode=0/0 iSteer=35 driveMode=8594/0 iDrive=99564 wheel=25000
run=1 step=0 angle=259717 target=259717 err=0 steer=0 m1=0/8594 i1=116 m2=0/-8594 i2=-116 steerMode=0/-4 iSteer=250 driveMode=8594/4 iDrive=116199 wheel=25000
run=1 step=0 angle=259717 target=259717 err=0 steer=0 m1=0/8594 i1=133 m2=0/-8594 i2=-132 steerMode=0/-12 iSteer=655 driveMode=8594/13 iDrive=132812 wheel=25000
run=1 step=0 angle=259717 target=259717 err=0 steer=0 m1=0/8594 i1=150 m2=-5/-8594 i2=-149 steerMode=0/-14 iSteer=763 driveMode=8594/12 iDrive=149316 wheel=25000
run=1 step=0 angle=259717 target=259717 err=0 steer=0 m1=2/8594 i1=165 m2=0/-8594 i2=-166 steerMode=0/12 iSteer=-516 driveMode=8594/15 iDrive=165773 wheel=25000
run=1 step=0 angle=259717 target=259717 err=0 steer=0 m1=0/8594 i1=182 m2=0/-8594 i2=-182 steerMode=0/0 iSteer=63 driveMode=8594/0 iDrive=182341 wheel=25000
run=1 step=0 angle=259717 target=259717 err=0 steer=0 m1=0/8594 i1=198 m2=0/-8594 i2=-199 steerMode=0/12 iSteer=-514 driveMode=8594/12 iDrive=198942 wheel=25000
run=1 step=0 angle=259717 target=259717 err=0 steer=0 m1=0/8594 i1=216 m2=-3/-8594 i2=-215 steerMode=0/-11 iSteer=643 driveMode=8594/10 iDrive=215464 wheel=25000
run=1 step=0 angle=259717 target=259717 err=0 steer=0 m1=0/8594 i1=233 m2=0/-8594 i2=-231 steerMode=0/-11 iSteer=659 driveMode=8594/-11 iDrive=232071 wheel=25000
run=1 step=0 angle=259717 target=259717 err=0 steer=0 m1=0/8594 i1=249 m2=0/-8594 i2=-248 steerMode=0/-16 iSteer=913 driveMode=8594/16 iDrive=248421 wheel=25000
run=1 step=0 angle=259717 target=259717 err=0 steer=0 m1=0/8594 i1=265 m2=0/-8594 i2=-265 steerMode=0/0 iSteer=147 driveMode=8594/0 iDrive=264995 wheel=25000
run=1 step=0 angle=259717 target=259717 err=0 steer=0 m1=0/8594 i1=283 m2=0/-8594 i2=-280 steerMode=0/-28 iSteer=1551 driveMode=8594/28 iDrive=281508 wheel=25000
run=1 step=0 angle=259717 target=259717 err=0 steer=0 m1=0/8594 i1=298 m2=0/-8594 i2=-298 steerMode=0/0 iSteer=178 driveMode=8594/0 iDrive=298138 wheel=25000
run=1 step=0 angle=259717 target=259717 err=0 steer=0 m1=0/8594 i1=316 m2=0/-8594 i2=-314 steerMode=0/-19 iSteer=1145 driveMode=8594/25 iDrive=314670 wheel=25000
run=1 step=0 angle=259717 target=259717 err=0 steer=0 m1=2/8594 i1=331 m2=0/-8594 i2=-332 steerMode=0/9 iSteer=-272 driveMode=8594/10 iDrive=331241 wheel=25000
run=1 step=0 angle=259980 target=259717 err=-264 steer=0 m1=62/8594 i1=263 m2=-3/-8594 i2=-415 steerMode=0/1506 iSteer=-76058 driveMode=8594/1641 iDrive=338748 wheel=25000
run=1 step=0 angle=260332 target=259717 err=-615 steer=-62 m1=163/8255 i1=308 m2=-216/-8932 i2=-309 steerMode=-338/-375 iSteer=-538 driveMode=8594/8986 iDrive=308883 wheel=25000
run=1 step=0 angle=260332 target=259717 err=-615 steer=-62 m1=334/8255 i1=219 m2=-329/-8932 i2=-313 steerMode=-338/545 iSteer=-47251 driveMode=8594/15951 iDrive=265924 wheel=25000
run=1 step=0 angle=260420 target=259717 err=-703 steer=-70 m1=389/8207 i1=213 m2=-429/-8980 i2=-241 steerMode=-387/-187 iSteer=-14172 driveMode=8594/20092 iDrive=226769 wheel=25000
run=1 step=0 angle=260508 target=259717 err=-791 steer=-79 m1=433/8159 i1=171 m2=-390/-9029 i2=-217 steerMode=-435/-80 iSteer=-22859 driveMode=8594/21850 iDrive=194263 wheel=25000
run=1 step=0 angle=260508 target=259717 err=-791 steer=-79 m1=431/8159 i1=129 m2=-404/-9029 i2=-207 steerMode=-435/232 iSteer=-39175 driveMode=8594/21933 iDrive=168178 wheel=25000
run=1 step=0 angle=260596 target=259717 err=-879 steer=-88 m1=343/8110 i1=121 m2=-342/-9077 i2=-188 steerMode=-483/43 iSteer=-33531 driveMode=8594/19944 iDrive=154622 wheel=25000
run=1 step=0 angle=260596 target=259717 err=-879 steer=-88 m1=305/8110 i1=127 m2=-331/-9077 i2=-166 steerMode=-483/-256 iSteer=-19107 driveMode=8594/17709 iDrive=146455 wheel=25000
run=1 step=0 angle=260596 target=259717 err=-879 steer=-88 m1=292/8110 i1=139 m2=-319/-9077 i2=-145 steerMode=-483/-585 iSteer=-3253 driveMode=8594/15613 iDrive=142118 wheel=25000
run=1 step=0 angle=260508 target=259717 err=-791 steer=-79 m1=301/8159 i1=118 m2=-325/-9029 i2=-156 steerMode=-435/-224 iSteer=-18968 driveMode=8594/14183 iDrive=137454 wheel=25000
run=1 step=0 angle=260508 target=259717 err=-791 steer=-79 m1=236/8159 i1=120 m2=-193/-9029 i2=-158 steerMode=-435/-224 iSteer=-19406 driveMode=8594/12106 iDrive=138970 wheel=25000
run=1 step=0 angle=260508 target=259717 err=-791 steer=-79 m1=198/8159 i1=121 m2=-172/-9029 i2=-159 steerMode=-435/-250 iSteer=-18958 driveMode=8594/10782 iDrive=140368 wheel=25000
run=1 step=0 angle=260508 target=259717 err=-791 steer=-79 m1=215/8159 i1=120 m2=-216/-9029 i2=-162 steerMode=-435/-213 iSteer=-21142 driveMode=8594/9950 iDrive=141256 wheel=25000
run=1 step=0 angle=260508 target=259717 err=-791 steer=-79 m1=184/8159 i1=118 m2=-164/-9029 i2=-169 steerMode=-435/-137 iSteer=-25413 driveMode=8594/9177 iDrive=143405 wheel=25000
run=1 step=0 angle=260420 target=259717 err=-703 steer=-70 m1=196/8207 i1=117 m2=-155/-8980 i2=-178 steerMode=-387/-6 iSteer=-30498 driveMode=8594/8371 iDrive=147662 wheel=25000
run=1 step=0 angle=260332 target=259717 err=-615 steer=-62 m1=131/8255 i1=152 m2=-201/-8932 i2=-146 steerMode=-338/-641 iSteer=3283 driveMode=8594/8186 iDrive=148964 wheel=25000
run=1 step=0 angle=260244 target=259717 err=-527 steer=-43 m1=110/8359 i1=116 m2=-97/-8829 i2=-207 steerMode=-235/410 iSteer=-45080 driveMode=8594/6210 iDrive=161497 wheel=25000
run=1 step=0 angle=260156 target=259717 err=-439 steer=0 m1=92/8594 i1=173 m2=-137/-8594 i2=-165 steerMode=0/-348 iSteer=4439 driveMode=8594/5714 iDrive=168970 wheel=25000
run=1 step=0 angle=260244 target=259717 err=-527 steer=-53 m1=79/8304 i1=149 m2=-139/-8884 i2=-193 steerMode=-290/-116 iSteer=-22026 driveMode=8594/6300 iDrive=171029 wheel=25000
run=1 step=0 angle=260156 target=259717 err=-439 steer=0 m1=110/8594 i1=160 m2=-90/-8594 i2=-199 steerMode=0/138 iSteer=-19766 driveMode=8594/5652 iDrive=179432 wheel=25000
STEP_OK: step=0 target=25 measured=18324 angleErr=-439
STEP_START: step=1 target=30
run=1 step=1 angle=260156 target=259717 err=-439 steer=0 m1=123/8594 i1=163 m2=-90/-8594 i2=-198 steerMode=0/101 iSteer=-17518 driveMode=8594/6299 iDrive=180818 wheel=25000
run=1 step=1 angle=260156 target=259717 err=-439 steer=0 m1=29/6050 i1=91 m2=20/-6050 i2=30 steerMode=0/-1192 iSteer=60297 driveMode=6050/9 iDrive=30561 wheel=17600
run=1 step=1 angle=260156 target=259717 err=-439 steer=0 m1=0/10313 i1=71 m2=0/-10313 i2=-67 steerMode=0/-18 iSteer=1800 driveMode=10313/2 iDrive=68957 wheel=30000
run=1 step=1 angle=260156 target=259717 err=-439 steer=0 m1=0/10313 i1=90 m2=0/-10313 i2=-88 steerMode=0/-3 iSteer=1081 driveMode=10313/3 iDrive=88739 wheel=30000
run=1 step=1 angle=260156 target=259717 err=-439 steer=0 m1=0/10313 i1=110 m2=0/-10313 i2=-107 steerMode=0/-3 iSteer=1109 driveMode=10313/3 iDrive=108524 wheel=30000
run=1 step=1 angle=260156 target=259717 err=-439 steer=0 m1=0/10313 i1=129 m2=0/-10313 i2=-127 steerMode=0/-4 iSteer=1172 driveMode=10313/4 iDrive=128301 wheel=30000
run=1 step=1 angle=260156 target=259717 err=-439 steer=0 m1=0/10313 i1=151 m2=0/-10313 i2=-145 steerMode=0/-40 iSteer=2978 driveMode=10313/40 iDrive=147909 wheel=30000
run=1 step=1 angle=260156 target=259717 err=-439 steer=0 m1=0/10313 i1=169 m2=0/-10313 i2=-167 steerMode=0/-1 iSteer=1054 driveMode=10313/-1 iDrive=167902 wheel=30000
run=1 step=1 angle=260156 target=259717 err=-439 steer=0 m1=0/10313 i1=189 m2=0/-10313 i2=-186 steerMode=0/-7 iSteer=1343 driveMode=10313/7 iDrive=187644 wheel=30000
run=1 step=1 angle=260156 target=259717 err=-439 steer=0 m1=0/10313 i1=209 m2=0/-10313 i2=-205 steerMode=0/-18 iSteer=1928 driveMode=10313/15 iDrive=207400 wheel=30000
run=1 step=1 angle=260156 target=259717 err=-439 steer=0 m1=0/10313 i1=229 m2=0/-10313 i2=-225 steerMode=0/-15 iSteer=1761 driveMode=10313/15 iDrive=227177 wheel=30000
run=1 step=1 angle=260156 target=259717 err=-439 steer=0 m1=0/10313 i1=248 m2=0/-10313 i2=-245 steerMode=0/-9 iSteer=1508 driveMode=10313/12 iDrive=246964 wheel=30000
run=1 step=1 angle=260156 target=259717 err=-439 steer=0 m1=0/10313 i1=269 m2=0/-10313 i2=-264 steerMode=0/-23 iSteer=2223 driveMode=10313/23 iDrive=266693 wheel=30000
run=1 step=1 angle=260156 target=259717 err=-439 steer=0 m1=0/10313 i1=288 m2=0/-10313 i2=-285 steerMode=0/-4 iSteer=1265 driveMode=10313/4 iDrive=286566 wheel=30000
run=1 step=1 angle=260156 target=259717 err=-439 steer=0 m1=0/10313 i1=312 m2=-9/-10313 i2=-299 steerMode=0/-105 iSteer=6407 driveMode=10313/105 iDrive=305805 wheel=30000
run=1 step=1 angle=259980 target=259717 err=-264 steer=0 m1=0/10313 i1=418 m2=-65/-10313 i2=-210 steerMode=0/-2006 iSteer=103998 driveMode=10313/1996 iDrive=313559 wheel=30000
run=1 step=1 angle=259365 target=259717 err=352 steer=0 m1=0/10313 i1=459 m2=-76/-10313 i2=-195 steerMode=0/-2487 iSteer=132157 driveMode=10313/2478 iDrive=326658 wheel=30000
run=1 step=1 angle=258574 target=259717 err=1143 steer=114 m1=0/10941 i1=474 m2=-143/-9684 i2=-219 steerMode=628/-1671 iSteer=127501 driveMode=10313/1640 iDrive=346553 wheel=30000
run=1 step=1 angle=257520 target=259717 err=2197 steer=220 m1=0/11521 i1=561 m2=-134/-9104 i2=-154 steerMode=1208/-2489 iSteer=203790 driveMode=10313/2494 iDrive=357299 wheel=30000
run=1 step=1 angle=257168 target=259717 err=2549 steer=255 m1=0/11714 i1=495 m2=4/-8911 i2=-276 steerMode=1402/-300 iSteer=109051 driveMode=10313/286 iDrive=385462 wheel=30000
run=1 step=1 angle=257168 target=259717 err=2549 steer=255 m1=0/11714 i1=503 m2=0/-8911 i2=-309 steerMode=1402/-5 iSteer=97086 driveMode=10313/5 iDrive=406345 wheel=30000
run=1 step=1 angle=257168 target=259717 err=2549 steer=255 m1=0/11714 i1=526 m2=0/-8911 i2=-326 steerMode=1402/-12 iSteer=100139 driveMode=10313/12 iDrive=426105 wheel=30000
run=1 step=1 angle=257168 target=259717 err=2549 steer=255 m1=0/11714 i1=548 m2=0/-8911 i2=-344 steerMode=1402/0 iSteer=102207 driveMode=10313/0 iDrive=445754 wheel=30000
run=1 step=1 angle=257168 target=259717 err=2549 steer=255 m1=0/11714 i1=571 m2=0/-8911 i2=-360 steerMode=1402/-8 iSteer=105285 driveMode=10313/8 iDrive=465511 wheel=30000
run=1 step=1 angle=257168 target=259717 err=2549 steer=255 m1=0/11714 i1=593 m2=0/-8911 i2=-378 steerMode=1402/0 iSteer=107586 driveMode=10313/0 iDrive=485133 wheel=30000
run=1 step=1 angle=257168 target=259717 err=2549 steer=255 m1=0/11714 i1=616 m2=-5/-8911 i2=-393 steerMode=1402/-25 iSteer=111548 driveMode=10313/25 iDrive=504784 wheel=30000
run=1 step=1 angle=256289 target=259717 err=3428 steer=343 m1=0/12198 i1=787 m2=-145/-8427 i2=-229 steerMode=1885/-2791 iSteer=279235 driveMode=10313/2805 iDrive=508168 wheel=30000
run=1 step=1 angle=255146 target=259717 err=4570 steer=457 m1=-3/12826 i1=843 m2=-137/-7799 i2=-201 steerMode=2514/-2797 iSteer=321062 driveMode=10313/2801 iDrive=521911 wheel=30000
run=1 step=1 angle=253477 target=259717 err=6240 steer=500 m1=205/13063 i1=744 m2=-70/-7563 i2=-299 steerMode=2750/-369 iSteer=222372 driveMode=10313/5361 iDrive=521830 wheel=30000
run=1 step=1 angle=255498 target=259717 err=4219 steer=422 m1=573/12633 i1=377 m2=-429/-7992 i2=-472 steerMode=2320/4540 iSteer=-47671 driveMode=10313/23258 iDrive=424530 wheel=30000
run=1 step=1 angle=256904 target=259717 err=2813 steer=285 m1=751/11880 i1=323 m2=-645/-8745 i2=-333 steerMode=1568/2887 iSteer=-5097 driveMode=10313/35102 iDrive=328011 wheel=30000
run=1 step=1 angle=258047 target=259717 err=1670 steer=167 m1=834/11231 i1=236 m2=-758/-9394 i2=-261 steerMode=918/2322 iSteer=-12084 driveMode=10313/40397 iDrive=248571 wheel=30000
run=1 step=1 angle=258838 target=259717 err=879 steer=88 m1=818/10796 i1=162 m2=-735/-9829 i2=-206 steerMode=483/2030 iSteer=-21894 driveMode=10313/41546 iDrive=184013 wheel=30000
run=1 step=1 angle=259453 target=259717 err=264 steer=0 m1=786/10313 i1=120 m2=-720/-10313 i2=-151 steerMode=0/1368 iSteer=-15741 driveMode=10313/39629 iDrive=135720 wheel=30000
run=1 step=1 angle=259805 target=259717 err=-88 steer=0 m1=646/10313 i1=126 m2=-630/-10313 i2=-94 steerMode=0/689 iSteer=16189 driveMode=10313/34611 iDrive=109822 wheel=30000
run=1 step=1 angle=260244 target=259717 err=-527 steer=-53 m1=554/10022 i1=85 m2=-499/-10603 i2=-107 steerMode=-290/907 iSteer=-10978 driveMode=10313/29138 iDrive=96331 wheel=30000
run=1 step=1 angle=260508 target=259717 err=-791 steer=-79 m1=424/9877 i1=91 m2=-429/-10748 i2=-89 steerMode=-435/484 iSteer=1134 driveMode=10313/24158 iDrive=90026 wheel=30000
run=1 step=1 angle=260771 target=259717 err=-1055 steer=-105 m1=370/9732 i1=105 m2=-327/-10893 i2=-87 steerMode=-580/148 iSteer=9121 driveMode=10313/18751 iDrive=96287 wheel=30000
run=1 step=1 angle=260947 target=259717 err=-1230 steer=-123 m1=274/9636 i1=117 m2=-298/-10989 i2=-100 steerMode=-677/30 iSteer=8354 driveMode=10313/14024 iDrive=108436 wheel=30000
run=1 step=1 angle=261123 target=259717 err=-1406 steer=-141 m1=198/9539 i1=134 m2=-176/-11086 i2=-111 steerMode=-773/-164 iSteer=11836 driveMode=10313/10525 iDrive=122339 wheel=30000
run=1 step=1 angle=261123 target=259717 err=-1406 steer=-141 m1=159/9539 i1=137 m2=-212/-11086 i2=-126 steerMode=-773/-70 iSteer=5417 driveMode=10313/8995 iDrive=131875 wheel=30000
run=1 step=1 angle=261123 target=259717 err=-1406 steer=-141 m1=106/9539 i1=136 m2=-168/-11086 i2=-166 steerMode=-773/303 iSteer=-14972 driveMode=10313/6314 iDrive=150771 wheel=30000
run=1 step=1 angle=261123 target=259717 err=-1406 steer=-141 m1=83/9539 i1=151 m2=-80/-11086 i2=-165 steerMode=-773/109 iSteer=-6728 driveMode=10313/6342 iDrive=158010 wheel=30000
run=1 step=1 angle=261299 target=259717 err=-1582 steer=-158 m1=85/9442 i1=192 m2=-72/-11183 i2=-153 steerMode=-870/-556 iSteer=19842 driveMode=10313/5251 iDrive=172587 wheel=30000
run=1 step=1 angle=261826 target=259717 err=-2109 steer=-211 m1=56/9152 i1=100 m2=0/-11473 i2=-308 steerMode=-1160/1554 iSteer=-104240 driveMode=10313/1689 iDrive=203926 wheel=30000
run=1 step=1 angle=262178 target=259717 err=-2461 steer=-246 m1=33/8959 i1=173 m2=2/-11666 i2=-288 steerMode=-1354/361 iSteer=-57430 driveMode=10313/116 iDrive=230717 wheel=30000
run=1 step=1 angle=262178 target=259717 err=-2461 steer=-246 m1=0/8959 i1=208 m2=0/-11666 i2=-293 steerMode=-1354/5 iSteer=-42483 driveMode=10313/3 iDrive=250670 wheel=30000
run=1 step=1 angle=262178 target=259717 err=-2461 steer=-246 m1=0/8959 i1=225 m2=0/-11666 i2=-315 steerMode=-1354/0 iSteer=-44829 driveMode=10313/0 iDrive=270276 wheel=30000
run=1 step=1 angle=262178 target=259717 err=-2461 steer=-246 m1=0/8959 i1=242 m2=0/-11666 i2=-337 steerMode=-1354/0 iSteer=-47399 driveMode=10313/0 iDrive=289870 wheel=30000
run=1 step=1 angle=262178 target=259717 err=-2461 steer=-246 m1=0/8959 i1=260 m2=0/-11666 i2=-359 steerMode=-1354/-1 iSteer=-49891 driveMode=10313/1 iDrive=309450 wheel=30000
run=1 step=1 angle=262178 target=259717 err=-2461 steer=-246 m1=0/8959 i1=278 m2=0/-11666 i2=-380 steerMode=-1354/-27 iSteer=-51185 driveMode=10313/27 iDrive=328898 wheel=30000
run=1 step=1 angle=262178 target=259717 err=-2461 steer=-246 m1=0/8959 i1=294 m2=0/-11666 i2=-404 steerMode=-1354/0 iSteer=-55072 driveMode=10313/0 iDrive=348617 wheel=30000
run=1 step=1 angle=262178 target=259717 err=-2461 steer=-246 m1=0/8959 i1=311 m2=0/-11666 i2=-425 steerMode=-1354/-8 iSteer=-57233 driveMode=10313/5 iDrive=368184 wheel=30000
run=1 step=1 angle=262178 target=259717 err=-2461 steer=-246 m1=0/8959 i1=329 m2=-3/-11666 i2=-446 steerMode=-1354/-30 iSteer=-58710 driveMode=10313/30 iDrive=387651 wheel=30000
run=1 step=1 angle=262178 target=259717 err=-2461 steer=-246 m1=0/8959 i1=345 m2=0/-11666 i2=-470 steerMode=-1354/-7 iSteer=-62345 driveMode=10313/5 iDrive=407329 wheel=30000
run=1 step=1 angle=262178 target=259717 err=-2461 steer=-246 m1=0/8959 i1=381 m2=-57/-11666 i2=-468 steerMode=-1354/-437 iSteer=-43313 driveMode=10313/437 iDrive=424666 wheel=30000
run=1 step=1 angle=261211 target=259717 err=-1494 steer=-153 m1=2/9470 i1=639 m2=-153/-11155 i2=-188 steerMode=-843/-5225 iSteer=225774 driveMode=10313/5294 iDrive=413487 wheel=30000
run=1 step=1 angle=259365 target=259717 err=352 steer=0 m1=0/10313 i1=638 m2=-103/-10313 i2=-225 steerMode=0/-3838 iSteer=206660 driveMode=10313/3838 iDrive=431720 wheel=30000
run=1 step=1 angle=257783 target=259717 err=1934 steer=193 m1=0/11376 i1=708 m2=-187/-9249 i2=-182 steerMode=1063/-3734 iSteer=262860 driveMode=10313/3737 iDrive=444863 wheel=30000
run=1 step=1 angle=256729 target=259717 err=2988 steer=299 m1=0/11956 i1=691 m2=-36/-8669 i2=-243 steerMode=1644/-2211 iSteer=224043 driveMode=10313/2184 iDrive=466572 wheel=30000
run=1 step=1 angle=256641 target=259717 err=3076 steer=308 m1=0/12004 i1=619 m2=0/-8621 i2=-371 steerMode=1692/-67 iSteer=123912 driveMode=10313/54 iDrive=495389 wheel=30000
run=1 step=1 angle=256641 target=259717 err=3076 steer=308 m1=0/12004 i1=639 m2=0/-8621 i2=-391 steerMode=1692/-2 iSteer=123905 driveMode=10313/2 iDrive=515218 wheel=30000
run=1 step=1 angle=256641 target=259717 err=3076 steer=308 m1=0/12004 i1=662 m2=0/-8621 i2=-407 steerMode=1692/-7 iSteer=127417 driveMode=10313/7 iDrive=534767 wheel=30000
run=1 step=1 angle=256641 target=259717 err=3076 steer=308 m1=0/12004 i1=685 m2=0/-8621 i2=-423 steerMode=1692/-15 iSteer=131049 driveMode=10313/15 iDrive=554298 wheel=30000
run=1 step=1 angle=256641 target=259717 err=3076 steer=308 m1=0/12004 i1=708 m2=0/-8621 i2=-440 steerMode=1692/-8 iSteer=133928 driveMode=10313/8 iDrive=573903 wheel=30000
run=1 step=1 angle=256201 target=259717 err=3516 steer=352 m1=6/12246 i1=832 m2=-76/-8379 i2=-333 steerMode=1934/-1995 iSteer=249625 driveMode=10313/2032 iDrive=582431 wheel=30000
run=1 step=1 angle=254795 target=259717 err=4922 steer=492 m1=424/13020 i1=551 m2=-270/-7605 i2=-517 steerMode=2707/3570 iSteer=16948 driveMode=10313/13326 iDrive=534175 wheel=30000
run=1 step=1 angle=256904 target=259717 err=2813 steer=281 m1=705/11859 i1=379 m2=-572/-8766 i2=-469 steerMode=1547/3547 iSteer=-44821 driveMode=10313/30650 iDrive=424272 wheel=30000
run=1 step=1 angle=257959 target=259717 err=1758 steer=176 m1=870/11279 i1=298 m2=-752/-9346 i2=-335 steerMode=967/2384 iSteer=-18229 driveMode=10313/42090 iDrive=316586 wheel=30000
run=1 step=1 angle=258926 target=259717 err=791 steer=79 m1=960/10748 i1=210 m2=-892/-9877 i2=-231 steerMode=435/1634 iSteer=-10445 driveMode=10313/47993 iDrive=220160 wheel=30000
run=1 step=1 angle=259805 target=259717 err=-88 steer=0 m1=933/10313 i1=117 m2=-890/-10313 i2=-178 steerMode=0/1548 iSteer=-30635 driveMode=10313/48068 iDrive=147366 wheel=30000
run=1 step=1 angle=260156 target=259717 err=-439 steer=0 m1=816/10313 i1=67 m2=-764/-10313 i2=-131 steerMode=0/1521 iSteer=-31955 driveMode=10313/44059 iDrive=98730 wheel=30000
run=1 step=1 angle=260596 target=259717 err=-879 steer=-88 m1=701/9829 i1=58 m2=-725/-10796 i2=-80 steerMode=-483/568 iSteer=-10916 driveMode=10313/38313 iDrive=68849 wheel=30000
run=1 step=1 angle=260859 target=259717 err=-1143 steer=-114 m1=596/9684 i1=14 m2=-530/-10941 i2=-97 steerMode=-628/993 iSteer=-41428 driveMode=10313/31522 iDrive=55746 wheel=30000
run=1 step=1 angle=261387 target=259717 err=-1670 steer=-163 m1=445/9415 i1=19 m2=-429/-11210 i2=-115 steerMode=-898/791 iSteer=-47900 driveMode=10313/22923 iDrive=66641 wheel=30000
run=1 step=1 angle=261563 target=259717 err=-1846 steer=-185 m1=305/9297 i1=57 m2=-285/-11328 i2=-120 steerMode=-1015/299 iSteer=-31616 driveMode=10313/15279 iDrive=88792 wheel=30000
run=1 step=1 angle=261650 target=259717 err=-1934 steer=-193 m1=215/9249 i1=88 m2=-195/-11376 i2=-133 steerMode=-1063/26 iSteer=-22330 driveMode=10313/10085 iDrive=110504 wheel=30000
run=1 step=1 angle=261650 target=259717 err=-1934 steer=-193 m1=79/9249 i1=143 m2=-157/-11376 i2=-120 steerMode=-1063/-697 iSteer=11702 driveMode=10313/6678 iDrive=131278 wheel=30000
run=1 step=1 angle=261738 target=259717 err=-2021 steer=-202 m1=-15/9201 i1=129 m2=8/-11424 i2=-210 steerMode=-1112/257 iSteer=-40517 driveMode=10313/1193 iDrive=169218 wheel=30000
run=1 step=1 angle=261738 target=259717 err=-2021 steer=-202 m1=-3/9201 i1=166 m2=0/-11424 i2=-223 steerMode=-1112/-27 iSteer=-28404 driveMode=10313/-20 iDrive=194637 wheel=30000
run=1 step=1 angle=261738 target=259717 err=-2021 steer=-202 m1=0/9201 i1=182 m2=0/-11424 i2=-246 steerMode=-1112/-1 iSteer=-31802 driveMode=10313/-1 iDrive=214162 wheel=30000
run=1 step=1 angle=261738 target=259717 err=-2021 steer=-202 m1=0/9201 i1=201 m2=0/-11424 i2=-267 steerMode=-1112/-16 iSteer=-33159 driveMode=10313/16 iDrive=233664 wheel=30000
run=1 step=1 angle=261738 target=259717 err=-2021 steer=-202 m1=0/9201 i1=217 m2=0/-11424 i2=-289 steerMode=-1112/0 iSteer=-36068 driveMode=10313/0 iDrive=253331 wheel=30000
run=1 step=1 angle=261738 target=259717 err=-2021 steer=-202 m1=0/9201 i1=235 m2=0/-11424 i2=-311 steerMode=-1112/0 iSteer=-38189 driveMode=10313/3 iDrive=272887 wheel=30000
run=1 step=1 angle=261738 target=259717 err=-2021 steer=-202 m1=0/9201 i1=252 m2=0/-11424 i2=-333 steerMode=-1112/0 iSteer=-40303 driveMode=10313/0 iDrive=292494 wheel=30000
run=1 step=1 angle=261826 target=259717 err=-2109 steer=-207 m1=0/9173 i1=268 m2=0/-11452 i2=-356 steerMode=-1139/0 iSteer=-43798 driveMode=10313/0 iDrive=312088 wheel=30000
run=1 step=1 angle=261738 target=259717 err=-2021 steer=-202 m1=0/9201 i1=287 m2=0/-11424 i2=-376 steerMode=-1112/0 iSteer=-44534 driveMode=10313/1 iDrive=331669 wheel=30000
run=1 step=1 angle=261738 target=259717 err=-2021 steer=-202 m1=0/9201 i1=305 m2=0/-11424 i2=-398 steerMode=-1112/-3 iSteer=-46506 driveMode=10313/-3 iDrive=351289 wheel=30000
run=1 step=1 angle=261738 target=259717 err=-2021 steer=-202 m1=0/9201 i1=322 m2=0/-11424 i2=-419 steerMode=-1112/-3 iSteer=-48581 driveMode=10313/3 iDrive=370829 wheel=30000
run=1 step=1 angle=261738 target=259717 err=-2021 steer=-202 m1=0/9201 i1=339 m2=0/-11424 i2=-441 steerMode=-1112/2 iSteer=-50946 driveMode=10313/2 iDrive=390425 wheel=30000
run=1 step=1 angle=261738 target=259717 err=-2021 steer=-202 m1=0/9201 i1=357 m2=0/-11424 i2=-463 steerMode=-1112/0 iSteer=-52950 driveMode=10313/0 iDrive=410018 wheel=30000
run=1 step=1 angle=261738 target=259717 err=-2021 steer=-202 m1=0/9201 i1=375 m2=0/-11424 i2=-484 steerMode=-1112/-7 iSteer=-54734 driveMode=10313/6 iDrive=429572 wheel=30000
run=1 step=1 angle=261738 target=259717 err=-2021 steer=-202 m1=0/9201 i1=392 m2=0/-11424 i2=-506 steerMode=-1112/-5 iSteer=-56891 driveMode=10313/5 iDrive=449150 wheel=30000
run=1 step=1 angle=261738 target=259717 err=-2021 steer=-202 m1=0/9201 i1=410 m2=0/-11424 i2=-528 steerMode=-1112/-8 iSteer=-58825 driveMode=10313/8 iDrive=468700 wheel=30000
run=1 step=1 angle=261123 target=259717 err=-1406 steer=-144 m1=0/9518 i1=581 m2=-201/-11107 i2=-361 steerMode=-794/-3078 iSteer=110014 driveMode=10313/3141 iDrive=471144 wheel=30000
run=1 step=1 angle=259541 target=259717 err=176 steer=0 m1=0/10313 i1=749 m2=-155/-10313 i2=-190 steerMode=0/-5486 iSteer=279043 driveMode=10313/5467 iDrive=469507 wheel=30000
run=1 step=1 angle=257520 target=259717 err=2197 steer=220 m1=0/11521 i1=768 m2=-109/-9104 i2=-205 steerMode=1208/-4121 iSteer=281556 driveMode=10313/4122 iDrive=486909 wheel=30000
run=1 step=1 angle=256113 target=259717 err=3604 steer=360 m1=0/12294 i1=790 m2=-168/-8331 i2=-218 steerMode=1982/-3237 iSteer=286195 driveMode=10313/3236 iDrive=503891 wheel=30000
run=1 step=1 angle=255059 target=259717 err=4658 steer=466 m1=0/12875 i1=826 m2=-88/-7750 i2=-214 steerMode=2562/-2866 iSteer=306302 driveMode=10313/2866 iDrive=520034 wheel=30000
run=1 step=1 angle=253564 target=259717 err=6152 steer=500 m1=-3/13063 i1=893 m2=-134/-7563 i2=-168 steerMode=2750/-3579 iSteer=362407 driveMode=10313/3594 iDrive=530118 wheel=30000
STEP_FAIL: timeout step=1 target=30 measured=6824 angleErr=7471
STEP_START: step=2 target=35
run=1 step=2 angle=252246 target=259717 err=7471 steer=500 m1=0/13063 i1=862 m2=-88/-7563 i2=-238 steerMode=2750/-2350 iSteer=311843 driveMode=10313/2346 iDrive=550335 wheel=30000
run=1 step=2 angle=251719 target=259717 err=7998 steer=435 m1=-3/8374 i1=166 m2=0/-3589 i2=99 steerMode=2392/-187 iSteer=132758 driveMode=5981/118 iDrive=33431 wheel=17400
run=1 step=2 angle=251719 target=259717 err=7998 steer=500 m1=0/14781 i1=228 m2=0/-9281 i2=64 steerMode=2750/8 iSteer=146193 driveMode=12031/11 iDrive=81843 wheel=35000
run=1 step=2 angle=251719 target=259717 err=7998 steer=500 m1=0/14781 i1=257 m2=0/-9281 i2=47 steerMode=2750/-1 iSteer=151923 driveMode=12031/0 iDrive=105006 wheel=35000
run=1 step=2 angle=251719 target=259717 err=7998 steer=500 m1=0/14781 i1=285 m2=0/-9281 i2=29 steerMode=2750/-1 iSteer=157245 driveMode=12031/2 iDrive=128081 wheel=35000
run=1 step=2 angle=251631 target=259717 err=8086 steer=500 m1=0/14781 i1=314 m2=0/-9281 i2=11 steerMode=2750/-1 iSteer=162518 driveMode=12031/3 iDrive=151164 wheel=35000
run=1 step=2 angle=251719 target=259717 err=7998 steer=500 m1=0/14781 i1=343 m2=0/-9281 i2=-6 steerMode=2750/-17 iSteer=168597 driveMode=12031/7 iDrive=174228 wheel=35000
run=1 step=2 angle=251631 target=259717 err=8086 steer=500 m1=0/14781 i1=371 m2=0/-9281 i2=-24 steerMode=2750/-6 iSteer=173346 driveMode=12031/6 iDrive=197329 wheel=35000
run=1 step=2 angle=251719 target=259717 err=7998 steer=500 m1=0/14781 i1=400 m2=-3/-9281 i2=-41 steerMode=2750/-28 iSteer=179729 driveMode=12031/26 iDrive=220329 wheel=35000
run=1 step=2 angle=251719 target=259717 err=7998 steer=500 m1=0/14781 i1=428 m2=0/-9281 i2=-58 steerMode=2750/-33 iSteer=185253 driveMode=12031/34 iDrive=243120 wheel=35000
run=1 step=2 angle=251719 target=259717 err=7998 steer=500 m1=0/14781 i1=455 m2=0/-9281 i2=-77 steerMode=2750/0 iSteer=188849 driveMode=12031/0 iDrive=266132 wheel=35000
run=1 step=2 angle=251719 target=259717 err=7998 steer=500 m1=0/14781 i1=483 m2=0/-9281 i2=-95 steerMode=2750/0 iSteer=194144 driveMode=12031/0 iDrive=289245 wheel=35000
run=1 step=2 angle=251719 target=259717 err=7998 steer=500 m1=0/14781 i1=512 m2=0/-9281 i2=-113 steerMode=2750/-4 iSteer=199603 driveMode=12031/0 iDrive=312332 wheel=35000
run=1 step=2 angle=251719 target=259717 err=7998 steer=500 m1=0/14781 i1=540 m2=0/-9281 i2=-130 steerMode=2750/-2 iSteer=204766 driveMode=12031/2 iDrive=335175 wheel=35000
run=1 step=2 angle=251719 target=259717 err=7998 steer=500 m1=0/14781 i1=568 m2=0/-9281 i2=-148 steerMode=2750/-1 iSteer=209940 driveMode=12031/1 iDrive=358030 wheel=35000
run=1 step=2 angle=251631 target=259717 err=8086 steer=500 m1=0/14781 i1=596 m2=0/-9281 i2=-166 steerMode=2750/-4 iSteer=215335 driveMode=12031/4 iDrive=380851 wheel=35000
run=1 step=2 angle=251631 target=259717 err=8086 steer=500 m1=0/14781 i1=625 m2=0/-9281 i2=-183 steerMode=2750/-14 iSteer=221088 driveMode=12031/-14 iDrive=403808 wheel=35000
run=1 step=2 angle=251719 target=259717 err=7998 steer=500 m1=0/14781 i1=652 m2=0/-9281 i2=-201 steerMode=2750/-2 iSteer=225718 driveMode=12031/2 iDrive=426579 wheel=35000
run=1 step=2 angle=251631 target=259717 err=8086 steer=500 m1=0/14781 i1=680 m2=0/-9281 i2=-219 steerMode=2750/0 iSteer=230841 driveMode=12031/0 iDrive=449447 wheel=35000
run=1 step=2 angle=251631 target=259717 err=8086 steer=500 m1=0/14781 i1=709 m2=0/-9281 i2=-236 steerMode=2750/-3 iSteer=236271 driveMode=12031/0 iDrive=472535 wheel=35000
run=1 step=2 angle=251631 target=259717 err=8086 steer=500 m1=0/14781 i1=737 m2=0/-9281 i2=-254 steerMode=2750/-7 iSteer=241732 driveMode=12031/-6 iDrive=495425 wheel=35000
run=1 step=2 angle=251631 target=259717 err=8086 steer=500 m1=0/14781 i1=765 m2=0/-9281 i2=-272 steerMode=2750/2 iSteer=246487 driveMode=12031/2 iDrive=518240 wheel=35000
run=1 step=2 angle=251631 target=259717 err=8086 steer=500 m1=0/14781 i1=793 m2=0/-9281 i2=-289 steerMode=2750/1 iSteer=251857 driveMode=12031/4 iDrive=541312 wheel=35000
run=1 step=2 angle=251631 target=259717 err=8086 steer=500 m1=0/14781 i1=822 m2=-3/-9281 i2=-306 steerMode=2750/-22 iSteer=258281 driveMode=12031/47 iDrive=564186 wheel=35000
run=1 step=2 angle=251631 target=259717 err=8086 steer=500 m1=0/14781 i1=850 m2=0/-9281 i2=-325 steerMode=2750/-1 iSteer=262467 driveMode=12031/1 iDrive=587244 wheel=35000
run=1 step=2 angle=251631 target=259717 err=8086 steer=500 m1=0/14781 i1=878 m2=0/-9281 i2=-342 steerMode=2750/-3 iSteer=267799 driveMode=12031/3 iDrive=610073 wheel=35000
run=1 step=2 angle=251631 target=259717 err=8086 steer=500 m1=-3/14781 i1=906 m2=0/-9281 i2=-360 steerMode=2750/-1 iSteer=272961 driveMode=12031/25 iDrive=632802 wheel=35000
run=1 step=2 angle=251631 target=259717 err=8086 steer=500 m1=56/14781 i1=913 m2=-3/-9281 i2=-394 steerMode=2750/365 iSteer=259823 driveMode=12031/470 iDrive=653340 wheel=35000
run=1 step=2 angle=253828 target=259717 err=5889 steer=500 m1=594/14781 i1=516 m2=-375/-9281 i2=-595 steerMode=2750/6263 iSteer=-39699 driveMode=12031/20878 iDrive=555369 wheel=35000
run=1 step=2 angle=255850 target=259717 err=3867 steer=391 m1=897/14179 i1=400 m2=-727/-9883 i2=-449 steerMode=2148/5267 iSteer=-24832 driveMode=12031/39689 iDrive=424621 wheel=35000
run=1 step=2 angle=257783 target=259717 err=1934 steer=193 m1=1073/13095 i1=302 m2=-925/-10968 i2=-303 steerMode=1063/3579 iSteer=-619 driveMode=12031/51267 iDrive=302242 wheel=35000
run=1 step=2 angle=259102 target=259717 err=615 steer=65 m1=1100/12390 i1=195 m2=-1032/-11672 i2=-206 steerMode=359/2883 iSteer=-5472 driveMode=12031/55700 iDrive=200050 wheel=35000
run=1 step=2 angle=260508 target=259717 err=-791 steer=-79 m1=1048/11596 i1=103 m2=-959/-12466 i2=-148 steerMode=-435/2327 iSteer=-22619 driveMode=12031/54139 iDrive=125874 wheel=35000
run=1 step=2 angle=261123 target=259717 err=-1406 steer=-141 m1=939/11258 i1=29 m2=-852/-12805 i2=-125 steerMode=-773/2384 iSteer=-47701 driveMode=12031/48911 iDrive=76876 wheel=35000
run=1 step=2 angle=262178 target=259717 err=-2461 steer=-242 m1=770/10699 i1=14 m2=-722/-13364 i2=-105 steerMode=-1333/1666 iSteer=-45325 driveMode=12031/40175 iDrive=59363 wheel=35000
run=1 step=2 angle=262617 target=259717 err=-2900 steer=-290 m1=613/10436 i1=32 m2=-555/-13626 i2=-86 steerMode=-1595/935 iSteer=-26836 driveMode=12031/31403 iDrive=59120 wheel=35000
run=1 step=2 angle=262881 target=259717 err=-3164 steer=-316 m1=468/10291 i1=39 m2=-388/-13771 i2=-99 steerMode=-1740/763 iSteer=-30013 driveMode=12031/23612 iDrive=68703 wheel=35000
run=1 step=2 angle=263232 target=259717 err=-3516 steer=-352 m1=311/10098 i1=38 m2=-229/-13965 i2=-138 steerMode=-1934/884 iSteer=-50492 driveMode=12031/16606 iDrive=87998 wheel=35000
run=1 step=2 angle=263496 target=259717 err=-3779 steer=-374 m1=188/9973 i1=94 m2=-166/-14089 i2=-123 steerMode=-2058/-38 iSteer=-14760 driveMode=12031/11657 iDrive=108608 wheel=35000
run=1 step=2 angle=263584 target=259717 err=-3867 steer=-387 m1=202/9904 i1=121 m2=-183/-14158 i2=-128 steerMode=-2127/-404 iSteer=-3606 driveMode=12031/9225 iDrive=124454 wheel=35000
run=1 step=2 angle=263584 target=259717 err=-3867 steer=-387 m1=98/9904 i1=131 m2=-141/-14158 i2=-159 steerMode=-2127/-282 iSteer=-13979 driveMode=12031/6656 iDrive=144781 wheel=35000
run=1 step=2 angle=263584 target=259717 err=-3867 steer=-387 m1=100/9904 i1=138 m2=-162/-14158 i2=-172 steerMode=-2127/-286 iSteer=-17229 driveMode=12031/6579 iDrive=155098 wheel=35000
run=1 step=2 angle=263584 target=259717 err=-3867 steer=-387 m1=81/9904 i1=125 m2=-82/-14158 i2=-210 steerMode=-2127/141 iSteer=-42290 driveMode=12031/6192 iDrive=167366 wheel=35000
run=1 step=2 angle=263496 target=259717 err=-3779 steer=-378 m1=173/9953 i1=171 m2=-162/-14110 i2=-175 steerMode=-2079/-667 iSteer=-2475 driveMode=12031/7197 iDrive=172992 wheel=35000
run=1 step=2 angle=263496 target=259717 err=-3779 steer=-378 m1=154/9953 i1=154 m2=-103/-14110 i2=-216 steerMode=-2079/-160 iSteer=-31034 driveMode=12031/6606 iDrive=185201 wheel=35000
run=1 step=2 angle=263320 target=259717 err=-3604 steer=-360 m1=129/10049 i1=216 m2=-197/-14013 i2=-166 steerMode=-1982/-1235 iSteer=25018 driveMode=12031/7370 iDrive=190665 wheel=35000
run=1 step=2 angle=262969 target=259717 err=-3252 steer=-325 m1=167/10243 i1=154 m2=-220/-13820 i2=-229 steerMode=-1789/144 iSteer=-37402 driveMode=12031/8782 iDrive=191113 wheel=35000
run=1 step=2 angle=262881 target=259717 err=-3164 steer=-316 m1=238/10291 i1=157 m2=-191/-13771 i2=-215 steerMode=-1740/-33 iSteer=-29179 driveMode=12031/10636 iDrive=185990 wheel=35000
run=1 step=2 angle=262705 target=259717 err=-2988 steer=-299 m1=251/10388 i1=163 m2=-260/-13675 i2=-201 steerMode=-1644/-198 iSteer=-18937 driveMode=12031/11709 iDrive=182323 wheel=35000
run=1 step=2 angle=262529 target=259717 err=-2813 steer=-285 m1=211/10464 i1=167 m2=-224/-13599 i2=-190 steerMode=-1568/-328 iSteer=-11510 driveMode=12031/12332 iDrive=178907 wheel=35000
run=1 step=2 angle=262529 target=259717 err=-2813 steer=-281 m1=234/10484 i1=161 m2=-304/-13578 i2=-196 steerMode=-1547/-236 iSteer=-17621 driveMode=12031/12229 iDrive=178761 wheel=35000
run=1 step=2 angle=262529 target=259717 err=-2813 steer=-281 m1=242/10484 i1=128 m2=-262/-13578 i2=-227 steerMode=-1547/347 iSteer=-49154 driveMode=12031/12199 iDrive=177489 wheel=35000
run=1 step=2 angle=262441 target=259717 err=-2725 steer=-272 m1=246/10533 i1=135 m2=-239/-13530 i2=-214 steerMode=-1499/151 iSteer=-39544 driveMode=12031/12625 iDrive=174334 wheel=35000
run=1 step=2 angle=262441 target=259717 err=-2725 steer=-272 m1=228/10533 i1=155 m2=-262/-13530 i2=-201 steerMode=-1499/-237 iSteer=-23124 driveMode=12031/11848 iDrive=178352 wheel=35000
run=1 step=2 angle=262529 target=259717 err=-2813 steer=-281 m1=207/10484 i1=154 m2=-231/-13578 i2=-211 steerMode=-1547/-240 iSteer=-28164 driveMode=12031/11153 iDrive=182530 wheel=35000
run=1 step=2 angle=262529 target=259717 err=-2813 steer=-281 m1=159/10484 i1=156 m2=-254/-13578 i2=-225 steerMode=-1547/-164 iSteer=-34682 driveMode=12031/10101 iDrive=190559 wheel=35000
run=1 step=2 angle=262529 target=259717 err=-2813 steer=-281 m1=184/10484 i1=165 m2=-212/-13578 i2=-222 steerMode=-1547/-341 iSteer=-28258 driveMode=12031/10291 iDrive=193499 wheel=35000
run=1 step=2 angle=262529 target=259717 err=-2813 steer=-281 m1=163/10484 i1=149 m2=-162/-13578 i2=-244 steerMode=-1547/-9 iSteer=-47376 driveMode=12031/10320 iDrive=196662 wheel=35000
run=1 step=2 angle=262529 target=259717 err=-2813 steer=-281 m1=186/10484 i1=160 m2=-239/-13578 i2=-244 steerMode=-1547/-174 iSteer=-41897 driveMode=12031/9914 iDrive=202285 wheel=35000
run=1 step=2 angle=262529 target=259717 err=-2813 steer=-277 m1=215/10505 i1=159 m2=-214/-13557 i2=-241 steerMode=-1526/-213 iSteer=-40901 driveMode=12031/10834 iDrive=199889 wheel=35000
run=1 step=2 angle=262529 target=259717 err=-2813 steer=-277 m1=211/10505 i1=149 m2=-289/-13557 i2=-251 steerMode=-1526/-59 iSteer=-50845 driveMode=12031/11163 iDrive=199710 wheel=35000
run=1 step=2 angle=262441 target=259717 err=-2725 steer=-272 m1=213/10533 i1=158 m2=-237/-13530 i2=-235 steerMode=-1499/-319 iSteer=-38412 driveMode=12031/11922 iDrive=196241 wheel=35000
run=1 step=2 angle=262441 target=259717 err=-2725 steer=-272 m1=259/10533 i1=164 m2=-285/-13530 i2=-222 steerMode=-1499/-547 iSteer=-28960 driveMode=12031/12557 iDrive=192851 wheel=35000
run=1 step=2 angle=262266 target=259717 err=-2549 steer=-255 m1=230/10629 i1=176 m2=-273/-13433 i2=-194 steerMode=-1402/-883 iSteer=-8741 driveMode=12031/13635 iDrive=185180 wheel=35000
run=1 step=2 angle=262002 target=259717 err=-2285 steer=-229 m1=244/10774 i1=146 m2=-216/-13288 i2=-217 steerMode=-1257/-230 iSteer=-35525 driveMode=12031/13691 iDrive=181469 wheel=35000
run=1 step=2 angle=261914 target=259717 err=-2197 steer=-220 m1=249/10823 i1=166 m2=-323/-13240 i2=-191 steerMode=-1208/-676 iSteer=-12542 driveMode=12031/13688 iDrive=178691 wheel=35000
run=1 step=2 angle=261826 target=259717 err=-2109 steer=-211 m1=242/10871 i1=156 m2=-247/-13191 i2=-197 steerMode=-1160/-496 iSteer=-20317 driveMode=12031/13498 iDrive=176796 wheel=35000
run=1 step=2 angle=261738 target=259717 err=-2021 steer=-202 m1=213/10919 i1=163 m2=-281/-13143 i2=-185 steerMode=-1112/-649 iSteer=-11029 driveMode=12031/13559 iDrive=173743 wheel=35000
run=1 step=2 angle=261475 target=259717 err=-1758 steer=-176 m1=242/11064 i1=155 m2=-279/-12998 i2=-186 steerMode=-967/-437 iSteer=-15702 driveMode=12031/13748 iDrive=170474 wheel=35000
run=1 step=2 angle=261475 target=259717 err=-1758 steer=-176 m1=280/11064 i1=148 m2=-285/-12998 i2=-188 steerMode=-967/-377 iSteer=-19665 driveMode=12031/13742 iDrive=167879 wheel=35000
run=1 step=2 angle=261387 target=259717 err=-1670 steer=-163 m1=257/11134 i1=136 m2=-331/-12929 i2=-193 steerMode=-898/-152 iSteer=-28511 driveMode=12031/13816 iDrive=164167 wheel=35000
run=1 step=2 angle=261299 target=259717 err=-1582 steer=-158 m1=230/11161 i1=135 m2=-250/-12901 i2=-192 steerMode=-870/-148 iSteer=-28225 driveMode=12031/13369 iDrive=163389 wheel=35000
run=1 step=2 angle=261299 target=259717 err=-1582 steer=-158 m1=259/11161 i1=146 m2=-279/-12901 i2=-185 steerMode=-870/-347 iSteer=-19625 driveMode=12031/12743 iDrive=165206 wheel=35000
run=1 step=2 angle=261211 target=259717 err=-1494 steer=-153 m1=211/11189 i1=144 m2=-283/-12874 i2=-187 steerMode=-843/-304 iSteer=-21502 driveMode=12031/12360 iDrive=165875 wheel=35000
run=1 step=2 angle=261211 target=259717 err=-1494 steer=-149 m1=228/11209 i1=129 m2=-239/-12853 i2=-210 steerMode=-822/75 iSteer=-40629 driveMode=12031/11702 iDrive=169170 wheel=35000
run=1 step=2 angle=261123 target=259717 err=-1406 steer=-141 m1=265/11258 i1=123 m2=-178/-12805 i2=-213 steerMode=-773/196 iSteer=-45248 driveMode=12031/11890 iDrive=167948 wheel=35000
run=1 step=2 angle=261035 target=259717 err=-1318 steer=-132 m1=228/11306 i1=139 m2=-241/-12756 i2=-203 steerMode=-725/-48 iSteer=-31962 driveMode=12031/11522 iDrive=170595 wheel=35000
STEP_OK: step=2 target=35 measured=33037 angleErr=-1143
STEP_START: step=3 target=40
run=1 step=3 angle=260859 target=259717 err=-1143 steer=-114 m1=198/11403 i1=138 m2=-212/-12660 i2=-208 steerMode=-628/81 iSteer=-34981 driveMode=12031/11357 iDrive=173183 wheel=35000
run=1 step=3 angle=260684 target=259717 err=-967 steer=-97 m1=0/5450 i1=-22 m2=-141/-6513 i2=-15 steerMode=-532/-183 iSteer=-18729 driveMode=5981/5436 iDrive=-3766 wheel=17400
run=1 step=3 angle=260684 target=259717 err=-967 steer=-97 m1=-5/11981 i1=44 m2=-17/-13044 i2=-96 steerMode=-532/-45 iSteer=-26013 driveMode=12513/234 iDrive=70131 wheel=36400
run=1 step=3 angle=260684 target=259717 err=-967 steer=-97 m1=0/13218 i1=74 m2=0/-14282 i2=-132 steerMode=-532/-5 iSteer=-28875 driveMode=13750/5 iDrive=103271 wheel=40000
run=1 step=3 angle=260684 target=259717 err=-967 steer=-97 m1=0/13218 i1=100 m2=0/-14282 i2=-159 steerMode=-532/-10 iSteer=-29585 driveMode=13750/-4 iDrive=129425 wheel=40000
run=1 step=3 angle=260684 target=259717 err=-967 steer=-97 m1=0/13218 i1=124 m2=0/-14282 i2=-187 steerMode=-532/0 iSteer=-31077 driveMode=13750/0 iDrive=155530 wheel=40000
run=1 step=3 angle=260596 target=259717 err=-879 steer=-92 m1=0/13246 i1=151 m2=0/-14254 i2=-212 steerMode=-504/-3 iSteer=-30562 driveMode=13750/5 iDrive=181617 wheel=40000
run=1 step=3 angle=260596 target=259717 err=-879 steer=-92 m1=0/13246 i1=176 m2=0/-14254 i2=-239 steerMode=-504/0 iSteer=-31700 driveMode=13750/0 iDrive=207760 wheel=40000
run=1 step=3 angle=260684 target=259717 err=-967 steer=-97 m1=0/13218 i1=201 m2=0/-14282 i2=-266 steerMode=-532/-31 iSteer=-32531 driveMode=13750/28 iDrive=233735 wheel=40000
run=1 step=3 angle=260596 target=259717 err=-879 steer=-92 m1=2/13246 i1=226 m2=0/-14254 i2=-294 steerMode=-504/13 iSteer=-34322 driveMode=13750/14 iDrive=259919 wheel=40000
run=1 step=3 angle=260684 target=259717 err=-967 steer=-97 m1=0/13218 i1=251 m2=0/-14282 i2=-322 steerMode=-532/-10 iSteer=-35529 driveMode=13750/9 iDrive=286050 wheel=40000
run=1 step=3 angle=260684 target=259717 err=-967 steer=-97 m1=0/13218 i1=275 m2=0/-14282 i2=-349 steerMode=-532/-1 iSteer=-36997 driveMode=13750/-1 iDrive=312221 wheel=40000
run=1 step=3 angle=260684 target=259717 err=-967 steer=-97 m1=0/13218 i1=300 m2=0/-14282 i2=-376 steerMode=-532/-3 iSteer=-37855 driveMode=13750/0 iDrive=338334 wheel=40000
run=1 step=3 angle=260684 target=259717 err=-967 steer=-97 m1=0/13218 i1=326 m2=0/-14282 i2=-403 steerMode=-532/-1 iSteer=-38935 driveMode=13750/-1 iDrive=364465 wheel=40000
run=1 step=3 angle=260596 target=259717 err=-879 steer=-92 m1=0/13246 i1=352 m2=0/-14254 i2=-429 steerMode=-504/-1 iSteer=-38574 driveMode=13750/1 iDrive=390564 wheel=40000
run=1 step=3 angle=260684 target=259717 err=-967 steer=-97 m1=0/13218 i1=376 m2=0/-14282 i2=-458 steerMode=-532/0 iSteer=-40990 driveMode=13750/0 iDrive=416692 wheel=40000
run=1 step=3 angle=260596 target=259717 err=-879 steer=-92 m1=0/13246 i1=402 m2=0/-14254 i2=-483 steerMode=-504/-5 iSteer=-40326 driveMode=13750/5 iDrive=442784 wheel=40000
run=1 step=3 angle=260684 target=259717 err=-967 steer=-97 m1=0/13218 i1=426 m2=0/-14282 i2=-512 steerMode=-532/0 iSteer=-42969 driveMode=13750/0 iDrive=468929 wheel=40000
run=1 step=3 angle=260596 target=259717 err=-879 steer=-88 m1=0/13267 i1=454 m2=0/-14233 i2=-536 steerMode=-483/-5 iSteer=-41272 driveMode=13750/5 iDrive=495009 wheel=40000
run=1 step=3 angle=260684 target=259717 err=-967 steer=-97 m1=0/13218 i1=476 m2=0/-14282 i2=-566 steerMode=-532/0 iSteer=-44955 driveMode=13750/0 iDrive=521158 wheel=40000
run=1 step=3 angle=260684 target=259717 err=-967 steer=-97 m1=0/13218 i1=501 m2=0/-14282 i2=-593 steerMode=-532/-2 iSteer=-45846 driveMode=13750/1 iDrive=547274 wheel=40000
run=1 step=3 angle=260684 target=259717 err=-967 steer=-97 m1=0/13218 i1=527 m2=0/-14282 i2=-619 steerMode=-532/-21 iSteer=-45890 driveMode=13750/28 iDrive=573251 wheel=40000
run=1 step=3 angle=260684 target=259717 err=-967 steer=-97 m1=0/13218 i1=552 m2=0/-14282 i2=-647 steerMode=-532/0 iSteer=-47922 driveMode=13750/1 iDrive=599499 wheel=40000
run=1 step=3 angle=260684 target=259717 err=-967 steer=-97 m1=0/13218 i1=577 m2=0/-14282 i2=-674 steerMode=-532/-2 iSteer=-48780 driveMode=13750/7 iDrive=625575 wheel=40000
run=1 step=3 angle=260684 target=259717 err=-967 steer=-97 m1=0/13218 i1=602 m2=0/-14282 i2=-701 steerMode=-532/-5 iSteer=-49601 driveMode=13750/5 iDrive=651688 wheel=40000
run=1 step=3 angle=260684 target=259717 err=-967 steer=-97 m1=0/13218 i1=628 m2=0/-14282 i2=-727 steerMode=-532/-31 iSteer=-49302 driveMode=13750/31 iDrive=677679 wheel=40000
run=1 step=3 angle=260684 target=259717 err=-967 steer=-97 m1=0/13218 i1=652 m2=0/-14282 i2=-755 steerMode=-532/-6 iSteer=-51528 driveMode=13750/3 iDrive=703922 wheel=40000
run=1 step=3 angle=260684 target=259717 err=-967 steer=-97 m1=0/13218 i1=677 m2=-3/-14282 i2=-783 steerMode=-532/3 iSteer=-52955 driveMode=13750/20 iDrive=729942 wheel=40000
run=1 step=3 angle=260684 target=259717 err=-967 steer=-97 m1=0/13218 i1=705 m2=-5/-14282 i2=-807 steerMode=-532/-50 iSteer=-51251 driveMode=13750/51 iDrive=755863 wheel=40000
run=1 step=3 angle=259365 target=259717 err=352 steer=0 m1=192/13750 i1=1043 m2=-398/-13750 i2=-404 steerMode=0/-6796 iSteer=319162 driveMode=13750/10187 iDrive=723481 wheel=40000
run=1 step=3 angle=258750 target=259717 err=967 steer=97 m1=853/14282 i1=476 m2=-764/-13218 i2=-659 steerMode=532/1980 iSteer=-91465 driveMode=13750/37496 iDrive=567048 wheel=40000
run=1 step=3 angle=258838 target=259717 err=879 steer=88 m1=1140/14233 i1=397 m2=-1133/-13267 i2=-410 steerMode=483/236 iSteer=-6785 driveMode=13750/57023 iDrive=403652 wheel=40000
run=1 step=3 angle=259277 target=259717 err=439 steer=0 m1=1307/13750 i1=208 m2=-1290/-13750 i2=-319 steerMode=0/717 iSteer=-55599 driveMode=13750/66527 iDrive=263549 wheel=40000
run=1 step=3 angle=259365 target=259717 err=352 steer=0 m1=1284/13750 i1=139 m2=-1267/-13750 i2=-160 steerMode=0/-195 iSteer=-10177 driveMode=13750/68692 iDrive=149398 wheel=40000
run=1 step=3 angle=259541 target=259717 err=176 steer=0 m1=1167/13750 i1=34 m2=-1210/-13750 i2=-105 steerMode=0/300 iSteer=-35613 driveMode=13750/64333 iDrive=69845 wheel=40000
run=1 step=3 angle=259629 target=259717 err=88 steer=0 m1=985/13750 i1=3 m2=-1009/-13750 i2=-62 steerMode=0/163 iSteer=-29420 driveMode=13750/54431 iDrive=32389 wheel=40000
run=1 step=3 angle=259717 target=259717 err=0 steer=0 m1=761/13750 i1=13 m2=-773/-13750 i2=-27 steerMode=0/-297 iSteer=-6770 driveMode=13750/43554 iDrive=20125 wheel=40000
run=1 step=3 angle=259629 target=259717 err=88 steer=0 m1=619/13750 i1=13 m2=-586/-13750 i2=-29 steerMode=0/-251 iSteer=-8186 driveMode=13750/33855 iDrive=21157 wheel=40000
run=1 step=3 angle=259629 target=259717 err=88 steer=0 m1=424/13750 i1=39 m2=-488/-13750 i2=-40 steerMode=0/-393 iSteer=-295 driveMode=13750/24469 iDrive=39366 wheel=40000
run=1 step=3 angle=259365 target=259717 err=352 steer=0 m1=286/13750 i1=43 m2=-291/-13750 i2=-87 steerMode=0/43 iSteer=-21750 driveMode=13750/16796 iDrive=64971 wheel=40000
run=1 step=3 angle=259453 target=259717 err=264 steer=0 m1=179/13750 i1=78 m2=-239/-13750 i2=-112 steerMode=0/-41 iSteer=-16971 driveMode=13750/10859 iDrive=94918 wheel=40000
run=1 step=3 angle=259365 target=259717 err=352 steer=0 m1=64/13750 i1=112 m2=-118/-13750 i2=-141 steerMode=0/-89 iSteer=-14224 driveMode=13750/6420 iDrive=126503 wheel=40000
run=1 step=3 angle=259365 target=259717 err=352 steer=0 m1=87/13750 i1=170 m2=-176/-13750 i2=-126 steerMode=0/-799 iSteer=22106 driveMode=13750/5158 iDrive=147901 wheel=40000
run=1 step=3 angle=259365 target=259717 err=352 steer=0 m1=71/13750 i1=141 m2=-90/-13750 i2=-204 steerMode=0/275 iSteer=-31295 driveMode=13750/3595 iDrive=172696 wheel=40000
run=1 step=3 angle=259541 target=259717 err=176 steer=0 m1=-5/13750 i1=182 m2=-34/-13750 i2=-243 steerMode=0/233 iSteer=-30582 driveMode=13750/136 iDrive=212644 wheel=40000
run=1 step=3 angle=259541 target=259717 err=176 steer=0 m1=0/13750 i1=221 m2=0/-13750 i2=-258 steerMode=0/-5 iSteer=-18510 driveMode=13750/6 iDrive=239243 wheel=40000
run=1 step=3 angle=259541 target=259717 err=176 steer=0 m1=0/13750 i1=247 m2=0/-13750 i2=-284 steerMode=0/0 iSteer=-18773 driveMode=13750/0 iDrive=265668 wheel=40000
run=1 step=3 angle=259541 target=259717 err=176 steer=0 m1=0/13750 i1=273 m2=-3/-13750 i2=-311 steerMode=0/-4 iSteer=-18588 driveMode=13750/4 iDrive=292049 wheel=40000
run=1 step=3 angle=259541 target=259717 err=176 steer=0 m1=-3/13750 i1=300 m2=0/-13750 i2=-337 steerMode=0/-13 iSteer=-18114 driveMode=13750/-12 iDrive=318506 wheel=40000
run=1 step=3 angle=259541 target=259717 err=176 steer=0 m1=0/13750 i1=326 m2=0/-13750 i2=-364 steerMode=0/-1 iSteer=-18709 driveMode=13750/-1 iDrive=344871 wheel=40000
run=1 step=3 angle=259541 target=259717 err=176 steer=0 m1=0/13750 i1=353 m2=0/-13750 i2=-390 steerMode=0/0 iSteer=-18698 driveMode=13750/0 iDrive=371249 wheel=40000
run=1 step=3 angle=259541 target=259717 err=176 steer=0 m1=0/13750 i1=379 m2=0/-13750 i2=-416 steerMode=0/0 iSteer=-18703 driveMode=13750/0 iDrive=397657 wheel=40000
run=1 step=3 angle=259541 target=259717 err=176 steer=0 m1=-3/13750 i1=405 m2=0/-13750 i2=-443 steerMode=0/0 iSteer=-18708 driveMode=13750/7 iDrive=424000 wheel=40000
run=1 step=3 angle=259541 target=259717 err=176 steer=0 m1=0/13750 i1=432 m2=0/-13750 i2=-469 steerMode=0/0 iSteer=-18698 driveMode=13750/0 iDrive=450433 wheel=40000
run=1 step=3 angle=259541 target=259717 err=176 steer=0 m1=0/13750 i1=458 m2=0/-13750 i2=-495 steerMode=0/-6 iSteer=-18375 driveMode=13750/10 iDrive=476763 wheel=40000
run=1 step=3 angle=259541 target=259717 err=176 steer=0 m1=0/13750 i1=485 m2=0/-13750 i2=-522 steerMode=0/0 iSteer=-18693 driveMode=13750/0 iDrive=503208 wheel=40000
run=1 step=3 angle=259541 target=259717 err=176 steer=0 m1=0/13750 i1=511 m2=-3/-13750 i2=-548 steerMode=0/-4 iSteer=-18498 driveMode=13750/4 iDrive=529590 wheel=40000
run=1 step=3 angle=259541 target=259717 err=176 steer=0 m1=0/13750 i1=537 m2=0/-13750 i2=-575 steerMode=0/-1 iSteer=-18636 driveMode=13750/0 iDrive=555988 wheel=40000
run=1 step=3 angle=259541 target=259717 err=176 steer=0 m1=0/13750 i1=565 m2=0/-13750 i2=-600 steerMode=0/-22 iSteer=-17576 driveMode=13750/25 iDrive=582251 wheel=40000
run=1 step=3 angle=259541 target=259717 err=176 steer=0 m1=0/13750 i1=590 m2=0/-13750 i2=-627 steerMode=0/0 iSteer=-18656 driveMode=13750/0 iDrive=608761 wheel=40000
run=1 step=3 angle=259541 target=259717 err=176 steer=0 m1=2/13750 i1=617 m2=0/-13750 i2=-653 steerMode=0/-9 iSteer=-18171 driveMode=13750/31 iDrive=635003 wheel=40000
run=1 step=3 angle=260244 target=259717 err=-527 steer=-20 m1=238/13640 i1=426 m2=-3/-13860 i2=-854 steerMode=-110/3761 iSteer=-213902 driveMode=13750/3897 iDrive=640285 wheel=40000
run=1 step=3 angle=262002 target=259717 err=-2285 steer=-229 m1=380/12493 i1=507 m2=-480/-15007 i2=-658 steerMode=-1257/-359 iSteer=-75347 driveMode=13750/17278 iDrive=582283 wheel=40000
run=1 step=3 angle=261738 target=259717 err=-2021 steer=-202 m1=767/12638 i1=455 m2=-844/-14862 i2=-436 steerMode=-1112/-1869 iSteer=9521 driveMode=13750/38849 iDrive=445813 wheel=40000
run=1 step=3 angle=261475 target=259717 err=-1758 steer=-176 m1=993/12783 i1=273 m2=-1024/-14717 i2=-365 steerMode=-967/-614 iSteer=-45885 driveMode=13750/51908 iDrive=318930 wheel=40000
run=1 step=3 angle=260859 target=259717 err=-1143 steer=-114 m1=1098/13122 i1=170 m2=-1084/-14378 i2=-261 steerMode=-628/-298 iSteer=-45264 driveMode=13750/57041 iDrive=215457 wheel=40000
run=1 step=3 angle=260332 target=259717 err=-615 steer=-62 m1=1050/13412 i1=103 m2=-1078/-14088 i2=-175 steerMode=-338/-203 iSteer=-36065 driveMode=13750/56120 iDrive=139004 wheel=40000
run=1 step=3 angle=260332 target=259717 err=-615 steer=-62 m1=952/13412 i1=51 m2=-957/-14088 i2=-117 steerMode=-338/-276 iSteer=-32641 driveMode=13750/51892 iDrive=84001 wheel=40000
run=1 step=3 angle=260244 target=259717 err=-527 steer=-53 m1=841/13460 i1=30 m2=-850/-14040 i2=-71 steerMode=-290/-469 iSteer=-20408 driveMode=13750/45250 iDrive=50826 wheel=40000
run=1 step=3 angle=259893 target=259717 err=-176 steer=0 m1=690/13750 i1=-1 m2=-664/-13750 i2=-78 steerMode=0/211 iSteer=-39405 driveMode=13750/37254 iDrive=38727 wheel=40000
run=1 step=3 angle=259980 target=259717 err=-264 steer=0 m1=535/13750 i1=20 m2=-482/-13750 i2=-68 steerMode=0/-102 iSteer=-23730 driveMode=13750/28900 iDrive=43851 wheel=40000
run=1 step=3 angle=259980 target=259717 err=-264 steer=0 m1=343/13750 i1=34 m2=-425/-13750 i2=-97 steerMode=0/46 iSteer=-31304 driveMode=13750/20509 iDrive=65243 wheel=40000
run=1 step=3 angle=260068 target=259717 err=-352 steer=0 m1=207/13750 i1=59 m2=-262/-13750 i2=-131 steerMode=0/148 iSteer=-36216 driveMode=13750/13428 iDrive=95008 wheel=40000
run=1 step=3 angle=260156 target=259717 err=-439 steer=0 m1=165/13750 i1=84 m2=-170/-13750 i2=-161 steerMode=0/204 iSteer=-38522 driveMode=13750/8942 iDrive=122558 wheel=40000
run=1 step=3 angle=260156 target=259717 err=-439 steer=0 m1=133/13750 i1=134 m2=-93/-13750 i2=-164 steerMode=0/-270 iSteer=-14798 driveMode=13750/5919 iDrive=149293 wheel=40000
run=1 step=3 angle=260244 target=259717 err=-527 steer=-53 m1=117/13460 i1=87 m2=10/-14040 i2=-277 steerMode=-290/1042 iSteer=-95420 driveMode=13750/2812 iDrive=181952 wheel=40000
run=1 step=3 angle=260420 target=259717 err=-703 steer=-70 m1=-34/13363 i1=226 m2=0/-14137 i2=-225 steerMode=-387/-1004 iSteer=491 driveMode=13750/-982 iDrive=225569 wheel=40000
run=1 step=3 angle=260508 target=259717 err=-791 steer=-79 m1=0/13315 i1=197 m2=0/-14185 i2=-298 steerMode=-435/-40 iSteer=-50432 driveMode=13750/-41 iDrive=247443 wheel=40000
run=1 step=3 angle=260508 target=259717 err=-791 steer=-79 m1=0/13315 i1=220 m2=0/-14185 i2=-326 steerMode=-435/-2 iSteer=-53106 driveMode=13750/1 iDrive=273363 wheel=40000
run=1 step=3 angle=260508 target=259717 err=-791 steer=-79 m1=0/13315 i1=246 m2=0/-14185 i2=-352 steerMode=-435/-18 iSteer=-53044 driveMode=13750/18 iDrive=299388 wheel=40000
run=1 step=3 angle=260420 target=259717 err=-703 steer=-74 m1=0/13342 i1=273 m2=0/-14158 i2=-378 steerMode=-408/-7 iSteer=-52954 driveMode=13750/12 iDrive=325524 wheel=40000
run=1 step=3 angle=260420 target=259717 err=-703 steer=-70 m1=0/13363 i1=299 m2=0/-14137 i2=-404 steerMode=-387/-12 iSteer=-52425 driveMode=13750/12 iDrive=351630 wheel=40000
run=1 step=3 angle=260420 target=259717 err=-703 steer=-70 m1=0/13363 i1=324 m2=0/-14137 i2=-431 steerMode=-387/-5 iSteer=-53500 driveMode=13750/5 iDrive=377776 wheel=40000
run=1 step=3 angle=260420 target=259717 err=-703 steer=-70 m1=0/13363 i1=350 m2=0/-14137 i2=-458 steerMode=-387/-11 iSteer=-53929 driveMode=13750/11 iDrive=403843 wheel=40000
run=1 step=3 angle=260420 target=259717 err=-703 steer=-70 m1=0/13363 i1=375 m2=0/-14137 i2=-485 steerMode=-387/-2 iSteer=-55144 driveMode=13750/2 iDrive=429994 wheel=40000
run=1 step=3 angle=260420 target=259717 err=-703 steer=-70 m1=0/13363 i1=400 m2=0/-14137 i2=-512 steerMode=-387/-5 iSteer=-55706 driveMode=13750/4 iDrive=456086 wheel=40000
run=1 step=3 angle=260420 target=259717 err=-703 steer=-70 m1=0/13363 i1=427 m2=0/-14137 i2=-537 steerMode=-387/-32 iSteer=-55051 driveMode=13750/32 iDrive=482038 wheel=40000
run=1 step=3 angle=260420 target=259717 err=-703 steer=-70 m1=0/13363 i1=451 m2=0/-14137 i2=-565 steerMode=-387/-5 iSteer=-57112 driveMode=13750/6 iDrive=508259 wheel=40000
run=1 step=3 angle=260420 target=259717 err=-703 steer=-70 m1=2/13363 i1=505 m2=-76/-14137 i2=-557 steerMode=-387/-643 iSteer=-25803 driveMode=13750/653 iDrive=530993 wheel=40000
run=1 step=3 angle=259453 target=259717 err=264 steer=0 m1=2/13750 i1=794 m2=-199/-13750 i2=-250 steerMode=0/-6074 iSteer=271831 driveMode=13750/6150 iDrive=522318 wheel=40000
run=1 step=3 angle=256641 target=259717 err=3076 steer=304 m1=0/15421 i1=904 m2=-176/-12079 i2=-170 steerMode=1671/-6039 iSteer=367189 driveMode=13750/6051 iDrive=537177 wheel=40000
run=1 step=3 angle=254707 target=259717 err=5010 steer=500 m1=0/16500 i1=930 m2=-195/-11000 i2=-191 steerMode=2750/-4729 iSteer=369311 driveMode=13750/4736 iDrive=560439 wheel=40000
run=1 step=3 angle=253037 target=259717 err=6680 steer=500 m1=0/16500 i1=926 m2=-111/-11000 i2=-239 steerMode=2750/-3944 iSteer=343531 driveMode=13750/3944 iDrive=582274 wheel=40000
run=1 step=3 angle=250928 target=259717 err=8789 steer=500 m1=0/16500 i1=971 m2=-203/-11000 i2=-228 steerMode=2750/-4244 iSteer=371350 driveMode=13750/4244 iDrive=599309 wheel=40000
run=1 step=3 angle=249346 target=259717 err=10371 steer=500 m1=408/16500 i1=676 m2=-231/-11000 i2=-470 steerMode=2750/1362 iSteer=102951 driveMode=13750/12376 iDrive=572717 wheel=40000
run=1 step=3 angle=251191 target=259717 err=8525 steer=500 m1=753/16500 i1=429 m2=-662/-11000 i2=-480 steerMode=2750/3878 iSteer=-25456 driveMode=13750/32489 iDrive=454450 wheel=40000
run=1 step=3 angle=252334 target=259717 err=7383 steer=500 m1=970/16500 i1=358 m2=-877/-11000 i2=-320 steerMode=2750/2973 iSteer=18901 driveMode=13750/45725 iDrive=339232 wheel=40000
run=1 step=3 angle=253652 target=259717 err=6064 steer=500 m1=1077/16500 i1=245 m2=-944/-11000 i2=-231 steerMode=2750/3196 iSteer=7020 driveMode=13750/52401 iDrive=237805 wheel=40000
run=1 step=3 angle=255234 target=259717 err=4482 steer=452 m1=1077/16236 i1=145 m2=-890/-11264 i2=-176 steerMode=2486/3362 iSteer=-15515 driveMode=13750/52938 iDrive=160429 wheel=40000
run=1 step=3 angle=256553 target=259717 err=3164 steer=316 m1=970/15490 i1=91 m2=-865/-12010 i2=-122 steerMode=1740/2576 iSteer=-15396 driveMode=13750/49637 iDrive=106156 wheel=40000
STEP_FAIL: timeout step=3 target=40 measured=127727 angleErr=2373
STOP: staircase complete
