START: angle=292412 target=292412 wheelTarget=40 step=0 count=5
run=1 step=0 angle=292412 target=292412 err=0 steer=0 m1=0/6875 i1=41 m2=0/-6875 i2=-41 steerMode=0/0 iSteer=0 driveMode=6875/0 iDrive=41333 scale=0 wheel=20000
run=1 step=0 angle=292412 target=292412 err=0 steer=0 m1=0/13475 i1=95 m2=0/-13475 i2=-93 steerMode=0/-15 iSteer=740 driveMode=13475/15 iDrive=93917 scale=0 wheel=39200
run=1 step=0 angle=292412 target=292412 err=0 steer=0 m1=0/13750 i1=122 m2=0/-13750 i2=-121 steerMode=0/-8 iSteer=452 driveMode=13750/9 iDrive=121685 scale=0 wheel=40000
run=1 step=0 angle=292412 target=292412 err=0 steer=0 m1=0/13750 i1=149 m2=0/-13750 i2=-147 steerMode=0/-17 iSteer=913 driveMode=13750/17 iDrive=148028 scale=0 wheel=40000
run=1 step=0 angle=292412 target=292412 err=0 steer=0 m1=0/13750 i1=175 m2=0/-13750 i2=-174 steerMode=0/-12 iSteer=661 driveMode=13750/12 iDrive=174166 scale=0 wheel=40000
run=1 step=0 angle=292412 target=292412 err=0 steer=0 m1=0/13750 i1=201 m2=0/-13750 i2=-200 steerMode=0/-4 iSteer=314 driveMode=13750/6 iDrive=200289 scale=0 wheel=40000
run=1 step=0 angle=292412 target=292412 err=0 steer=0 m1=0/13750 i1=228 m2=0/-13750 i2=-225 steerMode=0/-30 iSteer=1636 driveMode=13750/32 iDrive=226532 scale=0 wheel=40000
run=1 step=0 angle=292412 target=292412 err=0 steer=0 m1=0/13750 i1=254 m2=-3/-13750 i2=-251 steerMode=0/-24 iSteer=1358 driveMode=13750/20 iDrive=252698 scale=0 wheel=40000
run=1 step=0 angle=292412 target=292412 err=0 steer=0 m1=6/13750 i1=276 m2=0/-13750 i2=-281 steerMode=0/63 iSteer=-2947 driveMode=13750/82 iDrive=278453 scale=0 wheel=40000
run=1 step=0 angle=292412 target=292412 err=0 steer=0 m1=0/13750 i1=305 m2=0/-13750 i2=-305 steerMode=0/-2 iSteer=186 driveMode=13750/1 iDrive=304896 scale=0 wheel=40000
run=1 step=0 angle=292412 target=292412 err=0 steer=0 m1=0/13750 i1=331 m2=0/-13750 i2=-331 steerMode=0/-1 iSteer=200 driveMode=13750/1 iDrive=331272 scale=0 wheel=40000
run=1 step=0 angle=292412 target=292412 err=0 steer=0 m1=0/13750 i1=358 m2=0/-13750 i2=-357 steerMode=0/-3 iSteer=321 driveMode=13750/3 iDrive=357640 scale=0 wheel=40000
run=1 step=0 angle=292412 target=292412 err=0 steer=0 m1=0/13750 i1=387 m2=0/-13750 i2=-381 steerMode=0/-54 iSteer=2970 driveMode=13750/55 iDrive=383722 scale=0 wheel=40000
run=1 step=0 angle=292324 target=292412 err=88 steer=0 m1=2/13750 i1=527 m2=-95/-13750 i2=-263 steerMode=0/-2589 iSteer=132084 driveMode=13750/2655 iDrive=395230 scale=0 wheel=40000
run=1 step=0 angle=291709 target=292412 err=703 steer=65 m1=2/14108 i1=602 m2=-97/-13393 i2=-225 steerMode=358/-3205 iSteer=188663 driveMode=13750/3213 iDrive=413296 scale=0 wheel=40000
run=1 step=0 angle=290215 target=292412 err=2197 steer=432 m1=0/16125 i1=722 m2=-61/-11375 i2=-147 steerMode=2375/-2891 iSteer=287693 driveMode=13750/2896 iDrive=434362 scale=0 wheel=40000
run=1 step=0 angle=289512 target=292412 err=2900 steer=580 m1=0/16940 i1=684 m2=12/-10560 i2=-255 steerMode=3190/-355 iSteer=214437 driveMode=13750/352 iDrive=469879 scale=0 wheel=40000
run=1 step=0 angle=289512 target=292412 err=2900 steer=580 m1=0/16940 i1=703 m2=0/-10560 i2=-291 steerMode=3190/-6 iSteer=206124 driveMode=13750/6 iDrive=497345 scale=0 wheel=40000
run=1 step=0 angle=289512 target=292412 err=2900 steer=580 m1=0/16940 i1=739 m2=0/-10560 i2=-308 steerMode=3190/-4 iSteer=215129 driveMode=13750/4 iDrive=523468 scale=0 wheel=40000
run=1 step=0 angle=289512 target=292412 err=2900 steer=580 m1=0/16940 i1=774 m2=0/-10560 i2=-326 steerMode=3190/0 iSteer=224015 driveMode=13750/1 iDrive=549602 scale=0 wheel=40000
run=1 step=0 angle=289512 target=292412 err=2900 steer=580 m1=0/16940 i1=810 m2=0/-10560 i2=-341 steerMode=3190/-23 iSteer=234299 driveMode=13750/27 iDrive=575579 scale=0 wheel=40000
run=1 step=0 angle=289512 target=292412 err=2900 steer=580 m1=0/16940 i1=845 m2=0/-10560 i2=-358 steerMode=3190/-31 iSteer=243815 driveMode=13750/32 iDrive=601660 scale=0 wheel=40000
run=1 step=0 angle=289512 target=292412 err=2900 steer=580 m1=2/16940 i1=880 m2=-3/-10560 i2=-375 steerMode=3190/-17 iSteer=252197 driveMode=13750/68 iDrive=627578 scale=0 wheel=40000
run=1 step=0 angle=290391 target=292412 err=2021 steer=453 m1=449/16239 i1=422 m2=-132/-11261 i2=-758 steerMode=2489/7685 iSteer=-168412 driveMode=13750/11308 iDrive=590021 scale=0 wheel=40000
run=1 step=0 angle=291885 target=292412 err=527 steer=105 m1=715/14330 i1=458 m2=-647/-13170 i2=-482 steerMode=580/2448 iSteer=-11797 driveMode=13750/32052 iDrive=470139 scale=0 wheel=40000
run=1 step=0 angle=292764 target=292412 err=-352 steer=0 m1=960/13750 i1=335 m2=-842/-13750 i2=-367 steerMode=0/1831 iSteer=-15800 driveMode=13750/46065 iDrive=351133 scale=0 wheel=40000
run=1 step=0 angle=293379 target=292412 err=-967 steer=-186 m1=1027/12728 i1=226 m2=-1001/-14772 i2=-272 steerMode=-1022/830 iSteer=-22748 driveMode=13750/52800 iDrive=249003 scale=0 wheel=40000
run=1 step=0 angle=293555 target=292412 err=-1143 steer=-229 m1=1044/12493 i1=137 m2=-1001/-15007 i2=-195 steerMode=-1257/620 iSteer=-29266 driveMode=13750/54437 iDrive=165801 scale=0 wheel=40000
run=1 step=0 angle=293730 target=292412 err=-1318 steer=-264 m1=983/12301 i1=85 m2=-911/-15199 i2=-130 steerMode=-1449/194 iSteer=-22154 driveMode=13750/51382 iDrive=107435 scale=0 wheel=40000
run=1 step=0 angle=294170 target=292412 err=-1758 steer=-339 m1=801/11886 i1=30 m2=-815/-15614 i2=-137 steerMode=-1864/295 iSteer=-53697 driveMode=13750/43430 iDrive=83778 scale=0 wheel=40000
run=1 step=0 angle=294082 target=292412 err=-1670 steer=-334 m1=602/11913 i1=44 m2=-641/-15587 i2=-118 steerMode=-1837/-123 iSteer=-36628 driveMode=13750/34575 iDrive=80993 scale=0 wheel=40000
run=1 step=0 angle=294170 target=292412 err=-1758 steer=-352 m1=485/11816 i1=65 m2=-501/-15684 i2=-102 steerMode=-1934/-678 iSteer=-18146 driveMode=13750/27627 iDrive=83470 scale=0 wheel=40000
run=1 step=0 angle=294170 target=292412 err=-1758 steer=-352 m1=405/11816 i1=81 m2=-438/-15684 i2=-95 steerMode=-1934/-965 iSteer=-6643 driveMode=13750/22546 iDrive=87964 scale=0 wheel=40000
run=1 step=0 angle=294170 target=292412 err=-1758 steer=-352 m1=292/11816 i1=58 m2=-306/-15684 i2=-143 steerMode=-1934/-330 iSteer=-42667 driveMode=13750/17668 iDrive=100520 scale=0 wheel=40000
run=1 step=0 angle=293906 target=292412 err=-1494 steer=-299 m1=257/12106 i1=104 m2=-270/-15394 i2=-124 steerMode=-1644/-748 iSteer=-9871 driveMode=13750/14206 iDrive=114071 scale=0 wheel=40000
run=1 step=0 angle=293643 target=292412 err=-1230 steer=-246 m1=196/12396 i1=97 m2=-275/-15104 i2=-157 steerMode=-1354/-110 iSteer=-30100 driveMode=13750/11815 iDrive=127283 scale=0 wheel=40000
run=1 step=0 angle=293643 target=292412 err=-1230 steer=-246 m1=159/12396 i1=125 m2=-149/-15104 i2=-160 steerMode=-1354/-415 iSteer=-17511 driveMode=13750/9881 iDrive=142552 scale=0 wheel=40000
run=1 step=0 angle=293291 target=292412 err=-879 steer=-176 m1=213/12783 i1=128 m2=-233/-14717 i2=-177 steerMode=-967/56 iSteer=-24493 driveMode=13750/9468 iDrive=152576 scale=0 wheel=40000
run=1 step=0 angle=293291 target=292412 err=-879 steer=-163 m1=188/12852 i1=135 m2=-224/-14648 i2=-187 steerMode=-898/96 iSteer=-25627 driveMode=13750/9410 iDrive=160902 scale=0 wheel=40000
run=1 step=0 angle=293203 target=292412 err=-791 steer=-158 m1=169/12880 i1=148 m2=-216/-14620 i2=-194 steerMode=-870/24 iSteer=-22935 driveMode=13750/9170 iDrive=170918 scale=0 wheel=40000
run=1 step=0 angle=293203 target=292412 err=-791 steer=-158 m1=148/12880 i1=150 m2=-170/-14620 i2=-208 steerMode=-870/109 iSteer=-29083 driveMode=13750/9321 iDrive=178663 scale=0 wheel=40000
run=1 step=0 angle=293027 target=292412 err=-615 steer=-123 m1=182/13073 i1=170 m2=-151/-14427 i2=-202 steerMode=-677/-2 iSteer=-15939 driveMode=13750/9443 iDrive=186358 scale=0 wheel=40000
run=1 step=0 angle=292939 target=292412 err=-527 steer=-113 m1=186/13128 i1=197 m2=-160/-14372 i2=-188 steerMode=-622/-397 iSteer=4611 driveMode=13750/9825 iDrive=192315 scale=0 wheel=40000
run=1 step=0 angle=293027 target=292412 err=-615 steer=-123 m1=192/13073 i1=180 m2=-189/-14427 i2=-215 steerMode=-677/-51 iSteer=-17292 driveMode=13750/10235 iDrive=197209 scale=0 wheel=40000
run=1 step=0 angle=292939 target=292412 err=-527 steer=-105 m1=184/13170 i1=185 m2=-178/-14330 i2=-209 steerMode=-580/-87 iSteer=-12054 driveMode=13750/11294 iDrive=197445 scale=0 wheel=40000
run=1 step=0 angle=292939 target=292412 err=-527 steer=-105 m1=238/13170 i1=209 m2=-256/-14330 i2=-183 steerMode=-580/-621 iSteer=12922 driveMode=13750/12506 iDrive=195653 scale=0 wheel=40000
run=1 step=0 angle=292939 target=292412 err=-527 steer=-105 m1=263/13170 i1=179 m2=-298/-14330 i2=-205 steerMode=-580/-138 iSteer=-12907 driveMode=13750/13545 iDrive=192283 scale=0 wheel=40000
run=1 step=0 angle=292939 target=292412 err=-527 steer=-105 m1=246/13170 i1=176 m2=-258/-14330 i2=-204 steerMode=-580/-153 iSteer=-13777 driveMode=13750/13976 iDrive=189876 scale=0 wheel=40000
run=1 step=0 angle=292939 target=292412 err=-527 steer=-105 m1=263/13170 i1=165 m2=-212/-14330 i2=-219 steerMode=-580/72 iSteer=-26928 driveMode=13750/13610 iDrive=191943 scale=0 wheel=40000
run=1 step=0 angle=293027 target=292412 err=-615 steer=-123 m1=280/13073 i1=139 m2=-199/-14427 i2=-246 steerMode=-677/463 iSteer=-53293 driveMode=13750/13455 iDrive=192758 scale=0 wheel=40000
run=1 step=0 angle=292939 target=292412 err=-527 steer=-105 m1=249/13170 i1=172 m2=-252/-14330 i2=-204 steerMode=-580/-207 iSteer=-16005 driveMode=13750/14314 iDrive=188144 scale=0 wheel=40000
run=1 step=0 angle=293115 target=292412 err=-703 steer=-141 m1=278/12977 i1=146 m2=-239/-14523 i2=-226 steerMode=-773/35 iSteer=-39739 driveMode=13750/14505 iDrive=186064 scale=0 wheel=40000
run=1 step=0 angle=292852 target=292412 err=-439 steer=-50 m1=272/13472 i1=169 m2=-264/-14028 i2=-203 steerMode=-278/44 iSteer=-16878 driveMode=13750/14330 iDrive=185865 scale=0 wheel=40000
run=1 step=0 angle=293115 target=292412 err=-703 steer=-110 m1=272/13145 i1=126 m2=-314/-14355 i2=-252 steerMode=-605/594 iSteer=-63005 driveMode=13750/13781 iDrive=188591 scale=0 wheel=40000
STEP_OK: step=0 target=40 measured=41442 angleErr=-791
STEP_START: step=1 target=75
run=1 step=1 angle=293115 target=292412 err=-703 steer=-153 m1=119/3764 i1=-88 m2=-139/-5449 i2=-26 steerMode=-843/275 iSteer=-57045 driveMode=4606/9143 iDrive=-31317 scale=0 wheel=13400
run=1 step=1 angle=293115 target=292412 err=-703 steer=-141 m1=-24/10295 i1=38 m2=0/-11842 i2=-71 steerMode=-773/-476 iSteer=-16763 driveMode=11069/51 iDrive=54444 scale=0 wheel=32200
run=1 step=1 angle=293203 target=292412 err=-791 steer=-151 m1=0/16703 i1=70 m2=0/-18360 i2=-158 steerMode=-828/-24 iSteer=-43793 driveMode=17531/2 iDrive=114171 scale=0 wheel=51000
run=1 step=1 angle=293115 target=292412 err=-703 steer=-141 m1=0/23289 i1=143 m2=-5/-24836 i2=-230 steerMode=-773/-19 iSteer=-43451 driveMode=24063/19 iDrive=186362 scale=0 wheel=70000
run=1 step=1 angle=293115 target=292412 err=-703 steer=-141 m1=0/25008 i1=198 m2=0/-26555 i2=-288 steerMode=-773/-23 iSteer=-45347 driveMode=25781/23 iDrive=243002 scale=0 wheel=75000
run=1 step=1 angle=293115 target=292412 err=-703 steer=-141 m1=0/25008 i1=244 m2=-5/-26555 i2=-339 steerMode=-773/-23 iSteer=-47485 driveMode=25781/23 iDrive=291436 scale=0 wheel=75000
run=1 step=1 angle=293115 target=292412 err=-703 steer=-141 m1=2/25008 i1=290 m2=-5/-26555 i2=-390 steerMode=-773/-16 iSteer=-49956 driveMode=25781/55 iDrive=339668 scale=0 wheel=75000
run=1 step=1 angle=293115 target=292412 err=-703 steer=-141 m1=2/25008 i1=362 m2=-44/-26555 i2=-408 steerMode=-773/-597 iSteer=-22765 driveMode=25781/655 iDrive=384882 scale=0 wheel=75000
run=1 step=1 angle=292588 target=292412 err=-176 steer=0 m1=0/25781 i1=607 m2=-176/-25781 i2=-215 steerMode=0/-4081 iSteer=195767 driveMode=25781/4102 iDrive=410903 scale=0 wheel=75000
run=1 step=1 angle=290654 target=292412 err=1758 steer=295 m1=0/27404 i1=760 m2=-128/-24159 i2=-137 steerMode=1622/-4488 iSteer=311503 driveMode=25781/4502 iDrive=448823 scale=0 wheel=75000
run=1 step=1 angle=288984 target=292412 err=3428 steer=686 m1=0/29552 i1=849 m2=-72/-22011 i2=-150 steerMode=3771/-2745 iSteer=349627 driveMode=25781/2780 iDrive=499335 scale=0 wheel=75000
run=1 step=1 angle=287842 target=292412 err=4570 steer=906 m1=18/30767 i1=904 m2=-11/-20796 i2=-195 steerMode=4986/-1251 iSteer=354665 driveMode=25781/1566 iDrive=549609 scale=0 wheel=75000
run=1 step=1 angle=289951 target=292412 err=2461 steer=586 m1=512/29006 i1=369 m2=-293/-22556 i2=-648 steerMode=3225/6825 iSteer=-139198 driveMode=25781/16610 iDrive=508434 scale=0 wheel=75000
run=1 step=1 angle=291357 target=292412 err=1055 steer=219 m1=736/26983 i1=410 m2=-635/-24579 i2=-435 steerMode=1202/2159 iSteer=-12491 driveMode=25781/33761 iDrive=422450 scale=0 wheel=75000
run=1 step=1 angle=292236 target=292412 err=176 steer=0 m1=899/25781 i1=291 m2=-838/-25781 i2=-391 steerMode=0/1635 iSteer=-49906 driveMode=25781/44715 iDrive=341144 scale=0 wheel=75000
run=1 step=1 angle=292588 target=292412 err=-176 steer=0 m1=1006/25781 i1=254 m2=-992/-25781 i2=-270 steerMode=0/737 iSteer=-7731 driveMode=25781/51870 iDrive=262076 scale=0 wheel=75000
run=1 step=1 angle=293027 target=292412 err=-615 steer=-60 m1=1048/25451 i1=157 m2=-1015/-26111 i2=-235 steerMode=-330/988 iSteer=-38913 driveMode=25781/54587 iDrive=195766 scale=0 wheel=75000
run=1 step=1 angle=293643 target=292412 err=-1230 steer=-246 m1=964/24428 i1=132 m2=-971/-27135 i2=-183 steerMode=-1354/-405 iSteer=-25238 driveMode=25781/51834 iDrive=157486 scale=0 wheel=75000
run=1 step=1 angle=293467 target=292412 err=-1055 steer=-211 m1=893/24621 i1=109 m2=-848/-26941 i2=-162 steerMode=-1160/-232 iSteer=-26285 driveMode=25781/47349 iDrive=135537 scale=0 wheel=75000
run=1 step=1 angle=293379 target=292412 err=-967 steer=-193 m1=791/24718 i1=96 m2=-775/-26845 i2=-143 steerMode=-1063/-238 iSteer=-23479 driveMode=25781/43212 iDrive=119817 scale=0 wheel=75000
run=1 step=1 angle=293203 target=292412 err=-791 steer=-158 m1=717/24911 i1=98 m2=-733/-26651 i2=-129 steerMode=-870/-243 iSteer=-15722 driveMode=25781/38733 iDrive=113699 scale=0 wheel=75000
run=1 step=1 angle=292852 target=292412 err=-439 steer=0 m1=638/25781 i1=112 m2=-662/-25781 i2=-116 steerMode=0/325 iSteer=-1898 driveMode=25781/34598 iDrive=113830 scale=0 wheel=75000
run=1 step=1 angle=293027 target=292412 err=-615 steer=-123 m1=565/25104 i1=100 m2=-557/-26458 i2=-146 steerMode=-677/22 iSteer=-23469 driveMode=25781/30245 iDrive=122980 scale=0 wheel=75000
run=1 step=1 angle=292939 target=292412 err=-527 steer=-25 m1=481/25644 i1=143 m2=-513/-25919 i2=-128 steerMode=-138/-61 iSteer=7712 driveMode=25781/26740 iDrive=135719 scale=0 wheel=75000
run=1 step=1 angle=292939 target=292412 err=-527 steer=-105 m1=452/25201 i1=128 m2=-436/-26361 i2=-168 steerMode=-580/20 iSteer=-20114 driveMode=25781/24439 iDrive=147923 scale=0 wheel=75000
run=1 step=1 angle=293115 target=292412 err=-703 steer=-141 m1=439/25008 i1=140 m2=-388/-26555 i2=-181 steerMode=-773/-192 iSteer=-20624 driveMode=25781/22774 iDrive=160470 scale=0 wheel=75000
run=1 step=1 angle=293027 target=292412 err=-615 steer=-123 m1=414/25104 i1=155 m2=-411/-26458 i2=-186 steerMode=-677/-222 iSteer=-15611 driveMode=25781/22055 iDrive=170411 scale=0 wheel=75000
run=1 step=1 angle=292939 target=292412 err=-527 steer=-118 m1=405/25132 i1=152 m2=-390/-26431 i2=-211 steerMode=-649/49 iSteer=-29658 driveMode=25781/21283 iDrive=181694 scale=0 wheel=75000
run=1 step=1 angle=293027 target=292412 err=-615 steer=-123 m1=431/25104 i1=167 m2=-377/-26458 i2=-212 steerMode=-677/-152 iSteer=-22597 driveMode=25781/21378 iDrive=189635 scale=0 wheel=75000
run=1 step=1 angle=292939 target=292412 err=-527 steer=-105 m1=405/25201 i1=179 m2=-429/-26361 i2=-212 steerMode=-580/-206 iSteer=-16758 driveMode=25781/21830 iDrive=195530 scale=0 wheel=75000
run=1 step=1 angle=292939 target=292412 err=-527 steer=-95 m1=460/25259 i1=143 m2=-423/-26304 i2=-255 steerMode=-523/616 iSteer=-55945 driveMode=25781/22388 iDrive=199365 scale=0 wheel=75000
run=1 step=1 angle=292939 target=292412 err=-527 steer=-105 m1=420/25201 i1=191 m2=-446/-26361 i2=-219 steerMode=-580/-322 iSteer=-13909 driveMode=25781/22529 iDrive=204706 scale=0 wheel=75000
run=1 step=1 angle=292939 target=292412 err=-527 steer=-105 m1=477/25201 i1=171 m2=-469/-26361 i2=-246 steerMode=-580/121 iSteer=-37507 driveMode=25781/22878 iDrive=208770 scale=0 wheel=75000
run=1 step=1 angle=292939 target=292412 err=-527 steer=-105 m1=422/25201 i1=200 m2=-469/-26361 i2=-218 steerMode=-580/-466 iSteer=-8973 driveMode=25781/23743 iDrive=209201 scale=0 wheel=75000
run=1 step=1 angle=292939 target=292412 err=-527 steer=-5 m1=439/25754 i1=187 m2=-471/-25809 i2=-230 steerMode=-28/322 iSteer=-21127 driveMode=25781/24513 iDrive=208491 scale=0 wheel=75000
run=1 step=1 angle=292939 target=292412 err=-527 steer=-105 m1=466/25201 i1=193 m2=-473/-26361 i2=-222 steerMode=-580/-375 iSteer=-14924 driveMode=25781/24995 iDrive=207567 scale=0 wheel=75000
run=1 step=1 angle=293203 target=292412 err=-791 steer=-158 m1=481/24911 i1=187 m2=-457/-26651 i2=-224 steerMode=-870/-607 iSteer=-18408 driveMode=25781/25673 iDrive=205221 scale=0 wheel=75000
run=1 step=1 angle=293203 target=292412 err=-791 steer=-158 m1=479/24911 i1=160 m2=-488/-26651 i2=-258 steerMode=-870/-34 iSteer=-49108 driveMode=25781/25090 iDrive=208661 scale=0 wheel=75000
run=1 step=1 angle=293203 target=292412 err=-791 steer=-166 m1=487/24869 i1=174 m2=-467/-26693 i2=-255 steerMode=-912/-282 iSteer=-40962 driveMode=25781/24339 iDrive=214502 scale=0 wheel=75000
STEP_OK: step=1 target=75 measured=73161 angleErr=-879
STEP_START: step=2 target=150
run=1 step=2 angle=293291 target=292412 err=-879 steer=-176 m1=483/24814 i1=197 m2=-496/-26748 i2=-228 steerMode=-967/-862 iSteer=-15971 driveMode=25781/25149 iDrive=212525 scale=0 wheel=75000
run=1 step=2 angle=293203 target=292412 err=-791 steer=-158 m1=263/5042 i1=-111 m2=-264/-6783 i2=55 steerMode=-870/-333 iSteer=-28054 driveMode=5912/17609 iDrive=-82865 scale=0 wheel=17200
run=1 step=2 angle=293203 target=292412 err=-791 steer=-158 m1=4/11505 i1=25 m2=-49/-13245 i2=-3 steerMode=-870/-1132 iSteer=10864 driveMode=12375/4214 iDrive=14213 scale=0 wheel=36000
run=1 step=2 angle=293203 target=292412 err=-791 steer=-158 m1=0/17967 i1=52 m2=0/-19708 i2=-138 steerMode=-870/-80 iSteer=-43056 driveMode=18838/60 iDrive=95255 scale=0 wheel=54800
run=1 step=2 angle=293203 target=292412 err=-791 steer=-158 m1=0/24499 i1=122 m2=0/-26239 i2=-218 steerMode=-870/-34 iSteer=-47782 driveMode=25369/34 iDrive=170126 scale=0 wheel=73800
run=1 step=2 angle=293203 target=292412 err=-791 steer=-158 m1=0/30961 i1=206 m2=-5/-32701 i2=-307 steerMode=-870/-27 iSteer=-50500 driveMode=31831/32 iDrive=256291 scale=0 wheel=92600
run=1 step=2 angle=293203 target=292412 err=-791 steer=-158 m1=0/37423 i1=304 m2=-5/-39164 i2=-404 steerMode=-870/-87 iSteer=-49839 driveMode=38294/94 iDrive=354241 scale=0 wheel=111399
run=1 step=2 angle=292500 target=292412 err=-88 steer=-15 m1=71/44671 i1=562 m2=-233/-44841 i2=-325 steerMode=-85/-2649 iSteer=118355 driveMode=44756/3929 iDrive=443393 scale=0 wheel=130199
run=1 step=2 angle=291885 target=292412 err=527 steer=10 m1=414/51273 i1=407 m2=-398/-51163 i2=-535 steerMode=55/1168 iSteer=-64346 driveMode=51218/18651 iDrive=470908 scale=0 wheel=148999
run=1 step=2 angle=291973 target=292412 err=439 steer=0 m1=738/51563 i1=423 m2=-708/-51563 i2=-457 steerMode=0/175 iSteer=-16883 driveMode=51563/34430 iDrive=440043 scale=0 wheel=150000
run=1 step=2 angle=291797 target=292412 err=615 steer=123 m1=977/52239 i1=408 m2=-928/-50886 i2=-368 steerMode=677/126 iSteer=20116 driveMode=51563/48508 iDrive=387647 scale=0 wheel=150000
run=1 step=2 angle=292324 target=292412 err=88 steer=0 m1=1150/51563 i1=300 m2=-1164/-51563 i2=-359 steerMode=0/424 iSteer=-29600 driveMode=51563/59096 iDrive=329588 scale=0 wheel=150000
run=1 step=2 angle=292500 target=292412 err=-88 steer=0 m1=1293/51563 i1=246 m2=-1227/-51563 i2=-302 steerMode=0/370 iSteer=-27916 driveMode=51563/65999 iDrive=273735 scale=0 wheel=150000
run=1 step=2 angle=292236 target=292412 err=176 steer=0 m1=1299/51563 i1=189 m2=-1321/-51563 i2=-269 steerMode=0/581 iSteer=-39876 driveMode=51563/68822 iDrive=228882 scale=0 wheel=150000
run=1 step=2 angle=292324 target=292412 err=88 steer=0 m1=1322/51563 i1=170 m2=-1290/-51563 i2=-218 steerMode=0/243 iSteer=-24017 driveMode=51563/69175 iDrive=194273 scale=0 wheel=150000
run=1 step=2 angle=292324 target=292412 err=88 steer=0 m1=1270/51563 i1=144 m2=-1292/-51563 i2=-192 steerMode=0/208 iSteer=-24174 driveMode=51563/68063 iDrive=167729 scale=0 wheel=150000
run=1 step=2 angle=292500 target=292412 err=-88 steer=0 m1=1219/51563 i1=129 m2=-1214/-51563 i2=-176 steerMode=0/185 iSteer=-23233 driveMode=51563/65361 iDrive=152677 scale=0 wheel=150000
run=1 step=2 angle=293203 target=292412 err=-791 steer=-158 m1=1104/50692 i1=70 m2=-1107/-52433 i2=-249 steerMode=-870/592 iSteer=-89712 driveMode=51563/59860 iDrive=159345 scale=0 wheel=150000
run=1 step=2 angle=292764 target=292412 err=-352 steer=0 m1=1065/51563 i1=150 m2=-1041/-51563 i2=-184 steerMode=0/4 iSteer=-17292 driveMode=51563/55956 iDrive=166949 scale=0 wheel=150000
run=1 step=2 angle=292764 target=292412 err=-352 steer=-68 m1=1002/51188 i1=157 m2=-1001/-51937 i2=-191 steerMode=-374/-414 iSteer=-17239 driveMode=51563/53467 iDrive=173994 scale=0 wheel=150000
run=1 step=2 angle=292764 target=292412 err=-352 steer=0 m1=1019/51563 i1=156 m2=-948/-51563 i2=-197 steerMode=0/41 iSteer=-20438 driveMode=51563/52437 iDrive=176851 scale=0 wheel=150000
run=1 step=2 angle=292676 target=292412 err=-264 steer=0 m1=981/51563 i1=167 m2=-988/-51563 i2=-188 steerMode=0/-159 iSteer=-10416 driveMode=51563/52068 iDrive=177403 scale=0 wheel=150000
run=1 step=2 angle=292764 target=292412 err=-352 steer=0 m1=977/51563 i1=144 m2=-932/-51563 i2=-219 steerMode=0/374 iSteer=-37680 driveMode=51563/51205 iDrive=181464 scale=0 wheel=150000
run=1 step=2 angle=292852 target=292412 err=-439 steer=0 m1=931/51563 i1=171 m2=-934/-51563 i2=-209 steerMode=0/-12 iSteer=-19078 driveMode=51563/49914 iDrive=189804 scale=0 wheel=150000
run=1 step=2 angle=292852 target=292412 err=-439 steer=0 m1=927/51563 i1=172 m2=-936/-51563 i2=-222 steerMode=0/102 iSteer=-24820 driveMode=51563/49295 iDrive=196695 scale=0 wheel=150000
run=1 step=2 angle=292939 target=292412 err=-527 steer=-105 m1=937/50982 i1=154 m2=-961/-52143 i2=-246 steerMode=-580/-60 iSteer=-46466 driveMode=51563/49443 iDrive=200013 scale=0 wheel=150000
run=1 step=2 angle=292764 target=292412 err=-352 steer=0 m1=927/51563 i1=180 m2=-940/-51563 i2=-232 steerMode=0/102 iSteer=-25929 driveMode=51563/49037 iDrive=206403 scale=0 wheel=150000
run=1 step=2 angle=292764 target=292412 err=-352 steer=0 m1=935/51563 i1=198 m2=-928/-51563 i2=-227 steerMode=0/-132 iSteer=-14248 driveMode=51563/48815 iDrive=212742 scale=0 wheel=150000
STEP_OK: step=2 target=150 measured=141737 angleErr=-439
STEP_START: step=3 target=250
run=1 step=3 angle=292852 target=292412 err=-439 steer=0 m1=661/5431 i1=-222 m2=-676/-5431 i2=204 steerMode=0/173 iSteer=-8948 driveMode=5431/38236 iDrive=-213022 scale=0 wheel=15800
run=1 step=3 angle=293467 target=292412 err=-1055 steer=-203 m1=213/10844 i1=-141 m2=-283/-13081 i2=61 steerMode=-1118/-379 iSteer=-40369 driveMode=11963/15540 iDrive=-100996 scale=0 wheel=34800
run=1 step=3 angle=293379 target=292412 err=-967 steer=-193 m1=20/17293 i1=-39 m2=-9/-19420 i2=-80 steerMode=-1063/32 iSteer=-59631 driveMode=18356/865 iDrive=20561 scale=0 wheel=53400
run=1 step=3 angle=293379 target=292412 err=-967 steer=-193 m1=0/23755 i1=38 m2=0/-25882 i2=-157 steerMode=-1063/-23 iSteer=-59765 driveMode=24819/1 iDrive=97624 scale=0 wheel=72200
run=1 step=3 angle=293379 target=292412 err=-967 steer=-193 m1=0/30286 i1=121 m2=0/-32413 i2=-246 steerMode=-1063/-34 iSteer=-62203 driveMode=31350/46 iDrive=183502 scale=0 wheel=91200
run=1 step=3 angle=293467 target=292412 err=-1055 steer=-198 m1=2/36721 i1=213 m2=0/-38903 i2=-349 steerMode=-1091/1 iSteer=-68383 driveMode=37812/45 iDrive=280888 scale=0 wheel=110000
run=1 step=3 angle=293379 target=292412 err=-967 steer=-193 m1=0/43211 i1=390 m2=-185/-45338 i2=-375 steerMode=-1063/-1541 iSteer=7326 driveMode=44275/1525 iDrive=382642 scale=0 wheel=128799
run=1 step=3 angle=292500 target=292412 err=-88 steer=0 m1=0/50737 i1=691 m2=-178/-50737 i2=-276 steerMode=0/-4314 iSteer=207328 driveMode=50737/4323 iDrive=483551 scale=0 wheel=147599
run=1 step=3 angle=290479 target=292412 err=1934 steer=340 m1=14/59070 i1=954 m2=-233/-55330 i2=-255 steerMode=1870/-4991 iSteer=349527 driveMode=57200/5257 iDrive=604050 scale=0 wheel=166399
run=1 step=3 angle=290566 target=292412 err=1846 steer=372 m1=621/65706 i1=536 m2=-455/-61618 i2=-723 steerMode=2044/4155 iSteer=-93384 driveMode=63662/24282 iDrive=629432 scale=0 wheel=185198
run=1 step=3 angle=291357 target=292412 err=1055 steer=211 m1=1023/71285 i1=587 m2=-946/-68964 i2=-619 steerMode=1160/1652 iSteer=-16040 driveMode=70124/47579 iDrive=602722 scale=0 wheel=203998
run=1 step=3 angle=291797 target=292412 err=615 steer=123 m1=1418/77264 i1=553 m2=-1403/-75910 i2=-544 steerMode=677/739 iSteer=4633 driveMode=76587/70205 iDrive=548669 scale=0 wheel=222798
run=1 step=3 angle=292412 target=292412 err=0 steer=10 m1=1795/83107 i1=458 m2=-1811/-82992 i2=-496 steerMode=58/590 iSteer=-19205 driveMode=83049/90574 iDrive=476946 scale=0 wheel=241598
run=1 step=3 angle=292324 target=292412 err=88 steer=45 m1=2071/86188 i1=359 m2=-2037/-85687 i2=-423 steerMode=250/1005 iSteer=-31847 driveMode=85938/105631 iDrive=390859 scale=0 wheel=250000
run=1 step=3 angle=292412 target=292412 err=0 steer=0 m1=2226/85938 i1=265 m2=-2210/-85938 i2=-329 steerMode=0/706 iSteer=-31877 driveMode=85938/115047 iDrive=296645 scale=0 wheel=250000
run=1 step=3 angle=293115 target=292412 err=-703 steer=-10 m1=2272/85883 i1=185 m2=-2263/-85993 i2=-248 steerMode=-55/603 iSteer=-31422 driveMode=85938/119238 iDrive=216286 scale=0 wheel=250000
run=1 step=3 angle=293203 target=292412 err=-791 steer=-158 m1=2241/85067 i1=97 m2=-2231/-86808 i2=-221 steerMode=-870/360 iSteer=-61990 driveMode=85938/118262 iDrive=158705 scale=0 wheel=250000
run=1 step=3 angle=293115 target=292412 err=-703 steer=-136 m1=2153/85192 i1=105 m2=-2164/-86683 i2=-134 steerMode=-746/-494 iSteer=-14615 driveMode=85938/114722 iDrive=119428 scale=0 wheel=250000
run=1 step=3 angle=293115 target=292412 err=-703 steer=-35 m1=2067/85745 i1=48 m2=-2060/-86130 i2=-149 steerMode=-193/767 iSteer=-50543 driveMode=85938/109160 iDrive=98662 scale=0 wheel=250000
run=1 step=3 angle=292939 target=292412 err=-527 steer=-95 m1=1948/85415 i1=41 m2=-1934/-86460 i2=-151 steerMode=-523/488 iSteer=-55196 driveMode=85938/102218 iDrive=96150 scale=0 wheel=250000
run=1 step=3 angle=292939 target=292412 err=-527 steer=-10 m1=1785/85883 i1=84 m2=-1786/-85993 i2=-128 steerMode=-55/269 iSteer=-22049 driveMode=85938/95500 iDrive=105608 scale=0 wheel=250000
run=1 step=3 angle=293115 target=292412 err=-703 steer=-138 m1=1669/85177 i1=97 m2=-1677/-86698 i2=-160 steerMode=-760/-293 iSteer=-31619 driveMode=85938/88603 iDrive=128744 scale=0 wheel=250000
run=1 step=3 angle=293555 target=292412 err=-1143 steer=-229 m1=1538/84681 i1=119 m2=-1553/-87194 i2=-207 steerMode=-1257/-584 iSteer=-44011 driveMode=85938/82147 iDrive=163134 scale=0 wheel=250000
run=1 step=3 angle=292852 target=292412 err=-439 steer=-90 m1=1515/85440 i1=161 m2=-1474/-86435 i2=-209 steerMode=-498/-230 iSteer=-23951 driveMode=85938/79657 iDrive=185173 scale=0 wheel=250000
run=1 step=3 angle=293291 target=292412 err=-879 steer=-65 m1=1481/85580 i1=160 m2=-1503/-86295 i2=-245 steerMode=-358/275 iSteer=-42609 driveMode=85938/78785 iDrive=202117 scale=0 wheel=250000
run=1 step=3 angle=292764 target=292412 err=-352 steer=0 m1=1498/85938 i1=199 m2=-1470/-85938 i2=-234 steerMode=0/115 iSteer=-17915 driveMode=85938/78614 iDrive=216523 scale=0 wheel=250000
run=1 step=3 angle=293027 target=292412 err=-615 steer=-110 m1=1487/85330 i1=147 m2=-1501/-86545 i2=-318 steerMode=-608/815 iSteer=-85453 driveMode=85938/78176 iDrive=232844 scale=0 wheel=250000
run=1 step=3 angle=293027 target=292412 err=-615 steer=-123 m1=1500/85261 i1=211 m2=-1524/-86614 i2=-271 steerMode=-677/-385 iSteer=-30035 driveMode=85938/79251 iDrive=240840 scale=0 wheel=250000
run=1 step=3 angle=292939 target=292412 err=-527 steer=-5 m1=1527/85910 i1=212 m2=-1539/-85965 i2=-274 steerMode=-28/264 iSteer=-30887 driveMode=85938/81067 iDrive=242649 scale=0 wheel=250000
run=1 step=3 angle=293203 target=292412 err=-791 steer=-158 m1=1565/85067 i1=202 m2=-1545/-86808 i2=-294 steerMode=-870/-305 iSteer=-45887 driveMode=85938/81663 iDrive=247860 scale=0 wheel=250000
STEP_OK: step=3 target=250 measured=238939 angleErr=-967
STEP_START: step=4 target=350
run=1 step=4 angle=293115 target=292412 err=-703 steer=-133 m1=1408/2568 i1=-390 m2=-1396/-4032 i2=370 steerMode=-732/-529 iSteer=-10081 driveMode=3300/69883 iDrive=-379681 scale=0 wheel=9600
run=1 step=4 angle=293203 target=292412 err=-791 steer=-158 m1=755/8892 i1=-389 m2=-737/-10633 i2=272 steerMode=-870/268 iSteer=-58843 driveMode=9763/46224 iDrive=-330615 scale=0 wheel=28400
run=1 step=4 angle=292764 target=292412 err=-352 steer=0 m1=232/16225 i1=-182 m2=-201/-16225 i2=197 steerMode=0/-185 iSteer=7078 driveMode=16225/17734 iDrive=-189534 scale=0 wheel=47200
run=1 step=4 angle=292852 target=292412 err=-439 steer=0 m1=14/22688 i1=-63 m2=-15/-22688 i2=37 steerMode=0/195 iSteer=-12888 driveMode=22688/1084 iDrive=-49629 scale=0 wheel=66000
run=1 step=4 angle=292852 target=292412 err=-439 steer=0 m1=0/29219 i1=35 m2=0/-29219 i2=-40 steerMode=0/-15 iSteer=-2254 driveMode=29219/3 iDrive=37437 scale=0 wheel=85000
run=1 step=4 angle=292852 target=292412 err=-439 steer=0 m1=0/35750 i1=130 m2=-5/-35750 i2=-134 steerMode=0/-20 iSteer=-1974 driveMode=35750/22 iDrive=131811 scale=0 wheel=104000
run=1 step=4 angle=292852 target=292412 err=-439 steer=0 m1=-3/42281 i1=235 m2=0/-42281 i2=-242 steerMode=0/12 iSteer=-3645 driveMode=42281/23 iDrive=238537 scale=0 wheel=122999
run=1 step=4 angle=292852 target=292412 err=-439 steer=0 m1=-3/48812 i1=357 m2=0/-48812 i2=-359 steerMode=0/-41 iSteer=-923 driveMode=48812/44 iDrive=357722 scale=0 wheel=141999
run=1 step=4 angle=292852 target=292412 err=-439 steer=0 m1=0/55343 i1=487 m2=0/-55343 i2=-492 steerMode=0/-17 iSteer=-2053 driveMode=55343/17 iDrive=489537 scale=0 wheel=160999
run=1 step=4 angle=292852 target=292412 err=-439 steer=0 m1=2/61875 i1=631 m2=-3/-61875 i2=-635 steerMode=0/-15 iSteer=-2090 driveMode=61875/61 iDrive=633409 scale=0 wheel=179999
run=1 step=4 angle=292852 target=292412 err=-439 steer=0 m1=0/68406 i1=790 m2=-5/-68406 i2=-789 steerMode=0/-64 iSteer=461 driveMode=68406/81 iDrive=789745 scale=0 wheel=198998
run=1 step=4 angle=292236 target=292412 err=176 steer=0 m1=443/74937 i1=1040 m2=-513/-74937 i2=-699 steerMode=0/-3307 iSteer=170519 driveMode=74937/16153 iDrive=869151 scale=0 wheel=217998
run=1 step=4 angle=292236 target=292412 err=176 steer=0 m1=1173/81399 i1=735 m2=-1143/-81399 i2=-854 steerMode=0/1264 iSteer=-59822 driveMode=81399/53583 iDrive=794559 scale=0 wheel=236798
run=1 step=4 angle=292061 target=292412 err=352 steer=0 m1=1768/87862 i1=661 m2=-1786/-87862 i2=-707 steerMode=0/510 iSteer=-22898 driveMode=87862/87171 iDrive=684077 scale=0 wheel=255598
run=1 step=4 angle=292500 target=292412 err=-88 steer=0 m1=2253/94325 i1=551 m2=-2256/-94325 i2=-577 steerMode=0/278 iSteer=-13088 driveMode=94325/113799 iDrive=564050 scale=0 wheel=274399
run=1 step=4 angle=292676 target=292412 err=-264 steer=0 m1=2603/100787 i1=424 m2=-2570/-100787 i2=-475 steerMode=0/506 iSteer=-25715 driveMode=100787/133179 iDrive=449305 scale=0 wheel=293200
run=1 step=4 angle=293379 target=292412 err=-967 steer=-193 m1=2787/106187 i1=319 m2=-2788/-108314 i2=-395 steerMode=-1063/-361 iSteer=-38350 driveMode=107250/144756 iDrive=357041 scale=0 wheel=312001
run=1 step=4 angle=293027 target=292412 err=-615 steer=-15 m1=2935/113562 i1=268 m2=-2953/-113727 i2=-284 steerMode=-83/13 iSteer=-7824 driveMode=113644/152891 iDrive=276306 scale=0 wheel=330602
run=1 step=4 angle=292676 target=292412 err=-264 steer=-10 m1=2990/119983 i1=181 m2=-2968/-120093 i2=-258 steerMode=-55/620 iSteer=-38432 driveMode=120038/156356 iDrive=219748 scale=0 wheel=349203
run=1 step=4 angle=293027 target=292412 err=-615 steer=-70 m1=2967/119928 i1=110 m2=-2928/-120698 i2=-200 steerMode=-385/393 iSteer=-44937 driveMode=120313/156137 iDrive=154822 scale=0 wheel=350000
run=1 step=4 angle=293291 target=292412 err=-879 steer=-203 m1=2864/119194 i1=72 m2=-2916/-121431 i2=-152 steerMode=-1118/-487 iSteer=-39831 driveMode=120313/152080 iDrive=111870 scale=0 wheel=350000
run=1 step=4 angle=293027 target=292412 err=-615 steer=-55 m1=2753/120007 i1=72 m2=-2725/-120618 i2=-99 steerMode=-305/-208 iSteer=-13086 driveMode=120313/146510 iDrive=85449 scale=0 wheel=350000
run=1 step=4 angle=292676 target=292412 err=-264 steer=0 m1=2622/120313 i1=36 m2=-2602/-120313 i2=-129 steerMode=0/731 iSteer=-46403 driveMode=120313/138750 iDrive=82582 scale=0 wheel=350000
run=1 step=4 angle=293115 target=292412 err=-703 steer=-80 m1=2481/119873 i1=44 m2=-2484/-120753 i2=-137 steerMode=-440/263 iSteer=-46301 driveMode=120313/131556 iDrive=90771 scale=0 wheel=350000
run=1 step=4 angle=293203 target=292412 err=-791 steer=-136 m1=2303/119567 i1=81 m2=-2327/-121058 i2=-158 steerMode=-746/-245 iSteer=-38628 driveMode=120313/123248 iDrive=119284 scale=0 wheel=350000
run=1 step=4 angle=292764 target=292412 err=-352 steer=-43 m1=2230/120075 i1=154 m2=-2235/-120550 i2=-132 steerMode=-238/-738 iSteer=11026 driveMode=120313/118461 iDrive=142991 scale=0 wheel=350000
run=1 step=4 angle=292676 target=292412 err=-264 steer=-58 m1=2182/119992 i1=118 m2=-2166/-120633 i2=-212 steerMode=-320/320 iSteer=-46811 driveMode=120313/115307 iDrive=165263 scale=0 wheel=350000
run=1 step=4 angle=292500 target=292412 err=-88 steer=0 m1=2144/120313 i1=154 m2=-2129/-120313 i2=-223 steerMode=0/369 iSteer=-34555 driveMode=120313/112890 iDrive=188816 scale=0 wheel=350000
run=1 step=4 angle=292939 target=292412 err=-527 steer=-40 m1=2128/120093 i1=168 m2=-2101/-120533 i2=-255 steerMode=-220/305 iSteer=-43758 driveMode=120313/111486 iDrive=211357 scale=0 wheel=350000
run=1 step=4 angle=293203 target=292412 err=-791 steer=-40 m1=2119/120093 i1=178 m2=-2083/-120533 i2=-285 steerMode=-220/473 iSteer=-53223 driveMode=120313/110863 iDrive=231300 scale=0 wheel=350000
run=1 step=4 angle=293115 target=292412 err=-703 steer=-151 m1=2105/119484 i1=222 m2=-2150/-121141 i2=-265 steerMode=-828/-805 iSteer=-21113 driveMode=120313/111811 iDrive=243518 scale=0 wheel=350000
run=1 step=4 angle=292939 target=292412 err=-527 steer=-10 m1=2184/120258 i1=224 m2=-2183/-120368 i2=-267 steerMode=-55/-26 iSteer=-21140 driveMode=120313/114130 iDrive=245400 scale=0 wheel=350000
STEP_OK: step=4 target=350 measured=336852 angleErr=-439
STOP: staircase complete
