START: angle=292236 target=292236 wheelTarget=30 step=0 count=3
run=1 step=0 angle=292236 target=292236 err=0 steer=0 m1=0/6875 i1=41 m2=0/-6875 i2=-41 steerMode=0/0 iSteer=0 driveMode=6875/0 iDrive=41333 scale=0 wheel=20000
run=1 step=0 angle=292236 target=292236 err=0 steer=0 m1=0/10313 i1=77 m2=0/-10313 i2=-76 steerMode=0/-17 iSteer=880 driveMode=10313/17 iDrive=76585 scale=0 wheel=30000
run=1 step=0 angle=292236 target=292236 err=0 steer=0 m1=0/10313 i1=97 m2=0/-10313 i2=-96 steerMode=0/-8 iSteer=452 driveMode=10313/3 iDrive=96440 scale=0 wheel=30000
run=1 step=0 angle=292236 target=292236 err=0 steer=0 m1=0/10313 i1=117 m2=0/-10313 i2=-116 steerMode=0/-7 iSteer=442 driveMode=10313/7 iDrive=116215 scale=0 wheel=30000
run=1 step=0 angle=292236 target=292236 err=0 steer=0 m1=0/10313 i1=136 m2=0/-10313 i2=-136 steerMode=0/0 iSteer=126 driveMode=10313/1 iDrive=136023 scale=0 wheel=30000
run=1 step=0 angle=292236 target=292236 err=0 steer=0 m1=0/10313 i1=156 m2=0/-10313 i2=-155 steerMode=0/-5 iSteer=396 driveMode=10313/5 iDrive=155785 scale=0 wheel=30000
run=1 step=0 angle=292236 target=292236 err=0 steer=0 m1=0/10313 i1=176 m2=0/-10313 i2=-175 steerMode=0/0 iSteer=122 driveMode=10313/0 iDrive=175605 scale=0 wheel=30000
run=1 step=0 angle=292236 target=292236 err=0 steer=0 m1=0/10313 i1=196 m2=0/-10313 i2=-195 steerMode=0/-12 iSteer=738 driveMode=10313/-10 iDrive=195436 scale=0 wheel=30000
run=1 step=0 angle=292236 target=292236 err=0 steer=0 m1=0/10313 i1=216 m2=0/-10313 i2=-214 steerMode=0/-9 iSteer=623 driveMode=10313/9 iDrive=214927 scale=0 wheel=30000
run=1 step=0 angle=292236 target=292236 err=0 steer=0 m1=0/10313 i1=236 m2=0/-10313 i2=-233 steerMode=0/-23 iSteer=1347 driveMode=10313/24 iDrive=234637 scale=0 wheel=30000
run=1 step=0 angle=292236 target=292236 err=0 steer=0 m1=0/10313 i1=255 m2=0/-10313 i2=-254 steerMode=0/-1 iSteer=260 driveMode=10313/0 iDrive=254344 scale=0 wheel=30000
run=1 step=0 angle=292236 target=292236 err=0 steer=0 m1=0/10313 i1=275 m2=-3/-10313 i2=-273 steerMode=0/-24 iSteer=1424 driveMode=10313/31 iDrive=273973 scale=0 wheel=30000
run=1 step=0 angle=292236 target=292236 err=0 steer=0 m1=0/10313 i1=294 m2=0/-10313 i2=-293 steerMode=0/0 iSteer=249 driveMode=10313/2 iDrive=293686 scale=0 wheel=30000
run=1 step=0 angle=292236 target=292236 err=0 steer=0 m1=0/10313 i1=314 m2=0/-10313 i2=-313 steerMode=0/0 iSteer=225 driveMode=10313/1 iDrive=313487 scale=0 wheel=30000
run=1 step=0 angle=292236 target=292236 err=0 steer=0 m1=2/10313 i1=332 m2=0/-10313 i2=-334 steerMode=0/24 iSteer=-948 driveMode=10313/54 iDrive=332986 scale=0 wheel=30000
run=1 step=0 angle=292236 target=292236 err=0 steer=0 m1=0/10313 i1=354 m2=0/-10313 i2=-352 steerMode=0/-16 iSteer=807 driveMode=10313/-15 iDrive=352772 scale=0 wheel=30000
run=1 step=0 angle=292236 target=292236 err=0 steer=0 m1=0/10313 i1=373 m2=0/-10313 i2=-372 steerMode=0/-7 iSteer=419 driveMode=10313/7 iDrive=372255 scale=0 wheel=30000
run=1 step=0 angle=292236 target=292236 err=0 steer=0 m1=0/10313 i1=393 m2=-5/-10313 i2=-391 steerMode=0/-19 iSteer=1013 driveMode=10313/19 iDrive=391990 scale=0 wheel=30000
run=1 step=0 angle=292236 target=292236 err=0 steer=0 m1=0/10313 i1=412 m2=0/-10313 i2=-412 steerMode=0/-1 iSteer=130 driveMode=10313/1 iDrive=411652 scale=0 wheel=30000
run=1 step=0 angle=292236 target=292236 err=0 steer=0 m1=0/10313 i1=432 m2=0/-10313 i2=-431 steerMode=0/-4 iSteer=304 driveMode=10313/4 iDrive=431428 scale=0 wheel=30000
run=1 step=0 angle=292236 target=292236 err=0 steer=0 m1=0/10313 i1=451 m2=0/-10313 i2=-451 steerMode=0/-2 iSteer=220 driveMode=10313/5 iDrive=451203 scale=0 wheel=30000
run=1 step=0 angle=292236 target=292236 err=0 steer=0 m1=0/10313 i1=471 m2=0/-10313 i2=-471 steerMode=0/0 iSteer=136 driveMode=10313/0 iDrive=471026 scale=0 wheel=30000
run=1 step=0 angle=292236 target=292236 err=0 steer=0 m1=0/10313 i1=491 m2=0/-10313 i2=-491 steerMode=0/0 iSteer=135 driveMode=10313/0 iDrive=490825 scale=0 wheel=30000
run=1 step=0 angle=292236 target=292236 err=0 steer=0 m1=0/10313 i1=511 m2=0/-10313 i2=-510 steerMode=0/-6 iSteer=463 driveMode=10313/5 iDrive=510573 scale=0 wheel=30000
run=1 step=0 angle=292236 target=292236 err=0 steer=0 m1=0/10313 i1=531 m2=0/-10313 i2=-530 steerMode=0/0 iSteer=166 driveMode=10313/0 iDrive=530395 scale=0 wheel=30000
run=1 step=0 angle=292236 target=292236 err=0 steer=0 m1=0/10313 i1=551 m2=0/-10313 i2=-549 steerMode=0/-11 iSteer=726 driveMode=10313/11 iDrive=550122 scale=0 wheel=30000
run=1 step=0 angle=292236 target=292236 err=0 steer=0 m1=0/10313 i1=570 m2=0/-10313 i2=-570 steerMode=0/0 iSteer=192 driveMode=10313/0 iDrive=569768 scale=0 wheel=30000
run=1 step=0 angle=292236 target=292236 err=0 steer=0 m1=0/10313 i1=590 m2=0/-10313 i2=-589 steerMode=0/1 iSteer=177 driveMode=10313/2 iDrive=589540 scale=0 wheel=30000
run=1 step=0 angle=292236 target=292236 err=0 steer=0 m1=0/10313 i1=610 m2=0/-10313 i2=-609 steerMode=0/-7 iSteer=597 driveMode=10313/7 iDrive=609292 scale=0 wheel=30000
run=1 step=0 angle=292236 target=292236 err=0 steer=0 m1=0/10313 i1=630 m2=0/-10313 i2=-628 steerMode=0/-14 iSteer=945 driveMode=10313/7 iDrive=629092 scale=0 wheel=30000
run=1 step=0 angle=292236 target=292236 err=0 steer=0 m1=0/10313 i1=650 m2=0/-10313 i2=-647 steerMode=0/-24 iSteer=1472 driveMode=10313/24 iDrive=648792 scale=0 wheel=30000
run=1 step=0 angle=292236 target=292236 err=0 steer=0 m1=0/10313 i1=669 m2=0/-10313 i2=-668 steerMode=0/0 iSteer=288 driveMode=10313/1 iDrive=668489 scale=0 wheel=30000
run=1 step=0 angle=292148 target=292236 err=88 steer=0 m1=0/10313 i1=689 m2=0/-10313 i2=-687 steerMode=0/-14 iSteer=988 driveMode=10313/13 iDrive=688217 scale=0 wheel=30000
run=1 step=0 angle=292148 target=292236 err=88 steer=0 m1=0/10313 i1=708 m2=0/-10313 i2=-707 steerMode=0/-2 iSteer=413 driveMode=10313/-2 iDrive=707882 scale=0 wheel=30000
run=1 step=0 angle=292148 target=292236 err=88 steer=0 m1=0/10313 i1=728 m2=0/-10313 i2=-727 steerMode=0/-3 iSteer=465 driveMode=10313/3 iDrive=727442 scale=0 wheel=30000
run=1 step=0 angle=292148 target=292236 err=88 steer=0 m1=0/10313 i1=748 m2=0/-10313 i2=-747 steerMode=0/0 iSteer=335 driveMode=10313/0 iDrive=747251 scale=0 wheel=30000
run=1 step=0 angle=292148 target=292236 err=88 steer=0 m1=0/10313 i1=767 m2=0/-10313 i2=-767 steerMode=0/0 iSteer=328 driveMode=10313/0 iDrive=767051 scale=0 wheel=30000
run=1 step=0 angle=292148 target=292236 err=88 steer=0 m1=0/10313 i1=787 m2=0/-10313 i2=-786 steerMode=0/0 iSteer=324 driveMode=10313/2 iDrive=786821 scale=0 wheel=30000
run=1 step=0 angle=292148 target=292236 err=88 steer=0 m1=0/10313 i1=807 m2=0/-10313 i2=-806 steerMode=0/0 iSteer=361 driveMode=10313/4 iDrive=806591 scale=0 wheel=30000
run=1 step=0 angle=292148 target=292236 err=88 steer=0 m1=0/10313 i1=828 m2=0/-10313 i2=-825 steerMode=0/-21 iSteer=1466 driveMode=10313/24 iDrive=826252 scale=0 wheel=30000
run=1 step=0 angle=292148 target=292236 err=88 steer=0 m1=0/10313 i1=854 m2=-19/-10313 i2=-837 steerMode=0/-161 iSteer=8554 driveMode=10313/165 iDrive=845070 scale=0 wheel=30000
run=1 step=0 angle=291094 target=292236 err=1143 steer=190 m1=550/11358 i1=882 m2=-530/-9268 i2=-610 steerMode=1045/-1471 iSteer=136300 driveMode=10313/20946 iDrive=745812 scale=0 wheel=30000
run=1 step=0 angle=291357 target=292236 err=879 steer=176 m1=1075/11279 i1=490 m2=-997/-9346 i2=-612 steerMode=967/2344 iSteer=-61132 driveMode=10313/50032 iDrive=551015 scale=0 wheel=30000
run=1 step=0 angle=292236 target=292236 err=0 steer=0 m1=1322/10313 i1=334 m2=-1254/-10313 i2=-416 steerMode=0/919 iSteer=-40746 driveMode=10313/66678 iDrive=375080 scale=0 wheel=30000
run=1 step=0 angle=292764 target=292236 err=-527 steer=-25 m1=1397/10175 i1=189 m2=-1313/-10450 i2=-272 steerMode=-138/774 iSteer=-41372 driveMode=10313/72886 iDrive=230267 scale=0 wheel=30000
run=1 step=0 angle=292852 target=292236 err=-615 steer=-126 m1=1343/9622 i1=103 m2=-1361/-11003 i2=-137 steerMode=-691/-317 iSteer=-17281 driveMode=10313/71503 iDrive=119967 scale=0 wheel=30000
run=1 step=0 angle=292588 target=292236 err=-352 steer=-5 m1=1230/10285 i1=29 m2=-1233/-10340 i2=-49 steerMode=-27/203 iSteer=-10081 driveMode=10313/65640 iDrive=39042 scale=0 wheel=30000
run=1 step=0 angle=292588 target=292236 err=-352 steer=0 m1=1027/10313 i1=-19 m2=-1034/-10313 i2=-6 steerMode=0/262 iSteer=-12302 driveMode=10313/55719 iDrive=-6492 scale=0 wheel=30000
run=1 step=0 angle=292676 target=292236 err=-439 steer=-85 m1=807/9845 i1=-57 m2=-827/-10780 i2=-15 steerMode=-468/238 iSteer=-35701 driveMode=10313/43802 iDrive=-20990 scale=0 wheel=30000
run=1 step=0 angle=292676 target=292236 err=-439 steer=0 m1=544/10313 i1=-24 m2=-507/-10313 i2=-6 steerMode=0/272 iSteer=-15435 driveMode=10313/31233 iDrive=-9015 scale=0 wheel=30000
run=1 step=0 angle=292764 target=292236 err=-527 steer=-105 m1=378/9732 i1=-20 m2=-381/-10893 i2=-59 steerMode=-580/128 iSteer=-39776 driveMode=10313/19829 iDrive=19615 scale=0 wheel=30000
run=1 step=0 angle=292764 target=292236 err=-527 steer=-105 m1=163/9732 i1=34 m2=-212/-10893 i2=-82 steerMode=-580/-214 iSteer=-24076 driveMode=10313/10407 iDrive=57938 scale=0 wheel=30000
run=1 step=0 angle=292588 target=292236 err=-352 steer=0 m1=-28/10313 i1=150 m2=-17/-10313 i2=-52 steerMode=0/-1104 iSteer=48986 driveMode=10313/2936 iDrive=101402 scale=0 wheel=30000
run=1 step=0 angle=292676 target=292236 err=-439 steer=0 m1=0/10313 i1=129 m2=0/-10313 i2=-139 steerMode=0/-18 iSteer=-4696 driveMode=10313/33 iDrive=134175 scale=0 wheel=30000
run=1 step=0 angle=292676 target=292236 err=-439 steer=0 m1=0/10313 i1=148 m2=0/-10313 i2=-159 steerMode=0/0 iSteer=-5574 driveMode=10313/0 iDrive=153919 scale=0 wheel=30000
run=1 step=0 angle=292676 target=292236 err=-439 steer=0 m1=0/10313 i1=168 m2=0/-10313 i2=-179 steerMode=0/0 iSteer=-5584 driveMode=10313/0 iDrive=173514 scale=0 wheel=30000
run=1 step=0 angle=292676 target=292236 err=-439 steer=0 m1=0/10313 i1=188 m2=0/-10313 i2=-199 steerMode=0/0 iSteer=-5584 driveMode=10313/0 iDrive=193108 scale=0 wheel=30000
run=1 step=0 angle=292676 target=292236 err=-439 steer=0 m1=0/10313 i1=207 m2=0/-10313 i2=-218 steerMode=0/0 iSteer=-5584 driveMode=10313/0 iDrive=212702 scale=0 wheel=30000
run=1 step=0 angle=292676 target=292236 err=-439 steer=0 m1=0/10313 i1=227 m2=0/-10313 i2=-238 steerMode=0/-1 iSteer=-5508 driveMode=10313/2 iDrive=232275 scale=0 wheel=30000
run=1 step=0 angle=292676 target=292236 err=-439 steer=0 m1=0/10313 i1=246 m2=0/-10313 i2=-257 steerMode=0/0 iSteer=-5572 driveMode=10313/0 iDrive=251878 scale=0 wheel=30000
run=1 step=0 angle=292676 target=292236 err=-439 steer=0 m1=0/10313 i1=266 m2=0/-10313 i2=-277 steerMode=0/-5 iSteer=-5288 driveMode=10313/0 iDrive=271455 scale=0 wheel=30000
run=1 step=0 angle=292676 target=292236 err=-439 steer=0 m1=0/10313 i1=286 m2=0/-10313 i2=-296 steerMode=0/-12 iSteer=-4908 driveMode=10313/12 iDrive=290984 scale=0 wheel=30000
run=1 step=0 angle=292676 target=292236 err=-439 steer=0 m1=0/10313 i1=305 m2=0/-10313 i2=-316 steerMode=0/-1 iSteer=-5442 driveMode=10313/-1 iDrive=310644 scale=0 wheel=30000
run=1 step=0 angle=292676 target=292236 err=-439 steer=0 m1=2/10313 i1=324 m2=0/-10313 i2=-336 steerMode=0/9 iSteer=-5913 driveMode=10313/18 iDrive=330122 scale=0 wheel=30000
run=1 step=0 angle=292676 target=292236 err=-439 steer=0 m1=0/10313 i1=345 m2=0/-10313 i2=-355 steerMode=0/-11 iSteer=-4935 driveMode=10313/12 iDrive=349724 scale=0 wheel=30000
run=1 step=0 angle=292676 target=292236 err=-439 steer=0 m1=0/10313 i1=364 m2=0/-10313 i2=-375 steerMode=0/0 iSteer=-5471 driveMode=10313/0 iDrive=369371 scale=0 wheel=30000
run=1 step=0 angle=292676 target=292236 err=-439 steer=0 m1=0/10313 i1=383 m2=0/-10313 i2=-394 steerMode=0/0 iSteer=-5471 driveMode=10313/0 iDrive=388963 scale=0 wheel=30000
run=1 step=0 angle=292676 target=292236 err=-439 steer=0 m1=0/10313 i1=403 m2=0/-10313 i2=-414 steerMode=0/-5 iSteer=-5185 driveMode=10313/5 iDrive=408512 scale=0 wheel=30000
run=1 step=0 angle=292676 target=292236 err=-439 steer=0 m1=0/10313 i1=424 m2=0/-10313 i2=-432 steerMode=0/-31 iSteer=-3867 driveMode=10313/29 iDrive=427974 scale=0 wheel=30000
run=1 step=0 angle=292676 target=292236 err=-439 steer=0 m1=0/10313 i1=443 m2=0/-10313 i2=-453 steerMode=0/-10 iSteer=-4880 driveMode=10313/10 iDrive=447640 scale=0 wheel=30000
run=1 step=0 angle=292588 target=292236 err=-352 steer=0 m1=0/10313 i1=463 m2=-3/-10313 i2=-471 steerMode=0/-29 iSteer=-3887 driveMode=10313/28 iDrive=467120 scale=0 wheel=30000
run=1 step=0 angle=292148 target=292236 err=88 steer=0 m1=0/10313 i1=583 m2=-70/-10313 i2=-365 steerMode=0/-2238 iSteer=108799 driveMode=10313/2282 iDrive=473931 scale=0 wheel=30000
run=1 step=0 angle=290918 target=292236 err=1318 steer=260 m1=0/11742 i1=762 m2=-130/-8883 i2=-193 steerMode=1430/-4104 iSteer=284886 driveMode=10313/4124 iDrive=477548 scale=0 wheel=30000
run=1 step=0 angle=288897 target=292236 err=3340 steer=668 m1=0/13986 i1=841 m2=-53/-6639 i2=-154 steerMode=3674/-2679 iSteer=343333 driveMode=10313/2677 iDrive=497487 scale=0 wheel=30000
run=1 step=0 angle=288809 target=292236 err=3428 steer=686 m1=0/14083 i1=760 m2=0/-6542 i2=-297 steerMode=3771/-82 iSteer=231564 driveMode=10313/47 iDrive=528357 scale=0 wheel=30000
run=1 step=0 angle=288809 target=292236 err=3428 steer=691 m1=0/14111 i1=788 m2=0/-6514 i2=-308 steerMode=3798/-3 iSteer=239829 driveMode=10313/0 iDrive=548165 scale=0 wheel=30000
run=1 step=0 angle=288809 target=292236 err=3428 steer=686 m1=0/14083 i1=817 m2=0/-6542 i2=-319 steerMode=3771/0 iSteer=249105 driveMode=10313/0 iDrive=567756 scale=0 wheel=30000
run=1 step=0 angle=288809 target=292236 err=3428 steer=686 m1=-3/14083 i1=847 m2=0/-6542 i2=-328 steerMode=3771/4 iSteer=259735 driveMode=10313/5 iDrive=587317 scale=0 wheel=30000
run=1 step=0 angle=288809 target=292236 err=3428 steer=686 m1=0/14083 i1=878 m2=0/-6542 i2=-336 steerMode=3771/0 iSteer=270714 driveMode=10313/0 iDrive=606947 scale=0 wheel=30000
run=1 step=0 angle=288809 target=292236 err=3428 steer=686 m1=2/14083 i1=907 m2=0/-6542 i2=-345 steerMode=3771/10 iSteer=280993 driveMode=10313/10 iDrive=626483 scale=0 wheel=30000
run=1 step=0 angle=288809 target=292236 err=3428 steer=686 m1=2/14083 i1=937 m2=0/-6542 i2=-355 steerMode=3771/25 iSteer=291007 driveMode=10313/28 iDrive=645945 scale=0 wheel=30000
run=1 step=0 angle=290918 target=292236 err=1318 steer=350 m1=518/12240 i1=452 m2=-289/-8385 i2=-705 steerMode=1927/6493 iSteer=-126346 driveMode=10313/15313 iDrive=578375 scale=0 wheel=30000
run=1 step=0 angle=292324 target=292236 err=-88 steer=0 m1=732/10313 i1=445 m2=-681/-10313 i2=-465 steerMode=0/2041 iSteer=-9846 driveMode=10313/34366 iDrive=454873 scale=0 wheel=30000
run=1 step=0 angle=293027 target=292236 err=-791 steer=-158 m1=960/9442 i1=286 m2=-888/-11183 i2=-375 steerMode=-870/1731 iSteer=-44407 driveMode=10313/47572 iDrive=330213 scale=0 wheel=30000
run=1 step=0 angle=293555 target=292236 err=-1318 steer=-264 m1=1029/8862 i1=186 m2=-1013/-11763 i2=-262 steerMode=-1450/888 iSteer=-37930 driveMode=10313/53430 iDrive=223865 scale=0 wheel=30000
run=1 step=0 angle=293555 target=292236 err=-1318 steer=-264 m1=998/8862 i1=130 m2=-1013/-11763 i2=-155 steerMode=-1450/268 iSteer=-12703 driveMode=10313/53451 iDrive=142684 scale=0 wheel=30000
run=1 step=0 angle=293730 target=292236 err=-1494 steer=-299 m1=901/8669 i1=70 m2=-863/-11956 i2=-107 steerMode=-1644/107 iSteer=-18764 driveMode=10313/48808 iDrive=88555 scale=0 wheel=30000
run=1 step=0 angle=294082 target=292236 err=-1846 steer=-369 m1=696/8282 i1=28 m2=-731/-12343 i2=-107 steerMode=-2030/1 iSteer=-39485 driveMode=10313/40056 iDrive=67965 scale=0 wheel=30000
run=1 step=0 angle=294434 target=292236 err=-2197 steer=-439 m1=546/7896 i1=29 m2=-559/-12729 i2=-96 steerMode=-2417/-602 iSteer=-33607 driveMode=10313/31589 iDrive=62570 scale=0 wheel=30000
run=1 step=0 angle=294082 target=292236 err=-1846 steer=-369 m1=452/8282 i1=40 m2=-423/-12343 i2=-96 steerMode=-2030/-413 iSteer=-27831 driveMode=10313/23991 iDrive=68254 scale=0 wheel=30000
run=1 step=0 angle=293994 target=292236 err=-1758 steer=-352 m1=288/8379 i1=71 m2=-310/-12246 i2=-89 steerMode=-1934/-775 iSteer=-9335 driveMode=10313/17716 iDrive=80073 scale=0 wheel=30000
run=1 step=0 angle=293730 target=292236 err=-1494 steer=-299 m1=213/8669 i1=58 m2=-168/-11956 i2=-138 steerMode=-1644/61 iSteer=-40037 driveMode=10313/12360 iDrive=97696 scale=0 wheel=30000
run=1 step=0 angle=293643 target=292236 err=-1406 steer=-281 m1=129/8766 i1=99 m2=-114/-11859 i2=-143 steerMode=-1547/-292 iSteer=-22101 driveMode=10313/7785 iDrive=121330 scale=0 wheel=30000
run=1 step=0 angle=293555 target=292236 err=-1318 steer=-264 m1=64/8862 i1=103 m2=-49/-11763 i2=-189 steerMode=-1450/149 iSteer=-42983 driveMode=10313/4455 iDrive=145794 scale=0 wheel=30000
run=1 step=0 angle=293643 target=292236 err=-1406 steer=-281 m1=16/8766 i1=137 m2=14/-11859 i2=-223 steerMode=-1547/-2 iSteer=-43248 driveMode=10313/519 iDrive=180056 scale=0 wheel=30000
run=1 step=0 angle=293643 target=292236 err=-1406 steer=-281 m1=0/8766 i1=158 m2=8/-11859 i2=-245 steerMode=-1547/-89 iSteer=-43695 driveMode=10313/97 iDrive=201542 scale=0 wheel=30000
run=1 step=0 angle=293643 target=292236 err=-1406 steer=-281 m1=0/8766 i1=169 m2=0/-11859 i2=-274 steerMode=-1547/0 iSteer=-52521 driveMode=10313/0 iDrive=221412 scale=0 wheel=30000
run=1 step=0 angle=293643 target=292236 err=-1406 steer=-281 m1=0/8766 i1=184 m2=0/-11859 i2=-298 steerMode=-1547/1 iSteer=-56982 driveMode=10313/1 iDrive=241001 scale=0 wheel=30000
run=1 step=0 angle=293643 target=292236 err=-1406 steer=-281 m1=0/8766 i1=199 m2=0/-11859 i2=-322 steerMode=-1547/0 iSteer=-61326 driveMode=10313/0 iDrive=260591 scale=0 wheel=30000
run=1 step=0 angle=293643 target=292236 err=-1406 steer=-281 m1=0/8766 i1=214 m2=0/-11859 i2=-346 steerMode=-1547/0 iSteer=-65748 driveMode=10313/0 iDrive=280186 scale=0 wheel=30000
STEP_FAIL: timeout step=0 target=30 measured=0 angleErr=-1406
STEP_START: step=1 target=35
run=1 step=1 angle=293643 target=292236 err=-1406 steer=-281 m1=-5/4297 i1=-39 m2=0/-7391 i2=-109 steerMode=-1547/-106 iSteer=-74357 driveMode=5844/-92 iDrive=34995 scale=0 wheel=17000
run=1 step=1 angle=293643 target=292236 err=-1406 steer=-281 m1=0/10484 i1=-1 m2=0/-13578 i2=-166 steerMode=-1547/-4 iSteer=-83675 driveMode=12031/0 iDrive=82700 scale=0 wheel=35000
run=1 step=1 angle=293643 target=292236 err=-1406 steer=-281 m1=0/10484 i1=17 m2=0/-13578 i2=-194 steerMode=-1547/-2 iSteer=-88184 driveMode=12031/2 iDrive=105534 scale=0 wheel=35000
run=1 step=1 angle=293643 target=292236 err=-1406 steer=-281 m1=0/10484 i1=38 m2=0/-13578 i2=-219 steerMode=-1547/-43 iSteer=-90509 driveMode=12031/19 iDrive=128301 scale=0 wheel=35000
run=1 step=1 angle=293643 target=292236 err=-1406 steer=-281 m1=0/10484 i1=54 m2=0/-13578 i2=-247 steerMode=-1547/-10 iSteer=-96492 driveMode=12031/10 iDrive=150952 scale=0 wheel=35000
run=1 step=1 angle=293643 target=292236 err=-1406 steer=-281 m1=0/10484 i1=72 m2=0/-13578 i2=-275 steerMode=-1547/0 iSteer=-101364 driveMode=12031/0 iDrive=173617 scale=0 wheel=35000
run=1 step=1 angle=293643 target=292236 err=-1406 steer=-281 m1=2/10484 i1=90 m2=0/-13578 i2=-303 steerMode=-1547/10 iSteer=-106257 driveMode=12031/16 iDrive=196369 scale=0 wheel=35000
run=1 step=1 angle=293643 target=292236 err=-1406 steer=-281 m1=0/10484 i1=109 m2=0/-13578 i2=-329 steerMode=-1547/-8 iSteer=-109703 driveMode=12031/8 iDrive=219019 scale=0 wheel=35000
run=1 step=1 angle=293643 target=292236 err=-1406 steer=-281 m1=0/10484 i1=128 m2=-3/-13578 i2=-355 steerMode=-1547/-26 iSteer=-113176 driveMode=12031/29 iDrive=241529 scale=0 wheel=35000
run=1 step=1 angle=293643 target=292236 err=-1406 steer=-281 m1=0/10484 i1=146 m2=0/-13578 i2=-383 steerMode=-1547/-1 iSteer=-118745 driveMode=12031/1 iDrive=264258 scale=0 wheel=35000
run=1 step=1 angle=293643 target=292236 err=-1406 steer=-281 m1=0/10484 i1=165 m2=0/-13578 i2=-408 steerMode=-1547/-32 iSteer=-121548 driveMode=12031/39 iDrive=286675 scale=0 wheel=35000
run=1 step=1 angle=293643 target=292236 err=-1406 steer=-281 m1=0/10484 i1=182 m2=0/-13578 i2=-437 steerMode=-1547/1 iSteer=-127540 driveMode=12031/2 iDrive=309461 scale=0 wheel=35000
run=1 step=1 angle=293643 target=292236 err=-1406 steer=-281 m1=2/10484 i1=200 m2=0/-13578 i2=-464 steerMode=-1547/11 iSteer=-132419 driveMode=12031/11 iDrive=332031 scale=0 wheel=35000
run=1 step=1 angle=293643 target=292236 err=-1406 steer=-281 m1=0/10484 i1=219 m2=0/-13578 i2=-491 steerMode=-1547/0 iSteer=-136179 driveMode=12031/1 iDrive=354684 scale=0 wheel=35000
run=1 step=1 angle=293643 target=292236 err=-1406 steer=-281 m1=0/10484 i1=237 m2=0/-13578 i2=-518 steerMode=-1547/-3 iSteer=-140411 driveMode=12031/5 iDrive=377262 scale=0 wheel=35000
run=1 step=1 angle=293643 target=292236 err=-1406 steer=-281 m1=0/10484 i1=255 m2=0/-13578 i2=-545 steerMode=-1547/2 iSteer=-145026 driveMode=12031/2 iDrive=399885 scale=0 wheel=35000
run=1 step=1 angle=293643 target=292236 err=-1406 steer=-281 m1=0/10484 i1=273 m2=0/-13578 i2=-572 steerMode=-1547/8 iSteer=-149824 driveMode=12031/12 iDrive=422329 scale=0 wheel=35000
run=1 step=1 angle=293643 target=292236 err=-1406 steer=-281 m1=0/10484 i1=291 m2=0/-13578 i2=-599 steerMode=-1547/-1 iSteer=-153714 driveMode=12031/1 iDrive=444979 scale=0 wheel=35000
run=1 step=1 angle=293643 target=292236 err=-1406 steer=-281 m1=2/10484 i1=309 m2=0/-13578 i2=-626 steerMode=-1547/7 iSteer=-158488 driveMode=12031/7 iDrive=467568 scale=0 wheel=35000
run=1 step=1 angle=293643 target=292236 err=-1406 steer=-281 m1=0/10484 i1=328 m2=0/-13578 i2=-653 steerMode=-1547/-3 iSteer=-162330 driveMode=12031/3 iDrive=490186 scale=0 wheel=35000
run=1 step=1 angle=293643 target=292236 err=-1406 steer=-281 m1=0/10484 i1=346 m2=0/-13578 i2=-679 steerMode=-1547/-10 iSteer=-166331 driveMode=12031/10 iDrive=512760 scale=0 wheel=35000
run=1 step=1 angle=293643 target=292236 err=-1406 steer=-281 m1=0/10484 i1=364 m2=0/-13578 i2=-707 steerMode=-1547/0 iSteer=-171164 driveMode=12031/0 iDrive=535422 scale=0 wheel=35000
run=1 step=1 angle=293643 target=292236 err=-1406 steer=-281 m1=0/10484 i1=383 m2=0/-13578 i2=-733 steerMode=-1547/-12 iSteer=-174922 driveMode=12031/12 iDrive=557969 scale=0 wheel=35000
run=1 step=1 angle=293643 target=292236 err=-1406 steer=-281 m1=0/10484 i1=402 m2=0/-13578 i2=-759 steerMode=-1547/-27 iSteer=-178500 driveMode=12031/27 iDrive=580502 scale=0 wheel=35000
run=1 step=1 angle=293643 target=292236 err=-1406 steer=-281 m1=0/10484 i1=419 m2=-3/-13578 i2=-787 steerMode=-1547/-13 iSteer=-183571 driveMode=12031/38 iDrive=603050 scale=0 wheel=35000
run=1 step=1 angle=293643 target=292236 err=-1406 steer=-281 m1=0/10484 i1=437 m2=0/-13578 i2=-814 steerMode=-1547/-1 iSteer=-188502 driveMode=12031/1 iDrive=625824 scale=0 wheel=35000
run=1 step=1 angle=293643 target=292236 err=-1406 steer=-281 m1=-3/10484 i1=455 m2=0/-13578 i2=-841 steerMode=-1547/4 iSteer=-193086 driveMode=12031/8 iDrive=648389 scale=0 wheel=35000
run=1 step=1 angle=293643 target=292236 err=-1406 steer=-281 m1=0/10484 i1=475 m2=-5/-13578 i2=-867 steerMode=-1547/-28 iSteer=-195770 driveMode=12031/27 iDrive=670896 scale=0 wheel=35000
run=1 step=1 angle=293643 target=292236 err=-1406 steer=-281 m1=0/10484 i1=499 m2=-17/-13578 i2=-886 steerMode=-1547/-161 iSteer=-193370 driveMode=12031/164 iDrive=692761 scale=0 wheel=35000
run=1 step=1 angle=291709 target=292236 err=527 steer=-19 m1=207/11929 i1=956 m2=-429/-12133 i2=-325 steerMode=-102/-8644 iSteer=315771 driveMode=12031/12876 iDrive=640358 scale=0 wheel=35000
run=1 step=1 angle=290654 target=292236 err=1582 steer=329 m1=757/13841 i1=451 m2=-762/-10222 i2=-555 steerMode=1809/795 iSteer=-51624 driveMode=12031/35574 iDrive=503098 scale=0 wheel=35000
run=1 step=1 angle=290742 target=292236 err=1494 steer=307 m1=987/13717 i1=358 m2=-967/-10345 i2=-381 steerMode=1686/-54 iSteer=-11595 driveMode=12031/50476 iDrive=369220 scale=0 wheel=35000
run=1 step=1 angle=290918 target=292236 err=1318 steer=314 m1=1148/13758 i1=234 m2=-1151/-10304 i2=-258 steerMode=1727/95 iSteer=-11666 driveMode=12031/58877 iDrive=245883 scale=0 wheel=35000
run=1 step=1 angle=290654 target=292236 err=1582 steer=349 m1=1146/13952 i1=114 m2=-1103/-10111 i2=-184 steerMode=1920/830 iSteer=-34995 driveMode=12031/60206 iDrive=148816 scale=0 wheel=35000
run=1 step=1 angle=290742 target=292236 err=1494 steer=311 m1=1035/13744 i1=54 m2=-1018/-10319 i2=-118 steerMode=1713/611 iSteer=-31687 driveMode=12031/55433 iDrive=86055 scale=0 wheel=35000
run=1 step=1 angle=290918 target=292236 err=1318 steer=264 m1=889/13481 i1=24 m2=-821/-10581 i2=-79 steerMode=1450/326 iSteer=-27256 driveMode=12031/47464 iDrive=51703 scale=0 wheel=35000
run=1 step=1 angle=291006 target=292236 err=1230 steer=246 m1=711/13385 i1=31 m2=-697/-10678 i2=-40 steerMode=1354/-158 iSteer=-4730 driveMode=12031/38970 iDrive=35764 scale=0 wheel=35000
run=1 step=1 angle=290918 target=292236 err=1318 steer=264 m1=537/13481 i1=7 m2=-557/-10581 i2=-71 steerMode=1450/549 iSteer=-32067 driveMode=12031/29951 iDrive=38737 scale=0 wheel=35000
run=1 step=1 angle=290918 target=292236 err=1318 steer=264 m1=399/13481 i1=47 m2=-369/-10581 i2=-69 steerMode=1450/195 iSteer=-11014 driveMode=12031/21051 iDrive=58263 scale=0 wheel=35000
run=1 step=1 angle=291357 target=292236 err=879 steer=176 m1=215/12998 i1=52 m2=-216/-11064 i2=-118 steerMode=967/216 iSteer=-33279 driveMode=12031/13738 iDrive=84968 scale=0 wheel=35000
run=1 step=1 angle=291533 target=292236 err=703 steer=141 m1=117/12805 i1=94 m2=-105/-11258 i2=-138 steerMode=773/-144 iSteer=-22036 driveMode=12031/7915 iDrive=116346 scale=0 wheel=35000
run=1 step=1 angle=291621 target=292236 err=615 steer=123 m1=37/12708 i1=76 m2=-116/-11354 i2=-220 steerMode=677/801 iSteer=-72129 driveMode=12031/4042 iDrive=147733 scale=0 wheel=35000
run=1 step=1 angle=291709 target=292236 err=527 steer=85 m1=2/12499 i1=150 m2=-9/-11564 i2=-225 steerMode=468/-72 iSteer=-37530 driveMode=12031/122 iDrive=187850 scale=0 wheel=35000
run=1 step=1 angle=291709 target=292236 err=527 steer=105 m1=0/12611 i1=178 m2=0/-11451 i2=-245 steerMode=580/-2 iSteer=-33681 driveMode=12031/3 iDrive=211194 scale=0 wheel=35000
run=1 step=1 angle=291709 target=292236 err=527 steer=105 m1=0/12611 i1=202 m2=0/-11451 i2=-266 steerMode=580/-1 iSteer=-32066 driveMode=12031/-1 iDrive=234078 scale=0 wheel=35000
run=1 step=1 angle=291709 target=292236 err=527 steer=105 m1=0/12611 i1=226 m2=0/-11451 i2=-288 steerMode=580/4 iSteer=-30686 driveMode=12031/4 iDrive=256907 scale=0 wheel=35000
run=1 step=1 angle=291709 target=292236 err=527 steer=105 m1=0/12611 i1=251 m2=0/-11451 i2=-309 steerMode=580/1 iSteer=-28873 driveMode=12031/1 iDrive=279779 scale=0 wheel=35000
run=1 step=1 angle=291797 target=292236 err=439 steer=100 m1=0/12584 i1=275 m2=0/-11479 i2=-331 steerMode=553/-9 iSteer=-28117 driveMode=12031/-6 iDrive=302663 scale=0 wheel=35000
run=1 step=1 angle=291709 target=292236 err=527 steer=105 m1=0/12611 i1=300 m2=0/-11451 i2=-351 steerMode=580/3 iSteer=-25724 driveMode=12031/3 iDrive=325474 scale=0 wheel=35000
run=1 step=1 angle=291709 target=292236 err=527 steer=105 m1=0/12611 i1=325 m2=0/-11451 i2=-372 steerMode=580/-2 iSteer=-23796 driveMode=12031/1 iDrive=348323 scale=0 wheel=35000
run=1 step=1 angle=291709 target=292236 err=527 steer=105 m1=0/12611 i1=349 m2=0/-11451 i2=-393 steerMode=580/-1 iSteer=-22172 driveMode=12031/-1 iDrive=371197 scale=0 wheel=35000
run=1 step=1 angle=291709 target=292236 err=527 steer=105 m1=0/12611 i1=374 m2=0/-11451 i2=-414 steerMode=580/-11 iSteer=-19994 driveMode=12031/12 iDrive=393970 scale=0 wheel=35000
run=1 step=1 angle=291797 target=292236 err=439 steer=100 m1=0/12584 i1=396 m2=0/-11479 i2=-437 steerMode=553/0 iSteer=-20421 driveMode=12031/0 iDrive=416881 scale=0 wheel=35000
run=1 step=1 angle=291709 target=292236 err=527 steer=105 m1=0/12611 i1=424 m2=-3/-11451 i2=-456 steerMode=580/-30 iSteer=-15920 driveMode=12031/30 iDrive=439584 scale=0 wheel=35000
run=1 step=1 angle=291709 target=292236 err=527 steer=105 m1=0/12611 i1=447 m2=0/-11451 i2=-478 steerMode=580/-11 iSteer=-15171 driveMode=12031/-9 iDrive=462617 scale=0 wheel=35000
run=1 step=1 angle=291709 target=292236 err=527 steer=105 m1=0/12611 i1=471 m2=0/-11451 i2=-499 steerMode=580/-1 iSteer=-14023 driveMode=12031/1 iDrive=485424 scale=0 wheel=35000
run=1 step=1 angle=291709 target=292236 err=527 steer=105 m1=0/12611 i1=497 m2=0/-11451 i2=-520 steerMode=580/-16 iSteer=-11605 driveMode=12031/16 iDrive=508192 scale=0 wheel=35000
run=1 step=1 angle=291709 target=292236 err=527 steer=105 m1=0/12611 i1=520 m2=0/-11451 i2=-542 steerMode=580/0 iSteer=-10880 driveMode=12031/0 iDrive=531123 scale=0 wheel=35000
run=1 step=1 angle=291709 target=292236 err=527 steer=105 m1=0/12611 i1=545 m2=0/-11451 i2=-563 steerMode=580/-1 iSteer=-9209 driveMode=12031/-1 iDrive=553988 scale=0 wheel=35000
run=1 step=1 angle=291797 target=292236 err=439 steer=100 m1=0/12584 i1=568 m2=0/-11479 i2=-586 steerMode=553/-2 iSteer=-8846 driveMode=12031/3 iDrive=576811 scale=0 wheel=35000
run=1 step=1 angle=291709 target=292236 err=527 steer=105 m1=0/12611 i1=594 m2=0/-11451 i2=-606 steerMode=580/2 iSteer=-6043 driveMode=12031/2 iDrive=599671 scale=0 wheel=35000
run=1 step=1 angle=291709 target=292236 err=527 steer=105 m1=0/12611 i1=618 m2=0/-11451 i2=-627 steerMode=580/-5 iSteer=-4068 driveMode=12031/5 iDrive=622509 scale=0 wheel=35000
run=1 step=1 angle=291709 target=292236 err=527 steer=105 m1=0/12611 i1=643 m2=0/-11451 i2=-648 steerMode=580/0 iSteer=-2683 driveMode=12031/0 iDrive=645385 scale=0 wheel=35000
run=1 step=1 angle=291797 target=292236 err=439 steer=100 m1=0/12584 i1=667 m2=0/-11479 i2=-669 steerMode=553/-28 iSteer=-1027 driveMode=12031/34 iDrive=668066 scale=0 wheel=35000
run=1 step=1 angle=291709 target=292236 err=527 steer=105 m1=0/12611 i1=692 m2=0/-11451 i2=-690 steerMode=580/-1 iSteer=675 driveMode=12031/0 iDrive=691085 scale=0 wheel=35000
run=1 step=1 angle=291797 target=292236 err=439 steer=100 m1=0/12584 i1=715 m2=0/-11479 i2=-713 steerMode=553/-1 iSteer=972 driveMode=12031/-1 iDrive=713954 scale=0 wheel=35000
run=1 step=1 angle=291709 target=292236 err=527 steer=105 m1=0/12611 i1=741 m2=0/-11451 i2=-732 steerMode=580/-12 iSteer=4559 driveMode=12031/12 iDrive=736731 scale=0 wheel=35000
run=1 step=1 angle=291709 target=292236 err=527 steer=105 m1=-3/12611 i1=765 m2=0/-11451 i2=-754 steerMode=580/3 iSteer=5432 driveMode=12031/4 iDrive=759627 scale=0 wheel=35000
run=1 step=1 angle=291709 target=292236 err=527 steer=105 m1=0/12611 i1=791 m2=-3/-11451 i2=-774 steerMode=580/-24 iSteer=8474 driveMode=12031/25 iDrive=782378 scale=0 wheel=35000
run=1 step=1 angle=291709 target=292236 err=527 steer=105 m1=0/12611 i1=814 m2=0/-11451 i2=-796 steerMode=580/0 iSteer=8957 driveMode=12031/1 iDrive=805325 scale=0 wheel=35000
run=1 step=1 angle=291709 target=292236 err=527 steer=105 m1=0/12611 i1=839 m2=0/-11451 i2=-818 steerMode=580/0 iSteer=10558 driveMode=12031/0 iDrive=828184 scale=0 wheel=35000
run=1 step=1 angle=291709 target=292236 err=527 steer=105 m1=0/12611 i1=863 m2=0/-11451 i2=-839 steerMode=580/-4 iSteer=12450 driveMode=12031/5 iDrive=850996 scale=0 wheel=35000
run=1 step=1 angle=291709 target=292236 err=527 steer=105 m1=0/12611 i1=888 m2=-5/-11451 i2=-859 steerMode=580/-17 iSteer=14694 driveMode=12031/17 iDrive=873795 scale=0 wheel=35000
run=1 step=1 angle=291709 target=292236 err=527 steer=105 m1=0/12611 i1=912 m2=0/-11451 i2=-881 steerMode=580/0 iSteer=15573 driveMode=12031/1 iDrive=896708 scale=0 wheel=35000
run=1 step=1 angle=291709 target=292236 err=527 steer=105 m1=0/12611 i1=938 m2=0/-11451 i2=-901 steerMode=580/-23 iSteer=18365 driveMode=12031/29 iDrive=919406 scale=0 wheel=35000
run=1 step=1 angle=292852 target=292236 err=-615 steer=-35 m1=401/11839 i1=546 m2=-86/-12224 i2=-1252 steerMode=-193/6558 iSteer=-353398 driveMode=12031/7925 iDrive=899094 scale=0 wheel=35000
run=1 step=1 angle=293203 target=292236 err=-967 steer=-193 m1=839/10968 i1=732 m2=-923/-13095 i2=-690 steerMode=-1063/-1952 iSteer=20799 driveMode=12031/40781 iDrive=710788 scale=0 wheel=35000
run=1 step=1 angle=293291 target=292236 err=-1055 steer=-211 m1=1309/10871 i1=463 m2=-1313/-13191 i2=-551 steerMode=-1160/-747 iSteer=-44049 driveMode=12031/65650 iDrive=507139 scale=0 wheel=35000
run=1 step=1 angle=292500 target=292236 err=-264 steer=-41 m1=1556/11808 i1=319 m2=-1595/-12255 i2=-314 steerMode=-223/-733 iSteer=2434 driveMode=12031/80648 iDrive=316523 scale=0 wheel=35000
run=1 step=1 angle=292236 target=292236 err=0 steer=0 m1=1613/12031 i1=133 m2=-1639/-12031 i2=-178 steerMode=0/-1 iSteer=-22245 driveMode=12031/85675 iDrive=155727 scale=0 wheel=35000
run=1 step=1 angle=292236 target=292236 err=0 steer=0 m1=1552/12031 i1=-7 m2=-1474/-12031 i2=-83 steerMode=0/461 iSteer=-45030 driveMode=12031/81925 iDrive=38182 scale=0 wheel=35000
run=1 step=1 angle=292061 target=292236 err=176 steer=0 m1=1314/12031 i1=-76 m2=-1313/-12031 i2=-19 steerMode=0/483 iSteer=-47461 driveMode=12031/70673 iDrive=-28500 scale=0 wheel=35000
run=1 step=1 angle=292236 target=292236 err=0 steer=0 m1=1019/12031 i1=-97 m2=-990/-12031 i2=6 steerMode=0/422 iSteer=-45274 driveMode=12031/55961 iDrive=-51409 scale=0 wheel=35000
run=1 step=1 angle=292324 target=292236 err=-88 steer=0 m1=707/12031 i1=-66 m2=-729/-12031 i2=23 steerMode=0/-52 iSteer=-21762 driveMode=12031/40776 iDrive=-44264 scale=0 wheel=35000
run=1 step=1 angle=292236 target=292236 err=0 steer=0 m1=456/12031 i1=-44 m2=-429/-12031 i2=-11 steerMode=0/63 iSteer=-27384 driveMode=12031/27035 iDrive=-16696 scale=0 wheel=35000
run=1 step=1 angle=292061 target=292236 err=176 steer=0 m1=278/12031 i1=8 m2=-262/-12031 i2=-36 steerMode=0/-199 iSteer=-14257 driveMode=12031/15928 iDrive=21908 scale=0 wheel=35000
run=1 step=1 angle=291973 target=292236 err=264 steer=0 m1=85/12031 i1=60 m2=-86/-12031 i2=-72 steerMode=0/-355 iSteer=-6319 driveMode=12031/7348 iDrive=65824 scale=0 wheel=35000
run=1 step=1 angle=291973 target=292236 err=264 steer=0 m1=14/12031 i1=153 m2=-13/-12031 i2=-63 steerMode=0/-1366 iSteer=44766 driveMode=12031/1934 iDrive=108260 scale=0 wheel=35000
run=1 step=1 angle=292061 target=292236 err=176 steer=0 m1=0/12031 i1=121 m2=8/-12031 i2=-158 steerMode=0/-93 iSteer=-18175 driveMode=12031/100 iDrive=139488 scale=0 wheel=35000
run=1 step=1 angle=292061 target=292236 err=176 steer=0 m1=0/12031 i1=140 m2=0/-12031 i2=-186 steerMode=0/0 iSteer=-22795 driveMode=12031/0 iDrive=162831 scale=0 wheel=35000
run=1 step=1 angle=292061 target=292236 err=176 steer=0 m1=0/12031 i1=163 m2=0/-12031 i2=-208 steerMode=0/-5 iSteer=-22557 driveMode=12031/5 iDrive=185663 scale=0 wheel=35000
run=1 step=1 angle=291973 target=292236 err=264 steer=0 m1=0/12031 i1=186 m2=0/-12031 i2=-231 steerMode=0/0 iSteer=-22803 driveMode=12031/0 iDrive=208545 scale=0 wheel=35000
run=1 step=1 angle=292061 target=292236 err=176 steer=0 m1=2/12031 i1=209 m2=0/-12031 i2=-254 steerMode=0/-8 iSteer=-22372 driveMode=12031/27 iDrive=231252 scale=0 wheel=35000
run=1 step=1 angle=292061 target=292236 err=176 steer=0 m1=0/12031 i1=231 m2=0/-12031 i2=-277 steerMode=0/0 iSteer=-22769 driveMode=12031/0 iDrive=254233 scale=0 wheel=35000
run=1 step=1 angle=292061 target=292236 err=176 steer=0 m1=-3/12031 i1=255 m2=0/-12031 i2=-300 steerMode=0/-6 iSteer=-22469 driveMode=12031/5 iDrive=277054 scale=0 wheel=35000
run=1 step=1 angle=291973 target=292236 err=264 steer=0 m1=0/12031 i1=277 m2=0/-12031 i2=-323 steerMode=0/0 iSteer=-22708 driveMode=12031/0 iDrive=299955 scale=0 wheel=35000
run=1 step=1 angle=291973 target=292236 err=264 steer=0 m1=0/12031 i1=300 m2=0/-12031 i2=-345 steerMode=0/-3 iSteer=-22547 driveMode=12031/3 iDrive=322782 scale=0 wheel=35000
run=1 step=1 angle=292061 target=292236 err=176 steer=0 m1=0/12031 i1=323 m2=0/-12031 i2=-368 steerMode=0/-3 iSteer=-22545 driveMode=12031/4 iDrive=345627 scale=0 wheel=35000
run=1 step=1 angle=291973 target=292236 err=264 steer=0 m1=0/12031 i1=347 m2=0/-12031 i2=-389 steerMode=0/-32 iSteer=-21104 driveMode=12031/32 iDrive=368341 scale=0 wheel=35000
run=1 step=1 angle=291973 target=292236 err=264 steer=0 m1=0/12031 i1=369 m2=0/-12031 i2=-414 steerMode=0/0 iSteer=-22677 driveMode=12031/1 iDrive=391340 scale=0 wheel=35000
STEP_FAIL: timeout step=1 target=35 measured=1 angleErr=176
STEP_START: step=2 target=40
run=1 step=2 angle=292061 target=292236 err=176 steer=0 m1=0/5844 i1=35 m2=0/-5844 i2=-34 steerMode=0/-7 iSteer=402 driveMode=5844/-9 iDrive=34430 scale=0 wheel=17000
run=1 step=2 angle=291973 target=292236 err=264 steer=0 m1=0/12444 i1=85 m2=0/-12444 i2=-85 steerMode=0/-2 iSteer=177 driveMode=12444/2 iDrive=85057 scale=0 wheel=36200
run=1 step=2 angle=291973 target=292236 err=264 steer=0 m1=0/13750 i1=118 m2=0/-13750 i2=-118 steerMode=0/-1 iSteer=158 driveMode=13750/4 iDrive=117788 scale=0 wheel=40000
run=1 step=2 angle=292061 target=292236 err=176 steer=0 m1=0/13750 i1=145 m2=0/-13750 i2=-143 steerMode=0/-14 iSteer=827 driveMode=13750/14 iDrive=143848 scale=0 wheel=40000
run=1 step=2 angle=291973 target=292236 err=264 steer=0 m1=0/13750 i1=170 m2=0/-13750 i2=-170 steerMode=0/-1 iSteer=183 driveMode=13750/-1 iDrive=170044 scale=0 wheel=40000
run=1 step=2 angle=291973 target=292236 err=264 steer=0 m1=0/13750 i1=197 m2=0/-13750 i2=-196 steerMode=0/-5 iSteer=367 driveMode=13750/2 iDrive=196146 scale=0 wheel=40000
run=1 step=2 angle=292061 target=292236 err=176 steer=0 m1=0/13750 i1=222 m2=0/-13750 i2=-222 steerMode=0/0 iSteer=139 driveMode=13750/0 iDrive=222279 scale=0 wheel=40000
run=1 step=2 angle=291973 target=292236 err=264 steer=0 m1=0/13750 i1=249 m2=0/-13750 i2=-248 steerMode=0/-1 iSteer=183 driveMode=13750/0 iDrive=248675 scale=0 wheel=40000
run=1 step=2 angle=292061 target=292236 err=176 steer=0 m1=0/13750 i1=275 m2=0/-13750 i2=-275 steerMode=0/0 iSteer=192 driveMode=13750/0 iDrive=274789 scale=0 wheel=40000
run=1 step=2 angle=292061 target=292236 err=176 steer=0 m1=0/13750 i1=302 m2=0/-13750 i2=-300 steerMode=0/-21 iSteer=1227 driveMode=13750/21 iDrive=301075 scale=0 wheel=40000
run=1 step=2 angle=292061 target=292236 err=176 steer=0 m1=0/13750 i1=328 m2=0/-13750 i2=-327 steerMode=0/-7 iSteer=530 driveMode=13750/7 iDrive=327259 scale=0 wheel=40000
run=1 step=2 angle=292061 target=292236 err=176 steer=0 m1=0/13750 i1=355 m2=-3/-13750 i2=-351 steerMode=0/-32 iSteer=1795 driveMode=13750/32 iDrive=353252 scale=0 wheel=40000
run=1 step=2 angle=291973 target=292236 err=264 steer=0 m1=0/13750 i1=380 m2=0/-13750 i2=-379 steerMode=0/-1 iSteer=298 driveMode=13750/1 iDrive=379506 scale=0 wheel=40000
run=1 step=2 angle=291973 target=292236 err=264 steer=0 m1=0/13750 i1=406 m2=0/-13750 i2=-405 steerMode=0/-2 iSteer=357 driveMode=13750/-2 iDrive=405645 scale=0 wheel=40000
run=1 step=2 angle=291973 target=292236 err=264 steer=0 m1=-3/13750 i1=432 m2=0/-13750 i2=-432 steerMode=0/6 iSteer=-41 driveMode=13750/7 iDrive=431712 scale=0 wheel=40000
run=1 step=2 angle=292061 target=292236 err=176 steer=0 m1=0/13750 i1=458 m2=0/-13750 i2=-458 steerMode=0/0 iSteer=303 driveMode=13750/0 iDrive=457887 scale=0 wheel=40000
run=1 step=2 angle=292061 target=292236 err=176 steer=0 m1=0/13750 i1=485 m2=0/-13750 i2=-484 steerMode=0/-1 iSteer=363 driveMode=13750/2 iDrive=484255 scale=0 wheel=40000
run=1 step=2 angle=292061 target=292236 err=176 steer=0 m1=0/13750 i1=511 m2=0/-13750 i2=-509 steerMode=0/-10 iSteer=844 driveMode=13750/10 iDrive=510326 scale=0 wheel=40000
run=1 step=2 angle=291973 target=292236 err=264 steer=0 m1=0/13750 i1=537 m2=0/-13750 i2=-536 steerMode=0/-1 iSteer=384 driveMode=13750/0 iDrive=536505 scale=0 wheel=40000
run=1 step=2 angle=291973 target=292236 err=264 steer=0 m1=0/13750 i1=565 m2=0/-13750 i2=-560 steerMode=0/-35 iSteer=2124 driveMode=13750/32 iDrive=562460 scale=0 wheel=40000
run=1 step=2 angle=291973 target=292236 err=264 steer=0 m1=0/13750 i1=589 m2=0/-13750 i2=-588 steerMode=0/0 iSteer=352 driveMode=13750/1 iDrive=588720 scale=0 wheel=40000
run=1 step=2 angle=292412 target=292236 err=-176 steer=0 m1=246/13750 i1=395 m2=-3/-13750 i2=-791 steerMode=0/3913 iSteer=-197816 driveMode=13750/4088 iDrive=592914 scale=0 wheel=40000
run=1 step=2 angle=294082 target=292236 err=-1846 steer=-369 m1=368/11720 i1=438 m2=-461/-15780 i2=-631 steerMode=-2030/-438 iSteer=-96333 driveMode=13750/17411 iDrive=534386 scale=0 wheel=40000
run=1 step=2 angle=293379 target=292236 err=-1143 steer=-216 m1=692/12562 i1=420 m2=-718/-14938 i2=-431 steerMode=-1188/-1364 iSteer=-5621 driveMode=13750/34314 iDrive=425404 scale=0 wheel=40000
run=1 step=2 angle=293203 target=292236 err=-967 steer=-193 m1=853/12687 i1=300 m2=-850/-14813 i2=-354 steerMode=-1063/-824 iSteer=-27122 driveMode=13750/44300 iDrive=326743 scale=0 wheel=40000
run=1 step=2 angle=293467 target=292236 err=-1230 steer=-244 m1=973/12411 i1=200 m2=-997/-15089 i2=-269 steerMode=-1339/-957 iSteer=-34672 driveMode=13750/49994 iDrive=234552 scale=0 wheel=40000
run=1 step=2 angle=293027 target=292236 err=-791 steer=-158 m1=962/12880 i1=132 m2=-974/-14620 i2=-183 steerMode=-870/-681 iSteer=-25404 driveMode=13750/51410 iDrive=157649 scale=0 wheel=40000
run=1 step=2 angle=292500 target=292236 err=-264 steer=0 m1=908/13750 i1=98 m2=-856/-13750 i2=-110 steerMode=0/-207 iSteer=-5857 driveMode=13750/48517 iDrive=103766 scale=0 wheel=40000
run=1 step=2 angle=292412 target=292236 err=-176 steer=0 m1=793/13750 i1=55 m2=-825/-13750 i2=-91 steerMode=0/30 iSteer=-18125 driveMode=13750/42629 iDrive=73356 scale=0 wheel=40000
run=1 step=2 angle=292236 target=292236 err=0 steer=0 m1=640/13750 i1=42 m2=-651/-13750 i2=-84 steerMode=0/86 iSteer=-20788 driveMode=13750/35095 iDrive=63210 scale=0 wheel=40000
run=1 step=2 angle=292412 target=292236 err=-176 steer=0 m1=506/13750 i1=36 m2=-505/-13750 i2=-100 steerMode=0/302 iSteer=-32167 driveMode=13750/27392 iDrive=68285 scale=0 wheel=40000
run=1 step=2 angle=292500 target=292236 err=-264 steer=0 m1=351/13750 i1=56 m2=-316/-13750 i2=-112 steerMode=0/210 iSteer=-27635 driveMode=13750/20463 iDrive=84108 scale=0 wheel=40000
run=1 step=2 angle=292588 target=292236 err=-352 steer=0 m1=251/13750 i1=75 m2=-275/-13750 i2=-138 steerMode=0/271 iSteer=-31078 driveMode=13750/14612 iDrive=106552 scale=0 wheel=40000
run=1 step=2 angle=292588 target=292236 err=-352 steer=0 m1=182/13750 i1=121 m2=-132/-13750 i2=-144 steerMode=0/-136 iSteer=-11446 driveMode=13750/10107 iDrive=132398 scale=0 wheel=40000
run=1 step=2 angle=292588 target=292236 err=-352 steer=0 m1=104/13750 i1=114 m2=-86/-13750 i2=-209 steerMode=0/569 iSteer=-47614 driveMode=13750/6336 iDrive=161725 scale=0 wheel=40000
run=1 step=2 angle=292764 target=292236 err=-527 steer=-105 m1=37/13170 i1=150 m2=-160/-14330 i2=-231 steerMode=-580/-192 iSteer=-40636 driveMode=13750/4096 iDrive=190598 scale=0 wheel=40000
run=1 step=2 angle=292676 target=292236 err=-439 steer=0 m1=92/13750 i1=215 m2=-42/-13750 i2=-203 steerMode=0/-499 iSteer=5965 driveMode=13750/3888 iDrive=209277 scale=0 wheel=40000
run=1 step=2 angle=293467 target=292236 err=-1230 steer=-244 m1=33/12411 i1=32 m2=-5/-15089 i2=-441 steerMode=-1339/2226 iSteer=-204099 driveMode=13750/2376 iDrive=236524 scale=0 wheel=40000
run=1 step=2 angle=293027 target=292236 err=-791 steer=-158 m1=0/12880 i1=331 m2=-105/-14620 i2=-178 steerMode=-870/-2904 iSteer=76267 driveMode=13750/2950 iDrive=254533 scale=0 wheel=40000
run=1 step=2 angle=292500 target=292236 err=-264 steer=0 m1=0/13750 i1=318 m2=-3/-13750 i2=-253 steerMode=0/-1045 iSteer=32433 driveMode=13750/1046 iDrive=285488 scale=0 wheel=40000
run=1 step=2 angle=292500 target=292236 err=-264 steer=0 m1=0/13750 i1=298 m2=0/-13750 i2=-335 steerMode=0/-15 iSteer=-18495 driveMode=13750/14 iDrive=316400 scale=0 wheel=40000
run=1 step=2 angle=292500 target=292236 err=-264 steer=0 m1=0/13750 i1=324 m2=0/-13750 i2=-361 steerMode=0/-9 iSteer=-18743 driveMode=13750/9 iDrive=342515 scale=0 wheel=40000
run=1 step=2 angle=292500 target=292236 err=-264 steer=0 m1=0/13750 i1=350 m2=0/-13750 i2=-387 steerMode=0/-9 iSteer=-18685 driveMode=13750/9 iDrive=368606 scale=0 wheel=40000
run=1 step=2 angle=292500 target=292236 err=-264 steer=0 m1=0/13750 i1=377 m2=-3/-13750 i2=-412 steerMode=0/-32 iSteer=-17528 driveMode=13750/43 iDrive=394533 scale=0 wheel=40000
run=1 step=2 angle=292324 target=292236 err=-88 steer=0 m1=81/13750 i1=460 m2=-166/-13750 i2=-343 steerMode=0/-1524 iSteer=58552 driveMode=13750/3605 iDrive=401373 scale=0 wheel=40000
run=1 step=2 angle=291973 target=292236 err=264 steer=0 m1=299/13750 i1=288 m2=-275/-13750 i2=-418 steerMode=0/927 iSteer=-64847 driveMode=13750/14874 iDrive=352845 scale=0 wheel=40000
run=1 step=2 angle=291973 target=292236 err=264 steer=0 m1=485/13750 i1=281 m2=-471/-13750 i2=-316 steerMode=0/-21 iSteer=-17696 driveMode=13750/23555 iDrive=298504 scale=0 wheel=40000
run=1 step=2 angle=291885 target=292236 err=352 steer=0 m1=567/13750 i1=217 m2=-580/-13750 i2=-280 steerMode=0/248 iSteer=-31394 driveMode=13750/28747 iDrive=248377 scale=0 wheel=40000
run=1 step=2 angle=292061 target=292236 err=176 steer=0 m1=621/13750 i1=187 m2=-641/-13750 i2=-220 steerMode=0/-45 iSteer=-16821 driveMode=13750/31478 iDrive=203488 scale=0 wheel=40000
run=1 step=2 angle=292061 target=292236 err=176 steer=0 m1=613/13750 i1=158 m2=-637/-13750 i2=-170 steerMode=0/-244 iSteer=-6212 driveMode=13750/32423 iDrive=164077 scale=0 wheel=40000
run=1 step=2 angle=291973 target=292236 err=264 steer=0 m1=577/13750 i1=114 m2=-584/-13750 i2=-163 steerMode=0/120 iSteer=-24687 driveMode=13750/30750 iDrive=138761 scale=0 wheel=40000
run=1 step=2 angle=291973 target=292236 err=264 steer=0 m1=487/13750 i1=111 m2=-501/-13750 i2=-146 steerMode=0/-34 iSteer=-17518 driveMode=13750/27129 iDrive=128546 scale=0 wheel=40000
run=1 step=2 angle=292148 target=292236 err=88 steer=0 m1=424/13750 i1=97 m2=-436/-13750 i2=-165 steerMode=0/290 iSteer=-33677 driveMode=13750/22492 iDrive=130929 scale=0 wheel=40000
run=1 step=2 angle=292500 target=292236 err=-264 steer=0 m1=328/13750 i1=110 m2=-273/-13750 i2=-181 steerMode=0/311 iSteer=-35710 driveMode=13750/17285 iDrive=145424 scale=0 wheel=40000
run=1 step=2 angle=292939 target=292236 err=-703 steer=-141 m1=215/12977 i1=101 m2=-287/-14523 i2=-226 steerMode=-773/43 iSteer=-62580 driveMode=13750/13115 iDrive=163780 scale=0 wheel=40000
run=1 step=2 angle=292852 target=292236 err=-615 steer=-123 m1=228/13073 i1=147 m2=-208/-14427 i2=-210 steerMode=-677/-475 iSteer=-31894 driveMode=13750/10889 iDrive=178561 scale=0 wheel=40000
run=1 step=2 angle=292764 target=292236 err=-527 steer=-105 m1=175/13170 i1=144 m2=-224/-14330 i2=-241 steerMode=-580/-63 iSteer=-48749 driveMode=13750/9427 iDrive=192360 scale=0 wheel=40000
run=1 step=2 angle=292764 target=292236 err=-527 steer=-105 m1=175/13170 i1=166 m2=-180/-14330 i2=-233 steerMode=-580/-369 iSteer=-33614 driveMode=13750/9509 iDrive=199642 scale=0 wheel=40000
run=1 step=2 angle=292676 target=292236 err=-439 steer=-10 m1=211/13692 i1=197 m2=-218/-13808 i2=-213 steerMode=-58/-358 iSteer=-8018 driveMode=13750/10005 iDrive=204531 scale=0 wheel=40000
run=1 step=2 angle=292676 target=292236 err=-439 steer=0 m1=226/13750 i1=158 m2=-222/-13750 i2=-253 steerMode=0/487 iSteer=-47654 driveMode=13750/10864 iDrive=205616 scale=0 wheel=40000
run=1 step=2 angle=292764 target=292236 err=-527 steer=-70 m1=274/13365 i1=174 m2=-243/-14135 i2=-231 steerMode=-385/-275 iSteer=-28699 driveMode=13750/12273 iDrive=202391 scale=0 wheel=40000
run=1 step=2 angle=292676 target=292236 err=-439 steer=0 m1=253/13750 i1=207 m2=-289/-13750 i2=-190 steerMode=0/-633 iSteer=8707 driveMode=13750/13388 iDrive=198220 scale=0 wheel=40000
run=1 step=2 angle=292676 target=292236 err=-439 steer=0 m1=276/13750 i1=159 m2=-316/-13750 i2=-218 steerMode=0/148 iSteer=-29510 driveMode=13750/15043 iDrive=188657 scale=0 wheel=40000
run=1 step=2 angle=292676 target=292236 err=-439 steer=0 m1=278/13750 i1=154 m2=-298/-13750 i2=-212 steerMode=0/141 iSteer=-29189 driveMode=13750/15535 iDrive=183257 scale=0 wheel=40000
run=1 step=2 angle=292500 target=292236 err=-264 steer=0 m1=286/13750 i1=152 m2=-281/-13750 i2=-204 steerMode=0/71 iSteer=-25817 driveMode=13750/15943 iDrive=177684 scale=0 wheel=40000
run=1 step=2 angle=292324 target=292236 err=-88 steer=0 m1=328/13750 i1=159 m2=-310/-13750 i2=-182 steerMode=0/-203 iSteer=-11689 driveMode=13750/16511 iDrive=170290 scale=0 wheel=40000
run=1 step=2 angle=291885 target=292236 err=352 steer=0 m1=339/13750 i1=148 m2=-344/-13750 i2=-179 steerMode=0/-133 iSteer=-15406 driveMode=13750/16805 iDrive=163481 scale=0 wheel=40000
run=1 step=2 angle=291797 target=292236 err=439 steer=0 m1=322/13750 i1=148 m2=-285/-13750 i2=-168 steerMode=0/-228 iSteer=-9857 driveMode=13750/16680 iDrive=158344 scale=0 wheel=40000
run=1 step=2 angle=291885 target=292236 err=352 steer=0 m1=295/13750 i1=141 m2=-300/-13750 i2=-169 steerMode=0/-134 iSteer=-13982 driveMode=13750/16230 iDrive=155049 scale=0 wheel=40000
run=1 step=2 angle=291885 target=292236 err=352 steer=0 m1=303/13750 i1=142 m2=-262/-13750 i2=-167 steerMode=0/-166 iSteer=-12386 driveMode=13750/15573 iDrive=154284 scale=0 wheel=40000
run=1 step=2 angle=291885 target=292236 err=352 steer=0 m1=265/13750 i1=142 m2=-214/-13750 i2=-174 steerMode=0/-96 iSteer=-16001 driveMode=13750/14376 iDrive=158045 scale=0 wheel=40000
run=1 step=2 angle=291797 target=292236 err=439 steer=0 m1=259/13750 i1=137 m2=-262/-13750 i2=-186 steerMode=0/69 iSteer=-24136 driveMode=13750/13605 iDrive=161541 scale=0 wheel=40000
run=1 step=2 angle=291885 target=292236 err=352 steer=0 m1=246/13750 i1=138 m2=-180/-13750 i2=-191 steerMode=0/128 iSteer=-26441 driveMode=13750/13048 iDrive=164787 scale=0 wheel=40000
run=1 step=2 angle=291885 target=292236 err=352 steer=0 m1=219/13750 i1=163 m2=-266/-13750 i2=-173 steerMode=0/-306 iSteer=-4795 driveMode=13750/12780 iDrive=168113 scale=0 wheel=40000
run=1 step=2 angle=291885 target=292236 err=352 steer=0 m1=234/13750 i1=153 m2=-291/-13750 i2=-195 steerMode=0/28 iSteer=-21206 driveMode=13750/12126 iDrive=173907 scale=0 wheel=40000
run=1 step=2 angle=291973 target=292236 err=264 steer=0 m1=219/13750 i1=142 m2=-241/-13750 i2=-209 steerMode=0/274 iSteer=-33210 driveMode=13750/12182 iDrive=175697 scale=0 wheel=40000
run=1 step=2 angle=291973 target=292236 err=264 steer=0 m1=267/13750 i1=138 m2=-268/-13750 i2=-216 steerMode=0/395 iSteer=-38738 driveMode=13750/12373 iDrive=177021 scale=0 wheel=40000
run=1 step=2 angle=292061 target=292236 err=176 steer=0 m1=238/13750 i1=169 m2=-199/-13750 i2=-181 steerMode=0/-253 iSteer=-5994 driveMode=13750/13052 iDrive=175297 scale=0 wheel=40000
STEP_OK: step=2 target=40 measured=36508 angleErr=176
STOP: staircase complete
