START: angle=258047 target=258047 wheelTarget=40 step=0 count=7
run=1 step=0 angle=258047 target=258047 err=0 steer=0 m1=2/6875 i1=41 m2=0/-6875 i2=-41 steerMode=0/3 iSteer=-125 driveMode=6875/3 iDrive=41320 wheel=20000
run=1 step=0 angle=258047 target=258047 err=0 steer=0 m1=0/13544 i1=96 m2=-3/-13544 i2=-93 steerMode=0/-24 iSteer=1205 driveMode=13544/35 iDrive=94405 wheel=39400
run=1 step=0 angle=258047 target=258047 err=0 steer=0 m1=0/13750 i1=122 m2=-3/-13750 i2=-122 steerMode=0/-8 iSteer=407 driveMode=13750/8 iDrive=121935 wheel=40000
run=1 step=0 angle=258047 target=258047 err=0 steer=0 m1=0/13750 i1=148 m2=0/-13750 i2=-148 steerMode=0/0 iSteer=31 driveMode=13750/2 iDrive=148329 wheel=40000
run=1 step=0 angle=258047 target=258047 err=0 steer=0 m1=4/13750 i1=173 m2=0/-13750 i2=-176 steerMode=0/23 iSteer=-1111 driveMode=13750/79 iDrive=174591 wheel=40000
run=1 step=0 angle=258047 target=258047 err=0 steer=0 m1=0/13750 i1=201 m2=0/-13750 i2=-201 steerMode=0/-5 iSteer=174 driveMode=13750/-4 iDrive=201291 wheel=40000
run=1 step=0 angle=258047 target=258047 err=0 steer=0 m1=0/13750 i1=228 m2=0/-13750 i2=-228 steerMode=0/0 iSteer=-36 driveMode=13750/0 iDrive=227661 wheel=40000
run=1 step=0 angle=258047 target=258047 err=0 steer=0 m1=0/13750 i1=254 m2=0/-13750 i2=-254 steerMode=0/-4 iSteer=146 driveMode=13750/4 iDrive=254029 wheel=40000
run=1 step=0 angle=258047 target=258047 err=0 steer=0 m1=0/13750 i1=281 m2=-3/-13750 i2=-279 steerMode=0/-20 iSteer=965 driveMode=13750/20 iDrive=280344 wheel=40000
run=1 step=0 angle=258047 target=258047 err=0 steer=0 m1=0/13750 i1=308 m2=-3/-13750 i2=-305 steerMode=0/-28 iSteer=1422 driveMode=13750/33 iDrive=306634 wheel=40000
run=1 step=0 angle=258047 target=258047 err=0 steer=0 m1=0/13750 i1=333 m2=0/-13750 i2=-333 steerMode=0/-1 iSteer=63 driveMode=13750/1 iDrive=333167 wheel=40000
run=1 step=0 angle=258047 target=258047 err=0 steer=0 m1=0/13750 i1=360 m2=0/-13750 i2=-360 steerMode=0/0 iSteer=52 driveMode=13750/0 iDrive=359561 wheel=40000
run=1 step=0 angle=258047 target=258047 err=0 steer=0 m1=0/13750 i1=387 m2=0/-13750 i2=-386 steerMode=0/-9 iSteer=495 driveMode=13750/8 iDrive=386183 wheel=40000
run=1 step=0 angle=258047 target=258047 err=0 steer=0 m1=0/13750 i1=413 m2=0/-13750 i2=-413 steerMode=0/-1 iSteer=107 driveMode=13750/-1 iDrive=412626 wheel=40000
run=1 step=0 angle=258047 target=258047 err=0 steer=0 m1=0/13750 i1=440 m2=0/-13750 i2=-438 steerMode=0/-10 iSteer=546 driveMode=13750/10 iDrive=438959 wheel=40000
run=1 step=0 angle=257959 target=258047 err=88 steer=0 m1=0/13750 i1=465 m2=0/-13750 i2=-465 steerMode=0/0 iSteer=74 driveMode=13750/0 iDrive=465403 wheel=40000
run=1 step=0 angle=258047 target=258047 err=0 steer=0 m1=0/13750 i1=492 m2=0/-13750 i2=-492 steerMode=0/-2 iSteer=174 driveMode=13750/2 iDrive=491784 wheel=40000
run=1 step=0 angle=258047 target=258047 err=0 steer=0 m1=0/13750 i1=519 m2=0/-13750 i2=-517 steerMode=0/-12 iSteer=684 driveMode=13750/13 iDrive=518119 wheel=40000
run=1 step=0 angle=258047 target=258047 err=0 steer=0 m1=0/13750 i1=545 m2=0/-13750 i2=-544 steerMode=0/-1 iSteer=135 driveMode=13750/1 iDrive=544561 wheel=40000
run=1 step=0 angle=258047 target=258047 err=0 steer=0 m1=0/13750 i1=572 m2=0/-13750 i2=-570 steerMode=0/-16 iSteer=924 driveMode=13750/17 iDrive=570856 wheel=40000
run=1 step=0 angle=258047 target=258047 err=0 steer=0 m1=0/13750 i1=597 m2=0/-13750 i2=-598 steerMode=0/12 iSteer=-485 driveMode=13750/12 iDrive=597271 wheel=40000
run=1 step=0 angle=258047 target=258047 err=0 steer=0 m1=0/13750 i1=624 m2=0/-13750 i2=-623 steerMode=0/-8 iSteer=531 driveMode=13750/8 iDrive=623670 wheel=40000
run=1 step=0 angle=258047 target=258047 err=0 steer=0 m1=0/13750 i1=650 m2=0/-13750 i2=-650 steerMode=0/0 iSteer=134 driveMode=13750/0 iDrive=650111 wheel=40000
run=1 step=0 angle=258047 target=258047 err=0 steer=0 m1=0/13750 i1=677 m2=0/-13750 i2=-676 steerMode=0/-1 iSteer=168 driveMode=13750/1 iDrive=676495 wheel=40000
run=1 step=0 angle=258047 target=258047 err=0 steer=0 m1=0/13750 i1=703 m2=0/-13750 i2=-703 steerMode=0/-1 iSteer=191 driveMode=13750/1 iDrive=702871 wheel=40000
run=1 step=0 angle=258047 target=258047 err=0 steer=0 m1=0/13750 i1=729 m2=0/-13750 i2=-729 steerMode=0/3 iSteer=25 driveMode=13750/4 iDrive=729247 wheel=40000
run=1 step=0 angle=258047 target=258047 err=0 steer=0 m1=0/13750 i1=758 m2=0/-13750 i2=-754 steerMode=0/-32 iSteer=1779 driveMode=13750/34 iDrive=755729 wheel=40000
run=1 step=0 angle=257607 target=258047 err=439 steer=0 m1=62/13750 i1=1017 m2=-296/-13750 i2=-478 steerMode=0/-5331 iSteer=269763 driveMode=13750/6345 iDrive=747368 wheel=40000
run=1 step=0 angle=257168 target=258047 err=879 steer=88 m1=778/14233 i1=518 m2=-718/-13267 i2=-685 steerMode=483/2251 iSteer=-83291 driveMode=13750/33282 iDrive=601546 wheel=40000
run=1 step=0 angle=257695 target=258047 err=352 steer=0 m1=1073/13750 i1=414 m2=-1055/-13750 i2=-473 steerMode=0/641 iSteer=-29194 driveMode=13750/53350 iDrive=443506 wheel=40000
run=1 step=0 angle=257783 target=258047 err=264 steer=0 m1=1255/13750 i1=269 m2=-1256/-13750 i2=-326 steerMode=0/601 iSteer=-28297 driveMode=13750/64973 iDrive=297325 wheel=40000
run=1 step=0 angle=257959 target=258047 err=88 steer=0 m1=1280/13750 i1=186 m2=-1329/-13750 i2=-173 steerMode=0/-98 iSteer=6437 driveMode=13750/68306 iDrive=179220 wheel=40000
run=1 step=0 angle=258135 target=258047 err=-88 steer=0 m1=1194/13750 i1=99 m2=-1210/-13750 i2=-94 steerMode=0/-26 iSteer=2694 driveMode=13750/64733 iDrive=96302 wheel=40000
run=1 step=0 angle=258135 target=258047 err=-88 steer=0 m1=1069/13750 i1=8 m2=-1053/-13750 i2=-81 steerMode=0/736 iSteer=-36258 driveMode=13750/57070 iDrive=44427 wheel=40000
run=1 step=0 angle=258398 target=258047 err=-352 steer=0 m1=845/13750 i1=1 m2=-831/-13750 i2=-52 steerMode=0/506 iSteer=-25651 driveMode=13750/46264 iDrive=26287 wheel=40000
run=1 step=0 angle=258662 target=258047 err=-615 steer=-62 m1=667/13412 i1=-5 m2=-599/-14088 i2=-62 steerMode=-338/297 iSteer=-33524 driveMode=13750/35584 iDrive=28651 wheel=40000
run=1 step=0 angle=258662 target=258047 err=-615 steer=-62 m1=445/13412 i1=37 m2=-450/-14088 i2=-56 steerMode=-338/-208 iSteer=-9131 driveMode=13750/25756 iDrive=46536 wheel=40000
run=1 step=0 angle=258838 target=258047 err=-791 steer=-79 m1=322/13315 i1=60 m2=-302/-14185 i2=-82 steerMode=-435/-292 iSteer=-10569 driveMode=13750/17940 iDrive=70955 wheel=40000
run=1 step=0 angle=258662 target=258047 err=-615 steer=-62 m1=253/13412 i1=78 m2=-239/-14088 i2=-107 steerMode=-338/-125 iSteer=-14552 driveMode=13750/12991 iDrive=92907 wheel=40000
run=1 step=0 angle=258662 target=258047 err=-615 steer=-62 m1=148/13412 i1=100 m2=-132/-14088 i2=-144 steerMode=-338/5 iSteer=-22005 driveMode=13750/8359 iDrive=122215 wheel=40000
run=1 step=0 angle=258662 target=258047 err=-615 steer=-62 m1=115/13412 i1=138 m2=-105/-14088 i2=-154 steerMode=-338/-284 iSteer=-7803 driveMode=13750/6127 iDrive=145971 wheel=40000
run=1 step=0 angle=258750 target=258047 err=-703 steer=-70 m1=115/13363 i1=129 m2=-74/-14137 i2=-212 steerMode=-387/333 iSteer=-41751 driveMode=13750/4444 iDrive=170415 wheel=40000
run=1 step=0 angle=258486 target=258047 err=-439 steer=0 m1=117/13750 i1=175 m2=-76/-13750 i2=-203 steerMode=0/183 iSteer=-14266 driveMode=13750/4667 iDrive=188957 wheel=40000
run=1 step=0 angle=258750 target=258047 err=-703 steer=-70 m1=102/13363 i1=199 m2=-141/-14137 i2=-207 steerMode=-387/-432 iSteer=-4238 driveMode=13750/5344 iDrive=202867 wheel=40000
run=1 step=0 angle=258662 target=258047 err=-615 steer=-62 m1=115/13412 i1=189 m2=-137/-14088 i2=-227 steerMode=-338/-86 iSteer=-19280 driveMode=13750/7158 iDrive=208011 wheel=40000
run=1 step=0 angle=258574 target=258047 err=-527 steer=-53 m1=161/13460 i1=192 m2=-227/-14040 i2=-225 steerMode=-290/-102 iSteer=-16558 driveMode=13750/9206 iDrive=208511 wheel=40000
run=1 step=0 angle=258574 target=258047 err=-527 steer=-53 m1=217/13460 i1=188 m2=-206/-14040 i2=-224 steerMode=-290/-69 iSteer=-18198 driveMode=13750/10990 iDrive=206237 wheel=40000
run=1 step=0 angle=258398 target=258047 err=-352 steer=0 m1=240/13750 i1=196 m2=-206/-13750 i2=-207 steerMode=0/-38 iSteer=-5360 driveMode=13750/12724 iDrive=201150 wheel=40000
run=1 step=0 angle=258486 target=258047 err=-439 steer=0 m1=272/13750 i1=174 m2=-258/-13750 i2=-216 steerMode=0/271 iSteer=-20957 driveMode=13750/14142 iDrive=194843 wheel=40000
run=1 step=0 angle=258486 target=258047 err=-439 steer=0 m1=282/13750 i1=181 m2=-277/-13750 i2=-193 steerMode=0/-15 iSteer=-6420 driveMode=13750/15253 iDrive=187000 wheel=40000
run=1 step=0 angle=258574 target=258047 err=-527 steer=-53 m1=301/13460 i1=148 m2=-363/-14040 i2=-216 steerMode=-290/245 iSteer=-33967 driveMode=13750/15704 iDrive=181940 wheel=40000
run=1 step=0 angle=258662 target=258047 err=-615 steer=-62 m1=309/13412 i1=156 m2=-319/-14088 i2=-191 steerMode=-338/-152 iSteer=-17229 driveMode=13750/16505 iDrive=173393 wheel=40000
run=1 step=0 angle=258662 target=258047 err=-615 steer=-62 m1=336/13412 i1=141 m2=-344/-14088 i2=-192 steerMode=-338/4 iSteer=-25306 driveMode=13750/16713 iDrive=166631 wheel=40000
run=1 step=0 angle=258574 target=258047 err=-527 steer=-53 m1=286/13460 i1=138 m2=-256/-14040 i2=-189 steerMode=-290/40 iSteer=-25087 driveMode=13750/16188 iDrive=163514 wheel=40000
run=1 step=0 angle=258662 target=258047 err=-615 steer=-62 m1=253/13412 i1=131 m2=-277/-14088 i2=-206 steerMode=-338/224 iSteer=-37632 driveMode=13750/14571 iDrive=168815 wheel=40000
run=1 step=0 angle=258926 target=258047 err=-879 steer=-88 m1=213/13267 i1=141 m2=-264/-14233 i2=-216 steerMode=-483/68 iSteer=-37738 driveMode=13750/12667 iDrive=178618 wheel=40000
run=1 step=0 angle=258926 target=258047 err=-879 steer=-88 m1=171/13267 i1=160 m2=-227/-14233 i2=-223 steerMode=-483/-77 iSteer=-31612 driveMode=13750/10991 iDrive=191447 wheel=40000
run=1 step=0 angle=259014 target=258047 err=-967 steer=-97 m1=194/13218 i1=159 m2=-214/-14282 i2=-239 steerMode=-532/21 iSteer=-40056 driveMode=13750/10635 iDrive=199330 wheel=40000
run=1 step=0 angle=259014 target=258047 err=-967 steer=-97 m1=196/13218 i1=164 m2=-166/-14282 i2=-251 steerMode=-532/74 iSteer=-43587 driveMode=13750/10373 iDrive=207157 wheel=40000
run=1 step=0 angle=259014 target=258047 err=-967 steer=-97 m1=217/13218 i1=178 m2=-224/-14282 i2=-245 steerMode=-532/-144 iSteer=-33664 driveMode=13750/10677 iDrive=211534 wheel=40000
run=1 step=0 angle=259014 target=258047 err=-967 steer=-97 m1=213/13218 i1=177 m2=-252/-14282 i2=-249 steerMode=-532/-121 iSteer=-35843 driveMode=13750/11437 iDrive=212687 wheel=40000
run=1 step=0 angle=258926 target=258047 err=-879 steer=-88 m1=261/13267 i1=174 m2=-247/-14233 i2=-252 steerMode=-483/-20 iSteer=-39229 driveMode=13750/12129 iDrive=212909 wheel=40000
run=1 step=0 angle=259014 target=258047 err=-967 steer=-97 m1=259/13218 i1=181 m2=-285/-14282 i2=-234 steerMode=-532/-325 iSteer=-26604 driveMode=13750/13449 iDrive=207580 wheel=40000
run=1 step=0 angle=259014 target=258047 err=-967 steer=-97 m1=299/13218 i1=184 m2=-298/-14282 i2=-218 steerMode=-532/-522 iSteer=-16845 driveMode=13750/14576 iDrive=200987 wheel=40000
run=1 step=0 angle=259014 target=258047 err=-967 steer=-97 m1=309/13218 i1=173 m2=-256/-14282 i2=-211 steerMode=-532/-465 iSteer=-19013 driveMode=13750/15665 iDrive=192187 wheel=40000
run=1 step=0 angle=259014 target=258047 err=-967 steer=-97 m1=274/13218 i1=165 m2=-304/-14282 i2=-210 steerMode=-532/-406 iSteer=-22464 driveMode=13750/15748 iDrive=187861 wheel=40000
run=1 step=0 angle=259014 target=258047 err=-967 steer=-97 m1=301/13218 i1=165 m2=-300/-14282 i2=-201 steerMode=-532/-485 iSteer=-18179 driveMode=13750/15858 iDrive=183267 wheel=40000
run=1 step=0 angle=258926 target=258047 err=-879 steer=-88 m1=269/13267 i1=161 m2=-268/-14233 i2=-202 steerMode=-483/-403 iSteer=-20352 driveMode=13750/15535 iDrive=181590 wheel=40000
run=1 step=0 angle=258838 target=258047 err=-791 steer=-79 m1=292/13315 i1=167 m2=-352/-14185 i2=-198 steerMode=-435/-455 iSteer=-15491 driveMode=13750/14970 iDrive=182026 wheel=40000
STEP_OK: step=0 target=40 measured=42755 angleErr=-791
STEP_START: step=1 target=45
run=1 step=1 angle=258750 target=258047 err=-703 steer=-70 m1=221/3532 i1=-59 m2=-172/-4305 i2=28 steerMode=-387/-83 iSteer=-15193 driveMode=3919/11002 iDrive=-43637 wheel=11400
run=1 step=1 angle=258662 target=258047 err=-615 steer=-62 m1=6/10112 i1=8 m2=27/-10788 i2=-80 steerMode=-338/365 iSteer=-35720 driveMode=10450/570 iDrive=43782 wheel=30400
run=1 step=1 angle=258662 target=258047 err=-615 steer=-62 m1=-5/15130 i1=68 m2=0/-15807 i2=-123 steerMode=-338/184 iSteer=-27817 driveMode=15469/241 iDrive=95438 wheel=45000
run=1 step=1 angle=258662 target=258047 err=-615 steer=-62 m1=0/15130 i1=107 m2=0/-15807 i2=-145 steerMode=-338/1 iSteer=-19348 driveMode=15469/1 iDrive=125973 wheel=45000
run=1 step=1 angle=258662 target=258047 err=-615 steer=-62 m1=0/15130 i1=136 m2=0/-15807 i2=-175 steerMode=-338/-3 iSteer=-19777 driveMode=15469/3 iDrive=155340 wheel=45000
run=1 step=1 angle=258662 target=258047 err=-615 steer=-62 m1=0/15130 i1=165 m2=0/-15807 i2=-205 steerMode=-338/-10 iSteer=-20086 driveMode=15469/11 iDrive=184666 wheel=45000
run=1 step=1 angle=258662 target=258047 err=-615 steer=-62 m1=0/15130 i1=193 m2=0/-15807 i2=-235 steerMode=-338/0 iSteer=-21206 driveMode=15469/0 iDrive=214105 wheel=45000
run=1 step=1 angle=258662 target=258047 err=-615 steer=-62 m1=0/15130 i1=222 m2=0/-15807 i2=-265 steerMode=-338/-8 iSteer=-21435 driveMode=15469/8 iDrive=243441 wheel=45000
run=1 step=1 angle=258662 target=258047 err=-615 steer=-62 m1=0/15130 i1=250 m2=0/-15807 i2=-295 steerMode=-338/-1 iSteer=-22414 driveMode=15469/-1 iDrive=272873 wheel=45000
run=1 step=1 angle=258662 target=258047 err=-615 steer=-62 m1=0/15130 i1=279 m2=0/-15807 i2=-325 steerMode=-338/-6 iSteer=-22804 driveMode=15469/0 iDrive=302243 wheel=45000
run=1 step=1 angle=258662 target=258047 err=-615 steer=-62 m1=0/15130 i1=308 m2=0/-15807 i2=-355 steerMode=-338/0 iSteer=-23751 driveMode=15469/0 iDrive=331631 wheel=45000
run=1 step=1 angle=258662 target=258047 err=-615 steer=-62 m1=0/15130 i1=337 m2=0/-15807 i2=-385 steerMode=-338/-8 iSteer=-23972 driveMode=15469/9 iDrive=360956 wheel=45000
run=1 step=1 angle=258662 target=258047 err=-615 steer=-62 m1=0/15130 i1=365 m2=0/-15807 i2=-415 steerMode=-338/0 iSteer=-25043 driveMode=15469/0 iDrive=390379 wheel=45000
run=1 step=1 angle=258662 target=258047 err=-615 steer=-62 m1=0/15130 i1=394 m2=0/-15807 i2=-445 steerMode=-338/-1 iSteer=-25621 driveMode=15469/2 iDrive=419740 wheel=45000
run=1 step=1 angle=258662 target=258047 err=-615 steer=-62 m1=2/15130 i1=424 m2=0/-15807 i2=-474 steerMode=-338/-30 iSteer=-24800 driveMode=15469/40 iDrive=448934 wheel=45000
run=1 step=1 angle=258662 target=258047 err=-615 steer=-62 m1=0/15130 i1=452 m2=0/-15807 i2=-505 steerMode=-338/0 iSteer=-26909 driveMode=15469/0 iDrive=478505 wheel=45000
run=1 step=1 angle=258662 target=258047 err=-615 steer=-62 m1=0/15130 i1=481 m2=0/-15807 i2=-535 steerMode=-338/-8 iSteer=-27185 driveMode=15469/7 iDrive=507857 wheel=45000
run=1 step=1 angle=258662 target=258047 err=-615 steer=-62 m1=0/15130 i1=509 m2=0/-15807 i2=-566 steerMode=-338/3 iSteer=-28378 driveMode=15469/4 iDrive=537259 wheel=45000
run=1 step=1 angle=258662 target=258047 err=-615 steer=-62 m1=-5/15130 i1=538 m2=0/-15807 i2=-595 steerMode=-338/-4 iSteer=-28625 driveMode=15469/-3 iDrive=566666 wheel=45000
run=1 step=1 angle=258662 target=258047 err=-615 steer=-62 m1=0/15130 i1=567 m2=0/-15807 i2=-625 steerMode=-338/-11 iSteer=-28894 driveMode=15469/10 iDrive=595994 wheel=45000
run=1 step=1 angle=258662 target=258047 err=-615 steer=-62 m1=0/15130 i1=596 m2=0/-15807 i2=-655 steerMode=-338/-4 iSteer=-29907 driveMode=15469/4 iDrive=625407 wheel=45000
run=1 step=1 angle=258662 target=258047 err=-615 steer=-62 m1=0/15130 i1=625 m2=0/-15807 i2=-685 steerMode=-338/-14 iSteer=-30051 driveMode=15469/14 iDrive=654718 wheel=45000
run=1 step=1 angle=258662 target=258047 err=-615 steer=-62 m1=0/15130 i1=653 m2=0/-15807 i2=-716 steerMode=-338/0 iSteer=-31355 driveMode=15469/0 iDrive=684174 wheel=45000
run=1 step=1 angle=258662 target=258047 err=-615 steer=-62 m1=0/15130 i1=682 m2=0/-15807 i2=-745 steerMode=-338/-4 iSteer=-31794 driveMode=15469/3 iDrive=713539 wheel=45000
run=1 step=1 angle=258662 target=258047 err=-615 steer=-62 m1=0/15130 i1=710 m2=0/-15807 i2=-776 steerMode=-338/0 iSteer=-32633 driveMode=15469/0 iDrive=742945 wheel=45000
run=1 step=1 angle=258662 target=258047 err=-615 steer=-62 m1=0/15130 i1=739 m2=0/-15807 i2=-805 steerMode=-338/-1 iSteer=-33190 driveMode=15469/2 iDrive=772300 wheel=45000
run=1 step=1 angle=258662 target=258047 err=-615 steer=-62 m1=0/15130 i1=768 m2=0/-15807 i2=-836 steerMode=-338/2 iSteer=-34024 driveMode=15469/2 iDrive=801686 wheel=45000
run=1 step=1 angle=258662 target=258047 err=-615 steer=-62 m1=0/15130 i1=797 m2=-3/-15807 i2=-865 steerMode=-338/-4 iSteer=-34332 driveMode=15469/4 iDrive=831051 wheel=45000
run=1 step=1 angle=258662 target=258047 err=-615 steer=-62 m1=0/15130 i1=826 m2=0/-15807 i2=-894 steerMode=-338/-21 iSteer=-34121 driveMode=15469/21 iDrive=860318 wheel=45000
run=1 step=1 angle=258662 target=258047 err=-615 steer=-62 m1=0/15130 i1=855 m2=0/-15807 i2=-924 steerMode=-338/-28 iSteer=-34386 driveMode=15469/30 iDrive=889638 wheel=45000
run=1 step=1 angle=258311 target=258047 err=-264 steer=-13 m1=8/15399 i1=1081 m2=-289/-15539 i2=-712 steerMode=-70/-4117 iSteer=184201 driveMode=15469/4256 iDrive=896589 wheel=45000
run=1 step=1 angle=256992 target=258047 err=1055 steer=105 m1=832/16049 i1=704 m2=-777/-14889 i2=-772 steerMode=580/1028 iSteer=-33660 driveMode=15469/34776 iDrive=738094 wheel=45000
run=1 step=1 angle=256904 target=258047 err=1143 steer=114 m1=1299/16097 i1=521 m2=-1254/-14840 i2=-547 steerMode=628/636 iSteer=-12854 driveMode=15469/62617 iDrive=533741 wheel=45000
run=1 step=1 angle=256816 target=258047 err=1230 steer=123 m1=1563/16146 i1=330 m2=-1528/-14792 i2=-356 steerMode=677/702 iSteer=-13182 driveMode=15469/79390 iDrive=343037 wheel=45000
run=1 step=1 angle=257344 target=258047 err=703 steer=70 m1=1625/15855 i1=160 m2=-1614/-15082 i2=-217 steerMode=387/698 iSteer=-28220 driveMode=15469/84913 iDrive=188385 wheel=45000
run=1 step=1 angle=257783 target=258047 err=264 steer=0 m1=1525/15469 i1=32 m2=-1545/-15469 i2=-116 steerMode=0/564 iSteer=-41919 driveMode=15469/81825 iDrive=73594 wheel=45000
run=1 step=1 angle=257871 target=258047 err=176 steer=0 m1=1335/15469 i1=-26 m2=-1296/-15469 i2=-32 steerMode=0/288 iSteer=-28996 driveMode=15469/72469 iDrive=2677 wheel=45000
run=1 step=1 angle=258047 target=258047 err=0 steer=0 m1=1077/15469 i1=-55 m2=-1080/-15469 i2=-7 steerMode=0/308 iSteer=-30913 driveMode=15469/58744 iDrive=-23889 wheel=45000
run=1 step=1 angle=258047 target=258047 err=0 steer=0 m1=807/15469 i1=-25 m2=-846/-15469 i2=28 steerMode=0/-343 iSteer=1542 driveMode=15469/45429 iDrive=-26331 wheel=45000
run=1 step=1 angle=257959 target=258047 err=88 steer=0 m1=541/15469 i1=-14 m2=-553/-15469 i2=-8 steerMode=0/-87 iSteer=-10946 driveMode=15469/32025 iDrive=-2867 wheel=45000
run=1 step=1 angle=257959 target=258047 err=88 steer=0 m1=376/15469 i1=28 m2=-344/-15469 i2=-34 steerMode=0/-233 iSteer=-3137 driveMode=15469/21194 iDrive=31042 wheel=45000
run=1 step=1 angle=257959 target=258047 err=88 steer=0 m1=263/15469 i1=63 m2=-296/-15469 i2=-67 steerMode=0/-247 iSteer=-1978 driveMode=15469/13805 iDrive=64592 wheel=45000
run=1 step=1 angle=257959 target=258047 err=88 steer=0 m1=117/15469 i1=69 m2=-132/-15469 i2=-133 steerMode=0/357 iSteer=-31984 driveMode=15469/8213 iDrive=100890 wheel=45000
run=1 step=1 angle=257959 target=258047 err=88 steer=0 m1=62/15469 i1=154 m2=-70/-15469 i2=-120 steerMode=0/-618 iSteer=16955 driveMode=15469/4438 iDrive=137320 wheel=45000
run=1 step=1 angle=257959 target=258047 err=88 steer=0 m1=-70/15469 i1=214 m2=-17/-15469 i2=-144 steerMode=0/-970 iSteer=34978 driveMode=15469/586 iDrive=179371 wheel=45000
run=1 step=1 angle=257959 target=258047 err=88 steer=0 m1=0/15469 i1=203 m2=0/-15469 i2=-217 steerMode=0/-104 iSteer=-6788 driveMode=15469/58 iDrive=210264 wheel=45000
run=1 step=1 angle=257871 target=258047 err=176 steer=0 m1=2/15469 i1=302 m2=-32/-15469 i2=-158 steerMode=0/-1653 iSteer=72459 driveMode=15469/1692 iDrive=230036 wheel=45000
run=1 step=1 angle=257695 target=258047 err=352 steer=0 m1=0/15469 i1=261 m2=0/-15469 i2=-272 steerMode=0/-75 iSteer=-5235 driveMode=15469/64 iDrive=266355 wheel=45000
run=1 step=1 angle=257695 target=258047 err=352 steer=0 m1=0/15469 i1=287 m2=0/-15469 i2=-305 steerMode=0/-1 iSteer=-8913 driveMode=15469/1 iDrive=296339 wheel=45000
run=1 step=1 angle=257695 target=258047 err=352 steer=0 m1=0/15469 i1=319 m2=-3/-15469 i2=-333 steerMode=0/-34 iSteer=-7274 driveMode=15469/34 iDrive=325860 wheel=45000
run=1 step=1 angle=257695 target=258047 err=352 steer=0 m1=0/15469 i1=347 m2=0/-15469 i2=-365 steerMode=0/-1 iSteer=-8882 driveMode=15469/1 iDrive=355693 wheel=45000
run=1 step=1 angle=257695 target=258047 err=352 steer=0 m1=0/15469 i1=377 m2=0/-15469 i2=-394 steerMode=0/-2 iSteer=-8808 driveMode=15469/6 iDrive=385348 wheel=45000
run=1 step=1 angle=257695 target=258047 err=352 steer=0 m1=2/15469 i1=407 m2=0/-15469 i2=-423 steerMode=0/-11 iSteer=-8338 driveMode=15469/21 iDrive=414955 wheel=45000
run=1 step=1 angle=257695 target=258047 err=352 steer=0 m1=0/15469 i1=436 m2=0/-15469 i2=-453 steerMode=0/-3 iSteer=-8709 driveMode=15469/4 iDrive=444705 wheel=45000
run=1 step=1 angle=257695 target=258047 err=352 steer=0 m1=0/15469 i1=468 m2=-3/-15469 i2=-480 steerMode=0/-53 iSteer=-6210 driveMode=15469/46 iDrive=474171 wheel=45000
run=1 step=1 angle=256377 target=258047 err=1670 steer=163 m1=-3/16366 i1=725 m2=-147/-14571 i2=-233 steerMode=898/-4105 iSteer=246068 driveMode=15469/4149 iDrive=479217 wheel=45000
run=1 step=1 angle=254355 target=258047 err=3691 steer=365 m1=0/17478 i1=830 m2=-172/-13459 i2=-166 steerMode=2009/-4483 iSteer=332352 driveMode=15469/4482 iDrive=498027 wheel=45000
run=1 step=1 angle=252861 target=258047 err=5186 steer=500 m1=0/18219 i1=862 m2=-107/-12719 i2=-188 steerMode=2750/-3597 iSteer=336812 driveMode=15469/3597 iDrive=524780 wheel=45000
run=1 step=1 angle=251279 target=258047 err=6768 steer=500 m1=0/18219 i1=890 m2=-210/-12719 i2=-206 steerMode=2750/-3460 iSteer=341992 driveMode=15469/3461 iDrive=548056 wheel=45000
run=1 step=1 angle=250137 target=258047 err=7910 steer=500 m1=0/18219 i1=906 m2=-120/-12719 i2=-241 steerMode=2750/-3047 iSteer=332622 driveMode=15469/3047 iDrive=573449 wheel=45000
run=1 step=1 angle=248906 target=258047 err=9141 steer=500 m1=244/18219 i1=751 m2=-128/-12719 i2=-393 steerMode=2750/242 iSteer=179092 driveMode=15469/7701 iDrive=571660 wheel=45000
run=1 step=1 angle=250488 target=258047 err=7559 steer=500 m1=659/18219 i1=429 m2=-499/-12719 i2=-504 steerMode=2750/4514 iSteer=-37629 driveMode=15469/27709 iDrive=466614 wheel=45000
run=1 step=1 angle=251807 target=258047 err=6240 steer=500 m1=899/18219 i1=371 m2=-720/-12719 i2=-351 steerMode=2750/3521 iSteer=10050 driveMode=15469/41389 iDrive=361201 wheel=45000
run=1 step=1 angle=253652 target=258047 err=4395 steer=443 m1=1012/17907 i1=242 m2=-846/-13031 i2=-290 steerMode=2438/3843 iSteer=-23798 driveMode=15469/48917 iDrive=266239 wheel=45000
run=1 step=1 angle=255146 target=258047 err=2900 steer=290 m1=1004/17064 i1=155 m2=-890/-13874 i2=-227 steerMode=1595/3180 iSteer=-36269 driveMode=15469/50922 iDrive=190924 wheel=45000
run=1 step=1 angle=256289 target=258047 err=1758 steer=176 m1=979/16436 i1=112 m2=-888/-14502 i2=-151 steerMode=967/2170 iSteer=-19332 driveMode=15469/49540 iDrive=131823 wheel=45000
run=1 step=1 angle=256816 target=258047 err=1230 steer=123 m1=868/16146 i1=77 m2=-817/-14792 i2=-107 steerMode=677/1754 iSteer=-15145 driveMode=15469/45273 iDrive=92065 wheel=45000
run=1 step=1 angle=257607 target=258047 err=439 steer=0 m1=736/15469 i1=47 m2=-735/-15469 i2=-102 steerMode=0/1276 iSteer=-27473 driveMode=15469/38666 iDrive=74832 wheel=45000
run=1 step=1 angle=258135 target=258047 err=-88 steer=0 m1=598/15469 i1=77 m2=-609/-15469 i2=-58 steerMode=0/502 iSteer=9638 driveMode=15469/32531 iDrive=67314 wheel=45000
run=1 step=1 angle=258574 target=258047 err=-527 steer=-40 m1=475/15249 i1=27 m2=-457/-15689 i2=-127 steerMode=-220/1445 iSteer=-50421 driveMode=15469/25471 iDrive=76979 wheel=45000
run=1 step=1 angle=259014 target=258047 err=-967 steer=-97 m1=341/14937 i1=62 m2=-266/-16000 i2=-143 steerMode=-532/880 iSteer=-40531 driveMode=15469/18094 iDrive=102336 wheel=45000
run=1 step=1 angle=259277 target=258047 err=-1230 steer=-123 m1=205/14792 i1=96 m2=-206/-16146 i2=-167 steerMode=-677/572 iSteer=-35262 driveMode=15469/12458 iDrive=131547 wheel=45000
run=1 step=1 angle=259453 target=258047 err=-1406 steer=-141 m1=144/14695 i1=144 m2=-143/-16242 i2=-182 steerMode=-773/106 iSteer=-18953 driveMode=15469/8240 iDrive=162837 wheel=45000
run=1 step=1 angle=259717 target=258047 err=-1670 steer=-167 m1=102/14550 i1=180 m2=-126/-16387 i2=-196 steerMode=-918/-295 iSteer=-8056 driveMode=15469/6352 iDrive=188324 wheel=45000
run=1 step=1 angle=259893 target=258047 err=-1846 steer=-185 m1=69/14454 i1=191 m2=-124/-16484 i2=-230 steerMode=-1015/-204 iSteer=-19108 driveMode=15469/5563 iDrive=210580 wheel=45000
run=1 step=1 angle=259893 target=258047 err=-1846 steer=-185 m1=98/14454 i1=160 m2=-76/-16484 i2=-293 steerMode=-1015/692 iSteer=-66369 driveMode=15469/5946 iDrive=226769 wheel=45000
run=1 step=1 angle=259980 target=258047 err=-1934 steer=-193 m1=133/14405 i1=196 m2=-166/-16532 i2=-273 steerMode=-1063/60 iSteer=-38820 driveMode=15469/7774 iDrive=234632 wheel=45000
run=1 step=1 angle=259980 target=258047 err=-1934 steer=-193 m1=196/14405 i1=181 m2=-201/-16532 i2=-293 steerMode=-1063/354 iSteer=-55961 driveMode=15469/9749 iDrive=237026 wheel=45000
run=1 step=1 angle=259980 target=258047 err=-1934 steer=-193 m1=244/14405 i1=195 m2=-197/-16532 i2=-269 steerMode=-1063/-53 iSteer=-37154 driveMode=15469/12298 iDrive=232324 wheel=45000
run=1 step=1 angle=259893 target=258047 err=-1846 steer=-185 m1=295/14454 i1=204 m2=-279/-16484 i2=-242 steerMode=-1015/-400 iSteer=-18912 driveMode=15469/14891 iDrive=222903 wheel=45000
run=1 step=1 angle=259893 target=258047 err=-1846 steer=-185 m1=349/14454 i1=205 m2=-335/-16484 i2=-215 steerMode=-1015/-710 iSteer=-4739 driveMode=15469/17218 iDrive=210158 wheel=45000
run=1 step=1 angle=259893 target=258047 err=-1846 steer=-185 m1=380/14454 i1=169 m2=-356/-16484 i2=-225 steerMode=-1015/-258 iSteer=-28161 driveMode=15469/18796 iDrive=197158 wheel=45000
run=1 step=1 angle=259893 target=258047 err=-1846 steer=-185 m1=353/14454 i1=161 m2=-342/-16484 i2=-216 steerMode=-1015/-302 iSteer=-27613 driveMode=15469/19144 iDrive=188669 wheel=45000
run=1 step=1 angle=259893 target=258047 err=-1846 steer=-185 m1=380/14454 i1=141 m2=-367/-16484 i2=-218 steerMode=-1015/-108 iSteer=-38428 driveMode=15469/19491 iDrive=179276 wheel=45000
run=1 step=1 angle=259893 target=258047 err=-1846 steer=-185 m1=343/14454 i1=149 m2=-381/-16484 i2=-202 steerMode=-1015/-383 iSteer=-26161 driveMode=15469/18906 iDrive=175467 wheel=45000
run=1 step=1 angle=259805 target=258047 err=-1758 steer=-176 m1=330/14502 i1=131 m2=-310/-16436 i2=-218 steerMode=-967/-15 iSteer=-43196 driveMode=15469/17873 iDrive=174662 wheel=45000
run=1 step=1 angle=259805 target=258047 err=-1758 steer=-176 m1=278/14502 i1=145 m2=-298/-16436 i2=-209 steerMode=-967/-278 iSteer=-31813 driveMode=15469/16753 iDrive=177081 wheel=45000
run=1 step=1 angle=259805 target=258047 err=-1758 steer=-172 m1=284/14523 i1=157 m2=-337/-16415 i2=-201 steerMode=-946/-466 iSteer=-22031 driveMode=15469/16067 iDrive=178570 wheel=45000
run=1 step=1 angle=259629 target=258047 err=-1582 steer=-158 m1=284/14599 i1=155 m2=-285/-16339 i2=-200 steerMode=-870/-395 iSteer=-22422 driveMode=15469/16011 iDrive=177343 wheel=45000
run=1 step=1 angle=259365 target=258047 err=-1318 steer=-132 m1=307/14744 i1=169 m2=-277/-16194 i2=-179 steerMode=-725/-615 iSteer=-4816 driveMode=15469/16523 iDrive=173704 wheel=45000
run=1 step=1 angle=259277 target=258047 err=-1230 steer=-123 m1=343/14792 i1=147 m2=-340/-16146 i2=-193 steerMode=-677/-223 iSteer=-22958 driveMode=15469/16904 iDrive=169568 wheel=45000
run=1 step=1 angle=259014 target=258047 err=-967 steer=-100 m1=303/14916 i1=151 m2=-264/-16021 i2=-185 steerMode=-553/-234 iSteer=-17228 driveMode=15469/16691 iDrive=168171 wheel=45000
run=1 step=1 angle=258926 target=258047 err=-879 steer=-88 m1=301/14985 i1=142 m2=-350/-15952 i2=-193 steerMode=-483/-25 iSteer=-25194 driveMode=15469/16404 iDrive=167608 wheel=45000
run=1 step=1 angle=258750 target=258047 err=-703 steer=-70 m1=322/15082 i1=135 m2=-342/-15855 i2=-203 steerMode=-387/223 iSteer=-33990 driveMode=15469/15895 iDrive=168825 wheel=45000
run=1 step=1 angle=258574 target=258047 err=-527 steer=-53 m1=292/15179 i1=135 m2=-224/-15759 i2=-211 steerMode=-290/383 iSteer=-37950 driveMode=15469/15106 iDrive=172712 wheel=45000
STEP_OK: step=1 target=45 measured=41828 angleErr=-615
STEP_START: step=2 target=50
run=1 step=2 angle=258838 target=258047 err=-791 steer=-79 m1=200/4171 i1=-74 m2=-114/-5041 i2=-3 steerMode=-435/327 iSteer=-38623 driveMode=4606/9907 iDrive=-35317 wheel=13400
run=1 step=2 angle=258926 target=258047 err=-879 steer=-88 m1=50/10654 i1=22 m2=-42/-11621 i2=-88 steerMode=-483/142 iSteer=-33205 driveMode=11138/-23 iDrive=54831 wheel=32400
run=1 step=2 angle=258926 target=258047 err=-879 steer=-88 m1=0/16704 i1=86 m2=0/-17671 i2=-138 steerMode=-483/-22 iSteer=-25904 driveMode=17188/11 iDrive=112028 wheel=50000
run=1 step=2 angle=258926 target=258047 err=-879 steer=-88 m1=0/16704 i1=118 m2=0/-17671 i2=-172 steerMode=-483/-13 iSteer=-27261 driveMode=17188/-13 iDrive=144800 wheel=50000
run=1 step=2 angle=258926 target=258047 err=-879 steer=-88 m1=0/16704 i1=149 m2=0/-17671 i2=-206 steerMode=-483/-2 iSteer=-28750 driveMode=17188/1 iDrive=177385 wheel=50000
run=1 step=2 angle=258926 target=258047 err=-879 steer=-88 m1=-3/16704 i1=181 m2=0/-17671 i2=-239 steerMode=-483/-12 iSteer=-29167 driveMode=17188/-11 iDrive=210093 wheel=50000
run=1 step=2 angle=258926 target=258047 err=-879 steer=-88 m1=0/16704 i1=213 m2=0/-17671 i2=-272 steerMode=-483/-23 iSteer=-29475 driveMode=17188/35 iDrive=242527 wheel=50000
run=1 step=2 angle=258926 target=258047 err=-879 steer=-88 m1=0/16704 i1=244 m2=0/-17671 i2=-307 steerMode=-483/-1 iSteer=-31488 driveMode=17188/13 iDrive=275274 wheel=50000
run=1 step=2 angle=258926 target=258047 err=-879 steer=-88 m1=0/16704 i1=277 m2=0/-17671 i2=-339 steerMode=-483/-23 iSteer=-31326 driveMode=17188/21 iDrive=307867 wheel=50000
run=1 step=2 angle=258926 target=258047 err=-879 steer=-88 m1=0/16704 i1=307 m2=0/-17671 i2=-374 steerMode=-483/3 iSteer=-33536 driveMode=17188/4 iDrive=340601 wheel=50000
run=1 step=2 angle=259014 target=258047 err=-967 steer=-97 m1=0/16656 i1=337 m2=0/-17719 i2=-409 steerMode=-532/-13 iSteer=-36094 driveMode=17188/13 iDrive=373178 wheel=50000
run=1 step=2 angle=259014 target=258047 err=-967 steer=-97 m1=0/16656 i1=368 m2=0/-17719 i2=-444 steerMode=-532/0 iSteer=-37756 driveMode=17188/0 iDrive=405895 wheel=50000
run=1 step=2 angle=259014 target=258047 err=-967 steer=-97 m1=0/16656 i1=400 m2=0/-17719 i2=-477 steerMode=-532/-3 iSteer=-38620 driveMode=17188/3 iDrive=438516 wheel=50000
run=1 step=2 angle=259014 target=258047 err=-967 steer=-97 m1=0/16656 i1=431 m2=0/-17719 i2=-511 steerMode=-532/-1 iSteer=-39690 driveMode=17188/3 iDrive=471154 wheel=50000
run=1 step=2 angle=259014 target=258047 err=-967 steer=-97 m1=0/16656 i1=464 m2=0/-17719 i2=-543 steerMode=-532/-24 iSteer=-39570 driveMode=17188/31 iDrive=503658 wheel=50000
run=1 step=2 angle=259014 target=258047 err=-967 steer=-97 m1=0/16656 i1=495 m2=0/-17719 i2=-578 steerMode=-532/0 iSteer=-41744 driveMode=17188/0 iDrive=536454 wheel=50000
run=1 step=2 angle=259014 target=258047 err=-967 steer=-97 m1=0/16656 i1=526 m2=0/-17719 i2=-612 steerMode=-532/0 iSteer=-42767 driveMode=17188/0 iDrive=569112 wheel=50000
run=1 step=2 angle=259014 target=258047 err=-967 steer=-97 m1=0/16656 i1=558 m2=0/-17719 i2=-645 steerMode=-532/-3 iSteer=-43627 driveMode=17188/3 iDrive=601731 wheel=50000
run=1 step=2 angle=259014 target=258047 err=-967 steer=-97 m1=0/16656 i1=590 m2=0/-17719 i2=-679 steerMode=-532/-2 iSteer=-44635 driveMode=17188/4 iDrive=634363 wheel=50000
run=1 step=2 angle=259014 target=258047 err=-967 steer=-97 m1=0/16656 i1=621 m2=0/-17719 i2=-713 steerMode=-532/-2 iSteer=-45633 driveMode=17188/4 iDrive=666997 wheel=50000
run=1 step=2 angle=259014 target=258047 err=-967 steer=-97 m1=0/16656 i1=652 m2=0/-17719 i2=-747 steerMode=-532/9 iSteer=-47176 driveMode=17188/20 iDrive=699544 wheel=50000
run=1 step=2 angle=259014 target=258047 err=-967 steer=-97 m1=2/16656 i1=684 m2=0/-17719 i2=-780 steerMode=-532/9 iSteer=-48163 driveMode=17188/13 iDrive=732222 wheel=50000
run=1 step=2 angle=259014 target=258047 err=-967 steer=-97 m1=-3/16656 i1=720 m2=-7/-17719 i2=-809 steerMode=-532/-85 iSteer=-44448 driveMode=17188/81 iDrive=764481 wheel=50000
run=1 step=2 angle=257695 target=258047 err=352 steer=0 m1=395/17188 i1=848 m2=-388/-17188 i2=-580 steerMode=0/-3009 iSteer=133644 driveMode=17188/14722 iDrive=714039 wheel=50000
run=1 step=2 angle=257871 target=258047 err=176 steer=0 m1=853/17188 i1=526 m2=-869/-17188 i2=-600 steerMode=0/404 iSteer=-37156 driveMode=17188/40613 iDrive=563116 wheel=50000
run=1 step=2 angle=257783 target=258047 err=264 steer=0 m1=1136/17188 i1=413 m2=-1139/-17188 i2=-417 steerMode=0/-282 iSteer=-1813 driveMode=17188/57696 iDrive=415104 wheel=50000
run=1 step=2 angle=257256 target=258047 err=791 steer=79 m1=1196/17623 i1=396 m2=-1264/-16752 i2=-203 steerMode=435/-1779 iSteer=96541 driveMode=17188/63845 iDrive=299691 wheel=50000
run=1 step=2 angle=256553 target=258047 err=1494 steer=149 m1=1119/18009 i1=318 m2=-1183/-16366 i2=-130 steerMode=822/-1252 iSteer=93927 driveMode=17188/61500 iDrive=223867 wheel=50000
run=1 step=2 angle=256553 target=258047 err=1494 steer=149 m1=993/18009 i1=238 m2=-1011/-16366 i2=-128 steerMode=822/-424 iSteer=54713 driveMode=17188/54338 iDrive=182992 wheel=50000
run=1 step=2 angle=256553 target=258047 err=1494 steer=149 m1=845/18009 i1=248 m2=-840/-16366 i2=-74 steerMode=822/-1008 iSteer=87034 driveMode=17188/46179 iDrive=160682 wheel=50000
run=1 step=2 angle=256201 target=258047 err=1846 steer=185 m1=644/18203 i1=251 m2=-676/-16172 i2=-75 steerMode=1015/-757 iSteer=87840 driveMode=17188/36518 iDrive=163246 wheel=50000
run=1 step=2 angle=256025 target=258047 err=2021 steer=202 m1=523/18299 i1=260 m2=-534/-16076 i2=-78 steerMode=1112/-666 iSteer=91370 driveMode=17188/29422 iDrive=169041 wheel=50000
run=1 step=2 angle=255762 target=258047 err=2285 steer=229 m1=456/18444 i1=257 m2=-471/-15931 i2=-99 steerMode=1257/-221 iSteer=79102 driveMode=17188/24039 iDrive=178328 wheel=50000
run=1 step=2 angle=255762 target=258047 err=2285 steer=229 m1=353/18444 i1=260 m2=-373/-15931 i2=-125 steerMode=1257/58 iSteer=67602 driveMode=17188/19477 iDrive=192461 wheel=50000
run=1 step=2 angle=255762 target=258047 err=2285 steer=229 m1=307/18444 i1=288 m2=-296/-15931 i2=-136 steerMode=1257/-71 iSteer=76028 driveMode=17188/15597 iDrive=211745 wheel=50000
run=1 step=2 angle=255762 target=258047 err=2285 steer=229 m1=236/18444 i1=308 m2=-250/-15931 i2=-149 steerMode=1257/-103 iSteer=79681 driveMode=17188/13298 iDrive=228594 wheel=50000
run=1 step=2 angle=255762 target=258047 err=2285 steer=229 m1=251/18444 i1=336 m2=-310/-15931 i2=-152 steerMode=1257/-314 iSteer=92186 driveMode=17188/12056 iDrive=243819 wheel=50000
run=1 step=2 angle=255762 target=258047 err=2285 steer=229 m1=200/18444 i1=336 m2=-258/-15931 i2=-175 steerMode=1257/-24 iSteer=80232 driveMode=17188/11787 iDrive=255344 wheel=50000
run=1 step=2 angle=255850 target=258047 err=2197 steer=220 m1=228/18396 i1=349 m2=-229/-15979 i2=-187 steerMode=1208/-30 iSteer=80914 driveMode=17188/11581 iDrive=267763 wheel=50000
run=1 step=2 angle=255850 target=258047 err=2197 steer=220 m1=228/18396 i1=337 m2=-231/-15979 i2=-214 steerMode=1208/392 iSteer=61687 driveMode=17188/12011 iDrive=275794 wheel=50000
run=1 step=2 angle=255850 target=258047 err=2197 steer=220 m1=261/18396 i1=359 m2=-233/-15979 i2=-194 steerMode=1208/14 iSteer=82395 driveMode=17188/13483 iDrive=276559 wheel=50000
run=1 step=2 angle=256025 target=258047 err=2021 steer=202 m1=282/18299 i1=347 m2=-296/-16076 i2=-207 steerMode=1112/201 iSteer=69746 driveMode=17188/14542 iDrive=276929 wheel=50000
run=1 step=2 angle=256113 target=258047 err=1934 steer=193 m1=303/18251 i1=346 m2=-308/-16124 i2=-207 steerMode=1063/179 iSteer=69578 driveMode=17188/15552 iDrive=276130 wheel=50000
run=1 step=2 angle=256289 target=258047 err=1758 steer=176 m1=345/18154 i1=324 m2=-260/-16221 i2=-221 steerMode=967/460 iSteer=51697 driveMode=17188/16631 iDrive=272393 wheel=50000
run=1 step=2 angle=256465 target=258047 err=1582 steer=158 m1=322/18058 i1=352 m2=-379/-16317 i2=-196 steerMode=870/-134 iSteer=77647 driveMode=17188/16581 iDrive=274052 wheel=50000
run=1 step=2 angle=256641 target=258047 err=1406 steer=141 m1=345/17961 i1=339 m2=-266/-16414 i2=-214 steerMode=773/99 iSteer=62575 driveMode=17188/16328 iDrive=276681 wheel=50000
run=1 step=2 angle=256729 target=258047 err=1318 steer=132 m1=315/17913 i1=338 m2=-229/-16462 i2=-225 steerMode=725/204 iSteer=56534 driveMode=17188/15708 iDrive=281920 wheel=50000
run=1 step=2 angle=256553 target=258047 err=1494 steer=149 m1=226/18009 i1=429 m2=-281/-16366 i2=-163 steerMode=822/-1176 iSteer=133201 driveMode=17188/13889 iDrive=295713 wheel=50000
run=1 step=2 angle=256113 target=258047 err=1934 steer=193 m1=200/18251 i1=447 m2=-273/-16124 i2=-177 steerMode=1063/-902 iSteer=135229 driveMode=17188/12314 iDrive=312216 wheel=50000
run=1 step=2 angle=256201 target=258047 err=1846 steer=185 m1=257/18203 i1=393 m2=-291/-16172 i2=-240 steerMode=1015/266 iSteer=76150 driveMode=17188/13294 iDrive=316371 wheel=50000
run=1 step=2 angle=256465 target=258047 err=1582 steer=158 m1=330/18058 i1=366 m2=-291/-16317 i2=-258 steerMode=870/580 iSteer=54281 driveMode=17188/15338 iDrive=312013 wheel=50000
run=1 step=2 angle=256641 target=258047 err=1406 steer=141 m1=326/17961 i1=381 m2=-296/-16414 i2=-230 steerMode=773/82 iSteer=75442 driveMode=17188/17027 iDrive=305407 wheel=50000
run=1 step=2 angle=256729 target=258047 err=1318 steer=132 m1=351/17913 i1=398 m2=-363/-16462 i2=-197 steerMode=725/-439 iSteer=100779 driveMode=17188/18450 iDrive=297422 wheel=50000
run=1 step=2 angle=256641 target=258047 err=1406 steer=141 m1=372/17961 i1=371 m2=-386/-16414 i2=-202 steerMode=773/-30 iSteer=84393 driveMode=17188/19788 iDrive=286700 wheel=50000
run=1 step=2 angle=256553 target=258047 err=1494 steer=149 m1=372/18009 i1=366 m2=-375/-16366 i2=-188 steerMode=822/-30 iSteer=88619 driveMode=17188/20580 iDrive=277093 wheel=50000
run=1 step=2 angle=256553 target=258047 err=1494 steer=149 m1=387/18009 i1=365 m2=-310/-16366 i2=-189 steerMode=822/29 iSteer=88012 driveMode=17188/19453 iDrive=277252 wheel=50000
run=1 step=2 angle=256553 target=258047 err=1494 steer=149 m1=382/18009 i1=339 m2=-413/-16366 i2=-197 steerMode=822/385 iSteer=71057 driveMode=17188/20251 iDrive=268244 wheel=50000
run=1 step=2 angle=256816 target=258047 err=1230 steer=123 m1=449/17864 i1=288 m2=-419/-16511 i2=-226 steerMode=677/1045 iSteer=31060 driveMode=17188/21253 iDrive=256616 wheel=50000
run=1 step=2 angle=257432 target=258047 err=615 steer=62 m1=502/17526 i1=203 m2=-442/-16849 i2=-266 steerMode=338/1913 iSteer=-31460 driveMode=17188/23709 iDrive=234166 wheel=50000
run=1 step=2 angle=258047 target=258047 err=0 steer=0 m1=506/17188 i1=217 m2=-465/-17188 i2=-210 steerMode=0/820 iSteer=3871 driveMode=17188/25072 iDrive=213372 wheel=50000
run=1 step=2 angle=258486 target=258047 err=-439 steer=0 m1=498/17188 i1=187 m2=-461/-17188 i2=-206 steerMode=0/1047 iSteer=-9415 driveMode=17188/25380 iDrive=196241 wheel=50000
run=1 step=2 angle=258926 target=258047 err=-879 steer=-88 m1=481/16704 i1=189 m2=-480/-17671 i2=-177 steerMode=-483/209 iSteer=6318 driveMode=17188/24989 iDrive=182820 wheel=50000
run=1 step=2 angle=258926 target=258047 err=-879 steer=-88 m1=472/16704 i1=158 m2=-473/-17671 i2=-187 steerMode=-483/601 iSteer=-14791 driveMode=17188/24272 iDrive=172431 wheel=50000
run=1 step=2 angle=259014 target=258047 err=-967 steer=-97 m1=468/16656 i1=149 m2=-432/-17719 i2=-178 steerMode=-532/524 iSteer=-14773 driveMode=17188/23439 iDrive=163709 wheel=50000
run=1 step=2 angle=259102 target=258047 err=-1055 steer=-105 m1=389/16607 i1=163 m2=-392/-17768 i2=-157 steerMode=-580/86 iSteer=2966 driveMode=17188/21980 iDrive=160294 wheel=50000
run=1 step=2 angle=259102 target=258047 err=-1055 steer=-105 m1=366/16607 i1=153 m2=-379/-17768 i2=-170 steerMode=-580/289 iSteer=-8411 driveMode=17188/20282 iDrive=161412 wheel=50000
run=1 step=2 angle=259189 target=258047 err=-1143 steer=-114 m1=322/16559 i1=161 m2=-310/-17816 i2=-170 steerMode=-628/131 iSteer=-4115 driveMode=17188/18624 iDrive=165548 wheel=50000
run=1 step=2 angle=259365 target=258047 err=-1318 steer=-132 m1=343/16462 i1=165 m2=-321/-17913 i2=-186 steerMode=-725/128 iSteer=-10436 driveMode=17188/16590 iDrive=175301 wheel=50000
run=1 step=2 angle=259453 target=258047 err=-1406 steer=-141 m1=272/16414 i1=175 m2=-369/-17961 i2=-185 steerMode=-773/-50 iSteer=-5291 driveMode=17188/15962 iDrive=180113 wheel=50000
run=1 step=2 angle=259629 target=258047 err=-1582 steer=-158 m1=292/16317 i1=176 m2=-342/-18058 i2=-195 steerMode=-870/-93 iSteer=-9661 driveMode=17188/15469 iDrive=185479 wheel=50000
run=1 step=2 angle=259629 target=258047 err=-1582 steer=-158 m1=261/16317 i1=182 m2=-369/-18058 i2=-192 steerMode=-870/-210 iSteer=-4975 driveMode=17188/15773 iDrive=186753 wheel=50000
run=1 step=2 angle=259629 target=258047 err=-1582 steer=-158 m1=324/16317 i1=174 m2=-296/-18058 i2=-196 steerMode=-870/-116 iSteer=-10959 driveMode=17188/16452 iDrive=185456 wheel=50000
run=1 step=2 angle=259629 target=258047 err=-1582 steer=-158 m1=343/16317 i1=181 m2=-373/-18058 i2=-187 steerMode=-870/-300 iSteer=-2919 driveMode=17188/16942 iDrive=183891 wheel=50000
run=1 step=2 angle=259629 target=258047 err=-1582 steer=-158 m1=324/16317 i1=161 m2=-337/-18058 i2=-207 steerMode=-870/74 iSteer=-22654 driveMode=17188/16963 iDrive=184061 wheel=50000
run=1 step=2 angle=259541 target=258047 err=-1494 steer=-149 m1=315/16366 i1=165 m2=-323/-18009 i2=-200 steerMode=-822/-17 iSteer=-17275 driveMode=17188/17339 iDrive=182390 wheel=50000
STEP_OK: step=2 target=50 measured=50928 angleErr=-1406
STEP_START: step=3 target=60
run=1 step=3 angle=259541 target=258047 err=-1494 steer=-75 m1=313/619 i1=-77 m2=-312/-1444 i2=0 steerMode=-413/351 iSteer=-38323 driveMode=1031/8461 iDrive=-38646 wheel=3000
run=1 step=3 angle=259453 target=258047 err=-1406 steer=-141 m1=96/6789 i1=-29 m2=-145/-8336 i2=8 steerMode=-773/-591 iSteer=-10412 driveMode=7563/8155 iDrive=-18251 wheel=22000
run=1 step=3 angle=259629 target=258047 err=-1582 steer=-158 m1=0/13224 i1=30 m2=4/-14964 i2=-112 steerMode=-870/-109 iSteer=-40883 driveMode=14094/5 iDrive=70925 wheel=41000
run=1 step=3 angle=259629 target=258047 err=-1582 steer=-158 m1=0/19755 i1=90 m2=0/-21495 i2=-183 steerMode=-870/-24 iSteer=-46702 driveMode=20625/22 iDrive=136613 wheel=60000
run=1 step=3 angle=259629 target=258047 err=-1582 steer=-158 m1=0/19755 i1=126 m2=0/-21495 i2=-225 steerMode=-870/-1 iSteer=-49520 driveMode=20625/2 iDrive=175875 wheel=60000
run=1 step=3 angle=259629 target=258047 err=-1582 steer=-158 m1=0/19755 i1=165 m2=0/-21495 i2=-265 steerMode=-870/-24 iSteer=-49971 driveMode=20625/64 iDrive=214720 wheel=60000
run=1 step=3 angle=259629 target=258047 err=-1582 steer=-158 m1=2/19755 i1=201 m2=0/-21495 i2=-307 steerMode=-870/11 iSteer=-53347 driveMode=20625/34 iDrive=254023 wheel=60000
run=1 step=3 angle=259629 target=258047 err=-1582 steer=-158 m1=0/19755 i1=240 m2=-3/-21495 i2=-346 steerMode=-870/-26 iSteer=-53267 driveMode=20625/15 iDrive=293095 wheel=60000
run=1 step=3 angle=259629 target=258047 err=-1582 steer=-158 m1=-3/19755 i1=300 m2=-44/-21495 i2=-359 steerMode=-870/-534 iSteer=-29322 driveMode=20625/549 iDrive=329428 wheel=60000
run=1 step=3 angle=258750 target=258047 err=-703 steer=-70 m1=-3/20238 i1=460 m2=-74/-21012 i2=-249 steerMode=-387/-2695 iSteer=105407 driveMode=20625/2707 iDrive=354094 wheel=60000
run=1 step=3 angle=257959 target=258047 err=88 steer=0 m1=0/20625 i1=551 m2=-109/-20625 i2=-217 steerMode=0/-3419 iSteer=166871 driveMode=20625/3423 iDrive=383722 wheel=60000
run=1 step=3 angle=256816 target=258047 err=1230 steer=119 m1=0/21281 i1=612 m2=-93/-19969 i2=-223 steerMode=656/-3182 iSteer=194539 driveMode=20625/3183 iDrive=417830 wheel=60000
run=1 step=3 angle=255234 target=258047 err=2813 steer=281 m1=2/22172 i1=713 m2=-143/-19078 i2=-186 steerMode=1547/-3513 iSteer=263656 driveMode=20625/3540 iDrive=449241 wheel=60000
run=1 step=3 angle=253301 target=258047 err=4746 steer=475 m1=0/23235 i1=791 m2=-70/-18015 i2=-178 steerMode=2610/-3111 iSteer=306706 driveMode=20625/3110 iDrive=484607 wheel=60000
run=1 step=3 angle=252158 target=258047 err=5889 steer=500 m1=0/23375 i1=826 m2=-99/-17875 i2=-216 steerMode=2750/-2745 iSteer=305000 driveMode=20625/2745 iDrive=521199 wheel=60000
run=1 step=3 angle=251279 target=258047 err=6768 steer=500 m1=0/23375 i1=889 m2=-90/-17875 i2=-215 steerMode=2750/-3162 iSteer=337153 driveMode=20625/3162 iDrive=552203 wheel=60000
run=1 step=3 angle=250049 target=258047 err=7998 steer=500 m1=0/23375 i1=952 m2=-145/-17875 i2=-215 steerMode=2750/-3568 iSteer=368654 driveMode=20625/3588 iDrive=583305 wheel=60000
run=1 step=3 angle=248994 target=258047 err=9053 steer=500 m1=428/23375 i1=594 m2=-270/-17875 i2=-533 steerMode=2750/3372 iSteer=30432 driveMode=20625/13098 iDrive=563491 wheel=60000
run=1 step=3 angle=251191 target=258047 err=6855 steer=500 m1=801/23375 i1=441 m2=-681/-17875 i2=-460 steerMode=2750/4105 iSteer=-9451 driveMode=20625/34244 iDrive=450288 wheel=60000
run=1 step=3 angle=252773 target=258047 err=5273 steer=500 m1=1012/23375 i1=351 m2=-819/-17875 i2=-337 steerMode=2750/3733 iSteer=7161 driveMode=20625/47614 iDrive=343896 wheel=60000
run=1 step=3 angle=254531 target=258047 err=3516 steer=352 m1=1123/22559 i1=215 m2=-1007/-18691 i2=-278 steerMode=1934/3633 iSteer=-31356 driveMode=20625/55117 iDrive=246773 wheel=60000
run=1 step=3 angle=255850 target=258047 err=2197 steer=224 m1=1125/21854 i1=137 m2=-1011/-19396 i2=-209 steerMode=1229/2956 iSteer=-35820 driveMode=20625/56469 iDrive=173179 wheel=60000
run=1 step=3 angle=256992 target=258047 err=1055 steer=105 m1=1037/21205 i1=84 m2=-984/-20045 i2=-168 steerMode=580/2358 iSteer=-41880 driveMode=20625/52949 iDrive=126150 wheel=60000
run=1 step=3 angle=257783 target=258047 err=264 steer=0 m1=918/20625 i1=52 m2=-842/-20625 i2=-149 steerMode=0/1849 iSteer=-48889 driveMode=20625/46918 iDrive=100458 wheel=60000
run=1 step=3 angle=258311 target=258047 err=-264 steer=0 m1=778/20625 i1=102 m2=-731/-20625 i2=-77 steerMode=0/580 iSteer=12543 driveMode=20625/40375 iDrive=89812 wheel=60000
run=1 step=3 angle=258398 target=258047 err=-352 steer=0 m1=661/20625 i1=95 m2=-597/-20625 i2=-80 steerMode=0/656 iSteer=7537 driveMode=20625/34514 iDrive=87230 wheel=60000
run=1 step=3 angle=258662 target=258047 err=-615 steer=-62 m1=539/20287 i1=100 m2=-532/-20963 i2=-91 steerMode=-338/353 iSteer=4464 driveMode=20625/28748 iDrive=95511 wheel=60000
run=1 step=3 angle=258662 target=258047 err=-615 steer=-62 m1=443/20287 i1=114 m2=-402/-20963 i2=-105 steerMode=-338/335 iSteer=4526 driveMode=20625/23783 iDrive=109786 wheel=60000
run=1 step=3 angle=258838 target=258047 err=-791 steer=-79 m1=349/20190 i1=130 m2=-325/-21060 i2=-127 steerMode=-435/278 iSteer=1237 driveMode=20625/19594 iDrive=128622 wheel=60000
run=1 step=3 angle=259102 target=258047 err=-1055 steer=-105 m1=315/20045 i1=142 m2=-281/-21205 i2=-158 steerMode=-580/288 iSteer=-8403 driveMode=20625/16418 iDrive=149920 wheel=60000
run=1 step=3 angle=259277 target=258047 err=-1230 steer=-123 m1=274/19948 i1=164 m2=-216/-21302 i2=-174 steerMode=-677/91 iSteer=-5166 driveMode=20625/14603 iDrive=168916 wheel=60000
run=1 step=3 angle=259365 target=258047 err=-1318 steer=-132 m1=290/19900 i1=179 m2=-319/-21350 i2=-187 steerMode=-725/-15 iSteer=-3786 driveMode=20625/14203 iDrive=183041 wheel=60000
run=1 step=3 angle=259453 target=258047 err=-1406 steer=-141 m1=249/19852 i1=200 m2=-252/-21398 i2=-189 steerMode=-773/-273 iSteer=5151 driveMode=20625/14357 iDrive=194594 wheel=60000
run=1 step=3 angle=259541 target=258047 err=-1494 steer=-149 m1=299/19803 i1=199 m2=-323/-21447 i2=-205 steerMode=-822/-183 iSteer=-3122 driveMode=20625/15140 iDrive=201942 wheel=60000
run=1 step=3 angle=259541 target=258047 err=-1494 steer=-149 m1=359/19803 i1=193 m2=-371/-21447 i2=-214 steerMode=-822/-65 iSteer=-10221 driveMode=20625/16578 iDrive=203518 wheel=60000
run=1 step=3 angle=259541 target=258047 err=-1494 steer=-149 m1=341/19803 i1=195 m2=-354/-21447 i2=-214 steerMode=-822/-122 iSteer=-9538 driveMode=20625/17706 iDrive=204863 wheel=60000
run=1 step=3 angle=259541 target=258047 err=-1494 steer=-149 m1=403/19803 i1=181 m2=-302/-21447 i2=-228 steerMode=-822/126 iSteer=-23645 driveMode=20625/18735 iDrive=204531 wheel=60000
run=1 step=3 angle=259541 target=258047 err=-1494 steer=-149 m1=364/19803 i1=183 m2=-316/-21447 i2=-230 steerMode=-822/80 iSteer=-23175 driveMode=20625/18981 iDrive=206462 wheel=60000
run=1 step=3 angle=259629 target=258047 err=-1582 steer=-158 m1=368/19755 i1=193 m2=-415/-21495 i2=-218 steerMode=-870/-207 iSteer=-12639 driveMode=20625/19668 iDrive=205538 wheel=60000
run=1 step=3 angle=259629 target=258047 err=-1582 steer=-158 m1=380/19755 i1=182 m2=-444/-21495 i2=-220 steerMode=-870/-104 iSteer=-19250 driveMode=20625/20685 iDrive=200995 wheel=60000
run=1 step=3 angle=259629 target=258047 err=-1582 steer=-158 m1=437/19755 i1=176 m2=-413/-21495 i2=-215 steerMode=-870/-132 iSteer=-19081 driveMode=20625/21618 iDrive=195559 wheel=60000
run=1 step=3 angle=259541 target=258047 err=-1494 steer=-149 m1=418/19803 i1=176 m2=-444/-21447 i2=-203 steerMode=-822/-229 iSteer=-13641 driveMode=20625/22274 iDrive=189797 wheel=60000
run=1 step=3 angle=259541 target=258047 err=-1494 steer=-149 m1=439/19803 i1=175 m2=-400/-21447 i2=-194 steerMode=-822/-338 iSteer=-9550 driveMode=20625/22678 iDrive=184312 wheel=60000
run=1 step=3 angle=259453 target=258047 err=-1406 steer=-141 m1=464/19852 i1=158 m2=-446/-21398 i2=-193 steerMode=-773/-156 iSteer=-17339 driveMode=20625/23576 iDrive=175167 wheel=60000
run=1 step=3 angle=259453 target=258047 err=-1406 steer=-141 m1=452/19852 i1=159 m2=-432/-21398 i2=-182 steerMode=-773/-300 iSteer=-11322 driveMode=20625/23454 iDrive=170487 wheel=60000
STEP_OK: step=3 target=60 measured=67567 angleErr=-1318
STEP_START: step=4 target=75
run=1 step=4 angle=259365 target=258047 err=-1318 steer=-105 m1=447/866 i1=-93 m2=-417/-2021 i2=46 steerMode=-578/-110 iSteer=-23470 driveMode=1444/14610 iDrive=-69512 wheel=4200
run=1 step=4 angle=259365 target=258047 err=-1318 steer=-132 m1=140/7250 i1=-73 m2=-199/-8700 i2=20 steerMode=-725/-222 iSteer=-26644 driveMode=7975/12007 iDrive=-46168 wheel=23200
run=1 step=4 angle=259365 target=258047 err=-1318 steer=-132 m1=-17/13781 i1=15 m2=4/-15231 i2=-103 steerMode=-725/95 iSteer=-43653 driveMode=14506/-346 iDrive=58874 wheel=42200
run=1 step=4 angle=259365 target=258047 err=-1318 steer=-132 m1=0/20312 i1=86 m2=0/-21763 i2=-161 steerMode=-725/-46 iSteer=-37692 driveMode=21038/22 iDrive=123641 wheel=61200
run=1 step=4 angle=259365 target=258047 err=-1318 steer=-132 m1=0/25056 i1=153 m2=0/-26506 i2=-233 steerMode=-725/-22 iSteer=-40253 driveMode=25781/29 iDrive=193123 wheel=75000
run=1 step=4 angle=259365 target=258047 err=-1318 steer=-132 m1=20/25056 i1=192 m2=0/-26506 i2=-291 steerMode=-725/136 iSteer=-49574 driveMode=25781/179 iDrive=241295 wheel=75000
run=1 step=4 angle=259365 target=258047 err=-1318 steer=-132 m1=0/25056 i1=247 m2=0/-26506 i2=-335 steerMode=-725/-3 iSteer=-44089 driveMode=25781/3 iDrive=291025 wheel=75000
run=1 step=4 angle=259365 target=258047 err=-1318 steer=-132 m1=0/25056 i1=295 m2=0/-26506 i2=-385 steerMode=-725/-7 iSteer=-45218 driveMode=25781/7 iDrive=339968 wheel=75000
run=1 step=4 angle=259365 target=258047 err=-1318 steer=-132 m1=0/25056 i1=342 m2=0/-26506 i2=-436 steerMode=-725/-4 iSteer=-46742 driveMode=25781/9 iDrive=388919 wheel=75000
run=1 step=4 angle=259365 target=258047 err=-1318 steer=-132 m1=0/25056 i1=390 m2=0/-26506 i2=-486 steerMode=-725/-3 iSteer=-48136 driveMode=25781/5 iDrive=437904 wheel=75000
run=1 step=4 angle=259365 target=258047 err=-1318 steer=-132 m1=0/25056 i1=438 m2=0/-26506 i2=-536 steerMode=-725/-8 iSteer=-49271 driveMode=25781/7 iDrive=486857 wheel=75000
run=1 step=4 angle=259365 target=258047 err=-1318 steer=-132 m1=0/25056 i1=485 m2=0/-26506 i2=-587 steerMode=-725/-2 iSteer=-50920 driveMode=25781/3 iDrive=535838 wheel=75000
run=1 step=4 angle=259365 target=258047 err=-1318 steer=-132 m1=0/25056 i1=533 m2=-5/-26506 i2=-636 steerMode=-725/-17 iSteer=-51534 driveMode=25781/19 iDrive=584735 wheel=75000
run=1 step=4 angle=259365 target=258047 err=-1318 steer=-132 m1=0/25056 i1=581 m2=0/-26506 i2=-687 steerMode=-725/-13 iSteer=-53094 driveMode=25781/14 iDrive=633708 wheel=75000
run=1 step=4 angle=259365 target=258047 err=-1318 steer=-132 m1=0/25056 i1=629 m2=0/-26506 i2=-737 steerMode=-725/-25 iSteer=-53854 driveMode=25781/3 iDrive=682725 wheel=75000
run=1 step=4 angle=259365 target=258047 err=-1318 steer=-132 m1=-3/25056 i1=678 m2=-3/-26506 i2=-785 steerMode=-725/-60 iSteer=-53458 driveMode=25781/34 iDrive=731521 wheel=75000
run=1 step=4 angle=259365 target=258047 err=-1318 steer=-132 m1=0/25056 i1=760 m2=-105/-26506 i2=-792 steerMode=-725/-830 iSteer=-16084 driveMode=25781/838 iDrive=776291 wheel=75000
run=1 step=4 angle=257432 target=258047 err=615 steer=25 m1=512/25919 i1=847 m2=-490/-25644 i2=-578 steerMode=138/-2795 iSteer=134660 driveMode=25781/20013 iDrive=712464 wheel=75000
run=1 step=4 angle=257695 target=258047 err=352 steer=0 m1=1012/25781 i1=488 m2=-990/-25781 i2=-627 steerMode=0/1119 iSteer=-69394 driveMode=25781/47618 iDrive=557525 wheel=75000
run=1 step=4 angle=257695 target=258047 err=352 steer=0 m1=1314/25781 i1=379 m2=-1292/-25781 i2=-430 steerMode=0/226 iSteer=-25091 driveMode=25781/66066 iDrive=404416 wheel=75000
run=1 step=4 angle=257783 target=258047 err=264 steer=0 m1=1462/25781 i1=261 m2=-1463/-25781 i2=-274 steerMode=0/-144 iSteer=-6595 driveMode=25781/75891 iDrive=267528 wheel=75000
run=1 step=4 angle=257871 target=258047 err=176 steer=0 m1=1464/25781 i1=159 m2=-1486/-25781 i2=-162 steerMode=0/-244 iSteer=-1572 driveMode=25781/77770 iDrive=160127 wheel=75000
run=1 step=4 angle=257783 target=258047 err=264 steer=0 m1=1376/25781 i1=56 m2=-1354/-25781 i2=-113 steerMode=0/295 iSteer=-28542 driveMode=25781/73717 iDrive=84723 wheel=75000
run=1 step=4 angle=257783 target=258047 err=264 steer=0 m1=1236/25781 i1=17 m2=-1195/-25781 i2=-65 steerMode=0/198 iSteer=-24119 driveMode=25781/65736 iDrive=40855 wheel=75000
run=1 step=4 angle=257871 target=258047 err=176 steer=0 m1=1033/25781 i1=3 m2=-1028/-25781 i2=-44 steerMode=0/117 iSteer=-20474 driveMode=25781/55952 iDrive=23059 wheel=75000
run=1 step=4 angle=257959 target=258047 err=88 steer=0 m1=820/25781 i1=9 m2=-886/-25781 i2=-45 steerMode=0/66 iSteer=-18144 driveMode=25781/45688 iDrive=27173 wheel=75000
run=1 step=4 angle=258047 target=258047 err=0 steer=0 m1=627/25781 i1=36 m2=-609/-25781 i2=-60 steerMode=0/-64 iSteer=-11792 driveMode=25781/35854 iDrive=47875 wheel=75000
run=1 step=4 angle=258047 target=258047 err=0 steer=0 m1=504/25781 i1=46 m2=-530/-25781 i2=-102 steerMode=0/261 iSteer=-27823 driveMode=25781/28282 iDrive=74110 wheel=75000
run=1 step=4 angle=258047 target=258047 err=0 steer=0 m1=437/25781 i1=73 m2=-369/-25781 i2=-132 steerMode=0/288 iSteer=-29590 driveMode=25781/22766 iDrive=102872 wheel=75000
run=1 step=4 angle=258135 target=258047 err=-88 steer=0 m1=357/25781 i1=88 m2=-316/-25781 i2=-185 steerMode=0/642 iSteer=-48040 driveMode=25781/18084 iDrive=136483 wheel=75000
run=1 step=4 angle=258311 target=258047 err=-264 steer=0 m1=282/25781 i1=136 m2=-304/-25781 i2=-205 steerMode=0/360 iSteer=-34519 driveMode=25781/14846 iDrive=170502 wheel=75000
run=1 step=4 angle=258398 target=258047 err=-352 steer=0 m1=232/25781 i1=189 m2=-264/-25781 i2=-212 steerMode=0/-110 iSteer=-11394 driveMode=25781/13418 iDrive=200628 wheel=75000
run=1 step=4 angle=258486 target=258047 err=-439 steer=0 m1=263/25781 i1=210 m2=-279/-25781 i2=-231 steerMode=0/-118 iSteer=-10741 driveMode=25781/14111 iDrive=220516 wheel=75000
run=1 step=4 angle=258574 target=258047 err=-527 steer=-20 m1=284/25671 i1=193 m2=-312/-25891 i2=-274 steerMode=-110/376 iSteer=-40925 driveMode=25781/15598 iDrive=233488 wheel=75000
run=1 step=4 angle=258574 target=258047 err=-527 steer=-53 m1=343/25491 i1=223 m2=-337/-26071 i2=-258 steerMode=-290/-287 iSteer=-17127 driveMode=25781/17698 iDrive=240428 wheel=75000
run=1 step=4 angle=258486 target=258047 err=-439 steer=0 m1=382/25781 i1=236 m2=-373/-25781 i2=-239 steerMode=0/-300 iSteer=-1662 driveMode=25781/20647 iDrive=237721 wheel=75000
run=1 step=4 angle=258574 target=258047 err=-527 steer=-53 m1=479/25491 i1=228 m2=-505/-26071 i2=-229 steerMode=-290/-611 iSteer=-433 driveMode=25781/23950 iDrive=228225 wheel=75000
run=1 step=4 angle=258574 target=258047 err=-527 steer=-53 m1=481/25491 i1=196 m2=-482/-26071 i2=-241 steerMode=-290/-167 iSteer=-22504 driveMode=25781/26047 iDrive=218742 wheel=75000
run=1 step=4 angle=258574 target=258047 err=-527 steer=-53 m1=512/25491 i1=206 m2=-542/-26071 i2=-212 steerMode=-290/-550 iSteer=-3096 driveMode=25781/27654 iDrive=208756 wheel=75000
run=1 step=4 angle=258486 target=258047 err=-439 steer=0 m1=556/25781 i1=199 m2=-563/-25781 i2=-193 steerMode=0/-370 iSteer=3024 driveMode=25781/29194 iDrive=195922 wheel=75000
run=1 step=4 angle=258486 target=258047 err=-439 steer=0 m1=546/25781 i1=173 m2=-545/-25781 i2=-208 steerMode=0/38 iSteer=-17237 driveMode=25781/28956 iDrive=190604 wheel=75000
run=1 step=4 angle=258398 target=258047 err=-352 steer=0 m1=550/25781 i1=175 m2=-576/-25781 i2=-197 steerMode=0/-84 iSteer=-11043 driveMode=25781/28673 iDrive=186296 wheel=75000
run=1 step=4 angle=258398 target=258047 err=-352 steer=0 m1=531/25781 i1=161 m2=-566/-25781 i2=-196 steerMode=0/47 iSteer=-17439 driveMode=25781/29024 iDrive=178539 wheel=75000
run=1 step=4 angle=258311 target=258047 err=-264 steer=0 m1=565/25781 i1=154 m2=-547/-25781 i2=-194 steerMode=0/103 iSteer=-20328 driveMode=25781/28734 iDrive=174001 wheel=75000
run=1 step=4 angle=258311 target=258047 err=-264 steer=0 m1=506/25781 i1=144 m2=-540/-25781 i2=-204 steerMode=0/281 iSteer=-29907 driveMode=25781/27664 iDrive=174227 wheel=75000
run=1 step=4 angle=258398 target=258047 err=-352 steer=0 m1=500/25781 i1=130 m2=-471/-25781 i2=-230 steerMode=0/675 iSteer=-49999 driveMode=25781/26047 iDrive=180136 wheel=75000
STEP_OK: step=4 target=75 measured=73894 angleErr=-352
STEP_START: step=5 target=100
run=1 step=5 angle=258398 target=258047 err=-352 steer=0 m1=401/3506 i1=-112 m2=-365/-3506 i2=80 steerMode=0/320 iSteer=-16231 driveMode=3506/20021 iDrive=-96177 wheel=10200
run=1 step=5 angle=258574 target=258047 err=-527 steer=-53 m1=58/9747 i1=-26 m2=-70/-10328 i2=4 steerMode=-290/-97 iSteer=-11054 driveMode=10038/7453 iDrive=-14573 wheel=29200
run=1 step=5 angle=258486 target=258047 err=-439 steer=0 m1=-5/16569 i1=76 m2=33/-16569 i2=-77 steerMode=0/-20 iSteer=-474 driveMode=16569/96 iDrive=76678 wheel=48200
run=1 step=5 angle=258486 target=258047 err=-439 steer=0 m1=0/23169 i1=147 m2=0/-23169 i2=-150 steerMode=0/-2 iSteer=-1399 driveMode=23169/14 iDrive=148401 wheel=67400
run=1 step=5 angle=258486 target=258047 err=-439 steer=0 m1=2/29769 i1=231 m2=0/-29769 i2=-234 steerMode=0/-1 iSteer=-1424 driveMode=29769/16 iDrive=232301 wheel=86600
run=1 step=5 angle=258486 target=258047 err=-439 steer=0 m1=0/34375 i1=318 m2=0/-34375 i2=-318 steerMode=0/-24 iSteer=-223 driveMode=34375/28 iDrive=318246 wheel=100000
run=1 step=5 angle=258486 target=258047 err=-439 steer=0 m1=0/34375 i1=384 m2=0/-34375 i2=-384 steerMode=0/-33 iSteer=234 driveMode=34375/33 iDrive=384193 wheel=100000
run=1 step=5 angle=258486 target=258047 err=-439 steer=0 m1=0/34375 i1=449 m2=0/-34375 i2=-451 steerMode=0/-6 iSteer=-1104 driveMode=34375/7 iDrive=450305 wheel=100000
run=1 step=5 angle=258486 target=258047 err=-439 steer=0 m1=2/34375 i1=514 m2=0/-34375 i2=-518 steerMode=0/9 iSteer=-1822 driveMode=34375/17 iDrive=516236 wheel=100000
run=1 step=5 angle=258486 target=258047 err=-439 steer=0 m1=29/34375 i1=570 m2=0/-34375 i2=-593 steerMode=0/203 iSteer=-11554 driveMode=34375/229 iDrive=581079 wheel=100000
run=1 step=5 angle=260684 target=258047 err=-2637 steer=-260 m1=278/32946 i1=222 m2=-122/-35804 i2=-979 steerMode=-1429/5936 iSteer=-378392 driveMode=34375/7742 iDrive=600853 wheel=100000
run=1 step=5 angle=260244 target=258047 err=-2197 steer=-220 m1=608/33167 i1=568 m2=-645/-35583 i2=-482 steerMode=-1208/-2326 iSteer=43148 driveMode=34375/28927 iDrive=524906 wheel=100000
run=1 step=5 angle=260244 target=258047 err=-2197 steer=-220 m1=931/33167 i1=371 m2=-988/-35583 i2=-485 steerMode=-1208/-333 iSteer=-57095 driveMode=34375/46643 iDrive=428364 wheel=100000
run=1 step=5 angle=260156 target=258047 err=-2109 steer=-211 m1=1106/33215 i1=298 m2=-1149/-35535 i2=-371 steerMode=-1160/-720 iSteer=-36252 driveMode=34375/58337 iDrive=334535 wheel=100000
run=1 step=5 angle=259629 target=258047 err=-1582 steer=-162 m1=1230/33484 i1=227 m2=-1244/-35266 i2=-267 steerMode=-891/-782 iSteer=-19939 driveMode=34375/65346 iDrive=247055 wheel=100000
run=1 step=5 angle=259453 target=258047 err=-1406 steer=-144 m1=1249/33581 i1=143 m2=-1248/-35169 i2=-224 steerMode=-794/-296 iSteer=-40723 driveMode=34375/66174 iDrive=183303 wheel=100000
run=1 step=5 angle=259453 target=258047 err=-1406 steer=-141 m1=1203/33602 i1=110 m2=-1181/-35148 i2=-168 steerMode=-773/-511 iSteer=-29033 driveMode=34375/63522 iDrive=138808 wheel=100000
run=1 step=5 angle=259453 target=258047 err=-1406 steer=-141 m1=1094/33602 i1=99 m2=-1118/-35148 i2=-124 steerMode=-773/-845 iSteer=-12575 driveMode=34375/58857 iDrive=111809 wheel=100000
run=1 step=5 angle=259365 target=258047 err=-1318 steer=-132 m1=956/33650 i1=65 m2=-980/-35100 i2=-136 steerMode=-725/-347 iSteer=-35361 driveMode=34375/53002 iDrive=100471 wheel=100000
run=1 step=5 angle=259189 target=258047 err=-1143 steer=-114 m1=860/33747 i1=66 m2=-861/-35003 i2=-133 steerMode=-628/-294 iSteer=-33641 driveMode=34375/47277 iDrive=99803 wheel=100000
run=1 step=5 angle=258926 target=258047 err=-879 steer=-88 m1=753/33892 i1=81 m2=-827/-34858 i2=-139 steerMode=-483/-253 iSteer=-29055 driveMode=34375/41581 iDrive=109771 wheel=100000
run=1 step=5 angle=258838 target=258047 err=-791 steer=-79 m1=650/33940 i1=81 m2=-697/-34810 i2=-169 steerMode=-435/89 iSteer=-44363 driveMode=34375/36797 iDrive=125005 wheel=100000
run=1 step=5 angle=258574 target=258047 err=-527 steer=-53 m1=627/34085 i1=120 m2=-632/-34665 i2=-166 steerMode=-290/-202 iSteer=-22877 driveMode=34375/33051 iDrive=142918 wheel=100000
run=1 step=5 angle=258398 target=258047 err=-352 steer=0 m1=592/34375 i1=140 m2=-584/-34375 i2=-180 steerMode=0/33 iSteer=-20202 driveMode=34375/30674 iDrive=159817 wheel=100000
run=1 step=5 angle=258486 target=258047 err=-439 steer=0 m1=554/34375 i1=162 m2=-557/-34375 i2=-188 steerMode=0/-111 iSteer=-13035 driveMode=34375/29249 iDrive=175316 wheel=100000
run=1 step=5 angle=258486 target=258047 err=-439 steer=0 m1=556/34375 i1=178 m2=-509/-34375 i2=-199 steerMode=0/-156 iSteer=-10510 driveMode=34375/28716 iDrive=188224 wheel=100000
run=1 step=5 angle=258486 target=258047 err=-439 steer=0 m1=562/34375 i1=175 m2=-553/-34375 i2=-215 steerMode=0/28 iSteer=-19796 driveMode=34375/29404 iDrive=194776 wheel=100000
run=1 step=5 angle=258574 target=258047 err=-527 steer=-53 m1=556/34085 i1=168 m2=-572/-34665 i2=-231 steerMode=-290/-31 iSteer=-31552 driveMode=34375/30195 iDrive=199220 wheel=100000
run=1 step=5 angle=258662 target=258047 err=-615 steer=-62 m1=606/34037 i1=172 m2=-603/-34713 i2=-237 steerMode=-338/-57 iSteer=-32821 driveMode=34375/30626 iDrive=204395 wheel=100000
run=1 step=5 angle=258662 target=258047 err=-615 steer=-62 m1=598/34037 i1=158 m2=-561/-34713 i2=-269 steerMode=-338/372 iSteer=-55610 driveMode=34375/30219 iDrive=213682 wheel=100000
run=1 step=5 angle=258574 target=258047 err=-527 steer=-53 m1=565/34085 i1=190 m2=-589/-34665 i2=-256 steerMode=-290/-58 iSteer=-32797 driveMode=34375/29978 iDrive=223200 wheel=100000
run=1 step=5 angle=258574 target=258047 err=-527 steer=-53 m1=594/34085 i1=188 m2=-561/-34665 i2=-265 steerMode=-290/50 iSteer=-38502 driveMode=34375/30777 iDrive=226637 wheel=100000
run=1 step=5 angle=258662 target=258047 err=-615 steer=-62 m1=608/34037 i1=210 m2=-607/-34713 i2=-243 steerMode=-338/-432 iSteer=-16957 driveMode=34375/31953 iDrive=226515 wheel=100000
run=1 step=5 angle=258574 target=258047 err=-527 steer=-57 m1=663/34064 i1=191 m2=-637/-34686 i2=-251 steerMode=-311/-140 iSteer=-30012 driveMode=34375/33597 iDrive=220966 wheel=100000
run=1 step=5 angle=258662 target=258047 err=-615 steer=-62 m1=654/34037 i1=221 m2=-668/-34713 i2=-204 steerMode=-338/-924 iSteer=8246 driveMode=34375/35218 iDrive=212620 wheel=100000
run=1 step=5 angle=258662 target=258047 err=-615 steer=-58 m1=663/34057 i1=199 m2=-706/-34693 i2=-213 steerMode=-318/-590 iSteer=-6971 driveMode=34375/36056 iDrive=206231 wheel=100000
STEP_OK: step=5 target=100 measured=106882 angleErr=-527
STEP_START: step=6 target=150
run=1 step=6 angle=258574 target=258047 err=-527 steer=-53 m1=654/1910 i1=-141 m2=-687/-2490 i2=143 steerMode=-290/-307 iSteer=794 driveMode=2200/28283 iDrive=-141829 wheel=6400
run=1 step=6 angle=258311 target=258047 err=-264 steer=0 m1=313/8731 i1=-126 m2=-262/-8731 i2=90 steerMode=0/352 iSteer=-17836 driveMode=8731/19888 iDrive=-107707 wheel=25400
run=1 step=6 angle=258311 target=258047 err=-264 steer=0 m1=43/15263 i1=-21 m2=-63/-15263 i2=-29 steerMode=0/477 iSteer=-25112 driveMode=15263/4356 iDrive=3849 wheel=44400
run=1 step=6 angle=258311 target=258047 err=-264 steer=0 m1=10/21794 i1=90 m2=-13/-21794 i2=-90 steerMode=0/-31 iSteer=-47 driveMode=21794/169 iDrive=90439 wheel=63400
run=1 step=6 angle=258311 target=258047 err=-264 steer=0 m1=0/28394 i1=171 m2=0/-28394 i2=-173 steerMode=0/-10 iSteer=-1007 driveMode=28394/11 iDrive=172342 wheel=82600
run=1 step=6 angle=258311 target=258047 err=-264 steer=0 m1=0/34994 i1=265 m2=0/-34994 i2=-268 steerMode=0/2 iSteer=-1591 driveMode=34994/7 iDrive=266310 wheel=101800
run=1 step=6 angle=258311 target=258047 err=-264 steer=0 m1=2/41594 i1=372 m2=-3/-41594 i2=-374 steerMode=0/-15 iSteer=-738 driveMode=41594/40 iDrive=372766 wheel=120999
run=1 step=6 angle=258311 target=258047 err=-264 steer=0 m1=0/48193 i1=491 m2=0/-48193 i2=-493 steerMode=0/-10 iSteer=-934 driveMode=48193/14 iDrive=492155 wheel=140199
run=1 step=6 angle=258311 target=258047 err=-264 steer=0 m1=0/51563 i1=606 m2=0/-51563 i2=-607 steerMode=0/-21 iSteer=-358 driveMode=51563/23 iDrive=606356 wheel=150000
run=1 step=6 angle=258311 target=258047 err=-264 steer=0 m1=0/51563 i1=706 m2=0/-51563 i2=-705 steerMode=0/-38 iSteer=530 driveMode=51563/40 iDrive=705233 wheel=150000
run=1 step=6 angle=258311 target=258047 err=-264 steer=0 m1=0/51563 i1=806 m2=-3/-51563 i2=-803 steerMode=0/-57 iSteer=1508 driveMode=51563/59 iDrive=804074 wheel=150000
run=1 step=6 angle=257168 target=258047 err=879 steer=88 m1=362/52046 i1=1056 m2=-373/-51079 i2=-598 steerMode=483/-4014 iSteer=228899 driveMode=51563/13642 iDrive=827242 wheel=150000
run=1 step=6 angle=257344 target=258047 err=703 steer=70 m1=1048/51949 i1=615 m2=-1001/-51176 i2=-776 steerMode=387/2060 iSteer=-80451 driveMode=51563/47545 iDrive=695668 wheel=150000
run=1 step=6 angle=257783 target=258047 err=264 steer=0 m1=1515/51563 i1=516 m2=-1434/-51563 i2=-576 steerMode=0/641 iSteer=-29985 driveMode=51563/73650 iDrive=545995 wheel=150000
run=1 step=6 angle=257871 target=258047 err=176 steer=0 m1=1822/51563 i1=362 m2=-1790/-51563 i2=-432 steerMode=0/726 iSteer=-35445 driveMode=51563/91415 iDrive=397052 wheel=150000
run=1 step=6 angle=258135 target=258047 err=-88 steer=0 m1=1960/51563 i1=246 m2=-1938/-51563 i2=-278 steerMode=0/318 iSteer=-15890 driveMode=51563/101117 iDrive=262106 wheel=150000
run=1 step=6 angle=258311 target=258047 err=-264 steer=0 m1=1973/51563 i1=115 m2=-1940/-51563 i2=-195 steerMode=0/771 iSteer=-39807 driveMode=51563/103104 iDrive=154981 wheel=150000
run=1 step=6 angle=258398 target=258047 err=-352 steer=0 m1=1854/51563 i1=74 m2=-1844/-51563 i2=-84 steerMode=0/63 iSteer=-4806 driveMode=51563/99264 iDrive=79157 wheel=150000
run=1 step=6 angle=258486 target=258047 err=-439 steer=0 m1=1697/51563 i1=10 m2=-1693/-51563 i2=-66 steerMode=0/517 iSteer=-27987 driveMode=51563/90926 iDrive=37588 wheel=150000
run=1 step=6 angle=258574 target=258047 err=-527 steer=-53 m1=1469/51272 i1=14 m2=-1503/-51853 i2=-38 steerMode=-290/-108 iSteer=-12047 driveMode=51563/80407 iDrive=25692 wheel=150000
run=1 step=6 angle=258750 target=258047 err=-703 steer=-70 m1=1293/51176 i1=13 m2=-1262/-51949 i2=-63 steerMode=-387/39 iSteer=-25350 driveMode=51563/69313 iDrive=37958 wheel=150000
run=1 step=6 angle=258750 target=258047 err=-703 steer=-70 m1=1104/51176 i1=47 m2=-1135/-51949 i2=-76 steerMode=-387/-197 iSteer=-14248 driveMode=51563/59788 iDrive=61418 wheel=150000
run=1 step=6 angle=258750 target=258047 err=-703 steer=-70 m1=983/51176 i1=67 m2=-942/-51949 i2=-112 steerMode=-387/-32 iSteer=-22688 driveMode=51563/52481 iDrive=89651 wheel=150000
run=1 step=6 angle=258750 target=258047 err=-703 steer=-70 m1=883/51176 i1=84 m2=-806/-51949 i2=-161 steerMode=-387/263 iSteer=-38299 driveMode=51563/46737 iDrive=122396 wheel=150000
run=1 step=6 angle=258838 target=258047 err=-791 steer=-79 m1=786/51127 i1=127 m2=-752/-51998 i2=-200 steerMode=-435/154 iSteer=-36402 driveMode=51563/41499 iDrive=163130 wheel=150000
run=1 step=6 angle=258838 target=258047 err=-791 steer=-79 m1=734/51127 i1=163 m2=-737/-51998 i2=-230 steerMode=-435/76 iSteer=-33451 driveMode=51563/39084 iDrive=196671 wheel=150000
run=1 step=6 angle=258838 target=258047 err=-791 steer=-79 m1=730/51127 i1=207 m2=-685/-51998 i2=-238 steerMode=-435/-292 iSteer=-15349 driveMode=51563/38777 iDrive=222617 wheel=150000
run=1 step=6 angle=258838 target=258047 err=-791 steer=-79 m1=721/51127 i1=241 m2=-821/-51998 i2=-241 steerMode=-435/-590 iSteer=-370 driveMode=51563/39742 iDrive=241025 wheel=150000
run=1 step=6 angle=258838 target=258047 err=-791 steer=-79 m1=776/51127 i1=259 m2=-802/-51998 i2=-247 steerMode=-435/-708 iSteer=5630 driveMode=51563/41530 iDrive=252999 wheel=150000
run=1 step=6 angle=258926 target=258047 err=-879 steer=-88 m1=834/51079 i1=247 m2=-898/-52046 i2=-255 steerMode=-483/-560 iSteer=-4174 driveMode=51563/45132 iDrive=250714 wheel=150000
run=1 step=6 angle=258662 target=258047 err=-615 steer=-62 m1=950/51224 i1=202 m2=-907/-51901 i2=-287 steerMode=-338/337 iSteer=-42391 driveMode=51563/48190 iDrive=244664 wheel=150000
run=1 step=6 angle=258398 target=258047 err=-352 steer=0 m1=977/51563 i1=215 m2=-978/-51563 i2=-256 steerMode=0/215 iSteer=-20235 driveMode=51563/50801 iDrive=235565 wheel=150000
run=1 step=6 angle=258574 target=258047 err=-527 steer=-53 m1=1012/51272 i1=181 m2=-967/-51853 i2=-273 steerMode=-290/417 iSteer=-45631 driveMode=51563/52489 iDrive=226955 wheel=150000
run=1 step=6 angle=258398 target=258047 err=-352 steer=0 m1=1044/51563 i1=197 m2=-1015/-51563 i2=-233 steerMode=0/153 iSteer=-18360 driveMode=51563/54172 iDrive=214996 wheel=150000
run=1 step=6 angle=258662 target=258047 err=-615 steer=-62 m1=1025/51224 i1=172 m2=-1011/-51901 i2=-246 steerMode=-338/167 iSteer=-36870 driveMode=51563/54309 iDrive=209068 wheel=150000
run=1 step=6 angle=258750 target=258047 err=-703 steer=-70 m1=1027/51176 i1=187 m2=-1049/-51949 i2=-215 steerMode=-387/-344 iSteer=-13955 driveMode=51563/54779 iDrive=201292 wheel=150000
run=1 step=6 angle=258750 target=258047 err=-703 steer=-70 m1=1054/51176 i1=152 m2=-1032/-51949 i2=-237 steerMode=-387/222 iSteer=-42744 driveMode=51563/54865 iDrive=194365 wheel=150000
run=1 step=6 angle=258662 target=258047 err=-615 steer=-62 m1=1021/51224 i1=169 m2=-1011/-51901 i2=-226 steerMode=-338/-35 iSteer=-28564 driveMode=51563/53297 iDrive=197616 wheel=150000
run=1 step=6 angle=258486 target=258047 err=-439 steer=0 m1=987/51563 i1=204 m2=-1015/-51563 i2=-193 steerMode=0/-386 iSteer=5524 driveMode=51563/52744 iDrive=198270 wheel=150000
STEP_OK: step=6 target=150 measured=153195 angleErr=-439
STOP: staircase complete
