START: angle=219111 target=229111 wheelTarget=500 step=0 count=3
run=1 step=0 angle=219111 target=229111 err=10000 steer=500 m1=0/9625 i1=181 t1=29 m2=2/-4125 i2=99 t2=28 steerMode=2750/37 iSteer=139813 driveMode=6875/10 iDrive=41273 scale=0 wheel=20000
run=1 step=0 angle=219199 target=229111 err=9912 steer=970 m1=0/18673 i1=285 t1=29 m2=140/-8003 i2=79 t2=28 steerMode=5335/1986 iSteer=182038 driveMode=13338/-1979 iDrive=103340 scale=0 wheel=38800
run=1 step=0 angle=219551 target=229111 err=9561 steer=1000 m1=0/25231 i1=456 t1=29 m2=-3/-14231 i2=139 t2=28 steerMode=5500/93 iSteer=297273 driveMode=19731/-77 iDrive=158662 scale=0 wheel=57400
run=1 step=0 angle=219551 target=229111 err=9561 steer=1000 m1=0/31625 i1=550 t1=29 m2=0/-20625 i2=84 t2=28 steerMode=5500/4 iSteer=316984 driveMode=26125/2 iDrive=233029 scale=0 wheel=76000
run=1 step=0 angle=219551 target=229111 err=9561 steer=1000 m1=0/38087 i1=653 t1=29 m2=0/-27087 i2=12 t2=28 steerMode=5500/-3 iSteer=332921 driveMode=32587/10 iDrive=320577 scale=0 wheel=94800
run=1 step=0 angle=219551 target=229111 err=9561 steer=1000 m1=0/44550 i1=770 t1=29 m2=-5/-33550 i2=-71 t2=28 steerMode=5500/-26 iSteer=349591 driveMode=39050/26 iDrive=420227 scale=0 wheel=113599
run=1 step=0 angle=219551 target=229111 err=9561 steer=1000 m1=2/50943 i1=893 t1=29 m2=0/-39943 i2=-168 t2=28 steerMode=5500/20 iSteer=362710 driveMode=45443/66 iDrive=530614 scale=0 wheel=132199
run=1 step=0 angle=221309 target=229111 err=7803 steer=1000 m1=493/57337 i1=604 t1=29 m2=-220/-46337 i2=-553 t2=28 steerMode=5500/6891 iSteer=25464 driveMode=51837/13271 iDrive=578885 scale=0 wheel=150799
run=1 step=0 angle=224561 target=229111 err=4551 steer=943 m1=864/63418 i1=542 t1=29 m2=-589/-53044 i2=-583 t2=28 steerMode=5187/7395 iSteer=-20484 driveMode=58231/34485 iDrive=562315 scale=0 wheel=169399
run=1 step=0 angle=227373 target=229111 err=1738 steer=478 m1=1186/67254 i1=480 t1=29 m2=-1009/-61995 i2=-576 t2=28 steerMode=2629/5243 iSteer=-47905 driveMode=64624/53943 iDrive=528088 scale=0 wheel=187998
run=1 step=0 angle=228516 target=229111 err=596 steer=119 m1=1464/71605 i1=470 t1=29 m2=-1377/-70294 i2=-491 t2=28 steerMode=655/2393 iSteer=-10260 driveMode=70949/71523 iDrive=480511 scale=0 wheel=206398
run=1 step=0 angle=229043 target=229111 err=68 steer=0 m1=1711/77343 i1=468 t1=29 m2=-1658/-77343 i2=-392 t2=28 steerMode=0/692 iSteer=38188 driveMode=77343/86149 iDrive=430048 scale=0 wheel=224998
run=1 step=0 angle=229834 target=229111 err=-723 steer=-90 m1=1937/83242 i1=345 t1=29 m2=-1871/-84232 i2=-416 t2=28 steerMode=-495/1598 iSteer=-35254 driveMode=83737/97943 iDrive=380673 scale=0 wheel=243598
run=1 step=0 angle=230098 target=229111 err=-986 steer=-197 m1=2048/88977 i1=305 t1=29 m2=-2049/-91147 i2=-381 t2=28 steerMode=-1085/937 iSteer=-37989 driveMode=90062/106157 iDrive=342543 scale=0 wheel=261998
run=1 step=0 angle=230537 target=229111 err=-1426 steer=-285 m1=2165/94819 i1=302 t1=29 m2=-2173/-97955 i2=-322 t2=28 steerMode=-1568/-200 iSteer=-10061 driveMode=96387/112607 iDrive=311855 scale=0 wheel=280399
run=1 step=0 angle=230361 target=229111 err=-1250 steer=-250 m1=2287/101337 i1=238 t1=29 m2=-2244/-104087 i2=-323 t2=28 steerMode=-1375/554 iSteer=-42214 driveMode=102712/119104 iDrive=280447 scale=0 wheel=298800
run=1 step=0 angle=230713 target=229111 err=-1602 steer=-328 m1=2320/107234 i1=235 t1=29 m2=-2340/-110841 i2=-315 t2=28 steerMode=-1803/-42 iSteer=-40256 driveMode=109038/121300 iDrive=275099 scale=0 wheel=317201
run=1 step=0 angle=230713 target=229111 err=-1602 steer=-320 m1=2375/113601 i1=254 t1=29 m2=-2386/-117125 i2=-284 t2=28 steerMode=-1762/-571 iSteer=-15094 driveMode=115363/124871 iDrive=268608 scale=0 wheel=335602
run=1 step=0 angle=230098 target=229111 err=-986 steer=-197 m1=2450/120604 i1=237 t1=29 m2=-2424/-122773 i2=-299 t2=28 steerMode=-1085/363 iSteer=-31304 driveMode=121688/128278 iDrive=268187 scale=0 wheel=354003
run=1 step=0 angle=230361 target=229111 err=-1250 steer=-263 m1=2498/126570 i1=243 t1=29 m2=-2478/-129458 i2=-313 t2=28 steerMode=-1444/-7 iSteer=-34874 driveMode=128014/130970 iDrive=277918 scale=0 wheel=372404
run=1 step=0 angle=230449 target=229111 err=-1338 steer=-268 m1=2588/132868 i1=232 t1=29 m2=-2570/-135811 i2=-345 t2=28 steerMode=-1472/318 iSteer=-56290 driveMode=134339/134572 iDrive=288623 scale=0 wheel=390805
run=1 step=0 angle=230537 target=229111 err=-1426 steer=-285 m1=2651/139096 i1=298 t1=29 m2=-2685/-142233 i2=-303 t2=28 steerMode=-1568/-934 iSteer=-2366 driveMode=140665/138849 iDrive=300856 scale=0 wheel=409206
run=1 step=0 angle=230186 target=229111 err=-1074 steer=-215 m1=2758/145808 i1=279 t1=29 m2=-2754/-148172 i2=-347 t2=28 steerMode=-1182/42 iSteer=-34008 driveMode=146990/143634 iDrive=313115 scale=0 wheel=427607
run=1 step=0 angle=230010 target=229111 err=-898 steer=-180 m1=2843/152327 i1=289 t1=29 m2=-2853/-154304 i2=-356 t2=28 steerMode=-988/147 iSteer=-33172 driveMode=153315/149420 iDrive=322565 scale=0 wheel=446008
run=1 step=0 angle=229834 target=229111 err=-723 steer=-145 m1=2988/158846 i1=310 t1=29 m2=-2989/-160435 i2=-341 t2=28 steerMode=-795/-48 iSteer=-15430 driveMode=159641/156435 iDrive=325446 scale=0 wheel=464409
run=1 step=0 angle=230010 target=229111 err=-898 steer=-192 m1=3088/164908 i1=305 t1=29 m2=-3127/-167023 i2=-364 t2=28 steerMode=-1057/-100 iSteer=-29486 driveMode=165966/162223 iDrive=334621 scale=0 wheel=482810
run=1 step=0 angle=229746 target=229111 err=-635 steer=-130 m1=3272/171163 i1=326 t1=29 m2=-3269/-172587 i2=-337 t2=28 steerMode=-712/-260 iSteer=-5323 driveMode=171875/169899 iDrive=331412 scale=0 wheel=500000
run=1 step=0 angle=229922 target=229111 err=-811 steer=-162 m1=3356/170983 i1=276 t1=29 m2=-3378/-172767 i2=-319 t2=28 steerMode=-892/-175 iSteer=-21172 driveMode=171875/176166 iDrive=297487 scale=0 wheel=500000
run=1 step=0 angle=229922 target=229111 err=-811 steer=-160 m1=3457/170998 i1=201 t1=29 m2=-3418/-172752 i2=-321 t2=28 steerMode=-877/578 iSteer=-60215 driveMode=171875/180903 iDrive=260728 scale=0 wheel=500000
run=1 step=0 angle=229746 target=229111 err=-635 steer=-127 m1=3490/171177 i1=219 t1=29 m2=-3466/-172573 i2=-240 t2=28 steerMode=-698/-267 iSteer=-10434 driveMode=171875/183299 iDrive=229384 scale=0 wheel=500000
run=1 step=0 angle=230010 target=229111 err=-898 steer=-125 m1=3490/171188 i1=148 t1=29 m2=-3466/-172563 i2=-273 t2=28 steerMode=-688/732 iSteer=-62578 driveMode=171875/182890 iDrive=210631 scale=0 wheel=500000
run=1 step=0 angle=229658 target=229111 err=-547 steer=-109 m1=3484/171273 i1=158 t1=29 m2=-3451/-172477 i2=-220 t2=28 steerMode=-602/158 iSteer=-31177 driveMode=171875/183028 iDrive=189121 scale=0 wheel=500000
run=1 step=0 angle=230010 target=229111 err=-898 steer=-180 m1=3423/170887 i1=162 t1=29 m2=-3447/-172863 i2=-201 t2=28 steerMode=-988/-521 iSteer=-19472 driveMode=171875/180908 iDrive=181445 scale=0 wheel=500000
run=1 step=0 angle=229570 target=229111 err=-459 steer=-79 m1=3402/171438 i1=131 t1=29 m2=-3378/-172312 i2=-218 t2=28 steerMode=-437/498 iSteer=-43630 driveMode=171875/179205 iDrive=174857 scale=0 wheel=500000
run=1 step=0 angle=229746 target=229111 err=-635 steer=-127 m1=3348/171177 i1=145 t1=29 m2=-3370/-172573 i2=-203 t2=28 steerMode=-698/-96 iSteer=-28631 driveMode=171875/177100 iDrive=174105 scale=0 wheel=500000
run=1 step=0 angle=230098 target=229111 err=-986 steer=-197 m1=3260/170790 i1=144 t1=29 m2=-3342/-172960 i2=-226 t2=28 steerMode=-1085/-295 iSteer=-41057 driveMode=171875/173796 iDrive=184657 scale=0 wheel=500000
run=1 step=0 angle=229482 target=229111 err=-371 steer=0 m1=3295/171875 i1=187 t1=29 m2=-3244/-171875 i2=-191 t2=28 steerMode=0/14 iSteer=-1966 driveMode=171875/172472 iDrive=188952 scale=0 wheel=500000
run=1 step=0 angle=229658 target=229111 err=-547 steer=-109 m1=3256/171273 i1=135 t1=29 m2=-3242/-172477 i2=-261 t2=28 steerMode=-602/577 iSteer=-62856 driveMode=171875/170792 iDrive=198335 scale=0 wheel=500000
run=1 step=0 angle=229658 target=229111 err=-547 steer=-99 m1=3251/171328 i1=163 t1=29 m2=-3215/-172422 i2=-241 t2=28 steerMode=-547/137 iSteer=-39360 driveMode=171875/170446 iDrive=202122 scale=0 wheel=500000
run=1 step=0 angle=229570 target=229111 err=-459 steer=-94 m1=3207/171356 i1=203 t1=29 m2=-3246/-172394 i2=-219 t2=28 steerMode=-519/-493 iSteer=-8182 driveMode=171875/169434 iDrive=211295 scale=0 wheel=500000
run=1 step=0 angle=229658 target=229111 err=-547 steer=-75 m1=3239/171463 i1=157 t1=29 m2=-3196/-172288 i2=-279 t2=28 steerMode=-413/658 iSteer=-60973 driveMode=171875/169164 iDrive=217572 scale=0 wheel=500000
run=1 step=0 angle=229482 target=229111 err=-371 steer=-39 m1=3226/171658 i1=214 t1=29 m2=-3238/-172092 i2=-219 t2=28 steerMode=-217/-339 iSteer=-2462 driveMode=171875/170119 iDrive=216933 scale=0 wheel=500000
run=1 step=0 angle=229922 target=229111 err=-811 steer=-162 m1=3226/170983 i1=152 t1=29 m2=-3215/-172767 i2=-295 t2=28 steerMode=-892/315 iSteer=-71388 driveMode=171875/169597 iDrive=223406 scale=0 wheel=500000
run=1 step=0 angle=229307 target=229111 err=-195 steer=0 m1=3249/171875 i1=229 t1=29 m2=-3213/-171875 i2=-217 t2=28 steerMode=0/-335 iSteer=6054 driveMode=171875/170417 iDrive=222671 scale=0 wheel=500000
run=1 step=0 angle=229482 target=229111 err=-371 steer=0 m1=3247/171875 i1=174 t1=29 m2=-3221/-171875 i2=-278 t2=28 steerMode=0/802 iSteer=-52258 driveMode=171875/170335 iDrive=225927 scale=0 wheel=500000
run=1 step=0 angle=229570 target=229111 err=-459 steer=-94 m1=3260/171356 i1=187 t1=29 m2=-3265/-172394 i2=-260 t2=28 steerMode=-519/-55 iSteer=-36853 driveMode=171875/171247 iDrive=223518 scale=0 wheel=500000
run=1 step=0 angle=229658 target=229111 err=-547 steer=-117 m1=3228/171232 i1=222 t1=29 m2=-3278/-172518 i2=-225 t2=28 steerMode=-643/-904 iSteer=-1461 driveMode=171875/171395 iDrive=223853 scale=0 wheel=500000
run=1 step=0 angle=229219 target=229111 err=-107 steer=0 m1=3283/171875 i1=179 t1=29 m2=-3242/-171875 i2=-266 t2=28 steerMode=0/574 iSteer=-43330 driveMode=171875/171789 iDrive=222202 scale=0 wheel=500000
run=1 step=0 angle=229131 target=229111 err=-20 steer=0 m1=3279/171875 i1=204 t1=29 m2=-3286/-171875 i2=-230 t2=28 steerMode=0/-30 iSteer=-13189 driveMode=171875/172706 iDrive=216843 scale=0 wheel=500000
run=1 step=0 angle=229482 target=229111 err=-371 steer=0 m1=3249/171875 i1=171 t1=29 m2=-3261/-171875 i2=-271 t2=28 steerMode=0/675 iSteer=-50122 driveMode=171875/171702 iDrive=221367 scale=0 wheel=500000
run=1 step=0 angle=229043 target=229111 err=68 steer=0 m1=3272/171875 i1=227 t1=29 m2=-3313/-171875 i2=-202 t2=28 steerMode=0/-570 iSteer=12151 driveMode=171875/172931 iDrive=214389 scale=0 wheel=500000
run=1 step=0 angle=229395 target=229111 err=-283 steer=0 m1=3279/171875 i1=188 t1=29 m2=-3271/-171875 i2=-242 t2=28 steerMode=0/202 iSteer=-26990 driveMode=171875/172504 iDrive=215171 scale=0 wheel=500000
run=1 step=0 angle=229482 target=229111 err=-371 steer=0 m1=3295/171875 i1=183 t1=29 m2=-3301/-171875 i2=-241 t2=28 steerMode=0/233 iSteer=-29025 driveMode=171875/172867 iDrive=211600 scale=0 wheel=500000
run=1 step=0 angle=229307 target=229111 err=-195 steer=0 m1=3283/171875 i1=197 t1=29 m2=-3261/-171875 i2=-224 t2=28 steerMode=0/-83 iSteer=-13569 driveMode=171875/172706 iDrive=210616 scale=0 wheel=500000
run=1 step=0 angle=229307 target=229111 err=-195 steer=0 m1=3251/171875 i1=172 t1=29 m2=-3248/-171875 i2=-257 t2=28 steerMode=0/491 iSteer=-42683 driveMode=171875/171743 iDrive=214416 scale=0 wheel=500000
run=1 step=0 angle=229219 target=229111 err=-107 steer=0 m1=3285/171875 i1=194 t1=29 m2=-3265/-171875 i2=-226 t2=28 steerMode=0/-39 iSteer=-16002 driveMode=171875/172563 iDrive=209856 scale=0 wheel=500000
run=1 step=0 angle=229570 target=229111 err=-459 steer=0 m1=3258/171875 i1=185 t1=29 m2=-3275/-171875 i2=-244 t2=28 steerMode=0/200 iSteer=-29356 driveMode=171875/171642 iDrive=214212 scale=0 wheel=500000
run=1 step=0 angle=229219 target=229111 err=-107 steer=0 m1=3274/171875 i1=200 t1=29 m2=-3282/-171875 i2=-227 t2=28 steerMode=0/-103 iSteer=-13620 driveMode=171875/171890 iDrive=213261 scale=0 wheel=500000
run=1 step=0 angle=229482 target=229111 err=-371 steer=0 m1=3247/171875 i1=196 t1=29 m2=-3248/-171875 i2=-236 t2=28 steerMode=0/9 iSteer=-19813 driveMode=171875/171408 iDrive=216158 scale=0 wheel=500000
run=1 step=0 angle=229482 target=229111 err=-371 steer=0 m1=3270/171875 i1=157 t1=29 m2=-3208/-171875 i2=-277 t2=28 steerMode=0/800 iSteer=-60068 driveMode=171875/171328 iDrive=216803 scale=0 wheel=500000
run=1 step=0 angle=229570 target=229111 err=-459 steer=-24 m1=3235/171741 i1=242 t1=29 m2=-3265/-172009 i2=-191 t2=28 steerMode=-134/-1053 iSteer=25251 driveMode=171875/171528 iDrive=216668 scale=0 wheel=500000
run=1 step=0 angle=229219 target=229111 err=-107 steer=0 m1=3270/171875 i1=160 t1=29 m2=-3242/-171875 i2=-275 t2=28 steerMode=0/739 iSteer=-57724 driveMode=171875/171477 iDrive=217413 scale=0 wheel=500000
run=1 step=0 angle=229131 target=229111 err=-20 steer=0 m1=3289/171875 i1=203 t1=29 m2=-3294/-171875 i2=-223 t2=28 steerMode=0/-211 iSteer=-10197 driveMode=171875/172361 iDrive=213123 scale=0 wheel=500000
run=1 step=0 angle=229395 target=229111 err=-283 steer=0 m1=3237/171875 i1=187 t1=29 m2=-3255/-171875 i2=-250 t2=28 steerMode=0/197 iSteer=-31720 driveMode=171875/171345 iDrive=218322 scale=0 wheel=500000
run=1 step=0 angle=229307 target=229111 err=-195 steer=0 m1=3268/171875 i1=212 t1=29 m2=-3303/-171875 i2=-221 t2=28 steerMode=0/-335 iSteer=-4558 driveMode=171875/171817 iDrive=216700 scale=0 wheel=500000
run=1 step=0 angle=229395 target=229111 err=-283 steer=0 m1=3258/171875 i1=197 t1=29 m2=-3278/-171875 i2=-231 t2=28 steerMode=0/-86 iSteer=-17077 driveMode=171875/172254 iDrive=213959 scale=0 wheel=500000
run=1 step=0 angle=229131 target=229111 err=-20 steer=0 m1=3291/171875 i1=164 t1=29 m2=-3290/-171875 i2=-257 t2=28 steerMode=0/497 iSteer=-46492 driveMode=171875/172592 iDrive=210760 scale=0 wheel=500000
run=1 step=0 angle=229043 target=229111 err=68 steer=0 m1=3281/171875 i1=210 t1=29 m2=-3301/-171875 i2=-210 t2=28 steerMode=0/-418 iSteer=-105 driveMode=171875/172509 iDrive=209896 scale=0 wheel=500000
run=1 step=0 angle=228955 target=229111 err=156 steer=0 m1=3262/171875 i1=159 t1=29 m2=-3242/-171875 i2=-267 t2=28 steerMode=0/641 iSteer=-53859 driveMode=171875/171828 iDrive=212837 scale=0 wheel=500000
run=1 step=0 angle=229131 target=229111 err=-20 steer=0 m1=3283/171875 i1=211 t1=29 m2=-3298/-171875 i2=-211 t2=28 steerMode=0/-427 iSteer=-211 driveMode=171875/172262 iDrive=210780 scale=0 wheel=500000
run=1 step=0 angle=229482 target=229111 err=-371 steer=0 m1=3235/171875 i1=198 t1=29 m2=-3257/-171875 i2=-235 t2=28 steerMode=0/-73 iSteer=-18920 driveMode=171875/171182 iDrive=216552 scale=0 wheel=500000
run=1 step=0 angle=228955 target=229111 err=156 steer=0 m1=3264/171875 i1=188 t1=29 m2=-3229/-171875 i2=-244 t2=28 steerMode=0/132 iSteer=-28296 driveMode=171875/171491 iDrive=216040 scale=0 wheel=500000
run=1 step=0 angle=228955 target=229111 err=156 steer=0 m1=3266/171875 i1=197 t1=29 m2=-3292/-171875 i2=-233 t2=28 steerMode=0/-80 iSteer=-18195 driveMode=171875/171820 iDrive=214950 scale=0 wheel=500000
run=1 step=0 angle=229043 target=229111 err=68 steer=0 m1=3281/171875 i1=145 t1=29 m2=-3229/-171875 i2=-287 t2=28 steerMode=0/977 iSteer=-71322 driveMode=171875/171569 iDrive=216131 scale=0 wheel=500000
run=1 step=0 angle=229219 target=229111 err=-107 steer=0 m1=3241/171875 i1=234 t1=29 m2=-3303/-171875 i2=-198 t2=28 steerMode=0/-806 iSteer=18052 driveMode=171875/171786 iDrive=215845 scale=0 wheel=500000
run=1 step=0 angle=228955 target=229111 err=156 steer=0 m1=3283/171875 i1=168 t1=29 m2=-3242/-171875 i2=-264 t2=28 steerMode=0/511 iSteer=-48035 driveMode=171875/171747 iDrive=216285 scale=0 wheel=500000
run=1 step=0 angle=228955 target=229111 err=156 steer=0 m1=3270/171875 i1=202 t1=29 m2=-3296/-171875 i2=-223 t2=28 steerMode=0/-238 iSteer=-10548 driveMode=171875/172418 iDrive=212748 scale=0 wheel=500000
run=1 step=0 angle=229131 target=229111 err=-20 steer=0 m1=3272/171875 i1=188 t1=29 m2=-3246/-171875 i2=-240 t2=28 steerMode=0/59 iSteer=-25939 driveMode=171875/172031 iDrive=213830 scale=0 wheel=500000
run=1 step=0 angle=229043 target=229111 err=68 steer=0 m1=3270/171875 i1=190 t1=29 m2=-3267/-171875 i2=-236 t2=28 steerMode=0/3 iSteer=-22989 driveMode=171875/172119 iDrive=213226 scale=0 wheel=500000
run=1 step=0 angle=229043 target=229111 err=68 steer=0 m1=3262/171875 i1=186 t1=29 m2=-3261/-171875 i2=-235 t2=28 steerMode=0/30 iSteer=-24490 driveMode=171875/172620 iDrive=210023 scale=0 wheel=500000
run=1 step=0 angle=229043 target=229111 err=68 steer=0 m1=3289/171875 i1=149 t1=29 m2=-3246/-171875 i2=-269 t2=28 steerMode=0/738 iSteer=-60360 driveMode=171875/172479 iDrive=209080 scale=0 wheel=500000
run=1 step=0 angle=228867 target=229111 err=244 steer=0 m1=3277/171875 i1=215 t1=29 m2=-3294/-171875 i2=-204 t2=28 steerMode=0/-575 iSteer=5783 driveMode=171875/172240 iDrive=209565 scale=0 wheel=500000
run=1 step=0 angle=228867 target=229111 err=244 steer=0 m1=3260/171875 i1=179 t1=29 m2=-3244/-171875 i2=-245 t2=28 steerMode=0/204 iSteer=-33104 driveMode=171875/171661 iDrive=212037 scale=0 wheel=500000
run=1 step=0 angle=229043 target=229111 err=68 steer=0 m1=3270/171875 i1=196 t1=29 m2=-3273/-171875 i2=-226 t2=28 steerMode=0/-160 iSteer=-14935 driveMode=171875/171981 iDrive=210632 scale=0 wheel=500000
run=1 step=0 angle=229131 target=229111 err=-20 steer=0 m1=3254/171875 i1=185 t1=29 m2=-3273/-171875 i2=-243 t2=28 steerMode=0/99 iSteer=-28735 driveMode=171875/171395 iDrive=213991 scale=0 wheel=500000
run=1 step=0 angle=228691 target=229111 err=420 steer=0 m1=3279/171875 i1=178 t1=29 m2=-3234/-171875 i2=-251 t2=28 steerMode=0/276 iSteer=-36606 driveMode=171875/171446 iDrive=214806 scale=0 wheel=500000
run=1 step=0 angle=228691 target=229111 err=420 steer=0 m1=3254/171875 i1=199 t1=29 m2=-3290/-171875 i2=-230 t2=28 steerMode=0/-162 iSteer=-15121 driveMode=171875/171714 iDrive=214412 scale=0 wheel=500000
run=1 step=0 angle=229043 target=229111 err=68 steer=0 m1=3254/171875 i1=152 t1=29 m2=-3206/-171875 i2=-280 t2=28 steerMode=0/793 iSteer=-63525 driveMode=171875/171357 iDrive=216001 scale=0 wheel=500000
run=1 step=0 angle=229131 target=229111 err=-20 steer=0 m1=3262/171875 i1=218 t1=29 m2=-3296/-171875 i2=-216 t2=28 steerMode=0/-502 iSteer=626 driveMode=171875/171462 iDrive=216940 scale=0 wheel=500000
run=1 step=0 angle=228867 target=229111 err=244 steer=0 m1=3251/171875 i1=167 t1=29 m2=-3248/-171875 i2=-264 t2=28 steerMode=0/473 iSteer=-48240 driveMode=171875/171726 iDrive=215599 scale=0 wheel=500000
run=1 step=0 angle=228779 target=229111 err=332 steer=0 m1=3272/171875 i1=189 t1=29 m2=-3294/-171875 i2=-235 t2=28 steerMode=0/-34 iSteer=-22895 driveMode=171875/172434 iDrive=211723 scale=0 wheel=500000
run=1 step=0 angle=229043 target=229111 err=68 steer=0 m1=3279/171875 i1=198 t1=29 m2=-3294/-171875 i2=-223 t2=28 steerMode=0/-247 iSteer=-12470 driveMode=171875/172453 iDrive=210660 scale=0 wheel=500000
run=1 step=0 angle=228779 target=229111 err=332 steer=0 m1=3285/171875 i1=167 t1=29 m2=-3236/-171875 i2=-255 t2=28 steerMode=0/386 iSteer=-43835 driveMode=171875/172219 iDrive=210812 scale=0 wheel=500000
run=1 step=0 angle=229043 target=229111 err=68 steer=0 m1=3258/171875 i1=208 t1=29 m2=-3298/-171875 i2=-215 t2=28 steerMode=0/-433 iSteer=-3348 driveMode=171875/172066 iDrive=211514 scale=0 wheel=500000
run=1 step=0 angle=228955 target=229111 err=156 steer=0 m1=3285/171875 i1=147 t1=29 m2=-3229/-171875 i2=-279 t2=28 steerMode=0/803 iSteer=-65604 driveMode=171875/171651 iDrive=212928 scale=0 wheel=500000
run=1 step=0 angle=229043 target=229111 err=68 steer=0 m1=3256/171875 i1=207 t1=29 m2=-3273/-171875 i2=-218 t2=28 steerMode=0/-390 iSteer=-5663 driveMode=171875/171758 iDrive=212759 scale=0 wheel=500000
run=1 step=0 angle=228867 target=229111 err=244 steer=0 m1=3272/171875 i1=173 t1=29 m2=-3259/-171875 i2=-252 t2=28 steerMode=0/282 iSteer=-39509 driveMode=171875/171711 iDrive=212935 scale=0 wheel=500000
run=1 step=0 angle=228867 target=229111 err=244 steer=0 m1=3270/171875 i1=185 t1=29 m2=-3280/-171875 i2=-239 t2=28 steerMode=0/25 iSteer=-26678 driveMode=171875/171982 iDrive=211919 scale=0 wheel=500000
run=1 step=0 angle=229131 target=229111 err=-20 steer=0 m1=3249/171875 i1=211 t1=29 m2=-3267/-171875 i2=-219 t2=28 steerMode=0/-443 iSteer=-3943 driveMode=171875/171515 iDrive=214928 scale=0 wheel=500000
run=1 step=0 angle=228867 target=229111 err=244 steer=0 m1=3287/171875 i1=173 t1=29 m2=-3246/-171875 i2=-257 t2=28 steerMode=0/337 iSteer=-42139 driveMode=171875/171591 iDrive=215201 scale=0 wheel=500000
run=1 step=0 angle=229043 target=229111 err=68 steer=0 m1=3241/171875 i1=208 t1=29 m2=-3294/-171875 i2=-224 t2=28 steerMode=0/-367 iSteer=-7867 driveMode=171875/171513 iDrive=216304 scale=0 wheel=500000
run=1 step=0 angle=229043 target=229111 err=68 steer=0 m1=3281/171875 i1=154 t1=29 m2=-3240/-171875 i2=-278 t2=28 steerMode=0/715 iSteer=-61907 driveMode=171875/171681 iDrive=215689 scale=0 wheel=500000
run=1 step=0 angle=228955 target=229111 err=156 steer=0 m1=3245/171875 i1=208 t1=29 m2=-3298/-171875 i2=-224 t2=28 steerMode=0/-374 iSteer=-7844 driveMode=171875/171719 iDrive=216183 scale=0 wheel=500000
run=1 step=0 angle=228691 target=229111 err=420 steer=0 m1=3285/171875 i1=174 t1=29 m2=-3267/-171875 i2=-251 t2=28 steerMode=0/251 iSteer=-38808 driveMode=171875/172368 iDrive=212395 scale=0 wheel=500000
run=1 step=0 angle=228867 target=229111 err=244 steer=0 m1=3287/171875 i1=185 t1=29 m2=-3292/-171875 i2=-234 t2=28 steerMode=0/-29 iSteer=-24569 driveMode=171875/172778 iDrive=209292 scale=0 wheel=500000
run=1 step=0 angle=229043 target=229111 err=68 steer=0 m1=3272/171875 i1=207 t1=29 m2=-3290/-171875 i2=-212 t2=28 steerMode=0/-495 iSteer=-2456 driveMode=171875/172540 iDrive=209501 scale=0 wheel=500000
run=1 step=0 angle=228779 target=229111 err=332 steer=0 m1=3272/171875 i1=172 t1=29 m2=-3257/-171875 i2=-248 t2=28 steerMode=0/230 iSteer=-38005 driveMode=171875/172198 iDrive=210146 scale=0 wheel=500000
run=1 step=0 angle=228867 target=229111 err=244 steer=0 m1=3268/171875 i1=202 t1=29 m2=-3271/-171875 i2=-225 t2=28 steerMode=0/-315 iSteer=-11442 driveMode=171875/171620 iDrive=213540 scale=0 wheel=500000
run=1 step=0 angle=228955 target=229111 err=156 steer=0 m1=3264/171875 i1=147 t1=29 m2=-3225/-171875 i2=-281 t2=28 steerMode=0/797 iSteer=-66986 driveMode=171875/171547 iDrive=213804 scale=0 wheel=500000
run=1 step=0 angle=228867 target=229111 err=244 steer=0 m1=3262/171875 i1=207 t1=29 m2=-3240/-171875 i2=-223 t2=28 steerMode=0/-372 iSteer=-8185 driveMode=171875/171521 iDrive=214970 scale=0 wheel=500000
run=1 step=0 angle=228604 target=229111 err=508 steer=75 m1=3260/172288 i1=195 t1=29 m2=-3282/-171463 i2=-230 t2=28 steerMode=413/224 iSteer=-17348 driveMode=171875/172031 iDrive=212426 scale=0 wheel=500000
run=1 step=0 angle=228604 target=229111 err=508 steer=25 m1=3285/172013 i1=186 t1=29 m2=-3234/-171738 i2=-235 t2=28 steerMode=138/91 iSteer=-24288 driveMode=171875/172331 iDrive=210549 scale=0 wheel=500000
run=1 step=0 angle=229131 target=229111 err=-20 steer=0 m1=3231/171875 i1=207 t1=29 m2=-3296/-171875 i2=-224 t2=28 steerMode=0/-378 iSteer=-8871 driveMode=171875/171416 iDrive=215515 scale=0 wheel=500000
run=1 step=0 angle=228691 target=229111 err=420 steer=0 m1=3291/171875 i1=173 t1=29 m2=-3250/-171875 i2=-253 t2=28 steerMode=0/264 iSteer=-40126 driveMode=171875/171885 iDrive=213285 scale=0 wheel=500000
run=1 step=0 angle=228867 target=229111 err=244 steer=0 m1=3258/171875 i1=190 t1=29 m2=-3294/-171875 i2=-236 t2=28 steerMode=0/-91 iSteer=-23303 driveMode=171875/171965 iDrive=213158 scale=0 wheel=500000
run=1 step=0 angle=228779 target=229111 err=332 steer=0 m1=3281/171875 i1=158 t1=29 m2=-3259/-171875 i2=-262 t2=28 steerMode=0/481 iSteer=-51902 driveMode=171875/172439 iDrive=209628 scale=0 wheel=500000
run=1 step=0 angle=228516 target=229111 err=596 steer=100 m1=3264/172425 i1=220 t1=29 m2=-3288/-171325 i2=-203 t2=28 steerMode=550/-165 iSteer=8220 driveMode=171875/172010 iDrive=211301 scale=0 wheel=500000
run=1 step=0 angle=228779 target=229111 err=332 steer=0 m1=3268/171875 i1=182 t1=29 m2=-3269/-171875 i2=-240 t2=28 steerMode=0/16 iSteer=-28823 driveMode=171875/172028 iDrive=211096 scale=0 wheel=500000
run=1 step=0 angle=228779 target=229111 err=332 steer=0 m1=3270/171875 i1=173 t1=29 m2=-3252/-171875 i2=-241 t2=28 steerMode=0/120 iSteer=-33692 driveMode=171875/172626 iDrive=206941 scale=0 wheel=500000
run=1 step=0 angle=228955 target=229111 err=156 steer=0 m1=3262/171875 i1=194 t1=29 m2=-3271/-171875 i2=-226 t2=28 steerMode=0/-249 iSteer=-16388 driveMode=171875/171903 iDrive=210101 scale=0 wheel=500000
run=1 step=0 angle=228604 target=229111 err=508 steer=114 m1=3264/172503 i1=196 t1=29 m2=-3232/-171247 i2=-225 t2=28 steerMode=628/372 iSteer=-14396 driveMode=171875/171737 iDrive=210664 scale=0 wheel=500000
run=1 step=0 angle=228955 target=229111 err=156 steer=0 m1=3266/171875 i1=177 t1=29 m2=-3252/-171875 i2=-251 t2=28 steerMode=0/171 iSteer=-37097 driveMode=171875/171311 iDrive=213601 scale=0 wheel=500000
run=1 step=0 angle=228867 target=229111 err=244 steer=0 m1=3256/171875 i1=162 t1=29 m2=-3267/-171875 i2=-263 t2=28 steerMode=0/450 iSteer=-50876 driveMode=171875/171579 iDrive=212470 scale=0 wheel=500000
run=1 step=0 angle=228867 target=229111 err=244 steer=0 m1=3256/171875 i1=215 t1=29 m2=-3259/-171875 i2=-214 t2=28 steerMode=0/-571 iSteer=844 driveMode=171875/171323 iDrive=214554 scale=0 wheel=500000
run=1 step=0 angle=228955 target=229111 err=156 steer=22 m1=3270/171994 i1=168 t1=29 m2=-3248/-171756 i2=-263 t2=28 steerMode=119/512 iSteer=-47476 driveMode=171875/171278 iDrive=215879 scale=0 wheel=500000
run=1 step=0 angle=228691 target=229111 err=420 steer=0 m1=3279/171875 i1=172 t1=29 m2=-3244/-171875 i2=-252 t2=28 steerMode=0/239 iSteer=-39853 driveMode=171875/171977 iDrive=212280 scale=0 wheel=500000
run=1 step=0 angle=229131 target=229111 err=-20 steer=0 m1=3251/171875 i1=191 t1=29 m2=-3259/-171875 i2=-245 t2=28 steerMode=0/-46 iSteer=-26975 driveMode=171875/170980 iDrive=218218 scale=0 wheel=500000
run=1 step=0 angle=228691 target=229111 err=420 steer=0 m1=3279/171875 i1=186 t1=29 m2=-3284/-171875 i2=-241 t2=28 steerMode=0/-15 iSteer=-27508 driveMode=171875/172104 iDrive=213069 scale=0 wheel=500000
run=1 step=0 angle=228867 target=229111 err=244 steer=0 m1=3281/171875 i1=189 t1=29 m2=-3278/-171875 i2=-238 t2=28 steerMode=0/-92 iSteer=-24462 driveMode=171875/171986 iDrive=213618 scale=0 wheel=500000
STEP_OK: step=0 target=500 cmd=500000 measured=500795 angleErr=244
STEP_START: step=1 target=500 steerTarget=209111
run=1 step=1 angle=228867 target=209111 err=244 steer=0 m1=3285/171875 i1=167 t1=29 m2=-3248/-171875 i2=-257 t2=28 steerMode=0/315 iSteer=-44994 driveMode=171875/172148 iDrive=211878 scale=0 wheel=500000
STOP: angle diverged err=-19756
