START: angle=245479 target=255479 wheelTarget=500 step=0 count=3
run=1 step=0 angle=245479 target=255479 err=10000 steer=500 m1=-3/9625 i1=182 t1=29 m2=0/-4125 i2=99 t2=28 steerMode=2750/24 iSteer=140456 driveMode=6875/24 iDrive=41198 scale=0 wheel=20000
run=1 step=0 angle=245479 target=255479 err=10000 steer=970 m1=0/18673 i1=374 t1=29 m2=0/-8003 i2=188 t2=28 steerMode=5335/29 iSteer=280910 driveMode=13338/-17 iDrive=92850 scale=0 wheel=38800
run=1 step=0 angle=245479 target=255479 err=10000 steer=1000 m1=0/25300 i1=462 t1=29 m2=0/-14300 i2=149 t2=28 steerMode=5500/7 iSteer=305587 driveMode=19800/-5 iDrive=156454 scale=0 wheel=57600
run=1 step=0 angle=245479 target=255479 err=10000 steer=1000 m1=0/31762 i1=554 t1=29 m2=0/-20762 i2=90 t2=28 steerMode=5500/-6 iSteer=321775 driveMode=26262/8 iDrive=232105 scale=0 wheel=76400
run=1 step=0 angle=245479 target=255479 err=10000 steer=1000 m1=0/38225 i1=658 t1=29 m2=0/-27225 i2=19 t2=28 steerMode=5500/-30 iSteer=338555 driveMode=32725/33 iDrive=319812 scale=0 wheel=95200
run=1 step=0 angle=245479 target=255479 err=10000 steer=1000 m1=-3/44619 i1=779 t1=29 m2=-13/-33619 i2=-56 t2=28 steerMode=5500/-181 iSteer=361578 driveMode=39119/200 iDrive=417767 scale=0 wheel=113799
run=1 step=0 angle=245479 target=255479 err=10000 steer=1000 m1=0/51012 i1=898 t1=29 m2=0/-40012 i2=-161 t2=28 steerMode=5500/-2 iSteer=368172 driveMode=45512/6 iDrive=529385 scale=0 wheel=132399
run=1 step=0 angle=245479 target=255479 err=10000 steer=1000 m1=2/57406 i1=1036 t1=29 m2=0/-46406 i2=-268 t2=28 steerMode=5500/-8 iSteer=383876 driveMode=51906/36 iDrive=651851 scale=0 wheel=150999
run=1 step=0 angle=247236 target=255479 err=8242 steer=1000 m1=475/63800 i1=678 t1=29 m2=-7/-52800 i2=-793 t2=28 steerMode=5500/8988 iSteer=-57432 driveMode=58300/9280 iDrive=735447 scale=0 wheel=169599
run=1 step=0 angle=252773 target=255479 err=2705 steer=738 m1=791/68752 i1=601 t1=29 m2=-566/-60634 i2=-890 t2=28 steerMode=4059/8865 iSteer=-144577 driveMode=64693/29763 iDrive=745432 scale=0 wheel=188198
run=1 step=0 angle=253916 target=255479 err=1563 steer=313 m1=1297/72806 i1=679 t1=29 m2=-1139/-69368 i2=-674 t2=28 steerMode=1719/3488 iSteer=2324 driveMode=71087/58538 iDrive=676321 scale=0 wheel=206798
run=1 step=0 angle=255234 target=255479 err=244 steer=0 m1=1715/77481 i1=553 t1=29 m2=-1601/-77481 i2=-624 t2=28 steerMode=0/2415 iSteer=-35448 driveMode=77481/83502 iDrive=588619 scale=0 wheel=225398
run=1 step=0 angle=256113 target=255479 err=-635 steer=-105 m1=2105/83297 i1=454 t1=29 m2=-2022/-84452 i2=-524 t2=28 steerMode=-578/1717 iSteer=-34538 driveMode=83874/104535 iDrive=489005 scale=0 wheel=243998
run=1 step=0 angle=256465 target=255479 err=-986 steer=-197 m1=2345/89114 i1=380 t1=29 m2=-2292/-91284 i2=-420 t2=28 steerMode=-1085/787 iSteer=-20049 driveMode=90199/119304 iDrive=400148 scale=0 wheel=262398
run=1 step=0 angle=256641 target=255479 err=-1162 steer=-235 m1=2504/95232 i1=295 t1=29 m2=-2459/-97817 i2=-360 t2=28 steerMode=-1293/727 iSteer=-32845 driveMode=96525/128756 iDrive=327441 scale=0 wheel=280799
run=1 step=0 angle=257080 target=255479 err=-1602 steer=-320 m1=2571/101088 i1=235 t1=29 m2=-2549/-104612 i2=-311 t2=28 steerMode=-1762/245 iSteer=-37648 driveMode=102850/134086 iDrive=272955 scale=0 wheel=299200
run=1 step=0 angle=257256 target=255479 err=-1777 steer=-355 m1=2571/107220 i1=199 t1=29 m2=-2595/-111130 i2=-286 t2=28 steerMode=-1955/48 iSteer=-43236 driveMode=109175/135829 iDrive=242570 scale=0 wheel=317601
run=1 step=0 angle=256992 target=255479 err=-1514 steer=-303 m1=2632/113836 i1=211 t1=29 m2=-2635/-117166 i2=-226 t2=28 steerMode=-1665/-460 iSteer=-7303 driveMode=115501/137989 iDrive=218408 scale=0 wheel=336002
run=1 step=0 angle=256992 target=255479 err=-1514 steer=-303 m1=2613/120161 i1=176 t1=29 m2=-2646/-123491 i2=-248 t2=28 steerMode=-1665/25 iSteer=-36353 driveMode=121826/138412 iDrive=211997 scale=0 wheel=354403
run=1 step=0 angle=256992 target=255479 err=-1514 steer=-303 m1=2632/126486 i1=181 t1=29 m2=-2662/-129816 i2=-257 t2=28 steerMode=-1665/-30 iSteer=-38114 driveMode=128151/138467 iDrive=218830 scale=0 wheel=372804
run=1 step=0 angle=256992 target=255479 err=-1514 steer=-303 m1=2617/132812 i1=204 t1=29 m2=-2641/-136142 i2=-283 t2=28 steerMode=-1665/-102 iSteer=-39386 driveMode=134477/137541 iDrive=243220 scale=0 wheel=391205
run=1 step=0 angle=256816 target=255479 err=-1338 steer=-268 m1=2672/139330 i1=236 t1=29 m2=-2681/-142274 i2=-283 t2=28 steerMode=-1472/-287 iSteer=-23487 driveMode=140802/140182 iDrive=259564 scale=0 wheel=409606
run=1 step=0 angle=256729 target=255479 err=-1250 steer=-250 m1=2728/145752 i1=221 t1=29 m2=-2744/-148502 i2=-342 t2=28 steerMode=-1375/470 iSteer=-60593 driveMode=147127/142924 iDrive=281578 scale=0 wheel=428007
run=1 step=0 angle=256816 target=255479 err=-1338 steer=-268 m1=2820/151981 i1=287 t1=29 m2=-2800/-154924 i2=-318 t2=28 steerMode=-1472/-600 iSteer=-15599 driveMode=153453/147119 iDrive=302751 scale=0 wheel=446408
run=1 step=0 angle=256992 target=255479 err=-1514 steer=-303 m1=2896/158113 i1=246 t1=29 m2=-2893/-161443 i2=-405 t2=28 steerMode=-1665/404 iSteer=-79157 driveMode=159778/151467 iDrive=325537 scale=0 wheel=464809
run=1 step=0 angle=256641 target=255479 err=-1162 steer=-220 m1=3032/164894 i1=320 t1=29 m2=-3056/-167313 i2=-355 t2=28 steerMode=-1209/-441 iSteer=-17748 driveMode=166103/158403 iDrive=337517 scale=0 wheel=483210
run=1 step=0 angle=256465 target=255479 err=-986 steer=-197 m1=3193/170790 i1=292 t1=29 m2=-3204/-172960 i2=-384 t2=28 steerMode=-1085/194 iSteer=-46017 driveMode=171875/166478 iDrive=338309 scale=0 wheel=500000
run=1 step=0 angle=256377 target=255479 err=-898 steer=-192 m1=3323/170818 i1=275 t1=29 m2=-3330/-172932 i2=-336 t2=28 steerMode=-1057/-157 iSteer=-30481 driveMode=171875/173610 iDrive=305685 scale=0 wheel=500000
run=1 step=0 angle=256641 target=255479 err=-1162 steer=-232 m1=3377/170597 i1=228 t1=29 m2=-3374/-173153 i2=-331 t2=28 steerMode=-1278/-31 iSteer=-51394 driveMode=171875/177398 iDrive=279736 scale=0 wheel=500000
run=1 step=0 angle=256377 target=255479 err=-898 steer=-180 m1=3469/170887 i1=224 t1=29 m2=-3453/-172863 i2=-265 t2=28 steerMode=-988/-376 iSteer=-20782 driveMode=171875/181519 iDrive=244670 scale=0 wheel=500000
run=1 step=0 angle=256201 target=255479 err=-723 steer=-145 m1=3480/171080 i1=177 t1=29 m2=-3466/-172670 i2=-260 t2=28 steerMode=-795/168 iSteer=-41358 driveMode=171875/182871 iDrive=218680 scale=0 wheel=500000
run=1 step=0 angle=256113 target=255479 err=-635 steer=-127 m1=3469/171177 i1=168 t1=29 m2=-3464/-172573 i2=-234 t2=28 steerMode=-698/57 iSteer=-32850 driveMode=171875/182404 iDrive=200882 scale=0 wheel=500000
run=1 step=0 angle=256113 target=255479 err=-635 steer=-127 m1=3450/171177 i1=162 t1=29 m2=-3474/-172573 i2=-207 t2=28 steerMode=-698/-191 iSteer=-22424 driveMode=171875/181859 iDrive=184806 scale=0 wheel=500000
run=1 step=0 angle=256201 target=255479 err=-723 steer=-145 m1=3404/171080 i1=124 t1=29 m2=-3409/-172670 i2=-225 t2=28 steerMode=-795/225 iSteer=-50378 driveMode=171875/180447 iDrive=174798 scale=0 wheel=500000
run=1 step=0 angle=256113 target=255479 err=-635 steer=-127 m1=3375/171177 i1=125 t1=29 m2=-3363/-172573 i2=-221 t2=28 steerMode=-698/234 iSteer=-48157 driveMode=171875/178049 iDrive=172844 scale=0 wheel=500000
run=1 step=0 angle=255850 target=255479 err=-371 steer=-49 m1=3318/171603 i1=185 t1=29 m2=-3347/-172147 i2=-172 t2=28 steerMode=-272/-484 iSteer=6657 driveMode=171875/175271 iDrive=178838 scale=0 wheel=500000
run=1 step=0 angle=255938 target=255479 err=-459 steer=-54 m1=3306/171576 i1=147 t1=29 m2=-3292/-172174 i2=-218 t2=28 steerMode=-299/312 iSteer=-35510 driveMode=171875/173638 iDrive=182044 scale=0 wheel=500000
run=1 step=0 angle=256201 target=255479 err=-723 steer=-145 m1=3237/171080 i1=164 t1=29 m2=-3269/-172670 i2=-220 t2=28 steerMode=-795/-385 iSteer=-27937 driveMode=171875/171494 iDrive=191669 scale=0 wheel=500000
run=1 step=0 angle=256113 target=255479 err=-635 steer=-127 m1=3218/171177 i1=156 t1=29 m2=-3211/-172573 i2=-255 t2=28 steerMode=-698/122 iSteer=-49806 driveMode=171875/169275 iDrive=205411 scale=0 wheel=500000
run=1 step=0 angle=255762 target=255479 err=-283 steer=0 m1=3233/171875 i1=196 t1=29 m2=-3179/-171875 i2=-224 t2=28 steerMode=0/95 iSteer=-14129 driveMode=171875/169317 iDrive=210018 scale=0 wheel=500000
run=1 step=0 angle=255938 target=255479 err=-459 steer=0 m1=3249/171875 i1=166 t1=29 m2=-3190/-171875 i2=-261 t2=28 steerMode=0/731 iSteer=-47712 driveMode=171875/169535 iDrive=213541 scale=0 wheel=500000
run=1 step=0 angle=255938 target=255479 err=-459 steer=-69 m1=3210/171493 i1=185 t1=29 m2=-3185/-172257 i2=-256 t2=28 steerMode=-382/73 iSteer=-35668 driveMode=171875/169006 iDrive=220547 scale=0 wheel=500000
run=1 step=0 angle=256025 target=255479 err=-547 steer=-122 m1=3203/171204 i1=211 t1=29 m2=-3240/-172546 i2=-247 t2=28 steerMode=-671/-609 iSteer=-18009 driveMode=171875/168615 iDrive=228709 scale=0 wheel=500000
run=1 step=0 angle=255938 target=255479 err=-459 steer=0 m1=3264/171875 i1=182 t1=29 m2=-3198/-171875 i2=-266 t2=28 steerMode=0/556 iSteer=-42054 driveMode=171875/170352 iDrive=223989 scale=0 wheel=500000
run=1 step=0 angle=256025 target=255479 err=-547 steer=-85 m1=3247/171408 i1=171 t1=29 m2=-3252/-172343 i2=-275 t2=28 steerMode=-468/251 iSteer=-52099 driveMode=171875/171052 iDrive=222806 scale=0 wheel=500000
run=1 step=0 angle=256025 target=255479 err=-547 steer=-109 m1=3233/171273 i1=186 t1=29 m2=-3234/-172477 i2=-264 t2=28 steerMode=-602/-172 iSteer=-38826 driveMode=171875/170924 iDrive=224908 scale=0 wheel=500000
run=1 step=0 angle=255762 target=255479 err=-283 steer=0 m1=3277/171875 i1=201 t1=29 m2=-3278/-171875 i2=-239 t2=28 steerMode=0/27 iSteer=-18762 driveMode=171875/172036 iDrive=219848 scale=0 wheel=500000
run=1 step=0 angle=255938 target=255479 err=-459 steer=0 m1=3272/171875 i1=179 t1=29 m2=-3263/-171875 i2=-260 t2=28 steerMode=0/445 iSteer=-40895 driveMode=171875/172060 iDrive=219427 scale=0 wheel=500000
run=1 step=0 angle=256025 target=255479 err=-547 steer=-109 m1=3283/171273 i1=154 t1=29 m2=-3267/-172477 i2=-279 t2=28 steerMode=-602/264 iSteer=-62297 driveMode=171875/172426 iDrive=216374 scale=0 wheel=500000
run=1 step=0 angle=256025 target=255479 err=-547 steer=-64 m1=3256/171521 i1=208 t1=29 m2=-3269/-172229 i2=-234 t2=28 steerMode=-354/-512 iSteer=-13171 driveMode=171875/171609 iDrive=220832 scale=0 wheel=500000
run=1 step=0 angle=255762 target=255479 err=-283 steer=0 m1=3285/171875 i1=181 t1=29 m2=-3263/-171875 i2=-250 t2=28 steerMode=0/280 iSteer=-34801 driveMode=171875/172511 iDrive=215671 scale=0 wheel=500000
run=1 step=0 angle=256025 target=255479 err=-547 steer=-10 m1=3277/171820 i1=178 t1=29 m2=-3288/-171930 i2=-249 t2=28 steerMode=-55/217 iSteer=-35670 driveMode=171875/172639 iDrive=213664 scale=0 wheel=500000
run=1 step=0 angle=255938 target=255479 err=-459 steer=0 m1=3258/171875 i1=193 t1=29 m2=-3261/-171875 i2=-244 t2=28 steerMode=0/39 iSteer=-25292 driveMode=171875/171619 iDrive=218260 scale=0 wheel=500000
run=1 step=0 angle=255850 target=255479 err=-371 steer=0 m1=3285/171875 i1=195 t1=29 m2=-3252/-171875 i2=-233 t2=28 steerMode=0/-93 iSteer=-18767 driveMode=171875/172432 iDrive=213897 scale=0 wheel=500000
run=1 step=0 angle=256025 target=255479 err=-547 steer=-40 m1=3262/171655 i1=170 t1=29 m2=-3271/-172095 i2=-260 t2=28 steerMode=-220/178 iSteer=-44799 driveMode=171875/172105 iDrive=215094 scale=0 wheel=500000
run=1 step=0 angle=256113 target=255479 err=-635 steer=-127 m1=3266/171177 i1=143 t1=29 m2=-3259/-172573 i2=-286 t2=28 steerMode=-698/226 iSteer=-71620 driveMode=171875/172025 iDrive=214853 scale=0 wheel=500000
run=1 step=0 angle=256025 target=255479 err=-547 steer=-80 m1=3243/171435 i1=179 t1=29 m2=-3259/-172315 i2=-258 t2=28 steerMode=-440/-173 iSteer=-39461 driveMode=171875/171391 iDrive=218688 scale=0 wheel=500000
run=1 step=0 angle=255762 target=255479 err=-283 steer=0 m1=3300/171875 i1=184 t1=29 m2=-3284/-171875 i2=-243 t2=28 steerMode=0/63 iSteer=-29013 driveMode=171875/172423 iDrive=213495 scale=0 wheel=500000
run=1 step=0 angle=255850 target=255479 err=-371 steer=0 m1=3291/171875 i1=174 t1=29 m2=-3280/-171875 i2=-248 t2=28 steerMode=0/206 iSteer=-37090 driveMode=171875/172723 iDrive=210763 scale=0 wheel=500000
run=1 step=0 angle=256113 target=255479 err=-635 steer=-127 m1=3270/171177 i1=152 t1=29 m2=-3284/-172573 i2=-279 t2=28 steerMode=-698/2 iSteer=-63177 driveMode=171875/171661 iDrive=215428 scale=0 wheel=500000
run=1 step=0 angle=255762 target=255479 err=-283 steer=0 m1=3285/171875 i1=195 t1=29 m2=-3267/-171875 i2=-229 t2=28 steerMode=0/-200 iSteer=-17218 driveMode=171875/172294 iDrive=212222 scale=0 wheel=500000
run=1 step=0 angle=255938 target=255479 err=-459 steer=0 m1=3277/171875 i1=167 t1=29 m2=-3236/-171875 i2=-265 t2=28 steerMode=0/406 iSteer=-49051 driveMode=171875/171518 iDrive=216288 scale=0 wheel=500000
run=1 step=0 angle=255938 target=255479 err=-459 steer=0 m1=3256/171875 i1=172 t1=29 m2=-3242/-171875 i2=-260 t2=28 steerMode=0/303 iSteer=-43668 driveMode=171875/171554 iDrive=216145 scale=0 wheel=500000
run=1 step=0 angle=255938 target=255479 err=-459 steer=0 m1=3254/171875 i1=220 t1=29 m2=-3280/-171875 i2=-223 t2=28 steerMode=0/-571 iSteer=-1611 driveMode=171875/170921 iDrive=221245 scale=0 wheel=500000
run=1 step=0 angle=255762 target=255479 err=-283 steer=0 m1=3281/171875 i1=178 t1=29 m2=-3263/-171875 i2=-255 t2=28 steerMode=0/169 iSteer=-38218 driveMode=171875/171988 iDrive=216692 scale=0 wheel=500000
run=1 step=0 angle=255674 target=255479 err=-195 steer=0 m1=3268/171875 i1=183 t1=29 m2=-3290/-171875 i2=-244 t2=28 steerMode=0/6 iSteer=-30503 driveMode=171875/172486 iDrive=213514 scale=0 wheel=500000
run=1 step=0 angle=256025 target=255479 err=-547 steer=-109 m1=3258/171273 i1=154 t1=29 m2=-3269/-172477 i2=-288 t2=28 steerMode=-602/108 iSteer=-66860 driveMode=171875/171051 iDrive=221326 scale=0 wheel=500000
run=1 step=0 angle=255674 target=255479 err=-195 steer=0 m1=3266/171875 i1=189 t1=29 m2=-3244/-171875 i2=-243 t2=28 steerMode=0/-73 iSteer=-26680 driveMode=171875/172212 iDrive=215875 scale=0 wheel=500000
run=1 step=0 angle=255762 target=255479 err=-283 steer=0 m1=3281/171875 i1=173 t1=29 m2=-3284/-171875 i2=-259 t2=28 steerMode=0/228 iSteer=-42996 driveMode=171875/172010 iDrive=216402 scale=0 wheel=500000
run=1 step=0 angle=255762 target=255479 err=-283 steer=0 m1=3279/171875 i1=172 t1=29 m2=-3232/-171875 i2=-258 t2=28 steerMode=0/242 iSteer=-43241 driveMode=171875/172097 iDrive=215209 scale=0 wheel=500000
run=1 step=0 angle=255674 target=255479 err=-195 steer=0 m1=3243/171875 i1=193 t1=29 m2=-3271/-171875 i2=-244 t2=28 steerMode=0/-119 iSteer=-25525 driveMode=171875/171552 iDrive=218502 scale=0 wheel=500000
run=1 step=0 angle=255762 target=255479 err=-283 steer=0 m1=3291/171875 i1=163 t1=29 m2=-3263/-171875 i2=-269 t2=28 steerMode=0/426 iSteer=-52640 driveMode=171875/172082 iDrive=215943 scale=0 wheel=500000
run=1 step=0 angle=255762 target=255479 err=-283 steer=0 m1=3281/171875 i1=194 t1=29 m2=-3290/-171875 i2=-229 t2=28 steerMode=0/-293 iSteer=-17331 driveMode=171875/172740 iDrive=211774 scale=0 wheel=500000
run=1 step=0 angle=256025 target=255479 err=-547 steer=-5 m1=3260/171848 i1=161 t1=29 m2=-3225/-171903 i2=-279 t2=28 steerMode=-28/489 iSteer=-58835 driveMode=171875/171030 iDrive=220249 scale=0 wheel=500000
run=1 step=0 angle=255762 target=255479 err=-283 steer=0 m1=3254/171875 i1=198 t1=29 m2=-3267/-171875 i2=-235 t2=28 steerMode=0/-281 iSteer=-18464 driveMode=171875/171938 iDrive=216360 scale=0 wheel=500000
run=1 step=0 angle=255762 target=255479 err=-283 steer=0 m1=3270/171875 i1=153 t1=29 m2=-3242/-171875 i2=-280 t2=28 steerMode=0/611 iSteer=-63842 driveMode=171875/171801 iDrive=216610 scale=0 wheel=500000
run=1 step=0 angle=255674 target=255479 err=-195 steer=0 m1=3256/171875 i1=180 t1=29 m2=-3252/-171875 i2=-257 t2=28 steerMode=0/111 iSteer=-38720 driveMode=171875/171481 iDrive=218270 scale=0 wheel=500000
run=1 step=0 angle=255938 target=255479 err=-459 steer=-9 m1=3249/171823 i1=209 t1=29 m2=-3259/-171927 i2=-234 t2=28 steerMode=-52/-484 iSteer=-12477 driveMode=171875/171102 iDrive=221648 scale=0 wheel=500000
run=1 step=0 angle=255850 target=255479 err=-371 steer=0 m1=3266/171875 i1=167 t1=29 m2=-3265/-171875 i2=-274 t2=28 steerMode=0/392 iSteer=-53388 driveMode=171875/171553 iDrive=220182 scale=0 wheel=500000
run=1 step=0 angle=255762 target=255479 err=-283 steer=0 m1=3285/171875 i1=180 t1=29 m2=-3269/-171875 i2=-250 t2=28 steerMode=0/7 iSteer=-34774 driveMode=171875/172461 iDrive=215204 scale=0 wheel=500000
run=1 step=0 angle=255850 target=255479 err=-371 steer=0 m1=3243/171875 i1=167 t1=29 m2=-3206/-171875 i2=-280 t2=28 steerMode=0/427 iSteer=-56539 driveMode=171875/170860 iDrive=223328 scale=0 wheel=500000
run=1 step=0 angle=255674 target=255479 err=-195 steer=0 m1=3264/171875 i1=204 t1=29 m2=-3278/-171875 i2=-231 t2=28 steerMode=0/-416 iSteer=-13579 driveMode=171875/172198 iDrive=217437 scale=0 wheel=500000
run=1 step=0 angle=255674 target=255479 err=-195 steer=0 m1=3272/171875 i1=149 t1=29 m2=-3286/-171875 i2=-283 t2=28 steerMode=0/637 iSteer=-66915 driveMode=171875/172308 iDrive=215993 scale=0 wheel=500000
run=1 step=0 angle=255674 target=255479 err=-195 steer=0 m1=3274/171875 i1=182 t1=29 m2=-3252/-171875 i2=-250 t2=28 steerMode=0/-30 iSteer=-33661 driveMode=171875/172092 iDrive=216093 scale=0 wheel=500000
run=1 step=0 angle=255674 target=255479 err=-195 steer=0 m1=3266/171875 i1=194 t1=29 m2=-3294/-171875 i2=-239 t2=28 steerMode=0/-257 iSteer=-22481 driveMode=171875/172091 iDrive=216250 scale=0 wheel=500000
run=1 step=0 angle=255674 target=255479 err=-195 steer=0 m1=3285/171875 i1=160 t1=29 m2=-3250/-171875 i2=-270 t2=28 steerMode=0/390 iSteer=-54799 driveMode=171875/172122 iDrive=215226 scale=0 wheel=500000
run=1 step=0 angle=255674 target=255479 err=-195 steer=0 m1=3266/171875 i1=191 t1=29 m2=-3307/-171875 i2=-231 t2=28 steerMode=0/-307 iSteer=-20182 driveMode=171875/172745 iDrive=211169 scale=0 wheel=500000
run=1 step=0 angle=255674 target=255479 err=-195 steer=0 m1=3262/171875 i1=159 t1=29 m2=-3244/-171875 i2=-275 t2=28 steerMode=0/432 iSteer=-57772 driveMode=171875/171442 iDrive=217010 scale=0 wheel=500000
run=1 step=0 angle=255410 target=255479 err=68 steer=0 m1=3266/171875 i1=195 t1=29 m2=-3303/-171875 i2=-230 t2=28 steerMode=0/-357 iSteer=-17634 driveMode=171875/172404 iDrive=212367 scale=0 wheel=500000
run=1 step=0 angle=255322 target=255479 err=156 steer=0 m1=3291/171875 i1=164 t1=29 m2=-3252/-171875 i2=-257 t2=28 steerMode=0/231 iSteer=-46911 driveMode=171875/172480 iDrive=210583 scale=0 wheel=500000
run=1 step=0 angle=255498 target=255479 err=-20 steer=0 m1=3254/171875 i1=173 t1=29 m2=-3244/-171875 i2=-257 t2=28 steerMode=0/138 iSteer=-42340 driveMode=171875/171476 iDrive=214889 scale=0 wheel=500000
run=1 step=0 angle=255498 target=255479 err=-20 steer=0 m1=3256/171875 i1=204 t1=29 m2=-3288/-171875 i2=-227 t2=28 steerMode=0/-473 iSteer=-11720 driveMode=171875/171522 iDrive=215727 scale=0 wheel=500000
run=1 step=0 angle=255146 target=255479 err=332 steer=0 m1=3254/171875 i1=171 t1=29 m2=-3257/-171875 i2=-261 t2=28 steerMode=0/192 iSteer=-44730 driveMode=171875/171536 iDrive=216085 scale=0 wheel=500000
run=1 step=0 angle=255146 target=255479 err=332 steer=0 m1=3281/171875 i1=181 t1=29 m2=-3292/-171875 i2=-246 t2=28 steerMode=0/-51 iSteer=-32403 driveMode=171875/172121 iDrive=213279 scale=0 wheel=500000
run=1 step=0 angle=255234 target=255479 err=244 steer=0 m1=3251/171875 i1=167 t1=29 m2=-3257/-171875 i2=-272 t2=28 steerMode=0/338 iSteer=-52519 driveMode=171875/170957 iDrive=219940 scale=0 wheel=500000
run=1 step=0 angle=255234 target=255479 err=244 steer=0 m1=3260/171875 i1=203 t1=29 m2=-3267/-171875 i2=-228 t2=28 steerMode=0/-443 iSteer=-12575 driveMode=171875/172042 iDrive=215382 scale=0 wheel=500000
run=1 step=0 angle=255059 target=255479 err=420 steer=0 m1=3283/171875 i1=171 t1=29 m2=-3290/-171875 i2=-254 t2=28 steerMode=0/123 iSteer=-41376 driveMode=171875/172484 iDrive=212287 scale=0 wheel=500000
run=1 step=0 angle=255234 target=255479 err=244 steer=0 m1=3277/171875 i1=167 t1=29 m2=-3240/-171875 i2=-260 t2=28 steerMode=0/217 iSteer=-46123 driveMode=171875/172010 iDrive=213547 scale=0 wheel=500000
run=1 step=0 angle=255059 target=255479 err=420 steer=25 m1=3266/172013 i1=208 t1=29 m2=-3282/-171738 i2=-217 t2=28 steerMode=138/-469 iSteer=-4553 driveMode=171875/172167 iDrive=212902 scale=0 wheel=500000
run=1 step=0 angle=255146 target=255479 err=332 steer=0 m1=3274/171875 i1=129 t1=29 m2=-3238/-171875 i2=-298 t2=28 steerMode=0/994 iSteer=-84296 driveMode=171875/171951 iDrive=213239 scale=0 wheel=500000
run=1 step=0 angle=255146 target=255479 err=332 steer=0 m1=3262/171875 i1=216 t1=29 m2=-3296/-171875 i2=-212 t2=28 steerMode=0/-735 iSteer=1872 driveMode=171875/171955 iDrive=213643 scale=0 wheel=500000
run=1 step=0 angle=255234 target=255479 err=244 steer=0 m1=3237/171875 i1=167 t1=29 m2=-3227/-171875 i2=-274 t2=28 steerMode=0/358 iSteer=-53056 driveMode=171875/170801 iDrive=220446 scale=0 wheel=500000
run=1 step=0 angle=255059 target=255479 err=420 steer=0 m1=3258/171875 i1=200 t1=29 m2=-3288/-171875 i2=-231 t2=28 steerMode=0/-374 iSteer=-15690 driveMode=171875/171945 iDrive=215741 scale=0 wheel=500000
run=1 step=0 angle=254971 target=255479 err=508 steer=87 m1=3295/172351 i1=180 t1=29 m2=-3282/-171399 i2=-245 t2=28 steerMode=476/450 iSteer=-32495 driveMode=171875/172394 iDrive=212781 scale=0 wheel=500000
run=1 step=0 angle=255234 target=255479 err=244 steer=0 m1=3262/171875 i1=170 t1=29 m2=-3234/-171875 i2=-264 t2=28 steerMode=0/255 iSteer=-47280 driveMode=171875/171462 iDrive=217057 scale=0 wheel=500000
run=1 step=0 angle=255146 target=255479 err=332 steer=0 m1=3264/171875 i1=211 t1=29 m2=-3257/-171875 i2=-225 t2=28 steerMode=0/-552 iSteer=-6780 driveMode=171875/171603 iDrive=217793 scale=0 wheel=500000
run=1 step=0 angle=254971 target=255479 err=508 steer=50 m1=3281/172150 i1=164 t1=29 m2=-3261/-171600 i2=-267 t2=28 steerMode=275/622 iSteer=-51292 driveMode=171875/171994 iDrive=215617 scale=0 wheel=500000
run=1 step=0 angle=255059 target=255479 err=420 steer=0 m1=3260/171875 i1=200 t1=29 m2=-3269/-171875 i2=-227 t2=28 steerMode=0/-421 iSteer=-13274 driveMode=171875/172377 iDrive=213430 scale=0 wheel=500000
run=1 step=0 angle=255146 target=255479 err=332 steer=0 m1=3260/171875 i1=171 t1=29 m2=-3269/-171875 i2=-264 t2=28 steerMode=0/251 iSteer=-46712 driveMode=171875/171506 iDrive=217571 scale=0 wheel=500000
run=1 step=0 angle=255146 target=255479 err=332 steer=0 m1=3277/171875 i1=188 t1=29 m2=-3257/-171875 i2=-243 t2=28 steerMode=0/-127 iSteer=-27504 driveMode=171875/172025 iDrive=215304 scale=0 wheel=500000
run=1 step=0 angle=255059 target=255479 err=420 steer=0 m1=3270/171875 i1=172 t1=29 m2=-3301/-171875 i2=-249 t2=28 steerMode=0/91 iSteer=-38563 driveMode=171875/172715 iDrive=210815 scale=0 wheel=500000
run=1 step=0 angle=255059 target=255479 err=420 steer=0 m1=3281/171875 i1=153 t1=29 m2=-3252/-171875 i2=-270 t2=28 steerMode=0/495 iSteer=-58639 driveMode=171875/172273 iDrive=211413 scale=0 wheel=500000
run=1 step=0 angle=254971 target=255479 err=508 steer=90 m1=3268/172370 i1=214 t1=29 m2=-3273/-171380 i2=-210 t2=28 steerMode=495/-220 iSteer=1542 driveMode=171875/172124 iDrive=211981 scale=0 wheel=500000
run=1 step=0 angle=254971 target=255479 err=508 steer=90 m1=3285/172370 i1=176 t1=29 m2=-3236/-171380 i2=-246 t2=28 steerMode=495/518 iSteer=-34690 driveMode=171875/172107 iDrive=211097 scale=0 wheel=500000
run=1 step=0 angle=255146 target=255479 err=332 steer=0 m1=3268/171875 i1=197 t1=29 m2=-3275/-171875 i2=-226 t2=28 steerMode=0/-391 iSteer=-14494 driveMode=171875/172009 iDrive=211317 scale=0 wheel=500000
run=1 step=0 angle=255234 target=255479 err=244 steer=0 m1=3231/171875 i1=176 t1=29 m2=-3240/-171875 i2=-260 t2=28 steerMode=0/158 iSteer=-42015 driveMode=171875/170772 iDrive=218480 scale=0 wheel=500000
run=1 step=0 angle=254883 target=255479 err=596 steer=112 m1=3262/172489 i1=208 t1=29 m2=-3273/-171261 i2=-223 t2=28 steerMode=614/107 iSteer=-7879 driveMode=171875/171633 iDrive=215383 scale=0 wheel=500000
run=1 step=0 angle=255059 target=255479 err=420 steer=87 m1=3266/172351 i1=191 t1=29 m2=-3267/-171399 i2=-239 t2=28 steerMode=476/283 iSteer=-24057 driveMode=171875/171834 iDrive=214610 scale=0 wheel=500000
run=1 step=0 angle=255059 target=255479 err=420 steer=0 m1=3251/171875 i1=163 t1=29 m2=-3208/-171875 i2=-272 t2=28 steerMode=0/414 iSteer=-54208 driveMode=171875/171266 iDrive=217331 scale=0 wheel=500000
run=1 step=0 angle=255146 target=255479 err=332 steer=0 m1=3247/171875 i1=208 t1=29 m2=-3284/-171875 i2=-230 t2=28 steerMode=0/-452 iSteer=-11271 driveMode=171875/171345 iDrive=218793 scale=0 wheel=500000
run=1 step=0 angle=255059 target=255479 err=420 steer=0 m1=3285/171875 i1=160 t1=29 m2=-3255/-171875 i2=-269 t2=28 steerMode=0/430 iSteer=-54775 driveMode=171875/172162 iDrive=214383 scale=0 wheel=500000
run=1 step=0 angle=255234 target=255479 err=244 steer=0 m1=3272/171875 i1=183 t1=29 m2=-3271/-171875 i2=-244 t2=28 steerMode=0/-55 iSteer=-30815 driveMode=171875/172203 iDrive=213570 scale=0 wheel=500000
run=1 step=0 angle=255146 target=255479 err=332 steer=0 m1=3254/171875 i1=183 t1=29 m2=-3238/-171875 i2=-254 t2=28 steerMode=0/45 iSteer=-35718 driveMode=171875/171278 iDrive=218375 scale=0 wheel=500000
run=1 step=0 angle=255059 target=255479 err=420 steer=44 m1=3277/172118 i1=184 t1=29 m2=-3257/-171632 i2=-249 t2=28 steerMode=243/254 iSteer=-32855 driveMode=171875/171761 iDrive=216420 scale=0 wheel=500000
run=1 step=0 angle=255146 target=255479 err=332 steer=0 m1=3277/171875 i1=178 t1=29 m2=-3246/-171875 i2=-252 t2=28 steerMode=0/77 iSteer=-36901 driveMode=171875/172135 iDrive=214693 scale=0 wheel=500000
run=1 step=0 angle=255059 target=255479 err=420 steer=0 m1=3277/171875 i1=158 t1=29 m2=-3238/-171875 i2=-275 t2=28 steerMode=0/516 iSteer=-58570 driveMode=171875/171644 iDrive=216423 scale=0 wheel=500000
run=1 step=0 angle=255234 target=255479 err=244 steer=0 m1=3258/171875 i1=207 t1=29 m2=-3284/-171875 i2=-229 t2=28 steerMode=0/-459 iSteer=-10576 driveMode=171875/171551 iDrive=217970 scale=0 wheel=500000
run=1 step=0 angle=255059 target=255479 err=420 steer=27 m1=3291/172021 i1=162 t1=29 m2=-3269/-171729 i2=-268 t2=28 steerMode=146/554 iSteer=-52791 driveMode=171875/172118 iDrive=214791 scale=0 wheel=500000
run=1 step=0 angle=255234 target=255479 err=244 steer=0 m1=3270/171875 i1=180 t1=29 m2=-3280/-171875 i2=-246 t2=28 steerMode=0/-3 iSteer=-32978 driveMode=171875/172341 iDrive=212953 scale=0 wheel=500000
STEP_OK: step=0 target=500 cmd=500000 measured=497969 angleErr=244
STEP_START: step=1 target=500 steerTarget=235479
run=1 step=1 angle=255234 target=235479 err=244 steer=0 m1=3237/171875 i1=184 t1=29 m2=-3252/-171875 i2=-254 t2=28 steerMode=0/26 iSteer=-34895 driveMode=171875/171177 iDrive=219240 scale=0 wheel=500000
run=1 step=1 angle=254883 target=235479 err=-19404 steer=-415 m1=3258/169593 i1=122 t1=29 m2=-3305/-174158 i2=-306 t2=28 steerMode=-2282/-1143 iSteer=-91888 driveMode=171875/172297 iDrive=213673 scale=0 wheel=500000
run=1 step=1 angle=254443 target=235479 err=-18965 steer=-875 m1=3220/167063 i1=103 t1=29 m2=-3353/-176688 i2=-319 t2=28 steerMode=-4812/-3436 iSteer=-107806 driveMode=171875/172593 iDrive=211191 scale=0 wheel=500000
STEP_FAIL: angle step=1 target=500 measured=500015 angleErr=-16768
STEP_START: step=2 target=500 steerTarget=245479
run=1 step=2 angle=252246 target=245479 err=-16768 steer=-1000 m1=3170/166375 i1=160 t1=29 m2=-3338/-177375 i2=-267 t2=28 steerMode=-5500/-5260 iSteer=-53459 driveMode=171875/171880 iDrive=213829 scale=0 wheel=500000
run=1 step=2 angle=249697 target=245479 err=-4219 steer=-856 m1=3145/167165 i1=208 t1=29 m2=-3368/-176585 i2=-225 t2=28 steerMode=-4710/-5368 iSteer=-8701 driveMode=171875/171495 iDrive=216363 scale=0 wheel=500000
run=1 step=2 angle=248027 target=245479 err=-2549 steer=-510 m1=3216/169071 i1=182 t1=29 m2=-3326/-174679 i2=-241 t2=28 steerMode=-2804/-2990 iSteer=-29599 driveMode=171875/172406 iDrive=211271 scale=0 wheel=500000
run=1 step=2 angle=246885 target=245479 err=-1406 steer=-281 m1=3245/170328 i1=172 t1=29 m2=-3294/-173422 i2=-245 t2=28 steerMode=-1547/-1600 iSteer=-36492 driveMode=171875/172657 iDrive=208848 scale=0 wheel=500000
run=1 step=2 angle=246445 target=245479 err=-967 steer=-193 m1=3237/170812 i1=201 t1=29 m2=-3286/-172938 i2=-224 t2=28 steerMode=-1063/-1610 iSteer=-11667 driveMode=171875/171927 iDrive=212252 scale=0 wheel=500000
run=1 step=2 angle=245742 target=245479 err=-264 steer=0 m1=3285/171875 i1=177 t1=29 m2=-3286/-171875 i2=-242 t2=28 steerMode=0/-86 iSteer=-32518 driveMode=171875/172325 iDrive=209746 scale=0 wheel=500000
run=1 step=2 angle=246006 target=245479 err=-527 steer=-30 m1=3245/171710 i1=190 t1=29 m2=-3255/-172040 i2=-238 t2=28 steerMode=-165/-421 iSteer=-24308 driveMode=171875/171579 iDrive=214000 scale=0 wheel=500000
run=1 step=2 angle=245830 target=245479 err=-352 steer=0 m1=3266/171875 i1=164 t1=29 m2=-3223/-171875 i2=-270 t2=28 steerMode=0/327 iSteer=-52965 driveMode=171875/171005 iDrive=217174 scale=0 wheel=500000
run=1 step=2 angle=245654 target=245479 err=-176 steer=0 m1=3260/171875 i1=212 t1=29 m2=-3286/-171875 i2=-221 t2=28 steerMode=0/-631 iSteer=-4791 driveMode=171875/171508 iDrive=216323 scale=0 wheel=500000
run=1 step=2 angle=245391 target=245479 err=88 steer=0 m1=3254/171875 i1=179 t1=29 m2=-3294/-171875 i2=-247 t2=28 steerMode=0/-35 iSteer=-34119 driveMode=171875/172181 iDrive=213178 scale=0 wheel=500000
run=1 step=2 angle=245303 target=245479 err=176 steer=0 m1=3268/171875 i1=168 t1=29 m2=-3257/-171875 i2=-253 t2=28 steerMode=0/131 iSteer=-42220 driveMode=171875/172487 iDrive=210698 scale=0 wheel=500000
run=1 step=2 angle=245566 target=245479 err=-88 steer=0 m1=3237/171875 i1=200 t1=29 m2=-3275/-171875 i2=-234 t2=28 steerMode=0/-394 iSteer=-16554 driveMode=171875/171377 iDrive=217027 scale=0 wheel=500000
run=1 step=2 angle=245391 target=245479 err=88 steer=0 m1=3281/171875 i1=180 t1=29 m2=-3259/-171875 i2=-245 t2=28 steerMode=0/-55 iSteer=-32450 driveMode=171875/172288 iDrive=212211 scale=0 wheel=500000
run=1 step=2 angle=245303 target=245479 err=176 steer=0 m1=3262/171875 i1=175 t1=29 m2=-3271/-171875 i2=-250 t2=28 steerMode=0/30 iSteer=-37505 driveMode=171875/172147 iDrive=212426 scale=0 wheel=500000
run=1 step=2 angle=245303 target=245479 err=176 steer=0 m1=3247/171875 i1=172 t1=29 m2=-3236/-171875 i2=-255 t2=28 steerMode=0/114 iSteer=-41605 driveMode=171875/171760 iDrive=213873 scale=0 wheel=500000
run=1 step=2 angle=245127 target=245479 err=352 steer=0 m1=3272/171875 i1=185 t1=29 m2=-3273/-171875 i2=-241 t2=28 steerMode=0/-149 iSteer=-28057 driveMode=171875/171977 iDrive=213231 scale=0 wheel=500000
run=1 step=2 angle=245215 target=245479 err=264 steer=0 m1=3266/171875 i1=165 t1=29 m2=-3240/-171875 i2=-259 t2=28 steerMode=0/228 iSteer=-47136 driveMode=171875/172169 iDrive=211868 scale=0 wheel=500000
run=1 step=2 angle=245215 target=245479 err=264 steer=0 m1=3274/171875 i1=169 t1=29 m2=-3286/-171875 i2=-247 t2=28 steerMode=0/64 iSteer=-39096 driveMode=171875/172712 iDrive=208093 scale=0 wheel=500000
run=1 step=2 angle=245391 target=245479 err=88 steer=0 m1=3243/171875 i1=195 t1=29 m2=-3269/-171875 i2=-235 t2=28 steerMode=0/-346 iSteer=-19879 driveMode=171875/171330 iDrive=215265 scale=0 wheel=500000
run=1 step=2 angle=245127 target=245479 err=352 steer=0 m1=3283/171875 i1=166 t1=29 m2=-3282/-171875 i2=-256 t2=28 steerMode=0/180 iSteer=-45127 driveMode=171875/172087 iDrive=211371 scale=0 wheel=500000
run=1 step=2 angle=245303 target=245479 err=176 steer=0 m1=3251/171875 i1=175 t1=29 m2=-3257/-171875 i2=-253 t2=28 steerMode=0/45 iSteer=-39285 driveMode=171875/171611 iDrive=213854 scale=0 wheel=500000
run=1 step=2 angle=245303 target=245479 err=176 steer=0 m1=3258/171875 i1=153 t1=29 m2=-3246/-171875 i2=-282 t2=28 steerMode=0/541 iSteer=-64187 driveMode=171875/170997 iDrive=217451 scale=0 wheel=500000
run=1 step=2 angle=245039 target=245479 err=439 steer=0 m1=3258/171875 i1=190 t1=29 m2=-3246/-171875 i2=-242 t2=28 steerMode=0/-214 iSteer=-26126 driveMode=171875/171547 iDrive=216248 scale=0 wheel=500000
run=1 step=2 angle=245039 target=245479 err=439 steer=0 m1=3279/171875 i1=172 t1=29 m2=-3267/-171875 i2=-256 t2=28 steerMode=0/96 iSteer=-41821 driveMode=171875/172083 iDrive=213688 scale=0 wheel=500000
run=1 step=2 angle=245127 target=245479 err=352 steer=0 m1=3274/171875 i1=168 t1=29 m2=-3236/-171875 i2=-253 t2=28 steerMode=0/125 iSteer=-42667 driveMode=171875/172480 iDrive=210585 scale=0 wheel=500000
run=1 step=2 angle=245303 target=245479 err=176 steer=0 m1=3258/171875 i1=180 t1=29 m2=-3250/-171875 i2=-255 t2=28 steerMode=0/-1 iSteer=-37775 driveMode=171875/171160 iDrive=217641 scale=0 wheel=500000
run=1 step=2 angle=244951 target=245479 err=527 steer=105 m1=3274/172455 i1=197 t1=29 m2=-3263/-171295 i2=-227 t2=28 steerMode=580/155 iSteer=-14969 driveMode=171875/172226 iDrive=212162 scale=0 wheel=500000
run=1 step=2 angle=245039 target=245479 err=439 steer=0 m1=3283/171875 i1=162 t1=29 m2=-3263/-171875 i2=-261 t2=28 steerMode=0/239 iSteer=-49496 driveMode=171875/172280 iDrive=211309 scale=0 wheel=500000
run=1 step=2 angle=245127 target=245479 err=352 steer=0 m1=3260/171875 i1=166 t1=29 m2=-3269/-171875 i2=-259 t2=28 steerMode=0/185 iSteer=-46616 driveMode=171875/171897 iDrive=212229 scale=0 wheel=500000
run=1 step=2 angle=245039 target=245479 err=439 steer=0 m1=3289/171875 i1=185 t1=29 m2=-3303/-171875 i2=-233 t2=28 steerMode=0/-255 iSteer=-23968 driveMode=171875/172510 iDrive=208598 scale=0 wheel=500000
run=1 step=2 angle=245215 target=245479 err=264 steer=0 m1=3260/171875 i1=160 t1=29 m2=-3267/-171875 i2=-263 t2=28 steerMode=0/291 iSteer=-51684 driveMode=171875/171859 iDrive=211292 scale=0 wheel=500000
run=1 step=2 angle=245127 target=245479 err=352 steer=0 m1=3262/171875 i1=166 t1=29 m2=-3263/-171875 i2=-249 t2=28 steerMode=0/98 iSteer=-41407 driveMode=171875/172406 iDrive=207439 scale=0 wheel=500000
run=1 step=2 angle=245303 target=245479 err=176 steer=0 m1=3233/171875 i1=182 t1=29 m2=-3255/-171875 i2=-249 t2=28 steerMode=0/-89 iSteer=-33236 driveMode=171875/171015 iDrive=215357 scale=0 wheel=500000
run=1 step=2 angle=244951 target=245479 err=527 steer=110 m1=3293/172483 i1=198 t1=29 m2=-3284/-171267 i2=-222 t2=28 steerMode=608/136 iSteer=-12319 driveMode=171875/172192 iDrive=209964 scale=0 wheel=500000
run=1 step=2 angle=245127 target=245479 err=352 steer=0 m1=3272/171875 i1=160 t1=29 m2=-3259/-171875 i2=-260 t2=28 steerMode=0/261 iSteer=-49789 driveMode=171875/172175 iDrive=209713 scale=0 wheel=500000
run=1 step=2 angle=245479 target=245479 err=0 steer=0 m1=3260/171875 i1=161 t1=29 m2=-3248/-171875 i2=-267 t2=28 steerMode=0/316 iSteer=-53107 driveMode=171875/171284 iDrive=214172 scale=0 wheel=500000
run=1 step=2 angle=245303 target=245479 err=176 steer=0 m1=3256/171875 i1=196 t1=29 m2=-3252/-171875 i2=-230 t2=28 steerMode=0/-383 iSteer=-17312 driveMode=171875/171648 iDrive=213081 scale=0 wheel=500000
run=1 step=2 angle=245127 target=245479 err=352 steer=10 m1=3277/171933 i1=147 t1=29 m2=-3252/-171817 i2=-279 t2=28 steerMode=58/650 iSteer=-66200 driveMode=171875/171668 iDrive=213215 scale=0 wheel=500000
run=1 step=2 angle=245215 target=245479 err=264 steer=0 m1=3274/171875 i1=172 t1=29 m2=-3246/-171875 i2=-247 t2=28 steerMode=0/15 iSteer=-37540 driveMode=171875/172239 iDrive=209853 scale=0 wheel=500000
run=1 step=2 angle=245215 target=245479 err=264 steer=0 m1=3245/171875 i1=182 t1=29 m2=-3280/-171875 i2=-248 t2=28 steerMode=0/-99 iSteer=-32662 driveMode=171875/171329 iDrive=215018 scale=0 wheel=500000
run=1 step=2 angle=245039 target=245479 err=439 steer=0 m1=3270/171875 i1=190 t1=29 m2=-3296/-171875 i2=-230 t2=28 steerMode=0/-336 iSteer=-19980 driveMode=171875/172384 iDrive=209900 scale=0 wheel=500000
run=1 step=2 angle=245039 target=245479 err=439 steer=0 m1=3295/171875 i1=171 t1=29 m2=-3284/-171875 i2=-243 t2=28 steerMode=0/-12 iSteer=-35960 driveMode=171875/172797 iDrive=206879 scale=0 wheel=500000
run=1 step=2 angle=245303 target=245479 err=176 steer=0 m1=3251/171875 i1=170 t1=29 m2=-3284/-171875 i2=-250 t2=28 steerMode=0/59 iSteer=-39769 driveMode=171875/171932 iDrive=210121 scale=0 wheel=500000
run=1 step=2 angle=244863 target=245479 err=615 steer=90 m1=3293/172370 i1=212 t1=29 m2=-3282/-171380 i2=-199 t2=28 steerMode=495/-345 iSteer=6131 driveMode=171875/172711 iDrive=205597 scale=0 wheel=500000
run=1 step=2 angle=245127 target=245479 err=352 steer=0 m1=3260/171875 i1=137 t1=29 m2=-3261/-171875 i2=-281 t2=28 steerMode=0/708 iSteer=-71552 driveMode=171875/171865 iDrive=208976 scale=0 wheel=500000
run=1 step=2 angle=244951 target=245479 err=527 steer=65 m1=3279/172233 i1=195 t1=29 m2=-3252/-171518 i2=-218 t2=28 steerMode=358/-128 iSteer=-11535 driveMode=171875/172258 iDrive=206668 scale=0 wheel=500000
run=1 step=2 angle=245215 target=245479 err=264 steer=0 m1=3233/171875 i1=189 t1=29 m2=-3263/-171875 i2=-240 t2=28 steerMode=0/-226 iSteer=-25551 driveMode=171875/170913 iDrive=214770 scale=0 wheel=500000
run=1 step=2 angle=244775 target=245479 err=703 steer=65 m1=3281/172233 i1=195 t1=29 m2=-3252/-171518 i2=-229 t2=28 steerMode=358/-18 iSteer=-17186 driveMode=171875/171684 iDrive=212026 scale=0 wheel=500000
run=1 step=2 angle=245127 target=245479 err=352 steer=0 m1=3272/171875 i1=162 t1=29 m2=-3257/-171875 i2=-262 t2=28 steerMode=0/289 iSteer=-50174 driveMode=171875/171796 iDrive=211694 scale=0 wheel=500000
run=1 step=2 angle=245215 target=245479 err=264 steer=0 m1=3237/171875 i1=159 t1=29 m2=-3261/-171875 i2=-277 t2=28 steerMode=0/449 iSteer=-58867 driveMode=171875/170747 iDrive=217821 scale=0 wheel=500000
run=1 step=2 angle=244863 target=245479 err=615 steer=80 m1=3258/172315 i1=224 t1=29 m2=-3257/-171435 i2=-202 t2=28 steerMode=440/-484 iSteer=10799 driveMode=171875/171944 iDrive=213077 scale=0 wheel=500000
run=1 step=2 angle=245039 target=245479 err=439 steer=0 m1=3266/171875 i1=148 t1=29 m2=-3271/-171875 i2=-275 t2=28 steerMode=0/550 iSteer=-63502 driveMode=171875/172074 iDrive=211907 scale=0 wheel=500000
run=1 step=2 angle=244863 target=245479 err=615 steer=115 m1=3277/172508 i1=203 t1=29 m2=-3244/-171243 i2=-214 t2=28 steerMode=633/36 iSteer=-5742 driveMode=171875/172490 iDrive=208742 scale=0 wheel=500000
run=1 step=2 angle=245215 target=245479 err=264 steer=0 m1=3249/171875 i1=182 t1=29 m2=-3284/-171875 i2=-243 t2=28 steerMode=0/-112 iSteer=-30663 driveMode=171875/171735 iDrive=212417 scale=0 wheel=500000
run=1 step=2 angle=245127 target=245479 err=352 steer=0 m1=3279/171875 i1=175 t1=29 m2=-3259/-171875 i2=-247 t2=28 steerMode=0/3 iSteer=-36088 driveMode=171875/172059 iDrive=210661 scale=0 wheel=500000
run=1 step=2 angle=245039 target=245479 err=439 steer=0 m1=3291/171875 i1=172 t1=29 m2=-3288/-171875 i2=-240 t2=28 steerMode=0/-30 iSteer=-34435 driveMode=171875/172797 iDrive=206010 scale=0 wheel=500000
run=1 step=2 angle=245127 target=245479 err=352 steer=0 m1=3251/171875 i1=145 t1=29 m2=-3227/-171875 i2=-279 t2=28 steerMode=0/606 iSteer=-66920 driveMode=171875/171408 iDrive=211804 scale=0 wheel=500000
run=1 step=2 angle=244863 target=245479 err=615 steer=123 m1=3279/172552 i1=220 t1=29 m2=-3278/-171198 i2=-199 t2=28 steerMode=677/-247 iSteer=10908 driveMode=171875/172004 iDrive=209418 scale=0 wheel=500000
run=1 step=2 angle=245127 target=245479 err=352 steer=30 m1=3264/172043 i1=145 t1=29 m2=-3240/-171707 i2=-277 t2=28 steerMode=168/771 iSteer=-65941 driveMode=171875/171661 iDrive=210797 scale=0 wheel=500000
run=1 step=2 angle=245303 target=245479 err=176 steer=0 m1=3245/171875 i1=183 t1=29 m2=-3280/-171875 i2=-241 t2=28 steerMode=0/-148 iSteer=-28875 driveMode=171875/171532 iDrive=212201 scale=0 wheel=500000
run=1 step=2 angle=245479 target=245479 err=0 steer=0 m1=3218/171875 i1=201 t1=29 m2=-3252/-171875 i2=-235 t2=28 steerMode=0/-399 iSteer=-16662 driveMode=171875/170686 iDrive=218095 scale=0 wheel=500000
run=1 step=2 angle=244951 target=245479 err=527 steer=5 m1=3251/171903 i1=175 t1=29 m2=-3257/-171848 i2=-255 t2=28 steerMode=28/111 iSteer=-40289 driveMode=171875/171510 iDrive=215170 scale=0 wheel=500000
run=1 step=2 angle=245039 target=245479 err=439 steer=95 m1=3285/172400 i1=190 t1=29 m2=-3244/-171350 i2=-234 t2=28 steerMode=525/254 iSteer=-22086 driveMode=171875/172127 iDrive=212040 scale=0 wheel=500000
run=1 step=2 angle=245127 target=245479 err=352 steer=0 m1=3245/171875 i1=154 t1=29 m2=-3259/-171875 i2=-280 t2=28 steerMode=0/511 iSteer=-62521 driveMode=171875/171130 iDrive=216996 scale=0 wheel=500000
run=1 step=2 angle=245039 target=245479 err=439 steer=0 m1=3264/171875 i1=207 t1=29 m2=-3271/-171875 i2=-219 t2=28 steerMode=0/-593 iSteer=-6146 driveMode=171875/172123 iDrive=212932 scale=0 wheel=500000
run=1 step=2 angle=245127 target=245479 err=352 steer=0 m1=3295/171875 i1=140 t1=29 m2=-3269/-171875 i2=-282 t2=28 steerMode=0/719 iSteer=-71321 driveMode=171875/172279 iDrive=211178 scale=0 wheel=500000
run=1 step=2 angle=245215 target=245479 err=264 steer=0 m1=3270/171875 i1=177 t1=29 m2=-3259/-171875 i2=-241 t2=28 steerMode=0/-74 iSteer=-32174 driveMode=171875/172410 iDrive=209240 scale=0 wheel=500000
run=1 step=2 angle=245127 target=245479 err=352 steer=0 m1=3256/171875 i1=185 t1=29 m2=-3296/-171875 i2=-237 t2=28 steerMode=0/-193 iSteer=-26353 driveMode=171875/172019 iDrive=210875 scale=0 wheel=500000
run=1 step=2 angle=245039 target=245479 err=439 steer=55 m1=3285/172180 i1=158 t1=29 m2=-3227/-171570 i2=-264 t2=28 steerMode=305/666 iSteer=-52967 driveMode=171875/171887 iDrive=210985 scale=0 wheel=500000
run=1 step=2 angle=245127 target=245479 err=352 steer=0 m1=3283/171875 i1=182 t1=29 m2=-3294/-171875 i2=-236 t2=28 steerMode=0/-170 iSteer=-26896 driveMode=171875/172327 iDrive=208696 scale=0 wheel=500000
run=1 step=2 angle=245127 target=245479 err=352 steer=0 m1=3247/171875 i1=152 t1=29 m2=-3259/-171875 i2=-275 t2=28 steerMode=0/515 iSteer=-61539 driveMode=171875/171224 iDrive=213898 scale=0 wheel=500000
run=1 step=2 angle=245127 target=245479 err=352 steer=0 m1=3283/171875 i1=197 t1=29 m2=-3284/-171875 i2=-223 t2=28 steerMode=0/-445 iSteer=-13414 driveMode=171875/172182 iDrive=209972 scale=0 wheel=500000
run=1 step=2 angle=245215 target=245479 err=264 steer=0 m1=3283/171875 i1=155 t1=29 m2=-3263/-171875 i2=-265 t2=28 steerMode=0/390 iSteer=-54576 driveMode=171875/172081 iDrive=209925 scale=0 wheel=500000
run=1 step=2 angle=245303 target=245479 err=176 steer=0 m1=3266/171875 i1=164 t1=29 m2=-3257/-171875 i2=-260 t2=28 steerMode=0/250 iSteer=-48073 driveMode=171875/171602 iDrive=212276 scale=0 wheel=500000
run=1 step=2 angle=245391 target=245479 err=88 steer=0 m1=3258/171875 i1=201 t1=29 m2=-3267/-171875 i2=-227 t2=28 steerMode=0/-445 iSteer=-13323 driveMode=171875/171498 iDrive=214006 scale=0 wheel=500000
run=1 step=2 angle=244951 target=245479 err=527 steer=75 m1=3270/172288 i1=181 t1=29 m2=-3263/-171463 i2=-242 t2=28 steerMode=413/322 iSteer=-30402 driveMode=171875/172017 iDrive=211548 scale=0 wheel=500000
run=1 step=2 angle=245039 target=245479 err=439 steer=0 m1=3264/171875 i1=174 t1=29 m2=-3275/-171875 i2=-247 t2=28 steerMode=0/20 iSteer=-36427 driveMode=171875/172237 iDrive=210332 scale=0 wheel=500000
run=1 step=2 angle=245215 target=245479 err=264 steer=0 m1=3262/171875 i1=162 t1=29 m2=-3267/-171875 i2=-270 t2=28 steerMode=0/354 iSteer=-53718 driveMode=171875/171142 iDrive=216075 scale=0 wheel=500000
run=1 step=2 angle=245303 target=245479 err=176 steer=0 m1=3256/171875 i1=203 t1=29 m2=-3273/-171875 i2=-226 t2=28 steerMode=0/-474 iSteer=-11839 driveMode=171875/171703 iDrive=214434 scale=0 wheel=500000
run=1 step=2 angle=245039 target=245479 err=439 steer=0 m1=3287/171875 i1=166 t1=29 m2=-3286/-171875 i2=-256 t2=28 steerMode=0/202 iSteer=-44981 driveMode=171875/172385 iDrive=210544 scale=0 wheel=500000
run=1 step=2 angle=245039 target=245479 err=439 steer=0 m1=3274/171875 i1=158 t1=29 m2=-3244/-171875 i2=-260 t2=28 steerMode=0/322 iSteer=-51187 driveMode=171875/172417 iDrive=209002 scale=0 wheel=500000
run=1 step=2 angle=244951 target=245479 err=527 steer=15 m1=3274/171958 i1=198 t1=29 m2=-3296/-171793 i2=-224 t2=28 steerMode=83/-365 iSteer=-13037 driveMode=171875/172038 iDrive=210956 scale=0 wheel=500000
run=1 step=2 angle=244775 target=245479 err=703 steer=125 m1=3279/172563 i1=179 t1=29 m2=-3227/-171188 i2=-241 t2=28 steerMode=688/605 iSteer=-30762 driveMode=171875/172070 iDrive=210123 scale=0 wheel=500000
run=1 step=2 angle=245215 target=245479 err=264 steer=0 m1=3264/171875 i1=190 t1=29 m2=-3292/-171875 i2=-235 t2=28 steerMode=0/-262 iSteer=-22493 driveMode=171875/171791 iDrive=212107 scale=0 wheel=500000
run=1 step=2 angle=245479 target=245479 err=0 steer=0 m1=3233/171875 i1=163 t1=29 m2=-3225/-171875 i2=-273 t2=28 steerMode=0/379 iSteer=-54941 driveMode=171875/170695 iDrive=218251 scale=0 wheel=500000
run=1 step=2 angle=245127 target=245479 err=352 steer=0 m1=3272/171875 i1=186 t1=29 m2=-3236/-171875 i2=-247 t2=28 steerMode=0/-110 iSteer=-30455 driveMode=171875/171417 iDrive=216465 scale=0 wheel=500000
run=1 step=2 angle=245039 target=245479 err=439 steer=100 m1=3266/172428 i1=192 t1=29 m2=-3265/-171322 i2=-236 t2=28 steerMode=553/278 iSteer=-22032 driveMode=171875/171971 iDrive=213901 scale=0 wheel=500000
run=1 step=2 angle=245215 target=245479 err=264 steer=0 m1=3277/171875 i1=154 t1=29 m2=-3217/-171875 i2=-273 t2=28 steerMode=0/464 iSteer=-59587 driveMode=171875/171921 iDrive=213701 scale=0 wheel=500000
run=1 step=2 angle=245479 target=245479 err=0 steer=0 m1=3249/171875 i1=209 t1=29 m2=-3284/-171875 i2=-224 t2=28 steerMode=0/-581 iSteer=-7588 driveMode=171875/171623 iDrive=216164 scale=0 wheel=500000
run=1 step=2 angle=245039 target=245479 err=439 steer=0 m1=3283/171875 i1=163 t1=29 m2=-3252/-171875 i2=-261 t2=28 steerMode=0/266 iSteer=-49318 driveMode=171875/172338 iDrive=212043 scale=0 wheel=500000
run=1 step=2 angle=245215 target=245479 err=264 steer=0 m1=3268/171875 i1=179 t1=29 m2=-3275/-171875 i2=-245 t2=28 steerMode=0/-72 iSteer=-33131 driveMode=171875/172243 iDrive=211887 scale=0 wheel=500000
run=1 step=2 angle=245215 target=245479 err=264 steer=0 m1=3270/171875 i1=162 t1=29 m2=-3263/-171875 i2=-266 t2=28 steerMode=0/303 iSteer=-51987 driveMode=171875/171654 iDrive=214213 scale=0 wheel=500000
run=1 step=2 angle=245039 target=245479 err=439 steer=0 m1=3260/171875 i1=186 t1=29 m2=-3259/-171875 i2=-238 t2=28 steerMode=0/-199 iSteer=-26099 driveMode=171875/172070 iDrive=212136 scale=0 wheel=500000
run=1 step=2 angle=245039 target=245479 err=439 steer=0 m1=3287/171875 i1=165 t1=29 m2=-3288/-171875 i2=-255 t2=28 steerMode=0/181 iSteer=-45234 driveMode=171875/172365 iDrive=209988 scale=0 wheel=500000
run=1 step=2 angle=245039 target=245479 err=439 steer=0 m1=3262/171875 i1=162 t1=29 m2=-3250/-171875 i2=-256 t2=28 steerMode=0/230 iSteer=-47433 driveMode=171875/172256 iDrive=209030 scale=0 wheel=500000
run=1 step=2 angle=245127 target=245479 err=352 steer=0 m1=3256/171875 i1=197 t1=29 m2=-3234/-171875 i2=-237 t2=28 steerMode=0/-336 iSteer=-19832 driveMode=171875/170930 iDrive=217082 scale=0 wheel=500000
run=1 step=2 angle=245039 target=245479 err=439 steer=65 m1=3268/172235 i1=169 t1=29 m2=-3250/-171515 i2=-262 t2=28 steerMode=360/583 iSteer=-46635 driveMode=171875/171409 iDrive=215480 scale=0 wheel=500000
run=1 step=2 angle=245215 target=245479 err=264 steer=0 m1=3262/171875 i1=189 t1=29 m2=-3292/-171875 i2=-244 t2=28 steerMode=0/-181 iSteer=-27799 driveMode=171875/171453 iDrive=216327 scale=0 wheel=500000
run=1 step=2 angle=245303 target=245479 err=176 steer=0 m1=3256/171875 i1=164 t1=29 m2=-3227/-171875 i2=-272 t2=28 steerMode=0/338 iSteer=-53890 driveMode=171875/171201 iDrive=218107 scale=0 wheel=500000
run=1 step=2 angle=244951 target=245479 err=527 steer=105 m1=3260/172455 i1=215 t1=29 m2=-3259/-171295 i2=-217 t2=28 steerMode=580/-114 iSteer=-1162 driveMode=171875/171762 iDrive=216287 scale=0 wheel=500000
run=1 step=2 angle=245039 target=245479 err=439 steer=0 m1=3281/171875 i1=172 t1=29 m2=-3286/-171875 i2=-255 t2=28 steerMode=0/94 iSteer=-41318 driveMode=171875/172218 iDrive=213686 scale=0 wheel=500000
run=1 step=2 angle=245127 target=245479 err=352 steer=0 m1=3264/171875 i1=163 t1=29 m2=-3227/-171875 i2=-261 t2=28 steerMode=0/252 iSteer=-48967 driveMode=171875/172320 iDrive=211832 scale=0 wheel=500000
run=1 step=2 angle=245303 target=245479 err=176 steer=0 m1=3249/171875 i1=201 t1=29 m2=-3284/-171875 i2=-232 t2=28 steerMode=0/-435 iSteer=-15405 driveMode=171875/171513 iDrive=216274 scale=0 wheel=500000
run=1 step=2 angle=244951 target=245479 err=527 steer=105 m1=3304/172455 i1=176 t1=29 m2=-3238/-171295 i2=-244 t2=28 steerMode=580/552 iSteer=-33991 driveMode=171875/172572 iDrive=210234 scale=0 wheel=500000
run=1 step=2 angle=245127 target=245479 err=352 steer=0 m1=3279/171875 i1=162 t1=29 m2=-3280/-171875 i2=-254 t2=28 steerMode=0/180 iSteer=-45731 driveMode=171875/172727 iDrive=208105 scale=0 wheel=500000
run=1 step=2 angle=245215 target=245479 err=264 steer=0 m1=3279/171875 i1=167 t1=29 m2=-3294/-171875 i2=-255 t2=28 steerMode=0/142 iSteer=-44086 driveMode=171875/171987 iDrive=210934 scale=0 wheel=500000
run=1 step=2 angle=245039 target=245479 err=439 steer=0 m1=3279/171875 i1=182 t1=29 m2=-3269/-171875 i2=-231 t2=28 steerMode=0/-234 iSteer=-24593 driveMode=171875/172690 iDrive=206502 scale=0 wheel=500000
run=1 step=2 angle=245127 target=245479 err=352 steer=0 m1=3277/171875 i1=172 t1=29 m2=-3294/-171875 i2=-246 t2=28 steerMode=0/16 iSteer=-37237 driveMode=171875/172099 iDrive=208781 scale=0 wheel=500000
run=1 step=2 angle=245127 target=245479 err=352 steer=0 m1=3268/171875 i1=162 t1=29 m2=-3242/-171875 i2=-253 t2=28 steerMode=0/192 iSteer=-45605 driveMode=171875/172165 iDrive=207267 scale=0 wheel=500000
run=1 step=2 angle=245215 target=245479 err=264 steer=0 m1=3268/171875 i1=181 t1=29 m2=-3298/-171875 i2=-241 t2=28 steerMode=0/-138 iSteer=-29898 driveMode=171875/171529 iDrive=211002 scale=0 wheel=500000
run=1 step=2 angle=244951 target=245479 err=527 steer=105 m1=3281/172455 i1=177 t1=29 m2=-3248/-171295 i2=-238 t2=28 steerMode=580/483 iSteer=-30567 driveMode=171875/172169 iDrive=207600 scale=0 wheel=500000
run=1 step=2 angle=245127 target=245479 err=352 steer=0 m1=3281/171875 i1=171 t1=29 m2=-3284/-171875 i2=-243 t2=28 steerMode=0/-4 iSteer=-36083 driveMode=171875/172273 iDrive=206867 scale=0 wheel=500000
run=1 step=2 angle=245479 target=245479 err=0 steer=0 m1=3239/171875 i1=177 t1=29 m2=-3255/-171875 i2=-250 t2=28 steerMode=0/-13 iSteer=-36388 driveMode=171875/171092 iDrive=213260 scale=0 wheel=500000
run=1 step=2 angle=245127 target=245479 err=352 steer=0 m1=3281/171875 i1=181 t1=29 m2=-3271/-171875 i2=-240 t2=28 steerMode=0/-131 iSteer=-29401 driveMode=171875/171828 iDrive=210470 scale=0 wheel=500000
run=1 step=2 angle=245215 target=245479 err=264 steer=0 m1=3249/171875 i1=167 t1=29 m2=-3252/-171875 i2=-256 t2=28 steerMode=0/159 iSteer=-44575 driveMode=171875/171652 iDrive=211682 scale=0 wheel=500000
run=1 step=2 angle=245215 target=245479 err=264 steer=0 m1=3283/171875 i1=159 t1=29 m2=-3267/-171875 i2=-261 t2=28 steerMode=0/282 iSteer=-50718 driveMode=171875/171930 iDrive=210140 scale=0 wheel=500000
run=1 step=2 angle=245303 target=245479 err=176 steer=0 m1=3235/171875 i1=192 t1=29 m2=-3271/-171875 i2=-237 t2=28 steerMode=0/-299 iSteer=-22514 driveMode=171875/171246 iDrive=214585 scale=0 wheel=500000
run=1 step=2 angle=245039 target=245479 err=439 steer=0 m1=3272/171875 i1=172 t1=29 m2=-3229/-171875 i2=-249 t2=28 steerMode=0/32 iSteer=-38053 driveMode=171875/172122 iDrive=210502 scale=0 wheel=500000
run=1 step=2 angle=244951 target=245479 err=527 steer=5 m1=3285/171903 i1=174 t1=29 m2=-3290/-171848 i2=-241 t2=28 steerMode=28/-35 iSteer=-33545 driveMode=171875/172651 iDrive=207122 scale=0 wheel=500000
run=1 step=2 angle=245215 target=245479 err=264 steer=0 m1=3270/171875 i1=173 t1=30 m2=-3234/-171875 i2=-250 t2=28 steerMode=0/31 iSteer=-38803 driveMode=171875/171702 iDrive=211311 scale=0 wheel=500000
run=1 step=2 angle=245039 target=245479 err=439 steer=40 m1=3272/172095 i1=188 t1=30 m2=-3265/-171655 i2=-227 t2=28 steerMode=220/-111 iSteer=-19689 driveMode=171875/172401 iDrive=207270 scale=0 wheel=500000
run=1 step=2 angle=245215 target=245479 err=264 steer=0 m1=3264/171875 i1=162 t1=30 m2=-3288/-171875 i2=-260 t2=28 steerMode=0/250 iSteer=-49285 driveMode=171875/171559 iDrive=211188 scale=0 wheel=500000
run=1 step=2 angle=245039 target=245479 err=439 steer=0 m1=3264/171875 i1=164 t1=30 m2=-3242/-171875 i2=-256 t2=28 steerMode=0/203 iSteer=-46139 driveMode=171875/171777 iDrive=210105 scale=0 wheel=500000
run=1 step=2 angle=245127 target=245479 err=352 steer=0 m1=3251/171875 i1=194 t1=30 m2=-3246/-171875 i2=-236 t2=28 steerMode=0/-309 iSteer=-20891 driveMode=171875/171035 iDrive=215372 scale=0 wheel=500000
run=1 step=2 angle=244863 target=245479 err=615 steer=123 m1=3272/172552 i1=192 t1=30 m2=-3255/-171198 i2=-233 t2=28 steerMode=677/374 iSteer=-20344 driveMode=171875/171725 iDrive=212598 scale=0 wheel=500000
run=1 step=2 angle=245039 target=245479 err=439 steer=0 m1=3281/171875 i1=175 t1=30 m2=-3244/-171875 i2=-244 t2=28 steerMode=0/-18 iSteer=-34682 driveMode=171875/172249 iDrive=209688 scale=0 wheel=500000
run=1 step=2 angle=245391 target=245479 err=88 steer=0 m1=3241/171875 i1=164 t1=30 m2=-3248/-171875 i2=-271 t2=28 steerMode=0/346 iSteer=-53703 driveMode=171875/170750 iDrive=217623 scale=0 wheel=500000
run=1 step=2 angle=244951 target=245479 err=527 steer=105 m1=3270/172455 i1=217 t1=30 m2=-3278/-171295 i2=-205 t2=28 steerMode=580/-227 iSteer=5671 driveMode=171875/172202 iDrive=211101 scale=0 wheel=500000
run=1 step=2 angle=245127 target=245479 err=352 steer=0 m1=3274/171875 i1=152 t1=30 m2=-3269/-171875 i2=-270 t2=28 steerMode=0/463 iSteer=-59302 driveMode=171875/172088 iDrive=210853 scale=0 wheel=500000
run=1 step=2 angle=245127 target=245479 err=352 steer=15 m1=3264/171958 i1=168 t1=30 m2=-3259/-171793 i2=-251 t2=28 steerMode=83/198 iSteer=-41226 driveMode=171875/172167 iDrive=209551 scale=0 wheel=500000
STEP_OK: step=2 target=500 cmd=500000 measured=499045 angleErr=264
STOP: staircase complete
