START: angle=268242 target=358242 wheelTarget=500 step=0 count=1
run=1 step=0 angle=269912 target=358242 err=88330 steer=5000 m1=267/34375 i1=943 t1=30 m2=362/20625 i2=832 t2=29 steerMode=27500/10433 iSteer=887522 driveMode=6875/-2478 iDrive=55798 scale=0 wheel=20000
run=1 step=0 angle=281250 target=358242 err=76992 steer=5000 m1=577/40769 i1=176 t1=30 m2=441/14231 i2=27 t2=29 steerMode=27500/26424 iSteer=101199 driveMode=13269/3632 iDrive=74581 scale=0 wheel=38600
run=1 step=0 angle=290654 target=358242 err=67588 steer=5000 m1=644/47163 i1=410 t1=30 m2=182/7837 i2=221 t2=29 steerMode=27500/22361 iSteer=315547 driveMode=19663/9802 iDrive=94346 scale=0 wheel=57200
run=1 step=0 angle=301553 target=358242 err=56689 steer=5000 m1=749/53556 i1=315 t1=30 m2=186/1444 i2=77 t2=29 steerMode=27500/24926 iSteer=196167 driveMode=26056/15167 iDrive=119126 scale=0 wheel=75800
run=1 step=0 angle=312539 target=358242 err=45703 steer=5000 m1=904/59950 i1=316 t1=30 m2=25/-4950 i2=33 t2=29 steerMode=27500/25498 iSteer=174626 driveMode=32450/21220 iDrive=141370 scale=0 wheel=94400
run=1 step=0 angle=323438 target=358242 err=34805 steer=5000 m1=1050/66344 i1=277 t1=30 m2=0/-11344 i2=-56 t2=29 steerMode=27500/26875 iSteer=110528 driveMode=38844/26817 iDrive=166132 scale=0 wheel=112999
run=1 step=0 angle=335830 target=358242 err=22412 steer=5000 m1=1081/72737 i1=246 t1=30 m2=-3/-17737 i2=-186 t2=29 steerMode=27500/28465 iSteer=29968 driveMode=45237/28594 iDrive=215627 scale=0 wheel=131599
run=1 step=0 angle=348662 target=358242 err=9580 steer=4850 m1=1130/78237 i1=297 t1=30 m2=-99/-24887 i2=-233 t2=29 steerMode=26675/27550 iSteer=32088 driveMode=51562/31927 iDrive=264710 scale=0 wheel=149999
run=1 step=0 angle=358506 target=358242 err=-264 steer=1350 m1=927/65312 i1=-5 t1=30 m2=-524/-50462 i2=-623 t2=29 steerMode=7425/14755 iSteer=-313840 driveMode=57887/36911 iDrive=308990 scale=0 wheel=168399
run=1 step=0 angle=359385 target=358242 err=-1143 steer=-2000 m1=640/53212 i1=145 t1=30 m2=-1041/-75212 i2=-556 t2=29 steerMode=-11000/-6312 iSteer=-205341 driveMode=64212/42839 iDrive=350311 scale=0 wheel=186798
run=1 step=0 angle=356484 target=358242 err=1758 steer=2000 m1=1228/81537 i1=799 t1=30 m2=-852/-59537 i2=45 t2=29 steerMode=11000/3583 iSteer=422111 driveMode=70537/51435 iDrive=376774 scale=0 wheel=205198
run=1 step=0 angle=1318 target=358242 err=-3076 steer=-1900 m1=1167/66481 i1=-284 t1=30 m2=-1300/-87381 i2=-1059 t2=29 steerMode=-10450/3528 iSteer=-671213 driveMode=76931/62080 iDrive=387654 scale=0 wheel=223798
run=1 step=0 angle=356133 target=358242 err=2109 steer=250 m1=1312/84630 i1=1012 t1=30 m2=-1520/-81880 i2=232 t2=29 steerMode=1375/-10435 iSteer=622152 driveMode=83255/72602 iDrive=389728 scale=0 wheel=242198
run=1 step=0 angle=88 target=358242 err=-1846 steer=400 m1=1858/91781 i1=-153 t1=30 m2=-1367/-87380 i2=-924 t2=29 steerMode=2200/13773 iSteer=-538611 driveMode=89581/82959 iDrive=385275 scale=0 wheel=260598
run=1 step=0 angle=359297 target=358242 err=-1055 steer=-2000 m1=1552/84906 i1=385 t1=30 m2=-2078/-106906 i2=-356 t2=29 steerMode=-11000/-10994 iSteer=14201 driveMode=95906/93801 iDrive=370404 scale=0 wheel=278999
run=1 step=0 angle=356397 target=358242 err=1846 steer=2000 m1=2209/113231 i1=745 t1=30 m2=-1827/-91231 i2=45 t2=29 steerMode=11000/3896 iSteer=394800 driveMode=102231/104258 iDrive=349813 scale=0 wheel=297400
run=1 step=0 angle=1582 target=358242 err=-3340 steer=-1650 m1=2163/99482 i1=-366 t1=30 m2=-2238/-117632 i2=-1020 t2=29 steerMode=-9075/5133 iSteer=-692818 driveMode=108557/113658 iDrive=327278 scale=0 wheel=315801
run=1 step=0 angle=356660 target=358242 err=1582 steer=-250 m1=2159/113507 i1=866 t1=30 m2=-2487/-116257 i2=243 t2=29 steerMode=-1375/-12139 iSteer=554216 driveMode=114882/121019 iDrive=311690 scale=0 wheel=334202
run=1 step=0 angle=358945 target=358242 err=-703 steer=1400 m1=2726/128907 i1=73 t1=30 m2=-2204/-113507 i2=-514 t2=29 steerMode=7700/12778 iSteer=-220532 driveMode=121207/128508 iDrive=293445 scale=0 wheel=352603
run=1 step=0 angle=791 target=358242 err=-2549 steer=-2000 m1=2370/116533 i1=47 t1=30 m2=-2830/-138533 i2=-514 t2=29 steerMode=-11000/-6234 iSteer=-233858 driveMode=127533/134735 iDrive=280408 scale=0 wheel=371004
run=1 step=0 angle=356484 target=358242 err=1758 steer=1650 m1=2741/142933 i1=896 t1=30 m2=-2623/-124783 i2=347 t2=29 steerMode=9075/-2888 iSteer=621688 driveMode=133858/139736 iDrive=274740 scale=0 wheel=389405
run=1 step=0 angle=1230 target=358242 err=-2988 steer=-950 m1=2839/134958 i1=-435 t1=30 m2=-2717/-145408 i2=-975 t2=29 steerMode=-5225/9130 iSteer=-704898 driveMode=140183/144973 iDrive=270025 scale=0 wheel=407806
run=1 step=0 angle=356660 target=358242 err=1582 steer=-400 m1=2684/144309 i1=811 t1=30 m2=-3075/-148709 i2=280 t2=29 steerMode=-2200/-12977 iSteer=545314 driveMode=146509/150558 iDrive=265288 scale=0 wheel=426207
run=1 step=0 angle=358682 target=358242 err=-439 steer=1050 m1=3210/158609 i1=-60 t1=30 m2=-2666/-147059 i2=-613 t2=29 steerMode=5775/12977 iSteer=-336334 driveMode=152834/153785 iDrive=276256 scale=0 wheel=444608
run=1 step=0 angle=359912 target=358242 err=-1670 steer=-2000 m1=2795/148159 i1=164 t1=30 m2=-3309/-170159 i2=-393 t2=29 steerMode=-11000/-8780 iSteer=-114855 driveMode=159159/159458 iDrive=278412 scale=0 wheel=463009
run=1 step=0 angle=355605 target=358242 err=2637 steer=1950 m1=3256/176141 i1=849 t1=30 m2=-3008/-154691 i2=281 t2=29 steerMode=10725/-225 iSteer=564762 driveMode=165416/164597 iDrive=283985 scale=0 wheel=481210
run=1 step=0 angle=439 target=358242 err=-2197 steer=-1000 m1=3304/166241 i1=-381 t1=30 m2=-3234/-177241 i2=-955 t2=29 steerMode=-5500/7974 iSteer=-668126 driveMode=171741/170670 iDrive=286807 scale=0 wheel=499611
run=1 step=0 angle=356309 target=358242 err=1934 steer=-150 m1=3216/171050 i1=823 t1=30 m2=-3541/-172700 i2=315 t2=29 steerMode=-825/-12193 iSteer=568664 driveMode=171875/176678 iDrive=253933 scale=0 wheel=500000
run=1 step=0 angle=358770 target=358242 err=-527 steer=1050 m1=3706/177650 i1=-133 t1=30 m2=-3158/-166100 i2=-580 t2=29 steerMode=5775/13250 iSteer=-356575 driveMode=171875/180210 iDrive=223768 scale=0 wheel=500000
run=1 step=0 angle=359385 target=358242 err=-1143 steer=-2000 m1=3222/160875 i1=93 t1=30 m2=-3736/-182875 i2=-292 t2=29 steerMode=-11000/-9187 iSteer=-99972 driveMode=171875/182873 iDrive=192489 scale=0 wheel=500000
run=1 step=0 angle=356045 target=358242 err=2197 steer=2000 m1=3668/182875 i1=559 t1=30 m2=-3255/-160875 i2=209 t2=29 steerMode=11000/3648 iSteer=383833 driveMode=171875/182331 iDrive=174766 scale=0 wheel=500000
run=1 step=0 angle=1143 target=358242 err=-2900 steer=-1550 m1=3423/163350 i1=-479 t1=30 m2=-3522/-180400 i2=-789 t2=29 steerMode=-8525/4104 iSteer=-634034 driveMode=171875/182514 iDrive=154535 scale=0 wheel=500000
run=1 step=0 angle=356045 target=358242 err=2197 steer=150 m1=3297/172700 i1=728 t1=30 m2=-3550/-171050 i2=438 t2=29 steerMode=825/-10866 iSteer=583192 driveMode=171875/180655 iDrive=145255 scale=0 wheel=500000
run=1 step=0 angle=359209 target=358242 err=-967 steer=1050 m1=3636/177650 i1=-212 t1=30 m2=-3135/-166100 i2=-496 t2=29 steerMode=5775/13117 iSteer=-353967 driveMode=171875/178469 iDrive=142281 scale=0 wheel=500000
run=1 step=0 angle=359561 target=358242 err=-1318 steer=-2000 m1=3105/160875 i1=15 t1=30 m2=-3600/-182875 i2=-264 t2=29 steerMode=-11000/-8763 iSteer=-124723 driveMode=171875/176890 iDrive=139411 scale=0 wheel=500000
run=1 step=0 angle=356397 target=358242 err=1846 steer=2000 m1=3482/182875 i1=532 t1=30 m2=-3087/-160875 i2=239 t2=29 steerMode=11000/3546 iSteer=385402 driveMode=171875/174170 iDrive=146102 scale=0 wheel=500000
run=1 step=0 angle=1494 target=358242 err=-3252 steer=-1500 m1=3222/163625 i1=-494 t1=30 m2=-3296/-180125 i2=-800 t2=29 steerMode=-8250/4577 iSteer=-646715 driveMode=171875/172312 iDrive=153131 scale=0 wheel=500000
run=1 step=0 angle=356748 target=358242 err=1494 steer=50 m1=3090/172150 i1=738 t1=30 m2=-3363/-171600 i2=411 t2=29 steerMode=275/-11326 iSteer=574742 driveMode=171875/170432 iDrive=163391 scale=0 wheel=500000
run=1 step=0 angle=359561 target=358242 err=-1318 steer=900 m1=3480/176825 i1=-220 t1=30 m2=-2995/-166925 i2=-559 t2=29 steerMode=4950/12922 iSteer=-389235 driveMode=171875/169818 iDrive=169570 scale=0 wheel=500000
run=1 step=0 angle=359121 target=358242 err=-879 steer=-2000 m1=2950/160875 i1=95 t1=30 m2=-3495/-182875 i2=-257 t2=29 steerMode=-11000/-9714 iSteer=-81131 driveMode=171875/169426 iDrive=176195 scale=0 wheel=500000
run=1 step=0 angle=355781 target=358242 err=2461 steer=2000 m1=3413/182875 i1=569 t1=30 m2=-2995/-160875 i2=205 t2=29 steerMode=11000/3466 iSteer=387161 driveMode=171875/169175 iDrive=181748 scale=0 wheel=500000
run=1 step=0 angle=1143 target=358242 err=-2900 steer=-1500 m1=3191/163625 i1=-457 t1=30 m2=-3286/-180125 i2=-822 t2=29 steerMode=-8250/4379 iSteer=-639496 driveMode=171875/169990 iDrive=182116 scale=0 wheel=500000
run=1 step=0 angle=356309 target=358242 err=1934 steer=200 m1=3132/172975 i1=764 t1=30 m2=-3363/-170775 i2=398 t2=29 steerMode=1100/-10649 iSteer=581005 driveMode=171875/170391 iDrive=182607 scale=0 wheel=500000
run=1 step=0 angle=359297 target=358242 err=-1055 steer=1000 m1=3492/177375 i1=-176 t1=30 m2=-2966/-166375 i2=-546 t2=29 steerMode=5500/12873 iSteer=-361179 driveMode=171875/170502 iDrive=184961 scale=0 wheel=500000
run=1 step=0 angle=359561 target=358242 err=-1318 steer=-2000 m1=2996/160875 i1=53 t1=30 m2=-3514/-182875 i2=-317 t2=29 steerMode=-11000/-8721 iSteer=-132357 driveMode=171875/170889 iDrive=184976 scale=0 wheel=500000
run=1 step=0 angle=355869 target=358242 err=2373 steer=2000 m1=3454/182875 i1=588 t1=30 m2=-3035/-160875 i2=219 t2=29 steerMode=11000/3107 iSteer=403088 driveMode=171875/171261 iDrive=184432 scale=0 wheel=500000
run=1 step=0 angle=703 target=358242 err=-2461 steer=-1700 m1=3210/162525 i1=-479 t1=30 m2=-3332/-181225 i2=-846 t2=29 steerMode=-9350/3659 iSteer=-662419 driveMode=171875/171614 iDrive=183517 scale=0 wheel=500000
run=1 step=0 angle=355781 target=358242 err=2461 steer=500 m1=3191/174625 i1=813 t1=30 m2=-3332/-169125 i2=450 t2=29 steerMode=2750/-10001 iSteer=631442 driveMode=171875/172047 iDrive=181172 scale=0 wheel=500000
run=1 step=0 angle=359736 target=358242 err=-1494 steer=550 m1=3496/174900 i1=-327 t1=30 m2=-3052/-168850 i2=-695 t2=29 steerMode=3025/13308 iSteer=-511004 driveMode=171875/171565 iDrive=183921 scale=0 wheel=500000
run=1 step=0 angle=358506 target=358242 err=-264 steer=-1800 m1=3002/161975 i1=211 t1=30 m2=-3533/-181775 i2=-151 t2=29 steerMode=-9900/-10891 iSteer=29639 driveMode=171875/172098 iDrive=181112 scale=0 wheel=500000
run=1 step=0 angle=355605 target=358242 err=2637 steer=2000 m1=3477/182875 i1=513 t1=30 m2=-3066/-160875 i2=151 t2=29 steerMode=11000/4499 iSteer=332300 driveMode=171875/171992 iDrive=181108 scale=0 wheel=500000
run=1 step=0 angle=703 target=358242 err=-2461 steer=-1550 m1=3216/163350 i1=-472 t1=30 m2=-3319/-180400 i2=-839 t2=29 steerMode=-8525/4341 iSteer=-655849 driveMode=171875/171563 iDrive=183362 scale=0 wheel=500000
run=1 step=0 angle=355781 target=358242 err=2461 steer=300 m1=3155/173525 i1=799 t1=30 m2=-3353/-170225 i2=436 t2=29 steerMode=1650/-10884 iSteer=617479 driveMode=171875/172014 iDrive=181288 scale=0 wheel=500000
run=1 step=0 angle=358857 target=358242 err=-615 steer=1150 m1=3515/178200 i1=-161 t1=30 m2=-3018/-165550 i2=-520 t2=29 steerMode=6325/13216 iSteer=-340381 driveMode=171875/172294 iDrive=179789 scale=0 wheel=500000
run=1 step=0 angle=359648 target=358242 err=-1406 steer=-2000 m1=3034/160875 i1=41 t1=30 m2=-3504/-182875 i2=-313 t2=29 steerMode=-11000/-8692 iSteer=-136003 driveMode=171875/172570 iDrive=177087 scale=0 wheel=500000
run=1 step=0 angle=355957 target=358242 err=2285 steer=2000 m1=3471/182875 i1=586 t1=30 m2=-3047/-160875 i2=230 t2=29 steerMode=11000/2959 iSteer=408284 driveMode=171875/172221 iDrive=177901 scale=0 wheel=500000
run=1 step=0 angle=1406 target=358242 err=-3164 steer=-1550 m1=3224/163350 i1=-498 t1=30 m2=-3305/-180400 i2=-855 t2=29 steerMode=-8525/4746 iSteer=-676463 driveMode=171875/171890 iDrive=178835 scale=0 wheel=500000
run=1 step=0 angle=355781 target=358242 err=2461 steer=400 m1=3166/174075 i1=813 t1=30 m2=-3393/-169675 i2=460 t2=29 steerMode=2200/-10709 iSteer=636554 driveMode=171875/172331 iDrive=176068 scale=0 wheel=500000
run=1 step=0 angle=359385 target=358242 err=-1143 steer=550 m1=3486/174900 i1=-332 t1=30 m2=-3037/-168850 i2=-687 t2=29 steerMode=3025/13258 iSteer=-509772 driveMode=171875/171920 iDrive=177635 scale=0 wheel=500000
run=1 step=0 angle=358594 target=358242 err=-352 steer=-1950 m1=3019/161150 i1=184 t1=30 m2=-3527/-182600 i2=-163 t2=29 steerMode=-10725/-11347 iSteer=10444 driveMode=171875/172608 iDrive=173759 scale=0 wheel=500000
run=1 step=0 angle=355518 target=358242 err=2725 steer=2000 m1=3459/182875 i1=549 t1=30 m2=-3068/-160875 i2=203 t2=29 steerMode=11000/3597 iSteer=376293 driveMode=171875/172465 iDrive=173013 scale=0 wheel=500000
run=1 step=0 angle=967 target=358242 err=-2725 steer=-1050 m1=3285/166100 i1=-472 t1=30 m2=-3238/-177650 i2=-817 t2=29 steerMode=-5775/6936 iSteer=-644588 driveMode=171875/172275 iDrive=172740 scale=0 wheel=500000
run=1 step=0 angle=356660 target=358242 err=1582 steer=0 m1=3124/171875 i1=762 t1=30 m2=-3430/-171875 i2=420 t2=29 steerMode=0/-12057 iSteer=591181 driveMode=171875/172471 iDrive=170861 scale=0 wheel=500000
run=1 step=0 angle=358945 target=358242 err=-703 steer=900 m1=3526/176825 i1=-243 t1=30 m2=-3010/-166925 i2=-591 t2=29 steerMode=4950/13349 iSteer=-416675 driveMode=171875/171747 iDrive=173972 scale=0 wheel=500000
run=1 step=0 angle=358945 target=358242 err=-703 steer=-2000 m1=3030/160875 i1=104 t1=30 m2=-3537/-182875 i2=-236 t2=29 steerMode=-11000/-10100 iSteer=-66185 driveMode=171875/172502 iDrive=170040 scale=0 wheel=500000
run=1 step=0 angle=355869 target=358242 err=2373 steer=2000 m1=3463/182875 i1=553 t1=30 m2=-3085/-160875 i2=213 t2=29 steerMode=11000/3454 iSteer=382609 driveMode=171875/172265 iDrive=170063 scale=0 wheel=500000
run=1 step=0 angle=1230 target=358242 err=-2988 steer=-1350 m1=3260/164450 i1=-474 t1=30 m2=-3284/-179300 i2=-816 t2=29 steerMode=-7425/5233 iSteer=-645041 driveMode=171875/172083 iDrive=170845 scale=0 wheel=500000
run=1 step=0 angle=356397 target=358242 err=1846 steer=350 m1=3155/173800 i1=788 t1=30 m2=-3386/-169950 i2=450 t2=29 steerMode=1925/-10674 iSteer=619191 driveMode=171875/172295 iDrive=169166 scale=0 wheel=500000
run=1 step=0 angle=359473 target=358242 err=-1230 steer=600 m1=3477/175175 i1=-318 t1=30 m2=-3043/-168575 i2=-669 t2=29 steerMode=3300/13178 iSteer=-493354 driveMode=171875/171056 iDrive=175669 scale=0 wheel=500000
run=1 step=0 angle=358857 target=358242 err=-615 steer=-2000 m1=2992/160875 i1=170 t1=30 m2=-3535/-182875 i2=-182 t2=29 steerMode=-11000/-11334 iSteer=-5940 driveMode=171875/171292 iDrive=176273 scale=0 wheel=500000
run=1 step=0 angle=355605 target=358242 err=2637 steer=2000 m1=3444/182875 i1=532 t1=30 m2=-3018/-160875 i2=178 t2=29 steerMode=11000/3980 iSteer=354827 driveMode=171875/171271 iDrive=176975 scale=0 wheel=500000
run=1 step=0 angle=615 target=358242 err=-2373 steer=-1400 m1=3222/164175 i1=-473 t1=30 m2=-3294/-179575 i2=-830 t2=29 steerMode=-7700/5053 iSteer=-651604 driveMode=171875/171230 iDrive=178595 scale=0 wheel=500000
run=1 step=0 angle=356045 target=358242 err=2197 steer=400 m1=3143/174075 i1=799 t1=30 m2=-3353/-169675 i2=445 t2=29 steerMode=2200/-10471 iSteer=622100 driveMode=171875/171582 iDrive=177268 scale=0 wheel=500000
run=1 step=0 angle=359561 target=358242 err=-1318 steer=650 m1=3492/175450 i1=-307 t1=30 m2=-3037/-168300 i2=-662 t2=29 steerMode=3575/13260 iSteer=-484492 driveMode=171875/171645 iDrive=177369 scale=0 wheel=500000
run=1 step=0 angle=358594 target=358242 err=-352 steer=-1900 m1=3013/161425 i1=189 t1=30 m2=-3533/-182325 i2=-161 t2=29 steerMode=-10450/-11201 iSteer=14060 driveMode=171875/172039 iDrive=175408 scale=0 wheel=500000
run=1 step=0 angle=355518 target=358242 err=2725 steer=2000 m1=3467/182875 i1=495 t1=30 m2=-3001/-160875 i2=135 t2=29 steerMode=11000/4759 iSteer=314773 driveMode=171875/171112 iDrive=180062 scale=0 wheel=500000
run=1 step=0 angle=352 target=358242 err=-2109 steer=-1400 m1=3203/164175 i1=-447 t1=30 m2=-3309/-179575 i2=-817 t2=29 steerMode=-7700/4629 iSteer=-632025 driveMode=171875/170607 iDrive=184896 scale=0 wheel=500000
run=1 step=0 angle=356133 target=358242 err=2109 steer=200 m1=3136/172975 i1=768 t1=30 m2=-3384/-170775 i2=406 t2=29 steerMode=1100/-10920 iSteer=587189 driveMode=171875/171559 iDrive=181211 scale=0 wheel=500000
run=1 step=0 angle=358857 target=358242 err=-615 steer=1150 m1=3490/178200 i1=-144 t1=30 m2=-2997/-165550 i2=-513 t2=29 steerMode=6325/12909 iSteer=-328687 driveMode=171875/171090 iDrive=184804 scale=0 wheel=500000
run=1 step=0 angle=359473 target=358242 err=-1230 steer=-2000 m1=3013/160875 i1=43 t1=30 m2=-3510/-182875 i2=-325 t2=29 steerMode=-11000/-8669 iSteer=-141009 driveMode=171875/171452 iDrive=183738 scale=0 wheel=500000
run=1 step=0 angle=355957 target=358242 err=2285 steer=2000 m1=3444/182875 i1=579 t1=30 m2=-3077/-160875 i2=215 t2=29 steerMode=11000/3100 iSteer=397339 driveMode=171875/171848 iDrive=181879 scale=0 wheel=500000
run=1 step=0 angle=703 target=358242 err=-2461 steer=-1650 m1=3201/162800 i1=-462 t1=30 m2=-3353/-180950 i2=-827 t2=29 steerMode=-9075/3456 iSteer=-644310 driveMode=171875/171906 iDrive=182256 scale=0 wheel=500000
run=1 step=0 angle=355693 target=358242 err=2549 steer=500 m1=3176/174625 i1=793 t1=30 m2=-3351/-169125 i2=436 t2=29 steerMode=2750/-9773 iSteer=614298 driveMode=171875/172443 iDrive=178676 scale=0 wheel=500000
run=1 step=0 angle=359209 target=358242 err=-967 steer=500 m1=3482/174625 i1=-338 t1=30 m2=-3043/-169125 i2=-704 t2=29 steerMode=2750/13112 iSteer=-521102 driveMode=171875/171694 iDrive=182610 scale=0 wheel=500000
run=1 step=0 angle=358506 target=358242 err=-264 steer=-1800 m1=3019/161975 i1=230 t1=30 m2=-3564/-181775 i2=-129 t2=29 steerMode=-9900/-11414 iSteer=50658 driveMode=171875/172291 iDrive=179546 scale=0 wheel=500000
run=1 step=0 angle=355430 target=358242 err=2813 steer=2000 m1=3480/182875 i1=492 t1=30 m2=-3041/-160875 i2=133 t2=29 steerMode=11000/4784 iSteer=312444 driveMode=171875/172109 iDrive=179501 scale=0 wheel=500000
run=1 step=0 angle=703 target=358242 err=-2461 steer=-1150 m1=3262/165550 i1=-446 t1=30 m2=-3282/-178200 i2=-812 t2=29 steerMode=-6325/5956 iSteer=-629046 driveMode=171875/171459 iDrive=183069 scale=0 wheel=500000
run=1 step=0 angle=356045 target=358242 err=2197 steer=-50 m1=3124/171600 i1=734 t1=30 m2=-3420/-172150 i2=378 t2=29 steerMode=-275/-11718 iSteer=556136 driveMode=171875/172297 iDrive=178306 scale=0 wheel=500000
run=1 step=0 angle=358330 target=358242 err=-88 steer=1600 m1=3523/180675 i1=0 t1=30 m2=-3024/-163075 i2=-364 t2=29 steerMode=8800/12459 iSteer=-181704 driveMode=171875/171629 iDrive=181855 scale=0 wheel=500000
run=1 step=0 angle=352 target=358242 err=-2109 steer=-2000 m1=3042/160875 i1=-83 t1=30 m2=-3474/-182875 i2=-448 t2=29 steerMode=-11000/-6174 iSteer=-265483 driveMode=171875/171657 iDrive=182420 scale=0 wheel=500000
run=1 step=0 angle=356045 target=358242 err=2197 steer=1700 m1=3316/181225 i1=792 t1=30 m2=-3188/-162525 i2=417 t2=29 steerMode=9350/-2836 iSteer=604633 driveMode=171875/170816 iDrive=187832 scale=0 wheel=500000
run=1 step=0 angle=967 target=358242 err=-2725 steer=-750 m1=3323/167750 i1=-490 t1=30 m2=-3173/-176000 i2=-866 t2=29 steerMode=-4125/9183 iSteer=-678080 driveMode=171875/171155 iDrive=188075 scale=0 wheel=500000
run=1 step=0 angle=356836 target=358242 err=1406 steer=-300 m1=3074/170225 i1=717 t1=30 m2=-3483/-173525 i2=350 t2=29 steerMode=-1650/-12710 iSteer=533530 driveMode=171875/172027 iDrive=183898 scale=0 wheel=500000
run=1 step=0 angle=358418 target=358242 err=-176 steer=1550 m1=3523/180400 i1=7 t1=30 m2=-2989/-163350 i2=-368 t2=29 steerMode=8525/12130 iSteer=-180571 driveMode=171875/171489 iDrive=187189 scale=0 wheel=500000
run=1 step=0 angle=264 target=358242 err=-2021 steer=-2000 m1=3061/160875 i1=-70 t1=30 m2=-3512/-182875 i2=-430 t2=29 steerMode=-11000/-6511 iSteer=-250402 driveMode=171875/172841 iDrive=179907 scale=0 wheel=500000
run=1 step=0 angle=356133 target=358242 err=2109 steer=1950 m1=3375/182600 i1=772 t1=30 m2=-3183/-161150 i2=410 t2=29 steerMode=10725/-1189 iSteer=590881 driveMode=171875/172379 iDrive=180750 scale=0 wheel=500000
run=1 step=0 angle=1055 target=358242 err=-2813 steer=-700 m1=3346/168025 i1=-474 t1=30 m2=-3215/-175725 i2=-836 t2=29 steerMode=-3850/8969 iSteer=-654688 driveMode=171875/172150 iDrive=181063 scale=0 wheel=500000
run=1 step=0 angle=357363 target=358242 err=879 steer=-650 m1=3059/168300 i1=650 t1=30 m2=-3501/-175450 i2=300 t2=29 steerMode=-3575/-13533 iSteer=475399 driveMode=171875/173117 iDrive=174901 scale=0 wheel=500000
run=1 step=0 angle=357363 target=358242 err=879 steer=2000 m1=3534/182875 i1=174 t1=30 m2=-3043/-160875 i2=-173 t2=29 steerMode=11000/10996 iSteer=110 driveMode=171875/172946 iDrive=173503 scale=0 wheel=500000
run=1 step=0 angle=527 target=358242 err=-2285 steer=-2000 m1=3109/160875 i1=-219 t1=30 m2=-3476/-182875 i2=-554 t2=29 steerMode=-11000/-3776 iSteer=-386496 driveMode=171875/173559 iDrive=167914 scale=0 wheel=500000
run=1 step=0 angle=355430 target=358242 err=2813 steer=1400 m1=3308/179575 i1=788 t1=30 m2=-3242/-164175 i2=449 t2=29 steerMode=7700/-4841 iSteer=618489 driveMode=171875/172864 iDrive=169162 scale=0 wheel=500000
run=1 step=0 angle=264 target=358242 err=-2021 steer=-300 m1=3415/170225 i1=-482 t1=30 m2=-3173/-173525 i2=-819 t2=29 steerMode=-1650/11152 iSteer=-650630 driveMode=171875/172707 iDrive=168373 scale=0 wheel=500000
run=1 step=0 angle=357275 target=358242 err=967 steer=-750 m1=3011/167750 i1=600 t1=30 m2=-3512/-176000 i2=260 t2=29 steerMode=-4125/-13208 iSteer=430384 driveMode=171875/172216 iDrive=169947 scale=0 wheel=500000
run=1 step=0 angle=357451 target=358242 err=791 steer=2000 m1=3515/182875 i1=201 t1=30 m2=-2957/-160875 i2=-144 t2=29 steerMode=11000/10436 iSteer=28220 driveMode=171875/171684 iDrive=172397 scale=0 wheel=500000
run=1 step=0 angle=615 target=358242 err=-2373 steer=-2000 m1=3094/160875 i1=-224 t1=30 m2=-3449/-182875 i2=-567 t2=29 steerMode=-11000/-3614 iSteer=-395464 driveMode=171875/171881 iDrive=171625 scale=0 wheel=500000
run=1 step=0 angle=355254 target=358242 err=2988 steer=1250 m1=3262/178750 i1=784 t1=30 m2=-3221/-165000 i2=439 t2=29 steerMode=6875/-5548 iSteer=611605 driveMode=171875/171623 iDrive=172886 scale=0 wheel=500000
run=1 step=0 angle=359824 target=358242 err=-1582 steer=300 m1=3429/173525 i1=-367 t1=30 m2=-3068/-170225 i2=-715 t2=29 steerMode=1650/12341 iSteer=-541266 driveMode=171875/171525 iDrive=173941 scale=0 wheel=500000
run=1 step=0 angle=358154 target=358242 err=88 steer=-1600 m1=2992/163075 i1=309 t1=30 m2=-3520/-180675 i2=-46 t2=29 steerMode=-8800/-11965 iSteer=131625 driveMode=171875/171093 iDrive=177328 scale=0 wheel=500000
run=1 step=0 angle=356221 target=358242 err=2021 steer=2000 m1=3469/182875 i1=436 t1=30 m2=-3035/-160875 i2=75 t2=29 steerMode=11000/5893 iSteer=255507 driveMode=171875/170805 iDrive=180268 scale=0 wheel=500000
run=1 step=0 angle=1055 target=358242 err=-2813 steer=-1500 m1=3184/163625 i1=-442 t1=30 m2=-3273/-180125 i2=-812 t2=29 steerMode=-8250/3898 iSteer=-626873 driveMode=171875/170355 iDrive=185072 scale=0 wheel=500000
run=1 step=0 angle=355781 target=358242 err=2461 steer=350 m1=3143/173800 i1=792 t1=30 m2=-3336/-169950 i2=424 t2=29 steerMode=1925/-10552 iSteer=607849 driveMode=171875/170935 iDrive=184151 scale=0 wheel=500000
run=1 step=0 angle=359297 target=358242 err=-1055 steer=750 m1=3473/176000 i1=-256 t1=30 m2=-3016/-167750 i2=-633 t2=29 steerMode=4125/12935 iSteer=-444384 driveMode=171875/170649 iDrive=188137 scale=0 wheel=500000
run=1 step=0 angle=358945 target=358242 err=-703 steer=-2000 m1=2981/160875 i1=127 t1=30 m2=-3520/-182875 i2=-252 t2=29 steerMode=-11000/-10312 iSteer=-62311 driveMode=171875/170853 iDrive=189382 scale=0 wheel=500000
run=1 step=0 angle=355605 target=358242 err=2637 steer=2000 m1=3431/182875 i1=584 t1=30 m2=-3081/-160875 i2=209 t2=29 steerMode=11000/3067 iSteer=396597 driveMode=171875/171411 iDrive=187624 scale=0 wheel=500000
run=1 step=0 angle=1055 target=358242 err=-2813 steer=-1150 m1=3237/165550 i1=-470 t1=30 m2=-3263/-178200 i2=-855 t2=29 steerMode=-6325/6593 iSteer=-662866 driveMode=171875/170739 iDrive=192367 scale=0 wheel=500000
run=1 step=0 angle=356572 target=358242 err=1670 steer=0 m1=3118/171875 i1=763 t1=30 m2=-3422/-171875 i2=389 t2=29 steerMode=0/-11895 iSteer=576470 driveMode=171875/171974 iDrive=187022 scale=0 wheel=500000
run=1 step=0 angle=358594 target=358242 err=-352 steer=1300 m1=3523/179025 i1=-82 t1=30 m2=-3001/-164725 i2=-456 t2=29 steerMode=7150/12492 iSteer=-269133 driveMode=171875/171923 iDrive=187264 scale=0 wheel=500000
run=1 step=0 angle=359297 target=358242 err=-1055 steer=-2000 m1=3053/160875 i1=1 t1=30 m2=-3520/-182875 i2=-362 t2=29 steerMode=-11000/-7928 iSteer=-180468 driveMode=171875/172875 iDrive=181646 scale=0 wheel=500000
run=1 step=0 angle=356309 target=358242 err=1934 steer=2000 m1=3465/182875 i1=591 t1=30 m2=-3104/-160875 i2=234 t2=29 steerMode=11000/2741 iSteer=412626 driveMode=171875/173132 iDrive=178262 scale=0 wheel=500000
run=1 step=0 angle=1143 target=358242 err=-2900 steer=-1750 m1=3203/162250 i1=-497 t1=30 m2=-3382/-181500 i2=-853 t2=29 steerMode=-9625/3464 iSteer=-675180 driveMode=171875/172797 iDrive=177945 scale=0 wheel=500000
run=1 step=0 angle=355693 target=358242 err=2549 steer=650 m1=3203/175450 i1=820 t1=30 m2=-3347/-168300 i2=474 t2=29 steerMode=3575/-9621 iSteer=647042 driveMode=171875/173279 iDrive=172972 scale=0 wheel=500000
run=1 step=0 angle=359561 target=358242 err=-1318 steer=450 m1=3484/174350 i1=-367 t1=30 m2=-3062/-169400 i2=-722 t2=29 steerMode=2475/13255 iSteer=-544432 driveMode=171875/172166 iDrive=177150 scale=0 wheel=500000
run=1 step=0 angle=358682 target=358242 err=-439 steer=-1950 m1=2988/161150 i1=209 t1=30 m2=-3539/-182600 i2=-139 t2=29 steerMode=-10725/-11948 iSteer=34994 driveMode=171875/172603 iDrive=174030 scale=0 wheel=500000
run=1 step=0 angle=355254 target=358242 err=2988 steer=2000 m1=3471/182875 i1=522 t1=30 m2=-3052/-160875 i2=170 t2=29 steerMode=11000/4085 iSteer=345682 driveMode=171875/171979 iDrive=176090 scale=0 wheel=500000
run=1 step=0 angle=176 target=358242 err=-1934 steer=-1150 m1=3260/165550 i1=-462 t1=30 m2=-3278/-178200 i2=-821 t2=29 steerMode=-6325/6186 iSteer=-641494 driveMode=171875/171407 iDrive=179340 scale=0 wheel=500000
run=1 step=0 angle=356221 target=358242 err=2021 steer=0 m1=3099/171875 i1=758 t1=30 m2=-3439/-171875 i2=401 t2=29 steerMode=0/-11930 iSteer=579535 driveMode=171875/171733 iDrive=178390 scale=0 wheel=500000
run=1 step=0 angle=358594 target=358242 err=-352 steer=1250 m1=3513/178750 i1=-131 t1=30 m2=-3018/-165000 i2=-499 t2=29 steerMode=6875/13144 iSteer=-314715 driveMode=171875/170776 iDrive=184072 scale=0 wheel=500000
run=1 step=0 angle=359561 target=358242 err=-1318 steer=-2000 m1=3007/160875 i1=50 t1=30 m2=-3504/-182875 i2=-315 t2=29 steerMode=-11000/-8867 iSteer=-132334 driveMode=171875/171416 iDrive=182613 scale=0 wheel=500000
run=1 step=0 angle=356133 target=358242 err=2109 steer=2000 m1=3415/182875 i1=567 t1=30 m2=-3035/-160875 i2=193 t2=29 steerMode=11000/3394 iSteer=380051 driveMode=171875/170750 iDrive=187019 scale=0 wheel=500000
run=1 step=0 angle=615 target=358242 err=-2373 steer=-1700 m1=3180/162525 i1=-472 t1=30 m2=-3298/-181225 i2=-848 t2=29 steerMode=-9350/3455 iSteer=-659903 driveMode=171875/170974 iDrive=188003 scale=0 wheel=500000
run=1 step=0 angle=355693 target=358242 err=2549 steer=550 m1=3182/174900 i1=830 t1=30 m2=-3355/-168850 i2=464 t2=29 steerMode=3025/-10168 iSteer=646596 driveMode=171875/172065 iDrive=183032 scale=0 wheel=500000
run=1 step=0 angle=359121 target=358242 err=-879 steer=650 m1=3500/175450 i1=-314 t1=30 m2=-3047/-168300 i2=-683 t2=29 steerMode=3575/13468 iSteer=-498339 driveMode=171875/171784 iDrive=184677 scale=0 wheel=500000
run=1 step=0 angle=358770 target=358242 err=-527 steer=-2000 m1=3019/160875 i1=174 t1=30 m2=-3560/-182875 i2=-185 t2=29 steerMode=-11000/-11413 iSteer=-5479 driveMode=171875/172695 iDrive=179824 scale=0 wheel=500000
run=1 step=0 angle=355430 target=358242 err=2813 steer=2000 m1=3461/182875 i1=527 t1=30 m2=-3045/-160875 i2=162 t2=29 steerMode=11000/4093 iSteer=344659 driveMode=171875/171964 iDrive=182211 scale=0 wheel=500000
run=1 step=0 angle=527 target=358242 err=-2285 steer=-1050 m1=3272/166100 i1=-426 t1=30 m2=-3275/-177650 i2=-784 t2=29 steerMode=-5775/6024 iSteer=-604965 driveMode=171875/172520 iDrive=179093 scale=0 wheel=500000
run=1 step=0 angle=355869 target=358242 err=2373 steer=-50 m1=3094/171600 i1=729 t1=30 m2=-3422/-172150 i2=372 t2=29 steerMode=-275/-11642 iSteer=550736 driveMode=171875/172357 iDrive=178512 scale=0 wheel=500000
run=1 step=0 angle=358154 target=358242 err=88 steer=1500 m1=3544/180125 i1=-38 t1=30 m2=-3006/-163625 i2=-389 t2=29 steerMode=8250/12535 iSteer=-213453 driveMode=171875/172678 iDrive=175620 scale=0 wheel=500000
run=1 step=0 angle=176 target=358242 err=-1934 steer=-2000 m1=3067/160875 i1=-54 t1=30 m2=-3518/-182875 i2=-401 t2=29 steerMode=-11000/-6949 iSteer=-227675 driveMode=171875/172832 iDrive=173500 scale=0 wheel=500000
run=1 step=0 angle=355693 target=358242 err=2549 steer=1750 m1=3354/181500 i1=745 t1=30 m2=-3162/-162250 i2=396 t2=29 steerMode=9625/-1882 iSteer=570341 driveMode=171875/172314 iDrive=174349 scale=0 wheel=500000
run=1 step=0 angle=615 target=358242 err=-2373 steer=-550 m1=3362/168850 i1=-474 t1=30 m2=-3192/-174900 i2=-825 t2=29 steerMode=-3025/9719 iSteer=-649328 driveMode=171875/172069 iDrive=175191 scale=0 wheel=500000
run=1 step=0 angle=356924 target=358242 err=1318 steer=-550 m1=3069/168850 i1=640 t1=30 m2=-3508/-174900 i2=296 t2=29 steerMode=-3025/-12827 iSteer=468145 driveMode=171875/172472 iDrive=172142 scale=0 wheel=500000
run=1 step=0 angle=357539 target=358242 err=703 steer=2000 m1=3538/182875 i1=175 t1=30 m2=-2993/-160875 i2=-173 t2=29 steerMode=11000/10995 iSteer=1100 driveMode=171875/171996 iDrive=174220 scale=0 wheel=500000
run=1 step=0 angle=703 target=358242 err=-2461 steer=-2000 m1=3103/160875 i1=-225 t1=30 m2=-3470/-182875 i2=-568 t2=29 steerMode=-11000/-3569 iSteer=-396603 driveMode=171875/172416 iDrive=171569 scale=0 wheel=500000
run=1 step=0 angle=355781 target=358242 err=2461 steer=1350 m1=3306/179300 i1=778 t1=30 m2=-3248/-164450 i2=433 t2=29 steerMode=7425/-4852 iSteer=605953 driveMode=171875/172034 iDrive=172500 scale=0 wheel=500000
run=1 step=0 angle=703 target=358242 err=-2461 steer=-150 m1=3410/171050 i1=-437 t1=30 m2=-3127/-172700 i2=-783 t2=29 steerMode=-825/11194 iSteer=-610056 driveMode=171875/171925 iDrive=173103 scale=0 wheel=500000
run=1 step=0 angle=357715 target=358242 err=527 steer=-1050 m1=3017/166100 i1=483 t1=30 m2=-3499/-177650 i2=134 t2=29 steerMode=-5775/-12433 iSteer=308820 driveMode=171875/171585 iDrive=174583 scale=0 wheel=500000
run=1 step=0 angle=357100 target=358242 err=1143 steer=2000 m1=3486/182875 i1=282 t1=30 m2=-3022/-160875 i2=-73 t2=29 steerMode=11000/8916 iSteer=104730 driveMode=171875/171236 iDrive=177252 scale=0 wheel=500000
run=1 step=0 angle=527 target=358242 err=-2285 steer=-2000 m1=3063/160875 i1=-265 t1=30 m2=-3432/-182875 i2=-628 t2=29 steerMode=-11000/-2601 iSteer=-446117 driveMode=171875/170682 iDrive=181493 scale=0 wheel=500000
run=1 step=0 angle=355166 target=358242 err=3076 steer=1350 m1=3264/179300 i1=825 t1=30 m2=-3248/-164450 i2=461 t2=29 steerMode=7425/-5604 iSteer=642753 driveMode=171875/170970 iDrive=181832 scale=0 wheel=500000
run=1 step=0 angle=176 target=358242 err=-1934 steer=-50 m1=3383/171600 i1=-437 t1=30 m2=-3068/-172150 i2=-810 t2=29 steerMode=-275/12004 iSteer=-623240 driveMode=171875/170440 iDrive=186709 scale=0 wheel=500000
run=1 step=0 angle=357803 target=358242 err=439 steer=-1250 m1=2996/165000 i1=456 t1=30 m2=-3529/-178750 i2=85 t2=29 steerMode=-6875/-12799 iSteer=270384 driveMode=171875/171163 iDrive=185120 scale=0 wheel=500000
run=1 step=0 angle=356397 target=358242 err=1846 steer=2000 m1=3486/182875 i1=340 t1=30 m2=-3026/-160875 i2=-32 t2=29 steerMode=11000/7911 iSteer=154335 driveMode=171875/171254 iDrive=185989 scale=0 wheel=500000
run=1 step=0 angle=264 target=358242 err=-2021 steer=-2000 m1=3132/160875 i1=-422 t1=30 m2=-3359/-182875 i2=-793 t2=29 steerMode=-11000/696 iSteer=-607367 driveMode=171875/171455 iDrive=185435 scale=0 wheel=500000
run=1 step=0 angle=355254 target=358242 err=2988 steer=850 m1=3226/176550 i1=840 t1=30 m2=-3309/-167200 i2=473 t2=29 steerMode=4675/-8688 iSteer=656827 driveMode=171875/171890 iDrive=183621 scale=0 wheel=500000
run=1 step=0 angle=359473 target=358242 err=-1230 steer=550 m1=3484/174900 i1=-342 t1=30 m2=-3047/-168850 i2=-705 t2=29 steerMode=3025/13404 iSteer=-523724 driveMode=171875/172227 iDrive=181749 scale=0 wheel=500000
run=1 step=0 angle=358330 target=358242 err=-88 steer=-1700 m1=3023/162525 i1=264 t1=30 m2=-3531/-181225 i2=-88 t2=29 steerMode=-9350/-11626 iSteer=88335 driveMode=171875/173094 iDrive=175851 scale=0 wheel=500000
run=1 step=0 angle=355781 target=358242 err=2461 steer=2000 m1=3475/182875 i1=485 t1=30 m2=-3091/-160875 i2=128 t2=29 steerMode=11000/4890 iSteer=306602 driveMode=171875/172234 iDrive=178505 scale=0 wheel=500000
run=1 step=0 angle=1055 target=358242 err=-2813 steer=-1200 m1=3262/165275 i1=-478 t1=30 m2=-3282/-178475 i2=-838 t2=29 steerMode=-6600/6247 iSteer=-658097 driveMode=171875/171768 iDrive=180388 scale=0 wheel=500000
run=1 step=0 angle=356221 target=358242 err=2021 steer=-100 m1=3082/171325 i1=754 t1=30 m2=-3464/-172425 i2=396 t2=29 steerMode=-550/-12410 iSteer=574994 driveMode=171875/172080 iDrive=179052 scale=0 wheel=500000
run=1 step=0 angle=358506 target=358242 err=-264 steer=1500 m1=3523/180125 i1=-56 t1=30 m2=-2974/-163625 i2=-423 t2=29 steerMode=8250/13058 iSteer=-239646 driveMode=171875/171213 iDrive=183618 scale=0 wheel=500000
run=1 step=0 angle=264 target=358242 err=-2021 steer=-2000 m1=3007/160875 i1=-32 t1=30 m2=-3493/-182875 i2=-398 t2=29 steerMode=-11000/-7228 iSteer=-214546 driveMode=171875/171599 iDrive=182977 scale=0 wheel=500000
run=1 step=0 angle=356045 target=358242 err=2197 steer=2000 m1=3364/182875 i1=774 t1=30 m2=-3133/-160875 i2=409 t2=29 steerMode=11000/-892 iSteer=591566 driveMode=171875/171707 iDrive=182480 scale=0 wheel=500000
run=1 step=0 angle=1143 target=358242 err=-2900 steer=-750 m1=3306/167750 i1=-471 t1=30 m2=-3188/-176000 i2=-834 t2=29 steerMode=-4125/8666 iSteer=-652553 driveMode=171875/171847 iDrive=181625 scale=0 wheel=500000
run=1 step=0 angle=357188 target=358242 err=1055 steer=-350 m1=3061/169950 i1=700 t1=30 m2=-3455/-173800 i2=334 t2=29 steerMode=-1925/-12670 iSteer=516809 driveMode=171875/171627 iDrive=183068 scale=0 wheel=500000
run=1 step=0 angle=358770 target=358242 err=-527 steer=1250 m1=3515/178750 i1=-92 t1=30 m2=-2991/-165000 i2=-458 t2=29 steerMode=6875/12359 iSteer=-274989 driveMode=171875/171662 iDrive=183259 scale=0 wheel=500000
run=1 step=0 angle=359473 target=358242 err=-1230 steer=-2000 m1=3023/160875 i1=11 t1=30 m2=-3501/-182875 i2=-355 t2=29 steerMode=-11000/-8110 iSteer=-172089 driveMode=171875/171877 iDrive=182607 scale=0 wheel=500000
run=1 step=0 angle=356133 target=358242 err=2109 steer=2000 m1=3465/182875 i1=566 t1=30 m2=-3033/-160875 i2=197 t2=29 steerMode=11000/3352 iSteer=381704 driveMode=171875/171439 iDrive=184614 scale=0 wheel=500000
run=1 step=0 angle=967 target=358242 err=-2725 steer=-1850 m1=3166/161700 i1=-475 t1=30 m2=-3340/-182050 i2=-859 t2=29 steerMode=-10175/2717 iSteer=-666824 driveMode=171875/170446 iDrive=191706 scale=0 wheel=500000
run=1 step=0 angle=355957 target=358242 err=2285 steer=650 m1=3176/175450 i1=835 t1=30 m2=-3326/-168300 i2=462 t2=29 steerMode=3575/-9675 iSteer=648694 driveMode=171875/171766 iDrive=186274 scale=0 wheel=500000
run=1 step=0 angle=359385 target=358242 err=-1143 steer=600 m1=3486/175175 i1=-310 t1=30 m2=-3054/-168575 i2=-685 t2=29 steerMode=3300/13163 iSteer=-497582 driveMode=171875/171547 iDrive=187542 scale=0 wheel=500000
run=1 step=0 angle=358770 target=358242 err=-527 steer=-2000 m1=2990/160875 i1=169 t1=30 m2=-3520/-182875 i2=-209 t2=29 steerMode=-11000/-11146 iSteer=-20007 driveMode=171875/171362 iDrive=189446 scale=0 wheel=500000
run=1 step=0 angle=355430 target=358242 err=2813 steer=2000 m1=3461/182875 i1=546 t1=30 m2=-3045/-160875 i2=174 t2=29 steerMode=11000/3797 iSteer=360016 driveMode=171875/172021 iDrive=186032 scale=0 wheel=500000
run=1 step=0 angle=703 target=358242 err=-2461 steer=-1200 m1=3254/165275 i1=-442 t1=30 m2=-3292/-178475 i2=-811 t2=29 steerMode=-6600/5585 iSteer=-626345 driveMode=171875/172369 iDrive=184286 scale=0 wheel=500000
run=1 step=0 angle=355957 target=358242 err=2285 steer=100 m1=3151/172425 i1=751 t1=30 m2=-3420/-171325 i2=393 t2=29 steerMode=550/-11232 iSteer=571825 driveMode=171875/173053 iDrive=178770 scale=0 wheel=500000
run=1 step=0 angle=358945 target=358242 err=-703 steer=1200 m1=3540/178475 i1=-126 t1=30 m2=-3020/-165275 i2=-484 t2=29 steerMode=6600/12670 iSteer=-305124 driveMode=171875/172728 iDrive=179002 scale=0 wheel=500000
run=1 step=0 angle=359736 target=358242 err=-1494 steer=-2000 m1=3042/160875 i1=27 t1=30 m2=-3545/-182875 i2=-317 t2=29 steerMode=-11000/-8629 iSteer=-145057 driveMode=171875/173589 iDrive=172048 scale=0 wheel=500000
run=1 step=0 angle=355869 target=358242 err=2373 steer=2000 m1=3465/182875 i1=564 t1=30 m2=-3070/-160875 i2=223 t2=29 steerMode=11000/3138 iSteer=393524 driveMode=171875/173185 iDrive=170630 scale=0 wheel=500000
run=1 step=0 angle=615 target=358242 err=-2373 steer=-1550 m1=3210/163350 i1=-479 t1=30 m2=-3326/-180400 i2=-830 t2=29 steerMode=-8525/4189 iSteer=-654441 driveMode=171875/172107 iDrive=175236 scale=0 wheel=500000
run=1 step=0 angle=355605 target=358242 err=2637 steer=100 m1=3141/172425 i1=746 t1=30 m2=-3432/-171325 i2=405 t2=29 steerMode=550/-11282 iSteer=575486 driveMode=171875/172749 iDrive=170632 scale=0 wheel=500000
run=1 step=0 angle=358242 target=358242 err=0 steer=1400 m1=3540/179575 i1=-78 t1=30 m2=-3026/-164175 i2=-424 t2=29 steerMode=7700/12716 iSteer=-251072 driveMode=171875/172121 iDrive=172957 scale=0 wheel=500000
run=1 step=0 angle=359912 target=358242 err=-1670 steer=-2000 m1=3028/160875 i1=-38 t1=30 m2=-3514/-182875 i2=-383 t2=29 steerMode=-11000/-7297 iSteer=-210682 driveMode=171875/172166 iDrive=172252 scale=0 wheel=500000
run=1 step=0 angle=355166 target=358242 err=3076 steer=2000 m1=3383/182875 i1=783 t1=30 m2=-3171/-160875 i2=440 t2=29 steerMode=11000/-1277 iSteer=611145 driveMode=171875/172174 iDrive=171511 scale=0 wheel=500000
run=1 step=0 angle=791 target=358242 err=-2549 steer=-650 m1=3335/168300 i1=-484 t1=30 m2=-3192/-175450 i2=-826 t2=29 steerMode=-3575/9265 iSteer=-654907 driveMode=171875/172250 iDrive=170739 scale=0 wheel=500000
run=1 step=0 angle=356221 target=358242 err=2021 steer=-550 m1=3063/168850 i1=639 t1=30 m2=-3462/-174900 i2=300 t2=29 steerMode=-3025/-12837 iSteer=469879 driveMode=171875/172270 iDrive=169596 scale=0 wheel=500000
run=1 step=0 angle=357627 target=358242 err=615 steer=2000 m1=3507/182875 i1=174 t1=30 m2=-3008/-160875 i2=-183 t2=29 steerMode=11000/11099 iSteer=-4478 driveMode=171875/170789 iDrive=178126 scale=0 wheel=500000
run=1 step=0 angle=967 target=358242 err=-2725 steer=-2000 m1=3080/160875 i1=-217 t1=30 m2=-3449/-182875 i2=-571 t2=29 steerMode=-11000/-3618 iSteer=-394007 driveMode=171875/171399 iDrive=176704 scale=0 wheel=500000
run=1 step=0 angle=355869 target=358242 err=2373 steer=1300 m1=3258/179025 i1=801 t1=30 m2=-3244/-164725 i2=439 t2=29 steerMode=7150/-5436 iSteer=620405 driveMode=171875/170829 iDrive=180953 scale=0 wheel=500000
run=1 step=0 angle=176 target=358242 err=-1934 steer=-100 m1=3396/171325 i1=-439 t1=30 m2=-3098/-172425 i2=-805 t2=29 steerMode=-550/11712 iSteer=-621863 driveMode=171875/170884 iDrive=182751 scale=0 wheel=500000
run=1 step=0 angle=357803 target=358242 err=439 steer=-1150 m1=3002/165550 i1=485 t1=30 m2=-3512/-178200 i2=120 t2=29 steerMode=-6325/-12868 iSteer=302139 driveMode=171875/171272 iDrive=182458 scale=0 wheel=500000
run=1 step=0 angle=356660 target=358242 err=1582 steer=2000 m1=3484/182875 i1=301 t1=30 m2=-3031/-160875 i2=-68 t2=29 steerMode=11000/8661 iSteer=116798 driveMode=171875/171065 iDrive=184518 scale=0 wheel=500000
run=1 step=0 angle=88 target=358242 err=-1846 steer=-2000 m1=3078/160875 i1=-231 t1=30 m2=-3462/-182875 i2=-593 t2=29 steerMode=-11000/-3268 iSteer=-412187 driveMode=171875/171998 iDrive=180773 scale=0 wheel=500000
run=1 step=0 angle=355693 target=358242 err=2549 steer=1800 m1=3320/181775 i1=814 t1=30 m2=-3150/-161975 i2=437 t2=29 steerMode=9900/-2742 iSteer=625667 driveMode=171875/170731 iDrive=188205 scale=0 wheel=500000
run=1 step=0 angle=1055 target=358242 err=-2813 steer=-600 m1=3337/168575 i1=-504 t1=30 m2=-3162/-175175 i2=-884 t2=29 steerMode=-3300/10287 iSteer=-693854 driveMode=171875/170832 iDrive=189787 scale=0 wheel=500000
run=1 step=0 angle=357275 target=358242 err=967 steer=-400 m1=3051/169675 i1=704 t1=30 m2=-3464/-174075 i2=329 t2=29 steerMode=-2200/-13000 iSteer=516612 driveMode=171875/171606 iDrive=187192 scale=0 wheel=500000
run=1 step=0 angle=358242 target=358242 err=0 steer=1600 m1=3544/180675 i1=37 t1=30 m2=-3026/-163075 i2=-338 t2=29 steerMode=8800/11770 iSteer=-150720 driveMode=171875/171615 iDrive=187591 scale=0 wheel=500000
run=1 step=0 angle=352 target=358242 err=-2109 steer=-2000 m1=3069/160875 i1=-83 t1=30 m2=-3543/-182875 i2=-448 t2=29 steerMode=-11000/-6267 iSteer=-265275 driveMode=171875/172601 iDrive=182644 scale=0 wheel=500000
run=1 step=0 angle=355518 target=358242 err=2725 steer=1550 m1=3318/180400 i1=772 t1=30 m2=-3229/-163350 i2=407 t2=29 steerMode=8525/-3456 iSteer=589232 driveMode=171875/172350 iDrive=182572 scale=0 wheel=500000
run=1 step=0 angle=176 target=358242 err=-1934 steer=-150 m1=3419/171050 i1=-415 t1=30 m2=-3185/-172700 i2=-772 t2=29 steerMode=-825/10812 iSteer=-593164 driveMode=171875/172840 iDrive=178662 scale=0 wheel=500000
run=1 step=0 angle=357715 target=358242 err=527 steer=-1000 m1=3038/166375 i1=518 t1=30 m2=-3543/-177375 i2=162 t2=29 steerMode=-5500/-12823 iSteer=339846 driveMode=171875/172684 iDrive=177851 scale=0 wheel=500000
run=1 step=0 angle=357012 target=358242 err=1230 steer=2000 m1=3528/182875 i1=258 t1=30 m2=-3014/-160875 i2=-95 t2=29 steerMode=11000/9357 iSteer=81260 driveMode=171875/172654 iDrive=176375 scale=0 wheel=500000
run=1 step=0 angle=264 target=358242 err=-2021 steer=-2000 m1=3076/160875 i1=-240 t1=30 m2=-3470/-182875 i2=-589 t2=29 steerMode=-11000/-3259 iSteer=-414618 driveMode=171875/172755 iDrive=174426 scale=0 wheel=500000
run=1 step=0 angle=354639 target=358242 err=3604 steer=1450 m1=3302/179850 i1=800 t1=30 m2=-3234/-163900 i2=454 t2=29 steerMode=7975/-4755 iSteer=626891 driveMode=171875/172574 iDrive=173367 scale=0 wheel=500000
run=1 step=0 angle=176 target=358242 err=-1934 steer=-150 m1=3396/171050 i1=-459 t1=30 m2=-3125/-172700 i2=-815 t2=29 steerMode=-825/11682 iSteer=-636837 driveMode=171875/171686 iDrive=177665 scale=0 wheel=500000
run=1 step=0 angle=357539 target=358242 err=703 steer=-1000 m1=3009/166375 i1=531 t1=30 m2=-3522/-177375 i2=175 t2=29 steerMode=-5500/-13102 iSteer=353246 driveMode=171875/171667 iDrive=178047 scale=0 wheel=500000
run=1 step=0 angle=356836 target=358242 err=1406 steer=2000 m1=3513/182875 i1=278 t1=30 m2=-3010/-160875 i2=-86 t2=29 steerMode=11000/9062 iSteer=95996 driveMode=171875/171183 iDrive=181612 scale=0 wheel=500000
run=1 step=0 angle=176 target=358242 err=-1934 steer=-2000 m1=3069/160875 i1=-246 t1=30 m2=-3451/-182875 i2=-619 t2=29 steerMode=-11000/-2917 iSteer=-432489 driveMode=171875/170601 iDrive=186641 scale=0 wheel=500000
run=1 step=0 angle=354727 target=358242 err=3516 steer=1500 m1=3302/180125 i1=810 t1=30 m2=-3213/-163625 i2=440 t2=29 steerMode=8250/-4443 iSteer=625026 driveMode=171875/171160 iDrive=185325 scale=0 wheel=500000
run=1 step=0 angle=0 target=358242 err=-1758 steer=150 m1=3398/172700 i1=-371 t1=30 m2=-3089/-171050 i2=-740 t2=29 steerMode=825/11738 iSteer=-555508 driveMode=171875/171512 iDrive=184866 scale=0 wheel=500000
run=1 step=0 angle=357539 target=358242 err=703 steer=-1250 m1=3007/165000 i1=412 t1=30 m2=-3512/-178750 i2=45 t2=29 steerMode=-6875/-11980 iSteer=228267 driveMode=171875/171804 iDrive=183447 scale=0 wheel=500000
run=1 step=0 angle=356397 target=358242 err=1846 steer=2000 m1=3513/182875 i1=352 t1=30 m2=-3066/-160875 i2=-12 t2=29 steerMode=11000/7584 iSteer=170287 driveMode=171875/172069 iDrive=182048 scale=0 wheel=500000
run=1 step=0 angle=1055 target=358242 err=-2813 steer=-2000 m1=3157/160875 i1=-433 t1=30 m2=-3359/-182875 i2=-799 t2=29 steerMode=-11000/832 iSteer=-616049 driveMode=171875/171791 iDrive=183271 scale=0 wheel=500000
run=1 step=0 angle=355430 target=358242 err=2813 steer=950 m1=3222/177100 i1=845 t1=30 m2=-3332/-166650 i2=488 t2=29 steerMode=5225/-8336 iSteer=666185 driveMode=171875/172565 iDrive=178597 scale=0 wheel=500000
run=1 step=0 angle=359736 target=358242 err=-1494 steer=400 m1=3475/174075 i1=-377 t1=30 m2=-3049/-169675 i2=-740 t2=29 steerMode=2200/13238 iSteer=-558587 driveMode=171875/171887 iDrive=181496 scale=0 wheel=500000
run=1 step=0 angle=358154 target=358242 err=88 steer=-1600 m1=3000/163075 i1=301 t1=30 m2=-3562/-180675 i2=-51 t2=29 steerMode=-8800/-11841 iSteer=125112 driveMode=171875/172766 iDrive=176232 scale=0 wheel=500000
run=1 step=0 angle=355781 target=358242 err=2461 steer=2000 m1=3519/182875 i1=434 t1=30 m2=-3047/-160875 i2=84 t2=29 steerMode=11000/5830 iSteer=258785 driveMode=171875/172683 iDrive=175020 scale=0 wheel=500000
run=1 step=0 angle=1055 target=358242 err=-2813 steer=-1550 m1=3235/163350 i1=-467 t1=30 m2=-3296/-180400 i2=-819 t2=29 steerMode=-8525/3953 iSteer=-643089 driveMode=171875/172272 iDrive=175800 scale=0 wheel=500000
run=1 step=0 angle=356309 target=358242 err=1934 steer=600 m1=3199/175175 i1=823 t1=30 m2=-3376/-168575 i2=477 t2=29 steerMode=3300/-9973 iSteer=650081 driveMode=171875/172564 iDrive=173103 scale=0 wheel=500000
run=1 step=0 angle=359736 target=358242 err=-1494 steer=300 m1=3459/173525 i1=-379 t1=30 m2=-3079/-170225 i2=-732 t2=29 steerMode=1650/12640 iSteer=-555743 driveMode=171875/171801 iDrive=176371 scale=0 wheel=500000
run=1 step=0 angle=357803 target=358242 err=439 steer=-1150 m1=3025/165550 i1=433 t1=30 m2=-3560/-178200 i2=89 t2=29 steerMode=-6325/-12039 iSteer=261135 driveMode=171875/172620 iDrive=171675 scale=0 wheel=500000
run=1 step=0 angle=357012 target=358242 err=1230 steer=2000 m1=3511/182875 i1=292 t1=30 m2=-3018/-160875 i2=-54 t2=29 steerMode=11000/8646 iSteer=118680 driveMode=171875/172154 iDrive=173079 scale=0 wheel=500000
run=1 step=0 angle=703 target=358242 err=-2461 steer=-2000 m1=3101/160875 i1=-270 t1=30 m2=-3443/-182875 i2=-615 t2=29 steerMode=-11000/-2656 iSteer=-442731 driveMode=171875/172122 iDrive=172675 scale=0 wheel=500000
run=1 step=0 angle=355605 target=358242 err=2637 steer=1550 m1=3306/180400 i1=816 t1=30 m2=-3202/-163350 i2=471 t2=29 steerMode=8525/-4495 iSteer=643750 driveMode=171875/172049 iDrive=172438 scale=0 wheel=500000
run=1 step=0 angle=439 target=358242 err=-2197 steer=-400 m1=3335/169675 i1=-500 t1=30 m2=-3119/-174075 i2=-863 t2=29 steerMode=-2200/11183 iSteer=-681347 driveMode=171875/170485 iDrive=181275 scale=0 wheel=500000
run=1 step=0 angle=357275 target=358242 err=967 steer=-700 m1=3007/168025 i1=638 t1=30 m2=-3495/-175725 i2=276 t2=29 steerMode=-3850/-13456 iSteer=456722 driveMode=171875/170994 iDrive=180970 scale=0 wheel=500000
run=1 step=0 angle=357803 target=358242 err=439 steer=1900 m1=3488/182325 i1=156 t1=30 m2=-2955/-161425 i2=-215 t2=29 steerMode=10450/11030 iSteer=-29871 driveMode=171875/170489 iDrive=185400 scale=0 wheel=500000
run=1 step=0 angle=527 target=358242 err=-2285 steer=-2000 m1=3034/160875 i1=-177 t1=30 m2=-3464/-182875 i2=-545 t2=29 steerMode=-11000/-4326 iSteer=-360924 driveMode=171875/171149 iDrive=184131 scale=0 wheel=500000
run=1 step=0 angle=355605 target=358242 err=2637 steer=1400 m1=3310/179575 i1=797 t1=30 m2=-3232/-164175 i2=431 t2=29 steerMode=7700/-4761 iSteer=613844 driveMode=171875/171560 iDrive=182869 scale=0 wheel=500000
run=1 step=0 angle=352 target=358242 err=-2109 steer=-400 m1=3387/169675 i1=-485 t1=30 m2=-3148/-174075 i2=-850 t2=29 steerMode=-2200/10892 iSteer=-667261 driveMode=171875/171692 iDrive=182427 scale=0 wheel=500000
run=1 step=0 angle=356924 target=358242 err=1318 steer=-600 m1=3051/168575 i1=650 t1=30 m2=-3508/-175175 i2=298 t2=29 steerMode=-3300/-13238 iSteer=473572 driveMode=171875/172860 iDrive=175989 scale=0 wheel=500000
run=1 step=0 angle=357891 target=358242 err=352 steer=1850 m1=3526/182050 i1=108 t1=30 m2=-2970/-161700 i2=-255 t2=29 steerMode=10175/11622 iSteer=-73576 driveMode=171875/171576 iDrive=181350 scale=0 wheel=500000
run=1 step=0 angle=352 target=358242 err=-2109 steer=-2000 m1=3067/160875 i1=-163 t1=30 m2=-3491/-182875 i2=-525 t2=29 steerMode=-11000/-4691 iSteer=-343691 driveMode=171875/171821 iDrive=181051 scale=0 wheel=500000
run=1 step=0 angle=355430 target=358242 err=2813 steer=1350 m1=3291/179300 i1=793 t1=30 m2=-3238/-164450 i2=434 t2=29 steerMode=7425/-5053 iSteer=613187 driveMode=171875/172064 iDrive=179461 scale=0 wheel=500000
run=1 step=0 angle=359736 target=358242 err=-1494 steer=-150 m1=3408/171050 i1=-435 t1=30 m2=-3148/-172700 i2=-794 t2=29 steerMode=-825/11236 iSteer=-614433 driveMode=171875/172048 iDrive=179522 scale=0 wheel=500000
run=1 step=0 angle=357363 target=358242 err=879 steer=-1000 m1=3042/166375 i1=530 t1=30 m2=-3539/-177375 i2=172 t2=29 steerMode=-5500/-13038 iSteer=350893 driveMode=171875/172146 iDrive=179118 scale=0 wheel=500000
run=1 step=0 angle=357100 target=358242 err=1143 steer=2000 m1=3513/182875 i1=242 t1=30 m2=-3001/-160875 i2=-122 t2=29 steerMode=11000/9772 iSteer=59893 driveMode=171875/171521 iDrive=182368 scale=0 wheel=500000
run=1 step=0 angle=88 target=358242 err=-1846 steer=-2000 m1=3078/160875 i1=-210 t1=30 m2=-3489/-182875 i2=-567 t2=29 steerMode=-11000/-3785 iSteer=-388804 driveMode=171875/172314 iDrive=178597 scale=0 wheel=500000
run=1 step=0 angle=354814 target=358242 err=3428 steer=1600 m1=3312/180675 i1=788 t1=30 m2=-3217/-163075 i2=428 t2=29 steerMode=8800/-3531 iSteer=607594 driveMode=171875/171781 iDrive=180086 scale=0 wheel=500000
run=1 step=0 angle=264 target=358242 err=-2021 steer=-350 m1=3369/169950 i1=-469 t1=30 m2=-3131/-173800 i2=-838 t2=29 steerMode=-1925/10874 iSteer=-653433 driveMode=171875/171085 iDrive=184253 scale=0 wheel=500000
run=1 step=0 angle=356924 target=358242 err=1318 steer=-800 m1=3017/167475 i1=584 t1=30 m2=-3520/-176275 i2=222 t2=29 steerMode=-4400/-12979 iSteer=403002 driveMode=171875/171836 iDrive=181190 scale=0 wheel=500000
run=1 step=0 angle=357012 target=358242 err=1230 steer=2000 m1=3521/182875 i1=227 t1=30 m2=-2993/-160875 i2=-145 t2=29 steerMode=11000/10141 iSteer=41190 driveMode=171875/171076 iDrive=185818 scale=0 wheel=500000
run=1 step=0 angle=264 target=358242 err=-2021 steer=-2000 m1=3069/160875 i1=-224 t1=30 m2=-3447/-182875 i2=-599 t2=29 steerMode=-11000/-3342 iSteer=-411541 driveMode=171875/171114 iDrive=187318 scale=0 wheel=500000
run=1 step=0 angle=355166 target=358242 err=3076 steer=1400 m1=3293/179575 i1=799 t1=30 m2=-3208/-164175 i2=427 t2=29 steerMode=7700/-4780 iSteer=613009 driveMode=171875/171426 iDrive=186265 scale=0 wheel=500000
run=1 step=0 angle=352 target=358242 err=-2109 steer=350 m1=3423/173800 i1=-329 t1=30 m2=-3110/-169950 i2=-698 t2=29 steerMode=1925/12014 iSteer=-513674 driveMode=171875/171875 iDrive=184517 scale=0 wheel=500000
run=1 step=0 angle=358330 target=358242 err=-88 steer=-1650 m1=3042/162800 i1=272 t1=30 m2=-3497/-180950 i2=-87 t2=29 steerMode=-9075/-11488 iSteer=92446 driveMode=171875/172563 iDrive=179938 scale=0 wheel=500000
run=1 step=0 angle=355957 target=358242 err=2285 steer=2000 m1=3513/182875 i1=448 t1=30 m2=-3056/-160875 i2=89 t2=29 steerMode=11000/5591 iSteer=268537 driveMode=171875/172482 iDrive=179607 scale=0 wheel=500000
run=1 step=0 angle=1318 target=358242 err=-3076 steer=-1750 m1=3191/162250 i1=-457 t1=30 m2=-3351/-181500 i2=-813 t2=29 steerMode=-9625/2619 iSteer=-634757 driveMode=171875/172570 iDrive=177864 scale=0 wheel=500000
run=1 step=0 angle=355957 target=358242 err=2285 steer=850 m1=3207/176550 i1=835 t1=30 m2=-3321/-167200 i2=483 t2=29 steerMode=4675/-8778 iSteer=658942 driveMode=171875/172556 iDrive=175949 scale=0 wheel=500000
run=1 step=0 angle=88 target=358242 err=-1846 steer=250 m1=3436/173250 i1=-376 t1=30 m2=-3106/-170500 i2=-733 t2=29 steerMode=1375/12303 iSteer=-554515 driveMode=171875/172026 iDrive=178257 scale=0 wheel=500000
run=1 step=0 angle=358066 target=358242 err=176 steer=-1250 m1=3046/165000 i1=389 t1=30 m2=-3535/-178750 i2=45 t2=29 steerMode=-6875/-11751 iSteer=217076 driveMode=171875/172962 iDrive=172133 scale=0 wheel=500000
run=1 step=0 angle=356484 target=358242 err=1758 steer=2000 m1=3492/182875 i1=331 t1=30 m2=-3022/-160875 i2=-22 t2=29 steerMode=11000/7887 iSteer=154453 driveMode=171875/172014 iDrive=176098 scale=0 wheel=500000
run=1 step=0 angle=1143 target=358242 err=-2900 steer=-1900 m1=3178/161425 i1=-448 t1=30 m2=-3361/-182325 i2=-800 t2=29 steerMode=-10450/1578 iSteer=-624202 driveMode=171875/172000 iDrive=175941 scale=0 wheel=500000
run=1 step=0 angle=356045 target=358242 err=2197 steer=600 m1=3184/175175 i1=815 t1=30 m2=-3374/-168575 i2=462 t2=29 steerMode=3300/-9763 iSteer=638456 driveMode=171875/171943 iDrive=176168 scale=0 wheel=500000
run=1 step=0 angle=359648 target=358242 err=-1406 steer=650 m1=3486/175450 i1=-292 t1=30 m2=-3079/-168300 i2=-644 t2=29 steerMode=3575/12833 iSteer=-468337 driveMode=171875/171981 iDrive=176095 scale=0 wheel=500000
run=1 step=0 angle=358770 target=358242 err=-527 steer=-2000 m1=3036/160875 i1=131 t1=30 m2=-3552/-182875 i2=-212 t2=29 steerMode=-11000/-10732 iSteer=-40467 driveMode=171875/172668 iDrive=171496 scale=0 wheel=500000
run=1 step=0 angle=355430 target=358242 err=2813 steer=2000 m1=3471/182875 i1=554 t1=30 m2=-3068/-160875 i2=206 t2=29 steerMode=11000/3373 iSteer=380175 driveMode=171875/172015 iDrive=174283 scale=0 wheel=500000
run=1 step=0 angle=703 target=358242 err=-2461 steer=-1300 m1=3272/164725 i1=-505 t1=30 m2=-3282/-179025 i2=-851 t2=29 steerMode=-7150/6045 iSteer=-677698 driveMode=171875/172151 iDrive=173004 scale=0 wheel=500000
run=1 step=0 angle=355957 target=358242 err=2285 steer=150 m1=3124/172700 i1=789 t1=30 m2=-3432/-171050 i2=440 t2=29 steerMode=825/-11820 iSteer=614618 driveMode=171875/171887 iDrive=174123 scale=0 wheel=500000
run=1 step=0 angle=358682 target=358242 err=-439 steer=1150 m1=3498/178200 i1=-174 t1=30 m2=-2978/-165550 i2=-530 t2=29 steerMode=6325/13327 iSteer=-352173 driveMode=171875/171228 iDrive=177883 scale=0 wheel=500000
run=1 step=0 angle=359824 target=358242 err=-1582 steer=-2000 m1=3028/160875 i1=51 t1=30 m2=-3527/-182875 i2=-299 t2=29 steerMode=-11000/-9069 iSteer=-123595 driveMode=171875/171921 iDrive=175015 scale=0 wheel=500000
run=1 step=0 angle=356133 target=358242 err=2109 steer=2000 m1=3444/182875 i1=577 t1=30 m2=-3095/-160875 i2=226 t2=29 steerMode=11000/2951 iSteer=401342 driveMode=171875/171786 iDrive=175588 scale=0 wheel=500000
run=1 step=0 angle=791 target=358242 err=-2549 steer=-1450 m1=3214/163900 i1=-493 t1=30 m2=-3286/-179850 i2=-850 t2=29 steerMode=-7975/5090 iSteer=-671665 driveMode=171875/171302 iDrive=178527 scale=0 wheel=500000
run=1 step=0 angle=355781 target=358242 err=2461 steer=150 m1=3107/172700 i1=774 t1=30 m2=-3380/-171050 i2=410 t2=29 steerMode=825/-11358 iSteer=591693 driveMode=171875/170931 iDrive=182023 scale=0 wheel=500000
run=1 step=0 angle=358857 target=358242 err=-615 steer=900 m1=3500/176825 i1=-235 t1=30 m2=-2957/-166925 i2=-607 t2=29 steerMode=4950/13313 iSteer=-421108 driveMode=171875/170547 iDrive=186004 scale=0 wheel=500000
run=1 step=0 angle=359297 target=358242 err=-1055 steer=-2000 m1=3011/160875 i1=105 t1=30 m2=-3501/-182875 i2=-271 t2=29 steerMode=-11000/-9895 iSteer=-83074 driveMode=171875/170675 iDrive=188177 scale=0 wheel=500000
run=1 step=0 angle=355781 target=358242 err=2461 steer=2000 m1=3431/182875 i1=580 t1=30 m2=-3045/-160875 i2=197 t2=29 steerMode=11000/3204 iSteer=388413 driveMode=171875/170435 iDrive=191581 scale=0 wheel=500000
run=1 step=0 angle=879 target=358242 err=-2637 steer=-1350 m1=3228/164450 i1=-466 t1=30 m2=-3298/-179300 i2=-844 t2=29 steerMode=-7425/5314 iSteer=-655403 driveMode=171875/171321 iDrive=189048 scale=0 wheel=500000
run=1 step=0 angle=355869 target=358242 err=2373 steer=150 m1=3118/172700 i1=801 t1=30 m2=-3420/-171050 i2=425 t2=29 steerMode=825/-11796 iSteer=613088 driveMode=171875/171649 iDrive=187998 scale=0 wheel=500000
run=1 step=0 angle=358594 target=358242 err=-352 steer=1400 m1=3536/179575 i1=-89 t1=30 m2=-2995/-164175 i2=-460 t2=29 steerMode=7700/13176 iSteer=-274678 driveMode=171875/172143 iDrive=185553 scale=0 wheel=500000
run=1 step=0 angle=703 target=358242 err=-2461 steer=-2000 m1=3013/160875 i1=-22 t1=30 m2=-3499/-182875 i2=-405 t2=29 steerMode=-11000/-7300 iSteer=-213431 driveMode=171875/171240 iDrive=191142 scale=0 wheel=500000
run=1 step=0 angle=356045 target=358242 err=2197 steer=1850 m1=3375/182050 i1=766 t1=30 m2=-3167/-161700 i2=391 t2=29 steerMode=10175/-1532 iSteer=578606 driveMode=171875/171995 iDrive=187399 scale=0 wheel=500000
run=1 step=0 angle=791 target=358242 err=-2549 steer=-900 m1=3327/166925 i1=-490 t1=30 m2=-3244/-176825 i2=-863 t2=29 steerMode=-4950/8234 iSteer=-676229 driveMode=171875/172055 iDrive=186721 scale=0 wheel=500000
run=1 step=0 angle=356221 target=358242 err=2021 steer=-100 m1=3101/171325 i1=746 t1=30 m2=-3434/-172425 i2=383 t2=29 steerMode=-550/-12267 iSteer=564530 driveMode=171875/172809 iDrive=181939 scale=0 wheel=500000
run=1 step=0 angle=358770 target=358242 err=-527 steer=1150 m1=3542/178200 i1=-125 t1=30 m2=-3039/-165550 i2=-485 t2=29 steerMode=6325/12357 iSteer=-304805 driveMode=171875/172886 iDrive=180016 scale=0 wheel=500000
run=1 step=0 angle=359648 target=358242 err=-1406 steer=-2000 m1=3057/160875 i1=27 t1=30 m2=-3545/-182875 i2=-329 t2=29 steerMode=-11000/-8565 iSteer=-151310 driveMode=171875/172975 iDrive=178070 scale=0 wheel=500000
run=1 step=0 angle=355957 target=358242 err=2285 steer=2000 m1=3486/182875 i1=570 t1=30 m2=-3100/-160875 i2=216 t2=29 steerMode=11000/3090 iSteer=393074 driveMode=171875/172828 iDrive=176645 scale=0 wheel=500000
run=1 step=0 angle=791 target=358242 err=-2549 steer=-1600 m1=3210/163075 i1=-479 t1=30 m2=-3321/-180675 i2=-840 t2=29 steerMode=-8800/3945 iSteer=-659397 driveMode=171875/171995 iDrive=180281 scale=0 wheel=500000
run=1 step=0 angle=356133 target=358242 err=2109 steer=400 m1=3149/174075 i1=795 t1=30 m2=-3393/-169675 i2=439 t2=29 steerMode=2200/-10479 iSteer=616825 driveMode=171875/172256 iDrive=178130 scale=0 wheel=500000
run=1 step=0 angle=359385 target=358242 err=-1143 steer=900 m1=3490/176825 i1=-225 t1=30 m2=-3003/-166925 i2=-582 t2=29 steerMode=4950/12926 iSteer=-403465 driveMode=171875/172095 iDrive=178630 scale=0 wheel=500000
run=1 step=0 angle=359297 target=358242 err=-1055 steer=-2000 m1=3028/160875 i1=84 t1=30 m2=-3524/-182875 i2=-272 t2=29 steerMode=-11000/-9699 iSteer=-93840 driveMode=171875/172104 iDrive=178052 scale=0 wheel=500000
run=1 step=0 angle=355869 target=358242 err=2373 steer=2000 m1=3467/182875 i1=562 t1=30 m2=-3070/-160875 i2=207 t2=29 steerMode=11000/3265 iSteer=384645 driveMode=171875/172111 iDrive=177498 scale=0 wheel=500000
run=1 step=0 angle=879 target=358242 err=-2637 steer=-1600 m1=3180/163075 i1=-472 t1=30 m2=-3340/-180675 i2=-838 t2=29 steerMode=-8800/3868 iSteer=-655189 driveMode=171875/171215 iDrive=182913 scale=0 wheel=500000
run=1 step=0 angle=355781 target=358242 err=2461 steer=550 m1=3184/174900 i1=825 t1=30 m2=-3361/-168850 i2=466 t2=29 steerMode=3025/-10193 iSteer=645508 driveMode=171875/171917 iDrive=179761 scale=0 wheel=500000
run=1 step=0 angle=359736 target=358242 err=-1494 steer=500 m1=3457/174625 i1=-343 t1=30 m2=-3016/-169125 i2=-720 t2=29 steerMode=2750/13234 iSteer=-531237 driveMode=171875/170456 iDrive=188414 scale=0 wheel=500000
run=1 step=0 angle=358594 target=358242 err=-352 steer=-1850 m1=3000/161700 i1=212 t1=30 m2=-3518/-182050 i2=-156 t2=29 steerMode=-10175/-11311 iSteer=27950 driveMode=171875/171607 iDrive=183987 scale=0 wheel=500000
run=1 step=0 angle=355342 target=358242 err=2900 steer=2000 m1=3473/182875 i1=513 t1=30 m2=-3058/-160875 i2=146 t2=29 steerMode=11000/4372 iSteer=329266 driveMode=171875/171741 iDrive=183666 scale=0 wheel=500000
run=1 step=0 angle=176 target=358242 err=-1934 steer=-1200 m1=3251/165275 i1=-458 t1=30 m2=-3282/-178475 i2=-825 t2=29 steerMode=-6600/5851 iSteer=-641384 driveMode=171875/171859 iDrive=183465 scale=0 wheel=500000
run=1 step=0 angle=356045 target=358242 err=2197 steer=150 m1=3130/172700 i1=785 t1=30 m2=-3416/-171050 i2=429 t2=29 steerMode=825/-11692 iSteer=607356 driveMode=171875/172763 iDrive=177972 scale=0 wheel=500000
run=1 step=0 angle=359121 target=358242 err=-879 steer=1000 m1=3507/177375 i1=-195 t1=30 m2=-3060/-166375 i2=-560 t2=29 steerMode=5500/12956 iSteer=-377456 driveMode=171875/171796 iDrive=182310 scale=0 wheel=500000
run=1 step=0 angle=359209 target=358242 err=-967 steer=-2000 m1=3046/160875 i1=70 t1=30 m2=-3541/-182875 i2=-283 t2=29 steerMode=-11000/-9434 iSteer=-106694 driveMode=171875/172823 iDrive=176312 scale=0 wheel=500000
run=1 step=0 angle=355869 target=358242 err=2373 steer=2000 m1=3444/182875 i1=567 t1=30 m2=-3112/-160875 i2=214 t2=29 steerMode=11000/3133 iSteer=390639 driveMode=171875/172497 iDrive=176306 scale=0 wheel=500000
run=1 step=0 angle=791 target=358242 err=-2549 steer=-1450 m1=3237/163900 i1=-483 t1=30 m2=-3338/-179850 i2=-830 t2=29 steerMode=-7975/4758 iSteer=-656653 driveMode=171875/172704 iDrive=173758 scale=0 wheel=500000
run=1 step=0 angle=355781 target=358242 err=2461 steer=350 m1=3161/173800 i1=800 t1=30 m2=-3395/-169950 i2=464 t2=29 steerMode=1925/-11048 iSteer=631777 driveMode=171875/173345 iDrive=168267 scale=0 wheel=500000
run=1 step=0 angle=358857 target=358242 err=-615 steer=1000 m1=3521/177375 i1=-236 t1=30 m2=-3003/-166375 i2=-584 t2=29 steerMode=5500/13611 iSteer=-409625 driveMode=171875/171909 iDrive=174065 scale=0 wheel=500000
run=1 step=0 angle=359561 target=358242 err=-1318 steer=-2000 m1=3032/160875 i1=84 t1=30 m2=-3543/-182875 i2=-254 t2=29 steerMode=-11000/-9851 iSteer=-85100 driveMode=171875/172859 iDrive=168622 scale=0 wheel=500000
run=1 step=0 angle=356045 target=358242 err=2197 steer=2000 m1=3421/182875 i1=565 t1=30 m2=-3062/-160875 i2=217 t2=29 steerMode=11000/3138 iSteer=391090 driveMode=171875/171596 iDrive=174054 scale=0 wheel=500000
run=1 step=0 angle=1143 target=358242 err=-2900 steer=-950 m1=3287/166650 i1=-446 t1=30 m2=-3267/-177100 i2=-790 t2=29 steerMode=-5225/6831 iSteer=-618006 driveMode=171875/172008 iDrive=171988 scale=0 wheel=500000
run=1 step=0 angle=356309 target=358242 err=1934 steer=-400 m1=3061/169675 i1=671 t1=30 m2=-3474/-174075 i2=325 t2=29 steerMode=-2200/-12582 iSteer=498202 driveMode=171875/171773 iDrive=173046 scale=0 wheel=500000
run=1 step=0 angle=358154 target=358242 err=88 steer=1700 m1=3513/181225 i1=40 t1=30 m2=-2997/-162525 i2=-312 t2=29 steerMode=9350/12063 iSteer=-136177 driveMode=171875/171376 iDrive=175918 scale=0 wheel=500000
run=1 step=0 angle=527 target=358242 err=-2285 steer=-2000 m1=3051/160875 i1=-119 t1=30 m2=-3499/-182875 i2=-465 t2=29 steerMode=-11000/-5690 iSteer=-291862 driveMode=171875/172033 iDrive=173161 scale=0 wheel=500000
run=1 step=0 angle=355957 target=358242 err=2285 steer=1800 m1=3335/181775 i1=770 t1=30 m2=-3162/-161975 i2=412 t2=29 steerMode=9900/-2047 iSteer=590867 driveMode=171875/170940 iDrive=179211 scale=0 wheel=500000
STEP_FAIL: timeout step=0 target=500 cmd=500000 measured=496624 angleErr=2285
STOP: staircase complete
