START: angle=48955 target=138955 wheelTarget=500 step=0 count=1
run=1 step=0 angle=49922 target=138955 err=89033 steer=5000 m1=8/34375 i1=1144 t1=30 m2=353/20625 i2=987 t2=29 steerMode=27500/6914 iSteer=1065477 driveMode=6875/-6750 iDrive=78166 scale=0 wheel=20000
run=1 step=0 angle=60645 target=138955 err=78311 steer=5000 m1=439/40769 i1=197 t1=30 m2=577/14231 i2=-85 t2=29 steerMode=27500/27496 iSteer=55745 driveMode=13269/-5965 iDrive=140934 scale=0 wheel=38600
run=1 step=0 angle=71455 target=138955 err=67500 steer=5000 m1=579/47163 i1=410 t1=30 m2=315/7837 i2=103 t2=29 steerMode=27500/23634 iSteer=256327 driveMode=19663/4377 iDrive=153190 scale=0 wheel=57200
run=1 step=0 angle=82090 target=138955 err=56865 steer=5000 m1=740/53556 i1=396 t1=30 m2=140/1444 i2=70 t2=29 steerMode=27500/24281 iSteer=232957 driveMode=26056/13905 iDrive=163069 scale=0 wheel=75800
run=1 step=0 angle=93252 target=138955 err=45703 steer=5000 m1=927/59950 i1=384 t1=30 m2=18/-4950 i2=42 t2=29 steerMode=27500/24839 iSteer=212918 driveMode=32450/22738 iDrive=170858 scale=0 wheel=94400
run=1 step=0 angle=104502 target=138955 err=34453 steer=5000 m1=1029/66344 i1=287 t1=30 m2=0/-11344 i2=-109 t2=29 steerMode=27500/27393 iSteer=88884 driveMode=38844/27430 iDrive=197977 scale=0 wheel=112999
run=1 step=0 angle=116016 target=138955 err=22939 steer=5000 m1=1054/72737 i1=383 t1=30 m2=0/-17737 i2=-141 t2=29 steerMode=27500/26825 iSteer=121196 driveMode=45237/26948 iDrive=262004 scale=0 wheel=131599
run=1 step=0 angle=128936 target=138955 err=10020 steer=5000 m1=1173/79062 i1=270 t1=30 m2=-26/-24062 i2=-353 t2=29 steerMode=27500/30006 iSteer=-41546 driveMode=51562/30572 iDrive=311295 scale=0 wheel=149999
run=1 step=0 angle=138516 target=138955 err=439 steer=400 m1=880/60087 i1=-249 t1=30 m2=-503/-55687 i2=-955 t2=29 steerMode=2200/15334 iSteer=-602235 driveMode=57887/36349 iDrive=353003 scale=0 wheel=168399
run=1 step=0 angle=138691 target=138955 err=264 steer=0 m1=832/64212 i1=452 t1=30 m2=-779/-64212 i2=-345 t2=29 steerMode=0/-173 iSteer=53478 driveMode=64212/41643 iDrive=398955 scale=0 wheel=186798
run=1 step=0 angle=139395 target=138955 err=-439 steer=0 m1=1050/70606 i1=374 t1=30 m2=-969/-70606 i2=-464 t2=29 steerMode=0/1702 iSteer=-44854 driveMode=70606/51783 iDrive=419275 scale=0 wheel=205398
run=1 step=0 angle=139834 target=138955 err=-879 steer=-439 m1=1243/74582 i1=414 t1=30 m2=-1352/-79416 i2=-423 t2=29 steerMode=-2417/-1649 iSteer=-4841 driveMode=76999/64285 iDrive=418444 scale=0 wheel=223998
run=1 step=0 angle=138955 target=138955 err=0 steer=0 m1=1548/83324 i1=442 t1=30 m2=-1501/-83324 i2=-358 t2=29 steerMode=0/-165 iSteer=41870 driveMode=83324/77592 iDrive=400081 scale=0 wheel=242398
run=1 step=0 angle=139482 target=138955 err=-527 steer=-264 m1=1726/88268 i1=291 t1=30 m2=-1712/-91168 i2=-480 t2=29 steerMode=-1450/1020 iSteer=-94465 driveMode=89718/88105 iDrive=385529 scale=0 wheel=260998
run=1 step=0 angle=139570 target=138955 err=-615 steer=-308 m1=1845/94351 i1=375 t1=30 m2=-1861/-97735 i2=-378 t2=29 steerMode=-1692/-1158 iSteer=-1512 driveMode=96043/96533 iDrive=376064 scale=0 wheel=279399
run=1 step=0 angle=139307 target=138955 err=-352 steer=0 m1=2059/102369 i1=329 t1=30 m2=-2003/-102369 i2=-390 t2=29 steerMode=0/1094 iSteer=-30328 driveMode=102369/105436 iDrive=359784 scale=0 wheel=297800
run=1 step=0 angle=139658 target=138955 err=-703 steer=-352 m1=2142/106829 i1=308 t1=30 m2=-2204/-110696 i2=-389 t2=29 steerMode=-1934/-752 iSteer=-40445 driveMode=108763/112689 iDrive=348696 scale=0 wheel=316401
run=1 step=0 angle=139131 target=138955 err=-176 steer=0 m1=2333/115088 i1=363 t1=30 m2=-2313/-115088 i2=-298 t2=29 steerMode=0/-300 iSteer=32913 driveMode=115088/120877 iDrive=330451 scale=0 wheel=334802
run=1 step=0 angle=139219 target=138955 err=-264 steer=0 m1=2498/121482 i1=292 t1=30 m2=-2476/-121482 i2=-328 t2=29 steerMode=0/681 iSteer=-18113 driveMode=121482/128839 iDrive=310094 scale=0 wheel=353403
run=1 step=0 angle=139570 target=138955 err=-615 steer=-308 m1=2506/126184 i1=288 t1=30 m2=-2564/-129568 i2=-337 t2=29 steerMode=-1692/-978 iSteer=-24647 driveMode=127876/132608 iDrive=312619 scale=0 wheel=372004
run=1 step=0 angle=139307 target=138955 err=-352 steer=0 m1=2676/134202 i1=290 t1=30 m2=-2618/-134202 i2=-326 t2=29 steerMode=0/597 iSteer=-17564 driveMode=134202/138245 iDrive=308030 scale=0 wheel=390405
run=1 step=0 angle=139658 target=138955 err=-703 steer=-352 m1=2722/138662 i1=237 t1=30 m2=-2782/-142529 i2=-383 t2=29 steerMode=-1934/-332 iSteer=-72845 driveMode=140596/143077 iDrive=309841 scale=0 wheel=409006
run=1 step=0 angle=139307 target=138955 err=-352 steer=0 m1=2892/146921 i1=320 t1=30 m2=-2897/-146921 i2=-284 t2=29 steerMode=0/-203 iSteer=18094 driveMode=146921/150007 iDrive=302034 scale=0 wheel=427407
run=1 step=0 angle=139307 target=138955 err=-352 steer=0 m1=2969/153315 i1=270 t1=30 m2=-2985/-153315 i2=-334 t2=29 steerMode=0/749 iSteer=-32033 driveMode=153315/155374 iDrive=301779 scale=0 wheel=446008
run=1 step=0 angle=139395 target=138955 err=-439 steer=0 m1=3080/159709 i1=284 t1=30 m2=-3075/-159709 i2=-331 t2=29 steerMode=0/568 iSteer=-23530 driveMode=159709/160189 iDrive=307300 scale=0 wheel=464609
run=1 step=0 angle=139395 target=138955 err=-439 steer=-14 m1=3141/166028 i1=371 t1=30 m2=-3188/-166179 i2=-255 t2=29 steerMode=-75/-1222 iSteer=57929 driveMode=166103/165532 iDrive=313159 scale=0 wheel=483210
run=1 step=0 angle=139395 target=138955 err=-439 steer=0 m1=3323/171875 i1=275 t1=30 m2=-3280/-171875 i2=-342 t2=29 steerMode=0/688 iSteer=-33245 driveMode=171875/172328 iDrive=308514 scale=0 wheel=500000
run=1 step=0 angle=139482 target=138955 err=-527 steer=-264 m1=3360/170425 i1=239 t1=30 m2=-3416/-173325 i2=-317 t2=29 steerMode=-1450/-715 iSteer=-38951 driveMode=171875/177231 iDrive=278312 scale=0 wheel=500000
run=1 step=0 angle=139307 target=138955 err=-352 steer=0 m1=3488/171875 i1=187 t1=30 m2=-3430/-171875 i2=-303 t2=29 steerMode=0/1142 iSteer=-58107 driveMode=171875/181118 iDrive=244678 scale=0 wheel=500000
run=1 step=0 angle=139482 target=138955 err=-527 steer=-264 m1=3471/170425 i1=165 t1=30 m2=-3493/-173325 i2=-268 t2=29 steerMode=-1450/-520 iSteer=-51441 driveMode=171875/182938 iDrive=216906 scale=0 wheel=500000
run=1 step=0 angle=139131 target=138955 err=-176 steer=0 m1=3509/171875 i1=160 t1=30 m2=-3462/-171875 i2=-226 t2=29 steerMode=0/585 iSteer=-32759 driveMode=171875/183425 iDrive=192981 scale=0 wheel=500000
run=1 step=0 angle=139307 target=138955 err=-352 steer=0 m1=3471/171875 i1=148 t1=30 m2=-3441/-171875 i2=-211 t2=29 steerMode=0/536 iSteer=-31630 driveMode=171875/182062 iDrive=179626 scale=0 wheel=500000
run=1 step=0 angle=139219 target=138955 err=-264 steer=0 m1=3394/171875 i1=228 t1=30 m2=-3451/-171875 i2=-114 t2=29 steerMode=0/-1300 iSteer=57323 driveMode=171875/180398 iDrive=171076 scale=0 wheel=500000
run=1 step=0 angle=139219 target=138955 err=-264 steer=0 m1=3398/171875 i1=109 t1=30 m2=-3349/-171875 i2=-224 t2=29 steerMode=0/1009 iSteer=-57621 driveMode=171875/178346 iDrive=166501 scale=0 wheel=500000
run=1 step=0 angle=139395 target=138955 err=-439 steer=0 m1=3304/171875 i1=179 t1=30 m2=-3309/-171875 i2=-169 t2=29 steerMode=0/-269 iSteer=4946 driveMode=171875/175138 iDrive=174053 scale=0 wheel=500000
run=1 step=0 angle=139482 target=138955 err=-527 steer=-100 m1=3272/171325 i1=113 t1=30 m2=-3246/-172425 i2=-253 t2=29 steerMode=-550/661 iSteer=-70001 driveMode=171875/172554 iDrive=183080 scale=0 wheel=500000
run=1 step=0 angle=139219 target=138955 err=-264 steer=0 m1=3256/171875 i1=198 t1=30 m2=-3288/-171875 i2=-172 t2=29 steerMode=0/-463 iSteer=13064 driveMode=171875/172042 iDrive=185114 scale=0 wheel=500000
run=1 step=0 angle=139307 target=138955 err=-352 steer=0 m1=3235/171875 i1=177 t1=30 m2=-3236/-171875 i2=-207 t2=29 steerMode=0/81 iSteer=-14915 driveMode=171875/170832 iDrive=192100 scale=0 wheel=500000
run=1 step=0 angle=139307 target=138955 err=-352 steer=0 m1=3222/171875 i1=161 t1=30 m2=-3171/-171875 i2=-245 t2=29 steerMode=0/616 iSteer=-42007 driveMode=171875/169255 iDrive=203227 scale=0 wheel=500000
run=1 step=0 angle=139482 target=138955 err=-527 steer=-264 m1=3178/170425 i1=193 t1=30 m2=-3278/-173325 i2=-231 t2=29 steerMode=-1450/-1359 iSteer=-18978 driveMode=171875/168726 iDrive=211995 scale=0 wheel=500000
run=1 step=0 angle=139131 target=138955 err=-176 steer=0 m1=3241/171875 i1=154 t1=30 m2=-3194/-171875 i2=-273 t2=29 steerMode=0/944 iSteer=-59549 driveMode=171875/169264 iDrive=213806 scale=0 wheel=500000
run=1 step=0 angle=139219 target=138955 err=-264 steer=0 m1=3203/171875 i1=215 t1=30 m2=-3240/-171875 i2=-222 t2=29 steerMode=0/-206 iSteer=-3378 driveMode=171875/169326 iDrive=218741 scale=0 wheel=500000
run=1 step=0 angle=139219 target=138955 err=-264 steer=0 m1=3224/171875 i1=185 t1=30 m2=-3223/-171875 i2=-258 t2=29 steerMode=0/431 iSteer=-36203 driveMode=171875/169693 iDrive=221312 scale=0 wheel=500000
run=1 step=0 angle=139219 target=138955 err=-264 steer=0 m1=3268/171875 i1=212 t1=30 m2=-3265/-171875 i2=-223 t2=29 steerMode=0/-191 iSteer=-5360 driveMode=171875/171159 iDrive=217153 scale=0 wheel=500000
run=1 step=0 angle=139307 target=138955 err=-352 steer=0 m1=3249/171875 i1=211 t1=30 m2=-3248/-171875 i2=-226 t2=29 steerMode=0/-166 iSteer=-7177 driveMode=171875/171178 iDrive=218637 scale=0 wheel=500000
run=1 step=0 angle=139307 target=138955 err=-352 steer=0 m1=3279/171875 i1=179 t1=30 m2=-3221/-171875 i2=-259 t2=29 steerMode=0/499 iSteer=-40236 driveMode=171875/171344 iDrive=218848 scale=0 wheel=500000
run=1 step=0 angle=139570 target=138955 err=-615 steer=-308 m1=3233/170183 i1=146 t1=30 m2=-3317/-173567 i2=-291 t2=29 steerMode=-1692/-599 iSteer=-72562 driveMode=171875/171648 iDrive=218306 scale=0 wheel=500000
run=1 step=0 angle=139043 target=138955 err=-88 steer=0 m1=3289/171875 i1=180 t1=30 m2=-3275/-171875 i2=-241 t2=29 steerMode=0/289 iSteer=-30451 driveMode=171875/172917 iDrive=210401 scale=0 wheel=500000
run=1 step=0 angle=139131 target=138955 err=-176 steer=0 m1=3264/171875 i1=185 t1=30 m2=-3255/-171875 i2=-244 t2=29 steerMode=0/244 iSteer=-29826 driveMode=171875/171972 iDrive=214369 scale=0 wheel=500000
run=1 step=0 angle=139131 target=138955 err=-176 steer=0 m1=3281/171875 i1=173 t1=30 m2=-3234/-171875 i2=-256 t2=29 steerMode=0/464 iSteer=-41133 driveMode=171875/171956 iDrive=214411 scale=0 wheel=500000
run=1 step=0 angle=139307 target=138955 err=-352 steer=0 m1=3302/171875 i1=198 t1=30 m2=-3278/-171875 i2=-219 t2=29 steerMode=0/-158 iSteer=-10433 driveMode=171875/173018 iDrive=208188 scale=0 wheel=500000
run=1 step=0 angle=139395 target=138955 err=-439 steer=-214 m1=3274/170700 i1=137 t1=30 m2=-3290/-173050 i2=-284 t2=29 steerMode=-1175/-105 iSteer=-73500 driveMode=171875/172331 iDrive=210173 scale=0 wheel=500000
run=1 step=0 angle=139219 target=138955 err=-264 steer=0 m1=3277/171875 i1=165 t1=30 m2=-3250/-171875 i2=-256 t2=29 steerMode=0/528 iSteer=-45161 driveMode=171875/172120 iDrive=210345 scale=0 wheel=500000
run=1 step=0 angle=139395 target=138955 err=-439 steer=0 m1=3241/171875 i1=192 t1=30 m2=-3284/-171875 i2=-241 t2=29 steerMode=0/63 iSteer=-24400 driveMode=171875/171176 iDrive=216349 scale=0 wheel=500000
run=1 step=0 angle=139307 target=138955 err=-352 steer=0 m1=3283/171875 i1=176 t1=30 m2=-3250/-171875 i2=-245 t2=29 steerMode=0/280 iSteer=-34238 driveMode=171875/172255 iDrive=210640 scale=0 wheel=500000
run=1 step=0 angle=139307 target=138955 err=-352 steer=0 m1=3264/171875 i1=193 t1=30 m2=-3290/-171875 i2=-227 t2=29 steerMode=0/-75 iSteer=-16948 driveMode=171875/172236 iDrive=210318 scale=0 wheel=500000
run=1 step=0 angle=139307 target=138955 err=-352 steer=0 m1=3281/171875 i1=182 t1=30 m2=-3252/-171875 i2=-240 t2=29 steerMode=0/153 iSteer=-28979 driveMode=171875/171992 iDrive=211340 scale=0 wheel=500000
run=1 step=0 angle=139219 target=138955 err=-264 steer=0 m1=3291/171875 i1=201 t1=30 m2=-3294/-171875 i2=-208 t2=29 steerMode=0/-341 iSteer=-3656 driveMode=171875/173170 iDrive=204182 scale=0 wheel=500000
run=1 step=0 angle=139307 target=138955 err=-352 steer=0 m1=3245/171875 i1=177 t1=30 m2=-3261/-171875 i2=-246 t2=29 steerMode=0/253 iSteer=-34581 driveMode=171875/171580 iDrive=211418 scale=0 wheel=500000
run=1 step=0 angle=139307 target=138955 err=-352 steer=0 m1=3272/171875 i1=178 t1=30 m2=-3261/-171875 i2=-246 t2=29 steerMode=0/251 iSteer=-33860 driveMode=171875/171454 iDrive=212276 scale=0 wheel=500000
run=1 step=0 angle=139307 target=138955 err=-352 steer=0 m1=3258/171875 i1=189 t1=30 m2=-3282/-171875 i2=-240 t2=29 steerMode=0/67 iSteer=-25878 driveMode=171875/171340 iDrive=214471 scale=0 wheel=500000
run=1 step=0 angle=139219 target=138955 err=-264 steer=0 m1=3297/171875 i1=180 t1=30 m2=-3280/-171875 i2=-233 t2=29 steerMode=0/101 iSteer=-26745 driveMode=171875/172757 iDrive=206545 scale=0 wheel=500000
run=1 step=0 angle=139219 target=138955 err=-264 steer=0 m1=3272/171875 i1=181 t1=30 m2=-3240/-171875 i2=-239 t2=29 steerMode=0/144 iSteer=-29413 driveMode=171875/171894 iDrive=210071 scale=0 wheel=500000
run=1 step=0 angle=139395 target=138955 err=-439 steer=0 m1=3245/171875 i1=176 t1=30 m2=-3240/-171875 i2=-257 t2=29 steerMode=0/343 iSteer=-40269 driveMode=171875/170819 iDrive=216557 scale=0 wheel=500000
run=1 step=0 angle=139307 target=138955 err=-352 steer=0 m1=3266/171875 i1=200 t1=30 m2=-3296/-171875 i2=-221 t2=29 steerMode=0/-254 iSteer=-10314 driveMode=171875/172225 iDrive=210223 scale=0 wheel=500000
run=1 step=0 angle=139395 target=138955 err=-439 steer=0 m1=3251/171875 i1=182 t1=30 m2=-3263/-171875 i2=-243 t2=29 steerMode=0/136 iSteer=-30396 driveMode=171875/171703 iDrive=212649 scale=0 wheel=500000
run=1 step=0 angle=139307 target=138955 err=-352 steer=0 m1=3270/171875 i1=165 t1=30 m2=-3269/-171875 i2=-258 t2=29 steerMode=0/470 iSteer=-46877 driveMode=171875/171876 iDrive=211589 scale=0 wheel=500000
run=1 step=0 angle=139307 target=138955 err=-352 steer=0 m1=3258/171875 i1=193 t1=30 m2=-3242/-171875 i2=-239 t2=29 steerMode=0/-36 iSteer=-22905 driveMode=171875/171160 iDrive=216264 scale=0 wheel=500000
run=1 step=0 angle=139307 target=138955 err=-352 steer=0 m1=3270/171875 i1=186 t1=30 m2=-3269/-171875 i2=-234 t2=29 steerMode=0/5 iSteer=-24081 driveMode=171875/172289 iDrive=210309 scale=0 wheel=500000
run=1 step=0 angle=139307 target=138955 err=-352 steer=0 m1=3268/171875 i1=200 t1=30 m2=-3240/-171875 i2=-226 t2=29 steerMode=0/-220 iSteer=-12887 driveMode=171875/171695 iDrive=213265 scale=0 wheel=500000
run=1 step=0 angle=139395 target=138955 err=-439 steer=0 m1=3256/171875 i1=166 t1=30 m2=-3250/-171875 i2=-264 t2=29 steerMode=0/484 iSteer=-49048 driveMode=171875/171375 iDrive=215213 scale=0 wheel=500000
run=1 step=0 angle=139131 target=138955 err=-176 steer=0 m1=3302/171875 i1=194 t1=30 m2=-3280/-171875 i2=-218 t2=29 steerMode=0/-234 iSteer=-12182 driveMode=171875/173077 iDrive=205862 scale=0 wheel=500000
run=1 step=0 angle=139219 target=138955 err=-264 steer=0 m1=3243/171875 i1=171 t1=30 m2=-3282/-171875 i2=-254 t2=29 steerMode=0/326 iSteer=-41258 driveMode=171875/171558 iDrive=212365 scale=0 wheel=500000
run=1 step=0 angle=139131 target=138955 err=-176 steer=0 m1=3279/171875 i1=177 t1=30 m2=-3242/-171875 i2=-248 t2=29 steerMode=0/218 iSteer=-35150 driveMode=171875/171588 iDrive=212523 scale=0 wheel=500000
run=1 step=0 angle=139219 target=138955 err=-264 steer=0 m1=3258/171875 i1=191 t1=30 m2=-3267/-171875 i2=-238 t2=29 steerMode=0/-38 iSteer=-23425 driveMode=171875/171435 iDrive=214547 scale=0 wheel=500000
run=1 step=0 angle=139219 target=138955 err=-264 steer=0 m1=3281/171875 i1=172 t1=30 m2=-3265/-171875 i2=-246 t2=29 steerMode=0/252 iSteer=-37246 driveMode=171875/172390 iDrive=208999 scale=0 wheel=500000
run=1 step=0 angle=139131 target=138955 err=-176 steer=0 m1=3277/171875 i1=185 t1=30 m2=-3294/-171875 i2=-231 t2=29 steerMode=0/-36 iSteer=-23029 driveMode=171875/172467 iDrive=207681 scale=0 wheel=500000
run=1 step=0 angle=139307 target=138955 err=-352 steer=0 m1=3256/171875 i1=168 t1=30 m2=-3234/-171875 i2=-261 t2=29 steerMode=0/399 iSteer=-46371 driveMode=171875/171109 iDrive=214646 scale=0 wheel=500000
run=1 step=0 angle=139043 target=138955 err=-88 steer=0 m1=3281/171875 i1=197 t1=30 m2=-3315/-171875 i2=-215 t2=29 steerMode=0/-322 iSteer=-9379 driveMode=171875/172797 iDrive=205999 scale=0 wheel=500000
run=1 step=0 angle=139131 target=138955 err=-176 steer=0 m1=3272/171875 i1=177 t1=30 m2=-3252/-171875 i2=-243 t2=29 steerMode=0/126 iSteer=-32649 driveMode=171875/171868 iDrive=209892 scale=0 wheel=500000
run=1 step=0 angle=139131 target=138955 err=-176 steer=0 m1=3268/171875 i1=184 t1=30 m2=-3278/-171875 i2=-235 t2=29 steerMode=0/-5 iSteer=-25653 driveMode=171875/171948 iDrive=209569 scale=0 wheel=500000
run=1 step=0 angle=139395 target=138955 err=-439 steer=0 m1=3277/171875 i1=188 t1=30 m2=-3275/-171875 i2=-232 t2=29 steerMode=0/-100 iSteer=-21896 driveMode=171875/171872 iDrive=210150 scale=0 wheel=500000
run=1 step=0 angle=139219 target=138955 err=-264 steer=0 m1=3256/171875 i1=167 t1=30 m2=-3271/-171875 i2=-248 t2=29 steerMode=0/278 iSteer=-40606 driveMode=171875/172126 iDrive=207740 scale=0 wheel=500000
run=1 step=0 angle=139131 target=138955 err=-176 steer=0 m1=3258/171875 i1=197 t1=30 m2=-3248/-171875 i2=-221 t2=29 steerMode=0/-293 iSteer=-11773 driveMode=171875/171839 iDrive=209082 scale=0 wheel=500000
run=1 step=0 angle=139219 target=138955 err=-264 steer=0 m1=3256/171875 i1=151 t1=30 m2=-3259/-171875 i2=-276 t2=29 steerMode=0/701 iSteer=-62518 driveMode=171875/171056 iDrive=213888 scale=0 wheel=500000
run=1 step=0 angle=139043 target=138955 err=-88 steer=0 m1=3274/171875 i1=203 t1=30 m2=-3286/-171875 i2=-209 t2=29 steerMode=0/-466 iSteer=-3304 driveMode=171875/172679 iDrive=206022 scale=0 wheel=500000
run=1 step=0 angle=139131 target=138955 err=-176 steer=0 m1=3258/171875 i1=173 t1=30 m2=-3269/-171875 i2=-248 t2=29 steerMode=0/198 iSteer=-37446 driveMode=171875/171675 iDrive=210370 scale=0 wheel=500000
run=1 step=0 angle=139131 target=138955 err=-176 steer=0 m1=3260/171875 i1=186 t1=30 m2=-3240/-171875 i2=-241 t2=29 steerMode=0/-1 iSteer=-27680 driveMode=171875/171200 iDrive=213750 scale=0 wheel=500000
run=1 step=0 angle=139219 target=138955 err=-264 steer=0 m1=3262/171875 i1=180 t1=30 m2=-3267/-171875 i2=-250 t2=29 steerMode=0/127 iSteer=-35093 driveMode=171875/171271 iDrive=214801 scale=0 wheel=500000
run=1 step=0 angle=139219 target=138955 err=-264 steer=0 m1=3260/171875 i1=172 t1=30 m2=-3278/-171875 i2=-250 t2=29 steerMode=0/208 iSteer=-38926 driveMode=171875/171958 iDrive=211310 scale=0 wheel=500000
run=1 step=0 angle=139131 target=138955 err=-176 steer=0 m1=3279/171875 i1=187 t1=30 m2=-3261/-171875 i2=-234 t2=29 steerMode=0/-97 iSteer=-23474 driveMode=171875/172028 iDrive=210852 scale=0 wheel=500000
run=1 step=0 angle=139219 target=138955 err=-264 steer=0 m1=3262/171875 i1=147 t1=30 m2=-3227/-171875 i2=-287 t2=29 steerMode=0/801 iSteer=-70065 driveMode=171875/170923 iDrive=217073 scale=0 wheel=500000
run=1 step=0 angle=139219 target=138955 err=-264 steer=0 m1=3264/171875 i1=215 t1=30 m2=-3307/-171875 i2=-206 t2=29 steerMode=0/-668 iSteer=4126 driveMode=171875/172395 iDrive=210497 scale=0 wheel=500000
run=1 step=0 angle=139219 target=138955 err=-264 steer=0 m1=3274/171875 i1=174 t1=30 m2=-3267/-171875 i2=-250 t2=29 steerMode=0/164 iSteer=-37825 driveMode=171875/171993 iDrive=211815 scale=0 wheel=500000
run=1 step=0 angle=139219 target=138955 err=-264 steer=0 m1=3274/171875 i1=178 t1=30 m2=-3282/-171875 i2=-243 t2=29 steerMode=0/60 iSteer=-32481 driveMode=171875/172162 iDrive=210615 scale=0 wheel=500000
run=1 step=0 angle=139043 target=138955 err=-88 steer=0 m1=3277/171875 i1=185 t1=30 m2=-3284/-171875 i2=-227 t2=29 steerMode=0/-171 iSteer=-21110 driveMode=171875/172837 iDrive=206242 scale=0 wheel=500000
run=1 step=0 angle=139043 target=138955 err=-88 steer=0 m1=3289/171875 i1=137 t1=30 m2=-3250/-171875 i2=-275 t2=29 steerMode=0/794 iSteer=-69370 driveMode=171875/172415 iDrive=206037 scale=0 wheel=500000
run=1 step=0 angle=138955 target=138955 err=0 steer=0 m1=3277/171875 i1=191 t1=30 m2=-3286/-171875 i2=-224 t2=29 steerMode=0/-254 iSteer=-16594 driveMode=171875/172132 iDrive=207101 scale=0 wheel=500000
run=1 step=0 angle=139219 target=138955 err=-264 steer=0 m1=3260/171875 i1=158 t1=30 m2=-3257/-171875 i2=-267 t2=29 steerMode=0/479 iSteer=-54373 driveMode=171875/171236 iDrive=212280 scale=0 wheel=500000
run=1 step=0 angle=139131 target=138955 err=-176 steer=0 m1=3268/171875 i1=201 t1=30 m2=-3269/-171875 i2=-211 t2=29 steerMode=0/-499 iSteer=-5007 driveMode=171875/172597 iDrive=205550 scale=0 wheel=500000
run=1 step=0 angle=139043 target=138955 err=-88 steer=0 m1=3268/171875 i1=175 t1=30 m2=-3265/-171875 i2=-238 t2=29 steerMode=0/27 iSteer=-31668 driveMode=171875/172157 iDrive=206437 scale=0 wheel=500000
run=1 step=0 angle=139131 target=138955 err=-176 steer=0 m1=3237/171875 i1=154 t1=30 m2=-3246/-171875 i2=-274 t2=29 steerMode=0/584 iSteer=-60121 driveMode=171875/170724 iDrive=214294 scale=0 wheel=500000
run=1 step=0 angle=138955 target=138955 err=0 steer=0 m1=3245/171875 i1=197 t1=30 m2=-3275/-171875 i2=-231 t2=29 steerMode=0/-277 iSteer=-17314 driveMode=171875/171253 iDrive=213896 scale=0 wheel=500000
run=1 step=0 angle=139043 target=138955 err=-88 steer=0 m1=3281/171875 i1=156 t1=30 m2=-3229/-171875 i2=-267 t2=29 steerMode=0/495 iSteer=-55709 driveMode=171875/171729 iDrive=211412 scale=0 wheel=500000
run=1 step=0 angle=139043 target=138955 err=-88 steer=0 m1=3256/171875 i1=196 t1=30 m2=-3290/-171875 i2=-224 t2=29 steerMode=0/-341 iSteer=-13941 driveMode=171875/172072 iDrive=210024 scale=0 wheel=500000
run=1 step=0 angle=139043 target=138955 err=-88 steer=0 m1=3264/171875 i1=148 t1=30 m2=-3250/-171875 i2=-277 t2=29 steerMode=0/649 iSteer=-64294 driveMode=171875/171542 iDrive=212297 scale=0 wheel=500000
run=1 step=0 angle=138955 target=138955 err=0 steer=0 m1=3283/171875 i1=198 t1=30 m2=-3290/-171875 i2=-218 t2=29 steerMode=0/-442 iSteer=-9552 driveMode=171875/172420 iDrive=207985 scale=0 wheel=500000
run=1 step=0 angle=139043 target=138955 err=-88 steer=0 m1=3258/171875 i1=166 t1=30 m2=-3257/-171875 i2=-256 t2=29 steerMode=0/266 iSteer=-45063 driveMode=171875/171615 iDrive=211410 scale=0 wheel=500000
run=1 step=0 angle=139043 target=138955 err=-88 steer=0 m1=3245/171875 i1=152 t1=30 m2=-3244/-171875 i2=-279 t2=29 steerMode=0/633 iSteer=-63621 driveMode=171875/170953 iDrive=215580 scale=0 wheel=500000
run=1 step=0 angle=138867 target=138955 err=88 steer=0 m1=3256/171875 i1=196 t1=30 m2=-3271/-171875 i2=-236 t2=29 steerMode=0/-254 iSteer=-20132 driveMode=171875/171295 iDrive=215937 scale=0 wheel=500000
run=1 step=0 angle=138955 target=138955 err=0 steer=0 m1=3266/171875 i1=156 t1=30 m2=-3206/-171875 i2=-272 t2=29 steerMode=0/517 iSteer=-58323 driveMode=171875/171655 iDrive=214074 scale=0 wheel=500000
run=1 step=0 angle=139043 target=138955 err=-88 steer=0 m1=3243/171875 i1=201 t1=30 m2=-3269/-171875 i2=-234 t2=29 steerMode=0/-327 iSteer=-16542 driveMode=171875/171243 iDrive=217157 scale=0 wheel=500000
run=1 step=0 angle=139043 target=138955 err=-88 steer=0 m1=3274/171875 i1=160 t1=30 m2=-3215/-171875 i2=-276 t2=29 steerMode=0/495 iSteer=-57843 driveMode=171875/171232 iDrive=217950 scale=0 wheel=500000
run=1 step=0 angle=138955 target=138955 err=0 steer=0 m1=3293/171875 i1=191 t1=30 m2=-3294/-171875 i2=-227 t2=29 steerMode=0/-300 iSteer=-17991 driveMode=171875/172867 iDrive=209398 scale=0 wheel=500000
run=1 step=0 angle=138955 target=138955 err=0 steer=0 m1=3300/171875 i1=182 t1=30 m2=-3309/-171875 i2=-232 t2=29 steerMode=0/-159 iSteer=-24786 driveMode=171875/172960 iDrive=207037 scale=0 wheel=500000
run=1 step=0 angle=138867 target=138955 err=88 steer=0 m1=3270/171875 i1=139 t1=30 m2=-3227/-171875 i2=-283 t2=29 steerMode=0/789 iSteer=-72387 driveMode=171875/171878 iDrive=211089 scale=0 wheel=500000
run=1 step=0 angle=139043 target=138955 err=-88 steer=0 m1=3277/171875 i1=211 t1=30 m2=-3284/-171875 i2=-213 t2=29 steerMode=0/-657 iSteer=-1014 driveMode=171875/171874 iDrive=212053 scale=0 wheel=500000
run=1 step=0 angle=138955 target=138955 err=0 steer=0 m1=3287/171875 i1=151 t1=30 m2=-3240/-171875 i2=-269 t2=29 steerMode=0/518 iSteer=-59329 driveMode=171875/172052 iDrive=209937 scale=0 wheel=500000
run=1 step=0 angle=138955 target=138955 err=0 steer=0 m1=3264/171875 i1=193 t1=30 m2=-3288/-171875 i2=-227 t2=29 steerMode=0/-332 iSteer=-17051 driveMode=171875/171986 iDrive=210292 scale=0 wheel=500000
run=1 step=0 angle=138867 target=138955 err=88 steer=0 m1=3270/171875 i1=155 t1=30 m2=-3269/-171875 i2=-267 t2=29 steerMode=0/439 iSteer=-56010 driveMode=171875/171860 iDrive=210616 scale=0 wheel=500000
run=1 step=0 angle=138867 target=138955 err=88 steer=0 m1=3285/171875 i1=187 t1=30 m2=-3298/-171875 i2=-223 t2=29 steerMode=0/-312 iSteer=-17975 driveMode=171875/172795 iDrive=205345 scale=0 wheel=500000
run=1 step=0 angle=138955 target=138955 err=0 steer=0 m1=3256/171875 i1=193 t1=30 m2=-3280/-171875 i2=-218 t2=29 steerMode=0/-424 iSteer=-12442 driveMode=171875/172522 iDrive=205479 scale=0 wheel=500000
run=1 step=0 angle=138867 target=138955 err=88 steer=0 m1=3277/171875 i1=157 t1=30 m2=-3265/-171875 i2=-262 t2=29 steerMode=0/378 iSteer=-52475 driveMode=171875/171655 iDrive=209288 scale=0 wheel=500000
run=1 step=0 angle=138867 target=138955 err=88 steer=0 m1=3247/171875 i1=196 t1=30 m2=-3280/-171875 i2=-228 t2=29 steerMode=0/-376 iSteer=-15851 driveMode=171875/171357 iDrive=212137 scale=0 wheel=500000
run=1 step=0 angle=138691 target=138955 err=264 steer=0 m1=3279/171875 i1=163 t1=30 m2=-3246/-171875 i2=-256 t2=29 steerMode=0/249 iSteer=-46141 driveMode=171875/171827 iDrive=209595 scale=0 wheel=500000
run=1 step=0 angle=138604 target=138955 err=352 steer=0 m1=3239/171875 i1=189 t1=30 m2=-3267/-171875 i2=-238 t2=29 steerMode=0/-185 iSteer=-24508 driveMode=171875/171292 iDrive=213083 scale=0 wheel=500000
run=1 step=0 angle=138516 target=138955 err=439 steer=0 m1=3270/171875 i1=177 t1=30 m2=-3265/-171875 i2=-249 t2=29 steerMode=0/51 iSteer=-36065 driveMode=171875/171524 iDrive=213029 scale=0 wheel=500000
run=1 step=0 angle=138516 target=138955 err=439 steer=0 m1=3270/171875 i1=192 t1=30 m2=-3303/-171875 i2=-220 t2=29 steerMode=0/-376 iSteer=-14004 driveMode=171875/172844 iDrive=206116 scale=0 wheel=500000
run=1 step=0 angle=138516 target=138955 err=439 steer=0 m1=3262/171875 i1=172 t1=30 m2=-3280/-171875 i2=-247 t2=29 steerMode=0/81 iSteer=-37201 driveMode=171875/172031 iDrive=209504 scale=0 wheel=500000
STEP_OK: step=0 target=500 cmd=500000 measured=499196 angleErr=352
STOP: staircase complete
