START: angle=185186 target=195186 wheelTarget=500 step=0 count=1
run=1 step=0 angle=185186 target=195186 err=10000 steer=500 m1=0/9625 i1=183 t1=29 m2=0/-4125 i2=100 t2=28 steerMode=2750/6 iSteer=141354 driveMode=6875/2 iDrive=41313 scale=0 wheel=20000
run=1 step=0 angle=185186 target=195186 err=10000 steer=970 m1=0/18673 i1=375 t1=29 m2=0/-8003 i2=189 t2=28 steerMode=5335/10 iSteer=281847 driveMode=13338/3 iDrive=92743 scale=0 wheel=38800
run=1 step=0 angle=185186 target=195186 err=10000 steer=1000 m1=0/25300 i1=462 t1=29 m2=0/-14300 i2=150 t2=28 steerMode=5500/5 iSteer=305824 driveMode=19800/5 iDrive=156318 scale=0 wheel=57600
run=1 step=0 angle=185186 target=195186 err=10000 steer=1000 m1=0/31762 i1=554 t1=29 m2=0/-20762 i2=89 t2=28 steerMode=5500/2 iSteer=321507 driveMode=26262/3 iDrive=232052 scale=0 wheel=76400
run=1 step=0 angle=185186 target=195186 err=10000 steer=1000 m1=0/38225 i1=657 t1=29 m2=0/-27225 i2=18 t2=28 steerMode=5500/-5 iSteer=337369 driveMode=32725/12 iDrive=319860 scale=0 wheel=95200
run=1 step=0 angle=185186 target=195186 err=10000 steer=1000 m1=2/44687 i1=774 t1=29 m2=-3/-33687 i2=-65 t2=28 steerMode=5500/-34 iSteer=354362 driveMode=39187/62 iDrive=419614 scale=0 wheel=113999
run=1 step=0 angle=185186 target=195186 err=10000 steer=1000 m1=64/51081 i1=871 t1=29 m2=-7/-40081 i2=-183 t2=28 steerMode=5500/478 iSteer=344089 driveMode=45581/665 iDrive=527270 scale=0 wheel=132599
run=1 step=0 angle=188877 target=195186 err=6309 steer=1000 m1=468/57475 i1=379 t1=29 m2=-3/-46475 i2=-786 t2=28 steerMode=5500/11362 iSteer=-203428 driveMode=51975/11527 iDrive=582793 scale=0 wheel=151199
run=1 step=0 angle=193887 target=195186 err=1299 steer=628 m1=537/61823 i1=394 t1=29 m2=-281/-54914 i2=-933 t2=28 steerMode=3454/10207 iSteer=-269481 driveMode=58368/17407 iDrive=663114 scale=0 wheel=169799
run=1 step=0 angle=195205 target=195186 err=-20 steer=168 m1=924/65617 i1=593 t1=29 m2=-743/-63769 i2=-687 t2=28 steerMode=924/3071 iSteer=-47258 driveMode=64693/40342 iDrive=640140 scale=0 wheel=188198
run=1 step=0 angle=196260 target=195186 err=-1074 steer=-215 m1=1217/69905 i1=571 t1=29 m2=-1191/-72269 i2=-666 t2=28 steerMode=-1182/859 iSteer=-47196 driveMode=71087/58069 iDrive=618319 scale=0 wheel=206798
run=1 step=0 angle=196172 target=195186 err=-986 steer=-165 m1=1605/76507 i1=543 t1=29 m2=-1629/-78317 i2=-544 t2=28 steerMode=-905/115 iSteer=-490 driveMode=77412/80750 iDrive=543887 scale=0 wheel=225198
run=1 step=0 angle=196084 target=195186 err=-898 steer=-192 m1=1931/82747 i1=455 t1=29 m2=-1936/-84864 i2=-481 t2=28 steerMode=-1058/142 iSteer=-13141 driveMode=83805/98745 iDrive=467858 scale=0 wheel=243798
run=1 step=0 angle=195820 target=195186 err=-635 steer=-157 m1=2144/89265 i1=410 t1=29 m2=-2104/-90996 i2=-403 t2=28 steerMode=-866/-49 iSteer=3505 driveMode=90131/110558 iDrive=406568 scale=0 wheel=262198
run=1 step=0 angle=196084 target=195186 err=-898 steer=-185 m1=2314/95509 i1=324 t1=29 m2=-2315/-97540 i2=-379 t2=28 steerMode=-1016/355 iSteer=-27751 driveMode=96525/119795 iDrive=351441 scale=0 wheel=280799
run=1 step=0 angle=195996 target=195186 err=-811 steer=-175 m1=2425/101889 i1=293 t1=29 m2=-2409/-103811 i2=-306 t2=28 steerMode=-961/-69 iSteer=-6479 driveMode=102850/127563 iDrive=299346 scale=0 wheel=299200
run=1 step=0 angle=196699 target=195186 err=-1514 steer=-303 m1=2486/107510 i1=200 t1=29 m2=-2484/-110840 i2=-353 t2=28 steerMode=-1665/510 iSteer=-76520 driveMode=109175/130097 iDrive=276400 scale=0 wheel=317601
run=1 step=0 angle=196260 target=195186 err=-1074 steer=-202 m1=2521/114388 i1=263 t1=29 m2=-2564/-116613 i2=-246 t2=28 steerMode=-1112/-688 iSteer=8555 driveMode=115501/133565 iDrive=254835 scale=0 wheel=336002
run=1 step=0 angle=196084 target=195186 err=-898 steer=-177 m1=2576/120852 i1=211 t1=29 m2=-2535/-122800 i2=-295 t2=28 steerMode=-974/411 iSteer=-41618 driveMode=121826/134457 iDrive=253075 scale=0 wheel=354403
run=1 step=0 angle=196260 target=195186 err=-1074 steer=-215 m1=2573/126970 i1=251 t1=29 m2=-2589/-129333 i2=-272 t2=28 steerMode=-1182/-498 iSteer=-10480 driveMode=128151/135536 iDrive=261575 scale=0 wheel=372804
run=1 step=0 angle=196260 target=195186 err=-1074 steer=-154 m1=2632/133628 i1=241 t1=29 m2=-2623/-135326 i2=-301 t2=28 steerMode=-849/200 iSteer=-30132 driveMode=134477/137965 iDrive=270747 scale=0 wheel=391205
run=1 step=0 angle=196084 target=195186 err=-898 steer=-187 m1=2686/139772 i1=259 t1=29 m2=-2713/-141832 i2=-301 t2=28 steerMode=-1030/-221 iSteer=-21297 driveMode=140802/141685 iDrive=280167 scale=0 wheel=409606
run=1 step=0 angle=196084 target=195186 err=-898 steer=-192 m1=2728/146070 i1=276 t1=29 m2=-2736/-148185 i2=-337 t2=28 steerMode=-1057/-102 iSteer=-30798 driveMode=147127/143183 iDrive=306687 scale=0 wheel=428007
run=1 step=0 angle=195996 target=195186 err=-811 steer=-162 m1=2802/152561 i1=313 t1=29 m2=-2798/-154344 i2=-345 t2=28 steerMode=-892/-276 iSteer=-16135 driveMode=153453/147066 iDrive=329188 scale=0 wheel=446408
run=1 step=0 angle=195732 target=195186 err=-547 steer=-109 m1=2950/159177 i1=304 t1=29 m2=-2884/-160380 i2=-379 t2=28 steerMode=-602/419 iSteer=-37860 driveMode=159778/153206 iDrive=341472 scale=0 wheel=464809
run=1 step=0 angle=195996 target=195186 err=-811 steer=-162 m1=3053/165212 i1=337 t1=29 m2=-3064/-166995 i2=-363 t2=28 steerMode=-892/-439 iSteer=-12929 driveMode=166103/160225 iDrive=349986 scale=0 wheel=483210
run=1 step=0 angle=195820 target=195186 err=-635 steer=-127 m1=3193/171177 i1=325 t1=29 m2=-3169/-172573 i2=-388 t2=28 steerMode=-698/114 iSteer=-31452 driveMode=171875/166690 iDrive=356522 scale=0 wheel=500000
run=1 step=0 angle=195820 target=195186 err=-635 steer=-127 m1=3320/171177 i1=296 t1=29 m2=-3338/-172573 i2=-357 t2=28 steerMode=-698/63 iSteer=-30679 driveMode=171875/173396 iDrive=326230 scale=0 wheel=500000
run=1 step=0 angle=195820 target=195186 err=-635 steer=-140 m1=3431/171108 i1=229 t1=29 m2=-3401/-172642 i2=-355 t2=28 steerMode=-767/603 iSteer=-63074 driveMode=171875/178605 iDrive=292067 scale=0 wheel=500000
run=1 step=0 angle=195732 target=195186 err=-547 steer=-5 m1=3488/171848 i1=267 t1=29 m2=-3478/-171903 i2=-239 t2=28 steerMode=-28/-218 iSteer=14295 driveMode=171875/182936 iDrive=252924 scale=0 wheel=500000
run=1 step=0 angle=195732 target=195186 err=-547 steer=-109 m1=3480/171273 i1=194 t1=29 m2=-3489/-172477 i2=-271 t2=28 steerMode=-602/215 iSteer=-38425 driveMode=171875/182889 iDrive=232728 scale=0 wheel=500000
run=1 step=0 angle=195732 target=195186 err=-547 steer=-5 m1=3490/171848 i1=200 t1=29 m2=-3439/-171903 i2=-220 t2=28 steerMode=-28/211 iSteer=-10153 driveMode=171875/183268 iDrive=209818 scale=0 wheel=500000
run=1 step=0 angle=195732 target=195186 err=-547 steer=-145 m1=3452/171079 i1=172 t1=29 m2=-3447/-172671 i2=-219 t2=28 steerMode=-796/-356 iSteer=-23472 driveMode=171875/182285 iDrive=195148 scale=0 wheel=500000
run=1 step=0 angle=195557 target=195186 err=-371 steer=0 m1=3438/171875 i1=164 t1=29 m2=-3388/-171875 i2=-214 t2=28 steerMode=0/489 iSteer=-25357 driveMode=171875/180134 iDrive=188974 scale=0 wheel=500000
run=1 step=0 angle=195908 target=195186 err=-723 steer=-145 m1=3367/171080 i1=159 t1=29 m2=-3405/-172670 i2=-215 t2=28 steerMode=-795/-295 iSteer=-28411 driveMode=171875/177917 iDrive=186996 scale=0 wheel=500000
run=1 step=0 angle=195557 target=195186 err=-371 steer=-10 m1=3337/171823 i1=188 t1=29 m2=-3336/-171927 i2=-188 t2=28 steerMode=-52/-146 iSteer=51 driveMode=171875/175944 iDrive=187987 scale=0 wheel=500000
run=1 step=0 angle=195645 target=195186 err=-459 steer=0 m1=3277/171875 i1=176 t1=29 m2=-3240/-171875 i2=-224 t2=28 steerMode=0/379 iSteer=-23695 driveMode=171875/172562 iDrive=199947 scale=0 wheel=500000
run=1 step=0 angle=195732 target=195186 err=-547 steer=-59 m1=3212/171548 i1=199 t1=29 m2=-3208/-172202 i2=-235 t2=28 steerMode=-327/-97 iSteer=-18341 driveMode=171875/169643 iDrive=216879 scale=0 wheel=500000
run=1 step=0 angle=195645 target=195186 err=-459 steer=-24 m1=3207/171741 i1=201 t1=29 m2=-3208/-172009 i2=-249 t2=28 steerMode=-134/199 iSteer=-24234 driveMode=171875/168908 iDrive=225204 scale=0 wheel=500000
run=1 step=0 angle=195557 target=195186 err=-371 steer=-117 m1=3205/171230 i1=210 t1=29 m2=-3255/-172520 i2=-244 t2=28 steerMode=-645/-490 iSteer=-17147 driveMode=171875/169623 iDrive=226735 scale=0 wheel=500000
run=1 step=0 angle=195645 target=195186 err=-459 steer=0 m1=3193/171875 i1=225 t1=29 m2=-3217/-171875 i2=-251 t2=28 steerMode=0/94 iSteer=-13227 driveMode=171875/168470 iDrive=237782 scale=0 wheel=500000
run=1 step=0 angle=195645 target=195186 err=-459 steer=0 m1=3226/171875 i1=220 t1=29 m2=-3213/-171875 i2=-259 t2=28 steerMode=0/202 iSteer=-19694 driveMode=171875/169244 iDrive=239619 scale=0 wheel=500000
run=1 step=0 angle=195732 target=195186 err=-547 steer=-39 m1=3220/171658 i1=233 t1=29 m2=-3229/-172092 i2=-253 t2=28 steerMode=-217/-259 iSteer=-10228 driveMode=171875/169622 iDrive=242886 scale=0 wheel=500000
run=1 step=0 angle=195381 target=195186 err=-195 steer=0 m1=3260/171875 i1=232 t1=29 m2=-3259/-171875 i2=-246 t2=28 steerMode=0/-87 iSteer=-7027 driveMode=171875/170918 iDrive=238714 scale=0 wheel=500000
run=1 step=0 angle=195557 target=195186 err=-371 steer=-29 m1=3241/171713 i1=218 t1=29 m2=-3261/-172037 i2=-275 t2=28 steerMode=-162/142 iSteer=-28528 driveMode=171875/170107 iDrive=246046 scale=0 wheel=500000
run=1 step=0 angle=195732 target=195186 err=-547 steer=-65 m1=3262/171518 i1=199 t1=29 m2=-3255/-172233 i2=-286 t2=28 steerMode=-358/240 iSteer=-43218 driveMode=171875/171200 iDrive=242691 scale=0 wheel=500000
run=1 step=0 angle=195732 target=195186 err=-547 steer=-109 m1=3243/171273 i1=198 t1=29 m2=-3265/-172477 i2=-276 t2=28 steerMode=-602/-131 iSteer=-38699 driveMode=171875/172321 iDrive=237142 scale=0 wheel=500000
run=1 step=0 angle=195381 target=195186 err=-195 steer=0 m1=3256/171875 i1=232 t1=29 m2=-3263/-171875 i2=-249 t2=28 steerMode=0/-126 iSteer=-8475 driveMode=171875/171637 iDrive=240533 scale=0 wheel=500000
run=1 step=0 angle=195469 target=195186 err=-283 steer=0 m1=3285/171875 i1=212 t1=29 m2=-3257/-171875 i2=-257 t2=28 steerMode=0/151 iSteer=-22673 driveMode=171875/172675 iDrive=234741 scale=0 wheel=500000
run=1 step=0 angle=195381 target=195186 err=-195 steer=-32 m1=3287/171699 i1=206 t1=29 m2=-3307/-172051 i2=-256 t2=28 steerMode=-176/-16 iSteer=-25028 driveMode=171875/173088 iDrive=231057 scale=0 wheel=500000
run=1 step=0 angle=195205 target=195186 err=-20 steer=0 m1=3297/171875 i1=202 t1=29 m2=-3261/-171875 i2=-250 t2=28 steerMode=0/158 iSteer=-23919 driveMode=171875/173542 iDrive=225589 scale=0 wheel=500000
run=1 step=0 angle=195557 target=195186 err=-371 steer=0 m1=3270/171875 i1=199 t1=29 m2=-3290/-171875 i2=-262 t2=28 steerMode=0/286 iSteer=-31209 driveMode=171875/172295 iDrive=230339 scale=0 wheel=500000
run=1 step=0 angle=195820 target=195186 err=-635 steer=-75 m1=3285/171463 i1=170 t1=29 m2=-3242/-172288 i2=-288 t2=28 steerMode=-413/419 iSteer=-59175 driveMode=171875/172325 iDrive=228784 scale=0 wheel=500000
run=1 step=0 angle=195469 target=195186 err=-283 steer=0 m1=3268/171875 i1=218 t1=29 m2=-3269/-171875 i2=-229 t2=28 steerMode=0/-239 iSteer=-5856 driveMode=171875/172991 iDrive=223540 scale=0 wheel=500000
run=1 step=0 angle=195293 target=195186 err=-107 steer=0 m1=3258/171875 i1=210 t1=29 m2=-3267/-171875 i2=-252 t2=28 steerMode=0/61 iSteer=-20989 driveMode=171875/171299 iDrive=231117 scale=0 wheel=500000
run=1 step=0 angle=195381 target=195186 err=-195 steer=0 m1=3268/171875 i1=205 t1=29 m2=-3240/-171875 i2=-255 t2=28 steerMode=0/137 iSteer=-24859 driveMode=171875/171695 iDrive=229961 scale=0 wheel=500000
run=1 step=0 angle=195557 target=195186 err=-371 steer=0 m1=3247/171875 i1=204 t1=29 m2=-3257/-171875 i2=-267 t2=28 steerMode=0/217 iSteer=-31199 driveMode=171875/170850 iDrive=235587 scale=0 wheel=500000
run=1 step=0 angle=195293 target=195186 err=-107 steer=0 m1=3270/171875 i1=224 t1=29 m2=-3275/-171875 i2=-239 t2=28 steerMode=0/-235 iSteer=-7483 driveMode=171875/171753 iDrive=231595 scale=0 wheel=500000
run=1 step=0 angle=195557 target=195186 err=-371 steer=0 m1=3241/171875 i1=206 t1=29 m2=-3232/-171875 i2=-266 t2=28 steerMode=0/189 iSteer=-29698 driveMode=171875/171107 iDrive=236031 scale=0 wheel=500000
run=1 step=0 angle=195645 target=195186 err=-459 steer=0 m1=3285/171875 i1=205 t1=29 m2=-3265/-171875 i2=-260 t2=28 steerMode=0/146 iSteer=-27569 driveMode=171875/171829 iDrive=232869 scale=0 wheel=500000
run=1 step=0 angle=195381 target=195186 err=-195 steer=0 m1=3289/171875 i1=208 t1=29 m2=-3275/-171875 i2=-245 t2=28 steerMode=0/-39 iSteer=-18169 driveMode=171875/172861 iDrive=226419 scale=0 wheel=500000
run=1 step=0 angle=195469 target=195186 err=-283 steer=0 m1=3258/171875 i1=196 t1=29 m2=-3252/-171875 i2=-272 t2=28 steerMode=0/352 iSteer=-38169 driveMode=171875/171285 iDrive=233738 scale=0 wheel=500000
run=1 step=0 angle=195381 target=195186 err=-195 steer=0 m1=3277/171875 i1=212 t1=29 m2=-3238/-171875 i2=-249 t2=28 steerMode=0/-38 iSteer=-18478 driveMode=171875/172016 iDrive=230609 scale=0 wheel=500000
run=1 step=0 angle=195732 target=195186 err=-547 steer=-50 m1=3274/171600 i1=184 t1=29 m2=-3271/-172150 i2=-282 t2=28 steerMode=-275/273 iSteer=-49353 driveMode=171875/171638 iDrive=233041 scale=0 wheel=500000
run=1 step=0 angle=195293 target=195186 err=-107 steer=0 m1=3256/171875 i1=228 t1=29 m2=-3242/-171875 i2=-232 t2=28 steerMode=0/-380 iSteer=-2158 driveMode=171875/172161 iDrive=229741 scale=0 wheel=500000
run=1 step=0 angle=195469 target=195186 err=-283 steer=0 m1=3258/171875 i1=208 t1=29 m2=-3257/-171875 i2=-260 t2=28 steerMode=0/98 iSteer=-26303 driveMode=171875/171385 iDrive=234116 scale=0 wheel=500000
run=1 step=0 angle=195557 target=195186 err=-371 steer=0 m1=3283/171875 i1=192 t1=29 m2=-3271/-171875 i2=-275 t2=28 steerMode=0/393 iSteer=-41382 driveMode=171875/171630 iDrive=233261 scale=0 wheel=500000
run=1 step=0 angle=195205 target=195186 err=-20 steer=0 m1=3283/171875 i1=225 t1=29 m2=-3288/-171875 i2=-228 t2=28 steerMode=0/-409 iSteer=-1452 driveMode=171875/172841 iDrive=226513 scale=0 wheel=500000
run=1 step=0 angle=195293 target=195186 err=-107 steer=0 m1=3245/171875 i1=198 t1=29 m2=-3259/-171875 i2=-272 t2=28 steerMode=0/305 iSteer=-37191 driveMode=171875/171073 iDrive=235217 scale=0 wheel=500000
run=1 step=0 angle=195117 target=195186 err=68 steer=0 m1=3251/171875 i1=231 t1=29 m2=-3267/-171875 i2=-238 t2=28 steerMode=0/-370 iSteer=-3298 driveMode=171875/171561 iDrive=234207 scale=0 wheel=500000
run=1 step=0 angle=195469 target=195186 err=-283 steer=0 m1=3277/171875 i1=193 t1=29 m2=-3284/-171875 i2=-278 t2=28 steerMode=0/398 iSteer=-42603 driveMode=171875/171487 iDrive=235288 scale=0 wheel=500000
run=1 step=0 angle=195117 target=195186 err=68 steer=0 m1=3256/171875 i1=231 t1=29 m2=-3259/-171875 i2=-234 t2=28 steerMode=0/-412 iSteer=-1477 driveMode=171875/172055 iDrive=232549 scale=0 wheel=500000
run=1 step=0 angle=195117 target=195186 err=68 steer=0 m1=3277/171875 i1=213 t1=29 m2=-3290/-171875 i2=-255 t2=28 steerMode=0/-10 iSteer=-21316 driveMode=171875/171767 iDrive=234084 scale=0 wheel=500000
run=1 step=0 angle=195029 target=195186 err=156 steer=0 m1=3268/171875 i1=200 t1=29 m2=-3267/-171875 i2=-266 t2=28 steerMode=0/214 iSteer=-32631 driveMode=171875/171979 iDrive=232989 scale=0 wheel=500000
run=1 step=0 angle=194502 target=195186 err=684 steer=50 m1=3285/172150 i1=239 t1=29 m2=-3290/-171600 i2=-215 t2=28 steerMode=275/-384 iSteer=11727 driveMode=171875/172915 iDrive=227116 scale=0 wheel=500000
run=1 step=0 angle=194941 target=195186 err=244 steer=0 m1=3249/171875 i1=194 t1=29 m2=-3227/-171875 i2=-284 t2=28 steerMode=0/477 iSteer=-45249 driveMode=171875/170608 iDrive=238989 scale=0 wheel=500000
run=1 step=0 angle=194854 target=195186 err=332 steer=0 m1=3247/171875 i1=228 t1=29 m2=-3240/-171875 i2=-246 t2=28 steerMode=0/-239 iSteer=-9265 driveMode=171875/171401 iDrive=236928 scale=0 wheel=500000
run=1 step=0 angle=195205 target=195186 err=-20 steer=0 m1=3277/171875 i1=207 t1=29 m2=-3288/-171875 i2=-266 t2=28 steerMode=0/148 iSteer=-29420 driveMode=171875/171704 iDrive=236218 scale=0 wheel=500000
run=1 step=0 angle=194414 target=195186 err=771 steer=105 m1=3256/172453 i1=251 t1=29 m2=-3246/-171298 i2=-217 t2=28 steerMode=578/-183 iSteer=17083 driveMode=171875/172088 iDrive=233825 scale=0 wheel=500000
run=1 step=0 angle=194766 target=195186 err=420 steer=0 m1=3281/171875 i1=211 t1=29 m2=-3286/-171875 i2=-256 t2=28 steerMode=0/26 iSteer=-22519 driveMode=171875/172173 iDrive=233516 scale=0 wheel=500000
run=1 step=0 angle=194941 target=195186 err=244 steer=0 m1=3281/171875 i1=183 t1=29 m2=-3255/-171875 i2=-287 t2=28 steerMode=0/610 iSteer=-51983 driveMode=171875/171755 iDrive=235131 scale=0 wheel=500000
run=1 step=0 angle=194766 target=195186 err=420 steer=0 m1=3277/171875 i1=235 t1=29 m2=-3294/-171875 i2=-222 t2=28 steerMode=0/-561 iSteer=6426 driveMode=171875/172934 iDrive=228588 scale=0 wheel=500000
run=1 step=0 angle=194854 target=195186 err=332 steer=0 m1=3245/171875 i1=188 t1=29 m2=-3263/-171875 i2=-282 t2=28 steerMode=0/522 iSteer=-47253 driveMode=171875/171475 iDrive=235100 scale=0 wheel=500000
run=1 step=0 angle=194678 target=195186 err=508 steer=102 m1=3272/172434 i1=254 t1=29 m2=-3267/-171316 i2=-212 t2=28 steerMode=559/-274 iSteer=20890 driveMode=171875/172050 iDrive=232677 scale=0 wheel=500000
run=1 step=0 angle=195117 target=195186 err=68 steer=0 m1=3277/171875 i1=190 t1=29 m2=-3259/-171875 i2=-270 t2=28 steerMode=0/369 iSteer=-40028 driveMode=171875/172433 iDrive=230254 scale=0 wheel=500000
run=1 step=0 angle=194766 target=195186 err=420 steer=10 m1=3262/171930 i1=214 t1=29 m2=-3269/-171820 i2=-247 t2=28 steerMode=55/-41 iSteer=-16540 driveMode=171875/172235 iDrive=230128 scale=0 wheel=500000
run=1 step=0 angle=194678 target=195186 err=508 steer=25 m1=3283/172013 i1=224 t1=29 m2=-3294/-171738 i2=-236 t2=28 steerMode=138/-161 iSteer=-5969 driveMode=171875/172223 iDrive=230023 scale=0 wheel=500000
run=1 step=0 angle=195117 target=195186 err=68 steer=0 m1=3270/171875 i1=183 t1=29 m2=-3257/-171875 i2=-279 t2=28 steerMode=0/532 iSteer=-47930 driveMode=171875/171909 iDrive=231122 scale=0 wheel=500000
run=1 step=0 angle=194854 target=195186 err=332 steer=35 m1=3264/172068 i1=233 t1=29 m2=-3298/-171683 i2=-217 t2=28 steerMode=193/-387 iSteer=7925 driveMode=171875/172807 iDrive=225364 scale=0 wheel=500000
run=1 step=0 angle=194854 target=195186 err=332 steer=0 m1=3258/171875 i1=193 t1=29 m2=-3227/-171875 i2=-280 t2=28 steerMode=0/446 iSteer=-43262 driveMode=171875/170650 iDrive=236585 scale=0 wheel=500000
run=1 step=0 angle=194766 target=195186 err=420 steer=0 m1=3260/171875 i1=220 t1=29 m2=-3257/-171875 i2=-254 t2=28 steerMode=0/-69 iSteer=-17047 driveMode=171875/171049 iDrive=236691 scale=0 wheel=500000
run=1 step=0 angle=194941 target=195186 err=244 steer=20 m1=3260/171985 i1=211 t1=29 m2=-3275/-171765 i2=-257 t2=28 steerMode=110/140 iSteer=-22674 driveMode=171875/171797 iDrive=234157 scale=0 wheel=500000
run=1 step=0 angle=194414 target=195186 err=771 steer=60 m1=3251/172205 i1=241 t1=29 m2=-3229/-171545 i2=-231 t2=28 steerMode=330/-176 iSteer=5127 driveMode=171875/171374 iDrive=236139 scale=0 wheel=500000
run=1 step=0 angle=194941 target=195186 err=244 steer=0 m1=3239/171875 i1=211 t1=29 m2=-3269/-171875 i2=-273 t2=28 steerMode=0/210 iSteer=-30568 driveMode=171875/170628 iDrive=242041 scale=0 wheel=500000
run=1 step=0 angle=195205 target=195186 err=-20 steer=0 m1=3243/171875 i1=188 t1=29 m2=-3229/-171875 i2=-304 t2=28 steerMode=0/763 iSteer=-58295 driveMode=171875/170284 iDrive=245940 scale=0 wheel=500000
run=1 step=0 angle=194854 target=195186 err=332 steer=0 m1=3243/171875 i1=248 t1=29 m2=-3284/-171875 i2=-232 t2=28 steerMode=0/-577 iSteer=8234 driveMode=171875/171781 iDrive=240034 scale=0 wheel=500000
run=1 step=0 angle=194766 target=195186 err=420 steer=32 m1=3270/172049 i1=198 t1=29 m2=-3244/-171701 i2=-285 t2=28 steerMode=174/653 iSteer=-43514 driveMode=171875/171523 iDrive=241259 scale=0 wheel=500000
run=1 step=0 angle=194766 target=195186 err=420 steer=0 m1=3277/171875 i1=224 t1=29 m2=-3288/-171875 i2=-246 t2=28 steerMode=0/-183 iSteer=-10956 driveMode=171875/172670 iDrive=235292 scale=0 wheel=500000
run=1 step=0 angle=194941 target=195186 err=244 steer=0 m1=3302/171875 i1=210 t1=29 m2=-3309/-171875 i2=-247 t2=28 steerMode=0/-31 iSteer=-18525 driveMode=171875/173692 iDrive=228082 scale=0 wheel=500000
run=1 step=0 angle=194941 target=195186 err=244 steer=0 m1=3281/171875 i1=195 t1=29 m2=-3284/-171875 i2=-261 t2=28 steerMode=0/274 iSteer=-33301 driveMode=171875/173025 iDrive=227897 scale=0 wheel=500000
run=1 step=0 angle=194941 target=195186 err=244 steer=0 m1=3281/171875 i1=224 t1=29 m2=-3301/-171875 i2=-234 t2=28 steerMode=0/-303 iSteer=-4912 driveMode=171875/172561 iDrive=229154 scale=0 wheel=500000
run=1 step=0 angle=195029 target=195186 err=156 steer=0 m1=3277/171875 i1=180 t1=29 m2=-3265/-171875 i2=-282 t2=28 steerMode=0/608 iSteer=-50916 driveMode=171875/172015 iDrive=230688 scale=0 wheel=500000
run=1 step=0 angle=194766 target=195186 err=420 steer=15 m1=3277/171958 i1=224 t1=29 m2=-3271/-171793 i2=-225 t2=28 steerMode=83/-305 iSteer=-808 driveMode=171875/172982 iDrive=224622 scale=0 wheel=500000
run=1 step=0 angle=194854 target=195186 err=332 steer=57 m1=3277/172186 i1=194 t1=29 m2=-3255/-171564 i2=-263 t2=28 steerMode=311/609 iSteer=-34596 driveMode=171875/172026 iDrive=228153 scale=0 wheel=500000
run=1 step=0 angle=194766 target=195186 err=420 steer=0 m1=3264/171875 i1=210 t1=29 m2=-3244/-171875 i2=-245 t2=28 steerMode=0/-51 iSteer=-17559 driveMode=171875/172024 iDrive=227912 scale=0 wheel=500000
run=1 step=0 angle=195205 target=195186 err=-20 steer=0 m1=3285/171875 i1=208 t1=29 m2=-3313/-171875 i2=-244 t2=28 steerMode=0/-58 iSteer=-17876 driveMode=171875/172437 iDrive=225718 scale=0 wheel=500000
run=1 step=0 angle=194941 target=195186 err=244 steer=0 m1=3262/171875 i1=210 t1=29 m2=-3240/-171875 i2=-244 t2=28 steerMode=0/-64 iSteer=-16780 driveMode=171875/171892 iDrive=227051 scale=0 wheel=500000
run=1 step=0 angle=194941 target=195186 err=244 steer=0 m1=3247/171875 i1=212 t1=29 m2=-3269/-171875 i2=-253 t2=28 steerMode=0/16 iSteer=-20905 driveMode=171875/171072 iDrive=232495 scale=0 wheel=500000
run=1 step=0 angle=195029 target=195186 err=156 steer=0 m1=3272/171875 i1=181 t1=29 m2=-3225/-171875 i2=-286 t2=28 steerMode=0/655 iSteer=-52791 driveMode=171875/171133 iDrive=233425 scale=0 wheel=500000
run=1 step=0 angle=194854 target=195186 err=332 steer=0 m1=3260/171875 i1=215 t1=29 m2=-3282/-171875 i2=-245 t2=28 steerMode=0/-112 iSteer=-14999 driveMode=171875/171889 iDrive=230312 scale=0 wheel=500000
run=1 step=0 angle=194941 target=195186 err=244 steer=0 m1=3266/171875 i1=213 t1=29 m2=-3250/-171875 i2=-253 t2=28 steerMode=0/-5 iSteer=-19875 driveMode=171875/171371 iDrive=233281 scale=0 wheel=500000
run=1 step=0 angle=194854 target=195186 err=332 steer=0 m1=3268/171875 i1=215 t1=29 m2=-3284/-171875 i2=-250 t2=28 steerMode=0/-54 iSteer=-17438 driveMode=171875/171768 iDrive=232181 scale=0 wheel=500000
run=1 step=0 angle=195029 target=195186 err=156 steer=0 m1=3279/171875 i1=213 t1=29 m2=-3280/-171875 i2=-247 t2=28 steerMode=0/-75 iSteer=-16957 driveMode=171875/172328 iDrive=229596 scale=0 wheel=500000
run=1 step=0 angle=194854 target=195186 err=332 steer=0 m1=3254/171875 i1=193 t1=29 m2=-3255/-171875 i2=-272 t2=28 steerMode=0/403 iSteer=-39575 driveMode=171875/171504 iDrive=232780 scale=0 wheel=500000
run=1 step=0 angle=194854 target=195186 err=332 steer=0 m1=3237/171875 i1=231 t1=29 m2=-3273/-171875 i2=-245 t2=28 steerMode=0/-264 iSteer=-7059 driveMode=171875/170900 iDrive=238038 scale=0 wheel=500000
run=1 step=0 angle=194854 target=195186 err=332 steer=0 m1=3277/171875 i1=189 t1=29 m2=-3257/-171875 i2=-284 t2=28 steerMode=0/547 iSteer=-47505 driveMode=171875/171364 iDrive=236934 scale=0 wheel=500000
run=1 step=0 angle=194766 target=195186 err=420 steer=0 m1=3281/171875 i1=226 t1=29 m2=-3292/-171875 i2=-237 t2=28 steerMode=0/-292 iSteer=-5774 driveMode=171875/172465 iDrive=231463 scale=0 wheel=500000
run=1 step=0 angle=194854 target=195186 err=332 steer=0 m1=3258/171875 i1=201 t1=29 m2=-3280/-171875 i2=-271 t2=28 steerMode=0/301 iSteer=-34916 driveMode=171875/171526 iDrive=236062 scale=0 wheel=500000
run=1 step=0 angle=194766 target=195186 err=420 steer=0 m1=3272/171875 i1=205 t1=29 m2=-3255/-171875 i2=-262 t2=28 steerMode=0/176 iSteer=-28404 driveMode=171875/172091 iDrive=233157 scale=0 wheel=500000
run=1 step=0 angle=195029 target=195186 err=156 steer=0 m1=3272/171875 i1=224 t1=29 m2=-3315/-171875 i2=-236 t2=28 steerMode=0/-296 iSteer=-5900 driveMode=171875/172605 iDrive=230167 scale=0 wheel=500000
run=1 step=0 angle=194766 target=195186 err=420 steer=0 m1=3285/171875 i1=196 t1=29 m2=-3234/-171875 i2=-260 t2=28 steerMode=0/252 iSteer=-32236 driveMode=171875/172559 iDrive=228200 scale=0 wheel=500000
run=1 step=0 angle=194766 target=195186 err=420 steer=0 m1=3254/171875 i1=213 t1=29 m2=-3234/-171875 i2=-254 t2=28 steerMode=0/6 iSteer=-20608 driveMode=171875/171537 iDrive=233568 scale=0 wheel=500000
run=1 step=0 angle=194854 target=195186 err=332 steer=0 m1=3266/171875 i1=200 t1=29 m2=-3271/-171875 i2=-264 t2=28 steerMode=0/238 iSteer=-32046 driveMode=171875/171870 iDrive=232296 scale=0 wheel=500000
run=1 step=0 angle=194854 target=195186 err=332 steer=0 m1=3283/171875 i1=220 t1=29 m2=-3255/-171875 i2=-236 t2=28 steerMode=0/-246 iSteer=-8021 driveMode=171875/172511 iDrive=228266 scale=0 wheel=500000
run=1 step=0 angle=194941 target=195186 err=244 steer=0 m1=3264/171875 i1=203 t1=29 m2=-3273/-171875 i2=-259 t2=28 steerMode=0/152 iSteer=-28005 driveMode=171875/171876 iDrive=230940 scale=0 wheel=500000
run=1 step=0 angle=194854 target=195186 err=332 steer=0 m1=3285/171875 i1=198 t1=29 m2=-3261/-171875 i2=-255 t2=28 steerMode=0/167 iSteer=-28361 driveMode=171875/172553 iDrive=226747 scale=0 wheel=500000
run=1 step=0 angle=194854 target=195186 err=332 steer=0 m1=3285/171875 i1=202 t1=29 m2=-3292/-171875 i2=-248 t2=28 steerMode=0/39 iSteer=-23073 driveMode=171875/172730 iDrive=224984 scale=0 wheel=500000
run=1 step=0 angle=194678 target=195186 err=508 steer=102 m1=3266/172434 i1=228 t1=29 m2=-3267/-171316 i2=-224 t2=28 steerMode=559/124 iSteer=1541 driveMode=171875/172191 iDrive=226015 scale=0 wheel=500000
run=1 step=0 angle=194941 target=195186 err=244 steer=0 m1=3262/171875 i1=206 t1=29 m2=-3263/-171875 i2=-255 t2=28 steerMode=0/64 iSteer=-24183 driveMode=171875/171445 iDrive=230344 scale=0 wheel=500000
STEP_OK: step=0 target=500 cmd=500000 measured=499349 angleErr=156
STOP: staircase complete
