2026-07-07T16:06:01.387+00:00 WEBUI log opened: /home/tirobot/Differential-Swerve-Drive/firmware/logs/webui-2026-07-07T16-06-01Z.log
2026-07-07T16:06:01.390+00:00 VCP NIT_CTRL enable=0
2026-07-07T16:06:01.390+00:00 VCP UNIT_CTRL enable=0
2026-07-07T16:06:01.390+00:00 VCP === CAN target differential unit test ===
2026-07-07T16:06:01.390+00:00 VCP WHEEL MUST BE LIFTED CLEAR OF THE GROUND before UNIT_CTRL enable.
2026-07-07T16:06:01.390+00:00 VCP boots disabled; press B1 any time to abort and latch disabled
2026-07-07T16:06:01.390+00:00 VCP limit=4000 iLimit=1200 wheelAccel=4000rpm/s targetTimeout=1000ms
2026-07-07T16:06:01.390+00:00 VCP ready: central CAN SET_TARGET + UNIT_CTRL enable, unitId=1
2026-07-07T16:06:01.390+00:00 VCP idle angle=121992 amtOk=1
2026-07-07T16:06:01.390+00:00 VCP idle angle=121992 amtOk=1
2026-07-07T16:06:01.390+00:00 VCP idle angle=121992 amtOk=1
2026-07-07T16:06:01.390+00:00 VCP idle angle=121992 amtOk=1
2026-07-07T16:06:01.390+00:00 VCP idle angle=121992 amtOk=1
2026-07-07T16:06:01.390+00:00 VCP idle angle=121992 amtOk=1
2026-07-07T16:06:01.401+00:00 WEBUI listening on :8080 can_iface=can0 vcp_port=/dev/ttyACM0
2026-07-07T16:06:01.591+00:00 VCP idle angle=121992 amtOk=1
2026-07-07T16:06:01.591+00:00 VCP idle angle=121992 amtOk=1
2026-07-07T16:06:01.591+00:00 VCP idle angle=121992 amtOk=1
2026-07-07T16:06:01.591+00:00 VCP idle angle=121992 amtOk=1
2026-07-07T16:06:01.591+00:00 VCP idle angle=121992 amtOk=1
2026-07-07T16:06:01.591+00:00 VCP idle angle=121992 amtOk=1
2026-07-07T16:06:01.591+00:00 VCP idle angle=121992 amtOk=1
2026-07-07T16:06:01.591+00:00 VCP SET_TARGET_RX steer=0 wheel=0
2026-07-07T16:06:01.791+00:00 VCP idle angle=121992 amtOk=1
2026-07-07T16:06:01.991+00:00 VCP SET_TARGET_RX steer=0 wheel=0
2026-07-07T16:06:02.392+00:00 VCP idle angle=121992 amtOk=1
2026-07-07T16:06:02.392+00:00 VCP SET_TARGET_RX steer=0 wheel=0
2026-07-07T16:06:02.792+00:00 VCP idle angle=121992 amtOk=1
2026-07-07T16:06:02.993+00:00 VCP SET_TARGET_RX steer=0 wheel=0
2026-07-07T16:06:03.393+00:00 VCP idle angle=121992 amtOk=1
2026-07-07T16:06:03.393+00:00 VCP SET_TARGET_RX steer=0 wheel=0
2026-07-07T16:06:03.793+00:00 VCP idle angle=121992 amtOk=1
2026-07-07T16:06:03.994+00:00 VCP SET_TARGET_RX steer=0 wheel=0
2026-07-07T16:06:04.394+00:00 VCP idle angle=121992 amtOk=1
2026-07-07T16:06:04.394+00:00 VCP SET_TARGET_RX steer=0 wheel=0
2026-07-07T16:06:04.795+00:00 VCP idle angle=121992 amtOk=1
2026-07-07T16:06:04.995+00:00 VCP SET_TARGET_RX steer=0 wheel=0
2026-07-07T16:06:05.396+00:00 VCP idle angle=121992 amtOk=1
2026-07-07T16:06:05.396+00:00 VCP SET_TARGET_RX steer=0 wheel=0
2026-07-07T16:06:05.796+00:00 VCP idle angle=121992 amtOk=1
2026-07-07T16:06:05.997+00:00 VCP SET_TARGET_RX steer=0 wheel=0
2026-07-07T16:06:06.397+00:00 VCP idle angle=121992 amtOk=1
2026-07-07T16:06:06.397+00:00 VCP SET_TARGET_RX steer=0 wheel=0
2026-07-07T16:06:06.797+00:00 VCP idle angle=121992 amtOk=1
2026-07-07T16:06:06.998+00:00 VCP SET_TARGET_RX steer=0 wheel=0
2026-07-07T16:06:07.398+00:00 VCP idle angle=121992 amtOk=1
2026-07-07T16:06:07.398+00:00 VCP SET_TARGET_RX steer=0 wheel=0
2026-07-07T16:06:07.799+00:00 VCP idle angle=121992 amtOk=1
2026-07-07T16:06:07.999+00:00 VCP SET_TARGET_RX steer=0 wheel=0
2026-07-07T16:06:08.399+00:00 VCP idle angle=121992 amtOk=1
2026-07-07T16:06:08.400+00:00 VCP SET_TARGET_RX steer=0 wheel=0
2026-07-07T16:06:08.800+00:00 VCP idle angle=121992 amtOk=1
2026-07-07T16:06:09.000+00:00 VCP SET_TARGET_RX steer=0 wheel=0
2026-07-07T16:06:09.401+00:00 VCP idle angle=121992 amtOk=1
2026-07-07T16:06:09.401+00:00 VCP SET_TARGET_RX steer=0 wheel=0
2026-07-07T16:06:09.801+00:00 VCP idle angle=121992 amtOk=1
2026-07-07T16:06:10.002+00:00 VCP SET_TARGET_RX steer=0 wheel=0
2026-07-07T16:06:10.402+00:00 VCP idle angle=121992 amtOk=1
2026-07-07T16:06:10.402+00:00 VCP SET_TARGET_RX steer=0 wheel=0
2026-07-07T16:06:10.802+00:00 VCP idle angle=121992 amtOk=1
2026-07-07T16:06:11.003+00:00 VCP SET_TARGET_RX steer=0 wheel=0
2026-07-07T16:06:11.404+00:00 VCP idle angle=121992 amtOk=1
2026-07-07T16:06:11.404+00:00 VCP SET_TARGET_RX steer=0 wheel=0
2026-07-07T16:06:11.804+00:00 VCP idle angle=121992 amtOk=1
2026-07-07T16:06:12.004+00:00 VCP SET_TARGET_RX steer=0 wheel=0
2026-07-07T16:06:12.405+00:00 VCP idle angle=121992 amtOk=1
2026-07-07T16:06:12.405+00:00 VCP SET_TARGET_RX steer=0 wheel=0
2026-07-07T16:06:12.805+00:00 VCP idle angle=121992 amtOk=1
2026-07-07T16:06:13.006+00:00 VCP SET_TARGET_RX steer=0 wheel=0
2026-07-07T16:06:13.406+00:00 VCP idle angle=121992 amtOk=1
2026-07-07T16:06:13.407+00:00 VCP SET_TARGET_RX steer=0 wheel=0
2026-07-07T16:06:13.807+00:00 VCP idle angle=121992 amtOk=1
2026-07-07T16:06:14.007+00:00 VCP SET_TARGET_RX steer=0 wheel=0
2026-07-07T16:06:14.408+00:00 VCP idle angle=121992 amtOk=1
2026-07-07T16:06:14.408+00:00 VCP SET_TARGET_RX steer=0 wheel=0
2026-07-07T16:06:14.809+00:00 VCP idle angle=121992 amtOk=1
2026-07-07T16:06:15.009+00:00 VCP SET_TARGET_RX steer=0 wheel=0
2026-07-07T16:06:15.409+00:00 VCP idle angle=121992 amtOk=1
2026-07-07T16:06:15.409+00:00 VCP SET_TARGET_RX steer=0 wheel=0
2026-07-07T16:06:15.810+00:00 VCP idle angle=121992 amtOk=1
2026-07-07T16:06:16.010+00:00 VCP SET_TARGET_RX steer=0 wheel=0
2026-07-07T16:06:16.411+00:00 VCP idle angle=121992 amtOk=1
2026-07-07T16:06:16.411+00:00 VCP SET_TARGET_RX steer=0 wheel=0
2026-07-07T16:06:16.811+00:00 VCP idle angle=121992 amtOk=1
2026-07-07T16:06:17.012+00:00 VCP SET_TARGET_RX steer=0 wheel=0
2026-07-07T16:06:17.412+00:00 VCP idle angle=121992 amtOk=1
2026-07-07T16:06:17.412+00:00 VCP SET_TARGET_RX steer=0 wheel=0
2026-07-07T16:06:17.813+00:00 VCP idle angle=121992 amtOk=1
2026-07-07T16:06:18.013+00:00 VCP SET_TARGET_RX steer=0 wheel=0
2026-07-07T16:06:18.414+00:00 VCP idle angle=121992 amtOk=1
2026-07-07T16:06:18.414+00:00 VCP SET_TARGET_RX steer=0 wheel=0
2026-07-07T16:06:18.814+00:00 VCP idle angle=121992 amtOk=1
2026-07-07T16:06:19.015+00:00 VCP SET_TARGET_RX steer=0 wheel=0
2026-07-07T16:06:19.415+00:00 VCP idle angle=121992 amtOk=1
2026-07-07T16:06:19.415+00:00 VCP SET_TARGET_RX steer=0 wheel=0
2026-07-07T16:06:19.816+00:00 VCP idle angle=121992 amtOk=1
2026-07-07T16:06:20.016+00:00 VCP SET_TARGET_RX steer=0 wheel=0
2026-07-07T16:06:20.417+00:00 VCP idle angle=121992 amtOk=1
2026-07-07T16:06:20.417+00:00 VCP SET_TARGET_RX steer=0 wheel=0
2026-07-07T16:06:20.817+00:00 VCP idle angle=121992 amtOk=1
2026-07-07T16:06:21.018+00:00 VCP SET_TARGET_RX steer=0 wheel=0
2026-07-07T16:06:21.418+00:00 VCP idle angle=121992 amtOk=1
2026-07-07T16:06:21.418+00:00 VCP SET_TARGET_RX steer=0 wheel=0
2026-07-07T16:06:21.819+00:00 VCP idle angle=121992 amtOk=1
2026-07-07T16:06:22.019+00:00 VCP SET_TARGET_RX steer=0 wheel=0
2026-07-07T16:06:22.420+00:00 VCP idle angle=121992 amtOk=1
2026-07-07T16:06:22.420+00:00 VCP SET_TARGET_RX steer=0 wheel=0
2026-07-07T16:06:22.820+00:00 VCP idle angle=121992 amtOk=1
2026-07-07T16:06:23.020+00:00 VCP SET_TARGET_RX steer=0 wheel=0
2026-07-07T16:06:23.421+00:00 VCP idle angle=121992 amtOk=1
2026-07-07T16:06:23.421+00:00 VCP SET_TARGET_RX steer=0 wheel=0
2026-07-07T16:06:23.822+00:00 VCP idle angle=121992 amtOk=1
2026-07-07T16:06:24.022+00:00 VCP SET_TARGET_RX steer=0 wheel=0
2026-07-07T16:06:24.422+00:00 VCP idle angle=121992 amtOk=1
2026-07-07T16:06:24.423+00:00 VCP SET_TARGET_RX steer=0 wheel=0
2026-07-07T16:06:24.823+00:00 VCP idle angle=121992 amtOk=1
2026-07-07T16:06:25.023+00:00 VCP SET_TARGET_RX steer=0 wheel=0
2026-07-07T16:06:25.424+00:00 VCP idle angle=121992 amtOk=1
2026-07-07T16:06:25.424+00:00 VCP SET_TARGET_RX steer=0 wheel=0
2026-07-07T16:06:25.824+00:00 VCP idle angle=121992 amtOk=1
2026-07-07T16:06:26.025+00:00 VCP SET_TARGET_RX steer=0 wheel=0
2026-07-07T16:06:26.425+00:00 VCP idle angle=121992 amtOk=1
2026-07-07T16:06:26.426+00:00 VCP SET_TARGET_RX steer=0 wheel=0
2026-07-07T16:06:26.826+00:00 VCP idle angle=121992 amtOk=1
2026-07-07T16:06:27.026+00:00 VCP SET_TARGET_RX steer=0 wheel=0
2026-07-07T16:06:27.427+00:00 VCP idle angle=121992 amtOk=1
2026-07-07T16:06:27.427+00:00 VCP SET_TARGET_RX steer=0 wheel=0
2026-07-07T16:06:27.827+00:00 VCP idle angle=121992 amtOk=1
2026-07-07T16:06:28.028+00:00 VCP SET_TARGET_RX steer=0 wheel=0
2026-07-07T16:06:28.428+00:00 VCP idle angle=121992 amtOk=1
2026-07-07T16:06:28.428+00:00 VCP SET_TARGET_RX steer=0 wheel=0
2026-07-07T16:06:28.829+00:00 VCP idle angle=121992 amtOk=1
2026-07-07T16:06:29.029+00:00 VCP SET_TARGET_RX steer=0 wheel=0
2026-07-07T16:06:29.429+00:00 VCP idle angle=121992 amtOk=1
2026-07-07T16:06:29.429+00:00 VCP SET_TARGET_RX steer=0 wheel=0
2026-07-07T16:06:29.830+00:00 VCP idle angle=121992 amtOk=1
2026-07-07T16:06:30.030+00:00 VCP SET_TARGET_RX steer=0 wheel=0
2026-07-07T16:06:30.431+00:00 VCP idle angle=121992 amtOk=1
2026-07-07T16:06:30.431+00:00 VCP SET_TARGET_RX steer=0 wheel=0
2026-07-07T16:06:30.455+00:00 WEBUI enable sent (seeded steer target=121.992deg)
2026-07-07T16:06:30.627+00:00 WEBUI STOP sequence start (dead-man: /api/status polling stalled >3s): coasting 1.0s before disable
2026-07-07T16:06:30.631+00:00 VCP UNIT_CTRL enable=1
2026-07-07T16:06:30.631+00:00 VCP START_CAN: angle=121992 target=0 wheelTarget=0
2026-07-07T16:06:30.631+00:00 VCP STOP: angle diverged err=-121992
2026-07-07T16:06:30.631+00:00 VCP SET_TARGET_FF_RX steerRate=30000 wheelAccel=0
2026-07-07T16:06:30.832+00:00 VCP idle angle=121992 amtOk=1
2026-07-07T16:06:31.032+00:00 VCP SET_TARGET_RX steer=125591 wheel=0
2026-07-07T16:06:31.433+00:00 VCP idle angle=121992 amtOk=1
2026-07-07T16:06:31.433+00:00 VCP SET_TARGET_RX steer=125591 wheel=0
2026-07-07T16:06:31.628+00:00 WEBUI STOP sequence complete (dead-man: /api/status polling stalled >3s)
2026-07-07T16:06:31.633+00:00 VCP UNIT_CTRL enable=0
2026-07-07T16:06:31.633+00:00 VCP UNIT_CTRL enable=0
2026-07-07T16:06:31.833+00:00 VCP idle angle=121992 amtOk=1
2026-07-07T16:06:32.033+00:00 VCP SET_TARGET_RX steer=125591 wheel=0
2026-07-07T16:06:32.434+00:00 VCP idle angle=121992 amtOk=1
2026-07-07T16:06:32.434+00:00 VCP SET_TARGET_RX steer=125591 wheel=0
2026-07-07T16:06:32.715+00:00 WEBUI STOP sequence start (manual STOP): coasting 1.0s before disable
2026-07-07T16:06:32.834+00:00 VCP idle angle=121992 amtOk=1
2026-07-07T16:06:33.035+00:00 VCP SET_TARGET_RX steer=125591 wheel=0
2026-07-07T16:06:33.435+00:00 VCP idle angle=121992 amtOk=1
2026-07-07T16:06:33.435+00:00 VCP SET_TARGET_RX steer=125591 wheel=0
2026-07-07T16:06:33.716+00:00 WEBUI STOP sequence complete (manual STOP)
2026-07-07T16:06:33.836+00:00 VCP UNIT_CTRL enable=0
2026-07-07T16:06:33.836+00:00 VCP UNIT_CTRL enable=0
2026-07-07T16:06:33.836+00:00 VCP idle angle=121992 amtOk=1
2026-07-07T16:06:34.036+00:00 VCP SET_TARGET_RX steer=125591 wheel=0
2026-07-07T16:06:34.437+00:00 VCP idle angle=121992 amtOk=1
2026-07-07T16:06:34.437+00:00 VCP SET_TARGET_RX steer=125591 wheel=0
2026-07-07T16:06:34.837+00:00 VCP idle angle=121992 amtOk=1
2026-07-07T16:06:35.037+00:00 VCP SET_TARGET_RX steer=125591 wheel=0
2026-07-07T16:06:35.438+00:00 VCP idle angle=121992 amtOk=1
2026-07-07T16:06:35.438+00:00 VCP SET_TARGET_RX steer=125591 wheel=0
2026-07-07T16:06:35.839+00:00 VCP idle angle=121992 amtOk=1
2026-07-07T16:06:36.039+00:00 VCP SET_TARGET_RX steer=125591 wheel=0
2026-07-07T16:06:36.440+00:00 VCP idle angle=121992 amtOk=1
2026-07-07T16:06:36.440+00:00 VCP SET_TARGET_RX steer=125591 wheel=0
2026-07-07T16:06:36.840+00:00 VCP idle angle=121992 amtOk=1
2026-07-07T16:06:37.041+00:00 VCP SET_TARGET_RX steer=125591 wheel=0
2026-07-07T16:06:37.441+00:00 VCP idle angle=121992 amtOk=1
2026-07-07T16:06:37.441+00:00 VCP SET_TARGET_RX steer=125591 wheel=0
2026-07-07T16:06:37.841+00:00 VCP idle angle=121992 amtOk=1
2026-07-07T16:06:38.042+00:00 VCP SET_TARGET_RX steer=125591 wheel=0
2026-07-07T16:06:38.442+00:00 VCP idle angle=121992 amtOk=1
2026-07-07T16:06:38.442+00:00 VCP SET_TARGET_RX steer=125591 wheel=0
2026-07-07T16:06:38.843+00:00 VCP idle angle=121992 amtOk=1
2026-07-07T16:06:39.043+00:00 VCP SET_TARGET_RX steer=125591 wheel=0
2026-07-07T16:06:39.444+00:00 VCP idle angle=121992 amtOk=1
2026-07-07T16:06:39.444+00:00 VCP SET_TARGET_RX steer=125591 wheel=0
2026-07-07T16:06:39.844+00:00 VCP idle angle=121992 amtOk=1
2026-07-07T16:06:40.045+00:00 VCP SET_TARGET_RX steer=125591 wheel=0
2026-07-07T16:06:40.445+00:00 VCP idle angle=121992 amtOk=1
2026-07-07T16:06:40.445+00:00 VCP SET_TARGET_RX steer=125591 wheel=0
2026-07-07T16:06:40.846+00:00 VCP idle angle=121992 amtOk=1
2026-07-07T16:06:41.046+00:00 VCP SET_TARGET_RX steer=125591 wheel=0
2026-07-07T16:06:41.447+00:00 VCP idle angle=121992 amtOk=1
2026-07-07T16:06:41.447+00:00 VCP SET_TARGET_RX steer=125591 wheel=0
2026-07-07T16:06:41.847+00:00 VCP idle angle=121992 amtOk=1
2026-07-07T16:06:42.047+00:00 VCP SET_TARGET_RX steer=125591 wheel=0
2026-07-07T16:06:42.448+00:00 VCP idle angle=121992 amtOk=1
2026-07-07T16:06:42.448+00:00 VCP SET_TARGET_RX steer=125591 wheel=0
2026-07-07T16:06:42.848+00:00 VCP idle angle=121992 amtOk=1
2026-07-07T16:06:43.048+00:00 VCP SET_TARGET_RX steer=125591 wheel=0
2026-07-07T16:06:43.449+00:00 VCP idle angle=121992 amtOk=1
2026-07-07T16:06:43.449+00:00 VCP SET_TARGET_RX steer=125591 wheel=0
2026-07-07T16:06:43.849+00:00 VCP idle angle=121992 amtOk=1
2026-07-07T16:06:44.050+00:00 VCP SET_TARGET_RX steer=125591 wheel=0
2026-07-07T16:06:44.450+00:00 VCP idle angle=121992 amtOk=1
2026-07-07T16:06:44.450+00:00 VCP SET_TARGET_RX steer=125591 wheel=0
2026-07-07T16:06:44.851+00:00 VCP idle angle=121992 amtOk=1
2026-07-07T16:06:45.051+00:00 VCP SET_TARGET_RX steer=125591 wheel=0
2026-07-07T16:06:45.452+00:00 VCP idle angle=121992 amtOk=1
2026-07-07T16:06:45.452+00:00 VCP SET_TARGET_RX steer=125591 wheel=0
2026-07-07T16:06:45.852+00:00 VCP idle angle=121992 amtOk=1
2026-07-07T16:06:46.052+00:00 VCP SET_TARGET_RX steer=125591 wheel=0
2026-07-07T16:06:46.453+00:00 VCP idle angle=121992 amtOk=1
2026-07-07T16:06:46.453+00:00 VCP SET_TARGET_RX steer=125591 wheel=0
2026-07-07T16:06:46.853+00:00 VCP idle angle=121992 amtOk=1
2026-07-07T16:06:47.053+00:00 VCP SET_TARGET_RX steer=125591 wheel=0
2026-07-07T16:06:47.454+00:00 VCP idle angle=121992 amtOk=1
2026-07-07T16:06:47.454+00:00 VCP SET_TARGET_RX steer=125591 wheel=0
2026-07-07T16:06:47.854+00:00 VCP idle angle=121992 amtOk=1
2026-07-07T16:06:48.055+00:00 VCP SET_TARGET_RX steer=125591 wheel=0
2026-07-07T16:06:48.455+00:00 VCP idle angle=121992 amtOk=1
2026-07-07T16:06:48.455+00:00 VCP SET_TARGET_RX steer=125591 wheel=0
2026-07-07T16:06:48.856+00:00 VCP idle angle=121992 amtOk=1
2026-07-07T16:06:49.056+00:00 VCP SET_TARGET_RX steer=125591 wheel=0
2026-07-07T16:06:49.457+00:00 VCP idle angle=121992 amtOk=1
2026-07-07T16:06:49.457+00:00 VCP SET_TARGET_RX steer=125591 wheel=0
2026-07-07T16:06:49.858+00:00 VCP idle angle=121992 amtOk=1
2026-07-07T16:06:50.058+00:00 VCP SET_TARGET_RX steer=125591 wheel=0
2026-07-07T16:06:50.458+00:00 VCP idle angle=121992 amtOk=1
2026-07-07T16:06:50.458+00:00 VCP SET_TARGET_RX steer=125591 wheel=0
2026-07-07T16:06:50.859+00:00 VCP idle angle=121992 amtOk=1
2026-07-07T16:06:51.059+00:00 VCP SET_TARGET_RX steer=125591 wheel=0
2026-07-07T16:06:51.460+00:00 VCP idle angle=121992 amtOk=1
2026-07-07T16:06:51.460+00:00 VCP SET_TARGET_RX steer=125591 wheel=0
2026-07-07T16:06:51.860+00:00 VCP idle angle=121992 amtOk=1
2026-07-07T16:06:52.061+00:00 VCP SET_TARGET_RX steer=125591 wheel=0
2026-07-07T16:06:52.461+00:00 VCP idle angle=121992 amtOk=1
2026-07-07T16:06:52.461+00:00 VCP SET_TARGET_RX steer=125591 wheel=0
2026-07-07T16:06:52.861+00:00 VCP idle angle=121992 amtOk=1
2026-07-07T16:06:53.062+00:00 VCP SET_TARGET_RX steer=125591 wheel=0
2026-07-07T16:06:53.462+00:00 VCP idle angle=121992 amtOk=1
2026-07-07T16:06:53.462+00:00 VCP SET_TARGET_RX steer=125591 wheel=0
2026-07-07T16:06:53.863+00:00 VCP idle angle=121992 amtOk=1
2026-07-07T16:06:54.063+00:00 VCP SET_TARGET_RX steer=125591 wheel=0
2026-07-07T16:06:54.463+00:00 VCP idle angle=121992 amtOk=1
2026-07-07T16:06:54.463+00:00 VCP SET_TARGET_RX steer=125591 wheel=0
2026-07-07T16:06:54.864+00:00 VCP idle angle=121992 amtOk=1
2026-07-07T16:06:55.064+00:00 VCP SET_TARGET_RX steer=125591 wheel=0
2026-07-07T16:06:55.465+00:00 VCP idle angle=121992 amtOk=1
2026-07-07T16:06:55.465+00:00 VCP SET_TARGET_RX steer=125591 wheel=0
2026-07-07T16:06:55.865+00:00 VCP idle angle=121992 amtOk=1
2026-07-07T16:06:56.065+00:00 VCP SET_TARGET_RX steer=125591 wheel=0
2026-07-07T16:06:56.266+00:00 VCP idle angle=121992 amtOk=1
2026-07-07T16:06:56.466+00:00 VCP SET_TARGET_RX steer=125591 wheel=0
2026-07-07T16:06:56.867+00:00 VCP idle angle=121992 amtOk=1
2026-07-07T16:06:57.067+00:00 VCP SET_TARGET_RX steer=125591 wheel=0
2026-07-07T16:06:57.267+00:00 VCP idle angle=121992 amtOk=1
2026-07-07T16:06:57.467+00:00 VCP SET_TARGET_RX steer=125591 wheel=0
2026-07-07T16:06:57.868+00:00 VCP idle angle=121992 amtOk=1
2026-07-07T16:06:58.068+00:00 VCP SET_TARGET_RX steer=125591 wheel=0
2026-07-07T16:06:58.268+00:00 VCP idle angle=121992 amtOk=1
2026-07-07T16:06:58.669+00:00 VCP SET_TARGET_RX steer=125591 wheel=0
2026-07-07T16:06:58.869+00:00 VCP idle angle=121992 amtOk=1
2026-07-07T16:06:59.069+00:00 VCP SET_TARGET_RX steer=125591 wheel=0
2026-07-07T16:06:59.269+00:00 VCP idle angle=121992 amtOk=1
2026-07-07T16:06:59.670+00:00 VCP SET_TARGET_RX steer=125591 wheel=0
2026-07-07T16:06:59.870+00:00 VCP idle angle=121992 amtOk=1
2026-07-07T16:07:00.070+00:00 VCP SET_TARGET_RX steer=125591 wheel=0
2026-07-07T16:07:00.270+00:00 VCP idle angle=121992 amtOk=1
2026-07-07T16:07:00.671+00:00 VCP SET_TARGET_RX steer=125591 wheel=0
2026-07-07T16:07:00.871+00:00 VCP idle angle=121992 amtOk=1
2026-07-07T16:07:01.071+00:00 VCP SET_TARGET_RX steer=125591 wheel=0
2026-07-07T16:07:01.271+00:00 VCP idle angle=121992 amtOk=1
2026-07-07T16:07:01.472+00:00 VCP SET_TARGET_RX steer=125591 wheel=0
2026-07-07T16:07:01.872+00:00 VCP idle angle=121992 amtOk=1
2026-07-07T16:07:02.072+00:00 VCP SET_TARGET_RX steer=125591 wheel=0
2026-07-07T16:07:02.273+00:00 VCP idle angle=121992 amtOk=1
2026-07-07T16:07:02.473+00:00 VCP SET_TARGET_RX steer=125591 wheel=0
2026-07-07T16:07:02.873+00:00 VCP idle angle=121992 amtOk=1
2026-07-07T16:07:03.074+00:00 VCP SET_TARGET_RX steer=125591 wheel=0
2026-07-07T16:07:03.274+00:00 VCP idle angle=121992 amtOk=1
2026-07-07T16:07:03.474+00:00 VCP SET_TARGET_RX steer=125591 wheel=0
2026-07-07T16:07:03.875+00:00 VCP idle angle=121992 amtOk=1
2026-07-07T16:07:04.075+00:00 VCP SET_TARGET_RX steer=125591 wheel=0
2026-07-07T16:07:04.275+00:00 VCP idle angle=121992 amtOk=1
2026-07-07T16:07:04.475+00:00 VCP SET_TARGET_RX steer=125591 wheel=0
2026-07-07T16:07:04.876+00:00 VCP idle angle=121992 amtOk=1
2026-07-07T16:07:05.076+00:00 VCP SET_TARGET_RX steer=125591 wheel=0
2026-07-07T16:07:05.276+00:00 VCP idle angle=121992 amtOk=1
2026-07-07T16:07:05.477+00:00 VCP SET_TARGET_RX steer=125591 wheel=0
2026-07-07T16:07:05.877+00:00 VCP idle angle=121992 amtOk=1
2026-07-07T16:07:06.077+00:00 VCP SET_TARGET_RX steer=125591 wheel=0
2026-07-07T16:07:06.278+00:00 VCP idle angle=121992 amtOk=1
2026-07-07T16:07:06.478+00:00 VCP SET_TARGET_RX steer=125591 wheel=0
2026-07-07T16:07:06.878+00:00 VCP idle angle=121992 amtOk=1
2026-07-07T16:07:07.079+00:00 VCP SET_TARGET_RX steer=125591 wheel=0
2026-07-07T16:07:07.279+00:00 VCP idle angle=121992 amtOk=1
2026-07-07T16:07:07.479+00:00 VCP SET_TARGET_RX steer=125591 wheel=0
2026-07-07T16:07:07.880+00:00 VCP idle angle=121992 amtOk=1
2026-07-07T16:07:08.080+00:00 VCP SET_TARGET_RX steer=125591 wheel=0
2026-07-07T16:07:08.280+00:00 VCP idle angle=121992 amtOk=1
2026-07-07T16:07:08.481+00:00 VCP SET_TARGET_RX steer=125591 wheel=0
2026-07-07T16:07:08.881+00:00 VCP idle angle=121992 amtOk=1
2026-07-07T16:07:09.081+00:00 VCP SET_TARGET_RX steer=125591 wheel=0
2026-07-07T16:07:09.281+00:00 VCP idle angle=121992 amtOk=1
2026-07-07T16:07:09.482+00:00 VCP SET_TARGET_RX steer=125591 wheel=0
2026-07-07T16:07:09.882+00:00 VCP idle angle=121992 amtOk=1
2026-07-07T16:07:10.083+00:00 VCP SET_TARGET_RX steer=125591 wheel=0
2026-07-07T16:07:10.283+00:00 VCP idle angle=121992 amtOk=1
2026-07-07T16:07:10.483+00:00 VCP SET_TARGET_RX steer=125591 wheel=0
2026-07-07T16:07:10.884+00:00 VCP idle angle=121992 amtOk=1
2026-07-07T16:07:11.084+00:00 VCP SET_TARGET_RX steer=125591 wheel=0
2026-07-07T16:07:11.284+00:00 VCP idle angle=121992 amtOk=1
2026-07-07T16:07:11.484+00:00 VCP SET_TARGET_RX steer=125591 wheel=0
2026-07-07T16:07:11.885+00:00 VCP idle angle=121992 amtOk=1
2026-07-07T16:07:12.085+00:00 VCP SET_TARGET_RX steer=125591 wheel=0
2026-07-07T16:07:12.286+00:00 VCP idle angle=121992 amtOk=1
2026-07-07T16:07:12.486+00:00 VCP SET_TARGET_RX steer=125591 wheel=0
2026-07-07T16:07:12.886+00:00 VCP idle angle=121992 amtOk=1
2026-07-07T16:07:13.087+00:00 VCP SET_TARGET_RX steer=125591 wheel=0
2026-07-07T16:07:13.287+00:00 VCP idle angle=121992 amtOk=1
2026-07-07T16:07:13.487+00:00 VCP SET_TARGET_RX steer=125591 wheel=0
2026-07-07T16:07:13.888+00:00 VCP idle angle=121992 amtOk=1
2026-07-07T16:07:14.088+00:00 VCP SET_TARGET_RX steer=125591 wheel=0
2026-07-07T16:07:14.288+00:00 VCP idle angle=121992 amtOk=1
2026-07-07T16:07:14.489+00:00 VCP SET_TARGET_RX steer=125591 wheel=0
2026-07-07T16:07:14.889+00:00 VCP idle angle=121992 amtOk=1
2026-07-07T16:07:15.089+00:00 VCP SET_TARGET_RX steer=125591 wheel=0
2026-07-07T16:07:15.290+00:00 VCP idle angle=121992 amtOk=1
2026-07-07T16:07:15.490+00:00 VCP SET_TARGET_RX steer=125591 wheel=0
2026-07-07T16:07:15.890+00:00 VCP idle angle=121992 amtOk=1
2026-07-07T16:07:16.091+00:00 VCP SET_TARGET_RX steer=125591 wheel=0
2026-07-07T16:07:16.291+00:00 VCP idle angle=121992 amtOk=1
2026-07-07T16:07:16.491+00:00 VCP SET_TARGET_RX steer=125591 wheel=0
2026-07-07T16:07:16.891+00:00 VCP idle angle=121992 amtOk=1
2026-07-07T16:07:17.092+00:00 VCP SET_TARGET_RX steer=125591 wheel=0
2026-07-07T16:07:17.292+00:00 VCP idle angle=121992 amtOk=1
2026-07-07T16:07:17.492+00:00 VCP SET_TARGET_RX steer=125591 wheel=0
2026-07-07T16:07:17.893+00:00 VCP idle angle=121992 amtOk=1
2026-07-07T16:07:18.093+00:00 VCP SET_TARGET_RX steer=125591 wheel=0
2026-07-07T16:07:18.293+00:00 VCP idle angle=121992 amtOk=1
2026-07-07T16:07:18.494+00:00 VCP SET_TARGET_RX steer=125591 wheel=0
2026-07-07T16:07:18.894+00:00 VCP idle angle=121992 amtOk=1
2026-07-07T16:07:19.094+00:00 VCP SET_TARGET_RX steer=125591 wheel=0
2026-07-07T16:07:19.295+00:00 VCP idle angle=121992 amtOk=1
2026-07-07T16:07:19.495+00:00 VCP SET_TARGET_RX steer=125591 wheel=0
2026-07-07T16:07:19.895+00:00 VCP idle angle=121992 amtOk=1
2026-07-07T16:07:20.096+00:00 VCP SET_TARGET_RX steer=125591 wheel=0
2026-07-07T16:07:20.296+00:00 VCP idle angle=121992 amtOk=1
2026-07-07T16:07:20.496+00:00 VCP SET_TARGET_RX steer=125591 wheel=0
2026-07-07T16:07:20.897+00:00 VCP idle angle=121992 amtOk=1
2026-07-07T16:07:21.097+00:00 VCP SET_TARGET_RX steer=125591 wheel=0
2026-07-07T16:07:21.297+00:00 VCP idle angle=121992 amtOk=1
2026-07-07T16:07:21.498+00:00 VCP SET_TARGET_RX steer=125591 wheel=0
2026-07-07T16:07:21.898+00:00 VCP idle angle=121992 amtOk=1
2026-07-07T16:07:22.098+00:00 VCP SET_TARGET_RX steer=125591 wheel=0
2026-07-07T16:07:22.298+00:00 VCP idle angle=121992 amtOk=1
2026-07-07T16:07:22.499+00:00 VCP SET_TARGET_RX steer=125591 wheel=0
2026-07-07T16:07:22.899+00:00 VCP idle angle=121992 amtOk=1
2026-07-07T16:07:23.100+00:00 VCP SET_TARGET_RX steer=125591 wheel=0
2026-07-07T16:07:23.300+00:00 VCP idle angle=121992 amtOk=1
2026-07-07T16:07:23.500+00:00 VCP SET_TARGET_RX steer=125591 wheel=0
2026-07-07T16:07:23.901+00:00 VCP idle angle=121992 amtOk=1
2026-07-07T16:07:24.101+00:00 VCP SET_TARGET_RX steer=125591 wheel=0
2026-07-07T16:07:24.301+00:00 VCP idle angle=121992 amtOk=1
2026-07-07T16:07:24.501+00:00 VCP SET_TARGET_RX steer=125591 wheel=0
2026-07-07T16:07:24.902+00:00 VCP idle angle=121992 amtOk=1
2026-07-07T16:07:25.102+00:00 VCP SET_TARGET_RX steer=125591 wheel=0
2026-07-07T16:07:25.302+00:00 VCP idle angle=121992 amtOk=1
2026-07-07T16:07:25.503+00:00 VCP SET_TARGET_RX steer=125591 wheel=0
2026-07-07T16:07:25.903+00:00 VCP idle angle=121992 amtOk=1
2026-07-07T16:07:26.103+00:00 VCP SET_TARGET_RX steer=125591 wheel=0
2026-07-07T16:07:26.304+00:00 VCP idle angle=121992 amtOk=1
2026-07-07T16:07:26.504+00:00 VCP SET_TARGET_RX steer=125591 wheel=0
2026-07-07T16:07:26.905+00:00 VCP idle angle=121992 amtOk=1
2026-07-07T16:07:27.105+00:00 VCP SET_TARGET_RX steer=125591 wheel=0
2026-07-07T16:07:27.305+00:00 VCP idle angle=121992 amtOk=1
2026-07-07T16:07:27.506+00:00 VCP SET_TARGET_RX steer=125591 wheel=0
2026-07-07T16:07:27.906+00:00 VCP idle angle=121992 amtOk=1
2026-07-07T16:07:28.107+00:00 VCP SET_TARGET_RX steer=125591 wheel=0
2026-07-07T16:07:28.307+00:00 VCP idle angle=121992 amtOk=1
2026-07-07T16:07:28.507+00:00 VCP SET_TARGET_RX steer=125591 wheel=0
2026-07-07T16:07:28.908+00:00 VCP idle angle=121992 amtOk=1
2026-07-07T16:07:29.108+00:00 VCP SET_TARGET_RX steer=125591 wheel=0
2026-07-07T16:07:29.308+00:00 VCP idle angle=121992 amtOk=1
2026-07-07T16:07:29.509+00:00 VCP SET_TARGET_RX steer=125591 wheel=0
2026-07-07T16:07:29.909+00:00 VCP idle angle=121992 amtOk=1
2026-07-07T16:07:30.110+00:00 VCP SET_TARGET_RX steer=125591 wheel=0
2026-07-07T16:07:30.310+00:00 VCP idle angle=121992 amtOk=1
2026-07-07T16:07:30.510+00:00 VCP SET_TARGET_RX steer=125591 wheel=0
2026-07-07T16:07:30.911+00:00 VCP idle angle=121992 amtOk=1
2026-07-07T16:07:31.111+00:00 VCP SET_TARGET_RX steer=125591 wheel=0
2026-07-07T16:07:31.311+00:00 VCP idle angle=121992 amtOk=1
2026-07-07T16:07:31.511+00:00 VCP SET_TARGET_RX steer=125591 wheel=0
2026-07-07T16:07:31.912+00:00 VCP idle angle=121992 amtOk=1
2026-07-07T16:07:32.112+00:00 VCP SET_TARGET_RX steer=125591 wheel=0
2026-07-07T16:07:32.313+00:00 VCP idle angle=121992 amtOk=1
2026-07-07T16:07:32.513+00:00 VCP SET_TARGET_RX steer=125591 wheel=0
2026-07-07T16:07:32.914+00:00 VCP idle angle=121992 amtOk=1
2026-07-07T16:07:33.114+00:00 VCP SET_TARGET_RX steer=125591 wheel=0
2026-07-07T16:07:33.314+00:00 VCP idle angle=121992 amtOk=1
2026-07-07T16:07:33.515+00:00 VCP SET_TARGET_RX steer=125591 wheel=0
2026-07-07T16:07:33.915+00:00 VCP idle angle=121992 amtOk=1
2026-07-07T16:07:34.115+00:00 VCP SET_TARGET_RX steer=125591 wheel=0
2026-07-07T16:07:34.316+00:00 VCP idle angle=121992 amtOk=1
2026-07-07T16:07:34.516+00:00 VCP SET_TARGET_RX steer=125591 wheel=0
2026-07-07T16:07:34.916+00:00 VCP idle angle=121992 amtOk=1
2026-07-07T16:07:35.117+00:00 VCP SET_TARGET_RX steer=125591 wheel=0
2026-07-07T16:07:35.317+00:00 VCP idle angle=121992 amtOk=1
2026-07-07T16:07:35.517+00:00 VCP SET_TARGET_RX steer=125591 wheel=0
2026-07-07T16:07:35.918+00:00 VCP idle angle=121992 amtOk=1
2026-07-07T16:07:36.118+00:00 VCP SET_TARGET_RX steer=125591 wheel=0
2026-07-07T16:07:36.318+00:00 VCP idle angle=121992 amtOk=1
2026-07-07T16:07:36.519+00:00 VCP SET_TARGET_RX steer=125591 wheel=0
2026-07-07T16:07:36.919+00:00 VCP idle angle=121992 amtOk=1
2026-07-07T16:07:37.120+00:00 VCP SET_TARGET_RX steer=125591 wheel=0
2026-07-07T16:07:37.320+00:00 VCP idle angle=121992 amtOk=1
2026-07-07T16:07:37.520+00:00 VCP SET_TARGET_RX steer=125591 wheel=0
2026-07-07T16:07:37.921+00:00 VCP idle angle=121992 amtOk=1
2026-07-07T16:07:38.121+00:00 VCP SET_TARGET_RX steer=125591 wheel=0
2026-07-07T16:07:38.321+00:00 VCP idle angle=121992 amtOk=1
2026-07-07T16:07:38.522+00:00 VCP SET_TARGET_RX steer=125591 wheel=0
2026-07-07T16:07:38.922+00:00 VCP idle angle=121992 amtOk=1
2026-07-07T16:07:39.123+00:00 VCP SET_TARGET_RX steer=125591 wheel=0
2026-07-07T16:07:39.323+00:00 VCP idle angle=121992 amtOk=1
2026-07-07T16:07:39.523+00:00 VCP SET_TARGET_RX steer=125591 wheel=0
2026-07-07T16:07:39.924+00:00 VCP idle angle=121992 amtOk=1
2026-07-07T16:07:40.124+00:00 VCP SET_TARGET_RX steer=125591 wheel=0
2026-07-07T16:07:40.324+00:00 VCP idle angle=121992 amtOk=1
2026-07-07T16:07:40.525+00:00 VCP SET_TARGET_RX steer=125591 wheel=0
2026-07-07T16:07:40.925+00:00 VCP idle angle=121992 amtOk=1
2026-07-07T16:07:41.126+00:00 VCP SET_TARGET_RX steer=125591 wheel=0
2026-07-07T16:07:41.326+00:00 VCP idle angle=121992 amtOk=1
2026-07-07T16:07:41.526+00:00 VCP SET_TARGET_RX steer=125591 wheel=0
2026-07-07T16:07:41.927+00:00 VCP idle angle=121992 amtOk=1
2026-07-07T16:07:42.127+00:00 VCP SET_TARGET_RX steer=125591 wheel=0
2026-07-07T16:07:42.327+00:00 VCP idle angle=121992 amtOk=1
2026-07-07T16:07:42.528+00:00 VCP SET_TARGET_RX steer=125591 wheel=0
2026-07-07T16:07:42.928+00:00 VCP idle angle=121992 amtOk=1
2026-07-07T16:07:43.128+00:00 VCP SET_TARGET_RX steer=125591 wheel=0
2026-07-07T16:07:43.329+00:00 VCP idle angle=121992 amtOk=1
2026-07-07T16:07:43.529+00:00 VCP SET_TARGET_RX steer=125591 wheel=0
2026-07-07T16:07:43.930+00:00 VCP idle angle=121992 amtOk=1
2026-07-07T16:07:44.130+00:00 VCP SET_TARGET_RX steer=125591 wheel=0
2026-07-07T16:07:44.330+00:00 VCP idle angle=121992 amtOk=1
2026-07-07T16:07:44.531+00:00 VCP SET_TARGET_RX steer=125591 wheel=0
2026-07-07T16:07:44.931+00:00 VCP idle angle=121992 amtOk=1
2026-07-07T16:07:45.132+00:00 VCP SET_TARGET_RX steer=125591 wheel=0
2026-07-07T16:07:45.332+00:00 VCP idle angle=121992 amtOk=1
2026-07-07T16:07:45.532+00:00 VCP SET_TARGET_RX steer=125591 wheel=0
2026-07-07T16:07:45.933+00:00 VCP idle angle=121992 amtOk=1
2026-07-07T16:07:46.133+00:00 VCP SET_TARGET_RX steer=125591 wheel=0
2026-07-07T16:07:46.333+00:00 VCP idle angle=121992 amtOk=1
2026-07-07T16:07:46.534+00:00 VCP SET_TARGET_RX steer=125591 wheel=0
2026-07-07T16:07:46.934+00:00 VCP idle angle=121992 amtOk=1
2026-07-07T16:07:47.135+00:00 VCP SET_TARGET_RX steer=125591 wheel=0
2026-07-07T16:07:47.335+00:00 VCP idle angle=121992 amtOk=1
2026-07-07T16:07:47.535+00:00 VCP SET_TARGET_RX steer=125591 wheel=0
2026-07-07T16:07:47.936+00:00 VCP idle angle=121992 amtOk=1
2026-07-07T16:07:48.136+00:00 VCP SET_TARGET_RX steer=125591 wheel=0
2026-07-07T16:07:48.336+00:00 VCP idle angle=121992 amtOk=1
2026-07-07T16:07:48.536+00:00 VCP SET_TARGET_RX steer=125591 wheel=0
2026-07-07T16:07:48.937+00:00 VCP idle angle=121992 amtOk=1
2026-07-07T16:07:49.137+00:00 VCP SET_TARGET_RX steer=125591 wheel=0
2026-07-07T16:07:49.338+00:00 VCP idle angle=121992 amtOk=1
2026-07-07T16:07:49.538+00:00 VCP SET_TARGET_RX steer=125591 wheel=0
2026-07-07T16:07:49.938+00:00 VCP idle angle=121992 amtOk=1
2026-07-07T16:07:50.139+00:00 VCP SET_TARGET_RX steer=125591 wheel=0
2026-07-07T16:07:50.339+00:00 VCP idle angle=121992 amtOk=1
2026-07-07T16:07:50.539+00:00 VCP SET_TARGET_RX steer=125591 wheel=0
2026-07-07T16:07:50.940+00:00 VCP idle angle=121992 amtOk=1
2026-07-07T16:07:51.140+00:00 VCP SET_TARGET_RX steer=125591 wheel=0
2026-07-07T16:07:51.340+00:00 VCP idle angle=121992 amtOk=1
2026-07-07T16:07:51.541+00:00 VCP SET_TARGET_RX steer=125591 wheel=0
2026-07-07T16:07:51.941+00:00 VCP idle angle=121992 amtOk=1
2026-07-07T16:07:52.141+00:00 VCP SET_TARGET_RX steer=125591 wheel=0
2026-07-07T16:07:52.342+00:00 VCP idle angle=121992 amtOk=1
2026-07-07T16:07:52.542+00:00 VCP SET_TARGET_RX steer=125591 wheel=0
2026-07-07T16:07:52.943+00:00 VCP idle angle=121992 amtOk=1
2026-07-07T16:07:53.143+00:00 VCP SET_TARGET_RX steer=125591 wheel=0
2026-07-07T16:07:53.343+00:00 VCP idle angle=121992 amtOk=1
2026-07-07T16:07:53.544+00:00 VCP SET_TARGET_RX steer=125591 wheel=0
2026-07-07T16:07:53.944+00:00 VCP idle angle=121992 amtOk=1
2026-07-07T16:07:54.145+00:00 VCP SET_TARGET_RX steer=125591 wheel=0
2026-07-07T16:07:54.345+00:00 VCP idle angle=121992 amtOk=1
2026-07-07T16:07:54.545+00:00 VCP SET_TARGET_RX steer=125591 wheel=0
2026-07-07T16:07:54.946+00:00 VCP idle angle=121992 amtOk=1
2026-07-07T16:07:55.146+00:00 VCP SET_TARGET_RX steer=125591 wheel=0
2026-07-07T16:07:55.347+00:00 VCP idle angle=121992 amtOk=1
2026-07-07T16:07:55.547+00:00 VCP SET_TARGET_RX steer=125591 wheel=0
2026-07-07T16:07:55.947+00:00 VCP idle angle=121992 amtOk=1
2026-07-07T16:07:56.148+00:00 VCP SET_TARGET_RX steer=125591 wheel=0
2026-07-07T16:07:56.348+00:00 VCP idle angle=121992 amtOk=1
2026-07-07T16:07:56.548+00:00 VCP SET_TARGET_RX steer=125591 wheel=0
2026-07-07T16:07:56.949+00:00 VCP idle angle=121992 amtOk=1
2026-07-07T16:07:57.149+00:00 VCP SET_TARGET_RX steer=125591 wheel=0
2026-07-07T16:07:57.349+00:00 VCP idle angle=121992 amtOk=1
2026-07-07T16:07:57.550+00:00 VCP SET_TARGET_RX steer=125591 wheel=0
2026-07-07T16:07:57.950+00:00 VCP idle angle=121992 amtOk=1
2026-07-07T16:07:58.151+00:00 VCP SET_TARGET_RX steer=125591 wheel=0
2026-07-07T16:07:58.351+00:00 VCP idle angle=121992 amtOk=1
2026-07-07T16:07:58.551+00:00 VCP SET_TARGET_RX steer=125591 wheel=0
2026-07-07T16:07:58.952+00:00 VCP idle angle=121992 amtOk=1
2026-07-07T16:07:59.152+00:00 VCP SET_TARGET_RX steer=125591 wheel=0
2026-07-07T16:07:59.352+00:00 VCP idle angle=121992 amtOk=1
2026-07-07T16:07:59.553+00:00 VCP SET_TARGET_RX steer=125591 wheel=0
2026-07-07T16:07:59.953+00:00 VCP idle angle=121992 amtOk=1
2026-07-07T16:08:00.154+00:00 VCP SET_TARGET_RX steer=125591 wheel=0
2026-07-07T16:08:00.354+00:00 VCP idle angle=121992 amtOk=1
2026-07-07T16:08:00.554+00:00 VCP SET_TARGET_RX steer=125591 wheel=0
2026-07-07T16:08:00.754+00:00 VCP idle angle=121992 amtOk=1
2026-07-07T16:08:01.155+00:00 VCP SET_TARGET_RX steer=125591 wheel=0
2026-07-07T16:08:01.355+00:00 VCP idle angle=121992 amtOk=1
2026-07-07T16:08:01.555+00:00 VCP SET_TARGET_RX steer=125591 wheel=0
2026-07-07T16:08:01.755+00:00 VCP idle angle=121992 amtOk=1
2026-07-07T16:08:02.156+00:00 VCP SET_TARGET_RX steer=125591 wheel=0
2026-07-07T16:08:02.356+00:00 VCP idle angle=121992 amtOk=1
2026-07-07T16:08:02.557+00:00 VCP SET_TARGET_RX steer=125591 wheel=0
2026-07-07T16:08:02.757+00:00 VCP idle angle=121992 amtOk=1
2026-07-07T16:08:03.157+00:00 VCP SET_TARGET_RX steer=125591 wheel=0
2026-07-07T16:08:03.358+00:00 VCP idle angle=121992 amtOk=1
2026-07-07T16:08:03.558+00:00 VCP SET_TARGET_RX steer=125591 wheel=0
2026-07-07T16:08:03.758+00:00 VCP idle angle=121992 amtOk=1
2026-07-07T16:08:04.159+00:00 VCP SET_TARGET_RX steer=125591 wheel=0
2026-07-07T16:08:04.359+00:00 VCP idle angle=121992 amtOk=1
2026-07-07T16:08:04.559+00:00 VCP SET_TARGET_RX steer=125591 wheel=0
2026-07-07T16:08:04.759+00:00 VCP idle angle=121992 amtOk=1
2026-07-07T16:08:05.160+00:00 VCP SET_TARGET_RX steer=125591 wheel=0
2026-07-07T16:08:05.361+00:00 VCP idle angle=121992 amtOk=1
2026-07-07T16:08:05.561+00:00 VCP SET_TARGET_RX steer=125591 wheel=0
2026-07-07T16:08:05.761+00:00 VCP idle angle=121992 amtOk=1
2026-07-07T16:08:06.162+00:00 VCP SET_TARGET_RX steer=125591 wheel=0
2026-07-07T16:08:06.362+00:00 VCP idle angle=121992 amtOk=1
2026-07-07T16:08:06.563+00:00 VCP SET_TARGET_RX steer=125591 wheel=0
2026-07-07T16:08:06.763+00:00 VCP idle angle=121992 amtOk=1
2026-07-07T16:08:07.163+00:00 VCP SET_TARGET_RX steer=125591 wheel=0
2026-07-07T16:08:07.364+00:00 VCP idle angle=121992 amtOk=1
2026-07-07T16:08:07.564+00:00 VCP SET_TARGET_RX steer=125591 wheel=0
2026-07-07T16:08:07.764+00:00 VCP idle angle=121992 amtOk=1
2026-07-07T16:08:08.165+00:00 VCP SET_TARGET_RX steer=125591 wheel=0
2026-07-07T16:08:08.365+00:00 VCP idle angle=121992 amtOk=1
2026-07-07T16:08:08.565+00:00 VCP SET_TARGET_RX steer=125591 wheel=0
2026-07-07T16:08:08.765+00:00 VCP idle angle=121992 amtOk=1
2026-07-07T16:08:09.166+00:00 VCP SET_TARGET_RX steer=125591 wheel=0
2026-07-07T16:08:09.366+00:00 VCP idle angle=121992 amtOk=1
2026-07-07T16:08:09.567+00:00 VCP SET_TARGET_RX steer=125591 wheel=0
2026-07-07T16:08:09.767+00:00 VCP idle angle=121992 amtOk=1
2026-07-07T16:08:10.168+00:00 VCP SET_TARGET_RX steer=125591 wheel=0
2026-07-07T16:08:10.368+00:00 VCP idle angle=121992 amtOk=1
2026-07-07T16:08:10.568+00:00 VCP SET_TARGET_RX steer=125591 wheel=0
2026-07-07T16:08:10.769+00:00 VCP idle angle=121992 amtOk=1
2026-07-07T16:08:11.169+00:00 VCP SET_TARGET_RX steer=125591 wheel=0
2026-07-07T16:08:11.369+00:00 VCP idle angle=121992 amtOk=1
2026-07-07T16:08:11.570+00:00 VCP SET_TARGET_RX steer=125591 wheel=0
2026-07-07T16:08:11.770+00:00 VCP idle angle=121992 amtOk=1
2026-07-07T16:08:12.170+00:00 VCP SET_TARGET_RX steer=125591 wheel=0
2026-07-07T16:08:12.371+00:00 VCP idle angle=121992 amtOk=1
2026-07-07T16:08:12.571+00:00 VCP SET_TARGET_RX steer=125591 wheel=0
2026-07-07T16:08:12.771+00:00 VCP idle angle=121992 amtOk=1
2026-07-07T16:08:12.972+00:00 VCP SET_TARGET_RX steer=125591 wheel=0
2026-07-07T16:08:13.372+00:00 VCP idle angle=121992 amtOk=1
2026-07-07T16:08:13.572+00:00 VCP SET_TARGET_RX steer=125591 wheel=0
2026-07-07T16:08:13.772+00:00 VCP idle angle=121992 amtOk=1
2026-07-07T16:08:13.973+00:00 VCP SET_TARGET_RX steer=125591 wheel=0
2026-07-07T16:08:14.373+00:00 VCP idle angle=121992 amtOk=1
2026-07-07T16:08:14.574+00:00 VCP SET_TARGET_RX steer=125591 wheel=0
2026-07-07T16:08:14.774+00:00 VCP idle angle=121992 amtOk=1
2026-07-07T16:08:14.974+00:00 VCP SET_TARGET_RX steer=125591 wheel=0
2026-07-07T16:08:15.375+00:00 VCP idle angle=121992 amtOk=1
2026-07-07T16:08:15.575+00:00 VCP SET_TARGET_RX steer=125591 wheel=0
2026-07-07T16:08:15.775+00:00 VCP idle angle=121992 amtOk=1
2026-07-07T16:08:15.975+00:00 VCP SET_TARGET_RX steer=125591 wheel=0
2026-07-07T16:08:16.376+00:00 VCP idle angle=121992 amtOk=1
2026-07-07T16:08:16.576+00:00 VCP SET_TARGET_RX steer=125591 wheel=0
2026-07-07T16:08:16.777+00:00 VCP idle angle=121992 amtOk=1
2026-07-07T16:08:16.977+00:00 VCP SET_TARGET_RX steer=125591 wheel=0
2026-07-07T16:08:17.377+00:00 VCP idle angle=121992 amtOk=1
2026-07-07T16:08:17.578+00:00 VCP SET_TARGET_RX steer=125591 wheel=0
2026-07-07T16:08:17.778+00:00 VCP idle angle=121992 amtOk=1
2026-07-07T16:08:17.978+00:00 VCP SET_TARGET_RX steer=125591 wheel=0
2026-07-07T16:08:18.379+00:00 VCP idle angle=121992 amtOk=1
2026-07-07T16:08:18.579+00:00 VCP SET_TARGET_RX steer=125591 wheel=0
2026-07-07T16:08:18.779+00:00 VCP idle angle=121992 amtOk=1
2026-07-07T16:08:18.980+00:00 VCP SET_TARGET_RX steer=125591 wheel=0
2026-07-07T16:08:19.380+00:00 VCP idle angle=121992 amtOk=1
2026-07-07T16:08:19.581+00:00 VCP SET_TARGET_RX steer=125591 wheel=0
2026-07-07T16:08:19.781+00:00 VCP idle angle=121992 amtOk=1
2026-07-07T16:08:19.981+00:00 VCP SET_TARGET_RX steer=125591 wheel=0
2026-07-07T16:08:20.382+00:00 VCP idle angle=121992 amtOk=1
2026-07-07T16:08:20.582+00:00 VCP SET_TARGET_RX steer=125591 wheel=0
2026-07-07T16:08:20.783+00:00 VCP idle angle=121992 amtOk=1
2026-07-07T16:08:20.983+00:00 VCP SET_TARGET_RX steer=125591 wheel=0
2026-07-07T16:08:21.384+00:00 VCP idle angle=121992 amtOk=1
2026-07-07T16:08:21.584+00:00 VCP SET_TARGET_RX steer=125591 wheel=0
2026-07-07T16:08:21.784+00:00 VCP idle angle=121992 amtOk=1
2026-07-07T16:08:21.985+00:00 VCP SET_TARGET_RX steer=125591 wheel=0
2026-07-07T16:08:22.386+00:00 VCP idle angle=121992 amtOk=1
2026-07-07T16:08:22.586+00:00 VCP SET_TARGET_RX steer=125591 wheel=0
2026-07-07T16:08:22.786+00:00 VCP idle angle=121992 amtOk=1
2026-07-07T16:08:22.986+00:00 VCP SET_TARGET_RX steer=125591 wheel=0
2026-07-07T16:08:23.387+00:00 VCP idle angle=121992 amtOk=1
2026-07-07T16:08:23.587+00:00 VCP SET_TARGET_RX steer=125591 wheel=0
2026-07-07T16:08:23.788+00:00 VCP idle angle=121992 amtOk=1
2026-07-07T16:08:23.988+00:00 VCP SET_TARGET_RX steer=125591 wheel=0
2026-07-07T16:08:24.389+00:00 VCP idle angle=121992 amtOk=1
