2026-07-07T16:33:32.839+00:00 WEBUI log opened: /home/tirobot/Differential-Swerve-Drive/firmware/logs/webui-2026-07-07T16-33-32Z.log
2026-07-07T16:33:32.935+00:00 WEBUI listening on :8080 can_iface=can0 vcp_port=/dev/ttyACM0
2026-07-07T16:33:33.247+00:00 VCP idle angle=143965 amtOk=1 fdbkOk=1 en=0 tgtOk=1
2026-07-07T16:33:33.447+00:00 VCP SET_TARGET_RX steer=0 wheel=0
2026-07-07T16:33:33.848+00:00 VCP idle angle=143965 amtOk=1 fdbkOk=1 en=0 tgtOk=1
2026-07-07T16:33:33.848+00:00 VCP SET_TARGET_RX steer=0 wheel=0
2026-07-07T16:33:34.248+00:00 VCP idle angle=143965 amtOk=1 fdbkOk=1 en=0 tgtOk=1
2026-07-07T16:33:34.449+00:00 VCP SET_TARGET_RX steer=0 wheel=0
2026-07-07T16:33:34.849+00:00 VCP idle angle=143965 amtOk=1 fdbkOk=1 en=0 tgtOk=1
2026-07-07T16:33:34.849+00:00 VCP SET_TARGET_RX steer=0 wheel=0
2026-07-07T16:33:35.250+00:00 VCP idle angle=143965 amtOk=1 fdbkOk=1 en=0 tgtOk=1
2026-07-07T16:33:35.450+00:00 VCP SET_TARGET_RX steer=0 wheel=0
2026-07-07T16:33:35.851+00:00 VCP idle angle=143965 amtOk=1 fdbkOk=1 en=0 tgtOk=1
2026-07-07T16:33:35.851+00:00 VCP SET_TARGET_RX steer=0 wheel=0
2026-07-07T16:33:36.251+00:00 VCP idle angle=143965 amtOk=1 fdbkOk=1 en=0 tgtOk=1
2026-07-07T16:33:36.451+00:00 VCP SET_TARGET_RX steer=0 wheel=0
2026-07-07T16:33:36.852+00:00 VCP idle angle=143965 amtOk=1 fdbkOk=1 en=0 tgtOk=1
2026-07-07T16:33:36.852+00:00 VCP SET_TARGET_RX steer=0 wheel=0
2026-07-07T16:33:37.252+00:00 VCP idle angle=143965 amtOk=1 fdbkOk=1 en=0 tgtOk=1
2026-07-07T16:33:37.453+00:00 VCP SET_TARGET_RX steer=0 wheel=0
2026-07-07T16:33:37.853+00:00 VCP idle angle=143965 amtOk=1 fdbkOk=1 en=0 tgtOk=1
2026-07-07T16:33:37.853+00:00 VCP SET_TARGET_RX steer=0 wheel=0
2026-07-07T16:33:38.254+00:00 VCP idle angle=143965 amtOk=1 fdbkOk=1 en=0 tgtOk=1
2026-07-07T16:33:38.454+00:00 VCP SET_TARGET_RX steer=0 wheel=0
2026-07-07T16:33:38.854+00:00 VCP idle angle=143965 amtOk=1 fdbkOk=1 en=0 tgtOk=1
2026-07-07T16:33:38.854+00:00 VCP SET_TARGET_RX steer=0 wheel=0
2026-07-07T16:33:39.255+00:00 VCP idle angle=143965 amtOk=1 fdbkOk=1 en=0 tgtOk=1
2026-07-07T16:33:39.455+00:00 VCP SET_TARGET_RX steer=0 wheel=0
2026-07-07T16:33:39.856+00:00 VCP idle angle=143965 amtOk=1 fdbkOk=1 en=0 tgtOk=1
2026-07-07T16:33:40.056+00:00 VCP SET_TARGET_RX steer=0 wheel=0
2026-07-07T16:33:40.257+00:00 VCP idle angle=143965 amtOk=1 fdbkOk=1 en=0 tgtOk=1
2026-07-07T16:33:40.457+00:00 VCP SET_TARGET_RX steer=0 wheel=0
2026-07-07T16:33:40.858+00:00 VCP idle angle=143965 amtOk=1 fdbkOk=1 en=0 tgtOk=1
2026-07-07T16:33:41.058+00:00 VCP SET_TARGET_RX steer=0 wheel=0
2026-07-07T16:33:41.258+00:00 VCP idle angle=143965 amtOk=1 fdbkOk=1 en=0 tgtOk=1
2026-07-07T16:33:41.459+00:00 VCP SET_TARGET_RX steer=0 wheel=0
2026-07-07T16:33:41.859+00:00 VCP idle angle=143965 amtOk=1 fdbkOk=1 en=0 tgtOk=1
2026-07-07T16:33:42.060+00:00 VCP SET_TARGET_RX steer=0 wheel=0
2026-07-07T16:33:42.260+00:00 VCP idle angle=143965 amtOk=1 fdbkOk=1 en=0 tgtOk=1
2026-07-07T16:33:42.460+00:00 VCP SET_TARGET_RX steer=0 wheel=0
2026-07-07T16:33:42.861+00:00 VCP idle angle=143965 amtOk=1 fdbkOk=1 en=0 tgtOk=1
2026-07-07T16:33:43.061+00:00 VCP SET_TARGET_RX steer=0 wheel=0
2026-07-07T16:33:43.261+00:00 VCP idle angle=143965 amtOk=1 fdbkOk=1 en=0 tgtOk=1
2026-07-07T16:33:43.462+00:00 VCP SET_TARGET_RX steer=0 wheel=0
2026-07-07T16:33:43.862+00:00 VCP idle angle=143965 amtOk=1 fdbkOk=1 en=0 tgtOk=1
2026-07-07T16:33:44.063+00:00 VCP SET_TARGET_RX steer=0 wheel=0
2026-07-07T16:33:44.263+00:00 VCP idle angle=143965 amtOk=1 fdbkOk=1 en=0 tgtOk=1
2026-07-07T16:33:44.463+00:00 VCP SET_TARGET_RX steer=0 wheel=0
2026-07-07T16:33:44.864+00:00 VCP idle angle=143965 amtOk=1 fdbkOk=1 en=0 tgtOk=1
2026-07-07T16:33:44.864+00:00 VCP SET_TARGET_RX steer=0 wheel=0
2026-07-07T16:33:45.265+00:00 VCP idle angle=143965 amtOk=1 fdbkOk=1 en=0 tgtOk=1
2026-07-07T16:33:45.465+00:00 VCP SET_TARGET_RX steer=0 wheel=0
2026-07-07T16:33:45.865+00:00 VCP idle angle=143965 amtOk=1 fdbkOk=1 en=0 tgtOk=1
2026-07-07T16:33:45.866+00:00 VCP SET_TARGET_RX steer=0 wheel=0
2026-07-07T16:33:46.059+00:00 WEBUI enable sent (seeded steer target=143.965deg)
2026-07-07T16:33:46.066+00:00 VCP UNIT_CTRL enable=1
2026-07-07T16:33:46.169+00:00 VCP START_CAN: angle=143965 target=143965 wheelTarget=0
2026-07-07T16:33:46.169+00:00 VCP run=1 step=0 angle=143965 target=143965 err=0 steer=0 m1=0/0 i1=0 t1=32 m2=0/0 i2=0 t2=31 steerMode=0/0 iSteer=0 driveMode=0/0 iDrive=0 scale=0 wheel=0 ffS=0
2026-07-07T16:33:46.272+00:00 VCP run=1 step=0 angle=149766 target=234000 err=84234 steer=40000 m1=1782/123750 i1=2680 t1=32 m2=8/-13750 i2=-102 t2=31 steerMode=55000/30390 iSteer=1289195 driveMode=68750/30249 iDrive=1391045 scale=0 wheel=200000 ffS=0
2026-07-07T16:33:46.375+00:00 VCP run=1 step=0 angle=177803 target=234000 err=56197 steer=40000 m1=2506/123750 i1=-207 t1=32 m2=-340/-13750 i2=-365 t2=31 steerMode=55000/61775 iSteer=-285921 driveMode=68750/74479 iDrive=79174 scale=0 wheel=200000 ffS=0
2026-07-07T16:33:46.475+00:00 VCP run=1 step=0 angle=201094 target=234000 err=32906 steer=40000 m1=2368/123750 i1=324 t1=32 m2=-285/-13750 i2=-76 t2=31 steerMode=55000/53579 iSteer=123797 driveMode=68750/70229 iDrive=200118 scale=0 wheel=200000 ffS=0
2026-07-07T16:33:46.475+00:00 VCP SET_TARGET_RX steer=234000 wheel=200000
2026-07-07T16:33:46.578+00:00 VCP run=1 step=0 angle=225088 target=234000 err=8912 steer=17824 m1=2090/93258 i1=-977 t1=32 m2=-584/-44242 i2=-1401 t2=31 steerMode=24508/48890 iSteer=-1189270 driveMode=68750/69772 iDrive=211795 scale=0 wheel=200000 ffS=0
2026-07-07T16:33:46.763+00:00 VCP run=1 step=0 angle=230801 target=234000 err=3199 steer=6398 m1=1397/77548 i1=403 t1=32 m2=-1269/-59952 i2=-49 t2=31 steerMode=8798/5300 iSteer=176594 driveMode=68750/69264 iDrive=225967 scale=0 wheel=200000 ffS=0
2026-07-07T16:33:46.763+00:00 VCP run=1 step=0 angle=233438 target=234000 err=563 steer=1125 m1=1429/70297 i1=-42 t1=32 m2=-1252/-67203 i2=-403 t2=31 steerMode=1547/5967 iSteer=-222086 driveMode=68750/70699 iDrive=180415 scale=0 wheel=200000 ffS=0
2026-07-07T16:33:46.867+00:00 VCP run=1 step=0 angle=233701 target=234000 err=299 steer=0 m1=1372/68750 i1=200 t1=32 m2=-1317/-68750 i2=-144 t2=31 steerMode=0/-642 iSteer=27558 driveMode=68750/70836 iDrive=172048 scale=0 wheel=200000 ffS=0
2026-07-07T16:33:46.968+00:00 VCP run=1 step=0 angle=233965 target=234000 err=35 steer=0 m1=1345/68750 i1=149 t1=32 m2=-1269/-68750 i2=-225 t2=31 steerMode=0/648 iSteer=-38271 driveMode=68750/70229 iDrive=187116 scale=0 wheel=200000 ffS=0
2026-07-07T16:33:46.968+00:00 VCP SET_TARGET_RX steer=234000 wheel=200000
2026-07-07T16:33:47.072+00:00 VCP run=1 step=0 angle=233965 target=234000 err=35 steer=0 m1=1341/68750 i1=161 t1=32 m2=-1290/-68750 i2=-253 t2=31 steerMode=0/778 iSteer=-46043 driveMode=68750/69491 iDrive=207184 scale=0 wheel=200000 ffS=0
2026-07-07T16:33:47.176+00:00 VCP run=1 step=0 angle=234229 target=234000 err=-229 steer=0 m1=1316/68750 i1=197 t1=32 m2=-1302/-68750 i2=-210 t2=31 steerMode=0/-32 iSteer=-6287 driveMode=68750/69576 iDrive=203226 scale=0 wheel=200000 ffS=0
2026-07-07T16:33:47.362+00:00 VCP run=1 step=0 angle=234668 target=234000 err=-668 steer=-1336 m1=1303/66913 i1=113 t1=32 m2=-1361/-70587 i2=-271 t2=31 steerMode=-1837/-432 iSteer=-78769 driveMode=68750/69884 iDrive=192108 scale=0 wheel=200000 ffS=0
2026-07-07T16:33:47.362+00:00 VCP run=1 step=0 angle=234229 target=234000 err=-229 steer=0 m1=1362/68750 i1=198 t1=32 m2=-1302/-68750 i2=-153 t2=31 steerMode=0/-600 iSteer=22590 driveMode=68750/70344 iDrive=175533 scale=0 wheel=200000 ffS=0
2026-07-07T16:33:47.462+00:00 VCP run=1 step=0 angle=234316 target=234000 err=-316 steer=0 m1=1307/68750 i1=146 t1=32 m2=-1300/-68750 i2=-306 t2=31 steerMode=0/1386 iSteer=-80048 driveMode=68750/68624 iDrive=225991 scale=0 wheel=200000 ffS=0
2026-07-07T16:33:47.462+00:00 VCP SET_TARGET_RX steer=234000 wheel=200000
2026-07-07T16:33:47.566+00:00 VCP run=1 step=0 angle=234580 target=234000 err=-580 steer=-1160 m1=1299/67155 i1=164 t1=32 m2=-1340/-70345 i2=-258 t2=31 steerMode=-1595/-948 iSteer=-46776 driveMode=68750/69137 iDrive=210980 scale=0 wheel=200000 ffS=0
2026-07-07T16:33:47.670+00:00 VCP run=1 step=0 angle=234229 target=234000 err=-229 steer=0 m1=1326/68750 i1=173 t1=32 m2=-1357/-68750 i2=-178 t2=31 steerMode=0/-223 iSteer=-2460 driveMode=68750/70260 iDrive=175658 scale=0 wheel=200000 ffS=0
2026-07-07T16:33:47.774+00:00 VCP run=1 step=0 angle=234141 target=234000 err=-141 steer=0 m1=1314/68750 i1=147 t1=32 m2=-1344/-68750 i2=-195 t2=31 steerMode=0/175 iSteer=-23975 driveMode=68750/70324 iDrive=170839 scale=0 wheel=200000 ffS=0
2026-07-07T16:33:47.878+00:00 VCP run=1 step=0 angle=234229 target=234000 err=-229 steer=0 m1=1349/68750 i1=168 t1=32 m2=-1302/-68750 i2=-194 t2=31 steerMode=0/-31 iSteer=-13190 driveMode=68750/69912 iDrive=180774 scale=0 wheel=200000 ffS=0
2026-07-07T16:33:48.061+00:00 VCP run=1 step=0 angle=234053 target=234000 err=-53 steer=0 m1=1318/68750 i1=175 t1=32 m2=-1290/-68750 i2=-214 t2=31 steerMode=0/81 iSteer=-19373 driveMode=68750/69407 iDrive=194427 scale=0 wheel=200000 ffS=0
2026-07-07T16:33:48.061+00:00 VCP SET_TARGET_RX steer=234000 wheel=200000
2026-07-07T16:33:48.061+00:00 VCP run=1 step=0 angle=234141 target=234000 err=-141 steer=0 m1=1341/68750 i1=170 t1=32 m2=-1273/-68750 i2=-221 t2=31 steerMode=0/212 iSteer=-25544 driveMode=68750/69331 iDrive=195099 scale=0 wheel=200000 ffS=0
2026-07-07T16:33:48.165+00:00 VCP run=1 step=0 angle=234316 target=234000 err=-316 steer=0 m1=1330/68750 i1=167 t1=32 m2=-1315/-68750 i2=-211 t2=31 steerMode=0/136 iSteer=-22069 driveMode=68750/69490 iDrive=189104 scale=0 wheel=200000 ffS=0
2026-07-07T16:33:48.269+00:00 VCP run=1 step=0 angle=234229 target=234000 err=-229 steer=0 m1=1332/68750 i1=153 t1=32 m2=-1244/-68750 i2=-247 t2=31 steerMode=0/622 iSteer=-46624 driveMode=68750/69075 iDrive=200106 scale=0 wheel=200000 ffS=0
2026-07-07T16:33:48.372+00:00 VCP run=1 step=0 angle=234668 target=234000 err=-668 steer=-1336 m1=1263/66913 i1=113 t1=32 m2=-1277/-70587 i2=-353 t2=31 steerMode=-1837/173 iSteer=-120283 driveMode=68750/68015 iDrive=232791 scale=0 wheel=200000 ffS=0
2026-07-07T16:33:48.473+00:00 VCP run=1 step=0 angle=234492 target=234000 err=-492 steer=0 m1=1314/68750 i1=240 t1=32 m2=-1331/-68750 i2=-119 t2=31 steerMode=0/-1566 iSteer=60467 driveMode=68750/69772 iDrive=179591 scale=0 wheel=200000 ffS=0
2026-07-07T16:33:48.473+00:00 VCP SET_TARGET_RX steer=234000 wheel=200000
2026-07-07T16:33:48.577+00:00 VCP run=1 step=0 angle=234404 target=234000 err=-404 steer=0 m1=1326/68750 i1=111 t1=32 m2=-1306/-68750 i2=-223 t2=31 steerMode=0/744 iSteer=-55970 driveMode=68750/70115 iDrive=166839 scale=0 wheel=200000 ffS=0
2026-07-07T16:33:48.763+00:00 VCP run=1 step=0 angle=234316 target=234000 err=-316 steer=0 m1=1314/68750 i1=174 t1=32 m2=-1323/-68750 i2=-203 t2=31 steerMode=0/-84 iSteer=-14967 driveMode=68750/69327 iDrive=188472 scale=0 wheel=200000 ffS=0
2026-07-07T16:33:48.763+00:00 VCP run=1 step=0 angle=234404 target=234000 err=-404 steer=0 m1=1320/68750 i1=164 t1=32 m2=-1285/-68750 i2=-219 t2=31 steerMode=0/177 iSteer=-27986 driveMode=68750/69199 iDrive=191503 scale=0 wheel=200000 ffS=0
2026-07-07T16:33:48.867+00:00 VCP run=1 step=0 angle=234316 target=234000 err=-316 steer=0 m1=1301/68750 i1=169 t1=32 m2=-1323/-68750 i2=-218 t2=31 steerMode=0/92 iSteer=-24055 driveMode=68750/69102 iDrive=193523 scale=0 wheel=200000 ffS=0
2026-07-07T16:33:48.967+00:00 VCP run=1 step=0 angle=234580 target=234000 err=-580 steer=-1160 m1=1289/67155 i1=115 t1=32 m2=-1369/-70345 i2=-263 t2=31 steerMode=-1595/-496 iSteer=-74435 driveMode=68750/69230 iDrive=189020 scale=0 wheel=200000 ffS=0
2026-07-07T16:33:48.967+00:00 VCP SET_TARGET_RX steer=234000 wheel=200000
2026-07-07T16:33:49.071+00:00 VCP run=1 step=0 angle=234316 target=234000 err=-316 steer=0 m1=1324/68750 i1=234 t1=32 m2=-1344/-68750 i2=-119 t2=31 steerMode=0/-1517 iSteer=57653 driveMode=68750/69615 iDrive=176209 scale=0 wheel=200000 ffS=0
2026-07-07T16:33:49.175+00:00 VCP run=1 step=0 angle=233965 target=234000 err=35 steer=0 m1=1324/68750 i1=116 t1=32 m2=-1267/-68750 i2=-293 t2=31 steerMode=0/1376 iSteer=-88582 driveMode=68750/68648 iDrive=204550 scale=0 wheel=200000 ffS=0
2026-07-07T16:33:49.361+00:00 VCP run=1 step=0 angle=234141 target=234000 err=-141 steer=0 m1=1324/68750 i1=173 t1=32 m2=-1275/-68750 i2=-242 t2=31 steerMode=0/250 iSteer=-34428 driveMode=68750/68579 iDrive=207113 scale=0 wheel=200000 ffS=0
2026-07-07T16:33:49.361+00:00 VCP run=1 step=0 angle=234229 target=234000 err=-229 steer=0 m1=1309/68750 i1=161 t1=32 m2=-1292/-68750 i2=-205 t2=31 steerMode=0/-3 iSteer=-21951 driveMode=68750/69357 iDrive=183233 scale=0 wheel=200000 ffS=0
2026-07-07T16:33:49.462+00:00 VCP run=1 step=0 angle=234229 target=234000 err=-229 steer=0 m1=1316/68750 i1=146 t1=32 m2=-1302/-68750 i2=-199 t2=31 steerMode=0/90 iSteer=-26602 driveMode=68750/69655 iDrive=172855 scale=0 wheel=200000 ffS=0
2026-07-07T16:33:49.462+00:00 VCP SET_TARGET_RX steer=234000 wheel=200000
2026-07-07T16:33:49.566+00:00 VCP run=1 step=0 angle=234229 target=234000 err=-229 steer=0 m1=1335/68750 i1=154 t1=32 m2=-1306/-68750 i2=-208 t2=31 steerMode=0/103 iSteer=-26878 driveMode=68750/69384 iDrive=180984 scale=0 wheel=200000 ffS=0
2026-07-07T16:33:49.670+00:00 VCP run=1 step=0 angle=234316 target=234000 err=-316 steer=0 m1=1303/68750 i1=181 t1=32 m2=-1313/-68750 i2=-189 t2=31 steerMode=0/-343 iSteer=-4040 driveMode=68750/69243 iDrive=185207 scale=0 wheel=200000 ffS=0
2026-07-07T16:33:49.774+00:00 VCP run=1 step=0 angle=234316 target=234000 err=-316 steer=0 m1=1312/68750 i1=167 t1=32 m2=-1302/-68750 i2=-215 t2=31 steerMode=0/74 iSteer=-24206 driveMode=68750/69048 iDrive=191067 scale=0 wheel=200000 ffS=0
2026-07-07T16:33:49.882+00:00 VCP run=1 step=0 angle=234316 target=234000 err=-316 steer=0 m1=1297/68750 i1=182 t1=32 m2=-1317/-68750 i2=-203 t2=31 steerMode=0/-196 iSteer=-10227 driveMode=68750/68999 iDrive=192529 scale=0 wheel=200000 ffS=0
2026-07-07T16:33:49.882+00:00 VCP run=1 step=0 angle=234316 target=234000 err=-316 steer=0 m1=1301/68750 i1=158 t1=32 m2=-1313/-68750 i2=-201 t2=31 steerMode=0/39 iSteer=-21721 driveMode=68750/69430 iDrive=179605 scale=0 wheel=200000 ffS=0
2026-07-07T16:33:50.061+00:00 VCP SET_TARGET_RX steer=234000 wheel=200000
2026-07-07T16:33:50.061+00:00 VCP run=1 step=0 angle=234316 target=234000 err=-316 steer=0 m1=1320/68750 i1=141 t1=32 m2=-1306/-68750 i2=-295 t2=31 steerMode=0/1109 iSteer=-76995 driveMode=68750/68151 iDrive=218257 scale=0 wheel=200000 ffS=0
2026-07-07T16:33:50.164+00:00 VCP run=1 step=0 angle=234580 target=234000 err=-580 steer=-1160 m1=1282/67155 i1=136 t1=32 m2=-1375/-70345 i2=-257 t2=31 steerMode=-1595/-872 iSteer=-60333 driveMode=68750/68920 iDrive=196465 scale=0 wheel=200000 ffS=0
2026-07-07T16:33:50.268+00:00 VCP run=1 step=0 angle=234316 target=234000 err=-316 steer=0 m1=1303/68750 i1=207 t1=32 m2=-1290/-68750 i2=-128 t2=31 steerMode=0/-1236 iSteer=39535 driveMode=68750/69852 iDrive=167172 scale=0 wheel=200000 ffS=0
2026-07-07T16:33:50.373+00:00 VCP run=1 step=0 angle=233965 target=234000 err=35 steer=0 m1=1332/68750 i1=115 t1=32 m2=-1323/-68750 i2=-233 t2=31 steerMode=0/704 iSteer=-59152 driveMode=68750/69608 iDrive=174248 scale=0 wheel=200000 ffS=0
2026-07-07T16:33:50.474+00:00 VCP run=1 step=0 angle=234053 target=234000 err=-53 steer=0 m1=1324/68750 i1=154 t1=32 m2=-1361/-68750 i2=-202 t2=31 steerMode=0/6 iSteer=-24407 driveMode=68750/69481 iDrive=178067 scale=0 wheel=200000 ffS=0
2026-07-07T16:33:50.474+00:00 VCP SET_TARGET_RX steer=234000 wheel=200000
2026-07-07T16:33:50.660+00:00 VCP run=1 step=0 angle=234053 target=234000 err=-53 steer=0 m1=1316/68750 i1=164 t1=32 m2=-1304/-68750 i2=-251 t2=31 steerMode=0/374 iSteer=-43715 driveMode=68750/68502 iDrive=207614 scale=0 wheel=200000 ffS=0
2026-07-07T16:33:50.660+00:00 VCP run=1 step=0 angle=234141 target=234000 err=-141 steer=0 m1=1305/68750 i1=186 t1=32 m2=-1342/-68750 i2=-187 t2=31 steerMode=0/-492 iSteer=-122 driveMode=68750/69206 iDrive=186415 scale=0 wheel=200000 ffS=0
2026-07-07T16:33:50.764+00:00 VCP run=1 step=0 angle=234229 target=234000 err=-229 steer=0 m1=1314/68750 i1=153 t1=32 m2=-1264/-68750 i2=-238 t2=31 steerMode=0/355 iSteer=-42453 driveMode=68750/68910 iDrive=195197 scale=0 wheel=200000 ffS=0
2026-07-07T16:33:50.868+00:00 VCP run=1 step=0 angle=234141 target=234000 err=-141 steer=0 m1=1299/68750 i1=176 t1=32 m2=-1306/-68750 i2=-193 t2=31 steerMode=0/-319 iSteer=-8732 driveMode=68750/69274 iDrive=184286 scale=0 wheel=200000 ffS=0
2026-07-07T16:33:50.969+00:00 VCP run=1 step=0 angle=234316 target=234000 err=-316 steer=0 m1=1312/68750 i1=151 t1=32 m2=-1310/-68750 i2=-295 t2=31 steerMode=0/913 iSteer=-72193 driveMode=68750/68001 iDrive=222898 scale=0 wheel=200000 ffS=0
2026-07-07T16:33:50.969+00:00 VCP SET_TARGET_RX steer=234000 wheel=200000
2026-07-07T16:33:51.073+00:00 VCP run=1 step=0 angle=234404 target=234000 err=-404 steer=0 m1=1312/68750 i1=188 t1=32 m2=-1262/-68750 i2=-217 t2=31 steerMode=0/-244 iSteer=-14647 driveMode=68750/68705 iDrive=202498 scale=0 wheel=200000 ffS=0
2026-07-07T16:33:51.177+00:00 VCP run=1 step=0 angle=234492 target=234000 err=-492 steer=0 m1=1326/68750 i1=194 t1=32 m2=-1319/-68750 i2=-135 t2=31 steerMode=0/-1134 iSteer=29644 driveMode=68750/69948 iDrive=164219 scale=0 wheel=200000 ffS=0
2026-07-07T16:33:51.363+00:00 VCP run=1 step=0 angle=234229 target=234000 err=-229 steer=0 m1=1307/68750 i1=109 t1=32 m2=-1252/-68750 i2=-255 t2=31 steerMode=0/923 iSteer=-73174 driveMode=68750/69340 iDrive=182288 scale=0 wheel=200000 ffS=0
2026-07-07T16:33:51.363+00:00 VCP run=1 step=0 angle=234316 target=234000 err=-316 steer=0 m1=1282/68750 i1=204 t1=32 m2=-1313/-68750 i2=-194 t2=31 steerMode=0/-645 iSteer=5184 driveMode=68750/68791 iDrive=198773 scale=0 wheel=200000 ffS=0
2026-07-07T16:33:51.464+00:00 VCP run=1 step=0 angle=234316 target=234000 err=-316 steer=0 m1=1343/68750 i1=162 t1=32 m2=-1342/-68750 i2=-211 t2=31 steerMode=0/-29 iSteer=-24634 driveMode=68750/69207 iDrive=186304 scale=0 wheel=200000 ffS=0
2026-07-07T16:33:51.464+00:00 VCP SET_TARGET_RX steer=234000 wheel=200000
2026-07-07T16:33:51.568+00:00 VCP run=1 step=0 angle=234141 target=234000 err=-141 steer=0 m1=1335/68750 i1=171 t1=32 m2=-1298/-68750 i2=-200 t2=31 steerMode=0/-207 iSteer=-14951 driveMode=68750/69234 iDrive=185466 scale=0 wheel=200000 ffS=0
2026-07-07T16:33:51.672+00:00 VCP run=1 step=0 angle=234229 target=234000 err=-229 steer=0 m1=1326/68750 i1=157 t1=32 m2=-1336/-68750 i2=-198 t2=31 steerMode=0/-91 iSteer=-20483 driveMode=68750/69501 iDrive=177458 scale=0 wheel=200000 ffS=0
2026-07-07T16:33:51.776+00:00 VCP run=1 step=0 angle=234141 target=234000 err=-141 steer=0 m1=1326/68750 i1=133 t1=32 m2=-1287/-68750 i2=-291 t2=31 steerMode=0/1063 iSteer=-79276 driveMode=68750/68353 iDrive=211975 scale=0 wheel=200000 ffS=0
2026-07-07T16:33:51.854+00:00 WEBUI STOP sequence start (manual STOP): coasting 1.0s before disable
2026-07-07T16:33:51.883+00:00 VCP run=1 step=0 angle=234404 target=234000 err=-404 steer=0 m1=1307/68750 i1=176 t1=32 m2=-1294/-68750 i2=-281 t2=31 steerMode=0/482 iSteer=-52360 driveMode=68750/67850 iDrive=228656 scale=0 wheel=200000 ffS=0
2026-07-07T16:33:51.883+00:00 VCP run=1 step=0 angle=234580 target=234000 err=-580 steer=-1160 m1=1257/67155 i1=139 t1=32 m2=-1350/-70345 i2=-225 t2=31 steerMode=-1595/-1332 iSteer=-42861 driveMode=68750/69399 iDrive=182079 scale=0 wheel=200000 ffS=0
2026-07-07T16:33:52.064+00:00 VCP SET_TARGET_RX steer=234000 wheel=0
2026-07-07T16:33:52.064+00:00 VCP run=1 step=0 angle=234316 target=234000 err=-316 steer=0 m1=284/0 i1=-760 t1=32 m2=-243/0 i2=650 t2=31 steerMode=0/561 iSteer=-55032 driveMode=0/28904 iDrive=-704882 scale=0 wheel=0 ffS=0
2026-07-07T16:33:52.170+00:00 VCP run=1 step=0 angle=234404 target=234000 err=-404 steer=0 m1=-7/0 i1=107 t1=32 m2=-7/0 i2=-151 t2=31 steerMode=0/-107 iSteer=-21981 driveMode=0/612 iDrive=129026 scale=0 wheel=0 ffS=0
2026-07-07T16:33:52.361+00:00 VCP run=1 step=0 angle=234404 target=234000 err=-404 steer=0 m1=0/0 i1=120 t1=32 m2=0/0 i2=-174 t2=31 steerMode=0/-4 iSteer=-26982 driveMode=0/6 iDrive=146996 scale=0 wheel=0 ffS=0
2026-07-07T16:33:52.362+00:00 VCP run=1 step=0 angle=234404 target=234000 err=-404 steer=0 m1=0/0 i1=120 t1=32 m2=0/0 i2=-174 t2=31 steerMode=0/0 iSteer=-27138 driveMode=0/0 iDrive=147139 scale=0 wheel=0 ffS=0
2026-07-07T16:33:52.465+00:00 VCP run=1 step=0 angle=234404 target=234000 err=-404 steer=0 m1=0/0 i1=120 t1=32 m2=0/0 i2=-174 t2=31 steerMode=0/0 iSteer=-27161 driveMode=0/0 iDrive=147154 scale=0 wheel=0 ffS=0
2026-07-07T16:33:52.465+00:00 VCP SET_TARGET_RX steer=234000 wheel=0
2026-07-07T16:33:52.572+00:00 VCP run=1 step=0 angle=234404 target=234000 err=-404 steer=0 m1=0/0 i1=120 t1=32 m2=0/0 i2=-174 t2=31 steerMode=0/0 iSteer=-27161 driveMode=0/0 iDrive=147154 scale=0 wheel=0 ffS=0
2026-07-07T16:33:52.763+00:00 VCP run=1 step=0 angle=234404 target=234000 err=-404 steer=0 m1=0/0 i1=120 t1=32 m2=0/0 i2=-174 t2=31 steerMode=0/0 iSteer=-27161 driveMode=0/0 iDrive=147154 scale=0 wheel=0 ffS=0
2026-07-07T16:33:52.763+00:00 VCP run=1 step=0 angle=234404 target=234000 err=-404 steer=0 m1=0/0 i1=120 t1=32 m2=0/0 i2=-174 t2=31 steerMode=0/0 iSteer=-27161 driveMode=0/0 iDrive=147154 scale=0 wheel=0 ffS=0
2026-07-07T16:33:52.855+00:00 WEBUI STOP sequence complete (manual STOP)
2026-07-07T16:33:52.964+00:00 VCP run=1 step=0 angle=234404 target=234000 err=-404 steer=0 m1=0/0 i1=120 t1=32 m2=0/0 i2=-174 t2=31 steerMode=0/0 iSteer=-27161 driveMode=0/0 iDrive=147154 scale=0 wheel=0 ffS=0
2026-07-07T16:33:52.964+00:00 VCP UNIT_CTRL enable=0
2026-07-07T16:33:52.964+00:00 VCP UNIT_CTRL enable=0
2026-07-07T16:33:52.964+00:00 VCP STOP: disabled
2026-07-07T16:33:52.964+00:00 VCP SET_TARGET_RX steer=234000 wheel=0
2026-07-07T16:33:53.365+00:00 VCP idle angle=234404 amtOk=1 fdbkOk=1 en=0 tgtOk=1
2026-07-07T16:33:53.565+00:00 VCP SET_TARGET_RX steer=234000 wheel=0
2026-07-07T16:33:53.765+00:00 VCP idle angle=234404 amtOk=1 fdbkOk=1 en=0 tgtOk=1
2026-07-07T16:33:53.966+00:00 VCP SET_TARGET_RX steer=234000 wheel=0
2026-07-07T16:33:54.366+00:00 VCP idle angle=234404 amtOk=1 fdbkOk=1 en=0 tgtOk=1
2026-07-07T16:33:54.567+00:00 VCP SET_TARGET_RX steer=234000 wheel=0
2026-07-07T16:33:54.767+00:00 VCP idle angle=234404 amtOk=1 fdbkOk=1 en=0 tgtOk=1
2026-07-07T16:33:54.967+00:00 VCP SET_TARGET_RX steer=234000 wheel=0
2026-07-07T16:33:55.368+00:00 VCP idle angle=234404 amtOk=1 fdbkOk=1 en=0 tgtOk=1
2026-07-07T16:33:55.568+00:00 VCP SET_TARGET_RX steer=234000 wheel=0
2026-07-07T16:33:55.769+00:00 VCP idle angle=234404 amtOk=1 fdbkOk=1 en=0 tgtOk=1
2026-07-07T16:33:55.969+00:00 VCP SET_TARGET_RX steer=234000 wheel=0
2026-07-07T16:33:56.369+00:00 VCP idle angle=234404 amtOk=1 fdbkOk=1 en=0 tgtOk=1
2026-07-07T16:33:56.570+00:00 VCP SET_TARGET_RX steer=234000 wheel=0
2026-07-07T16:33:56.770+00:00 VCP idle angle=234404 amtOk=1 fdbkOk=1 en=0 tgtOk=1
2026-07-07T16:33:56.970+00:00 VCP SET_TARGET_RX steer=234000 wheel=0
2026-07-07T16:33:57.371+00:00 VCP idle angle=234404 amtOk=1 fdbkOk=1 en=0 tgtOk=1
2026-07-07T16:33:57.571+00:00 VCP SET_TARGET_RX steer=234000 wheel=0
2026-07-07T16:33:57.771+00:00 VCP idle angle=234404 amtOk=1 fdbkOk=1 en=0 tgtOk=1
2026-07-07T16:33:57.972+00:00 VCP SET_TARGET_RX steer=234000 wheel=0
2026-07-07T16:33:58.372+00:00 VCP idle angle=234404 amtOk=1 fdbkOk=1 en=0 tgtOk=1
2026-07-07T16:33:58.573+00:00 VCP SET_TARGET_RX steer=234000 wheel=0
2026-07-07T16:33:58.773+00:00 VCP idle angle=234404 amtOk=1 fdbkOk=1 en=0 tgtOk=1
2026-07-07T16:33:58.973+00:00 VCP SET_TARGET_RX steer=234000 wheel=0
2026-07-07T16:33:59.373+00:00 VCP idle angle=234404 amtOk=1 fdbkOk=1 en=0 tgtOk=1
2026-07-07T16:33:59.574+00:00 VCP SET_TARGET_RX steer=234000 wheel=0
2026-07-07T16:33:59.774+00:00 VCP idle angle=234404 amtOk=1 fdbkOk=1 en=0 tgtOk=1
2026-07-07T16:33:59.974+00:00 VCP SET_TARGET_RX steer=234000 wheel=0
2026-07-07T16:34:00.375+00:00 VCP idle angle=234404 amtOk=1 fdbkOk=1 en=0 tgtOk=1
2026-07-07T16:34:00.576+00:00 VCP SET_TARGET_RX steer=234000 wheel=0
2026-07-07T16:34:00.776+00:00 VCP idle angle=234404 amtOk=1 fdbkOk=1 en=0 tgtOk=1
2026-07-07T16:34:00.976+00:00 VCP SET_TARGET_RX steer=234000 wheel=0
2026-07-07T16:34:01.377+00:00 VCP idle angle=234404 amtOk=1 fdbkOk=1 en=0 tgtOk=1
2026-07-07T16:34:01.577+00:00 VCP SET_TARGET_RX steer=234000 wheel=0
2026-07-07T16:34:01.778+00:00 VCP idle angle=234404 amtOk=1 fdbkOk=1 en=0 tgtOk=1
2026-07-07T16:34:01.978+00:00 VCP SET_TARGET_RX steer=234000 wheel=0
2026-07-07T16:34:02.379+00:00 VCP idle angle=234404 amtOk=1 fdbkOk=1 en=0 tgtOk=1
2026-07-07T16:34:02.579+00:00 VCP SET_TARGET_RX steer=234000 wheel=0
2026-07-07T16:34:02.779+00:00 VCP idle angle=234404 amtOk=1 fdbkOk=1 en=0 tgtOk=1
2026-07-07T16:34:02.980+00:00 VCP SET_TARGET_RX steer=234000 wheel=0
2026-07-07T16:34:03.381+00:00 VCP idle angle=234404 amtOk=1 fdbkOk=1 en=0 tgtOk=1
2026-07-07T16:34:03.581+00:00 VCP SET_TARGET_RX steer=234000 wheel=0
2026-07-07T16:34:03.781+00:00 VCP idle angle=234404 amtOk=1 fdbkOk=1 en=0 tgtOk=1
2026-07-07T16:34:03.981+00:00 VCP SET_TARGET_RX steer=234000 wheel=0
2026-07-07T16:34:04.382+00:00 VCP idle angle=234404 amtOk=1 fdbkOk=1 en=0 tgtOk=1
2026-07-07T16:34:04.582+00:00 VCP SET_TARGET_RX steer=234000 wheel=0
2026-07-07T16:34:04.782+00:00 VCP idle angle=234404 amtOk=1 fdbkOk=1 en=0 tgtOk=1
2026-07-07T16:34:04.982+00:00 VCP SET_TARGET_RX steer=234000 wheel=0
2026-07-07T16:34:05.383+00:00 VCP idle angle=234404 amtOk=1 fdbkOk=1 en=0 tgtOk=1
2026-07-07T16:34:05.583+00:00 VCP SET_TARGET_RX steer=234000 wheel=0
2026-07-07T16:34:05.783+00:00 VCP idle angle=234404 amtOk=1 fdbkOk=1 en=0 tgtOk=1
2026-07-07T16:34:05.984+00:00 VCP SET_TARGET_RX steer=234000 wheel=0
2026-07-07T16:34:06.384+00:00 VCP idle angle=234404 amtOk=1 fdbkOk=1 en=0 tgtOk=1
2026-07-07T16:34:06.585+00:00 VCP SET_TARGET_RX steer=234000 wheel=0
2026-07-07T16:34:06.785+00:00 VCP idle angle=234404 amtOk=1 fdbkOk=1 en=0 tgtOk=1
2026-07-07T16:34:06.985+00:00 VCP SET_TARGET_RX steer=234000 wheel=0
2026-07-07T16:34:07.386+00:00 VCP idle angle=234404 amtOk=1 fdbkOk=1 en=0 tgtOk=1
2026-07-07T16:34:07.586+00:00 VCP SET_TARGET_RX steer=234000 wheel=0
2026-07-07T16:34:07.786+00:00 VCP idle angle=234404 amtOk=1 fdbkOk=1 en=0 tgtOk=1
2026-07-07T16:34:07.986+00:00 VCP SET_TARGET_RX steer=234000 wheel=0
2026-07-07T16:34:08.387+00:00 VCP idle angle=234404 amtOk=1 fdbkOk=1 en=0 tgtOk=1
2026-07-07T16:34:08.587+00:00 VCP SET_TARGET_RX steer=234000 wheel=0
2026-07-07T16:34:08.787+00:00 VCP idle angle=234404 amtOk=1 fdbkOk=1 en=0 tgtOk=1
2026-07-07T16:34:08.988+00:00 VCP SET_TARGET_RX steer=234000 wheel=0
2026-07-07T16:34:09.388+00:00 VCP idle angle=234404 amtOk=1 fdbkOk=1 en=0 tgtOk=1
2026-07-07T16:34:09.588+00:00 VCP SET_TARGET_RX steer=234000 wheel=0
2026-07-07T16:34:09.788+00:00 VCP idle angle=234404 amtOk=1 fdbkOk=1 en=0 tgtOk=1
2026-07-07T16:34:09.990+00:00 VCP SET_TARGET_RX steer=234000 wheel=0
2026-07-07T16:34:10.391+00:00 VCP idle angle=234404 amtOk=1 fdbkOk=1 en=0 tgtOk=1
2026-07-07T16:34:10.591+00:00 VCP SET_TARGET_RX steer=234000 wheel=0
2026-07-07T16:34:10.791+00:00 VCP idle angle=234404 amtOk=1 fdbkOk=1 en=0 tgtOk=1
2026-07-07T16:34:10.992+00:00 VCP SET_TARGET_RX steer=234000 wheel=0
2026-07-07T16:34:11.392+00:00 VCP idle angle=234404 amtOk=1 fdbkOk=1 en=0 tgtOk=1
2026-07-07T16:34:11.593+00:00 VCP SET_TARGET_RX steer=234000 wheel=0
2026-07-07T16:34:11.793+00:00 VCP idle angle=234404 amtOk=1 fdbkOk=1 en=0 tgtOk=1
2026-07-07T16:34:11.993+00:00 VCP SET_TARGET_RX steer=234000 wheel=0
2026-07-07T16:34:12.394+00:00 VCP idle angle=234404 amtOk=1 fdbkOk=1 en=0 tgtOk=1
2026-07-07T16:34:12.594+00:00 VCP SET_TARGET_RX steer=234000 wheel=0
2026-07-07T16:34:12.794+00:00 VCP idle angle=234404 amtOk=1 fdbkOk=1 en=0 tgtOk=1
2026-07-07T16:34:12.994+00:00 VCP SET_TARGET_RX steer=234000 wheel=0
2026-07-07T16:34:13.395+00:00 VCP idle angle=234404 amtOk=1 fdbkOk=1 en=0 tgtOk=1
2026-07-07T16:34:13.595+00:00 VCP SET_TARGET_RX steer=234000 wheel=0
2026-07-07T16:34:13.795+00:00 VCP idle angle=234404 amtOk=1 fdbkOk=1 en=0 tgtOk=1
2026-07-07T16:34:13.996+00:00 VCP SET_TARGET_RX steer=234000 wheel=0
2026-07-07T16:34:14.396+00:00 VCP idle angle=234404 amtOk=1 fdbkOk=1 en=0 tgtOk=1
2026-07-07T16:34:14.597+00:00 VCP SET_TARGET_RX steer=234000 wheel=0
2026-07-07T16:34:14.797+00:00 VCP idle angle=234404 amtOk=1 fdbkOk=1 en=0 tgtOk=1
2026-07-07T16:34:14.997+00:00 VCP SET_TARGET_RX steer=234000 wheel=0
2026-07-07T16:34:15.398+00:00 VCP idle angle=234404 amtOk=1 fdbkOk=1 en=0 tgtOk=1
2026-07-07T16:34:15.598+00:00 VCP SET_TARGET_RX steer=234000 wheel=0
2026-07-07T16:34:15.798+00:00 VCP idle angle=234404 amtOk=1 fdbkOk=1 en=0 tgtOk=1
2026-07-07T16:34:15.998+00:00 VCP SET_TARGET_RX steer=234000 wheel=0
2026-07-07T16:34:16.399+00:00 VCP idle angle=234404 amtOk=1 fdbkOk=1 en=0 tgtOk=1
2026-07-07T16:34:16.599+00:00 VCP SET_TARGET_RX steer=234000 wheel=0
2026-07-07T16:34:16.800+00:00 VCP idle angle=234404 amtOk=1 fdbkOk=1 en=0 tgtOk=1
2026-07-07T16:34:17.000+00:00 VCP SET_TARGET_RX steer=234000 wheel=0
2026-07-07T16:34:17.400+00:00 VCP idle angle=234404 amtOk=1 fdbkOk=1 en=0 tgtOk=1
2026-07-07T16:34:17.601+00:00 VCP SET_TARGET_RX steer=234000 wheel=0
2026-07-07T16:34:17.801+00:00 VCP idle angle=234404 amtOk=1 fdbkOk=1 en=0 tgtOk=1
2026-07-07T16:34:18.001+00:00 VCP SET_TARGET_RX steer=234000 wheel=0
2026-07-07T16:34:18.401+00:00 VCP idle angle=234404 amtOk=1 fdbkOk=1 en=0 tgtOk=1
2026-07-07T16:34:18.602+00:00 VCP SET_TARGET_RX steer=234000 wheel=0
2026-07-07T16:34:18.802+00:00 VCP idle angle=234404 amtOk=1 fdbkOk=1 en=0 tgtOk=1
2026-07-07T16:34:19.002+00:00 VCP SET_TARGET_RX steer=234000 wheel=0
2026-07-07T16:34:19.403+00:00 VCP idle angle=234404 amtOk=1 fdbkOk=1 en=0 tgtOk=1
2026-07-07T16:34:19.603+00:00 VCP SET_TARGET_RX steer=234000 wheel=0
2026-07-07T16:34:19.803+00:00 VCP idle angle=234404 amtOk=1 fdbkOk=1 en=0 tgtOk=1
2026-07-07T16:34:20.004+00:00 VCP SET_TARGET_RX steer=234000 wheel=0
2026-07-07T16:34:20.404+00:00 VCP idle angle=234404 amtOk=1 fdbkOk=1 en=0 tgtOk=1
2026-07-07T16:34:20.605+00:00 VCP SET_TARGET_RX steer=234000 wheel=0
2026-07-07T16:34:20.805+00:00 VCP idle angle=234404 amtOk=1 fdbkOk=1 en=0 tgtOk=1
2026-07-07T16:34:21.005+00:00 VCP SET_TARGET_RX steer=234000 wheel=0
2026-07-07T16:34:21.405+00:00 VCP idle angle=234404 amtOk=1 fdbkOk=1 en=0 tgtOk=1
2026-07-07T16:34:21.606+00:00 VCP SET_TARGET_RX steer=234000 wheel=0
2026-07-07T16:34:21.806+00:00 VCP idle angle=234404 amtOk=1 fdbkOk=1 en=0 tgtOk=1
2026-07-07T16:34:22.006+00:00 VCP SET_TARGET_RX steer=234000 wheel=0
2026-07-07T16:34:22.407+00:00 VCP idle angle=234404 amtOk=1 fdbkOk=1 en=0 tgtOk=1
2026-07-07T16:34:22.607+00:00 VCP SET_TARGET_RX steer=234000 wheel=0
2026-07-07T16:34:22.807+00:00 VCP idle angle=234404 amtOk=1 fdbkOk=1 en=0 tgtOk=1
2026-07-07T16:34:23.007+00:00 VCP SET_TARGET_RX steer=234000 wheel=0
2026-07-07T16:34:23.408+00:00 VCP idle angle=234404 amtOk=1 fdbkOk=1 en=0 tgtOk=1
2026-07-07T16:34:23.608+00:00 VCP SET_TARGET_RX steer=234000 wheel=0
2026-07-07T16:34:23.808+00:00 VCP idle angle=234404 amtOk=1 fdbkOk=1 en=0 tgtOk=1
2026-07-07T16:34:24.009+00:00 VCP SET_TARGET_RX steer=234000 wheel=0
2026-07-07T16:34:24.409+00:00 VCP idle angle=234404 amtOk=1 fdbkOk=1 en=0 tgtOk=1
2026-07-07T16:34:24.610+00:00 VCP SET_TARGET_RX steer=234000 wheel=0
2026-07-07T16:34:24.810+00:00 VCP idle angle=234404 amtOk=1 fdbkOk=1 en=0 tgtOk=1
2026-07-07T16:34:25.010+00:00 VCP SET_TARGET_RX steer=234000 wheel=0
2026-07-07T16:34:25.411+00:00 VCP idle angle=234404 amtOk=1 fdbkOk=1 en=0 tgtOk=1
2026-07-07T16:34:25.611+00:00 VCP SET_TARGET_RX steer=234000 wheel=0
2026-07-07T16:34:25.811+00:00 VCP idle angle=234404 amtOk=1 fdbkOk=1 en=0 tgtOk=1
2026-07-07T16:34:26.012+00:00 VCP SET_TARGET_RX steer=234000 wheel=0
2026-07-07T16:34:26.412+00:00 VCP idle angle=234404 amtOk=1 fdbkOk=1 en=0 tgtOk=1
2026-07-07T16:34:26.613+00:00 VCP SET_TARGET_RX steer=234000 wheel=0
2026-07-07T16:34:26.813+00:00 VCP idle angle=234404 amtOk=1 fdbkOk=1 en=0 tgtOk=1
2026-07-07T16:34:27.013+00:00 VCP SET_TARGET_RX steer=234000 wheel=0
2026-07-07T16:34:27.414+00:00 VCP idle angle=234404 amtOk=1 fdbkOk=1 en=0 tgtOk=1
2026-07-07T16:34:27.614+00:00 VCP SET_TARGET_RX steer=234000 wheel=0
2026-07-07T16:34:27.814+00:00 VCP idle angle=234404 amtOk=1 fdbkOk=1 en=0 tgtOk=1
2026-07-07T16:34:28.015+00:00 VCP SET_TARGET_RX steer=234000 wheel=0
2026-07-07T16:34:28.415+00:00 VCP idle angle=234404 amtOk=1 fdbkOk=1 en=0 tgtOk=1
2026-07-07T16:34:28.616+00:00 VCP SET_TARGET_RX steer=234000 wheel=0
2026-07-07T16:34:28.816+00:00 VCP idle angle=234404 amtOk=1 fdbkOk=1 en=0 tgtOk=1
2026-07-07T16:34:29.016+00:00 VCP SET_TARGET_RX steer=234000 wheel=0
2026-07-07T16:34:29.417+00:00 VCP idle angle=234404 amtOk=1 fdbkOk=1 en=0 tgtOk=1
2026-07-07T16:34:29.617+00:00 VCP SET_TARGET_RX steer=234000 wheel=0
2026-07-07T16:34:29.817+00:00 VCP idle angle=234404 amtOk=1 fdbkOk=1 en=0 tgtOk=1
2026-07-07T16:34:30.018+00:00 VCP SET_TARGET_RX steer=234000 wheel=0
2026-07-07T16:34:30.418+00:00 VCP idle angle=234404 amtOk=1 fdbkOk=1 en=0 tgtOk=1
2026-07-07T16:34:30.618+00:00 VCP SET_TARGET_RX steer=234000 wheel=0
2026-07-07T16:34:30.819+00:00 VCP idle angle=234404 amtOk=1 fdbkOk=1 en=0 tgtOk=1
2026-07-07T16:34:31.019+00:00 VCP SET_TARGET_RX steer=234000 wheel=0
2026-07-07T16:34:31.419+00:00 VCP idle angle=234404 amtOk=1 fdbkOk=1 en=0 tgtOk=1
2026-07-07T16:34:31.620+00:00 VCP SET_TARGET_RX steer=234000 wheel=0
2026-07-07T16:34:31.820+00:00 VCP idle angle=234404 amtOk=1 fdbkOk=1 en=0 tgtOk=1
2026-07-07T16:34:32.020+00:00 VCP SET_TARGET_RX steer=234000 wheel=0
2026-07-07T16:34:32.421+00:00 VCP idle angle=234404 amtOk=1 fdbkOk=1 en=0 tgtOk=1
2026-07-07T16:34:32.621+00:00 VCP SET_TARGET_RX steer=234000 wheel=0
2026-07-07T16:34:32.821+00:00 VCP idle angle=234404 amtOk=1 fdbkOk=1 en=0 tgtOk=1
2026-07-07T16:34:33.022+00:00 VCP SET_TARGET_RX steer=234000 wheel=0
2026-07-07T16:34:33.422+00:00 VCP idle angle=234404 amtOk=1 fdbkOk=1 en=0 tgtOk=1
2026-07-07T16:34:33.622+00:00 VCP SET_TARGET_RX steer=234000 wheel=0
2026-07-07T16:34:33.823+00:00 VCP idle angle=234404 amtOk=1 fdbkOk=1 en=0 tgtOk=1
2026-07-07T16:34:34.023+00:00 VCP SET_TARGET_RX steer=234000 wheel=0
2026-07-07T16:34:34.423+00:00 VCP idle angle=234404 amtOk=1 fdbkOk=1 en=0 tgtOk=1
2026-07-07T16:34:34.624+00:00 VCP SET_TARGET_RX steer=234000 wheel=0
2026-07-07T16:34:34.824+00:00 VCP idle angle=234404 amtOk=1 fdbkOk=1 en=0 tgtOk=1
2026-07-07T16:34:35.024+00:00 VCP SET_TARGET_RX steer=234000 wheel=0
2026-07-07T16:34:35.425+00:00 VCP idle angle=234404 amtOk=1 fdbkOk=1 en=0 tgtOk=1
2026-07-07T16:34:35.625+00:00 VCP SET_TARGET_RX steer=234000 wheel=0
2026-07-07T16:34:35.825+00:00 VCP idle angle=234404 amtOk=1 fdbkOk=1 en=0 tgtOk=1
2026-07-07T16:34:36.026+00:00 VCP SET_TARGET_RX steer=234000 wheel=0
2026-07-07T16:34:36.426+00:00 VCP idle angle=234404 amtOk=1 fdbkOk=1 en=0 tgtOk=1
2026-07-07T16:34:36.627+00:00 VCP SET_TARGET_RX steer=234000 wheel=0
2026-07-07T16:34:36.827+00:00 VCP idle angle=234404 amtOk=1 fdbkOk=1 en=0 tgtOk=1
2026-07-07T16:34:37.027+00:00 VCP SET_TARGET_RX steer=234000 wheel=0
2026-07-07T16:34:37.428+00:00 VCP idle angle=234404 amtOk=1 fdbkOk=1 en=0 tgtOk=1
2026-07-07T16:34:37.628+00:00 VCP SET_TARGET_RX steer=234000 wheel=0
2026-07-07T16:34:37.828+00:00 VCP idle angle=234404 amtOk=1 fdbkOk=1 en=0 tgtOk=1
2026-07-07T16:34:38.029+00:00 VCP SET_TARGET_RX steer=234000 wheel=0
2026-07-07T16:34:38.430+00:00 VCP idle angle=234404 amtOk=1 fdbkOk=1 en=0 tgtOk=1
2026-07-07T16:34:38.630+00:00 VCP SET_TARGET_RX steer=234000 wheel=0
2026-07-07T16:34:38.830+00:00 VCP idle angle=234404 amtOk=1 fdbkOk=1 en=0 tgtOk=1
2026-07-07T16:34:39.031+00:00 VCP SET_TARGET_RX steer=234000 wheel=0
2026-07-07T16:34:39.431+00:00 VCP idle angle=234404 amtOk=1 fdbkOk=1 en=0 tgtOk=1
2026-07-07T16:34:39.632+00:00 VCP SET_TARGET_RX steer=234000 wheel=0
2026-07-07T16:34:39.832+00:00 VCP idle angle=234404 amtOk=1 fdbkOk=1 en=0 tgtOk=1
2026-07-07T16:34:40.032+00:00 VCP SET_TARGET_RX steer=234000 wheel=0
2026-07-07T16:34:40.433+00:00 VCP idle angle=234404 amtOk=1 fdbkOk=1 en=0 tgtOk=1
2026-07-07T16:34:40.633+00:00 VCP SET_TARGET_RX steer=234000 wheel=0
2026-07-07T16:34:40.834+00:00 VCP idle angle=234404 amtOk=1 fdbkOk=1 en=0 tgtOk=1
2026-07-07T16:34:41.034+00:00 VCP SET_TARGET_RX steer=234000 wheel=0
2026-07-07T16:34:41.435+00:00 VCP idle angle=234404 amtOk=1 fdbkOk=1 en=0 tgtOk=1
2026-07-07T16:34:41.635+00:00 VCP SET_TARGET_RX steer=234000 wheel=0
2026-07-07T16:34:41.835+00:00 VCP idle angle=234404 amtOk=1 fdbkOk=1 en=0 tgtOk=1
2026-07-07T16:34:42.036+00:00 VCP SET_TARGET_RX steer=234000 wheel=0
2026-07-07T16:34:42.436+00:00 VCP idle angle=234404 amtOk=1 fdbkOk=1 en=0 tgtOk=1
2026-07-07T16:34:42.637+00:00 VCP SET_TARGET_RX steer=234000 wheel=0
2026-07-07T16:34:42.837+00:00 VCP idle angle=234404 amtOk=1 fdbkOk=1 en=0 tgtOk=1
2026-07-07T16:34:43.037+00:00 VCP SET_TARGET_RX steer=234000 wheel=0
2026-07-07T16:34:43.438+00:00 VCP idle angle=234404 amtOk=1 fdbkOk=1 en=0 tgtOk=1
2026-07-07T16:34:43.638+00:00 VCP SET_TARGET_RX steer=234000 wheel=0
2026-07-07T16:34:43.838+00:00 VCP idle angle=234404 amtOk=1 fdbkOk=1 en=0 tgtOk=1
2026-07-07T16:34:44.039+00:00 VCP SET_TARGET_RX steer=234000 wheel=0
2026-07-07T16:34:44.439+00:00 VCP idle angle=234404 amtOk=1 fdbkOk=1 en=0 tgtOk=1
2026-07-07T16:34:44.640+00:00 VCP SET_TARGET_RX steer=234000 wheel=0
2026-07-07T16:34:44.840+00:00 VCP idle angle=234404 amtOk=1 fdbkOk=1 en=0 tgtOk=1
2026-07-07T16:34:45.040+00:00 VCP SET_TARGET_RX steer=234000 wheel=0
