2026-07-07T16:08:31.307+00:00 WEBUI log opened: /home/tirobot/Differential-Swerve-Drive/firmware/logs/webui-2026-07-07T16-08-31Z.log
2026-07-07T16:08:31.311+00:00 VCP dle angle=121992 amtOk=1
2026-07-07T16:08:31.311+00:00 VCP idle angle=121992 amtOk=1
2026-07-07T16:08:31.311+00:00 VCP idle angle=121992 amtOk=1
2026-07-07T16:08:31.311+00:00 VCP idle angle=121992 amtOk=1
2026-07-07T16:08:31.311+00:00 VCP idle angle=121992 amtOk=1
2026-07-07T16:08:31.311+00:00 VCP idle angle=121992 amtOk=1
2026-07-07T16:08:31.311+00:00 VCP idle angle=121992 amtOk=1
2026-07-07T16:08:31.311+00:00 VCP idle angle=121992 amtOk=1
2026-07-07T16:08:31.311+00:00 VCP idle angle=121992 amtOk=1
2026-07-07T16:08:31.320+00:00 WEBUI listening on :8080 can_iface=can0 vcp_port=/dev/ttyACM0
2026-07-07T16:08:31.511+00:00 VCP idle angle=121992 amtOk=1
2026-07-07T16:08:31.511+00:00 VCP idle angle=121992 amtOk=1
2026-07-07T16:08:31.511+00:00 VCP idle angle=121992 amtOk=1
2026-07-07T16:08:31.511+00:00 VCP idle angle=121992 amtOk=1
2026-07-07T16:08:31.511+00:00 VCP idle angle=121992 amtOk=1
2026-07-07T16:08:31.511+00:00 VCP SET_TARGET_RX steer=0 wheel=0
2026-07-07T16:08:31.912+00:00 VCP idle angle=121992 amtOk=1
2026-07-07T16:08:31.912+00:00 VCP SET_TARGET_RX steer=0 wheel=0
2026-07-07T16:08:32.312+00:00 VCP idle angle=121992 amtOk=1
2026-07-07T16:08:32.312+00:00 VCP SET_TARGET_RX steer=0 wheel=0
2026-07-07T16:08:32.913+00:00 VCP idle angle=121992 amtOk=1
2026-07-07T16:08:32.914+00:00 VCP SET_TARGET_RX steer=0 wheel=0
2026-07-07T16:08:33.314+00:00 VCP idle angle=121992 amtOk=1
2026-07-07T16:08:33.314+00:00 VCP SET_TARGET_RX steer=0 wheel=0
2026-07-07T16:08:33.915+00:00 VCP idle angle=121992 amtOk=1
2026-07-07T16:08:33.915+00:00 VCP SET_TARGET_RX steer=0 wheel=0
2026-07-07T16:08:34.315+00:00 VCP idle angle=121992 amtOk=1
2026-07-07T16:08:34.315+00:00 VCP SET_TARGET_RX steer=0 wheel=0
2026-07-07T16:08:34.916+00:00 VCP idle angle=121992 amtOk=1
2026-07-07T16:08:34.916+00:00 VCP SET_TARGET_RX steer=0 wheel=0
2026-07-07T16:08:35.317+00:00 VCP idle angle=121992 amtOk=1
2026-07-07T16:08:35.317+00:00 VCP SET_TARGET_RX steer=0 wheel=0
2026-07-07T16:08:35.918+00:00 VCP idle angle=121992 amtOk=1
2026-07-07T16:08:35.918+00:00 VCP SET_TARGET_RX steer=0 wheel=0
2026-07-07T16:08:36.318+00:00 VCP idle angle=121992 amtOk=1
2026-07-07T16:08:36.318+00:00 VCP SET_TARGET_RX steer=0 wheel=0
2026-07-07T16:08:36.919+00:00 VCP idle angle=121992 amtOk=1
2026-07-07T16:08:36.919+00:00 VCP SET_TARGET_RX steer=0 wheel=0
2026-07-07T16:08:37.319+00:00 VCP idle angle=121992 amtOk=1
2026-07-07T16:08:37.319+00:00 VCP SET_TARGET_RX steer=0 wheel=0
2026-07-07T16:08:37.920+00:00 VCP idle angle=121992 amtOk=1
2026-07-07T16:08:37.920+00:00 VCP SET_TARGET_RX steer=0 wheel=0
2026-07-07T16:08:38.321+00:00 VCP idle angle=121992 amtOk=1
2026-07-07T16:08:38.321+00:00 VCP SET_TARGET_RX steer=0 wheel=0
2026-07-07T16:08:38.922+00:00 VCP idle angle=121992 amtOk=1
2026-07-07T16:08:38.922+00:00 VCP SET_TARGET_RX steer=0 wheel=0
2026-07-07T16:08:39.322+00:00 VCP idle angle=121992 amtOk=1
2026-07-07T16:08:39.322+00:00 VCP SET_TARGET_RX steer=0 wheel=0
2026-07-07T16:08:39.923+00:00 VCP idle angle=121992 amtOk=1
2026-07-07T16:08:39.923+00:00 VCP SET_TARGET_RX steer=0 wheel=0
2026-07-07T16:08:40.324+00:00 VCP idle angle=121992 amtOk=1
2026-07-07T16:08:40.324+00:00 VCP SET_TARGET_RX steer=0 wheel=0
2026-07-07T16:08:40.925+00:00 VCP idle angle=121992 amtOk=1
2026-07-07T16:08:40.925+00:00 VCP SET_TARGET_RX steer=0 wheel=0
2026-07-07T16:08:41.325+00:00 VCP idle angle=121992 amtOk=1
2026-07-07T16:08:41.325+00:00 VCP SET_TARGET_RX steer=0 wheel=0
2026-07-07T16:08:41.926+00:00 VCP idle angle=121992 amtOk=1
2026-07-07T16:08:41.926+00:00 VCP SET_TARGET_RX steer=0 wheel=0
2026-07-07T16:08:42.326+00:00 VCP idle angle=121992 amtOk=1
2026-07-07T16:08:42.327+00:00 VCP SET_TARGET_RX steer=0 wheel=0
2026-07-07T16:08:42.927+00:00 VCP idle angle=121992 amtOk=1
2026-07-07T16:08:42.927+00:00 VCP SET_TARGET_RX steer=0 wheel=0
2026-07-07T16:08:43.328+00:00 VCP idle angle=121992 amtOk=1
2026-07-07T16:08:43.328+00:00 VCP SET_TARGET_RX steer=0 wheel=0
2026-07-07T16:08:43.929+00:00 VCP idle angle=121992 amtOk=1
2026-07-07T16:08:43.929+00:00 VCP SET_TARGET_RX steer=0 wheel=0
2026-07-07T16:08:44.329+00:00 VCP idle angle=121992 amtOk=1
2026-07-07T16:08:44.329+00:00 VCP SET_TARGET_RX steer=0 wheel=0
2026-07-07T16:08:44.930+00:00 VCP idle angle=121992 amtOk=1
2026-07-07T16:08:44.930+00:00 VCP SET_TARGET_RX steer=0 wheel=0
2026-07-07T16:08:45.330+00:00 VCP idle angle=121992 amtOk=1
2026-07-07T16:08:45.330+00:00 VCP SET_TARGET_RX steer=0 wheel=0
2026-07-07T16:08:45.931+00:00 VCP idle angle=121992 amtOk=1
2026-07-07T16:08:45.931+00:00 VCP SET_TARGET_RX steer=0 wheel=0
2026-07-07T16:08:46.332+00:00 VCP idle angle=121992 amtOk=1
2026-07-07T16:08:46.332+00:00 VCP SET_TARGET_RX steer=0 wheel=0
2026-07-07T16:08:46.933+00:00 VCP idle angle=121992 amtOk=1
2026-07-07T16:08:46.933+00:00 VCP SET_TARGET_RX steer=0 wheel=0
2026-07-07T16:08:47.333+00:00 VCP idle angle=121992 amtOk=1
2026-07-07T16:08:47.333+00:00 VCP SET_TARGET_RX steer=0 wheel=0
2026-07-07T16:08:47.934+00:00 VCP idle angle=121992 amtOk=1
2026-07-07T16:08:47.934+00:00 VCP SET_TARGET_RX steer=0 wheel=0
2026-07-07T16:08:48.335+00:00 VCP idle angle=121992 amtOk=1
2026-07-07T16:08:48.335+00:00 VCP SET_TARGET_RX steer=0 wheel=0
2026-07-07T16:08:48.936+00:00 VCP idle angle=121992 amtOk=1
2026-07-07T16:08:48.936+00:00 VCP SET_TARGET_RX steer=0 wheel=0
2026-07-07T16:08:49.336+00:00 VCP idle angle=121992 amtOk=1
2026-07-07T16:08:49.336+00:00 VCP SET_TARGET_RX steer=0 wheel=0
2026-07-07T16:08:49.937+00:00 VCP idle angle=121992 amtOk=1
2026-07-07T16:08:49.937+00:00 VCP SET_TARGET_RX steer=0 wheel=0
2026-07-07T16:08:50.338+00:00 VCP idle angle=121992 amtOk=1
2026-07-07T16:08:50.338+00:00 VCP SET_TARGET_RX steer=0 wheel=0
2026-07-07T16:08:50.939+00:00 VCP idle angle=121992 amtOk=1
2026-07-07T16:08:50.939+00:00 VCP SET_TARGET_RX steer=0 wheel=0
2026-07-07T16:08:51.339+00:00 VCP idle angle=121992 amtOk=1
2026-07-07T16:08:51.340+00:00 VCP SET_TARGET_RX steer=0 wheel=0
2026-07-07T16:08:51.940+00:00 VCP idle angle=121992 amtOk=1
2026-07-07T16:08:51.940+00:00 VCP SET_TARGET_RX steer=0 wheel=0
2026-07-07T16:08:52.341+00:00 VCP idle angle=121992 amtOk=1
2026-07-07T16:08:52.341+00:00 VCP SET_TARGET_RX steer=0 wheel=0
2026-07-07T16:08:52.942+00:00 VCP idle angle=121992 amtOk=1
2026-07-07T16:08:52.942+00:00 VCP SET_TARGET_RX steer=0 wheel=0
2026-07-07T16:08:53.342+00:00 VCP idle angle=121992 amtOk=1
2026-07-07T16:08:53.342+00:00 VCP SET_TARGET_RX steer=0 wheel=0
2026-07-07T16:08:53.743+00:00 VCP idle angle=121992 amtOk=1
2026-07-07T16:08:53.943+00:00 VCP SET_TARGET_RX steer=0 wheel=0
2026-07-07T16:08:54.344+00:00 VCP idle angle=121992 amtOk=1
2026-07-07T16:08:54.344+00:00 VCP SET_TARGET_RX steer=0 wheel=0
2026-07-07T16:08:54.744+00:00 VCP idle angle=121992 amtOk=1
2026-07-07T16:08:54.944+00:00 VCP SET_TARGET_RX steer=0 wheel=0
2026-07-07T16:08:55.345+00:00 VCP idle angle=121992 amtOk=1
2026-07-07T16:08:55.345+00:00 VCP SET_TARGET_RX steer=0 wheel=0
2026-07-07T16:08:55.746+00:00 VCP idle angle=121992 amtOk=1
2026-07-07T16:08:55.946+00:00 VCP SET_TARGET_RX steer=0 wheel=0
2026-07-07T16:08:56.347+00:00 VCP idle angle=121992 amtOk=1
2026-07-07T16:08:56.347+00:00 VCP SET_TARGET_RX steer=0 wheel=0
2026-07-07T16:08:56.747+00:00 VCP idle angle=121992 amtOk=1
2026-07-07T16:08:56.947+00:00 VCP SET_TARGET_RX steer=0 wheel=0
2026-07-07T16:08:57.348+00:00 VCP idle angle=121992 amtOk=1
2026-07-07T16:08:57.348+00:00 VCP SET_TARGET_RX steer=0 wheel=0
2026-07-07T16:08:57.748+00:00 VCP idle angle=121992 amtOk=1
2026-07-07T16:08:57.949+00:00 VCP SET_TARGET_RX steer=0 wheel=0
2026-07-07T16:08:58.349+00:00 VCP idle angle=121992 amtOk=1
2026-07-07T16:08:58.349+00:00 VCP SET_TARGET_RX steer=0 wheel=0
2026-07-07T16:08:58.750+00:00 VCP idle angle=121992 amtOk=1
2026-07-07T16:08:58.950+00:00 VCP SET_TARGET_RX steer=0 wheel=0
2026-07-07T16:08:59.350+00:00 VCP idle angle=121992 amtOk=1
2026-07-07T16:08:59.351+00:00 VCP SET_TARGET_RX steer=0 wheel=0
2026-07-07T16:08:59.751+00:00 VCP idle angle=121992 amtOk=1
2026-07-07T16:08:59.951+00:00 VCP SET_TARGET_RX steer=0 wheel=0
2026-07-07T16:09:00.352+00:00 VCP idle angle=121992 amtOk=1
2026-07-07T16:09:00.352+00:00 VCP SET_TARGET_RX steer=0 wheel=0
2026-07-07T16:09:00.752+00:00 VCP idle angle=121992 amtOk=1
2026-07-07T16:09:00.952+00:00 VCP SET_TARGET_RX steer=0 wheel=0
2026-07-07T16:09:01.353+00:00 VCP idle angle=121992 amtOk=1
2026-07-07T16:09:01.353+00:00 VCP SET_TARGET_RX steer=0 wheel=0
2026-07-07T16:09:01.753+00:00 VCP idle angle=121992 amtOk=1
2026-07-07T16:09:01.954+00:00 VCP SET_TARGET_RX steer=0 wheel=0
2026-07-07T16:09:02.354+00:00 VCP idle angle=121992 amtOk=1
2026-07-07T16:09:02.354+00:00 VCP SET_TARGET_RX steer=0 wheel=0
2026-07-07T16:09:02.755+00:00 VCP idle angle=121992 amtOk=1
2026-07-07T16:09:02.955+00:00 VCP SET_TARGET_RX steer=0 wheel=0
2026-07-07T16:09:03.355+00:00 VCP idle angle=121992 amtOk=1
2026-07-07T16:09:03.356+00:00 VCP SET_TARGET_RX steer=0 wheel=0
2026-07-07T16:09:03.756+00:00 VCP idle angle=121992 amtOk=1
2026-07-07T16:09:03.956+00:00 VCP SET_TARGET_RX steer=0 wheel=0
2026-07-07T16:09:04.357+00:00 VCP idle angle=121992 amtOk=1
2026-07-07T16:09:04.357+00:00 VCP SET_TARGET_RX steer=0 wheel=0
2026-07-07T16:09:04.757+00:00 VCP idle angle=121992 amtOk=1
2026-07-07T16:09:04.957+00:00 VCP SET_TARGET_RX steer=0 wheel=0
2026-07-07T16:09:05.358+00:00 VCP idle angle=121992 amtOk=1
2026-07-07T16:09:05.358+00:00 VCP SET_TARGET_RX steer=0 wheel=0
2026-07-07T16:09:05.758+00:00 VCP idle angle=121992 amtOk=1
2026-07-07T16:09:05.959+00:00 VCP SET_TARGET_RX steer=0 wheel=0
2026-07-07T16:09:06.359+00:00 VCP idle angle=121992 amtOk=1
2026-07-07T16:09:06.359+00:00 VCP SET_TARGET_RX steer=0 wheel=0
2026-07-07T16:09:06.759+00:00 VCP idle angle=121992 amtOk=1
2026-07-07T16:09:06.960+00:00 VCP SET_TARGET_RX steer=0 wheel=0
2026-07-07T16:09:07.360+00:00 VCP idle angle=121992 amtOk=1
2026-07-07T16:09:07.360+00:00 VCP SET_TARGET_RX steer=0 wheel=0
2026-07-07T16:09:07.761+00:00 VCP idle angle=121992 amtOk=1
2026-07-07T16:09:07.961+00:00 VCP SET_TARGET_RX steer=0 wheel=0
2026-07-07T16:09:08.361+00:00 VCP idle angle=121992 amtOk=1
2026-07-07T16:09:08.362+00:00 VCP SET_TARGET_RX steer=0 wheel=0
2026-07-07T16:09:08.762+00:00 VCP idle angle=121992 amtOk=1
2026-07-07T16:09:08.962+00:00 VCP SET_TARGET_RX steer=0 wheel=0
2026-07-07T16:09:09.363+00:00 VCP idle angle=121992 amtOk=1
2026-07-07T16:09:09.363+00:00 VCP SET_TARGET_RX steer=0 wheel=0
2026-07-07T16:09:09.763+00:00 VCP idle angle=121992 amtOk=1
2026-07-07T16:09:09.963+00:00 VCP SET_TARGET_RX steer=0 wheel=0
2026-07-07T16:09:10.364+00:00 VCP idle angle=121992 amtOk=1
2026-07-07T16:09:10.364+00:00 VCP SET_TARGET_RX steer=0 wheel=0
2026-07-07T16:09:10.764+00:00 VCP idle angle=121992 amtOk=1
2026-07-07T16:09:10.964+00:00 VCP SET_TARGET_RX steer=0 wheel=0
2026-07-07T16:09:11.365+00:00 VCP idle angle=121992 amtOk=1
2026-07-07T16:09:11.365+00:00 VCP SET_TARGET_RX steer=0 wheel=0
2026-07-07T16:09:11.765+00:00 VCP idle angle=121992 amtOk=1
2026-07-07T16:09:11.966+00:00 VCP SET_TARGET_RX steer=0 wheel=0
2026-07-07T16:09:12.366+00:00 VCP idle angle=121992 amtOk=1
2026-07-07T16:09:12.366+00:00 VCP SET_TARGET_RX steer=0 wheel=0
2026-07-07T16:09:12.767+00:00 VCP idle angle=121992 amtOk=1
2026-07-07T16:09:12.967+00:00 VCP SET_TARGET_RX steer=0 wheel=0
2026-07-07T16:09:13.367+00:00 VCP idle angle=121992 amtOk=1
2026-07-07T16:09:13.367+00:00 VCP SET_TARGET_RX steer=0 wheel=0
2026-07-07T16:09:13.768+00:00 VCP idle angle=121992 amtOk=1
2026-07-07T16:09:13.968+00:00 VCP SET_TARGET_RX steer=0 wheel=0
2026-07-07T16:09:14.369+00:00 VCP idle angle=121992 amtOk=1
2026-07-07T16:09:14.369+00:00 VCP SET_TARGET_RX steer=0 wheel=0
2026-07-07T16:09:14.769+00:00 VCP idle angle=121992 amtOk=1
2026-07-07T16:09:14.969+00:00 VCP SET_TARGET_RX steer=0 wheel=0
2026-07-07T16:09:15.097+00:00 WEBUI enable sent (seeded steer target=121.992deg)
2026-07-07T16:09:15.130+00:00 VCP UNIT_CTRL enable=1
2026-07-07T16:09:15.130+00:00 VCP START_CAN: angle=121992 target=121992 wheelTarget=0
2026-07-07T16:09:15.130+00:00 VCP run=1 step=0 angle=121992 target=121992 err=0 steer=0 m1=0/0 i1=0 t1=29 m2=0/0 i2=0 t2=29 steerMode=0/0 iSteer=0 driveMode=0/0 iDrive=0 scale=0 wheel=0 ffS=0
2026-07-07T16:09:15.300+00:00 VCP SET_TARGET_FF_RX steerRate=30000 wheelAccel=0
2026-07-07T16:09:15.300+00:00 VCP run=1 step=0 angle=122871 target=124394 err=1523 steer=8046 m1=657/45438 i1=920 t1=29 m2=-17/-23312 i2=-881 t2=29 steerMode=11063/10955 iSteer=19777 driveMode=34375/11383 iDrive=900710 scale=0 wheel=100000 ffS=5000
2026-07-07T16:09:15.400+00:00 VCP run=1 step=0 angle=127969 target=127394 err=-575 steer=3851 m1=761/39669 i1=153 t1=29 m2=-681/-29081 i2=-141 t2=29 steerMode=5294/5139 iSteer=5676 driveMode=34375/36948 iDrive=146941 scale=0 wheel=100000 ffS=5000
2026-07-07T16:09:15.400+00:00 VCP SET_TARGET_RX steer=127992 wheel=100000
2026-07-07T16:09:15.504+00:00 VCP run=1 step=0 angle=129902 target=130394 err=492 steer=5559 m1=874/42019 i1=180 t1=29 m2=-526/-26731 i2=-111 t2=29 steerMode=7644/7102 iSteer=34336 driveMode=34375/36811 iDrive=145449 scale=0 wheel=100000 ffS=5000
2026-07-07T16:09:15.607+00:00 VCP run=1 step=0 angle=133594 target=133394 err=-200 steer=5000 m1=772/41250 i1=197 t1=29 m2=-526/-27500 i2=-194 t2=29 steerMode=6875/6919 iSteer=1570 driveMode=34375/35047 iDrive=195707 scale=0 wheel=100000 ffS=5000
2026-07-07T16:09:15.707+00:00 VCP run=1 step=0 angle=136230 target=136396 err=166 steer=5000 m1=818/41250 i1=223 t1=29 m2=-547/-27500 i2=-178 t2=29 steerMode=6875/6524 iSteer=22302 driveMode=34375/34853 iDrive=200579 scale=0 wheel=100000 ffS=5000
2026-07-07T16:09:15.707+00:00 VCP SET_TARGET_FF_RX steerRate=30000 wheelAccel=0
2026-07-07T16:09:15.811+00:00 VCP run=1 step=0 angle=139219 target=139394 err=175 steer=5000 m1=765/41250 i1=212 t1=29 m2=-574/-27500 i2=-200 t2=29 steerMode=6875/6858 iSteer=5778 driveMode=34375/34639 iDrive=206209 scale=0 wheel=100000 ffS=5000
2026-07-07T16:09:15.911+00:00 VCP run=1 step=0 angle=142295 target=142396 err=101 steer=5000 m1=765/41250 i1=224 t1=29 m2=-534/-27500 i2=-227 t2=29 steerMode=6875/6995 iSteer=-1161 driveMode=34375/33992 iDrive=225660 scale=0 wheel=100000 ffS=5000
2026-07-07T16:09:15.911+00:00 VCP SET_TARGET_RX steer=142993 wheel=100000
2026-07-07T16:09:16.014+00:00 VCP run=1 step=0 angle=145371 target=145395 err=24 steer=5000 m1=755/41250 i1=232 t1=29 m2=-534/-27500 i2=-192 t2=29 steerMode=6875/6569 iSteer=20432 driveMode=34375/34448 iDrive=212046 scale=0 wheel=100000 ffS=5000
2026-07-07T16:09:16.129+00:00 VCP run=1 step=0 angle=148096 target=148394 err=298 steer=5000 m1=807/41250 i1=222 t1=29 m2=-515/-27500 i2=-181 t2=29 steerMode=6875/6582 iSteer=20547 driveMode=34375/34770 iDrive=201879 scale=0 wheel=100000 ffS=5000
2026-07-07T16:09:16.129+00:00 VCP run=1 step=0 angle=151084 target=151393 err=309 steer=5000 m1=786/41250 i1=207 t1=29 m2=-561/-27500 i2=-198 t2=29 steerMode=6875/6927 iSteer=4270 driveMode=34375/34714 iDrive=202766 scale=0 wheel=100000 ffS=5000
2026-07-07T16:09:16.299+00:00 VCP SET_TARGET_FF_RX steerRate=30000 wheelAccel=0
2026-07-07T16:09:16.299+00:00 VCP run=1 step=0 angle=154336 target=154393 err=57 steer=5000 m1=772/41250 i1=209 t1=29 m2=-549/-27500 i2=-202 t2=29 steerMode=6875/6934 iSteer=3517 driveMode=34375/34593 iDrive=205640 scale=0 wheel=100000 ffS=5000
2026-07-07T16:09:16.399+00:00 VCP run=1 step=0 angle=157412 target=157395 err=-17 steer=5000 m1=761/41250 i1=224 t1=29 m2=-522/-27500 i2=-200 t2=29 steerMode=6875/6766 iSteer=12316 driveMode=34375/34384 iDrive=211886 scale=0 wheel=100000 ffS=5000
2026-07-07T16:09:16.399+00:00 VCP SET_TARGET_RX steer=157992 wheel=100000
2026-07-07T16:09:16.503+00:00 VCP run=1 step=0 angle=160488 target=160394 err=-94 steer=5000 m1=780/41250 i1=208 t1=29 m2=-532/-27500 i2=-198 t2=29 steerMode=6875/6910 iSteer=4744 driveMode=34375/34671 iDrive=202874 scale=0 wheel=100000 ffS=5000
2026-07-07T16:09:16.607+00:00 VCP run=1 step=0 angle=163564 target=163393 err=-171 steer=5000 m1=803/41250 i1=208 t1=29 m2=-538/-27500 i2=-196 t2=29 steerMode=6875/6878 iSteer=6038 driveMode=34375/34674 iDrive=202223 scale=0 wheel=100000 ffS=5000
2026-07-07T16:09:16.706+00:00 VCP run=1 step=0 angle=166289 target=166394 err=105 steer=5000 m1=772/41250 i1=199 t1=29 m2=-538/-27500 i2=-179 t2=29 steerMode=6875/6810 iSteer=10046 driveMode=34375/35078 iDrive=188642 scale=0 wheel=100000 ffS=5000
2026-07-07T16:09:16.706+00:00 VCP SET_TARGET_FF_RX steerRate=30000 wheelAccel=0
2026-07-07T16:09:16.810+00:00 VCP run=1 step=0 angle=169277 target=169393 err=116 steer=5000 m1=799/41250 i1=187 t1=29 m2=-519/-27500 i2=-196 t2=29 steerMode=6875/7109 iSteer=-4543 driveMode=34375/34919 iDrive=191916 scale=0 wheel=100000 ffS=5000
2026-07-07T16:09:16.910+00:00 VCP run=1 step=0 angle=172441 target=172393 err=-48 steer=5000 m1=776/41250 i1=209 t1=29 m2=-534/-27500 i2=-190 t2=29 steerMode=6875/6821 iSteer=9305 driveMode=34375/34662 iDrive=199406 scale=0 wheel=100000 ffS=5000
2026-07-07T16:09:16.910+00:00 VCP SET_TARGET_RX steer=172992 wheel=100000
2026-07-07T16:09:17.013+00:00 VCP run=1 step=0 angle=175605 target=175395 err=-210 steer=5000 m1=828/41250 i1=185 t1=29 m2=-522/-27500 i2=-175 t2=29 steerMode=6875/6912 iSteer=4935 driveMode=34375/35267 iDrive=180057 scale=0 wheel=100000 ffS=5000
2026-07-07T16:09:17.128+00:00 VCP run=1 step=0 angle=178770 target=178396 err=-374 steer=5000 m1=774/41250 i1=214 t1=29 m2=-561/-27500 i2=-152 t2=29 steerMode=6875/6386 iSteer=30808 driveMode=34375/35105 iDrive=183303 scale=0 wheel=100000 ffS=5000
2026-07-07T16:09:17.128+00:00 VCP run=1 step=0 angle=181758 target=181393 err=-365 steer=5000 m1=776/41250 i1=213 t1=29 m2=-557/-27500 i2=-127 t2=29 steerMode=6875/6139 iSteer=43023 driveMode=34375/35485 iDrive=170271 scale=0 wheel=100000 ffS=5000
2026-07-07T16:09:17.216+00:00 VCP SET_TARGET_FF_RX steerRate=30000 wheelAccel=0
2026-07-07T16:09:17.320+00:00 VCP run=1 step=0 angle=184482 target=184394 err=-88 steer=5000 m1=814/41250 i1=184 t1=29 m2=-572/-27500 i2=-147 t2=29 steerMode=6875/6654 iSteer=18849 driveMode=34375/35573 iDrive=165458 scale=0 wheel=100000 ffS=5000
2026-07-07T16:09:17.320+00:00 VCP run=1 step=0 angle=187295 target=187394 err=99 steer=5000 m1=793/41250 i1=199 t1=29 m2=-530/-27500 i2=-163 t2=29 steerMode=6875/6679 iSteer=18170 driveMode=34375/35011 iDrive=180921 scale=0 wheel=100000 ffS=5000
2026-07-07T16:09:17.320+00:00 VCP SET_TARGET_RX steer=187992 wheel=100000
2026-07-07T16:09:17.502+00:00 VCP run=1 step=0 angle=190459 target=190399 err=-60 steer=5000 m1=763/41250 i1=223 t1=29 m2=-507/-27500 i2=-177 t2=29 steerMode=6875/6593 iSteer=23160 driveMode=34375/34381 iDrive=199834 scale=0 wheel=100000 ffS=5000
2026-07-07T16:09:17.605+00:00 VCP run=1 step=0 angle=193271 target=193392 err=121 steer=5000 m1=728/41250 i1=335 t1=29 m2=-459/-27500 i2=-266 t2=29 steerMode=6875/6454 iSteer=34563 driveMode=34375/31127 iDrive=300657 scale=0 wheel=100000 ffS=5000
2026-07-07T16:09:17.705+00:00 VCP run=1 step=0 angle=196436 target=196393 err=-43 steer=5000 m1=788/41250 i1=190 t1=29 m2=-534/-27500 i2=-188 t2=29 steerMode=6875/7108 iSteer=1270 driveMode=34375/34898 iDrive=189093 scale=0 wheel=100000 ffS=5000
2026-07-07T16:09:17.705+00:00 VCP SET_TARGET_FF_RX steerRate=30000 wheelAccel=0
2026-07-07T16:09:17.808+00:00 VCP run=1 step=0 angle=199688 target=199394 err=-293 steer=5000 m1=747/41250 i1=226 t1=29 m2=-515/-27500 i2=-241 t2=29 steerMode=6875/7261 iSteer=-7553 driveMode=34375/33428 iDrive=233287 scale=0 wheel=100000 ffS=5000
2026-07-07T16:09:17.908+00:00 VCP run=1 step=0 angle=202764 target=202393 err=-371 steer=5000 m1=805/41250 i1=217 t1=29 m2=-486/-27500 i2=-250 t2=29 steerMode=6875/7410 iSteer=-16425 driveMode=34375/33483 iDrive=233129 scale=0 wheel=100000 ffS=5000
2026-07-07T16:09:17.908+00:00 VCP SET_TARGET_RX steer=202992 wheel=100000
2026-07-07T16:09:18.012+00:00 VCP run=1 step=0 angle=205840 target=205394 err=-446 steer=5000 m1=786/41250 i1=236 t1=29 m2=-526/-27500 i2=-184 t2=29 steerMode=6875/6523 iSteer=25852 driveMode=34375/34271 iDrive=210149 scale=0 wheel=100000 ffS=5000
2026-07-07T16:09:18.019+00:00 WEBUI STOP sequence start (manual STOP): coasting 1.0s before disable
2026-07-07T16:09:18.115+00:00 VCP run=1 step=0 angle=208828 target=208392 err=-436 steer=5000 m1=801/41250 i1=215 t1=29 m2=-542/-27500 i2=-171 t2=29 steerMode=6875/6585 iSteer=21984 driveMode=34375/34832 iDrive=193196 scale=0 wheel=100000 ffS=5000
2026-07-07T16:09:18.303+00:00 VCP run=1 step=0 angle=211289 target=208992 err=-2297 steer=406 m1=234/558 i1=-570 t1=29 m2=-139/558 i2=221 t2=29 steerMode=558/4057 iSteer=-174596 driveMode=0/19021 iDrive=-395736 scale=0 wheel=0 ffS=5000
2026-07-07T16:09:18.303+00:00 VCP run=1 step=0 angle=211465 target=208992 err=-2473 steer=54 m1=4/75 i1=141 t1=29 m2=-17/75 i2=-150 t2=29 steerMode=75/101 iSteer=-4498 driveMode=0/675 iDrive=145072 scale=0 wheel=0 ffS=5000
2026-07-07T16:09:18.405+00:00 VCP run=1 step=0 angle=211465 target=208992 err=-2473 steer=-4946 m1=-5/-6800 i1=-189 t1=29 m2=0/-6800 i2=-522 t2=29 steerMode=-6800/-61 iSteer=-355622 driveMode=0/-32 iDrive=166135 scale=0 wheel=0 ffS=0
2026-07-07T16:09:18.405+00:00 VCP SET_TARGET_RX steer=208992 wheel=0
2026-07-07T16:09:18.510+00:00 VCP run=1 step=0 angle=211465 target=208992 err=-2473 steer=-4946 m1=0/-6800 i1=-212 t1=29 m2=0/-6800 i2=-543 t2=29 steerMode=-6800/-2 iSteer=-377475 driveMode=0/-1 iDrive=165225 scale=0 wheel=0 ffS=0
2026-07-07T16:09:18.615+00:00 VCP run=1 step=0 angle=211465 target=208992 err=-2473 steer=-4946 m1=0/-6800 i1=-231 t1=29 m2=-3/-6800 i2=-560 t2=29 steerMode=-6800/-27 iSteer=-395189 driveMode=0/27 iDrive=164386 scale=0 wheel=0 ffS=0
2026-07-07T16:09:18.803+00:00 VCP run=1 step=0 angle=211465 target=208992 err=-2473 steer=-4946 m1=0/-6800 i1=-250 t1=29 m2=0/-6800 i2=-580 t2=29 steerMode=-6800/-10 iSteer=-414973 driveMode=0/-8 iDrive=165421 scale=0 wheel=0 ffS=0
2026-07-07T16:09:18.803+00:00 VCP run=1 step=0 angle=211465 target=208992 err=-2473 steer=-4946 m1=0/-6800 i1=-269 t1=29 m2=0/-6800 i2=-600 t2=29 steerMode=-6800/0 iSteer=-434430 driveMode=0/0 iDrive=165180 scale=0 wheel=0 ffS=0
2026-07-07T16:09:18.904+00:00 VCP run=1 step=0 angle=211465 target=208992 err=-2473 steer=-4946 m1=-3/-6800 i1=-285 t1=29 m2=0/-6800 i2=-618 t2=29 steerMode=-6800/-37 iSteer=-451528 driveMode=0/-33 iDrive=166153 scale=0 wheel=0 ffS=0
2026-07-07T16:09:18.904+00:00 VCP SET_TARGET_RX steer=208992 wheel=0
2026-07-07T16:09:19.009+00:00 VCP run=1 step=0 angle=211465 target=208992 err=-2473 steer=-4946 m1=0/-6800 i1=-307 t1=29 m2=0/-6800 i2=-637 t2=29 steerMode=-6800/-1 iSteer=-472259 driveMode=0/-1 iDrive=165219 scale=0 wheel=0 ffS=0
2026-07-07T16:09:19.020+00:00 WEBUI STOP sequence complete (manual STOP)
2026-07-07T16:09:19.210+00:00 VCP run=1 step=0 angle=211465 target=208992 err=-2473 steer=-4946 m1=0/-6800 i1=-326 t1=29 m2=0/-6800 i2=-656 t2=29 steerMode=-6800/0 iSteer=-491276 driveMode=0/0 iDrive=165194 scale=0 wheel=0 ffS=0
2026-07-07T16:09:19.210+00:00 VCP UNIT_CTRL enable=0
2026-07-07T16:09:19.210+00:00 VCP UNIT_CTRL enable=0
2026-07-07T16:09:19.210+00:00 VCP STOP: disabled
2026-07-07T16:09:19.410+00:00 VCP SET_TARGET_RX steer=208992 wheel=0
2026-07-07T16:09:19.610+00:00 VCP idle angle=211465 amtOk=1
2026-07-07T16:09:20.011+00:00 VCP SET_TARGET_RX steer=208992 wheel=0
2026-07-07T16:09:20.011+00:00 VCP idle angle=211465 amtOk=1
2026-07-07T16:09:20.412+00:00 VCP SET_TARGET_RX steer=208992 wheel=0
2026-07-07T16:09:20.612+00:00 VCP idle angle=211465 amtOk=1
2026-07-07T16:09:21.013+00:00 VCP SET_TARGET_RX steer=208992 wheel=0
2026-07-07T16:09:21.013+00:00 VCP idle angle=211465 amtOk=1
2026-07-07T16:09:21.413+00:00 VCP SET_TARGET_RX steer=208992 wheel=0
2026-07-07T16:09:21.614+00:00 VCP idle angle=211465 amtOk=1
2026-07-07T16:09:22.014+00:00 VCP SET_TARGET_RX steer=208992 wheel=0
2026-07-07T16:09:22.014+00:00 VCP idle angle=211465 amtOk=1
2026-07-07T16:09:22.415+00:00 VCP SET_TARGET_RX steer=208992 wheel=0
2026-07-07T16:09:22.615+00:00 VCP idle angle=211465 amtOk=1
2026-07-07T16:09:23.015+00:00 VCP SET_TARGET_RX steer=208992 wheel=0
2026-07-07T16:09:23.016+00:00 VCP idle angle=211465 amtOk=1
2026-07-07T16:09:23.416+00:00 VCP SET_TARGET_RX steer=208992 wheel=0
2026-07-07T16:09:23.616+00:00 VCP idle angle=211465 amtOk=1
2026-07-07T16:09:24.017+00:00 VCP SET_TARGET_RX steer=208992 wheel=0
2026-07-07T16:09:24.017+00:00 VCP idle angle=211465 amtOk=1
2026-07-07T16:09:24.417+00:00 VCP SET_TARGET_RX steer=208992 wheel=0
2026-07-07T16:09:24.618+00:00 VCP idle angle=211465 amtOk=1
2026-07-07T16:09:25.019+00:00 VCP SET_TARGET_RX steer=208992 wheel=0
2026-07-07T16:09:25.019+00:00 VCP idle angle=211465 amtOk=1
2026-07-07T16:09:25.419+00:00 VCP SET_TARGET_RX steer=208992 wheel=0
2026-07-07T16:09:25.619+00:00 VCP idle angle=211465 amtOk=1
2026-07-07T16:09:26.020+00:00 VCP SET_TARGET_RX steer=208992 wheel=0
2026-07-07T16:09:26.020+00:00 VCP idle angle=211465 amtOk=1
2026-07-07T16:09:26.420+00:00 VCP SET_TARGET_RX steer=208992 wheel=0
2026-07-07T16:09:26.621+00:00 VCP idle angle=211465 amtOk=1
2026-07-07T16:09:27.021+00:00 VCP SET_TARGET_RX steer=208992 wheel=0
2026-07-07T16:09:27.021+00:00 VCP idle angle=211465 amtOk=1
2026-07-07T16:09:27.421+00:00 VCP SET_TARGET_RX steer=208992 wheel=0
2026-07-07T16:09:27.622+00:00 VCP idle angle=211465 amtOk=1
2026-07-07T16:09:28.022+00:00 VCP SET_TARGET_RX steer=208992 wheel=0
2026-07-07T16:09:28.022+00:00 VCP idle angle=211465 amtOk=1
2026-07-07T16:09:28.423+00:00 VCP SET_TARGET_RX steer=208992 wheel=0
2026-07-07T16:09:28.623+00:00 VCP idle angle=211465 amtOk=1
2026-07-07T16:09:29.024+00:00 VCP SET_TARGET_RX steer=208992 wheel=0
2026-07-07T16:09:29.024+00:00 VCP idle angle=211465 amtOk=1
2026-07-07T16:09:29.425+00:00 VCP SET_TARGET_RX steer=208992 wheel=0
2026-07-07T16:09:29.625+00:00 VCP idle angle=211465 amtOk=1
2026-07-07T16:09:30.025+00:00 VCP SET_TARGET_RX steer=208992 wheel=0
2026-07-07T16:09:30.026+00:00 VCP idle angle=211465 amtOk=1
2026-07-07T16:09:30.426+00:00 VCP SET_TARGET_RX steer=208992 wheel=0
2026-07-07T16:09:30.626+00:00 VCP idle angle=211465 amtOk=1
2026-07-07T16:09:31.027+00:00 VCP SET_TARGET_RX steer=208992 wheel=0
2026-07-07T16:09:31.027+00:00 VCP idle angle=211465 amtOk=1
2026-07-07T16:09:31.428+00:00 VCP SET_TARGET_RX steer=208992 wheel=0
2026-07-07T16:09:31.628+00:00 VCP idle angle=211465 amtOk=1
2026-07-07T16:09:32.028+00:00 VCP SET_TARGET_RX steer=208992 wheel=0
2026-07-07T16:09:32.028+00:00 VCP idle angle=211465 amtOk=1
2026-07-07T16:09:32.429+00:00 VCP SET_TARGET_RX steer=208992 wheel=0
2026-07-07T16:09:32.629+00:00 VCP idle angle=211465 amtOk=1
2026-07-07T16:09:33.029+00:00 VCP SET_TARGET_RX steer=208992 wheel=0
2026-07-07T16:09:33.030+00:00 VCP idle angle=211465 amtOk=1
2026-07-07T16:09:33.430+00:00 VCP SET_TARGET_RX steer=208992 wheel=0
2026-07-07T16:09:33.630+00:00 VCP idle angle=211465 amtOk=1
2026-07-07T16:09:34.031+00:00 VCP SET_TARGET_RX steer=208992 wheel=0
2026-07-07T16:09:34.031+00:00 VCP idle angle=211465 amtOk=1
2026-07-07T16:09:34.431+00:00 VCP SET_TARGET_RX steer=208992 wheel=0
2026-07-07T16:09:34.632+00:00 VCP idle angle=211465 amtOk=1
2026-07-07T16:09:34.832+00:00 VCP SET_TARGET_RX steer=208992 wheel=0
2026-07-07T16:09:35.032+00:00 VCP idle angle=211465 amtOk=1
2026-07-07T16:09:35.433+00:00 VCP SET_TARGET_RX steer=208992 wheel=0
2026-07-07T16:09:35.633+00:00 VCP idle angle=211465 amtOk=1
2026-07-07T16:09:35.833+00:00 VCP SET_TARGET_RX steer=208992 wheel=0
2026-07-07T16:09:36.033+00:00 VCP idle angle=211465 amtOk=1
2026-07-07T16:09:36.434+00:00 VCP SET_TARGET_RX steer=208992 wheel=0
2026-07-07T16:09:36.634+00:00 VCP idle angle=211465 amtOk=1
2026-07-07T16:09:36.835+00:00 VCP SET_TARGET_RX steer=208992 wheel=0
2026-07-07T16:09:37.005+00:00 WEBUI enable sent (seeded steer target=211.465deg)
2026-07-07T16:09:37.035+00:00 VCP idle angle=211465 amtOk=1
2026-07-07T16:09:37.035+00:00 VCP UNIT_CTRL enable=1
2026-07-07T16:09:37.035+00:00 VCP START_CAN: angle=211465 target=211465 wheelTarget=0
2026-07-07T16:09:37.196+00:00 VCP run=1 step=0 angle=211729 target=211465 err=-264 steer=0 m1=324/34375 i1=917 t1=29 m2=-319/-34375 i2=-1060 t2=29 steerMode=0/1400 iSteer=-71197 driveMode=34375/8258 iDrive=988477 scale=0 wheel=100000 ffS=0
2026-07-07T16:09:37.300+00:00 VCP run=1 step=0 angle=211816 target=211465 err=-351 steer=0 m1=738/34375 i1=142 t1=29 m2=-670/-34375 i2=-185 t2=29 steerMode=0/377 iSteer=-21312 driveMode=34375/36273 iDrive=163292 scale=0 wheel=100000 ffS=0
2026-07-07T16:09:37.400+00:00 VCP run=1 step=0 angle=211992 target=211465 err=-527 steer=-1054 m1=646/32925 i1=153 t1=29 m2=-699/-35825 i2=-212 t2=29 steerMode=-1450/-975 iSteer=-29927 driveMode=34375/35508 iDrive=182532 scale=0 wheel=100000 ffS=0
2026-07-07T16:09:37.400+00:00 VCP SET_TARGET_RX steer=211465 wheel=100000
2026-07-07T16:09:37.505+00:00 VCP run=1 step=0 angle=211904 target=211465 err=-439 steer=0 m1=692/34375 i1=196 t1=29 m2=-674/-34375 i2=-163 t2=29 steerMode=0/-445 iSteer=16252 driveMode=34375/35549 iDrive=179536 scale=0 wheel=100000 ffS=0
2026-07-07T16:09:37.609+00:00 VCP run=1 step=0 angle=211904 target=211465 err=-439 steer=0 m1=652/34375 i1=135 t1=29 m2=-670/-34375 i2=-221 t2=29 steerMode=0/711 iSteer=-43149 driveMode=34375/35532 iDrive=177955 scale=0 wheel=100000 ffS=0
2026-07-07T16:09:37.795+00:00 VCP run=1 step=0 angle=211904 target=211465 err=-439 steer=0 m1=654/34375 i1=167 t1=29 m2=-651/-34375 i2=-189 t2=29 steerMode=0/63 iSteer=-11094 driveMode=34375/35442 iDrive=178337 scale=0 wheel=100000 ffS=0
2026-07-07T16:09:37.795+00:00 VCP run=1 step=0 angle=211904 target=211465 err=-439 steer=0 m1=669/34375 i1=152 t1=29 m2=-649/-34375 i2=-225 t2=29 steerMode=0/550 iSteer=-36485 driveMode=34375/35037 iDrive=188708 scale=0 wheel=100000 ffS=0
2026-07-07T16:09:37.895+00:00 VCP run=1 step=0 angle=211992 target=211465 err=-527 steer=-1054 m1=646/32925 i1=188 t1=29 m2=-750/-35825 i2=-222 t2=29 steerMode=-1450/-1377 iSteer=-17289 driveMode=34375/34476 iDrive=205184 scale=0 wheel=100000 ffS=0
2026-07-07T16:09:37.895+00:00 VCP SET_TARGET_RX steer=211465 wheel=100000
2026-07-07T16:09:38.000+00:00 VCP run=1 step=0 angle=211816 target=211465 err=-351 steer=0 m1=663/34375 i1=153 t1=29 m2=-666/-34375 i2=-250 t2=29 steerMode=0/717 iSteer=-48273 driveMode=34375/34569 iDrive=201525 scale=0 wheel=100000 ffS=0
2026-07-07T16:09:38.104+00:00 VCP run=1 step=0 angle=211816 target=211465 err=-351 steer=0 m1=673/34375 i1=189 t1=29 m2=-681/-34375 i2=-193 t2=29 steerMode=0/-217 iSteer=-2087 driveMode=34375/34896 iDrive=191363 scale=0 wheel=100000 ffS=0
2026-07-07T16:09:38.208+00:00 VCP run=1 step=0 angle=211904 target=211465 err=-439 steer=0 m1=636/34375 i1=189 t1=29 m2=-697/-34375 i2=-160 t2=29 steerMode=0/-530 iSteer=14443 driveMode=34375/35411 iDrive=174398 scale=0 wheel=100000 ffS=0
2026-07-07T16:09:38.330+00:00 VCP run=1 step=0 angle=211992 target=211465 err=-527 steer=-1054 m1=659/32925 i1=143 t1=29 m2=-653/-35825 i2=-234 t2=29 steerMode=-1450/-790 iSteer=-45613 driveMode=34375/34887 iDrive=188692 scale=0 wheel=100000 ffS=0
2026-07-07T16:09:38.330+00:00 VCP run=1 step=0 angle=211904 target=211465 err=-439 steer=0 m1=644/34375 i1=252 t1=29 m2=-702/-34375 i2=-127 t2=29 steerMode=0/-1475 iSteer=62430 driveMode=34375/34821 iDrive=189540 scale=0 wheel=100000 ffS=0
2026-07-07T16:09:38.495+00:00 VCP SET_TARGET_RX steer=211465 wheel=100000
2026-07-07T16:09:38.495+00:00 VCP run=1 step=0 angle=211816 target=211465 err=-351 steer=0 m1=631/34375 i1=170 t1=29 m2=-681/-34375 i2=-200 t2=29 steerMode=0/77 iSteer=-14872 driveMode=34375/34944 iDrive=185155 scale=0 wheel=100000 ffS=0
2026-07-07T16:09:38.599+00:00 VCP run=1 step=0 angle=211816 target=211465 err=-351 steer=0 m1=675/34375 i1=146 t1=29 m2=-647/-34375 i2=-250 t2=29 steerMode=0/811 iSteer=-52103 driveMode=34375/34481 iDrive=198357 scale=0 wheel=100000 ffS=0
2026-07-07T16:09:38.703+00:00 VCP run=1 step=0 angle=211816 target=211465 err=-351 steer=0 m1=684/34375 i1=136 t1=29 m2=-574/-34375 i2=-303 t2=29 steerMode=0/1391 iSteer=-83384 driveMode=34375/33775 iDrive=219663 scale=0 wheel=100000 ffS=0
2026-07-07T16:09:38.808+00:00 VCP run=1 step=0 angle=211816 target=211465 err=-351 steer=0 m1=640/34375 i1=175 t1=29 m2=-626/-34375 i2=-231 t2=29 steerMode=0/235 iSteer=-27933 driveMode=34375/34365 iDrive=202799 scale=0 wheel=100000 ffS=0
2026-07-07T16:09:38.908+00:00 VCP run=1 step=0 angle=211816 target=211465 err=-351 steer=0 m1=659/34375 i1=167 t1=29 m2=-683/-34375 i2=-188 t2=29 steerMode=0/-100 iSteer=-10543 driveMode=34375/35147 iDrive=177933 scale=0 wheel=100000 ffS=0
2026-07-07T16:09:38.908+00:00 VCP SET_TARGET_RX steer=211465 wheel=100000
2026-07-07T16:09:39.093+00:00 VCP run=1 step=0 angle=211992 target=211465 err=-527 steer=-1054 m1=644/32925 i1=136 t1=29 m2=-706/-35825 i2=-223 t2=29 steerMode=-1450/-932 iSteer=-43433 driveMode=34375/35065 iDrive=179863 scale=0 wheel=100000 ffS=0
2026-07-07T16:09:39.093+00:00 VCP run=1 step=0 angle=211992 target=211465 err=-527 steer=-1054 m1=667/32925 i1=149 t1=29 m2=-691/-35825 i2=-187 t2=29 steerMode=-1450/-1421 iSteer=-18869 driveMode=34375/35451 iDrive=167708 scale=0 wheel=100000 ffS=0
2026-07-07T16:09:39.197+00:00 VCP run=1 step=0 angle=211816 target=211465 err=-351 steer=0 m1=661/34375 i1=168 t1=29 m2=-670/-34375 i2=-176 t2=29 steerMode=0/-259 iSteer=-3772 driveMode=34375/35307 iDrive=172046 scale=0 wheel=100000 ffS=0
2026-07-07T16:09:39.302+00:00 VCP run=1 step=0 angle=211816 target=211465 err=-351 steer=0 m1=652/34375 i1=140 t1=29 m2=-626/-34375 i2=-230 t2=29 steerMode=0/539 iSteer=-45007 driveMode=34375/34862 iDrive=185392 scale=0 wheel=100000 ffS=0
2026-07-07T16:09:39.402+00:00 VCP run=1 step=0 angle=211641 target=211465 err=-176 steer=0 m1=673/34375 i1=148 t1=29 m2=-645/-34375 i2=-213 t2=29 steerMode=0/277 iSteer=-32196 driveMode=34375/35027 iDrive=180441 scale=0 wheel=100000 ffS=0
2026-07-07T16:09:39.402+00:00 VCP SET_TARGET_RX steer=211465 wheel=100000
2026-07-07T16:09:39.507+00:00 VCP run=1 step=0 angle=211641 target=211465 err=-176 steer=0 m1=654/34375 i1=142 t1=29 m2=-706/-34375 i2=-224 t2=29 steerMode=0/418 iSteer=-40821 driveMode=34375/34947 iDrive=182847 scale=0 wheel=100000 ffS=0
2026-07-07T16:09:39.693+00:00 VCP run=1 step=0 angle=211641 target=211465 err=-176 steer=0 m1=692/34375 i1=153 t1=29 m2=-649/-34375 i2=-223 t2=29 steerMode=0/288 iSteer=-34871 driveMode=34375/34784 iDrive=187739 scale=0 wheel=100000 ffS=0
2026-07-07T16:09:39.693+00:00 VCP run=1 step=0 angle=211641 target=211465 err=-176 steer=0 m1=648/34375 i1=186 t1=29 m2=-655/-34375 i2=-178 t2=29 steerMode=0/-491 iSteer=4260 driveMode=34375/34969 iDrive=182178 scale=0 wheel=100000 ffS=0
2026-07-07T16:09:39.798+00:00 VCP run=1 step=0 angle=211641 target=211465 err=-176 steer=0 m1=627/34375 i1=202 t1=29 m2=-681/-34375 i2=-176 t2=29 steerMode=0/-634 iSteer=12859 driveMode=34375/34753 iDrive=188648 scale=0 wheel=100000 ffS=0
2026-07-07T16:09:39.898+00:00 VCP run=1 step=0 angle=211641 target=211465 err=-176 steer=0 m1=657/34375 i1=193 t1=29 m2=-662/-34375 i2=-179 t2=29 steerMode=0/-487 iSteer=6781 driveMode=34375/34838 iDrive=186117 scale=0 wheel=100000 ffS=0
2026-07-07T16:09:39.898+00:00 VCP SET_TARGET_RX steer=211465 wheel=100000
2026-07-07T16:09:40.003+00:00 VCP run=1 step=0 angle=211641 target=211465 err=-176 steer=0 m1=665/34375 i1=205 t1=29 m2=-693/-34375 i2=-184 t2=29 steerMode=0/-544 iSteer=10531 driveMode=34375/34566 iDrive=194269 scale=0 wheel=100000 ffS=0
2026-07-07T16:09:40.107+00:00 VCP run=1 step=0 angle=211553 target=211465 err=-88 steer=0 m1=646/34375 i1=185 t1=29 m2=-612/-34375 i2=-186 t2=29 steerMode=0/-303 iSteer=-350 driveMode=34375/34868 iDrive=185207 scale=0 wheel=100000 ffS=0
2026-07-07T16:09:40.202+00:00 WEBUI STOP sequence start (dead-man: /api/status polling stalled >3s): coasting 1.0s before disable
2026-07-07T16:09:40.294+00:00 VCP run=1 step=0 angle=211553 target=211465 err=-88 steer=0 m1=665/34375 i1=174 t1=29 m2=-660/-34375 i2=-219 t2=29 steerMode=0/155 iSteer=-22709 driveMode=34375/34486 iDrive=196669 scale=0 wheel=100000 ffS=0
2026-07-07T16:09:40.294+00:00 VCP run=1 step=0 angle=211553 target=211465 err=-88 steer=0 m1=663/34375 i1=147 t1=29 m2=-614/-34375 i2=-280 t2=29 steerMode=0/1016 iSteer=-66622 driveMode=34375/33929 iDrive=213569 scale=0 wheel=100000 ffS=0
2026-07-07T16:09:40.397+00:00 VCP run=1 step=0 angle=211553 target=211465 err=-88 steer=0 m1=48/0 i1=-138 t1=29 m2=-124/0 i2=64 t2=29 steerMode=0/358 iSteer=-36837 driveMode=0/9041 iDrive=-101106 scale=0 wheel=0 ffS=0
2026-07-07T16:09:40.397+00:00 VCP SET_TARGET_RX steer=211465 wheel=0
2026-07-07T16:09:40.503+00:00 VCP run=1 step=0 angle=211641 target=211465 err=-176 steer=0 m1=8/0 i1=143 t1=29 m2=2/0 i2=-174 t2=29 steerMode=0/-60 iSteer=-15588 driveMode=0/241 iDrive=158540 scale=0 wheel=0 ffS=0
2026-07-07T16:09:40.695+00:00 VCP run=1 step=0 angle=211641 target=211465 err=-176 steer=0 m1=0/0 i1=147 t1=29 m2=0/0 i2=-184 t2=29 steerMode=0/1 iSteer=-18692 driveMode=0/3 iDrive=165566 scale=0 wheel=0 ffS=0
2026-07-07T16:09:40.695+00:00 VCP run=1 step=0 angle=211641 target=211465 err=-176 steer=0 m1=0/0 i1=147 t1=29 m2=0/0 i2=-184 t2=29 steerMode=0/0 iSteer=-18642 driveMode=0/0 iDrive=165655 scale=0 wheel=0 ffS=0
2026-07-07T16:09:40.801+00:00 VCP run=1 step=0 angle=211641 target=211465 err=-176 steer=0 m1=0/0 i1=147 t1=29 m2=0/0 i2=-184 t2=29 steerMode=0/0 iSteer=-18642 driveMode=0/0 iDrive=165656 scale=0 wheel=0 ffS=0
2026-07-07T16:09:40.905+00:00 VCP run=1 step=0 angle=211641 target=211465 err=-176 steer=0 m1=0/0 i1=147 t1=29 m2=0/0 i2=-184 t2=29 steerMode=0/0 iSteer=-18642 driveMode=0/0 iDrive=165656 scale=0 wheel=0 ffS=0
2026-07-07T16:09:40.905+00:00 VCP SET_TARGET_RX steer=211465 wheel=0
2026-07-07T16:09:41.097+00:00 VCP run=1 step=0 angle=211641 target=211465 err=-176 steer=0 m1=0/0 i1=147 t1=29 m2=0/0 i2=-184 t2=29 steerMode=0/0 iSteer=-18642 driveMode=0/0 iDrive=165656 scale=0 wheel=0 ffS=0
2026-07-07T16:09:41.097+00:00 VCP run=1 step=0 angle=211641 target=211465 err=-176 steer=0 m1=0/0 i1=147 t1=29 m2=0/0 i2=-184 t2=29 steerMode=0/0 iSteer=-18642 driveMode=0/0 iDrive=165656 scale=0 wheel=0 ffS=0
2026-07-07T16:09:41.203+00:00 WEBUI STOP sequence complete (dead-man: /api/status polling stalled >3s)
2026-07-07T16:09:41.203+00:00 VCP run=1 step=0 angle=211641 target=211465 err=-176 steer=0 m1=0/0 i1=147 t1=29 m2=0/0 i2=-184 t2=29 steerMode=0/0 iSteer=-18642 driveMode=0/0 iDrive=165656 scale=0 wheel=0 ffS=0
2026-07-07T16:09:41.404+00:00 VCP run=1 step=0 angle=211641 target=211465 err=-176 steer=0 m1=0/0 i1=147 t1=29 m2=0/0 i2=-184 t2=29 steerMode=0/0 iSteer=-18642 driveMode=0/0 iDrive=165656 scale=0 wheel=0 ffS=0
2026-07-07T16:09:41.404+00:00 VCP UNIT_CTRL enable=0
2026-07-07T16:09:41.404+00:00 VCP UNIT_CTRL enable=0
2026-07-07T16:09:41.404+00:00 VCP STOP: disabled
2026-07-07T16:09:41.404+00:00 VCP SET_TARGET_RX steer=211465 wheel=0
2026-07-07T16:09:41.804+00:00 VCP idle angle=211641 amtOk=1
2026-07-07T16:09:42.005+00:00 VCP SET_TARGET_RX steer=211465 wheel=0
2026-07-07T16:09:42.205+00:00 VCP idle angle=211641 amtOk=1
2026-07-07T16:09:42.405+00:00 VCP SET_TARGET_RX steer=211465 wheel=0
2026-07-07T16:09:42.805+00:00 VCP idle angle=211641 amtOk=1
2026-07-07T16:09:43.006+00:00 VCP SET_TARGET_RX steer=211465 wheel=0
2026-07-07T16:09:43.206+00:00 VCP idle angle=211641 amtOk=1
2026-07-07T16:09:43.406+00:00 VCP SET_TARGET_RX steer=211465 wheel=0
2026-07-07T16:09:43.807+00:00 VCP idle angle=211641 amtOk=1
2026-07-07T16:09:44.007+00:00 VCP SET_TARGET_RX steer=211465 wheel=0
2026-07-07T16:09:44.207+00:00 VCP idle angle=211641 amtOk=1
2026-07-07T16:09:44.407+00:00 VCP SET_TARGET_RX steer=211465 wheel=0
2026-07-07T16:09:44.808+00:00 VCP idle angle=211553 amtOk=1
2026-07-07T16:09:45.008+00:00 VCP SET_TARGET_RX steer=211465 wheel=0
2026-07-07T16:09:45.208+00:00 VCP idle angle=211641 amtOk=1
2026-07-07T16:09:45.409+00:00 VCP SET_TARGET_RX steer=211465 wheel=0
2026-07-07T16:09:45.809+00:00 VCP idle angle=211641 amtOk=1
2026-07-07T16:09:46.009+00:00 VCP SET_TARGET_RX steer=211465 wheel=0
2026-07-07T16:09:46.209+00:00 VCP idle angle=211641 amtOk=1
2026-07-07T16:09:46.410+00:00 VCP SET_TARGET_RX steer=211465 wheel=0
2026-07-07T16:09:46.810+00:00 VCP idle angle=211641 amtOk=1
2026-07-07T16:09:47.010+00:00 VCP SET_TARGET_RX steer=211465 wheel=0
2026-07-07T16:09:47.211+00:00 VCP idle angle=211641 amtOk=1
2026-07-07T16:09:47.411+00:00 VCP SET_TARGET_RX steer=211465 wheel=0
2026-07-07T16:09:47.811+00:00 VCP idle angle=211641 amtOk=1
2026-07-07T16:09:48.012+00:00 VCP SET_TARGET_RX steer=211465 wheel=0
2026-07-07T16:09:48.212+00:00 VCP idle angle=211641 amtOk=1
2026-07-07T16:09:48.412+00:00 VCP SET_TARGET_RX steer=211465 wheel=0
2026-07-07T16:09:48.813+00:00 VCP idle angle=211641 amtOk=1
2026-07-07T16:09:49.013+00:00 VCP SET_TARGET_RX steer=211465 wheel=0
2026-07-07T16:09:49.213+00:00 VCP idle angle=211641 amtOk=1
2026-07-07T16:09:49.413+00:00 VCP SET_TARGET_RX steer=211465 wheel=0
2026-07-07T16:09:49.814+00:00 VCP idle angle=211641 amtOk=1
2026-07-07T16:09:50.014+00:00 VCP SET_TARGET_RX steer=211465 wheel=0
2026-07-07T16:09:50.214+00:00 VCP idle angle=211641 amtOk=1
2026-07-07T16:09:50.415+00:00 VCP SET_TARGET_RX steer=211465 wheel=0
2026-07-07T16:09:50.815+00:00 VCP idle angle=211641 amtOk=1
2026-07-07T16:09:51.016+00:00 VCP SET_TARGET_RX steer=211465 wheel=0
2026-07-07T16:09:51.216+00:00 VCP idle angle=211641 amtOk=1
2026-07-07T16:09:51.416+00:00 VCP SET_TARGET_RX steer=211465 wheel=0
2026-07-07T16:09:51.817+00:00 VCP idle angle=211641 amtOk=1
2026-07-07T16:09:52.017+00:00 VCP SET_TARGET_RX steer=211465 wheel=0
2026-07-07T16:09:52.217+00:00 VCP idle angle=211641 amtOk=1
2026-07-07T16:09:52.418+00:00 VCP SET_TARGET_RX steer=211465 wheel=0
2026-07-07T16:09:52.818+00:00 VCP idle angle=211641 amtOk=1
2026-07-07T16:09:53.018+00:00 VCP SET_TARGET_RX steer=211465 wheel=0
2026-07-07T16:09:53.219+00:00 VCP idle angle=211641 amtOk=1
2026-07-07T16:09:53.419+00:00 VCP SET_TARGET_RX steer=211465 wheel=0
2026-07-07T16:09:53.819+00:00 VCP idle angle=211641 amtOk=1
2026-07-07T16:09:54.020+00:00 VCP SET_TARGET_RX steer=211465 wheel=0
2026-07-07T16:09:54.220+00:00 VCP idle angle=211641 amtOk=1
2026-07-07T16:09:54.421+00:00 VCP SET_TARGET_RX steer=211465 wheel=0
2026-07-07T16:09:54.821+00:00 VCP idle angle=211641 amtOk=1
2026-07-07T16:09:55.021+00:00 VCP SET_TARGET_RX steer=211465 wheel=0
2026-07-07T16:09:55.222+00:00 VCP idle angle=211641 amtOk=1
2026-07-07T16:09:55.422+00:00 VCP SET_TARGET_RX steer=211465 wheel=0
2026-07-07T16:09:55.823+00:00 VCP idle angle=211641 amtOk=1
2026-07-07T16:09:56.023+00:00 VCP SET_TARGET_RX steer=211465 wheel=0
2026-07-07T16:09:56.223+00:00 VCP idle angle=211641 amtOk=1
2026-07-07T16:09:56.423+00:00 VCP SET_TARGET_RX steer=211465 wheel=0
2026-07-07T16:09:56.824+00:00 VCP idle angle=211641 amtOk=1
2026-07-07T16:09:57.024+00:00 VCP SET_TARGET_RX steer=211465 wheel=0
2026-07-07T16:09:57.225+00:00 VCP idle angle=211641 amtOk=1
2026-07-07T16:09:57.425+00:00 VCP SET_TARGET_RX steer=211465 wheel=0
2026-07-07T16:09:57.826+00:00 VCP idle angle=211641 amtOk=1
2026-07-07T16:09:58.026+00:00 VCP SET_TARGET_RX steer=211465 wheel=0
2026-07-07T16:09:58.226+00:00 VCP idle angle=211641 amtOk=1
2026-07-07T16:09:58.426+00:00 VCP SET_TARGET_RX steer=211465 wheel=0
2026-07-07T16:09:58.827+00:00 VCP idle angle=211641 amtOk=1
2026-07-07T16:09:59.027+00:00 VCP SET_TARGET_RX steer=211465 wheel=0
2026-07-07T16:09:59.227+00:00 VCP idle angle=211641 amtOk=1
2026-07-07T16:09:59.428+00:00 VCP SET_TARGET_RX steer=211465 wheel=0
2026-07-07T16:09:59.828+00:00 VCP idle angle=211641 amtOk=1
2026-07-07T16:10:00.028+00:00 VCP SET_TARGET_RX steer=211465 wheel=0
2026-07-07T16:10:00.229+00:00 VCP idle angle=211641 amtOk=1
2026-07-07T16:10:00.429+00:00 VCP SET_TARGET_RX steer=211465 wheel=0
2026-07-07T16:10:00.829+00:00 VCP idle angle=211641 amtOk=1
2026-07-07T16:10:01.030+00:00 VCP SET_TARGET_RX steer=211465 wheel=0
2026-07-07T16:10:01.230+00:00 VCP idle angle=211641 amtOk=1
2026-07-07T16:10:01.430+00:00 VCP SET_TARGET_RX steer=211465 wheel=0
2026-07-07T16:10:01.830+00:00 VCP idle angle=211641 amtOk=1
2026-07-07T16:10:02.031+00:00 VCP SET_TARGET_RX steer=211465 wheel=0
2026-07-07T16:10:02.231+00:00 VCP idle angle=211641 amtOk=1
2026-07-07T16:10:02.431+00:00 VCP SET_TARGET_RX steer=211465 wheel=0
2026-07-07T16:10:02.832+00:00 VCP idle angle=211641 amtOk=1
2026-07-07T16:10:02.832+00:00 VCP SET_TARGET_RX steer=211465 wheel=0
2026-07-07T16:10:03.232+00:00 VCP idle angle=211641 amtOk=1
2026-07-07T16:10:03.432+00:00 VCP SET_TARGET_RX steer=211465 wheel=0
2026-07-07T16:10:03.833+00:00 VCP idle angle=211641 amtOk=1
2026-07-07T16:10:03.833+00:00 VCP SET_TARGET_RX steer=211465 wheel=0
2026-07-07T16:10:04.233+00:00 VCP idle angle=211641 amtOk=1
2026-07-07T16:10:04.434+00:00 VCP SET_TARGET_RX steer=211465 wheel=0
2026-07-07T16:10:04.834+00:00 VCP idle angle=211641 amtOk=1
2026-07-07T16:10:04.834+00:00 VCP SET_TARGET_RX steer=211465 wheel=0
2026-07-07T16:10:05.234+00:00 VCP idle angle=211641 amtOk=1
2026-07-07T16:10:05.435+00:00 VCP SET_TARGET_RX steer=211465 wheel=0
2026-07-07T16:10:05.835+00:00 VCP idle angle=211641 amtOk=1
2026-07-07T16:10:05.835+00:00 VCP SET_TARGET_RX steer=211465 wheel=0
2026-07-07T16:10:06.236+00:00 VCP idle angle=211641 amtOk=1
2026-07-07T16:10:06.436+00:00 VCP SET_TARGET_RX steer=211465 wheel=0
2026-07-07T16:10:06.837+00:00 VCP idle angle=211641 amtOk=1
2026-07-07T16:10:06.837+00:00 VCP SET_TARGET_RX steer=211465 wheel=0
2026-07-07T16:10:07.237+00:00 VCP idle angle=211641 amtOk=1
2026-07-07T16:10:07.438+00:00 VCP SET_TARGET_RX steer=211465 wheel=0
2026-07-07T16:10:07.838+00:00 VCP idle angle=211641 amtOk=1
2026-07-07T16:10:07.838+00:00 VCP SET_TARGET_RX steer=211465 wheel=0
2026-07-07T16:10:08.238+00:00 VCP idle angle=211641 amtOk=1
2026-07-07T16:10:08.439+00:00 VCP SET_TARGET_RX steer=211465 wheel=0
2026-07-07T16:10:08.839+00:00 VCP idle angle=211641 amtOk=1
2026-07-07T16:10:08.839+00:00 VCP SET_TARGET_RX steer=211465 wheel=0
2026-07-07T16:10:09.240+00:00 VCP idle angle=211641 amtOk=1
2026-07-07T16:10:09.440+00:00 VCP SET_TARGET_RX steer=211465 wheel=0
2026-07-07T16:10:09.841+00:00 VCP idle angle=211641 amtOk=1
2026-07-07T16:10:09.841+00:00 VCP SET_TARGET_RX steer=211465 wheel=0
2026-07-07T16:10:10.241+00:00 VCP idle angle=211641 amtOk=1
2026-07-07T16:10:10.441+00:00 VCP SET_TARGET_RX steer=211465 wheel=0
2026-07-07T16:10:10.842+00:00 VCP idle angle=211641 amtOk=1
2026-07-07T16:10:10.842+00:00 VCP SET_TARGET_RX steer=211465 wheel=0
2026-07-07T16:10:11.243+00:00 VCP idle angle=211641 amtOk=1
2026-07-07T16:10:11.443+00:00 VCP SET_TARGET_RX steer=211465 wheel=0
2026-07-07T16:10:11.844+00:00 VCP idle angle=211641 amtOk=1
2026-07-07T16:10:11.844+00:00 VCP SET_TARGET_RX steer=211465 wheel=0
2026-07-07T16:10:12.244+00:00 VCP idle angle=211641 amtOk=1
2026-07-07T16:10:12.445+00:00 VCP SET_TARGET_RX steer=211465 wheel=0
2026-07-07T16:10:12.845+00:00 VCP idle angle=211641 amtOk=1
2026-07-07T16:10:12.845+00:00 VCP SET_TARGET_RX steer=211465 wheel=0
2026-07-07T16:10:13.246+00:00 VCP idle angle=211641 amtOk=1
2026-07-07T16:10:13.446+00:00 VCP SET_TARGET_RX steer=211465 wheel=0
2026-07-07T16:10:13.847+00:00 VCP idle angle=211641 amtOk=1
2026-07-07T16:10:13.847+00:00 VCP SET_TARGET_RX steer=211465 wheel=0
2026-07-07T16:10:14.247+00:00 VCP idle angle=211641 amtOk=1
2026-07-07T16:10:14.448+00:00 VCP SET_TARGET_RX steer=211465 wheel=0
2026-07-07T16:10:14.848+00:00 VCP idle angle=211641 amtOk=1
2026-07-07T16:10:15.048+00:00 VCP SET_TARGET_RX steer=211465 wheel=0
2026-07-07T16:10:15.249+00:00 VCP idle angle=211641 amtOk=1
2026-07-07T16:10:15.449+00:00 VCP SET_TARGET_RX steer=211465 wheel=0
2026-07-07T16:10:15.849+00:00 VCP idle angle=211641 amtOk=1
2026-07-07T16:10:16.050+00:00 VCP SET_TARGET_RX steer=211465 wheel=0
2026-07-07T16:10:16.250+00:00 VCP idle angle=211641 amtOk=1
2026-07-07T16:10:16.450+00:00 VCP SET_TARGET_RX steer=211465 wheel=0
2026-07-07T16:10:16.851+00:00 VCP idle angle=211641 amtOk=1
2026-07-07T16:10:17.051+00:00 VCP SET_TARGET_RX steer=211465 wheel=0
2026-07-07T16:10:17.251+00:00 VCP idle angle=211641 amtOk=1
2026-07-07T16:10:17.451+00:00 VCP SET_TARGET_RX steer=211465 wheel=0
2026-07-07T16:10:17.852+00:00 VCP idle angle=211641 amtOk=1
2026-07-07T16:10:17.852+00:00 VCP SET_TARGET_RX steer=211465 wheel=0
2026-07-07T16:10:18.253+00:00 VCP idle angle=211641 amtOk=1
2026-07-07T16:10:18.453+00:00 VCP SET_TARGET_RX steer=211465 wheel=0
2026-07-07T16:10:18.853+00:00 VCP idle angle=211641 amtOk=1
2026-07-07T16:10:18.853+00:00 VCP SET_TARGET_RX steer=211465 wheel=0
2026-07-07T16:10:19.254+00:00 VCP idle angle=211641 amtOk=1
2026-07-07T16:10:19.454+00:00 VCP SET_TARGET_RX steer=211465 wheel=0
2026-07-07T16:10:19.854+00:00 VCP idle angle=211641 amtOk=1
2026-07-07T16:10:19.854+00:00 VCP SET_TARGET_RX steer=211465 wheel=0
2026-07-07T16:10:20.255+00:00 VCP idle angle=211641 amtOk=1
2026-07-07T16:10:20.455+00:00 VCP SET_TARGET_RX steer=211465 wheel=0
2026-07-07T16:10:20.856+00:00 VCP idle angle=211641 amtOk=1
2026-07-07T16:10:20.856+00:00 VCP SET_TARGET_RX steer=211465 wheel=0
2026-07-07T16:10:21.256+00:00 VCP idle angle=211553 amtOk=1
2026-07-07T16:10:21.456+00:00 VCP SET_TARGET_RX steer=211465 wheel=0
2026-07-07T16:10:21.857+00:00 VCP idle angle=211641 amtOk=1
2026-07-07T16:10:21.857+00:00 VCP SET_TARGET_RX steer=211465 wheel=0
2026-07-07T16:10:22.257+00:00 VCP idle angle=211641 amtOk=1
2026-07-07T16:10:22.458+00:00 VCP SET_TARGET_RX steer=211465 wheel=0
2026-07-07T16:10:22.858+00:00 VCP idle angle=211641 amtOk=1
2026-07-07T16:10:22.858+00:00 VCP SET_TARGET_RX steer=211465 wheel=0
2026-07-07T16:10:23.258+00:00 VCP idle angle=211641 amtOk=1
2026-07-07T16:10:23.459+00:00 VCP SET_TARGET_RX steer=211465 wheel=0
2026-07-07T16:10:23.859+00:00 VCP idle angle=211641 amtOk=1
2026-07-07T16:10:23.859+00:00 VCP SET_TARGET_RX steer=211465 wheel=0
2026-07-07T16:10:24.259+00:00 VCP idle angle=211641 amtOk=1
2026-07-07T16:10:24.460+00:00 VCP SET_TARGET_RX steer=211465 wheel=0
2026-07-07T16:10:24.860+00:00 VCP idle angle=211641 amtOk=1
2026-07-07T16:10:24.860+00:00 VCP SET_TARGET_RX steer=211465 wheel=0
2026-07-07T16:10:25.261+00:00 VCP idle angle=211641 amtOk=1
2026-07-07T16:10:25.461+00:00 VCP SET_TARGET_RX steer=211465 wheel=0
2026-07-07T16:10:25.862+00:00 VCP idle angle=211641 amtOk=1
2026-07-07T16:10:25.862+00:00 VCP SET_TARGET_RX steer=211465 wheel=0
2026-07-07T16:10:26.262+00:00 VCP idle angle=211641 amtOk=1
2026-07-07T16:10:26.463+00:00 VCP SET_TARGET_RX steer=211465 wheel=0
2026-07-07T16:10:26.863+00:00 VCP idle angle=211641 amtOk=1
2026-07-07T16:10:26.863+00:00 VCP SET_TARGET_RX steer=211465 wheel=0
2026-07-07T16:10:27.264+00:00 VCP idle angle=211641 amtOk=1
2026-07-07T16:10:27.464+00:00 VCP SET_TARGET_RX steer=211465 wheel=0
2026-07-07T16:10:27.865+00:00 VCP idle angle=211641 amtOk=1
2026-07-07T16:10:27.865+00:00 VCP SET_TARGET_RX steer=211465 wheel=0
2026-07-07T16:10:28.265+00:00 VCP idle angle=211641 amtOk=1
2026-07-07T16:10:28.466+00:00 VCP SET_TARGET_RX steer=211465 wheel=0
2026-07-07T16:10:28.867+00:00 VCP idle angle=211641 amtOk=1
2026-07-07T16:10:28.867+00:00 VCP SET_TARGET_RX steer=211465 wheel=0
2026-07-07T16:10:29.268+00:00 VCP idle angle=211641 amtOk=1
2026-07-07T16:10:29.468+00:00 VCP SET_TARGET_RX steer=211465 wheel=0
2026-07-07T16:10:29.868+00:00 VCP idle angle=211641 amtOk=1
2026-07-07T16:10:29.868+00:00 VCP SET_TARGET_RX steer=211465 wheel=0
2026-07-07T16:10:30.269+00:00 VCP idle angle=211641 amtOk=1
2026-07-07T16:10:30.469+00:00 VCP SET_TARGET_RX steer=211465 wheel=0
2026-07-07T16:10:30.870+00:00 VCP idle angle=211641 amtOk=1
2026-07-07T16:10:30.870+00:00 VCP SET_TARGET_RX steer=211465 wheel=0
2026-07-07T16:10:31.270+00:00 VCP idle angle=211641 amtOk=1
2026-07-07T16:10:31.471+00:00 VCP SET_TARGET_RX steer=211465 wheel=0
2026-07-07T16:10:31.871+00:00 VCP idle angle=211641 amtOk=1
2026-07-07T16:10:31.871+00:00 VCP SET_TARGET_RX steer=211465 wheel=0
2026-07-07T16:10:32.272+00:00 VCP idle angle=211641 amtOk=1
2026-07-07T16:10:32.472+00:00 VCP SET_TARGET_RX steer=211465 wheel=0
2026-07-07T16:10:32.873+00:00 VCP idle angle=211641 amtOk=1
2026-07-07T16:10:32.873+00:00 VCP SET_TARGET_RX steer=211465 wheel=0
2026-07-07T16:10:33.273+00:00 VCP idle angle=211641 amtOk=1
2026-07-07T16:10:33.474+00:00 VCP SET_TARGET_RX steer=211465 wheel=0
2026-07-07T16:10:33.874+00:00 VCP idle angle=211641 amtOk=1
2026-07-07T16:10:33.874+00:00 VCP SET_TARGET_RX steer=211465 wheel=0
2026-07-07T16:10:34.275+00:00 VCP idle angle=211641 amtOk=1
2026-07-07T16:10:34.475+00:00 VCP SET_TARGET_RX steer=211465 wheel=0
2026-07-07T16:10:34.876+00:00 VCP idle angle=211641 amtOk=1
2026-07-07T16:10:34.876+00:00 VCP SET_TARGET_RX steer=211465 wheel=0
2026-07-07T16:10:35.277+00:00 VCP idle angle=211641 amtOk=1
2026-07-07T16:10:35.477+00:00 VCP SET_TARGET_RX steer=211465 wheel=0
2026-07-07T16:10:35.878+00:00 VCP idle angle=211641 amtOk=1
2026-07-07T16:10:35.878+00:00 VCP SET_TARGET_RX steer=211465 wheel=0
2026-07-07T16:10:36.278+00:00 VCP idle angle=211641 amtOk=1
2026-07-07T16:10:36.479+00:00 VCP SET_TARGET_RX steer=211465 wheel=0
2026-07-07T16:10:36.879+00:00 VCP idle angle=211641 amtOk=1
2026-07-07T16:10:36.879+00:00 VCP SET_TARGET_RX steer=211465 wheel=0
2026-07-07T16:10:37.280+00:00 VCP idle angle=211641 amtOk=1
2026-07-07T16:10:37.480+00:00 VCP SET_TARGET_RX steer=211465 wheel=0
2026-07-07T16:10:37.880+00:00 VCP idle angle=211641 amtOk=1
2026-07-07T16:10:37.880+00:00 VCP SET_TARGET_RX steer=211465 wheel=0
2026-07-07T16:10:38.281+00:00 VCP idle angle=211641 amtOk=1
2026-07-07T16:10:38.481+00:00 VCP SET_TARGET_RX steer=211465 wheel=0
2026-07-07T16:10:38.881+00:00 VCP idle angle=211641 amtOk=1
2026-07-07T16:10:38.881+00:00 VCP SET_TARGET_RX steer=211465 wheel=0
2026-07-07T16:10:39.282+00:00 VCP idle angle=211641 amtOk=1
2026-07-07T16:10:39.482+00:00 VCP SET_TARGET_RX steer=211465 wheel=0
2026-07-07T16:10:39.682+00:00 VCP idle angle=211641 amtOk=1
2026-07-07T16:10:39.883+00:00 VCP SET_TARGET_RX steer=211465 wheel=0
2026-07-07T16:10:40.283+00:00 VCP idle angle=211641 amtOk=1
2026-07-07T16:10:40.483+00:00 VCP SET_TARGET_RX steer=211465 wheel=0
2026-07-07T16:10:40.683+00:00 VCP idle angle=211641 amtOk=1
2026-07-07T16:10:40.884+00:00 VCP SET_TARGET_RX steer=211465 wheel=0
2026-07-07T16:10:41.284+00:00 VCP idle angle=211641 amtOk=1
2026-07-07T16:10:41.484+00:00 VCP SET_TARGET_RX steer=211465 wheel=0
2026-07-07T16:10:41.684+00:00 VCP idle angle=211641 amtOk=1
2026-07-07T16:10:41.885+00:00 VCP SET_TARGET_RX steer=211465 wheel=0
2026-07-07T16:10:42.285+00:00 VCP idle angle=211641 amtOk=1
2026-07-07T16:10:42.485+00:00 VCP SET_TARGET_RX steer=211465 wheel=0
2026-07-07T16:10:42.686+00:00 VCP idle angle=211641 amtOk=1
2026-07-07T16:10:42.886+00:00 VCP SET_TARGET_RX steer=211465 wheel=0
2026-07-07T16:10:43.286+00:00 VCP idle angle=211641 amtOk=1
2026-07-07T16:10:43.487+00:00 VCP SET_TARGET_RX steer=211465 wheel=0
2026-07-07T16:10:43.687+00:00 VCP idle angle=211641 amtOk=1
2026-07-07T16:10:43.887+00:00 VCP SET_TARGET_RX steer=211465 wheel=0
2026-07-07T16:10:44.288+00:00 VCP idle angle=211641 amtOk=1
2026-07-07T16:10:44.488+00:00 VCP SET_TARGET_RX steer=211465 wheel=0
2026-07-07T16:10:44.688+00:00 VCP idle angle=211641 amtOk=1
2026-07-07T16:10:44.889+00:00 VCP SET_TARGET_RX steer=211465 wheel=0
2026-07-07T16:10:45.289+00:00 VCP idle angle=211641 amtOk=1
2026-07-07T16:10:45.489+00:00 VCP SET_TARGET_RX steer=211465 wheel=0
2026-07-07T16:10:45.689+00:00 VCP idle angle=211641 amtOk=1
2026-07-07T16:10:45.890+00:00 VCP SET_TARGET_RX steer=211465 wheel=0
2026-07-07T16:10:46.290+00:00 VCP idle angle=211641 amtOk=1
2026-07-07T16:10:46.490+00:00 VCP SET_TARGET_RX steer=211465 wheel=0
2026-07-07T16:10:46.690+00:00 VCP idle angle=211641 amtOk=1
2026-07-07T16:10:46.891+00:00 VCP SET_TARGET_RX steer=211465 wheel=0
2026-07-07T16:10:47.291+00:00 VCP idle angle=211641 amtOk=1
2026-07-07T16:10:47.492+00:00 VCP SET_TARGET_RX steer=211465 wheel=0
2026-07-07T16:10:47.692+00:00 VCP idle angle=211641 amtOk=1
2026-07-07T16:10:47.892+00:00 VCP SET_TARGET_RX steer=211465 wheel=0
2026-07-07T16:10:48.293+00:00 VCP idle angle=211641 amtOk=1
2026-07-07T16:10:48.493+00:00 VCP SET_TARGET_RX steer=211465 wheel=0
2026-07-07T16:10:48.693+00:00 VCP idle angle=211641 amtOk=1
2026-07-07T16:10:48.893+00:00 VCP SET_TARGET_RX steer=211465 wheel=0
2026-07-07T16:10:49.294+00:00 VCP idle angle=211641 amtOk=1
2026-07-07T16:10:49.494+00:00 VCP SET_TARGET_RX steer=211465 wheel=0
2026-07-07T16:10:49.694+00:00 VCP idle angle=211641 amtOk=1
2026-07-07T16:10:49.895+00:00 VCP SET_TARGET_RX steer=211465 wheel=0
2026-07-07T16:10:50.295+00:00 VCP idle angle=211641 amtOk=1
2026-07-07T16:10:50.495+00:00 VCP SET_TARGET_RX steer=211465 wheel=0
2026-07-07T16:10:50.696+00:00 VCP idle angle=211641 amtOk=1
2026-07-07T16:10:50.896+00:00 VCP SET_TARGET_RX steer=211465 wheel=0
2026-07-07T16:10:51.297+00:00 VCP idle angle=211641 amtOk=1
2026-07-07T16:10:51.497+00:00 VCP SET_TARGET_RX steer=211465 wheel=0
2026-07-07T16:10:51.697+00:00 VCP idle angle=211641 amtOk=1
2026-07-07T16:10:51.897+00:00 VCP SET_TARGET_RX steer=211465 wheel=0
2026-07-07T16:10:52.298+00:00 VCP idle angle=211641 amtOk=1
2026-07-07T16:10:52.498+00:00 VCP SET_TARGET_RX steer=211465 wheel=0
2026-07-07T16:10:52.698+00:00 VCP idle angle=211641 amtOk=1
2026-07-07T16:10:52.899+00:00 VCP SET_TARGET_RX steer=211465 wheel=0
2026-07-07T16:10:53.299+00:00 VCP idle angle=211641 amtOk=1
2026-07-07T16:10:53.500+00:00 VCP SET_TARGET_RX steer=211465 wheel=0
2026-07-07T16:10:53.700+00:00 VCP idle angle=211641 amtOk=1
2026-07-07T16:10:53.900+00:00 VCP SET_TARGET_RX steer=211465 wheel=0
2026-07-07T16:10:54.301+00:00 VCP idle angle=211641 amtOk=1
2026-07-07T16:10:54.501+00:00 VCP SET_TARGET_RX steer=211465 wheel=0
2026-07-07T16:10:54.701+00:00 VCP idle angle=211641 amtOk=1
2026-07-07T16:10:54.902+00:00 VCP SET_TARGET_RX steer=211465 wheel=0
2026-07-07T16:10:55.302+00:00 VCP idle angle=211641 amtOk=1
2026-07-07T16:10:55.502+00:00 VCP SET_TARGET_RX steer=211465 wheel=0
2026-07-07T16:10:55.703+00:00 VCP idle angle=211641 amtOk=1
2026-07-07T16:10:55.903+00:00 VCP SET_TARGET_RX steer=211465 wheel=0
2026-07-07T16:10:56.303+00:00 VCP idle angle=211641 amtOk=1
2026-07-07T16:10:56.504+00:00 VCP SET_TARGET_RX steer=211465 wheel=0
2026-07-07T16:10:56.704+00:00 VCP idle angle=211641 amtOk=1
2026-07-07T16:10:56.904+00:00 VCP SET_TARGET_RX steer=211465 wheel=0
2026-07-07T16:10:57.305+00:00 VCP idle angle=211641 amtOk=1
2026-07-07T16:10:57.505+00:00 VCP SET_TARGET_RX steer=211465 wheel=0
2026-07-07T16:10:57.706+00:00 VCP idle angle=211641 amtOk=1
2026-07-07T16:10:57.906+00:00 VCP SET_TARGET_RX steer=211465 wheel=0
2026-07-07T16:10:58.307+00:00 VCP idle angle=211641 amtOk=1
2026-07-07T16:10:58.507+00:00 VCP SET_TARGET_RX steer=211465 wheel=0
2026-07-07T16:10:58.707+00:00 VCP idle angle=211641 amtOk=1
2026-07-07T16:10:58.907+00:00 VCP SET_TARGET_RX steer=211465 wheel=0
2026-07-07T16:10:59.308+00:00 VCP idle angle=211641 amtOk=1
2026-07-07T16:10:59.508+00:00 VCP SET_TARGET_RX steer=211465 wheel=0
2026-07-07T16:10:59.709+00:00 VCP idle angle=211641 amtOk=1
2026-07-07T16:10:59.909+00:00 VCP SET_TARGET_RX steer=211465 wheel=0
2026-07-07T16:11:00.309+00:00 VCP idle angle=211641 amtOk=1
2026-07-07T16:11:00.510+00:00 VCP SET_TARGET_RX steer=211465 wheel=0
2026-07-07T16:11:00.710+00:00 VCP idle angle=211641 amtOk=1
2026-07-07T16:11:00.910+00:00 VCP SET_TARGET_RX steer=211465 wheel=0
2026-07-07T16:11:01.310+00:00 VCP idle angle=211641 amtOk=1
2026-07-07T16:11:01.511+00:00 VCP SET_TARGET_RX steer=211465 wheel=0
2026-07-07T16:11:01.711+00:00 VCP idle angle=211641 amtOk=1
2026-07-07T16:11:01.911+00:00 VCP SET_TARGET_RX steer=211465 wheel=0
2026-07-07T16:11:02.312+00:00 VCP idle angle=211641 amtOk=1
2026-07-07T16:11:02.512+00:00 VCP SET_TARGET_RX steer=211465 wheel=0
2026-07-07T16:11:02.712+00:00 VCP idle angle=211641 amtOk=1
2026-07-07T16:11:02.912+00:00 VCP SET_TARGET_RX steer=211465 wheel=0
2026-07-07T16:11:03.313+00:00 VCP idle angle=211641 amtOk=1
2026-07-07T16:11:03.513+00:00 VCP SET_TARGET_RX steer=211465 wheel=0
2026-07-07T16:11:03.713+00:00 VCP idle angle=211641 amtOk=1
2026-07-07T16:11:03.914+00:00 VCP SET_TARGET_RX steer=211465 wheel=0
2026-07-07T16:11:04.314+00:00 VCP idle angle=211641 amtOk=1
2026-07-07T16:11:04.514+00:00 VCP SET_TARGET_RX steer=211465 wheel=0
2026-07-07T16:11:04.715+00:00 VCP idle angle=211641 amtOk=1
2026-07-07T16:11:04.915+00:00 VCP SET_TARGET_RX steer=211465 wheel=0
2026-07-07T16:11:05.316+00:00 VCP idle angle=211641 amtOk=1
2026-07-07T16:11:05.516+00:00 VCP SET_TARGET_RX steer=211465 wheel=0
2026-07-07T16:11:05.716+00:00 VCP idle angle=211641 amtOk=1
2026-07-07T16:11:05.917+00:00 VCP SET_TARGET_RX steer=211465 wheel=0
2026-07-07T16:11:06.317+00:00 VCP idle angle=211641 amtOk=1
2026-07-07T16:11:06.518+00:00 VCP SET_TARGET_RX steer=211465 wheel=0
2026-07-07T16:11:06.718+00:00 VCP idle angle=211641 amtOk=1
2026-07-07T16:11:06.918+00:00 VCP SET_TARGET_RX steer=211465 wheel=0
2026-07-07T16:11:07.319+00:00 VCP idle angle=211641 amtOk=1
2026-07-07T16:11:07.520+00:00 VCP SET_TARGET_RX steer=211465 wheel=0
2026-07-07T16:11:07.720+00:00 VCP idle angle=211641 amtOk=1
2026-07-07T16:11:07.920+00:00 VCP SET_TARGET_RX steer=211465 wheel=0
2026-07-07T16:11:08.321+00:00 VCP idle angle=211641 amtOk=1
2026-07-07T16:11:08.521+00:00 VCP SET_TARGET_RX steer=211465 wheel=0
2026-07-07T16:11:08.721+00:00 VCP idle angle=211641 amtOk=1
2026-07-07T16:11:08.921+00:00 VCP SET_TARGET_RX steer=211465 wheel=0
2026-07-07T16:11:09.322+00:00 VCP idle angle=211641 amtOk=1
2026-07-07T16:11:09.522+00:00 VCP SET_TARGET_RX steer=211465 wheel=0
2026-07-07T16:11:09.723+00:00 VCP idle angle=211641 amtOk=1
2026-07-07T16:11:09.923+00:00 VCP SET_TARGET_RX steer=211465 wheel=0
2026-07-07T16:11:10.324+00:00 VCP idle angle=211641 amtOk=1
2026-07-07T16:11:10.524+00:00 VCP SET_TARGET_RX steer=211465 wheel=0
2026-07-07T16:11:10.724+00:00 VCP idle angle=211641 amtOk=1
2026-07-07T16:11:10.925+00:00 VCP SET_TARGET_RX steer=211465 wheel=0
2026-07-07T16:11:11.325+00:00 VCP idle angle=211641 amtOk=1
2026-07-07T16:11:11.526+00:00 VCP SET_TARGET_RX steer=211465 wheel=0
2026-07-07T16:11:11.726+00:00 VCP idle angle=211641 amtOk=1
2026-07-07T16:11:11.926+00:00 VCP SET_TARGET_RX steer=211465 wheel=0
2026-07-07T16:11:12.327+00:00 VCP idle angle=211641 amtOk=1
2026-07-07T16:11:12.527+00:00 VCP SET_TARGET_RX steer=211465 wheel=0
2026-07-07T16:11:12.727+00:00 VCP idle angle=211641 amtOk=1
2026-07-07T16:11:12.928+00:00 VCP SET_TARGET_RX steer=211465 wheel=0
2026-07-07T16:11:13.328+00:00 VCP idle angle=211641 amtOk=1
2026-07-07T16:11:13.528+00:00 VCP SET_TARGET_RX steer=211465 wheel=0
2026-07-07T16:11:13.728+00:00 VCP idle angle=211641 amtOk=1
2026-07-07T16:11:13.928+00:00 VCP SET_TARGET_RX steer=211465 wheel=0
2026-07-07T16:11:14.329+00:00 VCP idle angle=211641 amtOk=1
2026-07-07T16:11:14.529+00:00 VCP SET_TARGET_RX steer=211465 wheel=0
2026-07-07T16:11:14.730+00:00 VCP idle angle=211641 amtOk=1
2026-07-07T16:11:14.930+00:00 VCP SET_TARGET_RX steer=211465 wheel=0
2026-07-07T16:11:15.330+00:00 VCP idle angle=211641 amtOk=1
2026-07-07T16:11:15.531+00:00 VCP SET_TARGET_RX steer=211465 wheel=0
2026-07-07T16:11:15.731+00:00 VCP idle angle=211641 amtOk=1
2026-07-07T16:11:15.931+00:00 VCP SET_TARGET_RX steer=211465 wheel=0
2026-07-07T16:11:16.332+00:00 VCP idle angle=211641 amtOk=1
2026-07-07T16:11:16.532+00:00 VCP SET_TARGET_RX steer=211465 wheel=0
2026-07-07T16:11:16.732+00:00 VCP idle angle=211641 amtOk=1
2026-07-07T16:11:16.933+00:00 VCP SET_TARGET_RX steer=211465 wheel=0
2026-07-07T16:11:17.333+00:00 VCP idle angle=211641 amtOk=1
2026-07-07T16:11:17.534+00:00 VCP SET_TARGET_RX steer=211465 wheel=0
2026-07-07T16:11:17.734+00:00 VCP idle angle=211641 amtOk=1
2026-07-07T16:11:17.934+00:00 VCP SET_TARGET_RX steer=211465 wheel=0
2026-07-07T16:11:18.335+00:00 VCP idle angle=211641 amtOk=1
2026-07-07T16:11:18.535+00:00 VCP SET_TARGET_RX steer=211465 wheel=0
2026-07-07T16:11:18.735+00:00 VCP idle angle=211641 amtOk=1
2026-07-07T16:11:18.936+00:00 VCP SET_TARGET_RX steer=211465 wheel=0
2026-07-07T16:11:19.336+00:00 VCP idle angle=211641 amtOk=1
2026-07-07T16:11:19.537+00:00 VCP SET_TARGET_RX steer=211465 wheel=0
2026-07-07T16:11:19.737+00:00 VCP idle angle=211641 amtOk=1
2026-07-07T16:11:19.937+00:00 VCP SET_TARGET_RX steer=211465 wheel=0
2026-07-07T16:11:20.338+00:00 VCP idle angle=211641 amtOk=1
2026-07-07T16:11:20.538+00:00 VCP SET_TARGET_RX steer=211465 wheel=0
2026-07-07T16:11:20.738+00:00 VCP idle angle=211641 amtOk=1
2026-07-07T16:11:20.938+00:00 VCP SET_TARGET_RX steer=211465 wheel=0
2026-07-07T16:11:21.339+00:00 VCP idle angle=211641 amtOk=1
2026-07-07T16:11:21.540+00:00 VCP SET_TARGET_RX steer=211465 wheel=0
2026-07-07T16:11:21.740+00:00 VCP idle angle=211641 amtOk=1
2026-07-07T16:11:21.940+00:00 VCP SET_TARGET_RX steer=211465 wheel=0
2026-07-07T16:11:22.341+00:00 VCP idle angle=211641 amtOk=1
2026-07-07T16:11:22.541+00:00 VCP SET_TARGET_RX steer=211465 wheel=0
2026-07-07T16:11:22.741+00:00 VCP idle angle=211641 amtOk=1
2026-07-07T16:11:22.942+00:00 VCP SET_TARGET_RX steer=211465 wheel=0
2026-07-07T16:11:23.342+00:00 VCP idle angle=211641 amtOk=1
2026-07-07T16:11:23.542+00:00 VCP SET_TARGET_RX steer=211465 wheel=0
2026-07-07T16:11:23.743+00:00 VCP idle angle=211641 amtOk=1
2026-07-07T16:11:23.943+00:00 VCP SET_TARGET_RX steer=211465 wheel=0
2026-07-07T16:11:24.343+00:00 VCP idle angle=211641 amtOk=1
2026-07-07T16:11:24.544+00:00 VCP SET_TARGET_RX steer=211465 wheel=0
2026-07-07T16:11:24.744+00:00 VCP idle angle=211641 amtOk=1
2026-07-07T16:11:24.944+00:00 VCP SET_TARGET_RX steer=211465 wheel=0
2026-07-07T16:11:25.345+00:00 VCP idle angle=211641 amtOk=1
2026-07-07T16:11:25.545+00:00 VCP SET_TARGET_RX steer=211465 wheel=0
2026-07-07T16:11:25.746+00:00 VCP idle angle=211641 amtOk=1
2026-07-07T16:11:25.946+00:00 VCP SET_TARGET_RX steer=211465 wheel=0
2026-07-07T16:11:26.347+00:00 VCP idle angle=211641 amtOk=1
2026-07-07T16:11:26.547+00:00 VCP SET_TARGET_RX steer=211465 wheel=0
2026-07-07T16:11:26.747+00:00 VCP idle angle=211641 amtOk=1
2026-07-07T16:11:26.947+00:00 VCP SET_TARGET_RX steer=211465 wheel=0
2026-07-07T16:11:27.348+00:00 VCP idle angle=211641 amtOk=1
2026-07-07T16:11:27.548+00:00 VCP SET_TARGET_RX steer=211465 wheel=0
2026-07-07T16:11:27.749+00:00 VCP idle angle=211641 amtOk=1
2026-07-07T16:11:27.949+00:00 VCP SET_TARGET_RX steer=211465 wheel=0
2026-07-07T16:11:28.349+00:00 VCP idle angle=211641 amtOk=1
2026-07-07T16:11:28.550+00:00 VCP SET_TARGET_RX steer=211465 wheel=0
