ERC report (2026-09-12T18:55:29, Encoding UTF8)
Report includes: Errors, Warnings, Exclusions

***** Sheet /
[power_pin_not_driven]: Input Power pin not driven by any Output Power pins
    ; error
    @(78.74 mm, 80.01 mm): Symbol #PWR010 Pin 1 [Power input, Line]
[pin_not_driven]: Input pin not driven by any Output pins
    ; error
    @(85.09 mm, 66.04 mm): Symbol U3 Pin 1 [TXD, Input, Line]
[power_pin_not_driven]: Input Power pin not driven by any Output Power pins
    ; error
    @(85.09 mm, 71.12 mm): Symbol U3 Pin 3 [VCC, Power input, Line]
[power_pin_not_driven]: Input Power pin not driven by any Output Power pins
    ; error
    @(113.03 mm, 73.66 mm): Symbol U3 Pin 5 [VIO, Power input, Line]
[isolated_pin_label]: Label connected to only one pin
    ; warning
    @(49.53 mm, 66.04 mm): Global Label 'CAN1_TX'
[isolated_pin_label]: Label connected to only one pin
    ; warning
    @(49.53 mm, 73.66 mm): Global Label 'CAN1_RX'
[lib_symbol_issues]: The current configuration does not include the symbol library 'DifferentialSwerve'
    ; warning
    @(85.09 mm, 66.04 mm): Symbol U3 [TCAN1051VDRQ1]
[footprint_link_issues]: The current configuration does not include the footprint library 'DifferentialSwerve'
    ; warning
    @(132.08 mm, 95.25 mm): Symbol SW1 [JS102011SAQN]
[lib_symbol_issues]: The current configuration does not include the symbol library 'DifferentialSwerve'
    ; warning
    @(132.08 mm, 95.25 mm): Symbol SW1 [JS102011SAQN]
[lib_symbol_issues]: The current configuration does not include the symbol library 'DifferentialSwerve'
    ; warning
    @(148.59 mm, 78.74 mm): Symbol D1 [ESD2CAN24DBZRQ1]

 ** ERC messages: 10  Errors 4  Warnings 6

 ** Ignored checks:
    - Global label only appears once in the schematic
    - Four connection points are joined together
    - SPICE model issue
    - Assigned footprint doesn't match footprint filters
