ERC report (2026-09-12T18:49:01, Encoding UTF8)
Report includes: Errors, Warnings, Exclusions

***** Sheet /
[pin_not_connected]: Hierarchical label 'CAN_TX' in root sheet cannot be connected to non-existent parent sheet
    ; error
    @(49.53 mm, 66.04 mm): Hierarchical Label 'CAN_TX'
[pin_not_connected]: Hierarchical label 'PWR_5V' in root sheet cannot be connected to non-existent parent sheet
    ; error
    @(49.53 mm, 71.12 mm): Hierarchical Label 'PWR_5V'
[pin_not_connected]: Hierarchical label 'CAN_RX' in root sheet cannot be connected to non-existent parent sheet
    ; error
    @(49.53 mm, 73.66 mm): Hierarchical Label 'CAN_RX'
[power_pin_not_driven]: Input Power pin not driven by any Output Power pins
    ; error
    @(68.58 mm, 83.82 mm): Symbol #PWR028 Pin 1 [Power input, Line]
[pin_not_driven]: Input pin not driven by any Output pins
    ; error
    @(85.09 mm, 66.04 mm): Symbol U5 Pin 1 [TXD, Input, Line]
[power_pin_not_driven]: Input Power pin not driven by any Output Power pins
    ; error
    @(85.09 mm, 71.12 mm): Symbol U5 Pin 3 [VCC, Power input, Line]
[power_pin_not_driven]: Input Power pin not driven by any Output Power pins
    ; error
    @(113.03 mm, 73.66 mm): Symbol U5 Pin 5 [VIO, Power input, Line]
[pin_not_connected]: Hierarchical label '3.3V' in root sheet cannot be connected to non-existent parent sheet
    ; error
    @(124.46 mm, 73.66 mm): Hierarchical Label '3.3V'
[isolated_pin_label]: Label connected to only one pin
    ; warning
    @(49.53 mm, 66.04 mm): Hierarchical Label 'CAN_TX'
[isolated_pin_label]: Label connected to only one pin
    ; warning
    @(49.53 mm, 73.66 mm): Hierarchical Label 'CAN_RX'
[lib_symbol_issues]: The current configuration does not include the symbol library 'DifferentialSwerve'
    ; warning
    @(85.09 mm, 66.04 mm): Symbol U5 [TCAN1051VDRQ1]
[lib_symbol_issues]: The current configuration does not include the symbol library 'DifferentialSwerve'
    ; warning
    @(148.59 mm, 78.74 mm): Symbol D2 [ESD2CAN24DBZRQ1]

 ** ERC messages: 12  Errors 8  Warnings 4

 ** Ignored checks:
    - Global label only appears once in the schematic
    - Four connection points are joined together
    - SPICE model issue
    - Assigned footprint doesn't match footprint filters
