ERC report (2026-09-12T19:18:00, Encoding UTF8)
Report includes: Errors, Warnings

***** Sheet /
[power_pin_not_driven]: Input Power pin not driven by any Output Power pins
    ; error
    @(80.00 mm, 40.00 mm): Symbol U101 Pin 1 [IN, Power input, Line]
[pin_not_driven]: Input pin not driven by any Output pins
    ; error
    @(80.00 mm, 47.50 mm): Symbol U101 Pin 4 [dVdT, Input, Line]
[power_pin_not_driven]: Input Power pin not driven by any Output Power pins
    ; error
    @(80.00 mm, 50.00 mm): Symbol U101 Pin 5 [GND, Power input, Line]
[pin_not_driven]: Input pin not driven by any Output pins
    ; error
    @(100.00 mm, 45.00 mm): Symbol U101 Pin 8 [OVLO, Input, Line]
[endpoint_off_grid]: Symbol pin or wire end off connection grid
    ; warning
    @(25.00 mm, 43.00 mm): Symbol J101 Pin 1 [1, Passive, Line]
[endpoint_off_grid]: Symbol pin or wire end off connection grid
    ; warning
    @(25.00 mm, 43.00 mm): Horizontal Wire, length 5.00 mm
[endpoint_off_grid]: Symbol pin or wire end off connection grid
    ; warning
    @(25.00 mm, 47.00 mm): Horizontal Wire, length 5.00 mm
[footprint_link_issues]: Footprint 'AMASS_XT30PW-M' not found in library 'Connector'
    ; warning
    @(35.00 mm, 45.00 mm): Symbol J101 [XT30PW-M]
[lib_symbol_issues]: The current configuration does not include the symbol library 'Central'
    ; warning
    @(35.00 mm, 45.00 mm): Symbol J101 [XT30PW-M]
[endpoint_off_grid]: Symbol pin or wire end off connection grid
    ; warning
    @(45.00 mm, 70.00 mm): Horizontal Wire, length 5.00 mm
[endpoint_off_grid]: Symbol pin or wire end off connection grid
    ; warning
    @(45.00 mm, 70.00 mm): Symbol R101 Pin 1 [1, Passive, Line]
[lib_symbol_issues]: The current configuration does not include the symbol library 'Central'
    ; warning
    @(55.00 mm, 70.00 mm): Symbol R101 [Resistor]
[endpoint_off_grid]: Symbol pin or wire end off connection grid
    ; warning
    @(65.00 mm, 70.00 mm): Horizontal Wire, length 5.00 mm
[isolated_pin_label]: Label connected to only one pin
    ; warning
    @(75.00 mm, 47.50 mm): Global Label 'EFUSE_EN'
[endpoint_off_grid]: Symbol pin or wire end off connection grid
    ; warning
    @(80.00 mm, 40.00 mm): Horizontal Wire, length 5.00 mm
[endpoint_off_grid]: Symbol pin or wire end off connection grid
    ; warning
    @(80.00 mm, 40.00 mm): Symbol U101 Pin 1 [IN, Power input, Line]
[endpoint_off_grid]: Symbol pin or wire end off connection grid
    ; warning
    @(80.00 mm, 42.50 mm): Horizontal Wire, length 5.00 mm
[endpoint_off_grid]: Symbol pin or wire end off connection grid
    ; warning
    @(80.00 mm, 45.00 mm): Horizontal Wire, length 5.00 mm
[endpoint_off_grid]: Symbol pin or wire end off connection grid
    ; warning
    @(80.00 mm, 47.50 mm): Horizontal Wire, length 5.00 mm
[endpoint_off_grid]: Symbol pin or wire end off connection grid
    ; warning
    @(80.00 mm, 50.00 mm): Horizontal Wire, length 5.00 mm
[ground_pin_not_ground]: Pin GND not connected to ground net
    ; warning
    @(80.00 mm, 50.00 mm): Symbol U101 Pin 5 [GND, Power input, Line]
[endpoint_off_grid]: Symbol pin or wire end off connection grid
    ; warning
    @(80.00 mm, 70.00 mm): Symbol C101 Pin 1 [1, Passive, Line]
[endpoint_off_grid]: Symbol pin or wire end off connection grid
    ; warning
    @(80.00 mm, 70.00 mm): Horizontal Wire, length 5.00 mm
[endpoint_off_grid]: Symbol pin or wire end off connection grid
    ; warning
    @(80.00 mm, 74.00 mm): Horizontal Wire, length 5.00 mm
[footprint_link_issues]: The current configuration does not include the footprint library 'Package_DFQFN'
    ; warning
    @(90.00 mm, 45.00 mm): Symbol U101 [TPS259470LRPWR]
[lib_symbol_issues]: The current configuration does not include the symbol library 'Central'
    ; warning
    @(90.00 mm, 45.00 mm): Symbol U101 [TPS259470LRPWR]
[lib_symbol_issues]: The current configuration does not include the symbol library 'Central'
    ; warning
    @(90.00 mm, 72.00 mm): Symbol C101 [Capacitor]
[endpoint_off_grid]: Symbol pin or wire end off connection grid
    ; warning
    @(100.00 mm, 40.00 mm): Horizontal Wire, length 5.00 mm
[endpoint_off_grid]: Symbol pin or wire end off connection grid
    ; warning
    @(100.00 mm, 42.50 mm): Horizontal Wire, length 5.00 mm
[endpoint_off_grid]: Symbol pin or wire end off connection grid
    ; warning
    @(100.00 mm, 45.00 mm): Horizontal Wire, length 5.00 mm
[endpoint_off_grid]: Symbol pin or wire end off connection grid
    ; warning
    @(100.00 mm, 47.50 mm): Horizontal Wire, length 5.00 mm
[endpoint_off_grid]: Symbol pin or wire end off connection grid
    ; warning
    @(100.00 mm, 50.00 mm): Horizontal Wire, length 5.00 mm
[isolated_pin_label]: Label connected to only one pin
    ; warning
    @(105.00 mm, 45.00 mm): Global Label 'OVLO_REVIEW'
[isolated_pin_label]: Label connected to only one pin
    ; warning
    @(105.00 mm, 47.50 mm): Global Label 'PGTH_REVIEW'
[isolated_pin_label]: Label connected to only one pin
    ; warning
    @(105.00 mm, 50.00 mm): Global Label 'PWR_5V_FAULT_N'
[endpoint_off_grid]: Symbol pin or wire end off connection grid
    ; warning
    @(120.00 mm, 30.00 mm): Horizontal Wire, length 5.00 mm
[endpoint_off_grid]: Symbol pin or wire end off connection grid
    ; warning
    @(120.00 mm, 30.00 mm): Symbol F101 Pin 1 [1, Passive, Line]
[lib_symbol_issues]: The current configuration does not include the symbol library 'Central'
    ; warning
    @(130.00 mm, 30.00 mm): Symbol F101 [PPTC]
[endpoint_off_grid]: Symbol pin or wire end off connection grid
    ; warning
    @(140.00 mm, 30.00 mm): Horizontal Wire, length 5.00 mm
[endpoint_off_grid]: Symbol pin or wire end off connection grid
    ; warning
    @(145.00 mm, 45.00 mm): Horizontal Wire, length 5.00 mm
[endpoint_off_grid]: Symbol pin or wire end off connection grid
    ; warning
    @(145.00 mm, 45.00 mm): Symbol F102 Pin 1 [1, Passive, Line]
[multiple_net_names]: Both +5V_SYS and TEENSY_VUSB_PAD are attached to the same items; +5V_SYS will be used in the netlist
    ; warning
    @(140.00 mm, 45.00 mm): Global Label '+5V_SYS'
    @(145.00 mm, 45.00 mm): Global Label 'TEENSY_VUSB_PAD'
[endpoint_off_grid]: Symbol pin or wire end off connection grid
    ; warning
    @(145.00 mm, 60.00 mm): Symbol F103 Pin 1 [1, Passive, Line]
[endpoint_off_grid]: Symbol pin or wire end off connection grid
    ; warning
    @(145.00 mm, 60.00 mm): Horizontal Wire, length 5.00 mm
[endpoint_off_grid]: Symbol pin or wire end off connection grid
    ; warning
    @(145.00 mm, 72.00 mm): Horizontal Wire, length 5.00 mm
[endpoint_off_grid]: Symbol pin or wire end off connection grid
    ; warning
    @(145.00 mm, 72.00 mm): Symbol F104 Pin 1 [1, Passive, Line]
[endpoint_off_grid]: Symbol pin or wire end off connection grid
    ; warning
    @(145.00 mm, 84.00 mm): Symbol F105 Pin 1 [1, Passive, Line]
[endpoint_off_grid]: Symbol pin or wire end off connection grid
    ; warning
    @(145.00 mm, 84.00 mm): Horizontal Wire, length 5.00 mm
[endpoint_off_grid]: Symbol pin or wire end off connection grid
    ; warning
    @(145.00 mm, 96.00 mm): Horizontal Wire, length 5.00 mm
[endpoint_off_grid]: Symbol pin or wire end off connection grid
    ; warning
    @(145.00 mm, 96.00 mm): Symbol F106 Pin 1 [1, Passive, Line]
[endpoint_off_grid]: Symbol pin or wire end off connection grid
    ; warning
    @(150.00 mm, 30.00 mm): Symbol D101 Pin 1 [1, Passive, Line]
[endpoint_off_grid]: Symbol pin or wire end off connection grid
    ; warning
    @(150.00 mm, 30.00 mm): Horizontal Wire, length 5.00 mm
[endpoint_off_grid]: Symbol pin or wire end off connection grid
    ; warning
    @(150.00 mm, 45.00 mm): Horizontal Wire, length 5.00 mm
[endpoint_off_grid]: Symbol pin or wire end off connection grid
    ; warning
    @(150.00 mm, 45.00 mm): Symbol D102 Pin 1 [1, Passive, Line]
[lib_symbol_issues]: The current configuration does not include the symbol library 'Central'
    ; warning
    @(155.00 mm, 45.00 mm): Symbol F102 [PPTC]
[lib_symbol_issues]: The current configuration does not include the symbol library 'Central'
    ; warning
    @(155.00 mm, 60.00 mm): Symbol F103 [PPTC]
[lib_symbol_issues]: The current configuration does not include the symbol library 'Central'
    ; warning
    @(155.00 mm, 72.00 mm): Symbol F104 [PPTC]
[lib_symbol_issues]: The current configuration does not include the symbol library 'Central'
    ; warning
    @(155.00 mm, 84.00 mm): Symbol F105 [PPTC]
[lib_symbol_issues]: The current configuration does not include the symbol library 'Central'
    ; warning
    @(155.00 mm, 96.00 mm): Symbol F106 [PPTC]
[lib_symbol_issues]: The current configuration does not include the symbol library 'Central'
    ; warning
    @(160.00 mm, 30.00 mm): Symbol D101 [Schottky]
[lib_symbol_issues]: The current configuration does not include the symbol library 'Central'
    ; warning
    @(160.00 mm, 45.00 mm): Symbol D102 [Schottky]
[endpoint_off_grid]: Symbol pin or wire end off connection grid
    ; warning
    @(165.00 mm, 45.00 mm): Horizontal Wire, length 5.00 mm
[endpoint_off_grid]: Symbol pin or wire end off connection grid
    ; warning
    @(165.00 mm, 60.00 mm): Horizontal Wire, length 5.00 mm
[endpoint_off_grid]: Symbol pin or wire end off connection grid
    ; warning
    @(165.00 mm, 72.00 mm): Horizontal Wire, length 5.00 mm
[endpoint_off_grid]: Symbol pin or wire end off connection grid
    ; warning
    @(165.00 mm, 84.00 mm): Horizontal Wire, length 5.00 mm
[endpoint_off_grid]: Symbol pin or wire end off connection grid
    ; warning
    @(165.00 mm, 96.00 mm): Horizontal Wire, length 5.00 mm
[endpoint_off_grid]: Symbol pin or wire end off connection grid
    ; warning
    @(170.00 mm, 30.00 mm): Horizontal Wire, length 5.00 mm
[endpoint_off_grid]: Symbol pin or wire end off connection grid
    ; warning
    @(170.00 mm, 45.00 mm): Horizontal Wire, length 5.00 mm
[multiple_net_names]: Both +5V_EXP and VIN_TEENSY are attached to the same items; +5V_EXP will be used in the netlist
    ; warning
    @(170.00 mm, 45.00 mm): Global Label '+5V_EXP'
    @(175.00 mm, 30.00 mm): Global Label 'VIN_TEENSY'
[endpoint_off_grid]: Symbol pin or wire end off connection grid
    ; warning
    @(180.00 mm, 58.00 mm): Horizontal Wire, length 5.00 mm
[endpoint_off_grid]: Symbol pin or wire end off connection grid
    ; warning
    @(180.00 mm, 58.00 mm): Symbol J102 Pin 1 [1, Passive, Line]
[endpoint_off_grid]: Symbol pin or wire end off connection grid
    ; warning
    @(180.00 mm, 62.00 mm): Horizontal Wire, length 5.00 mm
[endpoint_off_grid]: Symbol pin or wire end off connection grid
    ; warning
    @(180.00 mm, 70.00 mm): Horizontal Wire, length 5.00 mm
[endpoint_off_grid]: Symbol pin or wire end off connection grid
    ; warning
    @(180.00 mm, 70.00 mm): Symbol J103 Pin 1 [1, Passive, Line]
[endpoint_off_grid]: Symbol pin or wire end off connection grid
    ; warning
    @(180.00 mm, 74.00 mm): Horizontal Wire, length 5.00 mm
[endpoint_off_grid]: Symbol pin or wire end off connection grid
    ; warning
    @(180.00 mm, 82.00 mm): Horizontal Wire, length 5.00 mm
[endpoint_off_grid]: Symbol pin or wire end off connection grid
    ; warning
    @(180.00 mm, 82.00 mm): Symbol J104 Pin 1 [1, Passive, Line]
[endpoint_off_grid]: Symbol pin or wire end off connection grid
    ; warning
    @(180.00 mm, 86.00 mm): Horizontal Wire, length 5.00 mm
[endpoint_off_grid]: Symbol pin or wire end off connection grid
    ; warning
    @(180.00 mm, 94.00 mm): Horizontal Wire, length 5.00 mm
[endpoint_off_grid]: Symbol pin or wire end off connection grid
    ; warning
    @(180.00 mm, 94.00 mm): Symbol J105 Pin 1 [1, Passive, Line]
[endpoint_off_grid]: Symbol pin or wire end off connection grid
    ; warning
    @(180.00 mm, 98.00 mm): Horizontal Wire, length 5.00 mm
[lib_symbol_issues]: The current configuration does not include the symbol library 'Central'
    ; warning
    @(190.00 mm, 60.00 mm): Symbol J102 [GH2]
[lib_symbol_issues]: The current configuration does not include the symbol library 'Central'
    ; warning
    @(190.00 mm, 72.00 mm): Symbol J103 [GH2]
[lib_symbol_issues]: The current configuration does not include the symbol library 'Central'
    ; warning
    @(190.00 mm, 84.00 mm): Symbol J104 [GH2]
[lib_symbol_issues]: The current configuration does not include the symbol library 'Central'
    ; warning
    @(190.00 mm, 96.00 mm): Symbol J105 [GH2]

 ** ERC messages: 85  Errors 4  Warnings 81

 ** Ignored checks:
    - Global label only appears once in the schematic
    - Four connection points are joined together
    - SPICE model issue
    - Assigned footprint doesn't match footprint filters
