START: angle=9668 target=9668 wheelTarget=40 step=0
run=1 step=0 angle=9668 target=9668 err=0 steer=0 m1=0/6875 i1=41 m2=0/-6875 i2=-41 steerMode=0/0 iSteer=0 driveMode=6875/0 iDrive=41327 wheel=20000
run=1 step=0 angle=9668 target=9668 err=0 steer=0 m1=0/13544 i1=96 m2=-5/-13544 i2=-93 steerMode=0/-26 iSteer=1340 driveMode=13544/26 iDrive=94458 wheel=39400
run=1 step=0 angle=9668 target=9668 err=0 steer=0 m1=0/13750 i1=122 m2=0/-13750 i2=-122 steerMode=0/-1 iSteer=101 driveMode=13750/1 iDrive=122251 wheel=40000
run=1 step=0 angle=9668 target=9668 err=0 steer=0 m1=0/13750 i1=149 m2=0/-13750 i2=-149 steerMode=0/-1 iSteer=139 driveMode=13750/2 iDrive=148902 wheel=40000
run=1 step=0 angle=9668 target=9668 err=0 steer=0 m1=0/13750 i1=177 m2=-3/-13750 i2=-174 steerMode=0/-22 iSteer=1159 driveMode=13750/22 iDrive=175475 wheel=40000
run=1 step=0 angle=9668 target=9668 err=0 steer=0 m1=2/13750 i1=202 m2=0/-13750 i2=-202 steerMode=0/9 iSteer=-337 driveMode=13750/10 iDrive=201907 wheel=40000
run=1 step=0 angle=9668 target=9668 err=0 steer=0 m1=0/13750 i1=230 m2=-3/-13750 i2=-227 steerMode=0/-19 iSteer=1055 driveMode=13750/20 iDrive=228501 wheel=40000
run=1 step=0 angle=9668 target=9668 err=0 steer=0 m1=0/13750 i1=256 m2=0/-13750 i2=-254 steerMode=0/-21 iSteer=1199 driveMode=13750/21 iDrive=254868 wheel=40000
run=1 step=0 angle=9668 target=9668 err=0 steer=0 m1=0/13750 i1=282 m2=0/-13750 i2=-281 steerMode=0/0 iSteer=143 driveMode=13750/0 iDrive=281364 wheel=40000
run=1 step=0 angle=9668 target=9668 err=0 steer=0 m1=0/13750 i1=308 m2=0/-13750 i2=-308 steerMode=0/-3 iSteer=280 driveMode=13750/3 iDrive=308005 wheel=40000
run=1 step=0 angle=9668 target=9668 err=0 steer=0 m1=2/13750 i1=334 m2=0/-13750 i2=-335 steerMode=0/19 iSteer=-817 driveMode=13750/19 iDrive=334581 wheel=40000
run=1 step=0 angle=9668 target=9668 err=0 steer=0 m1=-7/13750 i1=356 m2=0/-13750 i2=-365 steerMode=0/95 iSteer=-4747 driveMode=13750/98 iDrive=360715 wheel=40000
run=1 step=0 angle=9668 target=9668 err=0 steer=0 m1=0/13750 i1=388 m2=0/-13750 i2=-387 steerMode=0/-4 iSteer=186 driveMode=13750/5 iDrive=387544 wheel=40000
run=1 step=0 angle=9668 target=9668 err=0 steer=0 m1=0/13750 i1=414 m2=0/-13750 i2=-414 steerMode=0/-2 iSteer=99 driveMode=13750/2 iDrive=414228 wheel=40000
run=1 step=0 angle=9668 target=9668 err=0 steer=0 m1=0/13750 i1=441 m2=0/-13750 i2=-441 steerMode=0/-4 iSteer=214 driveMode=13750/4 iDrive=440872 wheel=40000
run=1 step=0 angle=9668 target=9668 err=0 steer=0 m1=0/13750 i1=469 m2=0/-13750 i2=-466 steerMode=0/-27 iSteer=1385 driveMode=13750/27 iDrive=467422 wheel=40000
run=1 step=0 angle=9668 target=9668 err=0 steer=0 m1=0/13750 i1=494 m2=0/-13750 i2=-494 steerMode=0/0 iSteer=80 driveMode=13750/0 iDrive=493946 wheel=40000
run=1 step=0 angle=9668 target=9668 err=0 steer=0 m1=0/13750 i1=521 m2=0/-13750 i2=-520 steerMode=0/-9 iSteer=542 driveMode=13750/9 iDrive=520561 wheel=40000
run=1 step=0 angle=9668 target=9668 err=0 steer=0 m1=0/13750 i1=547 m2=0/-13750 i2=-547 steerMode=0/0 iSteer=79 driveMode=13750/0 iDrive=547279 wheel=40000
run=1 step=0 angle=9668 target=9668 err=0 steer=0 m1=0/13750 i1=574 m2=0/-13750 i2=-574 steerMode=0/-2 iSteer=185 driveMode=13750/2 iDrive=573931 wheel=40000
run=1 step=0 angle=9668 target=9668 err=0 steer=0 m1=0/13750 i1=601 m2=0/-13750 i2=-600 steerMode=0/-6 iSteer=403 driveMode=13750/7 iDrive=600560 wheel=40000
run=1 step=0 angle=9668 target=9668 err=0 steer=0 m1=0/13750 i1=627 m2=0/-13750 i2=-627 steerMode=0/0 iSteer=109 driveMode=13750/0 iDrive=627267 wheel=40000
run=1 step=0 angle=9668 target=9668 err=0 steer=0 m1=0/13750 i1=656 m2=0/-13750 i2=-652 steerMode=0/-38 iSteer=2022 driveMode=13750/38 iDrive=653737 wheel=40000
run=1 step=0 angle=9668 target=9668 err=0 steer=0 m1=0/13750 i1=680 m2=0/-13750 i2=-680 steerMode=0/0 iSteer=155 driveMode=13750/0 iDrive=680309 wheel=40000
run=1 step=0 angle=9668 target=9668 err=0 steer=0 m1=0/13750 i1=707 m2=0/-13750 i2=-707 steerMode=0/-3 iSteer=302 driveMode=13750/3 iDrive=706952 wheel=40000
run=1 step=0 angle=9668 target=9668 err=0 steer=0 m1=0/13750 i1=734 m2=0/-13750 i2=-733 steerMode=0/-11 iSteer=710 driveMode=13750/14 iDrive=733545 wheel=40000
run=1 step=0 angle=9668 target=9668 err=0 steer=0 m1=2/13750 i1=761 m2=0/-13750 i2=-759 steerMode=0/-12 iSteer=821 driveMode=13750/27 iDrive=760130 wheel=40000
run=1 step=0 angle=9668 target=9668 err=0 steer=0 m1=0/13750 i1=789 m2=-3/-13750 i2=-785 steerMode=0/-36 iSteer=2035 driveMode=13750/37 iDrive=786702 wheel=40000
run=1 step=0 angle=9668 target=9668 err=0 steer=0 m1=4/13750 i1=917 m2=-187/-13750 i2=-685 steerMode=0/-2297 iSteer=115741 driveMode=13750/2334 iDrive=800953 wheel=40000
run=1 step=0 angle=7998 target=9668 err=1670 steer=167 m1=657/14668 i1=700 m2=-557/-12832 i2=-670 steerMode=918/800 iSteer=15065 driveMode=13750/26042 iDrive=684846 wheel=40000
run=1 step=0 angle=8525 target=9668 err=1143 steer=114 m1=1094/14378 i1=504 m2=-1082/-13122 i2=-503 steerMode=628/776 iSteer=367 driveMode=13750/52239 iDrive=503823 wheel=40000
run=1 step=0 angle=8701 target=9668 err=967 steer=97 m1=1343/14282 i1=359 m2=-1380/-13218 i2=-304 steerMode=532/135 iSteer=27891 driveMode=13750/68528 iDrive=331458 wheel=40000
run=1 step=0 angle=9053 target=9668 err=615 steer=62 m1=1475/14088 i1=187 m2=-1467/-13412 i2=-177 steerMode=338/396 iSteer=5349 driveMode=13750/75934 iDrive=181955 wheel=40000
run=1 step=0 angle=9316 target=9668 err=352 steer=0 m1=1416/13750 i1=66 m2=-1354/-13750 i2=-81 steerMode=0/313 iSteer=-7619 driveMode=13750/74129 iDrive=73504 wheel=40000
run=1 step=0 angle=9492 target=9668 err=176 steer=0 m1=1222/13750 i1=3 m2=-1216/-13750 i2=-10 steerMode=0/221 iSteer=-3306 driveMode=13750/65805 iDrive=6380 wheel=40000
run=1 step=0 angle=9492 target=9668 err=176 steer=0 m1=996/13750 i1=-38 m2=-982/-13750 i2=25 steerMode=0/280 iSteer=-6374 driveMode=13750/55327 iDrive=-31447 wheel=40000
run=1 step=0 angle=9229 target=9668 err=439 steer=38 m1=736/13958 i1=-23 m2=-760/-13542 i2=41 steerMode=208/177 iSteer=9207 driveMode=13750/42052 iDrive=-31979 wheel=40000
run=1 step=0 angle=9316 target=9668 err=352 steer=0 m1=504/13750 i1=5 m2=-545/-13750 i2=33 steerMode=0/-226 iSteer=18937 driveMode=13750/30067 iDrive=-13787 wheel=40000
run=1 step=0 angle=9404 target=9668 err=264 steer=0 m1=311/13750 i1=33 m2=-333/-13750 i2=-9 steerMode=0/-89 iSteer=12267 driveMode=13750/19037 iDrive=21140 wheel=40000
run=1 step=0 angle=9229 target=9668 err=439 steer=0 m1=152/13750 i1=62 m2=-187/-13750 i2=-65 steerMode=0/191 iSteer=-1598 driveMode=13750/10223 iDrive=63666 wheel=40000
run=1 step=0 angle=8877 target=9668 err=791 steer=79 m1=46/14185 i1=139 m2=69/-13315 i2=-100 steerMode=435/257 iSteer=19650 driveMode=13750/2162 iDrive=119267 wheel=40000
run=1 step=0 angle=8965 target=9668 err=703 steer=70 m1=8/14137 i1=176 m2=-3/-13363 i2=-131 steerMode=387/151 iSteer=22446 driveMode=13750/288 iDrive=153388 wheel=40000
run=1 step=0 angle=8965 target=9668 err=703 steer=70 m1=0/14137 i1=212 m2=0/-13363 i2=-150 steerMode=387/1 iSteer=30705 driveMode=13750/4 iDrive=181064 wheel=40000
run=1 step=0 angle=8965 target=9668 err=703 steer=70 m1=0/14137 i1=239 m2=0/-13363 i2=-176 steerMode=387/0 iSteer=31483 driveMode=13750/0 iDrive=207480 wheel=40000
run=1 step=0 angle=8965 target=9668 err=703 steer=70 m1=2/14137 i1=267 m2=0/-13363 i2=-201 steerMode=387/-10 iSteer=32763 driveMode=13750/25 iDrive=233743 wheel=40000
run=1 step=0 angle=8965 target=9668 err=703 steer=70 m1=0/14137 i1=293 m2=0/-13363 i2=-227 steerMode=387/0 iSteer=32972 driveMode=13750/1 iDrive=260243 wheel=40000
run=1 step=0 angle=8965 target=9668 err=703 steer=70 m1=0/14137 i1=321 m2=0/-13363 i2=-253 steerMode=387/-4 iSteer=33933 driveMode=13750/4 iDrive=286619 wheel=40000
run=1 step=0 angle=8965 target=9668 err=703 steer=70 m1=0/14137 i1=349 m2=-3/-13363 i2=-277 steerMode=387/-22 iSteer=35602 driveMode=13750/7 iDrive=312986 wheel=40000
run=1 step=0 angle=8965 target=9668 err=703 steer=70 m1=0/14137 i1=375 m2=0/-13363 i2=-304 steerMode=387/0 iSteer=35271 driveMode=13750/0 iDrive=339418 wheel=40000
run=1 step=0 angle=8965 target=9668 err=703 steer=70 m1=0/14137 i1=402 m2=0/-13363 i2=-329 steerMode=387/-6 iSteer=36303 driveMode=13750/6 iDrive=365774 wheel=40000
run=1 step=0 angle=8965 target=9668 err=703 steer=70 m1=0/14137 i1=429 m2=0/-13363 i2=-355 steerMode=387/0 iSteer=36784 driveMode=13750/0 iDrive=392200 wheel=40000
run=1 step=0 angle=8965 target=9668 err=703 steer=70 m1=0/14137 i1=456 m2=0/-13363 i2=-381 steerMode=387/-1 iSteer=37603 driveMode=13750/2 iDrive=418572 wheel=40000
run=1 step=0 angle=8965 target=9668 err=703 steer=70 m1=0/14137 i1=483 m2=0/-13363 i2=-407 steerMode=387/0 iSteer=38269 driveMode=13750/0 iDrive=444976 wheel=40000
run=1 step=0 angle=8965 target=9668 err=703 steer=70 m1=0/14137 i1=511 m2=0/-13363 i2=-432 steerMode=387/-16 iSteer=39850 driveMode=13750/-11 iDrive=471415 wheel=40000
run=1 step=0 angle=8965 target=9668 err=703 steer=70 m1=0/14137 i1=539 m2=0/-13363 i2=-456 steerMode=387/-33 iSteer=41434 driveMode=13750/32 iDrive=497597 wheel=40000
run=1 step=0 angle=8965 target=9668 err=703 steer=70 m1=0/14137 i1=565 m2=0/-13363 i2=-484 steerMode=387/-1 iSteer=40589 driveMode=13750/0 iDrive=524143 wheel=40000
run=1 step=0 angle=8965 target=9668 err=703 steer=70 m1=0/14137 i1=592 m2=0/-13363 i2=-509 steerMode=387/-4 iSteer=41511 driveMode=13750/4 iDrive=550508 wheel=40000
run=1 step=0 angle=8965 target=9668 err=703 steer=70 m1=0/14137 i1=619 m2=0/-13363 i2=-535 steerMode=387/1 iSteer=42038 driveMode=13750/1 iDrive=576918 wheel=40000
run=1 step=0 angle=8965 target=9668 err=703 steer=70 m1=0/14137 i1=646 m2=0/-13363 i2=-560 steerMode=387/-1 iSteer=42855 driveMode=13750/1 iDrive=603303 wheel=40000
run=1 step=0 angle=8965 target=9668 err=703 steer=70 m1=0/14137 i1=673 m2=0/-13363 i2=-586 steerMode=387/1 iSteer=43495 driveMode=13750/1 iDrive=629696 wheel=40000
run=1 step=0 angle=8965 target=9668 err=703 steer=70 m1=0/14137 i1=700 m2=0/-13363 i2=-612 steerMode=387/-2 iSteer=44405 driveMode=13750/2 iDrive=656077 wheel=40000
run=1 step=0 angle=8965 target=9668 err=703 steer=70 m1=0/14137 i1=728 m2=0/-13363 i2=-637 steerMode=387/0 iSteer=45083 driveMode=13750/0 iDrive=682485 wheel=40000
run=1 step=0 angle=8965 target=9668 err=703 steer=70 m1=0/14137 i1=755 m2=0/-13363 i2=-663 steerMode=387/-9 iSteer=46284 driveMode=13750/7 iDrive=708839 wheel=40000
run=1 step=0 angle=8965 target=9668 err=703 steer=70 m1=0/14137 i1=783 m2=-3/-13363 i2=-688 steerMode=387/-20 iSteer=47608 driveMode=13750/19 iDrive=735173 wheel=40000
run=1 step=0 angle=8965 target=9668 err=703 steer=70 m1=0/14137 i1=809 m2=0/-13363 i2=-714 steerMode=387/-2 iSteer=47483 driveMode=13750/-1 iDrive=761648 wheel=40000
run=1 step=0 angle=8965 target=9668 err=703 steer=70 m1=0/14137 i1=838 m2=0/-13363 i2=-738 steerMode=387/-31 iSteer=49673 driveMode=13750/29 iDrive=787888 wheel=40000
run=1 step=0 angle=8965 target=9668 err=703 steer=70 m1=0/14137 i1=863 m2=0/-13363 i2=-766 steerMode=387/0 iSteer=48889 driveMode=13750/0 iDrive=814416 wheel=40000
run=1 step=0 angle=8965 target=9668 err=703 steer=70 m1=0/14137 i1=890 m2=0/-13363 i2=-791 steerMode=387/-1 iSteer=49664 driveMode=13750/1 iDrive=840794 wheel=40000
run=1 step=0 angle=8965 target=9668 err=703 steer=70 m1=0/14137 i1=918 m2=0/-13363 i2=-817 steerMode=387/0 iSteer=50386 driveMode=13750/2 iDrive=867173 wheel=40000
run=1 step=0 angle=8965 target=9668 err=703 steer=70 m1=0/14137 i1=947 m2=-3/-13363 i2=-840 steerMode=387/-45 iSteer=53403 driveMode=13750/44 iDrive=893322 wheel=40000
run=1 step=0 angle=8789 target=9668 err=879 steer=88 m1=313/14233 i1=1085 m2=-421/-13267 i2=-635 steerMode=483/-3309 iSteer=225034 driveMode=13750/10987 iDrive=860380 wheel=40000
run=1 step=0 angle=8877 target=9668 err=791 steer=79 m1=1035/14185 i1=625 m2=-1003/-13315 i2=-673 steerMode=435/1627 iSteer=-23997 driveMode=13750/47105 iDrive=649211 wheel=40000
run=1 step=0 angle=8877 target=9668 err=791 steer=79 m1=1431/14185 i1=458 m2=-1400/-13315 i2=-425 steerMode=435/802 iSteer=16355 driveMode=13750/70965 iDrive=441322 wheel=40000
run=1 step=0 angle=9580 target=9668 err=88 steer=0 m1=1607/13750 i1=275 m2=-1576/-13750 i2=-248 steerMode=0/399 iSteer=13344 driveMode=13750/82605 iDrive=261576 wheel=40000
run=1 step=0 angle=9844 target=9668 err=-176 steer=0 m1=1615/13750 i1=113 m2=-1576/-13750 i2=-133 steerMode=0/845 iSteer=-10089 driveMode=13750/83724 iDrive=123284 wheel=40000
run=1 step=0 angle=10020 target=9668 err=-352 steer=0 m1=1477/13750 i1=22 m2=-1438/-13750 i2=-22 steerMode=0/626 iSteer=-128 driveMode=13750/78263 iDrive=21724 wheel=40000
run=1 step=0 angle=10635 target=9668 err=-967 steer=-97 m1=1213/13218 i1=-38 m2=-1229/-14282 i2=32 steerMode=-532/121 iSteer=-2813 driveMode=13750/67073 iDrive=-35167 wheel=40000
run=1 step=0 angle=10723 target=9668 err=-1055 steer=-105 m1=981/13170 i1=-89 m2=-928/-14330 i2=32 steerMode=-580/557 iSteer=-28463 driveMode=13750/54292 iDrive=-60749 wheel=40000
run=1 step=0 angle=10547 target=9668 err=-879 steer=-88 m1=673/13267 i1=-47 m2=-708/-14233 i2=50 steerMode=-483/25 iSteer=1873 driveMode=13750/39318 iDrive=-48437 wheel=40000
run=1 step=0 angle=10547 target=9668 err=-879 steer=-88 m1=464/13267 i1=-25 m2=-440/-14233 i2=17 steerMode=-483/121 iSteer=-3976 driveMode=13750/26577 iDrive=-20720 wheel=40000
run=1 step=0 angle=10547 target=9668 err=-879 steer=-88 m1=253/13267 i1=27 m2=-308/-14233 i2=-18 steerMode=-483/-71 iSteer=4502 driveMode=13750/15304 iDrive=22524 wheel=40000
run=1 step=0 angle=10635 target=9668 err=-967 steer=-97 m1=150/13218 i1=67 m2=-88/-14282 i2=-67 steerMode=-532/-33 iSteer=-299 driveMode=13750/7364 iDrive=66890 wheel=40000
run=1 step=0 angle=10723 target=9668 err=-1055 steer=-105 m1=-55/13170 i1=52 m2=-42/-14330 i2=-189 steerMode=-580/1253 iSteer=-68737 driveMode=13750/558 iDrive=120356 wheel=40000
run=1 step=0 angle=10723 target=9668 err=-1055 steer=-105 m1=0/13170 i1=142 m2=0/-14330 i2=-156 steerMode=-580/-11 iSteer=-6796 driveMode=13750/22 iDrive=148776 wheel=40000
run=1 step=0 angle=10723 target=9668 err=-1055 steer=-105 m1=0/13170 i1=167 m2=0/-14330 i2=-183 steerMode=-580/0 iSteer=-8442 driveMode=13750/0 iDrive=175003 wheel=40000
run=1 step=0 angle=10723 target=9668 err=-1055 steer=-105 m1=0/13170 i1=193 m2=0/-14330 i2=-210 steerMode=-580/-18 iSteer=-8632 driveMode=13750/18 iDrive=201295 wheel=40000
run=1 step=0 angle=10723 target=9668 err=-1055 steer=-105 m1=0/13170 i1=217 m2=0/-14330 i2=-238 steerMode=-580/0 iSteer=-10628 driveMode=13750/0 iDrive=227503 wheel=40000
run=1 step=0 angle=10723 target=9668 err=-1055 steer=-105 m1=0/13170 i1=243 m2=0/-14330 i2=-265 steerMode=-580/-18 iSteer=-10809 driveMode=13750/11 iDrive=253845 wheel=40000
run=1 step=0 angle=10723 target=9668 err=-1055 steer=-105 m1=0/13170 i1=267 m2=0/-14330 i2=-293 steerMode=-580/0 iSteer=-12814 driveMode=13750/0 iDrive=280022 wheel=40000
run=1 step=0 angle=10723 target=9668 err=-1055 steer=-105 m1=0/13170 i1=293 m2=0/-14330 i2=-320 steerMode=-580/-7 iSteer=-13545 driveMode=13750/7 iDrive=306361 wheel=40000
run=1 step=0 angle=10723 target=9668 err=-1055 steer=-105 m1=0/13170 i1=318 m2=0/-14330 i2=-347 steerMode=-580/-5 iSteer=-14768 driveMode=13750/-5 iDrive=332542 wheel=40000
run=1 step=0 angle=10723 target=9668 err=-1055 steer=-105 m1=0/13170 i1=343 m2=0/-14330 i2=-375 steerMode=-580/-2 iSteer=-15988 driveMode=13750/2 iDrive=358616 wheel=40000
run=1 step=0 angle=10723 target=9668 err=-1055 steer=-105 m1=0/13170 i1=368 m2=0/-14330 i2=-402 steerMode=-580/1 iSteer=-17228 driveMode=13750/1 iDrive=384746 wheel=40000
run=1 step=0 angle=10723 target=9668 err=-1055 steer=-105 m1=0/13170 i1=393 m2=0/-14330 i2=-429 steerMode=-580/-1 iSteer=-18269 driveMode=13750/1 iDrive=411129 wheel=40000
run=1 step=0 angle=10723 target=9668 err=-1055 steer=-105 m1=0/13170 i1=419 m2=0/-14330 i2=-455 steerMode=-580/-22 iSteer=-18319 driveMode=13750/28 iDrive=437108 wheel=40000
run=1 step=0 angle=10723 target=9668 err=-1055 steer=-105 m1=0/13170 i1=443 m2=0/-14330 i2=-484 steerMode=-580/0 iSteer=-20479 driveMode=13750/0 iDrive=463358 wheel=40000
run=1 step=0 angle=10723 target=9668 err=-1055 steer=-105 m1=0/13170 i1=468 m2=0/-14330 i2=-511 steerMode=-580/1 iSteer=-21635 driveMode=13750/1 iDrive=489753 wheel=40000
run=1 step=0 angle=10723 target=9668 err=-1055 steer=-105 m1=0/13170 i1=493 m2=0/-14330 i2=-539 steerMode=-580/0 iSteer=-22708 driveMode=13750/0 iDrive=516150 wheel=40000
run=1 step=0 angle=10723 target=9668 err=-1055 steer=-105 m1=0/13170 i1=519 m2=0/-14330 i2=-566 steerMode=-580/0 iSteer=-23830 driveMode=13750/0 iDrive=542551 wheel=40000
run=1 step=0 angle=10723 target=9668 err=-1055 steer=-105 m1=0/13170 i1=544 m2=0/-14330 i2=-594 steerMode=-580/-4 iSteer=-24729 driveMode=13750/-4 iDrive=568964 wheel=40000
STOP: max test duration reached
