Opening COM15 at 115200 baud (8N1). Press Ctrl+C to stop.
run=1 angle=313330 target=313311 err=-20 steer=0 m1=0/0 i1=-100 m2=0/0 i2=261 steerMode=0/0 iSteer=80443 driveMode=0/0 iDrive=-180149
run=1 angle=313330 target=313311 err=-20 steer=0 m1=0/0 i1=-100 m2=0/0 i2=261 steerMode=0/0 iSteer=80443 driveMode=0/0 iDrive=-180149
run=1 angle=313330 target=313311 err=-20 steer=0 m1=0/0 i1=-100 m2=0/0 i2=261 steerMode=0/0 iSteer=80443 driveMode=0/0 iDrive=-180149
run=1 angle=313330 target=313311 err=-20 steer=0 m1=0/0 i1=-100 m2=0/0 i2=261 steerMode=0/0 iSteer=80443 driveMode=0/0 iDrive=-180149
run=1 angle=313330 target=313311 err=-20 steer=0 m1=0/0 i1=-100 m2=0/0 i2=261 steerMode=0/0 iSteer=80443 driveMode=0/0 iDrive=-180149
run=1 angle=313330 target=313311 err=-20 steer=0 m1=0/0 i1=-100 m2=0/0 i2=261 steerMode=0/0 iSteer=80443 driveMode=0/0 iDrive=-180149
run=1 angle=313330 target=313311 err=-20 steer=0 m1=0/0 i1=-100 m2=0/0 i2=261 steerMode=0/0 iSteer=80443 driveMode=0/0 iDrive=-180149
run=1 angle=313330 target=313311 err=-20 steer=0 m1=0/0 i1=-100 m2=0/0 i2=261 steerMode=0/0 iSteer=80443 driveMode=0/0 iDrive=-180149
run=1 angle=313330 target=313311 err=-20 steer=0 m1=0/0 i1=-100 m2=0/0 i2=261 steerMode=0/0 iSteer=80443 driveMode=0/0 iDrive=-180149
run=1 angle=313330 target=313311 err=-20 steer=0 m1=0/0 i1=-100 m2=0/0 i2=261 steerMode=0/0 iSteer=80443 driveMode=0/0 iDrive=-180149
run=1 angle=313330 target=313311 err=-20 steer=0 m1=0/0 i1=-100 m2=0/0 i2=261 steerMode=0/0 iSteer=80443 driveMode=0/0 iDrive=-180149
run=1 angle=313330 target=313311 err=-20 steer=0 m1=0/0 i1=-100 m2=0/0 i2=261 steerMode=0/0 iSteer=80443 driveMode=0/0 iDrive=-180149
run=1 angle=313330 target=313311 err=-20 steer=0 m1=0/0 i1=-100 m2=0/0 i2=261 steerMode=0/0 iSteer=80443 driveMode=0/0 iDrive=-180149
run=1 angle=313330 target=313311 err=-20 steer=0 m1=0/0 i1=-100 m2=0/0 i2=261 steerMode=0/0 iSteer=80443 driveMode=0/0 iDrive=-180149
run=1 angle=313330 target=313311 err=-20 steer=0 m1=0/0 i1=-100 m2=0/0 i2=261 steerMode=0/0 iSteer=80443 driveMode=0/0 iDrive=-180149
run=1 angle=313330 target=313311 err=-20 steer=0 m1=0/0 i1=-100 m2=0/0 i2=261 steerMode=0/0 iSteer=80443 driveMode=0/0 iDrive=-180149
run=1 angle=313242 target=313311 err=68 steer=0 m1=0/0 i1=-100 m2=0/0 i2=261 steerMode=0/0 iSteer=80443 driveMode=0/0 iDrive=-180149
run=1 angle=313330 target=313311 err=-20 steer=0 m1=0/0 i1=-100 m2=0/0 i2=261 steerMode=0/0 iSteer=80443 driveMode=0/0 iDrive=-180149
run=1 angle=313330 target=313311 err=-20 steer=0 m1=0/0 i1=-100 m2=0/0 i2=261 steerMode=0/0 iSteer=80443 driveMode=0/0 iDrive=-180149
run=1 angle=313330 target=313311 err=-20 steer=0 m1=0/0 i1=-100 m2=0/0 i2=261 steerMode=0/0 iSteer=80443 driveMode=0/0 iDrive=-180149
run=1 angle=313330 target=313311 err=-20 steer=0 m1=0/0 i1=-100 m2=0/0 i2=261 steerMode=0/0 iSteer=80443 driveMode=0/0 iDrive=-180149
run=1 angle=313330 target=313311 err=-20 steer=0 m1=0/0 i1=-100 m2=0/0 i2=261 steerMode=0/0 iSteer=80443 driveMode=0/0 iDrive=-180149
run=1 angle=313330 target=313311 err=-20 steer=0 m1=0/0 i1=-100 m2=0/0 i2=261 steerMode=0/0 iSteer=80443 driveMode=0/0 iDrive=-180149
run=1 angle=313330 target=313311 err=-20 steer=0 m1=0/0 i1=-100 m2=0/0 i2=261 steerMode=0/0 iSteer=80443 driveMode=0/0 iDrive=-180149
run=1 angle=313330 target=313311 err=-20 steer=0 m1=0/0 i1=-100 m2=0/0 i2=261 steerMode=0/0 iSteer=80443 driveMode=0/0 iDrive=-180149
run=1 angle=313330 target=313311 err=-20 steer=0 m1=0/0 i1=-100 m2=0/0 i2=261 steerMode=0/0 iSteer=80443 driveMode=0/0 iDrive=-180149
run=1 angle=313330 target=313311 err=-20 steer=0 m1=0/0 i1=-100 m2=0/0 i2=261 steerMode=0/0 iSteer=80443 driveMode=0/0 iDrive=-180149
run=1 angle=313330 target=313311 err=-20 steer=0 m1=0/0 i1=-100 m2=0/0 i2=261 steerMode=0/0 iSteer=80443 driveMode=0/0 iDrive=-180149
run=1 angle=313330 target=313311 err=-20 steer=0 m1=0/0 i1=-100 m2=0/0 i2=261 steerMode=0/0 iSteer=80443 driveMode=0/0 iDrive=-180149
run=1 angle=313330 target=313311 err=-20 steer=0 m1=0/0 i1=-100 m2=0/0 i2=261 steerMode=0/0 iSteer=80443 driveMode=0/0 iDrive=-180149
run=1 angle=313330 target=313311 err=-20 steer=0 m1=0/0 i1=-100 m2=0/0 i2=261 steerMode=0/0 iSteer=80443 driveMode=0/0 iDrive=-180149
run=1 angle=313330 target=313311 err=-20 steer=0 m1=0/0 i1=-100 m2=0/0 i2=261 steerMode=0/0 iSteer=80443 driveMode=0/0 iDrive=-180149
run=1 angle=313330 target=313311 err=-20 steer=0 m1=0/0 i1=-100 m2=0/0 i2=261 steerMode=0/0 iSteer=80443 driveMode=0/0 iDrive=-180149
run=1 angle=313330 target=313311 err=-20 steer=0 m1=0/0 i1=-100 m2=0/0 i2=261 steerMode=0/0 iSteer=80443 driveMode=0/0 iDrive=-180149
run=1 angle=313330 target=313311 err=-20 steer=0 m1=0/0 i1=-100 m2=0/0 i2=261 steerMode=0/0 iSteer=80443 driveMode=0/0 iDrive=-180149
run=1 angle=313330 target=313311 err=-20 steer=0 m1=0/0 i1=-100 m2=0/0 i2=261 steerMode=0/0 iSteer=80443 driveMode=0/0 iDrive=-180149
run=1 angle=313330 target=313311 err=-20 steer=0 m1=0/0 i1=-100 m2=0/0 i2=261 steerMode=0/0 iSteer=80443 driveMode=0/0 iDrive=-180149
run=1 angle=313330 target=313311 err=-20 steer=0 m1=0/0 i1=-100 m2=0/0 i2=261 steerMode=0/0 iSteer=80443 driveMode=0/0 iDrive=-180149
run=1 angle=313330 target=313311 err=-20 steer=0 m1=0/0 i1=-100 m2=0/0 i2=261 steerMode=0/0 iSteer=80443 driveMode=0/0 iDrive=-180149
run=1 angle=313330 target=313311 err=-20 steer=0 m1=0/0 i1=-100 m2=0/0 i2=261 steerMode=0/0 iSteer=80443 driveMode=0/0 iDrive=-180149
run=1 angle=313330 target=313311 err=-20 steer=0 m1=0/0 i1=-100 m2=0/0 i2=261 steerMode=0/0 iSteer=80443 driveMode=0/0 iDrive=-180149
run=1 angle=313330 target=313311 err=-20 steer=0 m1=0/0 i1=-100 m2=0/0 i2=261 steerMode=0/0 iSteer=80443 driveMode=0/0 iDrive=-180149
run=1 angle=313330 target=313311 err=-20 steer=0 m1=0/0 i1=-100 m2=0/0 i2=261 steerMode=0/0 iSteer=80443 driveMode=0/0 iDrive=-180149
run=1 angle=313330 target=313311 err=-20 steer=0 m1=0/0 i1=-100 m2=0/0 i2=261 steerMode=0/0 iSteer=80443 driveMode=0/0 iDrive=-180149
run=1 angle=313330 target=313311 err=-20 steer=0 m1=0/0 i1=-100 m2=0/0 i2=261 steerMode=0/0 iSteer=80443 driveMode=0/0 iDrive=-180149
run=1 angle=313330 target=313311 err=-20 steer=0 m1=0/0 i1=-100 m2=0/0 i2=261 steerMode=0/0 iSteer=80443 driveMode=0/0 iDrive=-180149
run=1 angle=313330 target=313311 err=-20 steer=0 m1=0/0 i1=-100 m2=0/0 i2=261 steerMode=0/0 iSteer=80443 driveMode=0/0 iDrive=-180149
run=1 angle=313330 target=313311 err=-20 steer=0 m1=0/0 i1=-100 m2=0/0 i2=261 steerMode=0/0 iSteer=80443 driveMode=0/0 iDrive=-180149
run=1 angle=313330 target=313311 err=-20 steer=0 m1=0/0 i1=-100 m2=0/0 i2=261 steerMode=0/0 iSteer=80443 driveMode=0/0 iDrive=-180149
run=1 angle=313330 target=313311 err=-20 steer=0 m1=0/0 i1=-100 m2=0/0 i2=261 steerMode=0/0 iSteer=80443 driveMode=0/0 iDrive=-180149
run=1 angle=313330 target=313311 err=-20 steer=0 m1=0/0 i1=-100 m2=0/0 i2=261 steerMode=0/0 iSteer=80443 driveMode=0/0 iDrive=-180149
run=1 angle=313330 target=313311 err=-20 steer=0 m1=0/0 i1=-100 m2=0/0 i2=261 steerMode=0/0 iSteer=80443 driveMode=0/0 iDrive=-180149
run=1 angle=313330 target=313311 err=-20 steer=0 m1=0/0 i1=-100 m2=0/0 i2=261 steerMode=0/0 iSteer=80443 driveMode=0/0 iDrive=-180149
run=1 angle=313330 target=313311 err=-20 steer=0 m1=0/0 i1=-100 m2=0/0 i2=261 steerMode=0/0 iSteer=80443 driveMode=0/0 iDrive=-180149
run=1 angle=313330 target=313311 err=-20 steer=0 m1=0/0 i1=-100 m2=0/0 i2=261 steerMode=0/0 iSteer=80443 driveMode=0/0 iDrive=-180149
run=1 angle=313330 target=313311 err=-20 steer=0 m1=0/0 i1=-100 m2=0/0 i2=261 steerMode=0/0 iSteer=80443 driveMode=0/0 iDrive=-180149
run=1 angle=313330 target=313311 err=-20 steer=0 m1=0/0 i1=-100 m2=0/0 i2=261 steerMode=0/0 iSteer=80443 driveMode=0/0 iDrive=-180149
run=1 angle=313330 target=313311 err=-20 steer=0 m1=0/0 i1=-100 m2=0/0 i2=261 steerMode=0/0 iSteer=80443 driveMode=0/0 iDrive=-180149
run=1 angle=313330 target=313311 err=-20 steer=0 m1=0/0 i1=-100 m2=0/0 i2=261 steerMode=0/0 iSteer=80443 driveMode=0/0 iDrive=-180149

run=1 angle=313506 target=313311 err=-195 steer=0 m1=0/0 i1=-98 m2=0/0 i2=261 steerMode=0/0 iSteer=81193 driveMode=0/0 iDrive=-179550
run=1 angle=313418 target=313311 err=-107 steer=0 m1=0/0 i1=-98 m2=0/0 i2=261 steerMode=0/0 iSteer=81193 driveMode=0/0 iDrive=-179550
run=1 angle=313506 target=313311 err=-195 steer=0 m1=0/0 i1=-98 m2=0/0 i2=261 steerMode=0/0 iSteer=81193 driveMode=0/0 iDrive=-179550
run=1 angle=313418 target=313311 err=-107 steer=0 m1=0/0 i1=-98 m2=0/0 i2=261 steerMode=0/0 iSteer=81193 driveMode=0/0 iDrive=-179550
run=1 angle=313418 target=313311 err=-107 steer=0 m1=0/0 i1=-98 m2=0/0 i2=261 steerMode=0/0 iSteer=81193 driveMode=0/0 iDrive=-179550
run=1 angle=313418 target=313311 err=-107 steer=0 m1=0/0 i1=-98 m2=0/0 i2=261 steerMode=0/0 iSteer=81193 driveMode=0/0 iDrive=-179550
run=1 angle=313418 target=313311 err=-107 steer=0 m1=0/0 i1=-98 m2=0/0 i2=261 steerMode=0/0 iSteer=81193 driveMode=0/0 iDrive=-179550
run=1 angle=313418 target=313311 err=-107 steer=0 m1=0/0 i1=-98 m2=0/0 i2=261 steerMode=0/0 iSteer=81193 driveMode=0/0 iDrive=-179550
run=1 angle=313418 target=313311 err=-107 steer=0 m1=0/0 i1=-98 m2=0/0 i2=261 steerMode=0/0 iSteer=81193 driveMode=0/0 iDrive=-179550
run=1 angle=313418 target=313311 err=-107 steer=0 m1=0/0 i1=-98 m2=0/0 i2=261 steerMode=0/0 iSteer=81193 driveMode=0/0 iDrive=-179550
run=1 angle=313418 target=313311 err=-107 steer=0 m1=0/0 i1=-98 m2=0/0 i2=261 steerMode=0/0 iSteer=81193 driveMode=0/0 iDrive=-179550
run=1 angle=313418 target=313311 err=-107 steer=0 m1=0/0 i1=-98 m2=0/0 i2=261 steerMode=0/0 iSteer=81193 driveMode=0/0 iDrive=-179550
run=1 angle=313506 target=313311 err=-195 steer=0 m1=0/0 i1=-98 m2=0/0 i2=261 steerMode=0/0 iSteer=81193 driveMode=0/0 iDrive=-179550
run=1 angle=313418 target=313311 err=-107 steer=0 m1=0/0 i1=-98 m2=0/0 i2=261 steerMode=0/0 iSteer=81193 driveMode=0/0 iDrive=-179550
run=1 angle=313506 target=313311 err=-195 steer=0 m1=0/0 i1=-98 m2=0/0 i2=261 steerMode=0/0 iSteer=81193 driveMode=0/0 iDrive=-179550
run=1 angle=313506 target=313311 err=-195 steer=0 m1=0/0 i1=-98 m2=0/0 i2=261 steerMode=0/0 iSteer=81193 driveMode=0/0 iDrive=-179550
run=1 angle=313418 target=313311 err=-107 steer=0 m1=0/0 i1=-98 m2=0/0 i2=261 steerMode=0/0 iSteer=81193 driveMode=0/0 iDrive=-179550
run=1 angle=313506 target=313311 err=-195 steer=0 m1=0/0 i1=-98 m2=0/0 i2=261 steerMode=0/0 iSteer=81193 driveMode=0/0 iDrive=-179550
run=1 angle=313418 target=313311 err=-107 steer=0 m1=0/0 i1=-98 m2=0/0 i2=261 steerMode=0/0 iSteer=81193 driveMode=0/0 iDrive=-179550
run=1 angle=313506 
=== differential +10deg test (integral-only friction rejection) ===
auto-starts once; press B1 any time to abort (latches stopped)
limit=2000 iLimit=1200 maxSteer=5rpm no friction FF, no test timeout
bench actuation: ENABLED
ready: wheel=0rpm, target=current+10deg
START: angle=313418 target=323418
run=1 angle=313506 target=323418 err=9912 steer=4956 m1=6/27258 i1=422 m2=2/27258 i2=773 steerMode=27258/2241 iSteer=597209 driveMode=0/461 iDrive=-175483
run=1 angle=315000 target=323418 err=8418 steer=4209 m1=0/23149 i1=732 m2=-9/23149 i2=-152 steerMode=23149/25967 iSteer=289740 driveMode=0/-25537 iDrive=441912
run=1 angle=316582 target=323418 err=6836 steer=3418 m1=54/18799 i1=20 m2=-3/18799 i2=550 steerMode=18799/16180 iSteer=284820 driveMode=0/15403 iDrive=-264709
run=1 angle=317549 target=323418 err=5869 steer=2935 m1=0/16140 i1=524 m2=177/16140 i2=-511 steerMode=16140/92934 iSteer=6583 driveMode=0/-92788 iDrive=517414
run=1 angle=317900 target=323418 err=5518 steer=2759 m1=2/15173 i1=924 m2=-7/15173 i2=223 steerMode=15173/1611 iSteer=573704 driveMode=0/-594 iDrive=350781
run=1 angle=319219 target=323418 err=4199 steer=2100 m1=48/11548 i1=-265 m2=0/11548 i2=421 steerMode=11548/30219 iSteer=77998 driveMode=0/30226 iDrive=-342579
run=1 angle=319219 target=323418 err=4199 steer=2100 m1=2/11548 i1=290 m2=0/11548 i2=805 steerMode=11548/793 iSteer=547624 driveMode=0/661 iDrive=-257233
run=1 angle=320449 target=323418 err=2969 steer=2000 m1=0/11000 i1=474 m2=29/11000 i2=30 steerMode=11000/1047 iSteer=252083 driveMode=0/-1236 iDrive=221908
run=1 angle=320713 target=323418 err=2705 steer=2000 m1=0/11000 i1=820 m2=6/11000 i2=-76 steerMode=11000/26816 iSteer=372221 driveMode=0/-26642 iDrive=448075
run=1 angle=322119 target=323418 err=1299 steer=2000 m1=161/11000 i1=-753 m2=-3/11000 i2=318 steerMode=11000/93800 iSteer=-217373 driveMode=0/95090 iDrive=-535671
run=1 angle=322119 target=323418 err=1299 steer=2000 m1=-5/11000 i1=40 m2=0/11000 i2=606 steerMode=11000/-551 iSteer=322630 driveMode=0/-1094 iDrive=-282918
run=1 angle=323174 target=323418 err=244 steer=200 m1=-3/1100 i1=134 m2=-34/1100 i2=-293 steerMode=1100/16651 iSteer=-79447 driveMode=0/-18509 iDrive=213728
run=1 angle=323086 target=323418 err=332 steer=0 m1=0/0 i1=147 m2=0/0 i2=-22 steerMode=0/-751 iSteer=62281 driveMode=0/751 iDrive=84298
run=1 angle=323086 target=323418 err=332 steer=0 m1=0/0 i1=147 m2=0/0 i2=-26 steerMode=0/0 iSteer=60780 driveMode=0/0 iDrive=86550
run=1 angle=323086 target=323418 err=332 steer=0 m1=0/0 i1=147 m2=0/0 i2=-26 steerMode=0/0 iSteer=60780 driveMode=0/0 iDrive=86550
run=1 angle=323086 target=323418 err=332 steer=0 m1=0/0 i1=147 m2=0/0 i2=-26 steerMode=0/0 iSteer=60780 driveMode=0/0 iDrive=86550
run=1 angle=323086 target=323418 err=332 steer=0 m1=0/0 i1=147 m2=0/0 i2=-26 steerMode=0/0 iSteer=60780 driveMode=0/0 iDrive=86550
run=1 angle=323086 target=323418 err=332 steer=0 m1=0/0 i1=150 m2=0/0 i2=-25 steerMode=0/-1 iSteer=62506 driveMode=0/-1 iDrive=87702
run=1 angle=323086 target=323418 err=332 steer=0 m1=0/0 i1=150 m2=0/0 i2=-25 steerMode=0/0 iSteer=62505 driveMode=0/0 iDrive=87700
run=1 angle=323086 target=323418 err=332 steer=0 m1=0/0 i1=150 m2=0/0 i2=-25 steerMode=0/0 iSteer=62505 driveMode=0/0 iDrive=87700
run=1 angle=323086 target=323418 err=332 steer=0 m1=0/0 i1=150 m2=0/0 i2=-25 steerMode=0/0 iSteer=62505 driveMode=0/0 iDrive=87700
run=1 angle=323086 target=323418 err=332 steer=0 m1=0/0 i1=150 m2=0/0 i2=-25 steerMode=0/0 iSteer=62505 driveMode=0/0 iDrive=87700
run=1 angle=323086 target=323418 err=332 steer=0 m1=0/0 i1=150 m2=0/0 i2=-25 steerMode=0/0 iSteer=62505 driveMode=0/0 iDrive=87700
run=1 angle=323086 target=323418 err=332 steer=0 m1=0/0 i1=150 m2=0/0 i2=-25 steerMode=0/0 iSteer=62505 driveMode=0/0 iDrive=87700
run=1 angle=323086 target=323418 err=332 steer=0 m1=0/0 i1=150 m2=0/0 i2=-25 steerMode=0/0 iSteer=62505 driveMode=0/0 iDrive=87700
run=1 angle=323086 target=323418 err=332 steer=0 m1=0/0 i1=150 m2=0/0 i2=-25 steerMode=0/0 iSteer=62505 driveMode=0/0 iDrive=87700
run=1 angle=323086 target=323418 err=332 steer=0 m1=0/0 i1=150 m2=0/0 i2=-25 steerMode=0/0 iSteer=62505 driveMode=0/0 iDrive=87700
run=1 angle=323086 target=323418 err=332 steer=0 m1=0/0 i1=153 m2=0/0 i2=-25 steerMode=0/-219 iSteer=63843 driveMode=0/-219 iDrive=88956
run=1 angle=323086 target=323418 err=332 steer=0 m1=0/0 i1=152 m2=0/0 i2=-25 steerMode=0/0 iSteer=63405 driveMode=0/0 iDrive=88300
run=1 angle=323086 target=323418 err=332 steer=0 m1=0/0 i1=153 m2=0/0 i2=-25 steerMode=0/0 iSteer=64305 driveMode=0/0 iDrive=88900
run=1 angle=323086 target=323418 err=332 steer=0 m1=0/0 i1=155 m2=0/0 i2=-24 steerMode=0/-10 iSteer=65224 driveMode=0/-10 iDrive=89529
run=1 angle=323086 target=323418 err=332 steer=0 m1=0/0 i1=155 m2=0/0 i2=-24 steerMode=0/0 iSteer=65205 driveMode=0/0 iDrive=89500
run=1 angle=323086 target=323418 err=332 steer=0 m1=0/0 i1=155 m2=0/0 i2=-24 steerMode=0/0 iSteer=65205 driveMode=0/0 iDrive=89500
run=1 angle=323086 target=323418 err=332 steer=0 m1=0/0 i1=155 m2=0/0 i2=-24 steerMode=0/0 iSteer=65205 driveMode=0/0 iDrive=89500
run=1 angle=323086 target=323418 err=332 steer=0 m1=0/0 i1=155 m2=0/0 i2=-24 steerMode=0/0 iSteer=65205 driveMode=0/0 iDrive=89500
run=1 angle=323086 target=323418 err=332 steer=0 m1=0/0 i1=155 m2=0/0 i2=-24 steerMode=0/0 iSteer=65205 driveMode=0/0 iDrive=89500
run=1 angle=323086 target=323418 err=332 steer=0 m1=0/0 i1=155 m2=0/0 i2=-24 steerMode=0/0 iSteer=65205 driveMode=0/0 iDrive=89500
