Opening COM15 at 115200 baud (8N1). Press Ctrl+C to stop.
arget=303115 err=156 steer=0 m1=0/0 i1=-39 m2=0/0 i2=740 steerMode=0/0 iSteer=350194 driveMode=0/0 iDrive=-389650
run=1 angle=302959 target=303115 err=156 steer=0 m1=0/0 i1=-39 m2=0/0 i2=740 steerMode=0/0 iSteer=350194 driveMode=0/0 iDrive=-389650
run=1 angle=302959 target=303115 err=156 steer=0 m1=0/0 i1=-39 m2=0/0 i2=740 steerMode=0/0 iSteer=350194 driveMode=0/0 iDrive=-389650
run=1 angle=302959 target=303115 err=156 steer=0 m1=0/0 i1=-39 m2=0/0 i2=740 steerMode=0/0 iSteer=350194 driveMode=0/0 iDrive=-389650
run=1 angle=302959 target=303115 err=156 steer=0 m1=0/0 i1=-39 m2=0/0 i2=740 steerMode=0/0 iSteer=350194 driveMode=0/0 iDrive=-389650
run=1 angle=302959 target=303115 err=156 steer=0 m1=0/0 i1=-39 m2=0/0 i2=740 steerMode=0/0 iSteer=350194 driveMode=0/0 iDrive=-389650
run=1 angle=302959 target=303115 err=156 steer=0 m1=0/0 i1=-39 m2=0/0 i2=740 steerMode=0/0 iSteer=350194 driveMode=0/0 iDrive=-389650
run=1 angle=302959 target=303115 err=156 steer=0 m1=0/0 i1=-39 m2=0/0 i2=740 steerMode=0/0 iSteer=350194 driveMode=0/0 iDrive=-389650
run=1 angle=302959 target=303115 err=156 steer=0 m1=0/0 i1=-39 m2=0/0 i2=740 steerMode=0/0 iSteer=350194 driveMode=0/0 iDrive=-389650
run=1 angle=302959 target=303115 err=156 steer=0 m1=0/0 i1=-39 m2=0/0 i2=740 steerMode=0/0 iSteer=350194 driveMode=0/0 iDrive=-389650
run=1 angle=302959 target=303115 err=156 steer=0 m1=0/0 i1=-39 m2=0/0 i2=740 steerMode=0/0 iSteer=350194 driveMode=0/0 iDrive=-389650
run=1 angle=302959 target=303115 err=156 steer=0 m1=0/0 i1=-39 m2=0/0 i2=740 steerMode=0/0 iSteer=350194 driveMode=0/0 iDrive=-389650
run=1 angle=302959 target=303115 err=156 steer=0 m1=0/0 i1=-39 m2=0/0 i2=740 steerMode=0/0 iSteer=350194 driveMode=0/0 iDrive=-389650
run=1 angle=303047 target=303115 err=68 steer=0 m1=0/0 i1=-39 m2=0/0 i2=741 steerMode=0/0 iSteer=350945 driveMode=0/0 iDrive=-390401
run=1 angle=302959 target=303115 err=156 steer=0 m1=0/0 i1=-39 m2=0/0 i2=741 steerMode=0/0 iSteer=350944 driveMode=0/0 iDrive=-390399
run=1 angle=302959 target=303115 err=156 steer=0 m1=0/0 i1=-39 m2=0/0 i2=741 steerMode=0/0 iSteer=350944 driveMode=0/0 iDrive=-390399
run=1 angle=302959 target=303115 err=156 steer=0 m1=0/0 i1=-39 m2=0/0 i2=741 steerMode=0/0 iSteer=350944 driveMode=0/0 iDrive=-390399
run=1 angle=302959 target=303115 err=156 steer=0 m1=0/0 i1=-39 m2=0/0 i2=741 steerMode=0/0 iSteer=350944 driveMode=0/0 iDrive=-390399
run=1 angle=302959 target=303115 err=156 steer=0 m1=0/0 i1=-39 m2=0/0 i2=741 steerMode=0/0 iSteer=350944 driveMode=0/0 iDrive=-390399
run=1 angle=302959 target=303115 err=156 steer=0 m1=0/0 i1=-39 m2=0/0 i2=741 steerMode=0/0 iSteer=350944 driveMode=0/0 iDrive=-390399
run=1 angle=302959 target=303115 err=156 steer=0 m1=0/0 i1=-39 m2=0/0 i2=741 steerMode=0/0 iSteer=350944 driveMode=0/0 iDrive=-390399
run=1 angle=302959 target=303115 err=156 steer=0 m1=0/0 i1=-39 m2=0/0 i2=741 steerMode=0/0 iSteer=350944 driveMode=0/0 iDrive=-390399
run=1 angle=302959 target=303115 err=156 steer=0 m1=0/0 i1=-39 m2=0/0 i2=741 steerMode=0/0 iSteer=350944 driveMode=0/0 iDrive=-390399
run=1 angle=302959 target=303115 err=156 steer=0 m1=0/0 i1=-39 m2=0/0 i2=741 steerMode=0/0 iSteer=350944 driveMode=0/0 iDrive=-390399
run=1 angle=302959 target=303115 err=156 steer=0 m1=0/0 i1=-39 m2=0/0 i2=741 steerMode=0/0 iSteer=350944 driveMode=0/0 iDrive=-390399
run=1 angle=302959 target=303115 err=156 steer=0 m1=0/0 i1=-39 m2=0/0 i2=741 steerMode=0/0 iSteer=350944 driveMode=0/0 iDrive=-390399
run=1 angle=302959 target=303115 err=156 steer=0 m1=0/0 i1=-39 m2=0/0 i2=741 steerMode=0/0 iSteer=350944 driveMode=0/0 iDrive=-390399
run=1 angle=302959 target=303115 err=156 steer=0 m1=0/0 i1=-39 m2=0/0 i2=741 steerMode=0/0 iSteer=350944 driveMode=0/0 iDrive=-390399
run=1 angle=302959 target=303115 err=156 steer=0 m1=0/0 i1=-39 m2=0/0 i2=741 steerMode=0/0 iSteer=350944 driveMode=0/0 iDrive=-390399
run=1 angle=302959 target=303115 err=156 steer=0 m1=0/0 i1=-39 m2=0/0 i2=741 steerMode=0/0 iSteer=350944 driveMode=0/0 iDrive=-390399
run=1 angle=302959 target=303115 err=156 steer=0 m1=0/0 i1=-39 m2=0/0 i2=741 steerMode=0/0 iSteer=350944 driveMode=0/0 iDrive=-390399
run=1 angle=302959 target=303115 err=156 steer=0 m1=0/0 i1=-39 m2=0/0 i2=741 steerMode=0/0 iSteer=350944 driveMode=0/0 iDrive=-390399
run=1 angle=302959 target=303115 err=156 steer=0 m1=0/0 i1=-39 m2=0/0 i2=741 steerMode=0/0 iSteer=350944 driveMode=0/0 iDrive=-390399
run=
run=1 angle=303311 target=303115 err=-195 steer=0 m1=0/0 i1=-10 m2=0/0 i2=746 steerMode=0/0 iSteer=368190 driveMode=0/0 iDrive=-377950
run=1 angle=303311 target=303115 err=-195 steer=0 m1=0/0 i1=-10 m2=0/0 i2=746 steerMode=0/0 iSteer=368190 driveMode=0/0 iDrive=-377950
run=1 angle=303311 target=303115 err=-195 steer=0 m1=0/0 i1=-10 m2=0/0 i2=746 steerMode=0/0 iSteer=368190 driveMode=0/0 iDrive=-377950
run=1 angle=303311 target=303115 err=-195 steer=0 m1=0/0 i1=-10 m2=0/0 i2=746 steerMode=0/0 iSteer=368190 driveMode=0/0 iDrive=-377950
run=1 angle=303311 target=303115 err=-195 steer=0 m1=0/0 i1=-10 m2=0/0 i2=746 steerMode=0/0 iSteer=368190 driveMode=0/0 iDrive=-377950
run=1 angle=303311 target=303115 err=-195 steer=0 m1=0/0 i1=-10 m2=0/0 i2=746 steerMode=0/0 iSteer=368190 driveMode=0/0 iDrive=-377950
run=1 angle=303311 target=303115 err=-195 steer=0 m1=0/0 i1=-10 m2=0/0 i2=746 steerMode=0/0 iSteer=368190 driveMode=0/0 iDrive=-377950
run=1 angle=303311 target=303115 err=-195 steer=0 m1=0/0 i1=-10 m2=0/0 i2=746 steerMode=0/0 iSteer=368190 driveMode=0/0 iDrive=-377950
run=1 angle=303311 target=303115 err=-195 steer=0 m1=0/0 i1=-10 m2=0/0 i2=746 steerMode=0/0 iSteer=368190 driveMode=0/0 iDrive=-377950
run=1 angle=303311 target=303115 err=-195 steer=0 m1=0/0 i1=-10 m2=0/0 i2=746 steerMode=0/0 iSteer=368190 driveMode=0/0 iDrive=-377950
run=1 angle=303311 target=303115 err=-195 steer=0 m1=0/0 i1=-10 m2=0/0 i2=746 steerMode=0/0 iSteer=368190 driveMode=0/0 iDrive=-377950
run=1 angle=303311 target=303115 err=-195 steer=0 m1=0/0 i1=-10 m2=0/0 i2=746 steerMode=0/0 iSteer=368190 driveMode=0/0 iDrive=-377950
run=1 angle=303311 target=303115 err=-195 steer=0 m1=0/0 i1=-10 m2=0/0 i2=746 steerMode=0/0 iSteer=368190 driveMode=0/0 iDrive=-377950
run=1 angle=303311 target=303115 err=-195 steer=0 m1=0/0 i1=-10 m2=0/0 i2=746 steerMode=0/0 iSteer=368190 driveMode=0/0 iDrive=-377950
run=1 angle=303311 target=303115 err=-195 steer=0 m1=0/0 i1=-10 m2=0/0 i2=746 steerMode=0/0 iSteer=368190 driveMode=0/0 iDrive=-377950
run=1 angle=303311 target=303115 err=-195 steer=0 m1=0/0 i1=-10 m2=0/0 i2=746 steerMode=0/0 iSteer=368190 driveMode=0/0 iDrive=-377950
run=1 angle=303311 target=303115 err=-195 steer=0 m1=0/0 i1=-10 m2=0/0 i2=746 steerMode=0/0 iSteer=368190 driveMode=0/0 iDrive=-377950
run=1 angle=303311 target=303115 err=-195 steer=0 m1=0/0 i1=-10 m2=0/0 i2=746 steerMode=0/0 iSteer=368190 driveMode=0/0 iDrive=-377950
run=1 angle=303311 target=303115 err=-195 steer=0 m1=0/0 i1=-10 m2=0/0 i2=746 steerMode=0/0 iSteer=368190 driveMode=0/0 iDrive=-377950
run=1 angle=303311 target=303115 err=-195 steer=0 m1=0/0 i1=-10 m2=0/0 i2=746 steerMode=0/0 iSteer=368190 driveMode=0/0 iDrive=-377950

=== differential +10deg test (integral-only friction rejection) ===
auto-starts once; press B1 any time to abort (latches stopped)
limit=2000 iLimit=1200 maxSteer=5rpm no friction FF, no test timeout
bench actuation: ENABLED
ready: wheel=0rpm, target=current+10deg
START: angle=303311 target=313311
run=1 angle=303311 target=313311 err=10000 steer=5000 m1=2/27500 i1=757 m2=2/27500 i2=747 steerMode=27500/1225 iSteer=752197 driveMode=0/-329 iDrive=5237
run=1 angle=305772 target=313311 err=7539 steer=3770 m1=64/20732 i1=169 m2=-19/20732 i2=202 steerMode=20732/13919 iSteer=185538 driveMode=0/17782 iDrive=-16396
run=1 angle=306387 target=313311 err=6924 steer=3462 m1=0/19041 i1=534 m2=0/19041 i2=156 steerMode=19041/113 iSteer=345006 driveMode=0/75 iDrive=189076
run=1 angle=307529 target=313311 err=5781 steer=2891 m1=27/15898 i1=-485 m2=0/15898 i2=574 steerMode=15898/57239 iSteer=44470 driveMode=0/57147 iDrive=-529341
run=1 angle=307617 target=313311 err=5693 steer=2847 m1=0/15657 i1=643 m2=12/15657 i2=1034 steerMode=15657/1943 iSteer=838255 driveMode=0/-1865 iDrive=-195454
run=1 angle=308848 target=313311 err=4463 steer=2231 m1=10/12273 i1=849 m2=-63/12273 i2=227 steerMode=12273/-5226 iSteer=538088 driveMode=0/9408 iDrive=311176
run=1 angle=309902 target=313311 err=3408 steer=2000 m1=0/11000 i1=-31 m2=0/11000 i2=398 steerMode=11000/113 iSteer=183520 driveMode=0/14 iDrive=-214193
run=1 angle=309990 target=313311 err=3320 steer=2000 m1=8/11000 i1=279 m2=0/11000 i2=728 steerMode=11000/1721 iSteer=503939 driveMode=0/1520 iDrive=-224458
run=1 angle=311221 target=313311 err=2090 steer=2000 m1=0/11000 i1=544 m2=177/11000 i2=-406 steerMode=11000/88446 iSteer=68876 driveMode=0/-88187 iDrive=474862
run=1 angle=311660 target=313311 err=1650 steer=2000 m1=0/11000 i1=808 m2=0/11000 i2=145 steerMode=11000/343 iSteer=476383 driveMode=0/-299 iDrive=331198
run=1 angle=313418 target=313311 err=-107 steer=850 m1=92/4675 i1=-782 m2=-7/4675 i2=287 steerMode=4675/84639 iSteer=-247595 driveMode=0/85887 iDrive=-534361
run=1 angle=313330 target=313311 err=-20 steer=0 m1=0/0 i1=-100 m2=0/0 i2=255 steerMode=0/-14 iSteer=77415 driveMode=0/-10 iDrive=-177668
run=1 angle=313330 target=313311 err=-20 steer=0 m1=0/0 i1=-100 m2=0/0 i2=255 steerMode=0/0 iSteer=77381 driveMode=0/0 iDrive=-177700
run=1 angle=313330 target=313311 err=-20 steer=0 m1=0/0 i1=-100 m2=0/0 i2=255 steerMode=0/0 iSteer=77381 driveMode=0/0 iDrive=-177700
run=1 angle=313330 target=313311 err=-20 steer=0 m1=0/0 i1=-100 m2=0/0 i2=255 steerMode=0/0 iSteer=77381 driveMode=0/0 iDrive=-177700
run=1 angle=313330 target=313311 err=-20 steer=0 m1=0/0 i1=-100 m2=0/0 i2=255 steerMode=0/0 iSteer=77381 driveMode=0/0 iDrive=-177700
run=1 angle=313330 target=313311 err=-20 steer=0 m1=0/0 i1=-100 m2=0/0 i2=255 steerMode=0/0 iSteer=77381 driveMode=0/0 iDrive=-177700
run=1 angle=313330 target=313311 err=-20 steer=0 m1=0/0 i1=-100 m2=0/0 i2=257 steerMode=0/-10 iSteer=78343 driveMode=0/10 iDrive=-178479
run=1 angle=313330 target=313311 err=-20 steer=0 m1=0/0 i1=-100 m2=0/0 i2=257 steerMode=0/0 iSteer=78318 driveMode=0/0 iDrive=-178450
run=1 angle=313330 target=313311 err=-20 steer=0 m1=0/0 i1=-100 m2=0/0 i2=257 steerMode=0/0 iSteer=78318 driveMode=0/0 iDrive=-178450
run=1 angle=313330 target=313311 err=-20 steer=0 m1=0/0 i1=-100 m2=0/0 i2=257 steerMode=0/0 iSteer=78318 driveMode=0/0 iDrive=-178450
run=1 angle=313330 target=313311 err=-20 steer=0 m1=0/0 i1=-100 m2=0/0 i2=257 steerMode=0/0 iSteer=78318 driveMode=0/0 iDrive=-178450
run=1 angle=313330 target=313311 err=-20 steer=0 m1=0/0 i1=-100 m2=0/0 i2=257 steerMode=0/0 iSteer=78318 driveMode=0/0 iDrive=-178450
run=1 angle=313330 target=313311 err=-20 steer=0 m1=0/0 i1=-100 m2=0/0 i2=257 steerMode=0/0 iSteer=78318 driveMode=0/0 iDrive=-178450
run=1 angle=313330 target=313311 err=-20 steer=0 m1=0/0 i1=-100 m2=0/0 i2=257 steerMode=0/0 iSteer=78318 driveMode=0/0 iDrive=-178450
run=1 angle=313330 target=313311 err=-20 steer=0 m1=0/0 i1=-100 m2=0/0 i2=257 steerMode=0/0 iSteer=78318 driveMode=0/0 iDrive=-178450
run=1 angle=313330 target=313311 err=-20 steer=0 m1=0/0 i1=-100 m2=0/0 i2=257 steerMode=0/0 iSteer=78318 driveMode=0/0 iDrive=-178450
run=1 angle=313330 target=313311 err=-20 steer=0 m1=0/0 i1=-100 m2=0/0 i2=257 steerMode=0/0 iSteer=78318 driveMode=0/0 iDrive=-178450
run=1 angle=313330 target=313311 err=-20 steer=0 m1=0/0 i1=-100 m2=0/0 i2=257 steerMode=0/0 iSteer=78318 driveMode=0/0 iDrive=-178450
run=1 angle=313330 target=313311 err=-20 steer=0 m1=0/0 i1=-100 m2=0/0 i2=257 steerMode=0/0 iSteer=78318 driveMode=0/0 iDrive=-178450
run=1 angle=313330 target=313311 err=-20 steer=0 m1=0/0 i1=-100 m2=0/0 i2=257 steerMode=0/0 iSteer=78318 driveMode=0/0 iDrive=-178450
run=1 angle=313330 target=313311 err=-20 steer=0 m1=0/0 i1=-100 m2=0/0 i2=257 steerMode=0/0 iSteer=78318 driveMode=0/0 iDrive=-178450
run=1 angle=313330 target=313311 err=-20 steer=0 m1=0/0 i1=-100 m2=0/0 i2=262 steerMode=0/-271 iSteer=81121 driveMode=0/271 iDrive=-180962
run=1 angle=313330 target=313311 err=-20 steer=0 m1=0/0 i1=-100 m2=0/0 i2=261 steerMode=0/0 iSteer=80443 driveMode=0/0 iDrive=-180149
run=1 angle=313330 target=313311 err=-20 steer=0 m1=0/0 i1=-100 m2=0/0 i2=261 steerMode=0/0 iSteer=80443 driveMode=0/0 iDrive=-180149
run=1 angle=313330 target=313311 err=-20 steer=0 m1=0/0 i1=-100 m2=0/0 i2=261 steerMode=0/0 iSteer=80443 driveMode=0/0 iDrive=-180149
run=1 angle=313330 target=313311 err=-20 steer=0 m1=0/0 i1=-100 m2=0/0 i2=261 steerMode=0/0 iSteer=80443 driveMode=0/0 iDrive=-180149
