Opening COM15 at 115200 baud (8N1). Press Ctrl+C to stop.
run=0 angle=293115 target=0 err=0 steer=0 m1=0/0 i1=0 m2=0/0 i2=0 steerMode=0/0 iSteer=0 driveMode=0/0 iDrive=0
run=0 angle=293115 target=0 err=0 steer=0 m1=0/0 i1=0 m2=0/0 i2=0 steerMode=0/0 iSteer=0 driveMode=0/0 iDrive=0
run=0 angle=293115 target=0 err=0 steer=0 m1=0/0 i1=0 m2=0/0 i2=0 steerMode=0/0 iSteer=0 driveMode=0/0 iDrive=0
run=0 angle=293115 target=0 err=0 steer=0 m1=0/0 i1=0 m2=0/0 i2=0 steerMode=0/0 iSteer=0 driveMode=0/0 iDrive=0
run=0 angle=293115 target=0 err=0 steer=0 m1=0/0 i1=0 m2=0/0 i2=0 steerMode=0/0 iSteer=0 driveMode=0/0 iDrive=0
run=0 angle=293115 target=0 err=0 steer=0 m1=0/0 i1=0 m2=0/0 i2=0 steerMode=0/0 iSteer=0 driveMode=0/0 iDrive=0
run=0 angle=293115 target=0 err=0 steer=0 m1=0/0 i1=0 m2=0/0 i2=0 steerMode=0/0 iSteer=0 driveMode=0/0 iDrive=0
run=0 angle=293115 target=0 err=0 steer=0 m1=0/0 i1=0 m2=0/0 i2=0 steerMode=0/0 iSteer=0 driveMode=0/0 iDrive=0
run=0 angle=293115 target=0 err=0 steer=0 m1=0/0 i1=0 m2=0/0 i2=0 steerMode=0/0 iSteer=0 driveMode=0/0 iDrive=0
run=0 angle=293115 target=0 err=0 steer=0 m1=0/0 i1=0 m2=0/0 i2=0 steerMode=0/0 iSteer=0 driveMode=0/0 iDrive=0
run=0 angle=293115 target=0 err=0 steer=0 m1=0/0 i1=0 m2=0/0 i2=0 steerMode=0/0 iSteer=0 driveMode=0/0 iDrive=0
run=0 angle=293115 target=0 err=0 steer=0 m1=0/0 i1=0 m2=0/0 i2=0 steerMode=0/0 iSteer=0 driveMode=0/0 iDrive=0

=== differential +10deg test (integral-only friction rejection) ===
auto-starts once; press B1 any time to abort (latches stopped)
limit=2000 iLimit=1200 maxSteer=5rpm no friction FF, no test timeout
bench actuation: ENABLED
ready: wheel=0rpm, target=current+10deg
START: angle=293115 target=303115
run=1 angle=293203 target=303115 err=9912 steer=4956 m1=0/27258 i1=646 m2=2/27258 i2=662 steerMode=27258/891 iSteer=654082 driveMode=0/-355 iDrive=-8184
run=1 angle=295313 target=303115 err=7803 steer=3901 m1=-67/21458 i1=389 m2=-67/21458 i2=360 steerMode=21458/-52439 iSteer=374777 driveMode=0/-259 iDrive=14377
run=1 angle=295576 target=303115 err=7539 steer=3770 m1=29/20732 i1=228 m2=4/20732 i2=379 steerMode=20732/12273 iSteer=303365 driveMode=0/12750 iDrive=-75849
run=1 angle=296807 target=303115 err=6309 steer=3154 m1=0/17349 i1=644 m2=8/17349 i2=256 steerMode=17349/1325 iSteer=449977 driveMode=0/-1204 iDrive=194313
run=1 angle=296807 target=303115 err=6309 steer=3154 m1=2/17349 i1=1058 m2=2/17349 i2=672 steerMode=17349/1175 iSteer=864787 driveMode=0/181 iDrive=193006
run=1 angle=298389 target=303115 err=4727 steer=2363 m1=-15/12998 i1=27 m2=43/12998 i2=927 steerMode=12998/8715 iSteer=477309 driveMode=0/-3700 iDrive=-449850
run=1 angle=300059 target=303115 err=3057 steer=2000 m1=-26/11000 i1=235 m2=-7/11000 i2=264 steerMode=11000/-5857 iSteer=249564 driveMode=0/9358 iDrive=-14273
run=1 angle=300059 target=303115 err=3057 steer=2000 m1=4/11000 i1=531 m2=0/11000 i2=471 steerMode=11000/757 iSteer=500972 driveMode=0/415 iDrive=30205
run=1 angle=300498 target=303115 err=2617 steer=2000 m1=0/11000 i1=238 m2=0/11000 i2=738 steerMode=11000/52 iSteer=487738 driveMode=0/-100 iDrive=-250000
run=1 angle=301816 target=303115 err=1299 steer=2000 m1=0/11000 i1=506 m2=-34/11000 i2=194 steerMode=11000/-13545 iSteer=350378 driveMode=0/13559 iDrive=155973
run=1 angle=301816 target=303115 err=1299 steer=2000 m1=0/11000 i1=773 m2=0/11000 i2=434 steerMode=11000/156 iSteer=603478 driveMode=0/-86 iDrive=169209
run=1 angle=301816 target=303115 err=1299 steer=2000 m1=4/11000 i1=1030 m2=0/11000 i2=703 steerMode=11000/689 iSteer=866427 driveMode=0/658 iDrive=163625
run=1 angle=302959 target=303115 err=156 steer=0 m1=12/0 i1=-6 m2=0/0 i2=737 steerMode=0/-5065 iSteer=365839 driveMode=0/-5064 iDrive=-371610
run=1 angle=302959 target=303115 err=156 steer=0 m1=0/0 i1=-39 m2=0/0 i2=737 steerMode=0/0 iSteer=348995 driveMode=0/0 iDrive=-388449
run=1 angle=303047 target=303115 err=68 steer=0 m1=0/0 i1=-39 m2=0/0 i2=737 steerMode=0/0 iSteer=348994 driveMode=0/0 iDrive=-388450
run=1 angle=302959 target=303115 err=156 steer=0 m1=0/0 i1=-39 m2=0/0 i2=737 steerMode=0/0 iSteer=348994 driveMode=0/0 iDrive=-388450
run=1 angle=302959 target=303115 err=156 steer=0 m1=0/0 i1=-39 m2=0/0 i2=737 steerMode=0/0 iSteer=348994 driveMode=0/0 iDrive=-388450
run=1 angle=302959 target=303115 err=156 steer=0 m1=0/0 i1=-39 m2=0/0 i2=740 steerMode=0/-219 iSteer=350251 driveMode=0/219 iDrive=-389707
run=1 angle=302959 target=303115 err=156 steer=0 m1=0/0 i1=-39 m2=0/0 i2=739 steerMode=0/0 iSteer=349594 driveMode=0/0 iDrive=-389050
run=1 angle=302959 target=303115 err=156 steer=0 m1=0/0 i1=-39 m2=0/0 i2=739 steerMode=0/0 iSteer=349594 driveMode=0/0 iDrive=-389050
run=1 angle=302959 target=303115 err=156 steer=0 m1=0/0 i1=-39 m2=0/0 i2=739 steerMode=0/0 iSteer=349594 driveMode=0/0 iDrive=-389050
run=1 angle=302959 target=303115 err=156 steer=0 m1=0/0 i1=-39 m2=0/0 i2=740 steerMode=0/-22 iSteer=350261 driveMode=0/22 iDrive=-389716
run=1 angle=302959 target=303115 err=156 steer=0 m1=0/0 i1=-39 m2=0/0 i2=740 steerMode=0/0 iSteer=350194 driveMode=0/0 iDrive=-389650
run=1 angle=302959 target=303115 err=156 steer=0 m1=0/0 i1=-39 m2=0/0 i2=740 steerMode=0/0 iSteer=350194 driveMode=0/0 iDrive=-389650
run=1 angle=303047 target=303115 err=68 steer=0 m1=0/0 i1=-39 m2=0/0 i2=740 steerMode=0/0 iSteer=350194 driveMode=0/0 iDrive=-389650
run=1 angle=302959 target=303115 err=156 steer=0 m1=0/0 i1=-39 m2=0/0 i2=740 steerMode=0/0 iSteer=350194 driveMode=0/0 iDrive=-389650
run=1 angle=302959 target=303115 err=156 steer=0 m1=0/0 i1=-39 m2=0/0 i2=740 steerMode=0/0 iSteer=350194 driveMode=0/0 iDrive=-389650
run=1 angle=302959 target=303115 err=156 steer=0 m1=0/0 i1=-39 m2=0/0 i2=740 steerMode=0/0 iSteer=350194 driveMode=0/0 iDrive=-389650
run=1 angle=302959 target=303115 err=156 steer=0 m1=0/0 i1=-39 m2=0/0 i2=740 steerMode=0/0 iSteer=350194 driveMode=0/0 iDrive=-389650
run=1 angle=302959 target=303115 err=156 steer=0 m1=0/0 i1=-39 m2=0/0 i2=740 steerMode=0/0 iSteer=350194 driveMode=0/0 iDrive=-389650
run=1 angle=302959 target=303115 err=156 steer=0 m1=0/0 i1=-39 m2=0/0 i2=740 steerMode=0/0 iSteer=350194 driveMode=0/0 iDrive=-389650
run=1 angle=302959 target=303115 err=156 steer=0 m1=0/0 i1=-39 m2=0/0 i2=740 steerMode=0/0 iSteer=350194 driveMode=0/0 iDrive=-389650
run=1 angle=302959 target=303115 err=156 steer=0 m1=0/0 i1=-39 m2=0/0 i2=740 steerMode=0/0 iSteer=350194 driveMode=0/0 iDrive=-389650
run=1 angle=302959 target=303115 err=156 steer=0 m1=0/0 i1=-39 m2=0/0 i2=740 steerMode=0/0 iSteer=350194 driveMode=0/0 iDrive=-389650
run=1 angle=302959 target=303115 err=156 steer=0 m1=0/0 i1=-39 m2=0/0 i2=740 steerMode=0/0 iSteer=350194 driveMode=0/0 iDrive=-389650
run=1 angle=302959 target=303115 err=156 steer=0 m1=0/0 i1=-39 m2=0/0 i2=740 steerMode=0/0 iSteer=350194 driveMode=0/0 iDrive=-389650
run=1 angle=302959 target=303115 err=156 steer=0 m1=0/0 i1=-39 m2=0/0 i2=740 steerMode=0/0 iSteer=350194 driveMode=0/0 iDrive=-389650
run=1 angle=302959 target=303115 err=156 steer=0 m1=0/0 i1=-39 m2=0/0 i2=740 steerMode=0/0 iSteer=350194 driveMode=0/0 iDrive=-389650
run=1 angle=302959 target=303115 err=156 steer=0 m1=0/0 i1=-39 m2=0/0 i2=740 steerMode=0/0 iSteer=350194 driveMode=0/0 iDrive=-389650
run=1 angle=302959 target=303115 err=156 steer=0 m1=0/0 i1=-39 m2=0/0 i2=740 steerMode=0/0 iSteer=350194 driveMode=0/0 iDrive=-389650
run=1 angle=302959 target=303115 err=156 steer=0 m1=0/0 i1=-39 m2=0/0 i2=740 steerMode=0/0 iSteer=350194 driveMode=0/0 iDrive=-389650
run=1 angle=302959 target=303115 err=156 steer=0 m1=0/0 i1=-39 m2=0/0 i2=740 steerMode=0/0 iSteer=350194 driveMode=0/0 iDrive=-389650
run=1 angle=302959 target=303115 err=156 steer=0 m1=0/0 i1=-39 m2=0/0 i2=740 steerMode=0/0 iSteer=350194 driveMode=0/0 iDrive=-389650
run=1 angle=302959 target=303115 err=156 steer=0 m1=0/0 i1=-39 m2=0/0 i2=740 steerMode=0/0 iSteer=350194 driveMode=0/0 iDrive=-389650
run=1 angle=302959 target=303115 err=156 steer=0 m1=0/0 i1=-39 m2=0/0 i2=740 steerMode=0/0 iSteer=350194 driveMode=0/0 iDrive=-389650
run=1 angle=302959 target=303115 err=156 steer=0 m1=0/0 i1=-39 m2=0/0 i2=740 steerMode=0/0 iSteer=350194 driveMode=0/0 iDrive=-389650
run=1 angle=302959 target=303115 err=156 steer=0 m1=0/0 i1=-39 m2=0/0 i2=740 steerMode=0/0 iSteer=350194 driveMode=0/0 iDrive=-389650
run=1 angle=302959 target=303115 err=156 steer=0 m1=0/0 i1=-39 m2=0/0 i2=740 steerMode=0/0 iSteer=350194 driveMode=0/0 iDrive=-389650
run=1 angle=302959 target=303115 err=156 steer=0 m1=0/0 i1=-39 m2=0/0 i2=740 steerMode=0/0 iSteer=350194 driveMode=0/0 iDrive=-389650
run=1 angle=302959 target=303115 err=156 steer=0 m1=0/0 i1=-39 m2=0/0 i2=740 steerMode=0/0 iSteer=350194 driveMode=0/0 iDrive=-389650
run=1 angle=302959 target=303115 err=156 steer=0 m1=0/0 i1=-39 m2=0/0 i2=740 steerMode=0/0 iSteer=350194 driveMode=0/0 iDrive=-389650
run=1 angle=302959 target=303115 err=156 steer=0 m1=0/0 i1=-39 m2=0/0 i2=740 steerMode=0/0 iSteer=350194 driveMode=0/0 iDrive=-389650
run=1 angle=302959 target=303115 err=156 steer=0 m1=0/0 i1=-39 m2=0/0 i2=740 steerMode=0/0 iSteer=350194 driveMode=0/0 iDrive=-389650
run=1 angle=302959 target=303115 err=156 steer=0 m1=0/0 i1=-39 m2=0/0 i2=740 steerMode=0/0 iSteer=350194 driveMode=0/0 iDrive=-389650
run=1 angle=302959 target=303115 err=156 steer=0 m1=0/0 i1=-39 m2=0/0 i2=740 steerMode=0/0 iSteer=350194 driveMode=0/0 iDrive=-389650
run=1 angle=302959 target=303115 err=156 steer=0 m1=0/0 i1=-39 m2=0/0 i2=740 steerMode=0/0 iSteer=350194 driveMode=0/0 iDrive=-389650
run=1 angle=302959 target=303115 err=156 steer=0 m1=0/0 i1=-39 m2=0/0 i2=740 steerMode=0/0 iSteer=350194 driveMode=0/0 iDrive=-389650
run=1 angle=302959 target=303115 err=156 steer=0 m1=0/0 i1=-39 m2=0/0 i2=740 steerMode=0/0 iSteer=350194 driveMode=0/0 iDrive=-389650
run=1 angle=302959 target=303115 err=156 steer=0 m1=0/0 i1=-39 m2=0/0 i2=740 steerMode=0/0 iSteer=350194 driveMode=0/0 iDrive=-389650
run=1 angle=303047 target=303115 err=68 steer=0 m1=0/0 i1=-39 m2=0/0 i2=740 steerMode=0/0 iSteer=350194 driveMode=0/0 iDrive=-389650
run=1 angle=302959 target=303115 err=156 steer=0 m1=0/0 i1=-39 m2=0/0 i2=740 steerMode=0/0 iSteer=350194 driveMode=0/0 iDrive=-389650
run=1 angle=302959 target=303115 err=156 steer=0 m1=0/0 i1=-39 m2=0/0 i2=740 steerMode=0/0 iSteer=350194 driveMode=0/0 iDrive=-389650
run=1 angle=302959 target=303115 err=156 steer=0 m1=0/0 i1=-39 m2=0/0 i2=740 steerMode=0/0 iSteer=350194 driveMode=0/0 iDrive=-389650
run=1 angle=302959 target=303115 err=156 steer=0 m1=0/0 i1=-39 m2=0/0 i2=740 steerMode=0/0 iSteer=350194 driveMode=0/0 iDrive=-389650
run=1 angle=302959 target=303115 err=156 steer=0 m1=0/0 i1=-39 m2=0/0 i2=740 steerMode=0/0 iSteer=350194 driveMode=0/0 iDrive=-389650
run=1 angle=302959 target=303115 err=156 steer=0 m1=0/0 i1=-39 m2=0/0 i2=740 steerMode=0/0 iSteer=350194 driveMode=0/0 iDrive=-389650
run=1 angle=302959 target=303115 err=156 steer=0 m1=0/0 i1=-39 m2=0/0 i2=740 steerMode=0/0 iSteer=350194 driveMode=0/0 iDrive=-389650
run=1 angle=302959 target=303115 err=156 steer=0 m1=0/0 i1=-39 m2=0/0 i2=740 steerMode=0/0 iSteer=350194 driveMode=0/0 iDrive=-389650
run=1 angle=302959 target=303115 err=156 steer=0 m1=0/0 i1=-39 m2=0/0 i2=740 steerMode=0/0 iSteer=350194 driveMode=0/0 iDrive=-389650
run=1 angle=302959 target=303115 err=156 steer=0 m1=0/0 i1=-39 m2=0/0 i2=740 steerMode=0/0 iSteer=350194 driveMode=0/0 iDrive=-389650
run=1 angle=302959 target=303115 err=156 steer=0 m1=0/0 i1=-39 m2=0/0 i2=740 steerMode=0/0 iSteer=350194 driveMode=0/0 iDrive=-389650
run=1 angle=302959 target=303115 err=156 steer=0 m1=0/0 i1=-39 m2=0/0 i2=740 steerMode=0/0 iSteer=350194 driveMode=0/0 iDrive=-389650
run=1 angle=302959 target=303115 err=156 steer=0 m1=0/0 i1=-39 m2=0/0 i2=740 steerMode=0/0 iSteer=350194 driveMode=0/0 iDrive=-389650
run=1 angle=302959 target=303115 err=156 steer=0 m1=0/0 i1=-39 m2=0/0 i2=740 steerMode=0/0 iSteer=350194 driveMode=0/0 iDrive=-389650
run=1 angle=302959 target=303115 err=156 steer=0 m1=0/0 i1=-39 m2=0/0 i2=740 steerMode=0/0 iSteer=350194 driveMode=0/0 iDrive=-389650
run=1 angle=302959 target=303115 err=156 steer=0 m1=0/0 i1=-39 m2=0/0 i2=740 steerMode=0/0 iSteer=350194 driveMode=0/0 iDrive=-389650
run=1 angle=302959 target=303115 err=156 steer=0 m1=0/0 i1=-39 m2=0/0 i2=740 steerMode=0/0 iSteer=350194 driveMode=0/0 iDrive=-389650
run=1 angle=302959 target=303115 err=156 steer=0 m1=0/0 i1=-39 m2=0/0 i2=740 steerMode=0/0 iSteer=350194 driveMode=0/0 iDrive=-389650
run=1 angle=302959 target=303115 err=156 steer=0 m1=0/0 i1=-39 m2=0/0 i2=740 steerMode=0/0 iSteer=350194 driveMode=0/0 iDrive=-389650
run=1 angle=302959 target=303115 err=156 steer=0 m1=0/0 i1=-39 m2=0/0 i2=740 steerMode=0/0 iSteer=350194 driveMode=0/0 iDrive=-389650
run=1 angle=302959 target=303115 err=156 steer=0 m1=0/0 i1=-39 m2=0/0 i2=740 steerMode=0/0 iSteer=350194 driveMode=0/0 iDrive=-389650
run=1 angle=302959 target=303115 err=156 steer=0 m1=0/0 i1=-39 m2=0/0 i2=740 steerMode=0/0 iSteer=350194 driveMode=0/0 iDrive=-389650
run=1 angle=302959 target=303115 err=156 steer=0 m1=0/0 i1=-39 m2=0/0 i2=740 steerMode=0/0 iSteer=350194 driveMode=0/0 iDrive=-389650
run=1 angle=302959 target=303115 err=156 steer=0 m1=0/0 i1=-39 m2=0/0 i2=740 steerMode=0/0 iSteer=350194 driveMode=0/0 iDrive=-389650
run=1 angle=302959 target=303115 err=156 steer=0 m1=0/0 i1=-39 m2=0/0 i2=740 steerMode=0/0 iSteer=350194 driveMode=0/0 iDrive=-389650
run=1 angle=302959 target=303115 err=156 steer=0 m1=0/0 i1=-39 m2=0/0 i2=740 steerMode=0/0 iSteer=350194 driveMode=0/0 iDrive=-389650
run=1 angle=302959 target=303115 err=156 steer=0 m1=0/0 i1=-39 m2=0/0 i2=740 steerMode=0/0 iSteer=350194 driveMode=0/0 iDrive=-389650
run=1 angle=302959 target=303115 err=156 steer=0 m1=0/0 i1=-39 m2=0/0 i2=740 steerMode=0/0 iSteer=350194 driveMode=0/0 iDrive=-389650
run=1 angle=303047 target=303115 err=68 steer=0 m1=0/0 i1=-39 m2=0/0 i2=740 steerMode=0/0 iSteer=350194 driveMode=0/0 iDrive=-389650
run=1 angle=302959 target=303115 err=156 steer=0 m1=0/0 i1=-39 m2=0/0 i2=740 steerMode=0/0 iSteer=350194 driveMode=0/0 iDrive=-389650
run=1 angle=302959 target=303115 err=156 steer=0 m1=0/0 i1=-39 m2=0/0 i2=740 steerMode=0/0 iSteer=350194 driveMode=0/0 iDrive=-389650
run=1 angle=302959 target=303115 err=156 steer=0 m1=0/0 i1=-39 m2=0/0 i2=740 steerMode=0/0 iSteer=350194 driveMode=0/0 iDrive=-389650
run=1 angle=302959 target=303115 err=156 steer=0 m1=0/0 i1=-39 m2=0/0 i2=740 steerMode=0/0 iSteer=350194 driveMode=0/0 iDrive=-389650
run=1 angle=302959 target=303115 err=156 steer=0 m1=0/0 i1=-39 m2=0/0 i2=740 steerMode=0/0 iSteer=350194 driveMode=0/0 iDrive=-389650
run=1 angle=302959 target=303115 err=156 steer=0 m1=0/0 i1=-39 m2=0/0 i2=740 steerMode=0/0 iSteer=350194 driveMode=0/0 iDrive=-389650
run=1 angle=302959 target=303115 err=156 steer=0 m1=0/0 i1=-39 m2=0/0 i2=740 steerMode=0/0 iSteer=350194 driveMode=0/0 iDrive=-389650
run=1 angle=302959 target=303115 err=156 steer=0 m1=0/0 i1=-39 m2=0/0 i2=740 steerMode=0/0 iSteer=350194 driveMode=0/0 iDrive=-389650
run=1 angle=302959 target=303115 err=156 steer=0 m1=0/0 i1=-39 m2=0/0 i2=740 steerMode=0/0 iSteer=350194 driveMode=0/0 iDrive=-389650
run=1 angle=302959 target=303115 err=156 steer=0 m1=0/0 i1=-39 m2=0/0 i2=740 steerMode=0/0 iSteer=350194 driveMode=0/0 iDrive=-389650
run=1 angle=302959 target=303115 err=156 steer=0 m1=0/0 i1=-39 m2=0/0 i2=740 steerMode=0/0 iSteer=350194 driveMode=0/0 iDrive=-389650
run=1 angle=302959 target=303115 err=156 steer=0 m1=0/0 i1=-39 m2=0/0 i2=740 steerMode=0/0 iSteer=350194 driveMode=0/0 iDrive=-389650
run=1 angle=302959 target=303115 err=156 steer=0 m1=0/0 i1=-39 m2=0/0 i2=740 steerMode=0/0 iSteer=350194 driveMode=0/0 iDrive=-389650
run=1 angle=302959 target=303115 err=156 steer=0 m1=0/0 i1=-39 m2=0/0 i2=740 steerMode=0/0 iSteer=350194 driveMode=0/0 iDrive=-389650
run=1 angle=302959 target=303115 err=156 steer=0 m1=0/0 i1=-39 m2=0/0 i2=740 steerMode=0/0 iSteer=350194 driveMode=0/0 iDrive=-389650
run=1 angle=302959 target=303115 err=156 steer=0 m1=0/0 i1=-39 m2=0/0 i2=740 steerMode=0/0 iSteer=350194 driveMode=0/0 iDrive=-389650
run=1 angle=302959 target=303115 err=156 steer=0 m1=0/0 i1=-39 m2=0/0 i2=740 steerMode=0/0 iSteer=350194 driveMode=0/0 iDrive=-389650
run=1 angle=302959 target=303115 err=156 steer=0 m1=0/0 i1=-39 m2=0/0 i2=740 steerMode=0/0 iSteer=350194 driveMode=0/0 iDrive=-389650
run=1 angle=302959 target=303115 err=156 steer=0 m1=0/0 i1=-39 m2=0/0 i2=740 steerMode=0/0 iSteer=350194 driveMode=0/0 iDrive=-389650
run=1 angle=302959 target=303115 err=156 steer=0 m1=0/0 i1=-39 m2=0/0 i2=740 steerMode=0/0 iSteer=350194 driveMode=0/0 iDrive=-389650
run=1 angle=302959 target=303115 err=156 steer=0 m1=0/0 i1=-39 m2=0/0 i2=740 steerMode=0/0 iSteer=350194 driveMode=0/0 iDrive=-389650
run=1 angle=302959 target=303115 err=156 steer=0 m1=0/0 i1=-39 m2=0/0 i2=740 steerMode=0/0 iSteer=350194 driveMode=0/0 iDrive=-389650
run=1 angle=302959 target=303115 err=156 steer=0 m1=0/0 i1=-39 m2=0/0 i2=740 steerMode=0/0 iSteer=350194 driveMode=0/0 iDrive=-389650
run=1 angle=302959 target=303115 err=156 steer=0 m1=0/0 i1=-39 m2=0/0 i2=740 steerMode=0/0 iSteer=350194 driveMode=0/0 iDrive=-389650
run=1 angle=302959 target=303115 err=156 steer=0 m1=0/0 i1=-39 m2=0/0 i2=740 steerMode=0/0 iSteer=350194 driveMode=0/0 iDrive=-389650
run=1 angle=302959 target=303115 err=156 steer=0 m1=0/0 i1=-39 m2=0/0 i2=740 steerMode=0/0 iSteer=350194 driveMode=0/0 iDrive=-389650
run=1 angle=302959 target=303115 err=156 steer=0 m1=0/0 i1=-39 m2=0/0 i2=740 steerMode=0/0 iSteer=350194 driveMode=0/0 iDrive=-389650
run=1 angle=302959 target=303115 err=156 steer=0 m1=0/0 i1=-39 m2=0/0 i2=740 steerMode=0/0 iSteer=350194 driveMode=0/0 iDrive=-389650
run=1 angle=302959 target=303115 err=156 steer=0 m1=0/0 i1=-39 m2=0/0 i2=740 steerMode=0/0 iSteer=350194 driveMode=0/0 iDrive=-389650
run=1 angle=302959 target=303115 err=156 steer=0 m1=0/0 i1=-39 m2=0/0 i2=740 steerMode=0/0 iSteer=350194 driveMode=0/0 iDrive=-389650
run=1 angle=302959 target=303115 err=156 steer=0 m1=0/0 i1=-39 m2=0/0 i2=740 steerMode=0/0 iSteer=350194 driveMode=0/0 iDrive=-389650
run=1 angle=302959 target=303115 err=156 steer=0 m1=0/0 i1=-39 m2=0/0 i2=740 steerMode=0/0 iSteer=350194 driveMode=0/0 iDrive=-389650
run=1 angle=302959 target=303115 err=156 steer=0 m1=0/0 i1=-39 m2=0/0 i2=740 steerMode=0/0 iSteer=350194 driveMode=0/0 iDrive=-389650
run=1 angle=302959 target=303115 err=156 steer=0 m1=0/0 i1=-39 m2=0/0 i2=740 steerMode=0/0 iSteer=350194 driveMode=0/0 iDrive=-389650
run=1 angle=302959 target=303115 err=156 steer=0 m1=0/0 i1=-39 m2=0/0 i2=740 steerMode=0/0 iSteer=350194 driveMode=0/0 iDrive=-389650
run=1 angle=302959 target=303115 err=156 steer=0 m1=0/0 i1=-39 m2=0/0 i2=740 steerMode=0/0 iSteer=350194 driveMode=0/0 iDrive=-389650
run=1 angle=302959 target=303115 err=156 steer=0 m1=0/0 i1=-39 m2=0/0 i2=740 steerMode=0/0 iSteer=350194 driveMode=0/0 iDrive=-389650
run=1 angle=302959 target=303115 err=156 steer=0 m1=0/0 i1=-39 m2=0/0 i2=740 steerMode=0/0 iSteer=350194 driveMode=0/0 iDrive=-389650
run=1 angle=302959 target=303115 err=156 steer=0 m1=0/0 i1=-39 m2=0/0 i2=740 steerMode=0/0 iSteer=350194 driveMode=0/0 iDrive=-389650
run=1 angle=302959 target=303115 err=156 steer=0 m1=0/0 i1=-39 m2=0/0 i2=740 steerMode=0/0 iSteer=350194 driveMode=0/0 iDrive=-389650
run=1 angle=303047 target=303115 err=68 steer=0 m1=0/0 i1=-39 m2=0/0 i2=740 steerMode=0/0 iSteer=350194 driveMode=0/0 iDrive=-389650
run=1 angle=302959 target=303115 err=156 steer=0 m1=0/0 i1=-39 m2=0/0 i2=740 steerMode=0/0 iSteer=350194 driveMode=0/0 iDrive=-389650
run=1 angle=302959 target=303115 err=156 steer=0 m1=0/0 i1=-39 m2=0/0 i2=740 steerMode=0/0 iSteer=350194 driveMode=0/0 iDrive=-389650
run=1 angle=302959 target=303115 err=156 steer=0 m1=0/0 i1=-39 m2=0/0 i2=740 steerMode=0/0 iSteer=350194 driveMode=0/0 iDrive=-389650
run=1 angle=302959 target=303115 err=156 steer=0 m1=0/0 i1=-39 m2=0/0 i2=740 steerMode=0/0 iSteer=350194 driveMode=0/0 iDrive=-389650
run=1 angle=302959 target=303115 err=156 steer=0 m1=0/0 i1=-39 m2=0/0 i2=740 steerMode=0/0 iSteer=350194 driveMode=0/0 iDrive=-389650
run=1 angle=302959 target=303115 err=156 steer=0 m1=0/0 i1=-39 m2=0/0 i2=740 steerMode=0/0 iSteer=350194 driveMode=0/0 iDrive=-389650
run=1 angle=302959 target=303115 err=156 steer=0 m1=0/0 i1=-39 m2=0/0 i2=740 steerMode=0/0 iSteer=350194 driveMode=0/0 iDrive=-389650
run=1 angle=302959 target=303115 err=156 steer=0 m1=0/0 i1=-39 m2=0/0 i2=740 steerMode=0/0 iSteer=350194 driveMode=0/0 iDrive=-389650
run=1 angle=302959 target=303115 err=156 steer=0 m1=0/0 i1=-39 m2=0/0 i2=740 steerMode=0/0 iSteer=350194 driveMode=0/0 iDrive=-389650
run=1 angle=302959 target=303115 err=156 steer=0 m1=0/0 i1=-39 m2=0/0 i2=740 steerMode=0/0 iSteer=350194 driveMode=0/0 iDrive=-389650
run=1 angle=302959 target=303115 err=156 steer=0 m1=0/0 i1=-39 m2=0/0 i2=740 steerMode=0/0 iSteer=350194 driveMode=0/0 iDrive=-389650
run=1 angle=302959 target=303115 err=156 steer=0 m1=0/0 i1=-39 m2=0/0 i2=740 steerMode=0/0 iSteer=350194 driveMode=0/0 iDrive=-389650
run=1 angle=302959 target=303115 err=156 steer=0 m1=0/0 i1=-39 m2=0/0 i2=740 steerMode=0/0 iSteer=350194 driveMode=0/0 iDrive=-389650
run=1 angle=302959 target=303115 err=156 steer=0 m1=0/0 i1=-39 m2=0/0 i2=740 steerMode=0/0 iSteer=350194 driveMode=0/0 iDrive=-389650
run=1 angle=302959 target=303115 err=156 steer=0 m1=0/0 i1=-39 m2=0/0 i2=740 steerMode=0/0 iSteer=350194 driveMode=0/0 iDrive=-389650
run=1 angle=302959 target=303115 err=156 steer=0 m1=0/0 i1=-39 m2=0/0 i2=740 steerMode=0/0 iSteer=350194 driveMode=0/0 iDrive=-389650
run=1 angle=302959 target=303115 err=156 steer=0 m1=0/0 i1=-39 m2=0/0 i2=740 steerMode=0/0 iSteer=350194 driveMode=0/0 iDrive=-389650
run=1 angle=302959 target=303115 err=156 steer=0 m1=0/0 i1=-39 m2=0/0 i2=740 steerMode=0/0 iSteer=350194 driveMode=0/0 iDrive=-389650
run=1 angle=302959 target=303115 err=156 steer=0 m1=0/0 i1=-39 m2=0/0 i2=740 steerMode=0/0 iSteer=350194 driveMode=0/0 iDrive=-389650
run=1 angle=302959 target=303115 err=156 steer=0 m1=0/0 i1=-39 m2=0/0 i2=740 steerMode=0/0 iSteer=350194 driveMode=0/0 iDrive=-389650
run=1 angle=302959 target=303115 err=156 steer=0 m1=0/0 i1=-39 m2=0/0 i2=740 steerMode=0/0 iSteer=350194 driveMode=0/0 iDrive=-389650
run=1 angle=302959 target=303115 err=156 steer=0 m1=0/0 i1=-39 m2=0/0 i2=740 steerMode=0/0 iSteer=350194 driveMode=0/0 iDrive=-389650
run=1 angle=302959 target=303115 err=156 steer=0 m1=0/0 i1=-39 m2=0/0 i2=740 steerMode=0/0 iSteer=350194 driveMode=0/0 iDrive=-389650
run=1 angle=302959 target=303115 err=156 steer=0 m1=0/0 i1=-39 m2=0/0 i2=740 steerMode=0/0 iSteer=350194 driveMode=0/0 iDrive=-389650
run=1 angle=302959 target=303115 err=156 steer=0 m1=0/0 i1=-39 m2=0/0 i2=740 steerMode=0/0 iSteer=350194 driveMode=0/0 iDrive=-389650
run=1 angle=302959 target=303115 err=156 steer=0 m1=0/0 i1=-39 m2=0/0 i2=740 steerMode=0/0 iSteer=350194 driveMode=0/0 iDrive=-389650
run=1 angle=302959 target=303115 err=156 steer=0 m1=0/0 i1=-39 m2=0/0 i2=740 steerMode=0/0 iSteer=350194 driveMode=0/0 iDrive=-389650
run=1 angle=302959 target=303115 err=156 steer=0 m1=0/0 i1=-39 m2=0/0 i2=740 steerMode=0/0 iSteer=350194 driveMode=0/0 iDrive=-389650
run=1 angle=302959 target=303115 err=156 steer=0 m1=0/0 i1=-39 m2=0/0 i2=740 steerMode=0/0 iSteer=350194 driveMode=0/0 iDrive=-389650
run=1 angle=302959 target=303115 err=156 steer=0 m1=0/0 i1=-39 m2=0/0 i2=740 steerMode=0/0 iSteer=350194 driveMode=0/0 iDrive=-389650
run=1 angle=302959 target=303115 err=156 steer=0 m1=0/0 i1=-39 m2=0/0 i2=740 steerMode=0/0 iSteer=350194 driveMode=0/0 iDrive=-389650
run=1 angle=302959 target=303115 err=156 steer=0 m1=0/0 i1=-39 m2=0/0 i2=740 steerMode=0/0 iSteer=350194 driveMode=0/0 iDrive=-389650
run=1 angle=302959 target=303115 err=156 steer=0 m1=0/0 i1=-39 m2=0/0 i2=740 steerMode=0/0 iSteer=350194 driveMode=0/0 iDrive=-389650
run=1 angle=302959 target=303115 err=156 steer=0 m1=0/0 i1=-39 m2=0/0 i2=740 steerMode=0/0 iSteer=350194 driveMode=0/0 iDrive=-389650
run=1 angle=302959 target=303115 err=156 steer=0 m1=0/0 i1=-39 m2=0/0 i2=740 steerMode=0/0 iSteer=350194 driveMode=0/0 iDrive=-389650
