ERC report (2026-09-26T18:41:27, Encoding UTF8)
Report includes: Errors, Warnings

***** Sheet /
[isolated_pin_label]: Label connected to only one pin
    ; warning
    @(201.93 mm, 134.62 mm): Label '3.3V_TEENSY'
[footprint_link_issues]: The current configuration does not include the footprint library ''
    ; warning
    @(238.76 mm, 58.42 mm): Symbol IC1 [TPS259470LRPWR]
[unconnected_wire_endpoint]: Unconnected wire endpoint
    ; warning
    @(269.24 mm, 309.88 mm): Horizontal Wire, length 29.21 mm
[unconnected_wire_endpoint]: Unconnected wire endpoint
    ; warning
    @(269.24 mm, 353.06 mm): Horizontal Wire, length 29.21 mm

***** Sheet /5V input / eFuse / USB diode OR (1)/
[pin_not_connected]: Pin not connected
    ; error
    @(66.04 mm, 125.73 mm): Symbol C107 Pin 1 [Passive, Line]
[pin_not_connected]: Pin not connected
    ; error
    @(66.04 mm, 148.59 mm): Symbol R107 Pin 1 [Passive, Line]
[pin_not_connected]: Pin not connected
    ; error
    @(127.00 mm, 134.62 mm): Symbol U102 Pin 1 [EN/UVLO, Input, Line]
[pin_not_driven]: Input pin not driven by any Output pins
    ; error
    @(127.00 mm, 134.62 mm): Symbol U102 Pin 1 [EN/UVLO, Input, Line]
[power_pin_not_driven]: Input Power pin not driven by any Output Power pins
    ; error
    @(127.00 mm, 144.78 mm): Symbol U102 Pin 5 [IN, Power input, Line]
[pin_not_connected]: Pin not connected
    ; error
    @(142.24 mm, 143.51 mm): Symbol R112 Pin 2 [Passive, Line]
[power_pin_not_driven]: Input Power pin not driven by any Output Power pins
    ; error
    @(170.18 mm, 71.12 mm): Symbol #PWR01 Pin 1 [Power input, Line]
[pin_not_connected]: Pin not connected
    ; error
    @(171.45 mm, 124.46 mm): Symbol R110 Pin 1 [Passive, Line]

***** Sheet /Star power / Teensy / indicators (1)/
[pin_not_connected]: Pin not connected
    ; error
    @(54.61 mm, 96.52 mm): Symbol J202 Pin 1 [Pin_1, Passive, Line]
[pin_not_connected]: Pin not connected
    ; error
    @(54.61 mm, 99.06 mm): Symbol J202 Pin 2 [Pin_2, Passive, Line]
[pin_not_connected]: Pin not connected
    ; error
    @(58.42 mm, 54.61 mm): Symbol F201 Pin 1 [Passive, Line]
[pin_not_connected]: Pin not connected
    ; error
    @(58.42 mm, 62.23 mm): Symbol F201 Pin 2 [Passive, Line]
[pin_not_connected]: Pin not connected
    ; error
    @(58.42 mm, 134.62 mm): Symbol R204 Pin 1 [Passive, Line]
[pin_not_connected]: Pin not connected
    ; error
    @(58.42 mm, 142.24 mm): Symbol R204 Pin 2 [Passive, Line]
[pin_not_connected]: Pin not connected
    ; error
    @(58.42 mm, 175.26 mm): Symbol R206 Pin 1 [Passive, Line]
[pin_not_connected]: Pin not connected
    ; error
    @(58.42 mm, 182.88 mm): Symbol R206 Pin 2 [Passive, Line]
[pin_not_connected]: Pin not connected
    ; error
    @(58.42 mm, 262.89 mm): Symbol R213 Pin 1 [Passive, Line]
[pin_not_connected]: Pin not connected
    ; error
    @(58.42 mm, 270.51 mm): Symbol R213 Pin 2 [Passive, Line]
[pin_not_connected]: Pin not connected
    ; error
    @(58.42 mm, 306.07 mm): Symbol TP213 Pin 1 [1, Passive, Line]
[pin_not_connected]: Pin not connected
    ; error
    @(111.76 mm, 177.80 mm): Symbol J210 Pin 1 [GND, Passive, Line]
[pin_not_connected]: Pin not connected
    ; error
    @(111.76 mm, 180.34 mm): Symbol J210 Pin 2 [0, Passive, Line]
[pin_not_connected]: Pin not connected
    ; error
    @(111.76 mm, 182.88 mm): Symbol J210 Pin 3 [1, Passive, Line]
[pin_not_connected]: Pin not connected
    ; error
    @(111.76 mm, 185.42 mm): Symbol J210 Pin 4 [2, Passive, Line]
[pin_not_connected]: Pin not connected
    ; error
    @(111.76 mm, 187.96 mm): Symbol J210 Pin 5 [3, Passive, Line]
[pin_not_connected]: Pin not connected
    ; error
    @(111.76 mm, 190.50 mm): Symbol J210 Pin 6 [4, Passive, Line]
[pin_not_connected]: Pin not connected
    ; error
    @(111.76 mm, 193.04 mm): Symbol J210 Pin 7 [5, Passive, Line]
[pin_not_connected]: Pin not connected
    ; error
    @(111.76 mm, 195.58 mm): Symbol J210 Pin 8 [6, Passive, Line]
[pin_not_connected]: Pin not connected
    ; error
    @(111.76 mm, 198.12 mm): Symbol J210 Pin 9 [7, Passive, Line]
[pin_not_connected]: Pin not connected
    ; error
    @(111.76 mm, 200.66 mm): Symbol J210 Pin 10 [8, Passive, Line]
[pin_not_connected]: Pin not connected
    ; error
    @(111.76 mm, 203.20 mm): Symbol J210 Pin 11 [9, Passive, Line]
[pin_not_connected]: Pin not connected
    ; error
    @(111.76 mm, 205.74 mm): Symbol J210 Pin 12 [10, Passive, Line]
[pin_not_connected]: Pin not connected
    ; error
    @(111.76 mm, 208.28 mm): Symbol J210 Pin 13 [11, Passive, Line]
[pin_not_connected]: Pin not connected
    ; error
    @(111.76 mm, 210.82 mm): Symbol J210 Pin 14 [12, Passive, Line]
[pin_not_connected]: Pin not connected
    ; error
    @(111.76 mm, 213.36 mm): Symbol J210 Pin 15 [3.3V, Passive, Line]
[pin_not_connected]: Pin not connected
    ; error
    @(111.76 mm, 215.90 mm): Symbol J210 Pin 16 [24/A10, Passive, Line]
[pin_not_connected]: Pin not connected
    ; error
    @(111.76 mm, 218.44 mm): Symbol J210 Pin 17 [25/A11, Passive, Line]
[pin_not_connected]: Pin not connected
    ; error
    @(111.76 mm, 220.98 mm): Symbol J210 Pin 18 [26/A12, Passive, Line]
[pin_not_connected]: Pin not connected
    ; error
    @(111.76 mm, 223.52 mm): Symbol J210 Pin 19 [27/A13, Passive, Line]
[pin_not_connected]: Pin not connected
    ; error
    @(111.76 mm, 226.06 mm): Symbol J210 Pin 20 [28, Passive, Line]
[pin_not_connected]: Pin not connected
    ; error
    @(111.76 mm, 228.60 mm): Symbol J210 Pin 21 [29, Passive, Line]
[pin_not_connected]: Pin not connected
    ; error
    @(111.76 mm, 231.14 mm): Symbol J210 Pin 22 [30, Passive, Line]
[pin_not_connected]: Pin not connected
    ; error
    @(111.76 mm, 233.68 mm): Symbol J210 Pin 23 [31, Passive, Line]
[pin_not_connected]: Pin not connected
    ; error
    @(111.76 mm, 236.22 mm): Symbol J210 Pin 24 [32, Passive, Line]
[pin_not_connected]: Pin not connected
    ; error
    @(130.81 mm, 55.88 mm): Symbol D201 Pin 1 [K, Passive, Line]
[pin_not_connected]: Pin not connected
    ; error
    @(130.81 mm, 135.89 mm): Symbol J204 Pin 1 [Pin_1, Passive, Line]
[pin_not_connected]: Pin not connected
    ; error
    @(130.81 mm, 138.43 mm): Symbol J204 Pin 2 [Pin_2, Passive, Line]
[pin_not_connected]: Pin not connected
    ; error
    @(134.62 mm, 95.25 mm): Symbol F203 Pin 1 [Passive, Line]
[pin_not_connected]: Pin not connected
    ; error
    @(134.62 mm, 102.87 mm): Symbol F203 Pin 2 [Passive, Line]
[pin_not_connected]: Pin not connected
    ; error
    @(134.62 mm, 262.89 mm): Symbol R214 Pin 1 [Passive, Line]
[pin_not_connected]: Pin not connected
    ; error
    @(134.62 mm, 270.51 mm): Symbol R214 Pin 2 [Passive, Line]
[pin_not_connected]: Pin not connected
    ; error
    @(134.62 mm, 306.07 mm): Symbol TP214 Pin 1 [1, Passive, Line]
[pin_not_connected]: Pin not connected
    ; error
    @(138.43 mm, 55.88 mm): Symbol D201 Pin 2 [A, Passive, Line]
[pin_not_connected]: Pin not connected
    ; error
    @(157.48 mm, 177.80 mm): Symbol J210 Pin 48 [VIN, Passive, Line]
[pin_not_connected]: Pin not connected
    ; error
    @(157.48 mm, 180.34 mm): Symbol J210 Pin 47 [GND, Passive, Line]
[pin_not_connected]: Pin not connected
    ; error
    @(157.48 mm, 182.88 mm): Symbol J210 Pin 46 [3.3V, Passive, Line]
[pin_not_connected]: Pin not connected
    ; error
    @(157.48 mm, 185.42 mm): Symbol J210 Pin 45 [23/A9, Passive, Line]
[pin_not_connected]: Pin not connected
    ; error
    @(157.48 mm, 187.96 mm): Symbol J210 Pin 44 [22/A8, Passive, Line]
[pin_not_connected]: Pin not connected
    ; error
    @(157.48 mm, 190.50 mm): Symbol J210 Pin 43 [21/A7, Passive, Line]
[pin_not_connected]: Pin not connected
    ; error
    @(157.48 mm, 193.04 mm): Symbol J210 Pin 42 [20/A6, Passive, Line]
[pin_not_connected]: Pin not connected
    ; error
    @(157.48 mm, 195.58 mm): Symbol J210 Pin 41 [19/A5, Passive, Line]
[pin_not_connected]: Pin not connected
    ; error
    @(157.48 mm, 198.12 mm): Symbol J210 Pin 40 [18/A4, Passive, Line]
[pin_not_connected]: Pin not connected
    ; error
    @(157.48 mm, 200.66 mm): Symbol J210 Pin 39 [17/A3, Passive, Line]
[pin_not_connected]: Pin not connected
    ; error
    @(157.48 mm, 203.20 mm): Symbol J210 Pin 38 [16/A2, Passive, Line]
[pin_not_connected]: Pin not connected
    ; error
    @(157.48 mm, 205.74 mm): Symbol J210 Pin 37 [15/A1, Passive, Line]
[pin_not_connected]: Pin not connected
    ; error
    @(157.48 mm, 208.28 mm): Symbol J210 Pin 36 [14/A0, Passive, Line]
[pin_not_connected]: Pin not connected
    ; error
    @(157.48 mm, 210.82 mm): Symbol J210 Pin 35 [13, Passive, Line]
[pin_not_connected]: Pin not connected
    ; error
    @(157.48 mm, 213.36 mm): Symbol J210 Pin 34 [GND, Passive, Line]
[pin_not_connected]: Pin not connected
    ; error
    @(157.48 mm, 215.90 mm): Symbol J210 Pin 33 [41/A17, Passive, Line]
[pin_not_connected]: Pin not connected
    ; error
    @(157.48 mm, 218.44 mm): Symbol J210 Pin 32 [40/A16, Passive, Line]
[pin_not_connected]: Pin not connected
    ; error
    @(157.48 mm, 220.98 mm): Symbol J210 Pin 31 [39, Passive, Line]
[pin_not_connected]: Pin not connected
    ; error
    @(157.48 mm, 223.52 mm): Symbol J210 Pin 30 [38, Passive, Line]
[pin_not_connected]: Pin not connected
    ; error
    @(157.48 mm, 226.06 mm): Symbol J210 Pin 29 [37, Passive, Line]
[pin_not_connected]: Pin not connected
    ; error
    @(157.48 mm, 228.60 mm): Symbol J210 Pin 28 [36, Passive, Line]
[pin_not_connected]: Pin not connected
    ; error
    @(157.48 mm, 231.14 mm): Symbol J210 Pin 27 [35, Passive, Line]
[pin_not_connected]: Pin not connected
    ; error
    @(157.48 mm, 233.68 mm): Symbol J210 Pin 26 [34, Passive, Line]
[pin_not_connected]: Pin not connected
    ; error
    @(157.48 mm, 236.22 mm): Symbol J210 Pin 25 [33, Passive, Line]
[pin_not_connected]: Pin not connected
    ; error
    @(207.01 mm, 96.52 mm): Symbol D203 Pin 1 [K, Passive, Line]
[pin_not_connected]: Pin not connected
    ; error
    @(207.01 mm, 176.53 mm): Symbol D211 Pin 1 [K, Passive, Line]
[pin_not_connected]: Pin not connected
    ; error
    @(209.55 mm, 54.61 mm): Symbol R201 Pin 1 [Passive, Line]
[pin_not_connected]: Pin not connected
    ; error
    @(209.55 mm, 62.23 mm): Symbol R201 Pin 2 [Passive, Line]
[pin_not_connected]: Pin not connected
    ; error
    @(209.55 mm, 134.62 mm): Symbol F205 Pin 1 [Passive, Line]
[pin_not_connected]: Pin not connected
    ; error
    @(209.55 mm, 142.24 mm): Symbol F205 Pin 2 [Passive, Line]
[pin_not_connected]: Pin not connected
    ; error
    @(209.55 mm, 262.89 mm): Symbol C211 Pin 1 [Passive, Line]
[pin_not_connected]: Pin not connected
    ; error
    @(209.55 mm, 270.51 mm): Symbol C211 Pin 2 [Passive, Line]
[pin_not_connected]: Pin not connected
    ; error
    @(209.55 mm, 306.07 mm): Symbol TP215 Pin 1 [1, Passive, Line]
[pin_not_connected]: Pin not connected
    ; error
    @(214.63 mm, 96.52 mm): Symbol D203 Pin 2 [A, Passive, Line]
[pin_not_connected]: Pin not connected
    ; error
    @(214.63 mm, 176.53 mm): Symbol D211 Pin 2 [A, Passive, Line]
[pin_not_connected]: Pin not connected
    ; error
    @(281.94 mm, 135.89 mm): Symbol D205 Pin 1 [K, Passive, Line]
[pin_not_connected]: Pin not connected
    ; error
    @(283.21 mm, 55.88 mm): Symbol J201 Pin 1 [Pin_1, Passive, Line]
[pin_not_connected]: Pin not connected
    ; error
    @(283.21 mm, 58.42 mm): Symbol J201 Pin 2 [Pin_2, Passive, Line]
[pin_not_connected]: Pin not connected
    ; error
    @(285.75 mm, 95.25 mm): Symbol R203 Pin 1 [Passive, Line]
[pin_not_connected]: Pin not connected
    ; error
    @(285.75 mm, 102.87 mm): Symbol R203 Pin 2 [Passive, Line]
[pin_not_connected]: Pin not connected
    ; error
    @(285.75 mm, 175.26 mm): Symbol R211 Pin 1 [Passive, Line]
[pin_not_connected]: Pin not connected
    ; error
    @(285.75 mm, 182.88 mm): Symbol R211 Pin 2 [Passive, Line]
[pin_not_connected]: Pin not connected
    ; error
    @(285.75 mm, 262.89 mm): Symbol C212 Pin 1 [Passive, Line]
[pin_not_connected]: Pin not connected
    ; error
    @(285.75 mm, 270.51 mm): Symbol C212 Pin 2 [Passive, Line]
[pin_not_connected]: Pin not connected
    ; error
    @(285.75 mm, 306.07 mm): Symbol TP216 Pin 1 [1, Passive, Line]
[pin_not_connected]: Pin not connected
    ; error
    @(289.56 mm, 135.89 mm): Symbol D205 Pin 2 [A, Passive, Line]
[pin_not_connected]: Pin not connected
    ; error
    @(356.87 mm, 265.43 mm): Symbol SW211 Pin 1 [1, Passive, Line]
[pin_not_connected]: Pin not connected
    ; error
    @(358.14 mm, 176.53 mm): Symbol D212 Pin 1 [K, Passive, Line]
[pin_not_connected]: Pin not connected
    ; error
    @(359.41 mm, 96.52 mm): Symbol J203 Pin 1 [Pin_1, Passive, Line]
[pin_not_connected]: Pin not connected
    ; error
    @(359.41 mm, 99.06 mm): Symbol J203 Pin 2 [Pin_2, Passive, Line]
[pin_not_connected]: Pin not connected
    ; error
    @(361.95 mm, 54.61 mm): Symbol F202 Pin 1 [Passive, Line]
[pin_not_connected]: Pin not connected
    ; error
    @(361.95 mm, 62.23 mm): Symbol F202 Pin 2 [Passive, Line]
[pin_not_connected]: Pin not connected
    ; error
    @(361.95 mm, 134.62 mm): Symbol R205 Pin 1 [Passive, Line]
[pin_not_connected]: Pin not connected
    ; error
    @(361.95 mm, 142.24 mm): Symbol R205 Pin 2 [Passive, Line]
[pin_not_connected]: Pin not connected
    ; error
    @(361.95 mm, 306.07 mm): Symbol TP217 Pin 1 [1, Passive, Line]
[pin_not_connected]: Pin not connected
    ; error
    @(365.76 mm, 176.53 mm): Symbol D212 Pin 2 [A, Passive, Line]
[pin_not_connected]: Pin not connected
    ; error
    @(367.03 mm, 265.43 mm): Symbol SW211 Pin 2 [2, Passive, Line]
[pin_not_connected]: Pin not connected
    ; error
    @(434.34 mm, 55.88 mm): Symbol D202 Pin 1 [K, Passive, Line]
[pin_not_connected]: Pin not connected
    ; error
    @(438.15 mm, 95.25 mm): Symbol F204 Pin 1 [Passive, Line]
[pin_not_connected]: Pin not connected
    ; error
    @(438.15 mm, 102.87 mm): Symbol F204 Pin 2 [Passive, Line]
[pin_not_connected]: Pin not connected
    ; error
    @(438.15 mm, 134.62 mm): Symbol F206 Pin 1 [Passive, Line]
[pin_not_connected]: Pin not connected
    ; error
    @(438.15 mm, 142.24 mm): Symbol F206 Pin 2 [Passive, Line]
[pin_not_connected]: Pin not connected
    ; error
    @(438.15 mm, 175.26 mm): Symbol R212 Pin 1 [Passive, Line]
[pin_not_connected]: Pin not connected
    ; error
    @(438.15 mm, 182.88 mm): Symbol R212 Pin 2 [Passive, Line]
[pin_not_connected]: Pin not connected
    ; error
    @(438.15 mm, 265.43 mm): Symbol TP211 Pin 1 [1, Passive, Line]
[pin_not_connected]: Pin not connected
    ; error
    @(438.15 mm, 306.07 mm): Symbol TP218 Pin 1 [1, Passive, Line]
[pin_not_connected]: Pin not connected
    ; error
    @(441.96 mm, 55.88 mm): Symbol D202 Pin 2 [A, Passive, Line]
[pin_not_connected]: Pin not connected
    ; error
    @(510.54 mm, 96.52 mm): Symbol D204 Pin 1 [K, Passive, Line]
[pin_not_connected]: Pin not connected
    ; error
    @(510.54 mm, 135.89 mm): Symbol D206 Pin 1 [K, Passive, Line]
[pin_not_connected]: Pin not connected
    ; error
    @(510.54 mm, 176.53 mm): Symbol D213 Pin 1 [K, Passive, Line]
[pin_not_connected]: Pin not connected
    ; error
    @(514.35 mm, 54.61 mm): Symbol R202 Pin 1 [Passive, Line]
[pin_not_connected]: Pin not connected
    ; error
    @(514.35 mm, 62.23 mm): Symbol R202 Pin 2 [Passive, Line]
[pin_not_connected]: Pin not connected
    ; error
    @(514.35 mm, 265.43 mm): Symbol TP212 Pin 1 [1, Passive, Line]
[pin_not_connected]: Pin not connected
    ; error
    @(518.16 mm, 96.52 mm): Symbol D204 Pin 2 [A, Passive, Line]
[pin_not_connected]: Pin not connected
    ; error
    @(518.16 mm, 135.89 mm): Symbol D206 Pin 2 [A, Passive, Line]
[pin_not_connected]: Pin not connected
    ; error
    @(518.16 mm, 176.53 mm): Symbol D213 Pin 2 [A, Passive, Line]

***** Sheet /CAN1 Sensor (1)/
[pin_not_connected]: Pin not connected
    ; error
    @(55.88 mm, 59.69 mm): Symbol U311 Pin 1 [TXD, Input, Line]
[pin_not_driven]: Input pin not driven by any Output pins
    ; error
    @(55.88 mm, 59.69 mm): Symbol U311 Pin 1 [TXD, Input, Line]
[pin_not_connected]: Pin not connected
    ; error
    @(55.88 mm, 62.23 mm): Symbol U311 Pin 2 [GND, Power input, Line]
[power_pin_not_driven]: Input Power pin not driven by any Output Power pins
    ; error
    @(55.88 mm, 62.23 mm): Symbol U311 Pin 2 [GND, Power input, Line]
[pin_not_connected]: Pin not connected
    ; error
    @(55.88 mm, 64.77 mm): Symbol U311 Pin 3 [VCC, Power input, Line]
[power_pin_not_driven]: Input Power pin not driven by any Output Power pins
    ; error
    @(55.88 mm, 64.77 mm): Symbol U311 Pin 3 [VCC, Power input, Line]
[pin_not_connected]: Pin not connected
    ; error
    @(55.88 mm, 67.31 mm): Symbol U311 Pin 4 [RXD, Output, Line]
[pin_not_connected]: Pin not connected
    ; error
    @(55.88 mm, 95.25 mm): Symbol C312 Pin 1 [Passive, Line]
[pin_not_connected]: Pin not connected
    ; error
    @(55.88 mm, 102.87 mm): Symbol C312 Pin 2 [Passive, Line]
[pin_not_connected]: Pin not connected
    ; error
    @(83.82 mm, 59.69 mm): Symbol U311 Pin 8 [S, Input, Line]
[pin_not_driven]: Input pin not driven by any Output pins
    ; error
    @(83.82 mm, 59.69 mm): Symbol U311 Pin 8 [S, Input, Line]
[pin_not_connected]: Pin not connected
    ; error
    @(83.82 mm, 62.23 mm): Symbol U311 Pin 7 [CANH, Bidirectional, Line]
[pin_not_connected]: Pin not connected
    ; error
    @(83.82 mm, 64.77 mm): Symbol U311 Pin 6 [CANL, Bidirectional, Line]
[pin_not_connected]: Pin not connected
    ; error
    @(83.82 mm, 67.31 mm): Symbol U311 Pin 5 [VIO, Power input, Line]
[power_pin_not_driven]: Input Power pin not driven by any Output Power pins
    ; error
    @(83.82 mm, 67.31 mm): Symbol U311 Pin 5 [VIO, Power input, Line]
[pin_not_connected]: Pin not connected
    ; error
    @(124.46 mm, 96.52 mm): Symbol J312 Pin 1 [Pin_1, Passive, Line]
[pin_not_connected]: Pin not connected
    ; error
    @(124.46 mm, 99.06 mm): Symbol J312 Pin 2 [Pin_2, Passive, Line]
[pin_not_connected]: Pin not connected
    ; error
    @(124.46 mm, 101.60 mm): Symbol J312 Pin 3 [Pin_3, Passive, Line]
[pin_not_connected]: Pin not connected
    ; error
    @(128.27 mm, 59.69 mm): Symbol D311 Pin 1 [IO_1, Passive, Line]
[pin_not_connected]: Pin not connected
    ; error
    @(128.27 mm, 62.23 mm): Symbol D311 Pin 2 [IO_2, Passive, Line]
[pin_not_connected]: Pin not connected
    ; error
    @(156.21 mm, 59.69 mm): Symbol D311 Pin 3 [GND, Passive, Line]
[pin_not_connected]: Pin not connected
    ; error
    @(199.39 mm, 54.61 mm): Symbol C311 Pin 1 [Passive, Line]
[pin_not_connected]: Pin not connected
    ; error
    @(199.39 mm, 62.23 mm): Symbol C311 Pin 2 [Passive, Line]
[pin_not_connected]: Pin not connected
    ; error
    @(199.39 mm, 97.79 mm): Symbol TP312 Pin 1 [1, Passive, Line]
[pin_not_connected]: Pin not connected
    ; error
    @(269.24 mm, 55.88 mm): Symbol J311 Pin 1 [Pin_1, Passive, Line]
[pin_not_connected]: Pin not connected
    ; error
    @(269.24 mm, 58.42 mm): Symbol J311 Pin 2 [Pin_2, Passive, Line]
[pin_not_connected]: Pin not connected
    ; error
    @(269.24 mm, 60.96 mm): Symbol J311 Pin 3 [Pin_3, Passive, Line]
[pin_not_connected]: Pin not connected
    ; error
    @(271.78 mm, 95.25 mm): Symbol R311 Pin 1 [Passive, Line]
[pin_not_connected]: Pin not connected
    ; error
    @(271.78 mm, 102.87 mm): Symbol R311 Pin 2 [Passive, Line]
[pin_not_connected]: Pin not connected
    ; error
    @(344.17 mm, 58.42 mm): Symbol TP311 Pin 1 [1, Passive, Line]
[pin_not_connected]: Pin not connected
    ; error
    @(344.17 mm, 100.33 mm): Symbol SW311 Pin 1 [N.C., Passive, Line]
[pin_not_connected]: Pin not connected
    ; error
    @(344.17 mm, 102.87 mm): Symbol SW311 Pin 2 [COM, Passive, Line]
[pin_not_connected]: Pin not connected
    ; error
    @(344.17 mm, 105.41 mm): Symbol SW311 Pin 3 [N.O., Passive, Line]

***** Sheet /CAN2 Expansion (1)/
[pin_not_connected]: Pin not connected
    ; error
    @(53.34 mm, 135.89 mm): Symbol J323 Pin 1 [Pin_1, Passive, Line]
[pin_not_connected]: Pin not connected
    ; error
    @(53.34 mm, 138.43 mm): Symbol J323 Pin 2 [Pin_2, Passive, Line]
[pin_not_connected]: Pin not connected
    ; error
    @(53.34 mm, 140.97 mm): Symbol J323 Pin 3 [Pin_3, Passive, Line]
[pin_not_connected]: Pin not connected
    ; error
    @(53.34 mm, 143.51 mm): Symbol J323 Pin 4 [Pin_4, Passive, Line]
[pin_not_connected]: Pin not connected
    ; error
    @(55.88 mm, 59.69 mm): Symbol U321 Pin 1 [TXD, Input, Line]
[pin_not_driven]: Input pin not driven by any Output pins
    ; error
    @(55.88 mm, 59.69 mm): Symbol U321 Pin 1 [TXD, Input, Line]
[pin_not_connected]: Pin not connected
    ; error
    @(55.88 mm, 62.23 mm): Symbol U321 Pin 2 [GND, Power input, Line]
[power_pin_not_driven]: Input Power pin not driven by any Output Power pins
    ; error
    @(55.88 mm, 62.23 mm): Symbol U321 Pin 2 [GND, Power input, Line]
[pin_not_connected]: Pin not connected
    ; error
    @(55.88 mm, 64.77 mm): Symbol U321 Pin 3 [VCC, Power input, Line]
[power_pin_not_driven]: Input Power pin not driven by any Output Power pins
    ; error
    @(55.88 mm, 64.77 mm): Symbol U321 Pin 3 [VCC, Power input, Line]
[pin_not_connected]: Pin not connected
    ; error
    @(55.88 mm, 67.31 mm): Symbol U321 Pin 4 [RXD, Output, Line]
[pin_not_connected]: Pin not connected
    ; error
    @(55.88 mm, 95.25 mm): Symbol C322 Pin 1 [Passive, Line]
[pin_not_connected]: Pin not connected
    ; error
    @(55.88 mm, 102.87 mm): Symbol C322 Pin 2 [Passive, Line]
[pin_not_connected]: Pin not connected
    ; error
    @(83.82 mm, 59.69 mm): Symbol U321 Pin 8 [S, Input, Line]
[pin_not_driven]: Input pin not driven by any Output pins
    ; error
    @(83.82 mm, 59.69 mm): Symbol U321 Pin 8 [S, Input, Line]
[pin_not_connected]: Pin not connected
    ; error
    @(83.82 mm, 62.23 mm): Symbol U321 Pin 7 [CANH, Bidirectional, Line]
[pin_not_connected]: Pin not connected
    ; error
    @(83.82 mm, 64.77 mm): Symbol U321 Pin 6 [CANL, Bidirectional, Line]
[pin_not_connected]: Pin not connected
    ; error
    @(83.82 mm, 67.31 mm): Symbol U321 Pin 5 [VIO, Power input, Line]
[power_pin_not_driven]: Input Power pin not driven by any Output Power pins
    ; error
    @(83.82 mm, 67.31 mm): Symbol U321 Pin 5 [VIO, Power input, Line]
[pin_not_connected]: Pin not connected
    ; error
    @(124.46 mm, 96.52 mm): Symbol J322 Pin 1 [Pin_1, Passive, Line]
[pin_not_connected]: Pin not connected
    ; error
    @(124.46 mm, 99.06 mm): Symbol J322 Pin 2 [Pin_2, Passive, Line]
[pin_not_connected]: Pin not connected
    ; error
    @(124.46 mm, 101.60 mm): Symbol J322 Pin 3 [Pin_3, Passive, Line]
[pin_not_connected]: Pin not connected
    ; error
    @(128.27 mm, 59.69 mm): Symbol D321 Pin 1 [IO_1, Passive, Line]
[pin_not_connected]: Pin not connected
    ; error
    @(128.27 mm, 62.23 mm): Symbol D321 Pin 2 [IO_2, Passive, Line]
[pin_not_connected]: Pin not connected
    ; error
    @(156.21 mm, 59.69 mm): Symbol D321 Pin 3 [GND, Passive, Line]
[pin_not_connected]: Pin not connected
    ; error
    @(199.39 mm, 54.61 mm): Symbol C321 Pin 1 [Passive, Line]
[pin_not_connected]: Pin not connected
    ; error
    @(199.39 mm, 62.23 mm): Symbol C321 Pin 2 [Passive, Line]
[pin_not_connected]: Pin not connected
    ; error
    @(199.39 mm, 97.79 mm): Symbol TP322 Pin 1 [1, Passive, Line]
[pin_not_connected]: Pin not connected
    ; error
    @(269.24 mm, 55.88 mm): Symbol J321 Pin 1 [Pin_1, Passive, Line]
[pin_not_connected]: Pin not connected
    ; error
    @(269.24 mm, 58.42 mm): Symbol J321 Pin 2 [Pin_2, Passive, Line]
[pin_not_connected]: Pin not connected
    ; error
    @(269.24 mm, 60.96 mm): Symbol J321 Pin 3 [Pin_3, Passive, Line]
[pin_not_connected]: Pin not connected
    ; error
    @(271.78 mm, 95.25 mm): Symbol R321 Pin 1 [Passive, Line]
[pin_not_connected]: Pin not connected
    ; error
    @(271.78 mm, 102.87 mm): Symbol R321 Pin 2 [Passive, Line]
[pin_not_connected]: Pin not connected
    ; error
    @(344.17 mm, 58.42 mm): Symbol TP321 Pin 1 [1, Passive, Line]
[pin_not_connected]: Pin not connected
    ; error
    @(344.17 mm, 100.33 mm): Symbol SW321 Pin 1 [N.C., Passive, Line]
[pin_not_connected]: Pin not connected
    ; error
    @(344.17 mm, 102.87 mm): Symbol SW321 Pin 2 [COM, Passive, Line]
[pin_not_connected]: Pin not connected
    ; error
    @(344.17 mm, 105.41 mm): Symbol SW321 Pin 3 [N.O., Passive, Line]

***** Sheet /CAN3 Drive (1)/
[pin_not_connected]: Pin not connected
    ; error
    @(55.88 mm, 59.69 mm): Symbol U331 Pin 1 [TXD, Input, Line]
[pin_not_driven]: Input pin not driven by any Output pins
    ; error
    @(55.88 mm, 59.69 mm): Symbol U331 Pin 1 [TXD, Input, Line]
[pin_not_connected]: Pin not connected
    ; error
    @(55.88 mm, 62.23 mm): Symbol U331 Pin 2 [GND, Power input, Line]
[power_pin_not_driven]: Input Power pin not driven by any Output Power pins
    ; error
    @(55.88 mm, 62.23 mm): Symbol U331 Pin 2 [GND, Power input, Line]
[pin_not_connected]: Pin not connected
    ; error
    @(55.88 mm, 64.77 mm): Symbol U331 Pin 3 [VCC, Power input, Line]
[power_pin_not_driven]: Input Power pin not driven by any Output Power pins
    ; error
    @(55.88 mm, 64.77 mm): Symbol U331 Pin 3 [VCC, Power input, Line]
[pin_not_connected]: Pin not connected
    ; error
    @(55.88 mm, 67.31 mm): Symbol U331 Pin 4 [RXD, Output, Line]
[pin_not_connected]: Pin not connected
    ; error
    @(55.88 mm, 95.25 mm): Symbol C332 Pin 1 [Passive, Line]
[pin_not_connected]: Pin not connected
    ; error
    @(55.88 mm, 102.87 mm): Symbol C332 Pin 2 [Passive, Line]
[pin_not_connected]: Pin not connected
    ; error
    @(83.82 mm, 59.69 mm): Symbol U331 Pin 8 [S, Input, Line]
[pin_not_driven]: Input pin not driven by any Output pins
    ; error
    @(83.82 mm, 59.69 mm): Symbol U331 Pin 8 [S, Input, Line]
[pin_not_connected]: Pin not connected
    ; error
    @(83.82 mm, 62.23 mm): Symbol U331 Pin 7 [CANH, Bidirectional, Line]
[pin_not_connected]: Pin not connected
    ; error
    @(83.82 mm, 64.77 mm): Symbol U331 Pin 6 [CANL, Bidirectional, Line]
[pin_not_connected]: Pin not connected
    ; error
    @(83.82 mm, 67.31 mm): Symbol U331 Pin 5 [VIO, Power input, Line]
[power_pin_not_driven]: Input Power pin not driven by any Output Power pins
    ; error
    @(83.82 mm, 67.31 mm): Symbol U331 Pin 5 [VIO, Power input, Line]
[pin_not_connected]: Pin not connected
    ; error
    @(124.46 mm, 96.52 mm): Symbol J332 Pin 1 [Pin_1, Passive, Line]
[pin_not_connected]: Pin not connected
    ; error
    @(124.46 mm, 99.06 mm): Symbol J332 Pin 2 [Pin_2, Passive, Line]
[pin_not_connected]: Pin not connected
    ; error
    @(124.46 mm, 101.60 mm): Symbol J332 Pin 3 [Pin_3, Passive, Line]
[pin_not_connected]: Pin not connected
    ; error
    @(128.27 mm, 59.69 mm): Symbol D331 Pin 1 [IO_1, Passive, Line]
[pin_not_connected]: Pin not connected
    ; error
    @(128.27 mm, 62.23 mm): Symbol D331 Pin 2 [IO_2, Passive, Line]
[pin_not_connected]: Pin not connected
    ; error
    @(156.21 mm, 59.69 mm): Symbol D331 Pin 3 [GND, Passive, Line]
[pin_not_connected]: Pin not connected
    ; error
    @(199.39 mm, 54.61 mm): Symbol C331 Pin 1 [Passive, Line]
[pin_not_connected]: Pin not connected
    ; error
    @(199.39 mm, 62.23 mm): Symbol C331 Pin 2 [Passive, Line]
[pin_not_connected]: Pin not connected
    ; error
    @(199.39 mm, 97.79 mm): Symbol TP332 Pin 1 [1, Passive, Line]
[pin_not_connected]: Pin not connected
    ; error
    @(269.24 mm, 55.88 mm): Symbol J331 Pin 1 [Pin_1, Passive, Line]
[pin_not_connected]: Pin not connected
    ; error
    @(269.24 mm, 58.42 mm): Symbol J331 Pin 2 [Pin_2, Passive, Line]
[pin_not_connected]: Pin not connected
    ; error
    @(269.24 mm, 60.96 mm): Symbol J331 Pin 3 [Pin_3, Passive, Line]
[pin_not_connected]: Pin not connected
    ; error
    @(271.78 mm, 95.25 mm): Symbol R331 Pin 1 [Passive, Line]
[pin_not_connected]: Pin not connected
    ; error
    @(271.78 mm, 102.87 mm): Symbol R331 Pin 2 [Passive, Line]
[pin_not_connected]: Pin not connected
    ; error
    @(344.17 mm, 58.42 mm): Symbol TP331 Pin 1 [1, Passive, Line]
[pin_not_connected]: Pin not connected
    ; error
    @(344.17 mm, 100.33 mm): Symbol SW331 Pin 1 [N.C., Passive, Line]
[pin_not_connected]: Pin not connected
    ; error
    @(344.17 mm, 102.87 mm): Symbol SW331 Pin 2 [COM, Passive, Line]
[pin_not_connected]: Pin not connected
    ; error
    @(344.17 mm, 105.41 mm): Symbol SW331 Pin 3 [N.O., Passive, Line]

***** Sheet /E-stop monitoring / central coil driver (1)/
[pin_not_connected]: Pin not connected
    ; error
    @(54.61 mm, 55.88 mm): Symbol J401 Pin 1 [Pin_1, Passive, Line]
[pin_not_connected]: Pin not connected
    ; error
    @(54.61 mm, 58.42 mm): Symbol J401 Pin 2 [Pin_2, Passive, Line]
[pin_not_connected]: Pin not connected
    ; error
    @(54.61 mm, 60.96 mm): Symbol J401 Pin 3 [Pin_3, Passive, Line]
[pin_not_connected]: Pin not connected
    ; error
    @(54.61 mm, 63.50 mm): Symbol J401 Pin 4 [Pin_4, Passive, Line]
[pin_not_connected]: Pin not connected
    ; error
    @(54.61 mm, 66.04 mm): Symbol J401 Pin 5 [Pin_5, Passive, Line]
[pin_not_connected]: Pin not connected
    ; error
    @(54.61 mm, 68.58 mm): Symbol J401 Pin 6 [Pin_6, Passive, Line]
[pin_not_connected]: Pin not connected
    ; error
    @(54.61 mm, 176.53 mm): Symbol D403 Pin 1 [K, Passive, Line]
[pin_not_connected]: Pin not connected
    ; error
    @(58.42 mm, 95.25 mm): Symbol R401 Pin 1 [Passive, Line]
[pin_not_connected]: Pin not connected
    ; error
    @(58.42 mm, 102.87 mm): Symbol R401 Pin 2 [Passive, Line]
[pin_not_connected]: Pin not connected
    ; error
    @(58.42 mm, 134.62 mm): Symbol R408 Pin 1 [Passive, Line]
[pin_not_connected]: Pin not connected
    ; error
    @(58.42 mm, 142.24 mm): Symbol R408 Pin 2 [Passive, Line]
[pin_not_connected]: Pin not connected
    ; error
    @(58.42 mm, 219.71 mm): Symbol C401 Pin 1 [Passive, Line]
[pin_not_connected]: Pin not connected
    ; error
    @(58.42 mm, 227.33 mm): Symbol C401 Pin 2 [Passive, Line]
[pin_not_connected]: Pin not connected
    ; error
    @(58.42 mm, 262.89 mm): Symbol TP406 Pin 1 [1, Passive, Line]
[pin_not_connected]: Pin not connected
    ; error
    @(62.23 mm, 176.53 mm): Symbol D403 Pin 2 [A, Passive, Line]
[pin_not_connected]: Pin not connected
    ; error
    @(130.81 mm, 55.88 mm): Symbol J402 Pin 1 [Pin_1, Passive, Line]
[pin_not_connected]: Pin not connected
    ; error
    @(130.81 mm, 58.42 mm): Symbol J402 Pin 2 [Pin_2, Passive, Line]
[pin_not_connected]: Pin not connected
    ; error
    @(130.81 mm, 176.53 mm): Symbol D404 Pin 1 [K, Passive, Line]
[pin_not_connected]: Pin not connected
    ; error
    @(134.62 mm, 95.25 mm): Symbol R402 Pin 1 [Passive, Line]
[pin_not_connected]: Pin not connected
    ; error
    @(134.62 mm, 102.87 mm): Symbol R402 Pin 2 [Passive, Line]
[pin_not_connected]: Pin not connected
    ; error
    @(134.62 mm, 134.62 mm): Symbol R409 Pin 1 [Passive, Line]
[pin_not_connected]: Pin not connected
    ; error
    @(134.62 mm, 142.24 mm): Symbol R409 Pin 2 [Passive, Line]
[pin_not_connected]: Pin not connected
    ; error
    @(134.62 mm, 219.71 mm): Symbol F401 Pin 1 [Passive, Line]
[pin_not_connected]: Pin not connected
    ; error
    @(134.62 mm, 227.33 mm): Symbol F401 Pin 2 [Passive, Line]
[pin_not_connected]: Pin not connected
    ; error
    @(138.43 mm, 176.53 mm): Symbol D404 Pin 2 [A, Passive, Line]
[pin_not_connected]: Pin not connected
    ; error
    @(195.58 mm, 185.42 mm): Symbol U402 Pin 2 [Input, Line]
[pin_not_driven]: Input pin not driven by any Output pins
    ; error
    @(195.58 mm, 185.42 mm): Symbol U402 Pin 2 [Input, Line]
[pin_not_connected]: Pin not connected
    ; error
    @(205.74 mm, 175.26 mm): Symbol U402 Pin 5 [VCC, Power input, Line]
[power_pin_not_driven]: Input Power pin not driven by any Output Power pins
    ; error
    @(205.74 mm, 175.26 mm): Symbol U402 Pin 5 [VCC, Power input, Line]
[pin_not_connected]: Pin not connected
    ; error
    @(205.74 mm, 195.58 mm): Symbol U402 Pin 3 [GND, Power input, Line]
[power_pin_not_driven]: Input Power pin not driven by any Output Power pins
    ; error
    @(205.74 mm, 195.58 mm): Symbol U402 Pin 3 [GND, Power input, Line]
[pin_not_connected]: Pin not connected
    ; error
    @(207.01 mm, 55.88 mm): Symbol J403 Pin 1 [Pin_1, Passive, Line]
[pin_not_connected]: Pin not connected
    ; error
    @(207.01 mm, 58.42 mm): Symbol J403 Pin 2 [Pin_2, Passive, Line]
[pin_not_connected]: Pin not connected
    ; error
    @(209.55 mm, 95.25 mm): Symbol R403 Pin 1 [Passive, Line]
[pin_not_connected]: Pin not connected
    ; error
    @(209.55 mm, 102.87 mm): Symbol R403 Pin 2 [Passive, Line]
[pin_not_connected]: Pin not connected
    ; error
    @(209.55 mm, 134.62 mm): Symbol R410 Pin 1 [Passive, Line]
[pin_not_connected]: Pin not connected
    ; error
    @(209.55 mm, 142.24 mm): Symbol R410 Pin 2 [Passive, Line]
[pin_not_connected]: Pin not connected
    ; error
    @(209.55 mm, 222.25 mm): Symbol TP401 Pin 1 [1, Passive, Line]
[pin_not_connected]: Pin not connected
    ; error
    @(210.82 mm, 175.26 mm): Symbol U402 Pin 1 [Input, Inverted]
[pin_not_driven]: Input pin not driven by any Output pins
    ; error
    @(210.82 mm, 175.26 mm): Symbol U402 Pin 1 [Input, Inverted]
[pin_not_connected]: Pin not connected
    ; error
    @(223.52 mm, 185.42 mm): Symbol U402 Pin 4 [Tri-state, Line]
[pin_not_connected]: Pin not connected
    ; error
    @(278.13 mm, 55.88 mm): Symbol U401 Pin 1 [Passive, Line]
[pin_not_connected]: Pin not connected
    ; error
    @(278.13 mm, 60.96 mm): Symbol U401 Pin 2 [Passive, Line]
[pin_not_connected]: Pin not connected
    ; error
    @(281.94 mm, 180.34 mm): Symbol Q401 Pin 1 [G, Input, Line]
[pin_not_driven]: Input pin not driven by any Output pins
    ; error
    @(281.94 mm, 180.34 mm): Symbol Q401 Pin 1 [G, Input, Line]
[pin_not_connected]: Pin not connected
    ; error
    @(285.75 mm, 95.25 mm): Symbol R404 Pin 1 [Passive, Line]
[pin_not_connected]: Pin not connected
    ; error
    @(285.75 mm, 102.87 mm): Symbol R404 Pin 2 [Passive, Line]
[pin_not_connected]: Pin not connected
    ; error
    @(285.75 mm, 134.62 mm): Symbol R411 Pin 1 [Passive, Line]
[pin_not_connected]: Pin not connected
    ; error
    @(285.75 mm, 142.24 mm): Symbol R411 Pin 2 [Passive, Line]
[pin_not_connected]: Pin not connected
    ; error
    @(285.75 mm, 222.25 mm): Symbol TP402 Pin 1 [1, Passive, Line]
[pin_not_connected]: Pin not connected
    ; error
    @(289.56 mm, 175.26 mm): Symbol Q401 Pin 3 [D, Passive, Line]
[pin_not_connected]: Pin not connected
    ; error
    @(289.56 mm, 185.42 mm): Symbol Q401 Pin 2 [S, Passive, Line]
[pin_not_connected]: Pin not connected
    ; error
    @(293.37 mm, 55.88 mm): Symbol U401 Pin 16 [Passive, Line]
[pin_not_connected]: Pin not connected
    ; error
    @(293.37 mm, 60.96 mm): Symbol U401 Pin 15 [Passive, Line]
[pin_not_connected]: Pin not connected
    ; error
    @(354.33 mm, 55.88 mm): Symbol U401 Pin 3 [Passive, Line]
[pin_not_connected]: Pin not connected
    ; error
    @(354.33 mm, 60.96 mm): Symbol U401 Pin 4 [Passive, Line]
[pin_not_connected]: Pin not connected
    ; error
    @(361.95 mm, 95.25 mm): Symbol R405 Pin 1 [Passive, Line]
[pin_not_connected]: Pin not connected
    ; error
    @(361.95 mm, 102.87 mm): Symbol R405 Pin 2 [Passive, Line]
[pin_not_connected]: Pin not connected
    ; error
    @(361.95 mm, 134.62 mm): Symbol R412 Pin 1 [Passive, Line]
[pin_not_connected]: Pin not connected
    ; error
    @(361.95 mm, 142.24 mm): Symbol R412 Pin 2 [Passive, Line]
[pin_not_connected]: Pin not connected
    ; error
    @(361.95 mm, 175.26 mm): Symbol R413 Pin 1 [Passive, Line]
[pin_not_connected]: Pin not connected
    ; error
    @(361.95 mm, 182.88 mm): Symbol R413 Pin 2 [Passive, Line]
[pin_not_connected]: Pin not connected
    ; error
    @(361.95 mm, 222.25 mm): Symbol TP403 Pin 1 [1, Passive, Line]
[pin_not_connected]: Pin not connected
    ; error
    @(369.57 mm, 55.88 mm): Symbol U401 Pin 14 [Passive, Line]
[pin_not_connected]: Pin not connected
    ; error
    @(369.57 mm, 60.96 mm): Symbol U401 Pin 13 [Passive, Line]
[pin_not_connected]: Pin not connected
    ; error
    @(430.53 mm, 55.88 mm): Symbol U401 Pin 5 [Passive, Line]
[pin_not_connected]: Pin not connected
    ; error
    @(430.53 mm, 60.96 mm): Symbol U401 Pin 6 [Passive, Line]
[pin_not_connected]: Pin not connected
    ; error
    @(434.34 mm, 135.89 mm): Symbol D401 Pin 1 [K, Passive, Line]
[pin_not_connected]: Pin not connected
    ; error
    @(438.15 mm, 95.25 mm): Symbol R406 Pin 1 [Passive, Line]
[pin_not_connected]: Pin not connected
    ; error
    @(438.15 mm, 102.87 mm): Symbol R406 Pin 2 [Passive, Line]
[pin_not_connected]: Pin not connected
    ; error
    @(438.15 mm, 175.26 mm): Symbol R414 Pin 1 [Passive, Line]
[pin_not_connected]: Pin not connected
    ; error
    @(438.15 mm, 182.88 mm): Symbol R414 Pin 2 [Passive, Line]
[pin_not_connected]: Pin not connected
    ; error
    @(438.15 mm, 222.25 mm): Symbol TP404 Pin 1 [1, Passive, Line]
[pin_not_connected]: Pin not connected
    ; error
    @(441.96 mm, 135.89 mm): Symbol D401 Pin 2 [A, Passive, Line]
[pin_not_connected]: Pin not connected
    ; error
    @(445.77 mm, 55.88 mm): Symbol U401 Pin 12 [Passive, Line]
[pin_not_connected]: Pin not connected
    ; error
    @(445.77 mm, 60.96 mm): Symbol U401 Pin 11 [Passive, Line]
[pin_not_connected]: Pin not connected
    ; error
    @(506.73 mm, 55.88 mm): Symbol U401 Pin 7 [Passive, Line]
[pin_not_connected]: Pin not connected
    ; error
    @(506.73 mm, 60.96 mm): Symbol U401 Pin 8 [Passive, Line]
[pin_not_connected]: Pin not connected
    ; error
    @(510.54 mm, 135.89 mm): Symbol D402 Pin 1 [K, Passive, Line]
[pin_not_connected]: Pin not connected
    ; error
    @(514.35 mm, 95.25 mm): Symbol R407 Pin 1 [Passive, Line]
[pin_not_connected]: Pin not connected
    ; error
    @(514.35 mm, 102.87 mm): Symbol R407 Pin 2 [Passive, Line]
[pin_not_connected]: Pin not connected
    ; error
    @(514.35 mm, 175.26 mm): Symbol R415 Pin 1 [Passive, Line]
[pin_not_connected]: Pin not connected
    ; error
    @(514.35 mm, 182.88 mm): Symbol R415 Pin 2 [Passive, Line]
[pin_not_connected]: Pin not connected
    ; error
    @(514.35 mm, 222.25 mm): Symbol TP405 Pin 1 [1, Passive, Line]
[pin_not_connected]: Pin not connected
    ; error
    @(518.16 mm, 135.89 mm): Symbol D402 Pin 2 [A, Passive, Line]
[pin_not_connected]: Pin not connected
    ; error
    @(521.97 mm, 55.88 mm): Symbol U401 Pin 10 [Passive, Line]
[pin_not_connected]: Pin not connected
    ; error
    @(521.97 mm, 60.96 mm): Symbol U401 Pin 9 [Passive, Line]

***** Sheet /Matek battery monitor / expansion I/O (1)/
[pin_not_connected]: Pin not connected
    ; error
    @(45.72 mm, 114.30 mm): Symbol U501 Pin 1 [IO1, Passive, Line]
[pin_not_connected]: Pin not connected
    ; error
    @(45.72 mm, 119.38 mm): Symbol U501 Pin 3 [IO2, Passive, Line]
[pin_not_connected]: Pin not connected
    ; error
    @(54.61 mm, 55.88 mm): Symbol J501 Pin 1 [Pin_1, Passive, Line]
[pin_not_connected]: Pin not connected
    ; error
    @(54.61 mm, 58.42 mm): Symbol J501 Pin 2 [Pin_2, Passive, Line]
[pin_not_connected]: Pin not connected
    ; error
    @(54.61 mm, 60.96 mm): Symbol J501 Pin 3 [Pin_3, Passive, Line]
[pin_not_connected]: Pin not connected
    ; error
    @(54.61 mm, 63.50 mm): Symbol J501 Pin 4 [Pin_4, Passive, Line]
[pin_not_connected]: Pin not connected
    ; error
    @(58.42 mm, 104.14 mm): Symbol U501 Pin 5 [VP, Passive, Line]
[pin_not_connected]: Pin not connected
    ; error
    @(58.42 mm, 129.54 mm): Symbol U501 Pin 2 [VN, Passive, Line]
[pin_not_connected]: Pin not connected
    ; error
    @(58.42 mm, 153.67 mm): Symbol R512 Pin 1 [Passive, Line]
[pin_not_connected]: Pin not connected
    ; error
    @(58.42 mm, 161.29 mm): Symbol R512 Pin 2 [Passive, Line]
[pin_not_connected]: Pin not connected
    ; error
    @(58.42 mm, 194.31 mm): Symbol R531 Pin 1 [Passive, Line]
[pin_not_connected]: Pin not connected
    ; error
    @(58.42 mm, 201.93 mm): Symbol R531 Pin 2 [Passive, Line]
[pin_not_connected]: Pin not connected
    ; error
    @(58.42 mm, 233.68 mm): Symbol R543 Pin 1 [Passive, Line]
[pin_not_connected]: Pin not connected
    ; error
    @(58.42 mm, 241.30 mm): Symbol R543 Pin 2 [Passive, Line]
[pin_not_connected]: Pin not connected
    ; error
    @(58.42 mm, 274.32 mm): Symbol R552 Pin 1 [Passive, Line]
[pin_not_connected]: Pin not connected
    ; error
    @(58.42 mm, 281.94 mm): Symbol R552 Pin 2 [Passive, Line]
[pin_not_connected]: Pin not connected
    ; error
    @(58.42 mm, 317.50 mm): Symbol TP501 Pin 1 [1, Passive, Line]
[pin_not_connected]: Pin not connected
    ; error
    @(71.12 mm, 114.30 mm): Symbol U501 Pin 4 [IO3, Passive, Line]
[pin_not_connected]: Pin not connected
    ; error
    @(71.12 mm, 119.38 mm): Symbol U501 Pin 6 [IO4, Passive, Line]
[pin_not_connected]: Pin not connected
    ; error
    @(121.92 mm, 114.30 mm): Symbol U502 Pin 1 [IO1, Passive, Line]
[pin_not_connected]: Pin not connected
    ; error
    @(121.92 mm, 119.38 mm): Symbol U502 Pin 3 [IO2, Passive, Line]
[pin_not_connected]: Pin not connected
    ; error
    @(129.54 mm, 317.50 mm): Symbol JP505 Pin 1 [Pin_1, Passive, Line]
[pin_not_connected]: Pin not connected
    ; error
    @(129.54 mm, 320.04 mm): Symbol JP505 Pin 2 [Pin_2, Passive, Line]
[pin_not_connected]: Pin not connected
    ; error
    @(129.54 mm, 322.58 mm): Symbol JP505 Pin 3 [Pin_3, Passive, Line]
[pin_not_connected]: Pin not connected
    ; error
    @(130.81 mm, 55.88 mm): Symbol J502 Pin 1 [Pin_1, Passive, Line]
[pin_not_connected]: Pin not connected
    ; error
    @(130.81 mm, 58.42 mm): Symbol J502 Pin 2 [Pin_2, Passive, Line]
[pin_not_connected]: Pin not connected
    ; error
    @(130.81 mm, 60.96 mm): Symbol J502 Pin 3 [Pin_3, Passive, Line]
[pin_not_connected]: Pin not connected
    ; error
    @(130.81 mm, 63.50 mm): Symbol J502 Pin 4 [Pin_4, Passive, Line]
[pin_not_connected]: Pin not connected
    ; error
    @(134.62 mm, 104.14 mm): Symbol U502 Pin 5 [VP, Passive, Line]
[pin_not_connected]: Pin not connected
    ; error
    @(134.62 mm, 129.54 mm): Symbol U502 Pin 2 [VN, Passive, Line]
[pin_not_connected]: Pin not connected
    ; error
    @(134.62 mm, 153.67 mm): Symbol R513 Pin 1 [Passive, Line]
[pin_not_connected]: Pin not connected
    ; error
    @(134.62 mm, 161.29 mm): Symbol R513 Pin 2 [Passive, Line]
[pin_not_connected]: Pin not connected
    ; error
    @(134.62 mm, 194.31 mm): Symbol R532 Pin 1 [Passive, Line]
[pin_not_connected]: Pin not connected
    ; error
    @(134.62 mm, 201.93 mm): Symbol R532 Pin 2 [Passive, Line]
[pin_not_connected]: Pin not connected
    ; error
    @(134.62 mm, 233.68 mm): Symbol R544 Pin 1 [Passive, Line]
[pin_not_connected]: Pin not connected
    ; error
    @(134.62 mm, 241.30 mm): Symbol R544 Pin 2 [Passive, Line]
[pin_not_connected]: Pin not connected
    ; error
    @(134.62 mm, 274.32 mm): Symbol R553 Pin 1 [Passive, Line]
[pin_not_connected]: Pin not connected
    ; error
    @(134.62 mm, 281.94 mm): Symbol R553 Pin 2 [Passive, Line]
[pin_not_connected]: Pin not connected
    ; error
    @(147.32 mm, 114.30 mm): Symbol U502 Pin 4 [IO3, Passive, Line]
[pin_not_connected]: Pin not connected
    ; error
    @(147.32 mm, 119.38 mm): Symbol U502 Pin 6 [IO4, Passive, Line]
[pin_not_connected]: Pin not connected
    ; error
    @(196.85 mm, 114.30 mm): Symbol U503 Pin 1 [IO1, Passive, Line]
[pin_not_connected]: Pin not connected
    ; error
    @(196.85 mm, 119.38 mm): Symbol U503 Pin 3 [IO2, Passive, Line]
[pin_not_connected]: Pin not connected
    ; error
    @(207.01 mm, 55.88 mm): Symbol J503 Pin 1 [Pin_1, Passive, Line]
[pin_not_connected]: Pin not connected
    ; error
    @(207.01 mm, 58.42 mm): Symbol J503 Pin 2 [Pin_2, Passive, Line]
[pin_not_connected]: Pin not connected
    ; error
    @(207.01 mm, 60.96 mm): Symbol J503 Pin 3 [Pin_3, Passive, Line]
[pin_not_connected]: Pin not connected
    ; error
    @(207.01 mm, 63.50 mm): Symbol J503 Pin 4 [Pin_4, Passive, Line]
[pin_not_connected]: Pin not connected
    ; error
    @(209.55 mm, 104.14 mm): Symbol U503 Pin 5 [VP, Passive, Line]
[pin_not_connected]: Pin not connected
    ; error
    @(209.55 mm, 129.54 mm): Symbol U503 Pin 2 [VN, Passive, Line]
[pin_not_connected]: Pin not connected
    ; error
    @(209.55 mm, 153.67 mm): Symbol R514 Pin 1 [Passive, Line]
[pin_not_connected]: Pin not connected
    ; error
    @(209.55 mm, 161.29 mm): Symbol R514 Pin 2 [Passive, Line]
[pin_not_connected]: Pin not connected
    ; error
    @(209.55 mm, 194.31 mm): Symbol R533 Pin 1 [Passive, Line]
[pin_not_connected]: Pin not connected
    ; error
    @(209.55 mm, 201.93 mm): Symbol R533 Pin 2 [Passive, Line]
[pin_not_connected]: Pin not connected
    ; error
    @(209.55 mm, 233.68 mm): Symbol R545 Pin 1 [Passive, Line]
[pin_not_connected]: Pin not connected
    ; error
    @(209.55 mm, 241.30 mm): Symbol R545 Pin 2 [Passive, Line]
[pin_not_connected]: Pin not connected
    ; error
    @(209.55 mm, 274.32 mm): Symbol R554 Pin 1 [Passive, Line]
[pin_not_connected]: Pin not connected
    ; error
    @(209.55 mm, 281.94 mm): Symbol R554 Pin 2 [Passive, Line]
[pin_not_connected]: Pin not connected
    ; error
    @(222.25 mm, 114.30 mm): Symbol U503 Pin 4 [IO3, Passive, Line]
[pin_not_connected]: Pin not connected
    ; error
    @(222.25 mm, 119.38 mm): Symbol U503 Pin 6 [IO4, Passive, Line]
[pin_not_connected]: Pin not connected
    ; error
    @(273.05 mm, 114.30 mm): Symbol U504 Pin 1 [IO1, Passive, Line]
[pin_not_connected]: Pin not connected
    ; error
    @(273.05 mm, 119.38 mm): Symbol U504 Pin 3 [IO2, Passive, Line]
[pin_not_connected]: Pin not connected
    ; error
    @(280.67 mm, 274.32 mm): Symbol JP501 Pin 1 [A, Passive, Line]
[pin_not_connected]: Pin not connected
    ; error
    @(283.21 mm, 55.88 mm): Symbol J504 Pin 1 [Pin_1, Passive, Line]
[pin_not_connected]: Pin not connected
    ; error
    @(283.21 mm, 58.42 mm): Symbol J504 Pin 2 [Pin_2, Passive, Line]
[pin_not_connected]: Pin not connected
    ; error
    @(283.21 mm, 60.96 mm): Symbol J504 Pin 3 [Pin_3, Passive, Line]
[pin_not_connected]: Pin not connected
    ; error
    @(285.75 mm, 104.14 mm): Symbol U504 Pin 5 [VP, Passive, Line]
[pin_not_connected]: Pin not connected
    ; error
    @(285.75 mm, 129.54 mm): Symbol U504 Pin 2 [VN, Passive, Line]
[pin_not_connected]: Pin not connected
    ; error
    @(285.75 mm, 153.67 mm): Symbol R521 Pin 1 [Passive, Line]
[pin_not_connected]: Pin not connected
    ; error
    @(285.75 mm, 161.29 mm): Symbol R521 Pin 2 [Passive, Line]
[pin_not_connected]: Pin not connected
    ; error
    @(285.75 mm, 194.31 mm): Symbol R534 Pin 1 [Passive, Line]
[pin_not_connected]: Pin not connected
    ; error
    @(285.75 mm, 201.93 mm): Symbol R534 Pin 2 [Passive, Line]
[pin_not_connected]: Pin not connected
    ; error
    @(285.75 mm, 233.68 mm): Symbol R546 Pin 1 [Passive, Line]
[pin_not_connected]: Pin not connected
    ; error
    @(285.75 mm, 241.30 mm): Symbol R546 Pin 2 [Passive, Line]
[pin_not_connected]: Pin not connected
    ; error
    @(290.83 mm, 274.32 mm): Symbol JP501 Pin 2 [B, Passive, Line]
[pin_not_connected]: Pin not connected
    ; error
    @(298.45 mm, 114.30 mm): Symbol U504 Pin 4 [IO3, Passive, Line]
[pin_not_connected]: Pin not connected
    ; error
    @(298.45 mm, 119.38 mm): Symbol U504 Pin 6 [IO4, Passive, Line]
[pin_not_connected]: Pin not connected
    ; error
    @(349.25 mm, 114.30 mm): Symbol U505 Pin 1 [IO1, Passive, Line]
[pin_not_connected]: Pin not connected
    ; error
    @(349.25 mm, 119.38 mm): Symbol U505 Pin 3 [IO2, Passive, Line]
[pin_not_connected]: Pin not connected
    ; error
    @(356.87 mm, 274.32 mm): Symbol JP502 Pin 1 [A, Passive, Line]
[pin_not_connected]: Pin not connected
    ; error
    @(359.41 mm, 55.88 mm): Symbol J505 Pin 1 [Pin_1, Passive, Line]
[pin_not_connected]: Pin not connected
    ; error
    @(359.41 mm, 58.42 mm): Symbol J505 Pin 2 [Pin_2, Passive, Line]
[pin_not_connected]: Pin not connected
    ; error
    @(359.41 mm, 60.96 mm): Symbol J505 Pin 3 [Pin_3, Passive, Line]
[pin_not_connected]: Pin not connected
    ; error
    @(361.95 mm, 104.14 mm): Symbol U505 Pin 5 [VP, Passive, Line]
[pin_not_connected]: Pin not connected
    ; error
    @(361.95 mm, 129.54 mm): Symbol U505 Pin 2 [VN, Passive, Line]
[pin_not_connected]: Pin not connected
    ; error
    @(361.95 mm, 153.67 mm): Symbol R522 Pin 1 [Passive, Line]
[pin_not_connected]: Pin not connected
    ; error
    @(361.95 mm, 161.29 mm): Symbol R522 Pin 2 [Passive, Line]
[pin_not_connected]: Pin not connected
    ; error
    @(361.95 mm, 194.31 mm): Symbol R535 Pin 1 [Passive, Line]
[pin_not_connected]: Pin not connected
    ; error
    @(361.95 mm, 201.93 mm): Symbol R535 Pin 2 [Passive, Line]
[pin_not_connected]: Pin not connected
    ; error
    @(361.95 mm, 233.68 mm): Symbol R547 Pin 1 [Passive, Line]
[pin_not_connected]: Pin not connected
    ; error
    @(361.95 mm, 241.30 mm): Symbol R547 Pin 2 [Passive, Line]
[pin_not_connected]: Pin not connected
    ; error
    @(367.03 mm, 274.32 mm): Symbol JP502 Pin 2 [B, Passive, Line]
[pin_not_connected]: Pin not connected
    ; error
    @(374.65 mm, 114.30 mm): Symbol U505 Pin 4 [IO3, Passive, Line]
[pin_not_connected]: Pin not connected
    ; error
    @(374.65 mm, 119.38 mm): Symbol U505 Pin 6 [IO4, Passive, Line]
[pin_not_connected]: Pin not connected
    ; error
    @(425.45 mm, 114.30 mm): Symbol U506 Pin 1 [IO1, Passive, Line]
[pin_not_connected]: Pin not connected
    ; error
    @(425.45 mm, 119.38 mm): Symbol U506 Pin 3 [IO2, Passive, Line]
[pin_not_connected]: Pin not connected
    ; error
    @(433.07 mm, 274.32 mm): Symbol JP503 Pin 1 [A, Passive, Line]
[pin_not_connected]: Pin not connected
    ; error
    @(434.34 mm, 55.88 mm): Symbol J506 Pin 1 [Pin_1, Passive, Line]
[pin_not_connected]: Pin not connected
    ; error
    @(434.34 mm, 58.42 mm): Symbol J506 Pin 2 [Pin_2, Passive, Line]
[pin_not_connected]: Pin not connected
    ; error
    @(434.34 mm, 60.96 mm): Symbol J506 Pin 3 [Pin_3, Passive, Line]
[pin_not_connected]: Pin not connected
    ; error
    @(434.34 mm, 63.50 mm): Symbol J506 Pin 4 [Pin_4, Passive, Line]
[pin_not_connected]: Pin not connected
    ; error
    @(434.34 mm, 66.04 mm): Symbol J506 Pin 5 [Pin_5, Passive, Line]
[pin_not_connected]: Pin not connected
    ; error
    @(434.34 mm, 68.58 mm): Symbol J506 Pin 6 [Pin_6, Passive, Line]
[pin_not_connected]: Pin not connected
    ; error
    @(434.34 mm, 71.12 mm): Symbol J506 Pin 7 [Pin_7, Passive, Line]
[pin_not_connected]: Pin not connected
    ; error
    @(438.15 mm, 104.14 mm): Symbol U506 Pin 5 [VP, Passive, Line]
[pin_not_connected]: Pin not connected
    ; error
    @(438.15 mm, 129.54 mm): Symbol U506 Pin 2 [VN, Passive, Line]
[pin_not_connected]: Pin not connected
    ; error
    @(438.15 mm, 153.67 mm): Symbol R523 Pin 1 [Passive, Line]
[pin_not_connected]: Pin not connected
    ; error
    @(438.15 mm, 161.29 mm): Symbol R523 Pin 2 [Passive, Line]
[pin_not_connected]: Pin not connected
    ; error
    @(438.15 mm, 194.31 mm): Symbol R541 Pin 1 [Passive, Line]
[pin_not_connected]: Pin not connected
    ; error
    @(438.15 mm, 201.93 mm): Symbol R541 Pin 2 [Passive, Line]
[pin_not_connected]: Pin not connected
    ; error
    @(438.15 mm, 233.68 mm): Symbol R548 Pin 1 [Passive, Line]
[pin_not_connected]: Pin not connected
    ; error
    @(438.15 mm, 241.30 mm): Symbol R548 Pin 2 [Passive, Line]
[pin_not_connected]: Pin not connected
    ; error
    @(443.23 mm, 274.32 mm): Symbol JP503 Pin 2 [B, Passive, Line]
[pin_not_connected]: Pin not connected
    ; error
    @(450.85 mm, 114.30 mm): Symbol U506 Pin 4 [IO3, Passive, Line]
[pin_not_connected]: Pin not connected
    ; error
    @(450.85 mm, 119.38 mm): Symbol U506 Pin 6 [IO4, Passive, Line]
[pin_not_connected]: Pin not connected
    ; error
    @(509.27 mm, 274.32 mm): Symbol JP504 Pin 1 [A, Passive, Line]
[pin_not_connected]: Pin not connected
    ; error
    @(510.54 mm, 55.88 mm): Symbol J507 Pin 1 [Pin_1, Passive, Line]
[pin_not_connected]: Pin not connected
    ; error
    @(510.54 mm, 58.42 mm): Symbol J507 Pin 2 [Pin_2, Passive, Line]
[pin_not_connected]: Pin not connected
    ; error
    @(510.54 mm, 60.96 mm): Symbol J507 Pin 3 [Pin_3, Passive, Line]
[pin_not_connected]: Pin not connected
    ; error
    @(510.54 mm, 63.50 mm): Symbol J507 Pin 4 [Pin_4, Passive, Line]
[pin_not_connected]: Pin not connected
    ; error
    @(510.54 mm, 66.04 mm): Symbol J507 Pin 5 [Pin_5, Passive, Line]
[pin_not_connected]: Pin not connected
    ; error
    @(510.54 mm, 68.58 mm): Symbol J507 Pin 6 [Pin_6, Passive, Line]
[pin_not_connected]: Pin not connected
    ; error
    @(510.54 mm, 71.12 mm): Symbol J507 Pin 7 [Pin_7, Passive, Line]
[pin_not_connected]: Pin not connected
    ; error
    @(510.54 mm, 73.66 mm): Symbol J507 Pin 8 [Pin_8, Passive, Line]
[pin_not_connected]: Pin not connected
    ; error
    @(510.54 mm, 76.20 mm): Symbol J507 Pin 9 [Pin_9, Passive, Line]
[pin_not_connected]: Pin not connected
    ; error
    @(510.54 mm, 78.74 mm): Symbol J507 Pin 10 [Pin_10, Passive, Line]
[pin_not_connected]: Pin not connected
    ; error
    @(514.35 mm, 104.14 mm): Symbol R511 Pin 1 [Passive, Line]
[pin_not_connected]: Pin not connected
    ; error
    @(514.35 mm, 111.76 mm): Symbol R511 Pin 2 [Passive, Line]
[pin_not_connected]: Pin not connected
    ; error
    @(514.35 mm, 153.67 mm): Symbol R524 Pin 1 [Passive, Line]
[pin_not_connected]: Pin not connected
    ; error
    @(514.35 mm, 161.29 mm): Symbol R524 Pin 2 [Passive, Line]
[pin_not_connected]: Pin not connected
    ; error
    @(514.35 mm, 194.31 mm): Symbol R542 Pin 1 [Passive, Line]
[pin_not_connected]: Pin not connected
    ; error
    @(514.35 mm, 201.93 mm): Symbol R542 Pin 2 [Passive, Line]
[pin_not_connected]: Pin not connected
    ; error
    @(514.35 mm, 233.68 mm): Symbol R551 Pin 1 [Passive, Line]
[pin_not_connected]: Pin not connected
    ; error
    @(514.35 mm, 241.30 mm): Symbol R551 Pin 2 [Passive, Line]
[pin_not_connected]: Pin not connected
    ; error
    @(519.43 mm, 274.32 mm): Symbol JP504 Pin 2 [B, Passive, Line]

 ** ERC messages: 455  Errors 451  Warnings 4

 ** Ignored checks:
    - Global label only appears once in the schematic
    - Four connection points are joined together
    - SPICE model issue
    - Assigned footprint doesn't match footprint filters
