ERC report (2026-09-29T20:47:57, Encoding UTF8)
Report includes: Errors, Warnings

***** Sheet /
[isolated_pin_label]: Label connected to only one pin
    ; warning
    @(128.27 mm, 77.47 mm): Global Label 'CAN2_TX'
[isolated_pin_label]: Label connected to only one pin
    ; warning
    @(128.27 mm, 85.09 mm): Global Label 'CAN2_RX'
[isolated_pin_label]: Label connected to only one pin
    ; warning
    @(138.43 mm, 104.14 mm): Global Label 'CAN3_TX'
[isolated_pin_label]: Label connected to only one pin
    ; warning
    @(138.43 mm, 111.76 mm): Global Label 'CAN3_RX'
[isolated_pin_label]: Label connected to only one pin
    ; warning
    @(137.16 mm, 83.82 mm): Global Label 'CAN1_TX'
[isolated_pin_label]: Label connected to only one pin
    ; warning
    @(137.16 mm, 91.44 mm): Global Label 'CAN1_RX'
[unconnected_wire_endpoint]: Unconnected wire endpoint
    ; warning
    @(59.69 mm, 58.42 mm): Horizontal Wire, length 16.51 mm
[unconnected_wire_endpoint]: Unconnected wire endpoint
    ; warning
    @(67.31 mm, 68.58 mm): Horizontal Wire, length 24.13 mm
[unconnected_wire_endpoint]: Unconnected wire endpoint
    ; warning
    @(130.81 mm, 58.42 mm): Horizontal Wire, length 10.16 mm

***** Sheet /5V input / eFuse / USB diode OR (1)/

***** Sheet /Star power / Teensy / indicators (1)/
[pin_not_connected]: Pin not connected
    ; error
    @(257.81 mm, 163.83 mm): Symbol J210 Pin 2 [0, Passive, Line]
[pin_not_connected]: Pin not connected
    ; error
    @(257.81 mm, 166.37 mm): Symbol J210 Pin 3 [1, Passive, Line]
[pin_not_connected]: Pin not connected
    ; error
    @(257.81 mm, 168.91 mm): Symbol J210 Pin 4 [2, Passive, Line]
[pin_not_connected]: Pin not connected
    ; error
    @(257.81 mm, 171.45 mm): Symbol J210 Pin 5 [3, Passive, Line]
[pin_not_connected]: Pin not connected
    ; error
    @(257.81 mm, 173.99 mm): Symbol J210 Pin 6 [4, Passive, Line]
[pin_not_connected]: Pin not connected
    ; error
    @(257.81 mm, 176.53 mm): Symbol J210 Pin 7 [5, Passive, Line]
[pin_not_connected]: Pin not connected
    ; error
    @(257.81 mm, 189.23 mm): Symbol J210 Pin 12 [10, Passive, Line]
[pin_not_connected]: Pin not connected
    ; error
    @(257.81 mm, 191.77 mm): Symbol J210 Pin 13 [11, Passive, Line]
[pin_not_connected]: Pin not connected
    ; error
    @(257.81 mm, 194.31 mm): Symbol J210 Pin 14 [12, Passive, Line]
[pin_not_connected]: Pin not connected
    ; error
    @(257.81 mm, 199.39 mm): Symbol J210 Pin 16 [24/A10, Passive, Line]
[pin_not_connected]: Pin not connected
    ; error
    @(257.81 mm, 201.93 mm): Symbol J210 Pin 17 [25/A11, Passive, Line]
[pin_not_connected]: Pin not connected
    ; error
    @(257.81 mm, 204.47 mm): Symbol J210 Pin 18 [26/A12, Passive, Line]
[pin_not_connected]: Pin not connected
    ; error
    @(257.81 mm, 207.01 mm): Symbol J210 Pin 19 [27/A13, Passive, Line]
[pin_not_connected]: Pin not connected
    ; error
    @(257.81 mm, 209.55 mm): Symbol J210 Pin 20 [28, Passive, Line]
[pin_not_connected]: Pin not connected
    ; error
    @(257.81 mm, 212.09 mm): Symbol J210 Pin 21 [29, Passive, Line]
[pin_not_connected]: Pin not connected
    ; error
    @(257.81 mm, 214.63 mm): Symbol J210 Pin 22 [30, Passive, Line]
[pin_not_connected]: Pin not connected
    ; error
    @(257.81 mm, 217.17 mm): Symbol J210 Pin 23 [31, Passive, Line]
[pin_not_connected]: Pin not connected
    ; error
    @(303.53 mm, 168.91 mm): Symbol J210 Pin 45 [23/A9, Passive, Line]
[pin_not_connected]: Pin not connected
    ; error
    @(303.53 mm, 171.45 mm): Symbol J210 Pin 44 [22/A8, Passive, Line]
[pin_not_connected]: Pin not connected
    ; error
    @(303.53 mm, 173.99 mm): Symbol J210 Pin 43 [21/A7, Passive, Line]
[pin_not_connected]: Pin not connected
    ; error
    @(303.53 mm, 176.53 mm): Symbol J210 Pin 42 [20/A6, Passive, Line]
[pin_not_connected]: Pin not connected
    ; error
    @(303.53 mm, 179.07 mm): Symbol J210 Pin 41 [19/A5, Passive, Line]
[pin_not_connected]: Pin not connected
    ; error
    @(303.53 mm, 181.61 mm): Symbol J210 Pin 40 [18/A4, Passive, Line]
[pin_not_connected]: Pin not connected
    ; error
    @(303.53 mm, 184.15 mm): Symbol J210 Pin 39 [17/A3, Passive, Line]
[pin_not_connected]: Pin not connected
    ; error
    @(303.53 mm, 186.69 mm): Symbol J210 Pin 38 [16/A2, Passive, Line]
[pin_not_connected]: Pin not connected
    ; error
    @(303.53 mm, 189.23 mm): Symbol J210 Pin 37 [15/A1, Passive, Line]
[pin_not_connected]: Pin not connected
    ; error
    @(303.53 mm, 191.77 mm): Symbol J210 Pin 36 [14/A0, Passive, Line]
[pin_not_connected]: Pin not connected
    ; error
    @(303.53 mm, 194.31 mm): Symbol J210 Pin 35 [13, Passive, Line]
[pin_not_connected]: Pin not connected
    ; error
    @(303.53 mm, 199.39 mm): Symbol J210 Pin 33 [41/A17, Passive, Line]
[pin_not_connected]: Pin not connected
    ; error
    @(303.53 mm, 201.93 mm): Symbol J210 Pin 32 [40/A16, Passive, Line]
[pin_not_connected]: Pin not connected
    ; error
    @(303.53 mm, 204.47 mm): Symbol J210 Pin 31 [39, Passive, Line]
[pin_not_connected]: Pin not connected
    ; error
    @(303.53 mm, 207.01 mm): Symbol J210 Pin 30 [38, Passive, Line]
[pin_not_connected]: Pin not connected
    ; error
    @(303.53 mm, 209.55 mm): Symbol J210 Pin 29 [37, Passive, Line]
[pin_not_connected]: Pin not connected
    ; error
    @(303.53 mm, 212.09 mm): Symbol J210 Pin 28 [36, Passive, Line]
[pin_not_connected]: Pin not connected
    ; error
    @(303.53 mm, 214.63 mm): Symbol J210 Pin 27 [35, Passive, Line]
[pin_not_connected]: Pin not connected
    ; error
    @(303.53 mm, 217.17 mm): Symbol J210 Pin 26 [34, Passive, Line]
[pin_not_connected]: Pin not connected
    ; error
    @(303.53 mm, 219.71 mm): Symbol J210 Pin 25 [33, Passive, Line]

***** Sheet /CAN1 Sensor (1)/
[pin_not_driven]: Input pin not driven by any Output pins
    ; error
    @(156.21 mm, 83.82 mm): Symbol U311 Pin 1 [TXD, Input, Line]
[power_pin_not_driven]: Input Power pin not driven by any Output Power pins
    ; error
    @(156.21 mm, 88.90 mm): Symbol U311 Pin 3 [VCC, Power input, Line]
[power_pin_not_driven]: Input Power pin not driven by any Output Power pins
    ; error
    @(184.15 mm, 91.44 mm): Symbol U311 Pin 5 [VIO, Power input, Line]

***** Sheet /CAN2 Expansion (1)/
[pin_not_driven]: Input pin not driven by any Output pins
    ; error
    @(147.32 mm, 77.47 mm): Symbol U312 Pin 1 [TXD, Input, Line]
[power_pin_not_driven]: Input Power pin not driven by any Output Power pins
    ; error
    @(175.26 mm, 85.09 mm): Symbol U312 Pin 5 [VIO, Power input, Line]

***** Sheet /CAN3 Drive (1)/
[pin_not_driven]: Input pin not driven by any Output pins
    ; error
    @(157.48 mm, 104.14 mm): Symbol U313 Pin 1 [TXD, Input, Line]
[power_pin_not_driven]: Input Power pin not driven by any Output Power pins
    ; error
    @(185.42 mm, 111.76 mm): Symbol U313 Pin 5 [VIO, Power input, Line]

***** Sheet /E-stop monitoring / central coil driver (1)/
[pin_not_connected]: Pin not connected
    ; error
    @(58.42 mm, 219.71 mm): Symbol C401 Pin 1 [Passive, Line]
[pin_not_connected]: Pin not connected
    ; error
    @(58.42 mm, 227.33 mm): Symbol C401 Pin 2 [Passive, Line]
[pin_not_connected]: Pin not connected
    ; error
    @(58.42 mm, 262.89 mm): Symbol TP406 Pin 1 [1, Passive, Line]
[pin_not_connected]: Pin not connected
    ; error
    @(67.31 mm, 96.52 mm): Symbol J403 Pin 1 [Pin_1, Passive, Line]
[pin_not_connected]: Pin not connected
    ; error
    @(67.31 mm, 99.06 mm): Symbol J403 Pin 2 [Pin_2, Passive, Line]
[pin_not_connected]: Pin not connected
    ; error
    @(76.20 mm, 58.42 mm): Symbol R401 Pin 1 [Passive, Line]
[pin_not_connected]: Pin not connected
    ; error
    @(110.49 mm, 115.57 mm): Symbol J402 Pin 1 [Pin_1, Passive, Line]
[pin_not_connected]: Pin not connected
    ; error
    @(110.49 mm, 118.11 mm): Symbol J402 Pin 2 [Pin_2, Passive, Line]
[pin_not_connected]: Pin not connected
    ; error
    @(130.81 mm, 46.99 mm): Symbol R409 Pin 1 [Passive, Line]
[pin_not_connected]: Pin not connected
    ; error
    @(134.62 mm, 219.71 mm): Symbol F401 Pin 1 [Passive, Line]
[pin_not_connected]: Pin not connected
    ; error
    @(134.62 mm, 227.33 mm): Symbol F401 Pin 2 [Passive, Line]
[pin_not_connected]: Pin not connected
    ; error
    @(195.58 mm, 185.42 mm): Symbol U402 Pin 2 [Input, Line]
[pin_not_driven]: Input pin not driven by any Output pins
    ; error
    @(195.58 mm, 185.42 mm): Symbol U402 Pin 2 [Input, Line]
[pin_not_connected]: Pin not connected
    ; error
    @(205.74 mm, 175.26 mm): Symbol U402 Pin 5 [VCC, Power input, Line]
[power_pin_not_driven]: Input Power pin not driven by any Output Power pins
    ; error
    @(205.74 mm, 175.26 mm): Symbol U402 Pin 5 [VCC, Power input, Line]
[pin_not_connected]: Pin not connected
    ; error
    @(205.74 mm, 195.58 mm): Symbol U402 Pin 3 [GND, Power input, Line]
[power_pin_not_driven]: Input Power pin not driven by any Output Power pins
    ; error
    @(205.74 mm, 195.58 mm): Symbol U402 Pin 3 [GND, Power input, Line]
[pin_not_connected]: Pin not connected
    ; error
    @(209.55 mm, 222.25 mm): Symbol TP401 Pin 1 [1, Passive, Line]
[pin_not_connected]: Pin not connected
    ; error
    @(210.82 mm, 175.26 mm): Symbol U402 Pin 1 [Input, Inverted]
[pin_not_driven]: Input pin not driven by any Output pins
    ; error
    @(210.82 mm, 175.26 mm): Symbol U402 Pin 1 [Input, Inverted]
[pin_not_connected]: Pin not connected
    ; error
    @(223.52 mm, 185.42 mm): Symbol U402 Pin 4 [Tri-state, Line]
[pin_not_connected]: Pin not connected
    ; error
    @(281.94 mm, 180.34 mm): Symbol Q401 Pin 1 [G, Input, Line]
[pin_not_driven]: Input pin not driven by any Output pins
    ; error
    @(281.94 mm, 180.34 mm): Symbol Q401 Pin 1 [G, Input, Line]
[pin_not_connected]: Pin not connected
    ; error
    @(289.56 mm, 175.26 mm): Symbol Q401 Pin 3 [D, Passive, Line]
[pin_not_connected]: Pin not connected
    ; error
    @(289.56 mm, 185.42 mm): Symbol Q401 Pin 2 [S, Passive, Line]
[pin_not_connected]: Pin not connected
    ; error
    @(361.95 mm, 175.26 mm): Symbol R413 Pin 1 [Passive, Line]
[pin_not_connected]: Pin not connected
    ; error
    @(361.95 mm, 182.88 mm): Symbol R413 Pin 2 [Passive, Line]
[pin_not_connected]: Pin not connected
    ; error
    @(438.15 mm, 175.26 mm): Symbol R414 Pin 1 [Passive, Line]
[pin_not_connected]: Pin not connected
    ; error
    @(438.15 mm, 182.88 mm): Symbol R414 Pin 2 [Passive, Line]
[pin_not_connected]: Pin not connected
    ; error
    @(514.35 mm, 175.26 mm): Symbol R415 Pin 1 [Passive, Line]
[pin_not_connected]: Pin not connected
    ; error
    @(514.35 mm, 182.88 mm): Symbol R415 Pin 2 [Passive, Line]

***** Sheet /Matek battery monitor / expansion I/O (1)/
[pin_not_connected]: Pin not connected
    ; error
    @(45.72 mm, 114.30 mm): Symbol U501 Pin 1 [IO1, Passive, Line]
[pin_not_connected]: Pin not connected
    ; error
    @(45.72 mm, 119.38 mm): Symbol U501 Pin 3 [IO2, Passive, Line]
[pin_not_connected]: Pin not connected
    ; error
    @(54.61 mm, 55.88 mm): Symbol J501 Pin 1 [Pin_1, Passive, Line]
[pin_not_connected]: Pin not connected
    ; error
    @(54.61 mm, 58.42 mm): Symbol J501 Pin 2 [Pin_2, Passive, Line]
[pin_not_connected]: Pin not connected
    ; error
    @(54.61 mm, 60.96 mm): Symbol J501 Pin 3 [Pin_3, Passive, Line]
[pin_not_connected]: Pin not connected
    ; error
    @(54.61 mm, 63.50 mm): Symbol J501 Pin 4 [Pin_4, Passive, Line]
[pin_not_connected]: Pin not connected
    ; error
    @(58.42 mm, 104.14 mm): Symbol U501 Pin 5 [VP, Passive, Line]
[pin_not_connected]: Pin not connected
    ; error
    @(58.42 mm, 129.54 mm): Symbol U501 Pin 2 [VN, Passive, Line]
[pin_not_connected]: Pin not connected
    ; error
    @(58.42 mm, 153.67 mm): Symbol R512 Pin 1 [Passive, Line]
[pin_not_connected]: Pin not connected
    ; error
    @(58.42 mm, 161.29 mm): Symbol R512 Pin 2 [Passive, Line]
[pin_not_connected]: Pin not connected
    ; error
    @(58.42 mm, 194.31 mm): Symbol R531 Pin 1 [Passive, Line]
[pin_not_connected]: Pin not connected
    ; error
    @(58.42 mm, 201.93 mm): Symbol R531 Pin 2 [Passive, Line]
[pin_not_connected]: Pin not connected
    ; error
    @(58.42 mm, 233.68 mm): Symbol R543 Pin 1 [Passive, Line]
[pin_not_connected]: Pin not connected
    ; error
    @(58.42 mm, 241.30 mm): Symbol R543 Pin 2 [Passive, Line]
[pin_not_connected]: Pin not connected
    ; error
    @(58.42 mm, 274.32 mm): Symbol R552 Pin 1 [Passive, Line]
[pin_not_connected]: Pin not connected
    ; error
    @(58.42 mm, 281.94 mm): Symbol R552 Pin 2 [Passive, Line]
[pin_not_connected]: Pin not connected
    ; error
    @(58.42 mm, 317.50 mm): Symbol TP501 Pin 1 [1, Passive, Line]
[pin_not_connected]: Pin not connected
    ; error
    @(71.12 mm, 114.30 mm): Symbol U501 Pin 4 [IO3, Passive, Line]
[pin_not_connected]: Pin not connected
    ; error
    @(71.12 mm, 119.38 mm): Symbol U501 Pin 6 [IO4, Passive, Line]
[pin_not_connected]: Pin not connected
    ; error
    @(121.92 mm, 114.30 mm): Symbol U502 Pin 1 [IO1, Passive, Line]
[pin_not_connected]: Pin not connected
    ; error
    @(121.92 mm, 119.38 mm): Symbol U502 Pin 3 [IO2, Passive, Line]
[pin_not_connected]: Pin not connected
    ; error
    @(129.54 mm, 317.50 mm): Symbol JP505 Pin 1 [Pin_1, Passive, Line]
[pin_not_connected]: Pin not connected
    ; error
    @(129.54 mm, 320.04 mm): Symbol JP505 Pin 2 [Pin_2, Passive, Line]
[pin_not_connected]: Pin not connected
    ; error
    @(129.54 mm, 322.58 mm): Symbol JP505 Pin 3 [Pin_3, Passive, Line]
[pin_not_connected]: Pin not connected
    ; error
    @(130.81 mm, 55.88 mm): Symbol J502 Pin 1 [Pin_1, Passive, Line]
[pin_not_connected]: Pin not connected
    ; error
    @(130.81 mm, 58.42 mm): Symbol J502 Pin 2 [Pin_2, Passive, Line]
[pin_not_connected]: Pin not connected
    ; error
    @(130.81 mm, 60.96 mm): Symbol J502 Pin 3 [Pin_3, Passive, Line]
[pin_not_connected]: Pin not connected
    ; error
    @(130.81 mm, 63.50 mm): Symbol J502 Pin 4 [Pin_4, Passive, Line]
[pin_not_connected]: Pin not connected
    ; error
    @(134.62 mm, 104.14 mm): Symbol U502 Pin 5 [VP, Passive, Line]
[pin_not_connected]: Pin not connected
    ; error
    @(134.62 mm, 129.54 mm): Symbol U502 Pin 2 [VN, Passive, Line]
[pin_not_connected]: Pin not connected
    ; error
    @(134.62 mm, 153.67 mm): Symbol R513 Pin 1 [Passive, Line]
[pin_not_connected]: Pin not connected
    ; error
    @(134.62 mm, 161.29 mm): Symbol R513 Pin 2 [Passive, Line]
[pin_not_connected]: Pin not connected
    ; error
    @(134.62 mm, 194.31 mm): Symbol R532 Pin 1 [Passive, Line]
[pin_not_connected]: Pin not connected
    ; error
    @(134.62 mm, 201.93 mm): Symbol R532 Pin 2 [Passive, Line]
[pin_not_connected]: Pin not connected
    ; error
    @(134.62 mm, 233.68 mm): Symbol R544 Pin 1 [Passive, Line]
[pin_not_connected]: Pin not connected
    ; error
    @(134.62 mm, 241.30 mm): Symbol R544 Pin 2 [Passive, Line]
[pin_not_connected]: Pin not connected
    ; error
    @(134.62 mm, 274.32 mm): Symbol R553 Pin 1 [Passive, Line]
[pin_not_connected]: Pin not connected
    ; error
    @(134.62 mm, 281.94 mm): Symbol R553 Pin 2 [Passive, Line]
[pin_not_connected]: Pin not connected
    ; error
    @(147.32 mm, 114.30 mm): Symbol U502 Pin 4 [IO3, Passive, Line]
[pin_not_connected]: Pin not connected
    ; error
    @(147.32 mm, 119.38 mm): Symbol U502 Pin 6 [IO4, Passive, Line]
[pin_not_connected]: Pin not connected
    ; error
    @(196.85 mm, 114.30 mm): Symbol U503 Pin 1 [IO1, Passive, Line]
[pin_not_connected]: Pin not connected
    ; error
    @(196.85 mm, 119.38 mm): Symbol U503 Pin 3 [IO2, Passive, Line]
[pin_not_connected]: Pin not connected
    ; error
    @(207.01 mm, 55.88 mm): Symbol J503 Pin 1 [Pin_1, Passive, Line]
[pin_not_connected]: Pin not connected
    ; error
    @(207.01 mm, 58.42 mm): Symbol J503 Pin 2 [Pin_2, Passive, Line]
[pin_not_connected]: Pin not connected
    ; error
    @(207.01 mm, 60.96 mm): Symbol J503 Pin 3 [Pin_3, Passive, Line]
[pin_not_connected]: Pin not connected
    ; error
    @(207.01 mm, 63.50 mm): Symbol J503 Pin 4 [Pin_4, Passive, Line]
[pin_not_connected]: Pin not connected
    ; error
    @(209.55 mm, 104.14 mm): Symbol U503 Pin 5 [VP, Passive, Line]
[pin_not_connected]: Pin not connected
    ; error
    @(209.55 mm, 129.54 mm): Symbol U503 Pin 2 [VN, Passive, Line]
[pin_not_connected]: Pin not connected
    ; error
    @(209.55 mm, 153.67 mm): Symbol R514 Pin 1 [Passive, Line]
[pin_not_connected]: Pin not connected
    ; error
    @(209.55 mm, 161.29 mm): Symbol R514 Pin 2 [Passive, Line]
[pin_not_connected]: Pin not connected
    ; error
    @(209.55 mm, 194.31 mm): Symbol R533 Pin 1 [Passive, Line]
[pin_not_connected]: Pin not connected
    ; error
    @(209.55 mm, 201.93 mm): Symbol R533 Pin 2 [Passive, Line]
[pin_not_connected]: Pin not connected
    ; error
    @(209.55 mm, 233.68 mm): Symbol R545 Pin 1 [Passive, Line]
[pin_not_connected]: Pin not connected
    ; error
    @(209.55 mm, 241.30 mm): Symbol R545 Pin 2 [Passive, Line]
[pin_not_connected]: Pin not connected
    ; error
    @(209.55 mm, 274.32 mm): Symbol R554 Pin 1 [Passive, Line]
[pin_not_connected]: Pin not connected
    ; error
    @(209.55 mm, 281.94 mm): Symbol R554 Pin 2 [Passive, Line]
[pin_not_connected]: Pin not connected
    ; error
    @(222.25 mm, 114.30 mm): Symbol U503 Pin 4 [IO3, Passive, Line]
[pin_not_connected]: Pin not connected
    ; error
    @(222.25 mm, 119.38 mm): Symbol U503 Pin 6 [IO4, Passive, Line]
[pin_not_connected]: Pin not connected
    ; error
    @(273.05 mm, 114.30 mm): Symbol U504 Pin 1 [IO1, Passive, Line]
[pin_not_connected]: Pin not connected
    ; error
    @(273.05 mm, 119.38 mm): Symbol U504 Pin 3 [IO2, Passive, Line]
[pin_not_connected]: Pin not connected
    ; error
    @(280.67 mm, 274.32 mm): Symbol JP501 Pin 1 [A, Passive, Line]
[pin_not_connected]: Pin not connected
    ; error
    @(283.21 mm, 55.88 mm): Symbol J504 Pin 1 [Pin_1, Passive, Line]
[pin_not_connected]: Pin not connected
    ; error
    @(283.21 mm, 58.42 mm): Symbol J504 Pin 2 [Pin_2, Passive, Line]
[pin_not_connected]: Pin not connected
    ; error
    @(283.21 mm, 60.96 mm): Symbol J504 Pin 3 [Pin_3, Passive, Line]
[pin_not_connected]: Pin not connected
    ; error
    @(285.75 mm, 104.14 mm): Symbol U504 Pin 5 [VP, Passive, Line]
[pin_not_connected]: Pin not connected
    ; error
    @(285.75 mm, 129.54 mm): Symbol U504 Pin 2 [VN, Passive, Line]
[pin_not_connected]: Pin not connected
    ; error
    @(285.75 mm, 153.67 mm): Symbol R521 Pin 1 [Passive, Line]
[pin_not_connected]: Pin not connected
    ; error
    @(285.75 mm, 161.29 mm): Symbol R521 Pin 2 [Passive, Line]
[pin_not_connected]: Pin not connected
    ; error
    @(285.75 mm, 194.31 mm): Symbol R534 Pin 1 [Passive, Line]
[pin_not_connected]: Pin not connected
    ; error
    @(285.75 mm, 201.93 mm): Symbol R534 Pin 2 [Passive, Line]
[pin_not_connected]: Pin not connected
    ; error
    @(285.75 mm, 233.68 mm): Symbol R546 Pin 1 [Passive, Line]
[pin_not_connected]: Pin not connected
    ; error
    @(285.75 mm, 241.30 mm): Symbol R546 Pin 2 [Passive, Line]
[pin_not_connected]: Pin not connected
    ; error
    @(290.83 mm, 274.32 mm): Symbol JP501 Pin 2 [B, Passive, Line]
[pin_not_connected]: Pin not connected
    ; error
    @(298.45 mm, 114.30 mm): Symbol U504 Pin 4 [IO3, Passive, Line]
[pin_not_connected]: Pin not connected
    ; error
    @(298.45 mm, 119.38 mm): Symbol U504 Pin 6 [IO4, Passive, Line]
[pin_not_connected]: Pin not connected
    ; error
    @(349.25 mm, 114.30 mm): Symbol U505 Pin 1 [IO1, Passive, Line]
[pin_not_connected]: Pin not connected
    ; error
    @(349.25 mm, 119.38 mm): Symbol U505 Pin 3 [IO2, Passive, Line]
[pin_not_connected]: Pin not connected
    ; error
    @(356.87 mm, 274.32 mm): Symbol JP502 Pin 1 [A, Passive, Line]
[pin_not_connected]: Pin not connected
    ; error
    @(359.41 mm, 55.88 mm): Symbol J505 Pin 1 [Pin_1, Passive, Line]
[pin_not_connected]: Pin not connected
    ; error
    @(359.41 mm, 58.42 mm): Symbol J505 Pin 2 [Pin_2, Passive, Line]
[pin_not_connected]: Pin not connected
    ; error
    @(359.41 mm, 60.96 mm): Symbol J505 Pin 3 [Pin_3, Passive, Line]
[pin_not_connected]: Pin not connected
    ; error
    @(361.95 mm, 104.14 mm): Symbol U505 Pin 5 [VP, Passive, Line]
[pin_not_connected]: Pin not connected
    ; error
    @(361.95 mm, 129.54 mm): Symbol U505 Pin 2 [VN, Passive, Line]
[pin_not_connected]: Pin not connected
    ; error
    @(361.95 mm, 153.67 mm): Symbol R522 Pin 1 [Passive, Line]
[pin_not_connected]: Pin not connected
    ; error
    @(361.95 mm, 161.29 mm): Symbol R522 Pin 2 [Passive, Line]
[pin_not_connected]: Pin not connected
    ; error
    @(361.95 mm, 194.31 mm): Symbol R535 Pin 1 [Passive, Line]
[pin_not_connected]: Pin not connected
    ; error
    @(361.95 mm, 201.93 mm): Symbol R535 Pin 2 [Passive, Line]
[pin_not_connected]: Pin not connected
    ; error
    @(361.95 mm, 233.68 mm): Symbol R547 Pin 1 [Passive, Line]
[pin_not_connected]: Pin not connected
    ; error
    @(361.95 mm, 241.30 mm): Symbol R547 Pin 2 [Passive, Line]
[pin_not_connected]: Pin not connected
    ; error
    @(367.03 mm, 274.32 mm): Symbol JP502 Pin 2 [B, Passive, Line]
[pin_not_connected]: Pin not connected
    ; error
    @(374.65 mm, 114.30 mm): Symbol U505 Pin 4 [IO3, Passive, Line]
[pin_not_connected]: Pin not connected
    ; error
    @(374.65 mm, 119.38 mm): Symbol U505 Pin 6 [IO4, Passive, Line]
[pin_not_connected]: Pin not connected
    ; error
    @(425.45 mm, 114.30 mm): Symbol U506 Pin 1 [IO1, Passive, Line]
[pin_not_connected]: Pin not connected
    ; error
    @(425.45 mm, 119.38 mm): Symbol U506 Pin 3 [IO2, Passive, Line]
[pin_not_connected]: Pin not connected
    ; error
    @(433.07 mm, 274.32 mm): Symbol JP503 Pin 1 [A, Passive, Line]
[pin_not_connected]: Pin not connected
    ; error
    @(434.34 mm, 55.88 mm): Symbol J506 Pin 1 [Pin_1, Passive, Line]
[pin_not_connected]: Pin not connected
    ; error
    @(434.34 mm, 58.42 mm): Symbol J506 Pin 2 [Pin_2, Passive, Line]
[pin_not_connected]: Pin not connected
    ; error
    @(434.34 mm, 60.96 mm): Symbol J506 Pin 3 [Pin_3, Passive, Line]
[pin_not_connected]: Pin not connected
    ; error
    @(434.34 mm, 63.50 mm): Symbol J506 Pin 4 [Pin_4, Passive, Line]
[pin_not_connected]: Pin not connected
    ; error
    @(434.34 mm, 66.04 mm): Symbol J506 Pin 5 [Pin_5, Passive, Line]
[pin_not_connected]: Pin not connected
    ; error
    @(434.34 mm, 68.58 mm): Symbol J506 Pin 6 [Pin_6, Passive, Line]
[pin_not_connected]: Pin not connected
    ; error
    @(434.34 mm, 71.12 mm): Symbol J506 Pin 7 [Pin_7, Passive, Line]
[pin_not_connected]: Pin not connected
    ; error
    @(438.15 mm, 104.14 mm): Symbol U506 Pin 5 [VP, Passive, Line]
[pin_not_connected]: Pin not connected
    ; error
    @(438.15 mm, 129.54 mm): Symbol U506 Pin 2 [VN, Passive, Line]
[pin_not_connected]: Pin not connected
    ; error
    @(438.15 mm, 153.67 mm): Symbol R523 Pin 1 [Passive, Line]
[pin_not_connected]: Pin not connected
    ; error
    @(438.15 mm, 161.29 mm): Symbol R523 Pin 2 [Passive, Line]
[pin_not_connected]: Pin not connected
    ; error
    @(438.15 mm, 194.31 mm): Symbol R541 Pin 1 [Passive, Line]
[pin_not_connected]: Pin not connected
    ; error
    @(438.15 mm, 201.93 mm): Symbol R541 Pin 2 [Passive, Line]
[pin_not_connected]: Pin not connected
    ; error
    @(438.15 mm, 233.68 mm): Symbol R548 Pin 1 [Passive, Line]
[pin_not_connected]: Pin not connected
    ; error
    @(438.15 mm, 241.30 mm): Symbol R548 Pin 2 [Passive, Line]
[pin_not_connected]: Pin not connected
    ; error
    @(443.23 mm, 274.32 mm): Symbol JP503 Pin 2 [B, Passive, Line]
[pin_not_connected]: Pin not connected
    ; error
    @(450.85 mm, 114.30 mm): Symbol U506 Pin 4 [IO3, Passive, Line]
[pin_not_connected]: Pin not connected
    ; error
    @(450.85 mm, 119.38 mm): Symbol U506 Pin 6 [IO4, Passive, Line]
[pin_not_connected]: Pin not connected
    ; error
    @(509.27 mm, 274.32 mm): Symbol JP504 Pin 1 [A, Passive, Line]
[pin_not_connected]: Pin not connected
    ; error
    @(510.54 mm, 55.88 mm): Symbol J507 Pin 1 [Pin_1, Passive, Line]
[pin_not_connected]: Pin not connected
    ; error
    @(510.54 mm, 58.42 mm): Symbol J507 Pin 2 [Pin_2, Passive, Line]
[pin_not_connected]: Pin not connected
    ; error
    @(510.54 mm, 60.96 mm): Symbol J507 Pin 3 [Pin_3, Passive, Line]
[pin_not_connected]: Pin not connected
    ; error
    @(510.54 mm, 63.50 mm): Symbol J507 Pin 4 [Pin_4, Passive, Line]
[pin_not_connected]: Pin not connected
    ; error
    @(510.54 mm, 66.04 mm): Symbol J507 Pin 5 [Pin_5, Passive, Line]
[pin_not_connected]: Pin not connected
    ; error
    @(510.54 mm, 68.58 mm): Symbol J507 Pin 6 [Pin_6, Passive, Line]
[pin_not_connected]: Pin not connected
    ; error
    @(510.54 mm, 71.12 mm): Symbol J507 Pin 7 [Pin_7, Passive, Line]
[pin_not_connected]: Pin not connected
    ; error
    @(510.54 mm, 73.66 mm): Symbol J507 Pin 8 [Pin_8, Passive, Line]
[pin_not_connected]: Pin not connected
    ; error
    @(510.54 mm, 76.20 mm): Symbol J507 Pin 9 [Pin_9, Passive, Line]
[pin_not_connected]: Pin not connected
    ; error
    @(510.54 mm, 78.74 mm): Symbol J507 Pin 10 [Pin_10, Passive, Line]
[pin_not_connected]: Pin not connected
    ; error
    @(514.35 mm, 104.14 mm): Symbol R511 Pin 1 [Passive, Line]
[pin_not_connected]: Pin not connected
    ; error
    @(514.35 mm, 111.76 mm): Symbol R511 Pin 2 [Passive, Line]
[pin_not_connected]: Pin not connected
    ; error
    @(514.35 mm, 153.67 mm): Symbol R524 Pin 1 [Passive, Line]
[pin_not_connected]: Pin not connected
    ; error
    @(514.35 mm, 161.29 mm): Symbol R524 Pin 2 [Passive, Line]
[pin_not_connected]: Pin not connected
    ; error
    @(514.35 mm, 194.31 mm): Symbol R542 Pin 1 [Passive, Line]
[pin_not_connected]: Pin not connected
    ; error
    @(514.35 mm, 201.93 mm): Symbol R542 Pin 2 [Passive, Line]
[pin_not_connected]: Pin not connected
    ; error
    @(514.35 mm, 233.68 mm): Symbol R551 Pin 1 [Passive, Line]
[pin_not_connected]: Pin not connected
    ; error
    @(514.35 mm, 241.30 mm): Symbol R551 Pin 2 [Passive, Line]
[pin_not_connected]: Pin not connected
    ; error
    @(519.43 mm, 274.32 mm): Symbol JP504 Pin 2 [B, Passive, Line]

 ** ERC messages: 217  Errors 208  Warnings 9

 ** Ignored checks:
    - Global label only appears once in the schematic
    - Four connection points are joined together
    - SPICE model issue
    - Assigned footprint doesn't match footprint filters
