ERC report (2026-07-23T00:52:37, Encoding UTF8)
Report includes: Errors, Warnings

***** Sheet /
[pin_not_connected]: Pin not connected
    ; error
    @(83.82 mm, 106.68 mm): Hierarchical Sheet Pin 'PWR_5V'
[pin_not_connected]: Pin not connected
    ; error
    @(137.16 mm, 52.07 mm): Hierarchical Sheet Pin 'SWO'
[pin_not_connected]: Pin not connected
    ; error
    @(138.43 mm, 137.16 mm): Hierarchical Sheet Pin 'I2C_SCL'
[pin_not_connected]: Pin not connected
    ; error
    @(142.24 mm, 137.16 mm): Hierarchical Sheet Pin 'I2C_SDA'
[pin_not_connected]: Pin not connected
    ; error
    @(143.51 mm, 52.07 mm): Hierarchical Sheet Pin 'BOOT0'
[unconnected_wire_endpoint]: Unconnected wire endpoint
    ; warning
    @(38.10 mm, 118.11 mm): Horizontal Wire, length 5.08 mm
[unconnected_wire_endpoint]: Unconnected wire endpoint
    ; warning
    @(38.10 mm, 120.65 mm): Horizontal Wire, length 5.08 mm
[lib_symbol_mismatch]: Symbol 'Conn_01x06' doesn't match copy in library 'Connector_Generic'
    ; warning
    @(38.10 mm, 123.19 mm): Symbol J6 [Conn_01x06]
[unconnected_wire_endpoint]: Unconnected wire endpoint
    ; warning
    @(38.10 mm, 123.19 mm): Horizontal Wire, length 5.08 mm
[unconnected_wire_endpoint]: Unconnected wire endpoint
    ; warning
    @(38.10 mm, 128.27 mm): Horizontal Wire, length 5.08 mm
[unconnected_wire_endpoint]: Unconnected wire endpoint
    ; warning
    @(38.10 mm, 130.81 mm): Horizontal Wire, length 5.08 mm
[isolated_pin_label]: Label connected to only one pin
    ; warning
    @(63.50 mm, 120.65 mm): Label 'SPI3_SCK'
[isolated_pin_label]: Label connected to only one pin
    ; warning
    @(63.50 mm, 123.19 mm): Label 'SPI3_MOSI'
[isolated_pin_label]: Label connected to only one pin
    ; warning
    @(63.50 mm, 128.27 mm): Label 'SPI3_MISO'
[isolated_pin_label]: Label connected to only one pin
    ; warning
    @(63.50 mm, 130.81 mm): Label 'AMT22_CS_N'
[unconnected_wire_endpoint]: Unconnected wire endpoint
    ; warning
    @(64.77 mm, 120.65 mm): Horizontal Wire, length 48.26 mm
[unconnected_wire_endpoint]: Unconnected wire endpoint
    ; warning
    @(64.77 mm, 123.19 mm): Horizontal Wire, length 48.26 mm
[unconnected_wire_endpoint]: Unconnected wire endpoint
    ; warning
    @(64.77 mm, 128.27 mm): Horizontal Wire, length 48.26 mm
[unconnected_wire_endpoint]: Unconnected wire endpoint
    ; warning
    @(64.77 mm, 130.81 mm): Horizontal Wire, length 48.26 mm
[lib_symbol_mismatch]: Symbol 'Conn_01x06' doesn't match copy in library 'Connector_Generic'
    ; warning
    @(198.12 mm, 66.04 mm): Symbol J7 [Conn_01x06]
[unconnected_wire_endpoint]: Unconnected wire endpoint
    ; warning
    @(118.11 mm, 55.88 mm): Horizontal Wire, length 13.97 mm
[isolated_pin_label]: Label connected to only one pin
    ; warning
    @(113.03 mm, 116.84 mm): Hierarchical Label 'SPI3_SCK'
[isolated_pin_label]: Label connected to only one pin
    ; warning
    @(113.03 mm, 119.38 mm): Hierarchical Label 'SPI3_MISO'
[isolated_pin_label]: Label connected to only one pin
    ; warning
    @(113.03 mm, 121.92 mm): Hierarchical Label 'SPI3_MOSI'
[isolated_pin_label]: Label connected to only one pin
    ; warning
    @(116.84 mm, 86.36 mm): Hierarchical Label 'AMT22_CS_N'
[isolated_pin_label]: Label connected to only one pin
    ; warning
    @(158.75 mm, 106.68 mm): Hierarchical Label 'I2C_SCL'
[isolated_pin_label]: Label connected to only one pin
    ; warning
    @(158.75 mm, 119.38 mm): Hierarchical Label 'SWO'
[isolated_pin_label]: Label connected to only one pin
    ; warning
    @(158.75 mm, 129.54 mm): Hierarchical Label 'I2C_SDA'

***** Sheet /Power Input 3.3V/
[power_pin_not_driven]: Input Power pin not driven by any Output Power pins
    ; error
    @(46.99 mm, 93.98 mm): Symbol #PWR01 Pin 1 [Power input, Line]
[power_pin_not_driven]: Input Power pin not driven by any Output Power pins
    ; error
    @(81.28 mm, 85.09 mm): Symbol U1 Pin 1 [VIN, Power input, Line]
[pin_not_connected]: Pin not connected
    ; error
    @(109.22 mm, 87.63 mm): Symbol U1 Pin 5 [ST, Open collector, Line]

***** Sheet /CAN Interface/
[power_pin_not_driven]: Input Power pin not driven by any Output Power pins
    ; error
    @(85.09 mm, 71.12 mm): Symbol U5 Pin 3 [VCC, Power input, Line]

***** Sheet /G474 Minimum/
[pin_not_connected]: Pin not connected
    ; error
    @(118.11 mm, 91.44 mm): Symbol U4 Pin 8 [PC0, Bidirectional, Line]
[pin_not_connected]: Pin not connected
    ; error
    @(118.11 mm, 93.98 mm): Symbol U4 Pin 9 [PC1, Bidirectional, Line]
[pin_not_connected]: Pin not connected
    ; error
    @(118.11 mm, 96.52 mm): Symbol U4 Pin 10 [PC2, Bidirectional, Line]
[pin_not_connected]: Pin not connected
    ; error
    @(118.11 mm, 99.06 mm): Symbol U4 Pin 11 [PC3, Bidirectional, Line]
[pin_not_connected]: Pin not connected
    ; error
    @(118.11 mm, 101.60 mm): Symbol U4 Pin 22 [PC4, Bidirectional, Line]
[pin_not_connected]: Pin not connected
    ; error
    @(118.11 mm, 104.14 mm): Symbol U4 Pin 23 [PC5, Bidirectional, Line]
[pin_not_connected]: Pin not connected
    ; error
    @(118.11 mm, 114.30 mm): Symbol U4 Pin 41 [PC9, Bidirectional, Line]
[pin_not_connected]: Pin not connected
    ; error
    @(118.11 mm, 124.46 mm): Symbol U4 Pin 2 [PC13, Bidirectional, Line]
[pin_not_connected]: Pin not connected
    ; error
    @(118.11 mm, 127.00 mm): Symbol U4 Pin 3 [PC14, Bidirectional, Line]
[pin_not_connected]: Pin not connected
    ; error
    @(118.11 mm, 129.54 mm): Symbol U4 Pin 4 [PC15, Bidirectional, Line]
[power_pin_not_driven]: Input Power pin not driven by any Output Power pins
    ; error
    @(143.51 mm, 60.96 mm): Symbol U4 Pin 29 [VDDA, Power input, Line]
[pin_not_connected]: Pin not connected
    ; error
    @(153.67 mm, 71.12 mm): Symbol U4 Pin 13 [PA1, Bidirectional, Line]
[pin_not_connected]: Pin not connected
    ; error
    @(153.67 mm, 78.74 mm): Symbol U4 Pin 18 [PA4, Bidirectional, Line]
[pin_not_connected]: Pin not connected
    ; error
    @(153.67 mm, 83.82 mm): Symbol U4 Pin 20 [PA6, Bidirectional, Line]
[pin_not_connected]: Pin not connected
    ; error
    @(153.67 mm, 86.36 mm): Symbol U4 Pin 21 [PA7, Bidirectional, Line]
[pin_not_connected]: Pin not connected
    ; error
    @(153.67 mm, 88.90 mm): Symbol U4 Pin 42 [PA8, Bidirectional, Line]
[pin_not_connected]: Pin not connected
    ; error
    @(153.67 mm, 91.44 mm): Symbol U4 Pin 43 [PA9, Bidirectional, Line]
[pin_not_connected]: Pin not connected
    ; error
    @(153.67 mm, 93.98 mm): Symbol U4 Pin 44 [PA10, Bidirectional, Line]
[pin_not_connected]: Pin not connected
    ; error
    @(153.67 mm, 111.76 mm): Symbol U4 Pin 24 [PB0, Bidirectional, Line]
[pin_not_connected]: Pin not connected
    ; error
    @(153.67 mm, 114.30 mm): Symbol U4 Pin 25 [PB1, Bidirectional, Line]
[pin_not_connected]: Pin not connected
    ; error
    @(153.67 mm, 116.84 mm): Symbol U4 Pin 26 [PB2, Bidirectional, Line]
[pin_not_connected]: Pin not connected
    ; error
    @(153.67 mm, 121.92 mm): Symbol U4 Pin 57 [PB4, Bidirectional, Line]
[pin_not_connected]: Pin not connected
    ; error
    @(153.67 mm, 124.46 mm): Symbol U4 Pin 58 [PB5, Bidirectional, Line]
[pin_not_connected]: Pin not connected
    ; error
    @(153.67 mm, 127.00 mm): Symbol U4 Pin 59 [PB6, Bidirectional, Line]
[pin_not_connected]: Pin not connected
    ; error
    @(153.67 mm, 134.62 mm): Symbol U4 Pin 62 [PB9, Bidirectional, Line]
[pin_not_connected]: Pin not connected
    ; error
    @(153.67 mm, 147.32 mm): Symbol U4 Pin 36 [PB14, Bidirectional, Line]
[pin_not_connected]: Pin not connected
    ; error
    @(153.67 mm, 149.86 mm): Symbol U4 Pin 37 [PB15, Bidirectional, Line]
[multiple_net_names]: Both  and 3.3V are attached to the same items;  will be used in the netlist
    ; warning
    @(194.31 mm, 33.02 mm): Label ''
    @(200.66 mm, 33.02 mm): Hierarchical Label '3.3V'

***** Sheet /CAN Interface1/
[power_pin_not_driven]: Input Power pin not driven by any Output Power pins
    ; error
    @(85.09 mm, 71.12 mm): Symbol U5 Pin 3 [VCC, Power input, Line]

***** Sheet /Power monitoring/

 ** ERC messages: 61  Errors 37  Warnings 24

 ** Ignored checks:
    - Global label only appears once in the schematic
    - Four connection points are joined together
    - SPICE model issue
    - Assigned footprint doesn't match footprint filters
