ERC report (2026-07-23T00:56:29, Encoding UTF8)
Report includes: Errors, Warnings

***** Sheet /
[hier_label_mismatch]: Sheet pin 5V has no matching hierarchical label inside the sheet
    ; error
    @(30.48 mm, 44.45 mm): Hierarchical Sheet Pin '5V'
[hier_label_mismatch]: Sheet pin PWR_5V has no matching hierarchical label inside the sheet
    ; error
    @(83.82 mm, 92.71 mm): Hierarchical Sheet Pin 'PWR_5V'
[hier_label_mismatch]: Sheet pin PWR_5V has no matching hierarchical label inside the sheet
    ; error
    @(83.82 mm, 106.68 mm): Hierarchical Sheet Pin 'PWR_5V'
[hier_label_mismatch]: Sheet pin CAN_RX has no matching hierarchical label inside the sheet
    ; error
    @(104.14 mm, 88.90 mm): Hierarchical Sheet Pin 'CAN_RX'
[hier_label_mismatch]: Sheet pin CAN_TX has no matching hierarchical label inside the sheet
    ; error
    @(104.14 mm, 92.71 mm): Hierarchical Sheet Pin 'CAN_TX'
[hier_label_mismatch]: Sheet pin CAN_RX has no matching hierarchical label inside the sheet
    ; error
    @(104.14 mm, 102.87 mm): Hierarchical Sheet Pin 'CAN_RX'
[hier_label_mismatch]: Sheet pin CAN_TX has no matching hierarchical label inside the sheet
    ; error
    @(104.14 mm, 106.68 mm): Hierarchical Sheet Pin 'CAN_TX'
[hier_label_mismatch]: Sheet pin MOSI has no matching hierarchical label inside the sheet
    ; error
    @(113.03 mm, 123.19 mm): Hierarchical Sheet Pin 'MOSI'
[hier_label_mismatch]: Sheet pin MISO has no matching hierarchical label inside the sheet
    ; error
    @(113.03 mm, 128.27 mm): Hierarchical Sheet Pin 'MISO'
[unconnected_wire_endpoint]: Unconnected wire endpoint
    ; warning
    @(38.10 mm, 118.11 mm): Horizontal Wire, length 5.08 mm
[unconnected_wire_endpoint]: Unconnected wire endpoint
    ; warning
    @(38.10 mm, 120.65 mm): Horizontal Wire, length 5.08 mm
[lib_symbol_mismatch]: Symbol 'Conn_01x06' doesn't match copy in library 'Connector_Generic'
    ; warning
    @(38.10 mm, 123.19 mm): Symbol J6 [Conn_01x06]
[unconnected_wire_endpoint]: Unconnected wire endpoint
    ; warning
    @(38.10 mm, 123.19 mm): Horizontal Wire, length 5.08 mm
[unconnected_wire_endpoint]: Unconnected wire endpoint
    ; warning
    @(38.10 mm, 128.27 mm): Horizontal Wire, length 5.08 mm
[unconnected_wire_endpoint]: Unconnected wire endpoint
    ; warning
    @(38.10 mm, 130.81 mm): Horizontal Wire, length 5.08 mm
[isolated_pin_label]: Label connected to only one pin
    ; warning
    @(63.50 mm, 123.19 mm): Label 'SPI3_MOSI'
[isolated_pin_label]: Label connected to only one pin
    ; warning
    @(63.50 mm, 128.27 mm): Label 'SPI3_MISO'
[unconnected_wire_endpoint]: Unconnected wire endpoint
    ; warning
    @(63.50 mm, 120.65 mm): Horizontal Wire, length 1.27 mm
[unconnected_wire_endpoint]: Unconnected wire endpoint
    ; warning
    @(63.50 mm, 123.19 mm): Horizontal Wire, length 1.27 mm
[unconnected_wire_endpoint]: Unconnected wire endpoint
    ; warning
    @(63.50 mm, 128.27 mm): Horizontal Wire, length 1.27 mm
[unconnected_wire_endpoint]: Unconnected wire endpoint
    ; warning
    @(63.50 mm, 130.81 mm): Horizontal Wire, length 1.27 mm
[lib_symbol_mismatch]: Symbol 'Conn_01x06' doesn't match copy in library 'Connector_Generic'
    ; warning
    @(198.12 mm, 66.04 mm): Symbol J7 [Conn_01x06]
[lib_symbol_mismatch]: Symbol 'BAT54S' doesn't match copy in library 'Diode'
    ; warning
    @(132.08 mm, 55.88 mm): Symbol D7 [BAT54S]
[isolated_pin_label]: Label connected to only one pin
    ; warning
    @(49.53 mm, 66.04 mm): Hierarchical Label 'FDCAN_RX'
[isolated_pin_label]: Label connected to only one pin
    ; warning
    @(49.53 mm, 73.66 mm): Hierarchical Label 'CANFD]_TX'
[isolated_pin_label]: Label connected to only one pin
    ; warning
    @(49.53 mm, 66.04 mm): Hierarchical Label 'FDCAN_RX'
[isolated_pin_label]: Label connected to only one pin
    ; warning
    @(49.53 mm, 73.66 mm): Hierarchical Label 'CANFD]_TX'
[isolated_pin_label]: Label connected to only one pin
    ; warning
    @(113.03 mm, 119.38 mm): Hierarchical Label 'SPI3_MISO'
[isolated_pin_label]: Label connected to only one pin
    ; warning
    @(113.03 mm, 121.92 mm): Hierarchical Label 'SPI3_MOSI'
[isolated_pin_label]: Label connected to only one pin
    ; warning
    @(158.75 mm, 96.52 mm): Hierarchical Label 'FDCAN1_RX'
[isolated_pin_label]: Label connected to only one pin
    ; warning
    @(158.75 mm, 99.06 mm): Hierarchical Label 'FDCAN1_TX'
[isolated_pin_label]: Label connected to only one pin
    ; warning
    @(160.02 mm, 142.24 mm): Hierarchical Label 'FDCAN2_RX'
[isolated_pin_label]: Label connected to only one pin
    ; warning
    @(160.02 mm, 144.78 mm): Hierarchical Label 'FDCAN2_TX'

***** Sheet /Power Input 3.3V/
[power_pin_not_driven]: Input Power pin not driven by any Output Power pins
    ; error
    @(46.99 mm, 93.98 mm): Symbol #PWR01 Pin 1 [Power input, Line]
[power_pin_not_driven]: Input Power pin not driven by any Output Power pins
    ; error
    @(81.28 mm, 85.09 mm): Symbol U1 Pin 1 [VIN, Power input, Line]
[pin_not_connected]: Pin not connected
    ; error
    @(109.22 mm, 87.63 mm): Symbol U1 Pin 5 [ST, Open collector, Line]
[hier_label_mismatch]: Hierarchical label 5.5V has no matching sheet pin in the parent sheet
    ; error
    @(116.84 mm, 77.47 mm): Hierarchical Label '5.5V'

***** Sheet /CAN Interface/
[hier_label_mismatch]: Hierarchical label FDCAN_RX has no matching sheet pin in the parent sheet
    ; error
    @(49.53 mm, 66.04 mm): Hierarchical Label 'FDCAN_RX'
[hier_label_mismatch]: Hierarchical label 5V has no matching sheet pin in the parent sheet
    ; error
    @(49.53 mm, 71.12 mm): Hierarchical Label '5V'
[hier_label_mismatch]: Hierarchical label CANFD]_TX has no matching sheet pin in the parent sheet
    ; error
    @(49.53 mm, 73.66 mm): Hierarchical Label 'CANFD]_TX'
[pin_not_driven]: Input pin not driven by any Output pins
    ; error
    @(85.09 mm, 66.04 mm): Symbol U5 Pin 1 [TXD, Input, Line]
[power_pin_not_driven]: Input Power pin not driven by any Output Power pins
    ; error
    @(85.09 mm, 71.12 mm): Symbol U5 Pin 3 [VCC, Power input, Line]

***** Sheet /G474 Minimum/
[hier_label_mismatch]: Hierarchical label SPI3_MISO has no matching sheet pin in the parent sheet
    ; error
    @(113.03 mm, 119.38 mm): Hierarchical Label 'SPI3_MISO'
[hier_label_mismatch]: Hierarchical label SPI3_MOSI has no matching sheet pin in the parent sheet
    ; error
    @(113.03 mm, 121.92 mm): Hierarchical Label 'SPI3_MOSI'
[pin_not_connected]: Pin not connected
    ; error
    @(118.11 mm, 91.44 mm): Symbol U4 Pin 8 [PC0, Bidirectional, Line]
[pin_not_connected]: Pin not connected
    ; error
    @(118.11 mm, 93.98 mm): Symbol U4 Pin 9 [PC1, Bidirectional, Line]
[pin_not_connected]: Pin not connected
    ; error
    @(118.11 mm, 96.52 mm): Symbol U4 Pin 10 [PC2, Bidirectional, Line]
[pin_not_connected]: Pin not connected
    ; error
    @(118.11 mm, 99.06 mm): Symbol U4 Pin 11 [PC3, Bidirectional, Line]
[pin_not_connected]: Pin not connected
    ; error
    @(118.11 mm, 101.60 mm): Symbol U4 Pin 22 [PC4, Bidirectional, Line]
[pin_not_connected]: Pin not connected
    ; error
    @(118.11 mm, 104.14 mm): Symbol U4 Pin 23 [PC5, Bidirectional, Line]
[pin_not_connected]: Pin not connected
    ; error
    @(118.11 mm, 114.30 mm): Symbol U4 Pin 41 [PC9, Bidirectional, Line]
[pin_not_connected]: Pin not connected
    ; error
    @(118.11 mm, 124.46 mm): Symbol U4 Pin 2 [PC13, Bidirectional, Line]
[pin_not_connected]: Pin not connected
    ; error
    @(118.11 mm, 127.00 mm): Symbol U4 Pin 3 [PC14, Bidirectional, Line]
[pin_not_connected]: Pin not connected
    ; error
    @(118.11 mm, 129.54 mm): Symbol U4 Pin 4 [PC15, Bidirectional, Line]
[power_pin_not_driven]: Input Power pin not driven by any Output Power pins
    ; error
    @(143.51 mm, 60.96 mm): Symbol U4 Pin 29 [VDDA, Power input, Line]
[pin_not_connected]: Pin not connected
    ; error
    @(153.67 mm, 71.12 mm): Symbol U4 Pin 13 [PA1, Bidirectional, Line]
[pin_not_connected]: Pin not connected
    ; error
    @(153.67 mm, 78.74 mm): Symbol U4 Pin 18 [PA4, Bidirectional, Line]
[pin_not_connected]: Pin not connected
    ; error
    @(153.67 mm, 83.82 mm): Symbol U4 Pin 20 [PA6, Bidirectional, Line]
[pin_not_connected]: Pin not connected
    ; error
    @(153.67 mm, 86.36 mm): Symbol U4 Pin 21 [PA7, Bidirectional, Line]
[pin_not_connected]: Pin not connected
    ; error
    @(153.67 mm, 88.90 mm): Symbol U4 Pin 42 [PA8, Bidirectional, Line]
[pin_not_connected]: Pin not connected
    ; error
    @(153.67 mm, 91.44 mm): Symbol U4 Pin 43 [PA9, Bidirectional, Line]
[pin_not_connected]: Pin not connected
    ; error
    @(153.67 mm, 93.98 mm): Symbol U4 Pin 44 [PA10, Bidirectional, Line]
[pin_not_connected]: Pin not connected
    ; error
    @(153.67 mm, 111.76 mm): Symbol U4 Pin 24 [PB0, Bidirectional, Line]
[pin_not_connected]: Pin not connected
    ; error
    @(153.67 mm, 114.30 mm): Symbol U4 Pin 25 [PB1, Bidirectional, Line]
[pin_not_connected]: Pin not connected
    ; error
    @(153.67 mm, 116.84 mm): Symbol U4 Pin 26 [PB2, Bidirectional, Line]
[pin_not_connected]: Pin not connected
    ; error
    @(153.67 mm, 121.92 mm): Symbol U4 Pin 57 [PB4, Bidirectional, Line]
[pin_not_connected]: Pin not connected
    ; error
    @(153.67 mm, 124.46 mm): Symbol U4 Pin 58 [PB5, Bidirectional, Line]
[pin_not_connected]: Pin not connected
    ; error
    @(153.67 mm, 127.00 mm): Symbol U4 Pin 59 [PB6, Bidirectional, Line]
[pin_not_connected]: Pin not connected
    ; error
    @(153.67 mm, 134.62 mm): Symbol U4 Pin 62 [PB9, Bidirectional, Line]
[pin_not_connected]: Pin not connected
    ; error
    @(153.67 mm, 147.32 mm): Symbol U4 Pin 36 [PB14, Bidirectional, Line]
[pin_not_connected]: Pin not connected
    ; error
    @(153.67 mm, 149.86 mm): Symbol U4 Pin 37 [PB15, Bidirectional, Line]
[multiple_net_names]: Both  and 3.3V are attached to the same items;  will be used in the netlist
    ; warning
    @(194.31 mm, 33.02 mm): Label ''
    @(54.61 mm, 30.48 mm): Hierarchical Label '3.3V'

***** Sheet /CAN Interface1/
[hier_label_mismatch]: Hierarchical label FDCAN_RX has no matching sheet pin in the parent sheet
    ; error
    @(49.53 mm, 66.04 mm): Hierarchical Label 'FDCAN_RX'
[hier_label_mismatch]: Hierarchical label 5V has no matching sheet pin in the parent sheet
    ; error
    @(49.53 mm, 71.12 mm): Hierarchical Label '5V'
[hier_label_mismatch]: Hierarchical label CANFD]_TX has no matching sheet pin in the parent sheet
    ; error
    @(49.53 mm, 73.66 mm): Hierarchical Label 'CANFD]_TX'
[pin_not_driven]: Input pin not driven by any Output pins
    ; error
    @(85.09 mm, 66.04 mm): Symbol U5 Pin 1 [TXD, Input, Line]
[power_pin_not_driven]: Input Power pin not driven by any Output Power pins
    ; error
    @(85.09 mm, 71.12 mm): Symbol U5 Pin 3 [VCC, Power input, Line]

***** Sheet /Power monitoring/

 ** ERC messages: 77  Errors 52  Warnings 25

 ** Ignored checks:
    - Global label only appears once in the schematic
    - Four connection points are joined together
    - SPICE model issue
    - Assigned footprint doesn't match footprint filters
