Drill report for unit-board.kicad_pcb
Created on 2026-09-26T16:06:30

Copper Layer Stackup:
    =============================================================
    L1 :  F.Cu                      front
    L2 :  GND Plane                 in1
    L3 :  Power Signal              in2
    L4 :  B.Cu                      back


Drill file 'unit-board-PTH.drl' contains
    plated through holes:
    =============================================================
    T1  0.300mm  0.0118"  (104 holes))
    T2  1.000mm  0.0394"  (3 holes))

    Total plated holes count 107


Drill file 'unit-board-NPTH.drl' contains
    unplated through holes:
    =============================================================
    T1  0.900mm  0.0354"  (2 holes))
    T2  2.700mm  0.1063"  (4 holes))

    Total unplated holes count 6
